2023-08-08T00:24:40.8650095Z Requested labels: ubuntu-latest
2023-08-08T00:24:40.8650649Z Job defined at: seanpm2001/GitHub_Stats_A/.github/workflows/main.yml@refs/heads/master
2023-08-08T00:24:40.8650868Z Waiting for a runner to pick up this job...
2023-08-08T00:24:41.4629659Z Job is waiting for a hosted runner to come online.
2023-08-08T00:24:44.3976086Z Job is about to start running on the hosted runner: GitHub Actions 2 (hosted)
2023-08-08T00:24:46.5706975Z Current runner version: '2.307.1'
2023-08-08T00:24:46.5734859Z ##[group]Operating System
2023-08-08T00:24:46.5735415Z Ubuntu
2023-08-08T00:24:46.5735660Z 22.04.2
2023-08-08T00:24:46.5735965Z LTS
2023-08-08T00:24:46.5736338Z ##[endgroup]
2023-08-08T00:24:46.5736621Z ##[group]Runner Image
2023-08-08T00:24:46.5736987Z Image: ubuntu-22.04
2023-08-08T00:24:46.5737333Z Version: 20230728.3.0
2023-08-08T00:24:46.5737879Z Included Software: https://github.com/actions/runner-images/blob/ubuntu22/20230728.3/images/linux/Ubuntu2204-Readme.md
2023-08-08T00:24:46.5738581Z Image Release: https://github.com/actions/runner-images/releases/tag/ubuntu22%2F20230728.3
2023-08-08T00:24:46.5738993Z ##[endgroup]
2023-08-08T00:24:46.5739347Z ##[group]Runner Image Provisioner
2023-08-08T00:24:46.5739699Z 2.0.264.1
2023-08-08T00:24:46.5739963Z ##[endgroup]
2023-08-08T00:24:46.5740667Z ##[group]GITHUB_TOKEN Permissions
2023-08-08T00:24:46.5741243Z Contents: write
2023-08-08T00:24:46.5741567Z Metadata: read
2023-08-08T00:24:46.5742069Z ##[endgroup]
2023-08-08T00:24:46.5745947Z Secret source: Actions
2023-08-08T00:24:46.5746475Z Prepare workflow directory
2023-08-08T00:24:46.6508893Z Prepare all required actions
2023-08-08T00:24:46.6699372Z Getting action download info
2023-08-08T00:24:46.9179937Z Download action repository 'actions/checkout@v3' (SHA:c85c95e3d7251135ab7dc9ce3241c5835cc595a9)
2023-08-08T00:24:47.2461118Z Download action repository 'actions/setup-python@v4' (SHA:61a6322f88396a6271a6ee3565807d608ecaddd1)
2023-08-08T00:24:47.8499751Z Complete job name: build
2023-08-08T00:24:47.9598342Z ##[group]Run actions/checkout@v3
2023-08-08T00:24:47.9598725Z with:
2023-08-08T00:24:47.9599038Z   repository: seanpm2001/GitHub_Stats_A
2023-08-08T00:24:47.9599664Z   token: ***
2023-08-08T00:24:47.9599900Z   ssh-strict: true
2023-08-08T00:24:47.9600208Z   persist-credentials: true
2023-08-08T00:24:47.9600506Z   clean: true
2023-08-08T00:24:47.9600768Z   sparse-checkout-cone-mode: true
2023-08-08T00:24:47.9601140Z   fetch-depth: 1
2023-08-08T00:24:47.9601429Z   lfs: false
2023-08-08T00:24:47.9601698Z   submodules: false
2023-08-08T00:24:47.9601955Z   set-safe-directory: true
2023-08-08T00:24:47.9602258Z ##[endgroup]
2023-08-08T00:24:48.1842432Z Syncing repository: seanpm2001/GitHub_Stats_A
2023-08-08T00:24:48.1844475Z ##[group]Getting Git version info
2023-08-08T00:24:48.1845096Z Working directory is '/home/runner/work/GitHub_Stats_A/GitHub_Stats_A'
2023-08-08T00:24:48.1845871Z [command]/usr/bin/git version
2023-08-08T00:24:48.1901028Z git version 2.41.0
2023-08-08T00:24:48.1926331Z ##[endgroup]
2023-08-08T00:24:48.1943831Z Temporarily overriding HOME='/home/runner/work/_temp/9d56612c-8676-4ec8-8b1b-160bd0e16c2b' before making global git config changes
2023-08-08T00:24:48.2127514Z Adding repository directory to the temporary git global config as a safe directory
2023-08-08T00:24:48.2185698Z [command]/usr/bin/git config --global --add safe.directory /home/runner/work/GitHub_Stats_A/GitHub_Stats_A
2023-08-08T00:24:48.2186950Z Deleting the contents of '/home/runner/work/GitHub_Stats_A/GitHub_Stats_A'
2023-08-08T00:24:48.2187566Z ##[group]Initializing the repository
2023-08-08T00:24:48.2188018Z [command]/usr/bin/git init /home/runner/work/GitHub_Stats_A/GitHub_Stats_A
2023-08-08T00:24:48.2188555Z hint: Using 'master' as the name for the initial branch. This default branch name
2023-08-08T00:24:48.2189011Z hint: is subject to change. To configure the initial branch name to use in all
2023-08-08T00:24:48.2189474Z hint: of your new repositories, which will suppress this warning, call:
2023-08-08T00:24:48.2189848Z hint: 
2023-08-08T00:24:48.2190310Z hint: 	git config --global init.defaultBranch <name>
2023-08-08T00:24:48.2190643Z hint: 
2023-08-08T00:24:48.2191004Z hint: Names commonly chosen instead of 'master' are 'main', 'trunk' and
2023-08-08T00:24:48.2191456Z hint: 'development'. The just-created branch can be renamed via this command:
2023-08-08T00:24:48.2191732Z hint: 
2023-08-08T00:24:48.2192045Z hint: 	git branch -m <name>
2023-08-08T00:24:48.2192454Z Initialized empty Git repository in /home/runner/work/GitHub_Stats_A/GitHub_Stats_A/.git/
2023-08-08T00:24:48.2193725Z [command]/usr/bin/git remote add origin https://github.com/seanpm2001/GitHub_Stats_A
2023-08-08T00:24:48.2229764Z ##[endgroup]
2023-08-08T00:24:48.2230197Z ##[group]Disabling automatic garbage collection
2023-08-08T00:24:48.2230718Z [command]/usr/bin/git config --local gc.auto 0
2023-08-08T00:24:48.2274896Z ##[endgroup]
2023-08-08T00:24:48.2276764Z ##[group]Setting up auth
2023-08-08T00:24:48.2287256Z [command]/usr/bin/git config --local --name-only --get-regexp core\.sshCommand
2023-08-08T00:24:48.2326917Z [command]/usr/bin/git submodule foreach --recursive sh -c "git config --local --name-only --get-regexp 'core\.sshCommand' && git config --local --unset-all 'core.sshCommand' || :"
2023-08-08T00:24:48.2645433Z [command]/usr/bin/git config --local --name-only --get-regexp http\.https\:\/\/github\.com\/\.extraheader
2023-08-08T00:24:48.2676076Z [command]/usr/bin/git submodule foreach --recursive sh -c "git config --local --name-only --get-regexp 'http\.https\:\/\/github\.com\/\.extraheader' && git config --local --unset-all 'http.https://github.com/.extraheader' || :"
2023-08-08T00:24:48.2890812Z [command]/usr/bin/git config --local http.https://github.com/.extraheader AUTHORIZATION: basic ***
2023-08-08T00:24:48.2927025Z ##[endgroup]
2023-08-08T00:24:48.2927716Z ##[group]Fetching the repository
2023-08-08T00:24:48.2937453Z [command]/usr/bin/git -c protocol.version=2 fetch --no-tags --prune --progress --no-recurse-submodules --depth=1 origin +3b3bf0276c18c57eafa3b6cd0b6ac715225c2072:refs/remotes/origin/master
2023-08-08T00:24:48.5271045Z remote: Enumerating objects: 7189, done.        
2023-08-08T00:24:48.5335617Z remote: Counting objects:   0% (1/7189)        
2023-08-08T00:24:48.5335971Z remote: Counting objects:   1% (72/7189)        
2023-08-08T00:24:48.5336259Z remote: Counting objects:   2% (144/7189)        
2023-08-08T00:24:48.5336534Z remote: Counting objects:   3% (216/7189)        
2023-08-08T00:24:48.5336818Z remote: Counting objects:   4% (288/7189)        
2023-08-08T00:24:48.5337081Z remote: Counting objects:   5% (360/7189)        
2023-08-08T00:24:48.5337327Z remote: Counting objects:   6% (432/7189)        
2023-08-08T00:24:48.5337577Z remote: Counting objects:   7% (504/7189)        
2023-08-08T00:24:48.5337830Z remote: Counting objects:   8% (576/7189)        
2023-08-08T00:24:48.5338075Z remote: Counting objects:   9% (648/7189)        
2023-08-08T00:24:48.5338340Z remote: Counting objects:  10% (719/7189)        
2023-08-08T00:24:48.5338593Z remote: Counting objects:  11% (791/7189)        
2023-08-08T00:24:48.5338834Z remote: Counting objects:  12% (863/7189)        
2023-08-08T00:24:48.5339085Z remote: Counting objects:  13% (935/7189)        
2023-08-08T00:24:48.5339347Z remote: Counting objects:  14% (1007/7189)        
2023-08-08T00:24:48.5339618Z remote: Counting objects:  15% (1079/7189)        
2023-08-08T00:24:48.5339884Z remote: Counting objects:  16% (1151/7189)        
2023-08-08T00:24:48.5340144Z remote: Counting objects:  17% (1223/7189)        
2023-08-08T00:24:48.5340413Z remote: Counting objects:  18% (1295/7189)        
2023-08-08T00:24:48.5340678Z remote: Counting objects:  19% (1366/7189)        
2023-08-08T00:24:48.5340930Z remote: Counting objects:  20% (1438/7189)        
2023-08-08T00:24:48.5341175Z remote: Counting objects:  21% (1510/7189)        
2023-08-08T00:24:48.5341431Z remote: Counting objects:  22% (1582/7189)        
2023-08-08T00:24:48.5341756Z remote: Counting objects:  23% (1654/7189)        
2023-08-08T00:24:48.5342016Z remote: Counting objects:  24% (1726/7189)        
2023-08-08T00:24:48.5342265Z remote: Counting objects:  25% (1798/7189)        
2023-08-08T00:24:48.5342521Z remote: Counting objects:  26% (1870/7189)        
2023-08-08T00:24:48.5342776Z remote: Counting objects:  27% (1942/7189)        
2023-08-08T00:24:48.5343033Z remote: Counting objects:  28% (2013/7189)        
2023-08-08T00:24:48.5343282Z remote: Counting objects:  29% (2085/7189)        
2023-08-08T00:24:48.5343885Z remote: Counting objects:  30% (2157/7189)        
2023-08-08T00:24:48.5344147Z remote: Counting objects:  31% (2229/7189)        
2023-08-08T00:24:48.5344403Z remote: Counting objects:  32% (2301/7189)        
2023-08-08T00:24:48.5344647Z remote: Counting objects:  33% (2373/7189)        
2023-08-08T00:24:48.5344901Z remote: Counting objects:  34% (2445/7189)        
2023-08-08T00:24:48.5345158Z remote: Counting objects:  35% (2517/7189)        
2023-08-08T00:24:48.5345416Z remote: Counting objects:  36% (2589/7189)        
2023-08-08T00:24:48.5345661Z remote: Counting objects:  37% (2660/7189)        
2023-08-08T00:24:48.5345918Z remote: Counting objects:  38% (2732/7189)        
2023-08-08T00:24:48.5346175Z remote: Counting objects:  39% (2804/7189)        
2023-08-08T00:24:48.5346427Z remote: Counting objects:  40% (2876/7189)        
2023-08-08T00:24:48.5346669Z remote: Counting objects:  41% (2948/7189)        
2023-08-08T00:24:48.5346922Z remote: Counting objects:  42% (3020/7189)        
2023-08-08T00:24:48.5347186Z remote: Counting objects:  43% (3092/7189)        
2023-08-08T00:24:48.5347447Z remote: Counting objects:  44% (3164/7189)        
2023-08-08T00:24:48.5347697Z remote: Counting objects:  45% (3236/7189)        
2023-08-08T00:24:48.5347942Z remote: Counting objects:  46% (3307/7189)        
2023-08-08T00:24:48.5348195Z remote: Counting objects:  47% (3379/7189)        
2023-08-08T00:24:48.5348445Z remote: Counting objects:  48% (3451/7189)        
2023-08-08T00:24:48.5348802Z remote: Counting objects:  49% (3523/7189)        
2023-08-08T00:24:48.5349050Z remote: Counting objects:  50% (3595/7189)        
2023-08-08T00:24:48.5349304Z remote: Counting objects:  51% (3667/7189)        
2023-08-08T00:24:48.5349558Z remote: Counting objects:  52% (3739/7189)        
2023-08-08T00:24:48.5349810Z remote: Counting objects:  53% (3811/7189)        
2023-08-08T00:24:48.5350048Z remote: Counting objects:  54% (3883/7189)        
2023-08-08T00:24:48.5350299Z remote: Counting objects:  55% (3954/7189)        
2023-08-08T00:24:48.5350556Z remote: Counting objects:  56% (4026/7189)        
2023-08-08T00:24:48.5351096Z remote: Counting objects:  57% (4098/7189)        
2023-08-08T00:24:48.5352513Z remote: Counting objects:  58% (4170/7189)        
2023-08-08T00:24:48.5352994Z remote: Counting objects:  59% (4242/7189)        
2023-08-08T00:24:48.5353985Z remote: Counting objects:  60% (4314/7189)        
2023-08-08T00:24:48.5354330Z remote: Counting objects:  61% (4386/7189)        
2023-08-08T00:24:48.5354848Z remote: Counting objects:  62% (4458/7189)        
2023-08-08T00:24:48.5355558Z remote: Counting objects:  63% (4530/7189)        
2023-08-08T00:24:48.5356251Z remote: Counting objects:  64% (4601/7189)        
2023-08-08T00:24:48.5356871Z remote: Counting objects:  65% (4673/7189)        
2023-08-08T00:24:48.5357537Z remote: Counting objects:  66% (4745/7189)        
2023-08-08T00:24:48.5358229Z remote: Counting objects:  67% (4817/7189)        
2023-08-08T00:24:48.5358884Z remote: Counting objects:  68% (4889/7189)        
2023-08-08T00:24:48.5359492Z remote: Counting objects:  69% (4961/7189)        
2023-08-08T00:24:48.5360253Z remote: Counting objects:  70% (5033/7189)        
2023-08-08T00:24:48.5360870Z remote: Counting objects:  71% (5105/7189)        
2023-08-08T00:24:48.5361476Z remote: Counting objects:  72% (5177/7189)        
2023-08-08T00:24:48.5362183Z remote: Counting objects:  73% (5248/7189)        
2023-08-08T00:24:48.5362851Z remote: Counting objects:  74% (5320/7189)        
2023-08-08T00:24:48.5363541Z remote: Counting objects:  75% (5392/7189)        
2023-08-08T00:24:48.5364154Z remote: Counting objects:  76% (5464/7189)        
2023-08-08T00:24:48.5364815Z remote: Counting objects:  77% (5536/7189)        
2023-08-08T00:24:48.5365419Z remote: Counting objects:  78% (5608/7189)        
2023-08-08T00:24:48.5366094Z remote: Counting objects:  79% (5680/7189)        
2023-08-08T00:24:48.5366815Z remote: Counting objects:  80% (5752/7189)        
2023-08-08T00:24:48.5367475Z remote: Counting objects:  81% (5824/7189)        
2023-08-08T00:24:48.5368133Z remote: Counting objects:  82% (5895/7189)        
2023-08-08T00:24:48.5368804Z remote: Counting objects:  83% (5967/7189)        
2023-08-08T00:24:48.5369528Z remote: Counting objects:  84% (6039/7189)        
2023-08-08T00:24:48.5370201Z remote: Counting objects:  85% (6111/7189)        
2023-08-08T00:24:48.5370781Z remote: Counting objects:  86% (6183/7189)        
2023-08-08T00:24:48.5371404Z remote: Counting objects:  87% (6255/7189)        
2023-08-08T00:24:48.5372014Z remote: Counting objects:  88% (6327/7189)        
2023-08-08T00:24:48.5372733Z remote: Counting objects:  89% (6399/7189)        
2023-08-08T00:24:48.5373488Z remote: Counting objects:  90% (6471/7189)        
2023-08-08T00:24:48.5374202Z remote: Counting objects:  91% (6542/7189)        
2023-08-08T00:24:48.5374724Z remote: Counting objects:  92% (6614/7189)        
2023-08-08T00:24:48.5375387Z remote: Counting objects:  93% (6686/7189)        
2023-08-08T00:24:48.5376039Z remote: Counting objects:  94% (6758/7189)        
2023-08-08T00:24:48.5376820Z remote: Counting objects:  95% (6830/7189)        
2023-08-08T00:24:48.5377475Z remote: Counting objects:  96% (6902/7189)        
2023-08-08T00:24:48.5378139Z remote: Counting objects:  97% (6974/7189)        
2023-08-08T00:24:48.5378750Z remote: Counting objects:  98% (7046/7189)        
2023-08-08T00:24:48.5379396Z remote: Counting objects:  99% (7118/7189)        
2023-08-08T00:24:48.5380284Z remote: Counting objects: 100% (7189/7189)        
2023-08-08T00:24:48.5380658Z remote: Counting objects: 100% (7189/7189), done.        
2023-08-08T00:24:48.5575219Z remote: Compressing objects:   0% (1/2689)        
2023-08-08T00:24:48.5768398Z remote: Compressing objects:   1% (27/2689)        
2023-08-08T00:24:48.5778005Z remote: Compressing objects:   2% (54/2689)        
2023-08-08T00:24:48.5778658Z remote: Compressing objects:   3% (81/2689)        
2023-08-08T00:24:48.5778976Z remote: Compressing objects:   4% (108/2689)        
2023-08-08T00:24:48.5779663Z remote: Compressing objects:   5% (135/2689)        
2023-08-08T00:24:48.5780271Z remote: Compressing objects:   6% (162/2689)        
2023-08-08T00:24:48.5780547Z remote: Compressing objects:   7% (189/2689)        
2023-08-08T00:24:48.5780799Z remote: Compressing objects:   8% (216/2689)        
2023-08-08T00:24:48.5781420Z remote: Compressing objects:   9% (243/2689)        
2023-08-08T00:24:48.5782024Z remote: Compressing objects:  10% (269/2689)        
2023-08-08T00:24:48.5782305Z remote: Compressing objects:  11% (296/2689)        
2023-08-08T00:24:48.5782564Z remote: Compressing objects:  12% (323/2689)        
2023-08-08T00:24:48.5782826Z remote: Compressing objects:  13% (350/2689)        
2023-08-08T00:24:48.5783201Z remote: Compressing objects:  14% (377/2689)        
2023-08-08T00:24:48.5857563Z remote: Compressing objects:  15% (404/2689)        
2023-08-08T00:24:48.5876650Z remote: Compressing objects:  16% (431/2689)        
2023-08-08T00:24:48.5879943Z remote: Compressing objects:  17% (458/2689)        
2023-08-08T00:24:48.5880353Z remote: Compressing objects:  18% (485/2689)        
2023-08-08T00:24:48.5881101Z remote: Compressing objects:  19% (511/2689)        
2023-08-08T00:24:48.5881754Z remote: Compressing objects:  20% (538/2689)        
2023-08-08T00:24:48.5882323Z remote: Compressing objects:  21% (565/2689)        
2023-08-08T00:24:48.5883057Z remote: Compressing objects:  22% (592/2689)        
2023-08-08T00:24:48.5883435Z remote: Compressing objects:  23% (619/2689)        
2023-08-08T00:24:48.5883704Z remote: Compressing objects:  24% (646/2689)        
2023-08-08T00:24:48.5883976Z remote: Compressing objects:  25% (673/2689)        
2023-08-08T00:24:48.5884230Z remote: Compressing objects:  26% (700/2689)        
2023-08-08T00:24:48.5884567Z remote: Compressing objects:  27% (727/2689)        
2023-08-08T00:24:48.5885220Z remote: Compressing objects:  28% (753/2689)        
2023-08-08T00:24:48.5885954Z remote: Compressing objects:  29% (780/2689)        
2023-08-08T00:24:48.5886557Z remote: Compressing objects:  30% (807/2689)        
2023-08-08T00:24:48.5887215Z remote: Compressing objects:  31% (834/2689)        
2023-08-08T00:24:48.5887962Z remote: Compressing objects:  32% (861/2689)        
2023-08-08T00:24:48.5888536Z remote: Compressing objects:  33% (888/2689)        
2023-08-08T00:24:48.5889189Z remote: Compressing objects:  34% (915/2689)        
2023-08-08T00:24:48.5889950Z remote: Compressing objects:  35% (942/2689)        
2023-08-08T00:24:48.6023759Z remote: Compressing objects:  36% (969/2689)        
2023-08-08T00:24:48.6069427Z remote: Compressing objects:  37% (995/2689)        
2023-08-08T00:24:48.6232642Z remote: Compressing objects:  38% (1022/2689)        
2023-08-08T00:24:48.6352241Z remote: Compressing objects:  39% (1049/2689)        
2023-08-08T00:24:48.6352698Z remote: Compressing objects:  40% (1076/2689)        
2023-08-08T00:24:48.6365375Z remote: Compressing objects:  41% (1103/2689)        
2023-08-08T00:24:48.6651311Z remote: Compressing objects:  42% (1130/2689)        
2023-08-08T00:24:48.6667769Z remote: Compressing objects:  43% (1157/2689)        
2023-08-08T00:24:48.6668256Z remote: Compressing objects:  44% (1184/2689)        
2023-08-08T00:24:48.6719978Z remote: Compressing objects:  45% (1211/2689)        
2023-08-08T00:24:48.6743184Z remote: Compressing objects:  46% (1237/2689)        
2023-08-08T00:24:48.6747771Z remote: Compressing objects:  47% (1264/2689)        
2023-08-08T00:24:48.6748341Z remote: Compressing objects:  48% (1291/2689)        
2023-08-08T00:24:48.6748613Z remote: Compressing objects:  49% (1318/2689)        
2023-08-08T00:24:48.6751449Z remote: Compressing objects:  50% (1345/2689)        
2023-08-08T00:24:48.6753086Z remote: Compressing objects:  51% (1372/2689)        
2023-08-08T00:24:48.6753396Z remote: Compressing objects:  52% (1399/2689)        
2023-08-08T00:24:48.6753658Z remote: Compressing objects:  53% (1426/2689)        
2023-08-08T00:24:48.6754054Z remote: Compressing objects:  54% (1453/2689)        
2023-08-08T00:24:48.6754445Z remote: Compressing objects:  55% (1479/2689)        
2023-08-08T00:24:48.6754789Z remote: Compressing objects:  56% (1506/2689)        
2023-08-08T00:24:48.6755044Z remote: Compressing objects:  57% (1533/2689)        
2023-08-08T00:24:48.6756370Z remote: Compressing objects:  58% (1560/2689)        
2023-08-08T00:24:48.6756751Z remote: Compressing objects:  59% (1587/2689)        
2023-08-08T00:24:48.6757023Z remote: Compressing objects:  60% (1614/2689)        
2023-08-08T00:24:48.6758054Z remote: Compressing objects:  61% (1641/2689)        
2023-08-08T00:24:48.6771376Z remote: Compressing objects:  62% (1668/2689)        
2023-08-08T00:24:48.6780408Z remote: Compressing objects:  63% (1695/2689)        
2023-08-08T00:24:48.6781073Z remote: Compressing objects:  64% (1721/2689)        
2023-08-08T00:24:48.6781373Z remote: Compressing objects:  65% (1748/2689)        
2023-08-08T00:24:48.6781657Z remote: Compressing objects:  66% (1775/2689)        
2023-08-08T00:24:48.6781928Z remote: Compressing objects:  67% (1802/2689)        
2023-08-08T00:24:48.6782203Z remote: Compressing objects:  68% (1829/2689)        
2023-08-08T00:24:48.6782464Z remote: Compressing objects:  69% (1856/2689)        
2023-08-08T00:24:48.6782727Z remote: Compressing objects:  70% (1883/2689)        
2023-08-08T00:24:48.6782976Z remote: Compressing objects:  71% (1910/2689)        
2023-08-08T00:24:48.6783254Z remote: Compressing objects:  72% (1937/2689)        
2023-08-08T00:24:48.6783535Z remote: Compressing objects:  73% (1963/2689)        
2023-08-08T00:24:48.6784157Z remote: Compressing objects:  74% (1990/2689)        
2023-08-08T00:24:48.6784422Z remote: Compressing objects:  75% (2017/2689)        
2023-08-08T00:24:48.6784993Z remote: Compressing objects:  76% (2044/2689)        
2023-08-08T00:24:48.6785260Z remote: Compressing objects:  77% (2071/2689)        
2023-08-08T00:24:48.6785602Z remote: Compressing objects:  78% (2098/2689)        
2023-08-08T00:24:48.6789616Z remote: Compressing objects:  79% (2125/2689)        
2023-08-08T00:24:48.6789906Z remote: Compressing objects:  80% (2152/2689)        
2023-08-08T00:24:48.6790170Z remote: Compressing objects:  81% (2179/2689)        
2023-08-08T00:24:48.6790865Z remote: Compressing objects:  82% (2205/2689)        
2023-08-08T00:24:48.6791133Z remote: Compressing objects:  83% (2232/2689)        
2023-08-08T00:24:48.6791381Z remote: Compressing objects:  84% (2259/2689)        
2023-08-08T00:24:48.6791785Z remote: Compressing objects:  85% (2286/2689)        
2023-08-08T00:24:48.6798013Z remote: Compressing objects:  86% (2313/2689)        
2023-08-08T00:24:48.6798480Z remote: Compressing objects:  87% (2340/2689)        
2023-08-08T00:24:48.6800363Z remote: Compressing objects:  88% (2367/2689)        
2023-08-08T00:24:48.6800662Z remote: Compressing objects:  89% (2394/2689)        
2023-08-08T00:24:48.6801298Z remote: Compressing objects:  90% (2421/2689)        
2023-08-08T00:24:48.6801582Z remote: Compressing objects:  91% (2447/2689)        
2023-08-08T00:24:48.6801846Z remote: Compressing objects:  92% (2474/2689)        
2023-08-08T00:24:48.6802950Z remote: Compressing objects:  93% (2501/2689)        
2023-08-08T00:24:48.6803228Z remote: Compressing objects:  94% (2528/2689)        
2023-08-08T00:24:48.6803492Z remote: Compressing objects:  95% (2555/2689)        
2023-08-08T00:24:48.6804244Z remote: Compressing objects:  96% (2582/2689)        
2023-08-08T00:24:48.6804717Z remote: Compressing objects:  97% (2609/2689)        
2023-08-08T00:24:48.6805360Z remote: Compressing objects:  98% (2636/2689)        
2023-08-08T00:24:48.6805629Z remote: Compressing objects:  99% (2663/2689)        
2023-08-08T00:24:48.6805892Z remote: Compressing objects: 100% (2689/2689)        
2023-08-08T00:24:48.6806176Z remote: Compressing objects: 100% (2689/2689), done.        
2023-08-08T00:24:48.7014753Z Receiving objects:   0% (1/7189)
2023-08-08T00:24:48.7069876Z Receiving objects:   1% (72/7189)
2023-08-08T00:24:48.7166656Z Receiving objects:   2% (144/7189)
2023-08-08T00:24:48.7255611Z Receiving objects:   3% (216/7189)
2023-08-08T00:24:48.7330186Z Receiving objects:   4% (288/7189)
2023-08-08T00:24:48.7385662Z Receiving objects:   5% (360/7189)
2023-08-08T00:24:48.7449286Z Receiving objects:   6% (432/7189)
2023-08-08T00:24:48.7498144Z Receiving objects:   7% (504/7189)
2023-08-08T00:24:48.7549746Z Receiving objects:   8% (576/7189)
2023-08-08T00:24:48.7564802Z Receiving objects:   9% (648/7189)
2023-08-08T00:24:48.7611575Z Receiving objects:  10% (719/7189)
2023-08-08T00:24:48.7684197Z Receiving objects:  11% (791/7189)
2023-08-08T00:24:48.7686497Z Receiving objects:  12% (863/7189)
2023-08-08T00:24:48.7688616Z Receiving objects:  13% (935/7189)
2023-08-08T00:24:48.7690298Z Receiving objects:  14% (1007/7189)
2023-08-08T00:24:48.7781183Z Receiving objects:  15% (1079/7189)
2023-08-08T00:24:48.7952098Z Receiving objects:  16% (1151/7189)
2023-08-08T00:24:48.8118377Z Receiving objects:  17% (1223/7189)
2023-08-08T00:24:48.8250962Z Receiving objects:  18% (1295/7189)
2023-08-08T00:24:48.8403993Z Receiving objects:  19% (1366/7189)
2023-08-08T00:24:48.8514475Z Receiving objects:  20% (1438/7189)
2023-08-08T00:24:48.8595035Z Receiving objects:  21% (1510/7189)
2023-08-08T00:24:48.8686769Z Receiving objects:  22% (1582/7189)
2023-08-08T00:24:48.8768347Z Receiving objects:  23% (1654/7189)
2023-08-08T00:24:48.8889598Z Receiving objects:  24% (1726/7189)
2023-08-08T00:24:48.8957098Z Receiving objects:  25% (1798/7189)
2023-08-08T00:24:48.9066167Z Receiving objects:  26% (1870/7189)
2023-08-08T00:24:48.9172024Z Receiving objects:  27% (1942/7189)
2023-08-08T00:24:48.9271108Z Receiving objects:  28% (2013/7189)
2023-08-08T00:24:48.9402477Z Receiving objects:  29% (2085/7189)
2023-08-08T00:24:48.9509392Z Receiving objects:  30% (2157/7189)
2023-08-08T00:24:48.9612692Z Receiving objects:  31% (2229/7189)
2023-08-08T00:24:48.9735679Z Receiving objects:  32% (2301/7189)
2023-08-08T00:24:48.9835352Z Receiving objects:  33% (2373/7189)
2023-08-08T00:24:48.9906698Z Receiving objects:  34% (2445/7189)
2023-08-08T00:24:49.0041013Z Receiving objects:  35% (2517/7189)
2023-08-08T00:24:49.0144026Z Receiving objects:  36% (2589/7189)
2023-08-08T00:24:49.0201435Z Receiving objects:  37% (2660/7189)
2023-08-08T00:24:49.0292324Z Receiving objects:  38% (2732/7189)
2023-08-08T00:24:49.0445566Z Receiving objects:  39% (2804/7189)
2023-08-08T00:24:49.0561966Z Receiving objects:  40% (2876/7189)
2023-08-08T00:24:49.0698976Z Receiving objects:  41% (2948/7189)
2023-08-08T00:24:49.0803959Z Receiving objects:  42% (3020/7189)
2023-08-08T00:24:49.0848276Z Receiving objects:  43% (3092/7189)
2023-08-08T00:24:49.0896599Z Receiving objects:  44% (3164/7189)
2023-08-08T00:24:49.0947284Z Receiving objects:  45% (3236/7189)
2023-08-08T00:24:49.0990918Z Receiving objects:  46% (3307/7189)
2023-08-08T00:24:49.1040399Z Receiving objects:  47% (3379/7189)
2023-08-08T00:24:49.1089241Z Receiving objects:  48% (3451/7189)
2023-08-08T00:24:49.1137323Z Receiving objects:  49% (3523/7189)
2023-08-08T00:24:49.1189098Z Receiving objects:  50% (3595/7189)
2023-08-08T00:24:49.1328491Z Receiving objects:  51% (3667/7189)
2023-08-08T00:24:49.1493609Z Receiving objects:  52% (3739/7189)
2023-08-08T00:24:49.1674838Z Receiving objects:  53% (3811/7189)
2023-08-08T00:24:49.1809152Z Receiving objects:  54% (3883/7189)
2023-08-08T00:24:49.1948627Z Receiving objects:  55% (3954/7189)
2023-08-08T00:24:49.2039502Z Receiving objects:  56% (4026/7189), 14.25 MiB | 28.48 MiB/s
2023-08-08T00:24:49.2200399Z Receiving objects:  57% (4098/7189), 14.25 MiB | 28.48 MiB/s
2023-08-08T00:24:49.2270592Z Receiving objects:  58% (4170/7189), 14.25 MiB | 28.48 MiB/s
2023-08-08T00:24:49.2385655Z Receiving objects:  59% (4242/7189), 14.25 MiB | 28.48 MiB/s
2023-08-08T00:24:49.2499300Z Receiving objects:  60% (4314/7189), 14.25 MiB | 28.48 MiB/s
2023-08-08T00:24:49.2650491Z Receiving objects:  61% (4386/7189), 14.25 MiB | 28.48 MiB/s
2023-08-08T00:24:49.2767182Z Receiving objects:  62% (4458/7189), 14.25 MiB | 28.48 MiB/s
2023-08-08T00:24:49.2900042Z Receiving objects:  63% (4530/7189), 14.25 MiB | 28.48 MiB/s
2023-08-08T00:24:49.2977876Z Receiving objects:  64% (4601/7189), 14.25 MiB | 28.48 MiB/s
2023-08-08T00:24:49.3049594Z Receiving objects:  65% (4673/7189), 14.25 MiB | 28.48 MiB/s
2023-08-08T00:24:49.3245308Z Receiving objects:  66% (4745/7189), 14.25 MiB | 28.48 MiB/s
2023-08-08T00:24:49.3350520Z Receiving objects:  67% (4817/7189), 14.25 MiB | 28.48 MiB/s
2023-08-08T00:24:49.3532896Z Receiving objects:  68% (4889/7189), 14.25 MiB | 28.48 MiB/s
2023-08-08T00:24:49.3645367Z Receiving objects:  69% (4961/7189), 14.25 MiB | 28.48 MiB/s
2023-08-08T00:24:49.3808162Z Receiving objects:  70% (5033/7189), 14.25 MiB | 28.48 MiB/s
2023-08-08T00:24:49.3951800Z Receiving objects:  71% (5105/7189), 14.25 MiB | 28.48 MiB/s
2023-08-08T00:24:49.4095168Z Receiving objects:  72% (5177/7189), 14.25 MiB | 28.48 MiB/s
2023-08-08T00:24:49.4212376Z Receiving objects:  73% (5248/7189), 14.25 MiB | 28.48 MiB/s
2023-08-08T00:24:49.4376636Z Receiving objects:  74% (5320/7189), 14.25 MiB | 28.48 MiB/s
2023-08-08T00:24:49.4471862Z Receiving objects:  75% (5392/7189), 14.25 MiB | 28.48 MiB/s
2023-08-08T00:24:49.4652605Z Receiving objects:  76% (5464/7189), 14.25 MiB | 28.48 MiB/s
2023-08-08T00:24:49.4797427Z Receiving objects:  77% (5536/7189), 14.25 MiB | 28.48 MiB/s
2023-08-08T00:24:49.4979186Z Receiving objects:  78% (5608/7189), 14.25 MiB | 28.48 MiB/s
2023-08-08T00:24:49.5172191Z Receiving objects:  79% (5680/7189), 14.25 MiB | 28.48 MiB/s
2023-08-08T00:24:49.5296809Z Receiving objects:  80% (5752/7189), 14.25 MiB | 28.48 MiB/s
2023-08-08T00:24:49.5384202Z Receiving objects:  81% (5824/7189), 14.25 MiB | 28.48 MiB/s
2023-08-08T00:24:49.5491245Z Receiving objects:  82% (5895/7189), 14.25 MiB | 28.48 MiB/s
2023-08-08T00:24:49.5627702Z Receiving objects:  83% (5967/7189), 14.25 MiB | 28.48 MiB/s
2023-08-08T00:24:49.5733828Z Receiving objects:  84% (6039/7189), 14.25 MiB | 28.48 MiB/s
2023-08-08T00:24:49.5856865Z Receiving objects:  85% (6111/7189), 14.25 MiB | 28.48 MiB/s
2023-08-08T00:24:49.6033320Z Receiving objects:  86% (6183/7189), 14.25 MiB | 28.48 MiB/s
2023-08-08T00:24:49.6157080Z Receiving objects:  87% (6255/7189), 14.25 MiB | 28.48 MiB/s
2023-08-08T00:24:49.6173015Z Receiving objects:  88% (6327/7189), 14.25 MiB | 28.48 MiB/s
2023-08-08T00:24:49.6213238Z Receiving objects:  89% (6399/7189), 14.25 MiB | 28.48 MiB/s
2023-08-08T00:24:49.6218230Z Receiving objects:  90% (6471/7189), 14.25 MiB | 28.48 MiB/s
2023-08-08T00:24:49.6221391Z Receiving objects:  91% (6542/7189), 14.25 MiB | 28.48 MiB/s
2023-08-08T00:24:49.6227127Z Receiving objects:  92% (6614/7189), 14.25 MiB | 28.48 MiB/s
2023-08-08T00:24:49.6242323Z Receiving objects:  93% (6686/7189), 14.25 MiB | 28.48 MiB/s
2023-08-08T00:24:49.6345695Z Receiving objects:  94% (6758/7189), 14.25 MiB | 28.48 MiB/s
2023-08-08T00:24:49.6460630Z Receiving objects:  95% (6830/7189), 14.25 MiB | 28.48 MiB/s
2023-08-08T00:24:49.6739833Z Receiving objects:  96% (6902/7189), 14.25 MiB | 28.48 MiB/s
2023-08-08T00:24:49.6748269Z Receiving objects:  97% (6974/7189), 14.25 MiB | 28.48 MiB/s
2023-08-08T00:24:49.6846682Z Receiving objects:  98% (7046/7189), 14.25 MiB | 28.48 MiB/s
2023-08-08T00:24:49.6900341Z Receiving objects:  98% (7106/7189), 31.77 MiB | 31.77 MiB/s
2023-08-08T00:24:49.7162790Z Receiving objects:  99% (7118/7189), 31.77 MiB | 31.77 MiB/s
2023-08-08T00:24:49.7163952Z remote: Total 7189 (delta 4164), reused 6945 (delta 4105), pack-reused 0        
2023-08-08T00:24:49.7176705Z Receiving objects: 100% (7189/7189), 31.77 MiB | 31.77 MiB/s
2023-08-08T00:24:49.7177230Z Receiving objects: 100% (7189/7189), 32.92 MiB | 31.89 MiB/s, done.
2023-08-08T00:24:49.7236695Z Resolving deltas:   0% (0/4164)
2023-08-08T00:24:49.7351614Z Resolving deltas:   1% (42/4164)
2023-08-08T00:24:49.7470141Z Resolving deltas:   2% (84/4164)
2023-08-08T00:24:49.7583743Z Resolving deltas:   3% (125/4164)
2023-08-08T00:24:49.7672512Z Resolving deltas:   4% (167/4164)
2023-08-08T00:24:49.7714167Z Resolving deltas:   5% (209/4164)
2023-08-08T00:24:49.7782898Z Resolving deltas:   6% (250/4164)
2023-08-08T00:24:49.7789908Z Resolving deltas:   7% (292/4164)
2023-08-08T00:24:49.7796341Z Resolving deltas:   8% (334/4164)
2023-08-08T00:24:49.7802732Z Resolving deltas:   9% (375/4164)
2023-08-08T00:24:49.7809079Z Resolving deltas:  10% (417/4164)
2023-08-08T00:24:49.7815045Z Resolving deltas:  11% (459/4164)
2023-08-08T00:24:49.7820724Z Resolving deltas:  12% (500/4164)
2023-08-08T00:24:49.7823497Z Resolving deltas:  13% (542/4164)
2023-08-08T00:24:49.7854634Z Resolving deltas:  14% (583/4164)
2023-08-08T00:24:49.7935959Z Resolving deltas:  15% (625/4164)
2023-08-08T00:24:49.8080628Z Resolving deltas:  16% (667/4164)
2023-08-08T00:24:49.8290455Z Resolving deltas:  17% (708/4164)
2023-08-08T00:24:49.8494493Z Resolving deltas:  18% (750/4164)
2023-08-08T00:24:49.8584044Z Resolving deltas:  19% (792/4164)
2023-08-08T00:24:49.8833933Z Resolving deltas:  20% (833/4164)
2023-08-08T00:24:49.9109283Z Resolving deltas:  21% (875/4164)
2023-08-08T00:24:49.9500942Z Resolving deltas:  22% (917/4164)
2023-08-08T00:24:49.9725220Z Resolving deltas:  23% (958/4164)
2023-08-08T00:24:49.9954053Z Resolving deltas:  24% (1000/4164)
2023-08-08T00:24:50.0281144Z Resolving deltas:  25% (1041/4164)
2023-08-08T00:24:50.0306677Z Resolving deltas:  26% (1083/4164)
2023-08-08T00:24:50.0324741Z Resolving deltas:  27% (1125/4164)
2023-08-08T00:24:50.0597307Z Resolving deltas:  28% (1166/4164)
2023-08-08T00:24:50.0600233Z Resolving deltas:  29% (1208/4164)
2023-08-08T00:24:50.0612957Z Resolving deltas:  30% (1250/4164)
2023-08-08T00:24:50.0620831Z Resolving deltas:  31% (1291/4164)
2023-08-08T00:24:50.0676408Z Resolving deltas:  32% (1333/4164)
2023-08-08T00:24:50.0683518Z Resolving deltas:  33% (1375/4164)
2023-08-08T00:24:50.0700886Z Resolving deltas:  34% (1416/4164)
2023-08-08T00:24:50.0711514Z Resolving deltas:  35% (1458/4164)
2023-08-08T00:24:50.0962876Z Resolving deltas:  36% (1500/4164)
2023-08-08T00:24:50.0975572Z Resolving deltas:  37% (1541/4164)
2023-08-08T00:24:50.1001021Z Resolving deltas:  38% (1583/4164)
2023-08-08T00:24:50.1034844Z Resolving deltas:  39% (1624/4164)
2023-08-08T00:24:50.1066352Z Resolving deltas:  40% (1666/4164)
2023-08-08T00:24:50.1074852Z Resolving deltas:  41% (1708/4164)
2023-08-08T00:24:50.1081988Z Resolving deltas:  42% (1749/4164)
2023-08-08T00:24:50.1084315Z Resolving deltas:  43% (1791/4164)
2023-08-08T00:24:50.1087758Z Resolving deltas:  44% (1833/4164)
2023-08-08T00:24:50.1090518Z Resolving deltas:  45% (1874/4164)
2023-08-08T00:24:50.1099059Z Resolving deltas:  46% (1916/4164)
2023-08-08T00:24:50.1133987Z Resolving deltas:  47% (1958/4164)
2023-08-08T00:24:50.1163244Z Resolving deltas:  48% (1999/4164)
2023-08-08T00:24:50.1197604Z Resolving deltas:  49% (2041/4164)
2023-08-08T00:24:50.1226025Z Resolving deltas:  50% (2082/4164)
2023-08-08T00:24:50.1246916Z Resolving deltas:  51% (2124/4164)
2023-08-08T00:24:50.1296438Z Resolving deltas:  52% (2166/4164)
2023-08-08T00:24:50.1319303Z Resolving deltas:  53% (2207/4164)
2023-08-08T00:24:50.1328848Z Resolving deltas:  54% (2249/4164)
2023-08-08T00:24:50.1338632Z Resolving deltas:  55% (2291/4164)
2023-08-08T00:24:50.1394305Z Resolving deltas:  56% (2332/4164)
2023-08-08T00:24:50.1528211Z Resolving deltas:  57% (2374/4164)
2023-08-08T00:24:50.1692540Z Resolving deltas:  58% (2416/4164)
2023-08-08T00:24:50.1952587Z Resolving deltas:  59% (2457/4164)
2023-08-08T00:24:50.2150024Z Resolving deltas:  60% (2499/4164)
2023-08-08T00:24:50.2466817Z Resolving deltas:  61% (2541/4164)
2023-08-08T00:24:50.2768237Z Resolving deltas:  62% (2582/4164)
2023-08-08T00:24:50.3130497Z Resolving deltas:  63% (2624/4164)
2023-08-08T00:24:50.3480693Z Resolving deltas:  64% (2665/4164)
2023-08-08T00:24:50.3699703Z Resolving deltas:  65% (2707/4164)
2023-08-08T00:24:50.3709241Z Resolving deltas:  66% (2749/4164)
2023-08-08T00:24:50.3853088Z Resolving deltas:  67% (2790/4164)
2023-08-08T00:24:50.3927173Z Resolving deltas:  68% (2832/4164)
2023-08-08T00:24:50.3939865Z Resolving deltas:  69% (2874/4164)
2023-08-08T00:24:50.4035653Z Resolving deltas:  70% (2915/4164)
2023-08-08T00:24:50.4309059Z Resolving deltas:  71% (2957/4164)
2023-08-08T00:24:50.4496502Z Resolving deltas:  72% (2999/4164)
2023-08-08T00:24:50.4739885Z Resolving deltas:  73% (3040/4164)
2023-08-08T00:24:50.4840975Z Resolving deltas:  74% (3082/4164)
2023-08-08T00:24:50.4859094Z Resolving deltas:  75% (3123/4164)
2023-08-08T00:24:50.4867992Z Resolving deltas:  76% (3165/4164)
2023-08-08T00:24:50.4885410Z Resolving deltas:  77% (3207/4164)
2023-08-08T00:24:50.4888633Z Resolving deltas:  78% (3249/4164)
2023-08-08T00:24:50.4898582Z Resolving deltas:  79% (3290/4164)
2023-08-08T00:24:50.4905747Z Resolving deltas:  80% (3332/4164)
2023-08-08T00:24:50.4913490Z Resolving deltas:  81% (3373/4164)
2023-08-08T00:24:50.4923866Z Resolving deltas:  82% (3415/4164)
2023-08-08T00:24:50.4935316Z Resolving deltas:  83% (3457/4164)
2023-08-08T00:24:50.4960127Z Resolving deltas:  84% (3498/4164)
2023-08-08T00:24:50.5025939Z Resolving deltas:  85% (3540/4164)
2023-08-08T00:24:50.5075600Z Resolving deltas:  86% (3582/4164)
2023-08-08T00:24:50.5135132Z Resolving deltas:  87% (3623/4164)
2023-08-08T00:24:50.5172422Z Resolving deltas:  88% (3665/4164)
2023-08-08T00:24:50.5258733Z Resolving deltas:  89% (3706/4164)
2023-08-08T00:24:50.5356325Z Resolving deltas:  90% (3748/4164)
2023-08-08T00:24:50.5478905Z Resolving deltas:  91% (3790/4164)
2023-08-08T00:24:50.5529071Z Resolving deltas:  92% (3831/4164)
2023-08-08T00:24:50.5570565Z Resolving deltas:  93% (3873/4164)
2023-08-08T00:24:50.5617030Z Resolving deltas:  94% (3915/4164)
2023-08-08T00:24:50.5668033Z Resolving deltas:  95% (3956/4164)
2023-08-08T00:24:50.5723713Z Resolving deltas:  96% (3998/4164)
2023-08-08T00:24:50.5752617Z Resolving deltas:  97% (4040/4164)
2023-08-08T00:24:50.5814083Z Resolving deltas:  98% (4081/4164)
2023-08-08T00:24:50.5860039Z Resolving deltas:  99% (4123/4164)
2023-08-08T00:24:50.5874961Z Resolving deltas: 100% (4164/4164)
2023-08-08T00:24:50.5875416Z Resolving deltas: 100% (4164/4164), done.
2023-08-08T00:24:50.6394875Z From https://github.com/seanpm2001/GitHub_Stats_A
2023-08-08T00:24:50.6395541Z  * [new ref]         3b3bf0276c18c57eafa3b6cd0b6ac715225c2072 -> origin/master
2023-08-08T00:24:50.6422982Z ##[endgroup]
2023-08-08T00:24:50.6423460Z ##[group]Determining the checkout info
2023-08-08T00:24:50.6425296Z ##[endgroup]
2023-08-08T00:24:50.6425748Z ##[group]Checking out the ref
2023-08-08T00:24:50.6430728Z [command]/usr/bin/git checkout --progress --force -B master refs/remotes/origin/master
2023-08-08T00:24:51.6558041Z Updating files:  87% (6547/7454)
2023-08-08T00:24:51.6612239Z Updating files:  88% (6560/7454)
2023-08-08T00:24:51.6733849Z Updating files:  89% (6635/7454)
2023-08-08T00:24:51.6849326Z Updating files:  90% (6709/7454)
2023-08-08T00:24:51.6978087Z Updating files:  91% (6784/7454)
2023-08-08T00:24:51.7117884Z Updating files:  92% (6858/7454)
2023-08-08T00:24:51.7205187Z Updating files:  93% (6933/7454)
2023-08-08T00:24:51.7260620Z Updating files:  94% (7007/7454)
2023-08-08T00:24:51.7335108Z Updating files:  95% (7082/7454)
2023-08-08T00:24:51.7402693Z Updating files:  96% (7156/7454)
2023-08-08T00:24:51.7495190Z Updating files:  97% (7231/7454)
2023-08-08T00:24:51.7626405Z Updating files:  98% (7305/7454)
2023-08-08T00:24:51.7717006Z Updating files:  99% (7380/7454)
2023-08-08T00:24:51.7717264Z Updating files: 100% (7454/7454)
2023-08-08T00:24:51.7717494Z Updating files: 100% (7454/7454), done.
2023-08-08T00:24:51.7846242Z Reset branch 'master'
2023-08-08T00:24:51.7848252Z branch 'master' set up to track 'origin/master'.
2023-08-08T00:24:51.7915816Z ##[endgroup]
2023-08-08T00:24:51.7945753Z [command]/usr/bin/git log -1 --format='%H'
2023-08-08T00:24:51.7974321Z '3b3bf0276c18c57eafa3b6cd0b6ac715225c2072'
2023-08-08T00:24:51.8330502Z ##[group]Run actions/setup-python@v4
2023-08-08T00:24:51.8330730Z with:
2023-08-08T00:24:51.8330926Z   python-version: 3.8
2023-08-08T00:24:51.8331137Z   architecture: x64
2023-08-08T00:24:51.8331329Z   cache: pip
2023-08-08T00:24:51.8331531Z   check-latest: false
2023-08-08T00:24:51.8331846Z   token: ***
2023-08-08T00:24:51.8332051Z   update-environment: true
2023-08-08T00:24:51.8332282Z   allow-prereleases: false
2023-08-08T00:24:51.8332481Z ##[endgroup]
2023-08-08T00:24:52.0058915Z ##[group]Installed versions
2023-08-08T00:24:52.0177363Z Successfully set up CPython (3.8.17)
2023-08-08T00:24:52.0179578Z ##[endgroup]
2023-08-08T00:24:52.6813926Z [command]/opt/hostedtoolcache/Python/3.8.17/x64/bin/pip cache dir
2023-08-08T00:24:56.3630552Z /home/runner/.cache/pip
2023-08-08T00:24:56.7215555Z Received 6339595 of 6339595 (100.0%), 39.5 MBs/sec
2023-08-08T00:24:56.7218021Z Cache Size: ~6 MB (6339595 B)
2023-08-08T00:24:56.7267979Z [command]/usr/bin/tar -xf /home/runner/work/_temp/75dbd6af-fdc3-46bf-bee1-40558bd8efbf/cache.tzst -P -C /home/runner/work/GitHub_Stats_A/GitHub_Stats_A --use-compress-program unzstd
2023-08-08T00:24:56.7467478Z Cache restored successfully
2023-08-08T00:24:56.7483273Z Cache restored from key: setup-python-Linux-22.04-Ubuntu-python-3.8.17-pip-60f2a6c0212a9b74a155cd81b58dd07fd8b180833132566260d95f4de42fe218
2023-08-08T00:24:56.7664511Z ##[group]Run python3 -m pip install --upgrade pip setuptools wheel
2023-08-08T00:24:56.7665267Z [36;1mpython3 -m pip install --upgrade pip setuptools wheel[0m
2023-08-08T00:24:56.7665701Z [36;1mpython3 -m pip install -r requirements.txt[0m
2023-08-08T00:24:56.7725265Z shell: /usr/bin/bash -e {0}
2023-08-08T00:24:56.7725501Z env:
2023-08-08T00:24:56.7725785Z   pythonLocation: /opt/hostedtoolcache/Python/3.8.17/x64
2023-08-08T00:24:56.7726144Z   PKG_CONFIG_PATH: /opt/hostedtoolcache/Python/3.8.17/x64/lib/pkgconfig
2023-08-08T00:24:56.7726492Z   Python_ROOT_DIR: /opt/hostedtoolcache/Python/3.8.17/x64
2023-08-08T00:24:56.7726811Z   Python2_ROOT_DIR: /opt/hostedtoolcache/Python/3.8.17/x64
2023-08-08T00:24:56.7727117Z   Python3_ROOT_DIR: /opt/hostedtoolcache/Python/3.8.17/x64
2023-08-08T00:24:56.7727437Z   LD_LIBRARY_PATH: /opt/hostedtoolcache/Python/3.8.17/x64/lib
2023-08-08T00:24:56.7727934Z ##[endgroup]
2023-08-08T00:24:58.3312156Z Requirement already satisfied: pip in /opt/hostedtoolcache/Python/3.8.17/x64/lib/python3.8/site-packages (23.0.1)
2023-08-08T00:24:58.5409842Z Collecting pip
2023-08-08T00:24:58.5412922Z   Obtaining dependency information for pip from https://files.pythonhosted.org/packages/50/c2/e06851e8cc28dcad7c155f4753da8833ac06a5c704c109313b8d5a62968a/pip-23.2.1-py3-none-any.whl.metadata
2023-08-08T00:24:58.6485437Z   Downloading pip-23.2.1-py3-none-any.whl.metadata (4.2 kB)
2023-08-08T00:24:58.6517902Z Requirement already satisfied: setuptools in /opt/hostedtoolcache/Python/3.8.17/x64/lib/python3.8/site-packages (56.0.0)
2023-08-08T00:24:58.9643677Z Collecting setuptools
2023-08-08T00:24:58.9648912Z   Obtaining dependency information for setuptools from https://files.pythonhosted.org/packages/c7/42/be1c7bbdd83e1bfb160c94b9cafd8e25efc7400346cf7ccdbdb452c467fa/setuptools-68.0.0-py3-none-any.whl.metadata
2023-08-08T00:24:58.9738111Z   Downloading setuptools-68.0.0-py3-none-any.whl.metadata (6.4 kB)
2023-08-08T00:24:59.0250307Z Collecting wheel
2023-08-08T00:24:59.0253240Z   Obtaining dependency information for wheel from https://files.pythonhosted.org/packages/28/f5/6955d7b3a5d71ce6bac104f9cf98c1b0513ad656cdaca8ea7d579196f771/wheel-0.41.1-py3-none-any.whl.metadata
2023-08-08T00:24:59.0340587Z   Downloading wheel-0.41.1-py3-none-any.whl.metadata (2.2 kB)
2023-08-08T00:24:59.0909751Z Downloading pip-23.2.1-py3-none-any.whl (2.1 MB)
2023-08-08T00:24:59.2619792Z    â”â”â”â”â”â”â”â”â”â”â”â”â”â”â”â”â”â”â”â”â”â”â”â”â”â”â”â”â”â”â”â”â”â”â”â”â”â”â”â” 2.1/2.1 MB 12.7 MB/s eta 0:00:00
2023-08-08T00:24:59.2747735Z Downloading setuptools-68.0.0-py3-none-any.whl (804 kB)
2023-08-08T00:24:59.3083789Z    â”â”â”â”â”â”â”â”â”â”â”â”â”â”â”â”â”â”â”â”â”â”â”â”â”â”â”â”â”â”â”â”â”â”â”â”â”â”â”â” 804.0/804.0 kB 25.7 MB/s eta 0:00:00
2023-08-08T00:24:59.3170070Z Downloading wheel-0.41.1-py3-none-any.whl (64 kB)
2023-08-08T00:24:59.3216267Z    â”â”â”â”â”â”â”â”â”â”â”â”â”â”â”â”â”â”â”â”â”â”â”â”â”â”â”â”â”â”â”â”â”â”â”â”â”â”â”â” 64.8/64.8 kB 27.2 MB/s eta 0:00:00
2023-08-08T00:24:59.4699603Z Installing collected packages: wheel, setuptools, pip
2023-08-08T00:24:59.6218731Z   Attempting uninstall: setuptools
2023-08-08T00:24:59.6226500Z     Found existing installation: setuptools 56.0.0
2023-08-08T00:24:59.6385964Z     Uninstalling setuptools-56.0.0:
2023-08-08T00:24:59.6489623Z       Successfully uninstalled setuptools-56.0.0
2023-08-08T00:25:00.2230146Z   Attempting uninstall: pip
2023-08-08T00:25:00.2237113Z     Found existing installation: pip 23.0.1
2023-08-08T00:25:00.2997987Z     Uninstalling pip-23.0.1:
2023-08-08T00:25:00.3482939Z       Successfully uninstalled pip-23.0.1
2023-08-08T00:25:01.4741648Z Successfully installed pip-23.2.1 setuptools-68.0.0 wheel-0.41.1
2023-08-08T00:25:03.3732212Z Collecting requests (from -r requirements.txt (line 1))
2023-08-08T00:25:03.3733958Z   Obtaining dependency information for requests from https://files.pythonhosted.org/packages/70/8e/0e2d847013cb52cd35b38c009bb167a1a26b2ce6cd6965bf26b47bc0bf44/requests-2.31.0-py3-none-any.whl.metadata
2023-08-08T00:25:03.4701308Z   Downloading requests-2.31.0-py3-none-any.whl.metadata (4.6 kB)
2023-08-08T00:25:03.9522214Z Collecting aiohttp (from -r requirements.txt (line 2))
2023-08-08T00:25:03.9524538Z   Obtaining dependency information for aiohttp from https://files.pythonhosted.org/packages/84/22/20c41a698eb5435ff7cd3bc6884542d2a40f3c91a221f713d77217facc39/aiohttp-3.8.5-cp38-cp38-manylinux_2_17_x86_64.manylinux2014_x86_64.whl.metadata
2023-08-08T00:25:03.9844884Z   Downloading aiohttp-3.8.5-cp38-cp38-manylinux_2_17_x86_64.manylinux2014_x86_64.whl.metadata (7.7 kB)
2023-08-08T00:25:04.1223364Z Collecting charset-normalizer<4,>=2 (from requests->-r requirements.txt (line 1))
2023-08-08T00:25:04.1229245Z   Obtaining dependency information for charset-normalizer<4,>=2 from https://files.pythonhosted.org/packages/cb/e7/5e43745003bf1f90668c7be23fc5952b3a2b9c2558f16749411c18039b36/charset_normalizer-3.2.0-cp38-cp38-manylinux_2_17_x86_64.manylinux2014_x86_64.whl.metadata
2023-08-08T00:25:04.1318082Z   Downloading charset_normalizer-3.2.0-cp38-cp38-manylinux_2_17_x86_64.manylinux2014_x86_64.whl.metadata (31 kB)
2023-08-08T00:25:04.1826425Z Collecting idna<4,>=2.5 (from requests->-r requirements.txt (line 1))
2023-08-08T00:25:04.1852351Z   Using cached idna-3.4-py3-none-any.whl (61 kB)
2023-08-08T00:25:04.2511345Z Collecting urllib3<3,>=1.21.1 (from requests->-r requirements.txt (line 1))
2023-08-08T00:25:04.2514203Z   Obtaining dependency information for urllib3<3,>=1.21.1 from https://files.pythonhosted.org/packages/9b/81/62fd61001fa4b9d0df6e31d47ff49cfa9de4af03adecf339c7bc30656b37/urllib3-2.0.4-py3-none-any.whl.metadata
2023-08-08T00:25:04.2601902Z   Downloading urllib3-2.0.4-py3-none-any.whl.metadata (6.6 kB)
2023-08-08T00:25:04.3147279Z Collecting certifi>=2017.4.17 (from requests->-r requirements.txt (line 1))
2023-08-08T00:25:04.3150845Z   Obtaining dependency information for certifi>=2017.4.17 from https://files.pythonhosted.org/packages/4c/dd/2234eab22353ffc7d94e8d13177aaa050113286e93e7b40eae01fbf7c3d9/certifi-2023.7.22-py3-none-any.whl.metadata
2023-08-08T00:25:04.3240287Z   Downloading certifi-2023.7.22-py3-none-any.whl.metadata (2.2 kB)
2023-08-08T00:25:04.3722781Z Collecting attrs>=17.3.0 (from aiohttp->-r requirements.txt (line 2))
2023-08-08T00:25:04.3746230Z   Using cached attrs-23.1.0-py3-none-any.whl (61 kB)
2023-08-08T00:25:04.7927839Z Collecting multidict<7.0,>=4.5 (from aiohttp->-r requirements.txt (line 2))
2023-08-08T00:25:04.7953680Z   Using cached multidict-6.0.4-cp38-cp38-manylinux_2_17_x86_64.manylinux2014_x86_64.whl (121 kB)
2023-08-08T00:25:04.8234352Z Collecting async-timeout<5.0,>=4.0.0a3 (from aiohttp->-r requirements.txt (line 2))
2023-08-08T00:25:04.8257749Z   Using cached async_timeout-4.0.2-py3-none-any.whl (5.8 kB)
2023-08-08T00:25:05.0857484Z Collecting yarl<2.0,>=1.0 (from aiohttp->-r requirements.txt (line 2))
2023-08-08T00:25:05.0886358Z   Using cached yarl-1.9.2-cp38-cp38-manylinux_2_17_x86_64.manylinux2014_x86_64.whl (266 kB)
2023-08-08T00:25:05.2012902Z Collecting frozenlist>=1.1.1 (from aiohttp->-r requirements.txt (line 2))
2023-08-08T00:25:05.2015656Z   Obtaining dependency information for frozenlist>=1.1.1 from https://files.pythonhosted.org/packages/0b/36/c276486f89bee9098332710af2207344f360c6c6f104a4931a7566039b1d/frozenlist-1.4.0-cp38-cp38-manylinux_2_5_x86_64.manylinux1_x86_64.manylinux_2_17_x86_64.manylinux2014_x86_64.whl.metadata
2023-08-08T00:25:05.2119194Z   Downloading frozenlist-1.4.0-cp38-cp38-manylinux_2_5_x86_64.manylinux1_x86_64.manylinux_2_17_x86_64.manylinux2014_x86_64.whl.metadata (5.2 kB)
2023-08-08T00:25:05.2353736Z Collecting aiosignal>=1.1.2 (from aiohttp->-r requirements.txt (line 2))
2023-08-08T00:25:05.2376002Z   Using cached aiosignal-1.3.1-py3-none-any.whl (7.6 kB)
2023-08-08T00:25:05.3321425Z Using cached requests-2.31.0-py3-none-any.whl (62 kB)
2023-08-08T00:25:05.3470623Z Downloading aiohttp-3.8.5-cp38-cp38-manylinux_2_17_x86_64.manylinux2014_x86_64.whl (1.1 MB)
2023-08-08T00:25:05.4457410Z    â”â”â”â”â”â”â”â”â”â”â”â”â”â”â”â”â”â”â”â”â”â”â”â”â”â”â”â”â”â”â”â”â”â”â”â”â”â”â”â” 1.1/1.1 MB 11.1 MB/s eta 0:00:00
2023-08-08T00:25:05.4539331Z Downloading certifi-2023.7.22-py3-none-any.whl (158 kB)
2023-08-08T00:25:05.4661798Z    â”â”â”â”â”â”â”â”â”â”â”â”â”â”â”â”â”â”â”â”â”â”â”â”â”â”â”â”â”â”â”â”â”â”â”â”â”â”â”â” 158.3/158.3 kB 15.3 MB/s eta 0:00:00
2023-08-08T00:25:05.4769398Z Downloading charset_normalizer-3.2.0-cp38-cp38-manylinux_2_17_x86_64.manylinux2014_x86_64.whl (199 kB)
2023-08-08T00:25:05.4888492Z    â”â”â”â”â”â”â”â”â”â”â”â”â”â”â”â”â”â”â”â”â”â”â”â”â”â”â”â”â”â”â”â”â”â”â”â”â”â”â”â” 199.1/199.1 kB 20.9 MB/s eta 0:00:00
2023-08-08T00:25:05.5030643Z Downloading frozenlist-1.4.0-cp38-cp38-manylinux_2_5_x86_64.manylinux1_x86_64.manylinux_2_17_x86_64.manylinux2014_x86_64.whl (220 kB)
2023-08-08T00:25:05.5160566Z    â”â”â”â”â”â”â”â”â”â”â”â”â”â”â”â”â”â”â”â”â”â”â”â”â”â”â”â”â”â”â”â”â”â”â”â”â”â”â”â” 220.1/220.1 kB 20.0 MB/s eta 0:00:00
2023-08-08T00:25:05.5256170Z Downloading urllib3-2.0.4-py3-none-any.whl (123 kB)
2023-08-08T00:25:05.5332971Z    â”â”â”â”â”â”â”â”â”â”â”â”â”â”â”â”â”â”â”â”â”â”â”â”â”â”â”â”â”â”â”â”â”â”â”â”â”â”â”â” 123.9/123.9 kB 22.6 MB/s eta 0:00:00
2023-08-08T00:25:05.6553576Z Installing collected packages: urllib3, multidict, idna, frozenlist, charset-normalizer, certifi, attrs, async-timeout, yarl, requests, aiosignal, aiohttp
2023-08-08T00:25:06.1355334Z Successfully installed aiohttp-3.8.5 aiosignal-1.3.1 async-timeout-4.0.2 attrs-23.1.0 certifi-2023.7.22 charset-normalizer-3.2.0 frozenlist-1.4.0 idna-3.4 multidict-6.0.4 requests-2.31.0 urllib3-2.0.4 yarl-1.9.2
2023-08-08T00:25:06.7888165Z ##[group]Run python3 --version
2023-08-08T00:25:06.7888445Z [36;1mpython3 --version[0m
2023-08-08T00:25:06.7888692Z [36;1mpython3 generate_images.py[0m
2023-08-08T00:25:06.7942883Z shell: /usr/bin/bash -e {0}
2023-08-08T00:25:06.7943114Z env:
2023-08-08T00:25:06.7943374Z   pythonLocation: /opt/hostedtoolcache/Python/3.8.17/x64
2023-08-08T00:25:06.7943731Z   PKG_CONFIG_PATH: /opt/hostedtoolcache/Python/3.8.17/x64/lib/pkgconfig
2023-08-08T00:25:06.7944075Z   Python_ROOT_DIR: /opt/hostedtoolcache/Python/3.8.17/x64
2023-08-08T00:25:06.7944399Z   Python2_ROOT_DIR: /opt/hostedtoolcache/Python/3.8.17/x64
2023-08-08T00:25:06.7944712Z   Python3_ROOT_DIR: /opt/hostedtoolcache/Python/3.8.17/x64
2023-08-08T00:25:06.7945042Z   LD_LIBRARY_PATH: /opt/hostedtoolcache/Python/3.8.17/x64/lib
2023-08-08T00:25:06.7945499Z   ACCESS_TOKEN: ***
2023-08-08T00:25:06.7945817Z   GITHUB_TOKEN: ***
2023-08-08T00:25:06.7946024Z   EXCLUDED: 
2023-08-08T00:25:06.7946223Z   EXCLUDED_LANGS: 
2023-08-08T00:25:06.7946483Z   EXCLUDE_FORKED_REPOS: true
2023-08-08T00:25:06.7946700Z ##[endgroup]
2023-08-08T00:25:06.8038513Z Python 3.8.17
2023-08-08T00:34:31.6121854Z A path returned 202. Retrying...
2023-08-08T00:34:31.6122179Z A path returned 202. Retrying...
2023-08-08T00:34:31.6122419Z A path returned 202. Retrying...
2023-08-08T00:34:31.6122656Z A path returned 202. Retrying...
2023-08-08T00:34:31.6122897Z A path returned 202. Retrying...
2023-08-08T00:34:31.6123126Z A path returned 202. Retrying...
2023-08-08T00:34:31.6123355Z A path returned 202. Retrying...
2023-08-08T00:34:31.6123582Z A path returned 202. Retrying...
2023-08-08T00:34:31.6123803Z A path returned 202. Retrying...
2023-08-08T00:34:31.6124037Z A path returned 202. Retrying...
2023-08-08T00:34:31.6124279Z A path returned 202. Retrying...
2023-08-08T00:34:31.6124501Z A path returned 202. Retrying...
2023-08-08T00:34:31.6124722Z A path returned 202. Retrying...
2023-08-08T00:34:31.6124942Z A path returned 202. Retrying...
2023-08-08T00:34:31.6125182Z A path returned 202. Retrying...
2023-08-08T00:34:31.6125393Z A path returned 202. Retrying...
2023-08-08T00:34:31.6125615Z A path returned 202. Retrying...
2023-08-08T00:34:31.6125837Z A path returned 202. Retrying...
2023-08-08T00:34:31.6126061Z A path returned 202. Retrying...
2023-08-08T00:34:31.6126284Z A path returned 202. Retrying...
2023-08-08T00:34:31.6126503Z A path returned 202. Retrying...
2023-08-08T00:34:31.6126723Z A path returned 202. Retrying...
2023-08-08T00:34:31.6126941Z A path returned 202. Retrying...
2023-08-08T00:34:31.6127156Z A path returned 202. Retrying...
2023-08-08T00:34:31.6127374Z A path returned 202. Retrying...
2023-08-08T00:34:31.6127594Z A path returned 202. Retrying...
2023-08-08T00:34:31.6127815Z A path returned 202. Retrying...
2023-08-08T00:34:31.6128041Z A path returned 202. Retrying...
2023-08-08T00:34:31.6128265Z A path returned 202. Retrying...
2023-08-08T00:34:31.6128486Z A path returned 202. Retrying...
2023-08-08T00:34:31.6128706Z A path returned 202. Retrying...
2023-08-08T00:34:31.6128926Z A path returned 202. Retrying...
2023-08-08T00:34:31.6129142Z A path returned 202. Retrying...
2023-08-08T00:34:31.6129361Z A path returned 202. Retrying...
2023-08-08T00:34:31.6129581Z A path returned 202. Retrying...
2023-08-08T00:34:31.6129802Z A path returned 202. Retrying...
2023-08-08T00:34:31.6130019Z A path returned 202. Retrying...
2023-08-08T00:34:31.6130239Z A path returned 202. Retrying...
2023-08-08T00:34:31.6130453Z A path returned 202. Retrying...
2023-08-08T00:34:31.6130736Z A path returned 202. Retrying...
2023-08-08T00:34:31.6131253Z A path returned 202. Retrying...
2023-08-08T00:34:31.6131500Z A path returned 202. Retrying...
2023-08-08T00:34:31.6131727Z A path returned 202. Retrying...
2023-08-08T00:34:31.6132468Z A path returned 202. Retrying...
2023-08-08T00:34:31.6132728Z A path returned 202. Retrying...
2023-08-08T00:34:31.6132957Z A path returned 202. Retrying...
2023-08-08T00:34:31.6133248Z A path returned 202. Retrying...
2023-08-08T00:34:31.6133988Z A path returned 202. Retrying...
2023-08-08T00:34:31.6134377Z A path returned 202. Retrying...
2023-08-08T00:34:31.6134753Z A path returned 202. Retrying...
2023-08-08T00:34:31.6135145Z A path returned 202. Retrying...
2023-08-08T00:34:31.6135552Z A path returned 202. Retrying...
2023-08-08T00:34:31.6135921Z A path returned 202. Retrying...
2023-08-08T00:34:31.6136296Z A path returned 202. Retrying...
2023-08-08T00:34:31.6136701Z A path returned 202. Retrying...
2023-08-08T00:34:31.6137094Z A path returned 202. Retrying...
2023-08-08T00:34:31.6137456Z A path returned 202. Retrying...
2023-08-08T00:34:31.6137827Z A path returned 202. Retrying...
2023-08-08T00:34:31.6138183Z A path returned 202. Retrying...
2023-08-08T00:34:31.6138504Z A path returned 202. Retrying...
2023-08-08T00:34:31.6138900Z A path returned 202. Retrying...
2023-08-08T00:34:31.6139279Z A path returned 202. Retrying...
2023-08-08T00:34:31.6139646Z A path returned 202. Retrying...
2023-08-08T00:34:31.6140020Z A path returned 202. Retrying...
2023-08-08T00:34:31.6140375Z A path returned 202. Retrying...
2023-08-08T00:34:31.6140754Z A path returned 202. Retrying...
2023-08-08T00:34:31.6141118Z A path returned 202. Retrying...
2023-08-08T00:34:31.6141514Z A path returned 202. Retrying...
2023-08-08T00:34:31.6141882Z A path returned 202. Retrying...
2023-08-08T00:34:31.6142254Z A path returned 202. Retrying...
2023-08-08T00:34:31.6142621Z A path returned 202. Retrying...
2023-08-08T00:34:31.6142941Z A path returned 202. Retrying...
2023-08-08T00:34:31.6143335Z A path returned 202. Retrying...
2023-08-08T00:34:31.6143662Z A path returned 202. Retrying...
2023-08-08T00:34:31.6144028Z A path returned 202. Retrying...
2023-08-08T00:34:31.6144395Z A path returned 202. Retrying...
2023-08-08T00:34:31.6144791Z A path returned 202. Retrying...
2023-08-08T00:34:31.6145170Z A path returned 202. Retrying...
2023-08-08T00:34:31.6145536Z A path returned 202. Retrying...
2023-08-08T00:34:31.6145902Z A path returned 202. Retrying...
2023-08-08T00:34:31.6146295Z A path returned 202. Retrying...
2023-08-08T00:34:31.6146674Z A path returned 202. Retrying...
2023-08-08T00:34:31.6147034Z A path returned 202. Retrying...
2023-08-08T00:34:31.6147392Z A path returned 202. Retrying...
2023-08-08T00:34:31.6147686Z A path returned 202. Retrying...
2023-08-08T00:34:31.6148066Z A path returned 202. Retrying...
2023-08-08T00:34:31.6148434Z A path returned 202. Retrying...
2023-08-08T00:34:31.6148800Z A path returned 202. Retrying...
2023-08-08T00:34:31.6149183Z A path returned 202. Retrying...
2023-08-08T00:34:31.6149571Z A path returned 202. Retrying...
2023-08-08T00:34:31.6149929Z A path returned 202. Retrying...
2023-08-08T00:34:31.6150289Z A path returned 202. Retrying...
2023-08-08T00:34:31.6150692Z A path returned 202. Retrying...
2023-08-08T00:34:31.6151069Z A path returned 202. Retrying...
2023-08-08T00:34:31.6151429Z A path returned 202. Retrying...
2023-08-08T00:34:31.6151794Z A path returned 202. Retrying...
2023-08-08T00:34:31.6152111Z A path returned 202. Retrying...
2023-08-08T00:34:31.6152514Z A path returned 202. Retrying...
2023-08-08T00:34:31.6152812Z A path returned 202. Retrying...
2023-08-08T00:34:31.6153118Z A path returned 202. Retrying...
2023-08-08T00:34:31.6153456Z A path returned 202. Retrying...
2023-08-08T00:34:31.6153757Z A path returned 202. Retrying...
2023-08-08T00:34:31.6154320Z A path returned 202. Retrying...
2023-08-08T00:34:31.6154692Z A path returned 202. Retrying...
2023-08-08T00:34:31.6155101Z A path returned 202. Retrying...
2023-08-08T00:34:31.6155419Z A path returned 202. Retrying...
2023-08-08T00:34:31.6155783Z A path returned 202. Retrying...
2023-08-08T00:34:31.6156139Z A path returned 202. Retrying...
2023-08-08T00:34:31.6156513Z A path returned 202. Retrying...
2023-08-08T00:34:31.6157079Z A path returned 202. Retrying...
2023-08-08T00:34:31.6157445Z A path returned 202. Retrying...
2023-08-08T00:34:31.6157834Z A path returned 202. Retrying...
2023-08-08T00:34:31.6158198Z A path returned 202. Retrying...
2023-08-08T00:34:31.6158747Z A path returned 202. Retrying...
2023-08-08T00:34:31.6159121Z A path returned 202. Retrying...
2023-08-08T00:34:31.6159500Z A path returned 202. Retrying...
2023-08-08T00:34:31.6159863Z A path returned 202. Retrying...
2023-08-08T00:34:31.6160259Z A path returned 202. Retrying...
2023-08-08T00:34:31.6160554Z A path returned 202. Retrying...
2023-08-08T00:34:31.6160940Z A path returned 202. Retrying...
2023-08-08T00:34:31.6161315Z A path returned 202. Retrying...
2023-08-08T00:34:31.6161710Z A path returned 202. Retrying...
2023-08-08T00:34:31.6162082Z A path returned 202. Retrying...
2023-08-08T00:34:31.6162457Z A path returned 202. Retrying...
2023-08-08T00:34:31.6162784Z A path returned 202. Retrying...
2023-08-08T00:34:31.6163181Z A path returned 202. Retrying...
2023-08-08T00:34:31.6163569Z A path returned 202. Retrying...
2023-08-08T00:34:31.6163940Z A path returned 202. Retrying...
2023-08-08T00:34:31.6164299Z A path returned 202. Retrying...
2023-08-08T00:34:31.6164858Z A path returned 202. Retrying...
2023-08-08T00:34:31.6165249Z A path returned 202. Retrying...
2023-08-08T00:34:31.6165625Z A path returned 202. Retrying...
2023-08-08T00:34:31.6165991Z A path returned 202. Retrying...
2023-08-08T00:34:31.6166382Z A path returned 202. Retrying...
2023-08-08T00:34:31.6166757Z A path returned 202. Retrying...
2023-08-08T00:34:31.6167125Z A path returned 202. Retrying...
2023-08-08T00:34:31.6167442Z A path returned 202. Retrying...
2023-08-08T00:34:31.6167792Z A path returned 202. Retrying...
2023-08-08T00:34:31.6168173Z A path returned 202. Retrying...
2023-08-08T00:34:31.6168546Z A path returned 202. Retrying...
2023-08-08T00:34:31.6168912Z A path returned 202. Retrying...
2023-08-08T00:34:31.6169299Z A path returned 202. Retrying...
2023-08-08T00:34:31.6169688Z A path returned 202. Retrying...
2023-08-08T00:34:31.6170060Z A path returned 202. Retrying...
2023-08-08T00:34:31.6170432Z A path returned 202. Retrying...
2023-08-08T00:34:31.6170821Z A path returned 202. Retrying...
2023-08-08T00:34:31.6171201Z A path returned 202. Retrying...
2023-08-08T00:34:31.6171567Z A path returned 202. Retrying...
2023-08-08T00:34:31.6171883Z A path returned 202. Retrying...
2023-08-08T00:34:31.6172256Z A path returned 202. Retrying...
2023-08-08T00:34:31.6172648Z A path returned 202. Retrying...
2023-08-08T00:34:31.6173013Z A path returned 202. Retrying...
2023-08-08T00:34:31.6173383Z A path returned 202. Retrying...
2023-08-08T00:34:31.6173749Z A path returned 202. Retrying...
2023-08-08T00:34:31.6174164Z A path returned 202. Retrying...
2023-08-08T00:34:31.6174525Z A path returned 202. Retrying...
2023-08-08T00:34:31.6174897Z A path returned 202. Retrying...
2023-08-08T00:34:31.6175270Z A path returned 202. Retrying...
2023-08-08T00:34:31.6175659Z A path returned 202. Retrying...
2023-08-08T00:34:31.6176029Z A path returned 202. Retrying...
2023-08-08T00:34:31.6176349Z A path returned 202. Retrying...
2023-08-08T00:34:31.6176715Z A path returned 202. Retrying...
2023-08-08T00:34:31.6177123Z A path returned 202. Retrying...
2023-08-08T00:34:31.6177496Z A path returned 202. Retrying...
2023-08-08T00:34:31.6177865Z A path returned 202. Retrying...
2023-08-08T00:34:31.6178262Z A path returned 202. Retrying...
2023-08-08T00:34:31.6178663Z A path returned 202. Retrying...
2023-08-08T00:34:31.6179031Z A path returned 202. Retrying...
2023-08-08T00:34:31.6179401Z A path returned 202. Retrying...
2023-08-08T00:34:31.6179781Z A path returned 202. Retrying...
2023-08-08T00:34:31.6180174Z A path returned 202. Retrying...
2023-08-08T00:34:31.6180541Z A path returned 202. Retrying...
2023-08-08T00:34:31.6180859Z A path returned 202. Retrying...
2023-08-08T00:34:31.6181212Z A path returned 202. Retrying...
2023-08-08T00:34:31.6181608Z A path returned 202. Retrying...
2023-08-08T00:34:31.6181982Z A path returned 202. Retrying...
2023-08-08T00:34:31.6182516Z A path returned 202. Retrying...
2023-08-08T00:34:31.6182889Z A path returned 202. Retrying...
2023-08-08T00:34:31.6183308Z A path returned 202. Retrying...
2023-08-08T00:34:31.6183779Z A path returned 202. Retrying...
2023-08-08T00:34:31.6184159Z A path returned 202. Retrying...
2023-08-08T00:34:31.6184530Z A path returned 202. Retrying...
2023-08-08T00:34:31.6184925Z A path returned 202. Retrying...
2023-08-08T00:34:31.6185302Z A path returned 202. Retrying...
2023-08-08T00:34:31.6185621Z A path returned 202. Retrying...
2023-08-08T00:34:31.6185939Z A path returned 202. Retrying...
2023-08-08T00:34:31.6186309Z A path returned 202. Retrying...
2023-08-08T00:34:31.6186707Z A path returned 202. Retrying...
2023-08-08T00:34:31.6187097Z A path returned 202. Retrying...
2023-08-08T00:34:31.6187458Z A path returned 202. Retrying...
2023-08-08T00:34:31.6187818Z A path returned 202. Retrying...
2023-08-08T00:34:31.6188223Z A path returned 202. Retrying...
2023-08-08T00:34:31.6188593Z A path returned 202. Retrying...
2023-08-08T00:34:31.6188940Z A path returned 202. Retrying...
2023-08-08T00:34:31.6189305Z A path returned 202. Retrying...
2023-08-08T00:34:31.6189704Z A path returned 202. Retrying...
2023-08-08T00:34:31.6190027Z A path returned 202. Retrying...
2023-08-08T00:34:31.6190396Z A path returned 202. Retrying...
2023-08-08T00:34:31.6190766Z A path returned 202. Retrying...
2023-08-08T00:34:31.6191172Z A path returned 202. Retrying...
2023-08-08T00:34:31.6191544Z A path returned 202. Retrying...
2023-08-08T00:34:31.6191909Z A path returned 202. Retrying...
2023-08-08T00:34:31.6192272Z A path returned 202. Retrying...
2023-08-08T00:34:31.6192637Z A path returned 202. Retrying...
2023-08-08T00:34:31.6193003Z A path returned 202. Retrying...
2023-08-08T00:34:31.6193372Z A path returned 202. Retrying...
2023-08-08T00:34:31.6193740Z A path returned 202. Retrying...
2023-08-08T00:34:31.6194289Z A path returned 202. Retrying...
2023-08-08T00:34:31.6194617Z A path returned 202. Retrying...
2023-08-08T00:34:31.6195005Z A path returned 202. Retrying...
2023-08-08T00:34:31.6195353Z A path returned 202. Retrying...
2023-08-08T00:34:31.6195759Z A path returned 202. Retrying...
2023-08-08T00:34:31.6196132Z A path returned 202. Retrying...
2023-08-08T00:34:31.6196493Z A path returned 202. Retrying...
2023-08-08T00:34:31.6196863Z A path returned 202. Retrying...
2023-08-08T00:34:31.6197263Z A path returned 202. Retrying...
2023-08-08T00:34:31.6197629Z A path returned 202. Retrying...
2023-08-08T00:34:31.6197990Z A path returned 202. Retrying...
2023-08-08T00:34:31.6198357Z A path returned 202. Retrying...
2023-08-08T00:34:31.6198756Z A path returned 202. Retrying...
2023-08-08T00:34:31.6199114Z A path returned 202. Retrying...
2023-08-08T00:34:31.6199413Z A path returned 202. Retrying...
2023-08-08T00:34:31.6199783Z A path returned 202. Retrying...
2023-08-08T00:34:31.6200157Z A path returned 202. Retrying...
2023-08-08T00:34:31.6200546Z A path returned 202. Retrying...
2023-08-08T00:34:31.6200914Z A path returned 202. Retrying...
2023-08-08T00:34:31.6201253Z A path returned 202. Retrying...
2023-08-08T00:34:31.6201561Z A path returned 202. Retrying...
2023-08-08T00:34:31.6201891Z A path returned 202. Retrying...
2023-08-08T00:34:31.6202194Z A path returned 202. Retrying...
2023-08-08T00:34:31.6202504Z A path returned 202. Retrying...
2023-08-08T00:34:31.6202757Z A path returned 202. Retrying...
2023-08-08T00:34:31.6203079Z A path returned 202. Retrying...
2023-08-08T00:34:31.6203377Z A path returned 202. Retrying...
2023-08-08T00:34:31.6203684Z A path returned 202. Retrying...
2023-08-08T00:34:31.6203997Z A path returned 202. Retrying...
2023-08-08T00:34:31.6204405Z A path returned 202. Retrying...
2023-08-08T00:34:31.6204776Z A path returned 202. Retrying...
2023-08-08T00:34:31.6205153Z A path returned 202. Retrying...
2023-08-08T00:34:31.6205520Z A path returned 202. Retrying...
2023-08-08T00:34:31.6205834Z A path returned 202. Retrying...
2023-08-08T00:34:31.6206226Z A path returned 202. Retrying...
2023-08-08T00:34:31.6206769Z A path returned 202. Retrying...
2023-08-08T00:34:31.6207137Z A path returned 202. Retrying...
2023-08-08T00:34:31.6207503Z A path returned 202. Retrying...
2023-08-08T00:34:31.6208019Z A path returned 202. Retrying...
2023-08-08T00:34:31.6208390Z A path returned 202. Retrying...
2023-08-08T00:34:31.6208753Z A path returned 202. Retrying...
2023-08-08T00:43:18.7493920Z A path returned 202. Retrying...
2023-08-08T00:43:18.7494312Z A path returned 202. Retrying...
2023-08-08T00:43:18.7494546Z A path returned 202. Retrying...
2023-08-08T00:43:18.7494780Z A path returned 202. Retrying...
2023-08-08T00:43:18.7495012Z A path returned 202. Retrying...
2023-08-08T00:43:18.7495251Z A path returned 202. Retrying...
2023-08-08T00:43:18.7495483Z A path returned 202. Retrying...
2023-08-08T00:43:18.7495708Z A path returned 202. Retrying...
2023-08-08T00:43:18.7495941Z A path returned 202. Retrying...
2023-08-08T00:43:18.7496166Z A path returned 202. Retrying...
2023-08-08T00:43:18.7496410Z A path returned 202. Retrying...
2023-08-08T00:43:18.7496634Z A path returned 202. Retrying...
2023-08-08T00:43:18.7496862Z A path returned 202. Retrying...
2023-08-08T00:43:18.7497093Z A path returned 202. Retrying...
2023-08-08T00:43:18.7497330Z A path returned 202. Retrying...
2023-08-08T00:43:18.7497558Z A path returned 202. Retrying...
2023-08-08T00:43:18.7497789Z A path returned 202. Retrying...
2023-08-08T00:43:18.7498005Z A path returned 202. Retrying...
2023-08-08T00:43:18.7498235Z A path returned 202. Retrying...
2023-08-08T00:43:18.7498462Z A path returned 202. Retrying...
2023-08-08T00:43:18.7498692Z A path returned 202. Retrying...
2023-08-08T00:43:18.7498919Z A path returned 202. Retrying...
2023-08-08T00:43:18.7499149Z A path returned 202. Retrying...
2023-08-08T00:43:18.7499373Z A path returned 202. Retrying...
2023-08-08T00:43:18.7499597Z A path returned 202. Retrying...
2023-08-08T00:43:18.7499817Z A path returned 202. Retrying...
2023-08-08T00:43:18.7500038Z A path returned 202. Retrying...
2023-08-08T00:43:18.7500274Z A path returned 202. Retrying...
2023-08-08T00:43:18.7500502Z A path returned 202. Retrying...
2023-08-08T00:43:18.7500733Z A path returned 202. Retrying...
2023-08-08T00:43:18.7500967Z A path returned 202. Retrying...
2023-08-08T00:43:18.7501196Z A path returned 202. Retrying...
2023-08-08T00:43:18.7501418Z A path returned 202. Retrying...
2023-08-08T00:43:18.7501635Z A path returned 202. Retrying...
2023-08-08T00:43:18.7501856Z A path returned 202. Retrying...
2023-08-08T00:43:18.7502080Z A path returned 202. Retrying...
2023-08-08T00:43:18.7502310Z A path returned 202. Retrying...
2023-08-08T00:43:18.7502535Z A path returned 202. Retrying...
2023-08-08T00:43:18.7502758Z A path returned 202. Retrying...
2023-08-08T00:43:18.7502982Z A path returned 202. Retrying...
2023-08-08T00:43:18.7503198Z A path returned 202. Retrying...
2023-08-08T00:43:18.7503422Z A path returned 202. Retrying...
2023-08-08T00:43:18.7503643Z A path returned 202. Retrying...
2023-08-08T00:43:18.7503870Z A path returned 202. Retrying...
2023-08-08T00:43:18.7504093Z A path returned 202. Retrying...
2023-08-08T00:43:18.7504316Z A path returned 202. Retrying...
2023-08-08T00:43:18.7504540Z A path returned 202. Retrying...
2023-08-08T00:43:18.7504769Z A path returned 202. Retrying...
2023-08-08T00:43:18.7504989Z A path returned 202. Retrying...
2023-08-08T00:43:18.7505210Z A path returned 202. Retrying...
2023-08-08T00:43:18.7505434Z A path returned 202. Retrying...
2023-08-08T00:43:18.7505660Z A path returned 202. Retrying...
2023-08-08T00:43:18.7505881Z A path returned 202. Retrying...
2023-08-08T00:43:18.7506107Z A path returned 202. Retrying...
2023-08-08T00:43:18.7506334Z A path returned 202. Retrying...
2023-08-08T00:43:18.7506558Z A path returned 202. Retrying...
2023-08-08T00:43:18.7506778Z A path returned 202. Retrying...
2023-08-08T00:43:18.7507001Z A path returned 202. Retrying...
2023-08-08T00:43:18.7507225Z A path returned 202. Retrying...
2023-08-08T00:43:18.7507450Z A path returned 202. Retrying...
2023-08-08T00:43:18.7508082Z A path returned 202. Retrying...
2023-08-08T00:43:18.7508306Z A path returned 202. Retrying...
2023-08-08T00:43:18.7508535Z A path returned 202. Retrying...
2023-08-08T00:43:18.7508906Z A path returned 202. Retrying...
2023-08-08T00:43:18.7509135Z A path returned 202. Retrying...
2023-08-08T00:43:18.7509362Z A path returned 202. Retrying...
2023-08-08T00:43:18.7509586Z A path returned 202. Retrying...
2023-08-08T00:43:18.7509810Z A path returned 202. Retrying...
2023-08-08T00:43:18.7510033Z A path returned 202. Retrying...
2023-08-08T00:43:18.7510255Z A path returned 202. Retrying...
2023-08-08T00:43:18.7510481Z A path returned 202. Retrying...
2023-08-08T00:43:18.7510700Z A path returned 202. Retrying...
2023-08-08T00:43:18.7510921Z A path returned 202. Retrying...
2023-08-08T00:43:18.7511146Z A path returned 202. Retrying...
2023-08-08T00:43:18.7511371Z A path returned 202. Retrying...
2023-08-08T00:43:18.7511593Z A path returned 202. Retrying...
2023-08-08T00:43:18.7511823Z A path returned 202. Retrying...
2023-08-08T00:43:18.7512044Z A path returned 202. Retrying...
2023-08-08T00:43:18.7512267Z A path returned 202. Retrying...
2023-08-08T00:43:18.7512488Z A path returned 202. Retrying...
2023-08-08T00:43:18.7512712Z A path returned 202. Retrying...
2023-08-08T00:43:18.7512938Z A path returned 202. Retrying...
2023-08-08T00:43:18.7513164Z A path returned 202. Retrying...
2023-08-08T00:43:18.7513387Z A path returned 202. Retrying...
2023-08-08T00:43:18.7513609Z A path returned 202. Retrying...
2023-08-08T00:43:18.7514051Z A path returned 202. Retrying...
2023-08-08T00:43:18.7514272Z A path returned 202. Retrying...
2023-08-08T00:43:18.7514496Z A path returned 202. Retrying...
2023-08-08T00:43:18.7514723Z A path returned 202. Retrying...
2023-08-08T00:43:18.7514957Z A path returned 202. Retrying...
2023-08-08T00:43:18.7515184Z A path returned 202. Retrying...
2023-08-08T00:43:18.7515410Z A path returned 202. Retrying...
2023-08-08T00:43:18.7515634Z A path returned 202. Retrying...
2023-08-08T00:43:18.7515862Z A path returned 202. Retrying...
2023-08-08T00:43:18.7516079Z A path returned 202. Retrying...
2023-08-08T00:43:18.7516305Z A path returned 202. Retrying...
2023-08-08T00:43:18.7516533Z A path returned 202. Retrying...
2023-08-08T00:43:18.7516762Z A path returned 202. Retrying...
2023-08-08T00:43:18.7516990Z A path returned 202. Retrying...
2023-08-08T00:43:18.7517217Z A path returned 202. Retrying...
2023-08-08T00:43:18.7517443Z A path returned 202. Retrying...
2023-08-08T00:43:18.7517666Z A path returned 202. Retrying...
2023-08-08T00:43:18.7517883Z A path returned 202. Retrying...
2023-08-08T00:43:18.7518104Z A path returned 202. Retrying...
2023-08-08T00:43:18.7518330Z A path returned 202. Retrying...
2023-08-08T00:43:18.7518555Z A path returned 202. Retrying...
2023-08-08T00:43:18.7518783Z A path returned 202. Retrying...
2023-08-08T00:43:18.7519008Z A path returned 202. Retrying...
2023-08-08T00:43:18.7519234Z A path returned 202. Retrying...
2023-08-08T00:43:18.7519456Z A path returned 202. Retrying...
2023-08-08T00:43:18.7519681Z A path returned 202. Retrying...
2023-08-08T00:43:18.7519901Z A path returned 202. Retrying...
2023-08-08T00:43:18.7520130Z A path returned 202. Retrying...
2023-08-08T00:43:18.7520360Z A path returned 202. Retrying...
2023-08-08T00:43:18.7520590Z A path returned 202. Retrying...
2023-08-08T00:43:18.7520816Z A path returned 202. Retrying...
2023-08-08T00:43:18.7521044Z A path returned 202. Retrying...
2023-08-08T00:43:18.7521261Z A path returned 202. Retrying...
2023-08-08T00:43:18.7521486Z A path returned 202. Retrying...
2023-08-08T00:43:18.7521711Z A path returned 202. Retrying...
2023-08-08T00:43:18.7521935Z A path returned 202. Retrying...
2023-08-08T00:43:18.7522159Z A path returned 202. Retrying...
2023-08-08T00:43:18.7522386Z A path returned 202. Retrying...
2023-08-08T00:43:18.7522612Z A path returned 202. Retrying...
2023-08-08T00:43:18.7522886Z A path returned 202. Retrying...
2023-08-08T00:43:18.7523116Z A path returned 202. Retrying...
2023-08-08T00:43:18.7523486Z A path returned 202. Retrying...
2023-08-08T00:43:18.7523703Z A path returned 202. Retrying...
2023-08-08T00:43:18.7523929Z A path returned 202. Retrying...
2023-08-08T00:43:18.7524260Z A path returned 202. Retrying...
2023-08-08T00:43:18.7524494Z A path returned 202. Retrying...
2023-08-08T00:43:18.7524721Z A path returned 202. Retrying...
2023-08-08T00:43:18.7524945Z A path returned 202. Retrying...
2023-08-08T00:43:18.7525173Z A path returned 202. Retrying...
2023-08-08T00:43:18.7525400Z A path returned 202. Retrying...
2023-08-08T00:43:18.7525618Z A path returned 202. Retrying...
2023-08-08T00:43:18.7525837Z A path returned 202. Retrying...
2023-08-08T00:43:18.7526064Z A path returned 202. Retrying...
2023-08-08T00:43:18.7526294Z A path returned 202. Retrying...
2023-08-08T00:43:18.7526521Z A path returned 202. Retrying...
2023-08-08T00:43:18.7526745Z A path returned 202. Retrying...
2023-08-08T00:43:18.7526969Z A path returned 202. Retrying...
2023-08-08T00:43:18.7527187Z A path returned 202. Retrying...
2023-08-08T00:43:18.7527413Z A path returned 202. Retrying...
2023-08-08T00:43:18.7527637Z A path returned 202. Retrying...
2023-08-08T00:43:18.7527868Z A path returned 202. Retrying...
2023-08-08T00:43:18.7528098Z A path returned 202. Retrying...
2023-08-08T00:43:18.7528323Z A path returned 202. Retrying...
2023-08-08T00:43:18.7528548Z A path returned 202. Retrying...
2023-08-08T00:43:18.7528775Z A path returned 202. Retrying...
2023-08-08T00:43:18.7528992Z A path returned 202. Retrying...
2023-08-08T00:43:18.7529213Z A path returned 202. Retrying...
2023-08-08T00:43:18.7529437Z A path returned 202. Retrying...
2023-08-08T00:43:18.7529661Z A path returned 202. Retrying...
2023-08-08T00:43:18.7529888Z A path returned 202. Retrying...
2023-08-08T00:43:18.7530110Z A path returned 202. Retrying...
2023-08-08T00:43:18.7530340Z A path returned 202. Retrying...
2023-08-08T00:43:18.7530565Z A path returned 202. Retrying...
2023-08-08T00:43:18.7530786Z A path returned 202. Retrying...
2023-08-08T00:43:18.7531009Z A path returned 202. Retrying...
2023-08-08T00:43:18.7531232Z A path returned 202. Retrying...
2023-08-08T00:43:18.7531457Z A path returned 202. Retrying...
2023-08-08T00:43:18.7531689Z A path returned 202. Retrying...
2023-08-08T00:43:18.7531911Z A path returned 202. Retrying...
2023-08-08T00:43:18.7532138Z A path returned 202. Retrying...
2023-08-08T00:43:18.7532356Z A path returned 202. Retrying...
2023-08-08T00:43:18.7532589Z A path returned 202. Retrying...
2023-08-08T00:43:18.7532815Z A path returned 202. Retrying...
2023-08-08T00:43:18.7533041Z A path returned 202. Retrying...
2023-08-08T00:43:18.7533263Z A path returned 202. Retrying...
2023-08-08T00:43:18.7533487Z A path returned 202. Retrying...
2023-08-08T00:43:18.7533706Z A path returned 202. Retrying...
2023-08-08T00:43:18.7533930Z A path returned 202. Retrying...
2023-08-08T00:43:18.7534148Z A path returned 202. Retrying...
2023-08-08T00:43:18.7534370Z A path returned 202. Retrying...
2023-08-08T00:43:18.7534602Z A path returned 202. Retrying...
2023-08-08T00:43:18.7534827Z A path returned 202. Retrying...
2023-08-08T00:43:18.7535053Z A path returned 202. Retrying...
2023-08-08T00:43:18.7535277Z A path returned 202. Retrying...
2023-08-08T00:43:18.7535504Z A path returned 202. Retrying...
2023-08-08T00:43:18.7535728Z A path returned 202. Retrying...
2023-08-08T00:43:18.7535951Z A path returned 202. Retrying...
2023-08-08T00:43:18.7536173Z A path returned 202. Retrying...
2023-08-08T00:43:18.7536402Z A path returned 202. Retrying...
2023-08-08T00:43:18.7536628Z A path returned 202. Retrying...
2023-08-08T00:43:18.7536850Z A path returned 202. Retrying...
2023-08-08T00:43:18.7537074Z A path returned 202. Retrying...
2023-08-08T00:43:18.7537296Z A path returned 202. Retrying...
2023-08-08T00:43:18.7537521Z A path returned 202. Retrying...
2023-08-08T00:43:18.7537742Z A path returned 202. Retrying...
2023-08-08T00:43:18.7537965Z A path returned 202. Retrying...
2023-08-08T00:43:18.7538192Z A path returned 202. Retrying...
2023-08-08T00:43:18.7538532Z A path returned 202. Retrying...
2023-08-08T00:43:18.7538760Z A path returned 202. Retrying...
2023-08-08T00:43:18.7538990Z A path returned 202. Retrying...
2023-08-08T00:43:18.7539312Z A path returned 202. Retrying...
2023-08-08T00:43:18.7539536Z A path returned 202. Retrying...
2023-08-08T00:43:18.7539758Z A path returned 202. Retrying...
2023-08-08T00:43:18.7539983Z A path returned 202. Retrying...
2023-08-08T00:43:18.7540210Z A path returned 202. Retrying...
2023-08-08T00:43:18.7540437Z A path returned 202. Retrying...
2023-08-08T00:43:18.7540665Z A path returned 202. Retrying...
2023-08-08T00:43:18.7540890Z A path returned 202. Retrying...
2023-08-08T00:43:18.7541115Z A path returned 202. Retrying...
2023-08-08T00:43:18.7541332Z A path returned 202. Retrying...
2023-08-08T00:43:18.7541551Z A path returned 202. Retrying...
2023-08-08T00:43:18.7541780Z A path returned 202. Retrying...
2023-08-08T00:43:18.7542007Z A path returned 202. Retrying...
2023-08-08T00:43:18.7542236Z A path returned 202. Retrying...
2023-08-08T00:43:18.7542462Z A path returned 202. Retrying...
2023-08-08T00:43:18.7542685Z A path returned 202. Retrying...
2023-08-08T00:43:18.7542909Z A path returned 202. Retrying...
2023-08-08T00:43:18.7543130Z A path returned 202. Retrying...
2023-08-08T00:43:18.7543351Z A path returned 202. Retrying...
2023-08-08T00:43:18.7543580Z A path returned 202. Retrying...
2023-08-08T00:43:18.7543804Z A path returned 202. Retrying...
2023-08-08T00:43:18.7544029Z A path returned 202. Retrying...
2023-08-08T00:43:18.7544255Z A path returned 202. Retrying...
2023-08-08T00:43:18.7544483Z A path returned 202. Retrying...
2023-08-08T00:43:18.7544702Z A path returned 202. Retrying...
2023-08-08T00:43:18.7544920Z A path returned 202. Retrying...
2023-08-08T00:43:18.7545147Z A path returned 202. Retrying...
2023-08-08T00:43:18.7545369Z A path returned 202. Retrying...
2023-08-08T00:43:18.7545599Z A path returned 202. Retrying...
2023-08-08T00:43:18.7545825Z A path returned 202. Retrying...
2023-08-08T00:43:18.7546056Z A path returned 202. Retrying...
2023-08-08T00:43:18.7546283Z A path returned 202. Retrying...
2023-08-08T00:43:18.7546500Z A path returned 202. Retrying...
2023-08-08T00:43:18.7546724Z A path returned 202. Retrying...
2023-08-08T00:43:18.7546950Z A path returned 202. Retrying...
2023-08-08T00:43:18.7547173Z A path returned 202. Retrying...
2023-08-08T00:43:18.7547397Z A path returned 202. Retrying...
2023-08-08T00:43:18.7547623Z A path returned 202. Retrying...
2023-08-08T00:43:18.7547849Z A path returned 202. Retrying...
2023-08-08T00:43:18.7548076Z A path returned 202. Retrying...
2023-08-08T00:43:18.7548294Z A path returned 202. Retrying...
2023-08-08T00:43:18.7548519Z A path returned 202. Retrying...
2023-08-08T00:43:18.7548741Z A path returned 202. Retrying...
2023-08-08T00:43:18.7548970Z A path returned 202. Retrying...
2023-08-08T00:43:18.7549192Z A path returned 202. Retrying...
2023-08-08T00:43:18.7549417Z A path returned 202. Retrying...
2023-08-08T00:43:18.7549650Z A path returned 202. Retrying...
2023-08-08T00:43:18.7549864Z A path returned 202. Retrying...
2023-08-08T00:43:18.7550088Z A path returned 202. Retrying...
2023-08-08T00:43:18.7550311Z A path returned 202. Retrying...
2023-08-08T00:43:18.7550541Z A path returned 202. Retrying...
2023-08-08T00:43:18.7550761Z A path returned 202. Retrying...
2023-08-08T00:43:18.7550988Z A path returned 202. Retrying...
2023-08-08T00:52:07.2342674Z A path returned 202. Retrying...
2023-08-08T00:52:07.2383015Z A path returned 202. Retrying...
2023-08-08T00:52:07.2383272Z A path returned 202. Retrying...
2023-08-08T00:52:07.2383641Z A path returned 202. Retrying...
2023-08-08T00:52:07.2383879Z A path returned 202. Retrying...
2023-08-08T00:52:07.2384118Z A path returned 202. Retrying...
2023-08-08T00:52:07.2384364Z A path returned 202. Retrying...
2023-08-08T00:52:07.2384605Z A path returned 202. Retrying...
2023-08-08T00:52:07.2384840Z A path returned 202. Retrying...
2023-08-08T00:52:07.2385058Z A path returned 202. Retrying...
2023-08-08T00:52:07.2385690Z A path returned 202. Retrying...
2023-08-08T00:52:07.2385908Z A path returned 202. Retrying...
2023-08-08T00:52:07.2386134Z A path returned 202. Retrying...
2023-08-08T00:52:07.2386364Z A path returned 202. Retrying...
2023-08-08T00:52:07.2386747Z A path returned 202. Retrying...
2023-08-08T00:52:07.2386981Z A path returned 202. Retrying...
2023-08-08T00:52:07.2387207Z A path returned 202. Retrying...
2023-08-08T00:52:07.2387429Z A path returned 202. Retrying...
2023-08-08T00:52:07.2387643Z A path returned 202. Retrying...
2023-08-08T00:52:07.2387866Z A path returned 202. Retrying...
2023-08-08T00:52:07.2388083Z A path returned 202. Retrying...
2023-08-08T00:52:07.2388300Z A path returned 202. Retrying...
2023-08-08T00:52:07.2388520Z A path returned 202. Retrying...
2023-08-08T00:52:07.2388743Z A path returned 202. Retrying...
2023-08-08T00:52:07.2388964Z A path returned 202. Retrying...
2023-08-08T00:52:07.2389185Z A path returned 202. Retrying...
2023-08-08T00:52:07.2389406Z A path returned 202. Retrying...
2023-08-08T00:52:07.2389622Z A path returned 202. Retrying...
2023-08-08T00:52:07.2389841Z A path returned 202. Retrying...
2023-08-08T00:52:07.2390063Z A path returned 202. Retrying...
2023-08-08T00:52:07.2390293Z A path returned 202. Retrying...
2023-08-08T00:52:07.2390513Z A path returned 202. Retrying...
2023-08-08T00:52:07.2390732Z A path returned 202. Retrying...
2023-08-08T00:52:07.2390952Z A path returned 202. Retrying...
2023-08-08T00:52:07.2391170Z A path returned 202. Retrying...
2023-08-08T00:52:07.2391391Z A path returned 202. Retrying...
2023-08-08T00:52:07.2391613Z A path returned 202. Retrying...
2023-08-08T00:52:07.2391838Z A path returned 202. Retrying...
2023-08-08T00:52:07.2392059Z A path returned 202. Retrying...
2023-08-08T00:52:07.2392282Z A path returned 202. Retrying...
2023-08-08T00:52:07.2392502Z A path returned 202. Retrying...
2023-08-08T00:52:07.2392714Z A path returned 202. Retrying...
2023-08-08T00:52:07.2392931Z A path returned 202. Retrying...
2023-08-08T00:52:07.2393155Z A path returned 202. Retrying...
2023-08-08T00:52:07.2393374Z A path returned 202. Retrying...
2023-08-08T00:52:07.2393594Z A path returned 202. Retrying...
2023-08-08T00:52:07.2393909Z A path returned 202. Retrying...
2023-08-08T00:52:07.2394135Z A path returned 202. Retrying...
2023-08-08T00:52:07.2394355Z A path returned 202. Retrying...
2023-08-08T00:52:07.2394567Z A path returned 202. Retrying...
2023-08-08T00:52:07.2394784Z A path returned 202. Retrying...
2023-08-08T00:52:07.2395009Z A path returned 202. Retrying...
2023-08-08T00:52:07.2395235Z A path returned 202. Retrying...
2023-08-08T00:52:07.2395457Z A path returned 202. Retrying...
2023-08-08T00:52:07.2395681Z A path returned 202. Retrying...
2023-08-08T00:52:07.2395904Z A path returned 202. Retrying...
2023-08-08T00:52:07.2396128Z A path returned 202. Retrying...
2023-08-08T00:52:07.2396341Z A path returned 202. Retrying...
2023-08-08T00:52:07.2396562Z A path returned 202. Retrying...
2023-08-08T00:52:07.2396791Z A path returned 202. Retrying...
2023-08-08T00:52:07.2397016Z A path returned 202. Retrying...
2023-08-08T00:52:07.2397239Z A path returned 202. Retrying...
2023-08-08T00:52:07.2397460Z A path returned 202. Retrying...
2023-08-08T00:52:07.2397685Z A path returned 202. Retrying...
2023-08-08T00:52:07.2397897Z A path returned 202. Retrying...
2023-08-08T00:52:07.2398119Z A path returned 202. Retrying...
2023-08-08T00:52:07.2398337Z A path returned 202. Retrying...
2023-08-08T00:52:07.2398561Z A path returned 202. Retrying...
2023-08-08T00:52:07.2398781Z A path returned 202. Retrying...
2023-08-08T00:52:07.2399003Z A path returned 202. Retrying...
2023-08-08T00:52:07.2399222Z A path returned 202. Retrying...
2023-08-08T00:52:07.2399441Z A path returned 202. Retrying...
2023-08-08T00:52:07.2399654Z A path returned 202. Retrying...
2023-08-08T00:52:07.2399871Z A path returned 202. Retrying...
2023-08-08T00:52:07.2400090Z A path returned 202. Retrying...
2023-08-08T00:52:07.2400309Z A path returned 202. Retrying...
2023-08-08T00:52:07.2400682Z A path returned 202. Retrying...
2023-08-08T00:52:07.2400906Z A path returned 202. Retrying...
2023-08-08T00:52:07.2401135Z A path returned 202. Retrying...
2023-08-08T00:52:07.2401365Z A path returned 202. Retrying...
2023-08-08T00:52:07.2401702Z A path returned 202. Retrying...
2023-08-08T00:52:07.2401928Z A path returned 202. Retrying...
2023-08-08T00:52:07.2402146Z A path returned 202. Retrying...
2023-08-08T00:52:07.2402365Z A path returned 202. Retrying...
2023-08-08T00:52:07.2402586Z A path returned 202. Retrying...
2023-08-08T00:52:07.2402805Z A path returned 202. Retrying...
2023-08-08T00:52:07.2403028Z A path returned 202. Retrying...
2023-08-08T00:52:07.2403242Z A path returned 202. Retrying...
2023-08-08T00:52:07.2403465Z A path returned 202. Retrying...
2023-08-08T00:52:07.2403684Z A path returned 202. Retrying...
2023-08-08T00:52:07.2403905Z A path returned 202. Retrying...
2023-08-08T00:52:07.2404126Z A path returned 202. Retrying...
2023-08-08T00:52:07.2404356Z A path returned 202. Retrying...
2023-08-08T00:52:07.2404577Z A path returned 202. Retrying...
2023-08-08T00:52:07.2404800Z A path returned 202. Retrying...
2023-08-08T00:52:07.2405011Z A path returned 202. Retrying...
2023-08-08T00:52:07.2405242Z A path returned 202. Retrying...
2023-08-08T00:52:07.2405463Z A path returned 202. Retrying...
2023-08-08T00:52:07.2405686Z A path returned 202. Retrying...
2023-08-08T00:52:07.2405907Z A path returned 202. Retrying...
2023-08-08T00:52:07.2406127Z A path returned 202. Retrying...
2023-08-08T00:52:07.2406349Z A path returned 202. Retrying...
2023-08-08T00:52:07.2406569Z A path returned 202. Retrying...
2023-08-08T00:52:07.2406783Z A path returned 202. Retrying...
2023-08-08T00:52:07.2406998Z A path returned 202. Retrying...
2023-08-08T00:52:07.2407215Z A path returned 202. Retrying...
2023-08-08T00:52:07.2407437Z A path returned 202. Retrying...
2023-08-08T00:52:07.2407656Z A path returned 202. Retrying...
2023-08-08T00:52:07.2407873Z A path returned 202. Retrying...
2023-08-08T00:52:07.2408096Z A path returned 202. Retrying...
2023-08-08T00:52:07.2408309Z A path returned 202. Retrying...
2023-08-08T00:52:07.2408534Z A path returned 202. Retrying...
2023-08-08T00:52:07.2408751Z A path returned 202. Retrying...
2023-08-08T00:52:07.2408972Z A path returned 202. Retrying...
2023-08-08T00:52:07.2409191Z A path returned 202. Retrying...
2023-08-08T00:52:07.2409414Z A path returned 202. Retrying...
2023-08-08T00:52:07.2409634Z A path returned 202. Retrying...
2023-08-08T00:52:07.2409852Z A path returned 202. Retrying...
2023-08-08T00:52:07.2410062Z A path returned 202. Retrying...
2023-08-08T00:52:07.2410286Z A path returned 202. Retrying...
2023-08-08T00:52:07.2410504Z A path returned 202. Retrying...
2023-08-08T00:52:07.2410724Z A path returned 202. Retrying...
2023-08-08T00:52:07.2410945Z A path returned 202. Retrying...
2023-08-08T00:52:07.2411171Z A path returned 202. Retrying...
2023-08-08T00:52:07.2411392Z A path returned 202. Retrying...
2023-08-08T00:52:07.2411616Z A path returned 202. Retrying...
2023-08-08T00:52:07.2411830Z A path returned 202. Retrying...
2023-08-08T00:52:07.2412050Z A path returned 202. Retrying...
2023-08-08T00:52:07.2412271Z A path returned 202. Retrying...
2023-08-08T00:52:07.2412498Z A path returned 202. Retrying...
2023-08-08T00:52:07.2412724Z A path returned 202. Retrying...
2023-08-08T00:52:07.2412946Z A path returned 202. Retrying...
2023-08-08T00:52:07.2413164Z A path returned 202. Retrying...
2023-08-08T00:52:07.2413378Z A path returned 202. Retrying...
2023-08-08T00:52:07.2413601Z A path returned 202. Retrying...
2023-08-08T00:52:07.2413819Z A path returned 202. Retrying...
2023-08-08T00:52:07.2414038Z A path returned 202. Retrying...
2023-08-08T00:52:07.2414257Z A path returned 202. Retrying...
2023-08-08T00:52:07.2414476Z A path returned 202. Retrying...
2023-08-08T00:52:07.2414695Z A path returned 202. Retrying...
2023-08-08T00:52:07.2414914Z A path returned 202. Retrying...
2023-08-08T00:52:07.2415128Z A path returned 202. Retrying...
2023-08-08T00:52:07.2415468Z A path returned 202. Retrying...
2023-08-08T00:52:07.2415688Z A path returned 202. Retrying...
2023-08-08T00:52:07.2415908Z A path returned 202. Retrying...
2023-08-08T00:52:07.2416133Z A path returned 202. Retrying...
2023-08-08T00:52:07.2416445Z A path returned 202. Retrying...
2023-08-08T00:52:07.2416672Z A path returned 202. Retrying...
2023-08-08T00:52:07.2416896Z A path returned 202. Retrying...
2023-08-08T00:52:07.2417111Z A path returned 202. Retrying...
2023-08-08T00:52:07.2417332Z A path returned 202. Retrying...
2023-08-08T00:52:07.2417554Z A path returned 202. Retrying...
2023-08-08T00:52:07.2417777Z A path returned 202. Retrying...
2023-08-08T00:52:07.2417998Z A path returned 202. Retrying...
2023-08-08T00:52:07.2418217Z A path returned 202. Retrying...
2023-08-08T00:52:07.2418521Z A path returned 202. Retrying...
2023-08-08T00:52:07.2418855Z A path returned 202. Retrying...
2023-08-08T00:52:07.2419114Z A path returned 202. Retrying...
2023-08-08T00:52:07.2419416Z A path returned 202. Retrying...
2023-08-08T00:52:07.2419837Z A path returned 202. Retrying...
2023-08-08T00:52:07.2420150Z A path returned 202. Retrying...
2023-08-08T00:52:07.2420458Z A path returned 202. Retrying...
2023-08-08T00:52:07.2420760Z A path returned 202. Retrying...
2023-08-08T00:52:07.2421104Z A path returned 202. Retrying...
2023-08-08T00:52:07.2421416Z A path returned 202. Retrying...
2023-08-08T00:52:07.2421712Z A path returned 202. Retrying...
2023-08-08T00:52:07.2421971Z A path returned 202. Retrying...
2023-08-08T00:52:07.2422303Z A path returned 202. Retrying...
2023-08-08T00:52:07.2422618Z A path returned 202. Retrying...
2023-08-08T00:52:07.2422919Z A path returned 202. Retrying...
2023-08-08T00:52:07.2423220Z A path returned 202. Retrying...
2023-08-08T00:52:07.2423547Z A path returned 202. Retrying...
2023-08-08T00:52:07.2423863Z A path returned 202. Retrying...
2023-08-08T00:52:07.2424118Z A path returned 202. Retrying...
2023-08-08T00:52:07.2424422Z A path returned 202. Retrying...
2023-08-08T00:52:07.2424723Z A path returned 202. Retrying...
2023-08-08T00:52:07.2425063Z A path returned 202. Retrying...
2023-08-08T00:52:07.2425360Z A path returned 202. Retrying...
2023-08-08T00:52:07.2425668Z A path returned 202. Retrying...
2023-08-08T00:52:07.2425965Z A path returned 202. Retrying...
2023-08-08T00:52:07.2426303Z A path returned 202. Retrying...
2023-08-08T00:52:07.2426556Z A path returned 202. Retrying...
2023-08-08T00:52:07.2426857Z A path returned 202. Retrying...
2023-08-08T00:52:07.2427153Z A path returned 202. Retrying...
2023-08-08T00:52:07.2542826Z A path returned 202. Retrying...
2023-08-08T00:52:07.2543200Z A path returned 202. Retrying...
2023-08-08T00:52:07.2543450Z A path returned 202. Retrying...
2023-08-08T00:52:07.2543694Z A path returned 202. Retrying...
2023-08-08T00:52:07.2543932Z A path returned 202. Retrying...
2023-08-08T00:52:07.2544169Z A path returned 202. Retrying...
2023-08-08T00:52:07.2544403Z A path returned 202. Retrying...
2023-08-08T00:52:07.2544623Z A path returned 202. Retrying...
2023-08-08T00:52:07.2544875Z A path returned 202. Retrying...
2023-08-08T00:52:07.2545101Z A path returned 202. Retrying...
2023-08-08T00:52:07.2545329Z A path returned 202. Retrying...
2023-08-08T00:52:07.2545565Z A path returned 202. Retrying...
2023-08-08T00:52:07.2545793Z A path returned 202. Retrying...
2023-08-08T00:52:07.2546023Z A path returned 202. Retrying...
2023-08-08T00:52:07.2546253Z A path returned 202. Retrying...
2023-08-08T00:52:07.2546469Z A path returned 202. Retrying...
2023-08-08T00:52:07.2546698Z A path returned 202. Retrying...
2023-08-08T00:52:07.2546919Z A path returned 202. Retrying...
2023-08-08T00:52:07.2547146Z A path returned 202. Retrying...
2023-08-08T00:52:07.2547369Z A path returned 202. Retrying...
2023-08-08T00:52:07.2547598Z A path returned 202. Retrying...
2023-08-08T00:52:07.2547825Z A path returned 202. Retrying...
2023-08-08T00:52:07.2548051Z A path returned 202. Retrying...
2023-08-08T00:52:07.2548269Z A path returned 202. Retrying...
2023-08-08T00:52:07.2548880Z A path returned 202. Retrying...
2023-08-08T00:52:07.2549111Z A path returned 202. Retrying...
2023-08-08T00:52:07.2549342Z A path returned 202. Retrying...
2023-08-08T00:52:07.2549569Z A path returned 202. Retrying...
2023-08-08T00:52:07.2550151Z A path returned 202. Retrying...
2023-08-08T00:52:07.2550388Z A path returned 202. Retrying...
2023-08-08T00:52:07.2550606Z A path returned 202. Retrying...
2023-08-08T00:52:07.2550841Z A path returned 202. Retrying...
2023-08-08T00:52:07.2551067Z A path returned 202. Retrying...
2023-08-08T00:52:07.2551296Z A path returned 202. Retrying...
2023-08-08T00:52:07.2551526Z A path returned 202. Retrying...
2023-08-08T00:52:07.2551749Z A path returned 202. Retrying...
2023-08-08T00:52:07.2551973Z A path returned 202. Retrying...
2023-08-08T00:52:07.2552198Z A path returned 202. Retrying...
2023-08-08T00:52:07.2552413Z A path returned 202. Retrying...
2023-08-08T00:52:07.2552640Z A path returned 202. Retrying...
2023-08-08T00:52:07.2552861Z A path returned 202. Retrying...
2023-08-08T00:52:07.2553092Z A path returned 202. Retrying...
2023-08-08T00:52:07.2553321Z A path returned 202. Retrying...
2023-08-08T00:52:07.2553546Z A path returned 202. Retrying...
2023-08-08T00:52:07.2553778Z A path returned 202. Retrying...
2023-08-08T00:52:07.2554167Z A path returned 202. Retrying...
2023-08-08T00:52:07.2554387Z A path returned 202. Retrying...
2023-08-08T00:52:07.2554609Z A path returned 202. Retrying...
2023-08-08T00:52:07.2554842Z A path returned 202. Retrying...
2023-08-08T00:52:07.2555068Z A path returned 202. Retrying...
2023-08-08T00:52:07.2555296Z A path returned 202. Retrying...
2023-08-08T00:52:07.2555520Z A path returned 202. Retrying...
2023-08-08T00:52:07.2555747Z A path returned 202. Retrying...
2023-08-08T00:52:07.2555969Z A path returned 202. Retrying...
2023-08-08T00:52:07.2556186Z A path returned 202. Retrying...
2023-08-08T00:52:07.2556412Z A path returned 202. Retrying...
2023-08-08T00:52:07.2556638Z A path returned 202. Retrying...
2023-08-08T00:52:07.2556869Z A path returned 202. Retrying...
2023-08-08T00:52:07.2557094Z A path returned 202. Retrying...
2023-08-08T00:52:07.2557318Z A path returned 202. Retrying...
2023-08-08T00:52:07.2557540Z A path returned 202. Retrying...
2023-08-08T00:52:07.2557761Z A path returned 202. Retrying...
2023-08-08T00:52:07.2557988Z A path returned 202. Retrying...
2023-08-08T00:52:07.2558211Z A path returned 202. Retrying...
2023-08-08T01:00:54.6363002Z A path returned 202. Retrying...
2023-08-08T01:00:54.6363324Z A path returned 202. Retrying...
2023-08-08T01:00:54.6363568Z A path returned 202. Retrying...
2023-08-08T01:00:54.6363801Z A path returned 202. Retrying...
2023-08-08T01:00:54.6364033Z A path returned 202. Retrying...
2023-08-08T01:00:54.6364264Z A path returned 202. Retrying...
2023-08-08T01:00:54.6364486Z A path returned 202. Retrying...
2023-08-08T01:00:54.6364717Z A path returned 202. Retrying...
2023-08-08T01:00:54.6364938Z A path returned 202. Retrying...
2023-08-08T01:00:54.6365166Z A path returned 202. Retrying...
2023-08-08T01:00:54.6365414Z A path returned 202. Retrying...
2023-08-08T01:00:54.6365639Z A path returned 202. Retrying...
2023-08-08T01:00:54.6365859Z A path returned 202. Retrying...
2023-08-08T01:00:54.6366089Z A path returned 202. Retrying...
2023-08-08T01:00:54.6366305Z A path returned 202. Retrying...
2023-08-08T01:00:54.6366527Z A path returned 202. Retrying...
2023-08-08T01:00:54.6366749Z A path returned 202. Retrying...
2023-08-08T01:00:54.6366970Z A path returned 202. Retrying...
2023-08-08T01:00:54.6367195Z A path returned 202. Retrying...
2023-08-08T01:00:54.6367418Z A path returned 202. Retrying...
2023-08-08T01:00:54.6367637Z A path returned 202. Retrying...
2023-08-08T01:00:54.6367859Z A path returned 202. Retrying...
2023-08-08T01:00:54.6368075Z A path returned 202. Retrying...
2023-08-08T01:00:54.6368297Z A path returned 202. Retrying...
2023-08-08T01:00:54.6368519Z A path returned 202. Retrying...
2023-08-08T01:00:54.6368740Z A path returned 202. Retrying...
2023-08-08T01:00:54.6369364Z A path returned 202. Retrying...
2023-08-08T01:00:54.6369592Z A path returned 202. Retrying...
2023-08-08T01:00:54.6369822Z A path returned 202. Retrying...
2023-08-08T01:00:54.6370037Z A path returned 202. Retrying...
2023-08-08T01:00:54.6370411Z A path returned 202. Retrying...
2023-08-08T01:00:54.6370639Z A path returned 202. Retrying...
2023-08-08T01:00:54.6370865Z A path returned 202. Retrying...
2023-08-08T01:00:54.6371090Z A path returned 202. Retrying...
2023-08-08T01:00:54.6371314Z A path returned 202. Retrying...
2023-08-08T01:00:54.6371541Z A path returned 202. Retrying...
2023-08-08T01:00:54.6371764Z A path returned 202. Retrying...
2023-08-08T01:00:54.6371982Z A path returned 202. Retrying...
2023-08-08T01:00:54.6372201Z A path returned 202. Retrying...
2023-08-08T01:00:54.6372427Z A path returned 202. Retrying...
2023-08-08T01:00:54.6372648Z A path returned 202. Retrying...
2023-08-08T01:00:54.6372873Z A path returned 202. Retrying...
2023-08-08T01:00:54.6373094Z A path returned 202. Retrying...
2023-08-08T01:00:54.6373325Z A path returned 202. Retrying...
2023-08-08T01:00:54.6373616Z A path returned 202. Retrying...
2023-08-08T01:00:54.6373839Z A path returned 202. Retrying...
2023-08-08T01:00:54.6374063Z A path returned 202. Retrying...
2023-08-08T01:00:54.6374285Z A path returned 202. Retrying...
2023-08-08T01:00:54.6374504Z A path returned 202. Retrying...
2023-08-08T01:00:54.6374720Z A path returned 202. Retrying...
2023-08-08T01:00:54.6374941Z A path returned 202. Retrying...
2023-08-08T01:00:54.6375164Z A path returned 202. Retrying...
2023-08-08T01:00:54.6375387Z A path returned 202. Retrying...
2023-08-08T01:00:54.6375613Z A path returned 202. Retrying...
2023-08-08T01:00:54.6375838Z A path returned 202. Retrying...
2023-08-08T01:00:54.6376057Z A path returned 202. Retrying...
2023-08-08T01:00:54.6376280Z A path returned 202. Retrying...
2023-08-08T01:00:54.6376495Z A path returned 202. Retrying...
2023-08-08T01:00:54.6376720Z A path returned 202. Retrying...
2023-08-08T01:00:54.6376950Z A path returned 202. Retrying...
2023-08-08T01:00:54.6377173Z A path returned 202. Retrying...
2023-08-08T01:00:54.6377398Z A path returned 202. Retrying...
2023-08-08T01:00:54.6377621Z A path returned 202. Retrying...
2023-08-08T01:00:54.6377847Z A path returned 202. Retrying...
2023-08-08T01:00:54.6378060Z A path returned 202. Retrying...
2023-08-08T01:00:54.6378291Z A path returned 202. Retrying...
2023-08-08T01:00:54.6378511Z A path returned 202. Retrying...
2023-08-08T01:00:54.6378731Z A path returned 202. Retrying...
2023-08-08T01:00:54.6378952Z A path returned 202. Retrying...
2023-08-08T01:00:54.6379173Z A path returned 202. Retrying...
2023-08-08T01:00:54.6379393Z A path returned 202. Retrying...
2023-08-08T01:00:54.6379612Z A path returned 202. Retrying...
2023-08-08T01:00:54.6379824Z A path returned 202. Retrying...
2023-08-08T01:00:54.6380041Z A path returned 202. Retrying...
2023-08-08T01:00:54.6380263Z A path returned 202. Retrying...
2023-08-08T01:00:54.6380486Z A path returned 202. Retrying...
2023-08-08T01:00:54.6380718Z A path returned 202. Retrying...
2023-08-08T01:00:54.6380939Z A path returned 202. Retrying...
2023-08-08T01:00:54.6381160Z A path returned 202. Retrying...
2023-08-08T01:00:54.6381389Z A path returned 202. Retrying...
2023-08-08T01:00:54.6381606Z A path returned 202. Retrying...
2023-08-08T01:00:54.6381827Z A path returned 202. Retrying...
2023-08-08T01:00:54.6382049Z A path returned 202. Retrying...
2023-08-08T01:00:54.6382273Z A path returned 202. Retrying...
2023-08-08T01:00:54.6382496Z A path returned 202. Retrying...
2023-08-08T01:00:54.6382713Z A path returned 202. Retrying...
2023-08-08T01:00:54.6382932Z A path returned 202. Retrying...
2023-08-08T01:00:54.6383143Z A path returned 202. Retrying...
2023-08-08T01:00:54.6383376Z A path returned 202. Retrying...
2023-08-08T01:00:54.6383596Z A path returned 202. Retrying...
2023-08-08T01:00:54.6383816Z A path returned 202. Retrying...
2023-08-08T01:00:54.6384035Z A path returned 202. Retrying...
2023-08-08T01:00:54.6384366Z A path returned 202. Retrying...
2023-08-08T01:00:54.6384586Z A path returned 202. Retrying...
2023-08-08T01:00:54.6384807Z A path returned 202. Retrying...
2023-08-08T01:00:54.6385019Z A path returned 202. Retrying...
2023-08-08T01:00:54.6385343Z A path returned 202. Retrying...
2023-08-08T01:00:54.6385569Z A path returned 202. Retrying...
2023-08-08T01:00:54.6385795Z A path returned 202. Retrying...
2023-08-08T01:00:54.6386021Z A path returned 202. Retrying...
2023-08-08T01:00:54.6386249Z A path returned 202. Retrying...
2023-08-08T01:00:54.6386476Z A path returned 202. Retrying...
2023-08-08T01:00:54.6386700Z A path returned 202. Retrying...
2023-08-08T01:00:54.6386918Z A path returned 202. Retrying...
2023-08-08T01:00:54.6387141Z A path returned 202. Retrying...
2023-08-08T01:00:54.6387363Z A path returned 202. Retrying...
2023-08-08T01:00:54.6387586Z A path returned 202. Retrying...
2023-08-08T01:00:54.6387806Z A path returned 202. Retrying...
2023-08-08T01:00:54.6388024Z A path returned 202. Retrying...
2023-08-08T01:00:54.6388259Z A path returned 202. Retrying...
2023-08-08T01:00:54.6388472Z A path returned 202. Retrying...
2023-08-08T01:00:54.6388696Z A path returned 202. Retrying...
2023-08-08T01:00:54.6388919Z A path returned 202. Retrying...
2023-08-08T01:00:54.6389141Z A path returned 202. Retrying...
2023-08-08T01:00:54.6389364Z A path returned 202. Retrying...
2023-08-08T01:00:54.6389588Z A path returned 202. Retrying...
2023-08-08T01:00:54.6389812Z A path returned 202. Retrying...
2023-08-08T01:00:54.6390032Z A path returned 202. Retrying...
2023-08-08T01:00:54.6390246Z A path returned 202. Retrying...
2023-08-08T01:00:54.6390463Z A path returned 202. Retrying...
2023-08-08T01:00:54.6390681Z A path returned 202. Retrying...
2023-08-08T01:00:54.6390902Z A path returned 202. Retrying...
2023-08-08T01:00:54.6391123Z A path returned 202. Retrying...
2023-08-08T01:00:54.6391342Z A path returned 202. Retrying...
2023-08-08T01:00:54.6391562Z A path returned 202. Retrying...
2023-08-08T01:00:54.6391785Z A path returned 202. Retrying...
2023-08-08T01:00:54.6392001Z A path returned 202. Retrying...
2023-08-08T01:00:54.6392219Z A path returned 202. Retrying...
2023-08-08T01:00:54.6392439Z A path returned 202. Retrying...
2023-08-08T01:00:54.6392667Z A path returned 202. Retrying...
2023-08-08T01:00:54.6392890Z A path returned 202. Retrying...
2023-08-08T01:00:54.6393110Z A path returned 202. Retrying...
2023-08-08T01:00:54.6393330Z A path returned 202. Retrying...
2023-08-08T01:00:54.6393539Z A path returned 202. Retrying...
2023-08-08T01:00:54.6393766Z A path returned 202. Retrying...
2023-08-08T01:00:54.6394166Z A path returned 202. Retrying...
2023-08-08T01:00:54.6394391Z A path returned 202. Retrying...
2023-08-08T01:00:54.6394615Z A path returned 202. Retrying...
2023-08-08T01:00:54.6394839Z A path returned 202. Retrying...
2023-08-08T01:00:54.6395059Z A path returned 202. Retrying...
2023-08-08T01:00:54.6395281Z A path returned 202. Retrying...
2023-08-08T01:00:54.6395491Z A path returned 202. Retrying...
2023-08-08T01:00:54.6395716Z A path returned 202. Retrying...
2023-08-08T01:00:54.6395942Z A path returned 202. Retrying...
2023-08-08T01:00:54.6396161Z A path returned 202. Retrying...
2023-08-08T01:00:54.6396385Z A path returned 202. Retrying...
2023-08-08T01:00:54.6396606Z A path returned 202. Retrying...
2023-08-08T01:00:54.6396826Z A path returned 202. Retrying...
2023-08-08T01:00:54.6397050Z A path returned 202. Retrying...
2023-08-08T01:00:54.6397263Z A path returned 202. Retrying...
2023-08-08T01:00:54.6397488Z A path returned 202. Retrying...
2023-08-08T01:00:54.6397709Z A path returned 202. Retrying...
2023-08-08T01:00:54.6397930Z A path returned 202. Retrying...
2023-08-08T01:00:54.6398153Z A path returned 202. Retrying...
2023-08-08T01:00:54.6398376Z A path returned 202. Retrying...
2023-08-08T01:00:54.6398595Z A path returned 202. Retrying...
2023-08-08T01:00:54.6398807Z A path returned 202. Retrying...
2023-08-08T01:00:54.6399026Z A path returned 202. Retrying...
2023-08-08T01:00:54.6399383Z A path returned 202. Retrying...
2023-08-08T01:00:54.6399609Z A path returned 202. Retrying...
2023-08-08T01:00:54.6399831Z A path returned 202. Retrying...
2023-08-08T01:00:54.6400051Z A path returned 202. Retrying...
2023-08-08T01:00:54.6400369Z A path returned 202. Retrying...
2023-08-08T01:00:54.6400595Z A path returned 202. Retrying...
2023-08-08T01:00:54.6400809Z A path returned 202. Retrying...
2023-08-08T01:00:54.6401032Z A path returned 202. Retrying...
2023-08-08T01:00:54.6401254Z A path returned 202. Retrying...
2023-08-08T01:00:54.6401476Z A path returned 202. Retrying...
2023-08-08T01:00:54.6401696Z A path returned 202. Retrying...
2023-08-08T01:00:54.6401918Z A path returned 202. Retrying...
2023-08-08T01:00:54.6402138Z A path returned 202. Retrying...
2023-08-08T01:00:54.6402358Z A path returned 202. Retrying...
2023-08-08T01:00:54.6402573Z A path returned 202. Retrying...
2023-08-08T01:00:54.6402793Z A path returned 202. Retrying...
2023-08-08T01:00:54.6403013Z A path returned 202. Retrying...
2023-08-08T01:00:54.6403239Z A path returned 202. Retrying...
2023-08-08T01:00:54.6403459Z A path returned 202. Retrying...
2023-08-08T01:00:54.6403678Z A path returned 202. Retrying...
2023-08-08T01:00:54.6403905Z A path returned 202. Retrying...
2023-08-08T01:00:54.6404117Z A path returned 202. Retrying...
2023-08-08T01:00:54.6404346Z A path returned 202. Retrying...
2023-08-08T01:00:54.6404565Z A path returned 202. Retrying...
2023-08-08T01:00:54.6404788Z A path returned 202. Retrying...
2023-08-08T01:00:54.6405010Z A path returned 202. Retrying...
2023-08-08T01:00:54.6405234Z A path returned 202. Retrying...
2023-08-08T01:00:54.6405459Z A path returned 202. Retrying...
2023-08-08T01:00:54.6405682Z A path returned 202. Retrying...
2023-08-08T01:00:54.6405894Z A path returned 202. Retrying...
2023-08-08T01:00:54.6406123Z A path returned 202. Retrying...
2023-08-08T01:00:54.6406345Z A path returned 202. Retrying...
2023-08-08T01:00:54.6406569Z A path returned 202. Retrying...
2023-08-08T01:00:54.6406796Z A path returned 202. Retrying...
2023-08-08T01:00:54.6407020Z A path returned 202. Retrying...
2023-08-08T01:00:54.6407244Z A path returned 202. Retrying...
2023-08-08T01:00:54.6407464Z A path returned 202. Retrying...
2023-08-08T01:00:54.6407683Z A path returned 202. Retrying...
2023-08-08T01:00:54.6407906Z A path returned 202. Retrying...
2023-08-08T01:00:54.6408130Z A path returned 202. Retrying...
2023-08-08T01:00:54.6408353Z A path returned 202. Retrying...
2023-08-08T01:00:54.6408578Z A path returned 202. Retrying...
2023-08-08T01:00:54.6408801Z A path returned 202. Retrying...
2023-08-08T01:00:54.6409022Z A path returned 202. Retrying...
2023-08-08T01:00:54.6409237Z A path returned 202. Retrying...
2023-08-08T01:00:54.6409460Z A path returned 202. Retrying...
2023-08-08T01:00:54.6409678Z A path returned 202. Retrying...
2023-08-08T01:00:54.6409900Z A path returned 202. Retrying...
2023-08-08T01:00:54.6410125Z A path returned 202. Retrying...
2023-08-08T01:00:54.6410348Z A path returned 202. Retrying...
2023-08-08T01:00:54.6410574Z A path returned 202. Retrying...
2023-08-08T01:00:54.6410793Z A path returned 202. Retrying...
2023-08-08T01:00:54.6411050Z A path returned 202. Retrying...
2023-08-08T01:00:54.6411283Z A path returned 202. Retrying...
2023-08-08T01:00:54.6411507Z A path returned 202. Retrying...
2023-08-08T01:00:54.6411740Z A path returned 202. Retrying...
2023-08-08T01:00:54.6411960Z A path returned 202. Retrying...
2023-08-08T01:00:54.6412180Z A path returned 202. Retrying...
2023-08-08T01:00:54.6412401Z A path returned 202. Retrying...
2023-08-08T01:00:54.6412621Z A path returned 202. Retrying...
2023-08-08T01:00:54.6412832Z A path returned 202. Retrying...
2023-08-08T01:00:54.6413055Z A path returned 202. Retrying...
2023-08-08T01:00:54.6413276Z A path returned 202. Retrying...
2023-08-08T01:00:54.6413499Z A path returned 202. Retrying...
2023-08-08T01:00:54.6413723Z A path returned 202. Retrying...
2023-08-08T01:00:54.6413944Z A path returned 202. Retrying...
2023-08-08T01:00:54.6414321Z A path returned 202. Retrying...
2023-08-08T01:00:54.6414544Z A path returned 202. Retrying...
2023-08-08T01:00:54.6414758Z A path returned 202. Retrying...
2023-08-08T01:00:54.6414981Z A path returned 202. Retrying...
2023-08-08T01:00:54.6415316Z A path returned 202. Retrying...
2023-08-08T01:00:54.6415541Z A path returned 202. Retrying...
2023-08-08T01:00:54.6415762Z A path returned 202. Retrying...
2023-08-08T01:00:54.6415981Z A path returned 202. Retrying...
2023-08-08T01:00:54.6416200Z A path returned 202. Retrying...
2023-08-08T01:00:54.6416412Z A path returned 202. Retrying...
2023-08-08T01:00:54.6416633Z A path returned 202. Retrying...
2023-08-08T01:00:54.6416850Z A path returned 202. Retrying...
2023-08-08T01:00:54.6417081Z A path returned 202. Retrying...
2023-08-08T01:00:54.6417301Z A path returned 202. Retrying...
2023-08-08T01:00:54.6417524Z A path returned 202. Retrying...
2023-08-08T01:00:54.6417745Z A path returned 202. Retrying...
2023-08-08T01:00:54.6417967Z A path returned 202. Retrying...
2023-08-08T01:00:54.6418184Z A path returned 202. Retrying...
2023-08-08T01:00:54.6418405Z A path returned 202. Retrying...
2023-08-08T01:00:54.6418630Z A path returned 202. Retrying...
2023-08-08T01:00:54.6418857Z A path returned 202. Retrying...
2023-08-08T01:00:54.6419082Z A path returned 202. Retrying...
2023-08-08T01:00:54.6419299Z A path returned 202. Retrying...
2023-08-08T01:00:54.6419517Z A path returned 202. Retrying...
2023-08-08T01:09:42.9959550Z A path returned 202. Retrying...
2023-08-08T01:09:42.9959942Z A path returned 202. Retrying...
2023-08-08T01:09:42.9960180Z A path returned 202. Retrying...
2023-08-08T01:09:42.9960412Z A path returned 202. Retrying...
2023-08-08T01:09:42.9960645Z A path returned 202. Retrying...
2023-08-08T01:09:42.9960876Z A path returned 202. Retrying...
2023-08-08T01:09:42.9961103Z A path returned 202. Retrying...
2023-08-08T01:09:42.9961326Z A path returned 202. Retrying...
2023-08-08T01:09:42.9961548Z A path returned 202. Retrying...
2023-08-08T01:09:42.9961793Z A path returned 202. Retrying...
2023-08-08T01:09:42.9962018Z A path returned 202. Retrying...
2023-08-08T01:09:42.9962248Z A path returned 202. Retrying...
2023-08-08T01:09:42.9962476Z A path returned 202. Retrying...
2023-08-08T01:09:42.9962712Z A path returned 202. Retrying...
2023-08-08T01:09:42.9962939Z A path returned 202. Retrying...
2023-08-08T01:09:42.9963169Z A path returned 202. Retrying...
2023-08-08T01:09:42.9963386Z A path returned 202. Retrying...
2023-08-08T01:09:42.9963609Z A path returned 202. Retrying...
2023-08-08T01:09:42.9963835Z A path returned 202. Retrying...
2023-08-08T01:09:42.9964057Z A path returned 202. Retrying...
2023-08-08T01:09:42.9964287Z A path returned 202. Retrying...
2023-08-08T01:09:42.9964510Z A path returned 202. Retrying...
2023-08-08T01:09:42.9964736Z A path returned 202. Retrying...
2023-08-08T01:09:42.9964956Z A path returned 202. Retrying...
2023-08-08T01:09:42.9965184Z A path returned 202. Retrying...
2023-08-08T01:09:42.9965409Z A path returned 202. Retrying...
2023-08-08T01:09:42.9965637Z A path returned 202. Retrying...
2023-08-08T01:09:42.9965862Z A path returned 202. Retrying...
2023-08-08T01:09:42.9966087Z A path returned 202. Retrying...
2023-08-08T01:09:42.9966313Z A path returned 202. Retrying...
2023-08-08T01:09:42.9966544Z A path returned 202. Retrying...
2023-08-08T01:09:42.9966760Z A path returned 202. Retrying...
2023-08-08T01:09:42.9966980Z A path returned 202. Retrying...
2023-08-08T01:09:42.9967205Z A path returned 202. Retrying...
2023-08-08T01:09:42.9967430Z A path returned 202. Retrying...
2023-08-08T01:09:42.9967655Z A path returned 202. Retrying...
2023-08-08T01:09:42.9967880Z A path returned 202. Retrying...
2023-08-08T01:09:42.9968103Z A path returned 202. Retrying...
2023-08-08T01:09:42.9968326Z A path returned 202. Retrying...
2023-08-08T01:09:42.9968543Z A path returned 202. Retrying...
2023-08-08T01:09:42.9968765Z A path returned 202. Retrying...
2023-08-08T01:09:42.9968991Z A path returned 202. Retrying...
2023-08-08T01:09:42.9969613Z A path returned 202. Retrying...
2023-08-08T01:09:42.9969843Z A path returned 202. Retrying...
2023-08-08T01:09:42.9970071Z A path returned 202. Retrying...
2023-08-08T01:09:42.9970296Z A path returned 202. Retrying...
2023-08-08T01:09:42.9970651Z A path returned 202. Retrying...
2023-08-08T01:09:42.9970892Z A path returned 202. Retrying...
2023-08-08T01:09:42.9971117Z A path returned 202. Retrying...
2023-08-08T01:09:42.9971346Z A path returned 202. Retrying...
2023-08-08T01:09:42.9971572Z A path returned 202. Retrying...
2023-08-08T01:09:42.9971795Z A path returned 202. Retrying...
2023-08-08T01:09:42.9972017Z A path returned 202. Retrying...
2023-08-08T01:09:42.9972244Z A path returned 202. Retrying...
2023-08-08T01:09:42.9972460Z A path returned 202. Retrying...
2023-08-08T01:09:42.9972684Z A path returned 202. Retrying...
2023-08-08T01:09:42.9972913Z A path returned 202. Retrying...
2023-08-08T01:09:42.9973136Z A path returned 202. Retrying...
2023-08-08T01:09:42.9973365Z A path returned 202. Retrying...
2023-08-08T01:09:42.9973595Z A path returned 202. Retrying...
2023-08-08T01:09:42.9973822Z A path returned 202. Retrying...
2023-08-08T01:09:42.9974045Z A path returned 202. Retrying...
2023-08-08T01:09:42.9974263Z A path returned 202. Retrying...
2023-08-08T01:09:42.9974787Z A path returned 202. Retrying...
2023-08-08T01:09:42.9975095Z A path returned 202. Retrying...
2023-08-08T01:09:42.9975433Z A path returned 202. Retrying...
2023-08-08T01:09:42.9975737Z A path returned 202. Retrying...
2023-08-08T01:09:42.9976078Z A path returned 202. Retrying...
2023-08-08T01:09:42.9976335Z A path returned 202. Retrying...
2023-08-08T01:09:42.9976656Z A path returned 202. Retrying...
2023-08-08T01:09:42.9976966Z A path returned 202. Retrying...
2023-08-08T01:09:42.9977296Z A path returned 202. Retrying...
2023-08-08T01:09:42.9977595Z A path returned 202. Retrying...
2023-08-08T01:09:42.9977915Z A path returned 202. Retrying...
2023-08-08T01:09:42.9978215Z A path returned 202. Retrying...
2023-08-08T01:09:42.9978554Z A path returned 202. Retrying...
2023-08-08T01:09:42.9978811Z A path returned 202. Retrying...
2023-08-08T01:09:42.9979128Z A path returned 202. Retrying...
2023-08-08T01:09:42.9979431Z A path returned 202. Retrying...
2023-08-08T01:09:42.9979735Z A path returned 202. Retrying...
2023-08-08T01:09:42.9980062Z A path returned 202. Retrying...
2023-08-08T01:09:42.9993237Z A path returned 202. Retrying...
2023-08-08T01:09:42.9993637Z A path returned 202. Retrying...
2023-08-08T01:09:42.9994073Z A path returned 202. Retrying...
2023-08-08T01:09:42.9994311Z A path returned 202. Retrying...
2023-08-08T01:09:42.9994552Z A path returned 202. Retrying...
2023-08-08T01:09:42.9994791Z A path returned 202. Retrying...
2023-08-08T01:09:42.9995027Z A path returned 202. Retrying...
2023-08-08T01:09:42.9995255Z A path returned 202. Retrying...
2023-08-08T01:09:42.9995475Z A path returned 202. Retrying...
2023-08-08T01:09:42.9995706Z A path returned 202. Retrying...
2023-08-08T01:09:42.9995937Z A path returned 202. Retrying...
2023-08-08T01:09:42.9996183Z A path returned 202. Retrying...
2023-08-08T01:09:42.9996410Z A path returned 202. Retrying...
2023-08-08T01:09:42.9996642Z A path returned 202. Retrying...
2023-08-08T01:09:42.9996871Z A path returned 202. Retrying...
2023-08-08T01:09:42.9997112Z A path returned 202. Retrying...
2023-08-08T01:09:42.9997331Z A path returned 202. Retrying...
2023-08-08T01:09:42.9997559Z A path returned 202. Retrying...
2023-08-08T01:09:42.9997784Z A path returned 202. Retrying...
2023-08-08T01:09:42.9998011Z A path returned 202. Retrying...
2023-08-08T01:09:42.9998237Z A path returned 202. Retrying...
2023-08-08T01:09:42.9998464Z A path returned 202. Retrying...
2023-08-08T01:09:42.9998690Z A path returned 202. Retrying...
2023-08-08T01:09:42.9998916Z A path returned 202. Retrying...
2023-08-08T01:09:42.9999136Z A path returned 202. Retrying...
2023-08-08T01:09:42.9999361Z A path returned 202. Retrying...
2023-08-08T01:09:42.9999589Z A path returned 202. Retrying...
2023-08-08T01:09:43.0000057Z A path returned 202. Retrying...
2023-08-08T01:09:43.0000290Z A path returned 202. Retrying...
2023-08-08T01:09:43.0000517Z A path returned 202. Retrying...
2023-08-08T01:09:43.0000745Z A path returned 202. Retrying...
2023-08-08T01:09:43.0001131Z A path returned 202. Retrying...
2023-08-08T01:09:43.0001357Z A path returned 202. Retrying...
2023-08-08T01:09:43.0001590Z A path returned 202. Retrying...
2023-08-08T01:09:43.0001820Z A path returned 202. Retrying...
2023-08-08T01:09:43.0002052Z A path returned 202. Retrying...
2023-08-08T01:09:43.0002283Z A path returned 202. Retrying...
2023-08-08T01:09:43.0002512Z A path returned 202. Retrying...
2023-08-08T01:09:43.0002742Z A path returned 202. Retrying...
2023-08-08T01:09:43.0002963Z A path returned 202. Retrying...
2023-08-08T01:09:43.0003188Z A path returned 202. Retrying...
2023-08-08T01:09:43.0003413Z A path returned 202. Retrying...
2023-08-08T01:09:43.0003641Z A path returned 202. Retrying...
2023-08-08T01:09:43.0003870Z A path returned 202. Retrying...
2023-08-08T01:09:43.0004106Z A path returned 202. Retrying...
2023-08-08T01:09:43.0004336Z A path returned 202. Retrying...
2023-08-08T01:09:43.0004566Z A path returned 202. Retrying...
2023-08-08T01:09:43.0004786Z A path returned 202. Retrying...
2023-08-08T01:09:43.0005016Z A path returned 202. Retrying...
2023-08-08T01:09:43.0005245Z A path returned 202. Retrying...
2023-08-08T01:09:43.0005476Z A path returned 202. Retrying...
2023-08-08T01:09:43.0005708Z A path returned 202. Retrying...
2023-08-08T01:09:43.0005931Z A path returned 202. Retrying...
2023-08-08T01:09:43.0006156Z A path returned 202. Retrying...
2023-08-08T01:09:43.0006384Z A path returned 202. Retrying...
2023-08-08T01:09:43.0006603Z A path returned 202. Retrying...
2023-08-08T01:09:43.0006834Z A path returned 202. Retrying...
2023-08-08T01:09:43.0007063Z A path returned 202. Retrying...
2023-08-08T01:09:43.0007291Z A path returned 202. Retrying...
2023-08-08T01:09:43.0007522Z A path returned 202. Retrying...
2023-08-08T01:09:43.0007759Z A path returned 202. Retrying...
2023-08-08T01:09:43.0007989Z A path returned 202. Retrying...
2023-08-08T01:09:43.0008211Z A path returned 202. Retrying...
2023-08-08T01:09:43.0008437Z A path returned 202. Retrying...
2023-08-08T01:09:43.0008667Z A path returned 202. Retrying...
2023-08-08T01:09:43.0008893Z A path returned 202. Retrying...
2023-08-08T01:09:43.0009118Z A path returned 202. Retrying...
2023-08-08T01:09:43.0009345Z A path returned 202. Retrying...
2023-08-08T01:09:43.0009571Z A path returned 202. Retrying...
2023-08-08T01:09:43.0009802Z A path returned 202. Retrying...
2023-08-08T01:09:43.0010023Z A path returned 202. Retrying...
2023-08-08T01:09:43.0010247Z A path returned 202. Retrying...
2023-08-08T01:09:43.0010477Z A path returned 202. Retrying...
2023-08-08T01:09:43.0010704Z A path returned 202. Retrying...
2023-08-08T01:09:43.0010932Z A path returned 202. Retrying...
2023-08-08T01:09:43.0011158Z A path returned 202. Retrying...
2023-08-08T01:09:43.0011388Z A path returned 202. Retrying...
2023-08-08T01:09:43.0011616Z A path returned 202. Retrying...
2023-08-08T01:09:43.0011835Z A path returned 202. Retrying...
2023-08-08T01:09:43.0012058Z A path returned 202. Retrying...
2023-08-08T01:09:43.0012286Z A path returned 202. Retrying...
2023-08-08T01:09:43.0012516Z A path returned 202. Retrying...
2023-08-08T01:09:43.0012746Z A path returned 202. Retrying...
2023-08-08T01:09:43.0012974Z A path returned 202. Retrying...
2023-08-08T01:09:43.0013205Z A path returned 202. Retrying...
2023-08-08T01:09:43.0013424Z A path returned 202. Retrying...
2023-08-08T01:09:43.0013651Z A path returned 202. Retrying...
2023-08-08T01:09:43.0013880Z A path returned 202. Retrying...
2023-08-08T01:09:43.0014112Z A path returned 202. Retrying...
2023-08-08T01:09:43.0014340Z A path returned 202. Retrying...
2023-08-08T01:09:43.0014568Z A path returned 202. Retrying...
2023-08-08T01:09:43.0014794Z A path returned 202. Retrying...
2023-08-08T01:09:43.0015021Z A path returned 202. Retrying...
2023-08-08T01:09:43.0015334Z A path returned 202. Retrying...
2023-08-08T01:09:43.0015559Z A path returned 202. Retrying...
2023-08-08T01:09:43.0015790Z A path returned 202. Retrying...
2023-08-08T01:09:43.0016017Z A path returned 202. Retrying...
2023-08-08T01:09:43.0016325Z A path returned 202. Retrying...
2023-08-08T01:09:43.0016555Z A path returned 202. Retrying...
2023-08-08T01:09:43.0016784Z A path returned 202. Retrying...
2023-08-08T01:09:43.0017015Z A path returned 202. Retrying...
2023-08-08T01:09:43.0017234Z A path returned 202. Retrying...
2023-08-08T01:09:43.0017466Z A path returned 202. Retrying...
2023-08-08T01:09:43.0017696Z A path returned 202. Retrying...
2023-08-08T01:09:43.0017923Z A path returned 202. Retrying...
2023-08-08T01:09:43.0018146Z A path returned 202. Retrying...
2023-08-08T01:09:43.0018372Z A path returned 202. Retrying...
2023-08-08T01:09:43.0018601Z A path returned 202. Retrying...
2023-08-08T01:09:43.0018817Z A path returned 202. Retrying...
2023-08-08T01:09:43.0019051Z A path returned 202. Retrying...
2023-08-08T01:09:43.0019283Z A path returned 202. Retrying...
2023-08-08T01:09:43.0019516Z A path returned 202. Retrying...
2023-08-08T01:09:43.0019745Z A path returned 202. Retrying...
2023-08-08T01:09:43.0019975Z A path returned 202. Retrying...
2023-08-08T01:09:43.0020207Z A path returned 202. Retrying...
2023-08-08T01:09:43.0020438Z A path returned 202. Retrying...
2023-08-08T01:09:43.0020655Z A path returned 202. Retrying...
2023-08-08T01:09:43.0020882Z A path returned 202. Retrying...
2023-08-08T01:09:43.0021107Z A path returned 202. Retrying...
2023-08-08T01:09:43.0021332Z A path returned 202. Retrying...
2023-08-08T01:09:43.0021558Z A path returned 202. Retrying...
2023-08-08T01:09:43.0021784Z A path returned 202. Retrying...
2023-08-08T01:09:43.0022011Z A path returned 202. Retrying...
2023-08-08T01:09:43.0022235Z A path returned 202. Retrying...
2023-08-08T01:09:43.0022455Z A path returned 202. Retrying...
2023-08-08T01:09:43.0022683Z A path returned 202. Retrying...
2023-08-08T01:09:43.0022910Z A path returned 202. Retrying...
2023-08-08T01:09:43.0023145Z A path returned 202. Retrying...
2023-08-08T01:09:43.0023375Z A path returned 202. Retrying...
2023-08-08T01:09:43.0023600Z A path returned 202. Retrying...
2023-08-08T01:09:43.0023831Z A path returned 202. Retrying...
2023-08-08T01:09:43.0024048Z A path returned 202. Retrying...
2023-08-08T01:09:43.0024275Z A path returned 202. Retrying...
2023-08-08T01:09:43.0024501Z A path returned 202. Retrying...
2023-08-08T01:09:43.0024729Z A path returned 202. Retrying...
2023-08-08T01:09:43.0024957Z A path returned 202. Retrying...
2023-08-08T01:09:43.0025184Z A path returned 202. Retrying...
2023-08-08T01:09:43.0025407Z A path returned 202. Retrying...
2023-08-08T01:09:43.0025630Z A path returned 202. Retrying...
2023-08-08T01:09:43.0025846Z A path returned 202. Retrying...
2023-08-08T01:09:43.0026070Z A path returned 202. Retrying...
2023-08-08T01:09:43.0026299Z A path returned 202. Retrying...
2023-08-08T01:09:43.0026527Z A path returned 202. Retrying...
2023-08-08T01:09:43.0026759Z A path returned 202. Retrying...
2023-08-08T01:09:43.0026985Z A path returned 202. Retrying...
2023-08-08T01:09:43.0027214Z A path returned 202. Retrying...
2023-08-08T01:09:43.0027439Z A path returned 202. Retrying...
2023-08-08T01:09:43.0027660Z A path returned 202. Retrying...
2023-08-08T01:09:43.0027886Z A path returned 202. Retrying...
2023-08-08T01:09:43.0028113Z A path returned 202. Retrying...
2023-08-08T01:09:43.0028339Z A path returned 202. Retrying...
2023-08-08T01:09:43.0028566Z A path returned 202. Retrying...
2023-08-08T01:09:43.0028793Z A path returned 202. Retrying...
2023-08-08T01:09:43.0029020Z A path returned 202. Retrying...
2023-08-08T01:09:43.0029240Z A path returned 202. Retrying...
2023-08-08T01:09:43.0029470Z A path returned 202. Retrying...
2023-08-08T01:09:43.0029692Z A path returned 202. Retrying...
2023-08-08T01:09:43.0029919Z A path returned 202. Retrying...
2023-08-08T01:09:43.0030145Z A path returned 202. Retrying...
2023-08-08T01:09:43.0030371Z A path returned 202. Retrying...
2023-08-08T01:09:43.0030702Z A path returned 202. Retrying...
2023-08-08T01:09:43.0030928Z A path returned 202. Retrying...
2023-08-08T01:09:43.0031146Z A path returned 202. Retrying...
2023-08-08T01:09:43.0031451Z A path returned 202. Retrying...
2023-08-08T01:09:43.0031684Z A path returned 202. Retrying...
2023-08-08T01:09:43.0031912Z A path returned 202. Retrying...
2023-08-08T01:09:43.0032140Z A path returned 202. Retrying...
2023-08-08T01:18:31.0096451Z A path returned 202. Retrying...
2023-08-08T01:18:31.0096766Z A path returned 202. Retrying...
2023-08-08T01:18:31.0097001Z A path returned 202. Retrying...
2023-08-08T01:18:31.0097340Z A path returned 202. Retrying...
2023-08-08T01:18:31.0097576Z A path returned 202. Retrying...
2023-08-08T01:18:31.0097810Z A path returned 202. Retrying...
2023-08-08T01:18:31.0098038Z A path returned 202. Retrying...
2023-08-08T01:18:31.0098269Z A path returned 202. Retrying...
2023-08-08T01:18:31.0098508Z A path returned 202. Retrying...
2023-08-08T01:18:31.0098758Z A path returned 202. Retrying...
2023-08-08T01:18:31.0098991Z A path returned 202. Retrying...
2023-08-08T01:18:31.0099228Z A path returned 202. Retrying...
2023-08-08T01:18:31.0099461Z A path returned 202. Retrying...
2023-08-08T01:18:31.0099686Z A path returned 202. Retrying...
2023-08-08T01:18:31.0099915Z A path returned 202. Retrying...
2023-08-08T01:18:31.0100146Z A path returned 202. Retrying...
2023-08-08T01:18:31.0100379Z A path returned 202. Retrying...
2023-08-08T01:18:31.0100611Z A path returned 202. Retrying...
2023-08-08T01:18:31.0100844Z A path returned 202. Retrying...
2023-08-08T01:18:31.0101076Z A path returned 202. Retrying...
2023-08-08T01:18:31.0101306Z A path returned 202. Retrying...
2023-08-08T01:18:31.0101521Z A path returned 202. Retrying...
2023-08-08T01:18:31.0101749Z A path returned 202. Retrying...
2023-08-08T01:18:31.0101980Z A path returned 202. Retrying...
2023-08-08T01:18:31.0102209Z A path returned 202. Retrying...
2023-08-08T01:18:31.0102439Z A path returned 202. Retrying...
2023-08-08T01:18:31.0102672Z A path returned 202. Retrying...
2023-08-08T01:18:31.0102901Z A path returned 202. Retrying...
2023-08-08T01:18:31.0103132Z A path returned 202. Retrying...
2023-08-08T01:18:31.0103360Z A path returned 202. Retrying...
2023-08-08T01:18:31.0103587Z A path returned 202. Retrying...
2023-08-08T01:18:31.0103821Z A path returned 202. Retrying...
2023-08-08T01:18:31.0104045Z A path returned 202. Retrying...
2023-08-08T01:18:31.0104273Z A path returned 202. Retrying...
2023-08-08T01:18:31.0104498Z A path returned 202. Retrying...
2023-08-08T01:18:31.0104722Z A path returned 202. Retrying...
2023-08-08T01:18:31.0104936Z A path returned 202. Retrying...
2023-08-08T01:18:31.0105163Z A path returned 202. Retrying...
2023-08-08T01:18:31.0105386Z A path returned 202. Retrying...
2023-08-08T01:18:31.0105618Z A path returned 202. Retrying...
2023-08-08T01:18:31.0105843Z A path returned 202. Retrying...
2023-08-08T01:18:31.0106066Z A path returned 202. Retrying...
2023-08-08T01:18:31.0106296Z A path returned 202. Retrying...
2023-08-08T01:18:31.0106520Z A path returned 202. Retrying...
2023-08-08T01:18:31.0106733Z A path returned 202. Retrying...
2023-08-08T01:18:31.0106952Z A path returned 202. Retrying...
2023-08-08T01:18:31.0107186Z A path returned 202. Retrying...
2023-08-08T01:18:31.0107411Z A path returned 202. Retrying...
2023-08-08T01:18:31.0107638Z A path returned 202. Retrying...
2023-08-08T01:18:31.0107866Z A path returned 202. Retrying...
2023-08-08T01:18:31.0108091Z A path returned 202. Retrying...
2023-08-08T01:18:31.0108318Z A path returned 202. Retrying...
2023-08-08T01:18:31.0108532Z A path returned 202. Retrying...
2023-08-08T01:18:31.0108758Z A path returned 202. Retrying...
2023-08-08T01:18:31.0108983Z A path returned 202. Retrying...
2023-08-08T01:18:31.0109207Z A path returned 202. Retrying...
2023-08-08T01:18:31.0109427Z A path returned 202. Retrying...
2023-08-08T01:18:31.0109662Z A path returned 202. Retrying...
2023-08-08T01:18:31.0109886Z A path returned 202. Retrying...
2023-08-08T01:18:31.0110547Z A path returned 202. Retrying...
2023-08-08T01:18:31.0110775Z A path returned 202. Retrying...
2023-08-08T01:18:31.0110997Z A path returned 202. Retrying...
2023-08-08T01:18:31.0111362Z A path returned 202. Retrying...
2023-08-08T01:18:31.0111585Z A path returned 202. Retrying...
2023-08-08T01:18:31.0111801Z A path returned 202. Retrying...
2023-08-08T01:18:31.0112019Z A path returned 202. Retrying...
2023-08-08T01:18:31.0112243Z A path returned 202. Retrying...
2023-08-08T01:18:31.0112466Z A path returned 202. Retrying...
2023-08-08T01:18:31.0112688Z A path returned 202. Retrying...
2023-08-08T01:18:31.0112909Z A path returned 202. Retrying...
2023-08-08T01:18:31.0113129Z A path returned 202. Retrying...
2023-08-08T01:18:31.0113348Z A path returned 202. Retrying...
2023-08-08T01:18:31.0113575Z A path returned 202. Retrying...
2023-08-08T01:18:31.0114008Z A path returned 202. Retrying...
2023-08-08T01:18:31.0114237Z A path returned 202. Retrying...
2023-08-08T01:18:31.0114466Z A path returned 202. Retrying...
2023-08-08T01:18:31.0114693Z A path returned 202. Retrying...
2023-08-08T01:18:31.0114916Z A path returned 202. Retrying...
2023-08-08T01:18:31.0115137Z A path returned 202. Retrying...
2023-08-08T01:18:31.0115356Z A path returned 202. Retrying...
2023-08-08T01:18:31.0115587Z A path returned 202. Retrying...
2023-08-08T01:18:31.0115809Z A path returned 202. Retrying...
2023-08-08T01:18:31.0116032Z A path returned 202. Retrying...
2023-08-08T01:18:31.0116255Z A path returned 202. Retrying...
2023-08-08T01:18:31.0116475Z A path returned 202. Retrying...
2023-08-08T01:18:31.0116696Z A path returned 202. Retrying...
2023-08-08T01:18:31.0116917Z A path returned 202. Retrying...
2023-08-08T01:18:31.0117130Z A path returned 202. Retrying...
2023-08-08T01:18:31.0117355Z A path returned 202. Retrying...
2023-08-08T01:18:31.0117578Z A path returned 202. Retrying...
2023-08-08T01:18:31.0117802Z A path returned 202. Retrying...
2023-08-08T01:18:31.0118023Z A path returned 202. Retrying...
2023-08-08T01:18:31.0118249Z A path returned 202. Retrying...
2023-08-08T01:18:31.0118471Z A path returned 202. Retrying...
2023-08-08T01:18:31.0118681Z A path returned 202. Retrying...
2023-08-08T01:18:31.0118906Z A path returned 202. Retrying...
2023-08-08T01:18:31.0119126Z A path returned 202. Retrying...
2023-08-08T01:18:31.0119351Z A path returned 202. Retrying...
2023-08-08T01:18:31.0119572Z A path returned 202. Retrying...
2023-08-08T01:18:31.0119791Z A path returned 202. Retrying...
2023-08-08T01:18:31.0120011Z A path returned 202. Retrying...
2023-08-08T01:18:31.0120231Z A path returned 202. Retrying...
2023-08-08T01:18:31.0120444Z A path returned 202. Retrying...
2023-08-08T01:18:31.0120667Z A path returned 202. Retrying...
2023-08-08T01:18:31.0120887Z A path returned 202. Retrying...
2023-08-08T01:18:31.0121111Z A path returned 202. Retrying...
2023-08-08T01:18:31.0121332Z A path returned 202. Retrying...
2023-08-08T01:18:31.0121551Z A path returned 202. Retrying...
2023-08-08T01:18:31.0121772Z A path returned 202. Retrying...
2023-08-08T01:18:31.0121990Z A path returned 202. Retrying...
2023-08-08T01:18:31.0122204Z A path returned 202. Retrying...
2023-08-08T01:18:31.0122422Z A path returned 202. Retrying...
2023-08-08T01:18:31.0122648Z A path returned 202. Retrying...
2023-08-08T01:18:31.0122866Z A path returned 202. Retrying...
2023-08-08T01:18:31.0123088Z A path returned 202. Retrying...
2023-08-08T01:18:31.0123309Z A path returned 202. Retrying...
2023-08-08T01:18:31.0123539Z A path returned 202. Retrying...
2023-08-08T01:18:31.0123752Z A path returned 202. Retrying...
2023-08-08T01:18:31.0123975Z A path returned 202. Retrying...
2023-08-08T01:18:31.0124198Z A path returned 202. Retrying...
2023-08-08T01:18:31.0124423Z A path returned 202. Retrying...
2023-08-08T01:18:31.0124647Z A path returned 202. Retrying...
2023-08-08T01:18:31.0124869Z A path returned 202. Retrying...
2023-08-08T01:18:31.0125088Z A path returned 202. Retrying...
2023-08-08T01:18:31.0125307Z A path returned 202. Retrying...
2023-08-08T01:18:31.0125654Z A path returned 202. Retrying...
2023-08-08T01:18:31.0125878Z A path returned 202. Retrying...
2023-08-08T01:18:31.0126100Z A path returned 202. Retrying...
2023-08-08T01:18:31.0126434Z A path returned 202. Retrying...
2023-08-08T01:18:31.0126668Z A path returned 202. Retrying...
2023-08-08T01:18:31.0126895Z A path returned 202. Retrying...
2023-08-08T01:18:31.0127123Z A path returned 202. Retrying...
2023-08-08T01:18:31.0127343Z A path returned 202. Retrying...
2023-08-08T01:18:31.0127556Z A path returned 202. Retrying...
2023-08-08T01:18:31.0127776Z A path returned 202. Retrying...
2023-08-08T01:18:31.0128000Z A path returned 202. Retrying...
2023-08-08T01:18:31.0128223Z A path returned 202. Retrying...
2023-08-08T01:18:31.0128445Z A path returned 202. Retrying...
2023-08-08T01:18:31.0128663Z A path returned 202. Retrying...
2023-08-08T01:18:31.0128884Z A path returned 202. Retrying...
2023-08-08T01:18:31.0129095Z A path returned 202. Retrying...
2023-08-08T01:18:31.0129321Z A path returned 202. Retrying...
2023-08-08T01:18:31.0129542Z A path returned 202. Retrying...
2023-08-08T01:18:31.0129762Z A path returned 202. Retrying...
2023-08-08T01:18:31.0129988Z A path returned 202. Retrying...
2023-08-08T01:18:31.0130213Z A path returned 202. Retrying...
2023-08-08T01:18:31.0130432Z A path returned 202. Retrying...
2023-08-08T01:18:31.0130653Z A path returned 202. Retrying...
2023-08-08T01:18:31.0130867Z A path returned 202. Retrying...
2023-08-08T01:18:31.0131086Z A path returned 202. Retrying...
2023-08-08T01:18:31.0131312Z A path returned 202. Retrying...
2023-08-08T01:18:31.0131537Z A path returned 202. Retrying...
2023-08-08T01:18:31.0131759Z A path returned 202. Retrying...
2023-08-08T01:18:31.0131983Z A path returned 202. Retrying...
2023-08-08T01:18:31.0132203Z A path returned 202. Retrying...
2023-08-08T01:18:31.0132423Z A path returned 202. Retrying...
2023-08-08T01:18:31.0132635Z A path returned 202. Retrying...
2023-08-08T01:18:31.0132857Z A path returned 202. Retrying...
2023-08-08T01:18:31.0133084Z A path returned 202. Retrying...
2023-08-08T01:18:31.0133303Z A path returned 202. Retrying...
2023-08-08T01:18:31.0133523Z A path returned 202. Retrying...
2023-08-08T01:18:31.0133744Z A path returned 202. Retrying...
2023-08-08T01:18:31.0133964Z A path returned 202. Retrying...
2023-08-08T01:18:31.0134176Z A path returned 202. Retrying...
2023-08-08T01:18:31.0134398Z A path returned 202. Retrying...
2023-08-08T01:18:31.0134615Z A path returned 202. Retrying...
2023-08-08T01:18:31.0134834Z A path returned 202. Retrying...
2023-08-08T01:18:31.0135055Z A path returned 202. Retrying...
2023-08-08T01:18:31.0135277Z A path returned 202. Retrying...
2023-08-08T01:18:31.0135496Z A path returned 202. Retrying...
2023-08-08T01:18:31.0135719Z A path returned 202. Retrying...
2023-08-08T01:18:31.0135929Z A path returned 202. Retrying...
2023-08-08T01:18:31.0136152Z A path returned 202. Retrying...
2023-08-08T01:18:31.0136373Z A path returned 202. Retrying...
2023-08-08T01:18:31.0136602Z A path returned 202. Retrying...
2023-08-08T01:18:31.0136820Z A path returned 202. Retrying...
2023-08-08T01:18:31.0137042Z A path returned 202. Retrying...
2023-08-08T01:18:31.0137261Z A path returned 202. Retrying...
2023-08-08T01:18:31.0137484Z A path returned 202. Retrying...
2023-08-08T01:18:31.0137696Z A path returned 202. Retrying...
2023-08-08T01:18:31.0137913Z A path returned 202. Retrying...
2023-08-08T01:18:31.0138133Z A path returned 202. Retrying...
2023-08-08T01:18:31.0138354Z A path returned 202. Retrying...
2023-08-08T01:18:31.0138572Z A path returned 202. Retrying...
2023-08-08T01:18:31.0138797Z A path returned 202. Retrying...
2023-08-08T01:18:31.0139019Z A path returned 202. Retrying...
2023-08-08T01:18:31.0139230Z A path returned 202. Retrying...
2023-08-08T01:18:31.0139446Z A path returned 202. Retrying...
2023-08-08T01:18:31.0139668Z A path returned 202. Retrying...
2023-08-08T01:18:31.0139893Z A path returned 202. Retrying...
2023-08-08T01:18:31.0140114Z A path returned 202. Retrying...
2023-08-08T01:18:31.0140443Z A path returned 202. Retrying...
2023-08-08T01:18:31.0140671Z A path returned 202. Retrying...
2023-08-08T01:18:31.0140896Z A path returned 202. Retrying...
2023-08-08T01:18:31.0141211Z A path returned 202. Retrying...
2023-08-08T01:18:31.0141437Z A path returned 202. Retrying...
2023-08-08T01:18:31.0141662Z A path returned 202. Retrying...
2023-08-08T01:18:31.0141881Z A path returned 202. Retrying...
2023-08-08T01:18:31.0142106Z A path returned 202. Retrying...
2023-08-08T01:18:31.0142326Z A path returned 202. Retrying...
2023-08-08T01:18:31.0142544Z A path returned 202. Retrying...
2023-08-08T01:18:31.0142763Z A path returned 202. Retrying...
2023-08-08T01:18:31.0142978Z A path returned 202. Retrying...
2023-08-08T01:18:31.0143203Z A path returned 202. Retrying...
2023-08-08T01:18:31.0143430Z A path returned 202. Retrying...
2023-08-08T01:18:31.0143651Z A path returned 202. Retrying...
2023-08-08T01:18:31.0143870Z A path returned 202. Retrying...
2023-08-08T01:18:31.0144098Z A path returned 202. Retrying...
2023-08-08T01:18:31.0144320Z A path returned 202. Retrying...
2023-08-08T01:18:31.0144539Z A path returned 202. Retrying...
2023-08-08T01:18:31.0144752Z A path returned 202. Retrying...
2023-08-08T01:18:31.0144975Z A path returned 202. Retrying...
2023-08-08T01:18:31.0145193Z A path returned 202. Retrying...
2023-08-08T01:18:31.0145411Z A path returned 202. Retrying...
2023-08-08T01:18:31.0145628Z A path returned 202. Retrying...
2023-08-08T01:18:31.0145846Z A path returned 202. Retrying...
2023-08-08T01:18:31.0146063Z A path returned 202. Retrying...
2023-08-08T01:18:31.0146279Z A path returned 202. Retrying...
2023-08-08T01:18:31.0146498Z A path returned 202. Retrying...
2023-08-08T01:18:31.0146719Z A path returned 202. Retrying...
2023-08-08T01:18:31.0146941Z A path returned 202. Retrying...
2023-08-08T01:18:31.0147162Z A path returned 202. Retrying...
2023-08-08T01:18:31.0147382Z A path returned 202. Retrying...
2023-08-08T01:18:31.0147605Z A path returned 202. Retrying...
2023-08-08T01:18:31.0147829Z A path returned 202. Retrying...
2023-08-08T01:18:31.0148040Z A path returned 202. Retrying...
2023-08-08T01:18:31.0148260Z A path returned 202. Retrying...
2023-08-08T01:18:31.0148484Z A path returned 202. Retrying...
2023-08-08T01:18:31.0148704Z A path returned 202. Retrying...
2023-08-08T01:18:31.0148923Z A path returned 202. Retrying...
2023-08-08T01:18:31.0149142Z A path returned 202. Retrying...
2023-08-08T01:18:31.0149361Z A path returned 202. Retrying...
2023-08-08T01:18:31.0149579Z A path returned 202. Retrying...
2023-08-08T01:18:31.0149789Z A path returned 202. Retrying...
2023-08-08T01:18:31.0150008Z A path returned 202. Retrying...
2023-08-08T01:18:31.0150228Z A path returned 202. Retrying...
2023-08-08T01:18:31.0150451Z A path returned 202. Retrying...
2023-08-08T01:18:31.0150675Z A path returned 202. Retrying...
2023-08-08T01:18:31.0150898Z A path returned 202. Retrying...
2023-08-08T01:18:31.0151120Z A path returned 202. Retrying...
2023-08-08T01:18:31.0151336Z A path returned 202. Retrying...
2023-08-08T01:18:31.0151557Z A path returned 202. Retrying...
2023-08-08T01:18:31.0151776Z A path returned 202. Retrying...
2023-08-08T01:18:31.0151997Z A path returned 202. Retrying...
2023-08-08T01:18:31.0152221Z A path returned 202. Retrying...
2023-08-08T01:18:31.0152438Z A path returned 202. Retrying...
2023-08-08T01:18:31.0152655Z A path returned 202. Retrying...
2023-08-08T01:18:31.0152874Z A path returned 202. Retrying...
2023-08-08T01:27:18.7131662Z A path returned 202. Retrying...
2023-08-08T01:27:18.7132066Z A path returned 202. Retrying...
2023-08-08T01:27:18.7132291Z A path returned 202. Retrying...
2023-08-08T01:27:18.7132519Z A path returned 202. Retrying...
2023-08-08T01:27:18.7132755Z A path returned 202. Retrying...
2023-08-08T01:27:18.7132988Z A path returned 202. Retrying...
2023-08-08T01:27:18.7133222Z A path returned 202. Retrying...
2023-08-08T01:27:18.7133450Z A path returned 202. Retrying...
2023-08-08T01:27:18.7133680Z A path returned 202. Retrying...
2023-08-08T01:27:18.7134315Z A path returned 202. Retrying...
2023-08-08T01:27:18.7134538Z A path returned 202. Retrying...
2023-08-08T01:27:18.7134761Z A path returned 202. Retrying...
2023-08-08T01:27:18.7135139Z A path returned 202. Retrying...
2023-08-08T01:27:18.7135377Z A path returned 202. Retrying...
2023-08-08T01:27:18.7135609Z A path returned 202. Retrying...
2023-08-08T01:27:18.7135837Z A path returned 202. Retrying...
2023-08-08T01:27:18.7136070Z A path returned 202. Retrying...
2023-08-08T01:27:18.7136288Z A path returned 202. Retrying...
2023-08-08T01:27:18.7136515Z A path returned 202. Retrying...
2023-08-08T01:27:18.7136738Z A path returned 202. Retrying...
2023-08-08T01:27:18.7136963Z A path returned 202. Retrying...
2023-08-08T01:27:18.7137189Z A path returned 202. Retrying...
2023-08-08T01:27:18.7137417Z A path returned 202. Retrying...
2023-08-08T01:27:18.7137641Z A path returned 202. Retrying...
2023-08-08T01:27:18.7137868Z A path returned 202. Retrying...
2023-08-08T01:27:18.7138091Z A path returned 202. Retrying...
2023-08-08T01:27:18.7138319Z A path returned 202. Retrying...
2023-08-08T01:27:18.7138550Z A path returned 202. Retrying...
2023-08-08T01:27:18.7138776Z A path returned 202. Retrying...
2023-08-08T01:27:18.7139005Z A path returned 202. Retrying...
2023-08-08T01:27:18.7139233Z A path returned 202. Retrying...
2023-08-08T01:27:18.7139458Z A path returned 202. Retrying...
2023-08-08T01:27:18.7139680Z A path returned 202. Retrying...
2023-08-08T01:27:18.7139897Z A path returned 202. Retrying...
2023-08-08T01:27:18.7140120Z A path returned 202. Retrying...
2023-08-08T01:27:18.7140347Z A path returned 202. Retrying...
2023-08-08T01:27:18.7140573Z A path returned 202. Retrying...
2023-08-08T01:27:18.7140801Z A path returned 202. Retrying...
2023-08-08T01:27:18.7141032Z A path returned 202. Retrying...
2023-08-08T01:27:18.7141255Z A path returned 202. Retrying...
2023-08-08T01:27:18.7141470Z A path returned 202. Retrying...
2023-08-08T01:27:18.7141697Z A path returned 202. Retrying...
2023-08-08T01:27:18.7141924Z A path returned 202. Retrying...
2023-08-08T01:27:18.7142152Z A path returned 202. Retrying...
2023-08-08T01:27:18.7142378Z A path returned 202. Retrying...
2023-08-08T01:27:18.7142604Z A path returned 202. Retrying...
2023-08-08T01:27:18.7142838Z A path returned 202. Retrying...
2023-08-08T01:27:18.7143068Z A path returned 202. Retrying...
2023-08-08T01:27:18.7143282Z A path returned 202. Retrying...
2023-08-08T01:27:18.7143513Z A path returned 202. Retrying...
2023-08-08T01:27:18.7143730Z A path returned 202. Retrying...
2023-08-08T01:27:18.7143956Z A path returned 202. Retrying...
2023-08-08T01:27:18.7144180Z A path returned 202. Retrying...
2023-08-08T01:27:18.7144405Z A path returned 202. Retrying...
2023-08-08T01:27:18.7144628Z A path returned 202. Retrying...
2023-08-08T01:27:18.7144855Z A path returned 202. Retrying...
2023-08-08T01:27:18.7145076Z A path returned 202. Retrying...
2023-08-08T01:27:18.7145302Z A path returned 202. Retrying...
2023-08-08T01:27:18.7145522Z A path returned 202. Retrying...
2023-08-08T01:27:18.7145745Z A path returned 202. Retrying...
2023-08-08T01:27:18.7145971Z A path returned 202. Retrying...
2023-08-08T01:27:18.7146194Z A path returned 202. Retrying...
2023-08-08T01:27:18.7146425Z A path returned 202. Retrying...
2023-08-08T01:27:18.7146651Z A path returned 202. Retrying...
2023-08-08T01:27:18.7146876Z A path returned 202. Retrying...
2023-08-08T01:27:18.7147100Z A path returned 202. Retrying...
2023-08-08T01:27:18.7147314Z A path returned 202. Retrying...
2023-08-08T01:27:18.7147536Z A path returned 202. Retrying...
2023-08-08T01:27:18.7147762Z A path returned 202. Retrying...
2023-08-08T01:27:18.7147988Z A path returned 202. Retrying...
2023-08-08T01:27:18.7148212Z A path returned 202. Retrying...
2023-08-08T01:27:18.7148435Z A path returned 202. Retrying...
2023-08-08T01:27:18.7148661Z A path returned 202. Retrying...
2023-08-08T01:27:18.7148878Z A path returned 202. Retrying...
2023-08-08T01:27:18.7149103Z A path returned 202. Retrying...
2023-08-08T01:27:18.7149647Z A path returned 202. Retrying...
2023-08-08T01:27:18.7149875Z A path returned 202. Retrying...
2023-08-08T01:27:18.7150101Z A path returned 202. Retrying...
2023-08-08T01:27:18.7150328Z A path returned 202. Retrying...
2023-08-08T01:27:18.7150655Z A path returned 202. Retrying...
2023-08-08T01:27:18.7150886Z A path returned 202. Retrying...
2023-08-08T01:27:18.7151101Z A path returned 202. Retrying...
2023-08-08T01:27:18.7151331Z A path returned 202. Retrying...
2023-08-08T01:27:18.7151554Z A path returned 202. Retrying...
2023-08-08T01:27:18.7151782Z A path returned 202. Retrying...
2023-08-08T01:27:18.7152011Z A path returned 202. Retrying...
2023-08-08T01:27:18.7152235Z A path returned 202. Retrying...
2023-08-08T01:27:18.7152461Z A path returned 202. Retrying...
2023-08-08T01:27:18.7152685Z A path returned 202. Retrying...
2023-08-08T01:27:18.7152903Z A path returned 202. Retrying...
2023-08-08T01:27:18.7153129Z A path returned 202. Retrying...
2023-08-08T01:27:18.7153361Z A path returned 202. Retrying...
2023-08-08T01:27:18.7153588Z A path returned 202. Retrying...
2023-08-08T01:27:18.7154020Z A path returned 202. Retrying...
2023-08-08T01:27:18.7154249Z A path returned 202. Retrying...
2023-08-08T01:27:18.7154480Z A path returned 202. Retrying...
2023-08-08T01:27:18.7154694Z A path returned 202. Retrying...
2023-08-08T01:27:18.7154925Z A path returned 202. Retrying...
2023-08-08T01:27:18.7155148Z A path returned 202. Retrying...
2023-08-08T01:27:18.7155378Z A path returned 202. Retrying...
2023-08-08T01:27:18.7155608Z A path returned 202. Retrying...
2023-08-08T01:27:18.7155839Z A path returned 202. Retrying...
2023-08-08T01:27:18.7156072Z A path returned 202. Retrying...
2023-08-08T01:27:18.7156296Z A path returned 202. Retrying...
2023-08-08T01:27:18.7156514Z A path returned 202. Retrying...
2023-08-08T01:27:18.7156736Z A path returned 202. Retrying...
2023-08-08T01:27:18.7156966Z A path returned 202. Retrying...
2023-08-08T01:27:18.7157191Z A path returned 202. Retrying...
2023-08-08T01:27:18.7157423Z A path returned 202. Retrying...
2023-08-08T01:27:18.7157650Z A path returned 202. Retrying...
2023-08-08T01:27:18.7157877Z A path returned 202. Retrying...
2023-08-08T01:27:18.7158103Z A path returned 202. Retrying...
2023-08-08T01:27:18.7158323Z A path returned 202. Retrying...
2023-08-08T01:27:18.7158545Z A path returned 202. Retrying...
2023-08-08T01:27:18.7158769Z A path returned 202. Retrying...
2023-08-08T01:27:18.7158991Z A path returned 202. Retrying...
2023-08-08T01:27:18.7159220Z A path returned 202. Retrying...
2023-08-08T01:27:18.7159446Z A path returned 202. Retrying...
2023-08-08T01:27:18.7159674Z A path returned 202. Retrying...
2023-08-08T01:27:18.7159900Z A path returned 202. Retrying...
2023-08-08T01:27:18.7160118Z A path returned 202. Retrying...
2023-08-08T01:27:18.7160340Z A path returned 202. Retrying...
2023-08-08T01:27:18.7160564Z A path returned 202. Retrying...
2023-08-08T01:27:18.7160789Z A path returned 202. Retrying...
2023-08-08T01:27:18.7161017Z A path returned 202. Retrying...
2023-08-08T01:27:18.7161243Z A path returned 202. Retrying...
2023-08-08T01:27:18.7161470Z A path returned 202. Retrying...
2023-08-08T01:27:18.7161687Z A path returned 202. Retrying...
2023-08-08T01:27:18.7161914Z A path returned 202. Retrying...
2023-08-08T01:27:18.7162140Z A path returned 202. Retrying...
2023-08-08T01:27:18.7162362Z A path returned 202. Retrying...
2023-08-08T01:27:18.7162585Z A path returned 202. Retrying...
2023-08-08T01:27:18.7162810Z A path returned 202. Retrying...
2023-08-08T01:27:18.7163034Z A path returned 202. Retrying...
2023-08-08T01:27:18.7163259Z A path returned 202. Retrying...
2023-08-08T01:27:18.7163478Z A path returned 202. Retrying...
2023-08-08T01:27:18.7163702Z A path returned 202. Retrying...
2023-08-08T01:27:18.7163928Z A path returned 202. Retrying...
2023-08-08T01:27:18.7164154Z A path returned 202. Retrying...
2023-08-08T01:27:18.7164380Z A path returned 202. Retrying...
2023-08-08T01:27:18.7164604Z A path returned 202. Retrying...
2023-08-08T01:27:18.7164976Z A path returned 202. Retrying...
2023-08-08T01:27:18.7165199Z A path returned 202. Retrying...
2023-08-08T01:27:18.7165418Z A path returned 202. Retrying...
2023-08-08T01:27:18.7165642Z A path returned 202. Retrying...
2023-08-08T01:27:18.7166006Z A path returned 202. Retrying...
2023-08-08T01:27:18.7166236Z A path returned 202. Retrying...
2023-08-08T01:27:18.7166464Z A path returned 202. Retrying...
2023-08-08T01:27:18.7166689Z A path returned 202. Retrying...
2023-08-08T01:27:18.7166914Z A path returned 202. Retrying...
2023-08-08T01:27:18.7167130Z A path returned 202. Retrying...
2023-08-08T01:27:18.7167363Z A path returned 202. Retrying...
2023-08-08T01:27:18.7167586Z A path returned 202. Retrying...
2023-08-08T01:27:18.7167818Z A path returned 202. Retrying...
2023-08-08T01:27:18.7168047Z A path returned 202. Retrying...
2023-08-08T01:27:18.7168274Z A path returned 202. Retrying...
2023-08-08T01:27:18.7168498Z A path returned 202. Retrying...
2023-08-08T01:27:18.7168734Z A path returned 202. Retrying...
2023-08-08T01:27:18.7168953Z A path returned 202. Retrying...
2023-08-08T01:27:18.7169176Z A path returned 202. Retrying...
2023-08-08T01:27:18.7169407Z A path returned 202. Retrying...
2023-08-08T01:27:18.7169642Z A path returned 202. Retrying...
2023-08-08T01:27:18.7169871Z A path returned 202. Retrying...
2023-08-08T01:27:18.7170094Z A path returned 202. Retrying...
2023-08-08T01:27:18.7170317Z A path returned 202. Retrying...
2023-08-08T01:27:18.7170540Z A path returned 202. Retrying...
2023-08-08T01:27:18.7170757Z A path returned 202. Retrying...
2023-08-08T01:27:18.7170981Z A path returned 202. Retrying...
2023-08-08T01:27:18.7171208Z A path returned 202. Retrying...
2023-08-08T01:27:18.7171434Z A path returned 202. Retrying...
2023-08-08T01:27:18.7171661Z A path returned 202. Retrying...
2023-08-08T01:27:18.7171884Z A path returned 202. Retrying...
2023-08-08T01:27:18.7172105Z A path returned 202. Retrying...
2023-08-08T01:27:18.7172321Z A path returned 202. Retrying...
2023-08-08T01:27:18.7172549Z A path returned 202. Retrying...
2023-08-08T01:27:18.7172769Z A path returned 202. Retrying...
2023-08-08T01:27:18.7172999Z A path returned 202. Retrying...
2023-08-08T01:27:18.7173223Z A path returned 202. Retrying...
2023-08-08T01:27:18.7173455Z A path returned 202. Retrying...
2023-08-08T01:27:18.7173680Z A path returned 202. Retrying...
2023-08-08T01:27:18.7173907Z A path returned 202. Retrying...
2023-08-08T01:27:18.7174123Z A path returned 202. Retrying...
2023-08-08T01:27:18.7174346Z A path returned 202. Retrying...
2023-08-08T01:27:18.7174571Z A path returned 202. Retrying...
2023-08-08T01:27:18.7174795Z A path returned 202. Retrying...
2023-08-08T01:27:18.7175022Z A path returned 202. Retrying...
2023-08-08T01:27:18.7175248Z A path returned 202. Retrying...
2023-08-08T01:27:18.7175478Z A path returned 202. Retrying...
2023-08-08T01:27:18.7175703Z A path returned 202. Retrying...
2023-08-08T01:27:18.7175920Z A path returned 202. Retrying...
2023-08-08T01:27:18.7176155Z A path returned 202. Retrying...
2023-08-08T01:27:18.7176379Z A path returned 202. Retrying...
2023-08-08T01:27:18.7176604Z A path returned 202. Retrying...
2023-08-08T01:27:18.7176826Z A path returned 202. Retrying...
2023-08-08T01:27:18.7177060Z A path returned 202. Retrying...
2023-08-08T01:27:18.7177284Z A path returned 202. Retrying...
2023-08-08T01:27:18.7177499Z A path returned 202. Retrying...
2023-08-08T01:27:18.7177724Z A path returned 202. Retrying...
2023-08-08T01:27:18.7177947Z A path returned 202. Retrying...
2023-08-08T01:27:18.7178174Z A path returned 202. Retrying...
2023-08-08T01:27:18.7178394Z A path returned 202. Retrying...
2023-08-08T01:27:18.7178620Z A path returned 202. Retrying...
2023-08-08T01:27:18.7178844Z A path returned 202. Retrying...
2023-08-08T01:27:18.7179070Z A path returned 202. Retrying...
2023-08-08T01:27:18.7179286Z A path returned 202. Retrying...
2023-08-08T01:27:18.7179507Z A path returned 202. Retrying...
2023-08-08T01:27:18.7179730Z A path returned 202. Retrying...
2023-08-08T01:27:18.7180066Z A path returned 202. Retrying...
2023-08-08T01:27:18.7180295Z A path returned 202. Retrying...
2023-08-08T01:27:18.7180521Z A path returned 202. Retrying...
2023-08-08T01:27:18.7180742Z A path returned 202. Retrying...
2023-08-08T01:27:18.7181059Z A path returned 202. Retrying...
2023-08-08T01:27:18.7181276Z A path returned 202. Retrying...
2023-08-08T01:27:18.7181513Z A path returned 202. Retrying...
2023-08-08T01:27:18.7181744Z A path returned 202. Retrying...
2023-08-08T01:27:18.7181973Z A path returned 202. Retrying...
2023-08-08T01:27:18.7182198Z A path returned 202. Retrying...
2023-08-08T01:27:18.7182424Z A path returned 202. Retrying...
2023-08-08T01:27:18.7182652Z A path returned 202. Retrying...
2023-08-08T01:27:18.7182864Z A path returned 202. Retrying...
2023-08-08T01:27:18.7183094Z A path returned 202. Retrying...
2023-08-08T01:27:18.7183315Z A path returned 202. Retrying...
2023-08-08T01:27:18.7183542Z A path returned 202. Retrying...
2023-08-08T01:27:18.7183767Z A path returned 202. Retrying...
2023-08-08T01:27:18.7183995Z A path returned 202. Retrying...
2023-08-08T01:27:18.7184219Z A path returned 202. Retrying...
2023-08-08T01:27:18.7184449Z A path returned 202. Retrying...
2023-08-08T01:27:18.7184667Z A path returned 202. Retrying...
2023-08-08T01:27:18.7184888Z A path returned 202. Retrying...
2023-08-08T01:27:18.7185113Z A path returned 202. Retrying...
2023-08-08T01:27:18.7185336Z A path returned 202. Retrying...
2023-08-08T01:27:18.7185559Z A path returned 202. Retrying...
2023-08-08T01:27:18.7185784Z A path returned 202. Retrying...
2023-08-08T01:27:18.7186012Z A path returned 202. Retrying...
2023-08-08T01:27:18.7186237Z A path returned 202. Retrying...
2023-08-08T01:27:18.7186455Z A path returned 202. Retrying...
2023-08-08T01:27:18.7186681Z A path returned 202. Retrying...
2023-08-08T01:27:18.7186905Z A path returned 202. Retrying...
2023-08-08T01:27:18.7187127Z A path returned 202. Retrying...
2023-08-08T01:27:18.7187351Z A path returned 202. Retrying...
2023-08-08T01:27:18.7187580Z A path returned 202. Retrying...
2023-08-08T01:27:18.7187805Z A path returned 202. Retrying...
2023-08-08T01:27:18.7188019Z A path returned 202. Retrying...
2023-08-08T01:27:18.7188246Z A path returned 202. Retrying...
2023-08-08T01:27:18.7188475Z A path returned 202. Retrying...
2023-08-08T01:27:18.7188699Z A path returned 202. Retrying...
2023-08-08T01:27:18.7188926Z A path returned 202. Retrying...
2023-08-08T01:27:18.7189149Z A path returned 202. Retrying...
2023-08-08T01:36:06.2402978Z A path returned 202. Retrying...
2023-08-08T01:36:06.2404489Z A path returned 202. Retrying...
2023-08-08T01:36:06.2404737Z A path returned 202. Retrying...
2023-08-08T01:36:06.2404965Z A path returned 202. Retrying...
2023-08-08T01:36:06.2405195Z A path returned 202. Retrying...
2023-08-08T01:36:06.2405427Z A path returned 202. Retrying...
2023-08-08T01:36:06.2405656Z A path returned 202. Retrying...
2023-08-08T01:36:06.2405887Z A path returned 202. Retrying...
2023-08-08T01:36:06.2406110Z A path returned 202. Retrying...
2023-08-08T01:36:06.2406375Z A path returned 202. Retrying...
2023-08-08T01:36:06.2406599Z A path returned 202. Retrying...
2023-08-08T01:36:06.2406817Z A path returned 202. Retrying...
2023-08-08T01:36:06.2407050Z A path returned 202. Retrying...
2023-08-08T01:36:06.2408649Z A path returned 202. Retrying...
2023-08-08T01:36:06.2408891Z A path returned 202. Retrying...
2023-08-08T01:36:06.2409121Z A path returned 202. Retrying...
2023-08-08T01:36:06.2409349Z A path returned 202. Retrying...
2023-08-08T01:36:06.2409577Z A path returned 202. Retrying...
2023-08-08T01:36:06.2409794Z A path returned 202. Retrying...
2023-08-08T01:36:06.2410026Z A path returned 202. Retrying...
2023-08-08T01:36:06.2410251Z A path returned 202. Retrying...
2023-08-08T01:36:06.2410480Z A path returned 202. Retrying...
2023-08-08T01:36:06.2410710Z A path returned 202. Retrying...
2023-08-08T01:36:06.2410936Z A path returned 202. Retrying...
2023-08-08T01:36:06.2411164Z A path returned 202. Retrying...
2023-08-08T01:36:06.2411801Z A path returned 202. Retrying...
2023-08-08T01:36:06.2412022Z A path returned 202. Retrying...
2023-08-08T01:36:06.2412247Z A path returned 202. Retrying...
2023-08-08T01:36:06.2412471Z A path returned 202. Retrying...
2023-08-08T01:36:06.2412837Z A path returned 202. Retrying...
2023-08-08T01:36:06.2413063Z A path returned 202. Retrying...
2023-08-08T01:36:06.2413287Z A path returned 202. Retrying...
2023-08-08T01:36:06.2413512Z A path returned 202. Retrying...
2023-08-08T01:36:06.2413740Z A path returned 202. Retrying...
2023-08-08T01:36:06.2413963Z A path returned 202. Retrying...
2023-08-08T01:36:06.2414186Z A path returned 202. Retrying...
2023-08-08T01:36:06.2414411Z A path returned 202. Retrying...
2023-08-08T01:36:06.2414633Z A path returned 202. Retrying...
2023-08-08T01:36:06.2414854Z A path returned 202. Retrying...
2023-08-08T01:36:06.2415075Z A path returned 202. Retrying...
2023-08-08T01:36:06.2415303Z A path returned 202. Retrying...
2023-08-08T01:36:06.2415518Z A path returned 202. Retrying...
2023-08-08T01:36:06.2415750Z A path returned 202. Retrying...
2023-08-08T01:36:06.2415978Z A path returned 202. Retrying...
2023-08-08T01:36:06.2416208Z A path returned 202. Retrying...
2023-08-08T01:36:06.2416438Z A path returned 202. Retrying...
2023-08-08T01:36:06.2416663Z A path returned 202. Retrying...
2023-08-08T01:36:06.2416885Z A path returned 202. Retrying...
2023-08-08T01:36:06.2417107Z A path returned 202. Retrying...
2023-08-08T01:36:06.2417324Z A path returned 202. Retrying...
2023-08-08T01:36:06.2417544Z A path returned 202. Retrying...
2023-08-08T01:36:06.2417771Z A path returned 202. Retrying...
2023-08-08T01:36:06.2417999Z A path returned 202. Retrying...
2023-08-08T01:36:06.2418222Z A path returned 202. Retrying...
2023-08-08T01:36:06.2418447Z A path returned 202. Retrying...
2023-08-08T01:36:06.2418670Z A path returned 202. Retrying...
2023-08-08T01:36:06.2418895Z A path returned 202. Retrying...
2023-08-08T01:36:06.2419111Z A path returned 202. Retrying...
2023-08-08T01:36:06.2419337Z A path returned 202. Retrying...
2023-08-08T01:36:06.2419561Z A path returned 202. Retrying...
2023-08-08T01:36:06.2419787Z A path returned 202. Retrying...
2023-08-08T01:36:06.2420011Z A path returned 202. Retrying...
2023-08-08T01:36:06.2420240Z A path returned 202. Retrying...
2023-08-08T01:36:06.2420463Z A path returned 202. Retrying...
2023-08-08T01:36:06.2420678Z A path returned 202. Retrying...
2023-08-08T01:36:06.2420902Z A path returned 202. Retrying...
2023-08-08T01:36:06.2421123Z A path returned 202. Retrying...
2023-08-08T01:36:06.2421350Z A path returned 202. Retrying...
2023-08-08T01:36:06.2421571Z A path returned 202. Retrying...
2023-08-08T01:36:06.2421794Z A path returned 202. Retrying...
2023-08-08T01:36:06.2422019Z A path returned 202. Retrying...
2023-08-08T01:36:06.2422244Z A path returned 202. Retrying...
2023-08-08T01:36:06.2422461Z A path returned 202. Retrying...
2023-08-08T01:36:06.2422679Z A path returned 202. Retrying...
2023-08-08T01:36:06.2422904Z A path returned 202. Retrying...
2023-08-08T01:36:06.2423134Z A path returned 202. Retrying...
2023-08-08T01:36:06.2423359Z A path returned 202. Retrying...
2023-08-08T01:36:06.2423581Z A path returned 202. Retrying...
2023-08-08T01:36:06.2423806Z A path returned 202. Retrying...
2023-08-08T01:36:06.2424031Z A path returned 202. Retrying...
2023-08-08T01:36:06.2424250Z A path returned 202. Retrying...
2023-08-08T01:36:06.2424473Z A path returned 202. Retrying...
2023-08-08T01:36:06.2424697Z A path returned 202. Retrying...
2023-08-08T01:36:06.2424922Z A path returned 202. Retrying...
2023-08-08T01:36:06.2425144Z A path returned 202. Retrying...
2023-08-08T01:36:06.2425365Z A path returned 202. Retrying...
2023-08-08T01:36:06.2425585Z A path returned 202. Retrying...
2023-08-08T01:36:06.2425799Z A path returned 202. Retrying...
2023-08-08T01:36:06.2426021Z A path returned 202. Retrying...
2023-08-08T01:36:06.2426241Z A path returned 202. Retrying...
2023-08-08T01:36:06.2426465Z A path returned 202. Retrying...
2023-08-08T01:36:06.2426800Z A path returned 202. Retrying...
2023-08-08T01:36:06.2427028Z A path returned 202. Retrying...
2023-08-08T01:36:06.2427248Z A path returned 202. Retrying...
2023-08-08T01:36:06.2427470Z A path returned 202. Retrying...
2023-08-08T01:36:06.2427782Z A path returned 202. Retrying...
2023-08-08T01:36:06.2428010Z A path returned 202. Retrying...
2023-08-08T01:36:06.2428240Z A path returned 202. Retrying...
2023-08-08T01:36:06.2428470Z A path returned 202. Retrying...
2023-08-08T01:36:06.2428695Z A path returned 202. Retrying...
2023-08-08T01:36:06.2428919Z A path returned 202. Retrying...
2023-08-08T01:36:06.2429143Z A path returned 202. Retrying...
2023-08-08T01:36:06.2429367Z A path returned 202. Retrying...
2023-08-08T01:36:06.2429584Z A path returned 202. Retrying...
2023-08-08T01:36:06.2429806Z A path returned 202. Retrying...
2023-08-08T01:36:06.2430028Z A path returned 202. Retrying...
2023-08-08T01:36:06.2430255Z A path returned 202. Retrying...
2023-08-08T01:36:06.2430479Z A path returned 202. Retrying...
2023-08-08T01:36:06.2430710Z A path returned 202. Retrying...
2023-08-08T01:36:06.2430934Z A path returned 202. Retrying...
2023-08-08T01:36:06.2431147Z A path returned 202. Retrying...
2023-08-08T01:36:06.2431378Z A path returned 202. Retrying...
2023-08-08T01:36:06.2431602Z A path returned 202. Retrying...
2023-08-08T01:36:06.2431824Z A path returned 202. Retrying...
2023-08-08T01:36:06.2432047Z A path returned 202. Retrying...
2023-08-08T01:36:06.2432269Z A path returned 202. Retrying...
2023-08-08T01:36:06.2432493Z A path returned 202. Retrying...
2023-08-08T01:36:06.2432720Z A path returned 202. Retrying...
2023-08-08T01:36:06.2432934Z A path returned 202. Retrying...
2023-08-08T01:36:06.2433161Z A path returned 202. Retrying...
2023-08-08T01:36:06.2433387Z A path returned 202. Retrying...
2023-08-08T01:36:06.2433611Z A path returned 202. Retrying...
2023-08-08T01:36:06.2434072Z A path returned 202. Retrying...
2023-08-08T01:36:06.2434307Z A path returned 202. Retrying...
2023-08-08T01:36:06.2434544Z A path returned 202. Retrying...
2023-08-08T01:36:06.2434771Z A path returned 202. Retrying...
2023-08-08T01:36:06.2434989Z A path returned 202. Retrying...
2023-08-08T01:36:06.2435217Z A path returned 202. Retrying...
2023-08-08T01:36:06.2435454Z A path returned 202. Retrying...
2023-08-08T01:36:06.2435683Z A path returned 202. Retrying...
2023-08-08T01:36:06.2435910Z A path returned 202. Retrying...
2023-08-08T01:36:06.2436136Z A path returned 202. Retrying...
2023-08-08T01:36:06.2436361Z A path returned 202. Retrying...
2023-08-08T01:36:06.2436585Z A path returned 202. Retrying...
2023-08-08T01:36:06.2436801Z A path returned 202. Retrying...
2023-08-08T01:36:06.2437027Z A path returned 202. Retrying...
2023-08-08T01:36:06.2437251Z A path returned 202. Retrying...
2023-08-08T01:36:06.2437475Z A path returned 202. Retrying...
2023-08-08T01:36:06.2437698Z A path returned 202. Retrying...
2023-08-08T01:36:06.2437920Z A path returned 202. Retrying...
2023-08-08T01:36:06.2438141Z A path returned 202. Retrying...
2023-08-08T01:36:06.2438358Z A path returned 202. Retrying...
2023-08-08T01:36:06.2438580Z A path returned 202. Retrying...
2023-08-08T01:36:06.2438800Z A path returned 202. Retrying...
2023-08-08T01:36:06.2439029Z A path returned 202. Retrying...
2023-08-08T01:36:06.2439255Z A path returned 202. Retrying...
2023-08-08T01:36:06.2439478Z A path returned 202. Retrying...
2023-08-08T01:36:06.2439702Z A path returned 202. Retrying...
2023-08-08T01:36:06.2439926Z A path returned 202. Retrying...
2023-08-08T01:36:06.2440142Z A path returned 202. Retrying...
2023-08-08T01:36:06.2440362Z A path returned 202. Retrying...
2023-08-08T01:36:06.2440585Z A path returned 202. Retrying...
2023-08-08T01:36:06.2440805Z A path returned 202. Retrying...
2023-08-08T01:36:06.2441034Z A path returned 202. Retrying...
2023-08-08T01:36:06.2441255Z A path returned 202. Retrying...
2023-08-08T01:36:06.2441479Z A path returned 202. Retrying...
2023-08-08T01:36:06.2441703Z A path returned 202. Retrying...
2023-08-08T01:36:06.2442120Z A path returned 202. Retrying...
2023-08-08T01:36:06.2442346Z A path returned 202. Retrying...
2023-08-08T01:36:06.2442565Z A path returned 202. Retrying...
2023-08-08T01:36:06.2442787Z A path returned 202. Retrying...
2023-08-08T01:36:06.2443121Z A path returned 202. Retrying...
2023-08-08T01:36:06.2443348Z A path returned 202. Retrying...
2023-08-08T01:36:06.2443573Z A path returned 202. Retrying...
2023-08-08T01:36:06.2443796Z A path returned 202. Retrying...
2023-08-08T01:36:06.2444019Z A path returned 202. Retrying...
2023-08-08T01:36:06.2444234Z A path returned 202. Retrying...
2023-08-08T01:36:06.2444458Z A path returned 202. Retrying...
2023-08-08T01:36:06.2444677Z A path returned 202. Retrying...
2023-08-08T01:36:06.2444902Z A path returned 202. Retrying...
2023-08-08T01:36:06.2445126Z A path returned 202. Retrying...
2023-08-08T01:36:06.2445348Z A path returned 202. Retrying...
2023-08-08T01:36:06.2445575Z A path returned 202. Retrying...
2023-08-08T01:36:06.2445799Z A path returned 202. Retrying...
2023-08-08T01:36:06.2446019Z A path returned 202. Retrying...
2023-08-08T01:36:06.2446240Z A path returned 202. Retrying...
2023-08-08T01:36:06.2446464Z A path returned 202. Retrying...
2023-08-08T01:36:06.2446693Z A path returned 202. Retrying...
2023-08-08T01:36:06.2446920Z A path returned 202. Retrying...
2023-08-08T01:36:06.2447143Z A path returned 202. Retrying...
2023-08-08T01:36:06.2447369Z A path returned 202. Retrying...
2023-08-08T01:36:06.2447594Z A path returned 202. Retrying...
2023-08-08T01:36:06.2447808Z A path returned 202. Retrying...
2023-08-08T01:36:06.2448026Z A path returned 202. Retrying...
2023-08-08T01:36:06.2448248Z A path returned 202. Retrying...
2023-08-08T01:36:06.2448473Z A path returned 202. Retrying...
2023-08-08T01:36:06.2448702Z A path returned 202. Retrying...
2023-08-08T01:36:06.2448927Z A path returned 202. Retrying...
2023-08-08T01:36:06.2449149Z A path returned 202. Retrying...
2023-08-08T01:36:06.2449364Z A path returned 202. Retrying...
2023-08-08T01:36:06.2449591Z A path returned 202. Retrying...
2023-08-08T01:36:06.2449810Z A path returned 202. Retrying...
2023-08-08T01:36:06.2450031Z A path returned 202. Retrying...
2023-08-08T01:36:06.2450254Z A path returned 202. Retrying...
2023-08-08T01:36:06.2450483Z A path returned 202. Retrying...
2023-08-08T01:36:06.2450703Z A path returned 202. Retrying...
2023-08-08T01:36:06.2450924Z A path returned 202. Retrying...
2023-08-08T01:36:06.2451138Z A path returned 202. Retrying...
2023-08-08T01:36:06.2451359Z A path returned 202. Retrying...
2023-08-08T01:36:06.2451579Z A path returned 202. Retrying...
2023-08-08T01:36:06.2451803Z A path returned 202. Retrying...
2023-08-08T01:36:06.2452023Z A path returned 202. Retrying...
2023-08-08T01:36:06.2452244Z A path returned 202. Retrying...
2023-08-08T01:36:06.2452464Z A path returned 202. Retrying...
2023-08-08T01:36:06.2452687Z A path returned 202. Retrying...
2023-08-08T01:36:06.2452906Z A path returned 202. Retrying...
2023-08-08T01:36:06.2453124Z A path returned 202. Retrying...
2023-08-08T01:36:06.2453354Z A path returned 202. Retrying...
2023-08-08T01:36:06.2453574Z A path returned 202. Retrying...
2023-08-08T01:36:06.2453795Z A path returned 202. Retrying...
2023-08-08T01:36:06.2454018Z A path returned 202. Retrying...
2023-08-08T01:36:06.2454243Z A path returned 202. Retrying...
2023-08-08T01:36:06.2454467Z A path returned 202. Retrying...
2023-08-08T01:36:06.2454682Z A path returned 202. Retrying...
2023-08-08T01:36:06.2454904Z A path returned 202. Retrying...
2023-08-08T01:36:06.2455129Z A path returned 202. Retrying...
2023-08-08T01:36:06.2455349Z A path returned 202. Retrying...
2023-08-08T01:36:06.2455573Z A path returned 202. Retrying...
2023-08-08T01:36:06.2455794Z A path returned 202. Retrying...
2023-08-08T01:36:06.2456016Z A path returned 202. Retrying...
2023-08-08T01:36:06.2456232Z A path returned 202. Retrying...
2023-08-08T01:36:06.2456459Z A path returned 202. Retrying...
2023-08-08T01:36:06.2456681Z A path returned 202. Retrying...
2023-08-08T01:36:06.2457018Z A path returned 202. Retrying...
2023-08-08T01:36:06.2457244Z A path returned 202. Retrying...
2023-08-08T01:36:06.2457468Z A path returned 202. Retrying...
2023-08-08T01:36:06.2457693Z A path returned 202. Retrying...
2023-08-08T01:36:06.2458041Z A path returned 202. Retrying...
2023-08-08T01:36:06.2458258Z A path returned 202. Retrying...
2023-08-08T01:36:06.2458486Z A path returned 202. Retrying...
2023-08-08T01:36:06.2458712Z A path returned 202. Retrying...
2023-08-08T01:36:06.2458936Z A path returned 202. Retrying...
2023-08-08T01:36:06.2459163Z A path returned 202. Retrying...
2023-08-08T01:36:06.2459390Z A path returned 202. Retrying...
2023-08-08T01:36:06.2459615Z A path returned 202. Retrying...
2023-08-08T01:36:06.2459838Z A path returned 202. Retrying...
2023-08-08T01:36:06.2460054Z A path returned 202. Retrying...
2023-08-08T01:36:06.2460279Z A path returned 202. Retrying...
2023-08-08T01:36:06.2460502Z A path returned 202. Retrying...
2023-08-08T01:36:06.2460726Z A path returned 202. Retrying...
2023-08-08T01:36:06.2460953Z A path returned 202. Retrying...
2023-08-08T01:36:06.2461179Z A path returned 202. Retrying...
2023-08-08T01:36:06.2461405Z A path returned 202. Retrying...
2023-08-08T01:36:06.2461627Z A path returned 202. Retrying...
2023-08-08T01:36:06.2461850Z A path returned 202. Retrying...
2023-08-08T01:36:06.2462073Z A path returned 202. Retrying...
2023-08-08T01:36:06.2462296Z A path returned 202. Retrying...
2023-08-08T01:36:06.2462516Z A path returned 202. Retrying...
2023-08-08T01:44:52.8322324Z A path returned 202. Retrying...
2023-08-08T01:44:52.8322633Z A path returned 202. Retrying...
2023-08-08T01:44:52.8322865Z A path returned 202. Retrying...
2023-08-08T01:44:52.8323101Z A path returned 202. Retrying...
2023-08-08T01:44:52.8323334Z A path returned 202. Retrying...
2023-08-08T01:44:52.8323569Z A path returned 202. Retrying...
2023-08-08T01:44:52.8323807Z A path returned 202. Retrying...
2023-08-08T01:44:52.8324030Z A path returned 202. Retrying...
2023-08-08T01:44:52.8324282Z A path returned 202. Retrying...
2023-08-08T01:44:52.8324501Z A path returned 202. Retrying...
2023-08-08T01:44:52.8324731Z A path returned 202. Retrying...
2023-08-08T01:44:52.8324961Z A path returned 202. Retrying...
2023-08-08T01:44:52.8325196Z A path returned 202. Retrying...
2023-08-08T01:44:52.8325423Z A path returned 202. Retrying...
2023-08-08T01:44:52.8325654Z A path returned 202. Retrying...
2023-08-08T01:44:52.8325882Z A path returned 202. Retrying...
2023-08-08T01:44:52.8326111Z A path returned 202. Retrying...
2023-08-08T01:44:52.8326329Z A path returned 202. Retrying...
2023-08-08T01:44:52.8326557Z A path returned 202. Retrying...
2023-08-08T01:44:52.8326784Z A path returned 202. Retrying...
2023-08-08T01:44:52.8327013Z A path returned 202. Retrying...
2023-08-08T01:44:52.8327242Z A path returned 202. Retrying...
2023-08-08T01:44:52.8327469Z A path returned 202. Retrying...
2023-08-08T01:44:52.8327693Z A path returned 202. Retrying...
2023-08-08T01:44:52.8327917Z A path returned 202. Retrying...
2023-08-08T01:44:52.8328138Z A path returned 202. Retrying...
2023-08-08T01:44:52.8328360Z A path returned 202. Retrying...
2023-08-08T01:44:52.8328588Z A path returned 202. Retrying...
2023-08-08T01:44:52.8328821Z A path returned 202. Retrying...
2023-08-08T01:44:52.8329050Z A path returned 202. Retrying...
2023-08-08T01:44:52.8329273Z A path returned 202. Retrying...
2023-08-08T01:44:52.8329496Z A path returned 202. Retrying...
2023-08-08T01:44:52.8329720Z A path returned 202. Retrying...
2023-08-08T01:44:52.8329937Z A path returned 202. Retrying...
2023-08-08T01:44:52.8330161Z A path returned 202. Retrying...
2023-08-08T01:44:52.8330387Z A path returned 202. Retrying...
2023-08-08T01:44:52.8330618Z A path returned 202. Retrying...
2023-08-08T01:44:52.8330840Z A path returned 202. Retrying...
2023-08-08T01:44:52.8331066Z A path returned 202. Retrying...
2023-08-08T01:44:52.8331292Z A path returned 202. Retrying...
2023-08-08T01:44:52.8331506Z A path returned 202. Retrying...
2023-08-08T01:44:52.8332119Z A path returned 202. Retrying...
2023-08-08T01:44:52.8332338Z A path returned 202. Retrying...
2023-08-08T01:44:52.8332565Z A path returned 202. Retrying...
2023-08-08T01:44:52.8332793Z A path returned 202. Retrying...
2023-08-08T01:44:52.8333174Z A path returned 202. Retrying...
2023-08-08T01:44:52.8333406Z A path returned 202. Retrying...
2023-08-08T01:44:52.8333629Z A path returned 202. Retrying...
2023-08-08T01:44:52.8333848Z A path returned 202. Retrying...
2023-08-08T01:44:52.8334072Z A path returned 202. Retrying...
2023-08-08T01:44:52.8334299Z A path returned 202. Retrying...
2023-08-08T01:44:52.8334524Z A path returned 202. Retrying...
2023-08-08T01:44:52.8334751Z A path returned 202. Retrying...
2023-08-08T01:44:52.8334974Z A path returned 202. Retrying...
2023-08-08T01:44:52.8335199Z A path returned 202. Retrying...
2023-08-08T01:44:52.8335428Z A path returned 202. Retrying...
2023-08-08T01:44:52.8335644Z A path returned 202. Retrying...
2023-08-08T01:44:52.8335867Z A path returned 202. Retrying...
2023-08-08T01:44:52.8336094Z A path returned 202. Retrying...
2023-08-08T01:44:52.8336315Z A path returned 202. Retrying...
2023-08-08T01:44:52.8336544Z A path returned 202. Retrying...
2023-08-08T01:44:52.8336767Z A path returned 202. Retrying...
2023-08-08T01:44:52.8337001Z A path returned 202. Retrying...
2023-08-08T01:44:52.8337221Z A path returned 202. Retrying...
2023-08-08T01:44:52.8337445Z A path returned 202. Retrying...
2023-08-08T01:44:52.8337667Z A path returned 202. Retrying...
2023-08-08T01:44:52.8337887Z A path returned 202. Retrying...
2023-08-08T01:44:52.8338111Z A path returned 202. Retrying...
2023-08-08T01:44:52.8338333Z A path returned 202. Retrying...
2023-08-08T01:44:52.8338560Z A path returned 202. Retrying...
2023-08-08T01:44:52.8338784Z A path returned 202. Retrying...
2023-08-08T01:44:52.8339001Z A path returned 202. Retrying...
2023-08-08T01:44:52.8339223Z A path returned 202. Retrying...
2023-08-08T01:44:52.8339449Z A path returned 202. Retrying...
2023-08-08T01:44:52.8339681Z A path returned 202. Retrying...
2023-08-08T01:44:52.8339908Z A path returned 202. Retrying...
2023-08-08T01:44:52.8340131Z A path returned 202. Retrying...
2023-08-08T01:44:52.8340360Z A path returned 202. Retrying...
2023-08-08T01:44:52.8340595Z A path returned 202. Retrying...
2023-08-08T01:44:52.8340810Z A path returned 202. Retrying...
2023-08-08T01:44:52.8341036Z A path returned 202. Retrying...
2023-08-08T01:44:52.8341262Z A path returned 202. Retrying...
2023-08-08T01:44:52.8341488Z A path returned 202. Retrying...
2023-08-08T01:44:52.8341712Z A path returned 202. Retrying...
2023-08-08T01:44:52.8341935Z A path returned 202. Retrying...
2023-08-08T01:44:52.8342159Z A path returned 202. Retrying...
2023-08-08T01:44:52.8342377Z A path returned 202. Retrying...
2023-08-08T01:44:52.8342603Z A path returned 202. Retrying...
2023-08-08T01:44:52.8342827Z A path returned 202. Retrying...
2023-08-08T01:44:52.8343056Z A path returned 202. Retrying...
2023-08-08T01:44:52.8343281Z A path returned 202. Retrying...
2023-08-08T01:44:52.8343514Z A path returned 202. Retrying...
2023-08-08T01:44:52.8343738Z A path returned 202. Retrying...
2023-08-08T01:44:52.8343961Z A path returned 202. Retrying...
2023-08-08T01:44:52.8344175Z A path returned 202. Retrying...
2023-08-08T01:44:52.8344400Z A path returned 202. Retrying...
2023-08-08T01:44:52.8344627Z A path returned 202. Retrying...
2023-08-08T01:44:52.8344854Z A path returned 202. Retrying...
2023-08-08T01:44:52.8345079Z A path returned 202. Retrying...
2023-08-08T01:44:52.8345301Z A path returned 202. Retrying...
2023-08-08T01:44:52.8345524Z A path returned 202. Retrying...
2023-08-08T01:44:52.8345812Z A path returned 202. Retrying...
2023-08-08T01:44:52.8346040Z A path returned 202. Retrying...
2023-08-08T01:44:52.8346267Z A path returned 202. Retrying...
2023-08-08T01:44:52.8346493Z A path returned 202. Retrying...
2023-08-08T01:44:52.8346719Z A path returned 202. Retrying...
2023-08-08T01:44:52.8346938Z A path returned 202. Retrying...
2023-08-08T01:44:52.8347280Z A path returned 202. Retrying...
2023-08-08T01:44:52.8347504Z A path returned 202. Retrying...
2023-08-08T01:44:52.8347730Z A path returned 202. Retrying...
2023-08-08T01:44:52.8347954Z A path returned 202. Retrying...
2023-08-08T01:44:52.8348275Z A path returned 202. Retrying...
2023-08-08T01:44:52.8348504Z A path returned 202. Retrying...
2023-08-08T01:44:52.8348721Z A path returned 202. Retrying...
2023-08-08T01:44:52.8348948Z A path returned 202. Retrying...
2023-08-08T01:44:52.8349171Z A path returned 202. Retrying...
2023-08-08T01:44:52.8349399Z A path returned 202. Retrying...
2023-08-08T01:44:52.8349625Z A path returned 202. Retrying...
2023-08-08T01:44:52.8349850Z A path returned 202. Retrying...
2023-08-08T01:44:52.8350073Z A path returned 202. Retrying...
2023-08-08T01:44:52.8350299Z A path returned 202. Retrying...
2023-08-08T01:44:52.8350517Z A path returned 202. Retrying...
2023-08-08T01:44:52.8350740Z A path returned 202. Retrying...
2023-08-08T01:44:52.8350967Z A path returned 202. Retrying...
2023-08-08T01:44:52.8351203Z A path returned 202. Retrying...
2023-08-08T01:44:52.8351432Z A path returned 202. Retrying...
2023-08-08T01:44:52.8351660Z A path returned 202. Retrying...
2023-08-08T01:44:52.8351886Z A path returned 202. Retrying...
2023-08-08T01:44:52.8352113Z A path returned 202. Retrying...
2023-08-08T01:44:52.8352330Z A path returned 202. Retrying...
2023-08-08T01:44:52.8352550Z A path returned 202. Retrying...
2023-08-08T01:44:52.8352776Z A path returned 202. Retrying...
2023-08-08T01:44:52.8353003Z A path returned 202. Retrying...
2023-08-08T01:44:52.8353231Z A path returned 202. Retrying...
2023-08-08T01:44:52.8353456Z A path returned 202. Retrying...
2023-08-08T01:44:52.8353679Z A path returned 202. Retrying...
2023-08-08T01:44:52.8354117Z A path returned 202. Retrying...
2023-08-08T01:44:52.8354337Z A path returned 202. Retrying...
2023-08-08T01:44:52.8354561Z A path returned 202. Retrying...
2023-08-08T01:44:52.8354789Z A path returned 202. Retrying...
2023-08-08T01:44:52.8355020Z A path returned 202. Retrying...
2023-08-08T01:44:52.8355247Z A path returned 202. Retrying...
2023-08-08T01:44:52.8355469Z A path returned 202. Retrying...
2023-08-08T01:44:52.8355692Z A path returned 202. Retrying...
2023-08-08T01:44:52.8355911Z A path returned 202. Retrying...
2023-08-08T01:44:52.8356137Z A path returned 202. Retrying...
2023-08-08T01:44:52.8356362Z A path returned 202. Retrying...
2023-08-08T01:44:52.8356587Z A path returned 202. Retrying...
2023-08-08T01:44:52.8356812Z A path returned 202. Retrying...
2023-08-08T01:44:52.8357038Z A path returned 202. Retrying...
2023-08-08T01:44:52.8357262Z A path returned 202. Retrying...
2023-08-08T01:44:52.8357490Z A path returned 202. Retrying...
2023-08-08T01:44:52.8357708Z A path returned 202. Retrying...
2023-08-08T01:44:52.8357934Z A path returned 202. Retrying...
2023-08-08T01:44:52.8358160Z A path returned 202. Retrying...
2023-08-08T01:44:52.8358385Z A path returned 202. Retrying...
2023-08-08T01:44:52.8358610Z A path returned 202. Retrying...
2023-08-08T01:44:52.8358843Z A path returned 202. Retrying...
2023-08-08T01:44:52.8359067Z A path returned 202. Retrying...
2023-08-08T01:44:52.8359293Z A path returned 202. Retrying...
2023-08-08T01:44:52.8359509Z A path returned 202. Retrying...
2023-08-08T01:44:52.8359740Z A path returned 202. Retrying...
2023-08-08T01:44:52.8359967Z A path returned 202. Retrying...
2023-08-08T01:44:52.8360190Z A path returned 202. Retrying...
2023-08-08T01:44:52.8360413Z A path returned 202. Retrying...
2023-08-08T01:44:52.8360637Z A path returned 202. Retrying...
2023-08-08T01:44:52.8360864Z A path returned 202. Retrying...
2023-08-08T01:44:52.8361079Z A path returned 202. Retrying...
2023-08-08T01:44:52.8361303Z A path returned 202. Retrying...
2023-08-08T01:44:52.8361522Z A path returned 202. Retrying...
2023-08-08T01:44:52.8361744Z A path returned 202. Retrying...
2023-08-08T01:44:52.8361968Z A path returned 202. Retrying...
2023-08-08T01:44:52.8362192Z A path returned 202. Retrying...
2023-08-08T01:44:52.8362543Z A path returned 202. Retrying...
2023-08-08T01:44:52.8362765Z A path returned 202. Retrying...
2023-08-08T01:44:52.8362983Z A path returned 202. Retrying...
2023-08-08T01:44:52.8363203Z A path returned 202. Retrying...
2023-08-08T01:44:52.8363529Z A path returned 202. Retrying...
2023-08-08T01:44:52.8363758Z A path returned 202. Retrying...
2023-08-08T01:44:52.8363983Z A path returned 202. Retrying...
2023-08-08T01:44:52.8364209Z A path returned 202. Retrying...
2023-08-08T01:44:52.8364441Z A path returned 202. Retrying...
2023-08-08T01:44:52.8364666Z A path returned 202. Retrying...
2023-08-08T01:44:52.8364882Z A path returned 202. Retrying...
2023-08-08T01:44:52.8365106Z A path returned 202. Retrying...
2023-08-08T01:44:52.8365328Z A path returned 202. Retrying...
2023-08-08T01:44:52.8365555Z A path returned 202. Retrying...
2023-08-08T01:44:52.8365780Z A path returned 202. Retrying...
2023-08-08T01:44:52.8366006Z A path returned 202. Retrying...
2023-08-08T01:44:52.8366233Z A path returned 202. Retrying...
2023-08-08T01:44:52.8366454Z A path returned 202. Retrying...
2023-08-08T01:44:52.8366680Z A path returned 202. Retrying...
2023-08-08T01:44:52.8366903Z A path returned 202. Retrying...
2023-08-08T01:44:52.8367126Z A path returned 202. Retrying...
2023-08-08T01:44:52.8367355Z A path returned 202. Retrying...
2023-08-08T01:44:52.8367579Z A path returned 202. Retrying...
2023-08-08T01:44:52.8367802Z A path returned 202. Retrying...
2023-08-08T01:44:52.8368026Z A path returned 202. Retrying...
2023-08-08T01:44:52.8368244Z A path returned 202. Retrying...
2023-08-08T01:44:52.8368466Z A path returned 202. Retrying...
2023-08-08T01:44:52.8368688Z A path returned 202. Retrying...
2023-08-08T01:44:52.8368915Z A path returned 202. Retrying...
2023-08-08T01:44:52.8369142Z A path returned 202. Retrying...
2023-08-08T01:44:52.8369368Z A path returned 202. Retrying...
2023-08-08T01:44:52.8369593Z A path returned 202. Retrying...
2023-08-08T01:44:52.8369824Z A path returned 202. Retrying...
2023-08-08T01:44:52.8370048Z A path returned 202. Retrying...
2023-08-08T01:44:52.8370270Z A path returned 202. Retrying...
2023-08-08T01:44:52.8370502Z A path returned 202. Retrying...
2023-08-08T01:44:52.8370732Z A path returned 202. Retrying...
2023-08-08T01:44:52.8370962Z A path returned 202. Retrying...
2023-08-08T01:44:52.8371186Z A path returned 202. Retrying...
2023-08-08T01:44:52.8371409Z A path returned 202. Retrying...
2023-08-08T01:44:52.8371628Z A path returned 202. Retrying...
2023-08-08T01:44:52.8371852Z A path returned 202. Retrying...
2023-08-08T01:44:52.8372076Z A path returned 202. Retrying...
2023-08-08T01:44:52.8372304Z A path returned 202. Retrying...
2023-08-08T01:44:52.8372532Z A path returned 202. Retrying...
2023-08-08T01:44:52.8372758Z A path returned 202. Retrying...
2023-08-08T01:44:52.8372984Z A path returned 202. Retrying...
2023-08-08T01:44:52.8373208Z A path returned 202. Retrying...
2023-08-08T01:44:52.8373424Z A path returned 202. Retrying...
2023-08-08T01:44:52.8373648Z A path returned 202. Retrying...
2023-08-08T01:44:52.8373881Z A path returned 202. Retrying...
2023-08-08T01:44:52.8374109Z A path returned 202. Retrying...
2023-08-08T01:44:52.8374336Z A path returned 202. Retrying...
2023-08-08T01:44:52.8374562Z A path returned 202. Retrying...
2023-08-08T01:44:52.8374793Z A path returned 202. Retrying...
2023-08-08T01:44:52.8375024Z A path returned 202. Retrying...
2023-08-08T01:44:52.8375242Z A path returned 202. Retrying...
2023-08-08T01:44:52.8375472Z A path returned 202. Retrying...
2023-08-08T01:44:52.8375699Z A path returned 202. Retrying...
2023-08-08T01:44:52.8375931Z A path returned 202. Retrying...
2023-08-08T01:44:52.8376158Z A path returned 202. Retrying...
2023-08-08T01:44:52.8376384Z A path returned 202. Retrying...
2023-08-08T01:44:52.8376610Z A path returned 202. Retrying...
2023-08-08T01:44:52.8376834Z A path returned 202. Retrying...
2023-08-08T01:44:52.8377061Z A path returned 202. Retrying...
2023-08-08T01:44:52.8377288Z A path returned 202. Retrying...
2023-08-08T01:44:52.8377514Z A path returned 202. Retrying...
2023-08-08T01:44:52.8377855Z A path returned 202. Retrying...
2023-08-08T01:44:52.8378082Z A path returned 202. Retrying...
2023-08-08T01:44:52.8378307Z A path returned 202. Retrying...
2023-08-08T01:44:52.8378648Z A path returned 202. Retrying...
2023-08-08T01:44:52.8378872Z A path returned 202. Retrying...
2023-08-08T01:44:52.8379097Z A path returned 202. Retrying...
2023-08-08T01:44:52.8379327Z A path returned 202. Retrying...
2023-08-08T01:44:52.8379552Z A path returned 202. Retrying...
2023-08-08T01:46:58.2138875Z A path returned 202. Retrying...
2023-08-08T01:46:58.2139216Z A path returned 202. Retrying...
2023-08-08T01:46:58.2139457Z A path returned 202. Retrying...
2023-08-08T01:46:58.2139698Z A path returned 202. Retrying...
2023-08-08T01:46:58.2139922Z A path returned 202. Retrying...
2023-08-08T01:46:58.2140156Z A path returned 202. Retrying...
2023-08-08T01:46:58.2140391Z A path returned 202. Retrying...
2023-08-08T01:46:58.2140621Z A path returned 202. Retrying...
2023-08-08T01:46:58.2140879Z A path returned 202. Retrying...
2023-08-08T01:46:58.2141102Z A path returned 202. Retrying...
2023-08-08T01:46:58.2141325Z A path returned 202. Retrying...
2023-08-08T01:46:58.2141541Z A path returned 202. Retrying...
2023-08-08T01:46:58.2141776Z A path returned 202. Retrying...
2023-08-08T01:46:58.2141999Z A path returned 202. Retrying...
2023-08-08T01:46:58.2142221Z A path returned 202. Retrying...
2023-08-08T01:46:58.2142443Z A path returned 202. Retrying...
2023-08-08T01:46:58.2142671Z A path returned 202. Retrying...
2023-08-08T01:46:58.2142891Z A path returned 202. Retrying...
2023-08-08T01:46:58.2143115Z A path returned 202. Retrying...
2023-08-08T01:46:58.2143331Z A path returned 202. Retrying...
2023-08-08T01:46:58.2143548Z A path returned 202. Retrying...
2023-08-08T01:46:58.2143773Z A path returned 202. Retrying...
2023-08-08T01:46:58.2143996Z A path returned 202. Retrying...
2023-08-08T01:46:58.2144218Z A path returned 202. Retrying...
2023-08-08T01:46:58.2144436Z A path returned 202. Retrying...
2023-08-08T01:46:58.2144661Z A path returned 202. Retrying...
2023-08-08T01:46:58.2144881Z A path returned 202. Retrying...
2023-08-08T01:46:58.2145099Z A path returned 202. Retrying...
2023-08-08T01:46:58.2394667Z ##[group]Run git config --global user.name "jstrieb/github-stats"
2023-08-08T01:46:58.2395089Z [36;1mgit config --global user.name "jstrieb/github-stats"[0m
2023-08-08T01:46:58.2395453Z [36;1mgit config --global user.email "github-stats[bot]@jstrieb.github.io"[0m
2023-08-08T01:46:58.2395760Z [36;1mgit add .[0m
2023-08-08T01:46:58.2396036Z [36;1m# Force the build to succeed, even if no files were changed[0m
2023-08-08T01:46:58.2396367Z [36;1mgit commit -m 'Update generated files' || true[0m
2023-08-08T01:46:58.2396629Z [36;1mgit push[0m
2023-08-08T01:46:58.2449859Z shell: /usr/bin/bash -e {0}
2023-08-08T01:46:58.2450081Z env:
2023-08-08T01:46:58.2450362Z   pythonLocation: /opt/hostedtoolcache/Python/3.8.17/x64
2023-08-08T01:46:58.2450710Z   PKG_CONFIG_PATH: /opt/hostedtoolcache/Python/3.8.17/x64/lib/pkgconfig
2023-08-08T01:46:58.2451067Z   Python_ROOT_DIR: /opt/hostedtoolcache/Python/3.8.17/x64
2023-08-08T01:46:58.2451429Z   Python2_ROOT_DIR: /opt/hostedtoolcache/Python/3.8.17/x64
2023-08-08T01:46:58.2451745Z   Python3_ROOT_DIR: /opt/hostedtoolcache/Python/3.8.17/x64
2023-08-08T01:46:58.2452070Z   LD_LIBRARY_PATH: /opt/hostedtoolcache/Python/3.8.17/x64/lib
2023-08-08T01:46:58.2452322Z ##[endgroup]
2023-08-08T01:46:59.2949299Z [master 959b0ee] Update generated files
2023-08-08T01:46:59.2950155Z  2 files changed, 273 insertions(+), 264 deletions(-)
2023-08-08T01:47:00.1481084Z To https://github.com/seanpm2001/GitHub_Stats_A
2023-08-08T01:47:00.1481871Z    3b3bf02..959b0ee  master -> master
2023-08-08T01:47:00.1557533Z Post job cleanup.
2023-08-08T01:47:00.3070578Z Cache hit occurred on the primary key setup-python-Linux-22.04-Ubuntu-python-3.8.17-pip-60f2a6c0212a9b74a155cd81b58dd07fd8b180833132566260d95f4de42fe218, not saving cache.
2023-08-08T01:47:00.3160699Z Post job cleanup.
2023-08-08T01:47:00.4181416Z [command]/usr/bin/git version
2023-08-08T01:47:00.4232769Z git version 2.41.0
2023-08-08T01:47:00.4270791Z Copying '/home/runner/.gitconfig' to '/home/runner/work/_temp/37daa9fe-ad0c-4139-ab4c-81da7b0e8c2b/.gitconfig'
2023-08-08T01:47:00.4282147Z Temporarily overriding HOME='/home/runner/work/_temp/37daa9fe-ad0c-4139-ab4c-81da7b0e8c2b' before making global git config changes
2023-08-08T01:47:00.4283003Z Adding repository directory to the temporary git global config as a safe directory
2023-08-08T01:47:00.4291004Z [command]/usr/bin/git config --global --add safe.directory /home/runner/work/GitHub_Stats_A/GitHub_Stats_A
2023-08-08T01:47:00.4329982Z [command]/usr/bin/git config --local --name-only --get-regexp core\.sshCommand
2023-08-08T01:47:00.4364338Z [command]/usr/bin/git submodule foreach --recursive sh -c "git config --local --name-only --get-regexp 'core\.sshCommand' && git config --local --unset-all 'core.sshCommand' || :"
2023-08-08T01:47:00.4609784Z [command]/usr/bin/git config --local --name-only --get-regexp http\.https\:\/\/github\.com\/\.extraheader
2023-08-08T01:47:00.4633784Z http.https://github.com/.extraheader
2023-08-08T01:47:00.4648784Z [command]/usr/bin/git config --local --unset-all http.https://github.com/.extraheader
2023-08-08T01:47:00.4684110Z [command]/usr/bin/git submodule foreach --recursive sh -c "git config --local --name-only --get-regexp 'http\.https\:\/\/github\.com\/\.extraheader' && git config --local --unset-all 'http.https://github.com/.extraheader' || :"
2023-08-08T01:47:00.5172188Z Cleaning up orphan processes
