2024-02-08T00:22:54.2227607Z Requested labels: ubuntu-latest
2024-02-08T00:22:54.2227883Z Job defined at: seanpm2001/GitHub_Stats_A/.github/workflows/main.yml@refs/heads/master
2024-02-08T00:22:54.2227984Z Waiting for a runner to pick up this job...
2024-02-08T00:22:55.4523339Z Job is waiting for a hosted runner to come online.
2024-02-08T00:22:58.5412745Z Job is about to start running on the hosted runner: GitHub Actions 2 (hosted)
2024-02-08T00:23:01.7385106Z Current runner version: '2.312.0'
2024-02-08T00:23:01.7407650Z ##[group]Operating System
2024-02-08T00:23:01.7408419Z Ubuntu
2024-02-08T00:23:01.7408779Z 22.04.3
2024-02-08T00:23:01.7409103Z LTS
2024-02-08T00:23:01.7409488Z ##[endgroup]
2024-02-08T00:23:01.7409880Z ##[group]Runner Image
2024-02-08T00:23:01.7410354Z Image: ubuntu-22.04
2024-02-08T00:23:01.7410825Z Version: 20240204.1.0
2024-02-08T00:23:01.7411785Z Included Software: https://github.com/actions/runner-images/blob/ubuntu22/20240204.1/images/ubuntu/Ubuntu2204-Readme.md
2024-02-08T00:23:01.7413221Z Image Release: https://github.com/actions/runner-images/releases/tag/ubuntu22%2F20240204.1
2024-02-08T00:23:01.7414142Z ##[endgroup]
2024-02-08T00:23:01.7414551Z ##[group]Runner Image Provisioner
2024-02-08T00:23:01.7414996Z 2.0.341.1
2024-02-08T00:23:01.7415410Z ##[endgroup]
2024-02-08T00:23:01.7416251Z ##[group]GITHUB_TOKEN Permissions
2024-02-08T00:23:01.7417863Z Contents: write
2024-02-08T00:23:01.7418300Z Metadata: read
2024-02-08T00:23:01.7418950Z ##[endgroup]
2024-02-08T00:23:01.7422315Z Secret source: Actions
2024-02-08T00:23:01.7423138Z Prepare workflow directory
2024-02-08T00:23:01.8042271Z Prepare all required actions
2024-02-08T00:23:01.8199303Z Getting action download info
2024-02-08T00:23:02.0338698Z Download action repository 'actions/checkout@v3' (SHA:f43a0e5ff2bd294095638e18286ca9a3d1956744)
2024-02-08T00:23:02.1416942Z Download action repository 'actions/setup-python@v4' (SHA:65d7f2d534ac1bc67fcd62888c5f4f3d2cb2b236)
2024-02-08T00:23:02.3109607Z Complete job name: build
2024-02-08T00:23:02.4204338Z ##[group]Run actions/checkout@v3
2024-02-08T00:23:02.4204937Z with:
2024-02-08T00:23:02.4205345Z   repository: seanpm2001/GitHub_Stats_A
2024-02-08T00:23:02.4206186Z   token: ***
2024-02-08T00:23:02.4206533Z   ssh-strict: true
2024-02-08T00:23:02.4206970Z   persist-credentials: true
2024-02-08T00:23:02.4207499Z   clean: true
2024-02-08T00:23:02.4207899Z   sparse-checkout-cone-mode: true
2024-02-08T00:23:02.4208384Z   fetch-depth: 1
2024-02-08T00:23:02.4208871Z   fetch-tags: false
2024-02-08T00:23:02.4209292Z   lfs: false
2024-02-08T00:23:02.4209640Z   submodules: false
2024-02-08T00:23:02.4210114Z   set-safe-directory: true
2024-02-08T00:23:02.4210568Z ##[endgroup]
2024-02-08T00:23:02.5808520Z Syncing repository: seanpm2001/GitHub_Stats_A
2024-02-08T00:23:02.5811726Z ##[group]Getting Git version info
2024-02-08T00:23:02.5813380Z Working directory is '/home/runner/work/GitHub_Stats_A/GitHub_Stats_A'
2024-02-08T00:23:02.5815680Z [command]/usr/bin/git version
2024-02-08T00:23:02.5817013Z git version 2.43.0
2024-02-08T00:23:02.5820670Z ##[endgroup]
2024-02-08T00:23:02.5838728Z Temporarily overriding HOME='/home/runner/work/_temp/c1a75130-368b-423b-98b9-e7ede93f5e89' before making global git config changes
2024-02-08T00:23:02.5841471Z Adding repository directory to the temporary git global config as a safe directory
2024-02-08T00:23:02.5843580Z [command]/usr/bin/git config --global --add safe.directory /home/runner/work/GitHub_Stats_A/GitHub_Stats_A
2024-02-08T00:23:02.5884432Z Deleting the contents of '/home/runner/work/GitHub_Stats_A/GitHub_Stats_A'
2024-02-08T00:23:02.5887120Z ##[group]Initializing the repository
2024-02-08T00:23:02.5891617Z [command]/usr/bin/git init /home/runner/work/GitHub_Stats_A/GitHub_Stats_A
2024-02-08T00:23:02.5949701Z hint: Using 'master' as the name for the initial branch. This default branch name
2024-02-08T00:23:02.5950896Z hint: is subject to change. To configure the initial branch name to use in all
2024-02-08T00:23:02.5952203Z hint: of your new repositories, which will suppress this warning, call:
2024-02-08T00:23:02.5953218Z hint: 
2024-02-08T00:23:02.5953793Z hint: 	git config --global init.defaultBranch <name>
2024-02-08T00:23:02.5954641Z hint: 
2024-02-08T00:23:02.5955372Z hint: Names commonly chosen instead of 'master' are 'main', 'trunk' and
2024-02-08T00:23:02.5956648Z hint: 'development'. The just-created branch can be renamed via this command:
2024-02-08T00:23:02.5957932Z hint: 
2024-02-08T00:23:02.5958560Z hint: 	git branch -m <name>
2024-02-08T00:23:02.5959760Z Initialized empty Git repository in /home/runner/work/GitHub_Stats_A/GitHub_Stats_A/.git/
2024-02-08T00:23:02.5967586Z [command]/usr/bin/git remote add origin https://github.com/seanpm2001/GitHub_Stats_A
2024-02-08T00:23:02.6007974Z ##[endgroup]
2024-02-08T00:23:02.6008866Z ##[group]Disabling automatic garbage collection
2024-02-08T00:23:02.6010996Z [command]/usr/bin/git config --local gc.auto 0
2024-02-08T00:23:02.6047018Z ##[endgroup]
2024-02-08T00:23:02.6047764Z ##[group]Setting up auth
2024-02-08T00:23:02.6052972Z [command]/usr/bin/git config --local --name-only --get-regexp core\.sshCommand
2024-02-08T00:23:02.6091306Z [command]/usr/bin/git submodule foreach --recursive sh -c "git config --local --name-only --get-regexp 'core\.sshCommand' && git config --local --unset-all 'core.sshCommand' || :"
2024-02-08T00:23:02.6384915Z [command]/usr/bin/git config --local --name-only --get-regexp http\.https\:\/\/github\.com\/\.extraheader
2024-02-08T00:23:02.6423492Z [command]/usr/bin/git submodule foreach --recursive sh -c "git config --local --name-only --get-regexp 'http\.https\:\/\/github\.com\/\.extraheader' && git config --local --unset-all 'http.https://github.com/.extraheader' || :"
2024-02-08T00:23:02.6669874Z [command]/usr/bin/git config --local http.https://github.com/.extraheader AUTHORIZATION: basic ***
2024-02-08T00:23:02.6714238Z ##[endgroup]
2024-02-08T00:23:02.6715784Z ##[group]Fetching the repository
2024-02-08T00:23:02.6725185Z [command]/usr/bin/git -c protocol.version=2 fetch --no-tags --prune --progress --no-recurse-submodules --depth=1 origin +82fac416fcd83414b62ba74e7990e6b7fe45370f:refs/remotes/origin/master
2024-02-08T00:23:02.9848509Z remote: Enumerating objects: 10491, done.        
2024-02-08T00:23:02.9909224Z remote: Counting objects:   0% (1/10491)        
2024-02-08T00:23:02.9911035Z remote: Counting objects:   1% (105/10491)        
2024-02-08T00:23:02.9913512Z remote: Counting objects:   2% (210/10491)        
2024-02-08T00:23:02.9915098Z remote: Counting objects:   3% (315/10491)        
2024-02-08T00:23:02.9916701Z remote: Counting objects:   4% (420/10491)        
2024-02-08T00:23:02.9919427Z remote: Counting objects:   5% (525/10491)        
2024-02-08T00:23:02.9921055Z remote: Counting objects:   6% (630/10491)        
2024-02-08T00:23:02.9922003Z remote: Counting objects:   7% (735/10491)        
2024-02-08T00:23:02.9922889Z remote: Counting objects:   8% (840/10491)        
2024-02-08T00:23:02.9923737Z remote: Counting objects:   9% (945/10491)        
2024-02-08T00:23:02.9924521Z remote: Counting objects:  10% (1050/10491)        
2024-02-08T00:23:02.9925235Z remote: Counting objects:  11% (1155/10491)        
2024-02-08T00:23:02.9926401Z remote: Counting objects:  12% (1259/10491)        
2024-02-08T00:23:02.9928348Z remote: Counting objects:  13% (1364/10491)        
2024-02-08T00:23:02.9930196Z remote: Counting objects:  14% (1469/10491)        
2024-02-08T00:23:02.9931831Z remote: Counting objects:  15% (1574/10491)        
2024-02-08T00:23:02.9932942Z remote: Counting objects:  16% (1679/10491)        
2024-02-08T00:23:02.9934105Z remote: Counting objects:  17% (1784/10491)        
2024-02-08T00:23:02.9935506Z remote: Counting objects:  18% (1889/10491)        
2024-02-08T00:23:02.9936656Z remote: Counting objects:  19% (1994/10491)        
2024-02-08T00:23:02.9937880Z remote: Counting objects:  20% (2099/10491)        
2024-02-08T00:23:02.9939213Z remote: Counting objects:  21% (2204/10491)        
2024-02-08T00:23:02.9940556Z remote: Counting objects:  22% (2309/10491)        
2024-02-08T00:23:02.9942247Z remote: Counting objects:  23% (2413/10491)        
2024-02-08T00:23:02.9943209Z remote: Counting objects:  24% (2518/10491)        
2024-02-08T00:23:02.9943999Z remote: Counting objects:  25% (2623/10491)        
2024-02-08T00:23:02.9944838Z remote: Counting objects:  26% (2728/10491)        
2024-02-08T00:23:02.9945971Z remote: Counting objects:  27% (2833/10491)        
2024-02-08T00:23:02.9947221Z remote: Counting objects:  28% (2938/10491)        
2024-02-08T00:23:02.9948886Z remote: Counting objects:  29% (3043/10491)        
2024-02-08T00:23:02.9949798Z remote: Counting objects:  30% (3148/10491)        
2024-02-08T00:23:02.9950799Z remote: Counting objects:  31% (3253/10491)        
2024-02-08T00:23:02.9951716Z remote: Counting objects:  32% (3358/10491)        
2024-02-08T00:23:02.9952515Z remote: Counting objects:  33% (3463/10491)        
2024-02-08T00:23:02.9953451Z remote: Counting objects:  34% (3567/10491)        
2024-02-08T00:23:02.9954474Z remote: Counting objects:  35% (3672/10491)        
2024-02-08T00:23:02.9955241Z remote: Counting objects:  36% (3777/10491)        
2024-02-08T00:23:02.9955967Z remote: Counting objects:  37% (3882/10491)        
2024-02-08T00:23:02.9957029Z remote: Counting objects:  38% (3987/10491)        
2024-02-08T00:23:02.9957795Z remote: Counting objects:  39% (4092/10491)        
2024-02-08T00:23:02.9959015Z remote: Counting objects:  40% (4197/10491)        
2024-02-08T00:23:02.9960125Z remote: Counting objects:  41% (4302/10491)        
2024-02-08T00:23:02.9960904Z remote: Counting objects:  42% (4407/10491)        
2024-02-08T00:23:02.9961614Z remote: Counting objects:  43% (4512/10491)        
2024-02-08T00:23:02.9962576Z remote: Counting objects:  44% (4617/10491)        
2024-02-08T00:23:02.9963635Z remote: Counting objects:  45% (4721/10491)        
2024-02-08T00:23:02.9964501Z remote: Counting objects:  46% (4826/10491)        
2024-02-08T00:23:02.9965229Z remote: Counting objects:  47% (4931/10491)        
2024-02-08T00:23:02.9966171Z remote: Counting objects:  48% (5036/10491)        
2024-02-08T00:23:02.9967032Z remote: Counting objects:  49% (5141/10491)        
2024-02-08T00:23:02.9967763Z remote: Counting objects:  50% (5246/10491)        
2024-02-08T00:23:02.9968452Z remote: Counting objects:  51% (5351/10491)        
2024-02-08T00:23:02.9969277Z remote: Counting objects:  52% (5456/10491)        
2024-02-08T00:23:02.9970001Z remote: Counting objects:  53% (5561/10491)        
2024-02-08T00:23:02.9970730Z remote: Counting objects:  54% (5666/10491)        
2024-02-08T00:23:02.9971538Z remote: Counting objects:  55% (5771/10491)        
2024-02-08T00:23:02.9972281Z remote: Counting objects:  56% (5875/10491)        
2024-02-08T00:23:02.9973016Z remote: Counting objects:  57% (5980/10491)        
2024-02-08T00:23:02.9973806Z remote: Counting objects:  58% (6085/10491)        
2024-02-08T00:23:02.9974496Z remote: Counting objects:  59% (6190/10491)        
2024-02-08T00:23:02.9975235Z remote: Counting objects:  60% (6295/10491)        
2024-02-08T00:23:02.9976037Z remote: Counting objects:  61% (6400/10491)        
2024-02-08T00:23:02.9976779Z remote: Counting objects:  62% (6505/10491)        
2024-02-08T00:23:02.9977500Z remote: Counting objects:  63% (6610/10491)        
2024-02-08T00:23:02.9978513Z remote: Counting objects:  64% (6715/10491)        
2024-02-08T00:23:02.9979258Z remote: Counting objects:  65% (6820/10491)        
2024-02-08T00:23:02.9980010Z remote: Counting objects:  66% (6925/10491)        
2024-02-08T00:23:02.9980831Z remote: Counting objects:  67% (7029/10491)        
2024-02-08T00:23:02.9981840Z remote: Counting objects:  68% (7134/10491)        
2024-02-08T00:23:02.9982573Z remote: Counting objects:  69% (7239/10491)        
2024-02-08T00:23:02.9983481Z remote: Counting objects:  70% (7344/10491)        
2024-02-08T00:23:02.9984223Z remote: Counting objects:  71% (7449/10491)        
2024-02-08T00:23:02.9984911Z remote: Counting objects:  72% (7554/10491)        
2024-02-08T00:23:02.9985716Z remote: Counting objects:  73% (7659/10491)        
2024-02-08T00:23:02.9986454Z remote: Counting objects:  74% (7764/10491)        
2024-02-08T00:23:02.9987244Z remote: Counting objects:  75% (7869/10491)        
2024-02-08T00:23:02.9987943Z remote: Counting objects:  76% (7974/10491)        
2024-02-08T00:23:02.9988701Z remote: Counting objects:  77% (8079/10491)        
2024-02-08T00:23:02.9989528Z remote: Counting objects:  78% (8183/10491)        
2024-02-08T00:23:02.9990482Z remote: Counting objects:  79% (8288/10491)        
2024-02-08T00:23:02.9991185Z remote: Counting objects:  80% (8393/10491)        
2024-02-08T00:23:02.9992012Z remote: Counting objects:  81% (8498/10491)        
2024-02-08T00:23:02.9992767Z remote: Counting objects:  82% (8603/10491)        
2024-02-08T00:23:02.9993485Z remote: Counting objects:  83% (8708/10491)        
2024-02-08T00:23:02.9994274Z remote: Counting objects:  84% (8813/10491)        
2024-02-08T00:23:02.9995002Z remote: Counting objects:  85% (8918/10491)        
2024-02-08T00:23:02.9995731Z remote: Counting objects:  86% (9023/10491)        
2024-02-08T00:23:02.9996546Z remote: Counting objects:  87% (9128/10491)        
2024-02-08T00:23:02.9997246Z remote: Counting objects:  88% (9233/10491)        
2024-02-08T00:23:02.9997977Z remote: Counting objects:  89% (9337/10491)        
2024-02-08T00:23:02.9998815Z remote: Counting objects:  90% (9442/10491)        
2024-02-08T00:23:02.9999556Z remote: Counting objects:  91% (9547/10491)        
2024-02-08T00:23:03.0000263Z remote: Counting objects:  92% (9652/10491)        
2024-02-08T00:23:03.0001085Z remote: Counting objects:  93% (9757/10491)        
2024-02-08T00:23:03.0001834Z remote: Counting objects:  94% (9862/10491)        
2024-02-08T00:23:03.0002581Z remote: Counting objects:  95% (9967/10491)        
2024-02-08T00:23:03.0003372Z remote: Counting objects:  96% (10072/10491)        
2024-02-08T00:23:03.0004130Z remote: Counting objects:  97% (10177/10491)        
2024-02-08T00:23:03.0005055Z remote: Counting objects:  98% (10282/10491)        
2024-02-08T00:23:03.0005913Z remote: Counting objects:  99% (10387/10491)        
2024-02-08T00:23:03.0006650Z remote: Counting objects: 100% (10491/10491)        
2024-02-08T00:23:03.0007460Z remote: Counting objects: 100% (10491/10491), done.        
2024-02-08T00:23:03.0098711Z remote: Compressing objects:   0% (1/4083)        
2024-02-08T00:23:03.0099732Z remote: Compressing objects:   1% (41/4083)        
2024-02-08T00:23:03.0108975Z remote: Compressing objects:   2% (82/4083)        
2024-02-08T00:23:03.0109942Z remote: Compressing objects:   3% (123/4083)        
2024-02-08T00:23:03.0727538Z remote: Compressing objects:   4% (164/4083)        
2024-02-08T00:23:03.0744558Z remote: Compressing objects:   5% (205/4083)        
2024-02-08T00:23:03.0761621Z remote: Compressing objects:   6% (245/4083)        
2024-02-08T00:23:03.0776701Z remote: Compressing objects:   7% (286/4083)        
2024-02-08T00:23:03.0778207Z remote: Compressing objects:   8% (327/4083)        
2024-02-08T00:23:03.0779240Z remote: Compressing objects:   9% (368/4083)        
2024-02-08T00:23:03.0780327Z remote: Compressing objects:  10% (409/4083)        
2024-02-08T00:23:03.0781576Z remote: Compressing objects:  11% (450/4083)        
2024-02-08T00:23:03.0782586Z remote: Compressing objects:  12% (490/4083)        
2024-02-08T00:23:03.0783659Z remote: Compressing objects:  13% (531/4083)        
2024-02-08T00:23:03.0784610Z remote: Compressing objects:  14% (572/4083)        
2024-02-08T00:23:03.0785543Z remote: Compressing objects:  15% (613/4083)        
2024-02-08T00:23:03.0786744Z remote: Compressing objects:  16% (654/4083)        
2024-02-08T00:23:03.0787778Z remote: Compressing objects:  17% (695/4083)        
2024-02-08T00:23:03.0788701Z remote: Compressing objects:  18% (735/4083)        
2024-02-08T00:23:03.0805824Z remote: Compressing objects:  19% (776/4083)        
2024-02-08T00:23:03.0854355Z remote: Compressing objects:  20% (817/4083)        
2024-02-08T00:23:03.0855913Z remote: Compressing objects:  21% (858/4083)        
2024-02-08T00:23:03.0857606Z remote: Compressing objects:  22% (899/4083)        
2024-02-08T00:23:03.0858838Z remote: Compressing objects:  23% (940/4083)        
2024-02-08T00:23:03.0859728Z remote: Compressing objects:  24% (980/4083)        
2024-02-08T00:23:03.0860718Z remote: Compressing objects:  25% (1021/4083)        
2024-02-08T00:23:03.0861819Z remote: Compressing objects:  26% (1062/4083)        
2024-02-08T00:23:03.0862625Z remote: Compressing objects:  27% (1103/4083)        
2024-02-08T00:23:03.0864002Z remote: Compressing objects:  28% (1144/4083)        
2024-02-08T00:23:03.0864811Z remote: Compressing objects:  29% (1185/4083)        
2024-02-08T00:23:03.0865698Z remote: Compressing objects:  30% (1225/4083)        
2024-02-08T00:23:03.1100667Z remote: Compressing objects:  31% (1266/4083)        
2024-02-08T00:23:03.1295044Z remote: Compressing objects:  32% (1307/4083)        
2024-02-08T00:23:03.1562898Z remote: Compressing objects:  33% (1348/4083)        
2024-02-08T00:23:03.1770641Z remote: Compressing objects:  34% (1389/4083)        
2024-02-08T00:23:03.1986591Z remote: Compressing objects:  35% (1430/4083)        
2024-02-08T00:23:03.2195612Z remote: Compressing objects:  36% (1470/4083)        
2024-02-08T00:23:03.2454948Z remote: Compressing objects:  37% (1511/4083)        
2024-02-08T00:23:03.2680270Z remote: Compressing objects:  38% (1552/4083)        
2024-02-08T00:23:03.2925786Z remote: Compressing objects:  39% (1593/4083)        
2024-02-08T00:23:03.3077892Z remote: Compressing objects:  40% (1634/4083)        
2024-02-08T00:23:03.3195469Z remote: Compressing objects:  41% (1675/4083)        
2024-02-08T00:23:03.3401548Z remote: Compressing objects:  42% (1715/4083)        
2024-02-08T00:23:03.3413388Z remote: Compressing objects:  43% (1756/4083)        
2024-02-08T00:23:03.3781916Z remote: Compressing objects:  44% (1797/4083)        
2024-02-08T00:23:03.4634532Z remote: Compressing objects:  45% (1838/4083)        
2024-02-08T00:23:03.4692351Z remote: Compressing objects:  46% (1879/4083)        
2024-02-08T00:23:03.4701824Z remote: Compressing objects:  47% (1920/4083)        
2024-02-08T00:23:03.4706598Z remote: Compressing objects:  48% (1960/4083)        
2024-02-08T00:23:03.4709081Z remote: Compressing objects:  49% (2001/4083)        
2024-02-08T00:23:03.4713333Z remote: Compressing objects:  50% (2042/4083)        
2024-02-08T00:23:03.4717805Z remote: Compressing objects:  51% (2083/4083)        
2024-02-08T00:23:03.4719157Z remote: Compressing objects:  52% (2124/4083)        
2024-02-08T00:23:03.4722146Z remote: Compressing objects:  53% (2164/4083)        
2024-02-08T00:23:03.4724972Z remote: Compressing objects:  54% (2205/4083)        
2024-02-08T00:23:03.4729789Z remote: Compressing objects:  55% (2246/4083)        
2024-02-08T00:23:03.4734228Z remote: Compressing objects:  56% (2287/4083)        
2024-02-08T00:23:03.4738800Z remote: Compressing objects:  57% (2328/4083)        
2024-02-08T00:23:03.4742870Z remote: Compressing objects:  58% (2369/4083)        
2024-02-08T00:23:03.4743829Z remote: Compressing objects:  59% (2409/4083)        
2024-02-08T00:23:03.4744952Z remote: Compressing objects:  60% (2450/4083)        
2024-02-08T00:23:03.4745897Z remote: Compressing objects:  61% (2491/4083)        
2024-02-08T00:23:03.4747184Z remote: Compressing objects:  62% (2532/4083)        
2024-02-08T00:23:03.4772118Z remote: Compressing objects:  63% (2573/4083)        
2024-02-08T00:23:03.4773471Z remote: Compressing objects:  64% (2614/4083)        
2024-02-08T00:23:03.4774653Z remote: Compressing objects:  65% (2654/4083)        
2024-02-08T00:23:03.4775648Z remote: Compressing objects:  66% (2695/4083)        
2024-02-08T00:23:03.4795114Z remote: Compressing objects:  67% (2736/4083)        
2024-02-08T00:23:03.4797878Z remote: Compressing objects:  68% (2777/4083)        
2024-02-08T00:23:03.4798853Z remote: Compressing objects:  69% (2818/4083)        
2024-02-08T00:23:03.4799809Z remote: Compressing objects:  70% (2859/4083)        
2024-02-08T00:23:03.4800933Z remote: Compressing objects:  71% (2899/4083)        
2024-02-08T00:23:03.4801820Z remote: Compressing objects:  72% (2940/4083)        
2024-02-08T00:23:03.4802707Z remote: Compressing objects:  73% (2981/4083)        
2024-02-08T00:23:03.4803591Z remote: Compressing objects:  74% (3022/4083)        
2024-02-08T00:23:03.4804463Z remote: Compressing objects:  75% (3063/4083)        
2024-02-08T00:23:03.4805020Z remote: Compressing objects:  76% (3104/4083)        
2024-02-08T00:23:03.4805946Z remote: Compressing objects:  77% (3144/4083)        
2024-02-08T00:23:03.4806472Z remote: Compressing objects:  78% (3185/4083)        
2024-02-08T00:23:03.4807097Z remote: Compressing objects:  79% (3226/4083)        
2024-02-08T00:23:03.4807597Z remote: Compressing objects:  80% (3267/4083)        
2024-02-08T00:23:03.4808129Z remote: Compressing objects:  81% (3308/4083)        
2024-02-08T00:23:03.4808717Z remote: Compressing objects:  82% (3349/4083)        
2024-02-08T00:23:03.4811661Z remote: Compressing objects:  83% (3389/4083)        
2024-02-08T00:23:03.4812418Z remote: Compressing objects:  84% (3430/4083)        
2024-02-08T00:23:03.4813078Z remote: Compressing objects:  85% (3471/4083)        
2024-02-08T00:23:03.4813721Z remote: Compressing objects:  86% (3512/4083)        
2024-02-08T00:23:03.4814805Z remote: Compressing objects:  87% (3553/4083)        
2024-02-08T00:23:03.4815747Z remote: Compressing objects:  88% (3594/4083)        
2024-02-08T00:23:03.4816417Z remote: Compressing objects:  89% (3634/4083)        
2024-02-08T00:23:03.4817280Z remote: Compressing objects:  90% (3675/4083)        
2024-02-08T00:23:03.4817947Z remote: Compressing objects:  91% (3716/4083)        
2024-02-08T00:23:03.4818454Z remote: Compressing objects:  92% (3757/4083)        
2024-02-08T00:23:03.4818973Z remote: Compressing objects:  93% (3798/4083)        
2024-02-08T00:23:03.4819557Z remote: Compressing objects:  94% (3839/4083)        
2024-02-08T00:23:03.4820408Z remote: Compressing objects:  95% (3879/4083)        
2024-02-08T00:23:03.4821589Z remote: Compressing objects:  96% (3920/4083)        
2024-02-08T00:23:03.4822566Z remote: Compressing objects:  97% (3961/4083)        
2024-02-08T00:23:03.4823121Z remote: Compressing objects:  98% (4002/4083)        
2024-02-08T00:23:03.4823650Z remote: Compressing objects:  99% (4043/4083)        
2024-02-08T00:23:03.4824282Z remote: Compressing objects: 100% (4083/4083)        
2024-02-08T00:23:03.4824807Z remote: Compressing objects: 100% (4083/4083), done.        
2024-02-08T00:23:03.4972686Z Receiving objects:   0% (1/10491)
2024-02-08T00:23:03.5031480Z Receiving objects:   1% (105/10491)
2024-02-08T00:23:03.5097557Z Receiving objects:   2% (210/10491)
2024-02-08T00:23:03.5159886Z Receiving objects:   3% (315/10491)
2024-02-08T00:23:03.5200654Z Receiving objects:   4% (420/10491)
2024-02-08T00:23:03.5226714Z Receiving objects:   5% (525/10491)
2024-02-08T00:23:03.5267172Z Receiving objects:   6% (630/10491)
2024-02-08T00:23:03.5295657Z Receiving objects:   7% (735/10491)
2024-02-08T00:23:03.5328693Z Receiving objects:   8% (840/10491)
2024-02-08T00:23:03.5353017Z Receiving objects:   9% (945/10491)
2024-02-08T00:23:03.5372326Z Receiving objects:  10% (1050/10491)
2024-02-08T00:23:03.5409292Z Receiving objects:  11% (1155/10491)
2024-02-08T00:23:03.5411647Z Receiving objects:  12% (1259/10491)
2024-02-08T00:23:03.5415712Z Receiving objects:  13% (1364/10491)
2024-02-08T00:23:03.5556022Z Receiving objects:  14% (1469/10491)
2024-02-08T00:23:03.5636421Z Receiving objects:  15% (1574/10491)
2024-02-08T00:23:03.5717871Z Receiving objects:  16% (1679/10491)
2024-02-08T00:23:03.5791975Z Receiving objects:  17% (1784/10491)
2024-02-08T00:23:03.5880301Z Receiving objects:  18% (1889/10491)
2024-02-08T00:23:03.5977704Z Receiving objects:  19% (1994/10491)
2024-02-08T00:23:03.6051967Z Receiving objects:  20% (2099/10491)
2024-02-08T00:23:03.6132692Z Receiving objects:  21% (2204/10491)
2024-02-08T00:23:03.6250504Z Receiving objects:  22% (2309/10491)
2024-02-08T00:23:03.6361438Z Receiving objects:  23% (2413/10491)
2024-02-08T00:23:03.6522152Z Receiving objects:  24% (2518/10491)
2024-02-08T00:23:03.6617948Z Receiving objects:  25% (2623/10491)
2024-02-08T00:23:03.6706892Z Receiving objects:  26% (2728/10491)
2024-02-08T00:23:03.6800418Z Receiving objects:  27% (2833/10491)
2024-02-08T00:23:03.6893993Z Receiving objects:  28% (2938/10491)
2024-02-08T00:23:03.6968665Z Receiving objects:  29% (3043/10491)
2024-02-08T00:23:03.7103531Z Receiving objects:  30% (3148/10491)
2024-02-08T00:23:03.7222067Z Receiving objects:  31% (3253/10491)
2024-02-08T00:23:03.7303021Z Receiving objects:  32% (3358/10491)
2024-02-08T00:23:03.7347063Z Receiving objects:  33% (3463/10491)
2024-02-08T00:23:03.7388013Z Receiving objects:  34% (3567/10491)
2024-02-08T00:23:03.7441009Z Receiving objects:  35% (3672/10491)
2024-02-08T00:23:03.7484761Z Receiving objects:  36% (3777/10491)
2024-02-08T00:23:03.7534547Z Receiving objects:  37% (3882/10491)
2024-02-08T00:23:03.7667593Z Receiving objects:  38% (3987/10491)
2024-02-08T00:23:03.7811715Z Receiving objects:  39% (4092/10491)
2024-02-08T00:23:03.7943375Z Receiving objects:  40% (4197/10491)
2024-02-08T00:23:03.8085478Z Receiving objects:  41% (4302/10491)
2024-02-08T00:23:03.8217237Z Receiving objects:  42% (4407/10491)
2024-02-08T00:23:03.8303174Z Receiving objects:  43% (4512/10491)
2024-02-08T00:23:03.8465839Z Receiving objects:  44% (4617/10491)
2024-02-08T00:23:03.8635645Z Receiving objects:  45% (4721/10491)
2024-02-08T00:23:03.8814702Z Receiving objects:  46% (4826/10491)
2024-02-08T00:23:03.8882208Z Receiving objects:  47% (4931/10491)
2024-02-08T00:23:03.9034959Z Receiving objects:  48% (5036/10491)
2024-02-08T00:23:03.9167427Z Receiving objects:  49% (5141/10491)
2024-02-08T00:23:03.9317388Z Receiving objects:  50% (5246/10491)
2024-02-08T00:23:03.9469312Z Receiving objects:  51% (5351/10491)
2024-02-08T00:23:03.9596265Z Receiving objects:  52% (5456/10491)
2024-02-08T00:23:03.9712980Z Receiving objects:  53% (5561/10491)
2024-02-08T00:23:03.9842163Z Receiving objects:  54% (5666/10491)
2024-02-08T00:23:03.9966488Z Receiving objects:  55% (5771/10491)
2024-02-08T00:23:04.0103878Z Receiving objects:  56% (5875/10491), 24.07 MiB | 48.12 MiB/s
2024-02-08T00:23:04.0257028Z Receiving objects:  57% (5980/10491), 24.07 MiB | 48.12 MiB/s
2024-02-08T00:23:04.0352384Z Receiving objects:  58% (6085/10491), 24.07 MiB | 48.12 MiB/s
2024-02-08T00:23:04.0441132Z Receiving objects:  59% (6190/10491), 24.07 MiB | 48.12 MiB/s
2024-02-08T00:23:04.0568566Z Receiving objects:  60% (6295/10491), 24.07 MiB | 48.12 MiB/s
2024-02-08T00:23:04.0674191Z Receiving objects:  61% (6400/10491), 24.07 MiB | 48.12 MiB/s
2024-02-08T00:23:04.0813969Z Receiving objects:  62% (6505/10491), 24.07 MiB | 48.12 MiB/s
2024-02-08T00:23:04.0928510Z Receiving objects:  63% (6610/10491), 24.07 MiB | 48.12 MiB/s
2024-02-08T00:23:04.1039044Z Receiving objects:  64% (6715/10491), 24.07 MiB | 48.12 MiB/s
2024-02-08T00:23:04.1191277Z Receiving objects:  65% (6820/10491), 24.07 MiB | 48.12 MiB/s
2024-02-08T00:23:04.1285167Z Receiving objects:  66% (6925/10491), 24.07 MiB | 48.12 MiB/s
2024-02-08T00:23:04.1399908Z Receiving objects:  67% (7029/10491), 24.07 MiB | 48.12 MiB/s
2024-02-08T00:23:04.1516434Z Receiving objects:  68% (7134/10491), 24.07 MiB | 48.12 MiB/s
2024-02-08T00:23:04.1637968Z Receiving objects:  69% (7239/10491), 24.07 MiB | 48.12 MiB/s
2024-02-08T00:23:04.1747939Z Receiving objects:  70% (7344/10491), 24.07 MiB | 48.12 MiB/s
2024-02-08T00:23:04.1863760Z Receiving objects:  71% (7449/10491), 24.07 MiB | 48.12 MiB/s
2024-02-08T00:23:04.1992542Z Receiving objects:  72% (7554/10491), 24.07 MiB | 48.12 MiB/s
2024-02-08T00:23:04.2135960Z Receiving objects:  73% (7659/10491), 24.07 MiB | 48.12 MiB/s
2024-02-08T00:23:04.2307397Z Receiving objects:  74% (7764/10491), 24.07 MiB | 48.12 MiB/s
2024-02-08T00:23:04.2379965Z Receiving objects:  75% (7869/10491), 24.07 MiB | 48.12 MiB/s
2024-02-08T00:23:04.2487061Z Receiving objects:  76% (7974/10491), 24.07 MiB | 48.12 MiB/s
2024-02-08T00:23:04.2593165Z Receiving objects:  77% (8079/10491), 24.07 MiB | 48.12 MiB/s
2024-02-08T00:23:04.2712718Z Receiving objects:  78% (8183/10491), 24.07 MiB | 48.12 MiB/s
2024-02-08T00:23:04.2799044Z Receiving objects:  79% (8288/10491), 24.07 MiB | 48.12 MiB/s
2024-02-08T00:23:04.2890040Z Receiving objects:  80% (8393/10491), 24.07 MiB | 48.12 MiB/s
2024-02-08T00:23:04.3009822Z Receiving objects:  81% (8498/10491), 24.07 MiB | 48.12 MiB/s
2024-02-08T00:23:04.3098131Z Receiving objects:  82% (8603/10491), 24.07 MiB | 48.12 MiB/s
2024-02-08T00:23:04.3192131Z Receiving objects:  83% (8708/10491), 24.07 MiB | 48.12 MiB/s
2024-02-08T00:23:04.3295866Z Receiving objects:  84% (8813/10491), 24.07 MiB | 48.12 MiB/s
2024-02-08T00:23:04.3388633Z Receiving objects:  85% (8918/10491), 24.07 MiB | 48.12 MiB/s
2024-02-08T00:23:04.3519029Z Receiving objects:  86% (9023/10491), 24.07 MiB | 48.12 MiB/s
2024-02-08T00:23:04.3691231Z Receiving objects:  87% (9128/10491), 24.07 MiB | 48.12 MiB/s
2024-02-08T00:23:04.3790416Z Receiving objects:  88% (9233/10491), 24.07 MiB | 48.12 MiB/s
2024-02-08T00:23:04.3922552Z Receiving objects:  89% (9337/10491), 24.07 MiB | 48.12 MiB/s
2024-02-08T00:23:04.3952832Z Receiving objects:  90% (9442/10491), 24.07 MiB | 48.12 MiB/s
2024-02-08T00:23:04.3983839Z Receiving objects:  91% (9547/10491), 24.07 MiB | 48.12 MiB/s
2024-02-08T00:23:04.3987608Z Receiving objects:  92% (9652/10491), 24.07 MiB | 48.12 MiB/s
2024-02-08T00:23:04.3992981Z Receiving objects:  93% (9757/10491), 24.07 MiB | 48.12 MiB/s
2024-02-08T00:23:04.3998939Z Receiving objects:  94% (9862/10491), 24.07 MiB | 48.12 MiB/s
2024-02-08T00:23:04.4089782Z Receiving objects:  95% (9967/10491), 24.07 MiB | 48.12 MiB/s
2024-02-08T00:23:04.4328272Z Receiving objects:  96% (10072/10491), 24.07 MiB | 48.12 MiB/s
2024-02-08T00:23:04.4717089Z Receiving objects:  97% (10177/10491), 24.07 MiB | 48.12 MiB/s
2024-02-08T00:23:04.4803947Z Receiving objects:  98% (10282/10491), 24.07 MiB | 48.12 MiB/s
2024-02-08T00:23:04.4852202Z Receiving objects:  99% (10387/10491), 24.07 MiB | 48.12 MiB/s
2024-02-08T00:23:04.4985974Z Receiving objects:  99% (10430/10491), 51.14 MiB | 51.14 MiB/s
2024-02-08T00:23:04.4988177Z remote: Total 10491 (delta 6094), reused 10134 (delta 6006), pack-reused 0        
2024-02-08T00:23:04.4996498Z Receiving objects: 100% (10491/10491), 51.14 MiB | 51.14 MiB/s
2024-02-08T00:23:04.4997857Z Receiving objects: 100% (10491/10491), 52.04 MiB | 51.34 MiB/s, done.
2024-02-08T00:23:04.5064060Z Resolving deltas:   0% (0/6094)
2024-02-08T00:23:04.5169788Z Resolving deltas:   1% (61/6094)
2024-02-08T00:23:04.5272525Z Resolving deltas:   2% (122/6094)
2024-02-08T00:23:04.5352907Z Resolving deltas:   3% (183/6094)
2024-02-08T00:23:04.5435010Z Resolving deltas:   4% (244/6094)
2024-02-08T00:23:04.5511678Z Resolving deltas:   5% (305/6094)
2024-02-08T00:23:04.5520503Z Resolving deltas:   6% (366/6094)
2024-02-08T00:23:04.5526272Z Resolving deltas:   7% (427/6094)
2024-02-08T00:23:04.5532364Z Resolving deltas:   8% (488/6094)
2024-02-08T00:23:04.5537867Z Resolving deltas:   9% (549/6094)
2024-02-08T00:23:04.5543802Z Resolving deltas:  10% (610/6094)
2024-02-08T00:23:04.5551363Z Resolving deltas:  11% (671/6094)
2024-02-08T00:23:04.5555741Z Resolving deltas:  12% (732/6094)
2024-02-08T00:23:04.5593138Z Resolving deltas:  13% (793/6094)
2024-02-08T00:23:04.5733631Z Resolving deltas:  14% (854/6094)
2024-02-08T00:23:04.5893061Z Resolving deltas:  15% (915/6094)
2024-02-08T00:23:04.6002449Z Resolving deltas:  16% (976/6094)
2024-02-08T00:23:04.6192636Z Resolving deltas:  17% (1036/6094)
2024-02-08T00:23:04.6385389Z Resolving deltas:  18% (1097/6094)
2024-02-08T00:23:04.6557834Z Resolving deltas:  19% (1158/6094)
2024-02-08T00:23:04.6708134Z Resolving deltas:  20% (1220/6094)
2024-02-08T00:23:04.6823460Z Resolving deltas:  21% (1280/6094)
2024-02-08T00:23:04.6849721Z Resolving deltas:  22% (1341/6094)
2024-02-08T00:23:04.6854940Z Resolving deltas:  23% (1402/6094)
2024-02-08T00:23:04.6859065Z Resolving deltas:  24% (1463/6094)
2024-02-08T00:23:04.6867077Z Resolving deltas:  25% (1524/6094)
2024-02-08T00:23:04.6870002Z Resolving deltas:  26% (1585/6094)
2024-02-08T00:23:04.6882134Z Resolving deltas:  27% (1646/6094)
2024-02-08T00:23:04.6892767Z Resolving deltas:  28% (1707/6094)
2024-02-08T00:23:04.6900355Z Resolving deltas:  29% (1768/6094)
2024-02-08T00:23:04.6925038Z Resolving deltas:  30% (1829/6094)
2024-02-08T00:23:04.6938731Z Resolving deltas:  31% (1890/6094)
2024-02-08T00:23:04.6944291Z Resolving deltas:  32% (1951/6094)
2024-02-08T00:23:04.6947767Z Resolving deltas:  33% (2012/6094)
2024-02-08T00:23:04.6949945Z Resolving deltas:  34% (2072/6094)
2024-02-08T00:23:04.6969263Z Resolving deltas:  35% (2134/6094)
2024-02-08T00:23:04.6991565Z Resolving deltas:  36% (2194/6094)
2024-02-08T00:23:04.7016051Z Resolving deltas:  37% (2255/6094)
2024-02-08T00:23:04.7041730Z Resolving deltas:  38% (2316/6094)
2024-02-08T00:23:04.7065351Z Resolving deltas:  39% (2377/6094)
2024-02-08T00:23:04.7096390Z Resolving deltas:  40% (2438/6094)
2024-02-08T00:23:04.7098899Z Resolving deltas:  41% (2499/6094)
2024-02-08T00:23:04.7208346Z Resolving deltas:  42% (2560/6094)
2024-02-08T00:23:04.7311981Z Resolving deltas:  43% (2621/6094)
2024-02-08T00:23:04.7492472Z Resolving deltas:  44% (2682/6094)
2024-02-08T00:23:04.7662729Z Resolving deltas:  45% (2743/6094)
2024-02-08T00:23:04.7779566Z Resolving deltas:  46% (2804/6094)
2024-02-08T00:23:04.7928038Z Resolving deltas:  47% (2865/6094)
2024-02-08T00:23:04.8154897Z Resolving deltas:  48% (2926/6094)
2024-02-08T00:23:04.8326855Z Resolving deltas:  49% (2987/6094)
2024-02-08T00:23:04.8527418Z Resolving deltas:  50% (3047/6094)
2024-02-08T00:23:04.8779533Z Resolving deltas:  51% (3108/6094)
2024-02-08T00:23:04.8976339Z Resolving deltas:  52% (3169/6094)
2024-02-08T00:23:04.9161997Z Resolving deltas:  53% (3230/6094)
2024-02-08T00:23:04.9263282Z Resolving deltas:  54% (3291/6094)
2024-02-08T00:23:04.9392161Z Resolving deltas:  55% (3352/6094)
2024-02-08T00:23:04.9533371Z Resolving deltas:  56% (3413/6094)
2024-02-08T00:23:04.9634767Z Resolving deltas:  57% (3474/6094)
2024-02-08T00:23:04.9740615Z Resolving deltas:  58% (3535/6094)
2024-02-08T00:23:04.9750155Z Resolving deltas:  59% (3596/6094)
2024-02-08T00:23:04.9761930Z Resolving deltas:  60% (3658/6094)
2024-02-08T00:23:04.9842413Z Resolving deltas:  61% (3718/6094)
2024-02-08T00:23:05.0028468Z Resolving deltas:  62% (3779/6094)
2024-02-08T00:23:05.0196151Z Resolving deltas:  63% (3840/6094)
2024-02-08T00:23:05.0289607Z Resolving deltas:  64% (3901/6094)
2024-02-08T00:23:05.0377591Z Resolving deltas:  65% (3962/6094)
2024-02-08T00:23:05.0403413Z Resolving deltas:  66% (4023/6094)
2024-02-08T00:23:05.0417200Z Resolving deltas:  67% (4083/6094)
2024-02-08T00:23:05.0426255Z Resolving deltas:  68% (4144/6094)
2024-02-08T00:23:05.0428718Z Resolving deltas:  69% (4205/6094)
2024-02-08T00:23:05.0430990Z Resolving deltas:  70% (4266/6094)
2024-02-08T00:23:05.0439643Z Resolving deltas:  71% (4327/6094)
2024-02-08T00:23:05.0442833Z Resolving deltas:  72% (4388/6094)
2024-02-08T00:23:05.0448789Z Resolving deltas:  73% (4450/6094)
2024-02-08T00:23:05.0454041Z Resolving deltas:  74% (4511/6094)
2024-02-08T00:23:05.0463319Z Resolving deltas:  75% (4571/6094)
2024-02-08T00:23:05.0477989Z Resolving deltas:  76% (4633/6094)
2024-02-08T00:23:05.0495873Z Resolving deltas:  77% (4693/6094)
2024-02-08T00:23:05.0507881Z Resolving deltas:  78% (4754/6094)
2024-02-08T00:23:05.0517802Z Resolving deltas:  79% (4815/6094)
2024-02-08T00:23:05.0523569Z Resolving deltas:  80% (4876/6094)
2024-02-08T00:23:05.0534594Z Resolving deltas:  81% (4938/6094)
2024-02-08T00:23:05.0549103Z Resolving deltas:  82% (4998/6094)
2024-02-08T00:23:05.0555143Z Resolving deltas:  83% (5059/6094)
2024-02-08T00:23:05.0581989Z Resolving deltas:  84% (5120/6094)
2024-02-08T00:23:05.0588112Z Resolving deltas:  85% (5180/6094)
2024-02-08T00:23:05.0686110Z Resolving deltas:  86% (5241/6094)
2024-02-08T00:23:05.0836058Z Resolving deltas:  87% (5302/6094)
2024-02-08T00:23:05.0899019Z Resolving deltas:  88% (5363/6094)
2024-02-08T00:23:05.0952395Z Resolving deltas:  89% (5424/6094)
2024-02-08T00:23:05.0995050Z Resolving deltas:  90% (5485/6094)
2024-02-08T00:23:05.1080903Z Resolving deltas:  91% (5546/6094)
2024-02-08T00:23:05.1178424Z Resolving deltas:  92% (5607/6094)
2024-02-08T00:23:05.1222347Z Resolving deltas:  93% (5668/6094)
2024-02-08T00:23:05.1262871Z Resolving deltas:  94% (5729/6094)
2024-02-08T00:23:05.1308597Z Resolving deltas:  95% (5790/6094)
2024-02-08T00:23:05.1357297Z Resolving deltas:  96% (5851/6094)
2024-02-08T00:23:05.1402405Z Resolving deltas:  97% (5912/6094)
2024-02-08T00:23:05.1440350Z Resolving deltas:  98% (5973/6094)
2024-02-08T00:23:05.1509685Z Resolving deltas:  99% (6034/6094)
2024-02-08T00:23:05.1515384Z Resolving deltas: 100% (6094/6094)
2024-02-08T00:23:05.1516042Z Resolving deltas: 100% (6094/6094), done.
2024-02-08T00:23:05.2895991Z From https://github.com/seanpm2001/GitHub_Stats_A
2024-02-08T00:23:05.2896990Z  * [new ref]         82fac416fcd83414b62ba74e7990e6b7fe45370f -> origin/master
2024-02-08T00:23:05.2922381Z ##[endgroup]
2024-02-08T00:23:05.2923322Z ##[group]Determining the checkout info
2024-02-08T00:23:05.2924453Z ##[endgroup]
2024-02-08T00:23:05.2925128Z ##[group]Checking out the ref
2024-02-08T00:23:05.2929155Z [command]/usr/bin/git checkout --progress --force -B master refs/remotes/origin/master
2024-02-08T00:23:06.3097653Z Updating files:  61% (6785/10957)
2024-02-08T00:23:06.3248730Z Updating files:  62% (6794/10957)
2024-02-08T00:23:06.3448982Z Updating files:  63% (6903/10957)
2024-02-08T00:23:06.3683984Z Updating files:  64% (7013/10957)
2024-02-08T00:23:06.3818026Z Updating files:  65% (7123/10957)
2024-02-08T00:23:06.4010184Z Updating files:  66% (7232/10957)
2024-02-08T00:23:06.4158095Z Updating files:  67% (7342/10957)
2024-02-08T00:23:06.4322497Z Updating files:  68% (7451/10957)
2024-02-08T00:23:06.4462486Z Updating files:  69% (7561/10957)
2024-02-08T00:23:06.4619846Z Updating files:  70% (7670/10957)
2024-02-08T00:23:06.4788818Z Updating files:  71% (7780/10957)
2024-02-08T00:23:06.4940561Z Updating files:  72% (7890/10957)
2024-02-08T00:23:06.5076839Z Updating files:  73% (7999/10957)
2024-02-08T00:23:06.5229638Z Updating files:  74% (8109/10957)
2024-02-08T00:23:06.5458276Z Updating files:  75% (8218/10957)
2024-02-08T00:23:06.5617436Z Updating files:  76% (8328/10957)
2024-02-08T00:23:06.5775490Z Updating files:  77% (8437/10957)
2024-02-08T00:23:06.5856168Z Updating files:  78% (8547/10957)
2024-02-08T00:23:06.6063656Z Updating files:  79% (8657/10957)
2024-02-08T00:23:06.6128455Z Updating files:  80% (8766/10957)
2024-02-08T00:23:06.6306405Z Updating files:  81% (8876/10957)
2024-02-08T00:23:06.6495811Z Updating files:  82% (8985/10957)
2024-02-08T00:23:06.6581491Z Updating files:  83% (9095/10957)
2024-02-08T00:23:06.6625389Z Updating files:  84% (9204/10957)
2024-02-08T00:23:06.6703793Z Updating files:  85% (9314/10957)
2024-02-08T00:23:06.6793126Z Updating files:  86% (9424/10957)
2024-02-08T00:23:06.6912776Z Updating files:  87% (9533/10957)
2024-02-08T00:23:06.7032277Z Updating files:  88% (9643/10957)
2024-02-08T00:23:06.7187617Z Updating files:  89% (9752/10957)
2024-02-08T00:23:06.7348241Z Updating files:  90% (9862/10957)
2024-02-08T00:23:06.7529729Z Updating files:  91% (9971/10957)
2024-02-08T00:23:06.7763191Z Updating files:  92% (10081/10957)
2024-02-08T00:23:06.7981113Z Updating files:  93% (10191/10957)
2024-02-08T00:23:06.8159821Z Updating files:  94% (10300/10957)
2024-02-08T00:23:06.8284439Z Updating files:  95% (10410/10957)
2024-02-08T00:23:06.8392900Z Updating files:  96% (10519/10957)
2024-02-08T00:23:06.8537611Z Updating files:  97% (10629/10957)
2024-02-08T00:23:06.8685808Z Updating files:  98% (10738/10957)
2024-02-08T00:23:06.8853661Z Updating files:  99% (10848/10957)
2024-02-08T00:23:06.8854271Z Updating files: 100% (10957/10957)
2024-02-08T00:23:06.8854793Z Updating files: 100% (10957/10957), done.
2024-02-08T00:23:06.8992715Z Reset branch 'master'
2024-02-08T00:23:06.8993449Z branch 'master' set up to track 'origin/master'.
2024-02-08T00:23:06.9108348Z ##[endgroup]
2024-02-08T00:23:06.9152505Z [command]/usr/bin/git log -1 --format='%H'
2024-02-08T00:23:06.9184870Z '82fac416fcd83414b62ba74e7990e6b7fe45370f'
2024-02-08T00:23:06.9513667Z ##[group]Run actions/setup-python@v4
2024-02-08T00:23:06.9514111Z with:
2024-02-08T00:23:06.9514425Z   python-version: 3.8
2024-02-08T00:23:06.9514908Z   architecture: x64
2024-02-08T00:23:06.9515249Z   cache: pip
2024-02-08T00:23:06.9515539Z   check-latest: false
2024-02-08T00:23:06.9516130Z   token: ***
2024-02-08T00:23:06.9516702Z   update-environment: true
2024-02-08T00:23:06.9517104Z   allow-prereleases: false
2024-02-08T00:23:06.9517504Z ##[endgroup]
2024-02-08T00:23:07.0892145Z ##[group]Installed versions
2024-02-08T00:23:07.0968761Z Successfully set up CPython (3.8.18)
2024-02-08T00:23:07.0970332Z ##[endgroup]
2024-02-08T00:23:08.0899118Z [command]/opt/hostedtoolcache/Python/3.8.18/x64/bin/pip cache dir
2024-02-08T00:23:08.3823517Z /home/runner/.cache/pip
2024-02-08T00:23:08.6390597Z Received 6245959 of 6245959 (100.0%), 60.8 MBs/sec
2024-02-08T00:23:08.6392183Z Cache Size: ~6 MB (6245959 B)
2024-02-08T00:23:08.6420164Z [command]/usr/bin/tar -xf /home/runner/work/_temp/2ce7ac8a-99d0-4913-9b21-8c36e9288794/cache.tzst -P -C /home/runner/work/GitHub_Stats_A/GitHub_Stats_A --use-compress-program unzstd
2024-02-08T00:23:08.6702166Z Cache restored successfully
2024-02-08T00:23:08.6724198Z Cache restored from key: setup-python-Linux-22.04-Ubuntu-python-3.8.18-pip-60f2a6c0212a9b74a155cd81b58dd07fd8b180833132566260d95f4de42fe218
2024-02-08T00:23:08.6938721Z ##[group]Run python3 -m pip install --upgrade pip setuptools wheel
2024-02-08T00:23:08.6939555Z [36;1mpython3 -m pip install --upgrade pip setuptools wheel[0m
2024-02-08T00:23:08.6940287Z [36;1mpython3 -m pip install -r requirements.txt[0m
2024-02-08T00:23:08.7022519Z shell: /usr/bin/bash -e {0}
2024-02-08T00:23:08.7022951Z env:
2024-02-08T00:23:08.7023392Z   pythonLocation: /opt/hostedtoolcache/Python/3.8.18/x64
2024-02-08T00:23:08.7024194Z   PKG_CONFIG_PATH: /opt/hostedtoolcache/Python/3.8.18/x64/lib/pkgconfig
2024-02-08T00:23:08.7024843Z   Python_ROOT_DIR: /opt/hostedtoolcache/Python/3.8.18/x64
2024-02-08T00:23:08.7025561Z   Python2_ROOT_DIR: /opt/hostedtoolcache/Python/3.8.18/x64
2024-02-08T00:23:08.7026144Z   Python3_ROOT_DIR: /opt/hostedtoolcache/Python/3.8.18/x64
2024-02-08T00:23:08.7026701Z   LD_LIBRARY_PATH: /opt/hostedtoolcache/Python/3.8.18/x64/lib
2024-02-08T00:23:08.7027300Z ##[endgroup]
2024-02-08T00:23:09.1798773Z Requirement already satisfied: pip in /opt/hostedtoolcache/Python/3.8.18/x64/lib/python3.8/site-packages (23.0.1)
2024-02-08T00:23:09.3736171Z Collecting pip
2024-02-08T00:23:09.4144447Z   Downloading pip-24.0-py3-none-any.whl.metadata (3.6 kB)
2024-02-08T00:23:09.4179440Z Requirement already satisfied: setuptools in /opt/hostedtoolcache/Python/3.8.18/x64/lib/python3.8/site-packages (56.0.0)
2024-02-08T00:23:09.6368940Z Collecting setuptools
2024-02-08T00:23:09.6412525Z   Downloading setuptools-69.0.3-py3-none-any.whl.metadata (6.3 kB)
2024-02-08T00:23:09.6785386Z Collecting wheel
2024-02-08T00:23:09.6828282Z   Downloading wheel-0.42.0-py3-none-any.whl.metadata (2.2 kB)
2024-02-08T00:23:09.7362684Z Downloading pip-24.0-py3-none-any.whl (2.1 MB)
2024-02-08T00:23:09.7940590Z    â”â”â”â”â”â”â”â”â”â”â”â”â”â”â”â”â”â”â”â”â”â”â”â”â”â”â”â”â”â”â”â”â”â”â”â”â”â”â”â” 2.1/2.1 MB 38.6 MB/s eta 0:00:00
2024-02-08T00:23:09.7985565Z Downloading setuptools-69.0.3-py3-none-any.whl (819 kB)
2024-02-08T00:23:09.8183019Z    â”â”â”â”â”â”â”â”â”â”â”â”â”â”â”â”â”â”â”â”â”â”â”â”â”â”â”â”â”â”â”â”â”â”â”â”â”â”â”â” 819.5/819.5 kB 46.8 MB/s eta 0:00:00
2024-02-08T00:23:09.8223471Z Downloading wheel-0.42.0-py3-none-any.whl (65 kB)
2024-02-08T00:23:09.8275547Z    â”â”â”â”â”â”â”â”â”â”â”â”â”â”â”â”â”â”â”â”â”â”â”â”â”â”â”â”â”â”â”â”â”â”â”â”â”â”â”â” 65.4/65.4 kB 17.7 MB/s eta 0:00:00
2024-02-08T00:23:09.9073961Z Installing collected packages: wheel, setuptools, pip
2024-02-08T00:23:09.9492779Z   Attempting uninstall: setuptools
2024-02-08T00:23:09.9499330Z     Found existing installation: setuptools 56.0.0
2024-02-08T00:23:09.9771362Z     Uninstalling setuptools-56.0.0:
2024-02-08T00:23:09.9868708Z       Successfully uninstalled setuptools-56.0.0
2024-02-08T00:23:10.3739767Z   Attempting uninstall: pip
2024-02-08T00:23:10.3745755Z     Found existing installation: pip 23.0.1
2024-02-08T00:23:10.4222569Z     Uninstalling pip-23.0.1:
2024-02-08T00:23:10.4853309Z       Successfully uninstalled pip-23.0.1
2024-02-08T00:23:11.4291580Z Successfully installed pip-24.0 setuptools-69.0.3 wheel-0.42.0
2024-02-08T00:23:12.1302893Z Collecting requests (from -r requirements.txt (line 1))
2024-02-08T00:23:12.1713271Z   Downloading requests-2.31.0-py3-none-any.whl.metadata (4.6 kB)
2024-02-08T00:23:12.4410704Z Collecting aiohttp (from -r requirements.txt (line 2))
2024-02-08T00:23:12.4477288Z   Downloading aiohttp-3.9.3-cp38-cp38-manylinux_2_17_x86_64.manylinux2014_x86_64.whl.metadata (7.4 kB)
2024-02-08T00:23:12.5442184Z Collecting charset-normalizer<4,>=2 (from requests->-r requirements.txt (line 1))
2024-02-08T00:23:12.5485286Z   Downloading charset_normalizer-3.3.2-cp38-cp38-manylinux_2_17_x86_64.manylinux2014_x86_64.whl.metadata (33 kB)
2024-02-08T00:23:12.5774743Z Collecting idna<4,>=2.5 (from requests->-r requirements.txt (line 1))
2024-02-08T00:23:12.5814923Z   Downloading idna-3.6-py3-none-any.whl.metadata (9.9 kB)
2024-02-08T00:23:12.6351858Z Collecting urllib3<3,>=1.21.1 (from requests->-r requirements.txt (line 1))
2024-02-08T00:23:12.6394912Z   Downloading urllib3-2.2.0-py3-none-any.whl.metadata (6.4 kB)
2024-02-08T00:23:12.6678007Z Collecting certifi>=2017.4.17 (from requests->-r requirements.txt (line 1))
2024-02-08T00:23:12.6717697Z   Downloading certifi-2024.2.2-py3-none-any.whl.metadata (2.2 kB)
2024-02-08T00:23:12.7013855Z Collecting aiosignal>=1.1.2 (from aiohttp->-r requirements.txt (line 2))
2024-02-08T00:23:12.7053707Z   Downloading aiosignal-1.3.1-py3-none-any.whl (7.6 kB)
2024-02-08T00:23:12.7316344Z Collecting attrs>=17.3.0 (from aiohttp->-r requirements.txt (line 2))
2024-02-08T00:23:12.7487686Z   Downloading attrs-23.2.0-py3-none-any.whl.metadata (9.5 kB)
2024-02-08T00:23:12.8136055Z Collecting frozenlist>=1.1.1 (from aiohttp->-r requirements.txt (line 2))
2024-02-08T00:23:12.8199593Z   Downloading frozenlist-1.4.1-cp38-cp38-manylinux_2_5_x86_64.manylinux1_x86_64.manylinux_2_17_x86_64.manylinux2014_x86_64.whl.metadata (12 kB)
2024-02-08T00:23:13.0533136Z Collecting multidict<7.0,>=4.5 (from aiohttp->-r requirements.txt (line 2))
2024-02-08T00:23:13.0587805Z   Downloading multidict-6.0.5-cp38-cp38-manylinux_2_17_x86_64.manylinux2014_x86_64.whl.metadata (4.2 kB)
2024-02-08T00:23:13.2220723Z Collecting yarl<2.0,>=1.0 (from aiohttp->-r requirements.txt (line 2))
2024-02-08T00:23:13.2280655Z   Downloading yarl-1.9.4-cp38-cp38-manylinux_2_17_x86_64.manylinux2014_x86_64.whl.metadata (31 kB)
2024-02-08T00:23:13.2580625Z Collecting async-timeout<5.0,>=4.0 (from aiohttp->-r requirements.txt (line 2))
2024-02-08T00:23:13.2623959Z   Downloading async_timeout-4.0.3-py3-none-any.whl.metadata (4.2 kB)
2024-02-08T00:23:13.3312913Z Downloading requests-2.31.0-py3-none-any.whl (62 kB)
2024-02-08T00:23:13.3395569Z    â”â”â”â”â”â”â”â”â”â”â”â”â”â”â”â”â”â”â”â”â”â”â”â”â”â”â”â”â”â”â”â”â”â”â”â”â”â”â”â” 62.6/62.6 kB 9.6 MB/s eta 0:00:00
2024-02-08T00:23:13.3466369Z Downloading aiohttp-3.9.3-cp38-cp38-manylinux_2_17_x86_64.manylinux2014_x86_64.whl (1.3 MB)
2024-02-08T00:23:13.3754233Z    â”â”â”â”â”â”â”â”â”â”â”â”â”â”â”â”â”â”â”â”â”â”â”â”â”â”â”â”â”â”â”â”â”â”â”â”â”â”â”â” 1.3/1.3 MB 47.5 MB/s eta 0:00:00
2024-02-08T00:23:13.3792773Z Downloading async_timeout-4.0.3-py3-none-any.whl (5.7 kB)
2024-02-08T00:23:13.3869975Z Downloading attrs-23.2.0-py3-none-any.whl (60 kB)
2024-02-08T00:23:13.3923179Z    â”â”â”â”â”â”â”â”â”â”â”â”â”â”â”â”â”â”â”â”â”â”â”â”â”â”â”â”â”â”â”â”â”â”â”â”â”â”â”â” 60.8/60.8 kB 16.6 MB/s eta 0:00:00
2024-02-08T00:23:13.3979610Z Downloading certifi-2024.2.2-py3-none-any.whl (163 kB)
2024-02-08T00:23:13.4077614Z    â”â”â”â”â”â”â”â”â”â”â”â”â”â”â”â”â”â”â”â”â”â”â”â”â”â”â”â”â”â”â”â”â”â”â”â”â”â”â”â” 163.8/163.8 kB 20.4 MB/s eta 0:00:00
2024-02-08T00:23:13.4401134Z Downloading charset_normalizer-3.3.2-cp38-cp38-manylinux_2_17_x86_64.manylinux2014_x86_64.whl (141 kB)
2024-02-08T00:23:13.4473380Z    â”â”â”â”â”â”â”â”â”â”â”â”â”â”â”â”â”â”â”â”â”â”â”â”â”â”â”â”â”â”â”â”â”â”â”â”â”â”â”â” 141.1/141.1 kB 26.5 MB/s eta 0:00:00
2024-02-08T00:23:13.4520428Z Downloading frozenlist-1.4.1-cp38-cp38-manylinux_2_5_x86_64.manylinux1_x86_64.manylinux_2_17_x86_64.manylinux2014_x86_64.whl (240 kB)
2024-02-08T00:23:13.4603248Z    â”â”â”â”â”â”â”â”â”â”â”â”â”â”â”â”â”â”â”â”â”â”â”â”â”â”â”â”â”â”â”â”â”â”â”â”â”â”â”â” 240.9/240.9 kB 36.8 MB/s eta 0:00:00
2024-02-08T00:23:13.4641425Z Downloading idna-3.6-py3-none-any.whl (61 kB)
2024-02-08T00:23:13.4692890Z    â”â”â”â”â”â”â”â”â”â”â”â”â”â”â”â”â”â”â”â”â”â”â”â”â”â”â”â”â”â”â”â”â”â”â”â”â”â”â”â” 61.6/61.6 kB 16.3 MB/s eta 0:00:00
2024-02-08T00:23:13.4741498Z Downloading multidict-6.0.5-cp38-cp38-manylinux_2_17_x86_64.manylinux2014_x86_64.whl (129 kB)
2024-02-08T00:23:13.4812380Z    â”â”â”â”â”â”â”â”â”â”â”â”â”â”â”â”â”â”â”â”â”â”â”â”â”â”â”â”â”â”â”â”â”â”â”â”â”â”â”â” 129.3/129.3 kB 23.8 MB/s eta 0:00:00
2024-02-08T00:23:13.4853113Z Downloading urllib3-2.2.0-py3-none-any.whl (120 kB)
2024-02-08T00:23:13.4912477Z    â”â”â”â”â”â”â”â”â”â”â”â”â”â”â”â”â”â”â”â”â”â”â”â”â”â”â”â”â”â”â”â”â”â”â”â”â”â”â”â” 120.9/120.9 kB 28.4 MB/s eta 0:00:00
2024-02-08T00:23:13.4973042Z Downloading yarl-1.9.4-cp38-cp38-manylinux_2_17_x86_64.manylinux2014_x86_64.whl (308 kB)
2024-02-08T00:23:13.5155660Z    â”â”â”â”â”â”â”â”â”â”â”â”â”â”â”â”â”â”â”â”â”â”â”â”â”â”â”â”â”â”â”â”â”â”â”â”â”â”â”â” 308.8/308.8 kB 18.7 MB/s eta 0:00:00
2024-02-08T00:23:13.6174707Z Installing collected packages: urllib3, multidict, idna, frozenlist, charset-normalizer, certifi, attrs, async-timeout, yarl, requests, aiosignal, aiohttp
2024-02-08T00:23:14.0224316Z Successfully installed aiohttp-3.9.3 aiosignal-1.3.1 async-timeout-4.0.3 attrs-23.2.0 certifi-2024.2.2 charset-normalizer-3.3.2 frozenlist-1.4.1 idna-3.6 multidict-6.0.5 requests-2.31.0 urllib3-2.2.0 yarl-1.9.4
2024-02-08T00:23:14.1877407Z ##[group]Run python3 --version
2024-02-08T00:23:14.1877976Z [36;1mpython3 --version[0m
2024-02-08T00:23:14.1878416Z [36;1mpython3 generate_images.py[0m
2024-02-08T00:23:14.1944177Z shell: /usr/bin/bash -e {0}
2024-02-08T00:23:14.1944646Z env:
2024-02-08T00:23:14.1945255Z   pythonLocation: /opt/hostedtoolcache/Python/3.8.18/x64
2024-02-08T00:23:14.1946089Z   PKG_CONFIG_PATH: /opt/hostedtoolcache/Python/3.8.18/x64/lib/pkgconfig
2024-02-08T00:23:14.1946878Z   Python_ROOT_DIR: /opt/hostedtoolcache/Python/3.8.18/x64
2024-02-08T00:23:14.1947709Z   Python2_ROOT_DIR: /opt/hostedtoolcache/Python/3.8.18/x64
2024-02-08T00:23:14.1948451Z   Python3_ROOT_DIR: /opt/hostedtoolcache/Python/3.8.18/x64
2024-02-08T00:23:14.1949220Z   LD_LIBRARY_PATH: /opt/hostedtoolcache/Python/3.8.18/x64/lib
2024-02-08T00:23:14.1950215Z   ACCESS_TOKEN: ***
2024-02-08T00:23:14.1950798Z   GITHUB_TOKEN: ***
2024-02-08T00:23:14.1951314Z   EXCLUDED: 
2024-02-08T00:23:14.1951713Z   EXCLUDED_LANGS: 
2024-02-08T00:23:14.1952216Z   EXCLUDE_FORKED_REPOS: true
2024-02-08T00:23:14.1952760Z ##[endgroup]
2024-02-08T00:23:14.2056684Z Python 3.8.18
2024-02-08T00:23:56.7702831Z A path returned 202. Retrying...
2024-02-08T00:23:56.7703851Z A path returned 202. Retrying...
2024-02-08T00:23:56.7704849Z A path returned 202. Retrying...
2024-02-08T00:23:56.7761057Z A path returned 202. Retrying...
2024-02-08T00:23:56.7761837Z A path returned 202. Retrying...
2024-02-08T00:23:56.8716368Z Traceback (most recent call last):
2024-02-08T00:23:56.8726238Z   File "generate_images.py", line 136, in <module>
2024-02-08T00:23:56.8727068Z     asyncio.run(main())
2024-02-08T00:23:56.8727968Z   File "/opt/hostedtoolcache/Python/3.8.18/x64/lib/python3.8/asyncio/runners.py", line 44, in run
2024-02-08T00:23:56.8728934Z     return loop.run_until_complete(main)
2024-02-08T00:23:56.8729976Z   File "/opt/hostedtoolcache/Python/3.8.18/x64/lib/python3.8/asyncio/base_events.py", line 616, in run_until_complete
2024-02-08T00:23:56.8730826Z     return future.result()
2024-02-08T00:23:56.8731757Z   File "generate_images.py", line 132, in main
2024-02-08T00:23:56.8732341Z     await asyncio.gather(generate_languages(s), generate_overview(s))
2024-02-08T00:23:56.8733039Z   File "generate_images.py", line 42, in generate_overview
2024-02-08T00:23:56.8733740Z     changed = (await s.lines_changed)[0] + (await s.lines_changed)[1]
2024-02-08T00:23:56.8734605Z   File "/home/runner/work/GitHub_Stats_A/GitHub_Stats_A/github_stats.py", line 486, in lines_changed
2024-02-08T00:23:56.8735340Z     for repo in await self.repos:
2024-02-08T00:23:56.8735879Z RuntimeError: Set changed size during iteration
2024-02-08T00:23:56.8922857Z ##[error]Process completed with exit code 1.
2024-02-08T00:23:56.9020094Z Post job cleanup.
2024-02-08T00:23:56.9866687Z [command]/usr/bin/git version
2024-02-08T00:23:56.9916732Z git version 2.43.0
2024-02-08T00:23:56.9957880Z Temporarily overriding HOME='/home/runner/work/_temp/7f4f3306-2471-4ce1-a1b8-b73596b7eb17' before making global git config changes
2024-02-08T00:23:56.9959889Z Adding repository directory to the temporary git global config as a safe directory
2024-02-08T00:23:56.9965010Z [command]/usr/bin/git config --global --add safe.directory /home/runner/work/GitHub_Stats_A/GitHub_Stats_A
2024-02-08T00:23:57.0010770Z [command]/usr/bin/git config --local --name-only --get-regexp core\.sshCommand
2024-02-08T00:23:57.0051497Z [command]/usr/bin/git submodule foreach --recursive sh -c "git config --local --name-only --get-regexp 'core\.sshCommand' && git config --local --unset-all 'core.sshCommand' || :"
2024-02-08T00:23:57.0327723Z [command]/usr/bin/git config --local --name-only --get-regexp http\.https\:\/\/github\.com\/\.extraheader
2024-02-08T00:23:57.0360116Z http.https://github.com/.extraheader
2024-02-08T00:23:57.0371700Z [command]/usr/bin/git config --local --unset-all http.https://github.com/.extraheader
2024-02-08T00:23:57.0414852Z [command]/usr/bin/git submodule foreach --recursive sh -c "git config --local --name-only --get-regexp 'http\.https\:\/\/github\.com\/\.extraheader' && git config --local --unset-all 'http.https://github.com/.extraheader' || :"
2024-02-08T00:23:57.0924736Z Cleaning up orphan processes
