2023-09-19T00:22:22.3904833Z Requested labels: ubuntu-latest
2023-09-19T00:22:22.3905248Z Job defined at: seanpm2001/GitHub_Stats_A/.github/workflows/main.yml@refs/heads/master
2023-09-19T00:22:22.3905402Z Waiting for a runner to pick up this job...
2023-09-19T00:22:22.9735532Z Job is waiting for a hosted runner to come online.
2023-09-19T00:22:25.7615874Z Job is about to start running on the hosted runner: GitHub Actions 2 (hosted)
2023-09-19T00:22:28.0733180Z Current runner version: '2.309.0'
2023-09-19T00:22:28.0761579Z ##[group]Operating System
2023-09-19T00:22:28.0762207Z Ubuntu
2023-09-19T00:22:28.0762522Z 22.04.3
2023-09-19T00:22:28.0762780Z LTS
2023-09-19T00:22:28.0763244Z ##[endgroup]
2023-09-19T00:22:28.0763621Z ##[group]Runner Image
2023-09-19T00:22:28.0764009Z Image: ubuntu-22.04
2023-09-19T00:22:28.0764319Z Version: 20230911.1.0
2023-09-19T00:22:28.0764894Z Included Software: https://github.com/actions/runner-images/blob/ubuntu22/20230911.1/images/linux/Ubuntu2204-Readme.md
2023-09-19T00:22:28.0765668Z Image Release: https://github.com/actions/runner-images/releases/tag/ubuntu22%2F20230911.1
2023-09-19T00:22:28.0766214Z ##[endgroup]
2023-09-19T00:22:28.0766546Z ##[group]Runner Image Provisioner
2023-09-19T00:22:28.0766919Z 2.0.299.1
2023-09-19T00:22:28.0767302Z ##[endgroup]
2023-09-19T00:22:28.0768044Z ##[group]GITHUB_TOKEN Permissions
2023-09-19T00:22:28.0769735Z Contents: write
2023-09-19T00:22:28.0770060Z Metadata: read
2023-09-19T00:22:28.0770814Z ##[endgroup]
2023-09-19T00:22:28.0774626Z Secret source: Actions
2023-09-19T00:22:28.0775150Z Prepare workflow directory
2023-09-19T00:22:28.1538488Z Prepare all required actions
2023-09-19T00:22:28.1738814Z Getting action download info
2023-09-19T00:22:28.4193387Z Download action repository 'actions/checkout@v3' (SHA:f43a0e5ff2bd294095638e18286ca9a3d1956744)
2023-09-19T00:22:29.0605072Z Download action repository 'actions/setup-python@v4' (SHA:61a6322f88396a6271a6ee3565807d608ecaddd1)
2023-09-19T00:22:29.7642019Z Complete job name: build
2023-09-19T00:22:29.8636842Z ##[group]Run actions/checkout@v3
2023-09-19T00:22:29.8637277Z with:
2023-09-19T00:22:29.8637617Z   repository: seanpm2001/GitHub_Stats_A
2023-09-19T00:22:29.8638248Z   token: ***
2023-09-19T00:22:29.8638539Z   ssh-strict: true
2023-09-19T00:22:29.8638877Z   persist-credentials: true
2023-09-19T00:22:29.8639205Z   clean: true
2023-09-19T00:22:29.8639544Z   sparse-checkout-cone-mode: true
2023-09-19T00:22:29.8639896Z   fetch-depth: 1
2023-09-19T00:22:29.8640222Z   fetch-tags: false
2023-09-19T00:22:29.8640513Z   lfs: false
2023-09-19T00:22:29.8640806Z   submodules: false
2023-09-19T00:22:29.8641127Z   set-safe-directory: true
2023-09-19T00:22:29.8641461Z ##[endgroup]
2023-09-19T00:22:30.1566943Z Syncing repository: seanpm2001/GitHub_Stats_A
2023-09-19T00:22:30.1568913Z ##[group]Getting Git version info
2023-09-19T00:22:30.1569581Z Working directory is '/home/runner/work/GitHub_Stats_A/GitHub_Stats_A'
2023-09-19T00:22:30.1570336Z [command]/usr/bin/git version
2023-09-19T00:22:30.1725399Z git version 2.42.0
2023-09-19T00:22:30.1754176Z ##[endgroup]
2023-09-19T00:22:30.1772261Z Temporarily overriding HOME='/home/runner/work/_temp/c518420a-2681-42c8-a230-89dcc520b5a7' before making global git config changes
2023-09-19T00:22:30.1773344Z Adding repository directory to the temporary git global config as a safe directory
2023-09-19T00:22:30.1779141Z [command]/usr/bin/git config --global --add safe.directory /home/runner/work/GitHub_Stats_A/GitHub_Stats_A
2023-09-19T00:22:30.1829005Z Deleting the contents of '/home/runner/work/GitHub_Stats_A/GitHub_Stats_A'
2023-09-19T00:22:30.1833724Z ##[group]Initializing the repository
2023-09-19T00:22:30.1837560Z [command]/usr/bin/git init /home/runner/work/GitHub_Stats_A/GitHub_Stats_A
2023-09-19T00:22:30.1935912Z hint: Using 'master' as the name for the initial branch. This default branch name
2023-09-19T00:22:30.1937065Z hint: is subject to change. To configure the initial branch name to use in all
2023-09-19T00:22:30.1939469Z hint: of your new repositories, which will suppress this warning, call:
2023-09-19T00:22:30.1940196Z hint: 
2023-09-19T00:22:30.1940801Z hint: 	git config --global init.defaultBranch <name>
2023-09-19T00:22:30.1941281Z hint: 
2023-09-19T00:22:30.1941896Z hint: Names commonly chosen instead of 'master' are 'main', 'trunk' and
2023-09-19T00:22:30.1943378Z hint: 'development'. The just-created branch can be renamed via this command:
2023-09-19T00:22:30.1943898Z hint: 
2023-09-19T00:22:30.1944247Z hint: 	git branch -m <name>
2023-09-19T00:22:30.1952682Z Initialized empty Git repository in /home/runner/work/GitHub_Stats_A/GitHub_Stats_A/.git/
2023-09-19T00:22:30.1967972Z [command]/usr/bin/git remote add origin https://github.com/seanpm2001/GitHub_Stats_A
2023-09-19T00:22:30.2024044Z ##[endgroup]
2023-09-19T00:22:30.2024965Z ##[group]Disabling automatic garbage collection
2023-09-19T00:22:30.2027247Z [command]/usr/bin/git config --local gc.auto 0
2023-09-19T00:22:30.2065708Z ##[endgroup]
2023-09-19T00:22:30.2066517Z ##[group]Setting up auth
2023-09-19T00:22:30.2072447Z [command]/usr/bin/git config --local --name-only --get-regexp core\.sshCommand
2023-09-19T00:22:30.2111463Z [command]/usr/bin/git submodule foreach --recursive sh -c "git config --local --name-only --get-regexp 'core\.sshCommand' && git config --local --unset-all 'core.sshCommand' || :"
2023-09-19T00:22:30.2621792Z [command]/usr/bin/git config --local --name-only --get-regexp http\.https\:\/\/github\.com\/\.extraheader
2023-09-19T00:22:30.2647772Z [command]/usr/bin/git submodule foreach --recursive sh -c "git config --local --name-only --get-regexp 'http\.https\:\/\/github\.com\/\.extraheader' && git config --local --unset-all 'http.https://github.com/.extraheader' || :"
2023-09-19T00:22:30.2897289Z [command]/usr/bin/git config --local http.https://github.com/.extraheader AUTHORIZATION: basic ***
2023-09-19T00:22:30.2944407Z ##[endgroup]
2023-09-19T00:22:30.2945630Z ##[group]Fetching the repository
2023-09-19T00:22:30.2954830Z [command]/usr/bin/git -c protocol.version=2 fetch --no-tags --prune --progress --no-recurse-submodules --depth=1 origin +e259dfe361838f5b1a7320b51e9b792d3aa1c85d:refs/remotes/origin/master
2023-09-19T00:22:30.8770843Z remote: Enumerating objects: 7926, done.        
2023-09-19T00:22:30.8836348Z remote: Counting objects:   0% (1/7926)        
2023-09-19T00:22:30.8836718Z remote: Counting objects:   1% (80/7926)        
2023-09-19T00:22:30.8854699Z remote: Counting objects:   2% (159/7926)        
2023-09-19T00:22:30.8855363Z remote: Counting objects:   3% (238/7926)        
2023-09-19T00:22:30.8856071Z remote: Counting objects:   4% (318/7926)        
2023-09-19T00:22:30.8856757Z remote: Counting objects:   5% (397/7926)        
2023-09-19T00:22:30.8861587Z remote: Counting objects:   6% (476/7926)        
2023-09-19T00:22:30.8862139Z remote: Counting objects:   7% (555/7926)        
2023-09-19T00:22:30.8862630Z remote: Counting objects:   8% (635/7926)        
2023-09-19T00:22:30.8867112Z remote: Counting objects:   9% (714/7926)        
2023-09-19T00:22:30.9076690Z remote: Counting objects:  10% (793/7926)        
2023-09-19T00:22:30.9077085Z remote: Counting objects:  11% (872/7926)        
2023-09-19T00:22:30.9077431Z remote: Counting objects:  12% (952/7926)        
2023-09-19T00:22:30.9077772Z remote: Counting objects:  13% (1031/7926)        
2023-09-19T00:22:30.9078128Z remote: Counting objects:  14% (1110/7926)        
2023-09-19T00:22:30.9078484Z remote: Counting objects:  15% (1189/7926)        
2023-09-19T00:22:30.9078855Z remote: Counting objects:  16% (1269/7926)        
2023-09-19T00:22:30.9079203Z remote: Counting objects:  17% (1348/7926)        
2023-09-19T00:22:30.9079536Z remote: Counting objects:  18% (1427/7926)        
2023-09-19T00:22:30.9079885Z remote: Counting objects:  19% (1506/7926)        
2023-09-19T00:22:30.9080235Z remote: Counting objects:  20% (1586/7926)        
2023-09-19T00:22:30.9080579Z remote: Counting objects:  21% (1665/7926)        
2023-09-19T00:22:30.9080913Z remote: Counting objects:  22% (1744/7926)        
2023-09-19T00:22:30.9081274Z remote: Counting objects:  23% (1823/7926)        
2023-09-19T00:22:30.9081623Z remote: Counting objects:  24% (1903/7926)        
2023-09-19T00:22:30.9081971Z remote: Counting objects:  25% (1982/7926)        
2023-09-19T00:22:30.9082351Z remote: Counting objects:  26% (2061/7926)        
2023-09-19T00:22:30.9082695Z remote: Counting objects:  27% (2141/7926)        
2023-09-19T00:22:30.9083082Z remote: Counting objects:  28% (2220/7926)        
2023-09-19T00:22:30.9083978Z remote: Counting objects:  29% (2299/7926)        
2023-09-19T00:22:30.9084316Z remote: Counting objects:  30% (2378/7926)        
2023-09-19T00:22:30.9084664Z remote: Counting objects:  31% (2458/7926)        
2023-09-19T00:22:30.9085009Z remote: Counting objects:  32% (2537/7926)        
2023-09-19T00:22:30.9085352Z remote: Counting objects:  33% (2616/7926)        
2023-09-19T00:22:30.9085683Z remote: Counting objects:  34% (2695/7926)        
2023-09-19T00:22:30.9086046Z remote: Counting objects:  35% (2775/7926)        
2023-09-19T00:22:30.9086391Z remote: Counting objects:  36% (2854/7926)        
2023-09-19T00:22:30.9086737Z remote: Counting objects:  37% (2933/7926)        
2023-09-19T00:22:30.9087067Z remote: Counting objects:  38% (3012/7926)        
2023-09-19T00:22:30.9087412Z remote: Counting objects:  39% (3092/7926)        
2023-09-19T00:22:30.9087755Z remote: Counting objects:  40% (3171/7926)        
2023-09-19T00:22:30.9088104Z remote: Counting objects:  41% (3250/7926)        
2023-09-19T00:22:30.9088457Z remote: Counting objects:  42% (3329/7926)        
2023-09-19T00:22:30.9088788Z remote: Counting objects:  43% (3409/7926)        
2023-09-19T00:22:30.9089241Z remote: Counting objects:  44% (3488/7926)        
2023-09-19T00:22:30.9089587Z remote: Counting objects:  45% (3567/7926)        
2023-09-19T00:22:30.9089927Z remote: Counting objects:  46% (3646/7926)        
2023-09-19T00:22:30.9090256Z remote: Counting objects:  47% (3726/7926)        
2023-09-19T00:22:30.9090777Z remote: Counting objects:  48% (3805/7926)        
2023-09-19T00:22:30.9091193Z remote: Counting objects:  49% (3884/7926)        
2023-09-19T00:22:30.9091539Z remote: Counting objects:  50% (3963/7926)        
2023-09-19T00:22:30.9091872Z remote: Counting objects:  51% (4043/7926)        
2023-09-19T00:22:30.9092215Z remote: Counting objects:  52% (4122/7926)        
2023-09-19T00:22:30.9092559Z remote: Counting objects:  53% (4201/7926)        
2023-09-19T00:22:30.9092901Z remote: Counting objects:  54% (4281/7926)        
2023-09-19T00:22:30.9093236Z remote: Counting objects:  55% (4360/7926)        
2023-09-19T00:22:30.9093581Z remote: Counting objects:  56% (4439/7926)        
2023-09-19T00:22:30.9093926Z remote: Counting objects:  57% (4518/7926)        
2023-09-19T00:22:30.9094269Z remote: Counting objects:  58% (4598/7926)        
2023-09-19T00:22:30.9094599Z remote: Counting objects:  59% (4677/7926)        
2023-09-19T00:22:30.9094943Z remote: Counting objects:  60% (4756/7926)        
2023-09-19T00:22:30.9095292Z remote: Counting objects:  61% (4835/7926)        
2023-09-19T00:22:30.9095635Z remote: Counting objects:  62% (4915/7926)        
2023-09-19T00:22:30.9095964Z remote: Counting objects:  63% (4994/7926)        
2023-09-19T00:22:30.9096313Z remote: Counting objects:  64% (5073/7926)        
2023-09-19T00:22:30.9096965Z remote: Counting objects:  65% (5152/7926)        
2023-09-19T00:22:30.9098030Z remote: Counting objects:  66% (5232/7926)        
2023-09-19T00:22:30.9098380Z remote: Counting objects:  67% (5311/7926)        
2023-09-19T00:22:30.9098737Z remote: Counting objects:  68% (5390/7926)        
2023-09-19T00:22:30.9099214Z remote: Counting objects:  69% (5469/7926)        
2023-09-19T00:22:30.9099516Z remote: Counting objects:  70% (5549/7926)        
2023-09-19T00:22:30.9099819Z remote: Counting objects:  71% (5628/7926)        
2023-09-19T00:22:30.9100121Z remote: Counting objects:  72% (5707/7926)        
2023-09-19T00:22:30.9101926Z remote: Counting objects:  73% (5786/7926)        
2023-09-19T00:22:30.9105929Z remote: Counting objects:  74% (5866/7926)        
2023-09-19T00:22:30.9106327Z remote: Counting objects:  75% (5945/7926)        
2023-09-19T00:22:30.9106640Z remote: Counting objects:  76% (6024/7926)        
2023-09-19T00:22:30.9107086Z remote: Counting objects:  77% (6104/7926)        
2023-09-19T00:22:30.9107392Z remote: Counting objects:  78% (6183/7926)        
2023-09-19T00:22:30.9107698Z remote: Counting objects:  79% (6262/7926)        
2023-09-19T00:22:30.9108211Z remote: Counting objects:  80% (6341/7926)        
2023-09-19T00:22:30.9108513Z remote: Counting objects:  81% (6421/7926)        
2023-09-19T00:22:30.9108813Z remote: Counting objects:  82% (6500/7926)        
2023-09-19T00:22:30.9109099Z remote: Counting objects:  83% (6579/7926)        
2023-09-19T00:22:30.9109403Z remote: Counting objects:  84% (6658/7926)        
2023-09-19T00:22:30.9109707Z remote: Counting objects:  85% (6738/7926)        
2023-09-19T00:22:30.9110007Z remote: Counting objects:  86% (6817/7926)        
2023-09-19T00:22:30.9110309Z remote: Counting objects:  87% (6896/7926)        
2023-09-19T00:22:30.9110612Z remote: Counting objects:  88% (6975/7926)        
2023-09-19T00:22:30.9110913Z remote: Counting objects:  89% (7055/7926)        
2023-09-19T00:22:30.9111215Z remote: Counting objects:  90% (7134/7926)        
2023-09-19T00:22:30.9111503Z remote: Counting objects:  91% (7213/7926)        
2023-09-19T00:22:30.9111804Z remote: Counting objects:  92% (7292/7926)        
2023-09-19T00:22:30.9112110Z remote: Counting objects:  93% (7372/7926)        
2023-09-19T00:22:30.9112412Z remote: Counting objects:  94% (7451/7926)        
2023-09-19T00:22:30.9112726Z remote: Counting objects:  95% (7530/7926)        
2023-09-19T00:22:30.9113015Z remote: Counting objects:  96% (7609/7926)        
2023-09-19T00:22:30.9113316Z remote: Counting objects:  97% (7689/7926)        
2023-09-19T00:22:30.9113614Z remote: Counting objects:  98% (7768/7926)        
2023-09-19T00:22:30.9114043Z remote: Counting objects:  99% (7847/7926)        
2023-09-19T00:22:30.9114338Z remote: Counting objects: 100% (7926/7926)        
2023-09-19T00:22:30.9114663Z remote: Counting objects: 100% (7926/7926), done.        
2023-09-19T00:22:30.9265846Z remote: Compressing objects:   0% (1/3021)        
2023-09-19T00:22:31.0063938Z remote: Compressing objects:   1% (31/3021)        
2023-09-19T00:22:31.0237723Z remote: Compressing objects:   2% (61/3021)        
2023-09-19T00:22:31.0241425Z remote: Compressing objects:   3% (91/3021)        
2023-09-19T00:22:31.0243429Z remote: Compressing objects:   4% (121/3021)        
2023-09-19T00:22:31.0244134Z remote: Compressing objects:   5% (152/3021)        
2023-09-19T00:22:31.0244658Z remote: Compressing objects:   6% (182/3021)        
2023-09-19T00:22:31.0245002Z remote: Compressing objects:   7% (212/3021)        
2023-09-19T00:22:31.0245335Z remote: Compressing objects:   8% (242/3021)        
2023-09-19T00:22:31.0245751Z remote: Compressing objects:   9% (272/3021)        
2023-09-19T00:22:31.0252737Z remote: Compressing objects:  10% (303/3021)        
2023-09-19T00:22:31.0253425Z remote: Compressing objects:  11% (333/3021)        
2023-09-19T00:22:31.0253921Z remote: Compressing objects:  12% (363/3021)        
2023-09-19T00:22:31.0254243Z remote: Compressing objects:  13% (393/3021)        
2023-09-19T00:22:31.0254567Z remote: Compressing objects:  14% (423/3021)        
2023-09-19T00:22:31.0375288Z remote: Compressing objects:  15% (454/3021)        
2023-09-19T00:22:31.0410700Z remote: Compressing objects:  16% (484/3021)        
2023-09-19T00:22:31.0411410Z remote: Compressing objects:  17% (514/3021)        
2023-09-19T00:22:31.0415626Z remote: Compressing objects:  18% (544/3021)        
2023-09-19T00:22:31.0416213Z remote: Compressing objects:  19% (574/3021)        
2023-09-19T00:22:31.0417012Z remote: Compressing objects:  20% (605/3021)        
2023-09-19T00:22:31.0417536Z remote: Compressing objects:  21% (635/3021)        
2023-09-19T00:22:31.0417883Z remote: Compressing objects:  22% (665/3021)        
2023-09-19T00:22:31.0418208Z remote: Compressing objects:  23% (695/3021)        
2023-09-19T00:22:31.0418526Z remote: Compressing objects:  24% (726/3021)        
2023-09-19T00:22:31.0418835Z remote: Compressing objects:  25% (756/3021)        
2023-09-19T00:22:31.0419160Z remote: Compressing objects:  26% (786/3021)        
2023-09-19T00:22:31.0419481Z remote: Compressing objects:  27% (816/3021)        
2023-09-19T00:22:31.0420432Z remote: Compressing objects:  28% (846/3021)        
2023-09-19T00:22:31.0522977Z remote: Compressing objects:  29% (877/3021)        
2023-09-19T00:22:31.0772017Z remote: Compressing objects:  30% (907/3021)        
2023-09-19T00:22:31.1100326Z remote: Compressing objects:  31% (937/3021)        
2023-09-19T00:22:31.1440474Z remote: Compressing objects:  32% (967/3021)        
2023-09-19T00:22:31.1817826Z remote: Compressing objects:  33% (997/3021)        
2023-09-19T00:22:31.2131384Z remote: Compressing objects:  34% (1028/3021)        
2023-09-19T00:22:31.2430651Z remote: Compressing objects:  35% (1058/3021)        
2023-09-19T00:22:31.2694221Z remote: Compressing objects:  36% (1088/3021)        
2023-09-19T00:22:31.3169700Z remote: Compressing objects:  37% (1118/3021)        
2023-09-19T00:22:31.3482229Z remote: Compressing objects:  38% (1148/3021)        
2023-09-19T00:22:31.3829969Z remote: Compressing objects:  39% (1179/3021)        
2023-09-19T00:22:31.4159095Z remote: Compressing objects:  40% (1209/3021)        
2023-09-19T00:22:31.4472337Z remote: Compressing objects:  41% (1239/3021)        
2023-09-19T00:22:31.4812386Z remote: Compressing objects:  42% (1269/3021)        
2023-09-19T00:22:31.5771714Z remote: Compressing objects:  43% (1300/3021)        
2023-09-19T00:22:31.5955225Z remote: Compressing objects:  44% (1330/3021)        
2023-09-19T00:22:31.5958604Z remote: Compressing objects:  45% (1360/3021)        
2023-09-19T00:22:31.6132872Z remote: Compressing objects:  46% (1390/3021)        
2023-09-19T00:22:31.6196423Z remote: Compressing objects:  47% (1420/3021)        
2023-09-19T00:22:31.6197016Z remote: Compressing objects:  48% (1451/3021)        
2023-09-19T00:22:31.6197592Z remote: Compressing objects:  49% (1481/3021)        
2023-09-19T00:22:31.6199675Z remote: Compressing objects:  50% (1511/3021)        
2023-09-19T00:22:31.6205243Z remote: Compressing objects:  51% (1541/3021)        
2023-09-19T00:22:31.6207623Z remote: Compressing objects:  52% (1571/3021)        
2023-09-19T00:22:31.6210639Z remote: Compressing objects:  53% (1602/3021)        
2023-09-19T00:22:31.6211042Z remote: Compressing objects:  54% (1632/3021)        
2023-09-19T00:22:31.6215533Z remote: Compressing objects:  55% (1662/3021)        
2023-09-19T00:22:31.6223011Z remote: Compressing objects:  56% (1692/3021)        
2023-09-19T00:22:31.6228792Z remote: Compressing objects:  57% (1722/3021)        
2023-09-19T00:22:31.6237643Z remote: Compressing objects:  58% (1753/3021)        
2023-09-19T00:22:31.6239709Z remote: Compressing objects:  59% (1783/3021)        
2023-09-19T00:22:31.6243590Z remote: Compressing objects:  60% (1813/3021)        
2023-09-19T00:22:31.6246910Z remote: Compressing objects:  61% (1843/3021)        
2023-09-19T00:22:31.6253577Z remote: Compressing objects:  62% (1874/3021)        
2023-09-19T00:22:31.6273432Z remote: Compressing objects:  63% (1904/3021)        
2023-09-19T00:22:31.6274385Z remote: Compressing objects:  64% (1934/3021)        
2023-09-19T00:22:31.6276088Z remote: Compressing objects:  65% (1964/3021)        
2023-09-19T00:22:31.6276644Z remote: Compressing objects:  66% (1994/3021)        
2023-09-19T00:22:31.6277651Z remote: Compressing objects:  67% (2025/3021)        
2023-09-19T00:22:31.6280854Z remote: Compressing objects:  68% (2055/3021)        
2023-09-19T00:22:31.6281335Z remote: Compressing objects:  69% (2085/3021)        
2023-09-19T00:22:31.6282789Z remote: Compressing objects:  70% (2115/3021)        
2023-09-19T00:22:31.6314600Z remote: Compressing objects:  71% (2145/3021)        
2023-09-19T00:22:31.6315101Z remote: Compressing objects:  72% (2176/3021)        
2023-09-19T00:22:31.6315814Z remote: Compressing objects:  73% (2206/3021)        
2023-09-19T00:22:31.6317278Z remote: Compressing objects:  74% (2236/3021)        
2023-09-19T00:22:31.6318304Z remote: Compressing objects:  75% (2266/3021)        
2023-09-19T00:22:31.6318945Z remote: Compressing objects:  76% (2296/3021)        
2023-09-19T00:22:31.6319476Z remote: Compressing objects:  77% (2327/3021)        
2023-09-19T00:22:31.6320259Z remote: Compressing objects:  78% (2357/3021)        
2023-09-19T00:22:31.6320947Z remote: Compressing objects:  79% (2387/3021)        
2023-09-19T00:22:31.6321604Z remote: Compressing objects:  80% (2417/3021)        
2023-09-19T00:22:31.6322103Z remote: Compressing objects:  81% (2448/3021)        
2023-09-19T00:22:31.6322699Z remote: Compressing objects:  82% (2478/3021)        
2023-09-19T00:22:31.6323251Z remote: Compressing objects:  83% (2508/3021)        
2023-09-19T00:22:31.6323811Z remote: Compressing objects:  84% (2538/3021)        
2023-09-19T00:22:31.6324323Z remote: Compressing objects:  85% (2568/3021)        
2023-09-19T00:22:31.6324861Z remote: Compressing objects:  86% (2599/3021)        
2023-09-19T00:22:31.6325362Z remote: Compressing objects:  87% (2629/3021)        
2023-09-19T00:22:31.6325975Z remote: Compressing objects:  88% (2659/3021)        
2023-09-19T00:22:31.6326514Z remote: Compressing objects:  89% (2689/3021)        
2023-09-19T00:22:31.6327055Z remote: Compressing objects:  90% (2719/3021)        
2023-09-19T00:22:31.6327725Z remote: Compressing objects:  91% (2750/3021)        
2023-09-19T00:22:31.6328617Z remote: Compressing objects:  92% (2780/3021)        
2023-09-19T00:22:31.6329073Z remote: Compressing objects:  93% (2810/3021)        
2023-09-19T00:22:31.6329612Z remote: Compressing objects:  94% (2840/3021)        
2023-09-19T00:22:31.6491300Z remote: Compressing objects:  95% (2870/3021)        
2023-09-19T00:22:31.6491787Z remote: Compressing objects:  96% (2901/3021)        
2023-09-19T00:22:31.6497956Z remote: Compressing objects:  97% (2931/3021)        
2023-09-19T00:22:31.6498750Z remote: Compressing objects:  98% (2961/3021)        
2023-09-19T00:22:31.6499407Z remote: Compressing objects:  99% (2991/3021)        
2023-09-19T00:22:31.6499811Z remote: Compressing objects: 100% (3021/3021)        
2023-09-19T00:22:31.6500462Z remote: Compressing objects: 100% (3021/3021), done.        
2023-09-19T00:22:31.7284058Z Receiving objects:   0% (1/7926)
2023-09-19T00:22:31.7325132Z Receiving objects:   1% (80/7926)
2023-09-19T00:22:31.7634145Z Receiving objects:   2% (159/7926)
2023-09-19T00:22:31.7655017Z Receiving objects:   3% (238/7926)
2023-09-19T00:22:31.7687293Z Receiving objects:   4% (318/7926)
2023-09-19T00:22:31.7722153Z Receiving objects:   5% (397/7926)
2023-09-19T00:22:31.7995028Z Receiving objects:   6% (476/7926)
2023-09-19T00:22:31.8009312Z Receiving objects:   7% (555/7926)
2023-09-19T00:22:31.8027592Z Receiving objects:   8% (635/7926)
2023-09-19T00:22:31.8044624Z Receiving objects:   9% (714/7926)
2023-09-19T00:22:31.8063376Z Receiving objects:  10% (793/7926)
2023-09-19T00:22:31.8109780Z Receiving objects:  11% (872/7926)
2023-09-19T00:22:31.8113303Z Receiving objects:  12% (952/7926)
2023-09-19T00:22:31.8114640Z Receiving objects:  13% (1031/7926)
2023-09-19T00:22:31.8117096Z Receiving objects:  14% (1110/7926)
2023-09-19T00:22:31.8370383Z Receiving objects:  15% (1189/7926)
2023-09-19T00:22:31.8454969Z Receiving objects:  16% (1269/7926)
2023-09-19T00:22:31.8528908Z Receiving objects:  17% (1348/7926)
2023-09-19T00:22:31.8604268Z Receiving objects:  18% (1427/7926)
2023-09-19T00:22:31.8755394Z Receiving objects:  19% (1506/7926)
2023-09-19T00:22:31.8812802Z Receiving objects:  20% (1586/7926)
2023-09-19T00:22:31.8898657Z Receiving objects:  21% (1665/7926)
2023-09-19T00:22:31.8971653Z Receiving objects:  22% (1744/7926)
2023-09-19T00:22:31.9030248Z Receiving objects:  23% (1823/7926)
2023-09-19T00:22:31.9124128Z Receiving objects:  24% (1903/7926)
2023-09-19T00:22:31.9182729Z Receiving objects:  25% (1982/7926)
2023-09-19T00:22:31.9282445Z Receiving objects:  26% (2061/7926)
2023-09-19T00:22:31.9375136Z Receiving objects:  27% (2141/7926)
2023-09-19T00:22:31.9467764Z Receiving objects:  28% (2220/7926)
2023-09-19T00:22:31.9551758Z Receiving objects:  29% (2299/7926)
2023-09-19T00:22:31.9653165Z Receiving objects:  30% (2378/7926)
2023-09-19T00:22:31.9739072Z Receiving objects:  31% (2458/7926)
2023-09-19T00:22:31.9821629Z Receiving objects:  32% (2537/7926)
2023-09-19T00:22:31.9909954Z Receiving objects:  33% (2616/7926)
2023-09-19T00:22:31.9989393Z Receiving objects:  34% (2695/7926)
2023-09-19T00:22:32.0041678Z Receiving objects:  35% (2775/7926)
2023-09-19T00:22:32.0188553Z Receiving objects:  36% (2854/7926)
2023-09-19T00:22:32.0296276Z Receiving objects:  37% (2933/7926)
2023-09-19T00:22:32.0386354Z Receiving objects:  38% (3012/7926)
2023-09-19T00:22:32.0468936Z Receiving objects:  39% (3092/7926)
2023-09-19T00:22:32.0505553Z Receiving objects:  40% (3171/7926)
2023-09-19T00:22:32.0544925Z Receiving objects:  41% (3250/7926)
2023-09-19T00:22:32.0578044Z Receiving objects:  42% (3329/7926)
2023-09-19T00:22:32.0619100Z Receiving objects:  43% (3409/7926)
2023-09-19T00:22:32.0654118Z Receiving objects:  44% (3488/7926)
2023-09-19T00:22:32.0693624Z Receiving objects:  45% (3567/7926)
2023-09-19T00:22:32.0732470Z Receiving objects:  46% (3646/7926)
2023-09-19T00:22:32.0839295Z Receiving objects:  47% (3726/7926)
2023-09-19T00:22:32.0971043Z Receiving objects:  48% (3805/7926)
2023-09-19T00:22:32.1104641Z Receiving objects:  49% (3884/7926)
2023-09-19T00:22:32.1255059Z Receiving objects:  50% (3963/7926)
2023-09-19T00:22:32.1340985Z Receiving objects:  51% (4043/7926)
2023-09-19T00:22:32.1434556Z Receiving objects:  52% (4122/7926)
2023-09-19T00:22:32.1528170Z Receiving objects:  53% (4201/7926)
2023-09-19T00:22:32.1632129Z Receiving objects:  54% (4281/7926)
2023-09-19T00:22:32.1764049Z Receiving objects:  55% (4360/7926), 15.93 MiB | 31.91 MiB/s
2023-09-19T00:22:32.1902891Z Receiving objects:  56% (4439/7926), 15.93 MiB | 31.91 MiB/s
2023-09-19T00:22:32.2022055Z Receiving objects:  57% (4518/7926), 15.93 MiB | 31.91 MiB/s
2023-09-19T00:22:32.2136337Z Receiving objects:  58% (4598/7926), 15.93 MiB | 31.91 MiB/s
2023-09-19T00:22:32.2190518Z Receiving objects:  59% (4677/7926), 15.93 MiB | 31.91 MiB/s
2023-09-19T00:22:32.2303592Z Receiving objects:  60% (4756/7926), 15.93 MiB | 31.91 MiB/s
2023-09-19T00:22:32.2420332Z Receiving objects:  61% (4835/7926), 15.93 MiB | 31.91 MiB/s
2023-09-19T00:22:32.2534717Z Receiving objects:  62% (4915/7926), 15.93 MiB | 31.91 MiB/s
2023-09-19T00:22:32.2644694Z Receiving objects:  63% (4994/7926), 15.93 MiB | 31.91 MiB/s
2023-09-19T00:22:32.2761899Z Receiving objects:  64% (5073/7926), 15.93 MiB | 31.91 MiB/s
2023-09-19T00:22:32.2868320Z Receiving objects:  65% (5152/7926), 15.93 MiB | 31.91 MiB/s
2023-09-19T00:22:32.2989292Z Receiving objects:  66% (5232/7926), 15.93 MiB | 31.91 MiB/s
2023-09-19T00:22:32.3090009Z Receiving objects:  67% (5311/7926), 15.93 MiB | 31.91 MiB/s
2023-09-19T00:22:32.3224088Z Receiving objects:  68% (5390/7926), 15.93 MiB | 31.91 MiB/s
2023-09-19T00:22:32.3333382Z Receiving objects:  69% (5469/7926), 15.93 MiB | 31.91 MiB/s
2023-09-19T00:22:32.3439761Z Receiving objects:  70% (5549/7926), 15.93 MiB | 31.91 MiB/s
2023-09-19T00:22:32.3571830Z Receiving objects:  71% (5628/7926), 15.93 MiB | 31.91 MiB/s
2023-09-19T00:22:32.3740084Z Receiving objects:  72% (5707/7926), 15.93 MiB | 31.91 MiB/s
2023-09-19T00:22:32.3848583Z Receiving objects:  73% (5786/7926), 15.93 MiB | 31.91 MiB/s
2023-09-19T00:22:32.3928426Z Receiving objects:  74% (5866/7926), 15.93 MiB | 31.91 MiB/s
2023-09-19T00:22:32.4002419Z Receiving objects:  75% (5945/7926), 15.93 MiB | 31.91 MiB/s
2023-09-19T00:22:32.4133593Z Receiving objects:  76% (6024/7926), 15.93 MiB | 31.91 MiB/s
2023-09-19T00:22:32.4219341Z Receiving objects:  77% (6104/7926), 15.93 MiB | 31.91 MiB/s
2023-09-19T00:22:32.4334559Z Receiving objects:  78% (6183/7926), 15.93 MiB | 31.91 MiB/s
2023-09-19T00:22:32.4482895Z Receiving objects:  79% (6262/7926), 15.93 MiB | 31.91 MiB/s
2023-09-19T00:22:32.4582551Z Receiving objects:  80% (6341/7926), 15.93 MiB | 31.91 MiB/s
2023-09-19T00:22:32.4669366Z Receiving objects:  81% (6421/7926), 15.93 MiB | 31.91 MiB/s
2023-09-19T00:22:32.4822540Z Receiving objects:  82% (6500/7926), 15.93 MiB | 31.91 MiB/s
2023-09-19T00:22:32.4945408Z Receiving objects:  83% (6579/7926), 15.93 MiB | 31.91 MiB/s
2023-09-19T00:22:32.5017575Z Receiving objects:  84% (6658/7926), 15.93 MiB | 31.91 MiB/s
2023-09-19T00:22:32.5113936Z Receiving objects:  85% (6738/7926), 15.93 MiB | 31.91 MiB/s
2023-09-19T00:22:32.5172558Z Receiving objects:  86% (6817/7926), 15.93 MiB | 31.91 MiB/s
2023-09-19T00:22:32.5292907Z Receiving objects:  87% (6896/7926), 15.93 MiB | 31.91 MiB/s
2023-09-19T00:22:32.5304743Z Receiving objects:  88% (6975/7926), 15.93 MiB | 31.91 MiB/s
2023-09-19T00:22:32.5337943Z Receiving objects:  89% (7055/7926), 15.93 MiB | 31.91 MiB/s
2023-09-19T00:22:32.5340622Z Receiving objects:  90% (7134/7926), 15.93 MiB | 31.91 MiB/s
2023-09-19T00:22:32.5343572Z Receiving objects:  91% (7213/7926), 15.93 MiB | 31.91 MiB/s
2023-09-19T00:22:32.5353533Z Receiving objects:  92% (7292/7926), 15.93 MiB | 31.91 MiB/s
2023-09-19T00:22:32.5358662Z Receiving objects:  93% (7372/7926), 15.93 MiB | 31.91 MiB/s
2023-09-19T00:22:32.5433989Z Receiving objects:  94% (7451/7926), 15.93 MiB | 31.91 MiB/s
2023-09-19T00:22:32.5559793Z Receiving objects:  95% (7530/7926), 15.93 MiB | 31.91 MiB/s
2023-09-19T00:22:32.5795591Z Receiving objects:  96% (7609/7926), 15.93 MiB | 31.91 MiB/s
2023-09-19T00:22:32.5804637Z Receiving objects:  97% (7689/7926), 15.93 MiB | 31.91 MiB/s
2023-09-19T00:22:32.5882521Z Receiving objects:  98% (7768/7926), 15.93 MiB | 31.91 MiB/s
2023-09-19T00:22:32.6047038Z Receiving objects:  99% (7847/7926), 15.93 MiB | 31.91 MiB/s
2023-09-19T00:22:32.6048058Z remote: Total 7926 (delta 4615), reused 7608 (delta 4507), pack-reused 0        
2023-09-19T00:22:32.6059105Z Receiving objects: 100% (7926/7926), 15.93 MiB | 31.91 MiB/s
2023-09-19T00:22:32.6059711Z Receiving objects: 100% (7926/7926), 37.16 MiB | 39.23 MiB/s, done.
2023-09-19T00:22:32.6146912Z Resolving deltas:   0% (0/4615)
2023-09-19T00:22:32.6261723Z Resolving deltas:   1% (47/4615)
2023-09-19T00:22:32.6387395Z Resolving deltas:   2% (93/4615)
2023-09-19T00:22:32.6492209Z Resolving deltas:   3% (139/4615)
2023-09-19T00:22:32.6595288Z Resolving deltas:   4% (185/4615)
2023-09-19T00:22:32.6676721Z Resolving deltas:   5% (231/4615)
2023-09-19T00:22:32.6685364Z Resolving deltas:   6% (277/4615)
2023-09-19T00:22:32.6693265Z Resolving deltas:   7% (324/4615)
2023-09-19T00:22:32.6701604Z Resolving deltas:   8% (370/4615)
2023-09-19T00:22:32.6708669Z Resolving deltas:   9% (416/4615)
2023-09-19T00:22:32.6716515Z Resolving deltas:  10% (462/4615)
2023-09-19T00:22:32.6725943Z Resolving deltas:  11% (508/4615)
2023-09-19T00:22:32.6727868Z Resolving deltas:  12% (554/4615)
2023-09-19T00:22:32.6795769Z Resolving deltas:  13% (600/4615)
2023-09-19T00:22:32.6939464Z Resolving deltas:  14% (647/4615)
2023-09-19T00:22:32.7131532Z Resolving deltas:  15% (693/4615)
2023-09-19T00:22:32.7303683Z Resolving deltas:  16% (739/4615)
2023-09-19T00:22:32.7435436Z Resolving deltas:  17% (785/4615)
2023-09-19T00:22:32.7682988Z Resolving deltas:  18% (831/4615)
2023-09-19T00:22:32.7980022Z Resolving deltas:  19% (877/4615)
2023-09-19T00:22:32.8077522Z Resolving deltas:  20% (923/4615)
2023-09-19T00:22:32.8323293Z Resolving deltas:  21% (970/4615)
2023-09-19T00:22:32.8422490Z Resolving deltas:  22% (1016/4615)
2023-09-19T00:22:32.8525484Z Resolving deltas:  23% (1062/4615)
2023-09-19T00:22:32.8626861Z Resolving deltas:  24% (1108/4615)
2023-09-19T00:22:32.8645239Z Resolving deltas:  25% (1154/4615)
2023-09-19T00:22:32.8654012Z Resolving deltas:  26% (1200/4615)
2023-09-19T00:22:32.8656519Z Resolving deltas:  27% (1247/4615)
2023-09-19T00:22:32.8691871Z Resolving deltas:  28% (1293/4615)
2023-09-19T00:22:32.8779719Z Resolving deltas:  29% (1339/4615)
2023-09-19T00:22:32.8799868Z Resolving deltas:  30% (1385/4615)
2023-09-19T00:22:32.8802763Z Resolving deltas:  31% (1431/4615)
2023-09-19T00:22:32.8812912Z Resolving deltas:  32% (1477/4615)
2023-09-19T00:22:32.8823949Z Resolving deltas:  33% (1523/4615)
2023-09-19T00:22:32.8830231Z Resolving deltas:  34% (1570/4615)
2023-09-19T00:22:32.8848922Z Resolving deltas:  35% (1616/4615)
2023-09-19T00:22:32.8869932Z Resolving deltas:  36% (1662/4615)
2023-09-19T00:22:32.8892845Z Resolving deltas:  37% (1708/4615)
2023-09-19T00:22:32.8904736Z Resolving deltas:  38% (1754/4615)
2023-09-19T00:22:32.8909865Z Resolving deltas:  39% (1800/4615)
2023-09-19T00:22:32.8912136Z Resolving deltas:  40% (1846/4615)
2023-09-19T00:22:32.8914272Z Resolving deltas:  41% (1893/4615)
2023-09-19T00:22:32.8917094Z Resolving deltas:  42% (1939/4615)
2023-09-19T00:22:32.8943641Z Resolving deltas:  43% (1985/4615)
2023-09-19T00:22:32.8978246Z Resolving deltas:  44% (2031/4615)
2023-09-19T00:22:32.9008453Z Resolving deltas:  45% (2077/4615)
2023-09-19T00:22:32.9038745Z Resolving deltas:  46% (2123/4615)
2023-09-19T00:22:32.9075157Z Resolving deltas:  47% (2170/4615)
2023-09-19T00:22:32.9116225Z Resolving deltas:  48% (2216/4615)
2023-09-19T00:22:32.9146343Z Resolving deltas:  49% (2262/4615)
2023-09-19T00:22:32.9147213Z Resolving deltas:  50% (2308/4615)
2023-09-19T00:22:32.9206312Z Resolving deltas:  51% (2354/4615)
2023-09-19T00:22:32.9317109Z Resolving deltas:  52% (2400/4615)
2023-09-19T00:22:32.9427741Z Resolving deltas:  53% (2446/4615)
2023-09-19T00:22:32.9685499Z Resolving deltas:  54% (2493/4615)
2023-09-19T00:22:32.9892030Z Resolving deltas:  55% (2539/4615)
2023-09-19T00:22:33.0164406Z Resolving deltas:  56% (2585/4615)
2023-09-19T00:22:33.0440894Z Resolving deltas:  57% (2631/4615)
2023-09-19T00:22:33.0773309Z Resolving deltas:  58% (2677/4615)
2023-09-19T00:22:33.0841626Z Resolving deltas:  59% (2723/4615)
2023-09-19T00:22:33.0972393Z Resolving deltas:  60% (2769/4615)
2023-09-19T00:22:33.0987399Z Resolving deltas:  61% (2816/4615)
2023-09-19T00:22:33.1111778Z Resolving deltas:  62% (2862/4615)
2023-09-19T00:22:33.1128634Z Resolving deltas:  63% (2908/4615)
2023-09-19T00:22:33.1190013Z Resolving deltas:  64% (2954/4615)
2023-09-19T00:22:33.1432993Z Resolving deltas:  65% (3000/4615)
2023-09-19T00:22:33.1632105Z Resolving deltas:  66% (3046/4615)
2023-09-19T00:22:33.1870983Z Resolving deltas:  67% (3093/4615)
2023-09-19T00:22:33.1988687Z Resolving deltas:  68% (3139/4615)
2023-09-19T00:22:33.2003601Z Resolving deltas:  69% (3185/4615)
2023-09-19T00:22:33.2019511Z Resolving deltas:  70% (3231/4615)
2023-09-19T00:22:33.2037532Z Resolving deltas:  71% (3277/4615)
2023-09-19T00:22:33.2039229Z Resolving deltas:  72% (3323/4615)
2023-09-19T00:22:33.2049369Z Resolving deltas:  73% (3369/4615)
2023-09-19T00:22:33.2053342Z Resolving deltas:  74% (3416/4615)
2023-09-19T00:22:33.2060486Z Resolving deltas:  75% (3462/4615)
2023-09-19T00:22:33.2068837Z Resolving deltas:  76% (3508/4615)
2023-09-19T00:22:33.2077426Z Resolving deltas:  77% (3554/4615)
2023-09-19T00:22:33.2092632Z Resolving deltas:  78% (3600/4615)
2023-09-19T00:22:33.2105595Z Resolving deltas:  79% (3646/4615)
2023-09-19T00:22:33.2127603Z Resolving deltas:  80% (3692/4615)
2023-09-19T00:22:33.2257939Z Resolving deltas:  81% (3739/4615)
2023-09-19T00:22:33.2495754Z Resolving deltas:  82% (3785/4615)
2023-09-19T00:22:33.2618990Z Resolving deltas:  83% (3831/4615)
2023-09-19T00:22:33.2644780Z Resolving deltas:  84% (3877/4615)
2023-09-19T00:22:33.2721324Z Resolving deltas:  85% (3923/4615)
2023-09-19T00:22:33.2773768Z Resolving deltas:  86% (3969/4615)
2023-09-19T00:22:33.2822167Z Resolving deltas:  87% (4016/4615)
2023-09-19T00:22:33.2867470Z Resolving deltas:  88% (4062/4615)
2023-09-19T00:22:33.2925040Z Resolving deltas:  89% (4108/4615)
2023-09-19T00:22:33.3022136Z Resolving deltas:  90% (4154/4615)
2023-09-19T00:22:33.3126148Z Resolving deltas:  91% (4200/4615)
2023-09-19T00:22:33.3231895Z Resolving deltas:  92% (4246/4615)
2023-09-19T00:22:33.3293006Z Resolving deltas:  93% (4292/4615)
2023-09-19T00:22:33.3336184Z Resolving deltas:  94% (4339/4615)
2023-09-19T00:22:33.3383106Z Resolving deltas:  95% (4385/4615)
2023-09-19T00:22:33.3427803Z Resolving deltas:  96% (4431/4615)
2023-09-19T00:22:33.3484043Z Resolving deltas:  97% (4477/4615)
2023-09-19T00:22:33.3578194Z Resolving deltas:  98% (4523/4615)
2023-09-19T00:22:33.3651970Z Resolving deltas:  99% (4569/4615)
2023-09-19T00:22:33.3652355Z Resolving deltas: 100% (4615/4615)
2023-09-19T00:22:33.3653099Z Resolving deltas: 100% (4615/4615), done.
2023-09-19T00:22:33.4399207Z From https://github.com/seanpm2001/GitHub_Stats_A
2023-09-19T00:22:33.4400344Z  * [new ref]         e259dfe361838f5b1a7320b51e9b792d3aa1c85d -> origin/master
2023-09-19T00:22:33.4429710Z ##[endgroup]
2023-09-19T00:22:33.4430608Z ##[group]Determining the checkout info
2023-09-19T00:22:33.4431252Z ##[endgroup]
2023-09-19T00:22:33.4431868Z ##[group]Checking out the ref
2023-09-19T00:22:33.4434625Z [command]/usr/bin/git checkout --progress --force -B master refs/remotes/origin/master
2023-09-19T00:22:34.4611771Z Updating files:  77% (6388/8221)
2023-09-19T00:22:34.4756497Z Updating files:  78% (6413/8221)
2023-09-19T00:22:34.4780017Z Updating files:  79% (6495/8221)
2023-09-19T00:22:34.4890537Z Updating files:  80% (6577/8221)
2023-09-19T00:22:34.5018747Z Updating files:  81% (6660/8221)
2023-09-19T00:22:34.5047731Z Updating files:  82% (6742/8221)
2023-09-19T00:22:34.5091143Z Updating files:  83% (6824/8221)
2023-09-19T00:22:34.5147174Z Updating files:  84% (6906/8221)
2023-09-19T00:22:34.5203738Z Updating files:  85% (6988/8221)
2023-09-19T00:22:34.5275065Z Updating files:  86% (7071/8221)
2023-09-19T00:22:34.5351287Z Updating files:  87% (7153/8221)
2023-09-19T00:22:34.5410374Z Updating files:  88% (7235/8221)
2023-09-19T00:22:34.5549680Z Updating files:  89% (7317/8221)
2023-09-19T00:22:34.5671614Z Updating files:  90% (7399/8221)
2023-09-19T00:22:34.5813119Z Updating files:  91% (7482/8221)
2023-09-19T00:22:34.5979730Z Updating files:  92% (7564/8221)
2023-09-19T00:22:34.6180424Z Updating files:  93% (7646/8221)
2023-09-19T00:22:34.6235737Z Updating files:  94% (7728/8221)
2023-09-19T00:22:34.6303947Z Updating files:  95% (7810/8221)
2023-09-19T00:22:34.6390532Z Updating files:  96% (7893/8221)
2023-09-19T00:22:34.6485317Z Updating files:  97% (7975/8221)
2023-09-19T00:22:34.6621637Z Updating files:  98% (8057/8221)
2023-09-19T00:22:34.6718326Z Updating files:  99% (8139/8221)
2023-09-19T00:22:34.6718895Z Updating files: 100% (8221/8221)
2023-09-19T00:22:34.6720392Z Updating files: 100% (8221/8221), done.
2023-09-19T00:22:34.6868345Z Reset branch 'master'
2023-09-19T00:22:34.6875343Z branch 'master' set up to track 'origin/master'.
2023-09-19T00:22:34.6932006Z ##[endgroup]
2023-09-19T00:22:34.6981158Z [command]/usr/bin/git log -1 --format='%H'
2023-09-19T00:22:34.7015254Z 'e259dfe361838f5b1a7320b51e9b792d3aa1c85d'
2023-09-19T00:22:34.7378682Z ##[group]Run actions/setup-python@v4
2023-09-19T00:22:34.7379056Z with:
2023-09-19T00:22:34.7379457Z   python-version: 3.8
2023-09-19T00:22:34.7379744Z   architecture: x64
2023-09-19T00:22:34.7380048Z   cache: pip
2023-09-19T00:22:34.7380366Z   check-latest: false
2023-09-19T00:22:34.7381011Z   token: ***
2023-09-19T00:22:34.7381280Z   update-environment: true
2023-09-19T00:22:34.7381625Z   allow-prereleases: false
2023-09-19T00:22:34.7381949Z ##[endgroup]
2023-09-19T00:22:34.9213540Z ##[group]Installed versions
2023-09-19T00:22:34.9303825Z Successfully set up CPython (3.8.18)
2023-09-19T00:22:34.9305080Z ##[endgroup]
2023-09-19T00:22:35.7965662Z [command]/opt/hostedtoolcache/Python/3.8.18/x64/bin/pip cache dir
2023-09-19T00:22:36.2552333Z /home/runner/.cache/pip
2023-09-19T00:22:37.3351263Z Received 6245959 of 6245959 (100.0%), 9.2 MBs/sec
2023-09-19T00:22:37.3353011Z Cache Size: ~6 MB (6245959 B)
2023-09-19T00:22:37.3382259Z [command]/usr/bin/tar -xf /home/runner/work/_temp/aaead529-442d-4865-ade4-a3ef4d42e965/cache.tzst -P -C /home/runner/work/GitHub_Stats_A/GitHub_Stats_A --use-compress-program unzstd
2023-09-19T00:22:37.3642479Z Cache restored successfully
2023-09-19T00:22:37.3660655Z Cache restored from key: setup-python-Linux-22.04-Ubuntu-python-3.8.18-pip-60f2a6c0212a9b74a155cd81b58dd07fd8b180833132566260d95f4de42fe218
2023-09-19T00:22:37.3901916Z ##[group]Run python3 -m pip install --upgrade pip setuptools wheel
2023-09-19T00:22:37.3902433Z [36;1mpython3 -m pip install --upgrade pip setuptools wheel[0m
2023-09-19T00:22:37.3902817Z [36;1mpython3 -m pip install -r requirements.txt[0m
2023-09-19T00:22:37.3970702Z shell: /usr/bin/bash -e {0}
2023-09-19T00:22:37.3971256Z env:
2023-09-19T00:22:37.3971572Z   pythonLocation: /opt/hostedtoolcache/Python/3.8.18/x64
2023-09-19T00:22:37.3971980Z   PKG_CONFIG_PATH: /opt/hostedtoolcache/Python/3.8.18/x64/lib/pkgconfig
2023-09-19T00:22:37.3972368Z   Python_ROOT_DIR: /opt/hostedtoolcache/Python/3.8.18/x64
2023-09-19T00:22:37.3972737Z   Python2_ROOT_DIR: /opt/hostedtoolcache/Python/3.8.18/x64
2023-09-19T00:22:37.3973099Z   Python3_ROOT_DIR: /opt/hostedtoolcache/Python/3.8.18/x64
2023-09-19T00:22:37.3973463Z   LD_LIBRARY_PATH: /opt/hostedtoolcache/Python/3.8.18/x64/lib
2023-09-19T00:22:37.3973753Z ##[endgroup]
2023-09-19T00:22:38.1167304Z Requirement already satisfied: pip in /opt/hostedtoolcache/Python/3.8.18/x64/lib/python3.8/site-packages (23.0.1)
2023-09-19T00:22:38.3234973Z Collecting pip
2023-09-19T00:22:38.3236801Z   Obtaining dependency information for pip from https://files.pythonhosted.org/packages/50/c2/e06851e8cc28dcad7c155f4753da8833ac06a5c704c109313b8d5a62968a/pip-23.2.1-py3-none-any.whl.metadata
2023-09-19T00:22:38.3286878Z   Using cached pip-23.2.1-py3-none-any.whl.metadata (4.2 kB)
2023-09-19T00:22:38.3287557Z Requirement already satisfied: setuptools in /opt/hostedtoolcache/Python/3.8.18/x64/lib/python3.8/site-packages (56.0.0)
2023-09-19T00:22:38.6780328Z Collecting setuptools
2023-09-19T00:22:38.6785005Z   Obtaining dependency information for setuptools from https://files.pythonhosted.org/packages/bb/26/7945080113158354380a12ce26873dd6c1ebd88d47f5bc24e2c5bb38c16a/setuptools-68.2.2-py3-none-any.whl.metadata
2023-09-19T00:22:38.7772430Z   Downloading setuptools-68.2.2-py3-none-any.whl.metadata (6.3 kB)
2023-09-19T00:22:38.8442304Z Collecting wheel
2023-09-19T00:22:38.8451296Z   Obtaining dependency information for wheel from https://files.pythonhosted.org/packages/b8/8b/31273bf66016be6ad22bb7345c37ff350276cfd46e389a0c2ac5da9d9073/wheel-0.41.2-py3-none-any.whl.metadata
2023-09-19T00:22:38.8483075Z   Using cached wheel-0.41.2-py3-none-any.whl.metadata (2.2 kB)
2023-09-19T00:22:38.9136671Z Using cached pip-23.2.1-py3-none-any.whl (2.1 MB)
2023-09-19T00:22:38.9280970Z Downloading setuptools-68.2.2-py3-none-any.whl (807 kB)
2023-09-19T00:22:39.0957431Z    ━━━━━━━━━━━━━━━━━━━━━━━━━━━━━━━━━━━━━━━━ 807.9/807.9 kB 5.1 MB/s eta 0:00:00
2023-09-19T00:22:39.0996220Z Using cached wheel-0.41.2-py3-none-any.whl (64 kB)
2023-09-19T00:22:39.2370793Z Installing collected packages: wheel, setuptools, pip
2023-09-19T00:22:39.2855114Z   Attempting uninstall: setuptools
2023-09-19T00:22:39.2863528Z     Found existing installation: setuptools 56.0.0
2023-09-19T00:22:39.3041522Z     Uninstalling setuptools-56.0.0:
2023-09-19T00:22:39.3149230Z       Successfully uninstalled setuptools-56.0.0
2023-09-19T00:22:39.7878384Z   Attempting uninstall: pip
2023-09-19T00:22:39.7886285Z     Found existing installation: pip 23.0.1
2023-09-19T00:22:39.8675501Z     Uninstalling pip-23.0.1:
2023-09-19T00:22:39.9178551Z       Successfully uninstalled pip-23.0.1
2023-09-19T00:22:41.1355156Z Successfully installed pip-23.2.1 setuptools-68.2.2 wheel-0.41.2
2023-09-19T00:22:42.2014112Z Collecting requests (from -r requirements.txt (line 1))
2023-09-19T00:22:42.2035212Z   Obtaining dependency information for requests from https://files.pythonhosted.org/packages/70/8e/0e2d847013cb52cd35b38c009bb167a1a26b2ce6cd6965bf26b47bc0bf44/requests-2.31.0-py3-none-any.whl.metadata
2023-09-19T00:22:42.2040556Z   Using cached requests-2.31.0-py3-none-any.whl.metadata (4.6 kB)
2023-09-19T00:22:42.7047223Z Collecting aiohttp (from -r requirements.txt (line 2))
2023-09-19T00:22:42.7070082Z   Obtaining dependency information for aiohttp from https://files.pythonhosted.org/packages/84/22/20c41a698eb5435ff7cd3bc6884542d2a40f3c91a221f713d77217facc39/aiohttp-3.8.5-cp38-cp38-manylinux_2_17_x86_64.manylinux2014_x86_64.whl.metadata
2023-09-19T00:22:42.7074795Z   Using cached aiohttp-3.8.5-cp38-cp38-manylinux_2_17_x86_64.manylinux2014_x86_64.whl.metadata (7.7 kB)
2023-09-19T00:22:42.8544578Z Collecting charset-normalizer<4,>=2 (from requests->-r requirements.txt (line 1))
2023-09-19T00:22:42.8547555Z   Obtaining dependency information for charset-normalizer<4,>=2 from https://files.pythonhosted.org/packages/cb/e7/5e43745003bf1f90668c7be23fc5952b3a2b9c2558f16749411c18039b36/charset_normalizer-3.2.0-cp38-cp38-manylinux_2_17_x86_64.manylinux2014_x86_64.whl.metadata
2023-09-19T00:22:42.8575240Z   Using cached charset_normalizer-3.2.0-cp38-cp38-manylinux_2_17_x86_64.manylinux2014_x86_64.whl.metadata (31 kB)
2023-09-19T00:22:42.8894157Z Collecting idna<4,>=2.5 (from requests->-r requirements.txt (line 1))
2023-09-19T00:22:42.8923183Z   Using cached idna-3.4-py3-none-any.whl (61 kB)
2023-09-19T00:22:42.9635612Z Collecting urllib3<3,>=1.21.1 (from requests->-r requirements.txt (line 1))
2023-09-19T00:22:42.9637406Z   Obtaining dependency information for urllib3<3,>=1.21.1 from https://files.pythonhosted.org/packages/9b/81/62fd61001fa4b9d0df6e31d47ff49cfa9de4af03adecf339c7bc30656b37/urllib3-2.0.4-py3-none-any.whl.metadata
2023-09-19T00:22:42.9663432Z   Using cached urllib3-2.0.4-py3-none-any.whl.metadata (6.6 kB)
2023-09-19T00:22:43.0071145Z Collecting certifi>=2017.4.17 (from requests->-r requirements.txt (line 1))
2023-09-19T00:22:43.0072994Z   Obtaining dependency information for certifi>=2017.4.17 from https://files.pythonhosted.org/packages/4c/dd/2234eab22353ffc7d94e8d13177aaa050113286e93e7b40eae01fbf7c3d9/certifi-2023.7.22-py3-none-any.whl.metadata
2023-09-19T00:22:43.0100300Z   Using cached certifi-2023.7.22-py3-none-any.whl.metadata (2.2 kB)
2023-09-19T00:22:43.0619128Z Collecting attrs>=17.3.0 (from aiohttp->-r requirements.txt (line 2))
2023-09-19T00:22:43.0645446Z   Using cached attrs-23.1.0-py3-none-any.whl (61 kB)
2023-09-19T00:22:43.5202892Z Collecting multidict<7.0,>=4.5 (from aiohttp->-r requirements.txt (line 2))
2023-09-19T00:22:43.5232051Z   Using cached multidict-6.0.4-cp38-cp38-manylinux_2_17_x86_64.manylinux2014_x86_64.whl (121 kB)
2023-09-19T00:22:43.5561668Z Collecting async-timeout<5.0,>=4.0.0a3 (from aiohttp->-r requirements.txt (line 2))
2023-09-19T00:22:43.5563623Z   Obtaining dependency information for async-timeout<5.0,>=4.0.0a3 from https://files.pythonhosted.org/packages/a7/fa/e01228c2938de91d47b307831c62ab9e4001e747789d0b05baf779a6488c/async_timeout-4.0.3-py3-none-any.whl.metadata
2023-09-19T00:22:43.5591012Z   Using cached async_timeout-4.0.3-py3-none-any.whl.metadata (4.2 kB)
2023-09-19T00:22:43.8400683Z Collecting yarl<2.0,>=1.0 (from aiohttp->-r requirements.txt (line 2))
2023-09-19T00:22:43.8429026Z   Using cached yarl-1.9.2-cp38-cp38-manylinux_2_17_x86_64.manylinux2014_x86_64.whl (266 kB)
2023-09-19T00:22:43.9678591Z Collecting frozenlist>=1.1.1 (from aiohttp->-r requirements.txt (line 2))
2023-09-19T00:22:43.9680632Z   Obtaining dependency information for frozenlist>=1.1.1 from https://files.pythonhosted.org/packages/0b/36/c276486f89bee9098332710af2207344f360c6c6f104a4931a7566039b1d/frozenlist-1.4.0-cp38-cp38-manylinux_2_5_x86_64.manylinux1_x86_64.manylinux_2_17_x86_64.manylinux2014_x86_64.whl.metadata
2023-09-19T00:22:43.9706795Z   Using cached frozenlist-1.4.0-cp38-cp38-manylinux_2_5_x86_64.manylinux1_x86_64.manylinux_2_17_x86_64.manylinux2014_x86_64.whl.metadata (5.2 kB)
2023-09-19T00:22:44.0017774Z Collecting aiosignal>=1.1.2 (from aiohttp->-r requirements.txt (line 2))
2023-09-19T00:22:44.0041225Z   Using cached aiosignal-1.3.1-py3-none-any.whl (7.6 kB)
2023-09-19T00:22:44.1163656Z Using cached requests-2.31.0-py3-none-any.whl (62 kB)
2023-09-19T00:22:44.1218635Z Using cached aiohttp-3.8.5-cp38-cp38-manylinux_2_17_x86_64.manylinux2014_x86_64.whl (1.1 MB)
2023-09-19T00:22:44.1262375Z Using cached async_timeout-4.0.3-py3-none-any.whl (5.7 kB)
2023-09-19T00:22:44.1289354Z Using cached certifi-2023.7.22-py3-none-any.whl (158 kB)
2023-09-19T00:22:44.1317416Z Using cached charset_normalizer-3.2.0-cp38-cp38-manylinux_2_17_x86_64.manylinux2014_x86_64.whl (199 kB)
2023-09-19T00:22:44.1343738Z Using cached frozenlist-1.4.0-cp38-cp38-manylinux_2_5_x86_64.manylinux1_x86_64.manylinux_2_17_x86_64.manylinux2014_x86_64.whl (220 kB)
2023-09-19T00:22:44.1370423Z Using cached urllib3-2.0.4-py3-none-any.whl (123 kB)
2023-09-19T00:22:44.2731346Z Installing collected packages: urllib3, multidict, idna, frozenlist, charset-normalizer, certifi, attrs, async-timeout, yarl, requests, aiosignal, aiohttp
2023-09-19T00:22:45.7656959Z Successfully installed aiohttp-3.8.5 aiosignal-1.3.1 async-timeout-4.0.3 attrs-23.1.0 certifi-2023.7.22 charset-normalizer-3.2.0 frozenlist-1.4.0 idna-3.4 multidict-6.0.4 requests-2.31.0 urllib3-2.0.4 yarl-1.9.2
2023-09-19T00:22:45.9816250Z ##[group]Run python3 --version
2023-09-19T00:22:45.9816566Z [36;1mpython3 --version[0m
2023-09-19T00:22:45.9816853Z [36;1mpython3 generate_images.py[0m
2023-09-19T00:22:45.9878705Z shell: /usr/bin/bash -e {0}
2023-09-19T00:22:45.9878965Z env:
2023-09-19T00:22:45.9879261Z   pythonLocation: /opt/hostedtoolcache/Python/3.8.18/x64
2023-09-19T00:22:45.9879669Z   PKG_CONFIG_PATH: /opt/hostedtoolcache/Python/3.8.18/x64/lib/pkgconfig
2023-09-19T00:22:45.9880064Z   Python_ROOT_DIR: /opt/hostedtoolcache/Python/3.8.18/x64
2023-09-19T00:22:45.9880453Z   Python2_ROOT_DIR: /opt/hostedtoolcache/Python/3.8.18/x64
2023-09-19T00:22:45.9880816Z   Python3_ROOT_DIR: /opt/hostedtoolcache/Python/3.8.18/x64
2023-09-19T00:22:45.9881181Z   LD_LIBRARY_PATH: /opt/hostedtoolcache/Python/3.8.18/x64/lib
2023-09-19T00:22:45.9881800Z   ACCESS_TOKEN: ***
2023-09-19T00:22:45.9882167Z   GITHUB_TOKEN: ***
2023-09-19T00:22:45.9882401Z   EXCLUDED: 
2023-09-19T00:22:45.9882633Z   EXCLUDED_LANGS: 
2023-09-19T00:22:45.9882930Z   EXCLUDE_FORKED_REPOS: true
2023-09-19T00:22:45.9883184Z ##[endgroup]
2023-09-19T00:22:45.9986692Z Python 3.8.18
2023-09-19T00:32:18.6879974Z A path returned 202. Retrying...
2023-09-19T00:32:18.6880398Z A path returned 202. Retrying...
2023-09-19T00:32:18.6880880Z A path returned 202. Retrying...
2023-09-19T00:32:18.6881192Z A path returned 202. Retrying...
2023-09-19T00:32:18.6881517Z A path returned 202. Retrying...
2023-09-19T00:32:18.6881842Z A path returned 202. Retrying...
2023-09-19T00:32:18.6882169Z A path returned 202. Retrying...
2023-09-19T00:32:18.6882536Z A path returned 202. Retrying...
2023-09-19T00:32:18.6882856Z A path returned 202. Retrying...
2023-09-19T00:32:18.6883178Z A path returned 202. Retrying...
2023-09-19T00:32:18.6883484Z A path returned 202. Retrying...
2023-09-19T00:32:18.6883810Z A path returned 202. Retrying...
2023-09-19T00:32:18.6884135Z A path returned 202. Retrying...
2023-09-19T00:32:18.6884461Z A path returned 202. Retrying...
2023-09-19T00:32:18.6884802Z A path returned 202. Retrying...
2023-09-19T00:32:18.6885126Z A path returned 202. Retrying...
2023-09-19T00:32:18.6885449Z A path returned 202. Retrying...
2023-09-19T00:32:18.6885770Z A path returned 202. Retrying...
2023-09-19T00:32:18.6886076Z A path returned 202. Retrying...
2023-09-19T00:32:18.6886393Z A path returned 202. Retrying...
2023-09-19T00:32:18.6886712Z A path returned 202. Retrying...
2023-09-19T00:32:18.6887038Z A path returned 202. Retrying...
2023-09-19T00:32:18.6887357Z A path returned 202. Retrying...
2023-09-19T00:32:18.6887684Z A path returned 202. Retrying...
2023-09-19T00:32:18.6888006Z A path returned 202. Retrying...
2023-09-19T00:32:18.6888336Z A path returned 202. Retrying...
2023-09-19T00:32:18.6888643Z A path returned 202. Retrying...
2023-09-19T00:32:18.6888961Z A path returned 202. Retrying...
2023-09-19T00:32:18.6889280Z A path returned 202. Retrying...
2023-09-19T00:32:18.6889608Z A path returned 202. Retrying...
2023-09-19T00:32:18.6889926Z A path returned 202. Retrying...
2023-09-19T00:32:18.6890254Z A path returned 202. Retrying...
2023-09-19T00:32:18.6890576Z A path returned 202. Retrying...
2023-09-19T00:32:18.6890879Z A path returned 202. Retrying...
2023-09-19T00:32:18.6891205Z A path returned 202. Retrying...
2023-09-19T00:32:18.6891519Z A path returned 202. Retrying...
2023-09-19T00:32:18.6891838Z A path returned 202. Retrying...
2023-09-19T00:32:18.6892253Z A path returned 202. Retrying...
2023-09-19T00:32:18.6892539Z A path returned 202. Retrying...
2023-09-19T00:32:18.6892817Z A path returned 202. Retrying...
2023-09-19T00:32:18.6893604Z A path returned 202. Retrying...
2023-09-19T00:32:18.6893870Z A path returned 202. Retrying...
2023-09-19T00:32:18.6894156Z A path returned 202. Retrying...
2023-09-19T00:32:18.6894437Z A path returned 202. Retrying...
2023-09-19T00:32:18.6894716Z A path returned 202. Retrying...
2023-09-19T00:32:18.6894998Z A path returned 202. Retrying...
2023-09-19T00:32:18.6895275Z A path returned 202. Retrying...
2023-09-19T00:32:18.6895819Z A path returned 202. Retrying...
2023-09-19T00:32:18.6896105Z A path returned 202. Retrying...
2023-09-19T00:32:18.6896371Z A path returned 202. Retrying...
2023-09-19T00:32:18.6896653Z A path returned 202. Retrying...
2023-09-19T00:32:18.6896935Z A path returned 202. Retrying...
2023-09-19T00:32:18.6897460Z A path returned 202. Retrying...
2023-09-19T00:32:18.6897745Z A path returned 202. Retrying...
2023-09-19T00:32:18.6898025Z A path returned 202. Retrying...
2023-09-19T00:32:18.6898304Z A path returned 202. Retrying...
2023-09-19T00:32:18.6898577Z A path returned 202. Retrying...
2023-09-19T00:32:18.6898857Z A path returned 202. Retrying...
2023-09-19T00:32:18.6899136Z A path returned 202. Retrying...
2023-09-19T00:32:18.6899414Z A path returned 202. Retrying...
2023-09-19T00:32:18.6899692Z A path returned 202. Retrying...
2023-09-19T00:32:18.6899971Z A path returned 202. Retrying...
2023-09-19T00:32:18.6900250Z A path returned 202. Retrying...
2023-09-19T00:32:18.6900530Z A path returned 202. Retrying...
2023-09-19T00:32:18.6900800Z A path returned 202. Retrying...
2023-09-19T00:32:18.6901077Z A path returned 202. Retrying...
2023-09-19T00:32:18.6901357Z A path returned 202. Retrying...
2023-09-19T00:32:18.6901634Z A path returned 202. Retrying...
2023-09-19T00:32:18.6901920Z A path returned 202. Retrying...
2023-09-19T00:32:18.6902198Z A path returned 202. Retrying...
2023-09-19T00:32:18.6902483Z A path returned 202. Retrying...
2023-09-19T00:32:18.6902761Z A path returned 202. Retrying...
2023-09-19T00:32:18.6903026Z A path returned 202. Retrying...
2023-09-19T00:32:18.6903310Z A path returned 202. Retrying...
2023-09-19T00:32:18.6903591Z A path returned 202. Retrying...
2023-09-19T00:32:18.6903873Z A path returned 202. Retrying...
2023-09-19T00:32:18.6904152Z A path returned 202. Retrying...
2023-09-19T00:32:18.6904431Z A path returned 202. Retrying...
2023-09-19T00:32:18.6904717Z A path returned 202. Retrying...
2023-09-19T00:32:18.6904981Z A path returned 202. Retrying...
2023-09-19T00:32:18.6905264Z A path returned 202. Retrying...
2023-09-19T00:32:18.6905541Z A path returned 202. Retrying...
2023-09-19T00:32:18.6905819Z A path returned 202. Retrying...
2023-09-19T00:32:18.6906095Z A path returned 202. Retrying...
2023-09-19T00:32:18.6906379Z A path returned 202. Retrying...
2023-09-19T00:32:18.6906657Z A path returned 202. Retrying...
2023-09-19T00:32:18.6906941Z A path returned 202. Retrying...
2023-09-19T00:32:18.6907204Z A path returned 202. Retrying...
2023-09-19T00:32:18.6907486Z A path returned 202. Retrying...
2023-09-19T00:32:18.6907771Z A path returned 202. Retrying...
2023-09-19T00:32:18.6908051Z A path returned 202. Retrying...
2023-09-19T00:32:18.6908330Z A path returned 202. Retrying...
2023-09-19T00:32:18.6908608Z A path returned 202. Retrying...
2023-09-19T00:32:18.6908888Z A path returned 202. Retrying...
2023-09-19T00:32:18.6909169Z A path returned 202. Retrying...
2023-09-19T00:32:18.6909433Z A path returned 202. Retrying...
2023-09-19T00:32:18.6909723Z A path returned 202. Retrying...
2023-09-19T00:32:18.6910009Z A path returned 202. Retrying...
2023-09-19T00:32:18.6910287Z A path returned 202. Retrying...
2023-09-19T00:32:18.6910567Z A path returned 202. Retrying...
2023-09-19T00:32:18.6910854Z A path returned 202. Retrying...
2023-09-19T00:32:18.6911135Z A path returned 202. Retrying...
2023-09-19T00:32:18.6911400Z A path returned 202. Retrying...
2023-09-19T00:32:18.6911689Z A path returned 202. Retrying...
2023-09-19T00:32:18.6911969Z A path returned 202. Retrying...
2023-09-19T00:32:18.6912250Z A path returned 202. Retrying...
2023-09-19T00:32:18.6912708Z A path returned 202. Retrying...
2023-09-19T00:32:18.6912988Z A path returned 202. Retrying...
2023-09-19T00:32:18.6913265Z A path returned 202. Retrying...
2023-09-19T00:32:18.6913549Z A path returned 202. Retrying...
2023-09-19T00:32:18.6913812Z A path returned 202. Retrying...
2023-09-19T00:32:18.6914096Z A path returned 202. Retrying...
2023-09-19T00:32:18.6914378Z A path returned 202. Retrying...
2023-09-19T00:32:18.6914803Z A path returned 202. Retrying...
2023-09-19T00:32:18.6915123Z A path returned 202. Retrying...
2023-09-19T00:32:18.6915403Z A path returned 202. Retrying...
2023-09-19T00:32:18.6915682Z A path returned 202. Retrying...
2023-09-19T00:32:18.6915960Z A path returned 202. Retrying...
2023-09-19T00:32:18.6916226Z A path returned 202. Retrying...
2023-09-19T00:32:18.6916504Z A path returned 202. Retrying...
2023-09-19T00:32:18.6916796Z A path returned 202. Retrying...
2023-09-19T00:32:18.6917075Z A path returned 202. Retrying...
2023-09-19T00:32:18.6917364Z A path returned 202. Retrying...
2023-09-19T00:32:18.6917645Z A path returned 202. Retrying...
2023-09-19T00:32:18.6917931Z A path returned 202. Retrying...
2023-09-19T00:32:18.6918212Z A path returned 202. Retrying...
2023-09-19T00:32:18.6918479Z A path returned 202. Retrying...
2023-09-19T00:32:18.6918756Z A path returned 202. Retrying...
2023-09-19T00:32:18.6919037Z A path returned 202. Retrying...
2023-09-19T00:32:18.6919444Z A path returned 202. Retrying...
2023-09-19T00:32:18.6919716Z A path returned 202. Retrying...
2023-09-19T00:32:18.6919994Z A path returned 202. Retrying...
2023-09-19T00:32:18.6920274Z A path returned 202. Retrying...
2023-09-19T00:32:18.6920556Z A path returned 202. Retrying...
2023-09-19T00:32:18.6920841Z A path returned 202. Retrying...
2023-09-19T00:32:18.6921119Z A path returned 202. Retrying...
2023-09-19T00:32:18.6921400Z A path returned 202. Retrying...
2023-09-19T00:32:18.6921667Z A path returned 202. Retrying...
2023-09-19T00:32:18.6921950Z A path returned 202. Retrying...
2023-09-19T00:32:18.6922232Z A path returned 202. Retrying...
2023-09-19T00:32:18.6922511Z A path returned 202. Retrying...
2023-09-19T00:32:18.6922795Z A path returned 202. Retrying...
2023-09-19T00:32:18.6923073Z A path returned 202. Retrying...
2023-09-19T00:32:18.6923358Z A path returned 202. Retrying...
2023-09-19T00:32:18.6923640Z A path returned 202. Retrying...
2023-09-19T00:32:18.6923906Z A path returned 202. Retrying...
2023-09-19T00:32:18.6924191Z A path returned 202. Retrying...
2023-09-19T00:32:18.6924470Z A path returned 202. Retrying...
2023-09-19T00:32:18.6924747Z A path returned 202. Retrying...
2023-09-19T00:32:18.6925027Z A path returned 202. Retrying...
2023-09-19T00:32:18.6925305Z A path returned 202. Retrying...
2023-09-19T00:32:18.6925585Z A path returned 202. Retrying...
2023-09-19T00:32:18.6925863Z A path returned 202. Retrying...
2023-09-19T00:32:18.6926126Z A path returned 202. Retrying...
2023-09-19T00:32:18.6926405Z A path returned 202. Retrying...
2023-09-19T00:32:18.6926683Z A path returned 202. Retrying...
2023-09-19T00:32:18.6926967Z A path returned 202. Retrying...
2023-09-19T00:32:18.6927248Z A path returned 202. Retrying...
2023-09-19T00:32:18.6927531Z A path returned 202. Retrying...
2023-09-19T00:32:18.6927818Z A path returned 202. Retrying...
2023-09-19T00:32:18.6928083Z A path returned 202. Retrying...
2023-09-19T00:32:18.6928364Z A path returned 202. Retrying...
2023-09-19T00:32:18.6928654Z A path returned 202. Retrying...
2023-09-19T00:32:18.6928941Z A path returned 202. Retrying...
2023-09-19T00:32:18.6929223Z A path returned 202. Retrying...
2023-09-19T00:32:18.6929504Z A path returned 202. Retrying...
2023-09-19T00:32:18.6929783Z A path returned 202. Retrying...
2023-09-19T00:32:18.6930064Z A path returned 202. Retrying...
2023-09-19T00:32:18.6930328Z A path returned 202. Retrying...
2023-09-19T00:32:18.6930606Z A path returned 202. Retrying...
2023-09-19T00:32:18.6930885Z A path returned 202. Retrying...
2023-09-19T00:32:18.6931165Z A path returned 202. Retrying...
2023-09-19T00:32:18.6931594Z A path returned 202. Retrying...
2023-09-19T00:32:18.6931874Z A path returned 202. Retrying...
2023-09-19T00:32:18.6932156Z A path returned 202. Retrying...
2023-09-19T00:32:18.6932434Z A path returned 202. Retrying...
2023-09-19T00:32:18.6932700Z A path returned 202. Retrying...
2023-09-19T00:32:18.6932976Z A path returned 202. Retrying...
2023-09-19T00:32:18.6933254Z A path returned 202. Retrying...
2023-09-19T00:32:18.6933635Z A path returned 202. Retrying...
2023-09-19T00:32:18.6933918Z A path returned 202. Retrying...
2023-09-19T00:32:18.6934197Z A path returned 202. Retrying...
2023-09-19T00:32:18.6934476Z A path returned 202. Retrying...
2023-09-19T00:32:18.6934743Z A path returned 202. Retrying...
2023-09-19T00:32:18.6935023Z A path returned 202. Retrying...
2023-09-19T00:32:18.6935303Z A path returned 202. Retrying...
2023-09-19T00:32:18.6935593Z A path returned 202. Retrying...
2023-09-19T00:32:18.6935873Z A path returned 202. Retrying...
2023-09-19T00:32:18.6936158Z A path returned 202. Retrying...
2023-09-19T00:32:18.6936444Z A path returned 202. Retrying...
2023-09-19T00:32:18.6936722Z A path returned 202. Retrying...
2023-09-19T00:32:18.6936987Z A path returned 202. Retrying...
2023-09-19T00:32:18.6937456Z A path returned 202. Retrying...
2023-09-19T00:32:18.6937737Z A path returned 202. Retrying...
2023-09-19T00:32:18.6938014Z A path returned 202. Retrying...
2023-09-19T00:32:18.6938293Z A path returned 202. Retrying...
2023-09-19T00:32:18.6938581Z A path returned 202. Retrying...
2023-09-19T00:32:18.6938860Z A path returned 202. Retrying...
2023-09-19T00:32:18.6939140Z A path returned 202. Retrying...
2023-09-19T00:32:18.6939403Z A path returned 202. Retrying...
2023-09-19T00:32:18.6939680Z A path returned 202. Retrying...
2023-09-19T00:32:18.6939967Z A path returned 202. Retrying...
2023-09-19T00:32:18.6940248Z A path returned 202. Retrying...
2023-09-19T00:32:18.6940527Z A path returned 202. Retrying...
2023-09-19T00:32:18.6940810Z A path returned 202. Retrying...
2023-09-19T00:32:18.6941093Z A path returned 202. Retrying...
2023-09-19T00:32:18.6941362Z A path returned 202. Retrying...
2023-09-19T00:32:18.6941647Z A path returned 202. Retrying...
2023-09-19T00:32:18.6941924Z A path returned 202. Retrying...
2023-09-19T00:32:18.6942201Z A path returned 202. Retrying...
2023-09-19T00:32:18.6942479Z A path returned 202. Retrying...
2023-09-19T00:32:18.6942758Z A path returned 202. Retrying...
2023-09-19T00:32:18.6943043Z A path returned 202. Retrying...
2023-09-19T00:32:18.6943326Z A path returned 202. Retrying...
2023-09-19T00:32:18.6943591Z A path returned 202. Retrying...
2023-09-19T00:32:18.6943868Z A path returned 202. Retrying...
2023-09-19T00:32:18.6944150Z A path returned 202. Retrying...
2023-09-19T00:32:18.6944429Z A path returned 202. Retrying...
2023-09-19T00:32:18.6944706Z A path returned 202. Retrying...
2023-09-19T00:32:18.6944985Z A path returned 202. Retrying...
2023-09-19T00:32:18.6945264Z A path returned 202. Retrying...
2023-09-19T00:32:18.6945548Z A path returned 202. Retrying...
2023-09-19T00:32:18.6945818Z A path returned 202. Retrying...
2023-09-19T00:32:18.6946097Z A path returned 202. Retrying...
2023-09-19T00:32:18.6946378Z A path returned 202. Retrying...
2023-09-19T00:32:18.6946660Z A path returned 202. Retrying...
2023-09-19T00:32:18.6946941Z A path returned 202. Retrying...
2023-09-19T00:32:18.6947222Z A path returned 202. Retrying...
2023-09-19T00:32:18.6947503Z A path returned 202. Retrying...
2023-09-19T00:32:18.6947774Z A path returned 202. Retrying...
2023-09-19T00:32:18.6948057Z A path returned 202. Retrying...
2023-09-19T00:32:18.6948335Z A path returned 202. Retrying...
2023-09-19T00:32:18.6948614Z A path returned 202. Retrying...
2023-09-19T00:32:18.6948894Z A path returned 202. Retrying...
2023-09-19T00:32:18.6949172Z A path returned 202. Retrying...
2023-09-19T00:32:18.6949457Z A path returned 202. Retrying...
2023-09-19T00:32:18.6949746Z A path returned 202. Retrying...
2023-09-19T00:32:18.6950011Z A path returned 202. Retrying...
2023-09-19T00:32:18.6950456Z A path returned 202. Retrying...
2023-09-19T00:32:18.6950741Z A path returned 202. Retrying...
2023-09-19T00:32:18.6951020Z A path returned 202. Retrying...
2023-09-19T00:32:18.6951300Z A path returned 202. Retrying...
2023-09-19T00:32:18.6951580Z A path returned 202. Retrying...
2023-09-19T00:32:18.6951857Z A path returned 202. Retrying...
2023-09-19T00:32:18.6952137Z A path returned 202. Retrying...
2023-09-19T00:32:18.6952555Z A path returned 202. Retrying...
2023-09-19T00:32:18.6952840Z A path returned 202. Retrying...
2023-09-19T00:32:18.6953123Z A path returned 202. Retrying...
2023-09-19T00:41:15.0313963Z A path returned 202. Retrying...
2023-09-19T00:41:15.0314500Z A path returned 202. Retrying...
2023-09-19T00:41:15.0314826Z A path returned 202. Retrying...
2023-09-19T00:41:15.0315133Z A path returned 202. Retrying...
2023-09-19T00:41:15.0315452Z A path returned 202. Retrying...
2023-09-19T00:41:15.0315773Z A path returned 202. Retrying...
2023-09-19T00:41:15.0316090Z A path returned 202. Retrying...
2023-09-19T00:41:15.0316454Z A path returned 202. Retrying...
2023-09-19T00:41:15.0316767Z A path returned 202. Retrying...
2023-09-19T00:41:15.0317079Z A path returned 202. Retrying...
2023-09-19T00:41:15.0317399Z A path returned 202. Retrying...
2023-09-19T00:41:15.0317700Z A path returned 202. Retrying...
2023-09-19T00:41:15.0318015Z A path returned 202. Retrying...
2023-09-19T00:41:15.0318327Z A path returned 202. Retrying...
2023-09-19T00:41:15.0318661Z A path returned 202. Retrying...
2023-09-19T00:41:15.0318978Z A path returned 202. Retrying...
2023-09-19T00:41:15.0319289Z A path returned 202. Retrying...
2023-09-19T00:41:15.0319608Z A path returned 202. Retrying...
2023-09-19T00:41:15.0319908Z A path returned 202. Retrying...
2023-09-19T00:41:15.0320220Z A path returned 202. Retrying...
2023-09-19T00:41:15.0320528Z A path returned 202. Retrying...
2023-09-19T00:41:15.0320839Z A path returned 202. Retrying...
2023-09-19T00:41:15.0321151Z A path returned 202. Retrying...
2023-09-19T00:41:15.0321469Z A path returned 202. Retrying...
2023-09-19T00:41:15.0321777Z A path returned 202. Retrying...
2023-09-19T00:41:15.0322087Z A path returned 202. Retrying...
2023-09-19T00:41:15.0322384Z A path returned 202. Retrying...
2023-09-19T00:41:15.0322690Z A path returned 202. Retrying...
2023-09-19T00:41:15.0323002Z A path returned 202. Retrying...
2023-09-19T00:41:15.0323312Z A path returned 202. Retrying...
2023-09-19T00:41:15.0323640Z A path returned 202. Retrying...
2023-09-19T00:41:15.0323954Z A path returned 202. Retrying...
2023-09-19T00:41:15.0324266Z A path returned 202. Retrying...
2023-09-19T00:41:15.0324581Z A path returned 202. Retrying...
2023-09-19T00:41:15.0324951Z A path returned 202. Retrying...
2023-09-19T00:41:15.0325224Z A path returned 202. Retrying...
2023-09-19T00:41:15.0325499Z A path returned 202. Retrying...
2023-09-19T00:41:15.0325772Z A path returned 202. Retrying...
2023-09-19T00:41:15.0326042Z A path returned 202. Retrying...
2023-09-19T00:41:15.0326314Z A path returned 202. Retrying...
2023-09-19T00:41:15.0326593Z A path returned 202. Retrying...
2023-09-19T00:41:15.0326855Z A path returned 202. Retrying...
2023-09-19T00:41:15.0327129Z A path returned 202. Retrying...
2023-09-19T00:41:15.0327400Z A path returned 202. Retrying...
2023-09-19T00:41:15.0327672Z A path returned 202. Retrying...
2023-09-19T00:41:15.0327942Z A path returned 202. Retrying...
2023-09-19T00:41:15.0328210Z A path returned 202. Retrying...
2023-09-19T00:41:15.0328486Z A path returned 202. Retrying...
2023-09-19T00:41:15.0328761Z A path returned 202. Retrying...
2023-09-19T00:41:15.0329019Z A path returned 202. Retrying...
2023-09-19T00:41:15.0329288Z A path returned 202. Retrying...
2023-09-19T00:41:15.0329560Z A path returned 202. Retrying...
2023-09-19T00:41:15.0329830Z A path returned 202. Retrying...
2023-09-19T00:41:15.0330100Z A path returned 202. Retrying...
2023-09-19T00:41:15.0330372Z A path returned 202. Retrying...
2023-09-19T00:41:15.0330640Z A path returned 202. Retrying...
2023-09-19T00:41:15.0331372Z A path returned 202. Retrying...
2023-09-19T00:41:15.0331636Z A path returned 202. Retrying...
2023-09-19T00:41:15.0331909Z A path returned 202. Retrying...
2023-09-19T00:41:15.0332185Z A path returned 202. Retrying...
2023-09-19T00:41:15.0332458Z A path returned 202. Retrying...
2023-09-19T00:41:15.0332739Z A path returned 202. Retrying...
2023-09-19T00:41:15.0333014Z A path returned 202. Retrying...
2023-09-19T00:41:15.0333468Z A path returned 202. Retrying...
2023-09-19T00:41:15.0333734Z A path returned 202. Retrying...
2023-09-19T00:41:15.0334010Z A path returned 202. Retrying...
2023-09-19T00:41:15.0334283Z A path returned 202. Retrying...
2023-09-19T00:41:15.0334561Z A path returned 202. Retrying...
2023-09-19T00:41:15.0334832Z A path returned 202. Retrying...
2023-09-19T00:41:15.0335106Z A path returned 202. Retrying...
2023-09-19T00:41:15.0335383Z A path returned 202. Retrying...
2023-09-19T00:41:15.0335657Z A path returned 202. Retrying...
2023-09-19T00:41:15.0335917Z A path returned 202. Retrying...
2023-09-19T00:41:15.0336194Z A path returned 202. Retrying...
2023-09-19T00:41:15.0336471Z A path returned 202. Retrying...
2023-09-19T00:41:15.0336743Z A path returned 202. Retrying...
2023-09-19T00:41:15.0337016Z A path returned 202. Retrying...
2023-09-19T00:41:15.0337511Z A path returned 202. Retrying...
2023-09-19T00:41:15.0337790Z A path returned 202. Retrying...
2023-09-19T00:41:15.0338070Z A path returned 202. Retrying...
2023-09-19T00:41:15.0338338Z A path returned 202. Retrying...
2023-09-19T00:41:15.0338613Z A path returned 202. Retrying...
2023-09-19T00:41:15.0338892Z A path returned 202. Retrying...
2023-09-19T00:41:15.0339203Z A path returned 202. Retrying...
2023-09-19T00:41:15.0339478Z A path returned 202. Retrying...
2023-09-19T00:41:15.0339752Z A path returned 202. Retrying...
2023-09-19T00:41:15.0340030Z A path returned 202. Retrying...
2023-09-19T00:41:15.0340288Z A path returned 202. Retrying...
2023-09-19T00:41:15.0340562Z A path returned 202. Retrying...
2023-09-19T00:41:15.0340838Z A path returned 202. Retrying...
2023-09-19T00:41:15.0341112Z A path returned 202. Retrying...
2023-09-19T00:41:15.0341381Z A path returned 202. Retrying...
2023-09-19T00:41:15.0341653Z A path returned 202. Retrying...
2023-09-19T00:41:15.0341922Z A path returned 202. Retrying...
2023-09-19T00:41:15.0342196Z A path returned 202. Retrying...
2023-09-19T00:41:15.0342453Z A path returned 202. Retrying...
2023-09-19T00:41:15.0342726Z A path returned 202. Retrying...
2023-09-19T00:41:15.0343002Z A path returned 202. Retrying...
2023-09-19T00:41:15.0343273Z A path returned 202. Retrying...
2023-09-19T00:41:15.0343546Z A path returned 202. Retrying...
2023-09-19T00:41:15.0343816Z A path returned 202. Retrying...
2023-09-19T00:41:15.0344093Z A path returned 202. Retrying...
2023-09-19T00:41:15.0344365Z A path returned 202. Retrying...
2023-09-19T00:41:15.0344627Z A path returned 202. Retrying...
2023-09-19T00:41:15.0344899Z A path returned 202. Retrying...
2023-09-19T00:41:15.0345170Z A path returned 202. Retrying...
2023-09-19T00:41:15.0345451Z A path returned 202. Retrying...
2023-09-19T00:41:15.0345724Z A path returned 202. Retrying...
2023-09-19T00:41:15.0345998Z A path returned 202. Retrying...
2023-09-19T00:41:15.0346269Z A path returned 202. Retrying...
2023-09-19T00:41:15.0346530Z A path returned 202. Retrying...
2023-09-19T00:41:15.0346805Z A path returned 202. Retrying...
2023-09-19T00:41:15.0347081Z A path returned 202. Retrying...
2023-09-19T00:41:15.0347360Z A path returned 202. Retrying...
2023-09-19T00:41:15.0347630Z A path returned 202. Retrying...
2023-09-19T00:41:15.0347903Z A path returned 202. Retrying...
2023-09-19T00:41:15.0348172Z A path returned 202. Retrying...
2023-09-19T00:41:15.0348447Z A path returned 202. Retrying...
2023-09-19T00:41:15.0348705Z A path returned 202. Retrying...
2023-09-19T00:41:15.0348980Z A path returned 202. Retrying...
2023-09-19T00:41:15.0349251Z A path returned 202. Retrying...
2023-09-19T00:41:15.0349529Z A path returned 202. Retrying...
2023-09-19T00:41:15.0349993Z A path returned 202. Retrying...
2023-09-19T00:41:15.0350266Z A path returned 202. Retrying...
2023-09-19T00:41:15.0350544Z A path returned 202. Retrying...
2023-09-19T00:41:15.0350819Z A path returned 202. Retrying...
2023-09-19T00:41:15.0351083Z A path returned 202. Retrying...
2023-09-19T00:41:15.0351356Z A path returned 202. Retrying...
2023-09-19T00:41:15.0351630Z A path returned 202. Retrying...
2023-09-19T00:41:15.0352017Z A path returned 202. Retrying...
2023-09-19T00:41:15.0352293Z A path returned 202. Retrying...
2023-09-19T00:41:15.0352565Z A path returned 202. Retrying...
2023-09-19T00:41:15.0352837Z A path returned 202. Retrying...
2023-09-19T00:41:15.0353095Z A path returned 202. Retrying...
2023-09-19T00:41:15.0353369Z A path returned 202. Retrying...
2023-09-19T00:41:15.0353639Z A path returned 202. Retrying...
2023-09-19T00:41:15.0353913Z A path returned 202. Retrying...
2023-09-19T00:41:15.0354185Z A path returned 202. Retrying...
2023-09-19T00:41:15.0354456Z A path returned 202. Retrying...
2023-09-19T00:41:15.0354739Z A path returned 202. Retrying...
2023-09-19T00:41:15.0355012Z A path returned 202. Retrying...
2023-09-19T00:41:15.0355269Z A path returned 202. Retrying...
2023-09-19T00:41:15.0355541Z A path returned 202. Retrying...
2023-09-19T00:41:15.0355816Z A path returned 202. Retrying...
2023-09-19T00:41:15.0356089Z A path returned 202. Retrying...
2023-09-19T00:41:15.0356367Z A path returned 202. Retrying...
2023-09-19T00:41:15.0356644Z A path returned 202. Retrying...
2023-09-19T00:41:15.0356914Z A path returned 202. Retrying...
2023-09-19T00:41:15.0357184Z A path returned 202. Retrying...
2023-09-19T00:41:15.0357442Z A path returned 202. Retrying...
2023-09-19T00:41:15.0357716Z A path returned 202. Retrying...
2023-09-19T00:41:15.0357985Z A path returned 202. Retrying...
2023-09-19T00:41:15.0358254Z A path returned 202. Retrying...
2023-09-19T00:41:15.0358532Z A path returned 202. Retrying...
2023-09-19T00:41:15.0358803Z A path returned 202. Retrying...
2023-09-19T00:41:15.0359079Z A path returned 202. Retrying...
2023-09-19T00:41:15.0359351Z A path returned 202. Retrying...
2023-09-19T00:41:15.0359613Z A path returned 202. Retrying...
2023-09-19T00:41:15.0359903Z A path returned 202. Retrying...
2023-09-19T00:41:15.0360183Z A path returned 202. Retrying...
2023-09-19T00:41:15.0360458Z A path returned 202. Retrying...
2023-09-19T00:41:15.0360733Z A path returned 202. Retrying...
2023-09-19T00:41:15.0361001Z A path returned 202. Retrying...
2023-09-19T00:41:15.0361275Z A path returned 202. Retrying...
2023-09-19T00:41:15.0361552Z A path returned 202. Retrying...
2023-09-19T00:41:15.0361829Z A path returned 202. Retrying...
2023-09-19T00:41:15.0362103Z A path returned 202. Retrying...
2023-09-19T00:41:15.0362377Z A path returned 202. Retrying...
2023-09-19T00:41:15.0362654Z A path returned 202. Retrying...
2023-09-19T00:41:15.0362931Z A path returned 202. Retrying...
2023-09-19T00:41:15.0363192Z A path returned 202. Retrying...
2023-09-19T00:41:15.0363472Z A path returned 202. Retrying...
2023-09-19T00:41:15.0363751Z A path returned 202. Retrying...
2023-09-19T00:41:15.0364026Z A path returned 202. Retrying...
2023-09-19T00:41:15.0364302Z A path returned 202. Retrying...
2023-09-19T00:41:15.0364576Z A path returned 202. Retrying...
2023-09-19T00:41:15.0364853Z A path returned 202. Retrying...
2023-09-19T00:41:15.0365155Z A path returned 202. Retrying...
2023-09-19T00:41:15.0365439Z A path returned 202. Retrying...
2023-09-19T00:41:15.0365719Z A path returned 202. Retrying...
2023-09-19T00:41:15.0365999Z A path returned 202. Retrying...
2023-09-19T00:41:15.0366275Z A path returned 202. Retrying...
2023-09-19T00:41:15.0366552Z A path returned 202. Retrying...
2023-09-19T00:41:15.0366826Z A path returned 202. Retrying...
2023-09-19T00:41:15.0367101Z A path returned 202. Retrying...
2023-09-19T00:41:15.0367363Z A path returned 202. Retrying...
2023-09-19T00:41:15.0367639Z A path returned 202. Retrying...
2023-09-19T00:41:15.0367918Z A path returned 202. Retrying...
2023-09-19T00:41:15.0368325Z A path returned 202. Retrying...
2023-09-19T00:41:15.0368600Z A path returned 202. Retrying...
2023-09-19T00:41:15.0368877Z A path returned 202. Retrying...
2023-09-19T00:41:15.0369154Z A path returned 202. Retrying...
2023-09-19T00:41:15.0369435Z A path returned 202. Retrying...
2023-09-19T00:41:15.0369701Z A path returned 202. Retrying...
2023-09-19T00:41:15.0369983Z A path returned 202. Retrying...
2023-09-19T00:41:15.0370359Z A path returned 202. Retrying...
2023-09-19T00:41:15.0370642Z A path returned 202. Retrying...
2023-09-19T00:41:15.0370916Z A path returned 202. Retrying...
2023-09-19T00:41:15.0371192Z A path returned 202. Retrying...
2023-09-19T00:41:15.0371469Z A path returned 202. Retrying...
2023-09-19T00:41:15.0371735Z A path returned 202. Retrying...
2023-09-19T00:41:15.0372008Z A path returned 202. Retrying...
2023-09-19T00:41:15.0372769Z A path returned 202. Retrying...
2023-09-19T00:41:15.0373673Z A path returned 202. Retrying...
2023-09-19T00:41:15.0373951Z A path returned 202. Retrying...
2023-09-19T00:41:15.0374332Z A path returned 202. Retrying...
2023-09-19T00:41:15.0374625Z A path returned 202. Retrying...
2023-09-19T00:41:15.0374970Z A path returned 202. Retrying...
2023-09-19T00:41:15.0375312Z A path returned 202. Retrying...
2023-09-19T00:41:15.0375634Z A path returned 202. Retrying...
2023-09-19T00:41:15.0375983Z A path returned 202. Retrying...
2023-09-19T00:41:15.0376311Z A path returned 202. Retrying...
2023-09-19T00:41:15.0376639Z A path returned 202. Retrying...
2023-09-19T00:41:15.0376993Z A path returned 202. Retrying...
2023-09-19T00:41:15.0377402Z A path returned 202. Retrying...
2023-09-19T00:41:15.0377749Z A path returned 202. Retrying...
2023-09-19T00:41:15.0378074Z A path returned 202. Retrying...
2023-09-19T00:41:15.0378418Z A path returned 202. Retrying...
2023-09-19T00:41:15.0378768Z A path returned 202. Retrying...
2023-09-19T00:41:15.0379116Z A path returned 202. Retrying...
2023-09-19T00:41:15.0379456Z A path returned 202. Retrying...
2023-09-19T00:41:15.0379809Z A path returned 202. Retrying...
2023-09-19T00:41:15.0380157Z A path returned 202. Retrying...
2023-09-19T00:41:15.0380479Z A path returned 202. Retrying...
2023-09-19T00:41:15.0380801Z A path returned 202. Retrying...
2023-09-19T00:41:15.0381154Z A path returned 202. Retrying...
2023-09-19T00:41:15.0381495Z A path returned 202. Retrying...
2023-09-19T00:41:15.0381841Z A path returned 202. Retrying...
2023-09-19T00:41:15.0382169Z A path returned 202. Retrying...
2023-09-19T00:41:15.0382513Z A path returned 202. Retrying...
2023-09-19T00:41:15.0382848Z A path returned 202. Retrying...
2023-09-19T00:41:15.0383187Z A path returned 202. Retrying...
2023-09-19T00:41:15.0383528Z A path returned 202. Retrying...
2023-09-19T00:41:15.0383870Z A path returned 202. Retrying...
2023-09-19T00:41:15.0384215Z A path returned 202. Retrying...
2023-09-19T00:41:15.0384519Z A path returned 202. Retrying...
2023-09-19T00:41:15.0384862Z A path returned 202. Retrying...
2023-09-19T00:41:15.0385214Z A path returned 202. Retrying...
2023-09-19T00:41:15.0385545Z A path returned 202. Retrying...
2023-09-19T00:41:15.0385896Z A path returned 202. Retrying...
2023-09-19T00:41:15.0386248Z A path returned 202. Retrying...
2023-09-19T00:41:15.0386593Z A path returned 202. Retrying...
2023-09-19T00:41:15.0386943Z A path returned 202. Retrying...
2023-09-19T00:41:15.0387293Z A path returned 202. Retrying...
2023-09-19T00:41:15.0387635Z A path returned 202. Retrying...
2023-09-19T00:41:15.0387996Z A path returned 202. Retrying...
2023-09-19T00:41:15.0388341Z A path returned 202. Retrying...
2023-09-19T00:41:15.0388675Z A path returned 202. Retrying...
2023-09-19T00:50:13.1418998Z A path returned 202. Retrying...
2023-09-19T00:50:13.1419531Z A path returned 202. Retrying...
2023-09-19T00:50:13.1419855Z A path returned 202. Retrying...
2023-09-19T00:50:13.1420176Z A path returned 202. Retrying...
2023-09-19T00:50:13.1420493Z A path returned 202. Retrying...
2023-09-19T00:50:13.1420796Z A path returned 202. Retrying...
2023-09-19T00:50:13.1421588Z A path returned 202. Retrying...
2023-09-19T00:50:13.1421898Z A path returned 202. Retrying...
2023-09-19T00:50:13.1422211Z A path returned 202. Retrying...
2023-09-19T00:50:13.1422523Z A path returned 202. Retrying...
2023-09-19T00:50:13.1422835Z A path returned 202. Retrying...
2023-09-19T00:50:13.1423145Z A path returned 202. Retrying...
2023-09-19T00:50:13.1423456Z A path returned 202. Retrying...
2023-09-19T00:50:13.1423755Z A path returned 202. Retrying...
2023-09-19T00:50:13.1424281Z A path returned 202. Retrying...
2023-09-19T00:50:13.1424605Z A path returned 202. Retrying...
2023-09-19T00:50:13.1424914Z A path returned 202. Retrying...
2023-09-19T00:50:13.1425222Z A path returned 202. Retrying...
2023-09-19T00:50:13.1425530Z A path returned 202. Retrying...
2023-09-19T00:50:13.1425837Z A path returned 202. Retrying...
2023-09-19T00:50:13.1426146Z A path returned 202. Retrying...
2023-09-19T00:50:13.1426442Z A path returned 202. Retrying...
2023-09-19T00:50:13.1426749Z A path returned 202. Retrying...
2023-09-19T00:50:13.1427066Z A path returned 202. Retrying...
2023-09-19T00:50:13.1427378Z A path returned 202. Retrying...
2023-09-19T00:50:13.1427687Z A path returned 202. Retrying...
2023-09-19T00:50:13.1427997Z A path returned 202. Retrying...
2023-09-19T00:50:13.1428306Z A path returned 202. Retrying...
2023-09-19T00:50:13.1428604Z A path returned 202. Retrying...
2023-09-19T00:50:13.1428913Z A path returned 202. Retrying...
2023-09-19T00:50:13.1429225Z A path returned 202. Retrying...
2023-09-19T00:50:13.1429534Z A path returned 202. Retrying...
2023-09-19T00:50:13.1429841Z A path returned 202. Retrying...
2023-09-19T00:50:13.1430151Z A path returned 202. Retrying...
2023-09-19T00:50:13.1430459Z A path returned 202. Retrying...
2023-09-19T00:50:13.1430774Z A path returned 202. Retrying...
2023-09-19T00:50:13.1431072Z A path returned 202. Retrying...
2023-09-19T00:50:13.1431381Z A path returned 202. Retrying...
2023-09-19T00:50:13.1431690Z A path returned 202. Retrying...
2023-09-19T00:50:13.1432005Z A path returned 202. Retrying...
2023-09-19T00:50:13.1432313Z A path returned 202. Retrying...
2023-09-19T00:50:13.1432623Z A path returned 202. Retrying...
2023-09-19T00:50:13.1432931Z A path returned 202. Retrying...
2023-09-19T00:50:13.1433239Z A path returned 202. Retrying...
2023-09-19T00:50:13.1433535Z A path returned 202. Retrying...
2023-09-19T00:50:13.1433843Z A path returned 202. Retrying...
2023-09-19T00:50:13.1434152Z A path returned 202. Retrying...
2023-09-19T00:50:13.1434470Z A path returned 202. Retrying...
2023-09-19T00:50:13.1434779Z A path returned 202. Retrying...
2023-09-19T00:50:13.1435086Z A path returned 202. Retrying...
2023-09-19T00:50:13.1435396Z A path returned 202. Retrying...
2023-09-19T00:50:13.1435690Z A path returned 202. Retrying...
2023-09-19T00:50:13.1435999Z A path returned 202. Retrying...
2023-09-19T00:50:13.1436306Z A path returned 202. Retrying...
2023-09-19T00:50:13.1436613Z A path returned 202. Retrying...
2023-09-19T00:50:13.1436921Z A path returned 202. Retrying...
2023-09-19T00:50:13.1437237Z A path returned 202. Retrying...
2023-09-19T00:50:13.1437639Z A path returned 202. Retrying...
2023-09-19T00:50:13.1437908Z A path returned 202. Retrying...
2023-09-19T00:50:13.1438167Z A path returned 202. Retrying...
2023-09-19T00:50:13.1438437Z A path returned 202. Retrying...
2023-09-19T00:50:13.1438703Z A path returned 202. Retrying...
2023-09-19T00:50:13.1438972Z A path returned 202. Retrying...
2023-09-19T00:50:13.1439247Z A path returned 202. Retrying...
2023-09-19T00:50:13.1439518Z A path returned 202. Retrying...
2023-09-19T00:50:13.1439786Z A path returned 202. Retrying...
2023-09-19T00:50:13.1440055Z A path returned 202. Retrying...
2023-09-19T00:50:13.1440313Z A path returned 202. Retrying...
2023-09-19T00:50:13.1440580Z A path returned 202. Retrying...
2023-09-19T00:50:13.1440850Z A path returned 202. Retrying...
2023-09-19T00:50:13.1441120Z A path returned 202. Retrying...
2023-09-19T00:50:13.1441392Z A path returned 202. Retrying...
2023-09-19T00:50:13.1441812Z A path returned 202. Retrying...
2023-09-19T00:50:13.1442083Z A path returned 202. Retrying...
2023-09-19T00:50:13.1442352Z A path returned 202. Retrying...
2023-09-19T00:50:13.1442610Z A path returned 202. Retrying...
2023-09-19T00:50:13.1442879Z A path returned 202. Retrying...
2023-09-19T00:50:13.1443148Z A path returned 202. Retrying...
2023-09-19T00:50:13.1443418Z A path returned 202. Retrying...
2023-09-19T00:50:13.1443686Z A path returned 202. Retrying...
2023-09-19T00:50:13.1444062Z A path returned 202. Retrying...
2023-09-19T00:50:13.1444337Z A path returned 202. Retrying...
2023-09-19T00:50:13.1444594Z A path returned 202. Retrying...
2023-09-19T00:50:13.1444864Z A path returned 202. Retrying...
2023-09-19T00:50:13.1445134Z A path returned 202. Retrying...
2023-09-19T00:50:13.1445404Z A path returned 202. Retrying...
2023-09-19T00:50:13.1445674Z A path returned 202. Retrying...
2023-09-19T00:50:13.1445943Z A path returned 202. Retrying...
2023-09-19T00:50:13.1446214Z A path returned 202. Retrying...
2023-09-19T00:50:13.1446492Z A path returned 202. Retrying...
2023-09-19T00:50:13.1446750Z A path returned 202. Retrying...
2023-09-19T00:50:13.1447018Z A path returned 202. Retrying...
2023-09-19T00:50:13.1447293Z A path returned 202. Retrying...
2023-09-19T00:50:13.1447564Z A path returned 202. Retrying...
2023-09-19T00:50:13.1447833Z A path returned 202. Retrying...
2023-09-19T00:50:13.1448102Z A path returned 202. Retrying...
2023-09-19T00:50:13.1448376Z A path returned 202. Retrying...
2023-09-19T00:50:13.1448644Z A path returned 202. Retrying...
2023-09-19T00:50:13.1448902Z A path returned 202. Retrying...
2023-09-19T00:50:13.1449171Z A path returned 202. Retrying...
2023-09-19T00:50:13.1449446Z A path returned 202. Retrying...
2023-09-19T00:50:13.1449715Z A path returned 202. Retrying...
2023-09-19T00:50:13.1449986Z A path returned 202. Retrying...
2023-09-19T00:50:13.1450256Z A path returned 202. Retrying...
2023-09-19T00:50:13.1450524Z A path returned 202. Retrying...
2023-09-19T00:50:13.1450791Z A path returned 202. Retrying...
2023-09-19T00:50:13.1451063Z A path returned 202. Retrying...
2023-09-19T00:50:13.1451333Z A path returned 202. Retrying...
2023-09-19T00:50:13.1451603Z A path returned 202. Retrying...
2023-09-19T00:50:13.1451872Z A path returned 202. Retrying...
2023-09-19T00:50:13.1452141Z A path returned 202. Retrying...
2023-09-19T00:50:13.1452410Z A path returned 202. Retrying...
2023-09-19T00:50:13.1452679Z A path returned 202. Retrying...
2023-09-19T00:50:13.1452943Z A path returned 202. Retrying...
2023-09-19T00:50:13.1453212Z A path returned 202. Retrying...
2023-09-19T00:50:13.1453481Z A path returned 202. Retrying...
2023-09-19T00:50:13.1453751Z A path returned 202. Retrying...
2023-09-19T00:50:13.1454020Z A path returned 202. Retrying...
2023-09-19T00:50:13.1454289Z A path returned 202. Retrying...
2023-09-19T00:50:13.1454559Z A path returned 202. Retrying...
2023-09-19T00:50:13.1454827Z A path returned 202. Retrying...
2023-09-19T00:50:13.1455087Z A path returned 202. Retrying...
2023-09-19T00:50:13.1455361Z A path returned 202. Retrying...
2023-09-19T00:50:13.1455630Z A path returned 202. Retrying...
2023-09-19T00:50:13.1455901Z A path returned 202. Retrying...
2023-09-19T00:50:13.1456170Z A path returned 202. Retrying...
2023-09-19T00:50:13.1456440Z A path returned 202. Retrying...
2023-09-19T00:50:13.1456711Z A path returned 202. Retrying...
2023-09-19T00:50:13.1456968Z A path returned 202. Retrying...
2023-09-19T00:50:13.1457494Z A path returned 202. Retrying...
2023-09-19T00:50:13.1457792Z A path returned 202. Retrying...
2023-09-19T00:50:13.1458063Z A path returned 202. Retrying...
2023-09-19T00:50:13.1458334Z A path returned 202. Retrying...
2023-09-19T00:50:13.1458603Z A path returned 202. Retrying...
2023-09-19T00:50:13.1458872Z A path returned 202. Retrying...
2023-09-19T00:50:13.1459143Z A path returned 202. Retrying...
2023-09-19T00:50:13.1459401Z A path returned 202. Retrying...
2023-09-19T00:50:13.1459670Z A path returned 202. Retrying...
2023-09-19T00:50:13.1460127Z A path returned 202. Retrying...
2023-09-19T00:50:13.1460398Z A path returned 202. Retrying...
2023-09-19T00:50:13.1460670Z A path returned 202. Retrying...
2023-09-19T00:50:13.1460941Z A path returned 202. Retrying...
2023-09-19T00:50:13.1461212Z A path returned 202. Retrying...
2023-09-19T00:50:13.1461485Z A path returned 202. Retrying...
2023-09-19T00:50:13.1461745Z A path returned 202. Retrying...
2023-09-19T00:50:13.1462014Z A path returned 202. Retrying...
2023-09-19T00:50:13.1462399Z A path returned 202. Retrying...
2023-09-19T00:50:13.1462678Z A path returned 202. Retrying...
2023-09-19T00:50:13.1462948Z A path returned 202. Retrying...
2023-09-19T00:50:13.1463220Z A path returned 202. Retrying...
2023-09-19T00:50:13.1463489Z A path returned 202. Retrying...
2023-09-19T00:50:13.1463747Z A path returned 202. Retrying...
2023-09-19T00:50:13.1464017Z A path returned 202. Retrying...
2023-09-19T00:50:13.1464285Z A path returned 202. Retrying...
2023-09-19T00:50:13.1464556Z A path returned 202. Retrying...
2023-09-19T00:50:13.1464833Z A path returned 202. Retrying...
2023-09-19T00:50:13.1465104Z A path returned 202. Retrying...
2023-09-19T00:50:13.1465372Z A path returned 202. Retrying...
2023-09-19T00:50:13.1465641Z A path returned 202. Retrying...
2023-09-19T00:50:13.1465901Z A path returned 202. Retrying...
2023-09-19T00:50:13.1466176Z A path returned 202. Retrying...
2023-09-19T00:50:13.1466447Z A path returned 202. Retrying...
2023-09-19T00:50:13.1466720Z A path returned 202. Retrying...
2023-09-19T00:50:13.1466992Z A path returned 202. Retrying...
2023-09-19T00:50:13.1467261Z A path returned 202. Retrying...
2023-09-19T00:50:13.1467531Z A path returned 202. Retrying...
2023-09-19T00:50:13.1467799Z A path returned 202. Retrying...
2023-09-19T00:50:13.1468057Z A path returned 202. Retrying...
2023-09-19T00:50:13.1468328Z A path returned 202. Retrying...
2023-09-19T00:50:13.1468595Z A path returned 202. Retrying...
2023-09-19T00:50:13.1468866Z A path returned 202. Retrying...
2023-09-19T00:50:13.1469137Z A path returned 202. Retrying...
2023-09-19T00:50:13.1469414Z A path returned 202. Retrying...
2023-09-19T00:50:13.1469682Z A path returned 202. Retrying...
2023-09-19T00:50:13.1469940Z A path returned 202. Retrying...
2023-09-19T00:50:13.1470210Z A path returned 202. Retrying...
2023-09-19T00:50:13.1470477Z A path returned 202. Retrying...
2023-09-19T00:50:13.1470746Z A path returned 202. Retrying...
2023-09-19T00:50:13.1471016Z A path returned 202. Retrying...
2023-09-19T00:50:13.1471292Z A path returned 202. Retrying...
2023-09-19T00:50:13.1471564Z A path returned 202. Retrying...
2023-09-19T00:50:13.1471834Z A path returned 202. Retrying...
2023-09-19T00:50:13.1472091Z A path returned 202. Retrying...
2023-09-19T00:50:13.1472360Z A path returned 202. Retrying...
2023-09-19T00:50:13.1472630Z A path returned 202. Retrying...
2023-09-19T00:50:13.1472899Z A path returned 202. Retrying...
2023-09-19T00:50:13.1473167Z A path returned 202. Retrying...
2023-09-19T00:50:13.1473436Z A path returned 202. Retrying...
2023-09-19T00:50:13.1473712Z A path returned 202. Retrying...
2023-09-19T00:50:13.1473981Z A path returned 202. Retrying...
2023-09-19T00:50:13.1474239Z A path returned 202. Retrying...
2023-09-19T00:50:13.1474509Z A path returned 202. Retrying...
2023-09-19T00:50:13.1474778Z A path returned 202. Retrying...
2023-09-19T00:50:13.1475048Z A path returned 202. Retrying...
2023-09-19T00:50:13.1475318Z A path returned 202. Retrying...
2023-09-19T00:50:13.1475594Z A path returned 202. Retrying...
2023-09-19T00:50:13.1475864Z A path returned 202. Retrying...
2023-09-19T00:50:13.1476123Z A path returned 202. Retrying...
2023-09-19T00:50:13.1476392Z A path returned 202. Retrying...
2023-09-19T00:50:13.1476661Z A path returned 202. Retrying...
2023-09-19T00:50:13.1476931Z A path returned 202. Retrying...
2023-09-19T00:50:13.1477201Z A path returned 202. Retrying...
2023-09-19T00:50:13.1477470Z A path returned 202. Retrying...
2023-09-19T00:50:13.1477737Z A path returned 202. Retrying...
2023-09-19T00:50:13.1478009Z A path returned 202. Retrying...
2023-09-19T00:50:13.1478397Z A path returned 202. Retrying...
2023-09-19T00:50:13.1478665Z A path returned 202. Retrying...
2023-09-19T00:50:13.1478935Z A path returned 202. Retrying...
2023-09-19T00:50:13.1479203Z A path returned 202. Retrying...
2023-09-19T00:50:13.1479473Z A path returned 202. Retrying...
2023-09-19T00:50:13.1479741Z A path returned 202. Retrying...
2023-09-19T00:50:13.1480010Z A path returned 202. Retrying...
2023-09-19T00:50:13.1480409Z A path returned 202. Retrying...
2023-09-19T00:50:13.1480673Z A path returned 202. Retrying...
2023-09-19T00:50:13.1480945Z A path returned 202. Retrying...
2023-09-19T00:50:13.1481215Z A path returned 202. Retrying...
2023-09-19T00:50:13.1481484Z A path returned 202. Retrying...
2023-09-19T00:50:13.1481752Z A path returned 202. Retrying...
2023-09-19T00:50:13.1482021Z A path returned 202. Retrying...
2023-09-19T00:50:13.1482289Z A path returned 202. Retrying...
2023-09-19T00:50:13.1482549Z A path returned 202. Retrying...
2023-09-19T00:50:13.1482823Z A path returned 202. Retrying...
2023-09-19T00:50:13.1483092Z A path returned 202. Retrying...
2023-09-19T00:50:13.1483362Z A path returned 202. Retrying...
2023-09-19T00:50:13.1483631Z A path returned 202. Retrying...
2023-09-19T00:50:13.1483901Z A path returned 202. Retrying...
2023-09-19T00:50:13.1484171Z A path returned 202. Retrying...
2023-09-19T00:50:13.1484440Z A path returned 202. Retrying...
2023-09-19T00:50:13.1484702Z A path returned 202. Retrying...
2023-09-19T00:50:13.1484972Z A path returned 202. Retrying...
2023-09-19T00:50:13.1485243Z A path returned 202. Retrying...
2023-09-19T00:50:13.1485513Z A path returned 202. Retrying...
2023-09-19T00:50:13.1485785Z A path returned 202. Retrying...
2023-09-19T00:50:13.1486053Z A path returned 202. Retrying...
2023-09-19T00:50:13.1486324Z A path returned 202. Retrying...
2023-09-19T00:50:13.1486593Z A path returned 202. Retrying...
2023-09-19T00:50:13.1486850Z A path returned 202. Retrying...
2023-09-19T00:50:13.1487118Z A path returned 202. Retrying...
2023-09-19T00:50:13.1487393Z A path returned 202. Retrying...
2023-09-19T00:50:13.1487662Z A path returned 202. Retrying...
2023-09-19T00:50:13.1487932Z A path returned 202. Retrying...
2023-09-19T00:50:13.1488203Z A path returned 202. Retrying...
2023-09-19T00:50:13.1488472Z A path returned 202. Retrying...
2023-09-19T00:50:13.1488730Z A path returned 202. Retrying...
2023-09-19T00:50:13.1489006Z A path returned 202. Retrying...
2023-09-19T00:50:13.1489280Z A path returned 202. Retrying...
2023-09-19T00:50:13.1489551Z A path returned 202. Retrying...
2023-09-19T00:50:13.1489821Z A path returned 202. Retrying...
2023-09-19T00:59:11.3748890Z A path returned 202. Retrying...
2023-09-19T00:59:11.3749520Z A path returned 202. Retrying...
2023-09-19T00:59:11.3749907Z A path returned 202. Retrying...
2023-09-19T00:59:11.3750218Z A path returned 202. Retrying...
2023-09-19T00:59:11.3750536Z A path returned 202. Retrying...
2023-09-19T00:59:11.3750860Z A path returned 202. Retrying...
2023-09-19T00:59:11.3751226Z A path returned 202. Retrying...
2023-09-19T00:59:11.3751545Z A path returned 202. Retrying...
2023-09-19T00:59:11.3751858Z A path returned 202. Retrying...
2023-09-19T00:59:11.3752174Z A path returned 202. Retrying...
2023-09-19T00:59:11.3752477Z A path returned 202. Retrying...
2023-09-19T00:59:11.3752794Z A path returned 202. Retrying...
2023-09-19T00:59:11.3753106Z A path returned 202. Retrying...
2023-09-19T00:59:11.3753430Z A path returned 202. Retrying...
2023-09-19T00:59:11.3753747Z A path returned 202. Retrying...
2023-09-19T00:59:11.3754061Z A path returned 202. Retrying...
2023-09-19T00:59:11.3754375Z A path returned 202. Retrying...
2023-09-19T00:59:11.3754695Z A path returned 202. Retrying...
2023-09-19T00:59:11.3754994Z A path returned 202. Retrying...
2023-09-19T00:59:11.3755312Z A path returned 202. Retrying...
2023-09-19T00:59:11.3755627Z A path returned 202. Retrying...
2023-09-19T00:59:11.3756063Z A path returned 202. Retrying...
2023-09-19T00:59:11.3756375Z A path returned 202. Retrying...
2023-09-19T00:59:11.3757320Z A path returned 202. Retrying...
2023-09-19T00:59:11.3757713Z A path returned 202. Retrying...
2023-09-19T00:59:11.3758103Z A path returned 202. Retrying...
2023-09-19T00:59:11.3758491Z A path returned 202. Retrying...
2023-09-19T00:59:11.3758878Z A path returned 202. Retrying...
2023-09-19T00:59:11.3759249Z A path returned 202. Retrying...
2023-09-19T00:59:11.3759637Z A path returned 202. Retrying...
2023-09-19T00:59:11.3760240Z A path returned 202. Retrying...
2023-09-19T00:59:11.3760651Z A path returned 202. Retrying...
2023-09-19T00:59:11.3761039Z A path returned 202. Retrying...
2023-09-19T00:59:11.3761426Z A path returned 202. Retrying...
2023-09-19T00:59:11.3761813Z A path returned 202. Retrying...
2023-09-19T00:59:11.3762201Z A path returned 202. Retrying...
2023-09-19T00:59:11.3762587Z A path returned 202. Retrying...
2023-09-19T00:59:11.3762974Z A path returned 202. Retrying...
2023-09-19T00:59:11.3763357Z A path returned 202. Retrying...
2023-09-19T00:59:11.3763751Z A path returned 202. Retrying...
2023-09-19T00:59:11.3764126Z A path returned 202. Retrying...
2023-09-19T00:59:11.3764491Z A path returned 202. Retrying...
2023-09-19T00:59:11.3764883Z A path returned 202. Retrying...
2023-09-19T00:59:11.3765275Z A path returned 202. Retrying...
2023-09-19T00:59:11.3765666Z A path returned 202. Retrying...
2023-09-19T00:59:11.3766057Z A path returned 202. Retrying...
2023-09-19T00:59:11.3766451Z A path returned 202. Retrying...
2023-09-19T00:59:11.3766843Z A path returned 202. Retrying...
2023-09-19T00:59:11.3767231Z A path returned 202. Retrying...
2023-09-19T00:59:11.3767621Z A path returned 202. Retrying...
2023-09-19T00:59:11.3768005Z A path returned 202. Retrying...
2023-09-19T00:59:11.3768395Z A path returned 202. Retrying...
2023-09-19T00:59:11.3768766Z A path returned 202. Retrying...
2023-09-19T00:59:11.3769153Z A path returned 202. Retrying...
2023-09-19T00:59:11.3769543Z A path returned 202. Retrying...
2023-09-19T00:59:11.3769934Z A path returned 202. Retrying...
2023-09-19T00:59:11.3770329Z A path returned 202. Retrying...
2023-09-19T00:59:11.3770713Z A path returned 202. Retrying...
2023-09-19T00:59:11.3771104Z A path returned 202. Retrying...
2023-09-19T00:59:11.3771491Z A path returned 202. Retrying...
2023-09-19T00:59:11.3771876Z A path returned 202. Retrying...
2023-09-19T00:59:11.3772271Z A path returned 202. Retrying...
2023-09-19T00:59:11.3772656Z A path returned 202. Retrying...
2023-09-19T00:59:11.3773046Z A path returned 202. Retrying...
2023-09-19T00:59:11.3773435Z A path returned 202. Retrying...
2023-09-19T00:59:11.3773806Z A path returned 202. Retrying...
2023-09-19T00:59:11.3774195Z A path returned 202. Retrying...
2023-09-19T00:59:11.3774584Z A path returned 202. Retrying...
2023-09-19T00:59:11.3774973Z A path returned 202. Retrying...
2023-09-19T00:59:11.3775359Z A path returned 202. Retrying...
2023-09-19T00:59:11.3775745Z A path returned 202. Retrying...
2023-09-19T00:59:11.3776132Z A path returned 202. Retrying...
2023-09-19T00:59:11.3776526Z A path returned 202. Retrying...
2023-09-19T00:59:11.3776912Z A path returned 202. Retrying...
2023-09-19T00:59:11.3777520Z A path returned 202. Retrying...
2023-09-19T00:59:11.3777911Z A path returned 202. Retrying...
2023-09-19T00:59:11.3778296Z A path returned 202. Retrying...
2023-09-19T00:59:11.3778668Z A path returned 202. Retrying...
2023-09-19T00:59:11.3779062Z A path returned 202. Retrying...
2023-09-19T00:59:11.3779457Z A path returned 202. Retrying...
2023-09-19T00:59:11.3779845Z A path returned 202. Retrying...
2023-09-19T00:59:11.3780233Z A path returned 202. Retrying...
2023-09-19T00:59:11.3780623Z A path returned 202. Retrying...
2023-09-19T00:59:11.3781008Z A path returned 202. Retrying...
2023-09-19T00:59:11.3781394Z A path returned 202. Retrying...
2023-09-19T00:59:11.3781779Z A path returned 202. Retrying...
2023-09-19T00:59:11.3782164Z A path returned 202. Retrying...
2023-09-19T00:59:11.3782548Z A path returned 202. Retrying...
2023-09-19T00:59:11.3782934Z A path returned 202. Retrying...
2023-09-19T00:59:11.3783527Z A path returned 202. Retrying...
2023-09-19T00:59:11.3783914Z A path returned 202. Retrying...
2023-09-19T00:59:11.3784311Z A path returned 202. Retrying...
2023-09-19T00:59:11.3784696Z A path returned 202. Retrying...
2023-09-19T00:59:11.3785091Z A path returned 202. Retrying...
2023-09-19T00:59:11.3785478Z A path returned 202. Retrying...
2023-09-19T00:59:11.3785863Z A path returned 202. Retrying...
2023-09-19T00:59:11.3786387Z A path returned 202. Retrying...
2023-09-19T00:59:11.3786785Z A path returned 202. Retrying...
2023-09-19T00:59:11.3787169Z A path returned 202. Retrying...
2023-09-19T00:59:11.3787553Z A path returned 202. Retrying...
2023-09-19T00:59:11.3787935Z A path returned 202. Retrying...
2023-09-19T00:59:11.3788308Z A path returned 202. Retrying...
2023-09-19T00:59:11.3788698Z A path returned 202. Retrying...
2023-09-19T00:59:11.3789092Z A path returned 202. Retrying...
2023-09-19T00:59:11.3789480Z A path returned 202. Retrying...
2023-09-19T00:59:11.3789875Z A path returned 202. Retrying...
2023-09-19T00:59:11.3790261Z A path returned 202. Retrying...
2023-09-19T00:59:11.3790649Z A path returned 202. Retrying...
2023-09-19T00:59:11.3791036Z A path returned 202. Retrying...
2023-09-19T00:59:11.3791422Z A path returned 202. Retrying...
2023-09-19T00:59:11.3791807Z A path returned 202. Retrying...
2023-09-19T00:59:11.3792191Z A path returned 202. Retrying...
2023-09-19T00:59:11.3792586Z A path returned 202. Retrying...
2023-09-19T00:59:11.3792962Z A path returned 202. Retrying...
2023-09-19T00:59:11.3793352Z A path returned 202. Retrying...
2023-09-19T00:59:11.3793743Z A path returned 202. Retrying...
2023-09-19T00:59:11.3794129Z A path returned 202. Retrying...
2023-09-19T00:59:11.3794515Z A path returned 202. Retrying...
2023-09-19T00:59:11.3794900Z A path returned 202. Retrying...
2023-09-19T00:59:11.3795288Z A path returned 202. Retrying...
2023-09-19T00:59:11.3795675Z A path returned 202. Retrying...
2023-09-19T00:59:11.3796063Z A path returned 202. Retrying...
2023-09-19T00:59:11.3796453Z A path returned 202. Retrying...
2023-09-19T00:59:11.3796901Z A path returned 202. Retrying...
2023-09-19T00:59:11.3797193Z A path returned 202. Retrying...
2023-09-19T00:59:11.3797455Z A path returned 202. Retrying...
2023-09-19T00:59:11.3797728Z A path returned 202. Retrying...
2023-09-19T00:59:11.3798074Z A path returned 202. Retrying...
2023-09-19T00:59:11.3798412Z A path returned 202. Retrying...
2023-09-19T00:59:11.3798758Z A path returned 202. Retrying...
2023-09-19T00:59:11.3799102Z A path returned 202. Retrying...
2023-09-19T00:59:11.3799442Z A path returned 202. Retrying...
2023-09-19T00:59:11.3799785Z A path returned 202. Retrying...
2023-09-19T00:59:11.3800123Z A path returned 202. Retrying...
2023-09-19T00:59:11.3800460Z A path returned 202. Retrying...
2023-09-19T00:59:11.3800796Z A path returned 202. Retrying...
2023-09-19T00:59:11.3801123Z A path returned 202. Retrying...
2023-09-19T00:59:11.3801463Z A path returned 202. Retrying...
2023-09-19T00:59:11.3801813Z A path returned 202. Retrying...
2023-09-19T00:59:11.3802157Z A path returned 202. Retrying...
2023-09-19T00:59:11.3802498Z A path returned 202. Retrying...
2023-09-19T00:59:11.3802839Z A path returned 202. Retrying...
2023-09-19T00:59:11.3803180Z A path returned 202. Retrying...
2023-09-19T00:59:11.3803519Z A path returned 202. Retrying...
2023-09-19T00:59:11.3803859Z A path returned 202. Retrying...
2023-09-19T00:59:11.3804202Z A path returned 202. Retrying...
2023-09-19T00:59:11.3804545Z A path returned 202. Retrying...
2023-09-19T00:59:11.3804882Z A path returned 202. Retrying...
2023-09-19T00:59:11.3805221Z A path returned 202. Retrying...
2023-09-19T00:59:11.3805549Z A path returned 202. Retrying...
2023-09-19T00:59:11.3805894Z A path returned 202. Retrying...
2023-09-19T00:59:11.3806239Z A path returned 202. Retrying...
2023-09-19T00:59:11.3806579Z A path returned 202. Retrying...
2023-09-19T00:59:11.3806921Z A path returned 202. Retrying...
2023-09-19T00:59:11.3807263Z A path returned 202. Retrying...
2023-09-19T00:59:11.3807765Z A path returned 202. Retrying...
2023-09-19T00:59:11.3808104Z A path returned 202. Retrying...
2023-09-19T00:59:11.3808443Z A path returned 202. Retrying...
2023-09-19T00:59:11.3808784Z A path returned 202. Retrying...
2023-09-19T00:59:11.3809124Z A path returned 202. Retrying...
2023-09-19T00:59:11.3809463Z A path returned 202. Retrying...
2023-09-19T00:59:11.3809791Z A path returned 202. Retrying...
2023-09-19T00:59:11.3810240Z A path returned 202. Retrying...
2023-09-19T00:59:11.3810590Z A path returned 202. Retrying...
2023-09-19T00:59:11.3810930Z A path returned 202. Retrying...
2023-09-19T00:59:11.3811274Z A path returned 202. Retrying...
2023-09-19T00:59:11.3811616Z A path returned 202. Retrying...
2023-09-19T00:59:11.3811956Z A path returned 202. Retrying...
2023-09-19T00:59:11.3812295Z A path returned 202. Retrying...
2023-09-19T00:59:11.3812639Z A path returned 202. Retrying...
2023-09-19T00:59:11.3812977Z A path returned 202. Retrying...
2023-09-19T00:59:11.3813325Z A path returned 202. Retrying...
2023-09-19T00:59:11.3813663Z A path returned 202. Retrying...
2023-09-19T00:59:11.3813991Z A path returned 202. Retrying...
2023-09-19T00:59:11.3814360Z A path returned 202. Retrying...
2023-09-19T00:59:11.3814705Z A path returned 202. Retrying...
2023-09-19T00:59:11.3815046Z A path returned 202. Retrying...
2023-09-19T00:59:11.3815389Z A path returned 202. Retrying...
2023-09-19T00:59:11.3815735Z A path returned 202. Retrying...
2023-09-19T00:59:11.3816076Z A path returned 202. Retrying...
2023-09-19T00:59:11.3816417Z A path returned 202. Retrying...
2023-09-19T00:59:11.3816757Z A path returned 202. Retrying...
2023-09-19T00:59:11.3817101Z A path returned 202. Retrying...
2023-09-19T00:59:11.3820036Z A path returned 202. Retrying...
2023-09-19T00:59:11.3820515Z A path returned 202. Retrying...
2023-09-19T00:59:11.3820776Z A path returned 202. Retrying...
2023-09-19T00:59:11.3821050Z A path returned 202. Retrying...
2023-09-19T00:59:11.3821331Z A path returned 202. Retrying...
2023-09-19T00:59:11.3821698Z A path returned 202. Retrying...
2023-09-19T00:59:11.3822046Z A path returned 202. Retrying...
2023-09-19T00:59:11.3822389Z A path returned 202. Retrying...
2023-09-19T00:59:11.3822731Z A path returned 202. Retrying...
2023-09-19T00:59:11.3823073Z A path returned 202. Retrying...
2023-09-19T00:59:11.3823411Z A path returned 202. Retrying...
2023-09-19T00:59:11.3823751Z A path returned 202. Retrying...
2023-09-19T00:59:11.3824085Z A path returned 202. Retrying...
2023-09-19T00:59:11.3824430Z A path returned 202. Retrying...
2023-09-19T00:59:11.3824775Z A path returned 202. Retrying...
2023-09-19T00:59:11.3825124Z A path returned 202. Retrying...
2023-09-19T00:59:11.3825463Z A path returned 202. Retrying...
2023-09-19T00:59:11.3825807Z A path returned 202. Retrying...
2023-09-19T00:59:11.3826147Z A path returned 202. Retrying...
2023-09-19T00:59:11.3826488Z A path returned 202. Retrying...
2023-09-19T00:59:11.3826826Z A path returned 202. Retrying...
2023-09-19T00:59:11.3827180Z A path returned 202. Retrying...
2023-09-19T00:59:11.3827523Z A path returned 202. Retrying...
2023-09-19T00:59:11.3827861Z A path returned 202. Retrying...
2023-09-19T00:59:11.3828188Z A path returned 202. Retrying...
2023-09-19T00:59:11.3828527Z A path returned 202. Retrying...
2023-09-19T00:59:11.3828873Z A path returned 202. Retrying...
2023-09-19T00:59:11.3829213Z A path returned 202. Retrying...
2023-09-19T00:59:11.3829562Z A path returned 202. Retrying...
2023-09-19T00:59:11.3829905Z A path returned 202. Retrying...
2023-09-19T00:59:11.3830245Z A path returned 202. Retrying...
2023-09-19T00:59:11.3830584Z A path returned 202. Retrying...
2023-09-19T00:59:11.3830926Z A path returned 202. Retrying...
2023-09-19T00:59:11.3831271Z A path returned 202. Retrying...
2023-09-19T00:59:11.3831614Z A path returned 202. Retrying...
2023-09-19T00:59:11.3831959Z A path returned 202. Retrying...
2023-09-19T00:59:11.3832301Z A path returned 202. Retrying...
2023-09-19T00:59:11.3832630Z A path returned 202. Retrying...
2023-09-19T00:59:11.3833181Z A path returned 202. Retrying...
2023-09-19T00:59:11.3833527Z A path returned 202. Retrying...
2023-09-19T00:59:11.3833870Z A path returned 202. Retrying...
2023-09-19T00:59:11.3834219Z A path returned 202. Retrying...
2023-09-19T00:59:11.3834562Z A path returned 202. Retrying...
2023-09-19T00:59:11.3834905Z A path returned 202. Retrying...
2023-09-19T00:59:11.3835249Z A path returned 202. Retrying...
2023-09-19T00:59:11.3835719Z A path returned 202. Retrying...
2023-09-19T00:59:11.3836072Z A path returned 202. Retrying...
2023-09-19T00:59:11.3836416Z A path returned 202. Retrying...
2023-09-19T00:59:11.3836790Z A path returned 202. Retrying...
2023-09-19T00:59:11.3837120Z A path returned 202. Retrying...
2023-09-19T00:59:11.3837461Z A path returned 202. Retrying...
2023-09-19T00:59:11.3837799Z A path returned 202. Retrying...
2023-09-19T00:59:11.3838139Z A path returned 202. Retrying...
2023-09-19T00:59:11.3838481Z A path returned 202. Retrying...
2023-09-19T00:59:11.3838834Z A path returned 202. Retrying...
2023-09-19T00:59:11.3839174Z A path returned 202. Retrying...
2023-09-19T00:59:11.3839514Z A path returned 202. Retrying...
2023-09-19T00:59:11.3839853Z A path returned 202. Retrying...
2023-09-19T00:59:11.3840191Z A path returned 202. Retrying...
2023-09-19T00:59:11.3840527Z A path returned 202. Retrying...
2023-09-19T00:59:11.3840865Z A path returned 202. Retrying...
2023-09-19T00:59:11.3841196Z A path returned 202. Retrying...
2023-09-19T00:59:11.3841540Z A path returned 202. Retrying...
2023-09-19T00:59:11.3841886Z A path returned 202. Retrying...
2023-09-19T00:59:11.3843024Z A path returned 202. Retrying...
2023-09-19T01:08:09.7825139Z A path returned 202. Retrying...
2023-09-19T01:08:09.7825786Z A path returned 202. Retrying...
2023-09-19T01:08:09.7826206Z A path returned 202. Retrying...
2023-09-19T01:08:09.7826604Z A path returned 202. Retrying...
2023-09-19T01:08:09.7827011Z A path returned 202. Retrying...
2023-09-19T01:08:09.7827408Z A path returned 202. Retrying...
2023-09-19T01:08:09.7827851Z A path returned 202. Retrying...
2023-09-19T01:08:09.7828237Z A path returned 202. Retrying...
2023-09-19T01:08:09.7828629Z A path returned 202. Retrying...
2023-09-19T01:08:09.7828999Z A path returned 202. Retrying...
2023-09-19T01:08:09.7829400Z A path returned 202. Retrying...
2023-09-19T01:08:09.7829792Z A path returned 202. Retrying...
2023-09-19T01:08:09.7830188Z A path returned 202. Retrying...
2023-09-19T01:08:09.7830591Z A path returned 202. Retrying...
2023-09-19T01:08:09.7830979Z A path returned 202. Retrying...
2023-09-19T01:08:09.7831373Z A path returned 202. Retrying...
2023-09-19T01:08:09.7831762Z A path returned 202. Retrying...
2023-09-19T01:08:09.7832154Z A path returned 202. Retrying...
2023-09-19T01:08:09.7832539Z A path returned 202. Retrying...
2023-09-19T01:08:09.7833022Z A path returned 202. Retrying...
2023-09-19T01:08:09.7833368Z A path returned 202. Retrying...
2023-09-19T01:08:09.7833675Z A path returned 202. Retrying...
2023-09-19T01:08:09.7834028Z A path returned 202. Retrying...
2023-09-19T01:08:09.7834373Z A path returned 202. Retrying...
2023-09-19T01:08:09.7834697Z A path returned 202. Retrying...
2023-09-19T01:08:09.7835047Z A path returned 202. Retrying...
2023-09-19T01:08:09.7835383Z A path returned 202. Retrying...
2023-09-19T01:08:09.7835725Z A path returned 202. Retrying...
2023-09-19T01:08:09.7836067Z A path returned 202. Retrying...
2023-09-19T01:08:09.7836390Z A path returned 202. Retrying...
2023-09-19T01:08:09.7836737Z A path returned 202. Retrying...
2023-09-19T01:08:09.7837086Z A path returned 202. Retrying...
2023-09-19T01:08:09.7837429Z A path returned 202. Retrying...
2023-09-19T01:08:09.7837753Z A path returned 202. Retrying...
2023-09-19T01:08:09.7838077Z A path returned 202. Retrying...
2023-09-19T01:08:09.7838428Z A path returned 202. Retrying...
2023-09-19T01:08:09.7838805Z A path returned 202. Retrying...
2023-09-19T01:08:09.7839157Z A path returned 202. Retrying...
2023-09-19T01:08:09.7839497Z A path returned 202. Retrying...
2023-09-19T01:08:09.7840338Z A path returned 202. Retrying...
2023-09-19T01:08:09.7840689Z A path returned 202. Retrying...
2023-09-19T01:08:09.7841031Z A path returned 202. Retrying...
2023-09-19T01:08:09.7841374Z A path returned 202. Retrying...
2023-09-19T01:08:09.7841720Z A path returned 202. Retrying...
2023-09-19T01:08:09.7842043Z A path returned 202. Retrying...
2023-09-19T01:08:09.7842380Z A path returned 202. Retrying...
2023-09-19T01:08:09.7842933Z A path returned 202. Retrying...
2023-09-19T01:08:09.7843295Z A path returned 202. Retrying...
2023-09-19T01:08:09.7843642Z A path returned 202. Retrying...
2023-09-19T01:08:09.7843984Z A path returned 202. Retrying...
2023-09-19T01:08:09.7844308Z A path returned 202. Retrying...
2023-09-19T01:08:09.7844650Z A path returned 202. Retrying...
2023-09-19T01:08:09.7844987Z A path returned 202. Retrying...
2023-09-19T01:08:09.7845312Z A path returned 202. Retrying...
2023-09-19T01:08:09.7845661Z A path returned 202. Retrying...
2023-09-19T01:08:09.7846014Z A path returned 202. Retrying...
2023-09-19T01:08:09.7846361Z A path returned 202. Retrying...
2023-09-19T01:08:09.7846694Z A path returned 202. Retrying...
2023-09-19T01:08:09.7847028Z A path returned 202. Retrying...
2023-09-19T01:08:09.7847377Z A path returned 202. Retrying...
2023-09-19T01:08:09.7847720Z A path returned 202. Retrying...
2023-09-19T01:08:09.7848043Z A path returned 202. Retrying...
2023-09-19T01:08:09.7848385Z A path returned 202. Retrying...
2023-09-19T01:08:09.7848713Z A path returned 202. Retrying...
2023-09-19T01:08:09.7849069Z A path returned 202. Retrying...
2023-09-19T01:08:09.7849388Z A path returned 202. Retrying...
2023-09-19T01:08:09.7849729Z A path returned 202. Retrying...
2023-09-19T01:08:09.7850050Z A path returned 202. Retrying...
2023-09-19T01:08:09.7850394Z A path returned 202. Retrying...
2023-09-19T01:08:09.7850715Z A path returned 202. Retrying...
2023-09-19T01:08:09.7851043Z A path returned 202. Retrying...
2023-09-19T01:08:09.7851384Z A path returned 202. Retrying...
2023-09-19T01:08:09.7851721Z A path returned 202. Retrying...
2023-09-19T01:08:09.7852066Z A path returned 202. Retrying...
2023-09-19T01:08:09.7852390Z A path returned 202. Retrying...
2023-09-19T01:08:09.7852736Z A path returned 202. Retrying...
2023-09-19T01:08:09.7853061Z A path returned 202. Retrying...
2023-09-19T01:08:09.7853413Z A path returned 202. Retrying...
2023-09-19T01:08:09.7853754Z A path returned 202. Retrying...
2023-09-19T01:08:09.7854080Z A path returned 202. Retrying...
2023-09-19T01:08:09.7854419Z A path returned 202. Retrying...
2023-09-19T01:08:09.7854739Z A path returned 202. Retrying...
2023-09-19T01:08:09.7855067Z A path returned 202. Retrying...
2023-09-19T01:08:09.7855406Z A path returned 202. Retrying...
2023-09-19T01:08:09.7855752Z A path returned 202. Retrying...
2023-09-19T01:08:09.7856073Z A path returned 202. Retrying...
2023-09-19T01:08:09.7856415Z A path returned 202. Retrying...
2023-09-19T01:08:09.7856759Z A path returned 202. Retrying...
2023-09-19T01:08:09.7857112Z A path returned 202. Retrying...
2023-09-19T01:08:09.7857619Z A path returned 202. Retrying...
2023-09-19T01:08:09.7857965Z A path returned 202. Retrying...
2023-09-19T01:08:09.7858306Z A path returned 202. Retrying...
2023-09-19T01:08:09.7858631Z A path returned 202. Retrying...
2023-09-19T01:08:09.7858975Z A path returned 202. Retrying...
2023-09-19T01:08:09.7859314Z A path returned 202. Retrying...
2023-09-19T01:08:09.7859658Z A path returned 202. Retrying...
2023-09-19T01:08:09.7860019Z A path returned 202. Retrying...
2023-09-19T01:08:09.7860366Z A path returned 202. Retrying...
2023-09-19T01:08:09.7860689Z A path returned 202. Retrying...
2023-09-19T01:08:09.7861033Z A path returned 202. Retrying...
2023-09-19T01:08:09.7861353Z A path returned 202. Retrying...
2023-09-19T01:08:09.7861694Z A path returned 202. Retrying...
2023-09-19T01:08:09.7862017Z A path returned 202. Retrying...
2023-09-19T01:08:09.7862357Z A path returned 202. Retrying...
2023-09-19T01:08:09.7862694Z A path returned 202. Retrying...
2023-09-19T01:08:09.7863236Z A path returned 202. Retrying...
2023-09-19T01:08:09.7863563Z A path returned 202. Retrying...
2023-09-19T01:08:09.7863861Z A path returned 202. Retrying...
2023-09-19T01:08:09.7864211Z A path returned 202. Retrying...
2023-09-19T01:08:09.7864533Z A path returned 202. Retrying...
2023-09-19T01:08:09.7864878Z A path returned 202. Retrying...
2023-09-19T01:08:09.7865197Z A path returned 202. Retrying...
2023-09-19T01:08:09.7865660Z A path returned 202. Retrying...
2023-09-19T01:08:09.7866018Z A path returned 202. Retrying...
2023-09-19T01:08:09.7866360Z A path returned 202. Retrying...
2023-09-19T01:08:09.7866678Z A path returned 202. Retrying...
2023-09-19T01:08:09.7867026Z A path returned 202. Retrying...
2023-09-19T01:08:09.7867350Z A path returned 202. Retrying...
2023-09-19T01:08:09.7867682Z A path returned 202. Retrying...
2023-09-19T01:08:09.7867978Z A path returned 202. Retrying...
2023-09-19T01:08:09.7868256Z A path returned 202. Retrying...
2023-09-19T01:08:09.7868612Z A path returned 202. Retrying...
2023-09-19T01:08:09.7868946Z A path returned 202. Retrying...
2023-09-19T01:08:09.7869293Z A path returned 202. Retrying...
2023-09-19T01:08:09.7869579Z A path returned 202. Retrying...
2023-09-19T01:08:09.7869928Z A path returned 202. Retrying...
2023-09-19T01:08:09.7870250Z A path returned 202. Retrying...
2023-09-19T01:08:09.7870592Z A path returned 202. Retrying...
2023-09-19T01:08:09.7870913Z A path returned 202. Retrying...
2023-09-19T01:08:09.7871249Z A path returned 202. Retrying...
2023-09-19T01:08:09.7871599Z A path returned 202. Retrying...
2023-09-19T01:08:09.7871946Z A path returned 202. Retrying...
2023-09-19T01:08:09.7872267Z A path returned 202. Retrying...
2023-09-19T01:08:09.7872614Z A path returned 202. Retrying...
2023-09-19T01:08:09.7872940Z A path returned 202. Retrying...
2023-09-19T01:08:09.7873288Z A path returned 202. Retrying...
2023-09-19T01:08:09.7873607Z A path returned 202. Retrying...
2023-09-19T01:08:09.7873956Z A path returned 202. Retrying...
2023-09-19T01:08:09.7874304Z A path returned 202. Retrying...
2023-09-19T01:08:09.7874642Z A path returned 202. Retrying...
2023-09-19T01:08:09.7874971Z A path returned 202. Retrying...
2023-09-19T01:08:09.7875301Z A path returned 202. Retrying...
2023-09-19T01:08:09.7875590Z A path returned 202. Retrying...
2023-09-19T01:08:09.7875930Z A path returned 202. Retrying...
2023-09-19T01:08:09.7876256Z A path returned 202. Retrying...
2023-09-19T01:08:09.7876609Z A path returned 202. Retrying...
2023-09-19T01:08:09.7876952Z A path returned 202. Retrying...
2023-09-19T01:08:09.7877295Z A path returned 202. Retrying...
2023-09-19T01:08:09.7877639Z A path returned 202. Retrying...
2023-09-19T01:08:09.7877986Z A path returned 202. Retrying...
2023-09-19T01:08:09.7878310Z A path returned 202. Retrying...
2023-09-19T01:08:09.7878655Z A path returned 202. Retrying...
2023-09-19T01:08:09.7878978Z A path returned 202. Retrying...
2023-09-19T01:08:09.7879310Z A path returned 202. Retrying...
2023-09-19T01:08:09.7879652Z A path returned 202. Retrying...
2023-09-19T01:08:09.7879992Z A path returned 202. Retrying...
2023-09-19T01:08:09.7880319Z A path returned 202. Retrying...
2023-09-19T01:08:09.7880664Z A path returned 202. Retrying...
2023-09-19T01:08:09.7880990Z A path returned 202. Retrying...
2023-09-19T01:08:09.7881329Z A path returned 202. Retrying...
2023-09-19T01:08:09.7881648Z A path returned 202. Retrying...
2023-09-19T01:08:09.7881993Z A path returned 202. Retrying...
2023-09-19T01:08:09.7882323Z A path returned 202. Retrying...
2023-09-19T01:08:09.7882668Z A path returned 202. Retrying...
2023-09-19T01:08:09.7882988Z A path returned 202. Retrying...
2023-09-19T01:08:09.7883332Z A path returned 202. Retrying...
2023-09-19T01:08:09.7883645Z A path returned 202. Retrying...
2023-09-19T01:08:09.7884000Z A path returned 202. Retrying...
2023-09-19T01:08:09.7884329Z A path returned 202. Retrying...
2023-09-19T01:08:09.7884685Z A path returned 202. Retrying...
2023-09-19T01:08:09.7885015Z A path returned 202. Retrying...
2023-09-19T01:08:09.7885543Z A path returned 202. Retrying...
2023-09-19T01:08:09.7885871Z A path returned 202. Retrying...
2023-09-19T01:08:09.7886215Z A path returned 202. Retrying...
2023-09-19T01:08:09.7886541Z A path returned 202. Retrying...
2023-09-19T01:08:09.7886898Z A path returned 202. Retrying...
2023-09-19T01:08:09.7887226Z A path returned 202. Retrying...
2023-09-19T01:08:09.7887579Z A path returned 202. Retrying...
2023-09-19T01:08:09.7887981Z A path returned 202. Retrying...
2023-09-19T01:08:09.7888342Z A path returned 202. Retrying...
2023-09-19T01:08:09.7888672Z A path returned 202. Retrying...
2023-09-19T01:08:09.7889021Z A path returned 202. Retrying...
2023-09-19T01:08:09.7889348Z A path returned 202. Retrying...
2023-09-19T01:08:09.7889697Z A path returned 202. Retrying...
2023-09-19T01:08:09.7890020Z A path returned 202. Retrying...
2023-09-19T01:08:09.7890364Z A path returned 202. Retrying...
2023-09-19T01:08:09.7890687Z A path returned 202. Retrying...
2023-09-19T01:08:09.7891036Z A path returned 202. Retrying...
2023-09-19T01:08:09.7891373Z A path returned 202. Retrying...
2023-09-19T01:08:09.7891726Z A path returned 202. Retrying...
2023-09-19T01:08:09.7892056Z A path returned 202. Retrying...
2023-09-19T01:08:09.7892411Z A path returned 202. Retrying...
2023-09-19T01:08:09.7892766Z A path returned 202. Retrying...
2023-09-19T01:08:09.7893114Z A path returned 202. Retrying...
2023-09-19T01:08:09.7893445Z A path returned 202. Retrying...
2023-09-19T01:08:09.7893809Z A path returned 202. Retrying...
2023-09-19T01:08:09.7894147Z A path returned 202. Retrying...
2023-09-19T01:08:09.7894487Z A path returned 202. Retrying...
2023-09-19T01:08:09.7894831Z A path returned 202. Retrying...
2023-09-19T01:08:09.7895154Z A path returned 202. Retrying...
2023-09-19T01:08:09.7895504Z A path returned 202. Retrying...
2023-09-19T01:08:09.7895825Z A path returned 202. Retrying...
2023-09-19T01:08:09.7896154Z A path returned 202. Retrying...
2023-09-19T01:08:09.7896494Z A path returned 202. Retrying...
2023-09-19T01:08:09.7896848Z A path returned 202. Retrying...
2023-09-19T01:08:09.7897259Z A path returned 202. Retrying...
2023-09-19T01:08:09.7897619Z A path returned 202. Retrying...
2023-09-19T01:08:09.7897966Z A path returned 202. Retrying...
2023-09-19T01:08:09.7898311Z A path returned 202. Retrying...
2023-09-19T01:08:09.7898659Z A path returned 202. Retrying...
2023-09-19T01:08:09.7899004Z A path returned 202. Retrying...
2023-09-19T01:08:09.7899350Z A path returned 202. Retrying...
2023-09-19T01:08:09.7899699Z A path returned 202. Retrying...
2023-09-19T01:08:09.7900043Z A path returned 202. Retrying...
2023-09-19T01:08:09.7900369Z A path returned 202. Retrying...
2023-09-19T01:08:09.7900665Z A path returned 202. Retrying...
2023-09-19T01:08:09.7901017Z A path returned 202. Retrying...
2023-09-19T01:08:09.7901361Z A path returned 202. Retrying...
2023-09-19T01:08:09.7901703Z A path returned 202. Retrying...
2023-09-19T01:08:09.7902047Z A path returned 202. Retrying...
2023-09-19T01:08:09.7902390Z A path returned 202. Retrying...
2023-09-19T01:08:09.7902745Z A path returned 202. Retrying...
2023-09-19T01:08:09.7903089Z A path returned 202. Retrying...
2023-09-19T01:08:09.7903435Z A path returned 202. Retrying...
2023-09-19T01:08:09.7903785Z A path returned 202. Retrying...
2023-09-19T01:08:09.7904169Z A path returned 202. Retrying...
2023-09-19T01:08:09.7904500Z A path returned 202. Retrying...
2023-09-19T01:08:09.7904845Z A path returned 202. Retrying...
2023-09-19T01:08:09.7905203Z A path returned 202. Retrying...
2023-09-19T01:08:09.7905553Z A path returned 202. Retrying...
2023-09-19T01:08:09.7905900Z A path returned 202. Retrying...
2023-09-19T01:08:09.7906253Z A path returned 202. Retrying...
2023-09-19T01:08:09.7906600Z A path returned 202. Retrying...
2023-09-19T01:08:09.7906949Z A path returned 202. Retrying...
2023-09-19T01:08:09.7907309Z A path returned 202. Retrying...
2023-09-19T01:08:09.7907656Z A path returned 202. Retrying...
2023-09-19T01:08:09.7907994Z A path returned 202. Retrying...
2023-09-19T01:08:09.7908526Z A path returned 202. Retrying...
2023-09-19T01:08:09.7908860Z A path returned 202. Retrying...
2023-09-19T01:08:09.7909204Z A path returned 202. Retrying...
2023-09-19T01:08:09.7909551Z A path returned 202. Retrying...
2023-09-19T01:08:09.7909896Z A path returned 202. Retrying...
2023-09-19T01:08:09.7910242Z A path returned 202. Retrying...
2023-09-19T01:08:09.7910587Z A path returned 202. Retrying...
2023-09-19T01:08:09.7911090Z A path returned 202. Retrying...
2023-09-19T01:08:09.7911454Z A path returned 202. Retrying...
2023-09-19T01:08:09.7911797Z A path returned 202. Retrying...
2023-09-19T01:08:09.7912142Z A path returned 202. Retrying...
2023-09-19T01:17:07.0473564Z A path returned 202. Retrying...
2023-09-19T01:17:07.0474100Z A path returned 202. Retrying...
2023-09-19T01:17:07.0474435Z A path returned 202. Retrying...
2023-09-19T01:17:07.0474755Z A path returned 202. Retrying...
2023-09-19T01:17:07.0475075Z A path returned 202. Retrying...
2023-09-19T01:17:07.0475393Z A path returned 202. Retrying...
2023-09-19T01:17:07.0475747Z A path returned 202. Retrying...
2023-09-19T01:17:07.0476068Z A path returned 202. Retrying...
2023-09-19T01:17:07.0476386Z A path returned 202. Retrying...
2023-09-19T01:17:07.0476690Z A path returned 202. Retrying...
2023-09-19T01:17:07.0477004Z A path returned 202. Retrying...
2023-09-19T01:17:07.0477323Z A path returned 202. Retrying...
2023-09-19T01:17:07.0477637Z A path returned 202. Retrying...
2023-09-19T01:17:07.0477976Z A path returned 202. Retrying...
2023-09-19T01:17:07.0478297Z A path returned 202. Retrying...
2023-09-19T01:17:07.0478614Z A path returned 202. Retrying...
2023-09-19T01:17:07.0478927Z A path returned 202. Retrying...
2023-09-19T01:17:07.0479229Z A path returned 202. Retrying...
2023-09-19T01:17:07.0479543Z A path returned 202. Retrying...
2023-09-19T01:17:07.0479864Z A path returned 202. Retrying...
2023-09-19T01:17:07.0480178Z A path returned 202. Retrying...
2023-09-19T01:17:07.0480494Z A path returned 202. Retrying...
2023-09-19T01:17:07.0480820Z A path returned 202. Retrying...
2023-09-19T01:17:07.0481133Z A path returned 202. Retrying...
2023-09-19T01:17:07.0481434Z A path returned 202. Retrying...
2023-09-19T01:17:07.0481749Z A path returned 202. Retrying...
2023-09-19T01:17:07.0482061Z A path returned 202. Retrying...
2023-09-19T01:17:07.0482377Z A path returned 202. Retrying...
2023-09-19T01:17:07.0482692Z A path returned 202. Retrying...
2023-09-19T01:17:07.0483014Z A path returned 202. Retrying...
2023-09-19T01:17:07.0483327Z A path returned 202. Retrying...
2023-09-19T01:17:07.0483644Z A path returned 202. Retrying...
2023-09-19T01:17:07.0483944Z A path returned 202. Retrying...
2023-09-19T01:17:07.0484256Z A path returned 202. Retrying...
2023-09-19T01:17:07.0484575Z A path returned 202. Retrying...
2023-09-19T01:17:07.0484889Z A path returned 202. Retrying...
2023-09-19T01:17:07.0485206Z A path returned 202. Retrying...
2023-09-19T01:17:07.0485517Z A path returned 202. Retrying...
2023-09-19T01:17:07.0485833Z A path returned 202. Retrying...
2023-09-19T01:17:07.0486154Z A path returned 202. Retrying...
2023-09-19T01:17:07.0486455Z A path returned 202. Retrying...
2023-09-19T01:17:07.0486767Z A path returned 202. Retrying...
2023-09-19T01:17:07.0487080Z A path returned 202. Retrying...
2023-09-19T01:17:07.0487397Z A path returned 202. Retrying...
2023-09-19T01:17:07.0487708Z A path returned 202. Retrying...
2023-09-19T01:17:07.0488023Z A path returned 202. Retrying...
2023-09-19T01:17:07.0488346Z A path returned 202. Retrying...
2023-09-19T01:17:07.0488648Z A path returned 202. Retrying...
2023-09-19T01:17:07.0488962Z A path returned 202. Retrying...
2023-09-19T01:17:07.0489281Z A path returned 202. Retrying...
2023-09-19T01:17:07.0489593Z A path returned 202. Retrying...
2023-09-19T01:17:07.0489909Z A path returned 202. Retrying...
2023-09-19T01:17:07.0490223Z A path returned 202. Retrying...
2023-09-19T01:17:07.0490535Z A path returned 202. Retrying...
2023-09-19T01:17:07.0490853Z A path returned 202. Retrying...
2023-09-19T01:17:07.0491659Z A path returned 202. Retrying...
2023-09-19T01:17:07.0491973Z A path returned 202. Retrying...
2023-09-19T01:17:07.0492289Z A path returned 202. Retrying...
2023-09-19T01:17:07.0492602Z A path returned 202. Retrying...
2023-09-19T01:17:07.0492916Z A path returned 202. Retrying...
2023-09-19T01:17:07.0493237Z A path returned 202. Retrying...
2023-09-19T01:17:07.0493553Z A path returned 202. Retrying...
2023-09-19T01:17:07.0494077Z A path returned 202. Retrying...
2023-09-19T01:17:07.0494383Z A path returned 202. Retrying...
2023-09-19T01:17:07.0494697Z A path returned 202. Retrying...
2023-09-19T01:17:07.0495012Z A path returned 202. Retrying...
2023-09-19T01:17:07.0495327Z A path returned 202. Retrying...
2023-09-19T01:17:07.0495647Z A path returned 202. Retrying...
2023-09-19T01:17:07.0495961Z A path returned 202. Retrying...
2023-09-19T01:17:07.0496280Z A path returned 202. Retrying...
2023-09-19T01:17:07.0496581Z A path returned 202. Retrying...
2023-09-19T01:17:07.0496896Z A path returned 202. Retrying...
2023-09-19T01:17:07.0497447Z A path returned 202. Retrying...
2023-09-19T01:17:07.0497769Z A path returned 202. Retrying...
2023-09-19T01:17:07.0498083Z A path returned 202. Retrying...
2023-09-19T01:17:07.0498403Z A path returned 202. Retrying...
2023-09-19T01:17:07.0498718Z A path returned 202. Retrying...
2023-09-19T01:17:07.0499035Z A path returned 202. Retrying...
2023-09-19T01:17:07.0499345Z A path returned 202. Retrying...
2023-09-19T01:17:07.0499669Z A path returned 202. Retrying...
2023-09-19T01:17:07.0499985Z A path returned 202. Retrying...
2023-09-19T01:17:07.0500297Z A path returned 202. Retrying...
2023-09-19T01:17:07.0500611Z A path returned 202. Retrying...
2023-09-19T01:17:07.0500925Z A path returned 202. Retrying...
2023-09-19T01:17:07.0501241Z A path returned 202. Retrying...
2023-09-19T01:17:07.0501556Z A path returned 202. Retrying...
2023-09-19T01:17:07.0501855Z A path returned 202. Retrying...
2023-09-19T01:17:07.0502175Z A path returned 202. Retrying...
2023-09-19T01:17:07.0502507Z A path returned 202. Retrying...
2023-09-19T01:17:07.0502823Z A path returned 202. Retrying...
2023-09-19T01:17:07.0503136Z A path returned 202. Retrying...
2023-09-19T01:17:07.0503448Z A path returned 202. Retrying...
2023-09-19T01:17:07.0503766Z A path returned 202. Retrying...
2023-09-19T01:17:07.0504065Z A path returned 202. Retrying...
2023-09-19T01:17:07.0504380Z A path returned 202. Retrying...
2023-09-19T01:17:07.0504699Z A path returned 202. Retrying...
2023-09-19T01:17:07.0505015Z A path returned 202. Retrying...
2023-09-19T01:17:07.0505329Z A path returned 202. Retrying...
2023-09-19T01:17:07.0505645Z A path returned 202. Retrying...
2023-09-19T01:17:07.0505959Z A path returned 202. Retrying...
2023-09-19T01:17:07.0506278Z A path returned 202. Retrying...
2023-09-19T01:17:07.0506578Z A path returned 202. Retrying...
2023-09-19T01:17:07.0506889Z A path returned 202. Retrying...
2023-09-19T01:17:07.0507209Z A path returned 202. Retrying...
2023-09-19T01:17:07.0507522Z A path returned 202. Retrying...
2023-09-19T01:17:07.0507846Z A path returned 202. Retrying...
2023-09-19T01:17:07.0508160Z A path returned 202. Retrying...
2023-09-19T01:17:07.0508476Z A path returned 202. Retrying...
2023-09-19T01:17:07.0508791Z A path returned 202. Retrying...
2023-09-19T01:17:07.0509093Z A path returned 202. Retrying...
2023-09-19T01:17:07.0509408Z A path returned 202. Retrying...
2023-09-19T01:17:07.0509724Z A path returned 202. Retrying...
2023-09-19T01:17:07.0510045Z A path returned 202. Retrying...
2023-09-19T01:17:07.0510358Z A path returned 202. Retrying...
2023-09-19T01:17:07.0510673Z A path returned 202. Retrying...
2023-09-19T01:17:07.0510989Z A path returned 202. Retrying...
2023-09-19T01:17:07.0511291Z A path returned 202. Retrying...
2023-09-19T01:17:07.0511603Z A path returned 202. Retrying...
2023-09-19T01:17:07.0511917Z A path returned 202. Retrying...
2023-09-19T01:17:07.0512231Z A path returned 202. Retrying...
2023-09-19T01:17:07.0512544Z A path returned 202. Retrying...
2023-09-19T01:17:07.0513011Z A path returned 202. Retrying...
2023-09-19T01:17:07.0513325Z A path returned 202. Retrying...
2023-09-19T01:17:07.0513642Z A path returned 202. Retrying...
2023-09-19T01:17:07.0513941Z A path returned 202. Retrying...
2023-09-19T01:17:07.0514253Z A path returned 202. Retrying...
2023-09-19T01:17:07.0514566Z A path returned 202. Retrying...
2023-09-19T01:17:07.0514879Z A path returned 202. Retrying...
2023-09-19T01:17:07.0515345Z A path returned 202. Retrying...
2023-09-19T01:17:07.0515662Z A path returned 202. Retrying...
2023-09-19T01:17:07.0515978Z A path returned 202. Retrying...
2023-09-19T01:17:07.0516291Z A path returned 202. Retrying...
2023-09-19T01:17:07.0516590Z A path returned 202. Retrying...
2023-09-19T01:17:07.0516903Z A path returned 202. Retrying...
2023-09-19T01:17:07.0517216Z A path returned 202. Retrying...
2023-09-19T01:17:07.0517532Z A path returned 202. Retrying...
2023-09-19T01:17:07.0517850Z A path returned 202. Retrying...
2023-09-19T01:17:07.0518203Z A path returned 202. Retrying...
2023-09-19T01:17:07.0518522Z A path returned 202. Retrying...
2023-09-19T01:17:07.0518824Z A path returned 202. Retrying...
2023-09-19T01:17:07.0519138Z A path returned 202. Retrying...
2023-09-19T01:17:07.0519450Z A path returned 202. Retrying...
2023-09-19T01:17:07.0519764Z A path returned 202. Retrying...
2023-09-19T01:17:07.0520077Z A path returned 202. Retrying...
2023-09-19T01:17:07.0520393Z A path returned 202. Retrying...
2023-09-19T01:17:07.0520711Z A path returned 202. Retrying...
2023-09-19T01:17:07.0521022Z A path returned 202. Retrying...
2023-09-19T01:17:07.0521323Z A path returned 202. Retrying...
2023-09-19T01:17:07.0521634Z A path returned 202. Retrying...
2023-09-19T01:17:07.0521953Z A path returned 202. Retrying...
2023-09-19T01:17:07.0522272Z A path returned 202. Retrying...
2023-09-19T01:17:07.0522585Z A path returned 202. Retrying...
2023-09-19T01:17:07.0522902Z A path returned 202. Retrying...
2023-09-19T01:17:07.0523221Z A path returned 202. Retrying...
2023-09-19T01:17:07.0523540Z A path returned 202. Retrying...
2023-09-19T01:17:07.0523845Z A path returned 202. Retrying...
2023-09-19T01:17:07.0524159Z A path returned 202. Retrying...
2023-09-19T01:17:07.0524477Z A path returned 202. Retrying...
2023-09-19T01:17:07.0524793Z A path returned 202. Retrying...
2023-09-19T01:17:07.0525107Z A path returned 202. Retrying...
2023-09-19T01:17:07.0525426Z A path returned 202. Retrying...
2023-09-19T01:17:07.0525747Z A path returned 202. Retrying...
2023-09-19T01:17:07.0526049Z A path returned 202. Retrying...
2023-09-19T01:17:07.0526363Z A path returned 202. Retrying...
2023-09-19T01:17:07.0526678Z A path returned 202. Retrying...
2023-09-19T01:17:07.0526987Z A path returned 202. Retrying...
2023-09-19T01:17:07.0527303Z A path returned 202. Retrying...
2023-09-19T01:17:07.0527615Z A path returned 202. Retrying...
2023-09-19T01:17:07.0527930Z A path returned 202. Retrying...
2023-09-19T01:17:07.0528249Z A path returned 202. Retrying...
2023-09-19T01:17:07.0528554Z A path returned 202. Retrying...
2023-09-19T01:17:07.0528880Z A path returned 202. Retrying...
2023-09-19T01:17:07.0529196Z A path returned 202. Retrying...
2023-09-19T01:17:07.0529507Z A path returned 202. Retrying...
2023-09-19T01:17:07.0529820Z A path returned 202. Retrying...
2023-09-19T01:17:07.0530135Z A path returned 202. Retrying...
2023-09-19T01:17:07.0530451Z A path returned 202. Retrying...
2023-09-19T01:17:07.0530767Z A path returned 202. Retrying...
2023-09-19T01:17:07.0531074Z A path returned 202. Retrying...
2023-09-19T01:17:07.0531387Z A path returned 202. Retrying...
2023-09-19T01:17:07.0531700Z A path returned 202. Retrying...
2023-09-19T01:17:07.0532015Z A path returned 202. Retrying...
2023-09-19T01:17:07.0532326Z A path returned 202. Retrying...
2023-09-19T01:17:07.0532636Z A path returned 202. Retrying...
2023-09-19T01:17:07.0532951Z A path returned 202. Retrying...
2023-09-19T01:17:07.0533251Z A path returned 202. Retrying...
2023-09-19T01:17:07.0533563Z A path returned 202. Retrying...
2023-09-19T01:17:07.0534013Z A path returned 202. Retrying...
2023-09-19T01:17:07.0534324Z A path returned 202. Retrying...
2023-09-19T01:17:07.0534638Z A path returned 202. Retrying...
2023-09-19T01:17:07.0534951Z A path returned 202. Retrying...
2023-09-19T01:17:07.0535264Z A path returned 202. Retrying...
2023-09-19T01:17:07.0535575Z A path returned 202. Retrying...
2023-09-19T01:17:07.0535875Z A path returned 202. Retrying...
2023-09-19T01:17:07.0536304Z A path returned 202. Retrying...
2023-09-19T01:17:07.0536621Z A path returned 202. Retrying...
2023-09-19T01:17:07.0536933Z A path returned 202. Retrying...
2023-09-19T01:17:07.0537353Z A path returned 202. Retrying...
2023-09-19T01:17:07.0537667Z A path returned 202. Retrying...
2023-09-19T01:17:07.0537980Z A path returned 202. Retrying...
2023-09-19T01:17:07.0538296Z A path returned 202. Retrying...
2023-09-19T01:17:07.0538601Z A path returned 202. Retrying...
2023-09-19T01:17:07.0538914Z A path returned 202. Retrying...
2023-09-19T01:17:07.0539229Z A path returned 202. Retrying...
2023-09-19T01:17:07.0539551Z A path returned 202. Retrying...
2023-09-19T01:17:07.0539868Z A path returned 202. Retrying...
2023-09-19T01:17:07.0540189Z A path returned 202. Retrying...
2023-09-19T01:17:07.0540502Z A path returned 202. Retrying...
2023-09-19T01:17:07.0540800Z A path returned 202. Retrying...
2023-09-19T01:17:07.0541116Z A path returned 202. Retrying...
2023-09-19T01:17:07.0541428Z A path returned 202. Retrying...
2023-09-19T01:17:07.0541750Z A path returned 202. Retrying...
2023-09-19T01:17:07.0542065Z A path returned 202. Retrying...
2023-09-19T01:17:07.0542377Z A path returned 202. Retrying...
2023-09-19T01:17:07.0542688Z A path returned 202. Retrying...
2023-09-19T01:17:07.0543001Z A path returned 202. Retrying...
2023-09-19T01:17:07.0543301Z A path returned 202. Retrying...
2023-09-19T01:17:07.0543616Z A path returned 202. Retrying...
2023-09-19T01:17:07.0543926Z A path returned 202. Retrying...
2023-09-19T01:17:07.0544238Z A path returned 202. Retrying...
2023-09-19T01:17:07.0544555Z A path returned 202. Retrying...
2023-09-19T01:17:07.0544867Z A path returned 202. Retrying...
2023-09-19T01:17:07.0545178Z A path returned 202. Retrying...
2023-09-19T01:17:07.0545487Z A path returned 202. Retrying...
2023-09-19T01:17:07.0560324Z A path returned 202. Retrying...
2023-09-19T01:17:07.0560664Z A path returned 202. Retrying...
2023-09-19T01:17:07.0560956Z A path returned 202. Retrying...
2023-09-19T01:17:07.0561261Z A path returned 202. Retrying...
2023-09-19T01:17:07.0561543Z A path returned 202. Retrying...
2023-09-19T01:17:07.0561821Z A path returned 202. Retrying...
2023-09-19T01:17:07.0562098Z A path returned 202. Retrying...
2023-09-19T01:17:07.0562377Z A path returned 202. Retrying...
2023-09-19T01:17:07.0562642Z A path returned 202. Retrying...
2023-09-19T01:17:07.0562922Z A path returned 202. Retrying...
2023-09-19T01:17:07.0563200Z A path returned 202. Retrying...
2023-09-19T01:17:07.0563479Z A path returned 202. Retrying...
2023-09-19T01:17:07.0563757Z A path returned 202. Retrying...
2023-09-19T01:17:07.0564048Z A path returned 202. Retrying...
2023-09-19T01:17:07.0564325Z A path returned 202. Retrying...
2023-09-19T01:17:07.0564601Z A path returned 202. Retrying...
2023-09-19T01:17:07.0564861Z A path returned 202. Retrying...
2023-09-19T01:17:07.0565133Z A path returned 202. Retrying...
2023-09-19T01:17:07.0565409Z A path returned 202. Retrying...
2023-09-19T01:17:07.0565684Z A path returned 202. Retrying...
2023-09-19T01:17:07.0565970Z A path returned 202. Retrying...
2023-09-19T01:17:07.0566242Z A path returned 202. Retrying...
2023-09-19T01:17:07.0566517Z A path returned 202. Retrying...
2023-09-19T01:17:07.0566778Z A path returned 202. Retrying...
2023-09-19T01:26:06.5485171Z A path returned 202. Retrying...
2023-09-19T01:26:06.5485708Z A path returned 202. Retrying...
2023-09-19T01:26:06.5486118Z A path returned 202. Retrying...
2023-09-19T01:26:06.5486517Z A path returned 202. Retrying...
2023-09-19T01:26:06.5486924Z A path returned 202. Retrying...
2023-09-19T01:26:06.5487807Z A path returned 202. Retrying...
2023-09-19T01:26:06.5488197Z A path returned 202. Retrying...
2023-09-19T01:26:06.5488571Z A path returned 202. Retrying...
2023-09-19T01:26:06.5488976Z A path returned 202. Retrying...
2023-09-19T01:26:06.5489368Z A path returned 202. Retrying...
2023-09-19T01:26:06.5489759Z A path returned 202. Retrying...
2023-09-19T01:26:06.5490151Z A path returned 202. Retrying...
2023-09-19T01:26:06.5490762Z A path returned 202. Retrying...
2023-09-19T01:26:06.5491165Z A path returned 202. Retrying...
2023-09-19T01:26:06.5491573Z A path returned 202. Retrying...
2023-09-19T01:26:06.5491968Z A path returned 202. Retrying...
2023-09-19T01:26:06.5492360Z A path returned 202. Retrying...
2023-09-19T01:26:06.5492748Z A path returned 202. Retrying...
2023-09-19T01:26:06.5493138Z A path returned 202. Retrying...
2023-09-19T01:26:06.5493513Z A path returned 202. Retrying...
2023-09-19T01:26:06.5493904Z A path returned 202. Retrying...
2023-09-19T01:26:06.5494300Z A path returned 202. Retrying...
2023-09-19T01:26:06.5494702Z A path returned 202. Retrying...
2023-09-19T01:26:06.5495093Z A path returned 202. Retrying...
2023-09-19T01:26:06.5495484Z A path returned 202. Retrying...
2023-09-19T01:26:06.5495874Z A path returned 202. Retrying...
2023-09-19T01:26:06.5496263Z A path returned 202. Retrying...
2023-09-19T01:26:06.5496650Z A path returned 202. Retrying...
2023-09-19T01:26:06.5497043Z A path returned 202. Retrying...
2023-09-19T01:26:06.5497590Z A path returned 202. Retrying...
2023-09-19T01:26:06.5497979Z A path returned 202. Retrying...
2023-09-19T01:26:06.5498352Z A path returned 202. Retrying...
2023-09-19T01:26:06.5498742Z A path returned 202. Retrying...
2023-09-19T01:26:06.5499136Z A path returned 202. Retrying...
2023-09-19T01:26:06.5499526Z A path returned 202. Retrying...
2023-09-19T01:26:06.5499917Z A path returned 202. Retrying...
2023-09-19T01:26:06.5500310Z A path returned 202. Retrying...
2023-09-19T01:26:06.5500703Z A path returned 202. Retrying...
2023-09-19T01:26:06.5501101Z A path returned 202. Retrying...
2023-09-19T01:26:06.5501491Z A path returned 202. Retrying...
2023-09-19T01:26:06.5501878Z A path returned 202. Retrying...
2023-09-19T01:26:06.5502264Z A path returned 202. Retrying...
2023-09-19T01:26:06.5502654Z A path returned 202. Retrying...
2023-09-19T01:26:06.5503027Z A path returned 202. Retrying...
2023-09-19T01:26:06.5503414Z A path returned 202. Retrying...
2023-09-19T01:26:06.5503801Z A path returned 202. Retrying...
2023-09-19T01:26:06.5504198Z A path returned 202. Retrying...
2023-09-19T01:26:06.5504588Z A path returned 202. Retrying...
2023-09-19T01:26:06.5504977Z A path returned 202. Retrying...
2023-09-19T01:26:06.5505364Z A path returned 202. Retrying...
2023-09-19T01:26:06.5505753Z A path returned 202. Retrying...
2023-09-19T01:26:06.5506141Z A path returned 202. Retrying...
2023-09-19T01:26:06.5506528Z A path returned 202. Retrying...
2023-09-19T01:26:06.5506920Z A path returned 202. Retrying...
2023-09-19T01:26:06.5507307Z A path returned 202. Retrying...
2023-09-19T01:26:06.5507707Z A path returned 202. Retrying...
2023-09-19T01:26:06.5508084Z A path returned 202. Retrying...
2023-09-19T01:26:06.5508480Z A path returned 202. Retrying...
2023-09-19T01:26:06.5508867Z A path returned 202. Retrying...
2023-09-19T01:26:06.5509255Z A path returned 202. Retrying...
2023-09-19T01:26:06.5509642Z A path returned 202. Retrying...
2023-09-19T01:26:06.5510032Z A path returned 202. Retrying...
2023-09-19T01:26:06.5510431Z A path returned 202. Retrying...
2023-09-19T01:26:06.5510820Z A path returned 202. Retrying...
2023-09-19T01:26:06.5511205Z A path returned 202. Retrying...
2023-09-19T01:26:06.5511594Z A path returned 202. Retrying...
2023-09-19T01:26:06.5511981Z A path returned 202. Retrying...
2023-09-19T01:26:06.5512368Z A path returned 202. Retrying...
2023-09-19T01:26:06.5512743Z A path returned 202. Retrying...
2023-09-19T01:26:06.5513136Z A path returned 202. Retrying...
2023-09-19T01:26:06.5513524Z A path returned 202. Retrying...
2023-09-19T01:26:06.5514122Z A path returned 202. Retrying...
2023-09-19T01:26:06.5514513Z A path returned 202. Retrying...
2023-09-19T01:26:06.5514905Z A path returned 202. Retrying...
2023-09-19T01:26:06.5515296Z A path returned 202. Retrying...
2023-09-19T01:26:06.5515684Z A path returned 202. Retrying...
2023-09-19T01:26:06.5516081Z A path returned 202. Retrying...
2023-09-19T01:26:06.5516470Z A path returned 202. Retrying...
2023-09-19T01:26:06.5516858Z A path returned 202. Retrying...
2023-09-19T01:26:06.5517393Z A path returned 202. Retrying...
2023-09-19T01:26:06.5517782Z A path returned 202. Retrying...
2023-09-19T01:26:06.5518189Z A path returned 202. Retrying...
2023-09-19T01:26:06.5518579Z A path returned 202. Retrying...
2023-09-19T01:26:06.5518974Z A path returned 202. Retrying...
2023-09-19T01:26:06.5519366Z A path returned 202. Retrying...
2023-09-19T01:26:06.5519758Z A path returned 202. Retrying...
2023-09-19T01:26:06.5520148Z A path returned 202. Retrying...
2023-09-19T01:26:06.5520539Z A path returned 202. Retrying...
2023-09-19T01:26:06.5520933Z A path returned 202. Retrying...
2023-09-19T01:26:06.5521321Z A path returned 202. Retrying...
2023-09-19T01:26:06.5521709Z A path returned 202. Retrying...
2023-09-19T01:26:06.5522101Z A path returned 202. Retrying...
2023-09-19T01:26:06.5522474Z A path returned 202. Retrying...
2023-09-19T01:26:06.5522863Z A path returned 202. Retrying...
2023-09-19T01:26:06.5523254Z A path returned 202. Retrying...
2023-09-19T01:26:06.5523651Z A path returned 202. Retrying...
2023-09-19T01:26:06.5524040Z A path returned 202. Retrying...
2023-09-19T01:26:06.5524428Z A path returned 202. Retrying...
2023-09-19T01:26:06.5524817Z A path returned 202. Retrying...
2023-09-19T01:26:06.5525202Z A path returned 202. Retrying...
2023-09-19T01:26:06.5525589Z A path returned 202. Retrying...
2023-09-19T01:26:06.5525977Z A path returned 202. Retrying...
2023-09-19T01:26:06.5526367Z A path returned 202. Retrying...
2023-09-19T01:26:06.5526751Z A path returned 202. Retrying...
2023-09-19T01:26:06.5527128Z A path returned 202. Retrying...
2023-09-19T01:26:06.5527516Z A path returned 202. Retrying...
2023-09-19T01:26:06.5527912Z A path returned 202. Retrying...
2023-09-19T01:26:06.5528300Z A path returned 202. Retrying...
2023-09-19T01:26:06.5528696Z A path returned 202. Retrying...
2023-09-19T01:26:06.5529088Z A path returned 202. Retrying...
2023-09-19T01:26:06.5529479Z A path returned 202. Retrying...
2023-09-19T01:26:06.5529868Z A path returned 202. Retrying...
2023-09-19T01:26:06.5530268Z A path returned 202. Retrying...
2023-09-19T01:26:06.5530652Z A path returned 202. Retrying...
2023-09-19T01:26:06.5531039Z A path returned 202. Retrying...
2023-09-19T01:26:06.5531427Z A path returned 202. Retrying...
2023-09-19T01:26:06.5531803Z A path returned 202. Retrying...
2023-09-19T01:26:06.5532188Z A path returned 202. Retrying...
2023-09-19T01:26:06.5532579Z A path returned 202. Retrying...
2023-09-19T01:26:06.5532968Z A path returned 202. Retrying...
2023-09-19T01:26:06.5533362Z A path returned 202. Retrying...
2023-09-19T01:26:06.5533759Z A path returned 202. Retrying...
2023-09-19T01:26:06.5534148Z A path returned 202. Retrying...
2023-09-19T01:26:06.5534536Z A path returned 202. Retrying...
2023-09-19T01:26:06.5534913Z A path returned 202. Retrying...
2023-09-19T01:26:06.5535235Z A path returned 202. Retrying...
2023-09-19T01:26:06.5535551Z A path returned 202. Retrying...
2023-09-19T01:26:06.5535852Z A path returned 202. Retrying...
2023-09-19T01:26:06.5536182Z A path returned 202. Retrying...
2023-09-19T01:26:06.5536498Z A path returned 202. Retrying...
2023-09-19T01:26:06.5536815Z A path returned 202. Retrying...
2023-09-19T01:26:06.5537259Z A path returned 202. Retrying...
2023-09-19T01:26:06.5537580Z A path returned 202. Retrying...
2023-09-19T01:26:06.5537895Z A path returned 202. Retrying...
2023-09-19T01:26:06.5538212Z A path returned 202. Retrying...
2023-09-19T01:26:06.5538514Z A path returned 202. Retrying...
2023-09-19T01:26:06.5538833Z A path returned 202. Retrying...
2023-09-19T01:26:06.5539335Z A path returned 202. Retrying...
2023-09-19T01:26:06.5539653Z A path returned 202. Retrying...
2023-09-19T01:26:06.5539969Z A path returned 202. Retrying...
2023-09-19T01:26:06.5540285Z A path returned 202. Retrying...
2023-09-19T01:26:06.5540602Z A path returned 202. Retrying...
2023-09-19T01:26:06.5541055Z A path returned 202. Retrying...
2023-09-19T01:26:06.5541317Z A path returned 202. Retrying...
2023-09-19T01:26:06.5541593Z A path returned 202. Retrying...
2023-09-19T01:26:06.5542116Z A path returned 202. Retrying...
2023-09-19T01:26:06.5542472Z A path returned 202. Retrying...
2023-09-19T01:26:06.5542816Z A path returned 202. Retrying...
2023-09-19T01:26:06.5543158Z A path returned 202. Retrying...
2023-09-19T01:26:06.5543504Z A path returned 202. Retrying...
2023-09-19T01:26:06.5543847Z A path returned 202. Retrying...
2023-09-19T01:26:06.5544187Z A path returned 202. Retrying...
2023-09-19T01:26:06.5544529Z A path returned 202. Retrying...
2023-09-19T01:26:06.5544876Z A path returned 202. Retrying...
2023-09-19T01:26:06.5545209Z A path returned 202. Retrying...
2023-09-19T01:26:06.5545551Z A path returned 202. Retrying...
2023-09-19T01:26:06.5545902Z A path returned 202. Retrying...
2023-09-19T01:26:06.5546243Z A path returned 202. Retrying...
2023-09-19T01:26:06.5546583Z A path returned 202. Retrying...
2023-09-19T01:26:06.5546930Z A path returned 202. Retrying...
2023-09-19T01:26:06.5547276Z A path returned 202. Retrying...
2023-09-19T01:26:06.5547632Z A path returned 202. Retrying...
2023-09-19T01:26:06.5547974Z A path returned 202. Retrying...
2023-09-19T01:26:06.5548315Z A path returned 202. Retrying...
2023-09-19T01:26:06.5548657Z A path returned 202. Retrying...
2023-09-19T01:26:06.5548999Z A path returned 202. Retrying...
2023-09-19T01:26:06.5549325Z A path returned 202. Retrying...
2023-09-19T01:26:06.5549665Z A path returned 202. Retrying...
2023-09-19T01:26:06.5550009Z A path returned 202. Retrying...
2023-09-19T01:26:06.5550356Z A path returned 202. Retrying...
2023-09-19T01:26:06.5550703Z A path returned 202. Retrying...
2023-09-19T01:26:06.5551045Z A path returned 202. Retrying...
2023-09-19T01:26:06.5551390Z A path returned 202. Retrying...
2023-09-19T01:26:06.5551731Z A path returned 202. Retrying...
2023-09-19T01:26:06.5552070Z A path returned 202. Retrying...
2023-09-19T01:26:06.5552408Z A path returned 202. Retrying...
2023-09-19T01:26:06.5552755Z A path returned 202. Retrying...
2023-09-19T01:26:06.5553095Z A path returned 202. Retrying...
2023-09-19T01:26:06.5553429Z A path returned 202. Retrying...
2023-09-19T01:26:06.5553769Z A path returned 202. Retrying...
2023-09-19T01:26:06.5554114Z A path returned 202. Retrying...
2023-09-19T01:26:06.5554458Z A path returned 202. Retrying...
2023-09-19T01:26:06.5554804Z A path returned 202. Retrying...
2023-09-19T01:26:06.5555149Z A path returned 202. Retrying...
2023-09-19T01:26:06.5555491Z A path returned 202. Retrying...
2023-09-19T01:26:06.5555838Z A path returned 202. Retrying...
2023-09-19T01:26:06.5556180Z A path returned 202. Retrying...
2023-09-19T01:26:06.5556530Z A path returned 202. Retrying...
2023-09-19T01:26:06.5556873Z A path returned 202. Retrying...
2023-09-19T01:26:06.5557215Z A path returned 202. Retrying...
2023-09-19T01:26:06.5557547Z A path returned 202. Retrying...
2023-09-19T01:26:06.5557885Z A path returned 202. Retrying...
2023-09-19T01:26:06.5558229Z A path returned 202. Retrying...
2023-09-19T01:26:06.5558575Z A path returned 202. Retrying...
2023-09-19T01:26:06.5558926Z A path returned 202. Retrying...
2023-09-19T01:26:06.5559269Z A path returned 202. Retrying...
2023-09-19T01:26:06.5559610Z A path returned 202. Retrying...
2023-09-19T01:26:06.5559952Z A path returned 202. Retrying...
2023-09-19T01:26:06.5560296Z A path returned 202. Retrying...
2023-09-19T01:26:06.5560635Z A path returned 202. Retrying...
2023-09-19T01:26:06.5560975Z A path returned 202. Retrying...
2023-09-19T01:26:06.5561313Z A path returned 202. Retrying...
2023-09-19T01:26:06.5561654Z A path returned 202. Retrying...
2023-09-19T01:26:06.5561979Z A path returned 202. Retrying...
2023-09-19T01:26:06.5562462Z A path returned 202. Retrying...
2023-09-19T01:26:06.5562805Z A path returned 202. Retrying...
2023-09-19T01:26:06.5563151Z A path returned 202. Retrying...
2023-09-19T01:26:06.5563492Z A path returned 202. Retrying...
2023-09-19T01:26:06.5563834Z A path returned 202. Retrying...
2023-09-19T01:26:06.5564175Z A path returned 202. Retrying...
2023-09-19T01:26:06.5564517Z A path returned 202. Retrying...
2023-09-19T01:26:06.5565031Z A path returned 202. Retrying...
2023-09-19T01:26:06.5565389Z A path returned 202. Retrying...
2023-09-19T01:26:06.5565732Z A path returned 202. Retrying...
2023-09-19T01:26:06.5566070Z A path returned 202. Retrying...
2023-09-19T01:26:06.5566394Z A path returned 202. Retrying...
2023-09-19T01:26:06.5566740Z A path returned 202. Retrying...
2023-09-19T01:26:06.5567084Z A path returned 202. Retrying...
2023-09-19T01:26:06.5567427Z A path returned 202. Retrying...
2023-09-19T01:26:06.5567773Z A path returned 202. Retrying...
2023-09-19T01:26:06.5568126Z A path returned 202. Retrying...
2023-09-19T01:26:06.5568466Z A path returned 202. Retrying...
2023-09-19T01:26:06.5568806Z A path returned 202. Retrying...
2023-09-19T01:26:06.5569151Z A path returned 202. Retrying...
2023-09-19T01:26:06.5569492Z A path returned 202. Retrying...
2023-09-19T01:26:06.5569830Z A path returned 202. Retrying...
2023-09-19T01:26:06.5570168Z A path returned 202. Retrying...
2023-09-19T01:26:06.5570500Z A path returned 202. Retrying...
2023-09-19T01:26:06.5570840Z A path returned 202. Retrying...
2023-09-19T01:26:06.5571184Z A path returned 202. Retrying...
2023-09-19T01:26:06.5571531Z A path returned 202. Retrying...
2023-09-19T01:26:06.5571877Z A path returned 202. Retrying...
2023-09-19T01:26:06.5572222Z A path returned 202. Retrying...
2023-09-19T01:26:06.5572572Z A path returned 202. Retrying...
2023-09-19T01:26:06.5572914Z A path returned 202. Retrying...
2023-09-19T01:26:06.5573254Z A path returned 202. Retrying...
2023-09-19T01:26:06.5573597Z A path returned 202. Retrying...
2023-09-19T01:26:06.5573943Z A path returned 202. Retrying...
2023-09-19T01:26:06.5574278Z A path returned 202. Retrying...
2023-09-19T01:26:06.5574604Z A path returned 202. Retrying...
2023-09-19T01:26:06.5574951Z A path returned 202. Retrying...
2023-09-19T01:26:06.5575296Z A path returned 202. Retrying...
2023-09-19T01:26:06.5575640Z A path returned 202. Retrying...
2023-09-19T01:26:06.5575983Z A path returned 202. Retrying...
2023-09-19T01:26:06.5576333Z A path returned 202. Retrying...
2023-09-19T01:26:06.5576676Z A path returned 202. Retrying...
2023-09-19T01:26:06.5577017Z A path returned 202. Retrying...
2023-09-19T01:26:06.5577610Z A path returned 202. Retrying...
2023-09-19T01:35:01.9856151Z A path returned 202. Retrying...
2023-09-19T01:35:01.9856655Z A path returned 202. Retrying...
2023-09-19T01:35:01.9856992Z A path returned 202. Retrying...
2023-09-19T01:35:01.9857600Z A path returned 202. Retrying...
2023-09-19T01:35:01.9857913Z A path returned 202. Retrying...
2023-09-19T01:35:01.9858265Z A path returned 202. Retrying...
2023-09-19T01:35:01.9858586Z A path returned 202. Retrying...
2023-09-19T01:35:01.9858904Z A path returned 202. Retrying...
2023-09-19T01:35:01.9859219Z A path returned 202. Retrying...
2023-09-19T01:35:01.9859531Z A path returned 202. Retrying...
2023-09-19T01:35:01.9859849Z A path returned 202. Retrying...
2023-09-19T01:35:01.9860163Z A path returned 202. Retrying...
2023-09-19T01:35:01.9860487Z A path returned 202. Retrying...
2023-09-19T01:35:01.9860801Z A path returned 202. Retrying...
2023-09-19T01:35:01.9861113Z A path returned 202. Retrying...
2023-09-19T01:35:01.9861423Z A path returned 202. Retrying...
2023-09-19T01:35:01.9861736Z A path returned 202. Retrying...
2023-09-19T01:35:01.9862049Z A path returned 202. Retrying...
2023-09-19T01:35:01.9862362Z A path returned 202. Retrying...
2023-09-19T01:35:01.9862772Z A path returned 202. Retrying...
2023-09-19T01:35:01.9863083Z A path returned 202. Retrying...
2023-09-19T01:35:01.9863394Z A path returned 202. Retrying...
2023-09-19T01:35:01.9864180Z A path returned 202. Retrying...
2023-09-19T01:35:01.9864482Z A path returned 202. Retrying...
2023-09-19T01:35:01.9864793Z A path returned 202. Retrying...
2023-09-19T01:35:01.9865104Z A path returned 202. Retrying...
2023-09-19T01:35:01.9865419Z A path returned 202. Retrying...
2023-09-19T01:35:01.9865738Z A path returned 202. Retrying...
2023-09-19T01:35:01.9866053Z A path returned 202. Retrying...
2023-09-19T01:35:01.9866557Z A path returned 202. Retrying...
2023-09-19T01:35:01.9866878Z A path returned 202. Retrying...
2023-09-19T01:35:01.9867178Z A path returned 202. Retrying...
2023-09-19T01:35:01.9867490Z A path returned 202. Retrying...
2023-09-19T01:35:01.9867808Z A path returned 202. Retrying...
2023-09-19T01:35:01.9868120Z A path returned 202. Retrying...
2023-09-19T01:35:01.9868437Z A path returned 202. Retrying...
2023-09-19T01:35:01.9868757Z A path returned 202. Retrying...
2023-09-19T01:35:01.9869069Z A path returned 202. Retrying...
2023-09-19T01:35:01.9869385Z A path returned 202. Retrying...
2023-09-19T01:35:01.9869684Z A path returned 202. Retrying...
2023-09-19T01:35:01.9869995Z A path returned 202. Retrying...
2023-09-19T01:35:01.9870306Z A path returned 202. Retrying...
2023-09-19T01:35:01.9870630Z A path returned 202. Retrying...
2023-09-19T01:35:01.9870947Z A path returned 202. Retrying...
2023-09-19T01:35:01.9871245Z A path returned 202. Retrying...
2023-09-19T01:35:01.9871566Z A path returned 202. Retrying...
2023-09-19T01:35:01.9871884Z A path returned 202. Retrying...
2023-09-19T01:35:01.9872197Z A path returned 202. Retrying...
2023-09-19T01:35:01.9872513Z A path returned 202. Retrying...
2023-09-19T01:35:01.9872831Z A path returned 202. Retrying...
2023-09-19T01:35:01.9873143Z A path returned 202. Retrying...
2023-09-19T01:35:01.9873457Z A path returned 202. Retrying...
2023-09-19T01:35:01.9873757Z A path returned 202. Retrying...
2023-09-19T01:35:01.9874074Z A path returned 202. Retrying...
2023-09-19T01:35:01.9874480Z A path returned 202. Retrying...
2023-09-19T01:35:01.9874763Z A path returned 202. Retrying...
2023-09-19T01:35:01.9875037Z A path returned 202. Retrying...
2023-09-19T01:35:01.9875314Z A path returned 202. Retrying...
2023-09-19T01:35:01.9875588Z A path returned 202. Retrying...
2023-09-19T01:35:01.9875861Z A path returned 202. Retrying...
2023-09-19T01:35:01.9876121Z A path returned 202. Retrying...
2023-09-19T01:35:01.9876395Z A path returned 202. Retrying...
2023-09-19T01:35:01.9876680Z A path returned 202. Retrying...
2023-09-19T01:35:01.9876958Z A path returned 202. Retrying...
2023-09-19T01:35:01.9877234Z A path returned 202. Retrying...
2023-09-19T01:35:01.9877513Z A path returned 202. Retrying...
2023-09-19T01:35:01.9877788Z A path returned 202. Retrying...
2023-09-19T01:35:01.9878049Z A path returned 202. Retrying...
2023-09-19T01:35:01.9878325Z A path returned 202. Retrying...
2023-09-19T01:35:01.9878600Z A path returned 202. Retrying...
2023-09-19T01:35:01.9878875Z A path returned 202. Retrying...
2023-09-19T01:35:01.9879154Z A path returned 202. Retrying...
2023-09-19T01:35:01.9879429Z A path returned 202. Retrying...
2023-09-19T01:35:01.9879746Z A path returned 202. Retrying...
2023-09-19T01:35:01.9880026Z A path returned 202. Retrying...
2023-09-19T01:35:01.9880286Z A path returned 202. Retrying...
2023-09-19T01:35:01.9880564Z A path returned 202. Retrying...
2023-09-19T01:35:01.9880839Z A path returned 202. Retrying...
2023-09-19T01:35:01.9881126Z A path returned 202. Retrying...
2023-09-19T01:35:01.9881402Z A path returned 202. Retrying...
2023-09-19T01:35:01.9881679Z A path returned 202. Retrying...
2023-09-19T01:35:01.9881952Z A path returned 202. Retrying...
2023-09-19T01:35:01.9882226Z A path returned 202. Retrying...
2023-09-19T01:35:01.9882490Z A path returned 202. Retrying...
2023-09-19T01:35:01.9882766Z A path returned 202. Retrying...
2023-09-19T01:35:01.9883041Z A path returned 202. Retrying...
2023-09-19T01:35:01.9883318Z A path returned 202. Retrying...
2023-09-19T01:35:01.9883592Z A path returned 202. Retrying...
2023-09-19T01:35:01.9884035Z A path returned 202. Retrying...
2023-09-19T01:35:01.9884311Z A path returned 202. Retrying...
2023-09-19T01:35:01.9884587Z A path returned 202. Retrying...
2023-09-19T01:35:01.9884849Z A path returned 202. Retrying...
2023-09-19T01:35:01.9885123Z A path returned 202. Retrying...
2023-09-19T01:35:01.9885402Z A path returned 202. Retrying...
2023-09-19T01:35:01.9885679Z A path returned 202. Retrying...
2023-09-19T01:35:01.9886063Z A path returned 202. Retrying...
2023-09-19T01:35:01.9886344Z A path returned 202. Retrying...
2023-09-19T01:35:01.9886618Z A path returned 202. Retrying...
2023-09-19T01:35:01.9886879Z A path returned 202. Retrying...
2023-09-19T01:35:01.9887154Z A path returned 202. Retrying...
2023-09-19T01:35:01.9887429Z A path returned 202. Retrying...
2023-09-19T01:35:01.9887705Z A path returned 202. Retrying...
2023-09-19T01:35:01.9887978Z A path returned 202. Retrying...
2023-09-19T01:35:01.9888255Z A path returned 202. Retrying...
2023-09-19T01:35:01.9888535Z A path returned 202. Retrying...
2023-09-19T01:35:01.9888810Z A path returned 202. Retrying...
2023-09-19T01:35:01.9889071Z A path returned 202. Retrying...
2023-09-19T01:35:01.9889344Z A path returned 202. Retrying...
2023-09-19T01:35:01.9889622Z A path returned 202. Retrying...
2023-09-19T01:35:01.9889896Z A path returned 202. Retrying...
2023-09-19T01:35:01.9890172Z A path returned 202. Retrying...
2023-09-19T01:35:01.9890451Z A path returned 202. Retrying...
2023-09-19T01:35:01.9890727Z A path returned 202. Retrying...
2023-09-19T01:35:01.9891005Z A path returned 202. Retrying...
2023-09-19T01:35:01.9891266Z A path returned 202. Retrying...
2023-09-19T01:35:01.9891542Z A path returned 202. Retrying...
2023-09-19T01:35:01.9891817Z A path returned 202. Retrying...
2023-09-19T01:35:01.9892092Z A path returned 202. Retrying...
2023-09-19T01:35:01.9892367Z A path returned 202. Retrying...
2023-09-19T01:35:01.9892647Z A path returned 202. Retrying...
2023-09-19T01:35:01.9892923Z A path returned 202. Retrying...
2023-09-19T01:35:01.9893189Z A path returned 202. Retrying...
2023-09-19T01:35:01.9893469Z A path returned 202. Retrying...
2023-09-19T01:35:01.9893742Z A path returned 202. Retrying...
2023-09-19T01:35:01.9894017Z A path returned 202. Retrying...
2023-09-19T01:35:01.9894292Z A path returned 202. Retrying...
2023-09-19T01:35:01.9894567Z A path returned 202. Retrying...
2023-09-19T01:35:01.9894843Z A path returned 202. Retrying...
2023-09-19T01:35:01.9895122Z A path returned 202. Retrying...
2023-09-19T01:35:01.9895389Z A path returned 202. Retrying...
2023-09-19T01:35:01.9895662Z A path returned 202. Retrying...
2023-09-19T01:35:01.9895941Z A path returned 202. Retrying...
2023-09-19T01:35:01.9896217Z A path returned 202. Retrying...
2023-09-19T01:35:01.9896493Z A path returned 202. Retrying...
2023-09-19T01:35:01.9896766Z A path returned 202. Retrying...
2023-09-19T01:35:01.9897040Z A path returned 202. Retrying...
2023-09-19T01:35:01.9897433Z A path returned 202. Retrying...
2023-09-19T01:35:01.9897703Z A path returned 202. Retrying...
2023-09-19T01:35:01.9897978Z A path returned 202. Retrying...
2023-09-19T01:35:01.9898253Z A path returned 202. Retrying...
2023-09-19T01:35:01.9898534Z A path returned 202. Retrying...
2023-09-19T01:35:01.9898811Z A path returned 202. Retrying...
2023-09-19T01:35:01.9899085Z A path returned 202. Retrying...
2023-09-19T01:35:01.9899364Z A path returned 202. Retrying...
2023-09-19T01:35:01.9899630Z A path returned 202. Retrying...
2023-09-19T01:35:01.9899906Z A path returned 202. Retrying...
2023-09-19T01:35:01.9900184Z A path returned 202. Retrying...
2023-09-19T01:35:01.9900457Z A path returned 202. Retrying...
2023-09-19T01:35:01.9900732Z A path returned 202. Retrying...
2023-09-19T01:35:01.9901009Z A path returned 202. Retrying...
2023-09-19T01:35:01.9901284Z A path returned 202. Retrying...
2023-09-19T01:35:01.9901558Z A path returned 202. Retrying...
2023-09-19T01:35:01.9901817Z A path returned 202. Retrying...
2023-09-19T01:35:01.9902090Z A path returned 202. Retrying...
2023-09-19T01:35:01.9902538Z A path returned 202. Retrying...
2023-09-19T01:35:01.9902813Z A path returned 202. Retrying...
2023-09-19T01:35:01.9903089Z A path returned 202. Retrying...
2023-09-19T01:35:01.9903367Z A path returned 202. Retrying...
2023-09-19T01:35:01.9903643Z A path returned 202. Retrying...
2023-09-19T01:35:01.9903917Z A path returned 202. Retrying...
2023-09-19T01:35:01.9904178Z A path returned 202. Retrying...
2023-09-19T01:35:01.9904570Z A path returned 202. Retrying...
2023-09-19T01:35:01.9904849Z A path returned 202. Retrying...
2023-09-19T01:35:01.9905129Z A path returned 202. Retrying...
2023-09-19T01:35:01.9905405Z A path returned 202. Retrying...
2023-09-19T01:35:01.9905678Z A path returned 202. Retrying...
2023-09-19T01:35:01.9905954Z A path returned 202. Retrying...
2023-09-19T01:35:01.9906213Z A path returned 202. Retrying...
2023-09-19T01:35:01.9906498Z A path returned 202. Retrying...
2023-09-19T01:35:01.9906771Z A path returned 202. Retrying...
2023-09-19T01:35:01.9907051Z A path returned 202. Retrying...
2023-09-19T01:35:01.9907325Z A path returned 202. Retrying...
2023-09-19T01:35:01.9907604Z A path returned 202. Retrying...
2023-09-19T01:35:01.9907879Z A path returned 202. Retrying...
2023-09-19T01:35:01.9908155Z A path returned 202. Retrying...
2023-09-19T01:35:01.9908414Z A path returned 202. Retrying...
2023-09-19T01:35:01.9908688Z A path returned 202. Retrying...
2023-09-19T01:35:01.9908975Z A path returned 202. Retrying...
2023-09-19T01:35:01.9909253Z A path returned 202. Retrying...
2023-09-19T01:35:01.9909526Z A path returned 202. Retrying...
2023-09-19T01:35:01.9909802Z A path returned 202. Retrying...
2023-09-19T01:35:01.9910078Z A path returned 202. Retrying...
2023-09-19T01:35:01.9910355Z A path returned 202. Retrying...
2023-09-19T01:35:01.9910615Z A path returned 202. Retrying...
2023-09-19T01:35:01.9910892Z A path returned 202. Retrying...
2023-09-19T01:35:01.9911175Z A path returned 202. Retrying...
2023-09-19T01:35:01.9911450Z A path returned 202. Retrying...
2023-09-19T01:35:01.9911732Z A path returned 202. Retrying...
2023-09-19T01:35:01.9912007Z A path returned 202. Retrying...
2023-09-19T01:35:01.9912282Z A path returned 202. Retrying...
2023-09-19T01:35:01.9912542Z A path returned 202. Retrying...
2023-09-19T01:35:01.9912818Z A path returned 202. Retrying...
2023-09-19T01:35:01.9913095Z A path returned 202. Retrying...
2023-09-19T01:35:01.9913374Z A path returned 202. Retrying...
2023-09-19T01:35:01.9913658Z A path returned 202. Retrying...
2023-09-19T01:35:01.9913933Z A path returned 202. Retrying...
2023-09-19T01:35:01.9914211Z A path returned 202. Retrying...
2023-09-19T01:35:01.9914490Z A path returned 202. Retrying...
2023-09-19T01:35:01.9914755Z A path returned 202. Retrying...
2023-09-19T01:35:01.9915033Z A path returned 202. Retrying...
2023-09-19T01:35:01.9915308Z A path returned 202. Retrying...
2023-09-19T01:35:01.9915588Z A path returned 202. Retrying...
2023-09-19T01:35:01.9915863Z A path returned 202. Retrying...
2023-09-19T01:35:01.9916151Z A path returned 202. Retrying...
2023-09-19T01:35:01.9916428Z A path returned 202. Retrying...
2023-09-19T01:35:01.9916703Z A path returned 202. Retrying...
2023-09-19T01:35:01.9916966Z A path returned 202. Retrying...
2023-09-19T01:35:01.9917240Z A path returned 202. Retrying...
2023-09-19T01:35:01.9917517Z A path returned 202. Retrying...
2023-09-19T01:35:01.9917793Z A path returned 202. Retrying...
2023-09-19T01:35:01.9918072Z A path returned 202. Retrying...
2023-09-19T01:35:01.9918348Z A path returned 202. Retrying...
2023-09-19T01:35:01.9918623Z A path returned 202. Retrying...
2023-09-19T01:35:01.9918884Z A path returned 202. Retrying...
2023-09-19T01:35:01.9919160Z A path returned 202. Retrying...
2023-09-19T01:35:01.9919435Z A path returned 202. Retrying...
2023-09-19T01:35:01.9919713Z A path returned 202. Retrying...
2023-09-19T01:35:01.9919987Z A path returned 202. Retrying...
2023-09-19T01:35:01.9920263Z A path returned 202. Retrying...
2023-09-19T01:35:01.9920537Z A path returned 202. Retrying...
2023-09-19T01:35:01.9920944Z A path returned 202. Retrying...
2023-09-19T01:35:01.9921205Z A path returned 202. Retrying...
2023-09-19T01:35:01.9921481Z A path returned 202. Retrying...
2023-09-19T01:35:01.9921760Z A path returned 202. Retrying...
2023-09-19T01:35:01.9922037Z A path returned 202. Retrying...
2023-09-19T01:35:01.9922315Z A path returned 202. Retrying...
2023-09-19T01:35:01.9922590Z A path returned 202. Retrying...
2023-09-19T01:35:01.9923002Z A path returned 202. Retrying...
2023-09-19T01:35:01.9923286Z A path returned 202. Retrying...
2023-09-19T01:35:01.9923550Z A path returned 202. Retrying...
2023-09-19T01:35:01.9923826Z A path returned 202. Retrying...
2023-09-19T01:35:01.9924103Z A path returned 202. Retrying...
2023-09-19T01:35:01.9924382Z A path returned 202. Retrying...
2023-09-19T01:35:01.9924660Z A path returned 202. Retrying...
2023-09-19T01:35:01.9924935Z A path returned 202. Retrying...
2023-09-19T01:35:01.9925211Z A path returned 202. Retrying...
2023-09-19T01:35:01.9925478Z A path returned 202. Retrying...
2023-09-19T01:35:01.9925755Z A path returned 202. Retrying...
2023-09-19T01:35:01.9926031Z A path returned 202. Retrying...
2023-09-19T01:35:01.9926309Z A path returned 202. Retrying...
2023-09-19T01:35:01.9926584Z A path returned 202. Retrying...
2023-09-19T01:35:01.9926960Z A path returned 202. Retrying...
2023-09-19T01:35:01.9927244Z A path returned 202. Retrying...
2023-09-19T01:35:01.9927528Z A path returned 202. Retrying...
2023-09-19T01:35:01.9927792Z A path returned 202. Retrying...
2023-09-19T01:35:01.9928071Z A path returned 202. Retrying...
2023-09-19T01:35:01.9928347Z A path returned 202. Retrying...
2023-09-19T01:35:01.9928622Z A path returned 202. Retrying...
2023-09-19T01:41:56.7662530Z A path returned 202. Retrying...
2023-09-19T01:41:56.7668874Z A path returned 202. Retrying...
2023-09-19T01:41:56.7669741Z A path returned 202. Retrying...
2023-09-19T01:41:56.7670128Z A path returned 202. Retrying...
2023-09-19T01:41:56.7670459Z A path returned 202. Retrying...
2023-09-19T01:41:56.7670890Z A path returned 202. Retrying...
2023-09-19T01:41:56.7671206Z A path returned 202. Retrying...
2023-09-19T01:41:56.7671523Z A path returned 202. Retrying...
2023-09-19T01:41:56.7671842Z A path returned 202. Retrying...
2023-09-19T01:41:56.7672161Z A path returned 202. Retrying...
2023-09-19T01:41:56.7672462Z A path returned 202. Retrying...
2023-09-19T01:41:56.7672779Z A path returned 202. Retrying...
2023-09-19T01:41:56.7673100Z A path returned 202. Retrying...
2023-09-19T01:41:56.7673418Z A path returned 202. Retrying...
2023-09-19T01:41:56.7673735Z A path returned 202. Retrying...
2023-09-19T01:41:56.7674048Z A path returned 202. Retrying...
2023-09-19T01:41:56.7674362Z A path returned 202. Retrying...
2023-09-19T01:41:56.7674677Z A path returned 202. Retrying...
2023-09-19T01:41:56.7674976Z A path returned 202. Retrying...
2023-09-19T01:41:56.7675287Z A path returned 202. Retrying...
2023-09-19T01:41:56.7675599Z A path returned 202. Retrying...
2023-09-19T01:41:56.7675925Z A path returned 202. Retrying...
2023-09-19T01:41:56.7676239Z A path returned 202. Retrying...
2023-09-19T01:41:56.7676550Z A path returned 202. Retrying...
2023-09-19T01:41:56.7676862Z A path returned 202. Retrying...
2023-09-19T01:41:56.7677177Z A path returned 202. Retrying...
2023-09-19T01:41:56.7677479Z A path returned 202. Retrying...
2023-09-19T01:41:56.7677791Z A path returned 202. Retrying...
2023-09-19T01:41:56.7678109Z A path returned 202. Retrying...
2023-09-19T01:41:56.7678422Z A path returned 202. Retrying...
2023-09-19T01:41:56.7678734Z A path returned 202. Retrying...
2023-09-19T01:41:56.7679047Z A path returned 202. Retrying...
2023-09-19T01:41:56.7679359Z A path returned 202. Retrying...
2023-09-19T01:41:56.7679660Z A path returned 202. Retrying...
2023-09-19T01:41:56.7679973Z A path returned 202. Retrying...
2023-09-19T01:41:56.7680281Z A path returned 202. Retrying...
2023-09-19T01:41:56.7680594Z A path returned 202. Retrying...
2023-09-19T01:41:56.7680910Z A path returned 202. Retrying...
2023-09-19T01:41:56.7681583Z A path returned 202. Retrying...
2023-09-19T01:41:56.7681897Z A path returned 202. Retrying...
2023-09-19T01:41:56.7682210Z A path returned 202. Retrying...
2023-09-19T01:41:56.7682509Z A path returned 202. Retrying...
2023-09-19T01:41:56.7682820Z A path returned 202. Retrying...
2023-09-19T01:41:56.7683133Z A path returned 202. Retrying...
2023-09-19T01:41:56.7683446Z A path returned 202. Retrying...
2023-09-19T01:41:56.7683951Z A path returned 202. Retrying...
2023-09-19T01:41:56.7684271Z A path returned 202. Retrying...
2023-09-19T01:41:56.7684585Z A path returned 202. Retrying...
2023-09-19T01:41:56.7684900Z A path returned 202. Retrying...
2023-09-19T01:41:56.7685201Z A path returned 202. Retrying...
2023-09-19T01:41:56.7685513Z A path returned 202. Retrying...
2023-09-19T01:41:56.7685827Z A path returned 202. Retrying...
2023-09-19T01:41:56.7686140Z A path returned 202. Retrying...
2023-09-19T01:41:56.7686453Z A path returned 202. Retrying...
2023-09-19T01:41:56.7686773Z A path returned 202. Retrying...
2023-09-19T01:41:56.7687087Z A path returned 202. Retrying...
2023-09-19T01:41:56.7687385Z A path returned 202. Retrying...
2023-09-19T01:41:56.7687699Z A path returned 202. Retrying...
2023-09-19T01:41:56.7688008Z A path returned 202. Retrying...
2023-09-19T01:41:56.7688319Z A path returned 202. Retrying...
2023-09-19T01:41:56.7688635Z A path returned 202. Retrying...
2023-09-19T01:41:56.7688946Z A path returned 202. Retrying...
2023-09-19T01:41:56.7689263Z A path returned 202. Retrying...
2023-09-19T01:41:56.7689574Z A path returned 202. Retrying...
2023-09-19T01:41:56.7689871Z A path returned 202. Retrying...
2023-09-19T01:41:56.7690180Z A path returned 202. Retrying...
2023-09-19T01:41:56.7690492Z A path returned 202. Retrying...
2023-09-19T01:41:56.7690888Z A path returned 202. Retrying...
2023-09-19T01:41:56.7691162Z A path returned 202. Retrying...
2023-09-19T01:41:56.7691434Z A path returned 202. Retrying...
2023-09-19T01:41:56.7691706Z A path returned 202. Retrying...
2023-09-19T01:41:56.7691986Z A path returned 202. Retrying...
2023-09-19T01:41:56.7692246Z A path returned 202. Retrying...
2023-09-19T01:41:56.7692519Z A path returned 202. Retrying...
2023-09-19T01:41:56.7692792Z A path returned 202. Retrying...
2023-09-19T01:41:56.7693064Z A path returned 202. Retrying...
2023-09-19T01:41:56.7693337Z A path returned 202. Retrying...
2023-09-19T01:41:56.7693615Z A path returned 202. Retrying...
2023-09-19T01:41:56.7693893Z A path returned 202. Retrying...
2023-09-19T01:41:56.7694154Z A path returned 202. Retrying...
2023-09-19T01:41:56.7694429Z A path returned 202. Retrying...
2023-09-19T01:41:56.7694700Z A path returned 202. Retrying...
2023-09-19T01:41:56.7694973Z A path returned 202. Retrying...
2023-09-19T01:41:56.7695248Z A path returned 202. Retrying...
2023-09-19T01:41:56.7695521Z A path returned 202. Retrying...
2023-09-19T01:41:56.7695797Z A path returned 202. Retrying...
2023-09-19T01:41:56.7696073Z A path returned 202. Retrying...
2023-09-19T01:41:56.7696341Z A path returned 202. Retrying...
2023-09-19T01:41:56.7696614Z A path returned 202. Retrying...
2023-09-19T01:41:56.7696886Z A path returned 202. Retrying...
2023-09-19T01:41:56.7697358Z A path returned 202. Retrying...
2023-09-19T01:41:56.7697642Z A path returned 202. Retrying...
2023-09-19T01:41:56.7697917Z A path returned 202. Retrying...
2023-09-19T01:41:56.7698191Z A path returned 202. Retrying...
2023-09-19T01:41:56.7698467Z A path returned 202. Retrying...
2023-09-19T01:41:56.7698736Z A path returned 202. Retrying...
2023-09-19T01:41:56.7699011Z A path returned 202. Retrying...
2023-09-19T01:41:56.7699284Z A path returned 202. Retrying...
2023-09-19T01:41:56.7699561Z A path returned 202. Retrying...
2023-09-19T01:41:56.7699844Z A path returned 202. Retrying...
2023-09-19T01:41:56.7700118Z A path returned 202. Retrying...
2023-09-19T01:41:56.7700392Z A path returned 202. Retrying...
2023-09-19T01:41:56.7700653Z A path returned 202. Retrying...
2023-09-19T01:41:56.7700928Z A path returned 202. Retrying...
2023-09-19T01:41:56.7701370Z A path returned 202. Retrying...
2023-09-19T01:41:56.7701644Z A path returned 202. Retrying...
2023-09-19T01:41:56.7701922Z A path returned 202. Retrying...
2023-09-19T01:41:56.7702198Z A path returned 202. Retrying...
2023-09-19T01:41:56.7702474Z A path returned 202. Retrying...
2023-09-19T01:41:56.7702754Z A path returned 202. Retrying...
2023-09-19T01:41:56.7703017Z A path returned 202. Retrying...
2023-09-19T01:41:56.7703426Z A path returned 202. Retrying...
2023-09-19T01:41:56.7703709Z A path returned 202. Retrying...
2023-09-19T01:41:56.7703987Z A path returned 202. Retrying...
2023-09-19T01:41:56.7704275Z A path returned 202. Retrying...
2023-09-19T01:41:56.7704555Z A path returned 202. Retrying...
2023-09-19T01:41:56.7704835Z A path returned 202. Retrying...
2023-09-19T01:41:56.7705114Z A path returned 202. Retrying...
2023-09-19T01:41:56.7705387Z A path returned 202. Retrying...
2023-09-19T01:41:56.7705664Z A path returned 202. Retrying...
2023-09-19T01:41:56.7705948Z A path returned 202. Retrying...
2023-09-19T01:41:56.7706221Z A path returned 202. Retrying...
2023-09-19T01:41:56.7706496Z A path returned 202. Retrying...
2023-09-19T01:41:56.7706774Z A path returned 202. Retrying...
2023-09-19T01:41:56.7707050Z A path returned 202. Retrying...
2023-09-19T01:41:56.7707313Z A path returned 202. Retrying...
2023-09-19T01:41:56.7707588Z A path returned 202. Retrying...
2023-09-19T01:41:56.7707862Z A path returned 202. Retrying...
2023-09-19T01:41:56.7708147Z A path returned 202. Retrying...
2023-09-19T01:41:56.7708425Z A path returned 202. Retrying...
2023-09-19T01:41:56.7708700Z A path returned 202. Retrying...
2023-09-19T01:41:56.7708974Z A path returned 202. Retrying...
2023-09-19T01:41:56.7709249Z A path returned 202. Retrying...
2023-09-19T01:41:56.7709509Z A path returned 202. Retrying...
2023-09-19T01:41:56.7709784Z A path returned 202. Retrying...
2023-09-19T01:41:56.7710059Z A path returned 202. Retrying...
2023-09-19T01:41:56.7710334Z A path returned 202. Retrying...
2023-09-19T01:41:56.7710617Z A path returned 202. Retrying...
2023-09-19T01:41:56.7710892Z A path returned 202. Retrying...
2023-09-19T01:41:56.7711164Z A path returned 202. Retrying...
2023-09-19T01:41:56.7711437Z A path returned 202. Retrying...
2023-09-19T01:41:56.7711696Z A path returned 202. Retrying...
2023-09-19T01:41:56.7711967Z A path returned 202. Retrying...
2023-09-19T01:41:56.7712244Z A path returned 202. Retrying...
2023-09-19T01:41:56.7712528Z A path returned 202. Retrying...
2023-09-19T01:41:56.7712804Z A path returned 202. Retrying...
2023-09-19T01:41:56.7713079Z A path returned 202. Retrying...
2023-09-19T01:41:56.7713352Z A path returned 202. Retrying...
2023-09-19T01:41:56.7713625Z A path returned 202. Retrying...
2023-09-19T01:41:56.7713886Z A path returned 202. Retrying...
2023-09-19T01:41:56.7714159Z A path returned 202. Retrying...
2023-09-19T01:41:56.7714436Z A path returned 202. Retrying...
2023-09-19T01:41:56.7714712Z A path returned 202. Retrying...
2023-09-19T01:41:56.7984396Z ##[group]Run git config --global user.name "jstrieb/github-stats"
2023-09-19T01:41:56.7984840Z [36;1mgit config --global user.name "jstrieb/github-stats"[0m
2023-09-19T01:41:56.7985256Z [36;1mgit config --global user.email "github-stats[bot]@jstrieb.github.io"[0m
2023-09-19T01:41:56.7985579Z [36;1mgit add .[0m
2023-09-19T01:41:56.7985901Z [36;1m# Force the build to succeed, even if no files were changed[0m
2023-09-19T01:41:56.7986275Z [36;1mgit commit -m 'Update generated files' || true[0m
2023-09-19T01:41:56.7986572Z [36;1mgit push[0m
2023-09-19T01:41:56.8048432Z shell: /usr/bin/bash -e {0}
2023-09-19T01:41:56.8048700Z env:
2023-09-19T01:41:56.8049014Z   pythonLocation: /opt/hostedtoolcache/Python/3.8.18/x64
2023-09-19T01:41:56.8049402Z   PKG_CONFIG_PATH: /opt/hostedtoolcache/Python/3.8.18/x64/lib/pkgconfig
2023-09-19T01:41:56.8049789Z   Python_ROOT_DIR: /opt/hostedtoolcache/Python/3.8.18/x64
2023-09-19T01:41:56.8050322Z   Python2_ROOT_DIR: /opt/hostedtoolcache/Python/3.8.18/x64
2023-09-19T01:41:56.8051126Z   Python3_ROOT_DIR: /opt/hostedtoolcache/Python/3.8.18/x64
2023-09-19T01:41:56.8051558Z   LD_LIBRARY_PATH: /opt/hostedtoolcache/Python/3.8.18/x64/lib
2023-09-19T01:41:56.8051921Z ##[endgroup]
2023-09-19T01:41:57.7548372Z [master 0509f3d] Update generated files
2023-09-19T01:41:57.7549226Z  2 files changed, 323 insertions(+), 278 deletions(-)
2023-09-19T01:41:58.6976488Z To https://github.com/seanpm2001/GitHub_Stats_A
2023-09-19T01:41:58.6977438Z    e259dfe..0509f3d  master -> master
2023-09-19T01:41:58.7063457Z Post job cleanup.
2023-09-19T01:41:58.8607196Z Cache hit occurred on the primary key setup-python-Linux-22.04-Ubuntu-python-3.8.18-pip-60f2a6c0212a9b74a155cd81b58dd07fd8b180833132566260d95f4de42fe218, not saving cache.
2023-09-19T01:41:58.8710739Z Post job cleanup.
2023-09-19T01:41:58.9772703Z [command]/usr/bin/git version
2023-09-19T01:41:58.9827880Z git version 2.42.0
2023-09-19T01:41:58.9873551Z Copying '/home/runner/.gitconfig' to '/home/runner/work/_temp/4142c485-318f-4980-bcac-88a59439f203/.gitconfig'
2023-09-19T01:41:58.9887103Z Temporarily overriding HOME='/home/runner/work/_temp/4142c485-318f-4980-bcac-88a59439f203' before making global git config changes
2023-09-19T01:41:58.9889709Z Adding repository directory to the temporary git global config as a safe directory
2023-09-19T01:41:58.9896927Z [command]/usr/bin/git config --global --add safe.directory /home/runner/work/GitHub_Stats_A/GitHub_Stats_A
2023-09-19T01:41:58.9947409Z [command]/usr/bin/git config --local --name-only --get-regexp core\.sshCommand
2023-09-19T01:41:58.9991051Z [command]/usr/bin/git submodule foreach --recursive sh -c "git config --local --name-only --get-regexp 'core\.sshCommand' && git config --local --unset-all 'core.sshCommand' || :"
2023-09-19T01:41:59.0283810Z [command]/usr/bin/git config --local --name-only --get-regexp http\.https\:\/\/github\.com\/\.extraheader
2023-09-19T01:41:59.0313339Z http.https://github.com/.extraheader
2023-09-19T01:41:59.0326326Z [command]/usr/bin/git config --local --unset-all http.https://github.com/.extraheader
2023-09-19T01:41:59.0364476Z [command]/usr/bin/git submodule foreach --recursive sh -c "git config --local --name-only --get-regexp 'http\.https\:\/\/github\.com\/\.extraheader' && git config --local --unset-all 'http.https://github.com/.extraheader' || :"
2023-09-19T01:41:59.0877408Z Cleaning up orphan processes
