2023-12-20T00:19:35.4933101Z Requested labels: ubuntu-latest
2023-12-20T00:19:35.4933429Z Job defined at: seanpm2001/GitHub_Stats_A/.github/workflows/main.yml@refs/heads/master
2023-12-20T00:19:35.4933523Z Waiting for a runner to pick up this job...
2023-12-20T00:19:36.3892311Z Job is waiting for a hosted runner to come online.
2023-12-20T00:19:39.2927755Z Job is about to start running on the hosted runner: GitHub Actions 14 (hosted)
2023-12-20T00:19:41.5902913Z Current runner version: '2.311.0'
2023-12-20T00:19:41.5925618Z ##[group]Operating System
2023-12-20T00:19:41.5926403Z Ubuntu
2023-12-20T00:19:41.5926732Z 22.04.3
2023-12-20T00:19:41.5927074Z LTS
2023-12-20T00:19:41.5927562Z ##[endgroup]
2023-12-20T00:19:41.5927926Z ##[group]Runner Image
2023-12-20T00:19:41.5928390Z Image: ubuntu-22.04
2023-12-20T00:19:41.5928873Z Version: 20231211.1.0
2023-12-20T00:19:41.5929880Z Included Software: https://github.com/actions/runner-images/blob/ubuntu22/20231211.1/images/ubuntu/Ubuntu2204-Readme.md
2023-12-20T00:19:41.5931364Z Image Release: https://github.com/actions/runner-images/releases/tag/ubuntu22%2F20231211.1
2023-12-20T00:19:41.5932314Z ##[endgroup]
2023-12-20T00:19:41.5932734Z ##[group]Runner Image Provisioner
2023-12-20T00:19:41.5933254Z 2.0.321.1
2023-12-20T00:19:41.5933644Z ##[endgroup]
2023-12-20T00:19:41.5934550Z ##[group]GITHUB_TOKEN Permissions
2023-12-20T00:19:41.5936255Z Contents: write
2023-12-20T00:19:41.5936666Z Metadata: read
2023-12-20T00:19:41.5937312Z ##[endgroup]
2023-12-20T00:19:41.5940314Z Secret source: Actions
2023-12-20T00:19:41.5940908Z Prepare workflow directory
2023-12-20T00:19:41.6555810Z Prepare all required actions
2023-12-20T00:19:41.6711718Z Getting action download info
2023-12-20T00:19:41.9331540Z Download action repository 'actions/checkout@v3' (SHA:f43a0e5ff2bd294095638e18286ca9a3d1956744)
2023-12-20T00:19:42.0493663Z Download action repository 'actions/setup-python@v4' (SHA:65d7f2d534ac1bc67fcd62888c5f4f3d2cb2b236)
2023-12-20T00:19:42.2318317Z Complete job name: build
2023-12-20T00:19:42.3250017Z ##[group]Run actions/checkout@v3
2023-12-20T00:19:42.3250669Z with:
2023-12-20T00:19:42.3251127Z   repository: seanpm2001/GitHub_Stats_A
2023-12-20T00:19:42.3252037Z   token: ***
2023-12-20T00:19:42.3252429Z   ssh-strict: true
2023-12-20T00:19:42.3252906Z   persist-credentials: true
2023-12-20T00:19:42.3253488Z   clean: true
2023-12-20T00:19:42.3253898Z   sparse-checkout-cone-mode: true
2023-12-20T00:19:42.3254468Z   fetch-depth: 1
2023-12-20T00:19:42.3255031Z   fetch-tags: false
2023-12-20T00:19:42.3255464Z   lfs: false
2023-12-20T00:19:42.3255859Z   submodules: false
2023-12-20T00:19:42.3256380Z   set-safe-directory: true
2023-12-20T00:19:42.3256884Z ##[endgroup]
2023-12-20T00:19:42.4806990Z Syncing repository: seanpm2001/GitHub_Stats_A
2023-12-20T00:19:42.4809226Z ##[group]Getting Git version info
2023-12-20T00:19:42.4810274Z Working directory is '/home/runner/work/GitHub_Stats_A/GitHub_Stats_A'
2023-12-20T00:19:42.4811668Z [command]/usr/bin/git version
2023-12-20T00:19:42.4812642Z git version 2.43.0
2023-12-20T00:19:42.4816917Z ##[endgroup]
2023-12-20T00:19:42.4862701Z Temporarily overriding HOME='/home/runner/work/_temp/288ad95f-1ff5-4385-88c8-e0c79144f062' before making global git config changes
2023-12-20T00:19:42.4864855Z Adding repository directory to the temporary git global config as a safe directory
2023-12-20T00:19:42.4867562Z [command]/usr/bin/git config --global --add safe.directory /home/runner/work/GitHub_Stats_A/GitHub_Stats_A
2023-12-20T00:19:42.4913374Z Deleting the contents of '/home/runner/work/GitHub_Stats_A/GitHub_Stats_A'
2023-12-20T00:19:42.4917160Z ##[group]Initializing the repository
2023-12-20T00:19:42.4920184Z [command]/usr/bin/git init /home/runner/work/GitHub_Stats_A/GitHub_Stats_A
2023-12-20T00:19:42.5008329Z hint: Using 'master' as the name for the initial branch. This default branch name
2023-12-20T00:19:42.5010468Z hint: is subject to change. To configure the initial branch name to use in all
2023-12-20T00:19:42.5012395Z hint: of your new repositories, which will suppress this warning, call:
2023-12-20T00:19:42.5013945Z hint: 
2023-12-20T00:19:42.5015052Z hint: 	git config --global init.defaultBranch <name>
2023-12-20T00:19:42.5016210Z hint: 
2023-12-20T00:19:42.5017536Z hint: Names commonly chosen instead of 'master' are 'main', 'trunk' and
2023-12-20T00:19:42.5019652Z hint: 'development'. The just-created branch can be renamed via this command:
2023-12-20T00:19:42.5021039Z hint: 
2023-12-20T00:19:42.5021678Z hint: 	git branch -m <name>
2023-12-20T00:19:42.5022863Z Initialized empty Git repository in /home/runner/work/GitHub_Stats_A/GitHub_Stats_A/.git/
2023-12-20T00:19:42.5028908Z [command]/usr/bin/git remote add origin https://github.com/seanpm2001/GitHub_Stats_A
2023-12-20T00:19:42.5070421Z ##[endgroup]
2023-12-20T00:19:42.5071299Z ##[group]Disabling automatic garbage collection
2023-12-20T00:19:42.5073242Z [command]/usr/bin/git config --local gc.auto 0
2023-12-20T00:19:42.5109300Z ##[endgroup]
2023-12-20T00:19:42.5110212Z ##[group]Setting up auth
2023-12-20T00:19:42.5114972Z [command]/usr/bin/git config --local --name-only --get-regexp core\.sshCommand
2023-12-20T00:19:42.5152375Z [command]/usr/bin/git submodule foreach --recursive sh -c "git config --local --name-only --get-regexp 'core\.sshCommand' && git config --local --unset-all 'core.sshCommand' || :"
2023-12-20T00:19:42.5463778Z [command]/usr/bin/git config --local --name-only --get-regexp http\.https\:\/\/github\.com\/\.extraheader
2023-12-20T00:19:42.5503471Z [command]/usr/bin/git submodule foreach --recursive sh -c "git config --local --name-only --get-regexp 'http\.https\:\/\/github\.com\/\.extraheader' && git config --local --unset-all 'http.https://github.com/.extraheader' || :"
2023-12-20T00:19:42.5744023Z [command]/usr/bin/git config --local http.https://github.com/.extraheader AUTHORIZATION: basic ***
2023-12-20T00:19:42.5786559Z ##[endgroup]
2023-12-20T00:19:42.5787483Z ##[group]Fetching the repository
2023-12-20T00:19:42.5795708Z [command]/usr/bin/git -c protocol.version=2 fetch --no-tags --prune --progress --no-recurse-submodules --depth=1 origin +77c59b49dc5c44eaeba2baa45d1a346a1fe88f99:refs/remotes/origin/master
2023-12-20T00:19:43.0052534Z remote: Enumerating objects: 9590, done.        
2023-12-20T00:19:43.0161613Z remote: Counting objects:   0% (1/9590)        
2023-12-20T00:19:43.0163289Z remote: Counting objects:   1% (96/9590)        
2023-12-20T00:19:43.0164727Z remote: Counting objects:   2% (192/9590)        
2023-12-20T00:19:43.0166411Z remote: Counting objects:   3% (288/9590)        
2023-12-20T00:19:43.0168015Z remote: Counting objects:   4% (384/9590)        
2023-12-20T00:19:43.0169017Z remote: Counting objects:   5% (480/9590)        
2023-12-20T00:19:43.0170010Z remote: Counting objects:   6% (576/9590)        
2023-12-20T00:19:43.0170835Z remote: Counting objects:   7% (672/9590)        
2023-12-20T00:19:43.0171560Z remote: Counting objects:   8% (768/9590)        
2023-12-20T00:19:43.0172322Z remote: Counting objects:   9% (864/9590)        
2023-12-20T00:19:43.0173007Z remote: Counting objects:  10% (959/9590)        
2023-12-20T00:19:43.0173763Z remote: Counting objects:  11% (1055/9590)        
2023-12-20T00:19:43.0174553Z remote: Counting objects:  12% (1151/9590)        
2023-12-20T00:19:43.0175289Z remote: Counting objects:  13% (1247/9590)        
2023-12-20T00:19:43.0175967Z remote: Counting objects:  14% (1343/9590)        
2023-12-20T00:19:43.0176740Z remote: Counting objects:  15% (1439/9590)        
2023-12-20T00:19:43.0177484Z remote: Counting objects:  16% (1535/9590)        
2023-12-20T00:19:43.0178198Z remote: Counting objects:  17% (1631/9590)        
2023-12-20T00:19:43.0178932Z remote: Counting objects:  18% (1727/9590)        
2023-12-20T00:19:43.0179758Z remote: Counting objects:  19% (1823/9590)        
2023-12-20T00:19:43.0180464Z remote: Counting objects:  20% (1918/9590)        
2023-12-20T00:19:43.0181264Z remote: Counting objects:  21% (2014/9590)        
2023-12-20T00:19:43.0543539Z remote: Counting objects:  22% (2110/9590)        
2023-12-20T00:19:43.0544925Z remote: Counting objects:  23% (2206/9590)        
2023-12-20T00:19:43.0545890Z remote: Counting objects:  24% (2302/9590)        
2023-12-20T00:19:43.0546895Z remote: Counting objects:  25% (2398/9590)        
2023-12-20T00:19:43.0548059Z remote: Counting objects:  26% (2494/9590)        
2023-12-20T00:19:43.0549331Z remote: Counting objects:  27% (2590/9590)        
2023-12-20T00:19:43.0550759Z remote: Counting objects:  28% (2686/9590)        
2023-12-20T00:19:43.0552271Z remote: Counting objects:  29% (2782/9590)        
2023-12-20T00:19:43.0553012Z remote: Counting objects:  30% (2877/9590)        
2023-12-20T00:19:43.0553854Z remote: Counting objects:  31% (2973/9590)        
2023-12-20T00:19:43.0554576Z remote: Counting objects:  32% (3069/9590)        
2023-12-20T00:19:43.0555291Z remote: Counting objects:  33% (3165/9590)        
2023-12-20T00:19:43.0556096Z remote: Counting objects:  34% (3261/9590)        
2023-12-20T00:19:43.0556816Z remote: Counting objects:  35% (3357/9590)        
2023-12-20T00:19:43.0557497Z remote: Counting objects:  36% (3453/9590)        
2023-12-20T00:19:43.0558285Z remote: Counting objects:  37% (3549/9590)        
2023-12-20T00:19:43.0558989Z remote: Counting objects:  38% (3645/9590)        
2023-12-20T00:19:43.0559780Z remote: Counting objects:  39% (3741/9590)        
2023-12-20T00:19:43.0560757Z remote: Counting objects:  40% (3836/9590)        
2023-12-20T00:19:43.0561484Z remote: Counting objects:  41% (3932/9590)        
2023-12-20T00:19:43.0562311Z remote: Counting objects:  42% (4028/9590)        
2023-12-20T00:19:43.0563061Z remote: Counting objects:  43% (4124/9590)        
2023-12-20T00:19:43.0563746Z remote: Counting objects:  44% (4220/9590)        
2023-12-20T00:19:43.0564538Z remote: Counting objects:  45% (4316/9590)        
2023-12-20T00:19:43.0565250Z remote: Counting objects:  46% (4412/9590)        
2023-12-20T00:19:43.0565962Z remote: Counting objects:  47% (4508/9590)        
2023-12-20T00:19:43.0566915Z remote: Counting objects:  48% (4604/9590)        
2023-12-20T00:19:43.0567682Z remote: Counting objects:  49% (4700/9590)        
2023-12-20T00:19:43.0568416Z remote: Counting objects:  50% (4795/9590)        
2023-12-20T00:19:43.0569198Z remote: Counting objects:  51% (4891/9590)        
2023-12-20T00:19:43.0569874Z remote: Counting objects:  52% (4987/9590)        
2023-12-20T00:19:43.0570597Z remote: Counting objects:  53% (5083/9590)        
2023-12-20T00:19:43.0571393Z remote: Counting objects:  54% (5179/9590)        
2023-12-20T00:19:43.0572127Z remote: Counting objects:  55% (5275/9590)        
2023-12-20T00:19:43.0572797Z remote: Counting objects:  56% (5371/9590)        
2023-12-20T00:19:43.0573565Z remote: Counting objects:  57% (5467/9590)        
2023-12-20T00:19:43.0574292Z remote: Counting objects:  58% (5563/9590)        
2023-12-20T00:19:43.0574997Z remote: Counting objects:  59% (5659/9590)        
2023-12-20T00:19:43.0575730Z remote: Counting objects:  60% (5754/9590)        
2023-12-20T00:19:43.0576470Z remote: Counting objects:  61% (5850/9590)        
2023-12-20T00:19:43.0577177Z remote: Counting objects:  62% (5946/9590)        
2023-12-20T00:19:43.0577915Z remote: Counting objects:  63% (6042/9590)        
2023-12-20T00:19:43.0578639Z remote: Counting objects:  64% (6138/9590)        
2023-12-20T00:19:43.0579340Z remote: Counting objects:  65% (6234/9590)        
2023-12-20T00:19:43.0580170Z remote: Counting objects:  66% (6330/9590)        
2023-12-20T00:19:43.0580840Z remote: Counting objects:  67% (6426/9590)        
2023-12-20T00:19:43.0581551Z remote: Counting objects:  68% (6522/9590)        
2023-12-20T00:19:43.0582351Z remote: Counting objects:  69% (6618/9590)        
2023-12-20T00:19:43.0583054Z remote: Counting objects:  70% (6713/9590)        
2023-12-20T00:19:43.0583848Z remote: Counting objects:  71% (6809/9590)        
2023-12-20T00:19:43.0584536Z remote: Counting objects:  72% (6905/9590)        
2023-12-20T00:19:43.0585240Z remote: Counting objects:  73% (7001/9590)        
2023-12-20T00:19:43.0586005Z remote: Counting objects:  74% (7097/9590)        
2023-12-20T00:19:43.0586725Z remote: Counting objects:  75% (7193/9590)        
2023-12-20T00:19:43.0587390Z remote: Counting objects:  76% (7289/9590)        
2023-12-20T00:19:43.0588198Z remote: Counting objects:  77% (7385/9590)        
2023-12-20T00:19:43.0588904Z remote: Counting objects:  78% (7481/9590)        
2023-12-20T00:19:43.0589602Z remote: Counting objects:  79% (7577/9590)        
2023-12-20T00:19:43.0590531Z remote: Counting objects:  80% (7672/9590)        
2023-12-20T00:19:43.0591235Z remote: Counting objects:  81% (7768/9590)        
2023-12-20T00:19:43.0591955Z remote: Counting objects:  82% (7864/9590)        
2023-12-20T00:19:43.0592708Z remote: Counting objects:  83% (7960/9590)        
2023-12-20T00:19:43.0593387Z remote: Counting objects:  84% (8056/9590)        
2023-12-20T00:19:43.0594104Z remote: Counting objects:  85% (8152/9590)        
2023-12-20T00:19:43.0594863Z remote: Counting objects:  86% (8248/9590)        
2023-12-20T00:19:43.0595711Z remote: Counting objects:  87% (8344/9590)        
2023-12-20T00:19:43.0596452Z remote: Counting objects:  88% (8440/9590)        
2023-12-20T00:19:43.0597183Z remote: Counting objects:  89% (8536/9590)        
2023-12-20T00:19:43.0597883Z remote: Counting objects:  90% (8631/9590)        
2023-12-20T00:19:43.0598607Z remote: Counting objects:  91% (8727/9590)        
2023-12-20T00:19:43.0599366Z remote: Counting objects:  92% (8823/9590)        
2023-12-20T00:19:43.0600056Z remote: Counting objects:  93% (8919/9590)        
2023-12-20T00:19:43.0600917Z remote: Counting objects:  94% (9015/9590)        
2023-12-20T00:19:43.0601701Z remote: Counting objects:  95% (9111/9590)        
2023-12-20T00:19:43.0602430Z remote: Counting objects:  96% (9207/9590)        
2023-12-20T00:19:43.0603096Z remote: Counting objects:  97% (9303/9590)        
2023-12-20T00:19:43.0603863Z remote: Counting objects:  98% (9399/9590)        
2023-12-20T00:19:43.0604782Z remote: Counting objects:  99% (9495/9590)        
2023-12-20T00:19:43.0605577Z remote: Counting objects: 100% (9590/9590)        
2023-12-20T00:19:43.0606328Z remote: Counting objects: 100% (9590/9590), done.        
2023-12-20T00:19:43.0607153Z remote: Compressing objects:   0% (1/3701)        
2023-12-20T00:19:43.0607976Z remote: Compressing objects:   1% (38/3701)        
2023-12-20T00:19:43.0608737Z remote: Compressing objects:   2% (75/3701)        
2023-12-20T00:19:43.1023917Z remote: Compressing objects:   3% (112/3701)        
2023-12-20T00:19:43.1047702Z remote: Compressing objects:   4% (149/3701)        
2023-12-20T00:19:43.1054812Z remote: Compressing objects:   5% (186/3701)        
2023-12-20T00:19:43.1056630Z remote: Compressing objects:   6% (223/3701)        
2023-12-20T00:19:43.1057477Z remote: Compressing objects:   7% (260/3701)        
2023-12-20T00:19:43.1058271Z remote: Compressing objects:   8% (297/3701)        
2023-12-20T00:19:43.1059177Z remote: Compressing objects:   9% (334/3701)        
2023-12-20T00:19:43.1060037Z remote: Compressing objects:  10% (371/3701)        
2023-12-20T00:19:43.1060768Z remote: Compressing objects:  11% (408/3701)        
2023-12-20T00:19:43.1061586Z remote: Compressing objects:  12% (445/3701)        
2023-12-20T00:19:43.1062352Z remote: Compressing objects:  13% (482/3701)        
2023-12-20T00:19:43.1063099Z remote: Compressing objects:  14% (519/3701)        
2023-12-20T00:19:43.1063878Z remote: Compressing objects:  15% (556/3701)        
2023-12-20T00:19:43.1064662Z remote: Compressing objects:  16% (593/3701)        
2023-12-20T00:19:43.1065395Z remote: Compressing objects:  17% (630/3701)        
2023-12-20T00:19:43.1177994Z remote: Compressing objects:  18% (667/3701)        
2023-12-20T00:19:43.1179355Z remote: Compressing objects:  19% (704/3701)        
2023-12-20T00:19:43.1180720Z remote: Compressing objects:  20% (741/3701)        
2023-12-20T00:19:43.1182467Z remote: Compressing objects:  21% (778/3701)        
2023-12-20T00:19:43.1183829Z remote: Compressing objects:  22% (815/3701)        
2023-12-20T00:19:43.1185168Z remote: Compressing objects:  23% (852/3701)        
2023-12-20T00:19:43.1186147Z remote: Compressing objects:  24% (889/3701)        
2023-12-20T00:19:43.1187104Z remote: Compressing objects:  25% (926/3701)        
2023-12-20T00:19:43.1188114Z remote: Compressing objects:  26% (963/3701)        
2023-12-20T00:19:43.1188977Z remote: Compressing objects:  27% (1000/3701)        
2023-12-20T00:19:43.1189817Z remote: Compressing objects:  28% (1037/3701)        
2023-12-20T00:19:43.1191042Z remote: Compressing objects:  29% (1074/3701)        
2023-12-20T00:19:43.1461518Z remote: Compressing objects:  30% (1111/3701)        
2023-12-20T00:19:43.1806881Z remote: Compressing objects:  31% (1148/3701)        
2023-12-20T00:19:43.2188860Z remote: Compressing objects:  32% (1185/3701)        
2023-12-20T00:19:43.2605252Z remote: Compressing objects:  33% (1222/3701)        
2023-12-20T00:19:43.3166367Z remote: Compressing objects:  34% (1259/3701)        
2023-12-20T00:19:43.3633347Z remote: Compressing objects:  35% (1296/3701)        
2023-12-20T00:19:43.4033061Z remote: Compressing objects:  36% (1333/3701)        
2023-12-20T00:19:43.4496415Z remote: Compressing objects:  37% (1370/3701)        
2023-12-20T00:19:43.4963787Z remote: Compressing objects:  38% (1407/3701)        
2023-12-20T00:19:43.5319942Z remote: Compressing objects:  39% (1444/3701)        
2023-12-20T00:19:43.5824139Z remote: Compressing objects:  40% (1481/3701)        
2023-12-20T00:19:43.6152948Z remote: Compressing objects:  41% (1518/3701)        
2023-12-20T00:19:43.6417877Z remote: Compressing objects:  42% (1555/3701)        
2023-12-20T00:19:43.6744679Z remote: Compressing objects:  43% (1592/3701)        
2023-12-20T00:19:43.8016878Z remote: Compressing objects:  44% (1629/3701)        
2023-12-20T00:19:43.8028262Z remote: Compressing objects:  45% (1666/3701)        
2023-12-20T00:19:43.8079801Z remote: Compressing objects:  46% (1703/3701)        
2023-12-20T00:19:43.8083707Z remote: Compressing objects:  47% (1740/3701)        
2023-12-20T00:19:43.8089261Z remote: Compressing objects:  48% (1777/3701)        
2023-12-20T00:19:43.8092378Z remote: Compressing objects:  49% (1814/3701)        
2023-12-20T00:19:43.8098547Z remote: Compressing objects:  50% (1851/3701)        
2023-12-20T00:19:43.8104494Z remote: Compressing objects:  51% (1888/3701)        
2023-12-20T00:19:43.8110416Z remote: Compressing objects:  52% (1925/3701)        
2023-12-20T00:19:43.8114936Z remote: Compressing objects:  53% (1962/3701)        
2023-12-20T00:19:43.8122915Z remote: Compressing objects:  54% (1999/3701)        
2023-12-20T00:19:43.8128212Z remote: Compressing objects:  55% (2036/3701)        
2023-12-20T00:19:43.8133960Z remote: Compressing objects:  56% (2073/3701)        
2023-12-20T00:19:43.8149297Z remote: Compressing objects:  57% (2110/3701)        
2023-12-20T00:19:43.8152614Z remote: Compressing objects:  58% (2147/3701)        
2023-12-20T00:19:43.8154247Z remote: Compressing objects:  59% (2184/3701)        
2023-12-20T00:19:43.8157825Z remote: Compressing objects:  60% (2221/3701)        
2023-12-20T00:19:43.8165723Z remote: Compressing objects:  61% (2258/3701)        
2023-12-20T00:19:43.8172527Z remote: Compressing objects:  62% (2295/3701)        
2023-12-20T00:19:43.8188271Z remote: Compressing objects:  63% (2332/3701)        
2023-12-20T00:19:43.8189786Z remote: Compressing objects:  64% (2369/3701)        
2023-12-20T00:19:43.8191068Z remote: Compressing objects:  65% (2406/3701)        
2023-12-20T00:19:43.8508231Z remote: Compressing objects:  66% (2443/3701)        
2023-12-20T00:19:43.8509978Z remote: Compressing objects:  67% (2480/3701)        
2023-12-20T00:19:43.8513072Z remote: Compressing objects:  68% (2517/3701)        
2023-12-20T00:19:43.8514089Z remote: Compressing objects:  69% (2554/3701)        
2023-12-20T00:19:43.8515074Z remote: Compressing objects:  70% (2591/3701)        
2023-12-20T00:19:43.8516442Z remote: Compressing objects:  71% (2628/3701)        
2023-12-20T00:19:43.8517460Z remote: Compressing objects:  72% (2665/3701)        
2023-12-20T00:19:43.8519417Z remote: Compressing objects:  73% (2702/3701)        
2023-12-20T00:19:43.8520974Z remote: Compressing objects:  74% (2739/3701)        
2023-12-20T00:19:43.8522548Z remote: Compressing objects:  75% (2776/3701)        
2023-12-20T00:19:43.8523522Z remote: Compressing objects:  76% (2813/3701)        
2023-12-20T00:19:43.8524562Z remote: Compressing objects:  77% (2850/3701)        
2023-12-20T00:19:43.8525815Z remote: Compressing objects:  78% (2887/3701)        
2023-12-20T00:19:43.8526648Z remote: Compressing objects:  79% (2924/3701)        
2023-12-20T00:19:43.8527276Z remote: Compressing objects:  80% (2961/3701)        
2023-12-20T00:19:43.8527812Z remote: Compressing objects:  81% (2998/3701)        
2023-12-20T00:19:43.8528390Z remote: Compressing objects:  82% (3035/3701)        
2023-12-20T00:19:43.8528965Z remote: Compressing objects:  83% (3072/3701)        
2023-12-20T00:19:43.8529523Z remote: Compressing objects:  84% (3109/3701)        
2023-12-20T00:19:43.8530055Z remote: Compressing objects:  85% (3146/3701)        
2023-12-20T00:19:43.8530644Z remote: Compressing objects:  86% (3183/3701)        
2023-12-20T00:19:43.8531150Z remote: Compressing objects:  87% (3220/3701)        
2023-12-20T00:19:43.8531670Z remote: Compressing objects:  88% (3257/3701)        
2023-12-20T00:19:43.8532256Z remote: Compressing objects:  89% (3294/3701)        
2023-12-20T00:19:43.8532803Z remote: Compressing objects:  90% (3331/3701)        
2023-12-20T00:19:43.8533302Z remote: Compressing objects:  91% (3368/3701)        
2023-12-20T00:19:43.8533909Z remote: Compressing objects:  92% (3405/3701)        
2023-12-20T00:19:43.8534465Z remote: Compressing objects:  93% (3442/3701)        
2023-12-20T00:19:43.8535085Z remote: Compressing objects:  94% (3479/3701)        
2023-12-20T00:19:43.8535601Z remote: Compressing objects:  95% (3516/3701)        
2023-12-20T00:19:43.8536289Z remote: Compressing objects:  96% (3553/3701)        
2023-12-20T00:19:43.8536907Z remote: Compressing objects:  97% (3590/3701)        
2023-12-20T00:19:43.8537457Z remote: Compressing objects:  98% (3627/3701)        
2023-12-20T00:19:43.8537956Z remote: Compressing objects:  99% (3664/3701)        
2023-12-20T00:19:43.8538560Z remote: Compressing objects: 100% (3701/3701)        
2023-12-20T00:19:43.8539126Z remote: Compressing objects: 100% (3701/3701), done.        
2023-12-20T00:19:43.9592801Z Receiving objects:   0% (1/9590)
2023-12-20T00:19:43.9670069Z Receiving objects:   1% (96/9590)
2023-12-20T00:19:44.0068425Z Receiving objects:   2% (192/9590)
2023-12-20T00:19:44.0150459Z Receiving objects:   3% (288/9590)
2023-12-20T00:19:44.0635894Z Receiving objects:   4% (384/9590)
2023-12-20T00:19:44.1055881Z Receiving objects:   5% (480/9590)
2023-12-20T00:19:44.1068055Z Receiving objects:   6% (576/9590)
2023-12-20T00:19:44.1143552Z Receiving objects:   7% (672/9590)
2023-12-20T00:19:44.1562649Z Receiving objects:   8% (768/9590)
2023-12-20T00:19:44.1637516Z Receiving objects:   9% (864/9590)
2023-12-20T00:19:44.2053715Z Receiving objects:  10% (959/9590)
2023-12-20T00:19:44.2145976Z Receiving objects:  11% (1055/9590)
2023-12-20T00:19:44.2148071Z Receiving objects:  12% (1151/9590)
2023-12-20T00:19:44.2150360Z Receiving objects:  13% (1247/9590)
2023-12-20T00:19:44.3145913Z Receiving objects:  14% (1343/9590)
2023-12-20T00:19:44.4630628Z Receiving objects:  15% (1439/9590)
2023-12-20T00:19:44.6036571Z Receiving objects:  16% (1535/9590), 1.67 MiB | 3.31 MiB/s
2023-12-20T00:19:44.7129856Z Receiving objects:  17% (1631/9590), 1.67 MiB | 3.31 MiB/s
2023-12-20T00:19:44.8125278Z Receiving objects:  18% (1727/9590), 1.67 MiB | 3.31 MiB/s
2023-12-20T00:19:44.8611464Z Receiving objects:  19% (1823/9590), 1.67 MiB | 3.31 MiB/s
2023-12-20T00:19:44.9522506Z Receiving objects:  19% (1855/9590), 1.67 MiB | 3.31 MiB/s
2023-12-20T00:19:45.0613056Z Receiving objects:  20% (1918/9590), 3.57 MiB | 3.42 MiB/s
2023-12-20T00:19:45.1602457Z Receiving objects:  21% (2014/9590), 3.57 MiB | 3.42 MiB/s
2023-12-20T00:19:45.2999075Z Receiving objects:  22% (2110/9590), 3.57 MiB | 3.42 MiB/s
2023-12-20T00:19:45.4501926Z Receiving objects:  23% (2206/9590), 3.57 MiB | 3.42 MiB/s
2023-12-20T00:19:45.5990232Z Receiving objects:  24% (2302/9590), 5.43 MiB | 3.50 MiB/s
2023-12-20T00:19:45.7092593Z Receiving objects:  25% (2398/9590), 5.43 MiB | 3.50 MiB/s
2023-12-20T00:19:45.8581391Z Receiving objects:  26% (2494/9590), 5.43 MiB | 3.50 MiB/s
2023-12-20T00:19:45.8973273Z Receiving objects:  27% (2590/9590), 5.43 MiB | 3.50 MiB/s
2023-12-20T00:19:46.0068370Z Receiving objects:  27% (2607/9590), 5.43 MiB | 3.50 MiB/s
2023-12-20T00:19:46.1098488Z Receiving objects:  28% (2686/9590), 7.33 MiB | 3.51 MiB/s
2023-12-20T00:19:46.2580619Z Receiving objects:  29% (2782/9590), 7.33 MiB | 3.51 MiB/s
2023-12-20T00:19:46.3469095Z Receiving objects:  30% (2877/9590), 7.33 MiB | 3.51 MiB/s
2023-12-20T00:19:46.5076653Z Receiving objects:  31% (2973/9590), 7.33 MiB | 3.51 MiB/s
2023-12-20T00:19:46.6576428Z Receiving objects:  32% (3069/9590), 9.20 MiB | 3.54 MiB/s
2023-12-20T00:19:46.8085219Z Receiving objects:  33% (3165/9590), 9.20 MiB | 3.54 MiB/s
2023-12-20T00:19:46.9061982Z Receiving objects:  34% (3261/9590), 9.20 MiB | 3.54 MiB/s
2023-12-20T00:19:46.9440624Z Receiving objects:  34% (3289/9590), 9.20 MiB | 3.54 MiB/s
2023-12-20T00:19:47.0059541Z Receiving objects:  35% (3357/9590), 9.20 MiB | 3.54 MiB/s
2023-12-20T00:19:47.0563092Z Receiving objects:  36% (3453/9590), 11.05 MiB | 3.57 MiB/s
2023-12-20T00:19:47.1076585Z Receiving objects:  37% (3549/9590), 11.05 MiB | 3.57 MiB/s
2023-12-20T00:19:47.1924883Z Receiving objects:  38% (3645/9590), 11.05 MiB | 3.57 MiB/s
2023-12-20T00:19:47.2549684Z Receiving objects:  39% (3741/9590), 11.05 MiB | 3.57 MiB/s
2023-12-20T00:19:47.3053778Z Receiving objects:  40% (3836/9590), 11.05 MiB | 3.57 MiB/s
2023-12-20T00:19:47.5050467Z Receiving objects:  41% (3932/9590), 11.05 MiB | 3.57 MiB/s
2023-12-20T00:19:47.7908939Z Receiving objects:  42% (4028/9590), 12.90 MiB | 3.59 MiB/s
2023-12-20T00:19:47.8903476Z Receiving objects:  43% (4124/9590), 12.90 MiB | 3.59 MiB/s
2023-12-20T00:19:47.9526120Z Receiving objects:  43% (4189/9590), 12.90 MiB | 3.59 MiB/s
2023-12-20T00:19:48.1014493Z Receiving objects:  44% (4220/9590), 12.90 MiB | 3.59 MiB/s
2023-12-20T00:19:48.2883513Z Receiving objects:  45% (4316/9590), 14.65 MiB | 3.55 MiB/s
2023-12-20T00:19:48.4005350Z Receiving objects:  46% (4412/9590), 14.65 MiB | 3.55 MiB/s
2023-12-20T00:19:48.6008494Z Receiving objects:  47% (4508/9590), 14.65 MiB | 3.55 MiB/s
2023-12-20T00:19:48.7997370Z Receiving objects:  48% (4604/9590), 16.57 MiB | 3.57 MiB/s
2023-12-20T00:19:48.8984030Z Receiving objects:  49% (4700/9590), 16.57 MiB | 3.57 MiB/s
2023-12-20T00:19:48.9992537Z Receiving objects:  49% (4735/9590), 16.57 MiB | 3.57 MiB/s
2023-12-20T00:19:49.1403696Z Receiving objects:  50% (4795/9590), 16.57 MiB | 3.57 MiB/s
2023-12-20T00:19:49.2484363Z Receiving objects:  51% (4891/9590), 18.46 MiB | 3.62 MiB/s
2023-12-20T00:19:49.4478270Z Receiving objects:  52% (4987/9590), 18.46 MiB | 3.62 MiB/s
2023-12-20T00:19:49.6459143Z Receiving objects:  53% (5083/9590), 18.46 MiB | 3.62 MiB/s
2023-12-20T00:19:49.7956421Z Receiving objects:  54% (5179/9590), 20.27 MiB | 3.60 MiB/s
2023-12-20T00:19:49.8875997Z Receiving objects:  55% (5275/9590), 20.27 MiB | 3.60 MiB/s
2023-12-20T00:19:50.0377942Z Receiving objects:  55% (5311/9590), 20.27 MiB | 3.60 MiB/s
2023-12-20T00:19:50.1456405Z Receiving objects:  56% (5371/9590), 20.27 MiB | 3.60 MiB/s
2023-12-20T00:19:50.3436351Z Receiving objects:  57% (5467/9590), 22.14 MiB | 3.61 MiB/s
2023-12-20T00:19:50.4931637Z Receiving objects:  58% (5563/9590), 22.14 MiB | 3.61 MiB/s
2023-12-20T00:19:50.7360750Z Receiving objects:  59% (5659/9590), 22.14 MiB | 3.61 MiB/s
2023-12-20T00:19:50.8844552Z Receiving objects:  60% (5754/9590), 24.04 MiB | 3.60 MiB/s
2023-12-20T00:19:50.8903540Z Receiving objects:  60% (5843/9590), 24.04 MiB | 3.60 MiB/s
2023-12-20T00:19:51.1396930Z Receiving objects:  61% (5850/9590), 24.04 MiB | 3.60 MiB/s
2023-12-20T00:19:51.3385463Z Receiving objects:  62% (5946/9590), 25.91 MiB | 3.61 MiB/s
2023-12-20T00:19:51.4391535Z Receiving objects:  63% (6042/9590), 25.91 MiB | 3.61 MiB/s
2023-12-20T00:19:51.5881500Z Receiving objects:  64% (6138/9590), 25.91 MiB | 3.61 MiB/s
2023-12-20T00:19:51.7380006Z Receiving objects:  65% (6234/9590), 25.91 MiB | 3.61 MiB/s
2023-12-20T00:19:51.8812020Z Receiving objects:  66% (6330/9590), 27.74 MiB | 3.61 MiB/s
2023-12-20T00:19:51.8874558Z Receiving objects:  66% (6405/9590), 27.74 MiB | 3.61 MiB/s
2023-12-20T00:19:52.1371029Z Receiving objects:  67% (6426/9590), 27.74 MiB | 3.61 MiB/s
2023-12-20T00:19:52.2861498Z Receiving objects:  68% (6522/9590), 29.61 MiB | 3.58 MiB/s
2023-12-20T00:19:52.4347961Z Receiving objects:  69% (6618/9590), 29.61 MiB | 3.58 MiB/s
2023-12-20T00:19:52.6837298Z Receiving objects:  70% (6713/9590), 29.61 MiB | 3.58 MiB/s
2023-12-20T00:19:52.8342257Z Receiving objects:  71% (6809/9590), 31.48 MiB | 3.63 MiB/s
2023-12-20T00:19:52.8771423Z Receiving objects:  72% (6905/9590), 31.48 MiB | 3.63 MiB/s
2023-12-20T00:19:52.9853971Z Receiving objects:  72% (6907/9590), 31.48 MiB | 3.63 MiB/s
2023-12-20T00:19:53.0847379Z Receiving objects:  73% (7001/9590), 31.48 MiB | 3.63 MiB/s
2023-12-20T00:19:53.2771368Z Receiving objects:  74% (7097/9590), 31.48 MiB | 3.63 MiB/s
2023-12-20T00:19:53.4345463Z Receiving objects:  75% (7193/9590), 33.28 MiB | 3.61 MiB/s
2023-12-20T00:19:53.5832716Z Receiving objects:  76% (7289/9590), 33.28 MiB | 3.61 MiB/s
2023-12-20T00:19:53.7332767Z Receiving objects:  77% (7385/9590), 33.28 MiB | 3.61 MiB/s
2023-12-20T00:19:53.8825243Z Receiving objects:  78% (7481/9590), 35.16 MiB | 3.61 MiB/s
2023-12-20T00:19:53.9328685Z Receiving objects:  78% (7556/9590), 35.16 MiB | 3.61 MiB/s
2023-12-20T00:19:54.0817365Z Receiving objects:  79% (7577/9590), 35.16 MiB | 3.61 MiB/s
2023-12-20T00:19:54.3302843Z Receiving objects:  80% (7672/9590), 35.16 MiB | 3.61 MiB/s
2023-12-20T00:19:54.4304921Z Receiving objects:  81% (7768/9590), 36.98 MiB | 3.61 MiB/s
2023-12-20T00:19:54.5801682Z Receiving objects:  82% (7864/9590), 36.98 MiB | 3.61 MiB/s
2023-12-20T00:19:54.7737058Z Receiving objects:  83% (7960/9590), 36.98 MiB | 3.61 MiB/s
2023-12-20T00:19:54.8730651Z Receiving objects:  84% (8056/9590), 38.79 MiB | 3.60 MiB/s
2023-12-20T00:19:54.9231267Z Receiving objects:  84% (8123/9590), 38.79 MiB | 3.60 MiB/s
2023-12-20T00:19:55.0719745Z Receiving objects:  85% (8152/9590), 38.79 MiB | 3.60 MiB/s
2023-12-20T00:19:55.1772488Z Receiving objects:  86% (8248/9590), 38.79 MiB | 3.60 MiB/s
2023-12-20T00:19:55.3209679Z Receiving objects:  87% (8344/9590), 40.64 MiB | 3.62 MiB/s
2023-12-20T00:19:55.4701046Z Receiving objects:  88% (8440/9590), 40.64 MiB | 3.62 MiB/s
2023-12-20T00:19:55.5208105Z Receiving objects:  89% (8536/9590), 40.64 MiB | 3.62 MiB/s
2023-12-20T00:19:55.5274142Z Receiving objects:  90% (8631/9590), 40.64 MiB | 3.62 MiB/s
2023-12-20T00:19:55.5279556Z Receiving objects:  91% (8727/9590), 40.64 MiB | 3.62 MiB/s
2023-12-20T00:19:55.5694605Z Receiving objects:  92% (8823/9590), 40.64 MiB | 3.62 MiB/s
2023-12-20T00:19:55.5699306Z Receiving objects:  93% (8919/9590), 40.64 MiB | 3.62 MiB/s
2023-12-20T00:19:55.5707007Z Receiving objects:  94% (9015/9590), 40.64 MiB | 3.62 MiB/s
2023-12-20T00:19:55.7692514Z Receiving objects:  95% (9111/9590), 40.64 MiB | 3.62 MiB/s
2023-12-20T00:19:55.8738591Z Receiving objects:  96% (9207/9590), 42.48 MiB | 3.61 MiB/s
2023-12-20T00:19:55.9757938Z Receiving objects:  96% (9269/9590), 42.48 MiB | 3.61 MiB/s
2023-12-20T00:19:56.4729569Z Receiving objects:  97% (9303/9590), 42.48 MiB | 3.61 MiB/s
2023-12-20T00:19:56.5234873Z Receiving objects:  98% (9399/9590), 44.35 MiB | 3.58 MiB/s
2023-12-20T00:19:56.8235331Z Receiving objects:  99% (9495/9590), 44.35 MiB | 3.58 MiB/s
2023-12-20T00:19:56.8237006Z remote: Total 9590 (delta 5589), reused 9189 (delta 5487), pack-reused 0        
2023-12-20T00:19:56.8246128Z Receiving objects: 100% (9590/9590), 46.20 MiB | 3.61 MiB/s
2023-12-20T00:19:56.8247436Z Receiving objects: 100% (9590/9590), 46.67 MiB | 3.60 MiB/s, done.
2023-12-20T00:19:56.8283519Z Resolving deltas:   0% (0/5589)
2023-12-20T00:19:56.8338223Z Resolving deltas:   1% (56/5589)
2023-12-20T00:19:56.8401578Z Resolving deltas:   2% (112/5589)
2023-12-20T00:19:56.8499323Z Resolving deltas:   3% (168/5589)
2023-12-20T00:19:56.8571661Z Resolving deltas:   4% (224/5589)
2023-12-20T00:19:56.8636047Z Resolving deltas:   5% (280/5589)
2023-12-20T00:19:56.8712069Z Resolving deltas:   6% (336/5589)
2023-12-20T00:19:56.8734546Z Resolving deltas:   7% (392/5589)
2023-12-20T00:19:56.8739714Z Resolving deltas:   8% (448/5589)
2023-12-20T00:19:56.8745139Z Resolving deltas:   9% (504/5589)
2023-12-20T00:19:56.8751264Z Resolving deltas:  10% (559/5589)
2023-12-20T00:19:56.8757741Z Resolving deltas:  11% (615/5589)
2023-12-20T00:19:56.8762359Z Resolving deltas:  12% (671/5589)
2023-12-20T00:19:56.8772731Z Resolving deltas:  13% (727/5589)
2023-12-20T00:19:56.8890489Z Resolving deltas:  14% (783/5589)
2023-12-20T00:19:56.9035234Z Resolving deltas:  15% (839/5589)
2023-12-20T00:19:56.9206915Z Resolving deltas:  16% (895/5589)
2023-12-20T00:19:56.9298272Z Resolving deltas:  17% (951/5589)
2023-12-20T00:19:56.9465520Z Resolving deltas:  18% (1007/5589)
2023-12-20T00:19:56.9661236Z Resolving deltas:  19% (1062/5589)
2023-12-20T00:19:56.9777405Z Resolving deltas:  20% (1118/5589)
2023-12-20T00:19:56.9911127Z Resolving deltas:  21% (1174/5589)
2023-12-20T00:19:56.9975090Z Resolving deltas:  22% (1230/5589)
2023-12-20T00:19:57.0014639Z Resolving deltas:  23% (1286/5589)
2023-12-20T00:19:57.0055488Z Resolving deltas:  24% (1342/5589)
2023-12-20T00:19:57.0060663Z Resolving deltas:  25% (1398/5589)
2023-12-20T00:19:57.0068925Z Resolving deltas:  26% (1454/5589)
2023-12-20T00:19:57.0085389Z Resolving deltas:  27% (1510/5589)
2023-12-20T00:19:57.0101280Z Resolving deltas:  28% (1565/5589)
2023-12-20T00:19:57.0108681Z Resolving deltas:  29% (1621/5589)
2023-12-20T00:19:57.0115205Z Resolving deltas:  30% (1677/5589)
2023-12-20T00:19:57.0130131Z Resolving deltas:  31% (1733/5589)
2023-12-20T00:19:57.0148806Z Resolving deltas:  32% (1789/5589)
2023-12-20T00:19:57.0158769Z Resolving deltas:  33% (1845/5589)
2023-12-20T00:19:57.0161923Z Resolving deltas:  34% (1901/5589)
2023-12-20T00:19:57.0165183Z Resolving deltas:  35% (1957/5589)
2023-12-20T00:19:57.0167522Z Resolving deltas:  36% (2013/5589)
2023-12-20T00:19:57.0179100Z Resolving deltas:  37% (2068/5589)
2023-12-20T00:19:57.0203708Z Resolving deltas:  38% (2124/5589)
2023-12-20T00:19:57.0228428Z Resolving deltas:  39% (2180/5589)
2023-12-20T00:19:57.0254589Z Resolving deltas:  40% (2237/5589)
2023-12-20T00:19:57.0271844Z Resolving deltas:  41% (2292/5589)
2023-12-20T00:19:57.0300762Z Resolving deltas:  42% (2348/5589)
2023-12-20T00:19:57.0305734Z Resolving deltas:  43% (2404/5589)
2023-12-20T00:19:57.0312287Z Resolving deltas:  44% (2460/5589)
2023-12-20T00:19:57.0464720Z Resolving deltas:  45% (2516/5589)
2023-12-20T00:19:57.0570812Z Resolving deltas:  46% (2571/5589)
2023-12-20T00:19:57.0697309Z Resolving deltas:  47% (2627/5589)
2023-12-20T00:19:57.0851887Z Resolving deltas:  48% (2683/5589)
2023-12-20T00:19:57.1061204Z Resolving deltas:  49% (2739/5589)
2023-12-20T00:19:57.1243113Z Resolving deltas:  50% (2795/5589)
2023-12-20T00:19:57.1356263Z Resolving deltas:  51% (2851/5589)
2023-12-20T00:19:57.1511078Z Resolving deltas:  52% (2907/5589)
2023-12-20T00:19:57.1686231Z Resolving deltas:  53% (2963/5589)
2023-12-20T00:19:57.1894145Z Resolving deltas:  54% (3019/5589)
2023-12-20T00:19:57.2106035Z Resolving deltas:  55% (3074/5589)
2023-12-20T00:19:57.2208960Z Resolving deltas:  56% (3130/5589)
2023-12-20T00:19:57.2215638Z Resolving deltas:  57% (3186/5589)
2023-12-20T00:19:57.2231038Z Resolving deltas:  58% (3242/5589)
2023-12-20T00:19:57.2271794Z Resolving deltas:  59% (3298/5589)
2023-12-20T00:19:57.2437914Z Resolving deltas:  60% (3354/5589)
2023-12-20T00:19:57.2613050Z Resolving deltas:  61% (3410/5589)
2023-12-20T00:19:57.2709302Z Resolving deltas:  62% (3466/5589)
2023-12-20T00:19:57.2746087Z Resolving deltas:  63% (3522/5589)
2023-12-20T00:19:57.2804978Z Resolving deltas:  64% (3577/5589)
2023-12-20T00:19:57.2817833Z Resolving deltas:  65% (3633/5589)
2023-12-20T00:19:57.2826063Z Resolving deltas:  66% (3689/5589)
2023-12-20T00:19:57.2828354Z Resolving deltas:  67% (3745/5589)
2023-12-20T00:19:57.2836392Z Resolving deltas:  68% (3801/5589)
2023-12-20T00:19:57.2843921Z Resolving deltas:  69% (3857/5589)
2023-12-20T00:19:57.2847699Z Resolving deltas:  70% (3913/5589)
2023-12-20T00:19:57.2850769Z Resolving deltas:  71% (3969/5589)
2023-12-20T00:19:57.2855057Z Resolving deltas:  72% (4025/5589)
2023-12-20T00:19:57.2862979Z Resolving deltas:  73% (4080/5589)
2023-12-20T00:19:57.2878143Z Resolving deltas:  74% (4136/5589)
2023-12-20T00:19:57.2895414Z Resolving deltas:  75% (4192/5589)
2023-12-20T00:19:57.2909147Z Resolving deltas:  76% (4248/5589)
2023-12-20T00:19:57.2916179Z Resolving deltas:  77% (4304/5589)
2023-12-20T00:19:57.2921017Z Resolving deltas:  78% (4360/5589)
2023-12-20T00:19:57.2932716Z Resolving deltas:  79% (4416/5589)
2023-12-20T00:19:57.3029432Z Resolving deltas:  80% (4472/5589)
2023-12-20T00:19:57.3150287Z Resolving deltas:  81% (4528/5589)
2023-12-20T00:19:57.3286083Z Resolving deltas:  82% (4583/5589)
2023-12-20T00:19:57.3371988Z Resolving deltas:  83% (4639/5589)
2023-12-20T00:19:57.3478985Z Resolving deltas:  84% (4695/5589)
2023-12-20T00:19:57.3516993Z Resolving deltas:  85% (4752/5589)
2023-12-20T00:19:57.3535994Z Resolving deltas:  86% (4807/5589)
2023-12-20T00:19:57.3572684Z Resolving deltas:  87% (4863/5589)
2023-12-20T00:19:57.3617569Z Resolving deltas:  88% (4919/5589)
2023-12-20T00:19:57.3655141Z Resolving deltas:  89% (4975/5589)
2023-12-20T00:19:57.3691027Z Resolving deltas:  90% (5031/5589)
2023-12-20T00:19:57.3726293Z Resolving deltas:  91% (5086/5589)
2023-12-20T00:19:57.3766242Z Resolving deltas:  92% (5142/5589)
2023-12-20T00:19:57.3813555Z Resolving deltas:  93% (5198/5589)
2023-12-20T00:19:57.3881471Z Resolving deltas:  94% (5254/5589)
2023-12-20T00:19:57.3938339Z Resolving deltas:  95% (5310/5589)
2023-12-20T00:19:57.4027802Z Resolving deltas:  96% (5366/5589)
2023-12-20T00:19:57.4084266Z Resolving deltas:  97% (5422/5589)
2023-12-20T00:19:57.4147548Z Resolving deltas:  98% (5478/5589)
2023-12-20T00:19:57.4173064Z Resolving deltas:  99% (5534/5589)
2023-12-20T00:19:57.4176046Z Resolving deltas: 100% (5589/5589)
2023-12-20T00:19:57.4176787Z Resolving deltas: 100% (5589/5589), done.
2023-12-20T00:19:57.4786616Z From https://github.com/seanpm2001/GitHub_Stats_A
2023-12-20T00:19:57.4788033Z  * [new ref]         77c59b49dc5c44eaeba2baa45d1a346a1fe88f99 -> origin/master
2023-12-20T00:19:57.4814780Z ##[endgroup]
2023-12-20T00:19:57.4815737Z ##[group]Determining the checkout info
2023-12-20T00:19:57.4816852Z ##[endgroup]
2023-12-20T00:19:57.4817717Z ##[group]Checking out the ref
2023-12-20T00:19:57.4821614Z [command]/usr/bin/git checkout --progress --force -B master refs/remotes/origin/master
2023-12-20T00:19:58.5080578Z Updating files:  67% (6709/9986)
2023-12-20T00:19:58.5245826Z Updating files:  68% (6791/9986)
2023-12-20T00:19:58.5471309Z Updating files:  69% (6891/9986)
2023-12-20T00:19:58.5587754Z Updating files:  70% (6991/9986)
2023-12-20T00:19:58.5757438Z Updating files:  71% (7091/9986)
2023-12-20T00:19:58.5890363Z Updating files:  72% (7190/9986)
2023-12-20T00:19:58.6062934Z Updating files:  73% (7290/9986)
2023-12-20T00:19:58.6181283Z Updating files:  74% (7390/9986)
2023-12-20T00:19:58.6319521Z Updating files:  75% (7490/9986)
2023-12-20T00:19:58.6457415Z Updating files:  76% (7590/9986)
2023-12-20T00:19:58.6550716Z Updating files:  77% (7690/9986)
2023-12-20T00:19:58.6665635Z Updating files:  78% (7790/9986)
2023-12-20T00:19:58.6824923Z Updating files:  79% (7889/9986)
2023-12-20T00:19:58.6889351Z Updating files:  80% (7989/9986)
2023-12-20T00:19:58.7074333Z Updating files:  81% (8089/9986)
2023-12-20T00:19:58.7226938Z Updating files:  82% (8189/9986)
2023-12-20T00:19:58.7267430Z Updating files:  83% (8289/9986)
2023-12-20T00:19:58.7315890Z Updating files:  84% (8389/9986)
2023-12-20T00:19:58.7400938Z Updating files:  85% (8489/9986)
2023-12-20T00:19:58.7492128Z Updating files:  86% (8588/9986)
2023-12-20T00:19:58.7609259Z Updating files:  87% (8688/9986)
2023-12-20T00:19:58.7703288Z Updating files:  88% (8788/9986)
2023-12-20T00:19:58.7860209Z Updating files:  89% (8888/9986)
2023-12-20T00:19:58.8004845Z Updating files:  90% (8988/9986)
2023-12-20T00:19:58.8164864Z Updating files:  91% (9088/9986)
2023-12-20T00:19:58.8357099Z Updating files:  92% (9188/9986)
2023-12-20T00:19:58.8564232Z Updating files:  93% (9287/9986)
2023-12-20T00:19:58.8739128Z Updating files:  94% (9387/9986)
2023-12-20T00:19:58.8821818Z Updating files:  95% (9487/9986)
2023-12-20T00:19:58.8936874Z Updating files:  96% (9587/9986)
2023-12-20T00:19:58.9074574Z Updating files:  97% (9687/9986)
2023-12-20T00:19:58.9215791Z Updating files:  98% (9787/9986)
2023-12-20T00:19:58.9355317Z Updating files:  99% (9887/9986)
2023-12-20T00:19:58.9356012Z Updating files: 100% (9986/9986)
2023-12-20T00:19:58.9356622Z Updating files: 100% (9986/9986), done.
2023-12-20T00:19:58.9480859Z Reset branch 'master'
2023-12-20T00:19:58.9482120Z branch 'master' set up to track 'origin/master'.
2023-12-20T00:19:58.9585809Z ##[endgroup]
2023-12-20T00:19:58.9632548Z [command]/usr/bin/git log -1 --format='%H'
2023-12-20T00:19:58.9664198Z '77c59b49dc5c44eaeba2baa45d1a346a1fe88f99'
2023-12-20T00:19:58.9996722Z ##[group]Run actions/setup-python@v4
2023-12-20T00:19:58.9997295Z with:
2023-12-20T00:19:58.9997595Z   python-version: 3.8
2023-12-20T00:19:58.9998049Z   architecture: x64
2023-12-20T00:19:58.9998496Z   cache: pip
2023-12-20T00:19:58.9998848Z   check-latest: false
2023-12-20T00:19:58.9999357Z   token: ***
2023-12-20T00:19:58.9999785Z   update-environment: true
2023-12-20T00:19:59.0000210Z   allow-prereleases: false
2023-12-20T00:19:59.0000922Z ##[endgroup]
2023-12-20T00:19:59.1367192Z ##[group]Installed versions
2023-12-20T00:19:59.1444276Z Successfully set up CPython (3.8.18)
2023-12-20T00:19:59.1445702Z ##[endgroup]
2023-12-20T00:19:59.9995706Z [command]/opt/hostedtoolcache/Python/3.8.18/x64/bin/pip cache dir
2023-12-20T00:20:00.3452689Z /home/runner/.cache/pip
2023-12-20T00:20:01.7188399Z Received 6245959 of 6245959 (100.0%), 7.3 MBs/sec
2023-12-20T00:20:01.7189134Z Cache Size: ~6 MB (6245959 B)
2023-12-20T00:20:01.7216650Z [command]/usr/bin/tar -xf /home/runner/work/_temp/b7e83460-6603-420e-9091-4b7e41689659/cache.tzst -P -C /home/runner/work/GitHub_Stats_A/GitHub_Stats_A --use-compress-program unzstd
2023-12-20T00:20:01.7494072Z Cache restored successfully
2023-12-20T00:20:01.7515149Z Cache restored from key: setup-python-Linux-22.04-Ubuntu-python-3.8.18-pip-60f2a6c0212a9b74a155cd81b58dd07fd8b180833132566260d95f4de42fe218
2023-12-20T00:20:01.7715945Z ##[group]Run python3 -m pip install --upgrade pip setuptools wheel
2023-12-20T00:20:01.7716891Z [36;1mpython3 -m pip install --upgrade pip setuptools wheel[0m
2023-12-20T00:20:01.7717547Z [36;1mpython3 -m pip install -r requirements.txt[0m
2023-12-20T00:20:01.7784557Z shell: /usr/bin/bash -e {0}
2023-12-20T00:20:01.7784965Z env:
2023-12-20T00:20:01.7785542Z   pythonLocation: /opt/hostedtoolcache/Python/3.8.18/x64
2023-12-20T00:20:01.7786227Z   PKG_CONFIG_PATH: /opt/hostedtoolcache/Python/3.8.18/x64/lib/pkgconfig
2023-12-20T00:20:01.7786901Z   Python_ROOT_DIR: /opt/hostedtoolcache/Python/3.8.18/x64
2023-12-20T00:20:01.7787574Z   Python2_ROOT_DIR: /opt/hostedtoolcache/Python/3.8.18/x64
2023-12-20T00:20:01.7788190Z   Python3_ROOT_DIR: /opt/hostedtoolcache/Python/3.8.18/x64
2023-12-20T00:20:01.7788895Z   LD_LIBRARY_PATH: /opt/hostedtoolcache/Python/3.8.18/x64/lib
2023-12-20T00:20:01.7789432Z ##[endgroup]
2023-12-20T00:20:02.2808362Z Requirement already satisfied: pip in /opt/hostedtoolcache/Python/3.8.18/x64/lib/python3.8/site-packages (23.0.1)
2023-12-20T00:20:02.4346353Z Collecting pip
2023-12-20T00:20:02.5139442Z   Downloading pip-23.3.2-py3-none-any.whl.metadata (3.5 kB)
2023-12-20T00:20:02.5171231Z Requirement already satisfied: setuptools in /opt/hostedtoolcache/Python/3.8.18/x64/lib/python3.8/site-packages (56.0.0)
2023-12-20T00:20:02.7406511Z Collecting setuptools
2023-12-20T00:20:02.7520869Z   Downloading setuptools-69.0.2-py3-none-any.whl.metadata (6.3 kB)
2023-12-20T00:20:02.7953956Z Collecting wheel
2023-12-20T00:20:02.8061081Z   Downloading wheel-0.42.0-py3-none-any.whl.metadata (2.2 kB)
2023-12-20T00:20:02.8611748Z Downloading pip-23.3.2-py3-none-any.whl (2.1 MB)
2023-12-20T00:20:03.0350971Z    ━━━━━━━━━━━━━━━━━━━━━━━━━━━━━━━━━━━━━━━━ 2.1/2.1 MB 12.5 MB/s eta 0:00:00
2023-12-20T00:20:03.0529921Z Downloading setuptools-69.0.2-py3-none-any.whl (819 kB)
2023-12-20T00:20:03.0937500Z    ━━━━━━━━━━━━━━━━━━━━━━━━━━━━━━━━━━━━━━━━ 819.5/819.5 kB 21.0 MB/s eta 0:00:00
2023-12-20T00:20:03.1094458Z Downloading wheel-0.42.0-py3-none-any.whl (65 kB)
2023-12-20T00:20:03.1141920Z    ━━━━━━━━━━━━━━━━━━━━━━━━━━━━━━━━━━━━━━━━ 65.4/65.4 kB 21.4 MB/s eta 0:00:00
2023-12-20T00:20:03.1944477Z Installing collected packages: wheel, setuptools, pip
2023-12-20T00:20:03.2321891Z   Attempting uninstall: setuptools
2023-12-20T00:20:03.2328481Z     Found existing installation: setuptools 56.0.0
2023-12-20T00:20:03.2482206Z     Uninstalling setuptools-56.0.0:
2023-12-20T00:20:03.2579048Z       Successfully uninstalled setuptools-56.0.0
2023-12-20T00:20:03.6334170Z   Attempting uninstall: pip
2023-12-20T00:20:03.6340489Z     Found existing installation: pip 23.0.1
2023-12-20T00:20:03.6838380Z     Uninstalling pip-23.0.1:
2023-12-20T00:20:03.7308700Z       Successfully uninstalled pip-23.0.1
2023-12-20T00:20:04.6569167Z Successfully installed pip-23.3.1 setuptools-69.0.2 wheel-0.42.0
2023-12-20T00:20:05.3862772Z Collecting requests (from -r requirements.txt (line 1))
2023-12-20T00:20:05.4527860Z   Downloading requests-2.31.0-py3-none-any.whl.metadata (4.6 kB)
2023-12-20T00:20:05.7242173Z Collecting aiohttp (from -r requirements.txt (line 2))
2023-12-20T00:20:05.7354416Z   Downloading aiohttp-3.9.1-cp38-cp38-manylinux_2_17_x86_64.manylinux2014_x86_64.whl.metadata (7.4 kB)
2023-12-20T00:20:05.8328747Z Collecting charset-normalizer<4,>=2 (from requests->-r requirements.txt (line 1))
2023-12-20T00:20:05.8436696Z   Downloading charset_normalizer-3.3.2-cp38-cp38-manylinux_2_17_x86_64.manylinux2014_x86_64.whl.metadata (33 kB)
2023-12-20T00:20:05.8798494Z Collecting idna<4,>=2.5 (from requests->-r requirements.txt (line 1))
2023-12-20T00:20:05.8903644Z   Downloading idna-3.6-py3-none-any.whl.metadata (9.9 kB)
2023-12-20T00:20:05.9476960Z Collecting urllib3<3,>=1.21.1 (from requests->-r requirements.txt (line 1))
2023-12-20T00:20:05.9581936Z   Downloading urllib3-2.1.0-py3-none-any.whl.metadata (6.4 kB)
2023-12-20T00:20:05.9908872Z Collecting certifi>=2017.4.17 (from requests->-r requirements.txt (line 1))
2023-12-20T00:20:06.0014282Z   Downloading certifi-2023.11.17-py3-none-any.whl.metadata (2.2 kB)
2023-12-20T00:20:06.0424855Z Collecting attrs>=17.3.0 (from aiohttp->-r requirements.txt (line 2))
2023-12-20T00:20:06.0663414Z   Downloading attrs-23.1.0-py3-none-any.whl (61 kB)
2023-12-20T00:20:06.0755520Z      ━━━━━━━━━━━━━━━━━━━━━━━━━━━━━━━━━━━━━━━━ 61.2/61.2 kB 7.6 MB/s eta 0:00:00
2023-12-20T00:20:06.2681524Z Collecting multidict<7.0,>=4.5 (from aiohttp->-r requirements.txt (line 2))
2023-12-20T00:20:06.2792922Z   Downloading multidict-6.0.4-cp38-cp38-manylinux_2_17_x86_64.manylinux2014_x86_64.whl (121 kB)
2023-12-20T00:20:06.2951880Z      ━━━━━━━━━━━━━━━━━━━━━━━━━━━━━━━━━━━━━━━ 121.3/121.3 kB 8.3 MB/s eta 0:00:00
2023-12-20T00:20:06.4332657Z Collecting yarl<2.0,>=1.0 (from aiohttp->-r requirements.txt (line 2))
2023-12-20T00:20:06.4448022Z   Downloading yarl-1.9.4-cp38-cp38-manylinux_2_17_x86_64.manylinux2014_x86_64.whl.metadata (31 kB)
2023-12-20T00:20:06.5332797Z Collecting frozenlist>=1.1.1 (from aiohttp->-r requirements.txt (line 2))
2023-12-20T00:20:06.5443136Z   Downloading frozenlist-1.4.1-cp38-cp38-manylinux_2_5_x86_64.manylinux1_x86_64.manylinux_2_17_x86_64.manylinux2014_x86_64.whl.metadata (12 kB)
2023-12-20T00:20:06.5673868Z Collecting aiosignal>=1.1.2 (from aiohttp->-r requirements.txt (line 2))
2023-12-20T00:20:06.5781423Z   Downloading aiosignal-1.3.1-py3-none-any.whl (7.6 kB)
2023-12-20T00:20:06.6053735Z Collecting async-timeout<5.0,>=4.0 (from aiohttp->-r requirements.txt (line 2))
2023-12-20T00:20:06.6162490Z   Downloading async_timeout-4.0.3-py3-none-any.whl.metadata (4.2 kB)
2023-12-20T00:20:06.6834604Z Downloading requests-2.31.0-py3-none-any.whl (62 kB)
2023-12-20T00:20:06.6915420Z    ━━━━━━━━━━━━━━━━━━━━━━━━━━━━━━━━━━━━━━━━ 62.6/62.6 kB 9.1 MB/s eta 0:00:00
2023-12-20T00:20:06.7045209Z Downloading aiohttp-3.9.1-cp38-cp38-manylinux_2_17_x86_64.manylinux2014_x86_64.whl (1.3 MB)
2023-12-20T00:20:06.8160115Z    ━━━━━━━━━━━━━━━━━━━━━━━━━━━━━━━━━━━━━━━━ 1.3/1.3 MB 11.4 MB/s eta 0:00:00
2023-12-20T00:20:06.8266316Z Downloading async_timeout-4.0.3-py3-none-any.whl (5.7 kB)
2023-12-20T00:20:06.8392914Z Downloading certifi-2023.11.17-py3-none-any.whl (162 kB)
2023-12-20T00:20:06.8523280Z    ━━━━━━━━━━━━━━━━━━━━━━━━━━━━━━━━━━━━━━━━ 162.5/162.5 kB 14.0 MB/s eta 0:00:00
2023-12-20T00:20:06.8637209Z Downloading charset_normalizer-3.3.2-cp38-cp38-manylinux_2_17_x86_64.manylinux2014_x86_64.whl (141 kB)
2023-12-20T00:20:06.8722103Z    ━━━━━━━━━━━━━━━━━━━━━━━━━━━━━━━━━━━━━━━━ 141.1/141.1 kB 21.2 MB/s eta 0:00:00
2023-12-20T00:20:06.8839378Z Downloading frozenlist-1.4.1-cp38-cp38-manylinux_2_5_x86_64.manylinux1_x86_64.manylinux_2_17_x86_64.manylinux2014_x86_64.whl (240 kB)
2023-12-20T00:20:06.9001223Z    ━━━━━━━━━━━━━━━━━━━━━━━━━━━━━━━━━━━━━━━━ 240.9/240.9 kB 16.3 MB/s eta 0:00:00
2023-12-20T00:20:06.9108503Z Downloading idna-3.6-py3-none-any.whl (61 kB)
2023-12-20T00:20:06.9164615Z    ━━━━━━━━━━━━━━━━━━━━━━━━━━━━━━━━━━━━━━━━ 61.6/61.6 kB 14.4 MB/s eta 0:00:00
2023-12-20T00:20:06.9269762Z Downloading urllib3-2.1.0-py3-none-any.whl (104 kB)
2023-12-20T00:20:06.9345175Z    ━━━━━━━━━━━━━━━━━━━━━━━━━━━━━━━━━━━━━━━━ 104.6/104.6 kB 17.1 MB/s eta 0:00:00
2023-12-20T00:20:06.9464467Z Downloading yarl-1.9.4-cp38-cp38-manylinux_2_17_x86_64.manylinux2014_x86_64.whl (308 kB)
2023-12-20T00:20:06.9655506Z    ━━━━━━━━━━━━━━━━━━━━━━━━━━━━━━━━━━━━━━━━ 308.8/308.8 kB 17.6 MB/s eta 0:00:00
2023-12-20T00:20:07.0607906Z Installing collected packages: urllib3, multidict, idna, frozenlist, charset-normalizer, certifi, attrs, async-timeout, yarl, requests, aiosignal, aiohttp
2023-12-20T00:20:07.4450768Z Successfully installed aiohttp-3.9.1 aiosignal-1.3.1 async-timeout-4.0.3 attrs-23.1.0 certifi-2023.11.17 charset-normalizer-3.3.2 frozenlist-1.4.1 idna-3.6 multidict-6.0.4 requests-2.31.0 urllib3-2.1.0 yarl-1.9.4
2023-12-20T00:20:07.4929192Z 
2023-12-20T00:20:07.4930541Z [notice] A new release of pip is available: 23.3.1 -> 23.3.2
2023-12-20T00:20:07.4931777Z [notice] To update, run: pip install --upgrade pip
2023-12-20T00:20:07.6124112Z ##[group]Run python3 --version
2023-12-20T00:20:07.6124609Z [36;1mpython3 --version[0m
2023-12-20T00:20:07.6125064Z [36;1mpython3 generate_images.py[0m
2023-12-20T00:20:07.6176172Z shell: /usr/bin/bash -e {0}
2023-12-20T00:20:07.6176681Z env:
2023-12-20T00:20:07.6177136Z   pythonLocation: /opt/hostedtoolcache/Python/3.8.18/x64
2023-12-20T00:20:07.6177764Z   PKG_CONFIG_PATH: /opt/hostedtoolcache/Python/3.8.18/x64/lib/pkgconfig
2023-12-20T00:20:07.6178484Z   Python_ROOT_DIR: /opt/hostedtoolcache/Python/3.8.18/x64
2023-12-20T00:20:07.6179092Z   Python2_ROOT_DIR: /opt/hostedtoolcache/Python/3.8.18/x64
2023-12-20T00:20:07.6179741Z   Python3_ROOT_DIR: /opt/hostedtoolcache/Python/3.8.18/x64
2023-12-20T00:20:07.6180388Z   LD_LIBRARY_PATH: /opt/hostedtoolcache/Python/3.8.18/x64/lib
2023-12-20T00:20:07.6181333Z   ACCESS_TOKEN: ***
2023-12-20T00:20:07.6182175Z   GITHUB_TOKEN: ***
2023-12-20T00:20:07.6182562Z   EXCLUDED: 
2023-12-20T00:20:07.6182913Z   EXCLUDED_LANGS: 
2023-12-20T00:20:07.6183449Z   EXCLUDE_FORKED_REPOS: true
2023-12-20T00:20:07.6183865Z ##[endgroup]
2023-12-20T00:20:07.6272045Z Python 3.8.18
2023-12-20T00:20:58.4850210Z A path returned 202. Retrying...
2023-12-20T00:20:58.4850808Z A path returned 202. Retrying...
2023-12-20T00:20:58.4851278Z A path returned 202. Retrying...
2023-12-20T00:20:58.4851757Z A path returned 202. Retrying...
2023-12-20T00:20:58.4852178Z A path returned 202. Retrying...
2023-12-20T00:20:58.4852615Z A path returned 202. Retrying...
2023-12-20T00:20:58.4853094Z A path returned 202. Retrying...
2023-12-20T00:20:58.4853506Z A path returned 202. Retrying...
2023-12-20T00:20:58.5226567Z Traceback (most recent call last):
2023-12-20T00:20:58.5417562Z   File "generate_images.py", line 136, in <module>
2023-12-20T00:20:58.5418679Z     asyncio.run(main())
2023-12-20T00:20:58.5419708Z   File "/opt/hostedtoolcache/Python/3.8.18/x64/lib/python3.8/asyncio/runners.py", line 44, in run
2023-12-20T00:20:58.5420989Z     return loop.run_until_complete(main)
2023-12-20T00:20:58.5421895Z   File "/opt/hostedtoolcache/Python/3.8.18/x64/lib/python3.8/asyncio/base_events.py", line 616, in run_until_complete
2023-12-20T00:20:58.5422799Z     return future.result()
2023-12-20T00:20:58.5423306Z   File "generate_images.py", line 132, in main
2023-12-20T00:20:58.5423925Z     await asyncio.gather(generate_languages(s), generate_overview(s))
2023-12-20T00:20:58.5424711Z   File "generate_images.py", line 42, in generate_overview
2023-12-20T00:20:58.5425371Z     changed = (await s.lines_changed)[0] + (await s.lines_changed)[1]
2023-12-20T00:20:58.5426222Z   File "/home/runner/work/GitHub_Stats_A/GitHub_Stats_A/github_stats.py", line 486, in lines_changed
2023-12-20T00:20:58.5427025Z     for repo in await self.repos:
2023-12-20T00:20:58.5427517Z RuntimeError: Set changed size during iteration
2023-12-20T00:20:58.5436809Z ##[error]Process completed with exit code 1.
2023-12-20T00:20:58.5531946Z Post job cleanup.
2023-12-20T00:20:58.6356625Z [command]/usr/bin/git version
2023-12-20T00:20:58.6399995Z git version 2.43.0
2023-12-20T00:20:58.6437835Z Temporarily overriding HOME='/home/runner/work/_temp/0b0d06d6-9b8d-42ef-a490-e3c0fe0c9891' before making global git config changes
2023-12-20T00:20:58.6439367Z Adding repository directory to the temporary git global config as a safe directory
2023-12-20T00:20:58.6444225Z [command]/usr/bin/git config --global --add safe.directory /home/runner/work/GitHub_Stats_A/GitHub_Stats_A
2023-12-20T00:20:58.6485155Z [command]/usr/bin/git config --local --name-only --get-regexp core\.sshCommand
2023-12-20T00:20:58.6524183Z [command]/usr/bin/git submodule foreach --recursive sh -c "git config --local --name-only --get-regexp 'core\.sshCommand' && git config --local --unset-all 'core.sshCommand' || :"
2023-12-20T00:20:58.6788611Z [command]/usr/bin/git config --local --name-only --get-regexp http\.https\:\/\/github\.com\/\.extraheader
2023-12-20T00:20:58.6817007Z http.https://github.com/.extraheader
2023-12-20T00:20:58.6827523Z [command]/usr/bin/git config --local --unset-all http.https://github.com/.extraheader
2023-12-20T00:20:58.6866523Z [command]/usr/bin/git submodule foreach --recursive sh -c "git config --local --name-only --get-regexp 'http\.https\:\/\/github\.com\/\.extraheader' && git config --local --unset-all 'http.https://github.com/.extraheader' || :"
2023-12-20T00:20:58.7351938Z Cleaning up orphan processes
