2022-10-06T03:30:10.0269476Z Requested labels: ubuntu-latest
2022-10-06T03:30:10.0269512Z Job defined at: seanpm2001/GitHub_Stats_A/.github/workflows/main.yml@refs/heads/master
2022-10-06T03:30:10.0269527Z Waiting for a runner to pick up this job...
2022-10-06T03:30:10.5724558Z Job is waiting for a hosted runner to come online.
2022-10-06T03:30:13.6658517Z Job is about to start running on the hosted runner: GitHub Actions 17 (hosted)
2022-10-06T03:30:16.6668437Z Current runner version: '2.297.0'
2022-10-06T03:30:16.6701670Z ##[group]Operating System
2022-10-06T03:30:16.6702350Z Ubuntu
2022-10-06T03:30:16.6702813Z 20.04.5
2022-10-06T03:30:16.6703114Z LTS
2022-10-06T03:30:16.6703483Z ##[endgroup]
2022-10-06T03:30:16.6703882Z ##[group]Runner Image
2022-10-06T03:30:16.6704336Z Image: ubuntu-20.04
2022-10-06T03:30:16.6704723Z Version: 20221002.2
2022-10-06T03:30:16.6705354Z Included Software: https://github.com/actions/runner-images/blob/ubuntu20/20221002.2/images/linux/Ubuntu2004-Readme.md
2022-10-06T03:30:16.6706151Z Image Release: https://github.com/actions/runner-images/releases/tag/ubuntu20%2F20221002.2
2022-10-06T03:30:16.6706713Z ##[endgroup]
2022-10-06T03:30:16.6707088Z ##[group]Runner Image Provisioner
2022-10-06T03:30:16.6707569Z 1.0.0.0-main-20220916-1
2022-10-06T03:30:16.6707966Z ##[endgroup]
2022-10-06T03:30:16.6708782Z ##[group]GITHUB_TOKEN Permissions
2022-10-06T03:30:16.6709480Z Contents: write
2022-10-06T03:30:16.6710029Z Metadata: read
2022-10-06T03:30:16.6710456Z ##[endgroup]
2022-10-06T03:30:16.6714630Z Secret source: Actions
2022-10-06T03:30:16.6715310Z Prepare workflow directory
2022-10-06T03:30:16.7660433Z Prepare all required actions
2022-10-06T03:30:16.7863700Z Getting action download info
2022-10-06T03:30:17.1292933Z Download action repository 'actions/checkout@v2' (SHA:7884fcad6b5d53d10323aee724dc68d8b9096a2e)
2022-10-06T03:30:17.8678046Z Download action repository 'actions/setup-python@v2' (SHA:7f80679172b057fc5e90d70d197929d454754a5a)
2022-10-06T03:30:18.5002410Z Download action repository 'actions/cache@v2' (SHA:937d24475381cd9c75ae6db12cb4e79714b926ed)
2022-10-06T03:30:19.4504140Z ##[group]Run actions/checkout@v2
2022-10-06T03:30:19.4504505Z with:
2022-10-06T03:30:19.4504778Z   repository: seanpm2001/GitHub_Stats_A
2022-10-06T03:30:19.4505352Z   token: ***
2022-10-06T03:30:19.4505606Z   ssh-strict: true
2022-10-06T03:30:19.4505888Z   persist-credentials: true
2022-10-06T03:30:19.4506151Z   clean: true
2022-10-06T03:30:19.4506455Z   fetch-depth: 1
2022-10-06T03:30:19.4506715Z   lfs: false
2022-10-06T03:30:19.4506954Z   submodules: false
2022-10-06T03:30:19.4507232Z   set-safe-directory: true
2022-10-06T03:30:19.4507520Z ##[endgroup]
2022-10-06T03:30:19.7946908Z Syncing repository: seanpm2001/GitHub_Stats_A
2022-10-06T03:30:19.7954724Z ##[group]Getting Git version info
2022-10-06T03:30:19.7955445Z Working directory is '/home/runner/work/GitHub_Stats_A/GitHub_Stats_A'
2022-10-06T03:30:19.7956099Z [command]/usr/bin/git version
2022-10-06T03:30:19.8133033Z git version 2.37.3
2022-10-06T03:30:19.8134358Z ##[endgroup]
2022-10-06T03:30:19.8154324Z Temporarily overriding HOME='/home/runner/work/_temp/24bd16fa-7df7-4093-a17e-4ac919c37845' before making global git config changes
2022-10-06T03:30:19.8154928Z Adding repository directory to the temporary git global config as a safe directory
2022-10-06T03:30:19.8155586Z [command]/usr/bin/git config --global --add safe.directory /home/runner/work/GitHub_Stats_A/GitHub_Stats_A
2022-10-06T03:30:19.8207297Z Deleting the contents of '/home/runner/work/GitHub_Stats_A/GitHub_Stats_A'
2022-10-06T03:30:19.8208339Z ##[group]Initializing the repository
2022-10-06T03:30:19.8211303Z [command]/usr/bin/git init /home/runner/work/GitHub_Stats_A/GitHub_Stats_A
2022-10-06T03:30:19.8343487Z hint: Using 'master' as the name for the initial branch. This default branch name
2022-10-06T03:30:19.8344154Z hint: is subject to change. To configure the initial branch name to use in all
2022-10-06T03:30:19.8345137Z hint: of your new repositories, which will suppress this warning, call:
2022-10-06T03:30:19.8346064Z hint: 
2022-10-06T03:30:19.8346760Z hint: 	git config --global init.defaultBranch <name>
2022-10-06T03:30:19.8347823Z hint: 
2022-10-06T03:30:19.8348316Z hint: Names commonly chosen instead of 'master' are 'main', 'trunk' and
2022-10-06T03:30:19.8349001Z hint: 'development'. The just-created branch can be renamed via this command:
2022-10-06T03:30:19.8349633Z hint: 
2022-10-06T03:30:19.8350203Z hint: 	git branch -m <name>
2022-10-06T03:30:19.8355239Z Initialized empty Git repository in /home/runner/work/GitHub_Stats_A/GitHub_Stats_A/.git/
2022-10-06T03:30:19.8369010Z [command]/usr/bin/git remote add origin https://github.com/seanpm2001/GitHub_Stats_A
2022-10-06T03:30:19.8421926Z ##[endgroup]
2022-10-06T03:30:19.8422850Z ##[group]Disabling automatic garbage collection
2022-10-06T03:30:19.8477336Z [command]/usr/bin/git config --local gc.auto 0
2022-10-06T03:30:19.8515287Z ##[endgroup]
2022-10-06T03:30:19.8516160Z ##[group]Setting up auth
2022-10-06T03:30:19.8525569Z [command]/usr/bin/git config --local --name-only --get-regexp core\.sshCommand
2022-10-06T03:30:19.8567213Z [command]/usr/bin/git submodule foreach --recursive git config --local --name-only --get-regexp 'core\.sshCommand' && git config --local --unset-all 'core.sshCommand' || :
2022-10-06T03:30:19.9045237Z [command]/usr/bin/git config --local --name-only --get-regexp http\.https\:\/\/github\.com\/\.extraheader
2022-10-06T03:30:19.9076470Z [command]/usr/bin/git submodule foreach --recursive git config --local --name-only --get-regexp 'http\.https\:\/\/github\.com\/\.extraheader' && git config --local --unset-all 'http.https://github.com/.extraheader' || :
2022-10-06T03:30:19.9423463Z [command]/usr/bin/git config --local http.https://github.com/.extraheader AUTHORIZATION: basic ***
2022-10-06T03:30:19.9424466Z ##[endgroup]
2022-10-06T03:30:19.9485260Z ##[group]Fetching the repository
2022-10-06T03:30:19.9487940Z [command]/usr/bin/git -c protocol.version=2 fetch --no-tags --prune --progress --no-recurse-submodules --depth=1 origin +0b1f3a0b9e1d9b86507cf9bf0a4ad16f7c83ea78:refs/remotes/origin/master
2022-10-06T03:30:20.2833127Z remote: Enumerating objects: 1086, done.        
2022-10-06T03:30:20.2845831Z remote: Counting objects:   0% (1/1086)        
2022-10-06T03:30:20.2849261Z remote: Counting objects:   1% (11/1086)        
2022-10-06T03:30:20.2850248Z remote: Counting objects:   2% (22/1086)        
2022-10-06T03:30:20.2853097Z remote: Counting objects:   3% (33/1086)        
2022-10-06T03:30:20.2853942Z remote: Counting objects:   4% (44/1086)        
2022-10-06T03:30:20.2854345Z remote: Counting objects:   5% (55/1086)        
2022-10-06T03:30:20.2854765Z remote: Counting objects:   6% (66/1086)        
2022-10-06T03:30:20.2855134Z remote: Counting objects:   7% (77/1086)        
2022-10-06T03:30:20.2855437Z remote: Counting objects:   8% (87/1086)        
2022-10-06T03:30:20.2855752Z remote: Counting objects:   9% (98/1086)        
2022-10-06T03:30:20.2856090Z remote: Counting objects:  10% (109/1086)        
2022-10-06T03:30:20.2856415Z remote: Counting objects:  11% (120/1086)        
2022-10-06T03:30:20.2856739Z remote: Counting objects:  12% (131/1086)        
2022-10-06T03:30:20.2857060Z remote: Counting objects:  13% (142/1086)        
2022-10-06T03:30:20.2857374Z remote: Counting objects:  14% (153/1086)        
2022-10-06T03:30:20.2860384Z remote: Counting objects:  15% (163/1086)        
2022-10-06T03:30:20.2860975Z remote: Counting objects:  16% (174/1086)        
2022-10-06T03:30:20.2861295Z remote: Counting objects:  17% (185/1086)        
2022-10-06T03:30:20.2861640Z remote: Counting objects:  18% (196/1086)        
2022-10-06T03:30:20.2861951Z remote: Counting objects:  19% (207/1086)        
2022-10-06T03:30:20.2862269Z remote: Counting objects:  20% (218/1086)        
2022-10-06T03:30:20.2862577Z remote: Counting objects:  21% (229/1086)        
2022-10-06T03:30:20.2862888Z remote: Counting objects:  22% (239/1086)        
2022-10-06T03:30:20.2863199Z remote: Counting objects:  23% (250/1086)        
2022-10-06T03:30:20.2863514Z remote: Counting objects:  24% (261/1086)        
2022-10-06T03:30:20.2863826Z remote: Counting objects:  25% (272/1086)        
2022-10-06T03:30:20.2864191Z remote: Counting objects:  26% (283/1086)        
2022-10-06T03:30:20.2864513Z remote: Counting objects:  27% (294/1086)        
2022-10-06T03:30:20.2864841Z remote: Counting objects:  28% (305/1086)        
2022-10-06T03:30:20.2865152Z remote: Counting objects:  29% (315/1086)        
2022-10-06T03:30:20.2865797Z remote: Counting objects:  30% (326/1086)        
2022-10-06T03:30:20.2866106Z remote: Counting objects:  31% (337/1086)        
2022-10-06T03:30:20.2866419Z remote: Counting objects:  32% (348/1086)        
2022-10-06T03:30:20.2866728Z remote: Counting objects:  33% (359/1086)        
2022-10-06T03:30:20.2867027Z remote: Counting objects:  34% (370/1086)        
2022-10-06T03:30:20.2867336Z remote: Counting objects:  35% (381/1086)        
2022-10-06T03:30:20.2867655Z remote: Counting objects:  36% (391/1086)        
2022-10-06T03:30:20.2867976Z remote: Counting objects:  37% (402/1086)        
2022-10-06T03:30:20.2868276Z remote: Counting objects:  38% (413/1086)        
2022-10-06T03:30:20.2868583Z remote: Counting objects:  39% (424/1086)        
2022-10-06T03:30:20.2868894Z remote: Counting objects:  40% (435/1086)        
2022-10-06T03:30:20.2869204Z remote: Counting objects:  41% (446/1086)        
2022-10-06T03:30:20.2869498Z remote: Counting objects:  42% (457/1086)        
2022-10-06T03:30:20.2869812Z remote: Counting objects:  43% (467/1086)        
2022-10-06T03:30:20.2870122Z remote: Counting objects:  44% (478/1086)        
2022-10-06T03:30:20.2870432Z remote: Counting objects:  45% (489/1086)        
2022-10-06T03:30:20.2870728Z remote: Counting objects:  46% (500/1086)        
2022-10-06T03:30:20.2871038Z remote: Counting objects:  47% (511/1086)        
2022-10-06T03:30:20.2871349Z remote: Counting objects:  48% (522/1086)        
2022-10-06T03:30:20.2871656Z remote: Counting objects:  49% (533/1086)        
2022-10-06T03:30:20.2872058Z remote: Counting objects:  50% (543/1086)        
2022-10-06T03:30:20.2872373Z remote: Counting objects:  51% (554/1086)        
2022-10-06T03:30:20.2872682Z remote: Counting objects:  52% (565/1086)        
2022-10-06T03:30:20.2873162Z remote: Counting objects:  53% (576/1086)        
2022-10-06T03:30:20.2873472Z remote: Counting objects:  54% (587/1086)        
2022-10-06T03:30:20.2873771Z remote: Counting objects:  55% (598/1086)        
2022-10-06T03:30:20.2874087Z remote: Counting objects:  56% (609/1086)        
2022-10-06T03:30:20.2874399Z remote: Counting objects:  57% (620/1086)        
2022-10-06T03:30:20.2874713Z remote: Counting objects:  58% (630/1086)        
2022-10-06T03:30:20.2875020Z remote: Counting objects:  59% (641/1086)        
2022-10-06T03:30:20.2902498Z remote: Counting objects:  60% (652/1086)        
2022-10-06T03:30:20.2904250Z remote: Counting objects:  61% (663/1086)        
2022-10-06T03:30:20.2905900Z remote: Counting objects:  62% (674/1086)        
2022-10-06T03:30:20.2907605Z remote: Counting objects:  63% (685/1086)        
2022-10-06T03:30:20.2909680Z remote: Counting objects:  64% (696/1086)        
2022-10-06T03:30:20.2911222Z remote: Counting objects:  65% (706/1086)        
2022-10-06T03:30:20.2912775Z remote: Counting objects:  66% (717/1086)        
2022-10-06T03:30:20.2914701Z remote: Counting objects:  67% (728/1086)        
2022-10-06T03:30:20.2915041Z remote: Counting objects:  68% (739/1086)        
2022-10-06T03:30:20.2919423Z remote: Counting objects:  69% (750/1086)        
2022-10-06T03:30:20.2920002Z remote: Counting objects:  70% (761/1086)        
2022-10-06T03:30:20.2920431Z remote: Counting objects:  71% (772/1086)        
2022-10-06T03:30:20.2920841Z remote: Counting objects:  72% (782/1086)        
2022-10-06T03:30:20.2921256Z remote: Counting objects:  73% (793/1086)        
2022-10-06T03:30:20.2921688Z remote: Counting objects:  74% (804/1086)        
2022-10-06T03:30:20.2922102Z remote: Counting objects:  75% (815/1086)        
2022-10-06T03:30:20.2922521Z remote: Counting objects:  76% (826/1086)        
2022-10-06T03:30:20.2922915Z remote: Counting objects:  77% (837/1086)        
2022-10-06T03:30:20.2923320Z remote: Counting objects:  78% (848/1086)        
2022-10-06T03:30:20.2923728Z remote: Counting objects:  79% (858/1086)        
2022-10-06T03:30:20.2924183Z remote: Counting objects:  80% (869/1086)        
2022-10-06T03:30:20.2924579Z remote: Counting objects:  81% (880/1086)        
2022-10-06T03:30:20.2925662Z remote: Counting objects:  82% (891/1086)        
2022-10-06T03:30:20.2926010Z remote: Counting objects:  83% (902/1086)        
2022-10-06T03:30:20.2926317Z remote: Counting objects:  84% (913/1086)        
2022-10-06T03:30:20.2926639Z remote: Counting objects:  85% (924/1086)        
2022-10-06T03:30:20.2926954Z remote: Counting objects:  86% (934/1086)        
2022-10-06T03:30:20.2927272Z remote: Counting objects:  87% (945/1086)        
2022-10-06T03:30:20.2927572Z remote: Counting objects:  88% (956/1086)        
2022-10-06T03:30:20.2927897Z remote: Counting objects:  89% (967/1086)        
2022-10-06T03:30:20.2928212Z remote: Counting objects:  90% (978/1086)        
2022-10-06T03:30:20.2928521Z remote: Counting objects:  91% (989/1086)        
2022-10-06T03:30:20.2928828Z remote: Counting objects:  92% (1000/1086)        
2022-10-06T03:30:20.2929156Z remote: Counting objects:  93% (1010/1086)        
2022-10-06T03:30:20.2929503Z remote: Counting objects:  94% (1021/1086)        
2022-10-06T03:30:20.2929830Z remote: Counting objects:  95% (1032/1086)        
2022-10-06T03:30:20.2930138Z remote: Counting objects:  96% (1043/1086)        
2022-10-06T03:30:20.2930463Z remote: Counting objects:  97% (1054/1086)        
2022-10-06T03:30:20.2930786Z remote: Counting objects:  98% (1065/1086)        
2022-10-06T03:30:20.2931108Z remote: Counting objects:  99% (1076/1086)        
2022-10-06T03:30:20.2931413Z remote: Counting objects: 100% (1086/1086)        
2022-10-06T03:30:20.2931751Z remote: Counting objects: 100% (1086/1086), done.        
2022-10-06T03:30:20.2932338Z remote: Compressing objects:   0% (1/385)        
2022-10-06T03:30:20.2945337Z remote: Compressing objects:   1% (4/385)        
2022-10-06T03:30:20.3190109Z remote: Compressing objects:   2% (8/385)        
2022-10-06T03:30:20.3191084Z remote: Compressing objects:   3% (12/385)        
2022-10-06T03:30:20.3191526Z remote: Compressing objects:   4% (16/385)        
2022-10-06T03:30:20.3191947Z remote: Compressing objects:   5% (20/385)        
2022-10-06T03:30:20.3192439Z remote: Compressing objects:   6% (24/385)        
2022-10-06T03:30:20.3192877Z remote: Compressing objects:   7% (27/385)        
2022-10-06T03:30:20.3193272Z remote: Compressing objects:   8% (31/385)        
2022-10-06T03:30:20.3193686Z remote: Compressing objects:   9% (35/385)        
2022-10-06T03:30:20.3194091Z remote: Compressing objects:  10% (39/385)        
2022-10-06T03:30:20.3194501Z remote: Compressing objects:  11% (43/385)        
2022-10-06T03:30:20.3194892Z remote: Compressing objects:  12% (47/385)        
2022-10-06T03:30:20.3195304Z remote: Compressing objects:  13% (51/385)        
2022-10-06T03:30:20.3195713Z remote: Compressing objects:  14% (54/385)        
2022-10-06T03:30:20.3196111Z remote: Compressing objects:  15% (58/385)        
2022-10-06T03:30:20.3196506Z remote: Compressing objects:  16% (62/385)        
2022-10-06T03:30:20.3196910Z remote: Compressing objects:  17% (66/385)        
2022-10-06T03:30:20.3197316Z remote: Compressing objects:  18% (70/385)        
2022-10-06T03:30:20.3197723Z remote: Compressing objects:  19% (74/385)        
2022-10-06T03:30:20.3198130Z remote: Compressing objects:  20% (77/385)        
2022-10-06T03:30:20.3198591Z remote: Compressing objects:  21% (81/385)        
2022-10-06T03:30:20.3268205Z remote: Compressing objects:  22% (85/385)        
2022-10-06T03:30:20.3291682Z remote: Compressing objects:  23% (89/385)        
2022-10-06T03:30:20.3304426Z remote: Compressing objects:  24% (93/385)        
2022-10-06T03:30:20.3313718Z remote: Compressing objects:  25% (97/385)        
2022-10-06T03:30:20.3314652Z remote: Compressing objects:  26% (101/385)        
2022-10-06T03:30:20.3326170Z remote: Compressing objects:  27% (104/385)        
2022-10-06T03:30:20.3358614Z remote: Compressing objects:  28% (108/385)        
2022-10-06T03:30:20.3416162Z remote: Compressing objects:  29% (112/385)        
2022-10-06T03:30:20.3433195Z remote: Compressing objects:  30% (116/385)        
2022-10-06T03:30:20.3482941Z remote: Compressing objects:  31% (120/385)        
2022-10-06T03:30:20.3486634Z remote: Compressing objects:  32% (124/385)        
2022-10-06T03:30:20.3486984Z remote: Compressing objects:  33% (128/385)        
2022-10-06T03:30:20.3490516Z remote: Compressing objects:  34% (131/385)        
2022-10-06T03:30:20.3491317Z remote: Compressing objects:  35% (135/385)        
2022-10-06T03:30:20.3503126Z remote: Compressing objects:  36% (139/385)        
2022-10-06T03:30:20.3516589Z remote: Compressing objects:  37% (143/385)        
2022-10-06T03:30:20.3516943Z remote: Compressing objects:  38% (147/385)        
2022-10-06T03:30:20.3517282Z remote: Compressing objects:  39% (151/385)        
2022-10-06T03:30:20.3517618Z remote: Compressing objects:  40% (154/385)        
2022-10-06T03:30:20.3517948Z remote: Compressing objects:  41% (158/385)        
2022-10-06T03:30:20.3518265Z remote: Compressing objects:  42% (162/385)        
2022-10-06T03:30:20.3518597Z remote: Compressing objects:  43% (166/385)        
2022-10-06T03:30:20.3518935Z remote: Compressing objects:  44% (170/385)        
2022-10-06T03:30:20.3519263Z remote: Compressing objects:  45% (174/385)        
2022-10-06T03:30:20.3519580Z remote: Compressing objects:  46% (178/385)        
2022-10-06T03:30:20.3519912Z remote: Compressing objects:  47% (181/385)        
2022-10-06T03:30:20.3520242Z remote: Compressing objects:  48% (185/385)        
2022-10-06T03:30:20.3520569Z remote: Compressing objects:  49% (189/385)        
2022-10-06T03:30:20.3520899Z remote: Compressing objects:  50% (193/385)        
2022-10-06T03:30:20.3523498Z remote: Compressing objects:  51% (197/385)        
2022-10-06T03:30:20.3531936Z remote: Compressing objects:  52% (201/385)        
2022-10-06T03:30:20.3534869Z remote: Compressing objects:  53% (205/385)        
2022-10-06T03:30:20.3535220Z remote: Compressing objects:  54% (208/385)        
2022-10-06T03:30:20.3535555Z remote: Compressing objects:  55% (212/385)        
2022-10-06T03:30:20.3535872Z remote: Compressing objects:  56% (216/385)        
2022-10-06T03:30:20.3536215Z remote: Compressing objects:  57% (220/385)        
2022-10-06T03:30:20.3536548Z remote: Compressing objects:  58% (224/385)        
2022-10-06T03:30:20.3536877Z remote: Compressing objects:  59% (228/385)        
2022-10-06T03:30:20.3537190Z remote: Compressing objects:  60% (231/385)        
2022-10-06T03:30:20.3537561Z remote: Compressing objects:  61% (235/385)        
2022-10-06T03:30:20.3537892Z remote: Compressing objects:  62% (239/385)        
2022-10-06T03:30:20.3538217Z remote: Compressing objects:  63% (243/385)        
2022-10-06T03:30:20.3538537Z remote: Compressing objects:  64% (247/385)        
2022-10-06T03:30:20.3538862Z remote: Compressing objects:  65% (251/385)        
2022-10-06T03:30:20.3539188Z remote: Compressing objects:  66% (255/385)        
2022-10-06T03:30:20.3539521Z remote: Compressing objects:  67% (258/385)        
2022-10-06T03:30:20.3539847Z remote: Compressing objects:  68% (262/385)        
2022-10-06T03:30:20.3540167Z remote: Compressing objects:  69% (266/385)        
2022-10-06T03:30:20.3542858Z remote: Compressing objects:  70% (270/385)        
2022-10-06T03:30:20.3543195Z remote: Compressing objects:  71% (274/385)        
2022-10-06T03:30:20.3543529Z remote: Compressing objects:  72% (278/385)        
2022-10-06T03:30:20.3543845Z remote: Compressing objects:  73% (282/385)        
2022-10-06T03:30:20.3544179Z remote: Compressing objects:  74% (285/385)        
2022-10-06T03:30:20.3544513Z remote: Compressing objects:  75% (289/385)        
2022-10-06T03:30:20.3544848Z remote: Compressing objects:  76% (293/385)        
2022-10-06T03:30:20.3545161Z remote: Compressing objects:  77% (297/385)        
2022-10-06T03:30:20.3545492Z remote: Compressing objects:  78% (301/385)        
2022-10-06T03:30:20.3545821Z remote: Compressing objects:  79% (305/385)        
2022-10-06T03:30:20.3546149Z remote: Compressing objects:  80% (308/385)        
2022-10-06T03:30:20.3546461Z remote: Compressing objects:  81% (312/385)        
2022-10-06T03:30:20.3546992Z remote: Compressing objects:  82% (316/385)        
2022-10-06T03:30:20.3547591Z remote: Compressing objects:  83% (320/385)        
2022-10-06T03:30:20.3549467Z remote: Compressing objects:  84% (324/385)        
2022-10-06T03:30:20.3549809Z remote: Compressing objects:  85% (328/385)        
2022-10-06T03:30:20.3550128Z remote: Compressing objects:  86% (332/385)        
2022-10-06T03:30:20.3550460Z remote: Compressing objects:  87% (335/385)        
2022-10-06T03:30:20.3550794Z remote: Compressing objects:  88% (339/385)        
2022-10-06T03:30:20.3551130Z remote: Compressing objects:  89% (343/385)        
2022-10-06T03:30:20.3551480Z remote: Compressing objects:  90% (347/385)        
2022-10-06T03:30:20.3551811Z remote: Compressing objects:  91% (351/385)        
2022-10-06T03:30:20.3552127Z remote: Compressing objects:  92% (355/385)        
2022-10-06T03:30:20.3552460Z remote: Compressing objects:  93% (359/385)        
2022-10-06T03:30:20.3557880Z remote: Compressing objects:  94% (362/385)        
2022-10-06T03:30:20.3558242Z remote: Compressing objects:  95% (366/385)        
2022-10-06T03:30:20.3558579Z remote: Compressing objects:  96% (370/385)        
2022-10-06T03:30:20.3558914Z remote: Compressing objects:  97% (374/385)        
2022-10-06T03:30:20.3559232Z remote: Compressing objects:  98% (378/385)        
2022-10-06T03:30:20.3559566Z remote: Compressing objects:  99% (382/385)        
2022-10-06T03:30:20.3560332Z remote: Compressing objects: 100% (385/385)        
2022-10-06T03:30:20.3560850Z remote: Compressing objects: 100% (385/385), done.        
2022-10-06T03:30:20.3602937Z Receiving objects:   0% (1/1086)
2022-10-06T03:30:20.3604284Z Receiving objects:   1% (11/1086)
2022-10-06T03:30:20.4440159Z Receiving objects:   2% (22/1086)
2022-10-06T03:30:20.4450201Z Receiving objects:   3% (33/1086)
2022-10-06T03:30:20.4566649Z Receiving objects:   4% (44/1086)
2022-10-06T03:30:20.4568396Z Receiving objects:   5% (55/1086)
2022-10-06T03:30:20.4569180Z Receiving objects:   6% (66/1086)
2022-10-06T03:30:20.4574527Z Receiving objects:   7% (77/1086)
2022-10-06T03:30:20.4578962Z Receiving objects:   8% (87/1086)
2022-10-06T03:30:20.4581530Z Receiving objects:   9% (98/1086)
2022-10-06T03:30:20.4584800Z Receiving objects:  10% (109/1086)
2022-10-06T03:30:20.4588850Z Receiving objects:  11% (120/1086)
2022-10-06T03:30:20.4703714Z Receiving objects:  12% (131/1086)
2022-10-06T03:30:20.4705380Z Receiving objects:  13% (142/1086)
2022-10-06T03:30:20.4706148Z Receiving objects:  14% (153/1086)
2022-10-06T03:30:20.4711219Z Receiving objects:  15% (163/1086)
2022-10-06T03:30:20.4711992Z Receiving objects:  16% (174/1086)
2022-10-06T03:30:20.4714553Z Receiving objects:  17% (185/1086)
2022-10-06T03:30:20.4794051Z Receiving objects:  18% (196/1086)
2022-10-06T03:30:20.4794524Z Receiving objects:  19% (207/1086)
2022-10-06T03:30:20.4797923Z Receiving objects:  20% (218/1086)
2022-10-06T03:30:20.4799429Z Receiving objects:  21% (229/1086)
2022-10-06T03:30:20.4806600Z Receiving objects:  22% (239/1086)
2022-10-06T03:30:20.4808576Z Receiving objects:  23% (250/1086)
2022-10-06T03:30:20.4809342Z Receiving objects:  24% (261/1086)
2022-10-06T03:30:20.4810012Z Receiving objects:  25% (272/1086)
2022-10-06T03:30:20.4810694Z Receiving objects:  26% (283/1086)
2022-10-06T03:30:20.4811513Z Receiving objects:  27% (294/1086)
2022-10-06T03:30:20.4812092Z Receiving objects:  28% (305/1086)
2022-10-06T03:30:20.4812664Z Receiving objects:  29% (315/1086)
2022-10-06T03:30:20.4813428Z Receiving objects:  30% (326/1086)
2022-10-06T03:30:20.4813912Z Receiving objects:  31% (337/1086)
2022-10-06T03:30:20.4814408Z Receiving objects:  32% (348/1086)
2022-10-06T03:30:20.4814888Z Receiving objects:  33% (359/1086)
2022-10-06T03:30:20.4815370Z Receiving objects:  34% (370/1086)
2022-10-06T03:30:20.4815836Z Receiving objects:  35% (381/1086)
2022-10-06T03:30:20.4816311Z Receiving objects:  36% (391/1086)
2022-10-06T03:30:20.4816793Z Receiving objects:  37% (402/1086)
2022-10-06T03:30:20.4817560Z Receiving objects:  38% (413/1086)
2022-10-06T03:30:20.4818049Z Receiving objects:  39% (424/1086)
2022-10-06T03:30:20.4818694Z Receiving objects:  40% (435/1086)
2022-10-06T03:30:20.4819327Z Receiving objects:  41% (446/1086)
2022-10-06T03:30:20.4819869Z Receiving objects:  42% (457/1086)
2022-10-06T03:30:20.4820410Z Receiving objects:  43% (467/1086)
2022-10-06T03:30:20.4821142Z Receiving objects:  44% (478/1086)
2022-10-06T03:30:20.4938382Z Receiving objects:  45% (489/1086)
2022-10-06T03:30:20.4941600Z Receiving objects:  46% (500/1086)
2022-10-06T03:30:20.4942238Z Receiving objects:  47% (511/1086)
2022-10-06T03:30:20.4951184Z Receiving objects:  48% (522/1086)
2022-10-06T03:30:20.5166090Z Receiving objects:  49% (533/1086)
2022-10-06T03:30:20.5189569Z Receiving objects:  50% (543/1086)
2022-10-06T03:30:20.5204119Z Receiving objects:  51% (554/1086)
2022-10-06T03:30:20.5222837Z Receiving objects:  52% (565/1086)
2022-10-06T03:30:20.5300541Z Receiving objects:  53% (576/1086)
2022-10-06T03:30:20.5318770Z Receiving objects:  54% (587/1086)
2022-10-06T03:30:20.5343607Z Receiving objects:  55% (598/1086)
2022-10-06T03:30:20.5353305Z Receiving objects:  56% (609/1086)
2022-10-06T03:30:20.5360399Z Receiving objects:  57% (620/1086)
2022-10-06T03:30:20.5435050Z Receiving objects:  58% (630/1086)
2022-10-06T03:30:20.5447036Z Receiving objects:  59% (641/1086)
2022-10-06T03:30:20.5464392Z Receiving objects:  60% (652/1086)
2022-10-06T03:30:20.5479786Z Receiving objects:  61% (663/1086)
2022-10-06T03:30:20.5535197Z Receiving objects:  62% (674/1086)
2022-10-06T03:30:20.5538361Z Receiving objects:  63% (685/1086)
2022-10-06T03:30:20.5565634Z Receiving objects:  64% (696/1086)
2022-10-06T03:30:20.5587258Z Receiving objects:  65% (706/1086)
2022-10-06T03:30:20.5611501Z Receiving objects:  66% (717/1086)
2022-10-06T03:30:20.5625041Z Receiving objects:  67% (728/1086)
2022-10-06T03:30:20.5628469Z Receiving objects:  68% (739/1086)
2022-10-06T03:30:20.5671085Z Receiving objects:  69% (750/1086)
2022-10-06T03:30:20.5694791Z Receiving objects:  70% (761/1086)
2022-10-06T03:30:20.5698800Z Receiving objects:  71% (772/1086)
2022-10-06T03:30:20.5726861Z Receiving objects:  72% (782/1086)
2022-10-06T03:30:20.5735823Z Receiving objects:  73% (793/1086)
2022-10-06T03:30:20.5745478Z Receiving objects:  74% (804/1086)
2022-10-06T03:30:20.5778223Z Receiving objects:  75% (815/1086)
2022-10-06T03:30:20.5787132Z Receiving objects:  76% (826/1086)
2022-10-06T03:30:20.5807874Z Receiving objects:  77% (837/1086)
2022-10-06T03:30:20.5822380Z Receiving objects:  78% (848/1086)
2022-10-06T03:30:20.5826095Z Receiving objects:  79% (858/1086)
2022-10-06T03:30:20.5851524Z Receiving objects:  80% (869/1086)
2022-10-06T03:30:20.5858712Z Receiving objects:  81% (880/1086)
2022-10-06T03:30:20.5871810Z Receiving objects:  82% (891/1086)
2022-10-06T03:30:20.5878760Z Receiving objects:  83% (902/1086)
2022-10-06T03:30:20.5886512Z Receiving objects:  84% (913/1086)
2022-10-06T03:30:20.5891465Z Receiving objects:  85% (924/1086)
2022-10-06T03:30:20.5895244Z Receiving objects:  86% (934/1086)
2022-10-06T03:30:20.5902213Z Receiving objects:  87% (945/1086)
2022-10-06T03:30:20.5905136Z Receiving objects:  88% (956/1086)
2022-10-06T03:30:20.5936648Z Receiving objects:  89% (967/1086)
2022-10-06T03:30:20.5940573Z Receiving objects:  90% (978/1086)
2022-10-06T03:30:20.5941824Z Receiving objects:  91% (989/1086)
2022-10-06T03:30:20.5943972Z Receiving objects:  92% (1000/1086)
2022-10-06T03:30:20.5948117Z Receiving objects:  93% (1010/1086)
2022-10-06T03:30:20.5949613Z Receiving objects:  94% (1021/1086)
2022-10-06T03:30:20.5954525Z Receiving objects:  95% (1032/1086)
2022-10-06T03:30:20.5964131Z Receiving objects:  96% (1043/1086)
2022-10-06T03:30:20.5967662Z Receiving objects:  97% (1054/1086)
2022-10-06T03:30:20.5970641Z Receiving objects:  98% (1065/1086)
2022-10-06T03:30:20.6028570Z Receiving objects:  99% (1076/1086)
2022-10-06T03:30:20.6029474Z remote: Total 1086 (delta 500), reused 1011 (delta 477), pack-reused 0        
2022-10-06T03:30:20.6048196Z Receiving objects: 100% (1086/1086)
2022-10-06T03:30:20.6049000Z Receiving objects: 100% (1086/1086), 2.64 MiB | 10.78 MiB/s, done.
2022-10-06T03:30:20.6070099Z Resolving deltas:   0% (0/500)
2022-10-06T03:30:20.6096446Z Resolving deltas:   1% (5/500)
2022-10-06T03:30:20.6119012Z Resolving deltas:   2% (10/500)
2022-10-06T03:30:20.6143062Z Resolving deltas:   3% (15/500)
2022-10-06T03:30:20.6161710Z Resolving deltas:   4% (20/500)
2022-10-06T03:30:20.6185207Z Resolving deltas:   5% (25/500)
2022-10-06T03:30:20.6216529Z Resolving deltas:   6% (30/500)
2022-10-06T03:30:20.6235154Z Resolving deltas:   7% (35/500)
2022-10-06T03:30:20.6260797Z Resolving deltas:   8% (40/500)
2022-10-06T03:30:20.6290723Z Resolving deltas:   9% (45/500)
2022-10-06T03:30:20.6312558Z Resolving deltas:  10% (50/500)
2022-10-06T03:30:20.6333751Z Resolving deltas:  11% (55/500)
2022-10-06T03:30:20.6336560Z Resolving deltas:  12% (60/500)
2022-10-06T03:30:20.6339090Z Resolving deltas:  13% (65/500)
2022-10-06T03:30:20.6341583Z Resolving deltas:  14% (70/500)
2022-10-06T03:30:20.6344202Z Resolving deltas:  15% (75/500)
2022-10-06T03:30:20.6347906Z Resolving deltas:  16% (80/500)
2022-10-06T03:30:20.6350960Z Resolving deltas:  17% (85/500)
2022-10-06T03:30:20.6353508Z Resolving deltas:  18% (90/500)
2022-10-06T03:30:20.6356443Z Resolving deltas:  19% (95/500)
2022-10-06T03:30:20.6359175Z Resolving deltas:  20% (100/500)
2022-10-06T03:30:20.6362615Z Resolving deltas:  21% (105/500)
2022-10-06T03:30:20.6365424Z Resolving deltas:  22% (110/500)
2022-10-06T03:30:20.6370118Z Resolving deltas:  23% (115/500)
2022-10-06T03:30:20.6372890Z Resolving deltas:  24% (120/500)
2022-10-06T03:30:20.6374174Z Resolving deltas:  25% (125/500)
2022-10-06T03:30:20.6375813Z Resolving deltas:  26% (130/500)
2022-10-06T03:30:20.6377339Z Resolving deltas:  27% (135/500)
2022-10-06T03:30:20.6378904Z Resolving deltas:  28% (140/500)
2022-10-06T03:30:20.6380580Z Resolving deltas:  29% (145/500)
2022-10-06T03:30:20.6382395Z Resolving deltas:  30% (150/500)
2022-10-06T03:30:20.6383902Z Resolving deltas:  31% (155/500)
2022-10-06T03:30:20.6386403Z Resolving deltas:  32% (160/500)
2022-10-06T03:30:20.6388237Z Resolving deltas:  33% (165/500)
2022-10-06T03:30:20.6389785Z Resolving deltas:  34% (170/500)
2022-10-06T03:30:20.6391288Z Resolving deltas:  35% (175/500)
2022-10-06T03:30:20.6476332Z Resolving deltas:  36% (180/500)
2022-10-06T03:30:20.6512719Z Resolving deltas:  37% (185/500)
2022-10-06T03:30:20.6564423Z Resolving deltas:  38% (190/500)
2022-10-06T03:30:20.6567045Z Resolving deltas:  39% (195/500)
2022-10-06T03:30:20.6599998Z Resolving deltas:  40% (200/500)
2022-10-06T03:30:20.6665309Z Resolving deltas:  41% (205/500)
2022-10-06T03:30:20.6692933Z Resolving deltas:  42% (210/500)
2022-10-06T03:30:20.6702338Z Resolving deltas:  43% (215/500)
2022-10-06T03:30:20.6752180Z Resolving deltas:  44% (220/500)
2022-10-06T03:30:20.6787150Z Resolving deltas:  45% (225/500)
2022-10-06T03:30:20.6834855Z Resolving deltas:  46% (230/500)
2022-10-06T03:30:20.6864507Z Resolving deltas:  47% (235/500)
2022-10-06T03:30:20.6871851Z Resolving deltas:  48% (240/500)
2022-10-06T03:30:20.6875910Z Resolving deltas:  49% (245/500)
2022-10-06T03:30:20.6906830Z Resolving deltas:  50% (250/500)
2022-10-06T03:30:20.6912176Z Resolving deltas:  51% (255/500)
2022-10-06T03:30:20.6924669Z Resolving deltas:  52% (260/500)
2022-10-06T03:30:20.6963053Z Resolving deltas:  53% (265/500)
2022-10-06T03:30:20.6965353Z Resolving deltas:  54% (270/500)
2022-10-06T03:30:20.6968112Z Resolving deltas:  55% (275/500)
2022-10-06T03:30:20.6970335Z Resolving deltas:  56% (280/500)
2022-10-06T03:30:20.6972291Z Resolving deltas:  57% (285/500)
2022-10-06T03:30:20.6973972Z Resolving deltas:  58% (290/500)
2022-10-06T03:30:20.6975892Z Resolving deltas:  59% (295/500)
2022-10-06T03:30:20.6978937Z Resolving deltas:  60% (300/500)
2022-10-06T03:30:20.6982095Z Resolving deltas:  61% (305/500)
2022-10-06T03:30:20.6983306Z Resolving deltas:  62% (310/500)
2022-10-06T03:30:20.6984410Z Resolving deltas:  63% (315/500)
2022-10-06T03:30:20.6985418Z Resolving deltas:  64% (320/500)
2022-10-06T03:30:20.6987539Z Resolving deltas:  65% (325/500)
2022-10-06T03:30:20.6989374Z Resolving deltas:  66% (330/500)
2022-10-06T03:30:20.6990919Z Resolving deltas:  67% (335/500)
2022-10-06T03:30:20.6992181Z Resolving deltas:  68% (340/500)
2022-10-06T03:30:20.7000567Z Resolving deltas:  69% (345/500)
2022-10-06T03:30:20.7002881Z Resolving deltas:  70% (350/500)
2022-10-06T03:30:20.7026017Z Resolving deltas:  71% (355/500)
2022-10-06T03:30:20.7054205Z Resolving deltas:  72% (360/500)
2022-10-06T03:30:20.7065322Z Resolving deltas:  73% (365/500)
2022-10-06T03:30:20.7078335Z Resolving deltas:  74% (370/500)
2022-10-06T03:30:20.7085047Z Resolving deltas:  75% (375/500)
2022-10-06T03:30:20.7092384Z Resolving deltas:  76% (380/500)
2022-10-06T03:30:20.7097350Z Resolving deltas:  77% (385/500)
2022-10-06T03:30:20.7102434Z Resolving deltas:  78% (390/500)
2022-10-06T03:30:20.7108725Z Resolving deltas:  79% (395/500)
2022-10-06T03:30:20.7115964Z Resolving deltas:  80% (400/500)
2022-10-06T03:30:20.7124283Z Resolving deltas:  81% (405/500)
2022-10-06T03:30:20.7127743Z Resolving deltas:  82% (410/500)
2022-10-06T03:30:20.7134377Z Resolving deltas:  83% (415/500)
2022-10-06T03:30:20.7168046Z Resolving deltas:  84% (420/500)
2022-10-06T03:30:20.7173986Z Resolving deltas:  85% (425/500)
2022-10-06T03:30:20.7187462Z Resolving deltas:  86% (430/500)
2022-10-06T03:30:20.7192425Z Resolving deltas:  87% (435/500)
2022-10-06T03:30:20.7197908Z Resolving deltas:  88% (440/500)
2022-10-06T03:30:20.7203748Z Resolving deltas:  89% (445/500)
2022-10-06T03:30:20.7210482Z Resolving deltas:  90% (450/500)
2022-10-06T03:30:20.7216085Z Resolving deltas:  91% (455/500)
2022-10-06T03:30:20.7242258Z Resolving deltas:  92% (460/500)
2022-10-06T03:30:20.7248883Z Resolving deltas:  93% (465/500)
2022-10-06T03:30:20.7259389Z Resolving deltas:  94% (470/500)
2022-10-06T03:30:20.7267436Z Resolving deltas:  95% (475/500)
2022-10-06T03:30:20.7276096Z Resolving deltas:  96% (480/500)
2022-10-06T03:30:20.7293676Z Resolving deltas:  97% (485/500)
2022-10-06T03:30:20.7313870Z Resolving deltas:  98% (490/500)
2022-10-06T03:30:20.7323567Z Resolving deltas:  99% (495/500)
2022-10-06T03:30:20.7330055Z Resolving deltas: 100% (500/500)
2022-10-06T03:30:20.7330575Z Resolving deltas: 100% (500/500), done.
2022-10-06T03:30:20.7546855Z From https://github.com/seanpm2001/GitHub_Stats_A
2022-10-06T03:30:20.7548065Z  * [new ref]         0b1f3a0b9e1d9b86507cf9bf0a4ad16f7c83ea78 -> origin/master
2022-10-06T03:30:20.7594762Z ##[endgroup]
2022-10-06T03:30:20.7595679Z ##[group]Determining the checkout info
2022-10-06T03:30:20.7596360Z ##[endgroup]
2022-10-06T03:30:20.7597225Z ##[group]Checking out the ref
2022-10-06T03:30:20.7598094Z [command]/usr/bin/git checkout --progress --force -B master refs/remotes/origin/master
2022-10-06T03:30:20.8993720Z Reset branch 'master'
2022-10-06T03:30:20.8998085Z branch 'master' set up to track 'origin/master'.
2022-10-06T03:30:20.9022136Z ##[endgroup]
2022-10-06T03:30:20.9061932Z [command]/usr/bin/git log -1 --format='%H'
2022-10-06T03:30:20.9096725Z '0b1f3a0b9e1d9b86507cf9bf0a4ad16f7c83ea78'
2022-10-06T03:30:20.9470689Z ##[group]Run actions/setup-python@v2
2022-10-06T03:30:20.9471085Z with:
2022-10-06T03:30:20.9471479Z   python-version: 3.8
2022-10-06T03:30:20.9471776Z   architecture: x64
2022-10-06T03:30:20.9472334Z   token: ***
2022-10-06T03:30:20.9472656Z ##[endgroup]
2022-10-06T03:30:21.1240060Z Successfully setup CPython (3.8.14)
2022-10-06T03:30:21.6203286Z ##[group]Run actions/cache@v2
2022-10-06T03:30:21.6203565Z with:
2022-10-06T03:30:21.6203797Z   path: ~/.cache/pip
2022-10-06T03:30:21.6204190Z   key: Linux-pip-60f2a6c0212a9b74a155cd81b58dd07fd8b180833132566260d95f4de42fe218
2022-10-06T03:30:21.6204605Z   restore-keys: Linux-pip-

2022-10-06T03:30:21.6205082Z env:
2022-10-06T03:30:21.6205399Z   pythonLocation: /opt/hostedtoolcache/Python/3.8.14/x64
2022-10-06T03:30:21.6205786Z   LD_LIBRARY_PATH: /opt/hostedtoolcache/Python/3.8.14/x64/lib
2022-10-06T03:30:21.6206097Z ##[endgroup]
2022-10-06T03:30:22.9797354Z Received 4175495 of 4175495 (100.0%), 6.1 MBs/sec
2022-10-06T03:30:22.9800356Z Cache Size: ~4 MB (4175495 B)
2022-10-06T03:30:22.9830570Z [command]/usr/bin/tar --use-compress-program zstd -d -xf /home/runner/work/_temp/1baa97f2-bbf3-4ef6-9b95-3791cbcd9281/cache.tzst -P -C /home/runner/work/GitHub_Stats_A/GitHub_Stats_A
2022-10-06T03:30:23.0056538Z Cache restored successfully
2022-10-06T03:30:23.0113373Z 
2022-10-06T03:30:23.0115357Z Cache restored from key: Linux-pip-60f2a6c0212a9b74a155cd81b58dd07fd8b180833132566260d95f4de42fe218
2022-10-06T03:30:23.0260405Z ##[group]Run python3 -m pip install --upgrade pip setuptools wheel
2022-10-06T03:30:23.0260938Z [36;1mpython3 -m pip install --upgrade pip setuptools wheel[0m
2022-10-06T03:30:23.0261330Z [36;1mpython3 -m pip install -r requirements.txt[0m
2022-10-06T03:30:23.0323820Z shell: /usr/bin/bash -e {0}
2022-10-06T03:30:23.0324114Z env:
2022-10-06T03:30:23.0324455Z   pythonLocation: /opt/hostedtoolcache/Python/3.8.14/x64
2022-10-06T03:30:23.0325136Z   LD_LIBRARY_PATH: /opt/hostedtoolcache/Python/3.8.14/x64/lib
2022-10-06T03:30:23.0325476Z ##[endgroup]
2022-10-06T03:30:24.1829485Z Requirement already satisfied: pip in /opt/hostedtoolcache/Python/3.8.14/x64/lib/python3.8/site-packages (22.2.2)
2022-10-06T03:30:24.3172395Z Requirement already satisfied: setuptools in /opt/hostedtoolcache/Python/3.8.14/x64/lib/python3.8/site-packages (56.0.0)
2022-10-06T03:30:24.6352763Z Collecting setuptools
2022-10-06T03:30:24.7043988Z   Downloading setuptools-65.4.1-py3-none-any.whl (1.2 MB)
2022-10-06T03:30:24.7516504Z      ━━━━━━━━━━━━━━━━━━━━━━━━━━━━━━━━━━━━━━━━ 1.2/1.2 MB 28.1 MB/s eta 0:00:00
2022-10-06T03:30:24.8140902Z Collecting wheel
2022-10-06T03:30:24.8168325Z   Using cached wheel-0.37.1-py2.py3-none-any.whl (35 kB)
2022-10-06T03:30:24.9523219Z Installing collected packages: wheel, setuptools
2022-10-06T03:30:24.9915301Z   Attempting uninstall: setuptools
2022-10-06T03:30:24.9935251Z     Found existing installation: setuptools 56.0.0
2022-10-06T03:30:25.0649841Z     Uninstalling setuptools-56.0.0:
2022-10-06T03:30:25.0790729Z       Successfully uninstalled setuptools-56.0.0
2022-10-06T03:30:25.7137707Z Successfully installed setuptools-65.4.1 wheel-0.37.1
2022-10-06T03:30:26.6985514Z Collecting requests
2022-10-06T03:30:26.7013389Z   Using cached requests-2.28.1-py3-none-any.whl (62 kB)
2022-10-06T03:30:27.1953814Z Collecting aiohttp
2022-10-06T03:30:27.2488162Z   Downloading aiohttp-3.8.3-cp38-cp38-manylinux_2_17_x86_64.manylinux2014_x86_64.whl (1.0 MB)
2022-10-06T03:30:27.2997875Z      ━━━━━━━━━━━━━━━━━━━━━━━━━━━━━━━━━━━━━━━━ 1.0/1.0 MB 22.4 MB/s eta 0:00:00
2022-10-06T03:30:27.3935184Z Collecting urllib3<1.27,>=1.21.1
2022-10-06T03:30:27.3970919Z   Using cached urllib3-1.26.12-py2.py3-none-any.whl (140 kB)
2022-10-06T03:30:27.4696236Z Collecting charset-normalizer<3,>=2
2022-10-06T03:30:27.4722200Z   Using cached charset_normalizer-2.1.1-py3-none-any.whl (39 kB)
2022-10-06T03:30:27.5185879Z Collecting certifi>=2017.4.17
2022-10-06T03:30:27.5319455Z   Downloading certifi-2022.9.24-py3-none-any.whl (161 kB)
2022-10-06T03:30:27.5402899Z      ━━━━━━━━━━━━━━━━━━━━━━━━━━━━━━━━━━━━━━ 161.1/161.1 kB 30.1 MB/s eta 0:00:00
2022-10-06T03:30:27.5741560Z Collecting idna<4,>=2.5
2022-10-06T03:30:27.5900530Z   Downloading idna-3.4-py3-none-any.whl (61 kB)
2022-10-06T03:30:27.5980375Z      ━━━━━━━━━━━━━━━━━━━━━━━━━━━━━━━━━━━━━━━━ 61.5/61.5 kB 14.2 MB/s eta 0:00:00
2022-10-06T03:30:27.6490139Z Collecting async-timeout<5.0,>=4.0.0a3
2022-10-06T03:30:27.6512831Z   Using cached async_timeout-4.0.2-py3-none-any.whl (5.8 kB)
2022-10-06T03:30:27.6798222Z Collecting aiosignal>=1.1.2
2022-10-06T03:30:27.6823955Z   Using cached aiosignal-1.2.0-py3-none-any.whl (8.2 kB)
2022-10-06T03:30:28.1003050Z Collecting multidict<7.0,>=4.5
2022-10-06T03:30:28.1034403Z   Using cached multidict-6.0.2-cp38-cp38-manylinux_2_17_x86_64.manylinux2014_x86_64.whl (121 kB)
2022-10-06T03:30:28.2117879Z Collecting frozenlist>=1.1.1
2022-10-06T03:30:28.2148047Z   Using cached frozenlist-1.3.1-cp38-cp38-manylinux_2_5_x86_64.manylinux1_x86_64.manylinux_2_17_x86_64.manylinux2014_x86_64.whl (161 kB)
2022-10-06T03:30:28.4589956Z Collecting yarl<2.0,>=1.0
2022-10-06T03:30:28.4624742Z   Using cached yarl-1.8.1-cp38-cp38-manylinux_2_17_x86_64.manylinux2014_x86_64.whl (262 kB)
2022-10-06T03:30:28.5078239Z Collecting attrs>=17.3.0
2022-10-06T03:30:28.5105214Z   Using cached attrs-22.1.0-py2.py3-none-any.whl (58 kB)
2022-10-06T03:30:28.7623344Z Installing collected packages: urllib3, multidict, idna, frozenlist, charset-normalizer, certifi, attrs, async-timeout, yarl, requests, aiosignal, aiohttp
2022-10-06T03:30:29.3571366Z Successfully installed aiohttp-3.8.3 aiosignal-1.2.0 async-timeout-4.0.2 attrs-22.1.0 certifi-2022.9.24 charset-normalizer-2.1.1 frozenlist-1.3.1 idna-3.4 multidict-6.0.2 requests-2.28.1 urllib3-1.26.12 yarl-1.8.1
2022-10-06T03:30:29.5790139Z ##[group]Run python3 --version
2022-10-06T03:30:29.5790717Z [36;1mpython3 --version[0m
2022-10-06T03:30:29.5791224Z [36;1mpython3 generate_images.py[0m
2022-10-06T03:30:29.5849565Z shell: /usr/bin/bash -e {0}
2022-10-06T03:30:29.5849841Z env:
2022-10-06T03:30:29.5850172Z   pythonLocation: /opt/hostedtoolcache/Python/3.8.14/x64
2022-10-06T03:30:29.5850590Z   LD_LIBRARY_PATH: /opt/hostedtoolcache/Python/3.8.14/x64/lib
2022-10-06T03:30:29.5851275Z   ACCESS_TOKEN: ***
2022-10-06T03:30:29.5851698Z   GITHUB_TOKEN: ***
2022-10-06T03:30:29.5851956Z   EXCLUDED: 
2022-10-06T03:30:29.5852205Z   EXCLUDED_LANGS: 
2022-10-06T03:30:29.5852466Z   EXCLUDE_FORKED_REPOS: true
2022-10-06T03:30:29.5852737Z ##[endgroup]
2022-10-06T03:30:29.5959203Z Python 3.8.14
2022-10-06T03:40:01.7733095Z A path returned 202. Retrying...
2022-10-06T03:40:01.7733678Z A path returned 202. Retrying...
2022-10-06T03:40:01.7734017Z A path returned 202. Retrying...
2022-10-06T03:40:01.7734486Z A path returned 202. Retrying...
2022-10-06T03:40:01.7734824Z A path returned 202. Retrying...
2022-10-06T03:40:01.7735128Z A path returned 202. Retrying...
2022-10-06T03:40:01.7735425Z A path returned 202. Retrying...
2022-10-06T03:40:01.7735735Z A path returned 202. Retrying...
2022-10-06T03:40:01.7736139Z A path returned 202. Retrying...
2022-10-06T03:40:01.7736456Z A path returned 202. Retrying...
2022-10-06T03:40:01.7736992Z A path returned 202. Retrying...
2022-10-06T03:40:01.7737311Z A path returned 202. Retrying...
2022-10-06T03:40:01.7737627Z A path returned 202. Retrying...
2022-10-06T03:40:01.7738182Z A path returned 202. Retrying...
2022-10-06T03:40:01.7738490Z A path returned 202. Retrying...
2022-10-06T03:40:01.7738805Z A path returned 202. Retrying...
2022-10-06T03:40:01.7739126Z A path returned 202. Retrying...
2022-10-06T03:40:01.7739427Z A path returned 202. Retrying...
2022-10-06T03:40:01.7739817Z A path returned 202. Retrying...
2022-10-06T03:40:01.7740130Z A path returned 202. Retrying...
2022-10-06T03:40:01.7740490Z A path returned 202. Retrying...
2022-10-06T03:40:01.7740806Z A path returned 202. Retrying...
2022-10-06T03:40:01.7741103Z A path returned 202. Retrying...
2022-10-06T03:40:01.7741489Z A path returned 202. Retrying...
2022-10-06T03:40:01.7741806Z A path returned 202. Retrying...
2022-10-06T03:40:01.7742102Z A path returned 202. Retrying...
2022-10-06T03:40:01.7742410Z A path returned 202. Retrying...
2022-10-06T03:40:01.7742725Z A path returned 202. Retrying...
2022-10-06T03:40:01.7743022Z A path returned 202. Retrying...
2022-10-06T03:40:01.7743406Z A path returned 202. Retrying...
2022-10-06T03:40:01.7743721Z A path returned 202. Retrying...
2022-10-06T03:40:01.7744032Z A path returned 202. Retrying...
2022-10-06T03:40:01.7744578Z A path returned 202. Retrying...
2022-10-06T03:40:01.7744897Z A path returned 202. Retrying...
2022-10-06T03:40:01.7745272Z A path returned 202. Retrying...
2022-10-06T03:40:01.7745567Z A path returned 202. Retrying...
2022-10-06T03:40:01.7745880Z A path returned 202. Retrying...
2022-10-06T03:40:01.7746433Z A path returned 202. Retrying...
2022-10-06T03:40:01.7746755Z A path returned 202. Retrying...
2022-10-06T03:40:01.7747133Z A path returned 202. Retrying...
2022-10-06T03:40:01.7748037Z A path returned 202. Retrying...
2022-10-06T03:40:01.7748369Z A path returned 202. Retrying...
2022-10-06T03:40:01.7748665Z A path returned 202. Retrying...
2022-10-06T03:40:01.7748969Z A path returned 202. Retrying...
2022-10-06T03:40:01.7749824Z A path returned 202. Retrying...
2022-10-06T03:40:01.7750150Z A path returned 202. Retrying...
2022-10-06T03:40:01.7750855Z A path returned 202. Retrying...
2022-10-06T03:40:01.7751815Z A path returned 202. Retrying...
2022-10-06T03:40:01.7752502Z A path returned 202. Retrying...
2022-10-06T03:40:01.7753923Z A path returned 202. Retrying...
2022-10-06T03:40:01.7754468Z A path returned 202. Retrying...
2022-10-06T03:40:01.7755654Z A path returned 202. Retrying...
2022-10-06T03:40:01.7756206Z A path returned 202. Retrying...
2022-10-06T03:40:01.7757706Z A path returned 202. Retrying...
2022-10-06T03:40:01.7758313Z A path returned 202. Retrying...
2022-10-06T03:40:01.7758598Z A path returned 202. Retrying...
2022-10-06T03:40:01.7758897Z A path returned 202. Retrying...
2022-10-06T03:40:01.7759203Z A path returned 202. Retrying...
2022-10-06T03:40:01.7759498Z A path returned 202. Retrying...
2022-10-06T03:40:01.7759794Z A path returned 202. Retrying...
2022-10-06T03:40:01.7760089Z A path returned 202. Retrying...
2022-10-06T03:40:01.7760387Z A path returned 202. Retrying...
2022-10-06T03:40:01.7760682Z A path returned 202. Retrying...
2022-10-06T03:40:01.7760964Z A path returned 202. Retrying...
2022-10-06T03:40:01.7761257Z A path returned 202. Retrying...
2022-10-06T03:40:01.7761551Z A path returned 202. Retrying...
2022-10-06T03:40:01.7762151Z A path returned 202. Retrying...
2022-10-06T03:40:01.7762450Z A path returned 202. Retrying...
2022-10-06T03:40:01.7762744Z A path returned 202. Retrying...
2022-10-06T03:40:01.7763047Z A path returned 202. Retrying...
2022-10-06T03:40:01.7763698Z A path returned 202. Retrying...
2022-10-06T03:40:01.7763985Z A path returned 202. Retrying...
2022-10-06T03:40:01.7764280Z A path returned 202. Retrying...
2022-10-06T03:40:01.7764586Z A path returned 202. Retrying...
2022-10-06T03:40:01.7765090Z A path returned 202. Retrying...
2022-10-06T03:40:01.7765393Z A path returned 202. Retrying...
2022-10-06T03:40:01.7765691Z A path returned 202. Retrying...
2022-10-06T03:40:01.7765989Z A path returned 202. Retrying...
2022-10-06T03:40:01.7766290Z A path returned 202. Retrying...
2022-10-06T03:40:01.7766570Z A path returned 202. Retrying...
2022-10-06T03:40:01.7766868Z A path returned 202. Retrying...
2022-10-06T03:40:01.7767163Z A path returned 202. Retrying...
2022-10-06T03:40:01.7767897Z A path returned 202. Retrying...
2022-10-06T03:40:01.7768215Z A path returned 202. Retrying...
2022-10-06T03:40:01.7768513Z A path returned 202. Retrying...
2022-10-06T03:40:01.7768810Z A path returned 202. Retrying...
2022-10-06T03:40:01.7769093Z A path returned 202. Retrying...
2022-10-06T03:40:01.7769391Z A path returned 202. Retrying...
2022-10-06T03:40:01.7770012Z A path returned 202. Retrying...
2022-10-06T03:40:01.7770867Z A path returned 202. Retrying...
2022-10-06T03:40:01.7771185Z A path returned 202. Retrying...
2022-10-06T03:40:01.7771504Z A path returned 202. Retrying...
2022-10-06T03:40:01.7771819Z A path returned 202. Retrying...
2022-10-06T03:40:01.7772207Z A path returned 202. Retrying...
2022-10-06T03:40:01.7772516Z A path returned 202. Retrying...
2022-10-06T03:40:01.7772903Z A path returned 202. Retrying...
2022-10-06T03:40:01.7773219Z A path returned 202. Retrying...
2022-10-06T03:40:01.7773502Z A path returned 202. Retrying...
2022-10-06T03:40:01.7773894Z A path returned 202. Retrying...
2022-10-06T03:40:01.7774206Z A path returned 202. Retrying...
2022-10-06T03:40:01.7774840Z A path returned 202. Retrying...
2022-10-06T03:40:01.7775159Z A path returned 202. Retrying...
2022-10-06T03:40:01.7775544Z A path returned 202. Retrying...
2022-10-06T03:40:01.7775857Z A path returned 202. Retrying...
2022-10-06T03:40:01.7776403Z A path returned 202. Retrying...
2022-10-06T03:40:01.7776725Z A path returned 202. Retrying...
2022-10-06T03:40:01.7777361Z A path returned 202. Retrying...
2022-10-06T03:40:01.7778411Z A path returned 202. Retrying...
2022-10-06T03:40:01.7778820Z A path returned 202. Retrying...
2022-10-06T03:40:01.7779106Z A path returned 202. Retrying...
2022-10-06T03:40:01.7779398Z A path returned 202. Retrying...
2022-10-06T03:40:01.7779694Z A path returned 202. Retrying...
2022-10-06T03:40:01.7779988Z A path returned 202. Retrying...
2022-10-06T03:40:01.7780287Z A path returned 202. Retrying...
2022-10-06T03:40:01.7780585Z A path returned 202. Retrying...
2022-10-06T03:40:01.7780883Z A path returned 202. Retrying...
2022-10-06T03:40:01.7781180Z A path returned 202. Retrying...
2022-10-06T03:40:01.7781460Z A path returned 202. Retrying...
2022-10-06T03:40:01.7781755Z A path returned 202. Retrying...
2022-10-06T03:40:01.7782229Z A path returned 202. Retrying...
2022-10-06T03:40:01.7782535Z A path returned 202. Retrying...
2022-10-06T03:40:01.7782832Z A path returned 202. Retrying...
2022-10-06T03:40:01.7783126Z A path returned 202. Retrying...
2022-10-06T03:40:01.7783428Z A path returned 202. Retrying...
2022-10-06T03:40:01.7783708Z A path returned 202. Retrying...
2022-10-06T03:40:01.7784006Z A path returned 202. Retrying...
2022-10-06T03:40:01.7784301Z A path returned 202. Retrying...
2022-10-06T03:40:01.7784592Z A path returned 202. Retrying...
2022-10-06T03:40:01.7784886Z A path returned 202. Retrying...
2022-10-06T03:40:01.7785180Z A path returned 202. Retrying...
2022-10-06T03:40:01.7785476Z A path returned 202. Retrying...
2022-10-06T03:40:01.7785773Z A path returned 202. Retrying...
2022-10-06T03:40:01.7786053Z A path returned 202. Retrying...
2022-10-06T03:40:01.7786344Z A path returned 202. Retrying...
2022-10-06T03:40:01.7786639Z A path returned 202. Retrying...
2022-10-06T03:40:01.7786932Z A path returned 202. Retrying...
2022-10-06T03:40:01.7787227Z A path returned 202. Retrying...
2022-10-06T03:40:01.7787523Z A path returned 202. Retrying...
2022-10-06T03:40:01.7787815Z A path returned 202. Retrying...
2022-10-06T03:40:01.7788110Z A path returned 202. Retrying...
2022-10-06T03:40:01.7788388Z A path returned 202. Retrying...
2022-10-06T03:40:01.7788680Z A path returned 202. Retrying...
2022-10-06T03:40:01.7789169Z A path returned 202. Retrying...
2022-10-06T03:40:01.7789480Z A path returned 202. Retrying...
2022-10-06T03:40:01.7789790Z A path returned 202. Retrying...
2022-10-06T03:40:01.7790127Z A path returned 202. Retrying...
2022-10-06T03:40:01.7790515Z A path returned 202. Retrying...
2022-10-06T03:40:01.7790898Z A path returned 202. Retrying...
2022-10-06T03:40:01.7791276Z A path returned 202. Retrying...
2022-10-06T03:40:01.7791585Z A path returned 202. Retrying...
2022-10-06T03:40:01.7791867Z A path returned 202. Retrying...
2022-10-06T03:40:01.7792251Z A path returned 202. Retrying...
2022-10-06T03:40:01.7887015Z A path returned 202. Retrying...
2022-10-06T03:40:01.7888005Z A path returned 202. Retrying...
2022-10-06T03:40:01.7888922Z A path returned 202. Retrying...
2022-10-06T03:40:01.7889304Z A path returned 202. Retrying...
2022-10-06T03:40:01.7889688Z A path returned 202. Retrying...
2022-10-06T03:40:01.7890084Z A path returned 202. Retrying...
2022-10-06T03:40:01.7890475Z A path returned 202. Retrying...
2022-10-06T03:40:01.7890855Z A path returned 202. Retrying...
2022-10-06T03:40:01.7891234Z A path returned 202. Retrying...
2022-10-06T03:40:01.7891618Z A path returned 202. Retrying...
2022-10-06T03:40:01.7892015Z A path returned 202. Retrying...
2022-10-06T03:40:01.7892395Z A path returned 202. Retrying...
2022-10-06T03:40:01.7892713Z A path returned 202. Retrying...
2022-10-06T03:40:01.7893008Z A path returned 202. Retrying...
2022-10-06T03:40:01.7893395Z A path returned 202. Retrying...
2022-10-06T03:40:01.7893694Z A path returned 202. Retrying...
2022-10-06T03:40:01.7894075Z A path returned 202. Retrying...
2022-10-06T03:40:01.7894426Z A path returned 202. Retrying...
2022-10-06T03:40:01.7906425Z A path returned 202. Retrying...
2022-10-06T03:40:01.7946774Z A path returned 202. Retrying...
2022-10-06T03:40:01.7947573Z A path returned 202. Retrying...
2022-10-06T03:40:01.7947982Z A path returned 202. Retrying...
2022-10-06T03:40:01.7948310Z A path returned 202. Retrying...
2022-10-06T03:40:01.7948617Z A path returned 202. Retrying...
2022-10-06T03:40:01.7949017Z A path returned 202. Retrying...
2022-10-06T03:40:01.7949335Z A path returned 202. Retrying...
2022-10-06T03:40:01.7949730Z A path returned 202. Retrying...
2022-10-06T03:40:01.7950120Z A path returned 202. Retrying...
2022-10-06T03:40:01.7950500Z A path returned 202. Retrying...
2022-10-06T03:40:01.7950816Z A path returned 202. Retrying...
2022-10-06T03:40:01.7951119Z A path returned 202. Retrying...
2022-10-06T03:40:01.7951485Z A path returned 202. Retrying...
2022-10-06T03:40:01.7951850Z A path returned 202. Retrying...
2022-10-06T03:40:01.7952347Z A path returned 202. Retrying...
2022-10-06T03:40:01.7952740Z A path returned 202. Retrying...
2022-10-06T03:40:01.7953117Z A path returned 202. Retrying...
2022-10-06T03:40:01.7953506Z A path returned 202. Retrying...
2022-10-06T03:40:01.7953906Z A path returned 202. Retrying...
2022-10-06T03:40:01.7954294Z A path returned 202. Retrying...
2022-10-06T03:40:01.7954680Z A path returned 202. Retrying...
2022-10-06T03:40:01.7955057Z A path returned 202. Retrying...
2022-10-06T03:40:01.7955418Z A path returned 202. Retrying...
2022-10-06T03:40:01.7955777Z A path returned 202. Retrying...
2022-10-06T03:40:01.7956125Z A path returned 202. Retrying...
2022-10-06T03:40:01.7956512Z A path returned 202. Retrying...
2022-10-06T03:40:01.7956893Z A path returned 202. Retrying...
2022-10-06T03:40:01.7957254Z A path returned 202. Retrying...
2022-10-06T03:40:01.7957635Z A path returned 202. Retrying...
2022-10-06T03:40:01.7958037Z A path returned 202. Retrying...
2022-10-06T03:40:01.7958422Z A path returned 202. Retrying...
2022-10-06T03:40:01.7958800Z A path returned 202. Retrying...
2022-10-06T03:40:01.7959112Z A path returned 202. Retrying...
2022-10-06T03:40:01.7959492Z A path returned 202. Retrying...
2022-10-06T03:40:01.7959873Z A path returned 202. Retrying...
2022-10-06T03:40:01.7960197Z A path returned 202. Retrying...
2022-10-06T03:40:01.7960479Z A path returned 202. Retrying...
2022-10-06T03:40:01.7960774Z A path returned 202. Retrying...
2022-10-06T03:40:01.7961071Z A path returned 202. Retrying...
2022-10-06T03:40:01.7961463Z A path returned 202. Retrying...
2022-10-06T03:40:01.7961825Z A path returned 202. Retrying...
2022-10-06T03:40:01.7962200Z A path returned 202. Retrying...
2022-10-06T03:40:01.7962561Z A path returned 202. Retrying...
2022-10-06T03:40:01.7962940Z A path returned 202. Retrying...
2022-10-06T03:40:01.7963258Z A path returned 202. Retrying...
2022-10-06T03:40:01.7963538Z A path returned 202. Retrying...
2022-10-06T03:40:01.7963832Z A path returned 202. Retrying...
2022-10-06T03:40:01.7964210Z A path returned 202. Retrying...
2022-10-06T03:40:01.7964582Z A path returned 202. Retrying...
2022-10-06T03:40:01.7965090Z A path returned 202. Retrying...
2022-10-06T03:40:01.7965479Z A path returned 202. Retrying...
2022-10-06T03:40:01.7965861Z A path returned 202. Retrying...
2022-10-06T03:40:01.7966171Z A path returned 202. Retrying...
2022-10-06T03:40:01.7966466Z A path returned 202. Retrying...
2022-10-06T03:40:01.7966850Z A path returned 202. Retrying...
2022-10-06T03:40:01.7967207Z A path returned 202. Retrying...
2022-10-06T03:40:01.7967577Z A path returned 202. Retrying...
2022-10-06T03:40:01.7967885Z A path returned 202. Retrying...
2022-10-06T03:40:01.7968264Z A path returned 202. Retrying...
2022-10-06T03:40:01.7968574Z A path returned 202. Retrying...
2022-10-06T03:40:01.7968951Z A path returned 202. Retrying...
2022-10-06T03:40:01.7969304Z A path returned 202. Retrying...
2022-10-06T03:40:01.7969685Z A path returned 202. Retrying...
2022-10-06T03:40:01.7970003Z A path returned 202. Retrying...
2022-10-06T03:40:01.7970304Z A path returned 202. Retrying...
2022-10-06T03:40:01.7970598Z A path returned 202. Retrying...
2022-10-06T03:40:01.7970878Z A path returned 202. Retrying...
2022-10-06T03:40:01.7971401Z A path returned 202. Retrying...
2022-10-06T03:40:01.7971788Z A path returned 202. Retrying...
2022-10-06T03:40:01.7972170Z A path returned 202. Retrying...
2022-10-06T03:40:01.7972508Z A path returned 202. Retrying...
2022-10-06T03:40:01.7972809Z A path returned 202. Retrying...
2022-10-06T03:40:01.7973105Z A path returned 202. Retrying...
2022-10-06T03:40:01.7973407Z A path returned 202. Retrying...
2022-10-06T03:40:01.7973700Z A path returned 202. Retrying...
2022-10-06T03:40:01.7974001Z A path returned 202. Retrying...
2022-10-06T03:40:01.7974284Z A path returned 202. Retrying...
2022-10-06T03:49:00.2757846Z A path returned 202. Retrying...
2022-10-06T03:49:00.2758722Z A path returned 202. Retrying...
2022-10-06T03:49:00.2759393Z A path returned 202. Retrying...
2022-10-06T03:49:00.2760588Z A path returned 202. Retrying...
2022-10-06T03:49:00.2761267Z A path returned 202. Retrying...
2022-10-06T03:49:00.2761900Z A path returned 202. Retrying...
2022-10-06T03:49:00.2762532Z A path returned 202. Retrying...
2022-10-06T03:49:00.2763179Z A path returned 202. Retrying...
2022-10-06T03:49:00.2763807Z A path returned 202. Retrying...
2022-10-06T03:49:00.2764447Z A path returned 202. Retrying...
2022-10-06T03:49:00.2765397Z A path returned 202. Retrying...
2022-10-06T03:49:00.2766247Z A path returned 202. Retrying...
2022-10-06T03:49:00.2766751Z A path returned 202. Retrying...
2022-10-06T03:49:00.2767246Z A path returned 202. Retrying...
2022-10-06T03:49:00.2767739Z A path returned 202. Retrying...
2022-10-06T03:49:00.2768245Z A path returned 202. Retrying...
2022-10-06T03:49:00.2768748Z A path returned 202. Retrying...
2022-10-06T03:49:00.2769243Z A path returned 202. Retrying...
2022-10-06T03:49:00.2769741Z A path returned 202. Retrying...
2022-10-06T03:49:00.2770282Z A path returned 202. Retrying...
2022-10-06T03:49:00.2770786Z A path returned 202. Retrying...
2022-10-06T03:49:00.2771294Z A path returned 202. Retrying...
2022-10-06T03:49:00.2771788Z A path returned 202. Retrying...
2022-10-06T03:49:00.2772293Z A path returned 202. Retrying...
2022-10-06T03:49:00.2772790Z A path returned 202. Retrying...
2022-10-06T03:49:00.2773290Z A path returned 202. Retrying...
2022-10-06T03:49:00.2773788Z A path returned 202. Retrying...
2022-10-06T03:49:00.2774269Z A path returned 202. Retrying...
2022-10-06T03:49:00.2774763Z A path returned 202. Retrying...
2022-10-06T03:49:00.2775262Z A path returned 202. Retrying...
2022-10-06T03:49:00.2775758Z A path returned 202. Retrying...
2022-10-06T03:49:00.2776252Z A path returned 202. Retrying...
2022-10-06T03:49:00.2776746Z A path returned 202. Retrying...
2022-10-06T03:49:00.2777248Z A path returned 202. Retrying...
2022-10-06T03:49:00.2777769Z A path returned 202. Retrying...
2022-10-06T03:49:00.2778265Z A path returned 202. Retrying...
2022-10-06T03:49:00.2778763Z A path returned 202. Retrying...
2022-10-06T03:49:00.2779313Z A path returned 202. Retrying...
2022-10-06T03:49:00.2779814Z A path returned 202. Retrying...
2022-10-06T03:49:00.2780313Z A path returned 202. Retrying...
2022-10-06T03:49:00.2780818Z A path returned 202. Retrying...
2022-10-06T03:49:00.2781316Z A path returned 202. Retrying...
2022-10-06T03:49:00.2781796Z A path returned 202. Retrying...
2022-10-06T03:49:00.2782289Z A path returned 202. Retrying...
2022-10-06T03:49:00.2782792Z A path returned 202. Retrying...
2022-10-06T03:49:00.2783288Z A path returned 202. Retrying...
2022-10-06T03:49:00.2783783Z A path returned 202. Retrying...
2022-10-06T03:49:00.2784277Z A path returned 202. Retrying...
2022-10-06T03:49:00.2784772Z A path returned 202. Retrying...
2022-10-06T03:49:00.2785264Z A path returned 202. Retrying...
2022-10-06T03:49:00.2785746Z A path returned 202. Retrying...
2022-10-06T03:49:00.2786238Z A path returned 202. Retrying...
2022-10-06T03:49:00.2786760Z A path returned 202. Retrying...
2022-10-06T03:49:00.2787264Z A path returned 202. Retrying...
2022-10-06T03:49:00.2787757Z A path returned 202. Retrying...
2022-10-06T03:49:00.2788253Z A path returned 202. Retrying...
2022-10-06T03:49:00.2789004Z A path returned 202. Retrying...
2022-10-06T03:49:00.2789524Z A path returned 202. Retrying...
2022-10-06T03:49:00.2790199Z A path returned 202. Retrying...
2022-10-06T03:49:00.2791102Z A path returned 202. Retrying...
2022-10-06T03:49:00.2791601Z A path returned 202. Retrying...
2022-10-06T03:49:00.2792247Z A path returned 202. Retrying...
2022-10-06T03:49:00.2792875Z A path returned 202. Retrying...
2022-10-06T03:49:00.2793508Z A path returned 202. Retrying...
2022-10-06T03:49:00.2794136Z A path returned 202. Retrying...
2022-10-06T03:49:00.2794766Z A path returned 202. Retrying...
2022-10-06T03:49:00.2795390Z A path returned 202. Retrying...
2022-10-06T03:49:00.2796018Z A path returned 202. Retrying...
2022-10-06T03:49:00.2796649Z A path returned 202. Retrying...
2022-10-06T03:49:00.2797411Z A path returned 202. Retrying...
2022-10-06T03:49:00.2798069Z A path returned 202. Retrying...
2022-10-06T03:49:00.2798701Z A path returned 202. Retrying...
2022-10-06T03:49:00.2799368Z A path returned 202. Retrying...
2022-10-06T03:49:00.2800005Z A path returned 202. Retrying...
2022-10-06T03:49:00.2800632Z A path returned 202. Retrying...
2022-10-06T03:49:00.2801260Z A path returned 202. Retrying...
2022-10-06T03:49:00.2801889Z A path returned 202. Retrying...
2022-10-06T03:49:00.2802515Z A path returned 202. Retrying...
2022-10-06T03:49:00.2803143Z A path returned 202. Retrying...
2022-10-06T03:49:00.2803778Z A path returned 202. Retrying...
2022-10-06T03:49:00.2804414Z A path returned 202. Retrying...
2022-10-06T03:49:00.2805199Z A path returned 202. Retrying...
2022-10-06T03:49:00.2805837Z A path returned 202. Retrying...
2022-10-06T03:49:00.2806467Z A path returned 202. Retrying...
2022-10-06T03:49:00.2807101Z A path returned 202. Retrying...
2022-10-06T03:49:00.2807731Z A path returned 202. Retrying...
2022-10-06T03:49:00.2808363Z A path returned 202. Retrying...
2022-10-06T03:49:00.2808994Z A path returned 202. Retrying...
2022-10-06T03:49:00.2809644Z A path returned 202. Retrying...
2022-10-06T03:49:00.2810274Z A path returned 202. Retrying...
2022-10-06T03:49:00.2810898Z A path returned 202. Retrying...
2022-10-06T03:49:00.2811526Z A path returned 202. Retrying...
2022-10-06T03:49:00.2812209Z A path returned 202. Retrying...
2022-10-06T03:49:00.2812821Z A path returned 202. Retrying...
2022-10-06T03:49:00.2813450Z A path returned 202. Retrying...
2022-10-06T03:49:00.2814092Z A path returned 202. Retrying...
2022-10-06T03:49:00.2814728Z A path returned 202. Retrying...
2022-10-06T03:49:00.2815359Z A path returned 202. Retrying...
2022-10-06T03:49:00.2815989Z A path returned 202. Retrying...
2022-10-06T03:49:00.2816622Z A path returned 202. Retrying...
2022-10-06T03:49:00.2817254Z A path returned 202. Retrying...
2022-10-06T03:49:00.2817883Z A path returned 202. Retrying...
2022-10-06T03:49:00.2818515Z A path returned 202. Retrying...
2022-10-06T03:49:00.2819143Z A path returned 202. Retrying...
2022-10-06T03:49:00.2819774Z A path returned 202. Retrying...
2022-10-06T03:49:00.2820392Z A path returned 202. Retrying...
2022-10-06T03:49:00.2821033Z A path returned 202. Retrying...
2022-10-06T03:49:00.2821672Z A path returned 202. Retrying...
2022-10-06T03:49:00.2822309Z A path returned 202. Retrying...
2022-10-06T03:49:00.2822937Z A path returned 202. Retrying...
2022-10-06T03:49:00.2823564Z A path returned 202. Retrying...
2022-10-06T03:49:00.2824191Z A path returned 202. Retrying...
2022-10-06T03:49:00.2824821Z A path returned 202. Retrying...
2022-10-06T03:49:00.2825446Z A path returned 202. Retrying...
2022-10-06T03:49:00.2826072Z A path returned 202. Retrying...
2022-10-06T03:49:00.2826704Z A path returned 202. Retrying...
2022-10-06T03:49:00.2827336Z A path returned 202. Retrying...
2022-10-06T03:49:00.2827967Z A path returned 202. Retrying...
2022-10-06T03:49:00.2828580Z A path returned 202. Retrying...
2022-10-06T03:49:00.2829215Z A path returned 202. Retrying...
2022-10-06T03:49:00.2829846Z A path returned 202. Retrying...
2022-10-06T03:49:00.2830472Z A path returned 202. Retrying...
2022-10-06T03:49:00.2831308Z A path returned 202. Retrying...
2022-10-06T03:49:00.2831980Z A path returned 202. Retrying...
2022-10-06T03:49:00.2832534Z A path returned 202. Retrying...
2022-10-06T03:49:00.2833032Z A path returned 202. Retrying...
2022-10-06T03:49:00.2833529Z A path returned 202. Retrying...
2022-10-06T03:49:00.2834031Z A path returned 202. Retrying...
2022-10-06T03:49:00.2834508Z A path returned 202. Retrying...
2022-10-06T03:49:00.2834999Z A path returned 202. Retrying...
2022-10-06T03:49:00.2835499Z A path returned 202. Retrying...
2022-10-06T03:49:00.2835995Z A path returned 202. Retrying...
2022-10-06T03:49:00.2836496Z A path returned 202. Retrying...
2022-10-06T03:49:00.2837152Z A path returned 202. Retrying...
2022-10-06T03:49:00.2837786Z A path returned 202. Retrying...
2022-10-06T03:49:00.2838601Z A path returned 202. Retrying...
2022-10-06T03:49:00.2839257Z A path returned 202. Retrying...
2022-10-06T03:49:00.2839870Z A path returned 202. Retrying...
2022-10-06T03:49:00.2840507Z A path returned 202. Retrying...
2022-10-06T03:49:00.2841153Z A path returned 202. Retrying...
2022-10-06T03:49:00.2841791Z A path returned 202. Retrying...
2022-10-06T03:49:00.2842391Z A path returned 202. Retrying...
2022-10-06T03:49:00.2842768Z A path returned 202. Retrying...
2022-10-06T03:49:00.2843142Z A path returned 202. Retrying...
2022-10-06T03:49:00.2843521Z A path returned 202. Retrying...
2022-10-06T03:49:00.2843896Z A path returned 202. Retrying...
2022-10-06T03:49:00.2844269Z A path returned 202. Retrying...
2022-10-06T03:49:00.2844572Z A path returned 202. Retrying...
2022-10-06T03:49:00.2845053Z A path returned 202. Retrying...
2022-10-06T03:49:00.2845424Z A path returned 202. Retrying...
2022-10-06T03:49:00.2845796Z A path returned 202. Retrying...
2022-10-06T03:49:00.2846103Z A path returned 202. Retrying...
2022-10-06T03:49:00.2846484Z A path returned 202. Retrying...
2022-10-06T03:49:00.2846860Z A path returned 202. Retrying...
2022-10-06T03:49:00.2847168Z A path returned 202. Retrying...
2022-10-06T03:49:00.2847549Z A path returned 202. Retrying...
2022-10-06T03:49:00.2847928Z A path returned 202. Retrying...
2022-10-06T03:49:00.2848233Z A path returned 202. Retrying...
2022-10-06T03:49:00.2848611Z A path returned 202. Retrying...
2022-10-06T03:49:00.2848986Z A path returned 202. Retrying...
2022-10-06T03:49:00.2849362Z A path returned 202. Retrying...
2022-10-06T03:49:00.2849717Z A path returned 202. Retrying...
2022-10-06T03:49:00.2850115Z A path returned 202. Retrying...
2022-10-06T03:49:00.2850496Z A path returned 202. Retrying...
2022-10-06T03:49:00.2850788Z A path returned 202. Retrying...
2022-10-06T03:49:00.2851164Z A path returned 202. Retrying...
2022-10-06T03:49:00.2851538Z A path returned 202. Retrying...
2022-10-06T03:49:00.2851838Z A path returned 202. Retrying...
2022-10-06T03:49:00.2852216Z A path returned 202. Retrying...
2022-10-06T03:49:00.2852594Z A path returned 202. Retrying...
2022-10-06T03:49:00.2852973Z A path returned 202. Retrying...
2022-10-06T03:49:00.2853354Z A path returned 202. Retrying...
2022-10-06T03:49:00.2853735Z A path returned 202. Retrying...
2022-10-06T03:49:00.2854106Z A path returned 202. Retrying...
2022-10-06T03:49:00.2854476Z A path returned 202. Retrying...
2022-10-06T03:49:00.2854848Z A path returned 202. Retrying...
2022-10-06T03:49:00.2855205Z A path returned 202. Retrying...
2022-10-06T03:49:00.2855583Z A path returned 202. Retrying...
2022-10-06T03:49:00.2855888Z A path returned 202. Retrying...
2022-10-06T03:49:00.2856173Z A path returned 202. Retrying...
2022-10-06T03:49:00.2856551Z A path returned 202. Retrying...
2022-10-06T03:49:00.2856927Z A path returned 202. Retrying...
2022-10-06T03:49:00.2857317Z A path returned 202. Retrying...
2022-10-06T03:49:00.2857698Z A path returned 202. Retrying...
2022-10-06T03:49:00.2858077Z A path returned 202. Retrying...
2022-10-06T03:49:00.2858453Z A path returned 202. Retrying...
2022-10-06T03:49:00.2858824Z A path returned 202. Retrying...
2022-10-06T03:49:00.2859184Z A path returned 202. Retrying...
2022-10-06T03:49:00.2859698Z A path returned 202. Retrying...
2022-10-06T03:49:00.2860078Z A path returned 202. Retrying...
2022-10-06T03:49:00.2860388Z A path returned 202. Retrying...
2022-10-06T03:49:00.2860683Z A path returned 202. Retrying...
2022-10-06T03:49:00.2861066Z A path returned 202. Retrying...
2022-10-06T03:49:00.2861445Z A path returned 202. Retrying...
2022-10-06T03:49:00.2861823Z A path returned 202. Retrying...
2022-10-06T03:49:00.2862199Z A path returned 202. Retrying...
2022-10-06T03:49:00.2862575Z A path returned 202. Retrying...
2022-10-06T03:49:00.2862891Z A path returned 202. Retrying...
2022-10-06T03:49:00.2863163Z A path returned 202. Retrying...
2022-10-06T03:49:00.2863460Z A path returned 202. Retrying...
2022-10-06T03:49:00.2863752Z A path returned 202. Retrying...
2022-10-06T03:49:00.2864136Z A path returned 202. Retrying...
2022-10-06T03:49:00.2864435Z A path returned 202. Retrying...
2022-10-06T03:49:00.2864830Z A path returned 202. Retrying...
2022-10-06T03:49:00.2865202Z A path returned 202. Retrying...
2022-10-06T03:49:00.2865585Z A path returned 202. Retrying...
2022-10-06T03:49:00.2865961Z A path returned 202. Retrying...
2022-10-06T03:49:00.2866331Z A path returned 202. Retrying...
2022-10-06T03:49:00.2866686Z A path returned 202. Retrying...
2022-10-06T03:49:00.2867057Z A path returned 202. Retrying...
2022-10-06T03:49:00.2867438Z A path returned 202. Retrying...
2022-10-06T03:49:00.2867820Z A path returned 202. Retrying...
2022-10-06T03:49:00.2868197Z A path returned 202. Retrying...
2022-10-06T03:49:00.2868571Z A path returned 202. Retrying...
2022-10-06T03:49:00.2868879Z A path returned 202. Retrying...
2022-10-06T03:49:00.2869261Z A path returned 202. Retrying...
2022-10-06T03:49:00.2869632Z A path returned 202. Retrying...
2022-10-06T03:49:00.2870003Z A path returned 202. Retrying...
2022-10-06T03:49:00.2870381Z A path returned 202. Retrying...
2022-10-06T03:49:00.2870753Z A path returned 202. Retrying...
2022-10-06T03:49:00.2871040Z A path returned 202. Retrying...
2022-10-06T03:49:00.2871424Z A path returned 202. Retrying...
2022-10-06T03:49:00.2871802Z A path returned 202. Retrying...
2022-10-06T03:49:00.2872177Z A path returned 202. Retrying...
2022-10-06T03:49:00.2872558Z A path returned 202. Retrying...
2022-10-06T03:49:00.2872863Z A path returned 202. Retrying...
2022-10-06T03:49:00.2873157Z A path returned 202. Retrying...
2022-10-06T03:49:00.2873535Z A path returned 202. Retrying...
2022-10-06T03:49:00.2873907Z A path returned 202. Retrying...
2022-10-06T03:49:00.2874280Z A path returned 202. Retrying...
2022-10-06T03:49:00.2874584Z A path returned 202. Retrying...
2022-10-06T03:49:00.2874943Z A path returned 202. Retrying...
2022-10-06T03:49:00.2875322Z A path returned 202. Retrying...
2022-10-06T03:49:00.2875701Z A path returned 202. Retrying...
2022-10-06T03:49:00.2876082Z A path returned 202. Retrying...
2022-10-06T03:49:00.2876460Z A path returned 202. Retrying...
2022-10-06T03:49:00.2876837Z A path returned 202. Retrying...
2022-10-06T03:49:00.2877213Z A path returned 202. Retrying...
2022-10-06T03:49:00.2877590Z A path returned 202. Retrying...
2022-10-06T03:49:00.2877969Z A path returned 202. Retrying...
2022-10-06T03:49:00.2878347Z A path returned 202. Retrying...
2022-10-06T03:49:00.2878719Z A path returned 202. Retrying...
2022-10-06T03:49:00.2879023Z A path returned 202. Retrying...
2022-10-06T03:49:00.2879421Z A path returned 202. Retrying...
2022-10-06T03:49:00.2879799Z A path returned 202. Retrying...
2022-10-06T03:49:00.2880107Z A path returned 202. Retrying...
2022-10-06T03:49:00.2880397Z A path returned 202. Retrying...
2022-10-06T03:49:00.2880689Z A path returned 202. Retrying...
2022-10-06T03:57:57.6876618Z A path returned 202. Retrying...
2022-10-06T03:57:57.6879693Z A path returned 202. Retrying...
2022-10-06T03:57:57.6880098Z A path returned 202. Retrying...
2022-10-06T03:57:57.6880498Z A path returned 202. Retrying...
2022-10-06T03:57:57.6880864Z A path returned 202. Retrying...
2022-10-06T03:57:57.6881239Z A path returned 202. Retrying...
2022-10-06T03:57:57.6882067Z A path returned 202. Retrying...
2022-10-06T03:57:57.6882439Z A path returned 202. Retrying...
2022-10-06T03:57:57.6882813Z A path returned 202. Retrying...
2022-10-06T03:57:57.6883183Z A path returned 202. Retrying...
2022-10-06T03:57:57.6883558Z A path returned 202. Retrying...
2022-10-06T03:57:57.6883927Z A path returned 202. Retrying...
2022-10-06T03:57:57.6884285Z A path returned 202. Retrying...
2022-10-06T03:57:57.6884654Z A path returned 202. Retrying...
2022-10-06T03:57:57.6885290Z A path returned 202. Retrying...
2022-10-06T03:57:57.6885663Z A path returned 202. Retrying...
2022-10-06T03:57:57.6886034Z A path returned 202. Retrying...
2022-10-06T03:57:57.6886406Z A path returned 202. Retrying...
2022-10-06T03:57:57.6886777Z A path returned 202. Retrying...
2022-10-06T03:57:57.6887295Z A path returned 202. Retrying...
2022-10-06T03:57:57.6887675Z A path returned 202. Retrying...
2022-10-06T03:57:57.6888045Z A path returned 202. Retrying...
2022-10-06T03:57:57.6888414Z A path returned 202. Retrying...
2022-10-06T03:57:57.6888839Z A path returned 202. Retrying...
2022-10-06T03:57:57.6889225Z A path returned 202. Retrying...
2022-10-06T03:57:57.6889597Z A path returned 202. Retrying...
2022-10-06T03:57:57.6889965Z A path returned 202. Retrying...
2022-10-06T03:57:57.6890321Z A path returned 202. Retrying...
2022-10-06T03:57:57.6890719Z A path returned 202. Retrying...
2022-10-06T03:57:57.6891089Z A path returned 202. Retrying...
2022-10-06T03:57:57.6891459Z A path returned 202. Retrying...
2022-10-06T03:57:57.6891887Z A path returned 202. Retrying...
2022-10-06T03:57:57.6892258Z A path returned 202. Retrying...
2022-10-06T03:57:57.6892627Z A path returned 202. Retrying...
2022-10-06T03:57:57.6892996Z A path returned 202. Retrying...
2022-10-06T03:57:57.6893355Z A path returned 202. Retrying...
2022-10-06T03:57:57.6893725Z A path returned 202. Retrying...
2022-10-06T03:57:57.6894095Z A path returned 202. Retrying...
2022-10-06T03:57:57.6894464Z A path returned 202. Retrying...
2022-10-06T03:57:57.6894875Z A path returned 202. Retrying...
2022-10-06T03:57:57.6895246Z A path returned 202. Retrying...
2022-10-06T03:57:57.6895616Z A path returned 202. Retrying...
2022-10-06T03:57:57.6895971Z A path returned 202. Retrying...
2022-10-06T03:57:57.6896340Z A path returned 202. Retrying...
2022-10-06T03:57:57.6896705Z A path returned 202. Retrying...
2022-10-06T03:57:57.6897073Z A path returned 202. Retrying...
2022-10-06T03:57:57.6897443Z A path returned 202. Retrying...
2022-10-06T03:57:57.6897812Z A path returned 202. Retrying...
2022-10-06T03:57:57.6898179Z A path returned 202. Retrying...
2022-10-06T03:57:57.6898548Z A path returned 202. Retrying...
2022-10-06T03:57:57.6898903Z A path returned 202. Retrying...
2022-10-06T03:57:57.6899268Z A path returned 202. Retrying...
2022-10-06T03:57:57.6899640Z A path returned 202. Retrying...
2022-10-06T03:57:57.6900010Z A path returned 202. Retrying...
2022-10-06T03:57:57.6900381Z A path returned 202. Retrying...
2022-10-06T03:57:57.6900748Z A path returned 202. Retrying...
2022-10-06T03:57:57.6901120Z A path returned 202. Retrying...
2022-10-06T03:57:57.6901488Z A path returned 202. Retrying...
2022-10-06T03:57:57.6901844Z A path returned 202. Retrying...
2022-10-06T03:57:57.6902212Z A path returned 202. Retrying...
2022-10-06T03:57:57.6902579Z A path returned 202. Retrying...
2022-10-06T03:57:57.6902946Z A path returned 202. Retrying...
2022-10-06T03:57:57.6903313Z A path returned 202. Retrying...
2022-10-06T03:57:57.6903680Z A path returned 202. Retrying...
2022-10-06T03:57:57.6904047Z A path returned 202. Retrying...
2022-10-06T03:57:57.6904402Z A path returned 202. Retrying...
2022-10-06T03:57:57.6904774Z A path returned 202. Retrying...
2022-10-06T03:57:57.6905140Z A path returned 202. Retrying...
2022-10-06T03:57:57.6905509Z A path returned 202. Retrying...
2022-10-06T03:57:57.6905882Z A path returned 202. Retrying...
2022-10-06T03:57:57.6906251Z A path returned 202. Retrying...
2022-10-06T03:57:57.6906618Z A path returned 202. Retrying...
2022-10-06T03:57:57.6906985Z A path returned 202. Retrying...
2022-10-06T03:57:57.6907453Z A path returned 202. Retrying...
2022-10-06T03:57:57.6907819Z A path returned 202. Retrying...
2022-10-06T03:57:57.6908191Z A path returned 202. Retrying...
2022-10-06T03:57:57.6908562Z A path returned 202. Retrying...
2022-10-06T03:57:57.6908933Z A path returned 202. Retrying...
2022-10-06T03:57:57.6909301Z A path returned 202. Retrying...
2022-10-06T03:57:57.6909671Z A path returned 202. Retrying...
2022-10-06T03:57:57.6910039Z A path returned 202. Retrying...
2022-10-06T03:57:57.6910395Z A path returned 202. Retrying...
2022-10-06T03:57:57.6910764Z A path returned 202. Retrying...
2022-10-06T03:57:57.6911137Z A path returned 202. Retrying...
2022-10-06T03:57:57.6911506Z A path returned 202. Retrying...
2022-10-06T03:57:57.6911954Z A path returned 202. Retrying...
2022-10-06T03:57:57.6912532Z A path returned 202. Retrying...
2022-10-06T03:57:57.6912820Z A path returned 202. Retrying...
2022-10-06T03:57:57.6913091Z A path returned 202. Retrying...
2022-10-06T03:57:57.6913384Z A path returned 202. Retrying...
2022-10-06T03:57:57.6913668Z A path returned 202. Retrying...
2022-10-06T03:57:57.6913956Z A path returned 202. Retrying...
2022-10-06T03:57:57.6914242Z A path returned 202. Retrying...
2022-10-06T03:57:57.6914528Z A path returned 202. Retrying...
2022-10-06T03:57:57.6914814Z A path returned 202. Retrying...
2022-10-06T03:57:57.6915098Z A path returned 202. Retrying...
2022-10-06T03:57:57.6915368Z A path returned 202. Retrying...
2022-10-06T03:57:57.6915653Z A path returned 202. Retrying...
2022-10-06T03:57:57.6915938Z A path returned 202. Retrying...
2022-10-06T03:57:57.6916225Z A path returned 202. Retrying...
2022-10-06T03:57:57.6916512Z A path returned 202. Retrying...
2022-10-06T03:57:57.6916794Z A path returned 202. Retrying...
2022-10-06T03:57:57.6917082Z A path returned 202. Retrying...
2022-10-06T03:57:57.6917364Z A path returned 202. Retrying...
2022-10-06T03:57:57.6917636Z A path returned 202. Retrying...
2022-10-06T03:57:57.6917920Z A path returned 202. Retrying...
2022-10-06T03:57:57.6918207Z A path returned 202. Retrying...
2022-10-06T03:57:57.6918493Z A path returned 202. Retrying...
2022-10-06T03:57:57.6918777Z A path returned 202. Retrying...
2022-10-06T03:57:57.6919060Z A path returned 202. Retrying...
2022-10-06T03:57:57.6919342Z A path returned 202. Retrying...
2022-10-06T03:57:57.6919614Z A path returned 202. Retrying...
2022-10-06T03:57:57.6919947Z A path returned 202. Retrying...
2022-10-06T03:57:57.6920234Z A path returned 202. Retrying...
2022-10-06T03:57:57.6920519Z A path returned 202. Retrying...
2022-10-06T03:57:57.6920805Z A path returned 202. Retrying...
2022-10-06T03:57:57.6921092Z A path returned 202. Retrying...
2022-10-06T03:57:57.6921377Z A path returned 202. Retrying...
2022-10-06T03:57:57.6921666Z A path returned 202. Retrying...
2022-10-06T03:57:57.6921939Z A path returned 202. Retrying...
2022-10-06T03:57:57.6922222Z A path returned 202. Retrying...
2022-10-06T03:57:57.6922508Z A path returned 202. Retrying...
2022-10-06T03:57:57.6922797Z A path returned 202. Retrying...
2022-10-06T03:57:57.6923085Z A path returned 202. Retrying...
2022-10-06T03:57:57.6923369Z A path returned 202. Retrying...
2022-10-06T03:57:57.6923655Z A path returned 202. Retrying...
2022-10-06T03:57:57.6923940Z A path returned 202. Retrying...
2022-10-06T03:57:57.6924212Z A path returned 202. Retrying...
2022-10-06T03:57:57.6924502Z A path returned 202. Retrying...
2022-10-06T03:57:57.6924787Z A path returned 202. Retrying...
2022-10-06T03:57:57.6925200Z A path returned 202. Retrying...
2022-10-06T03:57:57.6925486Z A path returned 202. Retrying...
2022-10-06T03:57:57.6925770Z A path returned 202. Retrying...
2022-10-06T03:57:57.6926056Z A path returned 202. Retrying...
2022-10-06T03:57:57.6926330Z A path returned 202. Retrying...
2022-10-06T03:57:57.6926619Z A path returned 202. Retrying...
2022-10-06T03:57:57.6926905Z A path returned 202. Retrying...
2022-10-06T03:57:57.6927190Z A path returned 202. Retrying...
2022-10-06T03:57:57.6927473Z A path returned 202. Retrying...
2022-10-06T03:57:57.6927863Z A path returned 202. Retrying...
2022-10-06T03:57:57.6928149Z A path returned 202. Retrying...
2022-10-06T03:57:57.6928434Z A path returned 202. Retrying...
2022-10-06T03:57:57.6928707Z A path returned 202. Retrying...
2022-10-06T03:57:57.6928992Z A path returned 202. Retrying...
2022-10-06T03:57:57.6929280Z A path returned 202. Retrying...
2022-10-06T03:57:57.6929565Z A path returned 202. Retrying...
2022-10-06T03:57:57.6929850Z A path returned 202. Retrying...
2022-10-06T03:57:57.6930135Z A path returned 202. Retrying...
2022-10-06T03:57:57.6930423Z A path returned 202. Retrying...
2022-10-06T03:57:57.6930710Z A path returned 202. Retrying...
2022-10-06T03:57:57.6930979Z A path returned 202. Retrying...
2022-10-06T03:57:57.6931262Z A path returned 202. Retrying...
2022-10-06T03:57:57.6931620Z A path returned 202. Retrying...
2022-10-06T03:57:57.6931914Z A path returned 202. Retrying...
2022-10-06T03:57:57.6932198Z A path returned 202. Retrying...
2022-10-06T03:57:57.6932485Z A path returned 202. Retrying...
2022-10-06T03:57:57.6932769Z A path returned 202. Retrying...
2022-10-06T03:57:57.6933042Z A path returned 202. Retrying...
2022-10-06T03:57:57.6933326Z A path returned 202. Retrying...
2022-10-06T03:57:57.6933610Z A path returned 202. Retrying...
2022-10-06T03:57:57.6933895Z A path returned 202. Retrying...
2022-10-06T03:57:57.6934180Z A path returned 202. Retrying...
2022-10-06T03:57:57.6934466Z A path returned 202. Retrying...
2022-10-06T03:57:57.6934747Z A path returned 202. Retrying...
2022-10-06T03:57:57.6935032Z A path returned 202. Retrying...
2022-10-06T03:57:57.6935307Z A path returned 202. Retrying...
2022-10-06T03:57:57.6935595Z A path returned 202. Retrying...
2022-10-06T03:57:57.6935880Z A path returned 202. Retrying...
2022-10-06T03:57:57.6936170Z A path returned 202. Retrying...
2022-10-06T03:57:57.6936462Z A path returned 202. Retrying...
2022-10-06T03:57:57.6936748Z A path returned 202. Retrying...
2022-10-06T03:57:57.6937140Z A path returned 202. Retrying...
2022-10-06T03:57:57.6937408Z A path returned 202. Retrying...
2022-10-06T03:57:57.6937662Z A path returned 202. Retrying...
2022-10-06T03:57:57.6937926Z A path returned 202. Retrying...
2022-10-06T03:57:57.6938193Z A path returned 202. Retrying...
2022-10-06T03:57:57.6938461Z A path returned 202. Retrying...
2022-10-06T03:57:57.6938730Z A path returned 202. Retrying...
2022-10-06T03:57:57.6938995Z A path returned 202. Retrying...
2022-10-06T03:57:57.6939262Z A path returned 202. Retrying...
2022-10-06T03:57:57.6939516Z A path returned 202. Retrying...
2022-10-06T03:57:57.6939782Z A path returned 202. Retrying...
2022-10-06T03:57:57.6940048Z A path returned 202. Retrying...
2022-10-06T03:57:57.6940314Z A path returned 202. Retrying...
2022-10-06T03:57:57.6940582Z A path returned 202. Retrying...
2022-10-06T03:57:57.6940869Z A path returned 202. Retrying...
2022-10-06T03:57:57.6941134Z A path returned 202. Retrying...
2022-10-06T03:57:57.6941399Z A path returned 202. Retrying...
2022-10-06T03:57:57.6941654Z A path returned 202. Retrying...
2022-10-06T03:57:57.6941919Z A path returned 202. Retrying...
2022-10-06T03:57:57.6942183Z A path returned 202. Retrying...
2022-10-06T03:57:57.6942448Z A path returned 202. Retrying...
2022-10-06T03:57:57.6942714Z A path returned 202. Retrying...
2022-10-06T03:57:57.6942980Z A path returned 202. Retrying...
2022-10-06T03:57:57.6943245Z A path returned 202. Retrying...
2022-10-06T03:57:57.6943517Z A path returned 202. Retrying...
2022-10-06T03:57:57.6943770Z A path returned 202. Retrying...
2022-10-06T03:57:57.6944037Z A path returned 202. Retrying...
2022-10-06T03:57:57.6944305Z A path returned 202. Retrying...
2022-10-06T03:57:57.6944574Z A path returned 202. Retrying...
2022-10-06T03:57:57.6944846Z A path returned 202. Retrying...
2022-10-06T03:57:57.6945112Z A path returned 202. Retrying...
2022-10-06T03:57:57.6945380Z A path returned 202. Retrying...
2022-10-06T03:57:57.6945649Z A path returned 202. Retrying...
2022-10-06T03:57:57.6945902Z A path returned 202. Retrying...
2022-10-06T03:57:57.6946259Z A path returned 202. Retrying...
2022-10-06T03:57:57.6946526Z A path returned 202. Retrying...
2022-10-06T03:57:57.6946791Z A path returned 202. Retrying...
2022-10-06T03:57:57.6947058Z A path returned 202. Retrying...
2022-10-06T03:57:57.6947326Z A path returned 202. Retrying...
2022-10-06T03:57:57.6947703Z A path returned 202. Retrying...
2022-10-06T03:57:57.6948010Z A path returned 202. Retrying...
2022-10-06T03:57:57.6948554Z A path returned 202. Retrying...
2022-10-06T03:57:57.6948939Z A path returned 202. Retrying...
2022-10-06T03:57:57.6949297Z A path returned 202. Retrying...
2022-10-06T03:57:57.6949652Z A path returned 202. Retrying...
2022-10-06T03:57:57.6950056Z A path returned 202. Retrying...
2022-10-06T03:57:57.6950363Z A path returned 202. Retrying...
2022-10-06T03:57:57.6950790Z A path returned 202. Retrying...
2022-10-06T03:57:57.6951154Z A path returned 202. Retrying...
2022-10-06T03:57:57.6951691Z A path returned 202. Retrying...
2022-10-06T03:57:57.6952222Z A path returned 202. Retrying...
2022-10-06T03:57:57.6952580Z A path returned 202. Retrying...
2022-10-06T03:57:57.6953011Z A path returned 202. Retrying...
2022-10-06T03:57:57.6953379Z A path returned 202. Retrying...
2022-10-06T03:57:57.6953702Z A path returned 202. Retrying...
2022-10-06T03:57:57.6954057Z A path returned 202. Retrying...
2022-10-06T03:57:57.6954413Z A path returned 202. Retrying...
2022-10-06T03:57:57.6954785Z A path returned 202. Retrying...
2022-10-06T03:57:57.6955168Z A path returned 202. Retrying...
2022-10-06T03:57:57.6955523Z A path returned 202. Retrying...
2022-10-06T03:57:57.6955877Z A path returned 202. Retrying...
2022-10-06T03:57:57.6956175Z A path returned 202. Retrying...
2022-10-06T03:57:57.6956542Z A path returned 202. Retrying...
2022-10-06T03:57:57.6956928Z A path returned 202. Retrying...
2022-10-06T03:57:57.6957284Z A path returned 202. Retrying...
2022-10-06T03:57:57.6957651Z A path returned 202. Retrying...
2022-10-06T03:57:57.6958006Z A path returned 202. Retrying...
2022-10-06T03:57:57.6958390Z A path returned 202. Retrying...
2022-10-06T03:57:57.6958737Z A path returned 202. Retrying...
2022-10-06T03:57:57.6959040Z A path returned 202. Retrying...
2022-10-06T03:57:57.6959408Z A path returned 202. Retrying...
2022-10-06T03:57:57.6959795Z A path returned 202. Retrying...
2022-10-06T03:57:57.6960158Z A path returned 202. Retrying...
2022-10-06T03:57:57.6960524Z A path returned 202. Retrying...
2022-10-06T03:57:57.6960873Z A path returned 202. Retrying...
2022-10-06T03:57:57.6961255Z A path returned 202. Retrying...
2022-10-06T03:57:57.6961606Z A path returned 202. Retrying...
2022-10-06T04:06:58.7824049Z A path returned 202. Retrying...
2022-10-06T04:06:58.7825479Z A path returned 202. Retrying...
2022-10-06T04:06:58.7826088Z A path returned 202. Retrying...
2022-10-06T04:06:58.7826634Z A path returned 202. Retrying...
2022-10-06T04:06:58.7827318Z A path returned 202. Retrying...
2022-10-06T04:06:58.7827812Z A path returned 202. Retrying...
2022-10-06T04:06:58.7828330Z A path returned 202. Retrying...
2022-10-06T04:06:58.7828837Z A path returned 202. Retrying...
2022-10-06T04:06:58.7829350Z A path returned 202. Retrying...
2022-10-06T04:06:58.7829861Z A path returned 202. Retrying...
2022-10-06T04:06:58.7830358Z A path returned 202. Retrying...
2022-10-06T04:06:58.7830857Z A path returned 202. Retrying...
2022-10-06T04:06:58.7831362Z A path returned 202. Retrying...
2022-10-06T04:06:58.7831848Z A path returned 202. Retrying...
2022-10-06T04:06:58.7832348Z A path returned 202. Retrying...
2022-10-06T04:06:58.7832866Z A path returned 202. Retrying...
2022-10-06T04:06:58.7833377Z A path returned 202. Retrying...
2022-10-06T04:06:58.7833886Z A path returned 202. Retrying...
2022-10-06T04:06:58.7834392Z A path returned 202. Retrying...
2022-10-06T04:06:58.7834903Z A path returned 202. Retrying...
2022-10-06T04:06:58.7835387Z A path returned 202. Retrying...
2022-10-06T04:06:58.7835888Z A path returned 202. Retrying...
2022-10-06T04:06:58.7836385Z A path returned 202. Retrying...
2022-10-06T04:06:58.7837486Z A path returned 202. Retrying...
2022-10-06T04:06:58.7837988Z A path returned 202. Retrying...
2022-10-06T04:06:58.7838492Z A path returned 202. Retrying...
2022-10-06T04:06:58.7838990Z A path returned 202. Retrying...
2022-10-06T04:06:58.7839491Z A path returned 202. Retrying...
2022-10-06T04:06:58.7839973Z A path returned 202. Retrying...
2022-10-06T04:06:58.7840478Z A path returned 202. Retrying...
2022-10-06T04:06:58.7840987Z A path returned 202. Retrying...
2022-10-06T04:06:58.7841487Z A path returned 202. Retrying...
2022-10-06T04:06:58.7841985Z A path returned 202. Retrying...
2022-10-06T04:06:58.7842482Z A path returned 202. Retrying...
2022-10-06T04:06:58.7842978Z A path returned 202. Retrying...
2022-10-06T04:06:58.7843477Z A path returned 202. Retrying...
2022-10-06T04:06:58.7844203Z A path returned 202. Retrying...
2022-10-06T04:06:58.7844717Z A path returned 202. Retrying...
2022-10-06T04:06:58.7845549Z A path returned 202. Retrying...
2022-10-06T04:06:58.7846065Z A path returned 202. Retrying...
2022-10-06T04:06:58.7846561Z A path returned 202. Retrying...
2022-10-06T04:06:58.7847058Z A path returned 202. Retrying...
2022-10-06T04:06:58.7847558Z A path returned 202. Retrying...
2022-10-06T04:06:58.7848036Z A path returned 202. Retrying...
2022-10-06T04:06:58.7848535Z A path returned 202. Retrying...
2022-10-06T04:06:58.7849031Z A path returned 202. Retrying...
2022-10-06T04:06:58.7849526Z A path returned 202. Retrying...
2022-10-06T04:06:58.7850030Z A path returned 202. Retrying...
2022-10-06T04:06:58.7850529Z A path returned 202. Retrying...
2022-10-06T04:06:58.7851027Z A path returned 202. Retrying...
2022-10-06T04:06:58.7851523Z A path returned 202. Retrying...
2022-10-06T04:06:58.7852008Z A path returned 202. Retrying...
2022-10-06T04:06:58.7852510Z A path returned 202. Retrying...
2022-10-06T04:06:58.7853010Z A path returned 202. Retrying...
2022-10-06T04:06:58.7853504Z A path returned 202. Retrying...
2022-10-06T04:06:58.7853998Z A path returned 202. Retrying...
2022-10-06T04:06:58.7854503Z A path returned 202. Retrying...
2022-10-06T04:06:58.7854997Z A path returned 202. Retrying...
2022-10-06T04:06:58.7855492Z A path returned 202. Retrying...
2022-10-06T04:06:58.7855974Z A path returned 202. Retrying...
2022-10-06T04:06:58.7856464Z A path returned 202. Retrying...
2022-10-06T04:06:58.7856961Z A path returned 202. Retrying...
2022-10-06T04:06:58.7857454Z A path returned 202. Retrying...
2022-10-06T04:06:58.7857949Z A path returned 202. Retrying...
2022-10-06T04:06:58.7858442Z A path returned 202. Retrying...
2022-10-06T04:06:58.7858958Z A path returned 202. Retrying...
2022-10-06T04:06:58.7859455Z A path returned 202. Retrying...
2022-10-06T04:06:58.7859950Z A path returned 202. Retrying...
2022-10-06T04:06:58.7860447Z A path returned 202. Retrying...
2022-10-06T04:06:58.7860950Z A path returned 202. Retrying...
2022-10-06T04:06:58.7861453Z A path returned 202. Retrying...
2022-10-06T04:06:58.7861951Z A path returned 202. Retrying...
2022-10-06T04:06:58.7862453Z A path returned 202. Retrying...
2022-10-06T04:06:58.7862952Z A path returned 202. Retrying...
2022-10-06T04:06:58.7863431Z A path returned 202. Retrying...
2022-10-06T04:06:58.7863930Z A path returned 202. Retrying...
2022-10-06T04:06:58.7864430Z A path returned 202. Retrying...
2022-10-06T04:06:58.7864930Z A path returned 202. Retrying...
2022-10-06T04:06:58.7865424Z A path returned 202. Retrying...
2022-10-06T04:06:58.7865920Z A path returned 202. Retrying...
2022-10-06T04:06:58.7866415Z A path returned 202. Retrying...
2022-10-06T04:06:58.7866910Z A path returned 202. Retrying...
2022-10-06T04:06:58.7867398Z A path returned 202. Retrying...
2022-10-06T04:06:58.7867890Z A path returned 202. Retrying...
2022-10-06T04:06:58.7868393Z A path returned 202. Retrying...
2022-10-06T04:06:58.7868895Z A path returned 202. Retrying...
2022-10-06T04:06:58.7869392Z A path returned 202. Retrying...
2022-10-06T04:06:58.7869886Z A path returned 202. Retrying...
2022-10-06T04:06:58.7870391Z A path returned 202. Retrying...
2022-10-06T04:06:58.7871057Z A path returned 202. Retrying...
2022-10-06T04:06:58.7871546Z A path returned 202. Retrying...
2022-10-06T04:06:58.7872045Z A path returned 202. Retrying...
2022-10-06T04:06:58.7872544Z A path returned 202. Retrying...
2022-10-06T04:06:58.7873044Z A path returned 202. Retrying...
2022-10-06T04:06:58.7873548Z A path returned 202. Retrying...
2022-10-06T04:06:58.7874105Z A path returned 202. Retrying...
2022-10-06T04:06:58.7874597Z A path returned 202. Retrying...
2022-10-06T04:06:58.7875081Z A path returned 202. Retrying...
2022-10-06T04:06:58.7875579Z A path returned 202. Retrying...
2022-10-06T04:06:58.7876148Z A path returned 202. Retrying...
2022-10-06T04:06:58.7876718Z A path returned 202. Retrying...
2022-10-06T04:06:58.7877272Z A path returned 202. Retrying...
2022-10-06T04:06:58.7877615Z A path returned 202. Retrying...
2022-10-06T04:06:58.7877888Z A path returned 202. Retrying...
2022-10-06T04:06:58.7878161Z A path returned 202. Retrying...
2022-10-06T04:06:58.7878418Z A path returned 202. Retrying...
2022-10-06T04:06:58.7878688Z A path returned 202. Retrying...
2022-10-06T04:06:58.7878958Z A path returned 202. Retrying...
2022-10-06T04:06:58.7879226Z A path returned 202. Retrying...
2022-10-06T04:06:58.7879495Z A path returned 202. Retrying...
2022-10-06T04:06:58.7879768Z A path returned 202. Retrying...
2022-10-06T04:06:58.7880036Z A path returned 202. Retrying...
2022-10-06T04:06:58.7880306Z A path returned 202. Retrying...
2022-10-06T04:06:58.7880563Z A path returned 202. Retrying...
2022-10-06T04:06:58.7880837Z A path returned 202. Retrying...
2022-10-06T04:06:58.7881106Z A path returned 202. Retrying...
2022-10-06T04:06:58.7881375Z A path returned 202. Retrying...
2022-10-06T04:06:58.7881643Z A path returned 202. Retrying...
2022-10-06T04:06:58.7881916Z A path returned 202. Retrying...
2022-10-06T04:06:58.7882188Z A path returned 202. Retrying...
2022-10-06T04:06:58.7882481Z A path returned 202. Retrying...
2022-10-06T04:06:58.7882749Z A path returned 202. Retrying...
2022-10-06T04:06:58.7883022Z A path returned 202. Retrying...
2022-10-06T04:06:58.7883295Z A path returned 202. Retrying...
2022-10-06T04:06:58.7883565Z A path returned 202. Retrying...
2022-10-06T04:06:58.7883834Z A path returned 202. Retrying...
2022-10-06T04:06:58.7884105Z A path returned 202. Retrying...
2022-10-06T04:06:58.7884374Z A path returned 202. Retrying...
2022-10-06T04:06:58.7884628Z A path returned 202. Retrying...
2022-10-06T04:06:58.7885018Z A path returned 202. Retrying...
2022-10-06T04:06:58.7885294Z A path returned 202. Retrying...
2022-10-06T04:06:58.7885562Z A path returned 202. Retrying...
2022-10-06T04:06:58.7885833Z A path returned 202. Retrying...
2022-10-06T04:06:58.7886104Z A path returned 202. Retrying...
2022-10-06T04:06:58.7886371Z A path returned 202. Retrying...
2022-10-06T04:06:58.7886640Z A path returned 202. Retrying...
2022-10-06T04:06:58.7886894Z A path returned 202. Retrying...
2022-10-06T04:06:58.7887166Z A path returned 202. Retrying...
2022-10-06T04:06:58.7887438Z A path returned 202. Retrying...
2022-10-06T04:06:58.7887713Z A path returned 202. Retrying...
2022-10-06T04:06:58.7887983Z A path returned 202. Retrying...
2022-10-06T04:06:58.7888253Z A path returned 202. Retrying...
2022-10-06T04:06:58.7888523Z A path returned 202. Retrying...
2022-10-06T04:06:58.7888781Z A path returned 202. Retrying...
2022-10-06T04:06:58.7889053Z A path returned 202. Retrying...
2022-10-06T04:06:58.7889324Z A path returned 202. Retrying...
2022-10-06T04:06:58.7889596Z A path returned 202. Retrying...
2022-10-06T04:06:58.7889868Z A path returned 202. Retrying...
2022-10-06T04:06:58.7890138Z A path returned 202. Retrying...
2022-10-06T04:06:58.7890408Z A path returned 202. Retrying...
2022-10-06T04:06:58.7890677Z A path returned 202. Retrying...
2022-10-06T04:06:58.7891116Z A path returned 202. Retrying...
2022-10-06T04:06:58.7891407Z A path returned 202. Retrying...
2022-10-06T04:06:58.7891704Z A path returned 202. Retrying...
2022-10-06T04:06:58.7891995Z A path returned 202. Retrying...
2022-10-06T04:06:58.7892382Z A path returned 202. Retrying...
2022-10-06T04:06:58.7892673Z A path returned 202. Retrying...
2022-10-06T04:06:58.7892966Z A path returned 202. Retrying...
2022-10-06T04:06:58.7893256Z A path returned 202. Retrying...
2022-10-06T04:06:58.7893530Z A path returned 202. Retrying...
2022-10-06T04:06:58.7893816Z A path returned 202. Retrying...
2022-10-06T04:06:58.7894106Z A path returned 202. Retrying...
2022-10-06T04:06:58.7894395Z A path returned 202. Retrying...
2022-10-06T04:06:58.7894686Z A path returned 202. Retrying...
2022-10-06T04:06:58.7894977Z A path returned 202. Retrying...
2022-10-06T04:06:58.7895269Z A path returned 202. Retrying...
2022-10-06T04:06:58.7895546Z A path returned 202. Retrying...
2022-10-06T04:06:58.7895838Z A path returned 202. Retrying...
2022-10-06T04:06:58.7896199Z A path returned 202. Retrying...
2022-10-06T04:06:58.7896494Z A path returned 202. Retrying...
2022-10-06T04:06:58.7896784Z A path returned 202. Retrying...
2022-10-06T04:06:58.7897077Z A path returned 202. Retrying...
2022-10-06T04:06:58.7897367Z A path returned 202. Retrying...
2022-10-06T04:06:58.7897659Z A path returned 202. Retrying...
2022-10-06T04:06:58.7897934Z A path returned 202. Retrying...
2022-10-06T04:06:58.7898223Z A path returned 202. Retrying...
2022-10-06T04:06:58.7898517Z A path returned 202. Retrying...
2022-10-06T04:06:58.7898805Z A path returned 202. Retrying...
2022-10-06T04:06:58.7899093Z A path returned 202. Retrying...
2022-10-06T04:06:58.7899379Z A path returned 202. Retrying...
2022-10-06T04:06:58.7899667Z A path returned 202. Retrying...
2022-10-06T04:06:58.7899955Z A path returned 202. Retrying...
2022-10-06T04:06:58.7900231Z A path returned 202. Retrying...
2022-10-06T04:06:58.7900520Z A path returned 202. Retrying...
2022-10-06T04:06:58.7900817Z A path returned 202. Retrying...
2022-10-06T04:06:58.7901111Z A path returned 202. Retrying...
2022-10-06T04:06:58.7901399Z A path returned 202. Retrying...
2022-10-06T04:06:58.7901690Z A path returned 202. Retrying...
2022-10-06T04:06:58.7901985Z A path returned 202. Retrying...
2022-10-06T04:06:58.7902258Z A path returned 202. Retrying...
2022-10-06T04:06:58.7902548Z A path returned 202. Retrying...
2022-10-06T04:06:58.7902836Z A path returned 202. Retrying...
2022-10-06T04:06:58.7903129Z A path returned 202. Retrying...
2022-10-06T04:06:58.7903424Z A path returned 202. Retrying...
2022-10-06T04:06:58.7903711Z A path returned 202. Retrying...
2022-10-06T04:06:58.7903997Z A path returned 202. Retrying...
2022-10-06T04:06:58.7904283Z A path returned 202. Retrying...
2022-10-06T04:06:58.7904562Z A path returned 202. Retrying...
2022-10-06T04:06:58.7904851Z A path returned 202. Retrying...
2022-10-06T04:06:58.7905142Z A path returned 202. Retrying...
2022-10-06T04:06:58.7905430Z A path returned 202. Retrying...
2022-10-06T04:06:58.7905718Z A path returned 202. Retrying...
2022-10-06T04:06:58.7906007Z A path returned 202. Retrying...
2022-10-06T04:06:58.7906302Z A path returned 202. Retrying...
2022-10-06T04:06:58.7906593Z A path returned 202. Retrying...
2022-10-06T04:06:58.7906867Z A path returned 202. Retrying...
2022-10-06T04:06:58.7907160Z A path returned 202. Retrying...
2022-10-06T04:06:58.7907450Z A path returned 202. Retrying...
2022-10-06T04:06:58.7907738Z A path returned 202. Retrying...
2022-10-06T04:06:58.7908024Z A path returned 202. Retrying...
2022-10-06T04:06:58.7908311Z A path returned 202. Retrying...
2022-10-06T04:06:58.7908602Z A path returned 202. Retrying...
2022-10-06T04:06:58.7908881Z A path returned 202. Retrying...
2022-10-06T04:06:58.7909259Z A path returned 202. Retrying...
2022-10-06T04:06:58.7909545Z A path returned 202. Retrying...
2022-10-06T04:06:58.7909833Z A path returned 202. Retrying...
2022-10-06T04:06:58.7910120Z A path returned 202. Retrying...
2022-10-06T04:06:58.7910411Z A path returned 202. Retrying...
2022-10-06T04:06:58.7910700Z A path returned 202. Retrying...
2022-10-06T04:06:58.7910990Z A path returned 202. Retrying...
2022-10-06T04:06:58.7911267Z A path returned 202. Retrying...
2022-10-06T04:06:58.7911640Z A path returned 202. Retrying...
2022-10-06T04:06:58.7911937Z A path returned 202. Retrying...
2022-10-06T04:06:58.7912235Z A path returned 202. Retrying...
2022-10-06T04:06:58.7912527Z A path returned 202. Retrying...
2022-10-06T04:06:58.7912815Z A path returned 202. Retrying...
2022-10-06T04:06:58.7913186Z A path returned 202. Retrying...
2022-10-06T04:06:58.7913474Z A path returned 202. Retrying...
2022-10-06T04:06:58.7913749Z A path returned 202. Retrying...
2022-10-06T04:06:58.7914035Z A path returned 202. Retrying...
2022-10-06T04:06:58.7914324Z A path returned 202. Retrying...
2022-10-06T04:06:58.7914620Z A path returned 202. Retrying...
2022-10-06T04:06:58.7914915Z A path returned 202. Retrying...
2022-10-06T04:06:58.7915205Z A path returned 202. Retrying...
2022-10-06T04:06:58.7915676Z A path returned 202. Retrying...
2022-10-06T04:06:58.7915965Z A path returned 202. Retrying...
2022-10-06T04:06:58.7916250Z A path returned 202. Retrying...
2022-10-06T04:06:58.7916539Z A path returned 202. Retrying...
2022-10-06T04:06:58.7916827Z A path returned 202. Retrying...
2022-10-06T04:06:58.7917117Z A path returned 202. Retrying...
2022-10-06T04:06:58.7917406Z A path returned 202. Retrying...
2022-10-06T04:06:58.7917696Z A path returned 202. Retrying...
2022-10-06T04:06:58.7917984Z A path returned 202. Retrying...
2022-10-06T04:06:58.7918258Z A path returned 202. Retrying...
2022-10-06T04:06:58.7918546Z A path returned 202. Retrying...
2022-10-06T04:06:58.7918836Z A path returned 202. Retrying...
2022-10-06T04:06:58.7919125Z A path returned 202. Retrying...
2022-10-06T04:06:58.7919413Z A path returned 202. Retrying...
2022-10-06T04:15:58.2638115Z A path returned 202. Retrying...
2022-10-06T04:15:58.2638821Z A path returned 202. Retrying...
2022-10-06T04:15:58.2639379Z A path returned 202. Retrying...
2022-10-06T04:15:58.2639953Z A path returned 202. Retrying...
2022-10-06T04:15:58.2640461Z A path returned 202. Retrying...
2022-10-06T04:15:58.2640969Z A path returned 202. Retrying...
2022-10-06T04:15:58.2641488Z A path returned 202. Retrying...
2022-10-06T04:15:58.2641996Z A path returned 202. Retrying...
2022-10-06T04:15:58.2642485Z A path returned 202. Retrying...
2022-10-06T04:15:58.2642987Z A path returned 202. Retrying...
2022-10-06T04:15:58.2643492Z A path returned 202. Retrying...
2022-10-06T04:15:58.2643997Z A path returned 202. Retrying...
2022-10-06T04:15:58.2644503Z A path returned 202. Retrying...
2022-10-06T04:15:58.2645262Z A path returned 202. Retrying...
2022-10-06T04:15:58.2645769Z A path returned 202. Retrying...
2022-10-06T04:15:58.2646250Z A path returned 202. Retrying...
2022-10-06T04:15:58.2646756Z A path returned 202. Retrying...
2022-10-06T04:15:58.2647253Z A path returned 202. Retrying...
2022-10-06T04:15:58.2647753Z A path returned 202. Retrying...
2022-10-06T04:15:58.2648266Z A path returned 202. Retrying...
2022-10-06T04:15:58.2648789Z A path returned 202. Retrying...
2022-10-06T04:15:58.2649078Z A path returned 202. Retrying...
2022-10-06T04:15:58.2649374Z A path returned 202. Retrying...
2022-10-06T04:15:58.2649647Z A path returned 202. Retrying...
2022-10-06T04:15:58.2649935Z A path returned 202. Retrying...
2022-10-06T04:15:58.2650226Z A path returned 202. Retrying...
2022-10-06T04:15:58.2650516Z A path returned 202. Retrying...
2022-10-06T04:15:58.2650806Z A path returned 202. Retrying...
2022-10-06T04:15:58.2651095Z A path returned 202. Retrying...
2022-10-06T04:15:58.2651384Z A path returned 202. Retrying...
2022-10-06T04:15:58.2651672Z A path returned 202. Retrying...
2022-10-06T04:15:58.2651947Z A path returned 202. Retrying...
2022-10-06T04:15:58.2652234Z A path returned 202. Retrying...
2022-10-06T04:15:58.2652523Z A path returned 202. Retrying...
2022-10-06T04:15:58.2652813Z A path returned 202. Retrying...
2022-10-06T04:15:58.2653105Z A path returned 202. Retrying...
2022-10-06T04:15:58.2653394Z A path returned 202. Retrying...
2022-10-06T04:15:58.2653683Z A path returned 202. Retrying...
2022-10-06T04:15:58.2653957Z A path returned 202. Retrying...
2022-10-06T04:15:58.2654666Z A path returned 202. Retrying...
2022-10-06T04:15:58.2654956Z A path returned 202. Retrying...
2022-10-06T04:15:58.2655249Z A path returned 202. Retrying...
2022-10-06T04:15:58.2655649Z A path returned 202. Retrying...
2022-10-06T04:15:58.2655921Z A path returned 202. Retrying...
2022-10-06T04:15:58.2656197Z A path returned 202. Retrying...
2022-10-06T04:15:58.2656469Z A path returned 202. Retrying...
2022-10-06T04:15:58.2656725Z A path returned 202. Retrying...
2022-10-06T04:15:58.2656994Z A path returned 202. Retrying...
2022-10-06T04:15:58.2657266Z A path returned 202. Retrying...
2022-10-06T04:15:58.2657536Z A path returned 202. Retrying...
2022-10-06T04:15:58.2658146Z A path returned 202. Retrying...
2022-10-06T04:15:58.2658445Z A path returned 202. Retrying...
2022-10-06T04:15:58.2658946Z A path returned 202. Retrying...
2022-10-06T04:15:58.2659312Z A path returned 202. Retrying...
2022-10-06T04:15:58.2659666Z A path returned 202. Retrying...
2022-10-06T04:15:58.2660016Z A path returned 202. Retrying...
2022-10-06T04:15:58.2660291Z A path returned 202. Retrying...
2022-10-06T04:15:58.2660655Z A path returned 202. Retrying...
2022-10-06T04:15:58.2660926Z A path returned 202. Retrying...
2022-10-06T04:15:58.2661195Z A path returned 202. Retrying...
2022-10-06T04:15:58.2661467Z A path returned 202. Retrying...
2022-10-06T04:15:58.2661744Z A path returned 202. Retrying...
2022-10-06T04:15:58.2662018Z A path returned 202. Retrying...
2022-10-06T04:15:58.2662371Z A path returned 202. Retrying...
2022-10-06T04:15:58.2662693Z A path returned 202. Retrying...
2022-10-06T04:15:58.2663028Z A path returned 202. Retrying...
2022-10-06T04:15:58.2663378Z A path returned 202. Retrying...
2022-10-06T04:15:58.2663729Z A path returned 202. Retrying...
2022-10-06T04:15:58.2664084Z A path returned 202. Retrying...
2022-10-06T04:15:58.2664442Z A path returned 202. Retrying...
2022-10-06T04:15:58.2664795Z A path returned 202. Retrying...
2022-10-06T04:15:58.2665083Z A path returned 202. Retrying...
2022-10-06T04:15:58.2665361Z A path returned 202. Retrying...
2022-10-06T04:15:58.2665713Z A path returned 202. Retrying...
2022-10-06T04:15:58.2666062Z A path returned 202. Retrying...
2022-10-06T04:15:58.2666406Z A path returned 202. Retrying...
2022-10-06T04:15:58.2666737Z A path returned 202. Retrying...
2022-10-06T04:15:58.2667041Z A path returned 202. Retrying...
2022-10-06T04:15:58.2667313Z A path returned 202. Retrying...
2022-10-06T04:15:58.2667586Z A path returned 202. Retrying...
2022-10-06T04:15:58.2667858Z A path returned 202. Retrying...
2022-10-06T04:15:58.2668127Z A path returned 202. Retrying...
2022-10-06T04:15:58.2668398Z A path returned 202. Retrying...
2022-10-06T04:15:58.2668667Z A path returned 202. Retrying...
2022-10-06T04:15:58.2668937Z A path returned 202. Retrying...
2022-10-06T04:15:58.2669195Z A path returned 202. Retrying...
2022-10-06T04:15:58.2669465Z A path returned 202. Retrying...
2022-10-06T04:15:58.2669735Z A path returned 202. Retrying...
2022-10-06T04:15:58.2670004Z A path returned 202. Retrying...
2022-10-06T04:15:58.2670276Z A path returned 202. Retrying...
2022-10-06T04:15:58.2670543Z A path returned 202. Retrying...
2022-10-06T04:15:58.2670916Z A path returned 202. Retrying...
2022-10-06T04:15:58.2671185Z A path returned 202. Retrying...
2022-10-06T04:15:58.2671443Z A path returned 202. Retrying...
2022-10-06T04:15:58.2671796Z A path returned 202. Retrying...
2022-10-06T04:15:58.2672151Z A path returned 202. Retrying...
2022-10-06T04:15:58.2672449Z A path returned 202. Retrying...
2022-10-06T04:15:58.2672720Z A path returned 202. Retrying...
2022-10-06T04:15:58.2672994Z A path returned 202. Retrying...
2022-10-06T04:15:58.2673265Z A path returned 202. Retrying...
2022-10-06T04:15:58.2673536Z A path returned 202. Retrying...
2022-10-06T04:15:58.2673809Z A path returned 202. Retrying...
2022-10-06T04:15:58.2674151Z A path returned 202. Retrying...
2022-10-06T04:15:58.2674502Z A path returned 202. Retrying...
2022-10-06T04:15:58.2674853Z A path returned 202. Retrying...
2022-10-06T04:15:58.2675331Z A path returned 202. Retrying...
2022-10-06T04:15:58.2675680Z A path returned 202. Retrying...
2022-10-06T04:15:58.2676030Z A path returned 202. Retrying...
2022-10-06T04:15:58.2676317Z A path returned 202. Retrying...
2022-10-06T04:15:58.2676672Z A path returned 202. Retrying...
2022-10-06T04:15:58.2677023Z A path returned 202. Retrying...
2022-10-06T04:15:58.2677372Z A path returned 202. Retrying...
2022-10-06T04:15:58.2678968Z A path returned 202. Retrying...
2022-10-06T04:15:58.2679248Z A path returned 202. Retrying...
2022-10-06T04:15:58.2679648Z A path returned 202. Retrying...
2022-10-06T04:15:58.2679957Z A path returned 202. Retrying...
2022-10-06T04:15:58.2680322Z A path returned 202. Retrying...
2022-10-06T04:15:58.2680637Z A path returned 202. Retrying...
2022-10-06T04:15:58.2681041Z A path returned 202. Retrying...
2022-10-06T04:15:58.2681439Z A path returned 202. Retrying...
2022-10-06T04:15:58.2681747Z A path returned 202. Retrying...
2022-10-06T04:15:58.2682040Z A path returned 202. Retrying...
2022-10-06T04:15:58.2682431Z A path returned 202. Retrying...
2022-10-06T04:15:58.2682720Z A path returned 202. Retrying...
2022-10-06T04:15:58.2683029Z A path returned 202. Retrying...
2022-10-06T04:15:58.2683389Z A path returned 202. Retrying...
2022-10-06T04:15:58.2683694Z A path returned 202. Retrying...
2022-10-06T04:15:58.2684053Z A path returned 202. Retrying...
2022-10-06T04:15:58.2684365Z A path returned 202. Retrying...
2022-10-06T04:15:58.2684656Z A path returned 202. Retrying...
2022-10-06T04:15:58.2685165Z A path returned 202. Retrying...
2022-10-06T04:15:58.2685476Z A path returned 202. Retrying...
2022-10-06T04:15:58.2685766Z A path returned 202. Retrying...
2022-10-06T04:15:58.2686149Z A path returned 202. Retrying...
2022-10-06T04:15:58.2686447Z A path returned 202. Retrying...
2022-10-06T04:15:58.2686821Z A path returned 202. Retrying...
2022-10-06T04:15:58.2687112Z A path returned 202. Retrying...
2022-10-06T04:15:58.2687404Z A path returned 202. Retrying...
2022-10-06T04:15:58.2687698Z A path returned 202. Retrying...
2022-10-06T04:15:58.2687985Z A path returned 202. Retrying...
2022-10-06T04:15:58.2688276Z A path returned 202. Retrying...
2022-10-06T04:15:58.2688662Z A path returned 202. Retrying...
2022-10-06T04:15:58.2688968Z A path returned 202. Retrying...
2022-10-06T04:15:58.2689318Z A path returned 202. Retrying...
2022-10-06T04:15:58.2689624Z A path returned 202. Retrying...
2022-10-06T04:15:58.2689978Z A path returned 202. Retrying...
2022-10-06T04:15:58.2690284Z A path returned 202. Retrying...
2022-10-06T04:15:58.2690664Z A path returned 202. Retrying...
2022-10-06T04:15:58.2690970Z A path returned 202. Retrying...
2022-10-06T04:15:58.2691328Z A path returned 202. Retrying...
2022-10-06T04:15:58.2691633Z A path returned 202. Retrying...
2022-10-06T04:15:58.2691993Z A path returned 202. Retrying...
2022-10-06T04:15:58.2692302Z A path returned 202. Retrying...
2022-10-06T04:15:58.2692595Z A path returned 202. Retrying...
2022-10-06T04:15:58.2692957Z A path returned 202. Retrying...
2022-10-06T04:15:58.2693266Z A path returned 202. Retrying...
2022-10-06T04:15:58.2693626Z A path returned 202. Retrying...
2022-10-06T04:15:58.2693932Z A path returned 202. Retrying...
2022-10-06T04:15:58.2694291Z A path returned 202. Retrying...
2022-10-06T04:15:58.2694596Z A path returned 202. Retrying...
2022-10-06T04:15:58.2694958Z A path returned 202. Retrying...
2022-10-06T04:15:58.2695263Z A path returned 202. Retrying...
2022-10-06T04:15:58.2695621Z A path returned 202. Retrying...
2022-10-06T04:15:58.2695928Z A path returned 202. Retrying...
2022-10-06T04:15:58.2696219Z A path returned 202. Retrying...
2022-10-06T04:15:58.2696582Z A path returned 202. Retrying...
2022-10-06T04:15:58.2696889Z A path returned 202. Retrying...
2022-10-06T04:15:58.2697251Z A path returned 202. Retrying...
2022-10-06T04:15:58.2697559Z A path returned 202. Retrying...
2022-10-06T04:15:58.2697920Z A path returned 202. Retrying...
2022-10-06T04:15:58.2698225Z A path returned 202. Retrying...
2022-10-06T04:15:58.2698729Z A path returned 202. Retrying...
2022-10-06T04:15:58.2699039Z A path returned 202. Retrying...
2022-10-06T04:15:58.2699349Z A path returned 202. Retrying...
2022-10-06T04:15:58.2699715Z A path returned 202. Retrying...
2022-10-06T04:15:58.2700022Z A path returned 202. Retrying...
2022-10-06T04:15:58.2700364Z A path returned 202. Retrying...
2022-10-06T04:15:58.2700707Z A path returned 202. Retrying...
2022-10-06T04:15:58.2701170Z A path returned 202. Retrying...
2022-10-06T04:15:58.2701458Z A path returned 202. Retrying...
2022-10-06T04:15:58.2701745Z A path returned 202. Retrying...
2022-10-06T04:15:58.2702031Z A path returned 202. Retrying...
2022-10-06T04:15:58.2702335Z A path returned 202. Retrying...
2022-10-06T04:15:58.2702776Z A path returned 202. Retrying...
2022-10-06T04:15:58.2703148Z A path returned 202. Retrying...
2022-10-06T04:15:58.2703445Z A path returned 202. Retrying...
2022-10-06T04:15:58.2703821Z A path returned 202. Retrying...
2022-10-06T04:15:58.2704128Z A path returned 202. Retrying...
2022-10-06T04:15:58.2704494Z A path returned 202. Retrying...
2022-10-06T04:15:58.2704799Z A path returned 202. Retrying...
2022-10-06T04:15:58.2705158Z A path returned 202. Retrying...
2022-10-06T04:15:58.2705465Z A path returned 202. Retrying...
2022-10-06T04:15:58.2705823Z A path returned 202. Retrying...
2022-10-06T04:15:58.2706128Z A path returned 202. Retrying...
2022-10-06T04:15:58.2706491Z A path returned 202. Retrying...
2022-10-06T04:15:58.2706798Z A path returned 202. Retrying...
2022-10-06T04:15:58.2707159Z A path returned 202. Retrying...
2022-10-06T04:15:58.2707461Z A path returned 202. Retrying...
2022-10-06T04:15:58.2707749Z A path returned 202. Retrying...
2022-10-06T04:15:58.2708036Z A path returned 202. Retrying...
2022-10-06T04:15:58.2708325Z A path returned 202. Retrying...
2022-10-06T04:15:58.2708718Z A path returned 202. Retrying...
2022-10-06T04:15:58.2709025Z A path returned 202. Retrying...
2022-10-06T04:15:58.2709443Z A path returned 202. Retrying...
2022-10-06T04:15:58.2709753Z A path returned 202. Retrying...
2022-10-06T04:15:58.2710147Z A path returned 202. Retrying...
2022-10-06T04:15:58.2710452Z A path returned 202. Retrying...
2022-10-06T04:15:58.2710796Z A path returned 202. Retrying...
2022-10-06T04:15:58.2711102Z A path returned 202. Retrying...
2022-10-06T04:15:58.2711462Z A path returned 202. Retrying...
2022-10-06T04:15:58.2711769Z A path returned 202. Retrying...
2022-10-06T04:15:58.2712129Z A path returned 202. Retrying...
2022-10-06T04:15:58.2712437Z A path returned 202. Retrying...
2022-10-06T04:15:58.2712798Z A path returned 202. Retrying...
2022-10-06T04:15:58.2713109Z A path returned 202. Retrying...
2022-10-06T04:15:58.2713476Z A path returned 202. Retrying...
2022-10-06T04:15:58.2713784Z A path returned 202. Retrying...
2022-10-06T04:15:58.2714149Z A path returned 202. Retrying...
2022-10-06T04:15:58.2714456Z A path returned 202. Retrying...
2022-10-06T04:15:58.2714735Z A path returned 202. Retrying...
2022-10-06T04:15:58.2715121Z A path returned 202. Retrying...
2022-10-06T04:15:58.2715430Z A path returned 202. Retrying...
2022-10-06T04:15:58.2715793Z A path returned 202. Retrying...
2022-10-06T04:15:58.2716101Z A path returned 202. Retrying...
2022-10-06T04:15:58.2716460Z A path returned 202. Retrying...
2022-10-06T04:15:58.2716764Z A path returned 202. Retrying...
2022-10-06T04:15:58.2717123Z A path returned 202. Retrying...
2022-10-06T04:15:58.2717432Z A path returned 202. Retrying...
2022-10-06T04:15:58.2717792Z A path returned 202. Retrying...
2022-10-06T04:15:58.2718101Z A path returned 202. Retrying...
2022-10-06T04:15:58.2718377Z A path returned 202. Retrying...
2022-10-06T04:15:58.2718757Z A path returned 202. Retrying...
2022-10-06T04:15:58.2719064Z A path returned 202. Retrying...
2022-10-06T04:15:58.2719425Z A path returned 202. Retrying...
2022-10-06T04:15:58.2719732Z A path returned 202. Retrying...
2022-10-06T04:15:58.2720075Z A path returned 202. Retrying...
2022-10-06T04:15:58.2720382Z A path returned 202. Retrying...
2022-10-06T04:15:58.2720864Z A path returned 202. Retrying...
2022-10-06T04:15:58.2721168Z A path returned 202. Retrying...
2022-10-06T04:15:58.2721551Z A path returned 202. Retrying...
2022-10-06T04:15:58.2722025Z A path returned 202. Retrying...
2022-10-06T04:15:58.2722296Z A path returned 202. Retrying...
2022-10-06T04:15:58.2722933Z A path returned 202. Retrying...
2022-10-06T04:15:58.2723234Z A path returned 202. Retrying...
2022-10-06T04:15:58.2723508Z A path returned 202. Retrying...
2022-10-06T04:15:58.2723779Z A path returned 202. Retrying...
2022-10-06T04:15:58.2724145Z A path returned 202. Retrying...
2022-10-06T04:15:58.2724434Z A path returned 202. Retrying...
2022-10-06T04:24:55.9946343Z A path returned 202. Retrying...
2022-10-06T04:24:55.9946717Z A path returned 202. Retrying...
2022-10-06T04:24:55.9947455Z A path returned 202. Retrying...
2022-10-06T04:24:55.9947762Z A path returned 202. Retrying...
2022-10-06T04:24:55.9948059Z A path returned 202. Retrying...
2022-10-06T04:24:55.9948338Z A path returned 202. Retrying...
2022-10-06T04:24:55.9948642Z A path returned 202. Retrying...
2022-10-06T04:24:55.9948931Z A path returned 202. Retrying...
2022-10-06T04:24:55.9949225Z A path returned 202. Retrying...
2022-10-06T04:24:55.9949518Z A path returned 202. Retrying...
2022-10-06T04:24:55.9949806Z A path returned 202. Retrying...
2022-10-06T04:24:55.9950095Z A path returned 202. Retrying...
2022-10-06T04:24:55.9950385Z A path returned 202. Retrying...
2022-10-06T04:24:55.9950663Z A path returned 202. Retrying...
2022-10-06T04:24:55.9950954Z A path returned 202. Retrying...
2022-10-06T04:24:55.9951246Z A path returned 202. Retrying...
2022-10-06T04:24:55.9951533Z A path returned 202. Retrying...
2022-10-06T04:24:55.9951824Z A path returned 202. Retrying...
2022-10-06T04:24:55.9952112Z A path returned 202. Retrying...
2022-10-06T04:24:55.9952416Z A path returned 202. Retrying...
2022-10-06T04:24:55.9952707Z A path returned 202. Retrying...
2022-10-06T04:24:55.9952984Z A path returned 202. Retrying...
2022-10-06T04:24:55.9953278Z A path returned 202. Retrying...
2022-10-06T04:24:55.9953565Z A path returned 202. Retrying...
2022-10-06T04:24:55.9953858Z A path returned 202. Retrying...
2022-10-06T04:24:55.9954147Z A path returned 202. Retrying...
2022-10-06T04:24:55.9954439Z A path returned 202. Retrying...
2022-10-06T04:24:55.9954727Z A path returned 202. Retrying...
2022-10-06T04:24:55.9955001Z A path returned 202. Retrying...
2022-10-06T04:24:55.9955289Z A path returned 202. Retrying...
2022-10-06T04:24:55.9955574Z A path returned 202. Retrying...
2022-10-06T04:24:55.9955888Z A path returned 202. Retrying...
2022-10-06T04:24:55.9956176Z A path returned 202. Retrying...
2022-10-06T04:24:55.9956464Z A path returned 202. Retrying...
2022-10-06T04:24:55.9956749Z A path returned 202. Retrying...
2022-10-06T04:24:55.9957043Z A path returned 202. Retrying...
2022-10-06T04:24:55.9957316Z A path returned 202. Retrying...
2022-10-06T04:24:55.9957604Z A path returned 202. Retrying...
2022-10-06T04:24:55.9957893Z A path returned 202. Retrying...
2022-10-06T04:24:55.9958189Z A path returned 202. Retrying...
2022-10-06T04:24:55.9958479Z A path returned 202. Retrying...
2022-10-06T04:24:55.9958805Z A path returned 202. Retrying...
2022-10-06T04:24:55.9959093Z A path returned 202. Retrying...
2022-10-06T04:24:55.9959381Z A path returned 202. Retrying...
2022-10-06T04:24:55.9959701Z A path returned 202. Retrying...
2022-10-06T04:24:55.9959987Z A path returned 202. Retrying...
2022-10-06T04:24:55.9960274Z A path returned 202. Retrying...
2022-10-06T04:24:55.9960963Z A path returned 202. Retrying...
2022-10-06T04:24:55.9961778Z A path returned 202. Retrying...
2022-10-06T04:24:55.9962070Z A path returned 202. Retrying...
2022-10-06T04:24:55.9962477Z A path returned 202. Retrying...
2022-10-06T04:24:55.9962783Z A path returned 202. Retrying...
2022-10-06T04:24:55.9963167Z A path returned 202. Retrying...
2022-10-06T04:24:55.9963459Z A path returned 202. Retrying...
2022-10-06T04:24:55.9963841Z A path returned 202. Retrying...
2022-10-06T04:24:55.9964401Z A path returned 202. Retrying...
2022-10-06T04:24:55.9964705Z A path returned 202. Retrying...
2022-10-06T04:24:55.9965313Z A path returned 202. Retrying...
2022-10-06T04:24:55.9965639Z A path returned 202. Retrying...
2022-10-06T04:24:55.9965925Z A path returned 202. Retrying...
2022-10-06T04:24:55.9966214Z A path returned 202. Retrying...
2022-10-06T04:24:55.9966505Z A path returned 202. Retrying...
2022-10-06T04:24:55.9966792Z A path returned 202. Retrying...
2022-10-06T04:24:55.9967065Z A path returned 202. Retrying...
2022-10-06T04:24:55.9967786Z A path returned 202. Retrying...
2022-10-06T04:24:55.9968242Z A path returned 202. Retrying...
2022-10-06T04:24:55.9968552Z A path returned 202. Retrying...
2022-10-06T04:24:55.9968840Z A path returned 202. Retrying...
2022-10-06T04:24:55.9969393Z A path returned 202. Retrying...
2022-10-06T04:24:55.9969789Z A path returned 202. Retrying...
2022-10-06T04:24:55.9970093Z A path returned 202. Retrying...
2022-10-06T04:24:55.9970469Z A path returned 202. Retrying...
2022-10-06T04:24:55.9970777Z A path returned 202. Retrying...
2022-10-06T04:24:55.9971143Z A path returned 202. Retrying...
2022-10-06T04:24:55.9971451Z A path returned 202. Retrying...
2022-10-06T04:24:55.9971832Z A path returned 202. Retrying...
2022-10-06T04:24:55.9972152Z A path returned 202. Retrying...
2022-10-06T04:24:55.9972440Z A path returned 202. Retrying...
2022-10-06T04:24:55.9972732Z A path returned 202. Retrying...
2022-10-06T04:24:55.9973017Z A path returned 202. Retrying...
2022-10-06T04:24:55.9973306Z A path returned 202. Retrying...
2022-10-06T04:24:55.9973592Z A path returned 202. Retrying...
2022-10-06T04:24:55.9973870Z A path returned 202. Retrying...
2022-10-06T04:24:55.9974260Z A path returned 202. Retrying...
2022-10-06T04:24:55.9974568Z A path returned 202. Retrying...
2022-10-06T04:24:55.9974949Z A path returned 202. Retrying...
2022-10-06T04:24:55.9975252Z A path returned 202. Retrying...
2022-10-06T04:24:55.9975631Z A path returned 202. Retrying...
2022-10-06T04:24:55.9975938Z A path returned 202. Retrying...
2022-10-06T04:24:55.9976316Z A path returned 202. Retrying...
2022-10-06T04:24:55.9976622Z A path returned 202. Retrying...
2022-10-06T04:24:55.9976911Z A path returned 202. Retrying...
2022-10-06T04:24:55.9977294Z A path returned 202. Retrying...
2022-10-06T04:24:55.9977584Z A path returned 202. Retrying...
2022-10-06T04:24:55.9977959Z A path returned 202. Retrying...
2022-10-06T04:24:55.9978270Z A path returned 202. Retrying...
2022-10-06T04:24:55.9978652Z A path returned 202. Retrying...
2022-10-06T04:24:55.9978956Z A path returned 202. Retrying...
2022-10-06T04:24:55.9979332Z A path returned 202. Retrying...
2022-10-06T04:24:55.9979637Z A path returned 202. Retrying...
2022-10-06T04:24:55.9980134Z A path returned 202. Retrying...
2022-10-06T04:24:55.9980421Z A path returned 202. Retrying...
2022-10-06T04:24:55.9980778Z A path returned 202. Retrying...
2022-10-06T04:24:55.9981252Z A path returned 202. Retrying...
2022-10-06T04:24:55.9981614Z A path returned 202. Retrying...
2022-10-06T04:24:55.9981924Z A path returned 202. Retrying...
2022-10-06T04:24:55.9982323Z A path returned 202. Retrying...
2022-10-06T04:24:55.9982632Z A path returned 202. Retrying...
2022-10-06T04:24:55.9982921Z A path returned 202. Retrying...
2022-10-06T04:24:55.9983300Z A path returned 202. Retrying...
2022-10-06T04:24:55.9983609Z A path returned 202. Retrying...
2022-10-06T04:24:55.9983988Z A path returned 202. Retrying...
2022-10-06T04:24:55.9984293Z A path returned 202. Retrying...
2022-10-06T04:24:55.9984674Z A path returned 202. Retrying...
2022-10-06T04:24:55.9984980Z A path returned 202. Retrying...
2022-10-06T04:24:55.9985344Z A path returned 202. Retrying...
2022-10-06T04:24:55.9985652Z A path returned 202. Retrying...
2022-10-06T04:24:55.9985942Z A path returned 202. Retrying...
2022-10-06T04:24:55.9986329Z A path returned 202. Retrying...
2022-10-06T04:24:55.9986637Z A path returned 202. Retrying...
2022-10-06T04:24:55.9987018Z A path returned 202. Retrying...
2022-10-06T04:24:55.9987515Z A path returned 202. Retrying...
2022-10-06T04:24:55.9987820Z A path returned 202. Retrying...
2022-10-06T04:24:55.9988264Z A path returned 202. Retrying...
2022-10-06T04:24:55.9988626Z A path returned 202. Retrying...
2022-10-06T04:24:55.9989009Z A path returned 202. Retrying...
2022-10-06T04:24:55.9989319Z A path returned 202. Retrying...
2022-10-06T04:24:55.9989606Z A path returned 202. Retrying...
2022-10-06T04:24:55.9989894Z A path returned 202. Retrying...
2022-10-06T04:24:55.9990182Z A path returned 202. Retrying...
2022-10-06T04:24:55.9990471Z A path returned 202. Retrying...
2022-10-06T04:24:55.9990759Z A path returned 202. Retrying...
2022-10-06T04:24:55.9991046Z A path returned 202. Retrying...
2022-10-06T04:24:55.9991333Z A path returned 202. Retrying...
2022-10-06T04:24:55.9991685Z A path returned 202. Retrying...
2022-10-06T04:24:55.9991976Z A path returned 202. Retrying...
2022-10-06T04:24:55.9992377Z A path returned 202. Retrying...
2022-10-06T04:24:55.9992726Z A path returned 202. Retrying...
2022-10-06T04:24:55.9993117Z A path returned 202. Retrying...
2022-10-06T04:24:55.9993424Z A path returned 202. Retrying...
2022-10-06T04:24:55.9993802Z A path returned 202. Retrying...
2022-10-06T04:24:55.9994111Z A path returned 202. Retrying...
2022-10-06T04:24:55.9994492Z A path returned 202. Retrying...
2022-10-06T04:24:55.9994798Z A path returned 202. Retrying...
2022-10-06T04:24:55.9995174Z A path returned 202. Retrying...
2022-10-06T04:24:55.9995467Z A path returned 202. Retrying...
2022-10-06T04:24:55.9995839Z A path returned 202. Retrying...
2022-10-06T04:24:55.9996147Z A path returned 202. Retrying...
2022-10-06T04:24:55.9996437Z A path returned 202. Retrying...
2022-10-06T04:24:55.9996814Z A path returned 202. Retrying...
2022-10-06T04:24:55.9997119Z A path returned 202. Retrying...
2022-10-06T04:24:55.9997411Z A path returned 202. Retrying...
2022-10-06T04:24:55.9997790Z A path returned 202. Retrying...
2022-10-06T04:24:55.9998095Z A path returned 202. Retrying...
2022-10-06T04:24:55.9998477Z A path returned 202. Retrying...
2022-10-06T04:24:55.9998766Z A path returned 202. Retrying...
2022-10-06T04:24:55.9999057Z A path returned 202. Retrying...
2022-10-06T04:24:55.9999434Z A path returned 202. Retrying...
2022-10-06T04:24:55.9999739Z A path returned 202. Retrying...
2022-10-06T04:24:56.0000116Z A path returned 202. Retrying...
2022-10-06T04:24:56.0000423Z A path returned 202. Retrying...
2022-10-06T04:24:56.0000801Z A path returned 202. Retrying...
2022-10-06T04:24:56.0001107Z A path returned 202. Retrying...
2022-10-06T04:24:56.0001520Z A path returned 202. Retrying...
2022-10-06T04:24:56.0001826Z A path returned 202. Retrying...
2022-10-06T04:24:56.0002113Z A path returned 202. Retrying...
2022-10-06T04:24:56.0002479Z A path returned 202. Retrying...
2022-10-06T04:24:56.0002785Z A path returned 202. Retrying...
2022-10-06T04:24:56.0003165Z A path returned 202. Retrying...
2022-10-06T04:24:56.0003471Z A path returned 202. Retrying...
2022-10-06T04:24:56.0003850Z A path returned 202. Retrying...
2022-10-06T04:24:56.0004162Z A path returned 202. Retrying...
2022-10-06T04:24:56.0004549Z A path returned 202. Retrying...
2022-10-06T04:24:56.0004987Z A path returned 202. Retrying...
2022-10-06T04:24:56.0005383Z A path returned 202. Retrying...
2022-10-06T04:24:56.0005689Z A path returned 202. Retrying...
2022-10-06T04:24:56.0005964Z A path returned 202. Retrying...
2022-10-06T04:24:56.0006340Z A path returned 202. Retrying...
2022-10-06T04:24:56.0006651Z A path returned 202. Retrying...
2022-10-06T04:24:56.0006941Z A path returned 202. Retrying...
2022-10-06T04:24:56.0007226Z A path returned 202. Retrying...
2022-10-06T04:24:56.0007613Z A path returned 202. Retrying...
2022-10-06T04:24:56.0007917Z A path returned 202. Retrying...
2022-10-06T04:24:56.0008297Z A path returned 202. Retrying...
2022-10-06T04:24:56.0008604Z A path returned 202. Retrying...
2022-10-06T04:24:56.0008983Z A path returned 202. Retrying...
2022-10-06T04:24:56.0009289Z A path returned 202. Retrying...
2022-10-06T04:24:56.0009803Z A path returned 202. Retrying...
2022-10-06T04:24:56.0010112Z A path returned 202. Retrying...
2022-10-06T04:24:56.0010399Z A path returned 202. Retrying...
2022-10-06T04:24:56.0010781Z A path returned 202. Retrying...
2022-10-06T04:24:56.0011086Z A path returned 202. Retrying...
2022-10-06T04:24:56.0011464Z A path returned 202. Retrying...
2022-10-06T04:24:56.0011769Z A path returned 202. Retrying...
2022-10-06T04:24:56.0012146Z A path returned 202. Retrying...
2022-10-06T04:24:56.0012612Z A path returned 202. Retrying...
2022-10-06T04:24:56.0012894Z A path returned 202. Retrying...
2022-10-06T04:24:56.0013247Z A path returned 202. Retrying...
2022-10-06T04:24:56.0013525Z A path returned 202. Retrying...
2022-10-06T04:24:56.0013792Z A path returned 202. Retrying...
2022-10-06T04:24:56.0014138Z A path returned 202. Retrying...
2022-10-06T04:24:56.0014415Z A path returned 202. Retrying...
2022-10-06T04:24:56.0014683Z A path returned 202. Retrying...
2022-10-06T04:24:56.0014953Z A path returned 202. Retrying...
2022-10-06T04:24:56.0015223Z A path returned 202. Retrying...
2022-10-06T04:24:56.0015591Z A path returned 202. Retrying...
2022-10-06T04:24:56.0015879Z A path returned 202. Retrying...
2022-10-06T04:24:56.0016221Z A path returned 202. Retrying...
2022-10-06T04:24:56.0016507Z A path returned 202. Retrying...
2022-10-06T04:24:56.0017042Z A path returned 202. Retrying...
2022-10-06T04:24:56.0017347Z A path returned 202. Retrying...
2022-10-06T04:24:56.0017636Z A path returned 202. Retrying...
2022-10-06T04:24:56.0018124Z A path returned 202. Retrying...
2022-10-06T04:24:56.0018428Z A path returned 202. Retrying...
2022-10-06T04:24:56.0018805Z A path returned 202. Retrying...
2022-10-06T04:24:56.0019110Z A path returned 202. Retrying...
2022-10-06T04:24:56.0019400Z A path returned 202. Retrying...
2022-10-06T04:24:56.0019769Z A path returned 202. Retrying...
2022-10-06T04:24:56.0020076Z A path returned 202. Retrying...
2022-10-06T04:24:56.0020453Z A path returned 202. Retrying...
2022-10-06T04:24:56.0020765Z A path returned 202. Retrying...
2022-10-06T04:24:56.0021145Z A path returned 202. Retrying...
2022-10-06T04:24:56.0021450Z A path returned 202. Retrying...
2022-10-06T04:24:56.0021829Z A path returned 202. Retrying...
2022-10-06T04:24:56.0022136Z A path returned 202. Retrying...
2022-10-06T04:24:56.0022425Z A path returned 202. Retrying...
2022-10-06T04:24:56.0022801Z A path returned 202. Retrying...
2022-10-06T04:24:56.0023105Z A path returned 202. Retrying...
2022-10-06T04:24:56.0023468Z A path returned 202. Retrying...
2022-10-06T04:24:56.0023773Z A path returned 202. Retrying...
2022-10-06T04:24:56.0024150Z A path returned 202. Retrying...
2022-10-06T04:24:56.0024459Z A path returned 202. Retrying...
2022-10-06T04:24:56.0024830Z A path returned 202. Retrying...
2022-10-06T04:24:56.0025135Z A path returned 202. Retrying...
2022-10-06T04:24:56.0025517Z A path returned 202. Retrying...
2022-10-06T04:24:56.0025828Z A path returned 202. Retrying...
2022-10-06T04:24:56.0026120Z A path returned 202. Retrying...
2022-10-06T04:24:56.0026410Z A path returned 202. Retrying...
2022-10-06T04:24:56.0026772Z A path returned 202. Retrying...
2022-10-06T04:24:56.0027150Z A path returned 202. Retrying...
2022-10-06T04:24:56.0027556Z A path returned 202. Retrying...
2022-10-06T04:24:56.0027906Z A path returned 202. Retrying...
2022-10-06T04:24:56.0028258Z A path returned 202. Retrying...
2022-10-06T04:24:56.0028608Z A path returned 202. Retrying...
2022-10-06T04:24:56.0028962Z A path returned 202. Retrying...
2022-10-06T04:24:56.0029244Z A path returned 202. Retrying...
2022-10-06T04:24:56.0029596Z A path returned 202. Retrying...
2022-10-06T04:24:56.0029948Z A path returned 202. Retrying...
2022-10-06T04:34:38.6397456Z A path returned 202. Retrying...
2022-10-06T04:34:38.6398011Z A path returned 202. Retrying...
2022-10-06T04:34:38.6398433Z A path returned 202. Retrying...
2022-10-06T04:34:38.6398813Z A path returned 202. Retrying...
2022-10-06T04:34:38.6399265Z A path returned 202. Retrying...
2022-10-06T04:34:38.6399903Z A path returned 202. Retrying...
2022-10-06T04:34:38.6400275Z A path returned 202. Retrying...
2022-10-06T04:34:38.6400651Z A path returned 202. Retrying...
2022-10-06T04:34:38.6401011Z A path returned 202. Retrying...
2022-10-06T04:34:38.6401385Z A path returned 202. Retrying...
2022-10-06T04:34:38.6401755Z A path returned 202. Retrying...
2022-10-06T04:34:38.6402837Z A path returned 202. Retrying...
2022-10-06T04:34:38.6403444Z A path returned 202. Retrying...
2022-10-06T04:34:38.6403976Z A path returned 202. Retrying...
2022-10-06T04:34:38.6404496Z A path returned 202. Retrying...
2022-10-06T04:34:38.6405442Z A path returned 202. Retrying...
2022-10-06T04:34:38.6405974Z A path returned 202. Retrying...
2022-10-06T04:34:38.6406487Z A path returned 202. Retrying...
2022-10-06T04:34:38.6407363Z A path returned 202. Retrying...
2022-10-06T04:34:38.6407880Z A path returned 202. Retrying...
2022-10-06T04:34:38.6408388Z A path returned 202. Retrying...
2022-10-06T04:34:38.6408880Z A path returned 202. Retrying...
2022-10-06T04:34:38.6409390Z A path returned 202. Retrying...
2022-10-06T04:34:38.6409894Z A path returned 202. Retrying...
2022-10-06T04:34:38.6410396Z A path returned 202. Retrying...
2022-10-06T04:34:38.6410918Z A path returned 202. Retrying...
2022-10-06T04:34:38.6411420Z A path returned 202. Retrying...
2022-10-06T04:34:38.6411922Z A path returned 202. Retrying...
2022-10-06T04:34:38.6412427Z A path returned 202. Retrying...
2022-10-06T04:34:38.6412911Z A path returned 202. Retrying...
2022-10-06T04:34:38.6413407Z A path returned 202. Retrying...
2022-10-06T04:34:38.6413905Z A path returned 202. Retrying...
2022-10-06T04:34:38.6414405Z A path returned 202. Retrying...
2022-10-06T04:34:38.6414903Z A path returned 202. Retrying...
2022-10-06T04:34:38.6415403Z A path returned 202. Retrying...
2022-10-06T04:34:38.6415911Z A path returned 202. Retrying...
2022-10-06T04:34:38.6416395Z A path returned 202. Retrying...
2022-10-06T04:34:38.6416897Z A path returned 202. Retrying...
2022-10-06T04:34:38.6417401Z A path returned 202. Retrying...
2022-10-06T04:34:38.6417903Z A path returned 202. Retrying...
2022-10-06T04:34:38.6418400Z A path returned 202. Retrying...
2022-10-06T04:34:38.6418900Z A path returned 202. Retrying...
2022-10-06T04:34:38.6419398Z A path returned 202. Retrying...
2022-10-06T04:34:38.6419903Z A path returned 202. Retrying...
2022-10-06T04:34:38.6420392Z A path returned 202. Retrying...
2022-10-06T04:34:38.6420887Z A path returned 202. Retrying...
2022-10-06T04:34:38.6421392Z A path returned 202. Retrying...
2022-10-06T04:34:38.6421891Z A path returned 202. Retrying...
2022-10-06T04:34:38.6422389Z A path returned 202. Retrying...
2022-10-06T04:34:38.6422883Z A path returned 202. Retrying...
2022-10-06T04:34:38.6423383Z A path returned 202. Retrying...
2022-10-06T04:34:38.6423889Z A path returned 202. Retrying...
2022-10-06T04:34:38.6424372Z A path returned 202. Retrying...
2022-10-06T04:34:38.6424871Z A path returned 202. Retrying...
2022-10-06T04:34:38.6425375Z A path returned 202. Retrying...
2022-10-06T04:34:38.6425883Z A path returned 202. Retrying...
2022-10-06T04:34:38.6426386Z A path returned 202. Retrying...
2022-10-06T04:34:38.6426891Z A path returned 202. Retrying...
2022-10-06T04:34:38.6427389Z A path returned 202. Retrying...
2022-10-06T04:34:38.6427872Z A path returned 202. Retrying...
2022-10-06T04:34:38.6428377Z A path returned 202. Retrying...
2022-10-06T04:34:38.6428879Z A path returned 202. Retrying...
2022-10-06T04:34:38.6429390Z A path returned 202. Retrying...
2022-10-06T04:34:38.6429890Z A path returned 202. Retrying...
2022-10-06T04:34:38.6430391Z A path returned 202. Retrying...
2022-10-06T04:34:38.6430890Z A path returned 202. Retrying...
2022-10-06T04:34:38.6431407Z A path returned 202. Retrying...
2022-10-06T04:34:38.6431901Z A path returned 202. Retrying...
2022-10-06T04:34:38.6432412Z A path returned 202. Retrying...
2022-10-06T04:34:38.6432989Z A path returned 202. Retrying...
2022-10-06T04:34:38.6433489Z A path returned 202. Retrying...
2022-10-06T04:34:38.6433990Z A path returned 202. Retrying...
2022-10-06T04:34:38.6434671Z A path returned 202. Retrying...
2022-10-06T04:34:38.6435167Z A path returned 202. Retrying...
2022-10-06T04:34:38.6435671Z A path returned 202. Retrying...
2022-10-06T04:34:38.6436166Z A path returned 202. Retrying...
2022-10-06T04:34:38.6436667Z A path returned 202. Retrying...
2022-10-06T04:34:38.6437166Z A path returned 202. Retrying...
2022-10-06T04:34:38.6437668Z A path returned 202. Retrying...
2022-10-06T04:34:38.6438181Z A path returned 202. Retrying...
2022-10-06T04:34:38.6438793Z A path returned 202. Retrying...
2022-10-06T04:34:38.6439300Z A path returned 202. Retrying...
2022-10-06T04:34:38.6439795Z A path returned 202. Retrying...
2022-10-06T04:34:38.6440303Z A path returned 202. Retrying...
2022-10-06T04:34:38.6440933Z A path returned 202. Retrying...
2022-10-06T04:34:38.6441451Z A path returned 202. Retrying...
2022-10-06T04:34:38.6441963Z A path returned 202. Retrying...
2022-10-06T04:34:38.6442475Z A path returned 202. Retrying...
2022-10-06T04:34:38.6442988Z A path returned 202. Retrying...
2022-10-06T04:34:38.6443504Z A path returned 202. Retrying...
2022-10-06T04:34:38.6443992Z A path returned 202. Retrying...
2022-10-06T04:34:38.6444498Z A path returned 202. Retrying...
2022-10-06T04:34:38.6445224Z A path returned 202. Retrying...
2022-10-06T04:34:38.6445734Z A path returned 202. Retrying...
2022-10-06T04:34:38.6446235Z A path returned 202. Retrying...
2022-10-06T04:34:38.6446740Z A path returned 202. Retrying...
2022-10-06T04:34:38.6447249Z A path returned 202. Retrying...
2022-10-06T04:34:38.6447754Z A path returned 202. Retrying...
2022-10-06T04:34:38.6448244Z A path returned 202. Retrying...
2022-10-06T04:34:38.6448746Z A path returned 202. Retrying...
2022-10-06T04:34:38.6449247Z A path returned 202. Retrying...
2022-10-06T04:34:38.6449760Z A path returned 202. Retrying...
2022-10-06T04:34:38.6450271Z A path returned 202. Retrying...
2022-10-06T04:34:38.6450774Z A path returned 202. Retrying...
2022-10-06T04:34:38.6451273Z A path returned 202. Retrying...
2022-10-06T04:34:38.6451785Z A path returned 202. Retrying...
2022-10-06T04:34:38.6452280Z A path returned 202. Retrying...
2022-10-06T04:34:38.6452782Z A path returned 202. Retrying...
2022-10-06T04:34:38.6453292Z A path returned 202. Retrying...
2022-10-06T04:34:38.6453798Z A path returned 202. Retrying...
2022-10-06T04:34:38.6454389Z A path returned 202. Retrying...
2022-10-06T04:34:38.6454909Z A path returned 202. Retrying...
2022-10-06T04:34:38.6455466Z A path returned 202. Retrying...
2022-10-06T04:34:38.6455966Z A path returned 202. Retrying...
2022-10-06T04:34:38.6456467Z A path returned 202. Retrying...
2022-10-06T04:34:38.6456954Z A path returned 202. Retrying...
2022-10-06T04:34:38.6457512Z A path returned 202. Retrying...
2022-10-06T04:34:38.6458017Z A path returned 202. Retrying...
2022-10-06T04:34:38.6458521Z A path returned 202. Retrying...
2022-10-06T04:34:38.6459141Z A path returned 202. Retrying...
2022-10-06T04:34:38.6459647Z A path returned 202. Retrying...
2022-10-06T04:34:38.6460176Z A path returned 202. Retrying...
2022-10-06T04:34:38.6460693Z A path returned 202. Retrying...
2022-10-06T04:34:38.6461185Z A path returned 202. Retrying...
2022-10-06T04:34:38.6461689Z A path returned 202. Retrying...
2022-10-06T04:34:38.6462197Z A path returned 202. Retrying...
2022-10-06T04:34:38.6462797Z A path returned 202. Retrying...
2022-10-06T04:34:38.6463304Z A path returned 202. Retrying...
2022-10-06T04:34:38.6463810Z A path returned 202. Retrying...
2022-10-06T04:34:38.6464311Z A path returned 202. Retrying...
2022-10-06T04:34:38.6464817Z A path returned 202. Retrying...
2022-10-06T04:34:38.6465302Z A path returned 202. Retrying...
2022-10-06T04:34:38.6465803Z A path returned 202. Retrying...
2022-10-06T04:34:38.6466305Z A path returned 202. Retrying...
2022-10-06T04:34:38.6466809Z A path returned 202. Retrying...
2022-10-06T04:34:38.6467310Z A path returned 202. Retrying...
2022-10-06T04:34:38.6467810Z A path returned 202. Retrying...
2022-10-06T04:34:38.6468310Z A path returned 202. Retrying...
2022-10-06T04:34:38.6468968Z A path returned 202. Retrying...
2022-10-06T04:34:38.6469469Z A path returned 202. Retrying...
2022-10-06T04:34:38.6469967Z A path returned 202. Retrying...
2022-10-06T04:34:38.6470466Z A path returned 202. Retrying...
2022-10-06T04:34:38.6470965Z A path returned 202. Retrying...
2022-10-06T04:34:38.6471469Z A path returned 202. Retrying...
2022-10-06T04:34:38.6471965Z A path returned 202. Retrying...
2022-10-06T04:34:38.6472464Z A path returned 202. Retrying...
2022-10-06T04:34:38.6472945Z A path returned 202. Retrying...
2022-10-06T04:34:38.6473444Z A path returned 202. Retrying...
2022-10-06T04:34:38.6473944Z A path returned 202. Retrying...
2022-10-06T04:34:38.6474441Z A path returned 202. Retrying...
2022-10-06T04:34:38.6475066Z A path returned 202. Retrying...
2022-10-06T04:34:38.6475574Z A path returned 202. Retrying...
2022-10-06T04:34:38.6476074Z A path returned 202. Retrying...
2022-10-06T04:34:38.6476691Z A path returned 202. Retrying...
2022-10-06T04:34:38.6477183Z A path returned 202. Retrying...
2022-10-06T04:34:38.6477684Z A path returned 202. Retrying...
2022-10-06T04:34:38.6478186Z A path returned 202. Retrying...
2022-10-06T04:34:38.6478683Z A path returned 202. Retrying...
2022-10-06T04:34:38.6479181Z A path returned 202. Retrying...
2022-10-06T04:34:38.6479683Z A path returned 202. Retrying...
2022-10-06T04:34:38.6480180Z A path returned 202. Retrying...
2022-10-06T04:34:38.6480677Z A path returned 202. Retrying...
2022-10-06T04:34:38.6481163Z A path returned 202. Retrying...
2022-10-06T04:34:38.6481664Z A path returned 202. Retrying...
2022-10-06T04:34:38.6482169Z A path returned 202. Retrying...
2022-10-06T04:34:38.6482670Z A path returned 202. Retrying...
2022-10-06T04:34:38.6483168Z A path returned 202. Retrying...
2022-10-06T04:34:38.6483668Z A path returned 202. Retrying...
2022-10-06T04:34:38.6484172Z A path returned 202. Retrying...
2022-10-06T04:34:38.6484691Z A path returned 202. Retrying...
2022-10-06T04:34:38.6485077Z A path returned 202. Retrying...
2022-10-06T04:34:38.6485464Z A path returned 202. Retrying...
2022-10-06T04:34:38.6485754Z A path returned 202. Retrying...
2022-10-06T04:34:38.6486048Z A path returned 202. Retrying...
2022-10-06T04:34:38.6486338Z A path returned 202. Retrying...
2022-10-06T04:34:38.6486628Z A path returned 202. Retrying...
2022-10-06T04:34:38.6486920Z A path returned 202. Retrying...
2022-10-06T04:34:38.6487196Z A path returned 202. Retrying...
2022-10-06T04:34:38.6487492Z A path returned 202. Retrying...
2022-10-06T04:34:38.6487788Z A path returned 202. Retrying...
2022-10-06T04:34:38.6488081Z A path returned 202. Retrying...
2022-10-06T04:34:38.6488370Z A path returned 202. Retrying...
2022-10-06T04:34:38.6488669Z A path returned 202. Retrying...
2022-10-06T04:34:38.6488960Z A path returned 202. Retrying...
2022-10-06T04:34:38.6489258Z A path returned 202. Retrying...
2022-10-06T04:34:38.6489540Z A path returned 202. Retrying...
2022-10-06T04:34:38.6489830Z A path returned 202. Retrying...
2022-10-06T04:34:38.6490122Z A path returned 202. Retrying...
2022-10-06T04:34:38.6490411Z A path returned 202. Retrying...
2022-10-06T04:34:38.6490773Z A path returned 202. Retrying...
2022-10-06T04:34:38.6491069Z A path returned 202. Retrying...
2022-10-06T04:34:38.6491365Z A path returned 202. Retrying...
2022-10-06T04:34:38.6491639Z A path returned 202. Retrying...
2022-10-06T04:34:38.6491929Z A path returned 202. Retrying...
2022-10-06T04:34:38.6492224Z A path returned 202. Retrying...
2022-10-06T04:34:38.6492521Z A path returned 202. Retrying...
2022-10-06T04:34:38.6492813Z A path returned 202. Retrying...
2022-10-06T04:34:38.6493105Z A path returned 202. Retrying...
2022-10-06T04:34:38.6493397Z A path returned 202. Retrying...
2022-10-06T04:34:38.6493685Z A path returned 202. Retrying...
2022-10-06T04:34:38.6493965Z A path returned 202. Retrying...
2022-10-06T04:34:38.6494258Z A path returned 202. Retrying...
2022-10-06T04:34:38.6494551Z A path returned 202. Retrying...
2022-10-06T04:34:38.6494845Z A path returned 202. Retrying...
2022-10-06T04:34:38.6495246Z A path returned 202. Retrying...
2022-10-06T04:34:38.6495540Z A path returned 202. Retrying...
2022-10-06T04:34:38.6495833Z A path returned 202. Retrying...
2022-10-06T04:34:38.6496123Z A path returned 202. Retrying...
2022-10-06T04:34:38.6496402Z A path returned 202. Retrying...
2022-10-06T04:34:38.6496692Z A path returned 202. Retrying...
2022-10-06T04:34:38.6496987Z A path returned 202. Retrying...
2022-10-06T04:34:38.6497281Z A path returned 202. Retrying...
2022-10-06T04:34:38.6497572Z A path returned 202. Retrying...
2022-10-06T04:34:38.6497861Z A path returned 202. Retrying...
2022-10-06T04:34:38.6498154Z A path returned 202. Retrying...
2022-10-06T04:34:38.6498429Z A path returned 202. Retrying...
2022-10-06T04:34:38.6498721Z A path returned 202. Retrying...
2022-10-06T04:34:38.6499089Z A path returned 202. Retrying...
2022-10-06T04:34:38.6499384Z A path returned 202. Retrying...
2022-10-06T04:34:38.6499674Z A path returned 202. Retrying...
2022-10-06T04:34:38.6499971Z A path returned 202. Retrying...
2022-10-06T04:34:38.6500259Z A path returned 202. Retrying...
2022-10-06T04:34:38.6500550Z A path returned 202. Retrying...
2022-10-06T04:34:38.6500825Z A path returned 202. Retrying...
2022-10-06T04:34:38.6501119Z A path returned 202. Retrying...
2022-10-06T04:34:38.6501411Z A path returned 202. Retrying...
2022-10-06T04:34:38.6501702Z A path returned 202. Retrying...
2022-10-06T04:34:38.6501994Z A path returned 202. Retrying...
2022-10-06T04:34:38.6502283Z A path returned 202. Retrying...
2022-10-06T04:34:38.6502574Z A path returned 202. Retrying...
2022-10-06T04:34:38.6502867Z A path returned 202. Retrying...
2022-10-06T04:34:38.6503141Z A path returned 202. Retrying...
2022-10-06T04:34:38.6503433Z A path returned 202. Retrying...
2022-10-06T04:34:38.6503734Z A path returned 202. Retrying...
2022-10-06T04:34:38.6702904Z ##[group]Run git config --global user.name "jstrieb/github-stats"
2022-10-06T04:34:38.6703348Z [36;1mgit config --global user.name "jstrieb/github-stats"[0m
2022-10-06T04:34:38.6703779Z [36;1mgit config --global user.email "github-stats[bot]@jstrieb.github.io"[0m
2022-10-06T04:34:38.6704119Z [36;1mgit add .[0m
2022-10-06T04:34:38.6704432Z [36;1m# Force the build to succeed, even if no files were changed[0m
2022-10-06T04:34:38.6704800Z [36;1mgit commit -m 'Update generated files' || true[0m
2022-10-06T04:34:38.6705092Z [36;1mgit push[0m
2022-10-06T04:34:38.6763452Z shell: /usr/bin/bash -e {0}
2022-10-06T04:34:38.6763717Z env:
2022-10-06T04:34:38.6764027Z   pythonLocation: /opt/hostedtoolcache/Python/3.8.14/x64
2022-10-06T04:34:38.6764414Z   LD_LIBRARY_PATH: /opt/hostedtoolcache/Python/3.8.14/x64/lib
2022-10-06T04:34:38.6764716Z ##[endgroup]
2022-10-06T04:34:38.8874479Z [master 96b0baf] Update generated files
2022-10-06T04:34:38.8875171Z  2 files changed, 324 insertions(+), 297 deletions(-)
2022-10-06T04:34:39.6348767Z To https://github.com/seanpm2001/GitHub_Stats_A
2022-10-06T04:34:39.6349735Z    0b1f3a0..96b0baf  master -> master
2022-10-06T04:34:39.9315605Z Post job cleanup.
2022-10-06T04:34:40.0943824Z Cache hit occurred on the primary key Linux-pip-60f2a6c0212a9b74a155cd81b58dd07fd8b180833132566260d95f4de42fe218, not saving cache.
2022-10-06T04:34:40.1079606Z Post job cleanup.
2022-10-06T04:34:40.2854349Z Post job cleanup.
2022-10-06T04:34:40.4311693Z [command]/usr/bin/git version
2022-10-06T04:34:40.4369852Z git version 2.37.3
2022-10-06T04:34:40.4417372Z Copying '/home/runner/.gitconfig' to '/home/runner/work/_temp/52e965cc-6d47-44fc-8778-61ce195ab001/.gitconfig'
2022-10-06T04:34:40.4431334Z Temporarily overriding HOME='/home/runner/work/_temp/52e965cc-6d47-44fc-8778-61ce195ab001' before making global git config changes
2022-10-06T04:34:40.4433955Z Adding repository directory to the temporary git global config as a safe directory
2022-10-06T04:34:40.4441482Z [command]/usr/bin/git config --global --add safe.directory /home/runner/work/GitHub_Stats_A/GitHub_Stats_A
2022-10-06T04:34:40.4495562Z [command]/usr/bin/git config --local --name-only --get-regexp core\.sshCommand
2022-10-06T04:34:40.4541485Z [command]/usr/bin/git submodule foreach --recursive git config --local --name-only --get-regexp 'core\.sshCommand' && git config --local --unset-all 'core.sshCommand' || :
2022-10-06T04:34:40.4905093Z [command]/usr/bin/git config --local --name-only --get-regexp http\.https\:\/\/github\.com\/\.extraheader
2022-10-06T04:34:40.4927861Z http.https://github.com/.extraheader
2022-10-06T04:34:40.4938744Z [command]/usr/bin/git config --local --unset-all http.https://github.com/.extraheader
2022-10-06T04:34:40.4999057Z [command]/usr/bin/git submodule foreach --recursive git config --local --name-only --get-regexp 'http\.https\:\/\/github\.com\/\.extraheader' && git config --local --unset-all 'http.https://github.com/.extraheader' || :
2022-10-06T04:34:40.5562153Z Cleaning up orphan processes
