2022-11-06T03:09:33.2998262Z Requested labels: ubuntu-latest
2022-11-06T03:09:33.2998305Z Job defined at: seanpm2001/GitHub_Stats_A/.github/workflows/main.yml@refs/heads/master
2022-11-06T03:09:33.2998327Z Waiting for a runner to pick up this job...
2022-11-06T03:09:34.6073774Z Job is waiting for a hosted runner to come online.
2022-11-06T03:09:36.9299658Z Job is about to start running on the hosted runner: Hosted Agent (hosted)
2022-11-06T03:09:44.4543826Z Current runner version: '2.298.2'
2022-11-06T03:09:44.4570013Z ##[group]Operating System
2022-11-06T03:09:44.4570559Z Ubuntu
2022-11-06T03:09:44.4570815Z 20.04.5
2022-11-06T03:09:44.4571106Z LTS
2022-11-06T03:09:44.4571428Z ##[endgroup]
2022-11-06T03:09:44.4571759Z ##[group]Runner Image
2022-11-06T03:09:44.4572125Z Image: ubuntu-20.04
2022-11-06T03:09:44.4572458Z Version: 20221027.1
2022-11-06T03:09:44.4573013Z Included Software: https://github.com/actions/runner-images/blob/ubuntu20/20221027.1/images/linux/Ubuntu2004-Readme.md
2022-11-06T03:09:44.4573704Z Image Release: https://github.com/actions/runner-images/releases/tag/ubuntu20%2F20221027.1
2022-11-06T03:09:44.4574117Z ##[endgroup]
2022-11-06T03:09:44.4574471Z ##[group]Runner Image Provisioner
2022-11-06T03:09:44.4574836Z 2.0.91.1
2022-11-06T03:09:44.4575139Z ##[endgroup]
2022-11-06T03:09:44.4575785Z ##[group]GITHUB_TOKEN Permissions
2022-11-06T03:09:44.4576315Z Contents: write
2022-11-06T03:09:44.4576656Z Metadata: read
2022-11-06T03:09:44.4577165Z ##[endgroup]
2022-11-06T03:09:44.4580734Z Secret source: Actions
2022-11-06T03:09:44.4581250Z Prepare workflow directory
2022-11-06T03:09:44.5405847Z Prepare all required actions
2022-11-06T03:09:44.5589669Z Getting action download info
2022-11-06T03:09:44.8771151Z Download action repository 'actions/checkout@v2' (SHA:e2f20e631ae6d7dd3b768f56a5d2af784dd54791)
2022-11-06T03:09:45.4319421Z Download action repository 'actions/setup-python@v2' (SHA:7f80679172b057fc5e90d70d197929d454754a5a)
2022-11-06T03:09:45.9267414Z Download action repository 'actions/cache@v2' (SHA:937d24475381cd9c75ae6db12cb4e79714b926ed)
2022-11-06T03:09:46.6712829Z ##[group]Run actions/checkout@v2
2022-11-06T03:09:46.6713141Z with:
2022-11-06T03:09:46.6713385Z   repository: seanpm2001/GitHub_Stats_A
2022-11-06T03:09:46.6713842Z   token: ***
2022-11-06T03:09:46.6714057Z   ssh-strict: true
2022-11-06T03:09:46.6714296Z   persist-credentials: true
2022-11-06T03:09:46.6714533Z   clean: true
2022-11-06T03:09:46.6714725Z   fetch-depth: 1
2022-11-06T03:09:46.6714942Z   lfs: false
2022-11-06T03:09:46.6715143Z   submodules: false
2022-11-06T03:09:46.6715387Z   set-safe-directory: true
2022-11-06T03:09:46.6715611Z ##[endgroup]
2022-11-06T03:09:46.9732498Z Syncing repository: seanpm2001/GitHub_Stats_A
2022-11-06T03:09:46.9734419Z ##[group]Getting Git version info
2022-11-06T03:09:46.9734948Z Working directory is '/home/runner/work/GitHub_Stats_A/GitHub_Stats_A'
2022-11-06T03:09:46.9735489Z [command]/usr/bin/git version
2022-11-06T03:09:46.9871198Z git version 2.38.1
2022-11-06T03:09:46.9896486Z ##[endgroup]
2022-11-06T03:09:46.9912187Z Temporarily overriding HOME='/home/runner/work/_temp/d0f307e2-f687-4db6-b525-39dc223a8884' before making global git config changes
2022-11-06T03:09:46.9912988Z Adding repository directory to the temporary git global config as a safe directory
2022-11-06T03:09:46.9917659Z [command]/usr/bin/git config --global --add safe.directory /home/runner/work/GitHub_Stats_A/GitHub_Stats_A
2022-11-06T03:09:46.9972134Z Deleting the contents of '/home/runner/work/GitHub_Stats_A/GitHub_Stats_A'
2022-11-06T03:09:46.9976876Z ##[group]Initializing the repository
2022-11-06T03:09:46.9980456Z [command]/usr/bin/git init /home/runner/work/GitHub_Stats_A/GitHub_Stats_A
2022-11-06T03:09:47.0071121Z hint: Using 'master' as the name for the initial branch. This default branch name
2022-11-06T03:09:47.0073033Z hint: is subject to change. To configure the initial branch name to use in all
2022-11-06T03:09:47.0075181Z hint: of your new repositories, which will suppress this warning, call:
2022-11-06T03:09:47.0076147Z hint: 
2022-11-06T03:09:47.0077392Z hint: 	git config --global init.defaultBranch <name>
2022-11-06T03:09:47.0078140Z hint: 
2022-11-06T03:09:47.0079196Z hint: Names commonly chosen instead of 'master' are 'main', 'trunk' and
2022-11-06T03:09:47.0080285Z hint: 'development'. The just-created branch can be renamed via this command:
2022-11-06T03:09:47.0080571Z hint: 
2022-11-06T03:09:47.0080811Z hint: 	git branch -m <name>
2022-11-06T03:09:47.0089784Z Initialized empty Git repository in /home/runner/work/GitHub_Stats_A/GitHub_Stats_A/.git/
2022-11-06T03:09:47.0099151Z [command]/usr/bin/git remote add origin https://github.com/seanpm2001/GitHub_Stats_A
2022-11-06T03:09:47.0137961Z ##[endgroup]
2022-11-06T03:09:47.0138745Z ##[group]Disabling automatic garbage collection
2022-11-06T03:09:47.0141803Z [command]/usr/bin/git config --local gc.auto 0
2022-11-06T03:09:47.0172261Z ##[endgroup]
2022-11-06T03:09:47.0172962Z ##[group]Setting up auth
2022-11-06T03:09:47.0179757Z [command]/usr/bin/git config --local --name-only --get-regexp core\.sshCommand
2022-11-06T03:09:47.0221684Z [command]/usr/bin/git submodule foreach --recursive git config --local --name-only --get-regexp 'core\.sshCommand' && git config --local --unset-all 'core.sshCommand' || :
2022-11-06T03:09:47.0588758Z [command]/usr/bin/git config --local --name-only --get-regexp http\.https\:\/\/github\.com\/\.extraheader
2022-11-06T03:09:47.0621608Z [command]/usr/bin/git submodule foreach --recursive git config --local --name-only --get-regexp 'http\.https\:\/\/github\.com\/\.extraheader' && git config --local --unset-all 'http.https://github.com/.extraheader' || :
2022-11-06T03:09:47.0842302Z [command]/usr/bin/git config --local http.https://github.com/.extraheader AUTHORIZATION: basic ***
2022-11-06T03:09:47.0879804Z ##[endgroup]
2022-11-06T03:09:47.0880929Z ##[group]Fetching the repository
2022-11-06T03:09:47.0888802Z [command]/usr/bin/git -c protocol.version=2 fetch --no-tags --prune --progress --no-recurse-submodules --depth=1 origin +d1aa80882e35fa0413221e590895ba55240e548a:refs/remotes/origin/master
2022-11-06T03:09:47.4094211Z remote: Enumerating objects: 1801, done.        
2022-11-06T03:09:47.4108002Z remote: Counting objects:   0% (1/1801)        
2022-11-06T03:09:47.4108310Z remote: Counting objects:   1% (19/1801)        
2022-11-06T03:09:47.4108587Z remote: Counting objects:   2% (37/1801)        
2022-11-06T03:09:47.4108860Z remote: Counting objects:   3% (55/1801)        
2022-11-06T03:09:47.4109508Z remote: Counting objects:   4% (73/1801)        
2022-11-06T03:09:47.4109780Z remote: Counting objects:   5% (91/1801)        
2022-11-06T03:09:47.4110051Z remote: Counting objects:   6% (109/1801)        
2022-11-06T03:09:47.4110325Z remote: Counting objects:   7% (127/1801)        
2022-11-06T03:09:47.4110583Z remote: Counting objects:   8% (145/1801)        
2022-11-06T03:09:47.4110856Z remote: Counting objects:   9% (163/1801)        
2022-11-06T03:09:47.4111122Z remote: Counting objects:  10% (181/1801)        
2022-11-06T03:09:47.4111404Z remote: Counting objects:  11% (199/1801)        
2022-11-06T03:09:47.4111794Z remote: Counting objects:  12% (217/1801)        
2022-11-06T03:09:47.4112092Z remote: Counting objects:  13% (235/1801)        
2022-11-06T03:09:47.4112388Z remote: Counting objects:  14% (253/1801)        
2022-11-06T03:09:47.4112689Z remote: Counting objects:  15% (271/1801)        
2022-11-06T03:09:47.4112979Z remote: Counting objects:  16% (289/1801)        
2022-11-06T03:09:47.4113288Z remote: Counting objects:  17% (307/1801)        
2022-11-06T03:09:47.4113595Z remote: Counting objects:  18% (325/1801)        
2022-11-06T03:09:47.4117446Z remote: Counting objects:  19% (343/1801)        
2022-11-06T03:09:47.4118017Z remote: Counting objects:  20% (361/1801)        
2022-11-06T03:09:47.4118469Z remote: Counting objects:  21% (379/1801)        
2022-11-06T03:09:47.4119189Z remote: Counting objects:  22% (397/1801)        
2022-11-06T03:09:47.4119540Z remote: Counting objects:  23% (415/1801)        
2022-11-06T03:09:47.4119861Z remote: Counting objects:  24% (433/1801)        
2022-11-06T03:09:47.4120171Z remote: Counting objects:  25% (451/1801)        
2022-11-06T03:09:47.4120463Z remote: Counting objects:  26% (469/1801)        
2022-11-06T03:09:47.4120765Z remote: Counting objects:  27% (487/1801)        
2022-11-06T03:09:47.4121090Z remote: Counting objects:  28% (505/1801)        
2022-11-06T03:09:47.4121390Z remote: Counting objects:  29% (523/1801)        
2022-11-06T03:09:47.4121978Z remote: Counting objects:  30% (541/1801)        
2022-11-06T03:09:47.4122262Z remote: Counting objects:  31% (559/1801)        
2022-11-06T03:09:47.4122560Z remote: Counting objects:  32% (577/1801)        
2022-11-06T03:09:47.4122863Z remote: Counting objects:  33% (595/1801)        
2022-11-06T03:09:47.4123159Z remote: Counting objects:  34% (613/1801)        
2022-11-06T03:09:47.4123446Z remote: Counting objects:  35% (631/1801)        
2022-11-06T03:09:47.4123746Z remote: Counting objects:  36% (649/1801)        
2022-11-06T03:09:47.4124051Z remote: Counting objects:  37% (667/1801)        
2022-11-06T03:09:47.4124353Z remote: Counting objects:  38% (685/1801)        
2022-11-06T03:09:47.4124789Z remote: Counting objects:  39% (703/1801)        
2022-11-06T03:09:47.4125090Z remote: Counting objects:  40% (721/1801)        
2022-11-06T03:09:47.4125389Z remote: Counting objects:  41% (739/1801)        
2022-11-06T03:09:47.4125688Z remote: Counting objects:  42% (757/1801)        
2022-11-06T03:09:47.4125979Z remote: Counting objects:  43% (775/1801)        
2022-11-06T03:09:47.4126278Z remote: Counting objects:  44% (793/1801)        
2022-11-06T03:09:47.4126576Z remote: Counting objects:  45% (811/1801)        
2022-11-06T03:09:47.4126878Z remote: Counting objects:  46% (829/1801)        
2022-11-06T03:09:47.4127167Z remote: Counting objects:  47% (847/1801)        
2022-11-06T03:09:47.4127468Z remote: Counting objects:  48% (865/1801)        
2022-11-06T03:09:47.4127768Z remote: Counting objects:  49% (883/1801)        
2022-11-06T03:09:47.4128175Z remote: Counting objects:  50% (901/1801)        
2022-11-06T03:09:47.4128468Z remote: Counting objects:  51% (919/1801)        
2022-11-06T03:09:47.4128768Z remote: Counting objects:  52% (937/1801)        
2022-11-06T03:09:47.4129066Z remote: Counting objects:  53% (955/1801)        
2022-11-06T03:09:47.4129363Z remote: Counting objects:  54% (973/1801)        
2022-11-06T03:09:47.4129670Z remote: Counting objects:  55% (991/1801)        
2022-11-06T03:09:47.4129969Z remote: Counting objects:  56% (1009/1801)        
2022-11-06T03:09:47.4130286Z remote: Counting objects:  57% (1027/1801)        
2022-11-06T03:09:47.4130602Z remote: Counting objects:  58% (1045/1801)        
2022-11-06T03:09:47.4130912Z remote: Counting objects:  59% (1063/1801)        
2022-11-06T03:09:47.4131208Z remote: Counting objects:  60% (1081/1801)        
2022-11-06T03:09:47.4348970Z remote: Counting objects:  61% (1099/1801)        
2022-11-06T03:09:47.4349787Z remote: Counting objects:  62% (1117/1801)        
2022-11-06T03:09:47.4351429Z remote: Counting objects:  63% (1135/1801)        
2022-11-06T03:09:47.4352264Z remote: Counting objects:  64% (1153/1801)        
2022-11-06T03:09:47.4352581Z remote: Counting objects:  65% (1171/1801)        
2022-11-06T03:09:47.4353312Z remote: Counting objects:  66% (1189/1801)        
2022-11-06T03:09:47.4353991Z remote: Counting objects:  67% (1207/1801)        
2022-11-06T03:09:47.4354309Z remote: Counting objects:  68% (1225/1801)        
2022-11-06T03:09:47.4354622Z remote: Counting objects:  69% (1243/1801)        
2022-11-06T03:09:47.4355343Z remote: Counting objects:  70% (1261/1801)        
2022-11-06T03:09:47.4355657Z remote: Counting objects:  71% (1279/1801)        
2022-11-06T03:09:47.4356340Z remote: Counting objects:  72% (1297/1801)        
2022-11-06T03:09:47.4356647Z remote: Counting objects:  73% (1315/1801)        
2022-11-06T03:09:47.4357680Z remote: Counting objects:  74% (1333/1801)        
2022-11-06T03:09:47.4357988Z remote: Counting objects:  75% (1351/1801)        
2022-11-06T03:09:47.4358303Z remote: Counting objects:  76% (1369/1801)        
2022-11-06T03:09:47.4358989Z remote: Counting objects:  77% (1387/1801)        
2022-11-06T03:09:47.4359655Z remote: Counting objects:  78% (1405/1801)        
2022-11-06T03:09:47.4359959Z remote: Counting objects:  79% (1423/1801)        
2022-11-06T03:09:47.4360263Z remote: Counting objects:  80% (1441/1801)        
2022-11-06T03:09:47.4360997Z remote: Counting objects:  81% (1459/1801)        
2022-11-06T03:09:47.4361901Z remote: Counting objects:  82% (1477/1801)        
2022-11-06T03:09:47.4362198Z remote: Counting objects:  83% (1495/1801)        
2022-11-06T03:09:47.4362503Z remote: Counting objects:  84% (1513/1801)        
2022-11-06T03:09:47.4363214Z remote: Counting objects:  85% (1531/1801)        
2022-11-06T03:09:47.4363889Z remote: Counting objects:  86% (1549/1801)        
2022-11-06T03:09:47.4364195Z remote: Counting objects:  87% (1567/1801)        
2022-11-06T03:09:47.4364485Z remote: Counting objects:  88% (1585/1801)        
2022-11-06T03:09:47.4365511Z remote: Counting objects:  89% (1603/1801)        
2022-11-06T03:09:47.4366193Z remote: Counting objects:  90% (1621/1801)        
2022-11-06T03:09:47.4366499Z remote: Counting objects:  91% (1639/1801)        
2022-11-06T03:09:47.4366791Z remote: Counting objects:  92% (1657/1801)        
2022-11-06T03:09:47.4367496Z remote: Counting objects:  93% (1675/1801)        
2022-11-06T03:09:47.4368171Z remote: Counting objects:  94% (1693/1801)        
2022-11-06T03:09:47.4368484Z remote: Counting objects:  95% (1711/1801)        
2022-11-06T03:09:47.4368791Z remote: Counting objects:  96% (1729/1801)        
2022-11-06T03:09:47.4369461Z remote: Counting objects:  97% (1747/1801)        
2022-11-06T03:09:47.4369857Z remote: Counting objects:  98% (1765/1801)        
2022-11-06T03:09:47.4370163Z remote: Counting objects:  99% (1783/1801)        
2022-11-06T03:09:47.4370824Z remote: Counting objects: 100% (1801/1801)        
2022-11-06T03:09:47.4371130Z remote: Counting objects: 100% (1801/1801), done.        
2022-11-06T03:09:47.4372052Z remote: Compressing objects:   0% (1/629)        
2022-11-06T03:09:47.4372817Z remote: Compressing objects:   1% (7/629)        
2022-11-06T03:09:47.4373141Z remote: Compressing objects:   2% (13/629)        
2022-11-06T03:09:47.4373448Z remote: Compressing objects:   3% (19/629)        
2022-11-06T03:09:47.4374154Z remote: Compressing objects:   4% (26/629)        
2022-11-06T03:09:47.4374884Z remote: Compressing objects:   5% (32/629)        
2022-11-06T03:09:47.4375203Z remote: Compressing objects:   6% (38/629)        
2022-11-06T03:09:47.4375518Z remote: Compressing objects:   7% (45/629)        
2022-11-06T03:09:47.4376559Z remote: Compressing objects:   8% (51/629)        
2022-11-06T03:09:47.4376888Z remote: Compressing objects:   9% (57/629)        
2022-11-06T03:09:47.4377202Z remote: Compressing objects:  10% (63/629)        
2022-11-06T03:09:47.4377513Z remote: Compressing objects:  11% (70/629)        
2022-11-06T03:09:47.4378193Z remote: Compressing objects:  12% (76/629)        
2022-11-06T03:09:47.4378870Z remote: Compressing objects:  13% (82/629)        
2022-11-06T03:09:47.4379562Z remote: Compressing objects:  14% (89/629)        
2022-11-06T03:09:47.4380245Z remote: Compressing objects:  15% (95/629)        
2022-11-06T03:09:47.4380571Z remote: Compressing objects:  16% (101/629)        
2022-11-06T03:09:47.4381267Z remote: Compressing objects:  17% (107/629)        
2022-11-06T03:09:47.4381969Z remote: Compressing objects:  18% (114/629)        
2022-11-06T03:09:47.4382294Z remote: Compressing objects:  19% (120/629)        
2022-11-06T03:09:47.4382745Z remote: Compressing objects:  20% (126/629)        
2022-11-06T03:09:47.4383130Z remote: Compressing objects:  21% (133/629)        
2022-11-06T03:09:47.4498684Z remote: Compressing objects:  22% (139/629)        
2022-11-06T03:09:47.4533288Z remote: Compressing objects:  23% (145/629)        
2022-11-06T03:09:47.4661392Z remote: Compressing objects:  24% (151/629)        
2022-11-06T03:09:47.4782056Z remote: Compressing objects:  25% (158/629)        
2022-11-06T03:09:47.4812072Z remote: Compressing objects:  26% (164/629)        
2022-11-06T03:09:47.4879926Z remote: Compressing objects:  27% (170/629)        
2022-11-06T03:09:47.4880241Z remote: Compressing objects:  28% (177/629)        
2022-11-06T03:09:47.4880701Z remote: Compressing objects:  29% (183/629)        
2022-11-06T03:09:47.4910031Z remote: Compressing objects:  30% (189/629)        
2022-11-06T03:09:47.4976223Z remote: Compressing objects:  31% (195/629)        
2022-11-06T03:09:47.5019321Z remote: Compressing objects:  32% (202/629)        
2022-11-06T03:09:47.5098814Z remote: Compressing objects:  33% (208/629)        
2022-11-06T03:09:47.5099329Z remote: Compressing objects:  34% (214/629)        
2022-11-06T03:09:47.5099992Z remote: Compressing objects:  35% (221/629)        
2022-11-06T03:09:47.5100681Z remote: Compressing objects:  36% (227/629)        
2022-11-06T03:09:47.5112765Z remote: Compressing objects:  37% (233/629)        
2022-11-06T03:09:47.5113684Z remote: Compressing objects:  38% (240/629)        
2022-11-06T03:09:47.5121697Z remote: Compressing objects:  39% (246/629)        
2022-11-06T03:09:47.5122415Z remote: Compressing objects:  40% (252/629)        
2022-11-06T03:09:47.5123091Z remote: Compressing objects:  41% (258/629)        
2022-11-06T03:09:47.5124143Z remote: Compressing objects:  42% (265/629)        
2022-11-06T03:09:47.5124824Z remote: Compressing objects:  43% (271/629)        
2022-11-06T03:09:47.5126356Z remote: Compressing objects:  44% (277/629)        
2022-11-06T03:09:47.5126649Z remote: Compressing objects:  45% (284/629)        
2022-11-06T03:09:47.5127659Z remote: Compressing objects:  46% (290/629)        
2022-11-06T03:09:47.5128774Z remote: Compressing objects:  47% (296/629)        
2022-11-06T03:09:47.5129223Z remote: Compressing objects:  48% (302/629)        
2022-11-06T03:09:47.5129537Z remote: Compressing objects:  49% (309/629)        
2022-11-06T03:09:47.5132246Z remote: Compressing objects:  50% (315/629)        
2022-11-06T03:09:47.5135016Z remote: Compressing objects:  51% (321/629)        
2022-11-06T03:09:47.5135692Z remote: Compressing objects:  52% (328/629)        
2022-11-06T03:09:47.5136532Z remote: Compressing objects:  53% (334/629)        
2022-11-06T03:09:47.5137789Z remote: Compressing objects:  54% (340/629)        
2022-11-06T03:09:47.5140500Z remote: Compressing objects:  55% (346/629)        
2022-11-06T03:09:47.5140809Z remote: Compressing objects:  56% (353/629)        
2022-11-06T03:09:47.5141077Z remote: Compressing objects:  57% (359/629)        
2022-11-06T03:09:47.5141364Z remote: Compressing objects:  58% (365/629)        
2022-11-06T03:09:47.5141648Z remote: Compressing objects:  59% (372/629)        
2022-11-06T03:09:47.5141927Z remote: Compressing objects:  60% (378/629)        
2022-11-06T03:09:47.5142194Z remote: Compressing objects:  61% (384/629)        
2022-11-06T03:09:47.5172555Z remote: Compressing objects:  62% (390/629)        
2022-11-06T03:09:47.5173165Z remote: Compressing objects:  63% (397/629)        
2022-11-06T03:09:47.5173773Z remote: Compressing objects:  64% (403/629)        
2022-11-06T03:09:47.5174370Z remote: Compressing objects:  65% (409/629)        
2022-11-06T03:09:47.5175336Z remote: Compressing objects:  66% (416/629)        
2022-11-06T03:09:47.5175783Z remote: Compressing objects:  67% (422/629)        
2022-11-06T03:09:47.5176313Z remote: Compressing objects:  68% (428/629)        
2022-11-06T03:09:47.5176946Z remote: Compressing objects:  69% (435/629)        
2022-11-06T03:09:47.5177527Z remote: Compressing objects:  70% (441/629)        
2022-11-06T03:09:47.5178113Z remote: Compressing objects:  71% (447/629)        
2022-11-06T03:09:47.5178697Z remote: Compressing objects:  72% (453/629)        
2022-11-06T03:09:47.5179301Z remote: Compressing objects:  73% (460/629)        
2022-11-06T03:09:47.5179923Z remote: Compressing objects:  74% (466/629)        
2022-11-06T03:09:47.5180501Z remote: Compressing objects:  75% (472/629)        
2022-11-06T03:09:47.5181168Z remote: Compressing objects:  76% (479/629)        
2022-11-06T03:09:47.5181752Z remote: Compressing objects:  77% (485/629)        
2022-11-06T03:09:47.5182340Z remote: Compressing objects:  78% (491/629)        
2022-11-06T03:09:47.5183135Z remote: Compressing objects:  79% (497/629)        
2022-11-06T03:09:47.5183713Z remote: Compressing objects:  80% (504/629)        
2022-11-06T03:09:47.5184271Z remote: Compressing objects:  81% (510/629)        
2022-11-06T03:09:47.5184847Z remote: Compressing objects:  82% (516/629)        
2022-11-06T03:09:47.5185441Z remote: Compressing objects:  83% (523/629)        
2022-11-06T03:09:47.5186119Z remote: Compressing objects:  84% (529/629)        
2022-11-06T03:09:47.5186717Z remote: Compressing objects:  85% (535/629)        
2022-11-06T03:09:47.5187302Z remote: Compressing objects:  86% (541/629)        
2022-11-06T03:09:47.5187888Z remote: Compressing objects:  87% (548/629)        
2022-11-06T03:09:47.5188497Z remote: Compressing objects:  88% (554/629)        
2022-11-06T03:09:47.5189066Z remote: Compressing objects:  89% (560/629)        
2022-11-06T03:09:47.5189649Z remote: Compressing objects:  90% (567/629)        
2022-11-06T03:09:47.5190228Z remote: Compressing objects:  91% (573/629)        
2022-11-06T03:09:47.5190848Z remote: Compressing objects:  92% (579/629)        
2022-11-06T03:09:47.5191633Z remote: Compressing objects:  93% (585/629)        
2022-11-06T03:09:47.5192403Z remote: Compressing objects:  94% (592/629)        
2022-11-06T03:09:47.5193084Z remote: Compressing objects:  95% (598/629)        
2022-11-06T03:09:47.5193811Z remote: Compressing objects:  96% (604/629)        
2022-11-06T03:09:47.5194570Z remote: Compressing objects:  97% (611/629)        
2022-11-06T03:09:47.5195333Z remote: Compressing objects:  98% (617/629)        
2022-11-06T03:09:47.5196076Z remote: Compressing objects:  99% (623/629)        
2022-11-06T03:09:47.5196744Z remote: Compressing objects: 100% (629/629)        
2022-11-06T03:09:47.5197601Z remote: Compressing objects: 100% (629/629), done.        
2022-11-06T03:09:47.5327333Z Receiving objects:   0% (1/1801)
2022-11-06T03:09:47.5363707Z Receiving objects:   1% (19/1801)
2022-11-06T03:09:47.5377329Z Receiving objects:   2% (37/1801)
2022-11-06T03:09:47.5918717Z Receiving objects:   3% (55/1801)
2022-11-06T03:09:47.5919037Z Receiving objects:   4% (73/1801)
2022-11-06T03:09:47.5919320Z Receiving objects:   5% (91/1801)
2022-11-06T03:09:47.5925380Z Receiving objects:   6% (109/1801)
2022-11-06T03:09:47.5926219Z Receiving objects:   7% (127/1801)
2022-11-06T03:09:47.5945756Z Receiving objects:   8% (145/1801)
2022-11-06T03:09:47.5951783Z Receiving objects:   9% (163/1801)
2022-11-06T03:09:47.6047361Z Receiving objects:  10% (181/1801)
2022-11-06T03:09:47.6140177Z Receiving objects:  11% (199/1801)
2022-11-06T03:09:47.6144033Z Receiving objects:  12% (217/1801)
2022-11-06T03:09:47.6148961Z Receiving objects:  13% (235/1801)
2022-11-06T03:09:47.6153810Z Receiving objects:  14% (253/1801)
2022-11-06T03:09:47.6157444Z Receiving objects:  15% (271/1801)
2022-11-06T03:09:47.6161185Z Receiving objects:  16% (289/1801)
2022-11-06T03:09:47.6195271Z Receiving objects:  17% (307/1801)
2022-11-06T03:09:47.6205926Z Receiving objects:  18% (325/1801)
2022-11-06T03:09:47.6206207Z Receiving objects:  19% (343/1801)
2022-11-06T03:09:47.6206440Z Receiving objects:  20% (361/1801)
2022-11-06T03:09:47.6206685Z Receiving objects:  21% (379/1801)
2022-11-06T03:09:47.6206937Z Receiving objects:  22% (397/1801)
2022-11-06T03:09:47.6207176Z Receiving objects:  23% (415/1801)
2022-11-06T03:09:47.6207401Z Receiving objects:  24% (433/1801)
2022-11-06T03:09:47.6207636Z Receiving objects:  25% (451/1801)
2022-11-06T03:09:47.6207875Z Receiving objects:  26% (469/1801)
2022-11-06T03:09:47.6208111Z Receiving objects:  27% (487/1801)
2022-11-06T03:09:47.6208334Z Receiving objects:  28% (505/1801)
2022-11-06T03:09:47.6208571Z Receiving objects:  29% (523/1801)
2022-11-06T03:09:47.6208808Z Receiving objects:  30% (541/1801)
2022-11-06T03:09:47.6209050Z Receiving objects:  31% (559/1801)
2022-11-06T03:09:47.6209272Z Receiving objects:  32% (577/1801)
2022-11-06T03:09:47.6401964Z Receiving objects:  33% (595/1801)
2022-11-06T03:09:47.6402661Z Receiving objects:  34% (613/1801)
2022-11-06T03:09:47.6438942Z Receiving objects:  35% (631/1801)
2022-11-06T03:09:47.6468269Z Receiving objects:  36% (649/1801)
2022-11-06T03:09:47.6491504Z Receiving objects:  37% (667/1801)
2022-11-06T03:09:47.6508254Z Receiving objects:  38% (685/1801)
2022-11-06T03:09:47.6569970Z Receiving objects:  39% (703/1801)
2022-11-06T03:09:47.6653455Z Receiving objects:  40% (721/1801)
2022-11-06T03:09:47.6684488Z Receiving objects:  41% (739/1801)
2022-11-06T03:09:47.6696500Z Receiving objects:  42% (757/1801)
2022-11-06T03:09:47.6709836Z Receiving objects:  43% (775/1801)
2022-11-06T03:09:47.6730354Z Receiving objects:  44% (793/1801)
2022-11-06T03:09:47.6750435Z Receiving objects:  45% (811/1801)
2022-11-06T03:09:47.6768897Z Receiving objects:  46% (829/1801)
2022-11-06T03:09:47.6783544Z Receiving objects:  47% (847/1801)
2022-11-06T03:09:47.6803837Z Receiving objects:  48% (865/1801)
2022-11-06T03:09:47.6823298Z Receiving objects:  49% (883/1801)
2022-11-06T03:09:47.6840705Z Receiving objects:  50% (901/1801)
2022-11-06T03:09:47.6849396Z Receiving objects:  51% (919/1801)
2022-11-06T03:09:47.6876848Z Receiving objects:  52% (937/1801)
2022-11-06T03:09:47.6892388Z Receiving objects:  53% (955/1801)
2022-11-06T03:09:47.6902372Z Receiving objects:  54% (973/1801)
2022-11-06T03:09:47.6922599Z Receiving objects:  55% (991/1801)
2022-11-06T03:09:47.6938601Z Receiving objects:  56% (1009/1801)
2022-11-06T03:09:47.6968996Z Receiving objects:  57% (1027/1801)
2022-11-06T03:09:47.6988431Z Receiving objects:  58% (1045/1801)
2022-11-06T03:09:47.7002622Z Receiving objects:  59% (1063/1801)
2022-11-06T03:09:47.7023221Z Receiving objects:  60% (1081/1801)
2022-11-06T03:09:47.7046230Z Receiving objects:  61% (1099/1801)
2022-11-06T03:09:47.7067149Z Receiving objects:  62% (1117/1801)
2022-11-06T03:09:47.7081913Z Receiving objects:  63% (1135/1801)
2022-11-06T03:09:47.7090085Z Receiving objects:  64% (1153/1801)
2022-11-06T03:09:47.7098367Z Receiving objects:  65% (1171/1801)
2022-11-06T03:09:47.7118333Z Receiving objects:  66% (1189/1801)
2022-11-06T03:09:47.7156185Z Receiving objects:  67% (1207/1801)
2022-11-06T03:09:47.7180039Z Receiving objects:  68% (1225/1801)
2022-11-06T03:09:47.7188491Z Receiving objects:  69% (1243/1801)
2022-11-06T03:09:47.7201001Z Receiving objects:  70% (1261/1801)
2022-11-06T03:09:47.7207800Z Receiving objects:  71% (1279/1801)
2022-11-06T03:09:47.7227579Z Receiving objects:  72% (1297/1801)
2022-11-06T03:09:47.7241563Z Receiving objects:  73% (1315/1801)
2022-11-06T03:09:47.7261856Z Receiving objects:  74% (1333/1801)
2022-11-06T03:09:47.7288155Z Receiving objects:  75% (1351/1801)
2022-11-06T03:09:47.7304030Z Receiving objects:  76% (1369/1801)
2022-11-06T03:09:47.7311486Z Receiving objects:  77% (1387/1801)
2022-11-06T03:09:47.7320221Z Receiving objects:  78% (1405/1801)
2022-11-06T03:09:47.7340919Z Receiving objects:  79% (1423/1801)
2022-11-06T03:09:47.7362735Z Receiving objects:  80% (1441/1801)
2022-11-06T03:09:47.7380225Z Receiving objects:  81% (1459/1801)
2022-11-06T03:09:47.7404222Z Receiving objects:  82% (1477/1801)
2022-11-06T03:09:47.7426673Z Receiving objects:  83% (1495/1801)
2022-11-06T03:09:47.7434364Z Receiving objects:  84% (1513/1801)
2022-11-06T03:09:47.7450943Z Receiving objects:  85% (1531/1801)
2022-11-06T03:09:47.7456204Z Receiving objects:  86% (1549/1801)
2022-11-06T03:09:47.7456682Z Receiving objects:  87% (1567/1801)
2022-11-06T03:09:47.7457398Z Receiving objects:  88% (1585/1801)
2022-11-06T03:09:47.7458688Z Receiving objects:  89% (1603/1801)
2022-11-06T03:09:47.7462708Z Receiving objects:  90% (1621/1801)
2022-11-06T03:09:47.7479919Z Receiving objects:  91% (1639/1801)
2022-11-06T03:09:47.7484218Z Receiving objects:  92% (1657/1801)
2022-11-06T03:09:47.7484858Z Receiving objects:  93% (1675/1801)
2022-11-06T03:09:47.7486571Z Receiving objects:  94% (1693/1801)
2022-11-06T03:09:47.7490536Z Receiving objects:  95% (1711/1801)
2022-11-06T03:09:47.7493487Z Receiving objects:  96% (1729/1801)
2022-11-06T03:09:47.7496454Z Receiving objects:  97% (1747/1801)
2022-11-06T03:09:47.7528971Z Receiving objects:  98% (1765/1801)
2022-11-06T03:09:47.7560153Z Receiving objects:  99% (1783/1801)
2022-11-06T03:09:47.7561211Z remote: Total 1801 (delta 919), reused 1703 (delta 888), pack-reused 0        
2022-11-06T03:09:47.7571452Z Receiving objects: 100% (1801/1801)
2022-11-06T03:09:47.7571994Z Receiving objects: 100% (1801/1801), 5.58 MiB | 24.73 MiB/s, done.
2022-11-06T03:09:47.7577801Z Resolving deltas:   0% (0/919)
2022-11-06T03:09:47.7614465Z Resolving deltas:   1% (10/919)
2022-11-06T03:09:47.7643165Z Resolving deltas:   2% (19/919)
2022-11-06T03:09:47.7661803Z Resolving deltas:   3% (28/919)
2022-11-06T03:09:47.7686640Z Resolving deltas:   4% (37/919)
2022-11-06T03:09:47.7706498Z Resolving deltas:   5% (46/919)
2022-11-06T03:09:47.7726953Z Resolving deltas:   6% (56/919)
2022-11-06T03:09:47.7750331Z Resolving deltas:   7% (65/919)
2022-11-06T03:09:47.7758026Z Resolving deltas:   8% (74/919)
2022-11-06T03:09:47.7777798Z Resolving deltas:   9% (83/919)
2022-11-06T03:09:47.7781359Z Resolving deltas:  10% (92/919)
2022-11-06T03:09:47.7784802Z Resolving deltas:  11% (102/919)
2022-11-06T03:09:47.7788011Z Resolving deltas:  12% (111/919)
2022-11-06T03:09:47.7791456Z Resolving deltas:  13% (120/919)
2022-11-06T03:09:47.7795060Z Resolving deltas:  14% (129/919)
2022-11-06T03:09:47.7798771Z Resolving deltas:  15% (138/919)
2022-11-06T03:09:47.7801899Z Resolving deltas:  16% (148/919)
2022-11-06T03:09:47.7805446Z Resolving deltas:  17% (157/919)
2022-11-06T03:09:47.7811313Z Resolving deltas:  18% (166/919)
2022-11-06T03:09:47.7813993Z Resolving deltas:  19% (175/919)
2022-11-06T03:09:47.7815706Z Resolving deltas:  20% (184/919)
2022-11-06T03:09:47.7818014Z Resolving deltas:  21% (193/919)
2022-11-06T03:09:47.7819660Z Resolving deltas:  22% (203/919)
2022-11-06T03:09:47.7822066Z Resolving deltas:  23% (212/919)
2022-11-06T03:09:47.7823888Z Resolving deltas:  24% (221/919)
2022-11-06T03:09:47.7825636Z Resolving deltas:  25% (230/919)
2022-11-06T03:09:47.7828148Z Resolving deltas:  26% (239/919)
2022-11-06T03:09:47.7833853Z Resolving deltas:  27% (249/919)
2022-11-06T03:09:47.7838645Z Resolving deltas:  28% (258/919)
2022-11-06T03:09:47.7844431Z Resolving deltas:  29% (267/919)
2022-11-06T03:09:47.7846399Z Resolving deltas:  30% (276/919)
2022-11-06T03:09:47.7848531Z Resolving deltas:  31% (285/919)
2022-11-06T03:09:47.7863945Z Resolving deltas:  32% (295/919)
2022-11-06T03:09:47.7907087Z Resolving deltas:  33% (304/919)
2022-11-06T03:09:47.7960422Z Resolving deltas:  34% (313/919)
2022-11-06T03:09:47.7997450Z Resolving deltas:  35% (322/919)
2022-11-06T03:09:47.8069408Z Resolving deltas:  36% (331/919)
2022-11-06T03:09:47.8079692Z Resolving deltas:  37% (341/919)
2022-11-06T03:09:47.8245803Z Resolving deltas:  38% (350/919)
2022-11-06T03:09:47.8251833Z Resolving deltas:  39% (359/919)
2022-11-06T03:09:47.8297431Z Resolving deltas:  40% (368/919)
2022-11-06T03:09:47.8375496Z Resolving deltas:  41% (377/919)
2022-11-06T03:09:47.8418516Z Resolving deltas:  42% (387/919)
2022-11-06T03:09:47.8464945Z Resolving deltas:  43% (396/919)
2022-11-06T03:09:47.8478986Z Resolving deltas:  44% (405/919)
2022-11-06T03:09:47.8570265Z Resolving deltas:  45% (414/919)
2022-11-06T03:09:47.8699604Z Resolving deltas:  46% (423/919)
2022-11-06T03:09:47.8845773Z Resolving deltas:  47% (432/919)
2022-11-06T03:09:47.8846181Z Resolving deltas:  48% (442/919)
2022-11-06T03:09:47.8846768Z Resolving deltas:  49% (451/919)
2022-11-06T03:09:47.8849176Z Resolving deltas:  50% (460/919)
2022-11-06T03:09:47.8898672Z Resolving deltas:  51% (469/919)
2022-11-06T03:09:47.8968856Z Resolving deltas:  52% (478/919)
2022-11-06T03:09:47.9031967Z Resolving deltas:  53% (488/919)
2022-11-06T03:09:47.9126575Z Resolving deltas:  54% (497/919)
2022-11-06T03:09:47.9129086Z Resolving deltas:  55% (506/919)
2022-11-06T03:09:47.9133092Z Resolving deltas:  56% (515/919)
2022-11-06T03:09:47.9137683Z Resolving deltas:  57% (524/919)
2022-11-06T03:09:47.9141592Z Resolving deltas:  58% (534/919)
2022-11-06T03:09:47.9142907Z Resolving deltas:  59% (543/919)
2022-11-06T03:09:47.9144389Z Resolving deltas:  60% (552/919)
2022-11-06T03:09:47.9144975Z Resolving deltas:  61% (561/919)
2022-11-06T03:09:47.9145518Z Resolving deltas:  62% (570/919)
2022-11-06T03:09:47.9147458Z Resolving deltas:  63% (579/919)
2022-11-06T03:09:47.9149152Z Resolving deltas:  64% (589/919)
2022-11-06T03:09:47.9150384Z Resolving deltas:  65% (598/919)
2022-11-06T03:09:47.9158453Z Resolving deltas:  66% (607/919)
2022-11-06T03:09:47.9159818Z Resolving deltas:  67% (616/919)
2022-11-06T03:09:47.9162437Z Resolving deltas:  68% (625/919)
2022-11-06T03:09:47.9164433Z Resolving deltas:  69% (635/919)
2022-11-06T03:09:47.9169878Z Resolving deltas:  70% (644/919)
2022-11-06T03:09:47.9173853Z Resolving deltas:  71% (653/919)
2022-11-06T03:09:47.9182927Z Resolving deltas:  72% (662/919)
2022-11-06T03:09:47.9185194Z Resolving deltas:  73% (671/919)
2022-11-06T03:09:47.9186494Z Resolving deltas:  74% (681/919)
2022-11-06T03:09:47.9190942Z Resolving deltas:  75% (690/919)
2022-11-06T03:09:47.9193043Z Resolving deltas:  76% (699/919)
2022-11-06T03:09:47.9198213Z Resolving deltas:  77% (708/919)
2022-11-06T03:09:47.9204523Z Resolving deltas:  78% (717/919)
2022-11-06T03:09:47.9209085Z Resolving deltas:  79% (727/919)
2022-11-06T03:09:47.9210902Z Resolving deltas:  80% (736/919)
2022-11-06T03:09:47.9212139Z Resolving deltas:  81% (745/919)
2022-11-06T03:09:47.9213792Z Resolving deltas:  82% (754/919)
2022-11-06T03:09:47.9216066Z Resolving deltas:  83% (763/919)
2022-11-06T03:09:47.9223701Z Resolving deltas:  84% (772/919)
2022-11-06T03:09:47.9230395Z Resolving deltas:  85% (782/919)
2022-11-06T03:09:47.9253962Z Resolving deltas:  86% (791/919)
2022-11-06T03:09:47.9264331Z Resolving deltas:  87% (800/919)
2022-11-06T03:09:47.9269470Z Resolving deltas:  88% (809/919)
2022-11-06T03:09:47.9282335Z Resolving deltas:  89% (818/919)
2022-11-06T03:09:47.9290765Z Resolving deltas:  90% (828/919)
2022-11-06T03:09:47.9304454Z Resolving deltas:  91% (837/919)
2022-11-06T03:09:47.9312315Z Resolving deltas:  92% (846/919)
2022-11-06T03:09:47.9322747Z Resolving deltas:  93% (855/919)
2022-11-06T03:09:47.9344857Z Resolving deltas:  94% (864/919)
2022-11-06T03:09:47.9361561Z Resolving deltas:  95% (874/919)
2022-11-06T03:09:47.9377652Z Resolving deltas:  96% (883/919)
2022-11-06T03:09:47.9391833Z Resolving deltas:  97% (892/919)
2022-11-06T03:09:47.9400377Z Resolving deltas:  98% (901/919)
2022-11-06T03:09:47.9406678Z Resolving deltas:  99% (910/919)
2022-11-06T03:09:47.9413698Z Resolving deltas: 100% (919/919)
2022-11-06T03:09:47.9413970Z Resolving deltas: 100% (919/919), done.
2022-11-06T03:09:47.9639127Z From https://github.com/seanpm2001/GitHub_Stats_A
2022-11-06T03:09:47.9639998Z  * [new ref]         d1aa80882e35fa0413221e590895ba55240e548a -> origin/master
2022-11-06T03:09:47.9662560Z ##[endgroup]
2022-11-06T03:09:47.9663421Z ##[group]Determining the checkout info
2022-11-06T03:09:47.9664873Z ##[endgroup]
2022-11-06T03:09:47.9665575Z ##[group]Checking out the ref
2022-11-06T03:09:47.9669943Z [command]/usr/bin/git checkout --progress --force -B master refs/remotes/origin/master
2022-11-06T03:09:48.1927193Z Reset branch 'master'
2022-11-06T03:09:48.1939420Z branch 'master' set up to track 'origin/master'.
2022-11-06T03:09:48.1957309Z ##[endgroup]
2022-11-06T03:09:48.2003355Z [command]/usr/bin/git log -1 --format='%H'
2022-11-06T03:09:48.2033048Z 'd1aa80882e35fa0413221e590895ba55240e548a'
2022-11-06T03:09:48.2356439Z ##[group]Run actions/setup-python@v2
2022-11-06T03:09:48.2356768Z with:
2022-11-06T03:09:48.2357101Z   python-version: 3.8
2022-11-06T03:09:48.2357400Z   architecture: x64
2022-11-06T03:09:48.2357817Z   token: ***
2022-11-06T03:09:48.2358089Z ##[endgroup]
2022-11-06T03:09:48.3887414Z ##[warning]The `set-output` command is deprecated and will be disabled soon. Please upgrade to using Environment Files. For more information see: https://github.blog/changelog/2022-10-11-github-actions-deprecating-save-state-and-set-output-commands/
2022-11-06T03:09:48.3897885Z Successfully setup CPython (3.8.14)
2022-11-06T03:09:48.8359308Z ##[group]Run actions/cache@v2
2022-11-06T03:09:48.8359544Z with:
2022-11-06T03:09:48.8359740Z   path: ~/.cache/pip
2022-11-06T03:09:48.8360083Z   key: Linux-pip-60f2a6c0212a9b74a155cd81b58dd07fd8b180833132566260d95f4de42fe218
2022-11-06T03:09:48.8360529Z   restore-keys: Linux-pip-

2022-11-06T03:09:48.8360762Z env:
2022-11-06T03:09:48.8361027Z   pythonLocation: /opt/hostedtoolcache/Python/3.8.14/x64
2022-11-06T03:09:48.8361364Z   LD_LIBRARY_PATH: /opt/hostedtoolcache/Python/3.8.14/x64/lib
2022-11-06T03:09:48.8361612Z ##[endgroup]
2022-11-06T03:09:48.9745404Z ##[warning]The `save-state` command is deprecated and will be disabled soon. Please upgrade to using Environment Files. For more information see: https://github.blog/changelog/2022-10-11-github-actions-deprecating-save-state-and-set-output-commands/
2022-11-06T03:09:50.4520684Z Received 4175495 of 4175495 (100.0%), 8.1 MBs/sec
2022-11-06T03:09:50.4522810Z Cache Size: ~4 MB (4175495 B)
2022-11-06T03:09:50.4546985Z [command]/usr/bin/tar --use-compress-program zstd -d -xf /home/runner/work/_temp/40463a00-042a-409c-a5c3-0f2a9a33aa52/cache.tzst -P -C /home/runner/work/GitHub_Stats_A/GitHub_Stats_A
2022-11-06T03:09:50.4739640Z Cache restored successfully
2022-11-06T03:09:50.4750732Z ##[warning]The `save-state` command is deprecated and will be disabled soon. Please upgrade to using Environment Files. For more information see: https://github.blog/changelog/2022-10-11-github-actions-deprecating-save-state-and-set-output-commands/
2022-11-06T03:09:50.4805990Z 
2022-11-06T03:09:50.4808265Z ##[warning]The `set-output` command is deprecated and will be disabled soon. Please upgrade to using Environment Files. For more information see: https://github.blog/changelog/2022-10-11-github-actions-deprecating-save-state-and-set-output-commands/
2022-11-06T03:09:50.4811853Z Cache restored from key: Linux-pip-60f2a6c0212a9b74a155cd81b58dd07fd8b180833132566260d95f4de42fe218
2022-11-06T03:09:50.4936220Z ##[group]Run python3 -m pip install --upgrade pip setuptools wheel
2022-11-06T03:09:50.4936736Z [36;1mpython3 -m pip install --upgrade pip setuptools wheel[0m
2022-11-06T03:09:50.4937080Z [36;1mpython3 -m pip install -r requirements.txt[0m
2022-11-06T03:09:50.4992032Z shell: /usr/bin/bash -e {0}
2022-11-06T03:09:50.4992279Z env:
2022-11-06T03:09:50.4992561Z   pythonLocation: /opt/hostedtoolcache/Python/3.8.14/x64
2022-11-06T03:09:50.4992918Z   LD_LIBRARY_PATH: /opt/hostedtoolcache/Python/3.8.14/x64/lib
2022-11-06T03:09:50.4993202Z ##[endgroup]
2022-11-06T03:09:51.3399739Z Requirement already satisfied: pip in /opt/hostedtoolcache/Python/3.8.14/x64/lib/python3.8/site-packages (22.3)
2022-11-06T03:09:51.5028938Z Collecting pip
2022-11-06T03:09:51.6743216Z   Downloading pip-22.3.1-py3-none-any.whl (2.1 MB)
2022-11-06T03:09:51.7761401Z      â”â”â”â”â”â”â”â”â”â”â”â”â”â”â”â”â”â”â”â”â”â”â”â”â”â”â”â”â”â”â”â”â”â”â”â”â”â”â”â” 2.1/2.1 MB 20.8 MB/s eta 0:00:00
2022-11-06T03:09:51.7891182Z Requirement already satisfied: setuptools in /opt/hostedtoolcache/Python/3.8.14/x64/lib/python3.8/site-packages (56.0.0)
2022-11-06T03:09:52.0952847Z Collecting setuptools
2022-11-06T03:09:52.1168431Z   Downloading setuptools-65.5.1-py3-none-any.whl (1.2 MB)
2022-11-06T03:09:52.1322089Z      â”â”â”â”â”â”â”â”â”â”â”â”â”â”â”â”â”â”â”â”â”â”â”â”â”â”â”â”â”â”â”â”â”â”â”â”â”â”â”â” 1.2/1.2 MB 96.2 MB/s eta 0:00:00
2022-11-06T03:09:52.1919889Z Collecting wheel
2022-11-06T03:09:52.2148481Z   Downloading wheel-0.38.2-py3-none-any.whl (36 kB)
2022-11-06T03:09:52.3374180Z Installing collected packages: wheel, setuptools, pip
2022-11-06T03:09:52.3669531Z   Attempting uninstall: setuptools
2022-11-06T03:09:52.3676795Z     Found existing installation: setuptools 56.0.0
2022-11-06T03:09:52.4186491Z     Uninstalling setuptools-56.0.0:
2022-11-06T03:09:52.4294343Z       Successfully uninstalled setuptools-56.0.0
2022-11-06T03:09:52.9603760Z   Attempting uninstall: pip
2022-11-06T03:09:52.9610857Z     Found existing installation: pip 22.3
2022-11-06T03:09:53.1397411Z     Uninstalling pip-22.3:
2022-11-06T03:09:53.1968721Z       Successfully uninstalled pip-22.3
2022-11-06T03:09:54.3034359Z Successfully installed pip-22.3.1 setuptools-65.5.1 wheel-0.38.2
2022-11-06T03:09:55.1520826Z Collecting requests
2022-11-06T03:09:55.1545102Z   Using cached requests-2.28.1-py3-none-any.whl (62 kB)
2022-11-06T03:09:55.6213260Z Collecting aiohttp
2022-11-06T03:09:55.6947766Z   Downloading aiohttp-3.8.3-cp38-cp38-manylinux_2_17_x86_64.manylinux2014_x86_64.whl (1.0 MB)
2022-11-06T03:09:55.7708344Z      â”â”â”â”â”â”â”â”â”â”â”â”â”â”â”â”â”â”â”â”â”â”â”â”â”â”â”â”â”â”â”â”â”â”â”â”â”â”â”â” 1.0/1.0 MB 14.2 MB/s eta 0:00:00
2022-11-06T03:09:55.8768848Z Collecting charset-normalizer<3,>=2
2022-11-06T03:09:55.8792380Z   Using cached charset_normalizer-2.1.1-py3-none-any.whl (39 kB)
2022-11-06T03:09:55.9444841Z Collecting urllib3<1.27,>=1.21.1
2022-11-06T03:09:55.9469143Z   Using cached urllib3-1.26.12-py2.py3-none-any.whl (140 kB)
2022-11-06T03:09:55.9894772Z Collecting certifi>=2017.4.17
2022-11-06T03:09:56.0076183Z   Downloading certifi-2022.9.24-py3-none-any.whl (161 kB)
2022-11-06T03:09:56.0139207Z      â”â”â”â”â”â”â”â”â”â”â”â”â”â”â”â”â”â”â”â”â”â”â”â”â”â”â”â”â”â”â”â”â”â”â”â”â”â” 161.1/161.1 kB 46.4 MB/s eta 0:00:00
2022-11-06T03:09:56.0685147Z Collecting idna<4,>=2.5
2022-11-06T03:09:56.0845559Z   Downloading idna-3.4-py3-none-any.whl (61 kB)
2022-11-06T03:09:56.0902635Z      â”â”â”â”â”â”â”â”â”â”â”â”â”â”â”â”â”â”â”â”â”â”â”â”â”â”â”â”â”â”â”â”â”â”â”â”â”â”â”â” 61.5/61.5 kB 18.4 MB/s eta 0:00:00
2022-11-06T03:09:56.2001480Z Collecting frozenlist>=1.1.1
2022-11-06T03:09:56.2025112Z   Using cached frozenlist-1.3.1-cp38-cp38-manylinux_2_5_x86_64.manylinux1_x86_64.manylinux_2_17_x86_64.manylinux2014_x86_64.whl (161 kB)
2022-11-06T03:09:56.2391390Z Collecting async-timeout<5.0,>=4.0.0a3
2022-11-06T03:09:56.2413952Z   Using cached async_timeout-4.0.2-py3-none-any.whl (5.8 kB)
2022-11-06T03:09:56.2815832Z Collecting attrs>=17.3.0
2022-11-06T03:09:56.2836155Z   Using cached attrs-22.1.0-py2.py3-none-any.whl (58 kB)
2022-11-06T03:09:56.3128695Z Collecting aiosignal>=1.1.2
2022-11-06T03:09:56.3150205Z   Using cached aiosignal-1.2.0-py3-none-any.whl (8.2 kB)
2022-11-06T03:09:56.7018707Z Collecting multidict<7.0,>=4.5
2022-11-06T03:09:56.7039233Z   Using cached multidict-6.0.2-cp38-cp38-manylinux_2_17_x86_64.manylinux2014_x86_64.whl (121 kB)
2022-11-06T03:09:56.9277003Z Collecting yarl<2.0,>=1.0
2022-11-06T03:09:56.9302652Z   Using cached yarl-1.8.1-cp38-cp38-manylinux_2_17_x86_64.manylinux2014_x86_64.whl (262 kB)
2022-11-06T03:09:57.1575549Z Installing collected packages: urllib3, multidict, idna, frozenlist, charset-normalizer, certifi, attrs, async-timeout, yarl, requests, aiosignal, aiohttp
2022-11-06T03:09:57.6399108Z Successfully installed aiohttp-3.8.3 aiosignal-1.2.0 async-timeout-4.0.2 attrs-22.1.0 certifi-2022.9.24 charset-normalizer-2.1.1 frozenlist-1.3.1 idna-3.4 multidict-6.0.2 requests-2.28.1 urllib3-1.26.12 yarl-1.8.1
2022-11-06T03:09:57.8261605Z ##[group]Run python3 --version
2022-11-06T03:09:57.8261950Z [36;1mpython3 --version[0m
2022-11-06T03:09:57.8262244Z [36;1mpython3 generate_images.py[0m
2022-11-06T03:09:57.8315600Z shell: /usr/bin/bash -e {0}
2022-11-06T03:09:57.8315837Z env:
2022-11-06T03:09:57.8316115Z   pythonLocation: /opt/hostedtoolcache/Python/3.8.14/x64
2022-11-06T03:09:57.8316464Z   LD_LIBRARY_PATH: /opt/hostedtoolcache/Python/3.8.14/x64/lib
2022-11-06T03:09:57.8317057Z   ACCESS_TOKEN: ***
2022-11-06T03:09:57.8317410Z   GITHUB_TOKEN: ***
2022-11-06T03:09:57.8317635Z   EXCLUDED: 
2022-11-06T03:09:57.8317845Z   EXCLUDED_LANGS: 
2022-11-06T03:09:57.8318075Z   EXCLUDE_FORKED_REPOS: true
2022-11-06T03:09:57.8318307Z ##[endgroup]
2022-11-06T03:09:57.8411044Z Python 3.8.14
2022-11-06T03:19:31.4580109Z A path returned 202. Retrying...
2022-11-06T03:19:31.4580507Z A path returned 202. Retrying...
2022-11-06T03:19:31.4580930Z A path returned 202. Retrying...
2022-11-06T03:19:31.4581305Z A path returned 202. Retrying...
2022-11-06T03:19:31.4581578Z A path returned 202. Retrying...
2022-11-06T03:19:31.4581859Z A path returned 202. Retrying...
2022-11-06T03:19:31.4582149Z A path returned 202. Retrying...
2022-11-06T03:19:31.4582433Z A path returned 202. Retrying...
2022-11-06T03:19:31.4582719Z A path returned 202. Retrying...
2022-11-06T03:19:31.4583007Z A path returned 202. Retrying...
2022-11-06T03:19:31.4583296Z A path returned 202. Retrying...
2022-11-06T03:19:31.4583565Z A path returned 202. Retrying...
2022-11-06T03:19:31.4583845Z A path returned 202. Retrying...
2022-11-06T03:19:31.4584539Z A path returned 202. Retrying...
2022-11-06T03:19:31.4584827Z A path returned 202. Retrying...
2022-11-06T03:19:31.4585109Z A path returned 202. Retrying...
2022-11-06T03:19:31.4585392Z A path returned 202. Retrying...
2022-11-06T03:19:31.4585681Z A path returned 202. Retrying...
2022-11-06T03:19:31.4585964Z A path returned 202. Retrying...
2022-11-06T03:19:31.4586240Z A path returned 202. Retrying...
2022-11-06T03:19:31.4586524Z A path returned 202. Retrying...
2022-11-06T03:19:31.4586811Z A path returned 202. Retrying...
2022-11-06T03:19:31.4587090Z A path returned 202. Retrying...
2022-11-06T03:19:31.4587376Z A path returned 202. Retrying...
2022-11-06T03:19:31.4587661Z A path returned 202. Retrying...
2022-11-06T03:19:31.4587943Z A path returned 202. Retrying...
2022-11-06T03:19:31.4588224Z A path returned 202. Retrying...
2022-11-06T03:19:31.4588496Z A path returned 202. Retrying...
2022-11-06T03:19:31.4588773Z A path returned 202. Retrying...
2022-11-06T03:19:31.4589054Z A path returned 202. Retrying...
2022-11-06T03:19:31.4589335Z A path returned 202. Retrying...
2022-11-06T03:19:31.4589622Z A path returned 202. Retrying...
2022-11-06T03:19:31.4589902Z A path returned 202. Retrying...
2022-11-06T03:19:31.4590178Z A path returned 202. Retrying...
2022-11-06T03:19:31.4590446Z A path returned 202. Retrying...
2022-11-06T03:19:31.4590726Z A path returned 202. Retrying...
2022-11-06T03:19:31.4591011Z A path returned 202. Retrying...
2022-11-06T03:19:31.4591294Z A path returned 202. Retrying...
2022-11-06T03:19:31.4591573Z A path returned 202. Retrying...
2022-11-06T03:19:31.4591855Z A path returned 202. Retrying...
2022-11-06T03:19:31.4592133Z A path returned 202. Retrying...
2022-11-06T03:19:31.4592413Z A path returned 202. Retrying...
2022-11-06T03:19:31.4592680Z A path returned 202. Retrying...
2022-11-06T03:19:31.4592958Z A path returned 202. Retrying...
2022-11-06T03:19:31.4593240Z A path returned 202. Retrying...
2022-11-06T03:19:31.4593519Z A path returned 202. Retrying...
2022-11-06T03:19:31.4593803Z A path returned 202. Retrying...
2022-11-06T03:19:31.4594082Z A path returned 202. Retrying...
2022-11-06T03:19:31.4594362Z A path returned 202. Retrying...
2022-11-06T03:19:31.4594687Z A path returned 202. Retrying...
2022-11-06T03:19:31.4594953Z A path returned 202. Retrying...
2022-11-06T03:19:31.4595235Z A path returned 202. Retrying...
2022-11-06T03:19:31.4595514Z A path returned 202. Retrying...
2022-11-06T03:19:31.4595997Z A path returned 202. Retrying...
2022-11-06T03:19:31.4596288Z A path returned 202. Retrying...
2022-11-06T03:19:31.4596573Z A path returned 202. Retrying...
2022-11-06T03:19:31.4596853Z A path returned 202. Retrying...
2022-11-06T03:19:31.4597120Z A path returned 202. Retrying...
2022-11-06T03:19:31.4597404Z A path returned 202. Retrying...
2022-11-06T03:19:31.4597684Z A path returned 202. Retrying...
2022-11-06T03:19:31.4597967Z A path returned 202. Retrying...
2022-11-06T03:19:31.4598247Z A path returned 202. Retrying...
2022-11-06T03:19:31.4598538Z A path returned 202. Retrying...
2022-11-06T03:19:31.4598821Z A path returned 202. Retrying...
2022-11-06T03:19:31.4599100Z A path returned 202. Retrying...
2022-11-06T03:19:31.4599363Z A path returned 202. Retrying...
2022-11-06T03:19:31.4599649Z A path returned 202. Retrying...
2022-11-06T03:19:31.4599928Z A path returned 202. Retrying...
2022-11-06T03:19:31.4600213Z A path returned 202. Retrying...
2022-11-06T03:19:31.4600495Z A path returned 202. Retrying...
2022-11-06T03:19:31.4600774Z A path returned 202. Retrying...
2022-11-06T03:19:31.4601053Z A path returned 202. Retrying...
2022-11-06T03:19:31.4601335Z A path returned 202. Retrying...
2022-11-06T03:19:31.4601604Z A path returned 202. Retrying...
2022-11-06T03:19:31.4601882Z A path returned 202. Retrying...
2022-11-06T03:19:31.4602161Z A path returned 202. Retrying...
2022-11-06T03:19:31.4602443Z A path returned 202. Retrying...
2022-11-06T03:19:31.4602807Z A path returned 202. Retrying...
2022-11-06T03:19:31.4603052Z A path returned 202. Retrying...
2022-11-06T03:19:31.4603368Z A path returned 202. Retrying...
2022-11-06T03:19:31.4603599Z A path returned 202. Retrying...
2022-11-06T03:19:31.4603845Z A path returned 202. Retrying...
2022-11-06T03:19:31.4604089Z A path returned 202. Retrying...
2022-11-06T03:19:31.4604336Z A path returned 202. Retrying...
2022-11-06T03:19:31.4604754Z A path returned 202. Retrying...
2022-11-06T03:19:31.4605007Z A path returned 202. Retrying...
2022-11-06T03:19:31.4605257Z A path returned 202. Retrying...
2022-11-06T03:19:31.4605503Z A path returned 202. Retrying...
2022-11-06T03:19:31.4605734Z A path returned 202. Retrying...
2022-11-06T03:19:31.4605981Z A path returned 202. Retrying...
2022-11-06T03:19:31.4606228Z A path returned 202. Retrying...
2022-11-06T03:19:31.4606479Z A path returned 202. Retrying...
2022-11-06T03:19:31.4606724Z A path returned 202. Retrying...
2022-11-06T03:19:31.4606969Z A path returned 202. Retrying...
2022-11-06T03:19:31.4607214Z A path returned 202. Retrying...
2022-11-06T03:19:31.4607460Z A path returned 202. Retrying...
2022-11-06T03:19:31.4607691Z A path returned 202. Retrying...
2022-11-06T03:19:31.4607934Z A path returned 202. Retrying...
2022-11-06T03:19:31.4608177Z A path returned 202. Retrying...
2022-11-06T03:19:31.4608422Z A path returned 202. Retrying...
2022-11-06T03:19:31.4608666Z A path returned 202. Retrying...
2022-11-06T03:19:31.4608911Z A path returned 202. Retrying...
2022-11-06T03:19:31.4609158Z A path returned 202. Retrying...
2022-11-06T03:19:31.4609404Z A path returned 202. Retrying...
2022-11-06T03:19:31.4609636Z A path returned 202. Retrying...
2022-11-06T03:19:31.4609879Z A path returned 202. Retrying...
2022-11-06T03:19:31.4610182Z A path returned 202. Retrying...
2022-11-06T03:19:31.4610426Z A path returned 202. Retrying...
2022-11-06T03:19:31.4610676Z A path returned 202. Retrying...
2022-11-06T03:19:31.4610920Z A path returned 202. Retrying...
2022-11-06T03:19:31.4611168Z A path returned 202. Retrying...
2022-11-06T03:19:31.4611399Z A path returned 202. Retrying...
2022-11-06T03:19:31.4611646Z A path returned 202. Retrying...
2022-11-06T03:19:31.4611893Z A path returned 202. Retrying...
2022-11-06T03:19:31.4612141Z A path returned 202. Retrying...
2022-11-06T03:19:31.4612385Z A path returned 202. Retrying...
2022-11-06T03:19:31.4612629Z A path returned 202. Retrying...
2022-11-06T03:19:31.4612874Z A path returned 202. Retrying...
2022-11-06T03:19:31.4613119Z A path returned 202. Retrying...
2022-11-06T03:19:31.4613445Z A path returned 202. Retrying...
2022-11-06T03:19:31.4613693Z A path returned 202. Retrying...
2022-11-06T03:19:31.4613940Z A path returned 202. Retrying...
2022-11-06T03:19:31.4614187Z A path returned 202. Retrying...
2022-11-06T03:19:31.4614433Z A path returned 202. Retrying...
2022-11-06T03:19:31.4614682Z A path returned 202. Retrying...
2022-11-06T03:19:31.4614930Z A path returned 202. Retrying...
2022-11-06T03:19:31.4615176Z A path returned 202. Retrying...
2022-11-06T03:19:31.4615408Z A path returned 202. Retrying...
2022-11-06T03:19:31.4615656Z A path returned 202. Retrying...
2022-11-06T03:19:31.4615907Z A path returned 202. Retrying...
2022-11-06T03:19:31.4616160Z A path returned 202. Retrying...
2022-11-06T03:19:31.4616406Z A path returned 202. Retrying...
2022-11-06T03:19:31.4616651Z A path returned 202. Retrying...
2022-11-06T03:19:31.4616897Z A path returned 202. Retrying...
2022-11-06T03:19:31.4617129Z A path returned 202. Retrying...
2022-11-06T03:19:31.4617375Z A path returned 202. Retrying...
2022-11-06T03:19:31.4617622Z A path returned 202. Retrying...
2022-11-06T03:19:31.4617870Z A path returned 202. Retrying...
2022-11-06T03:19:31.4618114Z A path returned 202. Retrying...
2022-11-06T03:19:31.4618359Z A path returned 202. Retrying...
2022-11-06T03:19:31.4618604Z A path returned 202. Retrying...
2022-11-06T03:19:31.4618849Z A path returned 202. Retrying...
2022-11-06T03:19:31.4619078Z A path returned 202. Retrying...
2022-11-06T03:19:31.4619323Z A path returned 202. Retrying...
2022-11-06T03:19:31.4619568Z A path returned 202. Retrying...
2022-11-06T03:19:31.4619887Z A path returned 202. Retrying...
2022-11-06T03:19:31.4620139Z A path returned 202. Retrying...
2022-11-06T03:19:31.4620384Z A path returned 202. Retrying...
2022-11-06T03:19:31.4620632Z A path returned 202. Retrying...
2022-11-06T03:19:31.4620874Z A path returned 202. Retrying...
2022-11-06T03:19:31.4621107Z A path returned 202. Retrying...
2022-11-06T03:19:31.4621352Z A path returned 202. Retrying...
2022-11-06T03:19:31.4621600Z A path returned 202. Retrying...
2022-11-06T03:19:31.4621848Z A path returned 202. Retrying...
2022-11-06T03:19:31.4622102Z A path returned 202. Retrying...
2022-11-06T03:19:31.4622345Z A path returned 202. Retrying...
2022-11-06T03:19:31.4622590Z A path returned 202. Retrying...
2022-11-06T03:19:31.4622818Z A path returned 202. Retrying...
2022-11-06T03:19:31.4623064Z A path returned 202. Retrying...
2022-11-06T03:19:31.4623309Z A path returned 202. Retrying...
2022-11-06T03:19:31.4623555Z A path returned 202. Retrying...
2022-11-06T03:19:31.4623802Z A path returned 202. Retrying...
2022-11-06T03:19:31.4624047Z A path returned 202. Retrying...
2022-11-06T03:19:31.4624294Z A path returned 202. Retrying...
2022-11-06T03:19:31.4624549Z A path returned 202. Retrying...
2022-11-06T03:19:31.4624779Z A path returned 202. Retrying...
2022-11-06T03:19:31.4625025Z A path returned 202. Retrying...
2022-11-06T03:19:31.4625269Z A path returned 202. Retrying...
2022-11-06T03:19:31.4625521Z A path returned 202. Retrying...
2022-11-06T03:19:31.4625770Z A path returned 202. Retrying...
2022-11-06T03:19:31.4626016Z A path returned 202. Retrying...
2022-11-06T03:19:31.4626262Z A path returned 202. Retrying...
2022-11-06T03:19:31.4626503Z A path returned 202. Retrying...
2022-11-06T03:19:31.4626733Z A path returned 202. Retrying...
2022-11-06T03:19:31.4626977Z A path returned 202. Retrying...
2022-11-06T03:19:31.4627223Z A path returned 202. Retrying...
2022-11-06T03:19:31.4627466Z A path returned 202. Retrying...
2022-11-06T03:19:31.4627710Z A path returned 202. Retrying...
2022-11-06T03:19:31.4627958Z A path returned 202. Retrying...
2022-11-06T03:19:31.4628200Z A path returned 202. Retrying...
2022-11-06T03:19:31.4628429Z A path returned 202. Retrying...
2022-11-06T03:19:31.4628685Z A path returned 202. Retrying...
2022-11-06T03:19:31.4628932Z A path returned 202. Retrying...
2022-11-06T03:19:31.4629177Z A path returned 202. Retrying...
2022-11-06T03:19:31.4629424Z A path returned 202. Retrying...
2022-11-06T03:19:31.4629732Z A path returned 202. Retrying...
2022-11-06T03:19:31.4629987Z A path returned 202. Retrying...
2022-11-06T03:19:31.4630235Z A path returned 202. Retrying...
2022-11-06T03:19:31.4630468Z A path returned 202. Retrying...
2022-11-06T03:19:31.4630720Z A path returned 202. Retrying...
2022-11-06T03:19:31.4630964Z A path returned 202. Retrying...
2022-11-06T03:19:31.4631210Z A path returned 202. Retrying...
2022-11-06T03:19:31.4631463Z A path returned 202. Retrying...
2022-11-06T03:19:31.4631710Z A path returned 202. Retrying...
2022-11-06T03:19:31.4631957Z A path returned 202. Retrying...
2022-11-06T03:19:31.4632199Z A path returned 202. Retrying...
2022-11-06T03:19:31.4632430Z A path returned 202. Retrying...
2022-11-06T03:19:31.4632674Z A path returned 202. Retrying...
2022-11-06T03:19:31.4632918Z A path returned 202. Retrying...
2022-11-06T03:19:31.4633159Z A path returned 202. Retrying...
2022-11-06T03:19:31.4633402Z A path returned 202. Retrying...
2022-11-06T03:19:31.4633645Z A path returned 202. Retrying...
2022-11-06T03:19:31.4633893Z A path returned 202. Retrying...
2022-11-06T03:19:31.4634124Z A path returned 202. Retrying...
2022-11-06T03:19:31.4634369Z A path returned 202. Retrying...
2022-11-06T03:19:31.4634614Z A path returned 202. Retrying...
2022-11-06T03:19:31.4634858Z A path returned 202. Retrying...
2022-11-06T03:19:31.4635102Z A path returned 202. Retrying...
2022-11-06T03:19:31.4635347Z A path returned 202. Retrying...
2022-11-06T03:19:31.4635639Z A path returned 202. Retrying...
2022-11-06T03:19:31.4635890Z A path returned 202. Retrying...
2022-11-06T03:19:31.4636206Z A path returned 202. Retrying...
2022-11-06T03:19:31.4636453Z A path returned 202. Retrying...
2022-11-06T03:19:31.4636698Z A path returned 202. Retrying...
2022-11-06T03:19:31.4636946Z A path returned 202. Retrying...
2022-11-06T03:19:31.4637191Z A path returned 202. Retrying...
2022-11-06T03:19:31.4637441Z A path returned 202. Retrying...
2022-11-06T03:19:31.4637686Z A path returned 202. Retrying...
2022-11-06T03:19:31.4637935Z A path returned 202. Retrying...
2022-11-06T03:19:31.4638168Z A path returned 202. Retrying...
2022-11-06T03:19:31.4638414Z A path returned 202. Retrying...
2022-11-06T03:19:31.4638659Z A path returned 202. Retrying...
2022-11-06T03:19:31.4638909Z A path returned 202. Retrying...
2022-11-06T03:19:31.4639153Z A path returned 202. Retrying...
2022-11-06T03:19:31.4639397Z A path returned 202. Retrying...
2022-11-06T03:19:31.4639642Z A path returned 202. Retrying...
2022-11-06T03:19:31.4639876Z A path returned 202. Retrying...
2022-11-06T03:19:31.4640128Z A path returned 202. Retrying...
2022-11-06T03:19:31.4640381Z A path returned 202. Retrying...
2022-11-06T03:19:31.4640625Z A path returned 202. Retrying...
2022-11-06T03:19:31.4640870Z A path returned 202. Retrying...
2022-11-06T03:19:31.4641117Z A path returned 202. Retrying...
2022-11-06T03:19:31.4641361Z A path returned 202. Retrying...
2022-11-06T03:19:31.4641603Z A path returned 202. Retrying...
2022-11-06T03:19:31.4641833Z A path returned 202. Retrying...
2022-11-06T03:19:31.4642080Z A path returned 202. Retrying...
2022-11-06T03:19:31.4642325Z A path returned 202. Retrying...
2022-11-06T03:19:31.4642568Z A path returned 202. Retrying...
2022-11-06T03:19:31.4642816Z A path returned 202. Retrying...
2022-11-06T03:19:31.4643060Z A path returned 202. Retrying...
2022-11-06T03:19:31.4643305Z A path returned 202. Retrying...
2022-11-06T03:19:31.4643547Z A path returned 202. Retrying...
2022-11-06T03:19:31.4643779Z A path returned 202. Retrying...
2022-11-06T03:19:31.4644021Z A path returned 202. Retrying...
2022-11-06T03:19:31.4644271Z A path returned 202. Retrying...
2022-11-06T03:19:31.4644511Z A path returned 202. Retrying...
2022-11-06T03:19:31.4644863Z A path returned 202. Retrying...
2022-11-06T03:19:31.4645115Z A path returned 202. Retrying...
2022-11-06T03:28:31.2696872Z A path returned 202. Retrying...
2022-11-06T03:28:31.2697441Z A path returned 202. Retrying...
2022-11-06T03:28:31.2697826Z A path returned 202. Retrying...
2022-11-06T03:28:31.2698773Z A path returned 202. Retrying...
2022-11-06T03:28:31.2699175Z A path returned 202. Retrying...
2022-11-06T03:28:31.2699478Z A path returned 202. Retrying...
2022-11-06T03:28:31.2699864Z A path returned 202. Retrying...
2022-11-06T03:28:31.2700234Z A path returned 202. Retrying...
2022-11-06T03:28:31.2700609Z A path returned 202. Retrying...
2022-11-06T03:28:31.2700978Z A path returned 202. Retrying...
2022-11-06T03:28:31.2701342Z A path returned 202. Retrying...
2022-11-06T03:28:31.2701696Z A path returned 202. Retrying...
2022-11-06T03:28:31.2702066Z A path returned 202. Retrying...
2022-11-06T03:28:31.2702623Z A path returned 202. Retrying...
2022-11-06T03:28:31.2702911Z A path returned 202. Retrying...
2022-11-06T03:28:31.2703283Z A path returned 202. Retrying...
2022-11-06T03:28:31.2703649Z A path returned 202. Retrying...
2022-11-06T03:28:31.2703954Z A path returned 202. Retrying...
2022-11-06T03:28:31.2704237Z A path returned 202. Retrying...
2022-11-06T03:28:31.2704517Z A path returned 202. Retrying...
2022-11-06T03:28:31.2704800Z A path returned 202. Retrying...
2022-11-06T03:28:31.2705640Z A path returned 202. Retrying...
2022-11-06T03:28:31.2706017Z A path returned 202. Retrying...
2022-11-06T03:28:31.2706416Z A path returned 202. Retrying...
2022-11-06T03:28:31.2706781Z A path returned 202. Retrying...
2022-11-06T03:28:31.2707147Z A path returned 202. Retrying...
2022-11-06T03:28:31.2707512Z A path returned 202. Retrying...
2022-11-06T03:28:31.2707879Z A path returned 202. Retrying...
2022-11-06T03:28:31.2708243Z A path returned 202. Retrying...
2022-11-06T03:28:31.2708768Z A path returned 202. Retrying...
2022-11-06T03:28:31.2709136Z A path returned 202. Retrying...
2022-11-06T03:28:31.2709432Z A path returned 202. Retrying...
2022-11-06T03:28:31.2709798Z A path returned 202. Retrying...
2022-11-06T03:28:31.2710164Z A path returned 202. Retrying...
2022-11-06T03:28:31.2710527Z A path returned 202. Retrying...
2022-11-06T03:28:31.2710873Z A path returned 202. Retrying...
2022-11-06T03:28:31.2711246Z A path returned 202. Retrying...
2022-11-06T03:28:31.2711613Z A path returned 202. Retrying...
2022-11-06T03:28:31.2711962Z A path returned 202. Retrying...
2022-11-06T03:28:31.2712329Z A path returned 202. Retrying...
2022-11-06T03:28:31.2712692Z A path returned 202. Retrying...
2022-11-06T03:28:31.2713054Z A path returned 202. Retrying...
2022-11-06T03:28:31.2713417Z A path returned 202. Retrying...
2022-11-06T03:28:31.2713790Z A path returned 202. Retrying...
2022-11-06T03:28:31.2714150Z A path returned 202. Retrying...
2022-11-06T03:28:31.2714513Z A path returned 202. Retrying...
2022-11-06T03:28:31.2714867Z A path returned 202. Retrying...
2022-11-06T03:28:31.2715209Z A path returned 202. Retrying...
2022-11-06T03:28:31.2715546Z A path returned 202. Retrying...
2022-11-06T03:28:31.2715912Z A path returned 202. Retrying...
2022-11-06T03:28:31.2716278Z A path returned 202. Retrying...
2022-11-06T03:28:31.2716650Z A path returned 202. Retrying...
2022-11-06T03:28:31.2717008Z A path returned 202. Retrying...
2022-11-06T03:28:31.2717474Z A path returned 202. Retrying...
2022-11-06T03:28:31.2717842Z A path returned 202. Retrying...
2022-11-06T03:28:31.2718137Z A path returned 202. Retrying...
2022-11-06T03:28:31.2718504Z A path returned 202. Retrying...
2022-11-06T03:28:31.2718865Z A path returned 202. Retrying...
2022-11-06T03:28:31.2719227Z A path returned 202. Retrying...
2022-11-06T03:28:31.2719573Z A path returned 202. Retrying...
2022-11-06T03:28:31.2719929Z A path returned 202. Retrying...
2022-11-06T03:28:31.2720294Z A path returned 202. Retrying...
2022-11-06T03:28:31.2720662Z A path returned 202. Retrying...
2022-11-06T03:28:31.2721026Z A path returned 202. Retrying...
2022-11-06T03:28:31.2721393Z A path returned 202. Retrying...
2022-11-06T03:28:31.2721757Z A path returned 202. Retrying...
2022-11-06T03:28:31.2722119Z A path returned 202. Retrying...
2022-11-06T03:28:31.2722484Z A path returned 202. Retrying...
2022-11-06T03:28:31.2722844Z A path returned 202. Retrying...
2022-11-06T03:28:31.2723305Z A path returned 202. Retrying...
2022-11-06T03:28:31.2723684Z A path returned 202. Retrying...
2022-11-06T03:28:31.2724038Z A path returned 202. Retrying...
2022-11-06T03:28:31.2724397Z A path returned 202. Retrying...
2022-11-06T03:28:31.2724961Z A path returned 202. Retrying...
2022-11-06T03:28:31.2725330Z A path returned 202. Retrying...
2022-11-06T03:28:31.2725698Z A path returned 202. Retrying...
2022-11-06T03:28:31.2726060Z A path returned 202. Retrying...
2022-11-06T03:28:31.2726423Z A path returned 202. Retrying...
2022-11-06T03:28:31.2726794Z A path returned 202. Retrying...
2022-11-06T03:28:31.2727155Z A path returned 202. Retrying...
2022-11-06T03:28:31.2727516Z A path returned 202. Retrying...
2022-11-06T03:28:31.2727876Z A path returned 202. Retrying...
2022-11-06T03:28:31.2728236Z A path returned 202. Retrying...
2022-11-06T03:28:31.2728598Z A path returned 202. Retrying...
2022-11-06T03:28:31.2728943Z A path returned 202. Retrying...
2022-11-06T03:28:31.2729306Z A path returned 202. Retrying...
2022-11-06T03:28:31.2729671Z A path returned 202. Retrying...
2022-11-06T03:28:31.2730038Z A path returned 202. Retrying...
2022-11-06T03:28:31.2730400Z A path returned 202. Retrying...
2022-11-06T03:28:31.2730695Z A path returned 202. Retrying...
2022-11-06T03:28:31.2731055Z A path returned 202. Retrying...
2022-11-06T03:28:31.2731422Z A path returned 202. Retrying...
2022-11-06T03:28:31.2731785Z A path returned 202. Retrying...
2022-11-06T03:28:31.2732150Z A path returned 202. Retrying...
2022-11-06T03:28:31.2732623Z A path returned 202. Retrying...
2022-11-06T03:28:31.2733107Z A path returned 202. Retrying...
2022-11-06T03:28:31.2733453Z A path returned 202. Retrying...
2022-11-06T03:28:31.2733818Z A path returned 202. Retrying...
2022-11-06T03:28:31.2734185Z A path returned 202. Retrying...
2022-11-06T03:28:31.2734552Z A path returned 202. Retrying...
2022-11-06T03:28:31.2734916Z A path returned 202. Retrying...
2022-11-06T03:28:31.2735281Z A path returned 202. Retrying...
2022-11-06T03:28:31.2735648Z A path returned 202. Retrying...
2022-11-06T03:28:31.2736015Z A path returned 202. Retrying...
2022-11-06T03:28:31.2736412Z A path returned 202. Retrying...
2022-11-06T03:28:31.2736776Z A path returned 202. Retrying...
2022-11-06T03:28:31.2737138Z A path returned 202. Retrying...
2022-11-06T03:28:31.2737498Z A path returned 202. Retrying...
2022-11-06T03:28:31.2737840Z A path returned 202. Retrying...
2022-11-06T03:28:31.2738205Z A path returned 202. Retrying...
2022-11-06T03:28:31.2738569Z A path returned 202. Retrying...
2022-11-06T03:28:31.2738933Z A path returned 202. Retrying...
2022-11-06T03:28:31.2739301Z A path returned 202. Retrying...
2022-11-06T03:28:31.2739665Z A path returned 202. Retrying...
2022-11-06T03:28:31.2740035Z A path returned 202. Retrying...
2022-11-06T03:28:31.2740397Z A path returned 202. Retrying...
2022-11-06T03:28:31.2740756Z A path returned 202. Retrying...
2022-11-06T03:28:31.2741115Z A path returned 202. Retrying...
2022-11-06T03:28:31.2741475Z A path returned 202. Retrying...
2022-11-06T03:28:31.2741837Z A path returned 202. Retrying...
2022-11-06T03:28:31.2742180Z A path returned 202. Retrying...
2022-11-06T03:28:31.2742536Z A path returned 202. Retrying...
2022-11-06T03:28:31.2742901Z A path returned 202. Retrying...
2022-11-06T03:28:31.2743264Z A path returned 202. Retrying...
2022-11-06T03:28:31.2743560Z A path returned 202. Retrying...
2022-11-06T03:28:31.2743935Z A path returned 202. Retrying...
2022-11-06T03:28:31.2744299Z A path returned 202. Retrying...
2022-11-06T03:28:31.2744684Z A path returned 202. Retrying...
2022-11-06T03:28:31.2745050Z A path returned 202. Retrying...
2022-11-06T03:28:31.2745412Z A path returned 202. Retrying...
2022-11-06T03:28:31.2745771Z A path returned 202. Retrying...
2022-11-06T03:28:31.2746130Z A path returned 202. Retrying...
2022-11-06T03:28:31.2746474Z A path returned 202. Retrying...
2022-11-06T03:28:31.2746831Z A path returned 202. Retrying...
2022-11-06T03:28:31.2747205Z A path returned 202. Retrying...
2022-11-06T03:28:31.2747662Z A path returned 202. Retrying...
2022-11-06T03:28:31.2748044Z A path returned 202. Retrying...
2022-11-06T03:28:31.2748411Z A path returned 202. Retrying...
2022-11-06T03:28:31.2748781Z A path returned 202. Retrying...
2022-11-06T03:28:31.2749147Z A path returned 202. Retrying...
2022-11-06T03:28:31.2749513Z A path returned 202. Retrying...
2022-11-06T03:28:31.2749873Z A path returned 202. Retrying...
2022-11-06T03:28:31.2750234Z A path returned 202. Retrying...
2022-11-06T03:28:31.2750593Z A path returned 202. Retrying...
2022-11-06T03:28:31.2750939Z A path returned 202. Retrying...
2022-11-06T03:28:31.2751311Z A path returned 202. Retrying...
2022-11-06T03:28:31.2751676Z A path returned 202. Retrying...
2022-11-06T03:28:31.2752050Z A path returned 202. Retrying...
2022-11-06T03:28:31.2752418Z A path returned 202. Retrying...
2022-11-06T03:28:31.2752783Z A path returned 202. Retrying...
2022-11-06T03:28:31.2753150Z A path returned 202. Retrying...
2022-11-06T03:28:31.2753516Z A path returned 202. Retrying...
2022-11-06T03:28:31.2753887Z A path returned 202. Retrying...
2022-11-06T03:28:31.2754247Z A path returned 202. Retrying...
2022-11-06T03:28:31.2754608Z A path returned 202. Retrying...
2022-11-06T03:28:31.2754970Z A path returned 202. Retrying...
2022-11-06T03:28:31.2755314Z A path returned 202. Retrying...
2022-11-06T03:28:31.2755676Z A path returned 202. Retrying...
2022-11-06T03:28:31.2756043Z A path returned 202. Retrying...
2022-11-06T03:28:31.2756409Z A path returned 202. Retrying...
2022-11-06T03:28:31.2756773Z A path returned 202. Retrying...
2022-11-06T03:28:31.2757227Z A path returned 202. Retrying...
2022-11-06T03:28:31.2757594Z A path returned 202. Retrying...
2022-11-06T03:28:31.2757958Z A path returned 202. Retrying...
2022-11-06T03:28:31.2758326Z A path returned 202. Retrying...
2022-11-06T03:28:31.2758692Z A path returned 202. Retrying...
2022-11-06T03:28:31.2759061Z A path returned 202. Retrying...
2022-11-06T03:28:31.2759431Z A path returned 202. Retrying...
2022-11-06T03:28:31.2759798Z A path returned 202. Retrying...
2022-11-06T03:28:31.2760146Z A path returned 202. Retrying...
2022-11-06T03:28:31.2760510Z A path returned 202. Retrying...
2022-11-06T03:28:31.2760888Z A path returned 202. Retrying...
2022-11-06T03:28:31.2761251Z A path returned 202. Retrying...
2022-11-06T03:28:31.2761616Z A path returned 202. Retrying...
2022-11-06T03:28:31.2761977Z A path returned 202. Retrying...
2022-11-06T03:28:31.2762339Z A path returned 202. Retrying...
2022-11-06T03:28:31.2762700Z A path returned 202. Retrying...
2022-11-06T03:28:31.2763059Z A path returned 202. Retrying...
2022-11-06T03:28:31.2763420Z A path returned 202. Retrying...
2022-11-06T03:28:31.2763778Z A path returned 202. Retrying...
2022-11-06T03:28:31.2764138Z A path returned 202. Retrying...
2022-11-06T03:28:31.2764496Z A path returned 202. Retrying...
2022-11-06T03:28:31.2764966Z A path returned 202. Retrying...
2022-11-06T03:28:31.2765322Z A path returned 202. Retrying...
2022-11-06T03:28:31.2765669Z A path returned 202. Retrying...
2022-11-06T03:28:31.2766035Z A path returned 202. Retrying...
2022-11-06T03:28:31.2766399Z A path returned 202. Retrying...
2022-11-06T03:28:31.2766759Z A path returned 202. Retrying...
2022-11-06T03:28:31.2767121Z A path returned 202. Retrying...
2022-11-06T03:28:31.2767479Z A path returned 202. Retrying...
2022-11-06T03:28:31.2767840Z A path returned 202. Retrying...
2022-11-06T03:28:31.2768180Z A path returned 202. Retrying...
2022-11-06T03:28:31.2768537Z A path returned 202. Retrying...
2022-11-06T03:28:31.2768892Z A path returned 202. Retrying...
2022-11-06T03:28:31.2769252Z A path returned 202. Retrying...
2022-11-06T03:28:31.2769612Z A path returned 202. Retrying...
2022-11-06T03:28:31.2769955Z A path returned 202. Retrying...
2022-11-06T03:28:31.2770323Z A path returned 202. Retrying...
2022-11-06T03:28:31.2770687Z A path returned 202. Retrying...
2022-11-06T03:28:31.2771044Z A path returned 202. Retrying...
2022-11-06T03:28:31.2771407Z A path returned 202. Retrying...
2022-11-06T03:28:31.2771872Z A path returned 202. Retrying...
2022-11-06T03:28:31.2772247Z A path returned 202. Retrying...
2022-11-06T03:28:31.2772608Z A path returned 202. Retrying...
2022-11-06T03:28:31.2772896Z A path returned 202. Retrying...
2022-11-06T03:28:31.2773255Z A path returned 202. Retrying...
2022-11-06T03:28:31.2773723Z A path returned 202. Retrying...
2022-11-06T03:28:31.2774040Z A path returned 202. Retrying...
2022-11-06T03:28:31.2774341Z A path returned 202. Retrying...
2022-11-06T03:28:31.2774666Z A path returned 202. Retrying...
2022-11-06T03:28:31.2774992Z A path returned 202. Retrying...
2022-11-06T03:28:31.2775318Z A path returned 202. Retrying...
2022-11-06T03:28:31.2775638Z A path returned 202. Retrying...
2022-11-06T03:28:31.2775952Z A path returned 202. Retrying...
2022-11-06T03:28:31.2776265Z A path returned 202. Retrying...
2022-11-06T03:28:31.2776581Z A path returned 202. Retrying...
2022-11-06T03:28:31.2776897Z A path returned 202. Retrying...
2022-11-06T03:28:31.2777210Z A path returned 202. Retrying...
2022-11-06T03:28:31.2777527Z A path returned 202. Retrying...
2022-11-06T03:28:31.2777840Z A path returned 202. Retrying...
2022-11-06T03:28:31.2778083Z A path returned 202. Retrying...
2022-11-06T03:28:31.2778399Z A path returned 202. Retrying...
2022-11-06T03:28:31.2778720Z A path returned 202. Retrying...
2022-11-06T03:28:31.2779044Z A path returned 202. Retrying...
2022-11-06T03:28:31.2779360Z A path returned 202. Retrying...
2022-11-06T03:28:31.2779677Z A path returned 202. Retrying...
2022-11-06T03:28:31.2779990Z A path returned 202. Retrying...
2022-11-06T03:28:31.2780400Z A path returned 202. Retrying...
2022-11-06T03:28:31.2780719Z A path returned 202. Retrying...
2022-11-06T03:28:31.2781036Z A path returned 202. Retrying...
2022-11-06T03:28:31.2781350Z A path returned 202. Retrying...
2022-11-06T03:28:31.2781665Z A path returned 202. Retrying...
2022-11-06T03:28:31.2781965Z A path returned 202. Retrying...
2022-11-06T03:28:31.2782283Z A path returned 202. Retrying...
2022-11-06T03:28:31.2782606Z A path returned 202. Retrying...
2022-11-06T03:28:31.2782924Z A path returned 202. Retrying...
2022-11-06T03:28:31.2783241Z A path returned 202. Retrying...
2022-11-06T03:28:31.2783558Z A path returned 202. Retrying...
2022-11-06T03:28:31.2783874Z A path returned 202. Retrying...
2022-11-06T03:28:31.2784190Z A path returned 202. Retrying...
2022-11-06T03:28:31.2784511Z A path returned 202. Retrying...
2022-11-06T03:28:31.2784824Z A path returned 202. Retrying...
2022-11-06T03:28:31.2785143Z A path returned 202. Retrying...
2022-11-06T03:28:31.2785459Z A path returned 202. Retrying...
2022-11-06T03:28:31.2785781Z A path returned 202. Retrying...
2022-11-06T03:28:31.2786064Z A path returned 202. Retrying...
2022-11-06T03:28:31.2786379Z A path returned 202. Retrying...
2022-11-06T03:28:31.2786698Z A path returned 202. Retrying...
2022-11-06T03:37:30.6705525Z A path returned 202. Retrying...
2022-11-06T03:37:30.6706086Z A path returned 202. Retrying...
2022-11-06T03:37:30.6706451Z A path returned 202. Retrying...
2022-11-06T03:37:30.6706859Z A path returned 202. Retrying...
2022-11-06T03:37:30.6707225Z A path returned 202. Retrying...
2022-11-06T03:37:30.6707588Z A path returned 202. Retrying...
2022-11-06T03:37:30.6707953Z A path returned 202. Retrying...
2022-11-06T03:37:30.6708318Z A path returned 202. Retrying...
2022-11-06T03:37:30.6708678Z A path returned 202. Retrying...
2022-11-06T03:37:30.6709035Z A path returned 202. Retrying...
2022-11-06T03:37:30.6709402Z A path returned 202. Retrying...
2022-11-06T03:37:30.6709761Z A path returned 202. Retrying...
2022-11-06T03:37:30.6710152Z A path returned 202. Retrying...
2022-11-06T03:37:30.6710498Z A path returned 202. Retrying...
2022-11-06T03:37:30.6710857Z A path returned 202. Retrying...
2022-11-06T03:37:30.6711218Z A path returned 202. Retrying...
2022-11-06T03:37:30.6711578Z A path returned 202. Retrying...
2022-11-06T03:37:30.6711935Z A path returned 202. Retrying...
2022-11-06T03:37:30.6712297Z A path returned 202. Retrying...
2022-11-06T03:37:30.6713118Z A path returned 202. Retrying...
2022-11-06T03:37:30.6713558Z A path returned 202. Retrying...
2022-11-06T03:37:30.6713916Z A path returned 202. Retrying...
2022-11-06T03:37:30.6714276Z A path returned 202. Retrying...
2022-11-06T03:37:30.6714634Z A path returned 202. Retrying...
2022-11-06T03:37:30.6714976Z A path returned 202. Retrying...
2022-11-06T03:37:30.6715331Z A path returned 202. Retrying...
2022-11-06T03:37:30.6715691Z A path returned 202. Retrying...
2022-11-06T03:37:30.6716047Z A path returned 202. Retrying...
2022-11-06T03:37:30.6716402Z A path returned 202. Retrying...
2022-11-06T03:37:30.6716764Z A path returned 202. Retrying...
2022-11-06T03:37:30.6717121Z A path returned 202. Retrying...
2022-11-06T03:37:30.6717476Z A path returned 202. Retrying...
2022-11-06T03:37:30.6717831Z A path returned 202. Retrying...
2022-11-06T03:37:30.6718186Z A path returned 202. Retrying...
2022-11-06T03:37:30.6718526Z A path returned 202. Retrying...
2022-11-06T03:37:30.6718884Z A path returned 202. Retrying...
2022-11-06T03:37:30.6719242Z A path returned 202. Retrying...
2022-11-06T03:37:30.6719602Z A path returned 202. Retrying...
2022-11-06T03:37:30.6719958Z A path returned 202. Retrying...
2022-11-06T03:37:30.6720318Z A path returned 202. Retrying...
2022-11-06T03:37:30.6720674Z A path returned 202. Retrying...
2022-11-06T03:37:30.6721030Z A path returned 202. Retrying...
2022-11-06T03:37:30.6721389Z A path returned 202. Retrying...
2022-11-06T03:37:30.6721746Z A path returned 202. Retrying...
2022-11-06T03:37:30.6722101Z A path returned 202. Retrying...
2022-11-06T03:37:30.6722575Z A path returned 202. Retrying...
2022-11-06T03:37:30.6722940Z A path returned 202. Retrying...
2022-11-06T03:37:30.6723296Z A path returned 202. Retrying...
2022-11-06T03:37:30.6723654Z A path returned 202. Retrying...
2022-11-06T03:37:30.6724009Z A path returned 202. Retrying...
2022-11-06T03:37:30.6724364Z A path returned 202. Retrying...
2022-11-06T03:37:30.6724969Z A path returned 202. Retrying...
2022-11-06T03:37:30.6725334Z A path returned 202. Retrying...
2022-11-06T03:37:30.6725694Z A path returned 202. Retrying...
2022-11-06T03:37:30.6726050Z A path returned 202. Retrying...
2022-11-06T03:37:30.6726405Z A path returned 202. Retrying...
2022-11-06T03:37:30.6726745Z A path returned 202. Retrying...
2022-11-06T03:37:30.6727101Z A path returned 202. Retrying...
2022-11-06T03:37:30.6727459Z A path returned 202. Retrying...
2022-11-06T03:37:30.6727815Z A path returned 202. Retrying...
2022-11-06T03:37:30.6728624Z A path returned 202. Retrying...
2022-11-06T03:37:30.6728976Z A path returned 202. Retrying...
2022-11-06T03:37:30.6729341Z A path returned 202. Retrying...
2022-11-06T03:37:30.6729715Z A path returned 202. Retrying...
2022-11-06T03:37:30.6730054Z A path returned 202. Retrying...
2022-11-06T03:37:30.6730422Z A path returned 202. Retrying...
2022-11-06T03:37:30.6730787Z A path returned 202. Retrying...
2022-11-06T03:37:30.6731135Z A path returned 202. Retrying...
2022-11-06T03:37:30.6731496Z A path returned 202. Retrying...
2022-11-06T03:37:30.6731864Z A path returned 202. Retrying...
2022-11-06T03:37:30.6732227Z A path returned 202. Retrying...
2022-11-06T03:37:30.6732590Z A path returned 202. Retrying...
2022-11-06T03:37:30.6732950Z A path returned 202. Retrying...
2022-11-06T03:37:30.6733310Z A path returned 202. Retrying...
2022-11-06T03:37:30.6733668Z A path returned 202. Retrying...
2022-11-06T03:37:30.6734030Z A path returned 202. Retrying...
2022-11-06T03:37:30.6734390Z A path returned 202. Retrying...
2022-11-06T03:37:30.6734749Z A path returned 202. Retrying...
2022-11-06T03:37:30.6735110Z A path returned 202. Retrying...
2022-11-06T03:37:30.6735467Z A path returned 202. Retrying...
2022-11-06T03:37:30.6735812Z A path returned 202. Retrying...
2022-11-06T03:37:30.6736176Z A path returned 202. Retrying...
2022-11-06T03:37:30.6736541Z A path returned 202. Retrying...
2022-11-06T03:37:30.6736905Z A path returned 202. Retrying...
2022-11-06T03:37:30.6737266Z A path returned 202. Retrying...
2022-11-06T03:37:30.6737763Z A path returned 202. Retrying...
2022-11-06T03:37:30.6738142Z A path returned 202. Retrying...
2022-11-06T03:37:30.6738504Z A path returned 202. Retrying...
2022-11-06T03:37:30.6738859Z A path returned 202. Retrying...
2022-11-06T03:37:30.6739215Z A path returned 202. Retrying...
2022-11-06T03:37:30.6739576Z A path returned 202. Retrying...
2022-11-06T03:37:30.6739935Z A path returned 202. Retrying...
2022-11-06T03:37:30.6740258Z A path returned 202. Retrying...
2022-11-06T03:37:30.6740627Z A path returned 202. Retrying...
2022-11-06T03:37:30.6740992Z A path returned 202. Retrying...
2022-11-06T03:37:30.6741359Z A path returned 202. Retrying...
2022-11-06T03:37:30.6741719Z A path returned 202. Retrying...
2022-11-06T03:37:30.6742082Z A path returned 202. Retrying...
2022-11-06T03:37:30.6742442Z A path returned 202. Retrying...
2022-11-06T03:37:30.6742805Z A path returned 202. Retrying...
2022-11-06T03:37:30.6743165Z A path returned 202. Retrying...
2022-11-06T03:37:30.6743522Z A path returned 202. Retrying...
2022-11-06T03:37:30.6743888Z A path returned 202. Retrying...
2022-11-06T03:37:30.6744247Z A path returned 202. Retrying...
2022-11-06T03:37:30.6744570Z A path returned 202. Retrying...
2022-11-06T03:37:30.6744930Z A path returned 202. Retrying...
2022-11-06T03:37:30.6745289Z A path returned 202. Retrying...
2022-11-06T03:37:30.6745651Z A path returned 202. Retrying...
2022-11-06T03:37:30.6746008Z A path returned 202. Retrying...
2022-11-06T03:37:30.6746367Z A path returned 202. Retrying...
2022-11-06T03:37:30.6746725Z A path returned 202. Retrying...
2022-11-06T03:37:30.6747190Z A path returned 202. Retrying...
2022-11-06T03:37:30.6747547Z A path returned 202. Retrying...
2022-11-06T03:37:30.6747902Z A path returned 202. Retrying...
2022-11-06T03:37:30.6748257Z A path returned 202. Retrying...
2022-11-06T03:37:30.6748613Z A path returned 202. Retrying...
2022-11-06T03:37:30.6748955Z A path returned 202. Retrying...
2022-11-06T03:37:30.6749315Z A path returned 202. Retrying...
2022-11-06T03:37:30.6749684Z A path returned 202. Retrying...
2022-11-06T03:37:30.6750048Z A path returned 202. Retrying...
2022-11-06T03:37:30.6750412Z A path returned 202. Retrying...
2022-11-06T03:37:30.6750774Z A path returned 202. Retrying...
2022-11-06T03:37:30.6751137Z A path returned 202. Retrying...
2022-11-06T03:37:30.6751497Z A path returned 202. Retrying...
2022-11-06T03:37:30.6751790Z A path returned 202. Retrying...
2022-11-06T03:37:30.6752151Z A path returned 202. Retrying...
2022-11-06T03:37:30.6752509Z A path returned 202. Retrying...
2022-11-06T03:37:30.6752868Z A path returned 202. Retrying...
2022-11-06T03:37:30.6753216Z A path returned 202. Retrying...
2022-11-06T03:37:30.6753571Z A path returned 202. Retrying...
2022-11-06T03:37:30.6753935Z A path returned 202. Retrying...
2022-11-06T03:37:30.6754297Z A path returned 202. Retrying...
2022-11-06T03:37:30.6754657Z A path returned 202. Retrying...
2022-11-06T03:37:30.6755017Z A path returned 202. Retrying...
2022-11-06T03:37:30.6755378Z A path returned 202. Retrying...
2022-11-06T03:37:30.6755743Z A path returned 202. Retrying...
2022-11-06T03:37:30.6756101Z A path returned 202. Retrying...
2022-11-06T03:37:30.6756460Z A path returned 202. Retrying...
2022-11-06T03:37:30.6756825Z A path returned 202. Retrying...
2022-11-06T03:37:30.6757187Z A path returned 202. Retrying...
2022-11-06T03:37:30.6757533Z A path returned 202. Retrying...
2022-11-06T03:37:30.6757890Z A path returned 202. Retrying...
2022-11-06T03:37:30.6758255Z A path returned 202. Retrying...
2022-11-06T03:37:30.6758618Z A path returned 202. Retrying...
2022-11-06T03:37:30.6758982Z A path returned 202. Retrying...
2022-11-06T03:37:30.6759343Z A path returned 202. Retrying...
2022-11-06T03:37:30.6759705Z A path returned 202. Retrying...
2022-11-06T03:37:30.6760065Z A path returned 202. Retrying...
2022-11-06T03:37:30.6760838Z A path returned 202. Retrying...
2022-11-06T03:37:30.6761201Z A path returned 202. Retrying...
2022-11-06T03:37:30.6761563Z A path returned 202. Retrying...
2022-11-06T03:37:30.6761924Z A path returned 202. Retrying...
2022-11-06T03:37:30.6762382Z A path returned 202. Retrying...
2022-11-06T03:37:30.6762753Z A path returned 202. Retrying...
2022-11-06T03:37:30.6763147Z A path returned 202. Retrying...
2022-11-06T03:37:30.6763517Z A path returned 202. Retrying...
2022-11-06T03:37:30.6763877Z A path returned 202. Retrying...
2022-11-06T03:37:30.6764239Z A path returned 202. Retrying...
2022-11-06T03:37:30.6764707Z A path returned 202. Retrying...
2022-11-06T03:37:30.6765081Z A path returned 202. Retrying...
2022-11-06T03:37:30.6765442Z A path returned 202. Retrying...
2022-11-06T03:37:30.6765807Z A path returned 202. Retrying...
2022-11-06T03:37:30.6766167Z A path returned 202. Retrying...
2022-11-06T03:37:30.6766525Z A path returned 202. Retrying...
2022-11-06T03:37:30.6766882Z A path returned 202. Retrying...
2022-11-06T03:37:30.6767206Z A path returned 202. Retrying...
2022-11-06T03:37:30.6767567Z A path returned 202. Retrying...
2022-11-06T03:37:30.6767933Z A path returned 202. Retrying...
2022-11-06T03:37:30.6768296Z A path returned 202. Retrying...
2022-11-06T03:37:30.6768653Z A path returned 202. Retrying...
2022-11-06T03:37:30.6768998Z A path returned 202. Retrying...
2022-11-06T03:37:30.6769363Z A path returned 202. Retrying...
2022-11-06T03:37:30.6769726Z A path returned 202. Retrying...
2022-11-06T03:37:30.6770085Z A path returned 202. Retrying...
2022-11-06T03:37:30.6770445Z A path returned 202. Retrying...
2022-11-06T03:37:30.6770805Z A path returned 202. Retrying...
2022-11-06T03:37:30.6771161Z A path returned 202. Retrying...
2022-11-06T03:37:30.6771618Z A path returned 202. Retrying...
2022-11-06T03:37:30.6771983Z A path returned 202. Retrying...
2022-11-06T03:37:30.6772346Z A path returned 202. Retrying...
2022-11-06T03:37:30.6772704Z A path returned 202. Retrying...
2022-11-06T03:37:30.6773061Z A path returned 202. Retrying...
2022-11-06T03:37:30.6773420Z A path returned 202. Retrying...
2022-11-06T03:37:30.6773780Z A path returned 202. Retrying...
2022-11-06T03:37:30.6774138Z A path returned 202. Retrying...
2022-11-06T03:37:30.6774500Z A path returned 202. Retrying...
2022-11-06T03:37:30.6774860Z A path returned 202. Retrying...
2022-11-06T03:37:30.6775217Z A path returned 202. Retrying...
2022-11-06T03:37:30.6775577Z A path returned 202. Retrying...
2022-11-06T03:37:30.6775916Z A path returned 202. Retrying...
2022-11-06T03:37:30.6776350Z A path returned 202. Retrying...
2022-11-06T03:37:30.6776673Z A path returned 202. Retrying...
2022-11-06T03:37:30.6776995Z A path returned 202. Retrying...
2022-11-06T03:37:30.6777311Z A path returned 202. Retrying...
2022-11-06T03:37:30.6777632Z A path returned 202. Retrying...
2022-11-06T03:37:30.6777949Z A path returned 202. Retrying...
2022-11-06T03:37:30.6778267Z A path returned 202. Retrying...
2022-11-06T03:37:30.6778630Z A path returned 202. Retrying...
2022-11-06T03:37:30.6778949Z A path returned 202. Retrying...
2022-11-06T03:37:30.6779273Z A path returned 202. Retrying...
2022-11-06T03:37:30.6779591Z A path returned 202. Retrying...
2022-11-06T03:37:30.6779896Z A path returned 202. Retrying...
2022-11-06T03:37:30.6780214Z A path returned 202. Retrying...
2022-11-06T03:37:30.6780536Z A path returned 202. Retrying...
2022-11-06T03:37:30.6780853Z A path returned 202. Retrying...
2022-11-06T03:37:30.6781171Z A path returned 202. Retrying...
2022-11-06T03:37:30.6781474Z A path returned 202. Retrying...
2022-11-06T03:37:30.6781791Z A path returned 202. Retrying...
2022-11-06T03:37:30.6782110Z A path returned 202. Retrying...
2022-11-06T03:37:30.6782426Z A path returned 202. Retrying...
2022-11-06T03:37:30.6782746Z A path returned 202. Retrying...
2022-11-06T03:37:30.6783065Z A path returned 202. Retrying...
2022-11-06T03:37:30.6783381Z A path returned 202. Retrying...
2022-11-06T03:37:30.6783681Z A path returned 202. Retrying...
2022-11-06T03:37:30.6783999Z A path returned 202. Retrying...
2022-11-06T03:37:30.6784320Z A path returned 202. Retrying...
2022-11-06T03:37:30.6784641Z A path returned 202. Retrying...
2022-11-06T03:37:30.6784957Z A path returned 202. Retrying...
2022-11-06T03:37:30.6785355Z A path returned 202. Retrying...
2022-11-06T03:37:30.6785684Z A path returned 202. Retrying...
2022-11-06T03:37:30.6786002Z A path returned 202. Retrying...
2022-11-06T03:37:30.6786319Z A path returned 202. Retrying...
2022-11-06T03:37:30.6786635Z A path returned 202. Retrying...
2022-11-06T03:37:30.6786953Z A path returned 202. Retrying...
2022-11-06T03:37:30.6787270Z A path returned 202. Retrying...
2022-11-06T03:37:30.6787573Z A path returned 202. Retrying...
2022-11-06T03:37:30.6787888Z A path returned 202. Retrying...
2022-11-06T03:37:30.6788213Z A path returned 202. Retrying...
2022-11-06T03:37:30.6788534Z A path returned 202. Retrying...
2022-11-06T03:37:30.6788851Z A path returned 202. Retrying...
2022-11-06T03:37:30.6789169Z A path returned 202. Retrying...
2022-11-06T03:37:30.6789485Z A path returned 202. Retrying...
2022-11-06T03:37:30.6789805Z A path returned 202. Retrying...
2022-11-06T03:37:30.6790123Z A path returned 202. Retrying...
2022-11-06T03:37:30.6790446Z A path returned 202. Retrying...
2022-11-06T03:37:30.6790763Z A path returned 202. Retrying...
2022-11-06T03:37:30.6791081Z A path returned 202. Retrying...
2022-11-06T03:37:30.6791396Z A path returned 202. Retrying...
2022-11-06T03:37:30.6791694Z A path returned 202. Retrying...
2022-11-06T03:37:30.6792012Z A path returned 202. Retrying...
2022-11-06T03:37:30.6792331Z A path returned 202. Retrying...
2022-11-06T03:37:30.6792651Z A path returned 202. Retrying...
2022-11-06T03:37:30.6792975Z A path returned 202. Retrying...
2022-11-06T03:37:30.6793419Z A path returned 202. Retrying...
2022-11-06T03:37:30.6793744Z A path returned 202. Retrying...
2022-11-06T03:37:30.6794063Z A path returned 202. Retrying...
2022-11-06T03:37:30.6794388Z A path returned 202. Retrying...
2022-11-06T03:37:30.6794708Z A path returned 202. Retrying...
2022-11-06T03:46:28.8579132Z A path returned 202. Retrying...
2022-11-06T03:46:28.8579794Z A path returned 202. Retrying...
2022-11-06T03:46:28.8580556Z A path returned 202. Retrying...
2022-11-06T03:46:28.8580920Z A path returned 202. Retrying...
2022-11-06T03:46:28.8581208Z A path returned 202. Retrying...
2022-11-06T03:46:28.8581590Z A path returned 202. Retrying...
2022-11-06T03:46:28.8581876Z A path returned 202. Retrying...
2022-11-06T03:46:28.8582154Z A path returned 202. Retrying...
2022-11-06T03:46:28.8582439Z A path returned 202. Retrying...
2022-11-06T03:46:28.8582728Z A path returned 202. Retrying...
2022-11-06T03:46:28.8583009Z A path returned 202. Retrying...
2022-11-06T03:46:28.8583285Z A path returned 202. Retrying...
2022-11-06T03:46:28.8583615Z A path returned 202. Retrying...
2022-11-06T03:46:28.8583881Z A path returned 202. Retrying...
2022-11-06T03:46:28.8584163Z A path returned 202. Retrying...
2022-11-06T03:46:28.8584441Z A path returned 202. Retrying...
2022-11-06T03:46:28.8584720Z A path returned 202. Retrying...
2022-11-06T03:46:28.8585000Z A path returned 202. Retrying...
2022-11-06T03:46:28.8585276Z A path returned 202. Retrying...
2022-11-06T03:46:28.8585564Z A path returned 202. Retrying...
2022-11-06T03:46:28.8585840Z A path returned 202. Retrying...
2022-11-06T03:46:28.8586101Z A path returned 202. Retrying...
2022-11-06T03:46:28.8586374Z A path returned 202. Retrying...
2022-11-06T03:46:28.8586658Z A path returned 202. Retrying...
2022-11-06T03:46:28.8586935Z A path returned 202. Retrying...
2022-11-06T03:46:28.8587210Z A path returned 202. Retrying...
2022-11-06T03:46:28.8587485Z A path returned 202. Retrying...
2022-11-06T03:46:28.8587764Z A path returned 202. Retrying...
2022-11-06T03:46:28.8588030Z A path returned 202. Retrying...
2022-11-06T03:46:28.8588308Z A path returned 202. Retrying...
2022-11-06T03:46:28.8588586Z A path returned 202. Retrying...
2022-11-06T03:46:28.8588866Z A path returned 202. Retrying...
2022-11-06T03:46:28.8589144Z A path returned 202. Retrying...
2022-11-06T03:46:28.8589423Z A path returned 202. Retrying...
2022-11-06T03:46:28.8589699Z A path returned 202. Retrying...
2022-11-06T03:46:28.8589975Z A path returned 202. Retrying...
2022-11-06T03:46:28.8590709Z A path returned 202. Retrying...
2022-11-06T03:46:28.8590998Z A path returned 202. Retrying...
2022-11-06T03:46:28.8591277Z A path returned 202. Retrying...
2022-11-06T03:46:28.8591553Z A path returned 202. Retrying...
2022-11-06T03:46:28.8591827Z A path returned 202. Retrying...
2022-11-06T03:46:28.8592106Z A path returned 202. Retrying...
2022-11-06T03:46:28.8592382Z A path returned 202. Retrying...
2022-11-06T03:46:28.8592664Z A path returned 202. Retrying...
2022-11-06T03:46:28.8592926Z A path returned 202. Retrying...
2022-11-06T03:46:28.8593202Z A path returned 202. Retrying...
2022-11-06T03:46:28.8593481Z A path returned 202. Retrying...
2022-11-06T03:46:28.8593761Z A path returned 202. Retrying...
2022-11-06T03:46:28.8594040Z A path returned 202. Retrying...
2022-11-06T03:46:28.8594313Z A path returned 202. Retrying...
2022-11-06T03:46:28.8594588Z A path returned 202. Retrying...
2022-11-06T03:46:28.8594853Z A path returned 202. Retrying...
2022-11-06T03:46:28.8595135Z A path returned 202. Retrying...
2022-11-06T03:46:28.8595413Z A path returned 202. Retrying...
2022-11-06T03:46:28.8595692Z A path returned 202. Retrying...
2022-11-06T03:46:28.8595970Z A path returned 202. Retrying...
2022-11-06T03:46:28.8596245Z A path returned 202. Retrying...
2022-11-06T03:46:28.8596524Z A path returned 202. Retrying...
2022-11-06T03:46:28.8596799Z A path returned 202. Retrying...
2022-11-06T03:46:28.8597061Z A path returned 202. Retrying...
2022-11-06T03:46:28.8597335Z A path returned 202. Retrying...
2022-11-06T03:46:28.8597735Z A path returned 202. Retrying...
2022-11-06T03:46:28.8598011Z A path returned 202. Retrying...
2022-11-06T03:46:28.8598286Z A path returned 202. Retrying...
2022-11-06T03:46:28.8598561Z A path returned 202. Retrying...
2022-11-06T03:46:28.8598838Z A path returned 202. Retrying...
2022-11-06T03:46:28.8599111Z A path returned 202. Retrying...
2022-11-06T03:46:28.8599373Z A path returned 202. Retrying...
2022-11-06T03:46:28.8599646Z A path returned 202. Retrying...
2022-11-06T03:46:28.8599926Z A path returned 202. Retrying...
2022-11-06T03:46:28.8600207Z A path returned 202. Retrying...
2022-11-06T03:46:28.8600486Z A path returned 202. Retrying...
2022-11-06T03:46:28.8600759Z A path returned 202. Retrying...
2022-11-06T03:46:28.8601035Z A path returned 202. Retrying...
2022-11-06T03:46:28.8601298Z A path returned 202. Retrying...
2022-11-06T03:46:28.8601576Z A path returned 202. Retrying...
2022-11-06T03:46:28.8601858Z A path returned 202. Retrying...
2022-11-06T03:46:28.8602136Z A path returned 202. Retrying...
2022-11-06T03:46:28.8602415Z A path returned 202. Retrying...
2022-11-06T03:46:28.8602698Z A path returned 202. Retrying...
2022-11-06T03:46:28.8602974Z A path returned 202. Retrying...
2022-11-06T03:46:28.8603249Z A path returned 202. Retrying...
2022-11-06T03:46:28.8603514Z A path returned 202. Retrying...
2022-11-06T03:46:28.8603792Z A path returned 202. Retrying...
2022-11-06T03:46:28.8604070Z A path returned 202. Retrying...
2022-11-06T03:46:28.8604352Z A path returned 202. Retrying...
2022-11-06T03:46:28.8604815Z A path returned 202. Retrying...
2022-11-06T03:46:28.8605096Z A path returned 202. Retrying...
2022-11-06T03:46:28.8605372Z A path returned 202. Retrying...
2022-11-06T03:46:28.8605650Z A path returned 202. Retrying...
2022-11-06T03:46:28.8605912Z A path returned 202. Retrying...
2022-11-06T03:46:28.8606186Z A path returned 202. Retrying...
2022-11-06T03:46:28.8606461Z A path returned 202. Retrying...
2022-11-06T03:46:28.8606738Z A path returned 202. Retrying...
2022-11-06T03:46:28.8607019Z A path returned 202. Retrying...
2022-11-06T03:46:28.8607294Z A path returned 202. Retrying...
2022-11-06T03:46:28.8607574Z A path returned 202. Retrying...
2022-11-06T03:46:28.8607836Z A path returned 202. Retrying...
2022-11-06T03:46:28.8608114Z A path returned 202. Retrying...
2022-11-06T03:46:28.8608394Z A path returned 202. Retrying...
2022-11-06T03:46:28.8608671Z A path returned 202. Retrying...
2022-11-06T03:46:28.8608947Z A path returned 202. Retrying...
2022-11-06T03:46:28.8609319Z A path returned 202. Retrying...
2022-11-06T03:46:28.8609606Z A path returned 202. Retrying...
2022-11-06T03:46:28.8609893Z A path returned 202. Retrying...
2022-11-06T03:46:28.8610157Z A path returned 202. Retrying...
2022-11-06T03:46:28.8610434Z A path returned 202. Retrying...
2022-11-06T03:46:28.8610712Z A path returned 202. Retrying...
2022-11-06T03:46:28.8610991Z A path returned 202. Retrying...
2022-11-06T03:46:28.8611265Z A path returned 202. Retrying...
2022-11-06T03:46:28.8611541Z A path returned 202. Retrying...
2022-11-06T03:46:28.8611821Z A path returned 202. Retrying...
2022-11-06T03:46:28.8612097Z A path returned 202. Retrying...
2022-11-06T03:46:28.8612359Z A path returned 202. Retrying...
2022-11-06T03:46:28.8612631Z A path returned 202. Retrying...
2022-11-06T03:46:28.8612911Z A path returned 202. Retrying...
2022-11-06T03:46:28.8613190Z A path returned 202. Retrying...
2022-11-06T03:46:28.8613466Z A path returned 202. Retrying...
2022-11-06T03:46:28.8613743Z A path returned 202. Retrying...
2022-11-06T03:46:28.8614019Z A path returned 202. Retrying...
2022-11-06T03:46:28.8614286Z A path returned 202. Retrying...
2022-11-06T03:46:28.8614564Z A path returned 202. Retrying...
2022-11-06T03:46:28.8614841Z A path returned 202. Retrying...
2022-11-06T03:46:28.8615122Z A path returned 202. Retrying...
2022-11-06T03:46:28.8615400Z A path returned 202. Retrying...
2022-11-06T03:46:28.8615677Z A path returned 202. Retrying...
2022-11-06T03:46:28.8615954Z A path returned 202. Retrying...
2022-11-06T03:46:28.8616230Z A path returned 202. Retrying...
2022-11-06T03:46:28.8616568Z A path returned 202. Retrying...
2022-11-06T03:46:28.8616848Z A path returned 202. Retrying...
2022-11-06T03:46:28.8617125Z A path returned 202. Retrying...
2022-11-06T03:46:28.8617401Z A path returned 202. Retrying...
2022-11-06T03:46:28.8617677Z A path returned 202. Retrying...
2022-11-06T03:46:28.8617954Z A path returned 202. Retrying...
2022-11-06T03:46:28.8618231Z A path returned 202. Retrying...
2022-11-06T03:46:28.8618511Z A path returned 202. Retrying...
2022-11-06T03:46:28.8618774Z A path returned 202. Retrying...
2022-11-06T03:46:28.8619048Z A path returned 202. Retrying...
2022-11-06T03:46:28.8619330Z A path returned 202. Retrying...
2022-11-06T03:46:28.8619612Z A path returned 202. Retrying...
2022-11-06T03:46:28.8619890Z A path returned 202. Retrying...
2022-11-06T03:46:28.8620169Z A path returned 202. Retrying...
2022-11-06T03:46:28.8620446Z A path returned 202. Retrying...
2022-11-06T03:46:28.8620721Z A path returned 202. Retrying...
2022-11-06T03:46:28.8620986Z A path returned 202. Retrying...
2022-11-06T03:46:28.8621262Z A path returned 202. Retrying...
2022-11-06T03:46:28.8621537Z A path returned 202. Retrying...
2022-11-06T03:46:28.8621815Z A path returned 202. Retrying...
2022-11-06T03:46:28.8622091Z A path returned 202. Retrying...
2022-11-06T03:46:28.8622366Z A path returned 202. Retrying...
2022-11-06T03:46:28.8622641Z A path returned 202. Retrying...
2022-11-06T03:46:28.8622913Z A path returned 202. Retrying...
2022-11-06T03:46:28.8623190Z A path returned 202. Retrying...
2022-11-06T03:46:28.8623467Z A path returned 202. Retrying...
2022-11-06T03:46:28.8623741Z A path returned 202. Retrying...
2022-11-06T03:46:28.8624022Z A path returned 202. Retrying...
2022-11-06T03:46:28.8624302Z A path returned 202. Retrying...
2022-11-06T03:46:28.8624582Z A path returned 202. Retrying...
2022-11-06T03:46:28.8624855Z A path returned 202. Retrying...
2022-11-06T03:46:28.8625117Z A path returned 202. Retrying...
2022-11-06T03:46:28.8625389Z A path returned 202. Retrying...
2022-11-06T03:46:28.8625671Z A path returned 202. Retrying...
2022-11-06T03:46:28.8625949Z A path returned 202. Retrying...
2022-11-06T03:46:28.8626226Z A path returned 202. Retrying...
2022-11-06T03:46:28.8626502Z A path returned 202. Retrying...
2022-11-06T03:46:28.8626779Z A path returned 202. Retrying...
2022-11-06T03:46:28.8627055Z A path returned 202. Retrying...
2022-11-06T03:46:28.8627317Z A path returned 202. Retrying...
2022-11-06T03:46:28.8627657Z A path returned 202. Retrying...
2022-11-06T03:46:28.8627940Z A path returned 202. Retrying...
2022-11-06T03:46:28.8628221Z A path returned 202. Retrying...
2022-11-06T03:46:28.8628500Z A path returned 202. Retrying...
2022-11-06T03:46:28.8628775Z A path returned 202. Retrying...
2022-11-06T03:46:28.8629049Z A path returned 202. Retrying...
2022-11-06T03:46:28.8629311Z A path returned 202. Retrying...
2022-11-06T03:46:28.8629586Z A path returned 202. Retrying...
2022-11-06T03:46:28.8629863Z A path returned 202. Retrying...
2022-11-06T03:46:28.8630146Z A path returned 202. Retrying...
2022-11-06T03:46:28.8630430Z A path returned 202. Retrying...
2022-11-06T03:46:28.8630707Z A path returned 202. Retrying...
2022-11-06T03:46:28.8630982Z A path returned 202. Retrying...
2022-11-06T03:46:28.8631258Z A path returned 202. Retrying...
2022-11-06T03:46:28.8631519Z A path returned 202. Retrying...
2022-11-06T03:46:28.8631794Z A path returned 202. Retrying...
2022-11-06T03:46:28.8632075Z A path returned 202. Retrying...
2022-11-06T03:46:28.8632352Z A path returned 202. Retrying...
2022-11-06T03:46:28.8632628Z A path returned 202. Retrying...
2022-11-06T03:46:28.8632904Z A path returned 202. Retrying...
2022-11-06T03:46:28.8633180Z A path returned 202. Retrying...
2022-11-06T03:46:28.8633459Z A path returned 202. Retrying...
2022-11-06T03:46:28.8633722Z A path returned 202. Retrying...
2022-11-06T03:46:28.8633997Z A path returned 202. Retrying...
2022-11-06T03:46:28.8634273Z A path returned 202. Retrying...
2022-11-06T03:46:28.8634548Z A path returned 202. Retrying...
2022-11-06T03:46:28.8634899Z A path returned 202. Retrying...
2022-11-06T03:46:28.8635176Z A path returned 202. Retrying...
2022-11-06T03:46:28.8635451Z A path returned 202. Retrying...
2022-11-06T03:46:28.8635713Z A path returned 202. Retrying...
2022-11-06T03:46:28.8635989Z A path returned 202. Retrying...
2022-11-06T03:46:28.8636264Z A path returned 202. Retrying...
2022-11-06T03:46:28.8636546Z A path returned 202. Retrying...
2022-11-06T03:46:28.8636828Z A path returned 202. Retrying...
2022-11-06T03:46:28.8637105Z A path returned 202. Retrying...
2022-11-06T03:46:28.8637382Z A path returned 202. Retrying...
2022-11-06T03:46:28.8637656Z A path returned 202. Retrying...
2022-11-06T03:46:28.8637918Z A path returned 202. Retrying...
2022-11-06T03:46:28.8638191Z A path returned 202. Retrying...
2022-11-06T03:46:28.8638469Z A path returned 202. Retrying...
2022-11-06T03:46:28.8638747Z A path returned 202. Retrying...
2022-11-06T03:46:28.8639024Z A path returned 202. Retrying...
2022-11-06T03:46:28.8639307Z A path returned 202. Retrying...
2022-11-06T03:46:28.8639588Z A path returned 202. Retrying...
2022-11-06T03:46:28.8639865Z A path returned 202. Retrying...
2022-11-06T03:46:28.8640128Z A path returned 202. Retrying...
2022-11-06T03:46:28.8640406Z A path returned 202. Retrying...
2022-11-06T03:46:28.8640690Z A path returned 202. Retrying...
2022-11-06T03:46:28.8640965Z A path returned 202. Retrying...
2022-11-06T03:46:28.8641243Z A path returned 202. Retrying...
2022-11-06T03:46:28.8641519Z A path returned 202. Retrying...
2022-11-06T03:46:28.8641796Z A path returned 202. Retrying...
2022-11-06T03:46:28.8642058Z A path returned 202. Retrying...
2022-11-06T03:46:28.8642339Z A path returned 202. Retrying...
2022-11-06T03:46:28.8642614Z A path returned 202. Retrying...
2022-11-06T03:46:28.8642891Z A path returned 202. Retrying...
2022-11-06T03:46:28.8643171Z A path returned 202. Retrying...
2022-11-06T03:46:28.8643447Z A path returned 202. Retrying...
2022-11-06T03:46:28.8643724Z A path returned 202. Retrying...
2022-11-06T03:46:28.8644003Z A path returned 202. Retrying...
2022-11-06T03:46:28.8644263Z A path returned 202. Retrying...
2022-11-06T03:46:28.8644540Z A path returned 202. Retrying...
2022-11-06T03:46:28.8644934Z A path returned 202. Retrying...
2022-11-06T03:46:28.8645213Z A path returned 202. Retrying...
2022-11-06T03:46:28.8645492Z A path returned 202. Retrying...
2022-11-06T03:46:28.8645766Z A path returned 202. Retrying...
2022-11-06T03:46:28.8646126Z A path returned 202. Retrying...
2022-11-06T03:46:28.8646408Z A path returned 202. Retrying...
2022-11-06T03:46:28.8646671Z A path returned 202. Retrying...
2022-11-06T03:46:28.8646949Z A path returned 202. Retrying...
2022-11-06T03:46:28.8647223Z A path returned 202. Retrying...
2022-11-06T03:46:28.8647498Z A path returned 202. Retrying...
2022-11-06T03:46:28.8647779Z A path returned 202. Retrying...
2022-11-06T03:46:28.8648054Z A path returned 202. Retrying...
2022-11-06T03:46:28.8648329Z A path returned 202. Retrying...
2022-11-06T03:46:28.8648593Z A path returned 202. Retrying...
2022-11-06T03:46:28.8648876Z A path returned 202. Retrying...
2022-11-06T03:46:28.8649158Z A path returned 202. Retrying...
2022-11-06T03:46:28.8649434Z A path returned 202. Retrying...
2022-11-06T03:46:28.8649712Z A path returned 202. Retrying...
2022-11-06T03:55:26.0596019Z A path returned 202. Retrying...
2022-11-06T03:55:26.0596428Z A path returned 202. Retrying...
2022-11-06T03:55:26.0598485Z A path returned 202. Retrying...
2022-11-06T03:55:26.0598990Z A path returned 202. Retrying...
2022-11-06T03:55:26.0599293Z A path returned 202. Retrying...
2022-11-06T03:55:26.0599682Z A path returned 202. Retrying...
2022-11-06T03:55:26.0599969Z A path returned 202. Retrying...
2022-11-06T03:55:26.0600237Z A path returned 202. Retrying...
2022-11-06T03:55:26.0600517Z A path returned 202. Retrying...
2022-11-06T03:55:26.0600804Z A path returned 202. Retrying...
2022-11-06T03:55:26.0601090Z A path returned 202. Retrying...
2022-11-06T03:55:26.0601376Z A path returned 202. Retrying...
2022-11-06T03:55:26.0602079Z A path returned 202. Retrying...
2022-11-06T03:55:26.0602368Z A path returned 202. Retrying...
2022-11-06T03:55:26.0602648Z A path returned 202. Retrying...
2022-11-06T03:55:26.0602920Z A path returned 202. Retrying...
2022-11-06T03:55:26.0603199Z A path returned 202. Retrying...
2022-11-06T03:55:26.0603480Z A path returned 202. Retrying...
2022-11-06T03:55:26.0603757Z A path returned 202. Retrying...
2022-11-06T03:55:26.0604044Z A path returned 202. Retrying...
2022-11-06T03:55:26.0604323Z A path returned 202. Retrying...
2022-11-06T03:55:26.0604964Z A path returned 202. Retrying...
2022-11-06T03:55:26.0605243Z A path returned 202. Retrying...
2022-11-06T03:55:26.0605523Z A path returned 202. Retrying...
2022-11-06T03:55:26.0605830Z A path returned 202. Retrying...
2022-11-06T03:55:26.0606112Z A path returned 202. Retrying...
2022-11-06T03:55:26.0606390Z A path returned 202. Retrying...
2022-11-06T03:55:26.0606668Z A path returned 202. Retrying...
2022-11-06T03:55:26.0606959Z A path returned 202. Retrying...
2022-11-06T03:55:26.0607237Z A path returned 202. Retrying...
2022-11-06T03:55:26.0607501Z A path returned 202. Retrying...
2022-11-06T03:55:26.0607778Z A path returned 202. Retrying...
2022-11-06T03:55:26.0608063Z A path returned 202. Retrying...
2022-11-06T03:55:26.0608344Z A path returned 202. Retrying...
2022-11-06T03:55:26.0608623Z A path returned 202. Retrying...
2022-11-06T03:55:26.0608909Z A path returned 202. Retrying...
2022-11-06T03:55:26.0609188Z A path returned 202. Retrying...
2022-11-06T03:55:26.0609465Z A path returned 202. Retrying...
2022-11-06T03:55:26.0609731Z A path returned 202. Retrying...
2022-11-06T03:55:26.0610010Z A path returned 202. Retrying...
2022-11-06T03:55:26.0610290Z A path returned 202. Retrying...
2022-11-06T03:55:26.0610571Z A path returned 202. Retrying...
2022-11-06T03:55:26.0610851Z A path returned 202. Retrying...
2022-11-06T03:55:26.0611127Z A path returned 202. Retrying...
2022-11-06T03:55:26.0611403Z A path returned 202. Retrying...
2022-11-06T03:55:26.0611671Z A path returned 202. Retrying...
2022-11-06T03:55:26.0611948Z A path returned 202. Retrying...
2022-11-06T03:55:26.0612228Z A path returned 202. Retrying...
2022-11-06T03:55:26.0612508Z A path returned 202. Retrying...
2022-11-06T03:55:26.0612789Z A path returned 202. Retrying...
2022-11-06T03:55:26.0613069Z A path returned 202. Retrying...
2022-11-06T03:55:26.0613346Z A path returned 202. Retrying...
2022-11-06T03:55:26.0613789Z A path returned 202. Retrying...
2022-11-06T03:55:26.0614059Z A path returned 202. Retrying...
2022-11-06T03:55:26.0614336Z A path returned 202. Retrying...
2022-11-06T03:55:26.0614617Z A path returned 202. Retrying...
2022-11-06T03:55:26.0614899Z A path returned 202. Retrying...
2022-11-06T03:55:26.0615178Z A path returned 202. Retrying...
2022-11-06T03:55:26.0615458Z A path returned 202. Retrying...
2022-11-06T03:55:26.0615735Z A path returned 202. Retrying...
2022-11-06T03:55:26.0616020Z A path returned 202. Retrying...
2022-11-06T03:55:26.0616289Z A path returned 202. Retrying...
2022-11-06T03:55:26.0631964Z A path returned 202. Retrying...
2022-11-06T03:55:26.0632296Z A path returned 202. Retrying...
2022-11-06T03:55:26.0632572Z A path returned 202. Retrying...
2022-11-06T03:55:26.0632858Z A path returned 202. Retrying...
2022-11-06T03:55:26.0633149Z A path returned 202. Retrying...
2022-11-06T03:55:26.0633432Z A path returned 202. Retrying...
2022-11-06T03:55:26.0633722Z A path returned 202. Retrying...
2022-11-06T03:55:26.0634000Z A path returned 202. Retrying...
2022-11-06T03:55:26.0634284Z A path returned 202. Retrying...
2022-11-06T03:55:26.0634551Z A path returned 202. Retrying...
2022-11-06T03:55:26.0634834Z A path returned 202. Retrying...
2022-11-06T03:55:26.0635110Z A path returned 202. Retrying...
2022-11-06T03:55:26.0635388Z A path returned 202. Retrying...
2022-11-06T03:55:26.0635667Z A path returned 202. Retrying...
2022-11-06T03:55:26.0635944Z A path returned 202. Retrying...
2022-11-06T03:55:26.0636220Z A path returned 202. Retrying...
2022-11-06T03:55:26.0636737Z A path returned 202. Retrying...
2022-11-06T03:55:26.0637004Z A path returned 202. Retrying...
2022-11-06T03:55:26.0637282Z A path returned 202. Retrying...
2022-11-06T03:55:26.0637563Z A path returned 202. Retrying...
2022-11-06T03:55:26.0637843Z A path returned 202. Retrying...
2022-11-06T03:55:26.0638121Z A path returned 202. Retrying...
2022-11-06T03:55:26.0638399Z A path returned 202. Retrying...
2022-11-06T03:55:26.0638686Z A path returned 202. Retrying...
2022-11-06T03:55:26.0638961Z A path returned 202. Retrying...
2022-11-06T03:55:26.0639224Z A path returned 202. Retrying...
2022-11-06T03:55:26.0639500Z A path returned 202. Retrying...
2022-11-06T03:55:26.0639775Z A path returned 202. Retrying...
2022-11-06T03:55:26.0640052Z A path returned 202. Retrying...
2022-11-06T03:55:26.0640326Z A path returned 202. Retrying...
2022-11-06T03:55:26.0640602Z A path returned 202. Retrying...
2022-11-06T03:55:26.0640879Z A path returned 202. Retrying...
2022-11-06T03:55:26.0641146Z A path returned 202. Retrying...
2022-11-06T03:55:26.0641423Z A path returned 202. Retrying...
2022-11-06T03:55:26.0641698Z A path returned 202. Retrying...
2022-11-06T03:55:26.0641973Z A path returned 202. Retrying...
2022-11-06T03:55:26.0642250Z A path returned 202. Retrying...
2022-11-06T03:55:26.0642526Z A path returned 202. Retrying...
2022-11-06T03:55:26.0642800Z A path returned 202. Retrying...
2022-11-06T03:55:26.0643080Z A path returned 202. Retrying...
2022-11-06T03:55:26.0643344Z A path returned 202. Retrying...
2022-11-06T03:55:26.0643618Z A path returned 202. Retrying...
2022-11-06T03:55:26.0643897Z A path returned 202. Retrying...
2022-11-06T03:55:26.0644174Z A path returned 202. Retrying...
2022-11-06T03:55:26.0644451Z A path returned 202. Retrying...
2022-11-06T03:55:26.0644945Z A path returned 202. Retrying...
2022-11-06T03:55:26.0645228Z A path returned 202. Retrying...
2022-11-06T03:55:26.0645507Z A path returned 202. Retrying...
2022-11-06T03:55:26.0645770Z A path returned 202. Retrying...
2022-11-06T03:55:26.0646051Z A path returned 202. Retrying...
2022-11-06T03:55:26.0646332Z A path returned 202. Retrying...
2022-11-06T03:55:26.0646610Z A path returned 202. Retrying...
2022-11-06T03:55:26.0646888Z A path returned 202. Retrying...
2022-11-06T03:55:26.0647169Z A path returned 202. Retrying...
2022-11-06T03:55:26.0647445Z A path returned 202. Retrying...
2022-11-06T03:55:26.0647707Z A path returned 202. Retrying...
2022-11-06T03:55:26.0648094Z A path returned 202. Retrying...
2022-11-06T03:55:26.0648377Z A path returned 202. Retrying...
2022-11-06T03:55:26.0648655Z A path returned 202. Retrying...
2022-11-06T03:55:26.0648933Z A path returned 202. Retrying...
2022-11-06T03:55:26.0649212Z A path returned 202. Retrying...
2022-11-06T03:55:26.0649491Z A path returned 202. Retrying...
2022-11-06T03:55:26.0649856Z A path returned 202. Retrying...
2022-11-06T03:55:26.0650203Z A path returned 202. Retrying...
2022-11-06T03:55:26.0650485Z A path returned 202. Retrying...
2022-11-06T03:55:26.0650765Z A path returned 202. Retrying...
2022-11-06T03:55:26.0651041Z A path returned 202. Retrying...
2022-11-06T03:55:26.0651317Z A path returned 202. Retrying...
2022-11-06T03:55:26.0651595Z A path returned 202. Retrying...
2022-11-06T03:55:26.0651873Z A path returned 202. Retrying...
2022-11-06T03:55:26.0652154Z A path returned 202. Retrying...
2022-11-06T03:55:26.0652417Z A path returned 202. Retrying...
2022-11-06T03:55:26.0652695Z A path returned 202. Retrying...
2022-11-06T03:55:26.0652975Z A path returned 202. Retrying...
2022-11-06T03:55:26.0653249Z A path returned 202. Retrying...
2022-11-06T03:55:26.0653526Z A path returned 202. Retrying...
2022-11-06T03:55:26.0653799Z A path returned 202. Retrying...
2022-11-06T03:55:26.0654075Z A path returned 202. Retrying...
2022-11-06T03:55:26.0654350Z A path returned 202. Retrying...
2022-11-06T03:55:26.0654611Z A path returned 202. Retrying...
2022-11-06T03:55:26.0654888Z A path returned 202. Retrying...
2022-11-06T03:55:26.0655164Z A path returned 202. Retrying...
2022-11-06T03:55:26.0655522Z A path returned 202. Retrying...
2022-11-06T03:55:26.0655800Z A path returned 202. Retrying...
2022-11-06T03:55:26.0656075Z A path returned 202. Retrying...
2022-11-06T03:55:26.0656352Z A path returned 202. Retrying...
2022-11-06T03:55:26.0656614Z A path returned 202. Retrying...
2022-11-06T03:55:26.0656888Z A path returned 202. Retrying...
2022-11-06T03:55:26.0657162Z A path returned 202. Retrying...
2022-11-06T03:55:26.0657447Z A path returned 202. Retrying...
2022-11-06T03:55:26.0657727Z A path returned 202. Retrying...
2022-11-06T03:55:26.0658005Z A path returned 202. Retrying...
2022-11-06T03:55:26.0658282Z A path returned 202. Retrying...
2022-11-06T03:55:26.0658556Z A path returned 202. Retrying...
2022-11-06T03:55:26.0658817Z A path returned 202. Retrying...
2022-11-06T03:55:26.0659094Z A path returned 202. Retrying...
2022-11-06T03:55:26.0659369Z A path returned 202. Retrying...
2022-11-06T03:55:26.0659645Z A path returned 202. Retrying...
2022-11-06T03:55:26.0659924Z A path returned 202. Retrying...
2022-11-06T03:55:26.0660199Z A path returned 202. Retrying...
2022-11-06T03:55:26.0660474Z A path returned 202. Retrying...
2022-11-06T03:55:26.0660747Z A path returned 202. Retrying...
2022-11-06T03:55:26.0661011Z A path returned 202. Retrying...
2022-11-06T03:55:26.0661284Z A path returned 202. Retrying...
2022-11-06T03:55:26.0661560Z A path returned 202. Retrying...
2022-11-06T03:55:26.0661835Z A path returned 202. Retrying...
2022-11-06T03:55:26.0662114Z A path returned 202. Retrying...
2022-11-06T03:55:26.0662409Z A path returned 202. Retrying...
2022-11-06T03:55:26.0662686Z A path returned 202. Retrying...
2022-11-06T03:55:26.0662948Z A path returned 202. Retrying...
2022-11-06T03:55:26.0663231Z A path returned 202. Retrying...
2022-11-06T03:55:26.0663504Z A path returned 202. Retrying...
2022-11-06T03:55:26.0663777Z A path returned 202. Retrying...
2022-11-06T03:55:26.0664052Z A path returned 202. Retrying...
2022-11-06T03:55:26.0664327Z A path returned 202. Retrying...
2022-11-06T03:55:26.0664604Z A path returned 202. Retrying...
2022-11-06T03:55:26.0664876Z A path returned 202. Retrying...
2022-11-06T03:55:26.0665136Z A path returned 202. Retrying...
2022-11-06T03:55:26.0665403Z A path returned 202. Retrying...
2022-11-06T03:55:26.0665674Z A path returned 202. Retrying...
2022-11-06T03:55:26.0665944Z A path returned 202. Retrying...
2022-11-06T03:55:26.0666216Z A path returned 202. Retrying...
2022-11-06T03:55:26.0666571Z A path returned 202. Retrying...
2022-11-06T03:55:26.0666853Z A path returned 202. Retrying...
2022-11-06T03:55:26.0667129Z A path returned 202. Retrying...
2022-11-06T03:55:26.0667391Z A path returned 202. Retrying...
2022-11-06T03:55:26.0667664Z A path returned 202. Retrying...
2022-11-06T03:55:26.0667935Z A path returned 202. Retrying...
2022-11-06T03:55:26.0668210Z A path returned 202. Retrying...
2022-11-06T03:55:26.0668487Z A path returned 202. Retrying...
2022-11-06T03:55:26.0668766Z A path returned 202. Retrying...
2022-11-06T03:55:26.0669045Z A path returned 202. Retrying...
2022-11-06T03:55:26.0669306Z A path returned 202. Retrying...
2022-11-06T03:55:26.0669582Z A path returned 202. Retrying...
2022-11-06T03:55:26.0669860Z A path returned 202. Retrying...
2022-11-06T03:55:26.0670137Z A path returned 202. Retrying...
2022-11-06T03:55:26.0670413Z A path returned 202. Retrying...
2022-11-06T03:55:26.0670688Z A path returned 202. Retrying...
2022-11-06T03:55:26.0670963Z A path returned 202. Retrying...
2022-11-06T03:55:26.0671240Z A path returned 202. Retrying...
2022-11-06T03:55:26.0671503Z A path returned 202. Retrying...
2022-11-06T03:55:26.0671777Z A path returned 202. Retrying...
2022-11-06T03:55:26.0672054Z A path returned 202. Retrying...
2022-11-06T03:55:26.0672329Z A path returned 202. Retrying...
2022-11-06T03:55:26.0672606Z A path returned 202. Retrying...
2022-11-06T03:55:26.0672881Z A path returned 202. Retrying...
2022-11-06T03:55:26.0673158Z A path returned 202. Retrying...
2022-11-06T03:55:26.0673434Z A path returned 202. Retrying...
2022-11-06T03:55:26.0673780Z A path returned 202. Retrying...
2022-11-06T03:55:26.0674058Z A path returned 202. Retrying...
2022-11-06T03:55:26.0674332Z A path returned 202. Retrying...
2022-11-06T03:55:26.0674608Z A path returned 202. Retrying...
2022-11-06T03:55:26.0674885Z A path returned 202. Retrying...
2022-11-06T03:55:26.0675167Z A path returned 202. Retrying...
2022-11-06T03:55:26.0675445Z A path returned 202. Retrying...
2022-11-06T03:55:26.0675713Z A path returned 202. Retrying...
2022-11-06T03:55:26.0675992Z A path returned 202. Retrying...
2022-11-06T03:55:26.0676267Z A path returned 202. Retrying...
2022-11-06T03:55:26.0676543Z A path returned 202. Retrying...
2022-11-06T03:55:26.0676818Z A path returned 202. Retrying...
2022-11-06T03:55:26.0677094Z A path returned 202. Retrying...
2022-11-06T03:55:26.0677366Z A path returned 202. Retrying...
2022-11-06T03:55:26.0677635Z A path returned 202. Retrying...
2022-11-06T03:55:26.0677896Z A path returned 202. Retrying...
2022-11-06T03:55:26.0678173Z A path returned 202. Retrying...
2022-11-06T03:55:26.0678450Z A path returned 202. Retrying...
2022-11-06T03:55:26.0678729Z A path returned 202. Retrying...
2022-11-06T03:55:26.0679002Z A path returned 202. Retrying...
2022-11-06T03:55:26.0679277Z A path returned 202. Retrying...
2022-11-06T03:55:26.0679552Z A path returned 202. Retrying...
2022-11-06T03:55:26.0679826Z A path returned 202. Retrying...
2022-11-06T03:55:26.0680089Z A path returned 202. Retrying...
2022-11-06T03:55:26.0680363Z A path returned 202. Retrying...
2022-11-06T03:55:26.0680639Z A path returned 202. Retrying...
2022-11-06T03:55:26.0680914Z A path returned 202. Retrying...
2022-11-06T03:55:26.0681189Z A path returned 202. Retrying...
2022-11-06T03:55:26.0681462Z A path returned 202. Retrying...
2022-11-06T03:55:26.0681736Z A path returned 202. Retrying...
2022-11-06T03:55:26.0681999Z A path returned 202. Retrying...
2022-11-06T03:55:26.0682273Z A path returned 202. Retrying...
2022-11-06T03:55:26.0682546Z A path returned 202. Retrying...
2022-11-06T03:55:26.0682823Z A path returned 202. Retrying...
2022-11-06T03:55:26.0683098Z A path returned 202. Retrying...
2022-11-06T03:55:26.0683382Z A path returned 202. Retrying...
2022-11-06T03:55:26.0683654Z A path returned 202. Retrying...
2022-11-06T03:55:26.0683926Z A path returned 202. Retrying...
2022-11-06T04:04:25.6547297Z A path returned 202. Retrying...
2022-11-06T04:04:25.6547665Z A path returned 202. Retrying...
2022-11-06T04:04:25.6548488Z A path returned 202. Retrying...
2022-11-06T04:04:25.6548783Z A path returned 202. Retrying...
2022-11-06T04:04:25.6549058Z A path returned 202. Retrying...
2022-11-06T04:04:25.6549394Z A path returned 202. Retrying...
2022-11-06T04:04:25.6549678Z A path returned 202. Retrying...
2022-11-06T04:04:25.6549968Z A path returned 202. Retrying...
2022-11-06T04:04:25.6550251Z A path returned 202. Retrying...
2022-11-06T04:04:25.6550534Z A path returned 202. Retrying...
2022-11-06T04:04:25.6550814Z A path returned 202. Retrying...
2022-11-06T04:04:25.6551116Z A path returned 202. Retrying...
2022-11-06T04:04:25.6551382Z A path returned 202. Retrying...
2022-11-06T04:04:25.6551658Z A path returned 202. Retrying...
2022-11-06T04:04:25.6551942Z A path returned 202. Retrying...
2022-11-06T04:04:25.6552228Z A path returned 202. Retrying...
2022-11-06T04:04:25.6552509Z A path returned 202. Retrying...
2022-11-06T04:04:25.6552788Z A path returned 202. Retrying...
2022-11-06T04:04:25.6553069Z A path returned 202. Retrying...
2022-11-06T04:04:25.6553351Z A path returned 202. Retrying...
2022-11-06T04:04:25.6553619Z A path returned 202. Retrying...
2022-11-06T04:04:25.6553896Z A path returned 202. Retrying...
2022-11-06T04:04:25.6554173Z A path returned 202. Retrying...
2022-11-06T04:04:25.6554455Z A path returned 202. Retrying...
2022-11-06T04:04:25.6554734Z A path returned 202. Retrying...
2022-11-06T04:04:25.6555013Z A path returned 202. Retrying...
2022-11-06T04:04:25.6555294Z A path returned 202. Retrying...
2022-11-06T04:04:25.6555559Z A path returned 202. Retrying...
2022-11-06T04:04:25.6555976Z A path returned 202. Retrying...
2022-11-06T04:04:25.6556254Z A path returned 202. Retrying...
2022-11-06T04:04:25.6556532Z A path returned 202. Retrying...
2022-11-06T04:04:25.6556810Z A path returned 202. Retrying...
2022-11-06T04:04:25.6557090Z A path returned 202. Retrying...
2022-11-06T04:04:25.6557373Z A path returned 202. Retrying...
2022-11-06T04:04:25.6557654Z A path returned 202. Retrying...
2022-11-06T04:04:25.6557921Z A path returned 202. Retrying...
2022-11-06T04:04:25.6558201Z A path returned 202. Retrying...
2022-11-06T04:04:25.6558481Z A path returned 202. Retrying...
2022-11-06T04:04:25.6558766Z A path returned 202. Retrying...
2022-11-06T04:04:25.6559043Z A path returned 202. Retrying...
2022-11-06T04:04:25.6559326Z A path returned 202. Retrying...
2022-11-06T04:04:25.6559606Z A path returned 202. Retrying...
2022-11-06T04:04:25.6559889Z A path returned 202. Retrying...
2022-11-06T04:04:25.6560155Z A path returned 202. Retrying...
2022-11-06T04:04:25.6560439Z A path returned 202. Retrying...
2022-11-06T04:04:25.6560742Z A path returned 202. Retrying...
2022-11-06T04:04:25.6561022Z A path returned 202. Retrying...
2022-11-06T04:04:25.6561299Z A path returned 202. Retrying...
2022-11-06T04:04:25.6561579Z A path returned 202. Retrying...
2022-11-06T04:04:25.6561862Z A path returned 202. Retrying...
2022-11-06T04:04:25.6562129Z A path returned 202. Retrying...
2022-11-06T04:04:25.6562410Z A path returned 202. Retrying...
2022-11-06T04:04:25.6562689Z A path returned 202. Retrying...
2022-11-06T04:04:25.6562971Z A path returned 202. Retrying...
2022-11-06T04:04:25.6563253Z A path returned 202. Retrying...
2022-11-06T04:04:25.6563533Z A path returned 202. Retrying...
2022-11-06T04:04:25.6563818Z A path returned 202. Retrying...
2022-11-06T04:04:25.6564097Z A path returned 202. Retrying...
2022-11-06T04:04:25.6564362Z A path returned 202. Retrying...
2022-11-06T04:04:25.6565012Z A path returned 202. Retrying...
2022-11-06T04:04:25.6565303Z A path returned 202. Retrying...
2022-11-06T04:04:25.6565590Z A path returned 202. Retrying...
2022-11-06T04:04:25.6565873Z A path returned 202. Retrying...
2022-11-06T04:04:25.6566153Z A path returned 202. Retrying...
2022-11-06T04:04:25.6566433Z A path returned 202. Retrying...
2022-11-06T04:04:25.6566716Z A path returned 202. Retrying...
2022-11-06T04:04:25.6566984Z A path returned 202. Retrying...
2022-11-06T04:04:25.6567264Z A path returned 202. Retrying...
2022-11-06T04:04:25.6567654Z A path returned 202. Retrying...
2022-11-06T04:04:25.6567939Z A path returned 202. Retrying...
2022-11-06T04:04:25.6568217Z A path returned 202. Retrying...
2022-11-06T04:04:25.6568510Z A path returned 202. Retrying...
2022-11-06T04:04:25.6568790Z A path returned 202. Retrying...
2022-11-06T04:04:25.6569054Z A path returned 202. Retrying...
2022-11-06T04:04:25.6569336Z A path returned 202. Retrying...
2022-11-06T04:04:25.6569614Z A path returned 202. Retrying...
2022-11-06T04:04:25.6569898Z A path returned 202. Retrying...
2022-11-06T04:04:25.6570188Z A path returned 202. Retrying...
2022-11-06T04:04:25.6570474Z A path returned 202. Retrying...
2022-11-06T04:04:25.6570750Z A path returned 202. Retrying...
2022-11-06T04:04:25.6571034Z A path returned 202. Retrying...
2022-11-06T04:04:25.6571298Z A path returned 202. Retrying...
2022-11-06T04:04:25.6571576Z A path returned 202. Retrying...
2022-11-06T04:04:25.6571856Z A path returned 202. Retrying...
2022-11-06T04:04:25.6572135Z A path returned 202. Retrying...
2022-11-06T04:04:25.6572422Z A path returned 202. Retrying...
2022-11-06T04:04:25.6572701Z A path returned 202. Retrying...
2022-11-06T04:04:25.6572982Z A path returned 202. Retrying...
2022-11-06T04:04:25.6573266Z A path returned 202. Retrying...
2022-11-06T04:04:25.6573533Z A path returned 202. Retrying...
2022-11-06T04:04:25.6573812Z A path returned 202. Retrying...
2022-11-06T04:04:25.6574099Z A path returned 202. Retrying...
2022-11-06T04:04:25.6574381Z A path returned 202. Retrying...
2022-11-06T04:04:25.6574658Z A path returned 202. Retrying...
2022-11-06T04:04:25.6575034Z A path returned 202. Retrying...
2022-11-06T04:04:25.6575314Z A path returned 202. Retrying...
2022-11-06T04:04:25.6575581Z A path returned 202. Retrying...
2022-11-06T04:04:25.6575864Z A path returned 202. Retrying...
2022-11-06T04:04:25.6576142Z A path returned 202. Retrying...
2022-11-06T04:04:25.6576421Z A path returned 202. Retrying...
2022-11-06T04:04:25.6576700Z A path returned 202. Retrying...
2022-11-06T04:04:25.6576990Z A path returned 202. Retrying...
2022-11-06T04:04:25.6577272Z A path returned 202. Retrying...
2022-11-06T04:04:25.6577552Z A path returned 202. Retrying...
2022-11-06T04:04:25.6577816Z A path returned 202. Retrying...
2022-11-06T04:04:25.6578101Z A path returned 202. Retrying...
2022-11-06T04:04:25.6578383Z A path returned 202. Retrying...
2022-11-06T04:04:25.6578665Z A path returned 202. Retrying...
2022-11-06T04:04:25.6578943Z A path returned 202. Retrying...
2022-11-06T04:04:25.6579224Z A path returned 202. Retrying...
2022-11-06T04:04:25.6579508Z A path returned 202. Retrying...
2022-11-06T04:04:25.6579787Z A path returned 202. Retrying...
2022-11-06T04:04:25.6580053Z A path returned 202. Retrying...
2022-11-06T04:04:25.6580331Z A path returned 202. Retrying...
2022-11-06T04:04:25.6580613Z A path returned 202. Retrying...
2022-11-06T04:04:25.6580895Z A path returned 202. Retrying...
2022-11-06T04:04:25.6581176Z A path returned 202. Retrying...
2022-11-06T04:04:25.6581456Z A path returned 202. Retrying...
2022-11-06T04:04:25.6581742Z A path returned 202. Retrying...
2022-11-06T04:04:25.6582009Z A path returned 202. Retrying...
2022-11-06T04:04:25.6582293Z A path returned 202. Retrying...
2022-11-06T04:04:25.6582573Z A path returned 202. Retrying...
2022-11-06T04:04:25.6582855Z A path returned 202. Retrying...
2022-11-06T04:04:25.6583138Z A path returned 202. Retrying...
2022-11-06T04:04:25.6583419Z A path returned 202. Retrying...
2022-11-06T04:04:25.6583702Z A path returned 202. Retrying...
2022-11-06T04:04:25.6583988Z A path returned 202. Retrying...
2022-11-06T04:04:25.6584256Z A path returned 202. Retrying...
2022-11-06T04:04:25.6584535Z A path returned 202. Retrying...
2022-11-06T04:04:25.6584815Z A path returned 202. Retrying...
2022-11-06T04:04:25.6585096Z A path returned 202. Retrying...
2022-11-06T04:04:25.6585382Z A path returned 202. Retrying...
2022-11-06T04:04:25.6585661Z A path returned 202. Retrying...
2022-11-06T04:04:25.6585943Z A path returned 202. Retrying...
2022-11-06T04:04:25.6586293Z A path returned 202. Retrying...
2022-11-06T04:04:25.6586567Z A path returned 202. Retrying...
2022-11-06T04:04:25.6586844Z A path returned 202. Retrying...
2022-11-06T04:04:25.6587129Z A path returned 202. Retrying...
2022-11-06T04:04:25.6587409Z A path returned 202. Retrying...
2022-11-06T04:04:25.6587697Z A path returned 202. Retrying...
2022-11-06T04:04:25.6587978Z A path returned 202. Retrying...
2022-11-06T04:04:25.6588264Z A path returned 202. Retrying...
2022-11-06T04:04:25.6588528Z A path returned 202. Retrying...
2022-11-06T04:04:25.6588816Z A path returned 202. Retrying...
2022-11-06T04:04:25.6589097Z A path returned 202. Retrying...
2022-11-06T04:04:25.6589381Z A path returned 202. Retrying...
2022-11-06T04:04:25.6589661Z A path returned 202. Retrying...
2022-11-06T04:04:25.6589944Z A path returned 202. Retrying...
2022-11-06T04:04:25.6590223Z A path returned 202. Retrying...
2022-11-06T04:04:25.6590510Z A path returned 202. Retrying...
2022-11-06T04:04:25.6590774Z A path returned 202. Retrying...
2022-11-06T04:04:25.6591055Z A path returned 202. Retrying...
2022-11-06T04:04:25.6591337Z A path returned 202. Retrying...
2022-11-06T04:04:25.6591615Z A path returned 202. Retrying...
2022-11-06T04:04:25.6591893Z A path returned 202. Retrying...
2022-11-06T04:04:25.6592172Z A path returned 202. Retrying...
2022-11-06T04:04:25.6592451Z A path returned 202. Retrying...
2022-11-06T04:04:25.6592736Z A path returned 202. Retrying...
2022-11-06T04:04:25.6593000Z A path returned 202. Retrying...
2022-11-06T04:04:25.6593280Z A path returned 202. Retrying...
2022-11-06T04:04:25.6593648Z A path returned 202. Retrying...
2022-11-06T04:04:25.6593928Z A path returned 202. Retrying...
2022-11-06T04:04:25.6594207Z A path returned 202. Retrying...
2022-11-06T04:04:25.6594486Z A path returned 202. Retrying...
2022-11-06T04:04:25.6594768Z A path returned 202. Retrying...
2022-11-06T04:04:25.6595035Z A path returned 202. Retrying...
2022-11-06T04:04:25.6595315Z A path returned 202. Retrying...
2022-11-06T04:04:25.6595595Z A path returned 202. Retrying...
2022-11-06T04:04:25.6595873Z A path returned 202. Retrying...
2022-11-06T04:04:25.6596154Z A path returned 202. Retrying...
2022-11-06T04:04:25.6596433Z A path returned 202. Retrying...
2022-11-06T04:04:25.6596710Z A path returned 202. Retrying...
2022-11-06T04:04:25.6597076Z A path returned 202. Retrying...
2022-11-06T04:04:25.6597309Z A path returned 202. Retrying...
2022-11-06T04:04:25.6597557Z A path returned 202. Retrying...
2022-11-06T04:04:25.6597809Z A path returned 202. Retrying...
2022-11-06T04:04:25.6598054Z A path returned 202. Retrying...
2022-11-06T04:04:25.6598304Z A path returned 202. Retrying...
2022-11-06T04:04:25.6598551Z A path returned 202. Retrying...
2022-11-06T04:04:25.6598794Z A path returned 202. Retrying...
2022-11-06T04:04:25.6599044Z A path returned 202. Retrying...
2022-11-06T04:04:25.6599274Z A path returned 202. Retrying...
2022-11-06T04:04:25.6599517Z A path returned 202. Retrying...
2022-11-06T04:04:25.6599762Z A path returned 202. Retrying...
2022-11-06T04:04:25.6600008Z A path returned 202. Retrying...
2022-11-06T04:04:25.6600252Z A path returned 202. Retrying...
2022-11-06T04:04:25.6600496Z A path returned 202. Retrying...
2022-11-06T04:04:25.6600740Z A path returned 202. Retrying...
2022-11-06T04:04:25.6600971Z A path returned 202. Retrying...
2022-11-06T04:04:25.6601217Z A path returned 202. Retrying...
2022-11-06T04:04:25.6601462Z A path returned 202. Retrying...
2022-11-06T04:04:25.6601715Z A path returned 202. Retrying...
2022-11-06T04:04:25.6601962Z A path returned 202. Retrying...
2022-11-06T04:04:25.6602221Z A path returned 202. Retrying...
2022-11-06T04:04:25.6602464Z A path returned 202. Retrying...
2022-11-06T04:04:25.6602707Z A path returned 202. Retrying...
2022-11-06T04:04:25.6602937Z A path returned 202. Retrying...
2022-11-06T04:04:25.6603187Z A path returned 202. Retrying...
2022-11-06T04:04:25.6603428Z A path returned 202. Retrying...
2022-11-06T04:04:25.6603673Z A path returned 202. Retrying...
2022-11-06T04:04:25.6603983Z A path returned 202. Retrying...
2022-11-06T04:04:25.6604238Z A path returned 202. Retrying...
2022-11-06T04:04:25.6604483Z A path returned 202. Retrying...
2022-11-06T04:04:25.6604834Z A path returned 202. Retrying...
2022-11-06T04:04:25.6605066Z A path returned 202. Retrying...
2022-11-06T04:04:25.6605314Z A path returned 202. Retrying...
2022-11-06T04:04:25.6605558Z A path returned 202. Retrying...
2022-11-06T04:04:25.6605806Z A path returned 202. Retrying...
2022-11-06T04:04:25.6606053Z A path returned 202. Retrying...
2022-11-06T04:04:25.6606302Z A path returned 202. Retrying...
2022-11-06T04:04:25.6606553Z A path returned 202. Retrying...
2022-11-06T04:04:25.6606799Z A path returned 202. Retrying...
2022-11-06T04:04:25.6607031Z A path returned 202. Retrying...
2022-11-06T04:04:25.6607280Z A path returned 202. Retrying...
2022-11-06T04:04:25.6607527Z A path returned 202. Retrying...
2022-11-06T04:04:25.6607773Z A path returned 202. Retrying...
2022-11-06T04:04:25.6608018Z A path returned 202. Retrying...
2022-11-06T04:04:25.6608266Z A path returned 202. Retrying...
2022-11-06T04:04:25.6608516Z A path returned 202. Retrying...
2022-11-06T04:04:25.6608748Z A path returned 202. Retrying...
2022-11-06T04:04:25.6608994Z A path returned 202. Retrying...
2022-11-06T04:04:25.6609238Z A path returned 202. Retrying...
2022-11-06T04:04:25.6609481Z A path returned 202. Retrying...
2022-11-06T04:04:25.6609725Z A path returned 202. Retrying...
2022-11-06T04:04:25.6609971Z A path returned 202. Retrying...
2022-11-06T04:04:25.6610217Z A path returned 202. Retrying...
2022-11-06T04:04:25.6610540Z A path returned 202. Retrying...
2022-11-06T04:04:25.6610773Z A path returned 202. Retrying...
2022-11-06T04:04:25.6611021Z A path returned 202. Retrying...
2022-11-06T04:04:25.6611271Z A path returned 202. Retrying...
2022-11-06T04:04:25.6611516Z A path returned 202. Retrying...
2022-11-06T04:04:25.6611764Z A path returned 202. Retrying...
2022-11-06T04:04:25.6612009Z A path returned 202. Retrying...
2022-11-06T04:04:25.6612263Z A path returned 202. Retrying...
2022-11-06T04:04:25.6612507Z A path returned 202. Retrying...
2022-11-06T04:04:25.6612741Z A path returned 202. Retrying...
2022-11-06T04:04:25.6612984Z A path returned 202. Retrying...
2022-11-06T04:04:25.6613229Z A path returned 202. Retrying...
2022-11-06T04:04:25.6613477Z A path returned 202. Retrying...
2022-11-06T04:04:25.6613721Z A path returned 202. Retrying...
2022-11-06T04:04:25.6613966Z A path returned 202. Retrying...
2022-11-06T04:04:25.6614214Z A path returned 202. Retrying...
2022-11-06T04:04:25.6614444Z A path returned 202. Retrying...
2022-11-06T04:04:25.6614694Z A path returned 202. Retrying...
2022-11-06T04:04:25.6614939Z A path returned 202. Retrying...
2022-11-06T04:04:25.6615183Z A path returned 202. Retrying...
2022-11-06T04:04:25.6615428Z A path returned 202. Retrying...
2022-11-06T04:04:25.6615674Z A path returned 202. Retrying...
2022-11-06T04:13:21.6483796Z A path returned 202. Retrying...
2022-11-06T04:13:21.6484172Z A path returned 202. Retrying...
2022-11-06T04:13:21.6484484Z A path returned 202. Retrying...
2022-11-06T04:13:21.6485013Z A path returned 202. Retrying...
2022-11-06T04:13:21.6485288Z A path returned 202. Retrying...
2022-11-06T04:13:21.6485578Z A path returned 202. Retrying...
2022-11-06T04:13:21.6485858Z A path returned 202. Retrying...
2022-11-06T04:13:21.6486143Z A path returned 202. Retrying...
2022-11-06T04:13:21.6486426Z A path returned 202. Retrying...
2022-11-06T04:13:21.6486709Z A path returned 202. Retrying...
2022-11-06T04:13:21.6486991Z A path returned 202. Retrying...
2022-11-06T04:13:21.6487285Z A path returned 202. Retrying...
2022-11-06T04:13:21.6487552Z A path returned 202. Retrying...
2022-11-06T04:13:21.6487830Z A path returned 202. Retrying...
2022-11-06T04:13:21.6488111Z A path returned 202. Retrying...
2022-11-06T04:13:21.6488391Z A path returned 202. Retrying...
2022-11-06T04:13:21.6488671Z A path returned 202. Retrying...
2022-11-06T04:13:21.6488949Z A path returned 202. Retrying...
2022-11-06T04:13:21.6489549Z A path returned 202. Retrying...
2022-11-06T04:13:21.6489858Z A path returned 202. Retrying...
2022-11-06T04:13:21.6490143Z A path returned 202. Retrying...
2022-11-06T04:13:21.6490421Z A path returned 202. Retrying...
2022-11-06T04:13:21.6490700Z A path returned 202. Retrying...
2022-11-06T04:13:21.6490979Z A path returned 202. Retrying...
2022-11-06T04:13:21.6491263Z A path returned 202. Retrying...
2022-11-06T04:13:21.6491539Z A path returned 202. Retrying...
2022-11-06T04:13:21.6491823Z A path returned 202. Retrying...
2022-11-06T04:13:21.6492089Z A path returned 202. Retrying...
2022-11-06T04:13:21.6492377Z A path returned 202. Retrying...
2022-11-06T04:13:21.6492656Z A path returned 202. Retrying...
2022-11-06T04:13:21.6492933Z A path returned 202. Retrying...
2022-11-06T04:13:21.6493211Z A path returned 202. Retrying...
2022-11-06T04:13:21.6493489Z A path returned 202. Retrying...
2022-11-06T04:13:21.6493772Z A path returned 202. Retrying...
2022-11-06T04:13:21.6494052Z A path returned 202. Retrying...
2022-11-06T04:13:21.6494323Z A path returned 202. Retrying...
2022-11-06T04:13:21.6494605Z A path returned 202. Retrying...
2022-11-06T04:13:21.6494885Z A path returned 202. Retrying...
2022-11-06T04:13:21.6495165Z A path returned 202. Retrying...
2022-11-06T04:13:21.6495446Z A path returned 202. Retrying...
2022-11-06T04:13:21.6495722Z A path returned 202. Retrying...
2022-11-06T04:13:21.6495999Z A path returned 202. Retrying...
2022-11-06T04:13:21.6496282Z A path returned 202. Retrying...
2022-11-06T04:13:21.6496548Z A path returned 202. Retrying...
2022-11-06T04:13:21.6496929Z A path returned 202. Retrying...
2022-11-06T04:13:21.6497212Z A path returned 202. Retrying...
2022-11-06T04:13:21.6497493Z A path returned 202. Retrying...
2022-11-06T04:13:21.6497773Z A path returned 202. Retrying...
2022-11-06T04:13:21.6498054Z A path returned 202. Retrying...
2022-11-06T04:13:21.6498333Z A path returned 202. Retrying...
2022-11-06T04:13:21.6498603Z A path returned 202. Retrying...
2022-11-06T04:13:21.6498889Z A path returned 202. Retrying...
2022-11-06T04:13:21.6499168Z A path returned 202. Retrying...
2022-11-06T04:13:21.6499447Z A path returned 202. Retrying...
2022-11-06T04:13:21.6499727Z A path returned 202. Retrying...
2022-11-06T04:13:21.6500012Z A path returned 202. Retrying...
2022-11-06T04:13:21.6500292Z A path returned 202. Retrying...
2022-11-06T04:13:21.6500571Z A path returned 202. Retrying...
2022-11-06T04:13:21.6500840Z A path returned 202. Retrying...
2022-11-06T04:13:21.6501121Z A path returned 202. Retrying...
2022-11-06T04:13:21.6501400Z A path returned 202. Retrying...
2022-11-06T04:13:21.6501683Z A path returned 202. Retrying...
2022-11-06T04:13:21.6501961Z A path returned 202. Retrying...
2022-11-06T04:13:21.6502239Z A path returned 202. Retrying...
2022-11-06T04:13:21.6502518Z A path returned 202. Retrying...
2022-11-06T04:13:21.6502805Z A path returned 202. Retrying...
2022-11-06T04:13:21.6503067Z A path returned 202. Retrying...
2022-11-06T04:13:21.6503346Z A path returned 202. Retrying...
2022-11-06T04:13:21.6503627Z A path returned 202. Retrying...
2022-11-06T04:13:21.6503907Z A path returned 202. Retrying...
2022-11-06T04:13:21.6504185Z A path returned 202. Retrying...
2022-11-06T04:13:21.6504468Z A path returned 202. Retrying...
2022-11-06T04:13:21.6504747Z A path returned 202. Retrying...
2022-11-06T04:13:21.6505012Z A path returned 202. Retrying...
2022-11-06T04:13:21.6505292Z A path returned 202. Retrying...
2022-11-06T04:13:21.6505574Z A path returned 202. Retrying...
2022-11-06T04:13:21.6505848Z A path returned 202. Retrying...
2022-11-06T04:13:21.6506130Z A path returned 202. Retrying...
2022-11-06T04:13:21.6506407Z A path returned 202. Retrying...
2022-11-06T04:13:21.6506684Z A path returned 202. Retrying...
2022-11-06T04:13:21.6506963Z A path returned 202. Retrying...
2022-11-06T04:13:21.6507228Z A path returned 202. Retrying...
2022-11-06T04:13:21.6507504Z A path returned 202. Retrying...
2022-11-06T04:13:21.6507783Z A path returned 202. Retrying...
2022-11-06T04:13:21.6508138Z A path returned 202. Retrying...
2022-11-06T04:13:21.6508421Z A path returned 202. Retrying...
2022-11-06T04:13:21.6508700Z A path returned 202. Retrying...
2022-11-06T04:13:21.6508983Z A path returned 202. Retrying...
2022-11-06T04:13:21.6509261Z A path returned 202. Retrying...
2022-11-06T04:13:21.6509526Z A path returned 202. Retrying...
2022-11-06T04:13:21.6509802Z A path returned 202. Retrying...
2022-11-06T04:13:21.6510081Z A path returned 202. Retrying...
2022-11-06T04:13:21.6510359Z A path returned 202. Retrying...
2022-11-06T04:13:21.6510645Z A path returned 202. Retrying...
2022-11-06T04:13:21.6510927Z A path returned 202. Retrying...
2022-11-06T04:13:21.6511208Z A path returned 202. Retrying...
2022-11-06T04:13:21.6511471Z A path returned 202. Retrying...
2022-11-06T04:13:21.6511750Z A path returned 202. Retrying...
2022-11-06T04:13:21.6512416Z A path returned 202. Retrying...
2022-11-06T04:13:21.6513276Z A path returned 202. Retrying...
2022-11-06T04:13:21.6513557Z A path returned 202. Retrying...
2022-11-06T04:13:21.6513840Z A path returned 202. Retrying...
2022-11-06T04:13:21.6514231Z A path returned 202. Retrying...
2022-11-06T04:13:21.6514601Z A path returned 202. Retrying...
2022-11-06T04:13:21.6514965Z A path returned 202. Retrying...
2022-11-06T04:13:21.6515326Z A path returned 202. Retrying...
2022-11-06T04:13:21.6515671Z A path returned 202. Retrying...
2022-11-06T04:13:21.6516010Z A path returned 202. Retrying...
2022-11-06T04:13:21.6516371Z A path returned 202. Retrying...
2022-11-06T04:13:21.6516732Z A path returned 202. Retrying...
2022-11-06T04:13:21.6517197Z A path returned 202. Retrying...
2022-11-06T04:13:21.6517565Z A path returned 202. Retrying...
2022-11-06T04:13:21.6517926Z A path returned 202. Retrying...
2022-11-06T04:13:21.6518284Z A path returned 202. Retrying...
2022-11-06T04:13:21.6518646Z A path returned 202. Retrying...
2022-11-06T04:13:21.6519013Z A path returned 202. Retrying...
2022-11-06T04:13:21.6519371Z A path returned 202. Retrying...
2022-11-06T04:13:21.6519743Z A path returned 202. Retrying...
2022-11-06T04:13:21.6520100Z A path returned 202. Retrying...
2022-11-06T04:13:21.6520425Z A path returned 202. Retrying...
2022-11-06T04:13:21.6520786Z A path returned 202. Retrying...
2022-11-06T04:13:21.6521149Z A path returned 202. Retrying...
2022-11-06T04:13:21.6521512Z A path returned 202. Retrying...
2022-11-06T04:13:21.6521877Z A path returned 202. Retrying...
2022-11-06T04:13:21.6522177Z A path returned 202. Retrying...
2022-11-06T04:13:21.6522459Z A path returned 202. Retrying...
2022-11-06T04:13:21.6522819Z A path returned 202. Retrying...
2022-11-06T04:13:21.6523185Z A path returned 202. Retrying...
2022-11-06T04:13:21.6523547Z A path returned 202. Retrying...
2022-11-06T04:13:21.6523905Z A path returned 202. Retrying...
2022-11-06T04:13:21.6524251Z A path returned 202. Retrying...
2022-11-06T04:13:21.6524706Z A path returned 202. Retrying...
2022-11-06T04:13:21.6525080Z A path returned 202. Retrying...
2022-11-06T04:13:21.6525442Z A path returned 202. Retrying...
2022-11-06T04:13:21.6525808Z A path returned 202. Retrying...
2022-11-06T04:13:21.6526176Z A path returned 202. Retrying...
2022-11-06T04:13:21.6526540Z A path returned 202. Retrying...
2022-11-06T04:13:21.6526900Z A path returned 202. Retrying...
2022-11-06T04:13:21.6527265Z A path returned 202. Retrying...
2022-11-06T04:13:21.6527629Z A path returned 202. Retrying...
2022-11-06T04:13:21.6527994Z A path returned 202. Retrying...
2022-11-06T04:13:21.6528356Z A path returned 202. Retrying...
2022-11-06T04:13:21.6528703Z A path returned 202. Retrying...
2022-11-06T04:13:21.6529070Z A path returned 202. Retrying...
2022-11-06T04:13:21.6529432Z A path returned 202. Retrying...
2022-11-06T04:13:21.6529791Z A path returned 202. Retrying...
2022-11-06T04:13:21.6530156Z A path returned 202. Retrying...
2022-11-06T04:13:21.6530518Z A path returned 202. Retrying...
2022-11-06T04:13:21.6530881Z A path returned 202. Retrying...
2022-11-06T04:13:21.6531242Z A path returned 202. Retrying...
2022-11-06T04:13:21.6531709Z A path returned 202. Retrying...
2022-11-06T04:13:21.6532082Z A path returned 202. Retrying...
2022-11-06T04:13:21.6532443Z A path returned 202. Retrying...
2022-11-06T04:13:21.6532801Z A path returned 202. Retrying...
2022-11-06T04:13:21.6533145Z A path returned 202. Retrying...
2022-11-06T04:13:21.6533504Z A path returned 202. Retrying...
2022-11-06T04:13:21.6533874Z A path returned 202. Retrying...
2022-11-06T04:13:21.6534240Z A path returned 202. Retrying...
2022-11-06T04:13:21.6534601Z A path returned 202. Retrying...
2022-11-06T04:13:21.6534963Z A path returned 202. Retrying...
2022-11-06T04:13:21.6535331Z A path returned 202. Retrying...
2022-11-06T04:13:21.6535693Z A path returned 202. Retrying...
2022-11-06T04:13:21.6536056Z A path returned 202. Retrying...
2022-11-06T04:13:21.6536416Z A path returned 202. Retrying...
2022-11-06T04:13:21.6536779Z A path returned 202. Retrying...
2022-11-06T04:13:21.6537140Z A path returned 202. Retrying...
2022-11-06T04:13:21.6537502Z A path returned 202. Retrying...
2022-11-06T04:13:21.6537856Z A path returned 202. Retrying...
2022-11-06T04:13:21.6538223Z A path returned 202. Retrying...
2022-11-06T04:13:21.6538589Z A path returned 202. Retrying...
2022-11-06T04:13:21.6538959Z A path returned 202. Retrying...
2022-11-06T04:13:21.6539323Z A path returned 202. Retrying...
2022-11-06T04:13:21.6539692Z A path returned 202. Retrying...
2022-11-06T04:13:21.6540060Z A path returned 202. Retrying...
2022-11-06T04:13:21.6540426Z A path returned 202. Retrying...
2022-11-06T04:13:21.6540792Z A path returned 202. Retrying...
2022-11-06T04:13:21.6541265Z A path returned 202. Retrying...
2022-11-06T04:13:21.6541630Z A path returned 202. Retrying...
2022-11-06T04:13:21.6541990Z A path returned 202. Retrying...
2022-11-06T04:13:21.6542310Z A path returned 202. Retrying...
2022-11-06T04:13:21.6542677Z A path returned 202. Retrying...
2022-11-06T04:13:21.6543042Z A path returned 202. Retrying...
2022-11-06T04:13:21.6543400Z A path returned 202. Retrying...
2022-11-06T04:13:21.6543762Z A path returned 202. Retrying...
2022-11-06T04:13:21.6544131Z A path returned 202. Retrying...
2022-11-06T04:13:21.6544494Z A path returned 202. Retrying...
2022-11-06T04:13:21.6544860Z A path returned 202. Retrying...
2022-11-06T04:13:21.6545221Z A path returned 202. Retrying...
2022-11-06T04:13:21.6545588Z A path returned 202. Retrying...
2022-11-06T04:13:21.6545947Z A path returned 202. Retrying...
2022-11-06T04:13:21.6546313Z A path returned 202. Retrying...
2022-11-06T04:13:21.6546661Z A path returned 202. Retrying...
2022-11-06T04:13:21.6547023Z A path returned 202. Retrying...
2022-11-06T04:13:21.6547395Z A path returned 202. Retrying...
2022-11-06T04:13:21.6547755Z A path returned 202. Retrying...
2022-11-06T04:13:21.6548121Z A path returned 202. Retrying...
2022-11-06T04:13:21.6548481Z A path returned 202. Retrying...
2022-11-06T04:13:21.6548837Z A path returned 202. Retrying...
2022-11-06T04:13:21.6549199Z A path returned 202. Retrying...
2022-11-06T04:13:21.6549559Z A path returned 202. Retrying...
2022-11-06T04:13:21.6549927Z A path returned 202. Retrying...
2022-11-06T04:13:21.6550287Z A path returned 202. Retrying...
2022-11-06T04:13:21.6550645Z A path returned 202. Retrying...
2022-11-06T04:13:21.6550987Z A path returned 202. Retrying...
2022-11-06T04:13:21.6551353Z A path returned 202. Retrying...
2022-11-06T04:13:21.6551718Z A path returned 202. Retrying...
2022-11-06T04:13:21.6552082Z A path returned 202. Retrying...
2022-11-06T04:13:21.6552443Z A path returned 202. Retrying...
2022-11-06T04:13:21.6552811Z A path returned 202. Retrying...
2022-11-06T04:13:21.6553175Z A path returned 202. Retrying...
2022-11-06T04:13:21.6553515Z A path returned 202. Retrying...
2022-11-06T04:13:21.6553877Z A path returned 202. Retrying...
2022-11-06T04:13:21.6554236Z A path returned 202. Retrying...
2022-11-06T04:13:21.6554596Z A path returned 202. Retrying...
2022-11-06T04:13:21.6555254Z A path returned 202. Retrying...
2022-11-06T04:13:21.6555561Z A path returned 202. Retrying...
2022-11-06T04:13:21.6555878Z A path returned 202. Retrying...
2022-11-06T04:13:21.6556268Z A path returned 202. Retrying...
2022-11-06T04:13:21.6556600Z A path returned 202. Retrying...
2022-11-06T04:13:21.6556917Z A path returned 202. Retrying...
2022-11-06T04:13:21.6557244Z A path returned 202. Retrying...
2022-11-06T04:13:21.6557563Z A path returned 202. Retrying...
2022-11-06T04:13:21.6557889Z A path returned 202. Retrying...
2022-11-06T04:13:21.6558205Z A path returned 202. Retrying...
2022-11-06T04:13:21.6558516Z A path returned 202. Retrying...
2022-11-06T04:13:21.6558831Z A path returned 202. Retrying...
2022-11-06T04:13:21.6559148Z A path returned 202. Retrying...
2022-11-06T04:13:21.6559450Z A path returned 202. Retrying...
2022-11-06T04:13:21.6559750Z A path returned 202. Retrying...
2022-11-06T04:13:21.6560067Z A path returned 202. Retrying...
2022-11-06T04:13:21.6560387Z A path returned 202. Retrying...
2022-11-06T04:13:21.6560710Z A path returned 202. Retrying...
2022-11-06T04:13:21.6561031Z A path returned 202. Retrying...
2022-11-06T04:13:21.6561353Z A path returned 202. Retrying...
2022-11-06T04:13:21.6561673Z A path returned 202. Retrying...
2022-11-06T04:13:21.6561994Z A path returned 202. Retrying...
2022-11-06T04:13:21.6562311Z A path returned 202. Retrying...
2022-11-06T04:13:21.6562633Z A path returned 202. Retrying...
2022-11-06T04:13:21.6562956Z A path returned 202. Retrying...
2022-11-06T04:13:21.6563272Z A path returned 202. Retrying...
2022-11-06T04:13:21.6563560Z A path returned 202. Retrying...
2022-11-06T04:13:21.6563881Z A path returned 202. Retrying...
2022-11-06T04:13:21.6564285Z A path returned 202. Retrying...
2022-11-06T04:13:21.6564695Z A path returned 202. Retrying...
2022-11-06T04:13:21.6565023Z A path returned 202. Retrying...
2022-11-06T04:13:21.6565343Z A path returned 202. Retrying...
2022-11-06T04:13:21.6565660Z A path returned 202. Retrying...
2022-11-06T04:13:21.6565983Z A path returned 202. Retrying...
2022-11-06T04:22:21.7998894Z A path returned 202. Retrying...
2022-11-06T04:22:21.7999280Z A path returned 202. Retrying...
2022-11-06T04:22:21.7999598Z A path returned 202. Retrying...
2022-11-06T04:22:21.7999888Z A path returned 202. Retrying...
2022-11-06T04:22:21.8000158Z A path returned 202. Retrying...
2022-11-06T04:22:21.8000437Z A path returned 202. Retrying...
2022-11-06T04:22:21.8000724Z A path returned 202. Retrying...
2022-11-06T04:22:21.8001007Z A path returned 202. Retrying...
2022-11-06T04:22:21.8001293Z A path returned 202. Retrying...
2022-11-06T04:22:21.8001573Z A path returned 202. Retrying...
2022-11-06T04:22:21.8001856Z A path returned 202. Retrying...
2022-11-06T04:22:21.8002146Z A path returned 202. Retrying...
2022-11-06T04:22:21.8002410Z A path returned 202. Retrying...
2022-11-06T04:22:21.8002689Z A path returned 202. Retrying...
2022-11-06T04:22:21.8002964Z A path returned 202. Retrying...
2022-11-06T04:22:21.8003245Z A path returned 202. Retrying...
2022-11-06T04:22:21.8003526Z A path returned 202. Retrying...
2022-11-06T04:22:21.8003806Z A path returned 202. Retrying...
2022-11-06T04:22:21.8004087Z A path returned 202. Retrying...
2022-11-06T04:22:21.8004349Z A path returned 202. Retrying...
2022-11-06T04:22:21.8004805Z A path returned 202. Retrying...
2022-11-06T04:22:21.8005086Z A path returned 202. Retrying...
2022-11-06T04:22:21.8005372Z A path returned 202. Retrying...
2022-11-06T04:22:21.8005656Z A path returned 202. Retrying...
2022-11-06T04:22:21.8005946Z A path returned 202. Retrying...
2022-11-06T04:22:21.8006222Z A path returned 202. Retrying...
2022-11-06T04:22:21.8006498Z A path returned 202. Retrying...
2022-11-06T04:22:21.8006767Z A path returned 202. Retrying...
2022-11-06T04:22:21.8007047Z A path returned 202. Retrying...
2022-11-06T04:22:21.8007331Z A path returned 202. Retrying...
2022-11-06T04:22:21.8007613Z A path returned 202. Retrying...
2022-11-06T04:22:21.8007893Z A path returned 202. Retrying...
2022-11-06T04:22:21.8008169Z A path returned 202. Retrying...
2022-11-06T04:22:21.8008446Z A path returned 202. Retrying...
2022-11-06T04:22:21.8008724Z A path returned 202. Retrying...
2022-11-06T04:22:21.8009436Z A path returned 202. Retrying...
2022-11-06T04:22:21.8009731Z A path returned 202. Retrying...
2022-11-06T04:22:21.8010014Z A path returned 202. Retrying...
2022-11-06T04:22:21.8010296Z A path returned 202. Retrying...
2022-11-06T04:22:21.8010582Z A path returned 202. Retrying...
2022-11-06T04:22:21.8010862Z A path returned 202. Retrying...
2022-11-06T04:22:21.8011144Z A path returned 202. Retrying...
2022-11-06T04:22:21.8011410Z A path returned 202. Retrying...
2022-11-06T04:22:21.8011691Z A path returned 202. Retrying...
2022-11-06T04:22:21.8011981Z A path returned 202. Retrying...
2022-11-06T04:22:21.8012308Z A path returned 202. Retrying...
2022-11-06T04:22:21.8012591Z A path returned 202. Retrying...
2022-11-06T04:22:21.8012873Z A path returned 202. Retrying...
2022-11-06T04:22:21.8013473Z A path returned 202. Retrying...
2022-11-06T04:22:21.8014174Z A path returned 202. Retrying...
2022-11-06T04:22:21.8014466Z A path returned 202. Retrying...
2022-11-06T04:22:21.8014839Z A path returned 202. Retrying...
2022-11-06T04:22:21.8015214Z A path returned 202. Retrying...
2022-11-06T04:22:21.8015581Z A path returned 202. Retrying...
2022-11-06T04:22:21.8016091Z A path returned 202. Retrying...
2022-11-06T04:22:21.8016574Z A path returned 202. Retrying...
2022-11-06T04:22:21.8017067Z A path returned 202. Retrying...
2022-11-06T04:22:21.8017502Z A path returned 202. Retrying...
2022-11-06T04:22:21.8018148Z A path returned 202. Retrying...
2022-11-06T04:22:21.8018600Z A path returned 202. Retrying...
2022-11-06T04:22:21.8019254Z A path returned 202. Retrying...
2022-11-06T04:22:21.8019717Z A path returned 202. Retrying...
2022-11-06T04:22:21.8020217Z A path returned 202. Retrying...
2022-11-06T04:22:21.8020680Z A path returned 202. Retrying...
2022-11-06T04:22:21.8021150Z A path returned 202. Retrying...
2022-11-06T04:22:21.8021604Z A path returned 202. Retrying...
2022-11-06T04:22:21.8022042Z A path returned 202. Retrying...
2022-11-06T04:22:21.8022409Z A path returned 202. Retrying...
2022-11-06T04:22:21.8022787Z A path returned 202. Retrying...
2022-11-06T04:22:21.8023161Z A path returned 202. Retrying...
2022-11-06T04:22:21.8023663Z A path returned 202. Retrying...
2022-11-06T04:22:21.8024127Z A path returned 202. Retrying...
2022-11-06T04:22:21.8041435Z A path returned 202. Retrying...
2022-11-06T04:22:21.8042058Z A path returned 202. Retrying...
2022-11-06T04:22:21.8042461Z A path returned 202. Retrying...
2022-11-06T04:22:21.8042888Z A path returned 202. Retrying...
2022-11-06T04:22:21.8043314Z A path returned 202. Retrying...
2022-11-06T04:22:21.8043710Z A path returned 202. Retrying...
2022-11-06T04:22:21.8044109Z A path returned 202. Retrying...
2022-11-06T04:22:21.8044487Z A path returned 202. Retrying...
2022-11-06T04:22:21.8044963Z A path returned 202. Retrying...
2022-11-06T04:22:21.8045375Z A path returned 202. Retrying...
2022-11-06T04:22:21.8045772Z A path returned 202. Retrying...
2022-11-06T04:22:21.8046164Z A path returned 202. Retrying...
2022-11-06T04:22:21.8046554Z A path returned 202. Retrying...
2022-11-06T04:22:21.8046975Z A path returned 202. Retrying...
2022-11-06T04:22:21.8047366Z A path returned 202. Retrying...
2022-11-06T04:22:21.8047742Z A path returned 202. Retrying...
2022-11-06T04:22:21.8048131Z A path returned 202. Retrying...
2022-11-06T04:22:21.8048499Z A path returned 202. Retrying...
2022-11-06T04:22:21.8048871Z A path returned 202. Retrying...
2022-11-06T04:22:21.8049247Z A path returned 202. Retrying...
2022-11-06T04:22:21.8049620Z A path returned 202. Retrying...
2022-11-06T04:22:21.8049993Z A path returned 202. Retrying...
2022-11-06T04:22:21.8050364Z A path returned 202. Retrying...
2022-11-06T04:22:21.8050734Z A path returned 202. Retrying...
2022-11-06T04:22:21.8051102Z A path returned 202. Retrying...
2022-11-06T04:22:21.8051473Z A path returned 202. Retrying...
2022-11-06T04:22:21.8051839Z A path returned 202. Retrying...
2022-11-06T04:22:21.8052206Z A path returned 202. Retrying...
2022-11-06T04:22:21.8052574Z A path returned 202. Retrying...
2022-11-06T04:22:21.8053176Z A path returned 202. Retrying...
2022-11-06T04:22:21.8053566Z A path returned 202. Retrying...
2022-11-06T04:22:21.8053946Z A path returned 202. Retrying...
2022-11-06T04:22:21.8054314Z A path returned 202. Retrying...
2022-11-06T04:22:21.8054688Z A path returned 202. Retrying...
2022-11-06T04:22:21.8055062Z A path returned 202. Retrying...
2022-11-06T04:22:21.8055434Z A path returned 202. Retrying...
2022-11-06T04:22:21.8055802Z A path returned 202. Retrying...
2022-11-06T04:22:21.8056176Z A path returned 202. Retrying...
2022-11-06T04:22:21.8056556Z A path returned 202. Retrying...
2022-11-06T04:22:21.8056923Z A path returned 202. Retrying...
2022-11-06T04:22:21.8057291Z A path returned 202. Retrying...
2022-11-06T04:22:21.8057656Z A path returned 202. Retrying...
2022-11-06T04:22:21.8058009Z A path returned 202. Retrying...
2022-11-06T04:22:21.8058379Z A path returned 202. Retrying...
2022-11-06T04:22:21.8058747Z A path returned 202. Retrying...
2022-11-06T04:22:21.8059120Z A path returned 202. Retrying...
2022-11-06T04:22:21.8059484Z A path returned 202. Retrying...
2022-11-06T04:22:21.8059849Z A path returned 202. Retrying...
2022-11-06T04:22:21.8060215Z A path returned 202. Retrying...
2022-11-06T04:22:21.8060582Z A path returned 202. Retrying...
2022-11-06T04:22:21.8060950Z A path returned 202. Retrying...
2022-11-06T04:22:21.8061318Z A path returned 202. Retrying...
2022-11-06T04:22:21.8061618Z A path returned 202. Retrying...
2022-11-06T04:22:21.8061987Z A path returned 202. Retrying...
2022-11-06T04:22:21.8062459Z A path returned 202. Retrying...
2022-11-06T04:22:21.8062832Z A path returned 202. Retrying...
2022-11-06T04:22:21.8063206Z A path returned 202. Retrying...
2022-11-06T04:22:21.8063576Z A path returned 202. Retrying...
2022-11-06T04:22:21.8063948Z A path returned 202. Retrying...
2022-11-06T04:22:21.8064323Z A path returned 202. Retrying...
2022-11-06T04:22:21.8064693Z A path returned 202. Retrying...
2022-11-06T04:22:21.8065059Z A path returned 202. Retrying...
2022-11-06T04:22:21.8065429Z A path returned 202. Retrying...
2022-11-06T04:22:21.8065800Z A path returned 202. Retrying...
2022-11-06T04:22:21.8066169Z A path returned 202. Retrying...
2022-11-06T04:22:21.8066534Z A path returned 202. Retrying...
2022-11-06T04:22:21.8066887Z A path returned 202. Retrying...
2022-11-06T04:22:21.8067258Z A path returned 202. Retrying...
2022-11-06T04:22:21.8067632Z A path returned 202. Retrying...
2022-11-06T04:22:21.8067998Z A path returned 202. Retrying...
2022-11-06T04:22:21.8068366Z A path returned 202. Retrying...
2022-11-06T04:22:21.8094067Z A path returned 202. Retrying...
2022-11-06T04:22:21.8094631Z A path returned 202. Retrying...
2022-11-06T04:22:21.8094980Z A path returned 202. Retrying...
2022-11-06T04:22:21.8095309Z A path returned 202. Retrying...
2022-11-06T04:22:21.8095636Z A path returned 202. Retrying...
2022-11-06T04:22:21.8095954Z A path returned 202. Retrying...
2022-11-06T04:22:21.8096268Z A path returned 202. Retrying...
2022-11-06T04:22:21.8096593Z A path returned 202. Retrying...
2022-11-06T04:22:21.8096914Z A path returned 202. Retrying...
2022-11-06T04:22:21.8097236Z A path returned 202. Retrying...
2022-11-06T04:22:21.8097580Z A path returned 202. Retrying...
2022-11-06T04:22:21.8097884Z A path returned 202. Retrying...
2022-11-06T04:22:21.8098195Z A path returned 202. Retrying...
2022-11-06T04:22:21.8098496Z A path returned 202. Retrying...
2022-11-06T04:22:21.8098796Z A path returned 202. Retrying...
2022-11-06T04:22:21.8099101Z A path returned 202. Retrying...
2022-11-06T04:22:21.8099404Z A path returned 202. Retrying...
2022-11-06T04:22:21.8099708Z A path returned 202. Retrying...
2022-11-06T04:22:21.8100016Z A path returned 202. Retrying...
2022-11-06T04:22:21.8100317Z A path returned 202. Retrying...
2022-11-06T04:22:21.8100624Z A path returned 202. Retrying...
2022-11-06T04:22:21.8100925Z A path returned 202. Retrying...
2022-11-06T04:22:21.8101226Z A path returned 202. Retrying...
2022-11-06T04:22:21.8101524Z A path returned 202. Retrying...
2022-11-06T04:22:21.8101990Z A path returned 202. Retrying...
2022-11-06T04:22:21.8102308Z A path returned 202. Retrying...
2022-11-06T04:22:21.8102614Z A path returned 202. Retrying...
2022-11-06T04:22:21.8102919Z A path returned 202. Retrying...
2022-11-06T04:22:21.8103221Z A path returned 202. Retrying...
2022-11-06T04:22:21.8103522Z A path returned 202. Retrying...
2022-11-06T04:22:21.8103823Z A path returned 202. Retrying...
2022-11-06T04:22:21.8104124Z A path returned 202. Retrying...
2022-11-06T04:22:21.8104426Z A path returned 202. Retrying...
2022-11-06T04:22:21.8104727Z A path returned 202. Retrying...
2022-11-06T04:22:21.8105025Z A path returned 202. Retrying...
2022-11-06T04:22:21.8105324Z A path returned 202. Retrying...
2022-11-06T04:22:21.8105623Z A path returned 202. Retrying...
2022-11-06T04:22:21.8105925Z A path returned 202. Retrying...
2022-11-06T04:22:21.8106224Z A path returned 202. Retrying...
2022-11-06T04:22:21.8106524Z A path returned 202. Retrying...
2022-11-06T04:22:21.8106828Z A path returned 202. Retrying...
2022-11-06T04:22:21.8107131Z A path returned 202. Retrying...
2022-11-06T04:22:21.8107429Z A path returned 202. Retrying...
2022-11-06T04:22:21.8107728Z A path returned 202. Retrying...
2022-11-06T04:22:21.8108026Z A path returned 202. Retrying...
2022-11-06T04:22:21.8129147Z A path returned 202. Retrying...
2022-11-06T04:22:21.8129988Z A path returned 202. Retrying...
2022-11-06T04:22:21.8130361Z A path returned 202. Retrying...
2022-11-06T04:22:21.8130669Z A path returned 202. Retrying...
2022-11-06T04:22:21.8130962Z A path returned 202. Retrying...
2022-11-06T04:22:21.8131445Z A path returned 202. Retrying...
2022-11-06T04:22:21.8131737Z A path returned 202. Retrying...
2022-11-06T04:22:21.8132030Z A path returned 202. Retrying...
2022-11-06T04:22:21.8132318Z A path returned 202. Retrying...
2022-11-06T04:22:21.8132605Z A path returned 202. Retrying...
2022-11-06T04:22:21.8132893Z A path returned 202. Retrying...
2022-11-06T04:22:21.8133181Z A path returned 202. Retrying...
2022-11-06T04:22:21.8133472Z A path returned 202. Retrying...
2022-11-06T04:22:21.8133759Z A path returned 202. Retrying...
2022-11-06T04:22:21.8134047Z A path returned 202. Retrying...
2022-11-06T04:22:21.8134336Z A path returned 202. Retrying...
2022-11-06T04:22:21.8134634Z A path returned 202. Retrying...
2022-11-06T04:22:21.8134929Z A path returned 202. Retrying...
2022-11-06T04:22:21.8135220Z A path returned 202. Retrying...
2022-11-06T04:22:21.8135513Z A path returned 202. Retrying...
2022-11-06T04:22:21.8135801Z A path returned 202. Retrying...
2022-11-06T04:22:21.8136092Z A path returned 202. Retrying...
2022-11-06T04:22:21.8136379Z A path returned 202. Retrying...
2022-11-06T04:22:21.8136668Z A path returned 202. Retrying...
2022-11-06T04:22:21.8136955Z A path returned 202. Retrying...
2022-11-06T04:22:21.8137242Z A path returned 202. Retrying...
2022-11-06T04:22:21.8137528Z A path returned 202. Retrying...
2022-11-06T04:22:21.8137817Z A path returned 202. Retrying...
2022-11-06T04:22:21.8138108Z A path returned 202. Retrying...
2022-11-06T04:22:21.8138400Z A path returned 202. Retrying...
2022-11-06T04:22:21.8138691Z A path returned 202. Retrying...
2022-11-06T04:22:21.8138981Z A path returned 202. Retrying...
2022-11-06T04:22:21.8139272Z A path returned 202. Retrying...
2022-11-06T04:22:21.8139569Z A path returned 202. Retrying...
2022-11-06T04:22:21.8139865Z A path returned 202. Retrying...
2022-11-06T04:22:21.8140179Z A path returned 202. Retrying...
2022-11-06T04:22:21.8140488Z A path returned 202. Retrying...
2022-11-06T04:22:21.8140797Z A path returned 202. Retrying...
2022-11-06T04:22:21.8141115Z A path returned 202. Retrying...
2022-11-06T04:22:21.8141433Z A path returned 202. Retrying...
2022-11-06T04:22:21.8141744Z A path returned 202. Retrying...
2022-11-06T04:22:21.8142069Z A path returned 202. Retrying...
2022-11-06T04:22:21.8142380Z A path returned 202. Retrying...
2022-11-06T04:22:21.8142691Z A path returned 202. Retrying...
2022-11-06T04:22:21.8143002Z A path returned 202. Retrying...
2022-11-06T04:22:21.8143407Z A path returned 202. Retrying...
2022-11-06T04:22:21.8143733Z A path returned 202. Retrying...
2022-11-06T04:22:21.8144047Z A path returned 202. Retrying...
2022-11-06T04:22:21.8144361Z A path returned 202. Retrying...
2022-11-06T04:22:21.8144672Z A path returned 202. Retrying...
2022-11-06T04:22:21.8144991Z A path returned 202. Retrying...
2022-11-06T04:22:21.8145305Z A path returned 202. Retrying...
2022-11-06T04:22:21.8145818Z A path returned 202. Retrying...
2022-11-06T04:22:21.8146103Z A path returned 202. Retrying...
2022-11-06T04:22:21.8146366Z A path returned 202. Retrying...
2022-11-06T04:22:21.8146620Z A path returned 202. Retrying...
2022-11-06T04:22:21.8146870Z A path returned 202. Retrying...
2022-11-06T04:22:21.8147119Z A path returned 202. Retrying...
2022-11-06T04:22:21.8147363Z A path returned 202. Retrying...
2022-11-06T04:22:21.8147609Z A path returned 202. Retrying...
2022-11-06T04:31:23.1032873Z A path returned 202. Retrying...
2022-11-06T04:31:23.1033364Z A path returned 202. Retrying...
2022-11-06T04:31:23.1033655Z A path returned 202. Retrying...
2022-11-06T04:31:23.1033941Z A path returned 202. Retrying...
2022-11-06T04:31:23.1034219Z A path returned 202. Retrying...
2022-11-06T04:31:23.1034502Z A path returned 202. Retrying...
2022-11-06T04:31:23.1034786Z A path returned 202. Retrying...
2022-11-06T04:31:23.1035066Z A path returned 202. Retrying...
2022-11-06T04:31:23.1035348Z A path returned 202. Retrying...
2022-11-06T04:31:23.1035631Z A path returned 202. Retrying...
2022-11-06T04:31:23.1035911Z A path returned 202. Retrying...
2022-11-06T04:31:23.1036590Z A path returned 202. Retrying...
2022-11-06T04:31:23.1036856Z A path returned 202. Retrying...
2022-11-06T04:31:23.1037132Z A path returned 202. Retrying...
2022-11-06T04:31:23.1037411Z A path returned 202. Retrying...
2022-11-06T04:31:23.1037688Z A path returned 202. Retrying...
2022-11-06T04:31:23.1037965Z A path returned 202. Retrying...
2022-11-06T04:31:23.1038238Z A path returned 202. Retrying...
2022-11-06T04:31:23.1038525Z A path returned 202. Retrying...
2022-11-06T04:31:23.1038795Z A path returned 202. Retrying...
2022-11-06T04:31:23.1039074Z A path returned 202. Retrying...
2022-11-06T04:31:23.1039352Z A path returned 202. Retrying...
2022-11-06T04:31:23.1039667Z A path returned 202. Retrying...
2022-11-06T04:31:23.1039946Z A path returned 202. Retrying...
2022-11-06T04:31:23.1040221Z A path returned 202. Retrying...
2022-11-06T04:31:23.1040501Z A path returned 202. Retrying...
2022-11-06T04:31:23.1040778Z A path returned 202. Retrying...
2022-11-06T04:31:23.1041046Z A path returned 202. Retrying...
2022-11-06T04:31:23.1041320Z A path returned 202. Retrying...
2022-11-06T04:31:23.1041599Z A path returned 202. Retrying...
2022-11-06T04:31:23.1041876Z A path returned 202. Retrying...
2022-11-06T04:31:23.1042154Z A path returned 202. Retrying...
2022-11-06T04:31:23.1042430Z A path returned 202. Retrying...
2022-11-06T04:31:23.1042706Z A path returned 202. Retrying...
2022-11-06T04:31:23.1042990Z A path returned 202. Retrying...
2022-11-06T04:31:23.1043253Z A path returned 202. Retrying...
2022-11-06T04:31:23.1043527Z A path returned 202. Retrying...
2022-11-06T04:31:23.1043821Z A path returned 202. Retrying...
2022-11-06T04:31:23.1044099Z A path returned 202. Retrying...
2022-11-06T04:31:23.1044375Z A path returned 202. Retrying...
2022-11-06T04:31:23.1044825Z A path returned 202. Retrying...
2022-11-06T04:31:23.1045106Z A path returned 202. Retrying...
2022-11-06T04:31:23.1045369Z A path returned 202. Retrying...
2022-11-06T04:31:23.1045650Z A path returned 202. Retrying...
2022-11-06T04:31:23.1045930Z A path returned 202. Retrying...
2022-11-06T04:31:23.1046208Z A path returned 202. Retrying...
2022-11-06T04:31:23.1046484Z A path returned 202. Retrying...
2022-11-06T04:31:23.1046763Z A path returned 202. Retrying...
2022-11-06T04:31:23.1047039Z A path returned 202. Retrying...
2022-11-06T04:31:23.1047314Z A path returned 202. Retrying...
2022-11-06T04:31:23.1047578Z A path returned 202. Retrying...
2022-11-06T04:31:23.1048009Z A path returned 202. Retrying...
2022-11-06T04:31:23.1048301Z A path returned 202. Retrying...
2022-11-06T04:31:23.1048581Z A path returned 202. Retrying...
2022-11-06T04:31:23.1048860Z A path returned 202. Retrying...
2022-11-06T04:31:23.1049145Z A path returned 202. Retrying...
2022-11-06T04:31:23.1049421Z A path returned 202. Retrying...
2022-11-06T04:31:23.1049697Z A path returned 202. Retrying...
2022-11-06T04:31:23.1049961Z A path returned 202. Retrying...
2022-11-06T04:31:23.1050237Z A path returned 202. Retrying...
2022-11-06T04:31:23.1050525Z A path returned 202. Retrying...
2022-11-06T04:31:23.1050802Z A path returned 202. Retrying...
2022-11-06T04:31:23.1051079Z A path returned 202. Retrying...
2022-11-06T04:31:23.1051360Z A path returned 202. Retrying...
2022-11-06T04:31:23.1051639Z A path returned 202. Retrying...
2022-11-06T04:31:23.1051902Z A path returned 202. Retrying...
2022-11-06T04:31:23.1052176Z A path returned 202. Retrying...
2022-11-06T04:31:23.1052463Z A path returned 202. Retrying...
2022-11-06T04:31:23.1052745Z A path returned 202. Retrying...
2022-11-06T04:31:23.1053023Z A path returned 202. Retrying...
2022-11-06T04:31:23.1053306Z A path returned 202. Retrying...
2022-11-06T04:31:23.1053585Z A path returned 202. Retrying...
2022-11-06T04:31:23.1053864Z A path returned 202. Retrying...
2022-11-06T04:31:23.1054127Z A path returned 202. Retrying...
2022-11-06T04:31:23.1054400Z A path returned 202. Retrying...
2022-11-06T04:31:23.1054677Z A path returned 202. Retrying...
2022-11-06T04:31:23.1054961Z A path returned 202. Retrying...
2022-11-06T04:31:23.1055324Z A path returned 202. Retrying...
2022-11-06T04:31:23.1055607Z A path returned 202. Retrying...
2022-11-06T04:31:23.1055885Z A path returned 202. Retrying...
2022-11-06T04:31:23.1056160Z A path returned 202. Retrying...
2022-11-06T04:31:23.1056422Z A path returned 202. Retrying...
2022-11-06T04:31:23.1056699Z A path returned 202. Retrying...
2022-11-06T04:31:23.1056977Z A path returned 202. Retrying...
2022-11-06T04:31:23.1057261Z A path returned 202. Retrying...
2022-11-06T04:31:23.1057542Z A path returned 202. Retrying...
2022-11-06T04:31:23.1057822Z A path returned 202. Retrying...
2022-11-06T04:31:23.1058100Z A path returned 202. Retrying...
2022-11-06T04:31:23.1058360Z A path returned 202. Retrying...
2022-11-06T04:31:23.1058637Z A path returned 202. Retrying...
2022-11-06T04:31:23.1058916Z A path returned 202. Retrying...
2022-11-06T04:31:23.1059192Z A path returned 202. Retrying...
2022-11-06T04:31:23.1059468Z A path returned 202. Retrying...
2022-11-06T04:31:23.1059747Z A path returned 202. Retrying...
2022-11-06T04:31:23.1060023Z A path returned 202. Retrying...
2022-11-06T04:31:23.1060299Z A path returned 202. Retrying...
2022-11-06T04:31:23.1060560Z A path returned 202. Retrying...
2022-11-06T04:31:23.1060839Z A path returned 202. Retrying...
2022-11-06T04:31:23.1061112Z A path returned 202. Retrying...
2022-11-06T04:31:23.1061392Z A path returned 202. Retrying...
2022-11-06T04:31:23.1061670Z A path returned 202. Retrying...
2022-11-06T04:31:23.1061948Z A path returned 202. Retrying...
2022-11-06T04:31:23.1062222Z A path returned 202. Retrying...
2022-11-06T04:31:23.1062497Z A path returned 202. Retrying...
2022-11-06T04:31:23.1062759Z A path returned 202. Retrying...
2022-11-06T04:31:23.1063035Z A path returned 202. Retrying...
2022-11-06T04:31:23.1063315Z A path returned 202. Retrying...
2022-11-06T04:31:23.1063594Z A path returned 202. Retrying...
2022-11-06T04:31:23.1063872Z A path returned 202. Retrying...
2022-11-06T04:31:23.1064148Z A path returned 202. Retrying...
2022-11-06T04:31:23.1064429Z A path returned 202. Retrying...
2022-11-06T04:31:23.1064690Z A path returned 202. Retrying...
2022-11-06T04:31:23.1064966Z A path returned 202. Retrying...
2022-11-06T04:31:23.1065243Z A path returned 202. Retrying...
2022-11-06T04:31:23.1065525Z A path returned 202. Retrying...
2022-11-06T04:31:23.1065802Z A path returned 202. Retrying...
2022-11-06T04:31:23.1066076Z A path returned 202. Retrying...
2022-11-06T04:31:23.1066427Z A path returned 202. Retrying...
2022-11-06T04:31:23.1066709Z A path returned 202. Retrying...
2022-11-06T04:31:23.1066972Z A path returned 202. Retrying...
2022-11-06T04:31:23.1067249Z A path returned 202. Retrying...
2022-11-06T04:31:23.1067525Z A path returned 202. Retrying...
2022-11-06T04:31:23.1067801Z A path returned 202. Retrying...
2022-11-06T04:31:23.1068081Z A path returned 202. Retrying...
2022-11-06T04:31:23.1068358Z A path returned 202. Retrying...
2022-11-06T04:31:23.1068632Z A path returned 202. Retrying...
2022-11-06T04:31:23.1068912Z A path returned 202. Retrying...
2022-11-06T04:31:23.1069174Z A path returned 202. Retrying...
2022-11-06T04:31:23.1069449Z A path returned 202. Retrying...
2022-11-06T04:31:23.1069726Z A path returned 202. Retrying...
2022-11-06T04:31:23.1070008Z A path returned 202. Retrying...
2022-11-06T04:31:23.1070283Z A path returned 202. Retrying...
2022-11-06T04:31:23.1070563Z A path returned 202. Retrying...
2022-11-06T04:31:23.1070841Z A path returned 202. Retrying...
2022-11-06T04:31:23.1071118Z A path returned 202. Retrying...
2022-11-06T04:31:23.1071382Z A path returned 202. Retrying...
2022-11-06T04:31:23.1071655Z A path returned 202. Retrying...
2022-11-06T04:31:23.1071935Z A path returned 202. Retrying...
2022-11-06T04:31:23.1072214Z A path returned 202. Retrying...
2022-11-06T04:31:23.1072490Z A path returned 202. Retrying...
2022-11-06T04:31:23.1072767Z A path returned 202. Retrying...
2022-11-06T04:31:23.1073043Z A path returned 202. Retrying...
2022-11-06T04:31:23.1073306Z A path returned 202. Retrying...
2022-11-06T04:31:23.1073662Z A path returned 202. Retrying...
2022-11-06T04:31:23.1073942Z A path returned 202. Retrying...
2022-11-06T04:31:23.1074216Z A path returned 202. Retrying...
2022-11-06T04:31:23.1074494Z A path returned 202. Retrying...
2022-11-06T04:31:23.1074771Z A path returned 202. Retrying...
2022-11-06T04:31:23.1075045Z A path returned 202. Retrying...
2022-11-06T04:31:23.1075321Z A path returned 202. Retrying...
2022-11-06T04:31:23.1075590Z A path returned 202. Retrying...
2022-11-06T04:31:23.1075864Z A path returned 202. Retrying...
2022-11-06T04:31:23.1076138Z A path returned 202. Retrying...
2022-11-06T04:31:23.1076415Z A path returned 202. Retrying...
2022-11-06T04:31:23.1076692Z A path returned 202. Retrying...
2022-11-06T04:31:23.1076967Z A path returned 202. Retrying...
2022-11-06T04:31:23.1077241Z A path returned 202. Retrying...
2022-11-06T04:31:23.1077516Z A path returned 202. Retrying...
2022-11-06T04:31:23.1077779Z A path returned 202. Retrying...
2022-11-06T04:31:23.1078060Z A path returned 202. Retrying...
2022-11-06T04:31:23.1078337Z A path returned 202. Retrying...
2022-11-06T04:31:23.1078616Z A path returned 202. Retrying...
2022-11-06T04:31:23.1078893Z A path returned 202. Retrying...
2022-11-06T04:31:23.1079169Z A path returned 202. Retrying...
2022-11-06T04:31:23.1079443Z A path returned 202. Retrying...
2022-11-06T04:31:23.1079710Z A path returned 202. Retrying...
2022-11-06T04:31:23.1079999Z A path returned 202. Retrying...
2022-11-06T04:31:23.1080274Z A path returned 202. Retrying...
2022-11-06T04:31:23.1080552Z A path returned 202. Retrying...
2022-11-06T04:31:23.1080829Z A path returned 202. Retrying...
2022-11-06T04:31:23.1081107Z A path returned 202. Retrying...
2022-11-06T04:31:23.1081382Z A path returned 202. Retrying...
2022-11-06T04:31:23.1081657Z A path returned 202. Retrying...
2022-11-06T04:31:23.1081919Z A path returned 202. Retrying...
2022-11-06T04:31:23.1082194Z A path returned 202. Retrying...
2022-11-06T04:31:23.1082471Z A path returned 202. Retrying...
2022-11-06T04:31:23.1082751Z A path returned 202. Retrying...
2022-11-06T04:31:23.1083027Z A path returned 202. Retrying...
2022-11-06T04:31:23.1083302Z A path returned 202. Retrying...
2022-11-06T04:31:23.1083579Z A path returned 202. Retrying...
2022-11-06T04:31:23.1083851Z A path returned 202. Retrying...
2022-11-06T04:31:23.1084113Z A path returned 202. Retrying...
2022-11-06T04:31:23.1084388Z A path returned 202. Retrying...
2022-11-06T04:31:23.1084993Z A path returned 202. Retrying...
2022-11-06T04:31:23.1085245Z A path returned 202. Retrying...
2022-11-06T04:31:23.1085487Z A path returned 202. Retrying...
2022-11-06T04:31:23.1085729Z A path returned 202. Retrying...
2022-11-06T04:31:23.1085973Z A path returned 202. Retrying...
2022-11-06T04:31:23.1086202Z A path returned 202. Retrying...
2022-11-06T04:31:23.1086446Z A path returned 202. Retrying...
2022-11-06T04:31:23.1086686Z A path returned 202. Retrying...
2022-11-06T04:31:23.1086929Z A path returned 202. Retrying...
2022-11-06T04:31:23.1087173Z A path returned 202. Retrying...
2022-11-06T04:31:23.1087418Z A path returned 202. Retrying...
2022-11-06T04:31:23.1087656Z A path returned 202. Retrying...
2022-11-06T04:31:23.1087899Z A path returned 202. Retrying...
2022-11-06T04:31:23.1088127Z A path returned 202. Retrying...
2022-11-06T04:31:23.1088368Z A path returned 202. Retrying...
2022-11-06T04:31:23.1088615Z A path returned 202. Retrying...
2022-11-06T04:31:23.1088857Z A path returned 202. Retrying...
2022-11-06T04:31:23.1089104Z A path returned 202. Retrying...
2022-11-06T04:31:23.1089348Z A path returned 202. Retrying...
2022-11-06T04:31:23.1089591Z A path returned 202. Retrying...
2022-11-06T04:31:23.1089837Z A path returned 202. Retrying...
2022-11-06T04:31:23.1090065Z A path returned 202. Retrying...
2022-11-06T04:31:23.1090305Z A path returned 202. Retrying...
2022-11-06T04:31:23.1090556Z A path returned 202. Retrying...
2022-11-06T04:31:23.1090800Z A path returned 202. Retrying...
2022-11-06T04:31:23.1091040Z A path returned 202. Retrying...
2022-11-06T04:31:23.1091364Z A path returned 202. Retrying...
2022-11-06T04:31:23.1091607Z A path returned 202. Retrying...
2022-11-06T04:31:23.1091836Z A path returned 202. Retrying...
2022-11-06T04:31:23.1092079Z A path returned 202. Retrying...
2022-11-06T04:31:23.1092324Z A path returned 202. Retrying...
2022-11-06T04:31:23.1092567Z A path returned 202. Retrying...
2022-11-06T04:31:23.1092813Z A path returned 202. Retrying...
2022-11-06T04:31:23.1093057Z A path returned 202. Retrying...
2022-11-06T04:31:23.1093298Z A path returned 202. Retrying...
2022-11-06T04:31:23.1093539Z A path returned 202. Retrying...
2022-11-06T04:31:23.1093769Z A path returned 202. Retrying...
2022-11-06T04:31:23.1094009Z A path returned 202. Retrying...
2022-11-06T04:31:23.1094252Z A path returned 202. Retrying...
2022-11-06T04:31:23.1094492Z A path returned 202. Retrying...
2022-11-06T04:31:23.1094735Z A path returned 202. Retrying...
2022-11-06T04:31:23.1094977Z A path returned 202. Retrying...
2022-11-06T04:31:23.1095223Z A path returned 202. Retrying...
2022-11-06T04:31:23.1095463Z A path returned 202. Retrying...
2022-11-06T04:31:23.1095693Z A path returned 202. Retrying...
2022-11-06T04:31:23.1095934Z A path returned 202. Retrying...
2022-11-06T04:31:23.1096177Z A path returned 202. Retrying...
2022-11-06T04:31:23.1096423Z A path returned 202. Retrying...
2022-11-06T04:31:23.1096666Z A path returned 202. Retrying...
2022-11-06T04:31:23.1096909Z A path returned 202. Retrying...
2022-11-06T04:31:23.1097152Z A path returned 202. Retrying...
2022-11-06T04:31:23.1097381Z A path returned 202. Retrying...
2022-11-06T04:31:23.1097623Z A path returned 202. Retrying...
2022-11-06T04:31:23.1097863Z A path returned 202. Retrying...
2022-11-06T04:31:23.1098108Z A path returned 202. Retrying...
2022-11-06T04:31:23.1098357Z A path returned 202. Retrying...
2022-11-06T04:31:23.1098600Z A path returned 202. Retrying...
2022-11-06T04:31:23.1098842Z A path returned 202. Retrying...
2022-11-06T04:31:23.1099082Z A path returned 202. Retrying...
2022-11-06T04:31:23.1099314Z A path returned 202. Retrying...
2022-11-06T04:31:23.1099556Z A path returned 202. Retrying...
2022-11-06T04:31:23.1099797Z A path returned 202. Retrying...
2022-11-06T04:31:23.1100039Z A path returned 202. Retrying...
2022-11-06T04:31:23.1100281Z A path returned 202. Retrying...
2022-11-06T04:31:23.1100523Z A path returned 202. Retrying...
2022-11-06T04:38:06.1318027Z A path returned 202. Retrying...
2022-11-06T04:38:06.1318916Z A path returned 202. Retrying...
2022-11-06T04:38:06.1319322Z A path returned 202. Retrying...
2022-11-06T04:38:06.1319693Z A path returned 202. Retrying...
2022-11-06T04:38:06.1320068Z A path returned 202. Retrying...
2022-11-06T04:38:06.1320873Z A path returned 202. Retrying...
2022-11-06T04:38:06.1321219Z A path returned 202. Retrying...
2022-11-06T04:38:06.1321511Z A path returned 202. Retrying...
2022-11-06T04:38:06.1321781Z A path returned 202. Retrying...
2022-11-06T04:38:06.1322066Z A path returned 202. Retrying...
2022-11-06T04:38:06.1322362Z A path returned 202. Retrying...
2022-11-06T04:38:06.1322645Z A path returned 202. Retrying...
2022-11-06T04:38:06.1322929Z A path returned 202. Retrying...
2022-11-06T04:38:06.1323211Z A path returned 202. Retrying...
2022-11-06T04:38:06.1323495Z A path returned 202. Retrying...
2022-11-06T04:38:06.1323774Z A path returned 202. Retrying...
2022-11-06T04:38:06.1324040Z A path returned 202. Retrying...
2022-11-06T04:38:06.1324314Z A path returned 202. Retrying...
2022-11-06T04:38:06.1324971Z A path returned 202. Retrying...
2022-11-06T04:38:06.1325262Z A path returned 202. Retrying...
2022-11-06T04:38:06.1325542Z A path returned 202. Retrying...
2022-11-06T04:38:06.1325821Z A path returned 202. Retrying...
2022-11-06T04:38:06.1326102Z A path returned 202. Retrying...
2022-11-06T04:38:06.1326370Z A path returned 202. Retrying...
2022-11-06T04:38:06.1326648Z A path returned 202. Retrying...
2022-11-06T04:38:06.1326922Z A path returned 202. Retrying...
2022-11-06T04:38:06.1327201Z A path returned 202. Retrying...
2022-11-06T04:38:06.1327706Z A path returned 202. Retrying...
2022-11-06T04:38:06.1327987Z A path returned 202. Retrying...
2022-11-06T04:38:06.1328267Z A path returned 202. Retrying...
2022-11-06T04:38:06.1328546Z A path returned 202. Retrying...
2022-11-06T04:38:06.1328809Z A path returned 202. Retrying...
2022-11-06T04:38:06.1329083Z A path returned 202. Retrying...
2022-11-06T04:38:06.1329371Z A path returned 202. Retrying...
2022-11-06T04:38:06.1329651Z A path returned 202. Retrying...
2022-11-06T04:38:06.1329930Z A path returned 202. Retrying...
2022-11-06T04:38:06.1330203Z A path returned 202. Retrying...
2022-11-06T04:38:06.1330482Z A path returned 202. Retrying...
2022-11-06T04:38:06.1330758Z A path returned 202. Retrying...
2022-11-06T04:38:06.1331021Z A path returned 202. Retrying...
2022-11-06T04:38:06.1331297Z A path returned 202. Retrying...
2022-11-06T04:38:06.1331580Z A path returned 202. Retrying...
2022-11-06T04:38:06.1331859Z A path returned 202. Retrying...
2022-11-06T04:38:06.1332138Z A path returned 202. Retrying...
2022-11-06T04:38:06.1332419Z A path returned 202. Retrying...
2022-11-06T04:38:06.1332693Z A path returned 202. Retrying...
2022-11-06T04:38:06.1332957Z A path returned 202. Retrying...
2022-11-06T04:38:06.1333231Z A path returned 202. Retrying...
2022-11-06T04:38:06.1333503Z A path returned 202. Retrying...
2022-11-06T04:38:06.1333781Z A path returned 202. Retrying...
2022-11-06T04:38:06.1334063Z A path returned 202. Retrying...
2022-11-06T04:38:06.1334352Z A path returned 202. Retrying...
2022-11-06T04:38:06.1334629Z A path returned 202. Retrying...
2022-11-06T04:38:06.1334909Z A path returned 202. Retrying...
2022-11-06T04:38:06.1335170Z A path returned 202. Retrying...
2022-11-06T04:38:06.1335444Z A path returned 202. Retrying...
2022-11-06T04:38:06.1335723Z A path returned 202. Retrying...
2022-11-06T04:38:06.1335996Z A path returned 202. Retrying...
2022-11-06T04:38:06.1336274Z A path returned 202. Retrying...
2022-11-06T04:38:06.1336550Z A path returned 202. Retrying...
2022-11-06T04:38:06.1336830Z A path returned 202. Retrying...
2022-11-06T04:38:06.1337105Z A path returned 202. Retrying...
2022-11-06T04:38:06.1337370Z A path returned 202. Retrying...
2022-11-06T04:38:06.1337644Z A path returned 202. Retrying...
2022-11-06T04:38:06.1337925Z A path returned 202. Retrying...
2022-11-06T04:38:06.1338204Z A path returned 202. Retrying...
2022-11-06T04:38:06.1338477Z A path returned 202. Retrying...
2022-11-06T04:38:06.1338861Z A path returned 202. Retrying...
2022-11-06T04:38:06.1339148Z A path returned 202. Retrying...
2022-11-06T04:38:06.1339413Z A path returned 202. Retrying...
2022-11-06T04:38:06.1339689Z A path returned 202. Retrying...
2022-11-06T04:38:06.1339965Z A path returned 202. Retrying...
2022-11-06T04:38:06.1340246Z A path returned 202. Retrying...
2022-11-06T04:38:06.1340526Z A path returned 202. Retrying...
2022-11-06T04:38:06.1340804Z A path returned 202. Retrying...
2022-11-06T04:38:06.1341081Z A path returned 202. Retrying...
2022-11-06T04:38:06.1341362Z A path returned 202. Retrying...
2022-11-06T04:38:06.1341625Z A path returned 202. Retrying...
2022-11-06T04:38:06.1341899Z A path returned 202. Retrying...
2022-11-06T04:38:06.1342267Z A path returned 202. Retrying...
2022-11-06T04:38:06.1342515Z A path returned 202. Retrying...
2022-11-06T04:38:06.1342764Z A path returned 202. Retrying...
2022-11-06T04:38:06.1343004Z A path returned 202. Retrying...
2022-11-06T04:38:06.1343249Z A path returned 202. Retrying...
2022-11-06T04:38:06.1343494Z A path returned 202. Retrying...
2022-11-06T04:38:06.1343723Z A path returned 202. Retrying...
2022-11-06T04:38:06.1343964Z A path returned 202. Retrying...
2022-11-06T04:38:06.1344211Z A path returned 202. Retrying...
2022-11-06T04:38:06.1344460Z A path returned 202. Retrying...
2022-11-06T04:38:06.1344743Z A path returned 202. Retrying...
2022-11-06T04:38:06.1344985Z A path returned 202. Retrying...
2022-11-06T04:38:06.1345233Z A path returned 202. Retrying...
2022-11-06T04:38:06.1345463Z A path returned 202. Retrying...
2022-11-06T04:38:06.1345775Z A path returned 202. Retrying...
2022-11-06T04:38:06.1346024Z A path returned 202. Retrying...
2022-11-06T04:38:06.1346279Z A path returned 202. Retrying...
2022-11-06T04:38:06.1346556Z A path returned 202. Retrying...
2022-11-06T04:38:06.1346799Z A path returned 202. Retrying...
2022-11-06T04:38:06.1347040Z A path returned 202. Retrying...
2022-11-06T04:38:06.1347285Z A path returned 202. Retrying...
2022-11-06T04:38:06.1347529Z A path returned 202. Retrying...
2022-11-06T04:38:06.1347759Z A path returned 202. Retrying...
2022-11-06T04:38:06.1348005Z A path returned 202. Retrying...
2022-11-06T04:38:06.1348251Z A path returned 202. Retrying...
2022-11-06T04:38:06.1348504Z A path returned 202. Retrying...
2022-11-06T04:38:06.1348821Z A path returned 202. Retrying...
2022-11-06T04:38:06.1349065Z A path returned 202. Retrying...
2022-11-06T04:38:06.1349309Z A path returned 202. Retrying...
2022-11-06T04:38:06.1349549Z A path returned 202. Retrying...
2022-11-06T04:38:06.1349783Z A path returned 202. Retrying...
2022-11-06T04:38:06.1350024Z A path returned 202. Retrying...
2022-11-06T04:38:06.1350267Z A path returned 202. Retrying...
2022-11-06T04:38:06.1350512Z A path returned 202. Retrying...
2022-11-06T04:38:06.1350760Z A path returned 202. Retrying...
2022-11-06T04:38:06.1351003Z A path returned 202. Retrying...
2022-11-06T04:38:06.1351247Z A path returned 202. Retrying...
2022-11-06T04:38:06.1351489Z A path returned 202. Retrying...
2022-11-06T04:38:06.1351720Z A path returned 202. Retrying...
2022-11-06T04:38:06.1351962Z A path returned 202. Retrying...
2022-11-06T04:38:06.1352207Z A path returned 202. Retrying...
2022-11-06T04:38:06.1352453Z A path returned 202. Retrying...
2022-11-06T04:38:06.1352694Z A path returned 202. Retrying...
2022-11-06T04:38:06.1352935Z A path returned 202. Retrying...
2022-11-06T04:38:06.1353191Z A path returned 202. Retrying...
2022-11-06T04:38:06.1353430Z A path returned 202. Retrying...
2022-11-06T04:38:06.1353679Z A path returned 202. Retrying...
2022-11-06T04:38:06.1353925Z A path returned 202. Retrying...
2022-11-06T04:38:06.1354175Z A path returned 202. Retrying...
2022-11-06T04:38:06.1354416Z A path returned 202. Retrying...
2022-11-06T04:38:06.1354660Z A path returned 202. Retrying...
2022-11-06T04:38:06.1354902Z A path returned 202. Retrying...
2022-11-06T04:38:06.1355147Z A path returned 202. Retrying...
2022-11-06T04:38:06.1355383Z A path returned 202. Retrying...
2022-11-06T04:38:06.1355702Z A path returned 202. Retrying...
2022-11-06T04:38:06.1355961Z A path returned 202. Retrying...
2022-11-06T04:38:06.1356205Z A path returned 202. Retrying...
2022-11-06T04:38:06.1356453Z A path returned 202. Retrying...
2022-11-06T04:38:06.1356696Z A path returned 202. Retrying...
2022-11-06T04:38:06.1356941Z A path returned 202. Retrying...
2022-11-06T04:38:06.1357185Z A path returned 202. Retrying...
2022-11-06T04:38:06.1357415Z A path returned 202. Retrying...
2022-11-06T04:38:06.1357668Z A path returned 202. Retrying...
2022-11-06T04:38:06.1357925Z A path returned 202. Retrying...
2022-11-06T04:38:06.1358170Z A path returned 202. Retrying...
2022-11-06T04:38:06.1358414Z A path returned 202. Retrying...
2022-11-06T04:38:06.1358654Z A path returned 202. Retrying...
2022-11-06T04:38:06.1358902Z A path returned 202. Retrying...
2022-11-06T04:38:06.1601139Z ##[group]Run git config --global user.name "jstrieb/github-stats"
2022-11-06T04:38:06.1601600Z [36;1mgit config --global user.name "jstrieb/github-stats"[0m
2022-11-06T04:38:06.1602029Z [36;1mgit config --global user.email "github-stats[bot]@jstrieb.github.io"[0m
2022-11-06T04:38:06.1602372Z [36;1mgit add .[0m
2022-11-06T04:38:06.1602693Z [36;1m# Force the build to succeed, even if no files were changed[0m
2022-11-06T04:38:06.1603070Z [36;1mgit commit -m 'Update generated files' || true[0m
2022-11-06T04:38:06.1603353Z [36;1mgit push[0m
2022-11-06T04:38:06.1662561Z shell: /usr/bin/bash -e {0}
2022-11-06T04:38:06.1662803Z env:
2022-11-06T04:38:06.1663089Z   pythonLocation: /opt/hostedtoolcache/Python/3.8.14/x64
2022-11-06T04:38:06.1663560Z   LD_LIBRARY_PATH: /opt/hostedtoolcache/Python/3.8.14/x64/lib
2022-11-06T04:38:06.1663836Z ##[endgroup]
2022-11-06T04:38:06.4488771Z [master 90c54d4] Update generated files
2022-11-06T04:38:06.4489971Z  2 files changed, 568 insertions(+), 856 deletions(-)
2022-11-06T04:38:07.1333393Z To https://github.com/seanpm2001/GitHub_Stats_A
2022-11-06T04:38:07.1334176Z    d1aa808..90c54d4  master -> master
2022-11-06T04:38:07.4322336Z Post job cleanup.
2022-11-06T04:38:07.5746828Z Cache hit occurred on the primary key Linux-pip-60f2a6c0212a9b74a155cd81b58dd07fd8b180833132566260d95f4de42fe218, not saving cache.
2022-11-06T04:38:07.5873710Z Post job cleanup.
2022-11-06T04:38:07.7357676Z Post job cleanup.
2022-11-06T04:38:07.8602785Z [command]/usr/bin/git version
2022-11-06T04:38:07.8681499Z git version 2.38.1
2022-11-06T04:38:07.8716292Z Copying '/home/runner/.gitconfig' to '/home/runner/work/_temp/070a7d08-cc77-436b-a6bf-5164c591407f/.gitconfig'
2022-11-06T04:38:07.8726285Z Temporarily overriding HOME='/home/runner/work/_temp/070a7d08-cc77-436b-a6bf-5164c591407f' before making global git config changes
2022-11-06T04:38:07.8726904Z Adding repository directory to the temporary git global config as a safe directory
2022-11-06T04:38:07.8731197Z [command]/usr/bin/git config --global --add safe.directory /home/runner/work/GitHub_Stats_A/GitHub_Stats_A
2022-11-06T04:38:07.8782859Z [command]/usr/bin/git config --local --name-only --get-regexp core\.sshCommand
2022-11-06T04:38:07.8821188Z [command]/usr/bin/git submodule foreach --recursive git config --local --name-only --get-regexp 'core\.sshCommand' && git config --local --unset-all 'core.sshCommand' || :
2022-11-06T04:38:07.9064809Z [command]/usr/bin/git config --local --name-only --get-regexp http\.https\:\/\/github\.com\/\.extraheader
2022-11-06T04:38:07.9095948Z http.https://github.com/.extraheader
2022-11-06T04:38:07.9103833Z [command]/usr/bin/git config --local --unset-all http.https://github.com/.extraheader
2022-11-06T04:38:07.9141300Z [command]/usr/bin/git submodule foreach --recursive git config --local --name-only --get-regexp 'http\.https\:\/\/github\.com\/\.extraheader' && git config --local --unset-all 'http.https://github.com/.extraheader' || :
2022-11-06T04:38:07.9638383Z Cleaning up orphan processes
