2023-08-31T00:21:28.2790357Z Requested labels: ubuntu-latest
2023-08-31T00:21:28.2790733Z Job defined at: seanpm2001/GitHub_Stats_A/.github/workflows/main.yml@refs/heads/master
2023-08-31T00:21:28.2790893Z Waiting for a runner to pick up this job...
2023-08-31T00:21:28.9565512Z Job is waiting for a hosted runner to come online.
2023-08-31T00:21:32.9499701Z Job is about to start running on the hosted runner: GitHub Actions 2 (hosted)
2023-08-31T00:21:35.3290446Z Current runner version: '2.308.0'
2023-08-31T00:21:35.3321830Z ##[group]Operating System
2023-08-31T00:21:35.3322429Z Ubuntu
2023-08-31T00:21:35.3322764Z 22.04.3
2023-08-31T00:21:35.3323181Z LTS
2023-08-31T00:21:35.3323462Z ##[endgroup]
2023-08-31T00:21:35.3323816Z ##[group]Runner Image
2023-08-31T00:21:35.3324213Z Image: ubuntu-22.04
2023-08-31T00:21:35.3324575Z Version: 20230821.1.0
2023-08-31T00:21:35.3325142Z Included Software: https://github.com/actions/runner-images/blob/ubuntu22/20230821.1/images/linux/Ubuntu2204-Readme.md
2023-08-31T00:21:35.3325875Z Image Release: https://github.com/actions/runner-images/releases/tag/ubuntu22%2F20230821.1
2023-08-31T00:21:35.3326389Z ##[endgroup]
2023-08-31T00:21:35.3326801Z ##[group]Runner Image Provisioner
2023-08-31T00:21:35.3327138Z 2.0.266.1
2023-08-31T00:21:35.3327507Z ##[endgroup]
2023-08-31T00:21:35.3328234Z ##[group]GITHUB_TOKEN Permissions
2023-08-31T00:21:35.3328833Z Contents: write
2023-08-31T00:21:35.3329143Z Metadata: read
2023-08-31T00:21:35.3329766Z ##[endgroup]
2023-08-31T00:21:35.3333413Z Secret source: Actions
2023-08-31T00:21:35.3334054Z Prepare workflow directory
2023-08-31T00:21:35.4150716Z Prepare all required actions
2023-08-31T00:21:35.4371781Z Getting action download info
2023-08-31T00:21:35.6981059Z Download action repository 'actions/checkout@v3' (SHA:f43a0e5ff2bd294095638e18286ca9a3d1956744)
2023-08-31T00:21:36.3319670Z Download action repository 'actions/setup-python@v4' (SHA:61a6322f88396a6271a6ee3565807d608ecaddd1)
2023-08-31T00:21:37.0762034Z Complete job name: build
2023-08-31T00:21:37.1861580Z ##[group]Run actions/checkout@v3
2023-08-31T00:21:37.1861957Z with:
2023-08-31T00:21:37.1862269Z   repository: seanpm2001/GitHub_Stats_A
2023-08-31T00:21:37.1862890Z   token: ***
2023-08-31T00:21:37.1863162Z   ssh-strict: true
2023-08-31T00:21:37.1863451Z   persist-credentials: true
2023-08-31T00:21:37.1863746Z   clean: true
2023-08-31T00:21:37.1864051Z   sparse-checkout-cone-mode: true
2023-08-31T00:21:37.1864376Z   fetch-depth: 1
2023-08-31T00:21:37.1864653Z   fetch-tags: false
2023-08-31T00:21:37.1864932Z   lfs: false
2023-08-31T00:21:37.1865196Z   submodules: false
2023-08-31T00:21:37.1865488Z   set-safe-directory: true
2023-08-31T00:21:37.1865771Z ##[endgroup]
2023-08-31T00:21:37.4965813Z Syncing repository: seanpm2001/GitHub_Stats_A
2023-08-31T00:21:37.4967999Z ##[group]Getting Git version info
2023-08-31T00:21:37.4968640Z Working directory is '/home/runner/work/GitHub_Stats_A/GitHub_Stats_A'
2023-08-31T00:21:37.4969291Z [command]/usr/bin/git version
2023-08-31T00:21:37.5086734Z git version 2.41.0
2023-08-31T00:21:37.5166330Z ##[endgroup]
2023-08-31T00:21:37.5182785Z Temporarily overriding HOME='/home/runner/work/_temp/0fae390b-4924-46ea-8863-63b6905626fd' before making global git config changes
2023-08-31T00:21:37.5183425Z Adding repository directory to the temporary git global config as a safe directory
2023-08-31T00:21:37.5184159Z [command]/usr/bin/git config --global --add safe.directory /home/runner/work/GitHub_Stats_A/GitHub_Stats_A
2023-08-31T00:21:37.5194668Z Deleting the contents of '/home/runner/work/GitHub_Stats_A/GitHub_Stats_A'
2023-08-31T00:21:37.5199821Z ##[group]Initializing the repository
2023-08-31T00:21:37.5203928Z [command]/usr/bin/git init /home/runner/work/GitHub_Stats_A/GitHub_Stats_A
2023-08-31T00:21:37.5278011Z hint: Using 'master' as the name for the initial branch. This default branch name
2023-08-31T00:21:37.5278882Z hint: is subject to change. To configure the initial branch name to use in all
2023-08-31T00:21:37.5280112Z hint: of your new repositories, which will suppress this warning, call:
2023-08-31T00:21:37.5280755Z hint: 
2023-08-31T00:21:37.5281634Z hint: 	git config --global init.defaultBranch <name>
2023-08-31T00:21:37.5282158Z hint: 
2023-08-31T00:21:37.5283028Z hint: Names commonly chosen instead of 'master' are 'main', 'trunk' and
2023-08-31T00:21:37.5283816Z hint: 'development'. The just-created branch can be renamed via this command:
2023-08-31T00:21:37.5284570Z hint: 
2023-08-31T00:21:37.5285071Z hint: 	git branch -m <name>
2023-08-31T00:21:37.5290630Z Initialized empty Git repository in /home/runner/work/GitHub_Stats_A/GitHub_Stats_A/.git/
2023-08-31T00:21:37.5302793Z [command]/usr/bin/git remote add origin https://github.com/seanpm2001/GitHub_Stats_A
2023-08-31T00:21:37.5350617Z ##[endgroup]
2023-08-31T00:21:37.5351500Z ##[group]Disabling automatic garbage collection
2023-08-31T00:21:37.5354348Z [command]/usr/bin/git config --local gc.auto 0
2023-08-31T00:21:37.5391635Z ##[endgroup]
2023-08-31T00:21:37.5392403Z ##[group]Setting up auth
2023-08-31T00:21:37.5398885Z [command]/usr/bin/git config --local --name-only --get-regexp core\.sshCommand
2023-08-31T00:21:37.5435964Z [command]/usr/bin/git submodule foreach --recursive sh -c "git config --local --name-only --get-regexp 'core\.sshCommand' && git config --local --unset-all 'core.sshCommand' || :"
2023-08-31T00:21:37.5921005Z [command]/usr/bin/git config --local --name-only --get-regexp http\.https\:\/\/github\.com\/\.extraheader
2023-08-31T00:21:37.5923635Z [command]/usr/bin/git submodule foreach --recursive sh -c "git config --local --name-only --get-regexp 'http\.https\:\/\/github\.com\/\.extraheader' && git config --local --unset-all 'http.https://github.com/.extraheader' || :"
2023-08-31T00:21:37.6187688Z [command]/usr/bin/git config --local http.https://github.com/.extraheader AUTHORIZATION: basic ***
2023-08-31T00:21:37.6221044Z ##[endgroup]
2023-08-31T00:21:37.6222095Z ##[group]Fetching the repository
2023-08-31T00:21:37.6231795Z [command]/usr/bin/git -c protocol.version=2 fetch --no-tags --prune --progress --no-recurse-submodules --depth=1 origin +30d23e21873d64029e115c1792677eea227bb9cd:refs/remotes/origin/master
2023-08-31T00:21:38.0374743Z remote: Enumerating objects: 7620, done.        
2023-08-31T00:21:38.0381932Z remote: Counting objects:   0% (1/7620)        
2023-08-31T00:21:38.0382988Z remote: Counting objects:   1% (77/7620)        
2023-08-31T00:21:38.0383808Z remote: Counting objects:   2% (153/7620)        
2023-08-31T00:21:38.0384601Z remote: Counting objects:   3% (229/7620)        
2023-08-31T00:21:38.0385422Z remote: Counting objects:   4% (305/7620)        
2023-08-31T00:21:38.0386466Z remote: Counting objects:   5% (381/7620)        
2023-08-31T00:21:38.0387493Z remote: Counting objects:   6% (458/7620)        
2023-08-31T00:21:38.0388616Z remote: Counting objects:   7% (534/7620)        
2023-08-31T00:21:38.0389400Z remote: Counting objects:   8% (610/7620)        
2023-08-31T00:21:38.0390457Z remote: Counting objects:   9% (686/7620)        
2023-08-31T00:21:38.0392165Z remote: Counting objects:  10% (762/7620)        
2023-08-31T00:21:38.0393036Z remote: Counting objects:  11% (839/7620)        
2023-08-31T00:21:38.0394106Z remote: Counting objects:  12% (915/7620)        
2023-08-31T00:21:38.0394914Z remote: Counting objects:  13% (991/7620)        
2023-08-31T00:21:38.0395693Z remote: Counting objects:  14% (1067/7620)        
2023-08-31T00:21:38.0396489Z remote: Counting objects:  15% (1143/7620)        
2023-08-31T00:21:38.0397265Z remote: Counting objects:  16% (1220/7620)        
2023-08-31T00:21:38.0398078Z remote: Counting objects:  17% (1296/7620)        
2023-08-31T00:21:38.0398856Z remote: Counting objects:  18% (1372/7620)        
2023-08-31T00:21:38.0399637Z remote: Counting objects:  19% (1448/7620)        
2023-08-31T00:21:38.0400392Z remote: Counting objects:  20% (1524/7620)        
2023-08-31T00:21:38.0401164Z remote: Counting objects:  21% (1601/7620)        
2023-08-31T00:21:38.0401937Z remote: Counting objects:  22% (1677/7620)        
2023-08-31T00:21:38.0402733Z remote: Counting objects:  23% (1753/7620)        
2023-08-31T00:21:38.0403508Z remote: Counting objects:  24% (1829/7620)        
2023-08-31T00:21:38.0404251Z remote: Counting objects:  25% (1905/7620)        
2023-08-31T00:21:38.0405015Z remote: Counting objects:  26% (1982/7620)        
2023-08-31T00:21:38.0405787Z remote: Counting objects:  27% (2058/7620)        
2023-08-31T00:21:38.0407073Z remote: Counting objects:  28% (2134/7620)        
2023-08-31T00:21:38.0408845Z remote: Counting objects:  29% (2210/7620)        
2023-08-31T00:21:38.0409616Z remote: Counting objects:  30% (2286/7620)        
2023-08-31T00:21:38.0410379Z remote: Counting objects:  31% (2363/7620)        
2023-08-31T00:21:38.0411150Z remote: Counting objects:  32% (2439/7620)        
2023-08-31T00:21:38.0411934Z remote: Counting objects:  33% (2515/7620)        
2023-08-31T00:21:38.0412702Z remote: Counting objects:  34% (2591/7620)        
2023-08-31T00:21:38.0413460Z remote: Counting objects:  35% (2667/7620)        
2023-08-31T00:21:38.0414237Z remote: Counting objects:  36% (2744/7620)        
2023-08-31T00:21:38.0414992Z remote: Counting objects:  37% (2820/7620)        
2023-08-31T00:21:38.0415755Z remote: Counting objects:  38% (2896/7620)        
2023-08-31T00:21:38.0416519Z remote: Counting objects:  39% (2972/7620)        
2023-08-31T00:21:38.0417262Z remote: Counting objects:  40% (3048/7620)        
2023-08-31T00:21:38.0418334Z remote: Counting objects:  41% (3125/7620)        
2023-08-31T00:21:38.0419118Z remote: Counting objects:  42% (3201/7620)        
2023-08-31T00:21:38.0419885Z remote: Counting objects:  43% (3277/7620)        
2023-08-31T00:21:38.0420650Z remote: Counting objects:  44% (3353/7620)        
2023-08-31T00:21:38.0421408Z remote: Counting objects:  45% (3429/7620)        
2023-08-31T00:21:38.0422146Z remote: Counting objects:  46% (3506/7620)        
2023-08-31T00:21:38.0422906Z remote: Counting objects:  47% (3582/7620)        
2023-08-31T00:21:38.0423981Z remote: Counting objects:  48% (3658/7620)        
2023-08-31T00:21:38.0424791Z remote: Counting objects:  49% (3734/7620)        
2023-08-31T00:21:38.0425556Z remote: Counting objects:  50% (3810/7620)        
2023-08-31T00:21:38.0426299Z remote: Counting objects:  51% (3887/7620)        
2023-08-31T00:21:38.0427055Z remote: Counting objects:  52% (3963/7620)        
2023-08-31T00:21:38.0427808Z remote: Counting objects:  53% (4039/7620)        
2023-08-31T00:21:38.0428573Z remote: Counting objects:  54% (4115/7620)        
2023-08-31T00:21:38.0429355Z remote: Counting objects:  55% (4191/7620)        
2023-08-31T00:21:38.0430109Z remote: Counting objects:  56% (4268/7620)        
2023-08-31T00:21:38.0430869Z remote: Counting objects:  57% (4344/7620)        
2023-08-31T00:21:38.0431624Z remote: Counting objects:  58% (4420/7620)        
2023-08-31T00:21:38.0432768Z remote: Counting objects:  59% (4496/7620)        
2023-08-31T00:21:38.0433401Z remote: Counting objects:  60% (4572/7620)        
2023-08-31T00:21:38.0434031Z remote: Counting objects:  61% (4649/7620)        
2023-08-31T00:21:38.0434662Z remote: Counting objects:  62% (4725/7620)        
2023-08-31T00:21:38.0435293Z remote: Counting objects:  63% (4801/7620)        
2023-08-31T00:21:38.0435925Z remote: Counting objects:  64% (4877/7620)        
2023-08-31T00:21:38.0436752Z remote: Counting objects:  65% (4953/7620)        
2023-08-31T00:21:38.0437367Z remote: Counting objects:  66% (5030/7620)        
2023-08-31T00:21:38.0438036Z remote: Counting objects:  67% (5106/7620)        
2023-08-31T00:21:38.0438682Z remote: Counting objects:  68% (5182/7620)        
2023-08-31T00:21:38.0439315Z remote: Counting objects:  69% (5258/7620)        
2023-08-31T00:21:38.0439945Z remote: Counting objects:  70% (5334/7620)        
2023-08-31T00:21:38.0440559Z remote: Counting objects:  71% (5411/7620)        
2023-08-31T00:21:38.0441189Z remote: Counting objects:  72% (5487/7620)        
2023-08-31T00:21:38.0441823Z remote: Counting objects:  73% (5563/7620)        
2023-08-31T00:21:38.0442458Z remote: Counting objects:  74% (5639/7620)        
2023-08-31T00:21:38.0443074Z remote: Counting objects:  75% (5715/7620)        
2023-08-31T00:21:38.0443697Z remote: Counting objects:  76% (5792/7620)        
2023-08-31T00:21:38.0444330Z remote: Counting objects:  77% (5868/7620)        
2023-08-31T00:21:38.0444957Z remote: Counting objects:  78% (5944/7620)        
2023-08-31T00:21:38.0445570Z remote: Counting objects:  79% (6020/7620)        
2023-08-31T00:21:38.0446456Z remote: Counting objects:  80% (6096/7620)        
2023-08-31T00:21:38.0447530Z remote: Counting objects:  81% (6173/7620)        
2023-08-31T00:21:38.0448293Z remote: Counting objects:  82% (6249/7620)        
2023-08-31T00:21:38.0449058Z remote: Counting objects:  83% (6325/7620)        
2023-08-31T00:21:38.0449807Z remote: Counting objects:  84% (6401/7620)        
2023-08-31T00:21:38.0450647Z remote: Counting objects:  85% (6477/7620)        
2023-08-31T00:21:38.0451415Z remote: Counting objects:  86% (6554/7620)        
2023-08-31T00:21:38.0452189Z remote: Counting objects:  87% (6630/7620)        
2023-08-31T00:21:38.0452948Z remote: Counting objects:  88% (6706/7620)        
2023-08-31T00:21:38.0453695Z remote: Counting objects:  89% (6782/7620)        
2023-08-31T00:21:38.0454455Z remote: Counting objects:  90% (6858/7620)        
2023-08-31T00:21:38.0455215Z remote: Counting objects:  91% (6935/7620)        
2023-08-31T00:21:38.0455975Z remote: Counting objects:  92% (7011/7620)        
2023-08-31T00:21:38.0456752Z remote: Counting objects:  93% (7087/7620)        
2023-08-31T00:21:38.0458585Z remote: Counting objects:  94% (7163/7620)        
2023-08-31T00:21:38.0459763Z remote: Counting objects:  95% (7239/7620)        
2023-08-31T00:21:38.0460942Z remote: Counting objects:  96% (7316/7620)        
2023-08-31T00:21:38.0462066Z remote: Counting objects:  97% (7392/7620)        
2023-08-31T00:21:38.0462961Z remote: Counting objects:  98% (7468/7620)        
2023-08-31T00:21:38.0464005Z remote: Counting objects:  99% (7544/7620)        
2023-08-31T00:21:38.0464560Z remote: Counting objects: 100% (7620/7620)        
2023-08-31T00:21:38.0465200Z remote: Counting objects: 100% (7620/7620), done.        
2023-08-31T00:21:38.0465851Z remote: Compressing objects:   0% (1/2864)        
2023-08-31T00:21:38.0918975Z remote: Compressing objects:   1% (29/2864)        
2023-08-31T00:21:38.0928556Z remote: Compressing objects:   2% (58/2864)        
2023-08-31T00:21:38.0929610Z remote: Compressing objects:   3% (86/2864)        
2023-08-31T00:21:38.0930499Z remote: Compressing objects:   4% (115/2864)        
2023-08-31T00:21:38.0931323Z remote: Compressing objects:   5% (144/2864)        
2023-08-31T00:21:38.0932150Z remote: Compressing objects:   6% (172/2864)        
2023-08-31T00:21:38.0932961Z remote: Compressing objects:   7% (201/2864)        
2023-08-31T00:21:38.0933775Z remote: Compressing objects:   8% (230/2864)        
2023-08-31T00:21:38.0934566Z remote: Compressing objects:   9% (258/2864)        
2023-08-31T00:21:38.0935385Z remote: Compressing objects:  10% (287/2864)        
2023-08-31T00:21:38.0936189Z remote: Compressing objects:  11% (316/2864)        
2023-08-31T00:21:38.0936996Z remote: Compressing objects:  12% (344/2864)        
2023-08-31T00:21:38.0938029Z remote: Compressing objects:  13% (373/2864)        
2023-08-31T00:21:38.0938818Z remote: Compressing objects:  14% (401/2864)        
2023-08-31T00:21:38.0985205Z remote: Compressing objects:  15% (430/2864)        
2023-08-31T00:21:38.0988500Z remote: Compressing objects:  16% (459/2864)        
2023-08-31T00:21:38.0989964Z remote: Compressing objects:  17% (487/2864)        
2023-08-31T00:21:38.0990635Z remote: Compressing objects:  18% (516/2864)        
2023-08-31T00:21:38.0991002Z remote: Compressing objects:  19% (545/2864)        
2023-08-31T00:21:38.1022112Z remote: Compressing objects:  20% (573/2864)        
2023-08-31T00:21:38.1022557Z remote: Compressing objects:  21% (602/2864)        
2023-08-31T00:21:38.1022946Z remote: Compressing objects:  22% (631/2864)        
2023-08-31T00:21:38.1023311Z remote: Compressing objects:  23% (659/2864)        
2023-08-31T00:21:38.1023671Z remote: Compressing objects:  24% (688/2864)        
2023-08-31T00:21:38.1024011Z remote: Compressing objects:  25% (716/2864)        
2023-08-31T00:21:38.1024372Z remote: Compressing objects:  26% (745/2864)        
2023-08-31T00:21:38.1024731Z remote: Compressing objects:  27% (774/2864)        
2023-08-31T00:21:38.1025092Z remote: Compressing objects:  28% (802/2864)        
2023-08-31T00:21:38.1114346Z remote: Compressing objects:  29% (831/2864)        
2023-08-31T00:21:38.1344734Z remote: Compressing objects:  30% (860/2864)        
2023-08-31T00:21:38.1507519Z remote: Compressing objects:  31% (888/2864)        
2023-08-31T00:21:38.1703876Z remote: Compressing objects:  32% (917/2864)        
2023-08-31T00:21:38.1990704Z remote: Compressing objects:  33% (946/2864)        
2023-08-31T00:21:38.2215930Z remote: Compressing objects:  34% (974/2864)        
2023-08-31T00:21:38.2494436Z remote: Compressing objects:  35% (1003/2864)        
2023-08-31T00:21:38.2722715Z remote: Compressing objects:  36% (1032/2864)        
2023-08-31T00:21:38.3010247Z remote: Compressing objects:  37% (1060/2864)        
2023-08-31T00:21:38.3243382Z remote: Compressing objects:  38% (1089/2864)        
2023-08-31T00:21:38.3493572Z remote: Compressing objects:  39% (1117/2864)        
2023-08-31T00:21:38.3723613Z remote: Compressing objects:  40% (1146/2864)        
2023-08-31T00:21:38.3828322Z remote: Compressing objects:  41% (1175/2864)        
2023-08-31T00:21:38.4169380Z remote: Compressing objects:  42% (1203/2864)        
2023-08-31T00:21:38.4196463Z remote: Compressing objects:  43% (1232/2864)        
2023-08-31T00:21:38.4197250Z remote: Compressing objects:  44% (1261/2864)        
2023-08-31T00:21:38.4256797Z remote: Compressing objects:  45% (1289/2864)        
2023-08-31T00:21:38.4298990Z remote: Compressing objects:  46% (1318/2864)        
2023-08-31T00:21:38.4300632Z remote: Compressing objects:  47% (1347/2864)        
2023-08-31T00:21:38.4301083Z remote: Compressing objects:  48% (1375/2864)        
2023-08-31T00:21:38.4302759Z remote: Compressing objects:  49% (1404/2864)        
2023-08-31T00:21:38.4303379Z remote: Compressing objects:  50% (1432/2864)        
2023-08-31T00:21:38.4303854Z remote: Compressing objects:  51% (1461/2864)        
2023-08-31T00:21:38.4304538Z remote: Compressing objects:  52% (1490/2864)        
2023-08-31T00:21:38.4310958Z remote: Compressing objects:  53% (1518/2864)        
2023-08-31T00:21:38.4311661Z remote: Compressing objects:  54% (1547/2864)        
2023-08-31T00:21:38.4312632Z remote: Compressing objects:  55% (1576/2864)        
2023-08-31T00:21:38.4313084Z remote: Compressing objects:  56% (1604/2864)        
2023-08-31T00:21:38.4313479Z remote: Compressing objects:  57% (1633/2864)        
2023-08-31T00:21:38.4316541Z remote: Compressing objects:  58% (1662/2864)        
2023-08-31T00:21:38.4333045Z remote: Compressing objects:  59% (1690/2864)        
2023-08-31T00:21:38.4333788Z remote: Compressing objects:  60% (1719/2864)        
2023-08-31T00:21:38.4334190Z remote: Compressing objects:  61% (1748/2864)        
2023-08-31T00:21:38.4350103Z remote: Compressing objects:  62% (1776/2864)        
2023-08-31T00:21:38.4350656Z remote: Compressing objects:  63% (1805/2864)        
2023-08-31T00:21:38.4351039Z remote: Compressing objects:  64% (1833/2864)        
2023-08-31T00:21:38.4351434Z remote: Compressing objects:  65% (1862/2864)        
2023-08-31T00:21:38.4364131Z remote: Compressing objects:  66% (1891/2864)        
2023-08-31T00:21:38.4364540Z remote: Compressing objects:  67% (1919/2864)        
2023-08-31T00:21:38.4364926Z remote: Compressing objects:  68% (1948/2864)        
2023-08-31T00:21:38.4365291Z remote: Compressing objects:  69% (1977/2864)        
2023-08-31T00:21:38.4540501Z remote: Compressing objects:  70% (2005/2864)        
2023-08-31T00:21:38.4541107Z remote: Compressing objects:  71% (2034/2864)        
2023-08-31T00:21:38.4541626Z remote: Compressing objects:  72% (2063/2864)        
2023-08-31T00:21:38.4542090Z remote: Compressing objects:  73% (2091/2864)        
2023-08-31T00:21:38.4542561Z remote: Compressing objects:  74% (2120/2864)        
2023-08-31T00:21:38.4543036Z remote: Compressing objects:  75% (2148/2864)        
2023-08-31T00:21:38.4543506Z remote: Compressing objects:  76% (2177/2864)        
2023-08-31T00:21:38.4543956Z remote: Compressing objects:  77% (2206/2864)        
2023-08-31T00:21:38.4544828Z remote: Compressing objects:  78% (2234/2864)        
2023-08-31T00:21:38.4545304Z remote: Compressing objects:  79% (2263/2864)        
2023-08-31T00:21:38.4545773Z remote: Compressing objects:  80% (2292/2864)        
2023-08-31T00:21:38.4546235Z remote: Compressing objects:  81% (2320/2864)        
2023-08-31T00:21:38.4546681Z remote: Compressing objects:  82% (2349/2864)        
2023-08-31T00:21:38.4547154Z remote: Compressing objects:  83% (2378/2864)        
2023-08-31T00:21:38.4547635Z remote: Compressing objects:  84% (2406/2864)        
2023-08-31T00:21:38.4548104Z remote: Compressing objects:  85% (2435/2864)        
2023-08-31T00:21:38.4548552Z remote: Compressing objects:  86% (2464/2864)        
2023-08-31T00:21:38.4549016Z remote: Compressing objects:  87% (2492/2864)        
2023-08-31T00:21:38.4549477Z remote: Compressing objects:  88% (2521/2864)        
2023-08-31T00:21:38.4549939Z remote: Compressing objects:  89% (2549/2864)        
2023-08-31T00:21:38.4550382Z remote: Compressing objects:  90% (2578/2864)        
2023-08-31T00:21:38.4550857Z remote: Compressing objects:  91% (2607/2864)        
2023-08-31T00:21:38.4551322Z remote: Compressing objects:  92% (2635/2864)        
2023-08-31T00:21:38.4551780Z remote: Compressing objects:  93% (2664/2864)        
2023-08-31T00:21:38.4552221Z remote: Compressing objects:  94% (2693/2864)        
2023-08-31T00:21:38.4552684Z remote: Compressing objects:  95% (2721/2864)        
2023-08-31T00:21:38.4553145Z remote: Compressing objects:  96% (2750/2864)        
2023-08-31T00:21:38.4553775Z remote: Compressing objects:  97% (2779/2864)        
2023-08-31T00:21:38.4554232Z remote: Compressing objects:  98% (2807/2864)        
2023-08-31T00:21:38.4554688Z remote: Compressing objects:  99% (2836/2864)        
2023-08-31T00:21:38.4555161Z remote: Compressing objects: 100% (2864/2864)        
2023-08-31T00:21:38.4555659Z remote: Compressing objects: 100% (2864/2864), done.        
2023-08-31T00:21:38.5398185Z Receiving objects:   0% (1/7620)
2023-08-31T00:21:38.5448374Z Receiving objects:   1% (77/7620)
2023-08-31T00:21:38.5742652Z Receiving objects:   2% (153/7620)
2023-08-31T00:21:38.5772363Z Receiving objects:   3% (229/7620)
2023-08-31T00:21:38.5795296Z Receiving objects:   4% (305/7620)
2023-08-31T00:21:38.5990615Z Receiving objects:   5% (381/7620)
2023-08-31T00:21:38.6109261Z Receiving objects:   6% (458/7620)
2023-08-31T00:21:38.6134765Z Receiving objects:   7% (534/7620)
2023-08-31T00:21:38.6158169Z Receiving objects:   8% (610/7620)
2023-08-31T00:21:38.6175557Z Receiving objects:   9% (686/7620)
2023-08-31T00:21:38.6194696Z Receiving objects:  10% (762/7620)
2023-08-31T00:21:38.6244876Z Receiving objects:  11% (839/7620)
2023-08-31T00:21:38.6248836Z Receiving objects:  12% (915/7620)
2023-08-31T00:21:38.6253898Z Receiving objects:  13% (991/7620)
2023-08-31T00:21:38.6258722Z Receiving objects:  14% (1067/7620)
2023-08-31T00:21:38.6355756Z Receiving objects:  15% (1143/7620)
2023-08-31T00:21:38.6582408Z Receiving objects:  16% (1220/7620)
2023-08-31T00:21:38.6693861Z Receiving objects:  17% (1296/7620)
2023-08-31T00:21:38.6784286Z Receiving objects:  18% (1372/7620)
2023-08-31T00:21:38.6905860Z Receiving objects:  19% (1448/7620)
2023-08-31T00:21:38.7001193Z Receiving objects:  20% (1524/7620)
2023-08-31T00:21:38.7099013Z Receiving objects:  21% (1601/7620)
2023-08-31T00:21:38.7204141Z Receiving objects:  22% (1677/7620)
2023-08-31T00:21:38.7327118Z Receiving objects:  23% (1753/7620)
2023-08-31T00:21:38.7399753Z Receiving objects:  24% (1829/7620)
2023-08-31T00:21:38.7512267Z Receiving objects:  25% (1905/7620)
2023-08-31T00:21:38.7622458Z Receiving objects:  26% (1982/7620)
2023-08-31T00:21:38.7738359Z Receiving objects:  27% (2058/7620)
2023-08-31T00:21:38.7858414Z Receiving objects:  28% (2134/7620)
2023-08-31T00:21:38.7984464Z Receiving objects:  29% (2210/7620)
2023-08-31T00:21:38.8068837Z Receiving objects:  30% (2286/7620)
2023-08-31T00:21:38.8171798Z Receiving objects:  31% (2363/7620)
2023-08-31T00:21:38.8269352Z Receiving objects:  32% (2439/7620)
2023-08-31T00:21:38.8355652Z Receiving objects:  33% (2515/7620)
2023-08-31T00:21:38.8447528Z Receiving objects:  34% (2591/7620)
2023-08-31T00:21:38.8535893Z Receiving objects:  35% (2667/7620)
2023-08-31T00:21:38.8598207Z Receiving objects:  36% (2744/7620)
2023-08-31T00:21:38.8727972Z Receiving objects:  37% (2820/7620)
2023-08-31T00:21:38.8855680Z Receiving objects:  38% (2896/7620)
2023-08-31T00:21:38.8971119Z Receiving objects:  39% (2972/7620)
2023-08-31T00:21:38.9055263Z Receiving objects:  40% (3048/7620)
2023-08-31T00:21:38.9096276Z Receiving objects:  41% (3125/7620)
2023-08-31T00:21:38.9136357Z Receiving objects:  42% (3201/7620)
2023-08-31T00:21:38.9175762Z Receiving objects:  43% (3277/7620)
2023-08-31T00:21:38.9217065Z Receiving objects:  44% (3353/7620)
2023-08-31T00:21:38.9259039Z Receiving objects:  45% (3429/7620)
2023-08-31T00:21:38.9300440Z Receiving objects:  46% (3506/7620)
2023-08-31T00:21:38.9342101Z Receiving objects:  47% (3582/7620)
2023-08-31T00:21:38.9389305Z Receiving objects:  48% (3658/7620)
2023-08-31T00:21:38.9546247Z Receiving objects:  49% (3734/7620)
2023-08-31T00:21:38.9699186Z Receiving objects:  50% (3810/7620)
2023-08-31T00:21:38.9824659Z Receiving objects:  51% (3887/7620), 13.25 MiB | 26.49 MiB/s
2023-08-31T00:21:38.9992898Z Receiving objects:  52% (3963/7620), 13.25 MiB | 26.49 MiB/s
2023-08-31T00:21:39.0084164Z Receiving objects:  53% (4039/7620), 13.25 MiB | 26.49 MiB/s
2023-08-31T00:21:39.0201490Z Receiving objects:  54% (4115/7620), 13.25 MiB | 26.49 MiB/s
2023-08-31T00:21:39.0278421Z Receiving objects:  55% (4191/7620), 13.25 MiB | 26.49 MiB/s
2023-08-31T00:21:39.0495339Z Receiving objects:  56% (4268/7620), 13.25 MiB | 26.49 MiB/s
2023-08-31T00:21:39.0674936Z Receiving objects:  57% (4344/7620), 13.25 MiB | 26.49 MiB/s
2023-08-31T00:21:39.0883260Z Receiving objects:  58% (4420/7620), 13.25 MiB | 26.49 MiB/s
2023-08-31T00:21:39.1040103Z Receiving objects:  59% (4496/7620), 13.25 MiB | 26.49 MiB/s
2023-08-31T00:21:39.1221494Z Receiving objects:  60% (4572/7620), 13.25 MiB | 26.49 MiB/s
2023-08-31T00:21:39.1280605Z Receiving objects:  61% (4649/7620), 13.25 MiB | 26.49 MiB/s
2023-08-31T00:21:39.1388161Z Receiving objects:  62% (4725/7620), 13.25 MiB | 26.49 MiB/s
2023-08-31T00:21:39.1524587Z Receiving objects:  63% (4801/7620), 13.25 MiB | 26.49 MiB/s
2023-08-31T00:21:39.1634831Z Receiving objects:  64% (4877/7620), 13.25 MiB | 26.49 MiB/s
2023-08-31T00:21:39.1764404Z Receiving objects:  65% (4953/7620), 13.25 MiB | 26.49 MiB/s
2023-08-31T00:21:39.1855078Z Receiving objects:  66% (5030/7620), 13.25 MiB | 26.49 MiB/s
2023-08-31T00:21:39.2026946Z Receiving objects:  67% (5106/7620), 13.25 MiB | 26.49 MiB/s
2023-08-31T00:21:39.2117941Z Receiving objects:  68% (5182/7620), 13.25 MiB | 26.49 MiB/s
2023-08-31T00:21:39.2250077Z Receiving objects:  69% (5258/7620), 13.25 MiB | 26.49 MiB/s
2023-08-31T00:21:39.2369275Z Receiving objects:  70% (5334/7620), 13.25 MiB | 26.49 MiB/s
2023-08-31T00:21:39.2471668Z Receiving objects:  71% (5411/7620), 13.25 MiB | 26.49 MiB/s
2023-08-31T00:21:39.2668406Z Receiving objects:  72% (5487/7620), 13.25 MiB | 26.49 MiB/s
2023-08-31T00:21:39.2792492Z Receiving objects:  73% (5563/7620), 13.25 MiB | 26.49 MiB/s
2023-08-31T00:21:39.3025779Z Receiving objects:  74% (5639/7620), 13.25 MiB | 26.49 MiB/s
2023-08-31T00:21:39.3237766Z Receiving objects:  75% (5715/7620), 13.25 MiB | 26.49 MiB/s
2023-08-31T00:21:39.3380431Z Receiving objects:  76% (5792/7620), 13.25 MiB | 26.49 MiB/s
2023-08-31T00:21:39.3473420Z Receiving objects:  77% (5868/7620), 13.25 MiB | 26.49 MiB/s
2023-08-31T00:21:39.3594537Z Receiving objects:  78% (5944/7620), 13.25 MiB | 26.49 MiB/s
2023-08-31T00:21:39.3762420Z Receiving objects:  79% (6020/7620), 13.25 MiB | 26.49 MiB/s
2023-08-31T00:21:39.3868429Z Receiving objects:  80% (6096/7620), 13.25 MiB | 26.49 MiB/s
2023-08-31T00:21:39.4059008Z Receiving objects:  81% (6173/7620), 13.25 MiB | 26.49 MiB/s
2023-08-31T00:21:39.4247916Z Receiving objects:  82% (6249/7620), 13.25 MiB | 26.49 MiB/s
2023-08-31T00:21:39.4372598Z Receiving objects:  83% (6325/7620), 13.25 MiB | 26.49 MiB/s
2023-08-31T00:21:39.4470313Z Receiving objects:  84% (6401/7620), 13.25 MiB | 26.49 MiB/s
2023-08-31T00:21:39.4626559Z Receiving objects:  85% (6477/7620), 13.25 MiB | 26.49 MiB/s
2023-08-31T00:21:39.4653257Z Receiving objects:  86% (6554/7620), 13.25 MiB | 26.49 MiB/s
2023-08-31T00:21:39.4773128Z Receiving objects:  86% (6564/7620), 31.13 MiB | 31.13 MiB/s
2023-08-31T00:21:39.4839878Z Receiving objects:  87% (6630/7620), 31.13 MiB | 31.13 MiB/s
2023-08-31T00:21:39.4853038Z Receiving objects:  88% (6706/7620), 31.13 MiB | 31.13 MiB/s
2023-08-31T00:21:39.4886105Z Receiving objects:  89% (6782/7620), 31.13 MiB | 31.13 MiB/s
2023-08-31T00:21:39.4889195Z Receiving objects:  90% (6858/7620), 31.13 MiB | 31.13 MiB/s
2023-08-31T00:21:39.4892919Z Receiving objects:  91% (6935/7620), 31.13 MiB | 31.13 MiB/s
2023-08-31T00:21:39.4895648Z Receiving objects:  92% (7011/7620), 31.13 MiB | 31.13 MiB/s
2023-08-31T00:21:39.4905370Z Receiving objects:  93% (7087/7620), 31.13 MiB | 31.13 MiB/s
2023-08-31T00:21:39.4942518Z Receiving objects:  94% (7163/7620), 31.13 MiB | 31.13 MiB/s
2023-08-31T00:21:39.5137163Z Receiving objects:  95% (7239/7620), 31.13 MiB | 31.13 MiB/s
2023-08-31T00:21:39.5308664Z Receiving objects:  96% (7316/7620), 31.13 MiB | 31.13 MiB/s
2023-08-31T00:21:39.5315856Z Receiving objects:  97% (7392/7620), 31.13 MiB | 31.13 MiB/s
2023-08-31T00:21:39.5406390Z Receiving objects:  98% (7468/7620), 31.13 MiB | 31.13 MiB/s
2023-08-31T00:21:39.5611692Z Receiving objects:  99% (7544/7620), 31.13 MiB | 31.13 MiB/s
2023-08-31T00:21:39.5612826Z remote: Total 7620 (delta 4438), reused 7352 (delta 4361), pack-reused 0        
2023-08-31T00:21:39.5625528Z Receiving objects: 100% (7620/7620), 31.13 MiB | 31.13 MiB/s
2023-08-31T00:21:39.5626336Z Receiving objects: 100% (7620/7620), 35.30 MiB | 32.19 MiB/s, done.
2023-08-31T00:21:39.5761116Z Resolving deltas:   0% (0/4438)
2023-08-31T00:21:39.5995784Z Resolving deltas:   1% (45/4438)
2023-08-31T00:21:39.6272972Z Resolving deltas:   2% (89/4438)
2023-08-31T00:21:39.6497345Z Resolving deltas:   3% (134/4438)
2023-08-31T00:21:39.6668515Z Resolving deltas:   4% (178/4438)
2023-08-31T00:21:39.6683767Z Resolving deltas:   5% (222/4438)
2023-08-31T00:21:39.6699258Z Resolving deltas:   6% (267/4438)
2023-08-31T00:21:39.6721169Z Resolving deltas:   7% (311/4438)
2023-08-31T00:21:39.6913578Z Resolving deltas:   8% (356/4438)
2023-08-31T00:21:39.6929791Z Resolving deltas:   9% (400/4438)
2023-08-31T00:21:39.6947042Z Resolving deltas:  10% (444/4438)
2023-08-31T00:21:39.6963614Z Resolving deltas:  11% (489/4438)
2023-08-31T00:21:39.6971095Z Resolving deltas:  12% (533/4438)
2023-08-31T00:21:39.6981369Z Resolving deltas:  13% (577/4438)
2023-08-31T00:21:39.7293057Z Resolving deltas:  14% (622/4438)
2023-08-31T00:21:39.7531249Z Resolving deltas:  15% (666/4438)
2023-08-31T00:21:39.7709289Z Resolving deltas:  16% (711/4438)
2023-08-31T00:21:39.7807461Z Resolving deltas:  17% (755/4438)
2023-08-31T00:21:39.8072793Z Resolving deltas:  18% (799/4438)
2023-08-31T00:21:39.8306934Z Resolving deltas:  19% (844/4438)
2023-08-31T00:21:39.8538600Z Resolving deltas:  20% (888/4438)
2023-08-31T00:21:39.8806209Z Resolving deltas:  21% (932/4438)
2023-08-31T00:21:39.8954440Z Resolving deltas:  22% (977/4438)
2023-08-31T00:21:39.9090631Z Resolving deltas:  23% (1021/4438)
2023-08-31T00:21:39.9323727Z Resolving deltas:  24% (1066/4438)
2023-08-31T00:21:39.9342831Z Resolving deltas:  25% (1110/4438)
2023-08-31T00:21:39.9371890Z Resolving deltas:  26% (1154/4438)
2023-08-31T00:21:39.9390081Z Resolving deltas:  27% (1199/4438)
2023-08-31T00:21:39.9395204Z Resolving deltas:  28% (1243/4438)
2023-08-31T00:21:39.9411210Z Resolving deltas:  29% (1288/4438)
2023-08-31T00:21:39.9422734Z Resolving deltas:  30% (1332/4438)
2023-08-31T00:21:39.9450717Z Resolving deltas:  31% (1376/4438)
2023-08-31T00:21:39.9454006Z Resolving deltas:  32% (1421/4438)
2023-08-31T00:21:39.9477137Z Resolving deltas:  33% (1465/4438)
2023-08-31T00:21:39.9486593Z Resolving deltas:  34% (1509/4438)
2023-08-31T00:21:39.9494342Z Resolving deltas:  35% (1554/4438)
2023-08-31T00:21:39.9515297Z Resolving deltas:  36% (1598/4438)
2023-08-31T00:21:39.9551960Z Resolving deltas:  37% (1643/4438)
2023-08-31T00:21:39.9584471Z Resolving deltas:  38% (1687/4438)
2023-08-31T00:21:39.9595023Z Resolving deltas:  39% (1731/4438)
2023-08-31T00:21:39.9599939Z Resolving deltas:  40% (1776/4438)
2023-08-31T00:21:39.9603903Z Resolving deltas:  41% (1820/4438)
2023-08-31T00:21:39.9606318Z Resolving deltas:  42% (1864/4438)
2023-08-31T00:21:39.9609082Z Resolving deltas:  43% (1909/4438)
2023-08-31T00:21:39.9638071Z Resolving deltas:  44% (1953/4438)
2023-08-31T00:21:39.9686024Z Resolving deltas:  45% (1998/4438)
2023-08-31T00:21:39.9729846Z Resolving deltas:  46% (2042/4438)
2023-08-31T00:21:39.9773169Z Resolving deltas:  47% (2086/4438)
2023-08-31T00:21:39.9807167Z Resolving deltas:  48% (2131/4438)
2023-08-31T00:21:39.9863334Z Resolving deltas:  49% (2175/4438)
2023-08-31T00:21:39.9907089Z Resolving deltas:  50% (2219/4438)
2023-08-31T00:21:39.9917490Z Resolving deltas:  51% (2264/4438)
2023-08-31T00:21:39.9922658Z Resolving deltas:  52% (2308/4438)
2023-08-31T00:21:39.9970847Z Resolving deltas:  53% (2353/4438)
2023-08-31T00:21:40.0133640Z Resolving deltas:  54% (2398/4438)
2023-08-31T00:21:40.0432694Z Resolving deltas:  55% (2441/4438)
2023-08-31T00:21:40.0543210Z Resolving deltas:  56% (2486/4438)
2023-08-31T00:21:40.0853451Z Resolving deltas:  57% (2530/4438)
2023-08-31T00:21:40.1234393Z Resolving deltas:  58% (2575/4438)
2023-08-31T00:21:40.1402412Z Resolving deltas:  59% (2619/4438)
2023-08-31T00:21:40.1729197Z Resolving deltas:  60% (2663/4438)
2023-08-31T00:21:40.2027793Z Resolving deltas:  61% (2708/4438)
2023-08-31T00:21:40.2319881Z Resolving deltas:  62% (2752/4438)
2023-08-31T00:21:40.2351444Z Resolving deltas:  63% (2796/4438)
2023-08-31T00:21:40.2405976Z Resolving deltas:  64% (2841/4438)
2023-08-31T00:21:40.2517893Z Resolving deltas:  65% (2885/4438)
2023-08-31T00:21:40.2538780Z Resolving deltas:  66% (2930/4438)
2023-08-31T00:21:40.2772085Z Resolving deltas:  67% (2974/4438)
2023-08-31T00:21:40.3042521Z Resolving deltas:  68% (3018/4438)
2023-08-31T00:21:40.3238904Z Resolving deltas:  69% (3063/4438)
2023-08-31T00:21:40.3346037Z Resolving deltas:  70% (3107/4438)
2023-08-31T00:21:40.3369841Z Resolving deltas:  71% (3151/4438)
2023-08-31T00:21:40.3390085Z Resolving deltas:  72% (3196/4438)
2023-08-31T00:21:40.3408796Z Resolving deltas:  73% (3240/4438)
2023-08-31T00:21:40.3415220Z Resolving deltas:  74% (3285/4438)
2023-08-31T00:21:40.3425853Z Resolving deltas:  75% (3329/4438)
2023-08-31T00:21:40.3428294Z Resolving deltas:  76% (3373/4438)
2023-08-31T00:21:40.3437061Z Resolving deltas:  77% (3418/4438)
2023-08-31T00:21:40.3445861Z Resolving deltas:  78% (3462/4438)
2023-08-31T00:21:40.3458305Z Resolving deltas:  79% (3507/4438)
2023-08-31T00:21:40.3472856Z Resolving deltas:  80% (3551/4438)
2023-08-31T00:21:40.3497147Z Resolving deltas:  81% (3595/4438)
2023-08-31T00:21:40.3524219Z Resolving deltas:  82% (3640/4438)
2023-08-31T00:21:40.3749848Z Resolving deltas:  83% (3684/4438)
2023-08-31T00:21:40.3970137Z Resolving deltas:  84% (3728/4438)
2023-08-31T00:21:40.4021033Z Resolving deltas:  85% (3773/4438)
2023-08-31T00:21:40.4060411Z Resolving deltas:  86% (3817/4438)
2023-08-31T00:21:40.4124244Z Resolving deltas:  87% (3862/4438)
2023-08-31T00:21:40.4170443Z Resolving deltas:  88% (3906/4438)
2023-08-31T00:21:40.4223716Z Resolving deltas:  89% (3950/4438)
2023-08-31T00:21:40.4285263Z Resolving deltas:  90% (3995/4438)
2023-08-31T00:21:40.4343720Z Resolving deltas:  91% (4039/4438)
2023-08-31T00:21:40.4381625Z Resolving deltas:  92% (4083/4438)
2023-08-31T00:21:40.4435916Z Resolving deltas:  93% (4128/4438)
2023-08-31T00:21:40.4520469Z Resolving deltas:  94% (4172/4438)
2023-08-31T00:21:40.4633108Z Resolving deltas:  95% (4217/4438)
2023-08-31T00:21:40.4765614Z Resolving deltas:  96% (4261/4438)
2023-08-31T00:21:40.4837004Z Resolving deltas:  97% (4305/4438)
2023-08-31T00:21:40.4938816Z Resolving deltas:  98% (4350/4438)
2023-08-31T00:21:40.4987528Z Resolving deltas:  99% (4394/4438)
2023-08-31T00:21:40.5018588Z Resolving deltas: 100% (4438/4438)
2023-08-31T00:21:40.5019413Z Resolving deltas: 100% (4438/4438), done.
2023-08-31T00:21:40.5789164Z From https://github.com/seanpm2001/GitHub_Stats_A
2023-08-31T00:21:40.5790574Z  * [new ref]         30d23e21873d64029e115c1792677eea227bb9cd -> origin/master
2023-08-31T00:21:40.5841822Z ##[endgroup]
2023-08-31T00:21:40.5842570Z ##[group]Determining the checkout info
2023-08-31T00:21:40.5843338Z ##[endgroup]
2023-08-31T00:21:40.5844023Z ##[group]Checking out the ref
2023-08-31T00:21:40.5844875Z [command]/usr/bin/git checkout --progress --force -B master refs/remotes/origin/master
2023-08-31T00:21:41.6085884Z Updating files:  73% (5822/7904)
2023-08-31T00:21:41.6295923Z Updating files:  74% (5849/7904)
2023-08-31T00:21:41.6405514Z Updating files:  75% (5928/7904)
2023-08-31T00:21:41.6486508Z Updating files:  76% (6008/7904)
2023-08-31T00:21:41.6573459Z Updating files:  77% (6087/7904)
2023-08-31T00:21:41.6736321Z Updating files:  78% (6166/7904)
2023-08-31T00:21:41.6760968Z Updating files:  79% (6245/7904)
2023-08-31T00:21:41.6861256Z Updating files:  80% (6324/7904)
2023-08-31T00:21:41.6995320Z Updating files:  81% (6403/7904)
2023-08-31T00:21:41.7038326Z Updating files:  82% (6482/7904)
2023-08-31T00:21:41.7067467Z Updating files:  83% (6561/7904)
2023-08-31T00:21:41.7141386Z Updating files:  84% (6640/7904)
2023-08-31T00:21:41.7195739Z Updating files:  85% (6719/7904)
2023-08-31T00:21:41.7271226Z Updating files:  86% (6798/7904)
2023-08-31T00:21:41.7349434Z Updating files:  87% (6877/7904)
2023-08-31T00:21:41.7414685Z Updating files:  88% (6956/7904)
2023-08-31T00:21:41.7553052Z Updating files:  89% (7035/7904)
2023-08-31T00:21:41.7681127Z Updating files:  90% (7114/7904)
2023-08-31T00:21:41.7822524Z Updating files:  91% (7193/7904)
2023-08-31T00:21:41.7984340Z Updating files:  92% (7272/7904)
2023-08-31T00:21:41.8115800Z Updating files:  93% (7351/7904)
2023-08-31T00:21:41.8175860Z Updating files:  94% (7430/7904)
2023-08-31T00:21:41.8251231Z Updating files:  95% (7509/7904)
2023-08-31T00:21:41.8340713Z Updating files:  96% (7588/7904)
2023-08-31T00:21:41.8441596Z Updating files:  97% (7667/7904)
2023-08-31T00:21:41.8609800Z Updating files:  98% (7746/7904)
2023-08-31T00:21:41.8689368Z Updating files:  99% (7825/7904)
2023-08-31T00:21:41.8689787Z Updating files: 100% (7904/7904)
2023-08-31T00:21:41.8690121Z Updating files: 100% (7904/7904), done.
2023-08-31T00:21:41.8831788Z Reset branch 'master'
2023-08-31T00:21:41.8832534Z branch 'master' set up to track 'origin/master'.
2023-08-31T00:21:41.8916413Z ##[endgroup]
2023-08-31T00:21:41.8961438Z [command]/usr/bin/git log -1 --format='%H'
2023-08-31T00:21:41.8985416Z '30d23e21873d64029e115c1792677eea227bb9cd'
2023-08-31T00:21:41.9404938Z ##[group]Run actions/setup-python@v4
2023-08-31T00:21:41.9405391Z with:
2023-08-31T00:21:41.9405668Z   python-version: 3.8
2023-08-31T00:21:41.9406042Z   architecture: x64
2023-08-31T00:21:41.9406370Z   cache: pip
2023-08-31T00:21:41.9406760Z   check-latest: false
2023-08-31T00:21:41.9407206Z   token: ***
2023-08-31T00:21:41.9407546Z   update-environment: true
2023-08-31T00:21:41.9407917Z   allow-prereleases: false
2023-08-31T00:21:41.9408274Z ##[endgroup]
2023-08-31T00:21:42.1389541Z ##[group]Installed versions
2023-08-31T00:21:42.1500712Z Successfully set up CPython (3.8.17)
2023-08-31T00:21:42.1501707Z ##[endgroup]
2023-08-31T00:21:43.0120982Z [command]/opt/hostedtoolcache/Python/3.8.17/x64/bin/pip cache dir
2023-08-31T00:21:45.4086326Z /home/runner/.cache/pip
2023-08-31T00:21:46.4726808Z Received 6339595 of 6339595 (100.0%), 9.9 MBs/sec
2023-08-31T00:21:46.4728163Z Cache Size: ~6 MB (6339595 B)
2023-08-31T00:21:46.4765479Z [command]/usr/bin/tar -xf /home/runner/work/_temp/aa9b72f4-3e45-458a-b843-c52571b11532/cache.tzst -P -C /home/runner/work/GitHub_Stats_A/GitHub_Stats_A --use-compress-program unzstd
2023-08-31T00:21:46.5080465Z Cache restored successfully
2023-08-31T00:21:46.5098854Z Cache restored from key: setup-python-Linux-22.04-Ubuntu-python-3.8.17-pip-60f2a6c0212a9b74a155cd81b58dd07fd8b180833132566260d95f4de42fe218
2023-08-31T00:21:46.5319368Z ##[group]Run python3 -m pip install --upgrade pip setuptools wheel
2023-08-31T00:21:46.5319789Z [36;1mpython3 -m pip install --upgrade pip setuptools wheel[0m
2023-08-31T00:21:46.5320120Z [36;1mpython3 -m pip install -r requirements.txt[0m
2023-08-31T00:21:46.5378034Z shell: /usr/bin/bash -e {0}
2023-08-31T00:21:46.5378297Z env:
2023-08-31T00:21:46.5378602Z   pythonLocation: /opt/hostedtoolcache/Python/3.8.17/x64
2023-08-31T00:21:46.5378996Z   PKG_CONFIG_PATH: /opt/hostedtoolcache/Python/3.8.17/x64/lib/pkgconfig
2023-08-31T00:21:46.5379378Z   Python_ROOT_DIR: /opt/hostedtoolcache/Python/3.8.17/x64
2023-08-31T00:21:46.5379721Z   Python2_ROOT_DIR: /opt/hostedtoolcache/Python/3.8.17/x64
2023-08-31T00:21:46.5380074Z   Python3_ROOT_DIR: /opt/hostedtoolcache/Python/3.8.17/x64
2023-08-31T00:21:46.5380431Z   LD_LIBRARY_PATH: /opt/hostedtoolcache/Python/3.8.17/x64/lib
2023-08-31T00:21:46.5380743Z ##[endgroup]
2023-08-31T00:21:47.8770301Z Requirement already satisfied: pip in /opt/hostedtoolcache/Python/3.8.17/x64/lib/python3.8/site-packages (23.0.1)
2023-08-31T00:21:48.1111190Z Collecting pip
2023-08-31T00:21:48.1119586Z   Obtaining dependency information for pip from https://files.pythonhosted.org/packages/50/c2/e06851e8cc28dcad7c155f4753da8833ac06a5c704c109313b8d5a62968a/pip-23.2.1-py3-none-any.whl.metadata
2023-08-31T00:21:48.2352643Z   Downloading pip-23.2.1-py3-none-any.whl.metadata (4.2 kB)
2023-08-31T00:21:48.2392368Z Requirement already satisfied: setuptools in /opt/hostedtoolcache/Python/3.8.17/x64/lib/python3.8/site-packages (56.0.0)
2023-08-31T00:21:48.5816443Z Collecting setuptools
2023-08-31T00:21:48.5824742Z   Obtaining dependency information for setuptools from https://files.pythonhosted.org/packages/4f/ab/0bcfebdfc3bfa8554b2b2c97a555569c4c1ebc74ea288741ea8326c51906/setuptools-68.1.2-py3-none-any.whl.metadata
2023-08-31T00:21:48.5945486Z   Downloading setuptools-68.1.2-py3-none-any.whl.metadata (6.2 kB)
2023-08-31T00:21:48.6586506Z Collecting wheel
2023-08-31T00:21:48.6589909Z   Obtaining dependency information for wheel from https://files.pythonhosted.org/packages/b8/8b/31273bf66016be6ad22bb7345c37ff350276cfd46e389a0c2ac5da9d9073/wheel-0.41.2-py3-none-any.whl.metadata
2023-08-31T00:21:48.6709611Z   Downloading wheel-0.41.2-py3-none-any.whl.metadata (2.2 kB)
2023-08-31T00:21:48.7434297Z Downloading pip-23.2.1-py3-none-any.whl (2.1 MB)
2023-08-31T00:21:48.9877592Z    ‚îÅ‚îÅ‚îÅ‚îÅ‚îÅ‚îÅ‚îÅ‚îÅ‚îÅ‚îÅ‚îÅ‚îÅ‚îÅ‚îÅ‚îÅ‚îÅ‚îÅ‚îÅ‚îÅ‚îÅ‚îÅ‚îÅ‚îÅ‚îÅ‚îÅ‚îÅ‚îÅ‚îÅ‚îÅ‚îÅ‚îÅ‚îÅ‚îÅ‚îÅ‚îÅ‚îÅ‚îÅ‚îÅ‚îÅ‚îÅ 2.1/2.1 MB 8.7 MB/s eta 0:00:00
2023-08-31T00:21:49.0082060Z Downloading setuptools-68.1.2-py3-none-any.whl (805 kB)
2023-08-31T00:21:49.0544708Z    ‚îÅ‚îÅ‚îÅ‚îÅ‚îÅ‚îÅ‚îÅ‚îÅ‚îÅ‚îÅ‚îÅ‚îÅ‚îÅ‚îÅ‚îÅ‚îÅ‚îÅ‚îÅ‚îÅ‚îÅ‚îÅ‚îÅ‚îÅ‚îÅ‚îÅ‚îÅ‚îÅ‚îÅ‚îÅ‚îÅ‚îÅ‚îÅ‚îÅ‚îÅ‚îÅ‚îÅ‚îÅ‚îÅ‚îÅ‚îÅ 805.1/805.1 kB 18.8 MB/s eta 0:00:00
2023-08-31T00:21:49.0696503Z Downloading wheel-0.41.2-py3-none-any.whl (64 kB)
2023-08-31T00:21:49.0771388Z    ‚îÅ‚îÅ‚îÅ‚îÅ‚îÅ‚îÅ‚îÅ‚îÅ‚îÅ‚îÅ‚îÅ‚îÅ‚îÅ‚îÅ‚îÅ‚îÅ‚îÅ‚îÅ‚îÅ‚îÅ‚îÅ‚îÅ‚îÅ‚îÅ‚îÅ‚îÅ‚îÅ‚îÅ‚îÅ‚îÅ‚îÅ‚îÅ‚îÅ‚îÅ‚îÅ‚îÅ‚îÅ‚îÅ‚îÅ‚îÅ 64.8/64.8 kB 17.6 MB/s eta 0:00:00
2023-08-31T00:21:49.1994399Z Installing collected packages: wheel, setuptools, pip
2023-08-31T00:21:49.2559272Z   Attempting uninstall: setuptools
2023-08-31T00:21:49.2574375Z     Found existing installation: setuptools 56.0.0
2023-08-31T00:21:49.2801859Z     Uninstalling setuptools-56.0.0:
2023-08-31T00:21:49.2907824Z       Successfully uninstalled setuptools-56.0.0
2023-08-31T00:21:49.7551162Z   Attempting uninstall: pip
2023-08-31T00:21:49.7557214Z     Found existing installation: pip 23.0.1
2023-08-31T00:21:49.8120945Z     Uninstalling pip-23.0.1:
2023-08-31T00:21:49.8629922Z       Successfully uninstalled pip-23.0.1
2023-08-31T00:21:51.0599840Z Successfully installed pip-23.2.1 setuptools-68.1.2 wheel-0.41.2
2023-08-31T00:21:53.0121472Z Collecting requests (from -r requirements.txt (line 1))
2023-08-31T00:21:53.0125745Z   Obtaining dependency information for requests from https://files.pythonhosted.org/packages/70/8e/0e2d847013cb52cd35b38c009bb167a1a26b2ce6cd6965bf26b47bc0bf44/requests-2.31.0-py3-none-any.whl.metadata
2023-08-31T00:21:53.1162120Z   Downloading requests-2.31.0-py3-none-any.whl.metadata (4.6 kB)
2023-08-31T00:21:53.6249229Z Collecting aiohttp (from -r requirements.txt (line 2))
2023-08-31T00:21:53.6251736Z   Obtaining dependency information for aiohttp from https://files.pythonhosted.org/packages/84/22/20c41a698eb5435ff7cd3bc6884542d2a40f3c91a221f713d77217facc39/aiohttp-3.8.5-cp38-cp38-manylinux_2_17_x86_64.manylinux2014_x86_64.whl.metadata
2023-08-31T00:21:53.6588409Z   Downloading aiohttp-3.8.5-cp38-cp38-manylinux_2_17_x86_64.manylinux2014_x86_64.whl.metadata (7.7 kB)
2023-08-31T00:21:53.8041194Z Collecting charset-normalizer<4,>=2 (from requests->-r requirements.txt (line 1))
2023-08-31T00:21:53.8042739Z   Obtaining dependency information for charset-normalizer<4,>=2 from https://files.pythonhosted.org/packages/cb/e7/5e43745003bf1f90668c7be23fc5952b3a2b9c2558f16749411c18039b36/charset_normalizer-3.2.0-cp38-cp38-manylinux_2_17_x86_64.manylinux2014_x86_64.whl.metadata
2023-08-31T00:21:53.8144103Z   Downloading charset_normalizer-3.2.0-cp38-cp38-manylinux_2_17_x86_64.manylinux2014_x86_64.whl.metadata (31 kB)
2023-08-31T00:21:53.8662934Z Collecting idna<4,>=2.5 (from requests->-r requirements.txt (line 1))
2023-08-31T00:21:53.8687586Z   Using cached idna-3.4-py3-none-any.whl (61 kB)
2023-08-31T00:21:53.9483392Z Collecting urllib3<3,>=1.21.1 (from requests->-r requirements.txt (line 1))
2023-08-31T00:21:53.9490071Z   Obtaining dependency information for urllib3<3,>=1.21.1 from https://files.pythonhosted.org/packages/9b/81/62fd61001fa4b9d0df6e31d47ff49cfa9de4af03adecf339c7bc30656b37/urllib3-2.0.4-py3-none-any.whl.metadata
2023-08-31T00:21:53.9593161Z   Downloading urllib3-2.0.4-py3-none-any.whl.metadata (6.6 kB)
2023-08-31T00:21:54.0115850Z Collecting certifi>=2017.4.17 (from requests->-r requirements.txt (line 1))
2023-08-31T00:21:54.0118292Z   Obtaining dependency information for certifi>=2017.4.17 from https://files.pythonhosted.org/packages/4c/dd/2234eab22353ffc7d94e8d13177aaa050113286e93e7b40eae01fbf7c3d9/certifi-2023.7.22-py3-none-any.whl.metadata
2023-08-31T00:21:54.0224124Z   Downloading certifi-2023.7.22-py3-none-any.whl.metadata (2.2 kB)
2023-08-31T00:21:54.0795665Z Collecting attrs>=17.3.0 (from aiohttp->-r requirements.txt (line 2))
2023-08-31T00:21:54.0818422Z   Using cached attrs-23.1.0-py3-none-any.whl (61 kB)
2023-08-31T00:21:54.5150461Z Collecting multidict<7.0,>=4.5 (from aiohttp->-r requirements.txt (line 2))
2023-08-31T00:21:54.5178266Z   Using cached multidict-6.0.4-cp38-cp38-manylinux_2_17_x86_64.manylinux2014_x86_64.whl (121 kB)
2023-08-31T00:21:54.5501732Z Collecting async-timeout<5.0,>=4.0.0a3 (from aiohttp->-r requirements.txt (line 2))
2023-08-31T00:21:54.5504857Z   Obtaining dependency information for async-timeout<5.0,>=4.0.0a3 from https://files.pythonhosted.org/packages/a7/fa/e01228c2938de91d47b307831c62ab9e4001e747789d0b05baf779a6488c/async_timeout-4.0.3-py3-none-any.whl.metadata
2023-08-31T00:21:54.5612010Z   Downloading async_timeout-4.0.3-py3-none-any.whl.metadata (4.2 kB)
2023-08-31T00:21:54.8338454Z Collecting yarl<2.0,>=1.0 (from aiohttp->-r requirements.txt (line 2))
2023-08-31T00:21:54.8367584Z   Using cached yarl-1.9.2-cp38-cp38-manylinux_2_17_x86_64.manylinux2014_x86_64.whl (266 kB)
2023-08-31T00:21:54.9564132Z Collecting frozenlist>=1.1.1 (from aiohttp->-r requirements.txt (line 2))
2023-08-31T00:21:54.9567599Z   Obtaining dependency information for frozenlist>=1.1.1 from https://files.pythonhosted.org/packages/0b/36/c276486f89bee9098332710af2207344f360c6c6f104a4931a7566039b1d/frozenlist-1.4.0-cp38-cp38-manylinux_2_5_x86_64.manylinux1_x86_64.manylinux_2_17_x86_64.manylinux2014_x86_64.whl.metadata
2023-08-31T00:21:54.9700409Z   Downloading frozenlist-1.4.0-cp38-cp38-manylinux_2_5_x86_64.manylinux1_x86_64.manylinux_2_17_x86_64.manylinux2014_x86_64.whl.metadata (5.2 kB)
2023-08-31T00:21:54.9984473Z Collecting aiosignal>=1.1.2 (from aiohttp->-r requirements.txt (line 2))
2023-08-31T00:21:55.0009801Z   Using cached aiosignal-1.3.1-py3-none-any.whl (7.6 kB)
2023-08-31T00:21:55.1070924Z Using cached requests-2.31.0-py3-none-any.whl (62 kB)
2023-08-31T00:21:55.1225393Z Downloading aiohttp-3.8.5-cp38-cp38-manylinux_2_17_x86_64.manylinux2014_x86_64.whl (1.1 MB)
2023-08-31T00:21:55.2461228Z    ‚îÅ‚îÅ‚îÅ‚îÅ‚îÅ‚îÅ‚îÅ‚îÅ‚îÅ‚îÅ‚îÅ‚îÅ‚îÅ‚îÅ‚îÅ‚îÅ‚îÅ‚îÅ‚îÅ‚îÅ‚îÅ‚îÅ‚îÅ‚îÅ‚îÅ‚îÅ‚îÅ‚îÅ‚îÅ‚îÅ‚îÅ‚îÅ‚îÅ‚îÅ‚îÅ‚îÅ‚îÅ‚îÅ‚îÅ‚îÅ 1.1/1.1 MB 8.8 MB/s eta 0:00:00
2023-08-31T00:21:55.2564449Z Downloading async_timeout-4.0.3-py3-none-any.whl (5.7 kB)
2023-08-31T00:21:55.2706056Z Downloading certifi-2023.7.22-py3-none-any.whl (158 kB)
2023-08-31T00:21:55.2869554Z    ‚îÅ‚îÅ‚îÅ‚îÅ‚îÅ‚îÅ‚îÅ‚îÅ‚îÅ‚îÅ‚îÅ‚îÅ‚îÅ‚îÅ‚îÅ‚îÅ‚îÅ‚îÅ‚îÅ‚îÅ‚îÅ‚îÅ‚îÅ‚îÅ‚îÅ‚îÅ‚îÅ‚îÅ‚îÅ‚îÅ‚îÅ‚îÅ‚îÅ‚îÅ‚îÅ‚îÅ‚îÅ‚îÅ‚îÅ‚îÅ 158.3/158.3 kB 12.7 MB/s eta 0:00:00
2023-08-31T00:21:55.3035673Z Downloading charset_normalizer-3.2.0-cp38-cp38-manylinux_2_17_x86_64.manylinux2014_x86_64.whl (199 kB)
2023-08-31T00:21:55.3247507Z    ‚îÅ‚îÅ‚îÅ‚îÅ‚îÅ‚îÅ‚îÅ‚îÅ‚îÅ‚îÅ‚îÅ‚îÅ‚îÅ‚îÅ‚îÅ‚îÅ‚îÅ‚îÅ‚îÅ‚îÅ‚îÅ‚îÅ‚îÅ‚îÅ‚îÅ‚îÅ‚îÅ‚îÅ‚îÅ‚îÅ‚îÅ‚îÅ‚îÅ‚îÅ‚îÅ‚îÅ‚îÅ‚îÅ‚îÅ‚îÅ 199.1/199.1 kB 11.3 MB/s eta 0:00:00
2023-08-31T00:21:55.3465426Z Downloading frozenlist-1.4.0-cp38-cp38-manylinux_2_5_x86_64.manylinux1_x86_64.manylinux_2_17_x86_64.manylinux2014_x86_64.whl (220 kB)
2023-08-31T00:21:55.3677670Z    ‚îÅ‚îÅ‚îÅ‚îÅ‚îÅ‚îÅ‚îÅ‚îÅ‚îÅ‚îÅ‚îÅ‚îÅ‚îÅ‚îÅ‚îÅ‚îÅ‚îÅ‚îÅ‚îÅ‚îÅ‚îÅ‚îÅ‚îÅ‚îÅ‚îÅ‚îÅ‚îÅ‚îÅ‚îÅ‚îÅ‚îÅ‚îÅ‚îÅ‚îÅ‚îÅ‚îÅ‚îÅ‚îÅ‚îÅ‚îÅ 220.1/220.1 kB 12.4 MB/s eta 0:00:00
2023-08-31T00:21:55.3834372Z Downloading urllib3-2.0.4-py3-none-any.whl (123 kB)
2023-08-31T00:21:55.3972470Z    ‚îÅ‚îÅ‚îÅ‚îÅ‚îÅ‚îÅ‚îÅ‚îÅ‚îÅ‚îÅ‚îÅ‚îÅ‚îÅ‚îÅ‚îÅ‚îÅ‚îÅ‚îÅ‚îÅ‚îÅ‚îÅ‚îÅ‚îÅ‚îÅ‚îÅ‚îÅ‚îÅ‚îÅ‚îÅ‚îÅ‚îÅ‚îÅ‚îÅ‚îÅ‚îÅ‚îÅ‚îÅ‚îÅ‚îÅ‚îÅ 123.9/123.9 kB 12.2 MB/s eta 0:00:00
2023-08-31T00:21:55.5192803Z Installing collected packages: urllib3, multidict, idna, frozenlist, charset-normalizer, certifi, attrs, async-timeout, yarl, requests, aiosignal, aiohttp
2023-08-31T00:21:56.0141313Z Successfully installed aiohttp-3.8.5 aiosignal-1.3.1 async-timeout-4.0.3 attrs-23.1.0 certifi-2023.7.22 charset-normalizer-3.2.0 frozenlist-1.4.0 idna-3.4 multidict-6.0.4 requests-2.31.0 urllib3-2.0.4 yarl-1.9.2
2023-08-31T00:21:56.6624333Z ##[group]Run python3 --version
2023-08-31T00:21:56.6624678Z [36;1mpython3 --version[0m
2023-08-31T00:21:56.6624989Z [36;1mpython3 generate_images.py[0m
2023-08-31T00:21:56.6678557Z shell: /usr/bin/bash -e {0}
2023-08-31T00:21:56.6678793Z env:
2023-08-31T00:21:56.6679089Z   pythonLocation: /opt/hostedtoolcache/Python/3.8.17/x64
2023-08-31T00:21:56.6679480Z   PKG_CONFIG_PATH: /opt/hostedtoolcache/Python/3.8.17/x64/lib/pkgconfig
2023-08-31T00:21:56.6679891Z   Python_ROOT_DIR: /opt/hostedtoolcache/Python/3.8.17/x64
2023-08-31T00:21:56.6680244Z   Python2_ROOT_DIR: /opt/hostedtoolcache/Python/3.8.17/x64
2023-08-31T00:21:56.6680599Z   Python3_ROOT_DIR: /opt/hostedtoolcache/Python/3.8.17/x64
2023-08-31T00:21:56.6680956Z   LD_LIBRARY_PATH: /opt/hostedtoolcache/Python/3.8.17/x64/lib
2023-08-31T00:21:56.6681428Z   ACCESS_TOKEN: ***
2023-08-31T00:21:56.6681774Z   GITHUB_TOKEN: ***
2023-08-31T00:21:56.6682002Z   EXCLUDED: 
2023-08-31T00:21:56.6682225Z   EXCLUDED_LANGS: 
2023-08-31T00:21:56.6682516Z   EXCLUDE_FORKED_REPOS: true
2023-08-31T00:21:56.6682767Z ##[endgroup]
2023-08-31T00:21:56.6796651Z Python 3.8.17
2023-08-31T00:31:27.3428497Z A path returned 202. Retrying...
2023-08-31T00:31:27.3429457Z A path returned 202. Retrying...
2023-08-31T00:31:27.3430181Z A path returned 202. Retrying...
2023-08-31T00:31:27.3430886Z A path returned 202. Retrying...
2023-08-31T00:31:27.3431643Z A path returned 202. Retrying...
2023-08-31T00:31:27.3432336Z A path returned 202. Retrying...
2023-08-31T00:31:27.3433025Z A path returned 202. Retrying...
2023-08-31T00:31:27.3433710Z A path returned 202. Retrying...
2023-08-31T00:31:27.3434396Z A path returned 202. Retrying...
2023-08-31T00:31:27.3435080Z A path returned 202. Retrying...
2023-08-31T00:31:27.3435754Z A path returned 202. Retrying...
2023-08-31T00:31:27.3436443Z A path returned 202. Retrying...
2023-08-31T00:31:27.3437146Z A path returned 202. Retrying...
2023-08-31T00:31:27.3437841Z A path returned 202. Retrying...
2023-08-31T00:31:27.3438553Z A path returned 202. Retrying...
2023-08-31T00:31:27.3439271Z A path returned 202. Retrying...
2023-08-31T00:31:27.3439957Z A path returned 202. Retrying...
2023-08-31T00:31:27.3440640Z A path returned 202. Retrying...
2023-08-31T00:31:27.3441321Z A path returned 202. Retrying...
2023-08-31T00:31:27.3442006Z A path returned 202. Retrying...
2023-08-31T00:31:27.3442705Z A path returned 202. Retrying...
2023-08-31T00:31:27.3444093Z A path returned 202. Retrying...
2023-08-31T00:31:27.3444784Z A path returned 202. Retrying...
2023-08-31T00:31:27.3445454Z A path returned 202. Retrying...
2023-08-31T00:31:27.3446146Z A path returned 202. Retrying...
2023-08-31T00:31:27.3446832Z A path returned 202. Retrying...
2023-08-31T00:31:27.3447520Z A path returned 202. Retrying...
2023-08-31T00:31:27.3448204Z A path returned 202. Retrying...
2023-08-31T00:31:27.3448892Z A path returned 202. Retrying...
2023-08-31T00:31:27.3449579Z A path returned 202. Retrying...
2023-08-31T00:31:27.3450266Z A path returned 202. Retrying...
2023-08-31T00:31:27.3451027Z A path returned 202. Retrying...
2023-08-31T00:31:27.3451715Z A path returned 202. Retrying...
2023-08-31T00:31:27.3452397Z A path returned 202. Retrying...
2023-08-31T00:31:27.3453078Z A path returned 202. Retrying...
2023-08-31T00:31:27.3453742Z A path returned 202. Retrying...
2023-08-31T00:31:27.3454445Z A path returned 202. Retrying...
2023-08-31T00:31:27.3455156Z A path returned 202. Retrying...
2023-08-31T00:31:27.3455848Z A path returned 202. Retrying...
2023-08-31T00:31:27.3456541Z A path returned 202. Retrying...
2023-08-31T00:31:27.3457231Z A path returned 202. Retrying...
2023-08-31T00:31:27.3458223Z A path returned 202. Retrying...
2023-08-31T00:31:27.3458904Z A path returned 202. Retrying...
2023-08-31T00:31:27.3459588Z A path returned 202. Retrying...
2023-08-31T00:31:27.3460274Z A path returned 202. Retrying...
2023-08-31T00:31:27.3460956Z A path returned 202. Retrying...
2023-08-31T00:31:27.3461636Z A path returned 202. Retrying...
2023-08-31T00:31:27.3462709Z A path returned 202. Retrying...
2023-08-31T00:31:27.3463430Z A path returned 202. Retrying...
2023-08-31T00:31:27.3464128Z A path returned 202. Retrying...
2023-08-31T00:31:27.3464815Z A path returned 202. Retrying...
2023-08-31T00:31:27.3465506Z A path returned 202. Retrying...
2023-08-31T00:31:27.3466195Z A path returned 202. Retrying...
2023-08-31T00:31:27.3466879Z A path returned 202. Retrying...
2023-08-31T00:31:27.3467579Z A path returned 202. Retrying...
2023-08-31T00:31:27.3468259Z A path returned 202. Retrying...
2023-08-31T00:31:27.3468947Z A path returned 202. Retrying...
2023-08-31T00:31:27.3469642Z A path returned 202. Retrying...
2023-08-31T00:31:27.3470331Z A path returned 202. Retrying...
2023-08-31T00:31:27.3470997Z A path returned 202. Retrying...
2023-08-31T00:31:27.3471690Z A path returned 202. Retrying...
2023-08-31T00:31:27.3472387Z A path returned 202. Retrying...
2023-08-31T00:31:27.3473076Z A path returned 202. Retrying...
2023-08-31T00:31:27.3473764Z A path returned 202. Retrying...
2023-08-31T00:31:27.3474474Z A path returned 202. Retrying...
2023-08-31T00:31:27.3475164Z A path returned 202. Retrying...
2023-08-31T00:31:27.3475849Z A path returned 202. Retrying...
2023-08-31T00:31:27.3476528Z A path returned 202. Retrying...
2023-08-31T00:31:27.3477213Z A path returned 202. Retrying...
2023-08-31T00:31:27.3477896Z A path returned 202. Retrying...
2023-08-31T00:31:27.3478600Z A path returned 202. Retrying...
2023-08-31T00:31:27.3479266Z A path returned 202. Retrying...
2023-08-31T00:31:27.3479950Z A path returned 202. Retrying...
2023-08-31T00:31:27.3480641Z A path returned 202. Retrying...
2023-08-31T00:31:27.3481336Z A path returned 202. Retrying...
2023-08-31T00:31:27.3482022Z A path returned 202. Retrying...
2023-08-31T00:31:27.3482710Z A path returned 202. Retrying...
2023-08-31T00:31:27.3483397Z A path returned 202. Retrying...
2023-08-31T00:31:27.3484085Z A path returned 202. Retrying...
2023-08-31T00:31:27.3484768Z A path returned 202. Retrying...
2023-08-31T00:31:27.3485470Z A path returned 202. Retrying...
2023-08-31T00:31:27.3486148Z A path returned 202. Retrying...
2023-08-31T00:31:27.3486831Z A path returned 202. Retrying...
2023-08-31T00:31:27.3487498Z A path returned 202. Retrying...
2023-08-31T00:31:27.3488183Z A path returned 202. Retrying...
2023-08-31T00:31:27.3488878Z A path returned 202. Retrying...
2023-08-31T00:31:27.3489573Z A path returned 202. Retrying...
2023-08-31T00:31:27.3490576Z A path returned 202. Retrying...
2023-08-31T00:31:27.3491267Z A path returned 202. Retrying...
2023-08-31T00:31:27.3491953Z A path returned 202. Retrying...
2023-08-31T00:31:27.3492644Z A path returned 202. Retrying...
2023-08-31T00:31:27.3493327Z A path returned 202. Retrying...
2023-08-31T00:31:27.3494014Z A path returned 202. Retrying...
2023-08-31T00:31:27.3494697Z A path returned 202. Retrying...
2023-08-31T00:31:27.3495386Z A path returned 202. Retrying...
2023-08-31T00:31:27.3496070Z A path returned 202. Retrying...
2023-08-31T00:31:27.3496740Z A path returned 202. Retrying...
2023-08-31T00:31:27.3497758Z A path returned 202. Retrying...
2023-08-31T00:31:27.3498370Z A path returned 202. Retrying...
2023-08-31T00:31:27.3499056Z A path returned 202. Retrying...
2023-08-31T00:31:27.3499764Z A path returned 202. Retrying...
2023-08-31T00:31:27.3500461Z A path returned 202. Retrying...
2023-08-31T00:31:27.3501155Z A path returned 202. Retrying...
2023-08-31T00:31:27.3501836Z A path returned 202. Retrying...
2023-08-31T00:31:27.3502538Z A path returned 202. Retrying...
2023-08-31T00:31:27.3503220Z A path returned 202. Retrying...
2023-08-31T00:31:27.3503905Z A path returned 202. Retrying...
2023-08-31T00:31:27.3504589Z A path returned 202. Retrying...
2023-08-31T00:31:27.3505259Z A path returned 202. Retrying...
2023-08-31T00:31:27.3505952Z A path returned 202. Retrying...
2023-08-31T00:31:27.3506640Z A path returned 202. Retrying...
2023-08-31T00:31:27.3507338Z A path returned 202. Retrying...
2023-08-31T00:31:27.3508025Z A path returned 202. Retrying...
2023-08-31T00:31:27.3509004Z A path returned 202. Retrying...
2023-08-31T00:31:27.3509712Z A path returned 202. Retrying...
2023-08-31T00:31:27.3510398Z A path returned 202. Retrying...
2023-08-31T00:31:27.3511083Z A path returned 202. Retrying...
2023-08-31T00:31:27.3511762Z A path returned 202. Retrying...
2023-08-31T00:31:27.3512448Z A path returned 202. Retrying...
2023-08-31T00:31:27.3513132Z A path returned 202. Retrying...
2023-08-31T00:31:27.3513815Z A path returned 202. Retrying...
2023-08-31T00:31:27.3514519Z A path returned 202. Retrying...
2023-08-31T00:31:27.3515207Z A path returned 202. Retrying...
2023-08-31T00:31:27.3515891Z A path returned 202. Retrying...
2023-08-31T00:31:27.3516484Z A path returned 202. Retrying...
2023-08-31T00:31:27.3517181Z A path returned 202. Retrying...
2023-08-31T00:31:27.3517867Z A path returned 202. Retrying...
2023-08-31T00:31:27.3518552Z A path returned 202. Retrying...
2023-08-31T00:31:27.3519239Z A path returned 202. Retrying...
2023-08-31T00:31:27.3520163Z A path returned 202. Retrying...
2023-08-31T00:31:27.3520872Z A path returned 202. Retrying...
2023-08-31T00:31:27.3521566Z A path returned 202. Retrying...
2023-08-31T00:31:27.3522254Z A path returned 202. Retrying...
2023-08-31T00:31:27.3522785Z A path returned 202. Retrying...
2023-08-31T00:31:27.3523162Z A path returned 202. Retrying...
2023-08-31T00:31:27.3523535Z A path returned 202. Retrying...
2023-08-31T00:31:27.3523907Z A path returned 202. Retrying...
2023-08-31T00:31:27.3524291Z A path returned 202. Retrying...
2023-08-31T00:31:27.3524652Z A path returned 202. Retrying...
2023-08-31T00:31:27.3525036Z A path returned 202. Retrying...
2023-08-31T00:31:27.3525418Z A path returned 202. Retrying...
2023-08-31T00:31:27.3525794Z A path returned 202. Retrying...
2023-08-31T00:31:27.3526173Z A path returned 202. Retrying...
2023-08-31T00:31:27.3526553Z A path returned 202. Retrying...
2023-08-31T00:31:27.3526930Z A path returned 202. Retrying...
2023-08-31T00:31:27.3527307Z A path returned 202. Retrying...
2023-08-31T00:31:27.3527689Z A path returned 202. Retrying...
2023-08-31T00:31:27.3528063Z A path returned 202. Retrying...
2023-08-31T00:31:27.3528437Z A path returned 202. Retrying...
2023-08-31T00:31:27.3528810Z A path returned 202. Retrying...
2023-08-31T00:31:27.3529167Z A path returned 202. Retrying...
2023-08-31T00:31:27.3529543Z A path returned 202. Retrying...
2023-08-31T00:31:27.3529923Z A path returned 202. Retrying...
2023-08-31T00:31:27.3530466Z A path returned 202. Retrying...
2023-08-31T00:31:27.3530844Z A path returned 202. Retrying...
2023-08-31T00:31:27.3531226Z A path returned 202. Retrying...
2023-08-31T00:31:27.3531604Z A path returned 202. Retrying...
2023-08-31T00:31:27.3531997Z A path returned 202. Retrying...
2023-08-31T00:31:27.3532377Z A path returned 202. Retrying...
2023-08-31T00:31:27.3532757Z A path returned 202. Retrying...
2023-08-31T00:31:27.3533133Z A path returned 202. Retrying...
2023-08-31T00:31:27.3533505Z A path returned 202. Retrying...
2023-08-31T00:31:27.3533863Z A path returned 202. Retrying...
2023-08-31T00:31:27.3534244Z A path returned 202. Retrying...
2023-08-31T00:31:27.3534627Z A path returned 202. Retrying...
2023-08-31T00:31:27.3535019Z A path returned 202. Retrying...
2023-08-31T00:31:27.3535400Z A path returned 202. Retrying...
2023-08-31T00:31:27.3535781Z A path returned 202. Retrying...
2023-08-31T00:31:27.3536163Z A path returned 202. Retrying...
2023-08-31T00:31:27.3536620Z A path returned 202. Retrying...
2023-08-31T00:31:27.3536958Z A path returned 202. Retrying...
2023-08-31T00:31:27.3537293Z A path returned 202. Retrying...
2023-08-31T00:31:27.3537923Z A path returned 202. Retrying...
2023-08-31T00:31:27.3538781Z A path returned 202. Retrying...
2023-08-31T00:31:27.3539434Z A path returned 202. Retrying...
2023-08-31T00:31:27.3540104Z A path returned 202. Retrying...
2023-08-31T00:31:27.3540513Z A path returned 202. Retrying...
2023-08-31T00:31:27.3540783Z A path returned 202. Retrying...
2023-08-31T00:31:27.3541828Z A path returned 202. Retrying...
2023-08-31T00:31:27.3542667Z A path returned 202. Retrying...
2023-08-31T00:31:27.3543112Z A path returned 202. Retrying...
2023-08-31T00:31:27.3543507Z A path returned 202. Retrying...
2023-08-31T00:31:27.3543784Z A path returned 202. Retrying...
2023-08-31T00:31:27.3544153Z A path returned 202. Retrying...
2023-08-31T00:31:27.3544421Z A path returned 202. Retrying...
2023-08-31T00:31:27.3544821Z A path returned 202. Retrying...
2023-08-31T00:31:27.3545099Z A path returned 202. Retrying...
2023-08-31T00:31:27.3545490Z A path returned 202. Retrying...
2023-08-31T00:31:27.3545757Z A path returned 202. Retrying...
2023-08-31T00:31:27.3546156Z A path returned 202. Retrying...
2023-08-31T00:31:27.3546424Z A path returned 202. Retrying...
2023-08-31T00:31:27.3546820Z A path returned 202. Retrying...
2023-08-31T00:31:27.3547089Z A path returned 202. Retrying...
2023-08-31T00:31:27.3547713Z A path returned 202. Retrying...
2023-08-31T00:31:27.3548040Z A path returned 202. Retrying...
2023-08-31T00:31:27.3548530Z A path returned 202. Retrying...
2023-08-31T00:31:27.3548853Z A path returned 202. Retrying...
2023-08-31T00:31:27.3549343Z A path returned 202. Retrying...
2023-08-31T00:31:27.3549677Z A path returned 202. Retrying...
2023-08-31T00:31:27.3550157Z A path returned 202. Retrying...
2023-08-31T00:31:27.3550486Z A path returned 202. Retrying...
2023-08-31T00:31:27.3550966Z A path returned 202. Retrying...
2023-08-31T00:31:27.3551291Z A path returned 202. Retrying...
2023-08-31T00:31:27.3551783Z A path returned 202. Retrying...
2023-08-31T00:31:27.3552109Z A path returned 202. Retrying...
2023-08-31T00:31:27.3552595Z A path returned 202. Retrying...
2023-08-31T00:31:27.3552924Z A path returned 202. Retrying...
2023-08-31T00:31:27.3553407Z A path returned 202. Retrying...
2023-08-31T00:31:27.3553734Z A path returned 202. Retrying...
2023-08-31T00:31:27.3554221Z A path returned 202. Retrying...
2023-08-31T00:31:27.3554546Z A path returned 202. Retrying...
2023-08-31T00:31:27.3555032Z A path returned 202. Retrying...
2023-08-31T00:31:27.3555368Z A path returned 202. Retrying...
2023-08-31T00:31:27.3555844Z A path returned 202. Retrying...
2023-08-31T00:31:27.3556163Z A path returned 202. Retrying...
2023-08-31T00:31:27.3556684Z A path returned 202. Retrying...
2023-08-31T00:31:27.3557013Z A path returned 202. Retrying...
2023-08-31T00:31:27.3557505Z A path returned 202. Retrying...
2023-08-31T00:31:27.3557830Z A path returned 202. Retrying...
2023-08-31T00:31:27.3559197Z A path returned 202. Retrying...
2023-08-31T00:31:27.3559700Z A path returned 202. Retrying...
2023-08-31T00:31:27.3560270Z A path returned 202. Retrying...
2023-08-31T00:31:27.3560581Z A path returned 202. Retrying...
2023-08-31T00:31:27.3560911Z A path returned 202. Retrying...
2023-08-31T00:31:27.3561218Z A path returned 202. Retrying...
2023-08-31T00:31:27.3561521Z A path returned 202. Retrying...
2023-08-31T00:31:27.3561827Z A path returned 202. Retrying...
2023-08-31T00:31:27.3562131Z A path returned 202. Retrying...
2023-08-31T00:31:27.3562432Z A path returned 202. Retrying...
2023-08-31T00:31:27.3562742Z A path returned 202. Retrying...
2023-08-31T00:31:27.3563036Z A path returned 202. Retrying...
2023-08-31T00:31:27.3563340Z A path returned 202. Retrying...
2023-08-31T00:31:27.3563645Z A path returned 202. Retrying...
2023-08-31T00:31:27.3563945Z A path returned 202. Retrying...
2023-08-31T00:31:27.3564250Z A path returned 202. Retrying...
2023-08-31T00:31:27.3564552Z A path returned 202. Retrying...
2023-08-31T00:31:27.3564861Z A path returned 202. Retrying...
2023-08-31T00:31:27.3565149Z A path returned 202. Retrying...
2023-08-31T00:31:27.3565453Z A path returned 202. Retrying...
2023-08-31T00:31:27.3565758Z A path returned 202. Retrying...
2023-08-31T00:31:27.3566062Z A path returned 202. Retrying...
2023-08-31T00:31:27.3566371Z A path returned 202. Retrying...
2023-08-31T00:31:27.3566672Z A path returned 202. Retrying...
2023-08-31T00:31:27.3566973Z A path returned 202. Retrying...
2023-08-31T00:31:27.3567277Z A path returned 202. Retrying...
2023-08-31T00:31:27.3567830Z A path returned 202. Retrying...
2023-08-31T00:31:27.3568107Z A path returned 202. Retrying...
2023-08-31T00:31:27.3568378Z A path returned 202. Retrying...
2023-08-31T00:40:20.0462736Z A path returned 202. Retrying...
2023-08-31T00:40:20.0463570Z A path returned 202. Retrying...
2023-08-31T00:40:20.0464156Z A path returned 202. Retrying...
2023-08-31T00:40:20.0464742Z A path returned 202. Retrying...
2023-08-31T00:40:20.0465356Z A path returned 202. Retrying...
2023-08-31T00:40:20.0465932Z A path returned 202. Retrying...
2023-08-31T00:40:20.0466512Z A path returned 202. Retrying...
2023-08-31T00:40:20.0467086Z A path returned 202. Retrying...
2023-08-31T00:40:20.0467658Z A path returned 202. Retrying...
2023-08-31T00:40:20.0468236Z A path returned 202. Retrying...
2023-08-31T00:40:20.0468799Z A path returned 202. Retrying...
2023-08-31T00:40:20.0469374Z A path returned 202. Retrying...
2023-08-31T00:40:20.0469955Z A path returned 202. Retrying...
2023-08-31T00:40:20.0470530Z A path returned 202. Retrying...
2023-08-31T00:40:20.0471120Z A path returned 202. Retrying...
2023-08-31T00:40:20.0471694Z A path returned 202. Retrying...
2023-08-31T00:40:20.0472332Z A path returned 202. Retrying...
2023-08-31T00:40:20.0472891Z A path returned 202. Retrying...
2023-08-31T00:40:20.0473460Z A path returned 202. Retrying...
2023-08-31T00:40:20.0474028Z A path returned 202. Retrying...
2023-08-31T00:40:20.0474602Z A path returned 202. Retrying...
2023-08-31T00:40:20.0475184Z A path returned 202. Retrying...
2023-08-31T00:40:20.0475756Z A path returned 202. Retrying...
2023-08-31T00:40:20.0476326Z A path returned 202. Retrying...
2023-08-31T00:40:20.0476896Z A path returned 202. Retrying...
2023-08-31T00:40:20.0477449Z A path returned 202. Retrying...
2023-08-31T00:40:20.0478014Z A path returned 202. Retrying...
2023-08-31T00:40:20.0478587Z A path returned 202. Retrying...
2023-08-31T00:40:20.0479159Z A path returned 202. Retrying...
2023-08-31T00:40:20.0479730Z A path returned 202. Retrying...
2023-08-31T00:40:20.0480310Z A path returned 202. Retrying...
2023-08-31T00:40:20.0480884Z A path returned 202. Retrying...
2023-08-31T00:40:20.0481454Z A path returned 202. Retrying...
2023-08-31T00:40:20.0482005Z A path returned 202. Retrying...
2023-08-31T00:40:20.0482577Z A path returned 202. Retrying...
2023-08-31T00:40:20.0483150Z A path returned 202. Retrying...
2023-08-31T00:40:20.0483727Z A path returned 202. Retrying...
2023-08-31T00:40:20.0484944Z A path returned 202. Retrying...
2023-08-31T00:40:20.0485514Z A path returned 202. Retrying...
2023-08-31T00:40:20.0486081Z A path returned 202. Retrying...
2023-08-31T00:40:20.0486633Z A path returned 202. Retrying...
2023-08-31T00:40:20.0487201Z A path returned 202. Retrying...
2023-08-31T00:40:20.0487766Z A path returned 202. Retrying...
2023-08-31T00:40:20.0488339Z A path returned 202. Retrying...
2023-08-31T00:40:20.0488908Z A path returned 202. Retrying...
2023-08-31T00:40:20.0489479Z A path returned 202. Retrying...
2023-08-31T00:40:20.0490048Z A path returned 202. Retrying...
2023-08-31T00:40:20.0490630Z A path returned 202. Retrying...
2023-08-31T00:40:20.0491183Z A path returned 202. Retrying...
2023-08-31T00:40:20.0491748Z A path returned 202. Retrying...
2023-08-31T00:40:20.0492320Z A path returned 202. Retrying...
2023-08-31T00:40:20.0493010Z A path returned 202. Retrying...
2023-08-31T00:40:20.0493340Z A path returned 202. Retrying...
2023-08-31T00:40:20.0493674Z A path returned 202. Retrying...
2023-08-31T00:40:20.0494013Z A path returned 202. Retrying...
2023-08-31T00:40:20.0494343Z A path returned 202. Retrying...
2023-08-31T00:40:20.0494660Z A path returned 202. Retrying...
2023-08-31T00:40:20.0494990Z A path returned 202. Retrying...
2023-08-31T00:40:20.0495318Z A path returned 202. Retrying...
2023-08-31T00:40:20.0495656Z A path returned 202. Retrying...
2023-08-31T00:40:20.0495985Z A path returned 202. Retrying...
2023-08-31T00:40:20.0496315Z A path returned 202. Retrying...
2023-08-31T00:40:20.0496644Z A path returned 202. Retrying...
2023-08-31T00:40:20.0497135Z A path returned 202. Retrying...
2023-08-31T00:40:20.0497629Z A path returned 202. Retrying...
2023-08-31T00:40:20.0497960Z A path returned 202. Retrying...
2023-08-31T00:40:20.0498295Z A path returned 202. Retrying...
2023-08-31T00:40:20.0498625Z A path returned 202. Retrying...
2023-08-31T00:40:20.0498959Z A path returned 202. Retrying...
2023-08-31T00:40:20.0499293Z A path returned 202. Retrying...
2023-08-31T00:40:20.0499634Z A path returned 202. Retrying...
2023-08-31T00:40:20.0500055Z A path returned 202. Retrying...
2023-08-31T00:40:20.0500361Z A path returned 202. Retrying...
2023-08-31T00:40:20.0500671Z A path returned 202. Retrying...
2023-08-31T00:40:20.0500979Z A path returned 202. Retrying...
2023-08-31T00:40:20.0501491Z A path returned 202. Retrying...
2023-08-31T00:40:20.0501731Z A path returned 202. Retrying...
2023-08-31T00:40:20.0501974Z A path returned 202. Retrying...
2023-08-31T00:40:20.0502214Z A path returned 202. Retrying...
2023-08-31T00:40:20.0502439Z A path returned 202. Retrying...
2023-08-31T00:40:20.0502681Z A path returned 202. Retrying...
2023-08-31T00:40:20.0502921Z A path returned 202. Retrying...
2023-08-31T00:40:20.0503162Z A path returned 202. Retrying...
2023-08-31T00:40:20.0503401Z A path returned 202. Retrying...
2023-08-31T00:40:20.0503640Z A path returned 202. Retrying...
2023-08-31T00:40:20.0503877Z A path returned 202. Retrying...
2023-08-31T00:40:20.0504101Z A path returned 202. Retrying...
2023-08-31T00:40:20.0504349Z A path returned 202. Retrying...
2023-08-31T00:40:20.0504587Z A path returned 202. Retrying...
2023-08-31T00:40:20.0504826Z A path returned 202. Retrying...
2023-08-31T00:40:20.0505063Z A path returned 202. Retrying...
2023-08-31T00:40:20.0505304Z A path returned 202. Retrying...
2023-08-31T00:40:20.0505540Z A path returned 202. Retrying...
2023-08-31T00:40:20.0505783Z A path returned 202. Retrying...
2023-08-31T00:40:20.0506010Z A path returned 202. Retrying...
2023-08-31T00:40:20.0506252Z A path returned 202. Retrying...
2023-08-31T00:40:20.0506495Z A path returned 202. Retrying...
2023-08-31T00:40:20.0506734Z A path returned 202. Retrying...
2023-08-31T00:40:20.0506974Z A path returned 202. Retrying...
2023-08-31T00:40:20.0507212Z A path returned 202. Retrying...
2023-08-31T00:40:20.0507452Z A path returned 202. Retrying...
2023-08-31T00:40:20.0507692Z A path returned 202. Retrying...
2023-08-31T00:40:20.0507916Z A path returned 202. Retrying...
2023-08-31T00:40:20.0508278Z A path returned 202. Retrying...
2023-08-31T00:40:20.0508517Z A path returned 202. Retrying...
2023-08-31T00:40:20.0508756Z A path returned 202. Retrying...
2023-08-31T00:40:20.0508996Z A path returned 202. Retrying...
2023-08-31T00:40:20.0509235Z A path returned 202. Retrying...
2023-08-31T00:40:20.0509475Z A path returned 202. Retrying...
2023-08-31T00:40:20.0509700Z A path returned 202. Retrying...
2023-08-31T00:40:20.0509940Z A path returned 202. Retrying...
2023-08-31T00:40:20.0510177Z A path returned 202. Retrying...
2023-08-31T00:40:20.0510418Z A path returned 202. Retrying...
2023-08-31T00:40:20.0510661Z A path returned 202. Retrying...
2023-08-31T00:40:20.0510899Z A path returned 202. Retrying...
2023-08-31T00:40:20.0511137Z A path returned 202. Retrying...
2023-08-31T00:40:20.0511376Z A path returned 202. Retrying...
2023-08-31T00:40:20.0511603Z A path returned 202. Retrying...
2023-08-31T00:40:20.0511841Z A path returned 202. Retrying...
2023-08-31T00:40:20.0512080Z A path returned 202. Retrying...
2023-08-31T00:40:20.0512323Z A path returned 202. Retrying...
2023-08-31T00:40:20.0512563Z A path returned 202. Retrying...
2023-08-31T00:40:20.0512804Z A path returned 202. Retrying...
2023-08-31T00:40:20.0513042Z A path returned 202. Retrying...
2023-08-31T00:40:20.0513318Z A path returned 202. Retrying...
2023-08-31T00:40:20.0513557Z A path returned 202. Retrying...
2023-08-31T00:40:20.0513796Z A path returned 202. Retrying...
2023-08-31T00:40:20.0514020Z A path returned 202. Retrying...
2023-08-31T00:40:20.0514260Z A path returned 202. Retrying...
2023-08-31T00:40:20.0514610Z A path returned 202. Retrying...
2023-08-31T00:40:20.0514852Z A path returned 202. Retrying...
2023-08-31T00:40:20.0515091Z A path returned 202. Retrying...
2023-08-31T00:40:20.0515331Z A path returned 202. Retrying...
2023-08-31T00:40:20.0515571Z A path returned 202. Retrying...
2023-08-31T00:40:20.0515814Z A path returned 202. Retrying...
2023-08-31T00:40:20.0516036Z A path returned 202. Retrying...
2023-08-31T00:40:20.0516278Z A path returned 202. Retrying...
2023-08-31T00:40:20.0516518Z A path returned 202. Retrying...
2023-08-31T00:40:20.0516759Z A path returned 202. Retrying...
2023-08-31T00:40:20.0516997Z A path returned 202. Retrying...
2023-08-31T00:40:20.0517236Z A path returned 202. Retrying...
2023-08-31T00:40:20.0517476Z A path returned 202. Retrying...
2023-08-31T00:40:20.0517703Z A path returned 202. Retrying...
2023-08-31T00:40:20.0517942Z A path returned 202. Retrying...
2023-08-31T00:40:20.0518179Z A path returned 202. Retrying...
2023-08-31T00:40:20.0518419Z A path returned 202. Retrying...
2023-08-31T00:40:20.0518662Z A path returned 202. Retrying...
2023-08-31T00:40:20.0518903Z A path returned 202. Retrying...
2023-08-31T00:40:20.0519140Z A path returned 202. Retrying...
2023-08-31T00:40:20.0519382Z A path returned 202. Retrying...
2023-08-31T00:40:20.0519607Z A path returned 202. Retrying...
2023-08-31T00:40:20.0519845Z A path returned 202. Retrying...
2023-08-31T00:40:20.0520082Z A path returned 202. Retrying...
2023-08-31T00:40:20.0520327Z A path returned 202. Retrying...
2023-08-31T00:40:20.0520566Z A path returned 202. Retrying...
2023-08-31T00:40:20.0520804Z A path returned 202. Retrying...
2023-08-31T00:40:20.0521045Z A path returned 202. Retrying...
2023-08-31T00:40:20.0521284Z A path returned 202. Retrying...
2023-08-31T00:40:20.0521509Z A path returned 202. Retrying...
2023-08-31T00:40:20.0521745Z A path returned 202. Retrying...
2023-08-31T00:40:20.0521987Z A path returned 202. Retrying...
2023-08-31T00:40:20.0522226Z A path returned 202. Retrying...
2023-08-31T00:40:20.0522470Z A path returned 202. Retrying...
2023-08-31T00:40:20.0522712Z A path returned 202. Retrying...
2023-08-31T00:40:20.0522950Z A path returned 202. Retrying...
2023-08-31T00:40:20.0523175Z A path returned 202. Retrying...
2023-08-31T00:40:20.0523413Z A path returned 202. Retrying...
2023-08-31T00:40:20.0523649Z A path returned 202. Retrying...
2023-08-31T00:40:20.0523887Z A path returned 202. Retrying...
2023-08-31T00:40:20.0524233Z A path returned 202. Retrying...
2023-08-31T00:40:20.0524475Z A path returned 202. Retrying...
2023-08-31T00:40:20.0524713Z A path returned 202. Retrying...
2023-08-31T00:40:20.0524952Z A path returned 202. Retrying...
2023-08-31T00:40:20.0525177Z A path returned 202. Retrying...
2023-08-31T00:40:20.0525416Z A path returned 202. Retrying...
2023-08-31T00:40:20.0525654Z A path returned 202. Retrying...
2023-08-31T00:40:20.0525894Z A path returned 202. Retrying...
2023-08-31T00:40:20.0526133Z A path returned 202. Retrying...
2023-08-31T00:40:20.0526374Z A path returned 202. Retrying...
2023-08-31T00:40:20.0526617Z A path returned 202. Retrying...
2023-08-31T00:40:20.0526856Z A path returned 202. Retrying...
2023-08-31T00:40:20.0527081Z A path returned 202. Retrying...
2023-08-31T00:40:20.0527320Z A path returned 202. Retrying...
2023-08-31T00:40:20.0527728Z A path returned 202. Retrying...
2023-08-31T00:40:20.0528004Z A path returned 202. Retrying...
2023-08-31T00:40:20.0528277Z A path returned 202. Retrying...
2023-08-31T00:40:20.0528552Z A path returned 202. Retrying...
2023-08-31T00:40:20.0528826Z A path returned 202. Retrying...
2023-08-31T00:40:20.0529098Z A path returned 202. Retrying...
2023-08-31T00:40:20.0529357Z A path returned 202. Retrying...
2023-08-31T00:40:20.0529627Z A path returned 202. Retrying...
2023-08-31T00:40:20.0529903Z A path returned 202. Retrying...
2023-08-31T00:40:20.0530175Z A path returned 202. Retrying...
2023-08-31T00:40:20.0530451Z A path returned 202. Retrying...
2023-08-31T00:40:20.0530726Z A path returned 202. Retrying...
2023-08-31T00:40:20.0531102Z A path returned 202. Retrying...
2023-08-31T00:40:20.0531362Z A path returned 202. Retrying...
2023-08-31T00:40:20.0531634Z A path returned 202. Retrying...
2023-08-31T00:40:20.0531909Z A path returned 202. Retrying...
2023-08-31T00:40:20.0532184Z A path returned 202. Retrying...
2023-08-31T00:40:20.0532456Z A path returned 202. Retrying...
2023-08-31T00:40:20.0532725Z A path returned 202. Retrying...
2023-08-31T00:40:20.0533003Z A path returned 202. Retrying...
2023-08-31T00:40:20.0533276Z A path returned 202. Retrying...
2023-08-31T00:40:20.0533535Z A path returned 202. Retrying...
2023-08-31T00:40:20.0533806Z A path returned 202. Retrying...
2023-08-31T00:40:20.0534081Z A path returned 202. Retrying...
2023-08-31T00:40:20.0534353Z A path returned 202. Retrying...
2023-08-31T00:40:20.0534627Z A path returned 202. Retrying...
2023-08-31T00:40:20.0534902Z A path returned 202. Retrying...
2023-08-31T00:40:20.0535174Z A path returned 202. Retrying...
2023-08-31T00:40:20.0535447Z A path returned 202. Retrying...
2023-08-31T00:40:20.0535709Z A path returned 202. Retrying...
2023-08-31T00:40:20.0535981Z A path returned 202. Retrying...
2023-08-31T00:40:20.0536254Z A path returned 202. Retrying...
2023-08-31T00:40:20.0536525Z A path returned 202. Retrying...
2023-08-31T00:40:20.0536799Z A path returned 202. Retrying...
2023-08-31T00:40:20.0537073Z A path returned 202. Retrying...
2023-08-31T00:40:20.0537348Z A path returned 202. Retrying...
2023-08-31T00:40:20.0537696Z A path returned 202. Retrying...
2023-08-31T00:40:20.0537967Z A path returned 202. Retrying...
2023-08-31T00:40:20.0538237Z A path returned 202. Retrying...
2023-08-31T00:40:20.0538510Z A path returned 202. Retrying...
2023-08-31T00:40:20.0538782Z A path returned 202. Retrying...
2023-08-31T00:40:20.0539054Z A path returned 202. Retrying...
2023-08-31T00:40:20.0539327Z A path returned 202. Retrying...
2023-08-31T00:40:20.0539601Z A path returned 202. Retrying...
2023-08-31T00:40:20.0539859Z A path returned 202. Retrying...
2023-08-31T00:40:20.0540134Z A path returned 202. Retrying...
2023-08-31T00:40:20.0540516Z A path returned 202. Retrying...
2023-08-31T00:40:20.0540760Z A path returned 202. Retrying...
2023-08-31T00:40:20.0540998Z A path returned 202. Retrying...
2023-08-31T00:40:20.0541235Z A path returned 202. Retrying...
2023-08-31T00:40:20.0541475Z A path returned 202. Retrying...
2023-08-31T00:40:20.0541716Z A path returned 202. Retrying...
2023-08-31T00:40:20.0542090Z A path returned 202. Retrying...
2023-08-31T00:40:20.0542326Z A path returned 202. Retrying...
2023-08-31T00:40:20.0542566Z A path returned 202. Retrying...
2023-08-31T00:40:20.0542804Z A path returned 202. Retrying...
2023-08-31T00:40:20.0543044Z A path returned 202. Retrying...
2023-08-31T00:40:20.0543282Z A path returned 202. Retrying...
2023-08-31T00:40:20.0543522Z A path returned 202. Retrying...
2023-08-31T00:40:20.0543749Z A path returned 202. Retrying...
2023-08-31T00:40:20.0543987Z A path returned 202. Retrying...
2023-08-31T00:40:20.0544228Z A path returned 202. Retrying...
2023-08-31T00:40:20.0544472Z A path returned 202. Retrying...
2023-08-31T00:40:20.0544712Z A path returned 202. Retrying...
2023-08-31T00:40:20.0544950Z A path returned 202. Retrying...
2023-08-31T00:49:16.6271550Z A path returned 202. Retrying...
2023-08-31T00:49:16.6272097Z A path returned 202. Retrying...
2023-08-31T00:49:16.6272570Z A path returned 202. Retrying...
2023-08-31T00:49:16.6273033Z A path returned 202. Retrying...
2023-08-31T00:49:16.6273522Z A path returned 202. Retrying...
2023-08-31T00:49:16.6273975Z A path returned 202. Retrying...
2023-08-31T00:49:16.6274421Z A path returned 202. Retrying...
2023-08-31T00:49:16.6274857Z A path returned 202. Retrying...
2023-08-31T00:49:16.6275302Z A path returned 202. Retrying...
2023-08-31T00:49:16.6275756Z A path returned 202. Retrying...
2023-08-31T00:49:16.6276205Z A path returned 202. Retrying...
2023-08-31T00:49:16.6276651Z A path returned 202. Retrying...
2023-08-31T00:49:16.6277106Z A path returned 202. Retrying...
2023-08-31T00:49:16.6277556Z A path returned 202. Retrying...
2023-08-31T00:49:16.6278525Z A path returned 202. Retrying...
2023-08-31T00:49:16.6279050Z A path returned 202. Retrying...
2023-08-31T00:49:16.6279627Z A path returned 202. Retrying...
2023-08-31T00:49:16.6280078Z A path returned 202. Retrying...
2023-08-31T00:49:16.6280526Z A path returned 202. Retrying...
2023-08-31T00:49:16.6280975Z A path returned 202. Retrying...
2023-08-31T00:49:16.6281434Z A path returned 202. Retrying...
2023-08-31T00:49:16.6281883Z A path returned 202. Retrying...
2023-08-31T00:49:16.6282482Z A path returned 202. Retrying...
2023-08-31T00:49:16.6282929Z A path returned 202. Retrying...
2023-08-31T00:49:16.6283373Z A path returned 202. Retrying...
2023-08-31T00:49:16.6283819Z A path returned 202. Retrying...
2023-08-31T00:49:16.6284253Z A path returned 202. Retrying...
2023-08-31T00:49:16.6284701Z A path returned 202. Retrying...
2023-08-31T00:49:16.6285147Z A path returned 202. Retrying...
2023-08-31T00:49:16.6285594Z A path returned 202. Retrying...
2023-08-31T00:49:16.6286048Z A path returned 202. Retrying...
2023-08-31T00:49:16.6286494Z A path returned 202. Retrying...
2023-08-31T00:49:16.6286936Z A path returned 202. Retrying...
2023-08-31T00:49:16.6287382Z A path returned 202. Retrying...
2023-08-31T00:49:16.6287809Z A path returned 202. Retrying...
2023-08-31T00:49:16.6288253Z A path returned 202. Retrying...
2023-08-31T00:49:16.6288699Z A path returned 202. Retrying...
2023-08-31T00:49:16.6289153Z A path returned 202. Retrying...
2023-08-31T00:49:16.6289601Z A path returned 202. Retrying...
2023-08-31T00:49:16.6290046Z A path returned 202. Retrying...
2023-08-31T00:49:16.6290494Z A path returned 202. Retrying...
2023-08-31T00:49:16.6290939Z A path returned 202. Retrying...
2023-08-31T00:49:16.6291367Z A path returned 202. Retrying...
2023-08-31T00:49:16.6291809Z A path returned 202. Retrying...
2023-08-31T00:49:16.6292256Z A path returned 202. Retrying...
2023-08-31T00:49:16.6292702Z A path returned 202. Retrying...
2023-08-31T00:49:16.6293145Z A path returned 202. Retrying...
2023-08-31T00:49:16.6293638Z A path returned 202. Retrying...
2023-08-31T00:49:16.6294082Z A path returned 202. Retrying...
2023-08-31T00:49:16.6294510Z A path returned 202. Retrying...
2023-08-31T00:49:16.6294959Z A path returned 202. Retrying...
2023-08-31T00:49:16.6296924Z A path returned 202. Retrying...
2023-08-31T00:49:16.6297907Z A path returned 202. Retrying...
2023-08-31T00:49:16.6299130Z A path returned 202. Retrying...
2023-08-31T00:49:16.6299713Z A path returned 202. Retrying...
2023-08-31T00:49:16.6300293Z A path returned 202. Retrying...
2023-08-31T00:49:16.6300869Z A path returned 202. Retrying...
2023-08-31T00:49:16.6301423Z A path returned 202. Retrying...
2023-08-31T00:49:16.6301985Z A path returned 202. Retrying...
2023-08-31T00:49:16.6302563Z A path returned 202. Retrying...
2023-08-31T00:49:16.6303136Z A path returned 202. Retrying...
2023-08-31T00:49:16.6303707Z A path returned 202. Retrying...
2023-08-31T00:49:16.6304271Z A path returned 202. Retrying...
2023-08-31T00:49:16.6304857Z A path returned 202. Retrying...
2023-08-31T00:49:16.6305429Z A path returned 202. Retrying...
2023-08-31T00:49:16.6305976Z A path returned 202. Retrying...
2023-08-31T00:49:16.6306536Z A path returned 202. Retrying...
2023-08-31T00:49:16.6307107Z A path returned 202. Retrying...
2023-08-31T00:49:16.6307675Z A path returned 202. Retrying...
2023-08-31T00:49:16.6308246Z A path returned 202. Retrying...
2023-08-31T00:49:16.6308819Z A path returned 202. Retrying...
2023-08-31T00:49:16.6309385Z A path returned 202. Retrying...
2023-08-31T00:49:16.6309933Z A path returned 202. Retrying...
2023-08-31T00:49:16.6310501Z A path returned 202. Retrying...
2023-08-31T00:49:16.6311064Z A path returned 202. Retrying...
2023-08-31T00:49:16.6311629Z A path returned 202. Retrying...
2023-08-31T00:49:16.6312193Z A path returned 202. Retrying...
2023-08-31T00:49:16.6312760Z A path returned 202. Retrying...
2023-08-31T00:49:16.6313325Z A path returned 202. Retrying...
2023-08-31T00:49:16.6313886Z A path returned 202. Retrying...
2023-08-31T00:49:16.6314660Z A path returned 202. Retrying...
2023-08-31T00:49:16.6315230Z A path returned 202. Retrying...
2023-08-31T00:49:16.6315796Z A path returned 202. Retrying...
2023-08-31T00:49:16.6316362Z A path returned 202. Retrying...
2023-08-31T00:49:16.6316928Z A path returned 202. Retrying...
2023-08-31T00:49:16.6317492Z A path returned 202. Retrying...
2023-08-31T00:49:16.6318072Z A path returned 202. Retrying...
2023-08-31T00:49:16.6318644Z A path returned 202. Retrying...
2023-08-31T00:49:16.6319189Z A path returned 202. Retrying...
2023-08-31T00:49:16.6319754Z A path returned 202. Retrying...
2023-08-31T00:49:16.6320325Z A path returned 202. Retrying...
2023-08-31T00:49:16.6320891Z A path returned 202. Retrying...
2023-08-31T00:49:16.6321458Z A path returned 202. Retrying...
2023-08-31T00:49:16.6322020Z A path returned 202. Retrying...
2023-08-31T00:49:16.6322583Z A path returned 202. Retrying...
2023-08-31T00:49:16.6323129Z A path returned 202. Retrying...
2023-08-31T00:49:16.6323707Z A path returned 202. Retrying...
2023-08-31T00:49:16.6324270Z A path returned 202. Retrying...
2023-08-31T00:49:16.6324831Z A path returned 202. Retrying...
2023-08-31T00:49:16.6325394Z A path returned 202. Retrying...
2023-08-31T00:49:16.6325957Z A path returned 202. Retrying...
2023-08-31T00:49:16.6326520Z A path returned 202. Retrying...
2023-08-31T00:49:16.6327092Z A path returned 202. Retrying...
2023-08-31T00:49:16.6327353Z A path returned 202. Retrying...
2023-08-31T00:49:16.6327619Z A path returned 202. Retrying...
2023-08-31T00:49:16.6327886Z A path returned 202. Retrying...
2023-08-31T00:49:16.6328157Z A path returned 202. Retrying...
2023-08-31T00:49:16.6328426Z A path returned 202. Retrying...
2023-08-31T00:49:16.6328693Z A path returned 202. Retrying...
2023-08-31T00:49:16.6329005Z A path returned 202. Retrying...
2023-08-31T00:49:16.6329272Z A path returned 202. Retrying...
2023-08-31T00:49:16.6329526Z A path returned 202. Retrying...
2023-08-31T00:49:16.6329796Z A path returned 202. Retrying...
2023-08-31T00:49:16.6330069Z A path returned 202. Retrying...
2023-08-31T00:49:16.6330336Z A path returned 202. Retrying...
2023-08-31T00:49:16.6330603Z A path returned 202. Retrying...
2023-08-31T00:49:16.6330870Z A path returned 202. Retrying...
2023-08-31T00:49:16.6331138Z A path returned 202. Retrying...
2023-08-31T00:49:16.6331393Z A path returned 202. Retrying...
2023-08-31T00:49:16.6331661Z A path returned 202. Retrying...
2023-08-31T00:49:16.6332058Z A path returned 202. Retrying...
2023-08-31T00:49:16.6332329Z A path returned 202. Retrying...
2023-08-31T00:49:16.6332598Z A path returned 202. Retrying...
2023-08-31T00:49:16.6332868Z A path returned 202. Retrying...
2023-08-31T00:49:16.6333138Z A path returned 202. Retrying...
2023-08-31T00:49:16.6333407Z A path returned 202. Retrying...
2023-08-31T00:49:16.6333661Z A path returned 202. Retrying...
2023-08-31T00:49:16.6333934Z A path returned 202. Retrying...
2023-08-31T00:49:16.6334203Z A path returned 202. Retrying...
2023-08-31T00:49:16.6334480Z A path returned 202. Retrying...
2023-08-31T00:49:16.6334748Z A path returned 202. Retrying...
2023-08-31T00:49:16.6335016Z A path returned 202. Retrying...
2023-08-31T00:49:16.6335283Z A path returned 202. Retrying...
2023-08-31T00:49:16.6335735Z A path returned 202. Retrying...
2023-08-31T00:49:16.6336212Z A path returned 202. Retrying...
2023-08-31T00:49:16.6336537Z A path returned 202. Retrying...
2023-08-31T00:49:16.6336871Z A path returned 202. Retrying...
2023-08-31T00:49:16.6337203Z A path returned 202. Retrying...
2023-08-31T00:49:16.6337657Z A path returned 202. Retrying...
2023-08-31T00:49:16.6337991Z A path returned 202. Retrying...
2023-08-31T00:49:16.6338318Z A path returned 202. Retrying...
2023-08-31T00:49:16.6338631Z A path returned 202. Retrying...
2023-08-31T00:49:16.6338959Z A path returned 202. Retrying...
2023-08-31T00:49:16.6339288Z A path returned 202. Retrying...
2023-08-31T00:49:16.6339615Z A path returned 202. Retrying...
2023-08-31T00:49:16.6339941Z A path returned 202. Retrying...
2023-08-31T00:49:16.6340415Z A path returned 202. Retrying...
2023-08-31T00:49:16.6340745Z A path returned 202. Retrying...
2023-08-31T00:49:16.6341073Z A path returned 202. Retrying...
2023-08-31T00:49:16.6341387Z A path returned 202. Retrying...
2023-08-31T00:49:16.6341714Z A path returned 202. Retrying...
2023-08-31T00:49:16.6342044Z A path returned 202. Retrying...
2023-08-31T00:49:16.6342371Z A path returned 202. Retrying...
2023-08-31T00:49:16.6342706Z A path returned 202. Retrying...
2023-08-31T00:49:16.6343034Z A path returned 202. Retrying...
2023-08-31T00:49:16.6343365Z A path returned 202. Retrying...
2023-08-31T00:49:16.6343691Z A path returned 202. Retrying...
2023-08-31T00:49:16.6344008Z A path returned 202. Retrying...
2023-08-31T00:49:16.6344330Z A path returned 202. Retrying...
2023-08-31T00:49:16.6344658Z A path returned 202. Retrying...
2023-08-31T00:49:16.6344985Z A path returned 202. Retrying...
2023-08-31T00:49:16.6345315Z A path returned 202. Retrying...
2023-08-31T00:49:16.6345643Z A path returned 202. Retrying...
2023-08-31T00:49:16.6345970Z A path returned 202. Retrying...
2023-08-31T00:49:16.6346294Z A path returned 202. Retrying...
2023-08-31T00:49:16.6346607Z A path returned 202. Retrying...
2023-08-31T00:49:16.6346934Z A path returned 202. Retrying...
2023-08-31T00:49:16.6347262Z A path returned 202. Retrying...
2023-08-31T00:49:16.6347784Z A path returned 202. Retrying...
2023-08-31T00:49:16.6348058Z A path returned 202. Retrying...
2023-08-31T00:49:16.6348326Z A path returned 202. Retrying...
2023-08-31T00:49:16.6348597Z A path returned 202. Retrying...
2023-08-31T00:49:16.6348852Z A path returned 202. Retrying...
2023-08-31T00:49:16.6349121Z A path returned 202. Retrying...
2023-08-31T00:49:16.6349388Z A path returned 202. Retrying...
2023-08-31T00:49:16.6349656Z A path returned 202. Retrying...
2023-08-31T00:49:16.6349926Z A path returned 202. Retrying...
2023-08-31T00:49:16.6350195Z A path returned 202. Retrying...
2023-08-31T00:49:16.6350461Z A path returned 202. Retrying...
2023-08-31T00:49:16.6350732Z A path returned 202. Retrying...
2023-08-31T00:49:16.6351346Z A path returned 202. Retrying...
2023-08-31T00:49:16.6351672Z A path returned 202. Retrying...
2023-08-31T00:49:16.6352000Z A path returned 202. Retrying...
2023-08-31T00:49:16.6352326Z A path returned 202. Retrying...
2023-08-31T00:49:16.6352652Z A path returned 202. Retrying...
2023-08-31T00:49:16.6352978Z A path returned 202. Retrying...
2023-08-31T00:49:16.6353433Z A path returned 202. Retrying...
2023-08-31T00:49:16.6353760Z A path returned 202. Retrying...
2023-08-31T00:49:16.6354074Z A path returned 202. Retrying...
2023-08-31T00:49:16.6354399Z A path returned 202. Retrying...
2023-08-31T00:49:16.6354724Z A path returned 202. Retrying...
2023-08-31T00:49:16.6355052Z A path returned 202. Retrying...
2023-08-31T00:49:16.6355379Z A path returned 202. Retrying...
2023-08-31T00:49:16.6355708Z A path returned 202. Retrying...
2023-08-31T00:49:16.6356038Z A path returned 202. Retrying...
2023-08-31T00:49:16.6356355Z A path returned 202. Retrying...
2023-08-31T00:49:16.6356682Z A path returned 202. Retrying...
2023-08-31T00:49:16.6357009Z A path returned 202. Retrying...
2023-08-31T00:49:16.6357336Z A path returned 202. Retrying...
2023-08-31T00:49:16.6357660Z A path returned 202. Retrying...
2023-08-31T00:49:16.6357990Z A path returned 202. Retrying...
2023-08-31T00:49:16.6358319Z A path returned 202. Retrying...
2023-08-31T00:49:16.6358652Z A path returned 202. Retrying...
2023-08-31T00:49:16.6358964Z A path returned 202. Retrying...
2023-08-31T00:49:16.6359287Z A path returned 202. Retrying...
2023-08-31T00:49:16.6359615Z A path returned 202. Retrying...
2023-08-31T00:49:16.6359938Z A path returned 202. Retrying...
2023-08-31T00:49:16.6360264Z A path returned 202. Retrying...
2023-08-31T00:49:16.6360589Z A path returned 202. Retrying...
2023-08-31T00:49:16.6360914Z A path returned 202. Retrying...
2023-08-31T00:49:16.6361241Z A path returned 202. Retrying...
2023-08-31T00:49:16.6361556Z A path returned 202. Retrying...
2023-08-31T00:49:16.6361985Z A path returned 202. Retrying...
2023-08-31T00:49:16.6362317Z A path returned 202. Retrying...
2023-08-31T00:49:16.6362644Z A path returned 202. Retrying...
2023-08-31T00:49:16.6362973Z A path returned 202. Retrying...
2023-08-31T00:49:16.6363392Z A path returned 202. Retrying...
2023-08-31T00:49:16.6363698Z A path returned 202. Retrying...
2023-08-31T00:49:16.6363987Z A path returned 202. Retrying...
2023-08-31T00:49:16.6364296Z A path returned 202. Retrying...
2023-08-31T00:49:16.6364600Z A path returned 202. Retrying...
2023-08-31T00:49:16.6364906Z A path returned 202. Retrying...
2023-08-31T00:49:16.6365211Z A path returned 202. Retrying...
2023-08-31T00:49:16.6365517Z A path returned 202. Retrying...
2023-08-31T00:49:16.6365821Z A path returned 202. Retrying...
2023-08-31T00:49:16.6366131Z A path returned 202. Retrying...
2023-08-31T00:49:16.6366418Z A path returned 202. Retrying...
2023-08-31T00:49:16.6366720Z A path returned 202. Retrying...
2023-08-31T00:49:16.6367032Z A path returned 202. Retrying...
2023-08-31T00:49:16.6367339Z A path returned 202. Retrying...
2023-08-31T00:49:16.6367646Z A path returned 202. Retrying...
2023-08-31T00:49:16.6367948Z A path returned 202. Retrying...
2023-08-31T00:49:16.6368250Z A path returned 202. Retrying...
2023-08-31T00:49:16.6368554Z A path returned 202. Retrying...
2023-08-31T00:49:16.6368846Z A path returned 202. Retrying...
2023-08-31T00:49:16.6369157Z A path returned 202. Retrying...
2023-08-31T00:49:16.6369462Z A path returned 202. Retrying...
2023-08-31T00:49:16.6369766Z A path returned 202. Retrying...
2023-08-31T00:49:16.6370183Z A path returned 202. Retrying...
2023-08-31T00:49:16.6370452Z A path returned 202. Retrying...
2023-08-31T00:49:16.6370815Z A path returned 202. Retrying...
2023-08-31T00:49:16.6371037Z A path returned 202. Retrying...
2023-08-31T00:49:16.6371273Z A path returned 202. Retrying...
2023-08-31T00:49:16.6371504Z A path returned 202. Retrying...
2023-08-31T00:49:16.6371739Z A path returned 202. Retrying...
2023-08-31T00:49:16.6371976Z A path returned 202. Retrying...
2023-08-31T00:49:16.6372212Z A path returned 202. Retrying...
2023-08-31T00:49:16.6372445Z A path returned 202. Retrying...
2023-08-31T00:58:13.6080186Z A path returned 202. Retrying...
2023-08-31T00:58:13.6080911Z A path returned 202. Retrying...
2023-08-31T00:58:13.6081502Z A path returned 202. Retrying...
2023-08-31T00:58:13.6100364Z A path returned 202. Retrying...
2023-08-31T00:58:13.6104149Z A path returned 202. Retrying...
2023-08-31T00:58:13.6104545Z A path returned 202. Retrying...
2023-08-31T00:58:13.6104874Z A path returned 202. Retrying...
2023-08-31T00:58:13.6105435Z A path returned 202. Retrying...
2023-08-31T00:58:13.6105770Z A path returned 202. Retrying...
2023-08-31T00:58:13.6106106Z A path returned 202. Retrying...
2023-08-31T00:58:13.6106439Z A path returned 202. Retrying...
2023-08-31T00:58:13.6106872Z A path returned 202. Retrying...
2023-08-31T00:58:13.6107201Z A path returned 202. Retrying...
2023-08-31T00:58:13.6107657Z A path returned 202. Retrying...
2023-08-31T00:58:13.6107979Z A path returned 202. Retrying...
2023-08-31T00:58:13.6108309Z A path returned 202. Retrying...
2023-08-31T00:58:13.6108637Z A path returned 202. Retrying...
2023-08-31T00:58:13.6108969Z A path returned 202. Retrying...
2023-08-31T00:58:13.6109301Z A path returned 202. Retrying...
2023-08-31T00:58:13.6109628Z A path returned 202. Retrying...
2023-08-31T00:58:13.6109967Z A path returned 202. Retrying...
2023-08-31T00:58:13.6110282Z A path returned 202. Retrying...
2023-08-31T00:58:13.6110611Z A path returned 202. Retrying...
2023-08-31T00:58:13.6110938Z A path returned 202. Retrying...
2023-08-31T00:58:13.6111267Z A path returned 202. Retrying...
2023-08-31T00:58:13.6111595Z A path returned 202. Retrying...
2023-08-31T00:58:13.6111922Z A path returned 202. Retrying...
2023-08-31T00:58:13.6112246Z A path returned 202. Retrying...
2023-08-31T00:58:13.6112574Z A path returned 202. Retrying...
2023-08-31T00:58:13.6112885Z A path returned 202. Retrying...
2023-08-31T00:58:13.6113640Z A path returned 202. Retrying...
2023-08-31T00:58:13.6113980Z A path returned 202. Retrying...
2023-08-31T00:58:13.6114309Z A path returned 202. Retrying...
2023-08-31T00:58:13.6114640Z A path returned 202. Retrying...
2023-08-31T00:58:13.6115068Z A path returned 202. Retrying...
2023-08-31T00:58:13.6115407Z A path returned 202. Retrying...
2023-08-31T00:58:13.6115732Z A path returned 202. Retrying...
2023-08-31T00:58:13.6116056Z A path returned 202. Retrying...
2023-08-31T00:58:13.6116383Z A path returned 202. Retrying...
2023-08-31T00:58:13.6116712Z A path returned 202. Retrying...
2023-08-31T00:58:13.6117044Z A path returned 202. Retrying...
2023-08-31T00:58:13.6117375Z A path returned 202. Retrying...
2023-08-31T00:58:13.6117708Z A path returned 202. Retrying...
2023-08-31T00:58:13.6118044Z A path returned 202. Retrying...
2023-08-31T00:58:13.6118356Z A path returned 202. Retrying...
2023-08-31T00:58:13.6118683Z A path returned 202. Retrying...
2023-08-31T00:58:13.6119016Z A path returned 202. Retrying...
2023-08-31T00:58:13.6119346Z A path returned 202. Retrying...
2023-08-31T00:58:13.6119672Z A path returned 202. Retrying...
2023-08-31T00:58:13.6119999Z A path returned 202. Retrying...
2023-08-31T00:58:13.6120325Z A path returned 202. Retrying...
2023-08-31T00:58:13.6120652Z A path returned 202. Retrying...
2023-08-31T00:58:13.6120963Z A path returned 202. Retrying...
2023-08-31T00:58:13.6121299Z A path returned 202. Retrying...
2023-08-31T00:58:13.6121624Z A path returned 202. Retrying...
2023-08-31T00:58:13.6121953Z A path returned 202. Retrying...
2023-08-31T00:58:13.6122279Z A path returned 202. Retrying...
2023-08-31T00:58:13.6122606Z A path returned 202. Retrying...
2023-08-31T00:58:13.6122931Z A path returned 202. Retrying...
2023-08-31T00:58:13.6123255Z A path returned 202. Retrying...
2023-08-31T00:58:13.6123570Z A path returned 202. Retrying...
2023-08-31T00:58:13.6123897Z A path returned 202. Retrying...
2023-08-31T00:58:13.6124225Z A path returned 202. Retrying...
2023-08-31T00:58:13.6124659Z A path returned 202. Retrying...
2023-08-31T00:58:13.6124963Z A path returned 202. Retrying...
2023-08-31T00:58:13.6125264Z A path returned 202. Retrying...
2023-08-31T00:58:13.6125565Z A path returned 202. Retrying...
2023-08-31T00:58:13.6125855Z A path returned 202. Retrying...
2023-08-31T00:58:13.6126157Z A path returned 202. Retrying...
2023-08-31T00:58:13.6126464Z A path returned 202. Retrying...
2023-08-31T00:58:13.6126917Z A path returned 202. Retrying...
2023-08-31T00:58:13.6127225Z A path returned 202. Retrying...
2023-08-31T00:58:13.6127533Z A path returned 202. Retrying...
2023-08-31T00:58:13.6127929Z A path returned 202. Retrying...
2023-08-31T00:58:13.6128196Z A path returned 202. Retrying...
2023-08-31T00:58:13.6128448Z A path returned 202. Retrying...
2023-08-31T00:58:13.6128898Z A path returned 202. Retrying...
2023-08-31T00:58:13.6129387Z A path returned 202. Retrying...
2023-08-31T00:58:13.6129713Z A path returned 202. Retrying...
2023-08-31T00:58:13.6130044Z A path returned 202. Retrying...
2023-08-31T00:58:13.6130370Z A path returned 202. Retrying...
2023-08-31T00:58:13.6130697Z A path returned 202. Retrying...
2023-08-31T00:58:13.6131019Z A path returned 202. Retrying...
2023-08-31T00:58:13.6131334Z A path returned 202. Retrying...
2023-08-31T00:58:13.6131659Z A path returned 202. Retrying...
2023-08-31T00:58:13.6131985Z A path returned 202. Retrying...
2023-08-31T00:58:13.6132321Z A path returned 202. Retrying...
2023-08-31T00:58:13.6132646Z A path returned 202. Retrying...
2023-08-31T00:58:13.6132970Z A path returned 202. Retrying...
2023-08-31T00:58:13.6133295Z A path returned 202. Retrying...
2023-08-31T00:58:13.6133606Z A path returned 202. Retrying...
2023-08-31T00:58:13.6133931Z A path returned 202. Retrying...
2023-08-31T00:58:13.6134256Z A path returned 202. Retrying...
2023-08-31T00:58:13.6134584Z A path returned 202. Retrying...
2023-08-31T00:58:13.6134908Z A path returned 202. Retrying...
2023-08-31T00:58:13.6135235Z A path returned 202. Retrying...
2023-08-31T00:58:13.6135672Z A path returned 202. Retrying...
2023-08-31T00:58:13.6136004Z A path returned 202. Retrying...
2023-08-31T00:58:13.6136314Z A path returned 202. Retrying...
2023-08-31T00:58:13.6136638Z A path returned 202. Retrying...
2023-08-31T00:58:13.6136965Z A path returned 202. Retrying...
2023-08-31T00:58:13.6137292Z A path returned 202. Retrying...
2023-08-31T00:58:13.6137787Z A path returned 202. Retrying...
2023-08-31T00:58:13.6138125Z A path returned 202. Retrying...
2023-08-31T00:58:13.6138452Z A path returned 202. Retrying...
2023-08-31T00:58:13.6138779Z A path returned 202. Retrying...
2023-08-31T00:58:13.6139090Z A path returned 202. Retrying...
2023-08-31T00:58:13.6139416Z A path returned 202. Retrying...
2023-08-31T00:58:13.6139742Z A path returned 202. Retrying...
2023-08-31T00:58:13.6140076Z A path returned 202. Retrying...
2023-08-31T00:58:13.6140402Z A path returned 202. Retrying...
2023-08-31T00:58:13.6140725Z A path returned 202. Retrying...
2023-08-31T00:58:13.6141059Z A path returned 202. Retrying...
2023-08-31T00:58:13.6141372Z A path returned 202. Retrying...
2023-08-31T00:58:13.6141702Z A path returned 202. Retrying...
2023-08-31T00:58:13.6142027Z A path returned 202. Retrying...
2023-08-31T00:58:13.6142355Z A path returned 202. Retrying...
2023-08-31T00:58:13.6142684Z A path returned 202. Retrying...
2023-08-31T00:58:13.6143009Z A path returned 202. Retrying...
2023-08-31T00:58:13.6143339Z A path returned 202. Retrying...
2023-08-31T00:58:13.6143665Z A path returned 202. Retrying...
2023-08-31T00:58:13.6143975Z A path returned 202. Retrying...
2023-08-31T00:58:13.6144405Z A path returned 202. Retrying...
2023-08-31T00:58:13.6144712Z A path returned 202. Retrying...
2023-08-31T00:58:13.6145016Z A path returned 202. Retrying...
2023-08-31T00:58:13.6145322Z A path returned 202. Retrying...
2023-08-31T00:58:13.6145623Z A path returned 202. Retrying...
2023-08-31T00:58:13.6145999Z A path returned 202. Retrying...
2023-08-31T00:58:13.6146488Z A path returned 202. Retrying...
2023-08-31T00:58:13.6146809Z A path returned 202. Retrying...
2023-08-31T00:58:13.6147139Z A path returned 202. Retrying...
2023-08-31T00:58:13.6147464Z A path returned 202. Retrying...
2023-08-31T00:58:13.6147795Z A path returned 202. Retrying...
2023-08-31T00:58:13.6148121Z A path returned 202. Retrying...
2023-08-31T00:58:13.6148447Z A path returned 202. Retrying...
2023-08-31T00:58:13.6148778Z A path returned 202. Retrying...
2023-08-31T00:58:13.6149246Z A path returned 202. Retrying...
2023-08-31T00:58:13.6149574Z A path returned 202. Retrying...
2023-08-31T00:58:13.6149898Z A path returned 202. Retrying...
2023-08-31T00:58:13.6150223Z A path returned 202. Retrying...
2023-08-31T00:58:13.6150548Z A path returned 202. Retrying...
2023-08-31T00:58:13.6150879Z A path returned 202. Retrying...
2023-08-31T00:58:13.6151204Z A path returned 202. Retrying...
2023-08-31T00:58:13.6151528Z A path returned 202. Retrying...
2023-08-31T00:58:13.6151839Z A path returned 202. Retrying...
2023-08-31T00:58:13.6152174Z A path returned 202. Retrying...
2023-08-31T00:58:13.6152503Z A path returned 202. Retrying...
2023-08-31T00:58:13.6152828Z A path returned 202. Retrying...
2023-08-31T00:58:13.6153156Z A path returned 202. Retrying...
2023-08-31T00:58:13.6153486Z A path returned 202. Retrying...
2023-08-31T00:58:13.6153810Z A path returned 202. Retrying...
2023-08-31T00:58:13.6154137Z A path returned 202. Retrying...
2023-08-31T00:58:13.6154454Z A path returned 202. Retrying...
2023-08-31T00:58:13.6154780Z A path returned 202. Retrying...
2023-08-31T00:58:13.6155106Z A path returned 202. Retrying...
2023-08-31T00:58:13.6155431Z A path returned 202. Retrying...
2023-08-31T00:58:13.6155756Z A path returned 202. Retrying...
2023-08-31T00:58:13.6156083Z A path returned 202. Retrying...
2023-08-31T00:58:13.6156410Z A path returned 202. Retrying...
2023-08-31T00:58:13.6156721Z A path returned 202. Retrying...
2023-08-31T00:58:13.6157045Z A path returned 202. Retrying...
2023-08-31T00:58:13.6157371Z A path returned 202. Retrying...
2023-08-31T00:58:13.6157822Z A path returned 202. Retrying...
2023-08-31T00:58:13.6158153Z A path returned 202. Retrying...
2023-08-31T00:58:13.6158480Z A path returned 202. Retrying...
2023-08-31T00:58:13.6158807Z A path returned 202. Retrying...
2023-08-31T00:58:13.6159130Z A path returned 202. Retrying...
2023-08-31T00:58:13.6159442Z A path returned 202. Retrying...
2023-08-31T00:58:13.6159770Z A path returned 202. Retrying...
2023-08-31T00:58:13.6160102Z A path returned 202. Retrying...
2023-08-31T00:58:13.6160425Z A path returned 202. Retrying...
2023-08-31T00:58:13.6160752Z A path returned 202. Retrying...
2023-08-31T00:58:13.6161080Z A path returned 202. Retrying...
2023-08-31T00:58:13.6161406Z A path returned 202. Retrying...
2023-08-31T00:58:13.6161731Z A path returned 202. Retrying...
2023-08-31T00:58:13.6162042Z A path returned 202. Retrying...
2023-08-31T00:58:13.6162369Z A path returned 202. Retrying...
2023-08-31T00:58:13.6162696Z A path returned 202. Retrying...
2023-08-31T00:58:13.6163030Z A path returned 202. Retrying...
2023-08-31T00:58:13.6163466Z A path returned 202. Retrying...
2023-08-31T00:58:13.6163769Z A path returned 202. Retrying...
2023-08-31T00:58:13.6164073Z A path returned 202. Retrying...
2023-08-31T00:58:13.6164375Z A path returned 202. Retrying...
2023-08-31T00:58:13.6164663Z A path returned 202. Retrying...
2023-08-31T00:58:13.6164967Z A path returned 202. Retrying...
2023-08-31T00:58:13.6165274Z A path returned 202. Retrying...
2023-08-31T00:58:13.6165577Z A path returned 202. Retrying...
2023-08-31T00:58:13.6165880Z A path returned 202. Retrying...
2023-08-31T00:58:13.6166181Z A path returned 202. Retrying...
2023-08-31T00:58:13.6166484Z A path returned 202. Retrying...
2023-08-31T00:58:13.6166771Z A path returned 202. Retrying...
2023-08-31T00:58:13.6167258Z A path returned 202. Retrying...
2023-08-31T00:58:13.6167585Z A path returned 202. Retrying...
2023-08-31T00:58:13.6167910Z A path returned 202. Retrying...
2023-08-31T00:58:13.6168236Z A path returned 202. Retrying...
2023-08-31T00:58:13.6168566Z A path returned 202. Retrying...
2023-08-31T00:58:13.6168891Z A path returned 202. Retrying...
2023-08-31T00:58:13.6169215Z A path returned 202. Retrying...
2023-08-31T00:58:13.6169530Z A path returned 202. Retrying...
2023-08-31T00:58:13.6169854Z A path returned 202. Retrying...
2023-08-31T00:58:13.6170180Z A path returned 202. Retrying...
2023-08-31T00:58:13.6170504Z A path returned 202. Retrying...
2023-08-31T00:58:13.6170958Z A path returned 202. Retrying...
2023-08-31T00:58:13.6171282Z A path returned 202. Retrying...
2023-08-31T00:58:13.6171611Z A path returned 202. Retrying...
2023-08-31T00:58:13.6171941Z A path returned 202. Retrying...
2023-08-31T00:58:13.6172254Z A path returned 202. Retrying...
2023-08-31T00:58:13.6172581Z A path returned 202. Retrying...
2023-08-31T00:58:13.6172910Z A path returned 202. Retrying...
2023-08-31T00:58:13.6173235Z A path returned 202. Retrying...
2023-08-31T00:58:13.6173563Z A path returned 202. Retrying...
2023-08-31T00:58:13.6173897Z A path returned 202. Retrying...
2023-08-31T00:58:13.6174223Z A path returned 202. Retrying...
2023-08-31T00:58:13.6174534Z A path returned 202. Retrying...
2023-08-31T00:58:13.6174863Z A path returned 202. Retrying...
2023-08-31T00:58:13.6175190Z A path returned 202. Retrying...
2023-08-31T00:58:13.6175515Z A path returned 202. Retrying...
2023-08-31T00:58:13.6175847Z A path returned 202. Retrying...
2023-08-31T00:58:13.6176179Z A path returned 202. Retrying...
2023-08-31T00:58:13.6176504Z A path returned 202. Retrying...
2023-08-31T00:58:13.6176833Z A path returned 202. Retrying...
2023-08-31T00:58:13.6177143Z A path returned 202. Retrying...
2023-08-31T00:58:13.6177582Z A path returned 202. Retrying...
2023-08-31T00:58:13.6177916Z A path returned 202. Retrying...
2023-08-31T00:58:13.6178241Z A path returned 202. Retrying...
2023-08-31T00:58:13.6178568Z A path returned 202. Retrying...
2023-08-31T00:58:13.6178894Z A path returned 202. Retrying...
2023-08-31T00:58:13.6179220Z A path returned 202. Retrying...
2023-08-31T00:58:13.6179714Z A path returned 202. Retrying...
2023-08-31T00:58:13.6180033Z A path returned 202. Retrying...
2023-08-31T00:58:13.6180356Z A path returned 202. Retrying...
2023-08-31T00:58:13.6180681Z A path returned 202. Retrying...
2023-08-31T00:58:13.6181011Z A path returned 202. Retrying...
2023-08-31T00:58:13.6181337Z A path returned 202. Retrying...
2023-08-31T00:58:13.6181662Z A path returned 202. Retrying...
2023-08-31T00:58:13.6181991Z A path returned 202. Retrying...
2023-08-31T00:58:13.6182305Z A path returned 202. Retrying...
2023-08-31T00:58:13.6182635Z A path returned 202. Retrying...
2023-08-31T00:58:13.6182962Z A path returned 202. Retrying...
2023-08-31T00:58:13.6183290Z A path returned 202. Retrying...
2023-08-31T00:58:13.6183616Z A path returned 202. Retrying...
2023-08-31T00:58:13.6183943Z A path returned 202. Retrying...
2023-08-31T00:58:13.6184269Z A path returned 202. Retrying...
2023-08-31T00:58:13.6184593Z A path returned 202. Retrying...
2023-08-31T00:58:13.6184912Z A path returned 202. Retrying...
2023-08-31T00:58:13.6185323Z A path returned 202. Retrying...
2023-08-31T00:58:13.6185625Z A path returned 202. Retrying...
2023-08-31T00:58:13.6185932Z A path returned 202. Retrying...
2023-08-31T01:07:09.5456502Z A path returned 202. Retrying...
2023-08-31T01:07:09.5457389Z A path returned 202. Retrying...
2023-08-31T01:07:09.5458218Z A path returned 202. Retrying...
2023-08-31T01:07:09.5458844Z A path returned 202. Retrying...
2023-08-31T01:07:09.5459405Z A path returned 202. Retrying...
2023-08-31T01:07:09.5459980Z A path returned 202. Retrying...
2023-08-31T01:07:09.5460546Z A path returned 202. Retrying...
2023-08-31T01:07:09.5461190Z A path returned 202. Retrying...
2023-08-31T01:07:09.5461616Z A path returned 202. Retrying...
2023-08-31T01:07:09.5462042Z A path returned 202. Retrying...
2023-08-31T01:07:09.5462580Z A path returned 202. Retrying...
2023-08-31T01:07:09.5463005Z A path returned 202. Retrying...
2023-08-31T01:07:09.5463416Z A path returned 202. Retrying...
2023-08-31T01:07:09.5463848Z A path returned 202. Retrying...
2023-08-31T01:07:09.5464274Z A path returned 202. Retrying...
2023-08-31T01:07:09.5464696Z A path returned 202. Retrying...
2023-08-31T01:07:09.5465120Z A path returned 202. Retrying...
2023-08-31T01:07:09.5465541Z A path returned 202. Retrying...
2023-08-31T01:07:09.5465961Z A path returned 202. Retrying...
2023-08-31T01:07:09.5466381Z A path returned 202. Retrying...
2023-08-31T01:07:09.5467334Z A path returned 202. Retrying...
2023-08-31T01:07:09.5467754Z A path returned 202. Retrying...
2023-08-31T01:07:09.5468173Z A path returned 202. Retrying...
2023-08-31T01:07:09.5468595Z A path returned 202. Retrying...
2023-08-31T01:07:09.5469016Z A path returned 202. Retrying...
2023-08-31T01:07:09.5469436Z A path returned 202. Retrying...
2023-08-31T01:07:09.5469856Z A path returned 202. Retrying...
2023-08-31T01:07:09.5470260Z A path returned 202. Retrying...
2023-08-31T01:07:09.5470682Z A path returned 202. Retrying...
2023-08-31T01:07:09.5471104Z A path returned 202. Retrying...
2023-08-31T01:07:09.5471535Z A path returned 202. Retrying...
2023-08-31T01:07:09.5471957Z A path returned 202. Retrying...
2023-08-31T01:07:09.5472377Z A path returned 202. Retrying...
2023-08-31T01:07:09.5472797Z A path returned 202. Retrying...
2023-08-31T01:07:09.5473217Z A path returned 202. Retrying...
2023-08-31T01:07:09.5473624Z A path returned 202. Retrying...
2023-08-31T01:07:09.5474054Z A path returned 202. Retrying...
2023-08-31T01:07:09.5474476Z A path returned 202. Retrying...
2023-08-31T01:07:09.5474903Z A path returned 202. Retrying...
2023-08-31T01:07:09.5475326Z A path returned 202. Retrying...
2023-08-31T01:07:09.5475748Z A path returned 202. Retrying...
2023-08-31T01:07:09.5476166Z A path returned 202. Retrying...
2023-08-31T01:07:09.5476589Z A path returned 202. Retrying...
2023-08-31T01:07:09.5476996Z A path returned 202. Retrying...
2023-08-31T01:07:09.5477416Z A path returned 202. Retrying...
2023-08-31T01:07:09.5477843Z A path returned 202. Retrying...
2023-08-31T01:07:09.5478484Z A path returned 202. Retrying...
2023-08-31T01:07:09.5478916Z A path returned 202. Retrying...
2023-08-31T01:07:09.5479336Z A path returned 202. Retrying...
2023-08-31T01:07:09.5479757Z A path returned 202. Retrying...
2023-08-31T01:07:09.5480166Z A path returned 202. Retrying...
2023-08-31T01:07:09.5480590Z A path returned 202. Retrying...
2023-08-31T01:07:09.5481012Z A path returned 202. Retrying...
2023-08-31T01:07:09.5481442Z A path returned 202. Retrying...
2023-08-31T01:07:09.5481860Z A path returned 202. Retrying...
2023-08-31T01:07:09.5482281Z A path returned 202. Retrying...
2023-08-31T01:07:09.5482700Z A path returned 202. Retrying...
2023-08-31T01:07:09.5483121Z A path returned 202. Retrying...
2023-08-31T01:07:09.5483525Z A path returned 202. Retrying...
2023-08-31T01:07:09.5483943Z A path returned 202. Retrying...
2023-08-31T01:07:09.5484365Z A path returned 202. Retrying...
2023-08-31T01:07:09.5484786Z A path returned 202. Retrying...
2023-08-31T01:07:09.5485207Z A path returned 202. Retrying...
2023-08-31T01:07:09.5485636Z A path returned 202. Retrying...
2023-08-31T01:07:09.5486053Z A path returned 202. Retrying...
2023-08-31T01:07:09.5486474Z A path returned 202. Retrying...
2023-08-31T01:07:09.5486880Z A path returned 202. Retrying...
2023-08-31T01:07:09.5487294Z A path returned 202. Retrying...
2023-08-31T01:07:09.5487717Z A path returned 202. Retrying...
2023-08-31T01:07:09.5488149Z A path returned 202. Retrying...
2023-08-31T01:07:09.5488569Z A path returned 202. Retrying...
2023-08-31T01:07:09.5488989Z A path returned 202. Retrying...
2023-08-31T01:07:09.5489408Z A path returned 202. Retrying...
2023-08-31T01:07:09.5489826Z A path returned 202. Retrying...
2023-08-31T01:07:09.5490232Z A path returned 202. Retrying...
2023-08-31T01:07:09.5490653Z A path returned 202. Retrying...
2023-08-31T01:07:09.5491077Z A path returned 202. Retrying...
2023-08-31T01:07:09.5491499Z A path returned 202. Retrying...
2023-08-31T01:07:09.5491918Z A path returned 202. Retrying...
2023-08-31T01:07:09.5492343Z A path returned 202. Retrying...
2023-08-31T01:07:09.5492766Z A path returned 202. Retrying...
2023-08-31T01:07:09.5493173Z A path returned 202. Retrying...
2023-08-31T01:07:09.5493591Z A path returned 202. Retrying...
2023-08-31T01:07:09.5494010Z A path returned 202. Retrying...
2023-08-31T01:07:09.5494431Z A path returned 202. Retrying...
2023-08-31T01:07:09.5494850Z A path returned 202. Retrying...
2023-08-31T01:07:09.5495481Z A path returned 202. Retrying...
2023-08-31T01:07:09.5495902Z A path returned 202. Retrying...
2023-08-31T01:07:09.5496322Z A path returned 202. Retrying...
2023-08-31T01:07:09.5496727Z A path returned 202. Retrying...
2023-08-31T01:07:09.5497143Z A path returned 202. Retrying...
2023-08-31T01:07:09.5497703Z A path returned 202. Retrying...
2023-08-31T01:07:09.5498126Z A path returned 202. Retrying...
2023-08-31T01:07:09.5498550Z A path returned 202. Retrying...
2023-08-31T01:07:09.5498971Z A path returned 202. Retrying...
2023-08-31T01:07:09.5499393Z A path returned 202. Retrying...
2023-08-31T01:07:09.5499819Z A path returned 202. Retrying...
2023-08-31T01:07:09.5500227Z A path returned 202. Retrying...
2023-08-31T01:07:09.5500646Z A path returned 202. Retrying...
2023-08-31T01:07:09.5501069Z A path returned 202. Retrying...
2023-08-31T01:07:09.5501491Z A path returned 202. Retrying...
2023-08-31T01:07:09.5501910Z A path returned 202. Retrying...
2023-08-31T01:07:09.5502340Z A path returned 202. Retrying...
2023-08-31T01:07:09.5502761Z A path returned 202. Retrying...
2023-08-31T01:07:09.5503167Z A path returned 202. Retrying...
2023-08-31T01:07:09.5503585Z A path returned 202. Retrying...
2023-08-31T01:07:09.5504007Z A path returned 202. Retrying...
2023-08-31T01:07:09.5504429Z A path returned 202. Retrying...
2023-08-31T01:07:09.5504907Z A path returned 202. Retrying...
2023-08-31T01:07:09.5505327Z A path returned 202. Retrying...
2023-08-31T01:07:09.5505746Z A path returned 202. Retrying...
2023-08-31T01:07:09.5506166Z A path returned 202. Retrying...
2023-08-31T01:07:09.5506746Z A path returned 202. Retrying...
2023-08-31T01:07:09.5507175Z A path returned 202. Retrying...
2023-08-31T01:07:09.5507600Z A path returned 202. Retrying...
2023-08-31T01:07:09.5508020Z A path returned 202. Retrying...
2023-08-31T01:07:09.5508443Z A path returned 202. Retrying...
2023-08-31T01:07:09.5508862Z A path returned 202. Retrying...
2023-08-31T01:07:09.5509282Z A path returned 202. Retrying...
2023-08-31T01:07:09.5509708Z A path returned 202. Retrying...
2023-08-31T01:07:09.5510113Z A path returned 202. Retrying...
2023-08-31T01:07:09.5510531Z A path returned 202. Retrying...
2023-08-31T01:07:09.5510953Z A path returned 202. Retrying...
2023-08-31T01:07:09.5511374Z A path returned 202. Retrying...
2023-08-31T01:07:09.5511794Z A path returned 202. Retrying...
2023-08-31T01:07:09.5512215Z A path returned 202. Retrying...
2023-08-31T01:07:09.5512636Z A path returned 202. Retrying...
2023-08-31T01:07:09.5513042Z A path returned 202. Retrying...
2023-08-31T01:07:09.5513462Z A path returned 202. Retrying...
2023-08-31T01:07:09.5513888Z A path returned 202. Retrying...
2023-08-31T01:07:09.5514311Z A path returned 202. Retrying...
2023-08-31T01:07:09.5514734Z A path returned 202. Retrying...
2023-08-31T01:07:09.5515153Z A path returned 202. Retrying...
2023-08-31T01:07:09.5515574Z A path returned 202. Retrying...
2023-08-31T01:07:09.5515993Z A path returned 202. Retrying...
2023-08-31T01:07:09.5516397Z A path returned 202. Retrying...
2023-08-31T01:07:09.5516825Z A path returned 202. Retrying...
2023-08-31T01:07:09.5517250Z A path returned 202. Retrying...
2023-08-31T01:07:09.5517667Z A path returned 202. Retrying...
2023-08-31T01:07:09.5518087Z A path returned 202. Retrying...
2023-08-31T01:07:09.5518507Z A path returned 202. Retrying...
2023-08-31T01:07:09.5518927Z A path returned 202. Retrying...
2023-08-31T01:07:09.5519344Z A path returned 202. Retrying...
2023-08-31T01:07:09.5519748Z A path returned 202. Retrying...
2023-08-31T01:07:09.5520170Z A path returned 202. Retrying...
2023-08-31T01:07:09.5520600Z A path returned 202. Retrying...
2023-08-31T01:07:09.5521021Z A path returned 202. Retrying...
2023-08-31T01:07:09.5521440Z A path returned 202. Retrying...
2023-08-31T01:07:09.5521858Z A path returned 202. Retrying...
2023-08-31T01:07:09.5522278Z A path returned 202. Retrying...
2023-08-31T01:07:09.5522683Z A path returned 202. Retrying...
2023-08-31T01:07:09.5523112Z A path returned 202. Retrying...
2023-08-31T01:07:09.5523699Z A path returned 202. Retrying...
2023-08-31T01:07:09.5524190Z A path returned 202. Retrying...
2023-08-31T01:07:09.5524611Z A path returned 202. Retrying...
2023-08-31T01:07:09.5525032Z A path returned 202. Retrying...
2023-08-31T01:07:09.5525449Z A path returned 202. Retrying...
2023-08-31T01:07:09.5525871Z A path returned 202. Retrying...
2023-08-31T01:07:09.5526276Z A path returned 202. Retrying...
2023-08-31T01:07:09.5526694Z A path returned 202. Retrying...
2023-08-31T01:07:09.5527118Z A path returned 202. Retrying...
2023-08-31T01:07:09.5527543Z A path returned 202. Retrying...
2023-08-31T01:07:09.5527971Z A path returned 202. Retrying...
2023-08-31T01:07:09.5528391Z A path returned 202. Retrying...
2023-08-31T01:07:09.5528810Z A path returned 202. Retrying...
2023-08-31T01:07:09.5529231Z A path returned 202. Retrying...
2023-08-31T01:07:09.5529637Z A path returned 202. Retrying...
2023-08-31T01:07:09.5530057Z A path returned 202. Retrying...
2023-08-31T01:07:09.5530482Z A path returned 202. Retrying...
2023-08-31T01:07:09.5530912Z A path returned 202. Retrying...
2023-08-31T01:07:09.5531332Z A path returned 202. Retrying...
2023-08-31T01:07:09.5531751Z A path returned 202. Retrying...
2023-08-31T01:07:09.5532172Z A path returned 202. Retrying...
2023-08-31T01:07:09.5532575Z A path returned 202. Retrying...
2023-08-31T01:07:09.5532996Z A path returned 202. Retrying...
2023-08-31T01:07:09.5533416Z A path returned 202. Retrying...
2023-08-31T01:07:09.5533842Z A path returned 202. Retrying...
2023-08-31T01:07:09.5534262Z A path returned 202. Retrying...
2023-08-31T01:07:09.5534813Z A path returned 202. Retrying...
2023-08-31T01:07:09.5535240Z A path returned 202. Retrying...
2023-08-31T01:07:09.5535661Z A path returned 202. Retrying...
2023-08-31T01:07:09.5536067Z A path returned 202. Retrying...
2023-08-31T01:07:09.5536489Z A path returned 202. Retrying...
2023-08-31T01:07:09.5536949Z A path returned 202. Retrying...
2023-08-31T01:07:09.5537373Z A path returned 202. Retrying...
2023-08-31T01:07:09.5538099Z A path returned 202. Retrying...
2023-08-31T01:07:09.5538521Z A path returned 202. Retrying...
2023-08-31T01:07:09.5538942Z A path returned 202. Retrying...
2023-08-31T01:07:09.5539361Z A path returned 202. Retrying...
2023-08-31T01:07:09.5539766Z A path returned 202. Retrying...
2023-08-31T01:07:09.5540182Z A path returned 202. Retrying...
2023-08-31T01:07:09.5540607Z A path returned 202. Retrying...
2023-08-31T01:07:09.5541027Z A path returned 202. Retrying...
2023-08-31T01:07:09.5541445Z A path returned 202. Retrying...
2023-08-31T01:07:09.5541863Z A path returned 202. Retrying...
2023-08-31T01:07:09.5542291Z A path returned 202. Retrying...
2023-08-31T01:07:09.5542697Z A path returned 202. Retrying...
2023-08-31T01:07:09.5543116Z A path returned 202. Retrying...
2023-08-31T01:07:09.5543533Z A path returned 202. Retrying...
2023-08-31T01:07:09.5543952Z A path returned 202. Retrying...
2023-08-31T01:07:09.5544376Z A path returned 202. Retrying...
2023-08-31T01:07:09.5544795Z A path returned 202. Retrying...
2023-08-31T01:07:09.5545223Z A path returned 202. Retrying...
2023-08-31T01:07:09.5545641Z A path returned 202. Retrying...
2023-08-31T01:07:09.5546046Z A path returned 202. Retrying...
2023-08-31T01:07:09.5546465Z A path returned 202. Retrying...
2023-08-31T01:07:09.5546892Z A path returned 202. Retrying...
2023-08-31T01:07:09.5547313Z A path returned 202. Retrying...
2023-08-31T01:07:09.5547736Z A path returned 202. Retrying...
2023-08-31T01:07:09.5548157Z A path returned 202. Retrying...
2023-08-31T01:07:09.5548584Z A path returned 202. Retrying...
2023-08-31T01:07:09.5549009Z A path returned 202. Retrying...
2023-08-31T01:07:09.5549415Z A path returned 202. Retrying...
2023-08-31T01:07:09.5549835Z A path returned 202. Retrying...
2023-08-31T01:07:09.5550256Z A path returned 202. Retrying...
2023-08-31T01:07:09.5550679Z A path returned 202. Retrying...
2023-08-31T01:07:09.5551096Z A path returned 202. Retrying...
2023-08-31T01:07:09.5551517Z A path returned 202. Retrying...
2023-08-31T01:07:09.5552119Z A path returned 202. Retrying...
2023-08-31T01:07:09.5552525Z A path returned 202. Retrying...
2023-08-31T01:07:09.5552944Z A path returned 202. Retrying...
2023-08-31T01:07:09.5553361Z A path returned 202. Retrying...
2023-08-31T01:07:09.5553782Z A path returned 202. Retrying...
2023-08-31T01:07:09.5554202Z A path returned 202. Retrying...
2023-08-31T01:07:09.5554622Z A path returned 202. Retrying...
2023-08-31T01:07:09.5555041Z A path returned 202. Retrying...
2023-08-31T01:07:09.5555466Z A path returned 202. Retrying...
2023-08-31T01:07:09.5555870Z A path returned 202. Retrying...
2023-08-31T01:07:09.5556338Z A path returned 202. Retrying...
2023-08-31T01:07:09.5556766Z A path returned 202. Retrying...
2023-08-31T01:07:09.5557182Z A path returned 202. Retrying...
2023-08-31T01:07:09.5557604Z A path returned 202. Retrying...
2023-08-31T01:07:09.5558024Z A path returned 202. Retrying...
2023-08-31T01:07:09.5558447Z A path returned 202. Retrying...
2023-08-31T01:07:09.5558865Z A path returned 202. Retrying...
2023-08-31T01:07:09.5559280Z A path returned 202. Retrying...
2023-08-31T01:07:09.5559702Z A path returned 202. Retrying...
2023-08-31T01:07:09.5560123Z A path returned 202. Retrying...
2023-08-31T01:07:09.5560548Z A path returned 202. Retrying...
2023-08-31T01:07:09.5560967Z A path returned 202. Retrying...
2023-08-31T01:07:09.5561388Z A path returned 202. Retrying...
2023-08-31T01:07:09.5561807Z A path returned 202. Retrying...
2023-08-31T01:07:09.5562214Z A path returned 202. Retrying...
2023-08-31T01:07:09.5562633Z A path returned 202. Retrying...
2023-08-31T01:07:09.5563247Z A path returned 202. Retrying...
2023-08-31T01:07:09.5563678Z A path returned 202. Retrying...
2023-08-31T01:07:09.5564098Z A path returned 202. Retrying...
2023-08-31T01:07:09.5564519Z A path returned 202. Retrying...
2023-08-31T01:16:08.6588016Z A path returned 202. Retrying...
2023-08-31T01:16:08.6588849Z A path returned 202. Retrying...
2023-08-31T01:16:08.6589439Z A path returned 202. Retrying...
2023-08-31T01:16:08.6590057Z A path returned 202. Retrying...
2023-08-31T01:16:08.6590630Z A path returned 202. Retrying...
2023-08-31T01:16:08.6591210Z A path returned 202. Retrying...
2023-08-31T01:16:08.6591761Z A path returned 202. Retrying...
2023-08-31T01:16:08.6592323Z A path returned 202. Retrying...
2023-08-31T01:16:08.6592894Z A path returned 202. Retrying...
2023-08-31T01:16:08.6593460Z A path returned 202. Retrying...
2023-08-31T01:16:08.6594029Z A path returned 202. Retrying...
2023-08-31T01:16:08.6594593Z A path returned 202. Retrying...
2023-08-31T01:16:08.6595157Z A path returned 202. Retrying...
2023-08-31T01:16:08.6595723Z A path returned 202. Retrying...
2023-08-31T01:16:08.6596384Z A path returned 202. Retrying...
2023-08-31T01:16:08.6596944Z A path returned 202. Retrying...
2023-08-31T01:16:08.6597506Z A path returned 202. Retrying...
2023-08-31T01:16:08.6598067Z A path returned 202. Retrying...
2023-08-31T01:16:08.6598626Z A path returned 202. Retrying...
2023-08-31T01:16:08.6599187Z A path returned 202. Retrying...
2023-08-31T01:16:08.6599763Z A path returned 202. Retrying...
2023-08-31T01:16:08.6600315Z A path returned 202. Retrying...
2023-08-31T01:16:08.6600874Z A path returned 202. Retrying...
2023-08-31T01:16:08.6601434Z A path returned 202. Retrying...
2023-08-31T01:16:08.6602001Z A path returned 202. Retrying...
2023-08-31T01:16:08.6602636Z A path returned 202. Retrying...
2023-08-31T01:16:08.6603202Z A path returned 202. Retrying...
2023-08-31T01:16:08.6603770Z A path returned 202. Retrying...
2023-08-31T01:16:08.6604336Z A path returned 202. Retrying...
2023-08-31T01:16:08.6604896Z A path returned 202. Retrying...
2023-08-31T01:16:08.6605456Z A path returned 202. Retrying...
2023-08-31T01:16:08.6606074Z A path returned 202. Retrying...
2023-08-31T01:16:08.6606378Z A path returned 202. Retrying...
2023-08-31T01:16:08.6606683Z A path returned 202. Retrying...
2023-08-31T01:16:08.6606983Z A path returned 202. Retrying...
2023-08-31T01:16:08.6607284Z A path returned 202. Retrying...
2023-08-31T01:16:08.6608113Z A path returned 202. Retrying...
2023-08-31T01:16:08.6608418Z A path returned 202. Retrying...
2023-08-31T01:16:08.6608723Z A path returned 202. Retrying...
2023-08-31T01:16:08.6609026Z A path returned 202. Retrying...
2023-08-31T01:16:08.6609330Z A path returned 202. Retrying...
2023-08-31T01:16:08.6609635Z A path returned 202. Retrying...
2023-08-31T01:16:08.6609938Z A path returned 202. Retrying...
2023-08-31T01:16:08.6610240Z A path returned 202. Retrying...
2023-08-31T01:16:08.6610623Z A path returned 202. Retrying...
2023-08-31T01:16:08.6610889Z A path returned 202. Retrying...
2023-08-31T01:16:08.6611163Z A path returned 202. Retrying...
2023-08-31T01:16:08.6611431Z A path returned 202. Retrying...
2023-08-31T01:16:08.6611696Z A path returned 202. Retrying...
2023-08-31T01:16:08.6611960Z A path returned 202. Retrying...
2023-08-31T01:16:08.6612225Z A path returned 202. Retrying...
2023-08-31T01:16:08.6612490Z A path returned 202. Retrying...
2023-08-31T01:16:08.6612742Z A path returned 202. Retrying...
2023-08-31T01:16:08.6613011Z A path returned 202. Retrying...
2023-08-31T01:16:08.6613452Z A path returned 202. Retrying...
2023-08-31T01:16:08.6613814Z A path returned 202. Retrying...
2023-08-31T01:16:08.6614116Z A path returned 202. Retrying...
2023-08-31T01:16:08.6614414Z A path returned 202. Retrying...
2023-08-31T01:16:08.6614715Z A path returned 202. Retrying...
2023-08-31T01:16:08.6615001Z A path returned 202. Retrying...
2023-08-31T01:16:08.6615303Z A path returned 202. Retrying...
2023-08-31T01:16:08.6615655Z A path returned 202. Retrying...
2023-08-31T01:16:08.6616125Z A path returned 202. Retrying...
2023-08-31T01:16:08.6616433Z A path returned 202. Retrying...
2023-08-31T01:16:08.6616735Z A path returned 202. Retrying...
2023-08-31T01:16:08.6617039Z A path returned 202. Retrying...
2023-08-31T01:16:08.6617341Z A path returned 202. Retrying...
2023-08-31T01:16:08.6617811Z A path returned 202. Retrying...
2023-08-31T01:16:08.6618113Z A path returned 202. Retrying...
2023-08-31T01:16:08.6618427Z A path returned 202. Retrying...
2023-08-31T01:16:08.6618732Z A path returned 202. Retrying...
2023-08-31T01:16:08.6619035Z A path returned 202. Retrying...
2023-08-31T01:16:08.6619337Z A path returned 202. Retrying...
2023-08-31T01:16:08.6619640Z A path returned 202. Retrying...
2023-08-31T01:16:08.6619944Z A path returned 202. Retrying...
2023-08-31T01:16:08.6620232Z A path returned 202. Retrying...
2023-08-31T01:16:08.6620532Z A path returned 202. Retrying...
2023-08-31T01:16:08.6620834Z A path returned 202. Retrying...
2023-08-31T01:16:08.6621133Z A path returned 202. Retrying...
2023-08-31T01:16:08.6621440Z A path returned 202. Retrying...
2023-08-31T01:16:08.6621740Z A path returned 202. Retrying...
2023-08-31T01:16:08.6622042Z A path returned 202. Retrying...
2023-08-31T01:16:08.6622331Z A path returned 202. Retrying...
2023-08-31T01:16:08.6622632Z A path returned 202. Retrying...
2023-08-31T01:16:08.6622931Z A path returned 202. Retrying...
2023-08-31T01:16:08.6623234Z A path returned 202. Retrying...
2023-08-31T01:16:08.6623542Z A path returned 202. Retrying...
2023-08-31T01:16:08.6623842Z A path returned 202. Retrying...
2023-08-31T01:16:08.6624145Z A path returned 202. Retrying...
2023-08-31T01:16:08.6624445Z A path returned 202. Retrying...
2023-08-31T01:16:08.6624733Z A path returned 202. Retrying...
2023-08-31T01:16:08.6625032Z A path returned 202. Retrying...
2023-08-31T01:16:08.6625336Z A path returned 202. Retrying...
2023-08-31T01:16:08.6625638Z A path returned 202. Retrying...
2023-08-31T01:16:08.6625937Z A path returned 202. Retrying...
2023-08-31T01:16:08.6626243Z A path returned 202. Retrying...
2023-08-31T01:16:08.6626544Z A path returned 202. Retrying...
2023-08-31T01:16:08.6626845Z A path returned 202. Retrying...
2023-08-31T01:16:08.6627131Z A path returned 202. Retrying...
2023-08-31T01:16:08.6627533Z A path returned 202. Retrying...
2023-08-31T01:16:08.6627800Z A path returned 202. Retrying...
2023-08-31T01:16:08.6628066Z A path returned 202. Retrying...
2023-08-31T01:16:08.6628472Z A path returned 202. Retrying...
2023-08-31T01:16:08.6628737Z A path returned 202. Retrying...
2023-08-31T01:16:08.6629003Z A path returned 202. Retrying...
2023-08-31T01:16:08.6629255Z A path returned 202. Retrying...
2023-08-31T01:16:08.6629524Z A path returned 202. Retrying...
2023-08-31T01:16:08.6629789Z A path returned 202. Retrying...
2023-08-31T01:16:08.6630056Z A path returned 202. Retrying...
2023-08-31T01:16:08.6630325Z A path returned 202. Retrying...
2023-08-31T01:16:08.6630589Z A path returned 202. Retrying...
2023-08-31T01:16:08.6630853Z A path returned 202. Retrying...
2023-08-31T01:16:08.6631120Z A path returned 202. Retrying...
2023-08-31T01:16:08.6631373Z A path returned 202. Retrying...
2023-08-31T01:16:08.6631636Z A path returned 202. Retrying...
2023-08-31T01:16:08.6631901Z A path returned 202. Retrying...
2023-08-31T01:16:08.6632167Z A path returned 202. Retrying...
2023-08-31T01:16:08.6632430Z A path returned 202. Retrying...
2023-08-31T01:16:08.6632693Z A path returned 202. Retrying...
2023-08-31T01:16:08.6632962Z A path returned 202. Retrying...
2023-08-31T01:16:08.6633227Z A path returned 202. Retrying...
2023-08-31T01:16:08.6633482Z A path returned 202. Retrying...
2023-08-31T01:16:08.6633760Z A path returned 202. Retrying...
2023-08-31T01:16:08.6634030Z A path returned 202. Retrying...
2023-08-31T01:16:08.6634298Z A path returned 202. Retrying...
2023-08-31T01:16:08.6634562Z A path returned 202. Retrying...
2023-08-31T01:16:08.6634831Z A path returned 202. Retrying...
2023-08-31T01:16:08.6635082Z A path returned 202. Retrying...
2023-08-31T01:16:08.6635465Z A path returned 202. Retrying...
2023-08-31T01:16:08.6635737Z A path returned 202. Retrying...
2023-08-31T01:16:08.6636005Z A path returned 202. Retrying...
2023-08-31T01:16:08.6636273Z A path returned 202. Retrying...
2023-08-31T01:16:08.6636539Z A path returned 202. Retrying...
2023-08-31T01:16:08.6636808Z A path returned 202. Retrying...
2023-08-31T01:16:08.6637078Z A path returned 202. Retrying...
2023-08-31T01:16:08.6637339Z A path returned 202. Retrying...
2023-08-31T01:16:08.6637609Z A path returned 202. Retrying...
2023-08-31T01:16:08.6637878Z A path returned 202. Retrying...
2023-08-31T01:16:08.6638147Z A path returned 202. Retrying...
2023-08-31T01:16:08.6638416Z A path returned 202. Retrying...
2023-08-31T01:16:08.6638686Z A path returned 202. Retrying...
2023-08-31T01:16:08.6638952Z A path returned 202. Retrying...
2023-08-31T01:16:08.6639218Z A path returned 202. Retrying...
2023-08-31T01:16:08.6639470Z A path returned 202. Retrying...
2023-08-31T01:16:08.6639735Z A path returned 202. Retrying...
2023-08-31T01:16:08.6640007Z A path returned 202. Retrying...
2023-08-31T01:16:08.6640273Z A path returned 202. Retrying...
2023-08-31T01:16:08.6640540Z A path returned 202. Retrying...
2023-08-31T01:16:08.6640805Z A path returned 202. Retrying...
2023-08-31T01:16:08.6641073Z A path returned 202. Retrying...
2023-08-31T01:16:08.6641324Z A path returned 202. Retrying...
2023-08-31T01:16:08.6641593Z A path returned 202. Retrying...
2023-08-31T01:16:08.6641864Z A path returned 202. Retrying...
2023-08-31T01:16:08.6642130Z A path returned 202. Retrying...
2023-08-31T01:16:08.6642396Z A path returned 202. Retrying...
2023-08-31T01:16:08.6642663Z A path returned 202. Retrying...
2023-08-31T01:16:08.6642928Z A path returned 202. Retrying...
2023-08-31T01:16:08.6643195Z A path returned 202. Retrying...
2023-08-31T01:16:08.6643448Z A path returned 202. Retrying...
2023-08-31T01:16:08.6643716Z A path returned 202. Retrying...
2023-08-31T01:16:08.6643983Z A path returned 202. Retrying...
2023-08-31T01:16:08.6644258Z A path returned 202. Retrying...
2023-08-31T01:16:08.6644526Z A path returned 202. Retrying...
2023-08-31T01:16:08.6644791Z A path returned 202. Retrying...
2023-08-31T01:16:08.6645057Z A path returned 202. Retrying...
2023-08-31T01:16:08.6645324Z A path returned 202. Retrying...
2023-08-31T01:16:08.6645576Z A path returned 202. Retrying...
2023-08-31T01:16:08.6645842Z A path returned 202. Retrying...
2023-08-31T01:16:08.6646209Z A path returned 202. Retrying...
2023-08-31T01:16:08.6646478Z A path returned 202. Retrying...
2023-08-31T01:16:08.6646751Z A path returned 202. Retrying...
2023-08-31T01:16:08.6647019Z A path returned 202. Retrying...
2023-08-31T01:16:08.6647289Z A path returned 202. Retrying...
2023-08-31T01:16:08.6647543Z A path returned 202. Retrying...
2023-08-31T01:16:08.6647813Z A path returned 202. Retrying...
2023-08-31T01:16:08.6648081Z A path returned 202. Retrying...
2023-08-31T01:16:08.6648351Z A path returned 202. Retrying...
2023-08-31T01:16:08.6648620Z A path returned 202. Retrying...
2023-08-31T01:16:08.6648892Z A path returned 202. Retrying...
2023-08-31T01:16:08.6649159Z A path returned 202. Retrying...
2023-08-31T01:16:08.6649425Z A path returned 202. Retrying...
2023-08-31T01:16:08.6649681Z A path returned 202. Retrying...
2023-08-31T01:16:08.6650060Z A path returned 202. Retrying...
2023-08-31T01:16:08.6650292Z A path returned 202. Retrying...
2023-08-31T01:16:08.6650525Z A path returned 202. Retrying...
2023-08-31T01:16:08.6650762Z A path returned 202. Retrying...
2023-08-31T01:16:08.6650996Z A path returned 202. Retrying...
2023-08-31T01:16:08.6651229Z A path returned 202. Retrying...
2023-08-31T01:16:08.6651461Z A path returned 202. Retrying...
2023-08-31T01:16:08.6651680Z A path returned 202. Retrying...
2023-08-31T01:16:08.6651912Z A path returned 202. Retrying...
2023-08-31T01:16:08.6652146Z A path returned 202. Retrying...
2023-08-31T01:16:08.6652378Z A path returned 202. Retrying...
2023-08-31T01:16:08.6652610Z A path returned 202. Retrying...
2023-08-31T01:16:08.6652925Z A path returned 202. Retrying...
2023-08-31T01:16:08.6653161Z A path returned 202. Retrying...
2023-08-31T01:16:08.6653381Z A path returned 202. Retrying...
2023-08-31T01:16:08.6653615Z A path returned 202. Retrying...
2023-08-31T01:16:08.6653847Z A path returned 202. Retrying...
2023-08-31T01:16:08.6654078Z A path returned 202. Retrying...
2023-08-31T01:16:08.6654315Z A path returned 202. Retrying...
2023-08-31T01:16:08.6654560Z A path returned 202. Retrying...
2023-08-31T01:16:08.6654794Z A path returned 202. Retrying...
2023-08-31T01:16:08.6655026Z A path returned 202. Retrying...
2023-08-31T01:16:08.6655246Z A path returned 202. Retrying...
2023-08-31T01:16:08.6655480Z A path returned 202. Retrying...
2023-08-31T01:16:08.6655712Z A path returned 202. Retrying...
2023-08-31T01:16:08.6655946Z A path returned 202. Retrying...
2023-08-31T01:16:08.6656178Z A path returned 202. Retrying...
2023-08-31T01:16:08.6656412Z A path returned 202. Retrying...
2023-08-31T01:16:08.6656646Z A path returned 202. Retrying...
2023-08-31T01:16:08.6656884Z A path returned 202. Retrying...
2023-08-31T01:16:08.6657103Z A path returned 202. Retrying...
2023-08-31T01:16:08.6657336Z A path returned 202. Retrying...
2023-08-31T01:16:08.6657652Z A path returned 202. Retrying...
2023-08-31T01:16:08.6657891Z A path returned 202. Retrying...
2023-08-31T01:16:08.6658129Z A path returned 202. Retrying...
2023-08-31T01:16:08.6658364Z A path returned 202. Retrying...
2023-08-31T01:16:08.6658606Z A path returned 202. Retrying...
2023-08-31T01:16:08.6658829Z A path returned 202. Retrying...
2023-08-31T01:16:08.6659066Z A path returned 202. Retrying...
2023-08-31T01:16:08.6659302Z A path returned 202. Retrying...
2023-08-31T01:16:08.6659538Z A path returned 202. Retrying...
2023-08-31T01:16:08.6659774Z A path returned 202. Retrying...
2023-08-31T01:16:08.6660005Z A path returned 202. Retrying...
2023-08-31T01:16:08.6660242Z A path returned 202. Retrying...
2023-08-31T01:16:08.6660649Z A path returned 202. Retrying...
2023-08-31T01:16:08.6660907Z A path returned 202. Retrying...
2023-08-31T01:16:08.6661173Z A path returned 202. Retrying...
2023-08-31T01:16:08.6661439Z A path returned 202. Retrying...
2023-08-31T01:16:08.6661704Z A path returned 202. Retrying...
2023-08-31T01:16:08.6661979Z A path returned 202. Retrying...
2023-08-31T01:16:08.6662246Z A path returned 202. Retrying...
2023-08-31T01:16:08.6662513Z A path returned 202. Retrying...
2023-08-31T01:16:08.6662894Z A path returned 202. Retrying...
2023-08-31T01:16:08.6663151Z A path returned 202. Retrying...
2023-08-31T01:16:08.6663422Z A path returned 202. Retrying...
2023-08-31T01:16:08.6663691Z A path returned 202. Retrying...
2023-08-31T01:16:08.6663960Z A path returned 202. Retrying...
2023-08-31T01:16:08.6664230Z A path returned 202. Retrying...
2023-08-31T01:16:08.6664502Z A path returned 202. Retrying...
2023-08-31T01:16:08.6664771Z A path returned 202. Retrying...
2023-08-31T01:16:08.6665023Z A path returned 202. Retrying...
2023-08-31T01:16:08.6665291Z A path returned 202. Retrying...
2023-08-31T01:16:08.6665563Z A path returned 202. Retrying...
2023-08-31T01:16:08.6665829Z A path returned 202. Retrying...
2023-08-31T01:16:08.6666094Z A path returned 202. Retrying...
2023-08-31T01:16:08.6666359Z A path returned 202. Retrying...
2023-08-31T01:25:04.5300158Z A path returned 202. Retrying...
2023-08-31T01:25:04.5301175Z A path returned 202. Retrying...
2023-08-31T01:25:04.5301995Z A path returned 202. Retrying...
2023-08-31T01:25:04.5302676Z A path returned 202. Retrying...
2023-08-31T01:25:04.5303303Z A path returned 202. Retrying...
2023-08-31T01:25:04.5303916Z A path returned 202. Retrying...
2023-08-31T01:25:04.5304526Z A path returned 202. Retrying...
2023-08-31T01:25:04.5305139Z A path returned 202. Retrying...
2023-08-31T01:25:04.5305751Z A path returned 202. Retrying...
2023-08-31T01:25:04.5306349Z A path returned 202. Retrying...
2023-08-31T01:25:04.5306952Z A path returned 202. Retrying...
2023-08-31T01:25:04.5307559Z A path returned 202. Retrying...
2023-08-31T01:25:04.5309292Z A path returned 202. Retrying...
2023-08-31T01:25:04.5309938Z A path returned 202. Retrying...
2023-08-31T01:25:04.5310555Z A path returned 202. Retrying...
2023-08-31T01:25:04.5311172Z A path returned 202. Retrying...
2023-08-31T01:25:04.5311784Z A path returned 202. Retrying...
2023-08-31T01:25:04.5312399Z A path returned 202. Retrying...
2023-08-31T01:25:04.5313006Z A path returned 202. Retrying...
2023-08-31T01:25:04.5313632Z A path returned 202. Retrying...
2023-08-31T01:25:04.5314238Z A path returned 202. Retrying...
2023-08-31T01:25:04.5314848Z A path returned 202. Retrying...
2023-08-31T01:25:04.5315455Z A path returned 202. Retrying...
2023-08-31T01:25:04.5316067Z A path returned 202. Retrying...
2023-08-31T01:25:04.5316667Z A path returned 202. Retrying...
2023-08-31T01:25:04.5317259Z A path returned 202. Retrying...
2023-08-31T01:25:04.5317880Z A path returned 202. Retrying...
2023-08-31T01:25:04.5318498Z A path returned 202. Retrying...
2023-08-31T01:25:04.5319113Z A path returned 202. Retrying...
2023-08-31T01:25:04.5319735Z A path returned 202. Retrying...
2023-08-31T01:25:04.5320346Z A path returned 202. Retrying...
2023-08-31T01:25:04.5320960Z A path returned 202. Retrying...
2023-08-31T01:25:04.5321567Z A path returned 202. Retrying...
2023-08-31T01:25:04.5322174Z A path returned 202. Retrying...
2023-08-31T01:25:04.5322784Z A path returned 202. Retrying...
2023-08-31T01:25:04.5323400Z A path returned 202. Retrying...
2023-08-31T01:25:04.5324018Z A path returned 202. Retrying...
2023-08-31T01:25:04.5324611Z A path returned 202. Retrying...
2023-08-31T01:25:04.5325221Z A path returned 202. Retrying...
2023-08-31T01:25:04.5325847Z A path returned 202. Retrying...
2023-08-31T01:25:04.5326469Z A path returned 202. Retrying...
2023-08-31T01:25:04.5327084Z A path returned 202. Retrying...
2023-08-31T01:25:04.5327694Z A path returned 202. Retrying...
2023-08-31T01:25:04.5328307Z A path returned 202. Retrying...
2023-08-31T01:25:04.5328921Z A path returned 202. Retrying...
2023-08-31T01:25:04.5329524Z A path returned 202. Retrying...
2023-08-31T01:25:04.5330136Z A path returned 202. Retrying...
2023-08-31T01:25:04.5330740Z A path returned 202. Retrying...
2023-08-31T01:25:04.5331343Z A path returned 202. Retrying...
2023-08-31T01:25:04.5331933Z A path returned 202. Retrying...
2023-08-31T01:25:04.5332534Z A path returned 202. Retrying...
2023-08-31T01:25:04.5333145Z A path returned 202. Retrying...
2023-08-31T01:25:04.5334558Z A path returned 202. Retrying...
2023-08-31T01:25:04.5361165Z A path returned 202. Retrying...
2023-08-31T01:25:04.5365051Z A path returned 202. Retrying...
2023-08-31T01:25:04.5365587Z A path returned 202. Retrying...
2023-08-31T01:25:04.5366106Z A path returned 202. Retrying...
2023-08-31T01:25:04.5366601Z A path returned 202. Retrying...
2023-08-31T01:25:04.5367113Z A path returned 202. Retrying...
2023-08-31T01:25:04.5367612Z A path returned 202. Retrying...
2023-08-31T01:25:04.5368115Z A path returned 202. Retrying...
2023-08-31T01:25:04.5368621Z A path returned 202. Retrying...
2023-08-31T01:25:04.5369143Z A path returned 202. Retrying...
2023-08-31T01:25:04.5369646Z A path returned 202. Retrying...
2023-08-31T01:25:04.5370146Z A path returned 202. Retrying...
2023-08-31T01:25:04.5370626Z A path returned 202. Retrying...
2023-08-31T01:25:04.5371112Z A path returned 202. Retrying...
2023-08-31T01:25:04.5371603Z A path returned 202. Retrying...
2023-08-31T01:25:04.5372100Z A path returned 202. Retrying...
2023-08-31T01:25:04.5372610Z A path returned 202. Retrying...
2023-08-31T01:25:04.5373105Z A path returned 202. Retrying...
2023-08-31T01:25:04.5373603Z A path returned 202. Retrying...
2023-08-31T01:25:04.5374101Z A path returned 202. Retrying...
2023-08-31T01:25:04.5374582Z A path returned 202. Retrying...
2023-08-31T01:25:04.5375067Z A path returned 202. Retrying...
2023-08-31T01:25:04.5375553Z A path returned 202. Retrying...
2023-08-31T01:25:04.5376042Z A path returned 202. Retrying...
2023-08-31T01:25:04.5376539Z A path returned 202. Retrying...
2023-08-31T01:25:04.5377037Z A path returned 202. Retrying...
2023-08-31T01:25:04.5378159Z A path returned 202. Retrying...
2023-08-31T01:25:04.5378664Z A path returned 202. Retrying...
2023-08-31T01:25:04.5379170Z A path returned 202. Retrying...
2023-08-31T01:25:04.5379669Z A path returned 202. Retrying...
2023-08-31T01:25:04.5380172Z A path returned 202. Retrying...
2023-08-31T01:25:04.5380672Z A path returned 202. Retrying...
2023-08-31T01:25:04.5381187Z A path returned 202. Retrying...
2023-08-31T01:25:04.5381682Z A path returned 202. Retrying...
2023-08-31T01:25:04.5382178Z A path returned 202. Retrying...
2023-08-31T01:25:04.5382660Z A path returned 202. Retrying...
2023-08-31T01:25:04.5383160Z A path returned 202. Retrying...
2023-08-31T01:25:04.5383657Z A path returned 202. Retrying...
2023-08-31T01:25:04.5384155Z A path returned 202. Retrying...
2023-08-31T01:25:04.5384653Z A path returned 202. Retrying...
2023-08-31T01:25:04.5385149Z A path returned 202. Retrying...
2023-08-31T01:25:04.5385645Z A path returned 202. Retrying...
2023-08-31T01:25:04.5386151Z A path returned 202. Retrying...
2023-08-31T01:25:04.5386630Z A path returned 202. Retrying...
2023-08-31T01:25:04.5387121Z A path returned 202. Retrying...
2023-08-31T01:25:04.5387621Z A path returned 202. Retrying...
2023-08-31T01:25:04.5388115Z A path returned 202. Retrying...
2023-08-31T01:25:04.5388613Z A path returned 202. Retrying...
2023-08-31T01:25:04.5389107Z A path returned 202. Retrying...
2023-08-31T01:25:04.5389615Z A path returned 202. Retrying...
2023-08-31T01:25:04.5390091Z A path returned 202. Retrying...
2023-08-31T01:25:04.5390588Z A path returned 202. Retrying...
2023-08-31T01:25:04.5391087Z A path returned 202. Retrying...
2023-08-31T01:25:04.5391579Z A path returned 202. Retrying...
2023-08-31T01:25:04.5392074Z A path returned 202. Retrying...
2023-08-31T01:25:04.5392571Z A path returned 202. Retrying...
2023-08-31T01:25:04.5393063Z A path returned 202. Retrying...
2023-08-31T01:25:04.5393556Z A path returned 202. Retrying...
2023-08-31T01:25:04.5394037Z A path returned 202. Retrying...
2023-08-31T01:25:04.5394542Z A path returned 202. Retrying...
2023-08-31T01:25:04.5395035Z A path returned 202. Retrying...
2023-08-31T01:25:04.5395530Z A path returned 202. Retrying...
2023-08-31T01:25:04.5396024Z A path returned 202. Retrying...
2023-08-31T01:25:04.5396521Z A path returned 202. Retrying...
2023-08-31T01:25:04.5397017Z A path returned 202. Retrying...
2023-08-31T01:25:04.5397737Z A path returned 202. Retrying...
2023-08-31T01:25:04.5398222Z A path returned 202. Retrying...
2023-08-31T01:25:04.5398717Z A path returned 202. Retrying...
2023-08-31T01:25:04.5399220Z A path returned 202. Retrying...
2023-08-31T01:25:04.5399720Z A path returned 202. Retrying...
2023-08-31T01:25:04.5400220Z A path returned 202. Retrying...
2023-08-31T01:25:04.5400720Z A path returned 202. Retrying...
2023-08-31T01:25:04.5401219Z A path returned 202. Retrying...
2023-08-31T01:25:04.5401722Z A path returned 202. Retrying...
2023-08-31T01:25:04.5402201Z A path returned 202. Retrying...
2023-08-31T01:25:04.5402710Z A path returned 202. Retrying...
2023-08-31T01:25:04.5403317Z A path returned 202. Retrying...
2023-08-31T01:25:04.5403643Z A path returned 202. Retrying...
2023-08-31T01:25:04.5403967Z A path returned 202. Retrying...
2023-08-31T01:25:04.5404292Z A path returned 202. Retrying...
2023-08-31T01:25:04.5404618Z A path returned 202. Retrying...
2023-08-31T01:25:04.5404929Z A path returned 202. Retrying...
2023-08-31T01:25:04.5405262Z A path returned 202. Retrying...
2023-08-31T01:25:04.5405588Z A path returned 202. Retrying...
2023-08-31T01:25:04.5405911Z A path returned 202. Retrying...
2023-08-31T01:25:04.5406238Z A path returned 202. Retrying...
2023-08-31T01:25:04.5406564Z A path returned 202. Retrying...
2023-08-31T01:25:04.5406893Z A path returned 202. Retrying...
2023-08-31T01:25:04.5407216Z A path returned 202. Retrying...
2023-08-31T01:25:04.5407527Z A path returned 202. Retrying...
2023-08-31T01:25:04.5407853Z A path returned 202. Retrying...
2023-08-31T01:25:04.5408181Z A path returned 202. Retrying...
2023-08-31T01:25:04.5408661Z A path returned 202. Retrying...
2023-08-31T01:25:04.5408998Z A path returned 202. Retrying...
2023-08-31T01:25:04.5409327Z A path returned 202. Retrying...
2023-08-31T01:25:04.5409657Z A path returned 202. Retrying...
2023-08-31T01:25:04.5409986Z A path returned 202. Retrying...
2023-08-31T01:25:04.5410299Z A path returned 202. Retrying...
2023-08-31T01:25:04.5410627Z A path returned 202. Retrying...
2023-08-31T01:25:04.5410963Z A path returned 202. Retrying...
2023-08-31T01:25:04.5411294Z A path returned 202. Retrying...
2023-08-31T01:25:04.5411625Z A path returned 202. Retrying...
2023-08-31T01:25:04.5411954Z A path returned 202. Retrying...
2023-08-31T01:25:04.5412279Z A path returned 202. Retrying...
2023-08-31T01:25:04.5412691Z A path returned 202. Retrying...
2023-08-31T01:25:04.5412959Z A path returned 202. Retrying...
2023-08-31T01:25:04.5413225Z A path returned 202. Retrying...
2023-08-31T01:25:04.5413494Z A path returned 202. Retrying...
2023-08-31T01:25:04.5413768Z A path returned 202. Retrying...
2023-08-31T01:25:04.5414040Z A path returned 202. Retrying...
2023-08-31T01:25:04.5414307Z A path returned 202. Retrying...
2023-08-31T01:25:04.5414575Z A path returned 202. Retrying...
2023-08-31T01:25:04.5414827Z A path returned 202. Retrying...
2023-08-31T01:25:04.5415092Z A path returned 202. Retrying...
2023-08-31T01:25:04.5415361Z A path returned 202. Retrying...
2023-08-31T01:25:04.5415636Z A path returned 202. Retrying...
2023-08-31T01:25:04.5415905Z A path returned 202. Retrying...
2023-08-31T01:25:04.5416173Z A path returned 202. Retrying...
2023-08-31T01:25:04.5416441Z A path returned 202. Retrying...
2023-08-31T01:25:04.5416707Z A path returned 202. Retrying...
2023-08-31T01:25:04.5416963Z A path returned 202. Retrying...
2023-08-31T01:25:04.5417229Z A path returned 202. Retrying...
2023-08-31T01:25:04.5417808Z A path returned 202. Retrying...
2023-08-31T01:25:04.5418051Z A path returned 202. Retrying...
2023-08-31T01:25:04.5418289Z A path returned 202. Retrying...
2023-08-31T01:25:04.5418532Z A path returned 202. Retrying...
2023-08-31T01:25:04.5418770Z A path returned 202. Retrying...
2023-08-31T01:25:04.5418991Z A path returned 202. Retrying...
2023-08-31T01:25:04.5419230Z A path returned 202. Retrying...
2023-08-31T01:25:04.5419469Z A path returned 202. Retrying...
2023-08-31T01:25:04.5419707Z A path returned 202. Retrying...
2023-08-31T01:25:04.5419944Z A path returned 202. Retrying...
2023-08-31T01:25:04.5420318Z A path returned 202. Retrying...
2023-08-31T01:25:04.5420556Z A path returned 202. Retrying...
2023-08-31T01:25:04.5420797Z A path returned 202. Retrying...
2023-08-31T01:25:04.5421021Z A path returned 202. Retrying...
2023-08-31T01:25:04.5421259Z A path returned 202. Retrying...
2023-08-31T01:25:04.5421500Z A path returned 202. Retrying...
2023-08-31T01:25:04.5421737Z A path returned 202. Retrying...
2023-08-31T01:25:04.5421975Z A path returned 202. Retrying...
2023-08-31T01:25:04.5422214Z A path returned 202. Retrying...
2023-08-31T01:25:04.5422456Z A path returned 202. Retrying...
2023-08-31T01:25:04.5422690Z A path returned 202. Retrying...
2023-08-31T01:25:04.5422910Z A path returned 202. Retrying...
2023-08-31T01:25:04.5423142Z A path returned 202. Retrying...
2023-08-31T01:25:04.5423374Z A path returned 202. Retrying...
2023-08-31T01:25:04.5423611Z A path returned 202. Retrying...
2023-08-31T01:25:04.5423844Z A path returned 202. Retrying...
2023-08-31T01:25:04.5424080Z A path returned 202. Retrying...
2023-08-31T01:25:04.5424313Z A path returned 202. Retrying...
2023-08-31T01:25:04.5424533Z A path returned 202. Retrying...
2023-08-31T01:25:04.5424768Z A path returned 202. Retrying...
2023-08-31T01:25:04.5424999Z A path returned 202. Retrying...
2023-08-31T01:25:04.5425232Z A path returned 202. Retrying...
2023-08-31T01:25:04.5425465Z A path returned 202. Retrying...
2023-08-31T01:25:04.5425701Z A path returned 202. Retrying...
2023-08-31T01:25:04.5425933Z A path returned 202. Retrying...
2023-08-31T01:25:04.5426166Z A path returned 202. Retrying...
2023-08-31T01:25:04.5426488Z A path returned 202. Retrying...
2023-08-31T01:25:04.5426728Z A path returned 202. Retrying...
2023-08-31T01:25:04.5426962Z A path returned 202. Retrying...
2023-08-31T01:25:04.5427197Z A path returned 202. Retrying...
2023-08-31T01:25:04.5427434Z A path returned 202. Retrying...
2023-08-31T01:25:04.5427671Z A path returned 202. Retrying...
2023-08-31T01:25:04.5427910Z A path returned 202. Retrying...
2023-08-31T01:25:04.5428153Z A path returned 202. Retrying...
2023-08-31T01:25:04.5428375Z A path returned 202. Retrying...
2023-08-31T01:25:04.5428611Z A path returned 202. Retrying...
2023-08-31T01:25:04.5428851Z A path returned 202. Retrying...
2023-08-31T01:25:04.5429083Z A path returned 202. Retrying...
2023-08-31T01:25:04.5429316Z A path returned 202. Retrying...
2023-08-31T01:25:04.5429547Z A path returned 202. Retrying...
2023-08-31T01:25:04.5429781Z A path returned 202. Retrying...
2023-08-31T01:25:04.5430002Z A path returned 202. Retrying...
2023-08-31T01:25:04.5430240Z A path returned 202. Retrying...
2023-08-31T01:25:04.5430470Z A path returned 202. Retrying...
2023-08-31T01:25:04.5430702Z A path returned 202. Retrying...
2023-08-31T01:25:04.5430938Z A path returned 202. Retrying...
2023-08-31T01:25:04.5431171Z A path returned 202. Retrying...
2023-08-31T01:25:04.5431403Z A path returned 202. Retrying...
2023-08-31T01:25:04.5431636Z A path returned 202. Retrying...
2023-08-31T01:25:04.5431861Z A path returned 202. Retrying...
2023-08-31T01:25:04.5432095Z A path returned 202. Retrying...
2023-08-31T01:25:04.5432329Z A path returned 202. Retrying...
2023-08-31T01:25:04.5432562Z A path returned 202. Retrying...
2023-08-31T01:25:04.5432797Z A path returned 202. Retrying...
2023-08-31T01:25:04.5433033Z A path returned 202. Retrying...
2023-08-31T01:25:04.5433265Z A path returned 202. Retrying...
2023-08-31T01:25:04.5433497Z A path returned 202. Retrying...
2023-08-31T01:25:04.5433717Z A path returned 202. Retrying...
2023-08-31T01:25:04.5433950Z A path returned 202. Retrying...
2023-08-31T01:25:04.5434187Z A path returned 202. Retrying...
2023-08-31T01:25:04.5434420Z A path returned 202. Retrying...
2023-08-31T01:25:04.5434654Z A path returned 202. Retrying...
2023-08-31T01:25:04.5434888Z A path returned 202. Retrying...
2023-08-31T01:34:01.4810885Z A path returned 202. Retrying...
2023-08-31T01:34:01.4811571Z A path returned 202. Retrying...
2023-08-31T01:34:01.4812165Z A path returned 202. Retrying...
2023-08-31T01:34:01.4813612Z A path returned 202. Retrying...
2023-08-31T01:34:01.4814189Z A path returned 202. Retrying...
2023-08-31T01:34:01.4814759Z A path returned 202. Retrying...
2023-08-31T01:34:01.4815332Z A path returned 202. Retrying...
2023-08-31T01:34:01.4815913Z A path returned 202. Retrying...
2023-08-31T01:34:01.4816468Z A path returned 202. Retrying...
2023-08-31T01:34:01.4817033Z A path returned 202. Retrying...
2023-08-31T01:34:01.4817914Z A path returned 202. Retrying...
2023-08-31T01:34:01.4818489Z A path returned 202. Retrying...
2023-08-31T01:34:01.4819077Z A path returned 202. Retrying...
2023-08-31T01:34:01.4819646Z A path returned 202. Retrying...
2023-08-31T01:34:01.4820207Z A path returned 202. Retrying...
2023-08-31T01:34:01.4820757Z A path returned 202. Retrying...
2023-08-31T01:34:01.4821323Z A path returned 202. Retrying...
2023-08-31T01:34:01.4821891Z A path returned 202. Retrying...
2023-08-31T01:34:01.4822458Z A path returned 202. Retrying...
2023-08-31T01:34:01.4823034Z A path returned 202. Retrying...
2023-08-31T01:34:01.4823604Z A path returned 202. Retrying...
2023-08-31T01:34:01.4824168Z A path returned 202. Retrying...
2023-08-31T01:34:01.4824728Z A path returned 202. Retrying...
2023-08-31T01:34:01.4825279Z A path returned 202. Retrying...
2023-08-31T01:34:01.4825838Z A path returned 202. Retrying...
2023-08-31T01:34:01.4826401Z A path returned 202. Retrying...
2023-08-31T01:34:01.4826967Z A path returned 202. Retrying...
2023-08-31T01:34:01.4827534Z A path returned 202. Retrying...
2023-08-31T01:34:01.4828100Z A path returned 202. Retrying...
2023-08-31T01:34:01.4828928Z A path returned 202. Retrying...
2023-08-31T01:34:01.4829504Z A path returned 202. Retrying...
2023-08-31T01:34:01.4830053Z A path returned 202. Retrying...
2023-08-31T01:34:01.4830613Z A path returned 202. Retrying...
2023-08-31T01:34:01.4831178Z A path returned 202. Retrying...
2023-08-31T01:34:01.4831743Z A path returned 202. Retrying...
2023-08-31T01:34:01.4832306Z A path returned 202. Retrying...
2023-08-31T01:34:01.4832882Z A path returned 202. Retrying...
2023-08-31T01:34:01.4833443Z A path returned 202. Retrying...
2023-08-31T01:34:01.4833992Z A path returned 202. Retrying...
2023-08-31T01:34:01.4834556Z A path returned 202. Retrying...
2023-08-31T01:34:01.4835116Z A path returned 202. Retrying...
2023-08-31T01:34:01.4835682Z A path returned 202. Retrying...
2023-08-31T01:34:01.4836244Z A path returned 202. Retrying...
2023-08-31T01:34:01.4836809Z A path returned 202. Retrying...
2023-08-31T01:34:01.4837370Z A path returned 202. Retrying...
2023-08-31T01:34:01.4837947Z A path returned 202. Retrying...
2023-08-31T01:34:01.4838493Z A path returned 202. Retrying...
2023-08-31T01:34:01.4839063Z A path returned 202. Retrying...
2023-08-31T01:34:01.4839630Z A path returned 202. Retrying...
2023-08-31T01:34:01.4840194Z A path returned 202. Retrying...
2023-08-31T01:34:01.4840756Z A path returned 202. Retrying...
2023-08-31T01:34:01.4841319Z A path returned 202. Retrying...
2023-08-31T01:34:01.4841893Z A path returned 202. Retrying...
2023-08-31T01:34:01.4842461Z A path returned 202. Retrying...
2023-08-31T01:34:01.4843008Z A path returned 202. Retrying...
2023-08-31T01:34:01.4843571Z A path returned 202. Retrying...
2023-08-31T01:34:01.4844135Z A path returned 202. Retrying...
2023-08-31T01:34:01.4844700Z A path returned 202. Retrying...
2023-08-31T01:34:01.4845269Z A path returned 202. Retrying...
2023-08-31T01:34:01.4845842Z A path returned 202. Retrying...
2023-08-31T01:34:01.4846408Z A path returned 202. Retrying...
2023-08-31T01:34:01.4846956Z A path returned 202. Retrying...
2023-08-31T01:34:01.4847534Z A path returned 202. Retrying...
2023-08-31T01:34:01.4848100Z A path returned 202. Retrying...
2023-08-31T01:34:01.4848659Z A path returned 202. Retrying...
2023-08-31T01:34:01.4849223Z A path returned 202. Retrying...
2023-08-31T01:34:01.4849784Z A path returned 202. Retrying...
2023-08-31T01:34:01.4850420Z A path returned 202. Retrying...
2023-08-31T01:34:01.4850980Z A path returned 202. Retrying...
2023-08-31T01:34:01.4851778Z A path returned 202. Retrying...
2023-08-31T01:34:01.4852340Z A path returned 202. Retrying...
2023-08-31T01:34:01.4852909Z A path returned 202. Retrying...
2023-08-31T01:34:01.4853470Z A path returned 202. Retrying...
2023-08-31T01:34:01.4854029Z A path returned 202. Retrying...
2023-08-31T01:34:01.4854591Z A path returned 202. Retrying...
2023-08-31T01:34:01.4855155Z A path returned 202. Retrying...
2023-08-31T01:34:01.4855713Z A path returned 202. Retrying...
2023-08-31T01:34:01.4856257Z A path returned 202. Retrying...
2023-08-31T01:34:01.4856830Z A path returned 202. Retrying...
2023-08-31T01:34:01.4857396Z A path returned 202. Retrying...
2023-08-31T01:34:01.4858125Z A path returned 202. Retrying...
2023-08-31T01:34:01.4858687Z A path returned 202. Retrying...
2023-08-31T01:34:01.4859247Z A path returned 202. Retrying...
2023-08-31T01:34:01.4859810Z A path returned 202. Retrying...
2023-08-31T01:34:01.4860360Z A path returned 202. Retrying...
2023-08-31T01:34:01.4860935Z A path returned 202. Retrying...
2023-08-31T01:34:01.4861494Z A path returned 202. Retrying...
2023-08-31T01:34:01.4862059Z A path returned 202. Retrying...
2023-08-31T01:34:01.4862620Z A path returned 202. Retrying...
2023-08-31T01:34:01.4863182Z A path returned 202. Retrying...
2023-08-31T01:34:01.4863749Z A path returned 202. Retrying...
2023-08-31T01:34:01.4864309Z A path returned 202. Retrying...
2023-08-31T01:34:01.4864860Z A path returned 202. Retrying...
2023-08-31T01:34:01.4865423Z A path returned 202. Retrying...
2023-08-31T01:34:01.4865985Z A path returned 202. Retrying...
2023-08-31T01:34:01.4866765Z A path returned 202. Retrying...
2023-08-31T01:34:01.4867344Z A path returned 202. Retrying...
2023-08-31T01:34:01.4867910Z A path returned 202. Retrying...
2023-08-31T01:34:01.4868475Z A path returned 202. Retrying...
2023-08-31T01:34:01.4869036Z A path returned 202. Retrying...
2023-08-31T01:34:01.4869584Z A path returned 202. Retrying...
2023-08-31T01:34:01.4870144Z A path returned 202. Retrying...
2023-08-31T01:34:01.4870720Z A path returned 202. Retrying...
2023-08-31T01:34:01.4871283Z A path returned 202. Retrying...
2023-08-31T01:34:01.4871847Z A path returned 202. Retrying...
2023-08-31T01:34:01.4872409Z A path returned 202. Retrying...
2023-08-31T01:34:01.4872975Z A path returned 202. Retrying...
2023-08-31T01:34:01.4873523Z A path returned 202. Retrying...
2023-08-31T01:34:01.4874086Z A path returned 202. Retrying...
2023-08-31T01:34:01.4874730Z A path returned 202. Retrying...
2023-08-31T01:34:01.4875292Z A path returned 202. Retrying...
2023-08-31T01:34:01.4875871Z A path returned 202. Retrying...
2023-08-31T01:34:01.4876434Z A path returned 202. Retrying...
2023-08-31T01:34:01.4876995Z A path returned 202. Retrying...
2023-08-31T01:34:01.4877555Z A path returned 202. Retrying...
2023-08-31T01:34:01.4878103Z A path returned 202. Retrying...
2023-08-31T01:34:01.4878666Z A path returned 202. Retrying...
2023-08-31T01:34:01.4879230Z A path returned 202. Retrying...
2023-08-31T01:34:01.4879807Z A path returned 202. Retrying...
2023-08-31T01:34:01.4880360Z A path returned 202. Retrying...
2023-08-31T01:34:01.4880686Z A path returned 202. Retrying...
2023-08-31T01:34:01.4881011Z A path returned 202. Retrying...
2023-08-31T01:34:01.4881338Z A path returned 202. Retrying...
2023-08-31T01:34:01.4881650Z A path returned 202. Retrying...
2023-08-31T01:34:01.4881976Z A path returned 202. Retrying...
2023-08-31T01:34:01.4882302Z A path returned 202. Retrying...
2023-08-31T01:34:01.4882629Z A path returned 202. Retrying...
2023-08-31T01:34:01.4882955Z A path returned 202. Retrying...
2023-08-31T01:34:01.4883283Z A path returned 202. Retrying...
2023-08-31T01:34:01.4883610Z A path returned 202. Retrying...
2023-08-31T01:34:01.4883935Z A path returned 202. Retrying...
2023-08-31T01:34:01.4884247Z A path returned 202. Retrying...
2023-08-31T01:34:01.4884571Z A path returned 202. Retrying...
2023-08-31T01:34:01.4884896Z A path returned 202. Retrying...
2023-08-31T01:34:01.4885224Z A path returned 202. Retrying...
2023-08-31T01:34:01.4885689Z A path returned 202. Retrying...
2023-08-31T01:34:01.4886011Z A path returned 202. Retrying...
2023-08-31T01:34:01.4886336Z A path returned 202. Retrying...
2023-08-31T01:34:01.4886650Z A path returned 202. Retrying...
2023-08-31T01:34:01.4886974Z A path returned 202. Retrying...
2023-08-31T01:34:01.4887298Z A path returned 202. Retrying...
2023-08-31T01:34:01.4887628Z A path returned 202. Retrying...
2023-08-31T01:34:01.4887957Z A path returned 202. Retrying...
2023-08-31T01:34:01.4888384Z A path returned 202. Retrying...
2023-08-31T01:34:01.4888691Z A path returned 202. Retrying...
2023-08-31T01:34:01.4888993Z A path returned 202. Retrying...
2023-08-31T01:34:01.4889282Z A path returned 202. Retrying...
2023-08-31T01:34:01.4889584Z A path returned 202. Retrying...
2023-08-31T01:34:01.4889888Z A path returned 202. Retrying...
2023-08-31T01:34:01.4890192Z A path returned 202. Retrying...
2023-08-31T01:34:01.4890494Z A path returned 202. Retrying...
2023-08-31T01:34:01.4890799Z A path returned 202. Retrying...
2023-08-31T01:34:01.4891102Z A path returned 202. Retrying...
2023-08-31T01:34:01.4891405Z A path returned 202. Retrying...
2023-08-31T01:34:01.4891694Z A path returned 202. Retrying...
2023-08-31T01:34:01.4891994Z A path returned 202. Retrying...
2023-08-31T01:34:01.4892296Z A path returned 202. Retrying...
2023-08-31T01:34:01.4892598Z A path returned 202. Retrying...
2023-08-31T01:34:01.4892902Z A path returned 202. Retrying...
2023-08-31T01:34:01.4893203Z A path returned 202. Retrying...
2023-08-31T01:34:01.4893504Z A path returned 202. Retrying...
2023-08-31T01:34:01.4894180Z A path returned 202. Retrying...
2023-08-31T01:34:01.4894494Z A path returned 202. Retrying...
2023-08-31T01:34:01.4894795Z A path returned 202. Retrying...
2023-08-31T01:34:01.4895098Z A path returned 202. Retrying...
2023-08-31T01:34:01.4895401Z A path returned 202. Retrying...
2023-08-31T01:34:01.4895702Z A path returned 202. Retrying...
2023-08-31T01:34:01.4896002Z A path returned 202. Retrying...
2023-08-31T01:34:01.4896407Z A path returned 202. Retrying...
2023-08-31T01:34:01.4896658Z A path returned 202. Retrying...
2023-08-31T01:34:01.4896925Z A path returned 202. Retrying...
2023-08-31T01:34:01.4897196Z A path returned 202. Retrying...
2023-08-31T01:34:01.4897545Z A path returned 202. Retrying...
2023-08-31T01:34:01.4897916Z A path returned 202. Retrying...
2023-08-31T01:34:01.4898151Z A path returned 202. Retrying...
2023-08-31T01:34:01.4898635Z A path returned 202. Retrying...
2023-08-31T01:34:01.4898959Z A path returned 202. Retrying...
2023-08-31T01:34:01.4899283Z A path returned 202. Retrying...
2023-08-31T01:34:01.4899612Z A path returned 202. Retrying...
2023-08-31T01:34:01.4899935Z A path returned 202. Retrying...
2023-08-31T01:34:01.4900260Z A path returned 202. Retrying...
2023-08-31T01:34:01.4900585Z A path returned 202. Retrying...
2023-08-31T01:34:01.4900908Z A path returned 202. Retrying...
2023-08-31T01:34:01.4901232Z A path returned 202. Retrying...
2023-08-31T01:34:01.4901548Z A path returned 202. Retrying...
2023-08-31T01:34:01.4901872Z A path returned 202. Retrying...
2023-08-31T01:34:01.4902201Z A path returned 202. Retrying...
2023-08-31T01:34:01.4902526Z A path returned 202. Retrying...
2023-08-31T01:34:01.4902858Z A path returned 202. Retrying...
2023-08-31T01:34:01.4903182Z A path returned 202. Retrying...
2023-08-31T01:34:01.4903506Z A path returned 202. Retrying...
2023-08-31T01:34:01.4903831Z A path returned 202. Retrying...
2023-08-31T01:34:01.4904141Z A path returned 202. Retrying...
2023-08-31T01:34:01.4904462Z A path returned 202. Retrying...
2023-08-31T01:34:01.4904794Z A path returned 202. Retrying...
2023-08-31T01:34:01.4905118Z A path returned 202. Retrying...
2023-08-31T01:34:01.4905447Z A path returned 202. Retrying...
2023-08-31T01:34:01.4905771Z A path returned 202. Retrying...
2023-08-31T01:34:01.4906096Z A path returned 202. Retrying...
2023-08-31T01:34:01.4906423Z A path returned 202. Retrying...
2023-08-31T01:34:01.4906733Z A path returned 202. Retrying...
2023-08-31T01:34:01.4907207Z A path returned 202. Retrying...
2023-08-31T01:34:01.4907535Z A path returned 202. Retrying...
2023-08-31T01:34:01.4907862Z A path returned 202. Retrying...
2023-08-31T01:34:01.4908188Z A path returned 202. Retrying...
2023-08-31T01:34:01.4908512Z A path returned 202. Retrying...
2023-08-31T01:34:01.4908836Z A path returned 202. Retrying...
2023-08-31T01:34:01.4909147Z A path returned 202. Retrying...
2023-08-31T01:34:01.4909479Z A path returned 202. Retrying...
2023-08-31T01:34:01.4909912Z A path returned 202. Retrying...
2023-08-31T01:34:01.4910345Z A path returned 202. Retrying...
2023-08-31T01:34:01.4910578Z A path returned 202. Retrying...
2023-08-31T01:34:01.4910813Z A path returned 202. Retrying...
2023-08-31T01:34:01.4911045Z A path returned 202. Retrying...
2023-08-31T01:34:01.4911277Z A path returned 202. Retrying...
2023-08-31T01:34:01.4911496Z A path returned 202. Retrying...
2023-08-31T01:34:01.4911727Z A path returned 202. Retrying...
2023-08-31T01:34:01.4911964Z A path returned 202. Retrying...
2023-08-31T01:34:01.4912197Z A path returned 202. Retrying...
2023-08-31T01:34:01.4912430Z A path returned 202. Retrying...
2023-08-31T01:34:01.4912662Z A path returned 202. Retrying...
2023-08-31T01:34:01.4912894Z A path returned 202. Retrying...
2023-08-31T01:34:01.4913125Z A path returned 202. Retrying...
2023-08-31T01:34:01.4913344Z A path returned 202. Retrying...
2023-08-31T01:34:01.4913577Z A path returned 202. Retrying...
2023-08-31T01:34:01.4913812Z A path returned 202. Retrying...
2023-08-31T01:34:01.4914045Z A path returned 202. Retrying...
2023-08-31T01:34:01.4914408Z A path returned 202. Retrying...
2023-08-31T01:34:01.4914646Z A path returned 202. Retrying...
2023-08-31T01:34:01.4914879Z A path returned 202. Retrying...
2023-08-31T01:34:01.4915099Z A path returned 202. Retrying...
2023-08-31T01:34:01.4915331Z A path returned 202. Retrying...
2023-08-31T01:34:01.4915561Z A path returned 202. Retrying...
2023-08-31T01:34:01.4915796Z A path returned 202. Retrying...
2023-08-31T01:34:01.4916035Z A path returned 202. Retrying...
2023-08-31T01:34:01.4916269Z A path returned 202. Retrying...
2023-08-31T01:34:01.4916500Z A path returned 202. Retrying...
2023-08-31T01:34:01.4916733Z A path returned 202. Retrying...
2023-08-31T01:34:01.4916952Z A path returned 202. Retrying...
2023-08-31T01:34:01.4917183Z A path returned 202. Retrying...
2023-08-31T01:34:01.4917417Z A path returned 202. Retrying...
2023-08-31T01:34:01.4917651Z A path returned 202. Retrying...
2023-08-31T01:34:01.4917885Z A path returned 202. Retrying...
2023-08-31T01:34:01.4918120Z A path returned 202. Retrying...
2023-08-31T01:34:01.4918352Z A path returned 202. Retrying...
2023-08-31T01:34:01.4918584Z A path returned 202. Retrying...
2023-08-31T01:34:01.4918804Z A path returned 202. Retrying...
2023-08-31T01:34:01.4919036Z A path returned 202. Retrying...
2023-08-31T01:42:15.8580255Z A path returned 202. Retrying...
2023-08-31T01:42:15.8581438Z A path returned 202. Retrying...
2023-08-31T01:42:15.8582854Z A path returned 202. Retrying...
2023-08-31T01:42:15.8583540Z A path returned 202. Retrying...
2023-08-31T01:42:15.8584138Z A path returned 202. Retrying...
2023-08-31T01:42:15.8584858Z A path returned 202. Retrying...
2023-08-31T01:42:15.8585432Z A path returned 202. Retrying...
2023-08-31T01:42:15.8586009Z A path returned 202. Retrying...
2023-08-31T01:42:15.8586586Z A path returned 202. Retrying...
2023-08-31T01:42:15.8587163Z A path returned 202. Retrying...
2023-08-31T01:42:15.8587730Z A path returned 202. Retrying...
2023-08-31T01:42:15.8588282Z A path returned 202. Retrying...
2023-08-31T01:42:15.8588874Z A path returned 202. Retrying...
2023-08-31T01:42:15.8589448Z A path returned 202. Retrying...
2023-08-31T01:42:15.8590021Z A path returned 202. Retrying...
2023-08-31T01:42:15.8590589Z A path returned 202. Retrying...
2023-08-31T01:42:15.8591159Z A path returned 202. Retrying...
2023-08-31T01:42:15.8591732Z A path returned 202. Retrying...
2023-08-31T01:42:15.8592304Z A path returned 202. Retrying...
2023-08-31T01:42:15.8593349Z A path returned 202. Retrying...
2023-08-31T01:42:15.8593920Z A path returned 202. Retrying...
2023-08-31T01:42:15.8594488Z A path returned 202. Retrying...
2023-08-31T01:42:15.8595052Z A path returned 202. Retrying...
2023-08-31T01:42:15.8595617Z A path returned 202. Retrying...
2023-08-31T01:42:15.8596187Z A path returned 202. Retrying...
2023-08-31T01:42:15.8596753Z A path returned 202. Retrying...
2023-08-31T01:42:15.8597299Z A path returned 202. Retrying...
2023-08-31T01:42:15.8597868Z A path returned 202. Retrying...
2023-08-31T01:42:15.8598449Z A path returned 202. Retrying...
2023-08-31T01:42:15.8599014Z A path returned 202. Retrying...
2023-08-31T01:42:15.8599583Z A path returned 202. Retrying...
2023-08-31T01:42:15.8600147Z A path returned 202. Retrying...
2023-08-31T01:42:15.8600713Z A path returned 202. Retrying...
2023-08-31T01:42:15.8601279Z A path returned 202. Retrying...
2023-08-31T01:42:15.8601831Z A path returned 202. Retrying...
2023-08-31T01:42:15.8602411Z A path returned 202. Retrying...
2023-08-31T01:42:15.8602976Z A path returned 202. Retrying...
2023-08-31T01:42:15.8603545Z A path returned 202. Retrying...
2023-08-31T01:42:15.8604109Z A path returned 202. Retrying...
2023-08-31T01:42:15.8604677Z A path returned 202. Retrying...
2023-08-31T01:42:15.8605243Z A path returned 202. Retrying...
2023-08-31T01:42:15.8605805Z A path returned 202. Retrying...
2023-08-31T01:42:15.8606350Z A path returned 202. Retrying...
2023-08-31T01:42:15.8606914Z A path returned 202. Retrying...
2023-08-31T01:42:15.8607483Z A path returned 202. Retrying...
2023-08-31T01:42:15.8608285Z A path returned 202. Retrying...
2023-08-31T01:42:15.8608866Z A path returned 202. Retrying...
2023-08-31T01:42:15.8609432Z A path returned 202. Retrying...
2023-08-31T01:42:15.8610005Z A path returned 202. Retrying...
2023-08-31T01:42:15.8610549Z A path returned 202. Retrying...
2023-08-31T01:42:15.8611125Z A path returned 202. Retrying...
2023-08-31T01:42:15.8611688Z A path returned 202. Retrying...
2023-08-31T01:42:15.8612276Z A path returned 202. Retrying...
2023-08-31T01:42:15.8612841Z A path returned 202. Retrying...
2023-08-31T01:42:15.8613408Z A path returned 202. Retrying...
2023-08-31T01:42:15.8613972Z A path returned 202. Retrying...
2023-08-31T01:42:15.8614539Z A path returned 202. Retrying...
2023-08-31T01:42:15.8615094Z A path returned 202. Retrying...
2023-08-31T01:42:15.8615664Z A path returned 202. Retrying...
2023-08-31T01:42:15.8616227Z A path returned 202. Retrying...
2023-08-31T01:42:15.8616794Z A path returned 202. Retrying...
2023-08-31T01:42:15.8617358Z A path returned 202. Retrying...
2023-08-31T01:42:15.8623268Z A path returned 202. Retrying...
2023-08-31T01:42:15.8623864Z A path returned 202. Retrying...
2023-08-31T01:42:15.8624441Z A path returned 202. Retrying...
2023-08-31T01:42:15.8624995Z A path returned 202. Retrying...
2023-08-31T01:42:15.8625562Z A path returned 202. Retrying...
2023-08-31T01:42:15.8626137Z A path returned 202. Retrying...
2023-08-31T01:42:15.8626720Z A path returned 202. Retrying...
2023-08-31T01:42:15.8627298Z A path returned 202. Retrying...
2023-08-31T01:42:15.8627867Z A path returned 202. Retrying...
2023-08-31T01:42:15.8628435Z A path returned 202. Retrying...
2023-08-31T01:42:15.8628983Z A path returned 202. Retrying...
2023-08-31T01:42:15.8629604Z A path returned 202. Retrying...
2023-08-31T01:42:15.8630173Z A path returned 202. Retrying...
2023-08-31T01:42:15.8630736Z A path returned 202. Retrying...
2023-08-31T01:42:15.8631308Z A path returned 202. Retrying...
2023-08-31T01:42:15.8631871Z A path returned 202. Retrying...
2023-08-31T01:42:15.8632452Z A path returned 202. Retrying...
2023-08-31T01:42:15.8633018Z A path returned 202. Retrying...
2023-08-31T01:42:15.8633569Z A path returned 202. Retrying...
2023-08-31T01:42:15.8634134Z A path returned 202. Retrying...
2023-08-31T01:42:15.8634704Z A path returned 202. Retrying...
2023-08-31T01:42:15.8635268Z A path returned 202. Retrying...
2023-08-31T01:42:15.8635834Z A path returned 202. Retrying...
2023-08-31T01:42:15.8636792Z A path returned 202. Retrying...
2023-08-31T01:42:15.8637369Z A path returned 202. Retrying...
2023-08-31T01:42:15.8637936Z A path returned 202. Retrying...
2023-08-31T01:42:15.8638482Z A path returned 202. Retrying...
2023-08-31T01:42:15.8639049Z A path returned 202. Retrying...
2023-08-31T01:42:15.8639617Z A path returned 202. Retrying...
2023-08-31T01:42:15.8640188Z A path returned 202. Retrying...
2023-08-31T01:42:15.8640758Z A path returned 202. Retrying...
2023-08-31T01:42:15.8641330Z A path returned 202. Retrying...
2023-08-31T01:42:15.8641902Z A path returned 202. Retrying...
2023-08-31T01:42:15.8642467Z A path returned 202. Retrying...
2023-08-31T01:42:15.8643043Z A path returned 202. Retrying...
2023-08-31T01:42:15.8643610Z A path returned 202. Retrying...
2023-08-31T01:42:15.8644179Z A path returned 202. Retrying...
2023-08-31T01:42:15.8644747Z A path returned 202. Retrying...
2023-08-31T01:42:15.8645312Z A path returned 202. Retrying...
2023-08-31T01:42:15.8645894Z A path returned 202. Retrying...
2023-08-31T01:42:15.8646462Z A path returned 202. Retrying...
2023-08-31T01:42:15.8647008Z A path returned 202. Retrying...
2023-08-31T01:42:15.8647574Z A path returned 202. Retrying...
2023-08-31T01:42:15.8648140Z A path returned 202. Retrying...
2023-08-31T01:42:15.8648708Z A path returned 202. Retrying...
2023-08-31T01:42:15.8649278Z A path returned 202. Retrying...
2023-08-31T01:42:15.8649845Z A path returned 202. Retrying...
2023-08-31T01:42:15.8650410Z A path returned 202. Retrying...
2023-08-31T01:42:15.8650981Z A path returned 202. Retrying...
2023-08-31T01:42:15.8651759Z A path returned 202. Retrying...
2023-08-31T01:42:15.8652336Z A path returned 202. Retrying...
2023-08-31T01:42:15.8652905Z A path returned 202. Retrying...
2023-08-31T01:42:15.8653473Z A path returned 202. Retrying...
2023-08-31T01:42:15.8654046Z A path returned 202. Retrying...
2023-08-31T01:42:15.8654613Z A path returned 202. Retrying...
2023-08-31T01:42:15.8655182Z A path returned 202. Retrying...
2023-08-31T01:42:15.8655745Z A path returned 202. Retrying...
2023-08-31T01:42:15.8656314Z A path returned 202. Retrying...
2023-08-31T01:42:15.8656876Z A path returned 202. Retrying...
2023-08-31T01:42:15.8657726Z A path returned 202. Retrying...
2023-08-31T01:42:15.8658302Z A path returned 202. Retrying...
2023-08-31T01:42:15.8658873Z A path returned 202. Retrying...
2023-08-31T01:42:15.8660406Z A path returned 202. Retrying...
2023-08-31T01:42:15.8660982Z A path returned 202. Retrying...
2023-08-31T01:42:15.8661534Z A path returned 202. Retrying...
2023-08-31T01:42:15.8662101Z A path returned 202. Retrying...
2023-08-31T01:42:15.8662650Z A path returned 202. Retrying...
2023-08-31T01:42:15.8662960Z A path returned 202. Retrying...
2023-08-31T01:42:15.8663268Z A path returned 202. Retrying...
2023-08-31T01:42:15.8663572Z A path returned 202. Retrying...
2023-08-31T01:42:15.8663879Z A path returned 202. Retrying...
2023-08-31T01:42:15.8664186Z A path returned 202. Retrying...
2023-08-31T01:42:15.8664485Z A path returned 202. Retrying...
2023-08-31T01:42:15.8664789Z A path returned 202. Retrying...
2023-08-31T01:42:15.8665094Z A path returned 202. Retrying...
2023-08-31T01:42:15.8665399Z A path returned 202. Retrying...
2023-08-31T01:42:15.8665708Z A path returned 202. Retrying...
2023-08-31T01:42:15.8666012Z A path returned 202. Retrying...
2023-08-31T01:42:15.8666320Z A path returned 202. Retrying...
2023-08-31T01:42:15.8666609Z A path returned 202. Retrying...
2023-08-31T01:42:15.8667104Z A path returned 202. Retrying...
2023-08-31T01:42:15.8667478Z A path returned 202. Retrying...
2023-08-31T01:42:15.8667718Z A path returned 202. Retrying...
2023-08-31T01:42:15.8667953Z A path returned 202. Retrying...
2023-08-31T01:42:15.8668193Z A path returned 202. Retrying...
2023-08-31T01:42:15.8668427Z A path returned 202. Retrying...
2023-08-31T01:42:15.8668662Z A path returned 202. Retrying...
2023-08-31T01:42:15.8668884Z A path returned 202. Retrying...
2023-08-31T01:42:15.8669121Z A path returned 202. Retrying...
2023-08-31T01:42:15.8669500Z A path returned 202. Retrying...
2023-08-31T01:42:15.8669742Z A path returned 202. Retrying...
2023-08-31T01:42:15.8669979Z A path returned 202. Retrying...
2023-08-31T01:42:15.8670216Z A path returned 202. Retrying...
2023-08-31T01:42:15.8670453Z A path returned 202. Retrying...
2023-08-31T01:42:15.8670691Z A path returned 202. Retrying...
2023-08-31T01:42:15.8670914Z A path returned 202. Retrying...
2023-08-31T01:42:15.8671151Z A path returned 202. Retrying...
2023-08-31T01:42:15.8671387Z A path returned 202. Retrying...
2023-08-31T01:42:15.8671622Z A path returned 202. Retrying...
2023-08-31T01:42:15.8671863Z A path returned 202. Retrying...
2023-08-31T01:42:15.8672099Z A path returned 202. Retrying...
2023-08-31T01:42:15.8672336Z A path returned 202. Retrying...
2023-08-31T01:42:15.8672559Z A path returned 202. Retrying...
2023-08-31T01:42:15.8672795Z A path returned 202. Retrying...
2023-08-31T01:42:15.8673031Z A path returned 202. Retrying...
2023-08-31T01:42:15.8673268Z A path returned 202. Retrying...
2023-08-31T01:42:15.8673507Z A path returned 202. Retrying...
2023-08-31T01:42:15.8673742Z A path returned 202. Retrying...
2023-08-31T01:42:15.8673981Z A path returned 202. Retrying...
2023-08-31T01:42:15.8674217Z A path returned 202. Retrying...
2023-08-31T01:42:15.8674441Z A path returned 202. Retrying...
2023-08-31T01:42:15.8674677Z A path returned 202. Retrying...
2023-08-31T01:42:15.8674912Z A path returned 202. Retrying...
2023-08-31T01:42:15.8675146Z A path returned 202. Retrying...
2023-08-31T01:42:15.8675381Z A path returned 202. Retrying...
2023-08-31T01:42:15.8675736Z A path returned 202. Retrying...
2023-08-31T01:42:15.8675971Z A path returned 202. Retrying...
2023-08-31T01:42:15.8676209Z A path returned 202. Retrying...
2023-08-31T01:42:15.8676430Z A path returned 202. Retrying...
2023-08-31T01:42:15.8676666Z A path returned 202. Retrying...
2023-08-31T01:42:15.8676937Z A path returned 202. Retrying...
2023-08-31T01:42:15.8677173Z A path returned 202. Retrying...
2023-08-31T01:42:15.8677414Z A path returned 202. Retrying...
2023-08-31T01:42:15.8677652Z A path returned 202. Retrying...
2023-08-31T01:42:15.8677890Z A path returned 202. Retrying...
2023-08-31T01:42:15.8678125Z A path returned 202. Retrying...
2023-08-31T01:42:15.8678349Z A path returned 202. Retrying...
2023-08-31T01:42:15.8678590Z A path returned 202. Retrying...
2023-08-31T01:42:15.8678825Z A path returned 202. Retrying...
2023-08-31T01:42:15.8940090Z ##[group]Run git config --global user.name "jstrieb/github-stats"
2023-08-31T01:42:15.8940604Z [36;1mgit config --global user.name "jstrieb/github-stats"[0m
2023-08-31T01:42:15.8941096Z [36;1mgit config --global user.email "github-stats[bot]@jstrieb.github.io"[0m
2023-08-31T01:42:15.8941481Z [36;1mgit add .[0m
2023-08-31T01:42:15.8941866Z [36;1m# Force the build to succeed, even if no files were changed[0m
2023-08-31T01:42:15.8942317Z [36;1mgit commit -m 'Update generated files' || true[0m
2023-08-31T01:42:15.8942666Z [36;1mgit push[0m
2023-08-31T01:42:15.8993240Z shell: /usr/bin/bash -e {0}
2023-08-31T01:42:15.8993521Z env:
2023-08-31T01:42:15.8994018Z   pythonLocation: /opt/hostedtoolcache/Python/3.8.17/x64
2023-08-31T01:42:15.8994481Z   PKG_CONFIG_PATH: /opt/hostedtoolcache/Python/3.8.17/x64/lib/pkgconfig
2023-08-31T01:42:15.8994940Z   Python_ROOT_DIR: /opt/hostedtoolcache/Python/3.8.17/x64
2023-08-31T01:42:15.8995432Z   Python2_ROOT_DIR: /opt/hostedtoolcache/Python/3.8.17/x64
2023-08-31T01:42:15.8995857Z   Python3_ROOT_DIR: /opt/hostedtoolcache/Python/3.8.17/x64
2023-08-31T01:42:15.8996288Z   LD_LIBRARY_PATH: /opt/hostedtoolcache/Python/3.8.17/x64/lib
2023-08-31T01:42:15.8996625Z ##[endgroup]
2023-08-31T01:42:17.0117441Z [master 09d462b] Update generated files
2023-08-31T01:42:17.0118454Z  2 files changed, 178 insertions(+), 160 deletions(-)
2023-08-31T01:42:18.0049767Z To https://github.com/seanpm2001/GitHub_Stats_A
2023-08-31T01:42:18.0051529Z    30d23e2..09d462b  master -> master
2023-08-31T01:42:18.0165992Z Post job cleanup.
2023-08-31T01:42:18.1674242Z Cache hit occurred on the primary key setup-python-Linux-22.04-Ubuntu-python-3.8.17-pip-60f2a6c0212a9b74a155cd81b58dd07fd8b180833132566260d95f4de42fe218, not saving cache.
2023-08-31T01:42:18.1853066Z Post job cleanup.
2023-08-31T01:42:18.2854396Z [command]/usr/bin/git version
2023-08-31T01:42:18.2908878Z git version 2.41.0
2023-08-31T01:42:18.2949482Z Copying '/home/runner/.gitconfig' to '/home/runner/work/_temp/2b36737f-9a94-489a-bb04-2da086542301/.gitconfig'
2023-08-31T01:42:18.2962157Z Temporarily overriding HOME='/home/runner/work/_temp/2b36737f-9a94-489a-bb04-2da086542301' before making global git config changes
2023-08-31T01:42:18.2963044Z Adding repository directory to the temporary git global config as a safe directory
2023-08-31T01:42:18.2968728Z [command]/usr/bin/git config --global --add safe.directory /home/runner/work/GitHub_Stats_A/GitHub_Stats_A
2023-08-31T01:42:18.3016554Z [command]/usr/bin/git config --local --name-only --get-regexp core\.sshCommand
2023-08-31T01:42:18.3052462Z [command]/usr/bin/git submodule foreach --recursive sh -c "git config --local --name-only --get-regexp 'core\.sshCommand' && git config --local --unset-all 'core.sshCommand' || :"
2023-08-31T01:42:18.3331462Z [command]/usr/bin/git config --local --name-only --get-regexp http\.https\:\/\/github\.com\/\.extraheader
2023-08-31T01:42:18.3358514Z http.https://github.com/.extraheader
2023-08-31T01:42:18.3372216Z [command]/usr/bin/git config --local --unset-all http.https://github.com/.extraheader
2023-08-31T01:42:18.3413205Z [command]/usr/bin/git submodule foreach --recursive sh -c "git config --local --name-only --get-regexp 'http\.https\:\/\/github\.com\/\.extraheader' && git config --local --unset-all 'http.https://github.com/.extraheader' || :"
2023-08-31T01:42:18.3952352Z Cleaning up orphan processes
