2024-01-12T00:24:21.5069272Z Requested labels: ubuntu-latest
2024-01-12T00:24:21.5069699Z Job defined at: seanpm2001/GitHub_Stats_A/.github/workflows/main.yml@refs/heads/master
2024-01-12T00:24:21.5069848Z Waiting for a runner to pick up this job...
2024-01-12T00:24:22.5002761Z Job is waiting for a hosted runner to come online.
2024-01-12T00:24:24.6967727Z Job is about to start running on the hosted runner: GitHub Actions 5 (hosted)
2024-01-12T00:24:26.6137317Z Current runner version: '2.311.0'
2024-01-12T00:24:26.6159695Z ##[group]Operating System
2024-01-12T00:24:26.6160450Z Ubuntu
2024-01-12T00:24:26.6160822Z 22.04.3
2024-01-12T00:24:26.6161122Z LTS
2024-01-12T00:24:26.6161535Z ##[endgroup]
2024-01-12T00:24:26.6161929Z ##[group]Runner Image
2024-01-12T00:24:26.6162364Z Image: ubuntu-22.04
2024-01-12T00:24:26.6162833Z Version: 20240107.1.0
2024-01-12T00:24:26.6163847Z Included Software: https://github.com/actions/runner-images/blob/ubuntu22/20240107.1/images/ubuntu/Ubuntu2204-Readme.md
2024-01-12T00:24:26.6165291Z Image Release: https://github.com/actions/runner-images/releases/tag/ubuntu22%2F20240107.1
2024-01-12T00:24:26.6166185Z ##[endgroup]
2024-01-12T00:24:26.6166605Z ##[group]Runner Image Provisioner
2024-01-12T00:24:26.6167086Z 2.0.321.1
2024-01-12T00:24:26.6167501Z ##[endgroup]
2024-01-12T00:24:26.6168365Z ##[group]GITHUB_TOKEN Permissions
2024-01-12T00:24:26.6170319Z Contents: write
2024-01-12T00:24:26.6170734Z Metadata: read
2024-01-12T00:24:26.6171439Z ##[endgroup]
2024-01-12T00:24:26.6174413Z Secret source: Actions
2024-01-12T00:24:26.6174985Z Prepare workflow directory
2024-01-12T00:24:26.6789799Z Prepare all required actions
2024-01-12T00:24:26.6946146Z Getting action download info
2024-01-12T00:24:26.9201657Z Download action repository 'actions/checkout@v3' (SHA:f43a0e5ff2bd294095638e18286ca9a3d1956744)
2024-01-12T00:24:27.0459777Z Download action repository 'actions/setup-python@v4' (SHA:65d7f2d534ac1bc67fcd62888c5f4f3d2cb2b236)
2024-01-12T00:24:27.3833593Z Complete job name: build
2024-01-12T00:24:27.4716622Z ##[group]Run actions/checkout@v3
2024-01-12T00:24:27.4717332Z with:
2024-01-12T00:24:27.4717745Z   repository: seanpm2001/GitHub_Stats_A
2024-01-12T00:24:27.4718501Z   token: ***
2024-01-12T00:24:27.4718938Z   ssh-strict: true
2024-01-12T00:24:27.4719366Z   persist-credentials: true
2024-01-12T00:24:27.4719843Z   clean: true
2024-01-12T00:24:27.4720349Z   sparse-checkout-cone-mode: true
2024-01-12T00:24:27.4720822Z   fetch-depth: 1
2024-01-12T00:24:27.4721240Z   fetch-tags: false
2024-01-12T00:24:27.4721691Z   lfs: false
2024-01-12T00:24:27.4722018Z   submodules: false
2024-01-12T00:24:27.4722442Z   set-safe-directory: true
2024-01-12T00:24:27.4722948Z ##[endgroup]
2024-01-12T00:24:29.6911600Z Syncing repository: seanpm2001/GitHub_Stats_A
2024-01-12T00:24:29.6913799Z ##[group]Getting Git version info
2024-01-12T00:24:29.6914773Z Working directory is '/home/runner/work/GitHub_Stats_A/GitHub_Stats_A'
2024-01-12T00:24:29.6916118Z [command]/usr/bin/git version
2024-01-12T00:24:29.7010498Z git version 2.43.0
2024-01-12T00:24:29.7033799Z ##[endgroup]
2024-01-12T00:24:29.7049792Z Temporarily overriding HOME='/home/runner/work/_temp/24b035ed-3cdf-401e-a96f-2c8425c183c4' before making global git config changes
2024-01-12T00:24:29.7051822Z Adding repository directory to the temporary git global config as a safe directory
2024-01-12T00:24:29.7054111Z [command]/usr/bin/git config --global --add safe.directory /home/runner/work/GitHub_Stats_A/GitHub_Stats_A
2024-01-12T00:24:29.7097724Z Deleting the contents of '/home/runner/work/GitHub_Stats_A/GitHub_Stats_A'
2024-01-12T00:24:29.7101657Z ##[group]Initializing the repository
2024-01-12T00:24:29.7104671Z [command]/usr/bin/git init /home/runner/work/GitHub_Stats_A/GitHub_Stats_A
2024-01-12T00:24:29.7170314Z hint: Using 'master' as the name for the initial branch. This default branch name
2024-01-12T00:24:29.7171578Z hint: is subject to change. To configure the initial branch name to use in all
2024-01-12T00:24:29.7172755Z hint: of your new repositories, which will suppress this warning, call:
2024-01-12T00:24:29.7173714Z hint: 
2024-01-12T00:24:29.7174308Z hint: 	git config --global init.defaultBranch <name>
2024-01-12T00:24:29.7175039Z hint: 
2024-01-12T00:24:29.7175674Z hint: Names commonly chosen instead of 'master' are 'main', 'trunk' and
2024-01-12T00:24:29.7177062Z hint: 'development'. The just-created branch can be renamed via this command:
2024-01-12T00:24:29.7177989Z hint: 
2024-01-12T00:24:29.7178422Z hint: 	git branch -m <name>
2024-01-12T00:24:29.7182573Z Initialized empty Git repository in /home/runner/work/GitHub_Stats_A/GitHub_Stats_A/.git/
2024-01-12T00:24:29.7191148Z [command]/usr/bin/git remote add origin https://github.com/seanpm2001/GitHub_Stats_A
2024-01-12T00:24:29.7232775Z ##[endgroup]
2024-01-12T00:24:29.7233562Z ##[group]Disabling automatic garbage collection
2024-01-12T00:24:29.7235285Z [command]/usr/bin/git config --local gc.auto 0
2024-01-12T00:24:29.7271320Z ##[endgroup]
2024-01-12T00:24:29.7272077Z ##[group]Setting up auth
2024-01-12T00:24:29.7276778Z [command]/usr/bin/git config --local --name-only --get-regexp core\.sshCommand
2024-01-12T00:24:29.7314940Z [command]/usr/bin/git submodule foreach --recursive sh -c "git config --local --name-only --get-regexp 'core\.sshCommand' && git config --local --unset-all 'core.sshCommand' || :"
2024-01-12T00:24:29.7607108Z [command]/usr/bin/git config --local --name-only --get-regexp http\.https\:\/\/github\.com\/\.extraheader
2024-01-12T00:24:29.7643131Z [command]/usr/bin/git submodule foreach --recursive sh -c "git config --local --name-only --get-regexp 'http\.https\:\/\/github\.com\/\.extraheader' && git config --local --unset-all 'http.https://github.com/.extraheader' || :"
2024-01-12T00:24:29.7890847Z [command]/usr/bin/git config --local http.https://github.com/.extraheader AUTHORIZATION: basic ***
2024-01-12T00:24:29.7935305Z ##[endgroup]
2024-01-12T00:24:29.7936319Z ##[group]Fetching the repository
2024-01-12T00:24:29.7944553Z [command]/usr/bin/git -c protocol.version=2 fetch --no-tags --prune --progress --no-recurse-submodules --depth=1 origin +2c3f3b17dacd6d7b7c91de5ad5672cd595fafe6c:refs/remotes/origin/master
2024-01-12T00:24:30.0523157Z remote: Enumerating objects: 9992, done.        
2024-01-12T00:24:30.0650612Z remote: Counting objects:   0% (1/9992)        
2024-01-12T00:24:30.0651688Z remote: Counting objects:   1% (100/9992)        
2024-01-12T00:24:30.0652328Z remote: Counting objects:   2% (200/9992)        
2024-01-12T00:24:30.0655006Z remote: Counting objects:   3% (300/9992)        
2024-01-12T00:24:30.0656223Z remote: Counting objects:   4% (400/9992)        
2024-01-12T00:24:30.0657152Z remote: Counting objects:   5% (500/9992)        
2024-01-12T00:24:30.0658165Z remote: Counting objects:   6% (600/9992)        
2024-01-12T00:24:30.0659062Z remote: Counting objects:   7% (700/9992)        
2024-01-12T00:24:30.0659891Z remote: Counting objects:   8% (800/9992)        
2024-01-12T00:24:30.0660513Z remote: Counting objects:   9% (900/9992)        
2024-01-12T00:24:30.0661099Z remote: Counting objects:  10% (1000/9992)        
2024-01-12T00:24:30.0661694Z remote: Counting objects:  11% (1100/9992)        
2024-01-12T00:24:30.0662576Z remote: Counting objects:  12% (1200/9992)        
2024-01-12T00:24:30.0663266Z remote: Counting objects:  13% (1299/9992)        
2024-01-12T00:24:30.0664199Z remote: Counting objects:  14% (1399/9992)        
2024-01-12T00:24:30.0664930Z remote: Counting objects:  15% (1499/9992)        
2024-01-12T00:24:30.0665524Z remote: Counting objects:  16% (1599/9992)        
2024-01-12T00:24:30.0666033Z remote: Counting objects:  17% (1699/9992)        
2024-01-12T00:24:30.0666660Z remote: Counting objects:  18% (1799/9992)        
2024-01-12T00:24:30.0667221Z remote: Counting objects:  19% (1899/9992)        
2024-01-12T00:24:30.0667752Z remote: Counting objects:  20% (1999/9992)        
2024-01-12T00:24:30.0668288Z remote: Counting objects:  21% (2099/9992)        
2024-01-12T00:24:30.0668786Z remote: Counting objects:  22% (2199/9992)        
2024-01-12T00:24:30.0669273Z remote: Counting objects:  23% (2299/9992)        
2024-01-12T00:24:30.0669833Z remote: Counting objects:  24% (2399/9992)        
2024-01-12T00:24:30.0670285Z remote: Counting objects:  25% (2498/9992)        
2024-01-12T00:24:30.0670790Z remote: Counting objects:  26% (2598/9992)        
2024-01-12T00:24:30.0671371Z remote: Counting objects:  27% (2698/9992)        
2024-01-12T00:24:30.0671877Z remote: Counting objects:  28% (2798/9992)        
2024-01-12T00:24:30.0672803Z remote: Counting objects:  29% (2898/9992)        
2024-01-12T00:24:30.0673394Z remote: Counting objects:  30% (2998/9992)        
2024-01-12T00:24:30.0673878Z remote: Counting objects:  31% (3098/9992)        
2024-01-12T00:24:30.0674445Z remote: Counting objects:  32% (3198/9992)        
2024-01-12T00:24:30.0674903Z remote: Counting objects:  33% (3298/9992)        
2024-01-12T00:24:30.0675380Z remote: Counting objects:  34% (3398/9992)        
2024-01-12T00:24:30.0675959Z remote: Counting objects:  35% (3498/9992)        
2024-01-12T00:24:30.0676442Z remote: Counting objects:  36% (3598/9992)        
2024-01-12T00:24:30.0676908Z remote: Counting objects:  37% (3698/9992)        
2024-01-12T00:24:30.0677473Z remote: Counting objects:  38% (3797/9992)        
2024-01-12T00:24:30.0677955Z remote: Counting objects:  39% (3897/9992)        
2024-01-12T00:24:30.0678444Z remote: Counting objects:  40% (3997/9992)        
2024-01-12T00:24:30.0678949Z remote: Counting objects:  41% (4097/9992)        
2024-01-12T00:24:30.0679433Z remote: Counting objects:  42% (4197/9992)        
2024-01-12T00:24:30.0679923Z remote: Counting objects:  43% (4297/9992)        
2024-01-12T00:24:30.0680469Z remote: Counting objects:  44% (4397/9992)        
2024-01-12T00:24:30.0680977Z remote: Counting objects:  45% (4497/9992)        
2024-01-12T00:24:30.0681464Z remote: Counting objects:  46% (4597/9992)        
2024-01-12T00:24:30.0711927Z remote: Counting objects:  47% (4697/9992)        
2024-01-12T00:24:30.0713500Z remote: Counting objects:  48% (4797/9992)        
2024-01-12T00:24:30.0714866Z remote: Counting objects:  49% (4897/9992)        
2024-01-12T00:24:30.0715608Z remote: Counting objects:  50% (4996/9992)        
2024-01-12T00:24:30.0716267Z remote: Counting objects:  51% (5096/9992)        
2024-01-12T00:24:30.0716970Z remote: Counting objects:  52% (5196/9992)        
2024-01-12T00:24:30.0717477Z remote: Counting objects:  53% (5296/9992)        
2024-01-12T00:24:30.0717961Z remote: Counting objects:  54% (5396/9992)        
2024-01-12T00:24:30.0718551Z remote: Counting objects:  55% (5496/9992)        
2024-01-12T00:24:30.0719035Z remote: Counting objects:  56% (5596/9992)        
2024-01-12T00:24:30.0719486Z remote: Counting objects:  57% (5696/9992)        
2024-01-12T00:24:30.0720051Z remote: Counting objects:  58% (5796/9992)        
2024-01-12T00:24:30.0720528Z remote: Counting objects:  59% (5896/9992)        
2024-01-12T00:24:30.0721008Z remote: Counting objects:  60% (5996/9992)        
2024-01-12T00:24:30.0721545Z remote: Counting objects:  61% (6096/9992)        
2024-01-12T00:24:30.0722024Z remote: Counting objects:  62% (6196/9992)        
2024-01-12T00:24:30.0722542Z remote: Counting objects:  63% (6295/9992)        
2024-01-12T00:24:30.0723280Z remote: Counting objects:  64% (6395/9992)        
2024-01-12T00:24:30.0723774Z remote: Counting objects:  65% (6495/9992)        
2024-01-12T00:24:30.0724242Z remote: Counting objects:  66% (6595/9992)        
2024-01-12T00:24:30.0724821Z remote: Counting objects:  67% (6695/9992)        
2024-01-12T00:24:30.0725312Z remote: Counting objects:  68% (6795/9992)        
2024-01-12T00:24:30.0725876Z remote: Counting objects:  69% (6895/9992)        
2024-01-12T00:24:30.0726347Z remote: Counting objects:  70% (6995/9992)        
2024-01-12T00:24:30.0726836Z remote: Counting objects:  71% (7095/9992)        
2024-01-12T00:24:30.0727397Z remote: Counting objects:  72% (7195/9992)        
2024-01-12T00:24:30.0727878Z remote: Counting objects:  73% (7295/9992)        
2024-01-12T00:24:30.0728362Z remote: Counting objects:  74% (7395/9992)        
2024-01-12T00:24:30.0728904Z remote: Counting objects:  75% (7494/9992)        
2024-01-12T00:24:30.0729378Z remote: Counting objects:  76% (7594/9992)        
2024-01-12T00:24:30.0730122Z remote: Counting objects:  77% (7694/9992)        
2024-01-12T00:24:30.0730684Z remote: Counting objects:  78% (7794/9992)        
2024-01-12T00:24:30.0731169Z remote: Counting objects:  79% (7894/9992)        
2024-01-12T00:24:30.0731892Z remote: Counting objects:  80% (7994/9992)        
2024-01-12T00:24:30.0732443Z remote: Counting objects:  81% (8094/9992)        
2024-01-12T00:24:30.0732907Z remote: Counting objects:  82% (8194/9992)        
2024-01-12T00:24:30.0733384Z remote: Counting objects:  83% (8294/9992)        
2024-01-12T00:24:30.0733924Z remote: Counting objects:  84% (8394/9992)        
2024-01-12T00:24:30.0734450Z remote: Counting objects:  85% (8494/9992)        
2024-01-12T00:24:30.0734888Z remote: Counting objects:  86% (8594/9992)        
2024-01-12T00:24:30.0735436Z remote: Counting objects:  87% (8694/9992)        
2024-01-12T00:24:30.0735928Z remote: Counting objects:  88% (8793/9992)        
2024-01-12T00:24:30.0736403Z remote: Counting objects:  89% (8893/9992)        
2024-01-12T00:24:30.0736922Z remote: Counting objects:  90% (8993/9992)        
2024-01-12T00:24:30.0737409Z remote: Counting objects:  91% (9093/9992)        
2024-01-12T00:24:30.0737883Z remote: Counting objects:  92% (9193/9992)        
2024-01-12T00:24:30.0738445Z remote: Counting objects:  93% (9293/9992)        
2024-01-12T00:24:30.0738884Z remote: Counting objects:  94% (9393/9992)        
2024-01-12T00:24:30.0739359Z remote: Counting objects:  95% (9493/9992)        
2024-01-12T00:24:30.0739910Z remote: Counting objects:  96% (9593/9992)        
2024-01-12T00:24:30.0740407Z remote: Counting objects:  97% (9693/9992)        
2024-01-12T00:24:30.0740849Z remote: Counting objects:  98% (9793/9992)        
2024-01-12T00:24:30.0741565Z remote: Counting objects:  99% (9893/9992)        
2024-01-12T00:24:30.0742052Z remote: Counting objects: 100% (9992/9992)        
2024-01-12T00:24:30.0742657Z remote: Counting objects: 100% (9992/9992), done.        
2024-01-12T00:24:30.0913811Z remote: Compressing objects:   0% (1/3901)        
2024-01-12T00:24:30.0914429Z remote: Compressing objects:   1% (40/3901)        
2024-01-12T00:24:30.0920857Z remote: Compressing objects:   2% (79/3901)        
2024-01-12T00:24:30.1643763Z remote: Compressing objects:   3% (118/3901)        
2024-01-12T00:24:30.1979610Z remote: Compressing objects:   4% (157/3901)        
2024-01-12T00:24:30.2010343Z remote: Compressing objects:   5% (196/3901)        
2024-01-12T00:24:30.2017660Z remote: Compressing objects:   6% (235/3901)        
2024-01-12T00:24:30.2020390Z remote: Compressing objects:   7% (274/3901)        
2024-01-12T00:24:30.2021699Z remote: Compressing objects:   8% (313/3901)        
2024-01-12T00:24:30.2022591Z remote: Compressing objects:   9% (352/3901)        
2024-01-12T00:24:30.2023272Z remote: Compressing objects:  10% (391/3901)        
2024-01-12T00:24:30.2024012Z remote: Compressing objects:  11% (430/3901)        
2024-01-12T00:24:30.2024707Z remote: Compressing objects:  12% (469/3901)        
2024-01-12T00:24:30.2025335Z remote: Compressing objects:  13% (508/3901)        
2024-01-12T00:24:30.2026023Z remote: Compressing objects:  14% (547/3901)        
2024-01-12T00:24:30.2026645Z remote: Compressing objects:  15% (586/3901)        
2024-01-12T00:24:30.2027289Z remote: Compressing objects:  16% (625/3901)        
2024-01-12T00:24:30.2028003Z remote: Compressing objects:  17% (664/3901)        
2024-01-12T00:24:30.2028590Z remote: Compressing objects:  18% (703/3901)        
2024-01-12T00:24:30.2179929Z remote: Compressing objects:  19% (742/3901)        
2024-01-12T00:24:30.2183223Z remote: Compressing objects:  20% (781/3901)        
2024-01-12T00:24:30.2184136Z remote: Compressing objects:  21% (820/3901)        
2024-01-12T00:24:30.2185410Z remote: Compressing objects:  22% (859/3901)        
2024-01-12T00:24:30.2186011Z remote: Compressing objects:  23% (898/3901)        
2024-01-12T00:24:30.2186804Z remote: Compressing objects:  24% (937/3901)        
2024-01-12T00:24:30.2187764Z remote: Compressing objects:  25% (976/3901)        
2024-01-12T00:24:30.2188421Z remote: Compressing objects:  26% (1015/3901)        
2024-01-12T00:24:30.2189144Z remote: Compressing objects:  27% (1054/3901)        
2024-01-12T00:24:30.2190002Z remote: Compressing objects:  28% (1093/3901)        
2024-01-12T00:24:30.2190930Z remote: Compressing objects:  29% (1132/3901)        
2024-01-12T00:24:30.2191463Z remote: Compressing objects:  30% (1171/3901)        
2024-01-12T00:24:30.2590005Z remote: Compressing objects:  31% (1210/3901)        
2024-01-12T00:24:30.3105558Z remote: Compressing objects:  32% (1249/3901)        
2024-01-12T00:24:30.3583712Z remote: Compressing objects:  33% (1288/3901)        
2024-01-12T00:24:30.4199222Z remote: Compressing objects:  34% (1327/3901)        
2024-01-12T00:24:30.4803192Z remote: Compressing objects:  35% (1366/3901)        
2024-01-12T00:24:30.5215881Z remote: Compressing objects:  36% (1405/3901)        
2024-01-12T00:24:30.5710531Z remote: Compressing objects:  37% (1444/3901)        
2024-01-12T00:24:30.6211890Z remote: Compressing objects:  38% (1483/3901)        
2024-01-12T00:24:30.6716093Z remote: Compressing objects:  39% (1522/3901)        
2024-01-12T00:24:30.7171844Z remote: Compressing objects:  40% (1561/3901)        
2024-01-12T00:24:30.7644142Z remote: Compressing objects:  41% (1600/3901)        
2024-01-12T00:24:30.8062691Z remote: Compressing objects:  42% (1639/3901)        
2024-01-12T00:24:30.8098216Z remote: Compressing objects:  43% (1678/3901)        
2024-01-12T00:24:30.8498171Z remote: Compressing objects:  44% (1717/3901)        
2024-01-12T00:24:31.0044348Z remote: Compressing objects:  45% (1756/3901)        
2024-01-12T00:24:31.0058033Z remote: Compressing objects:  46% (1795/3901)        
2024-01-12T00:24:31.0100782Z remote: Compressing objects:  47% (1834/3901)        
2024-01-12T00:24:31.0103223Z remote: Compressing objects:  48% (1873/3901)        
2024-01-12T00:24:31.0109499Z remote: Compressing objects:  49% (1912/3901)        
2024-01-12T00:24:31.0114260Z remote: Compressing objects:  50% (1951/3901)        
2024-01-12T00:24:31.0120625Z remote: Compressing objects:  51% (1990/3901)        
2024-01-12T00:24:31.0128489Z remote: Compressing objects:  52% (2029/3901)        
2024-01-12T00:24:31.0134590Z remote: Compressing objects:  53% (2068/3901)        
2024-01-12T00:24:31.0142141Z remote: Compressing objects:  54% (2107/3901)        
2024-01-12T00:24:31.0148343Z remote: Compressing objects:  55% (2146/3901)        
2024-01-12T00:24:31.0154792Z remote: Compressing objects:  56% (2185/3901)        
2024-01-12T00:24:31.0162321Z remote: Compressing objects:  57% (2224/3901)        
2024-01-12T00:24:31.0168420Z remote: Compressing objects:  58% (2263/3901)        
2024-01-12T00:24:31.0175888Z remote: Compressing objects:  59% (2302/3901)        
2024-01-12T00:24:31.0183849Z remote: Compressing objects:  60% (2341/3901)        
2024-01-12T00:24:31.0190210Z remote: Compressing objects:  61% (2380/3901)        
2024-01-12T00:24:31.0193976Z remote: Compressing objects:  62% (2419/3901)        
2024-01-12T00:24:31.0220566Z remote: Compressing objects:  63% (2458/3901)        
2024-01-12T00:24:31.0225214Z remote: Compressing objects:  64% (2497/3901)        
2024-01-12T00:24:31.0239521Z remote: Compressing objects:  65% (2536/3901)        
2024-01-12T00:24:31.0242394Z remote: Compressing objects:  66% (2575/3901)        
2024-01-12T00:24:31.0243434Z remote: Compressing objects:  67% (2614/3901)        
2024-01-12T00:24:31.0249654Z remote: Compressing objects:  68% (2653/3901)        
2024-01-12T00:24:31.0250739Z remote: Compressing objects:  69% (2692/3901)        
2024-01-12T00:24:31.0251732Z remote: Compressing objects:  70% (2731/3901)        
2024-01-12T00:24:31.0253839Z remote: Compressing objects:  71% (2770/3901)        
2024-01-12T00:24:31.0254999Z remote: Compressing objects:  72% (2809/3901)        
2024-01-12T00:24:31.0259677Z remote: Compressing objects:  73% (2848/3901)        
2024-01-12T00:24:31.0260722Z remote: Compressing objects:  74% (2887/3901)        
2024-01-12T00:24:31.0262354Z remote: Compressing objects:  75% (2926/3901)        
2024-01-12T00:24:31.0264892Z remote: Compressing objects:  76% (2965/3901)        
2024-01-12T00:24:31.0266721Z remote: Compressing objects:  77% (3004/3901)        
2024-01-12T00:24:31.0268182Z remote: Compressing objects:  78% (3043/3901)        
2024-01-12T00:24:31.0269172Z remote: Compressing objects:  79% (3082/3901)        
2024-01-12T00:24:31.0270135Z remote: Compressing objects:  80% (3121/3901)        
2024-01-12T00:24:31.0271077Z remote: Compressing objects:  81% (3160/3901)        
2024-01-12T00:24:31.0271986Z remote: Compressing objects:  82% (3199/3901)        
2024-01-12T00:24:31.0272974Z remote: Compressing objects:  83% (3238/3901)        
2024-01-12T00:24:31.0273841Z remote: Compressing objects:  84% (3277/3901)        
2024-01-12T00:24:31.0274623Z remote: Compressing objects:  85% (3316/3901)        
2024-01-12T00:24:31.0275353Z remote: Compressing objects:  86% (3355/3901)        
2024-01-12T00:24:31.0275940Z remote: Compressing objects:  87% (3394/3901)        
2024-01-12T00:24:31.0276752Z remote: Compressing objects:  88% (3433/3901)        
2024-01-12T00:24:31.0277499Z remote: Compressing objects:  89% (3472/3901)        
2024-01-12T00:24:31.0278312Z remote: Compressing objects:  90% (3511/3901)        
2024-01-12T00:24:31.0279344Z remote: Compressing objects:  91% (3550/3901)        
2024-01-12T00:24:31.0280372Z remote: Compressing objects:  92% (3589/3901)        
2024-01-12T00:24:31.0281294Z remote: Compressing objects:  93% (3628/3901)        
2024-01-12T00:24:31.0282182Z remote: Compressing objects:  94% (3667/3901)        
2024-01-12T00:24:31.0283083Z remote: Compressing objects:  95% (3706/3901)        
2024-01-12T00:24:31.0283811Z remote: Compressing objects:  96% (3745/3901)        
2024-01-12T00:24:31.0284387Z remote: Compressing objects:  97% (3784/3901)        
2024-01-12T00:24:31.0284929Z remote: Compressing objects:  98% (3823/3901)        
2024-01-12T00:24:31.0285435Z remote: Compressing objects:  99% (3862/3901)        
2024-01-12T00:24:31.0295336Z remote: Compressing objects: 100% (3901/3901)        
2024-01-12T00:24:31.0296092Z remote: Compressing objects: 100% (3901/3901), done.        
2024-01-12T00:24:31.0541142Z Receiving objects:   0% (1/9992)
2024-01-12T00:24:31.0635931Z Receiving objects:   1% (100/9992)
2024-01-12T00:24:31.0759668Z Receiving objects:   2% (200/9992)
2024-01-12T00:24:31.0871185Z Receiving objects:   3% (300/9992)
2024-01-12T00:24:31.0976112Z Receiving objects:   4% (400/9992)
2024-01-12T00:24:31.1034988Z Receiving objects:   5% (500/9992)
2024-01-12T00:24:31.1091018Z Receiving objects:   6% (600/9992)
2024-01-12T00:24:31.1143647Z Receiving objects:   7% (700/9992)
2024-01-12T00:24:31.1202886Z Receiving objects:   8% (800/9992)
2024-01-12T00:24:31.1260832Z Receiving objects:   9% (900/9992)
2024-01-12T00:24:31.1311212Z Receiving objects:  10% (1000/9992)
2024-01-12T00:24:31.1378221Z Receiving objects:  11% (1100/9992)
2024-01-12T00:24:31.1380528Z Receiving objects:  12% (1200/9992)
2024-01-12T00:24:31.1384571Z Receiving objects:  13% (1299/9992)
2024-01-12T00:24:31.1602815Z Receiving objects:  14% (1399/9992)
2024-01-12T00:24:31.1815889Z Receiving objects:  15% (1499/9992)
2024-01-12T00:24:31.2003919Z Receiving objects:  16% (1599/9992)
2024-01-12T00:24:31.2130564Z Receiving objects:  17% (1699/9992)
2024-01-12T00:24:31.2237747Z Receiving objects:  18% (1799/9992)
2024-01-12T00:24:31.2359288Z Receiving objects:  19% (1899/9992)
2024-01-12T00:24:31.2480731Z Receiving objects:  20% (1999/9992)
2024-01-12T00:24:31.2581074Z Receiving objects:  21% (2099/9992)
2024-01-12T00:24:31.2691560Z Receiving objects:  22% (2199/9992)
2024-01-12T00:24:31.2778708Z Receiving objects:  23% (2299/9992)
2024-01-12T00:24:31.2878260Z Receiving objects:  24% (2399/9992)
2024-01-12T00:24:31.2975885Z Receiving objects:  25% (2498/9992)
2024-01-12T00:24:31.3100390Z Receiving objects:  26% (2598/9992)
2024-01-12T00:24:31.3175019Z Receiving objects:  27% (2698/9992)
2024-01-12T00:24:31.3296560Z Receiving objects:  28% (2798/9992)
2024-01-12T00:24:31.3377172Z Receiving objects:  29% (2898/9992)
2024-01-12T00:24:31.3449727Z Receiving objects:  30% (2998/9992)
2024-01-12T00:24:31.3565837Z Receiving objects:  31% (3098/9992)
2024-01-12T00:24:31.3715277Z Receiving objects:  32% (3198/9992)
2024-01-12T00:24:31.3800632Z Receiving objects:  33% (3298/9992)
2024-01-12T00:24:31.3840161Z Receiving objects:  34% (3398/9992)
2024-01-12T00:24:31.3877746Z Receiving objects:  35% (3498/9992)
2024-01-12T00:24:31.3925279Z Receiving objects:  36% (3598/9992)
2024-01-12T00:24:31.3970806Z Receiving objects:  37% (3698/9992)
2024-01-12T00:24:31.4014590Z Receiving objects:  38% (3797/9992)
2024-01-12T00:24:31.4064504Z Receiving objects:  39% (3897/9992)
2024-01-12T00:24:31.4248989Z Receiving objects:  40% (3997/9992)
2024-01-12T00:24:31.4400909Z Receiving objects:  41% (4097/9992)
2024-01-12T00:24:31.4566329Z Receiving objects:  42% (4197/9992)
2024-01-12T00:24:31.4669192Z Receiving objects:  43% (4297/9992)
2024-01-12T00:24:31.4789803Z Receiving objects:  44% (4397/9992)
2024-01-12T00:24:31.4927249Z Receiving objects:  45% (4497/9992)
2024-01-12T00:24:31.5073747Z Receiving objects:  46% (4597/9992)
2024-01-12T00:24:31.5208186Z Receiving objects:  47% (4697/9992)
2024-01-12T00:24:31.5338422Z Receiving objects:  48% (4797/9992)
2024-01-12T00:24:31.5401506Z Receiving objects:  49% (4897/9992), 18.71 MiB | 37.41 MiB/s
2024-01-12T00:24:31.5567584Z Receiving objects:  50% (4996/9992), 18.71 MiB | 37.41 MiB/s
2024-01-12T00:24:31.5681814Z Receiving objects:  51% (5096/9992), 18.71 MiB | 37.41 MiB/s
2024-01-12T00:24:31.5815199Z Receiving objects:  52% (5196/9992), 18.71 MiB | 37.41 MiB/s
2024-01-12T00:24:31.5952690Z Receiving objects:  53% (5296/9992), 18.71 MiB | 37.41 MiB/s
2024-01-12T00:24:31.6075165Z Receiving objects:  54% (5396/9992), 18.71 MiB | 37.41 MiB/s
2024-01-12T00:24:31.6195345Z Receiving objects:  55% (5496/9992), 18.71 MiB | 37.41 MiB/s
2024-01-12T00:24:31.6328509Z Receiving objects:  56% (5596/9992), 18.71 MiB | 37.41 MiB/s
2024-01-12T00:24:31.6478247Z Receiving objects:  57% (5696/9992), 18.71 MiB | 37.41 MiB/s
2024-01-12T00:24:31.6601356Z Receiving objects:  58% (5796/9992), 18.71 MiB | 37.41 MiB/s
2024-01-12T00:24:31.6777561Z Receiving objects:  59% (5896/9992), 18.71 MiB | 37.41 MiB/s
2024-01-12T00:24:31.6916827Z Receiving objects:  60% (5996/9992), 18.71 MiB | 37.41 MiB/s
2024-01-12T00:24:31.7004325Z Receiving objects:  61% (6096/9992), 18.71 MiB | 37.41 MiB/s
2024-01-12T00:24:31.7116709Z Receiving objects:  62% (6196/9992), 18.71 MiB | 37.41 MiB/s
2024-01-12T00:24:31.7210694Z Receiving objects:  63% (6295/9992), 18.71 MiB | 37.41 MiB/s
2024-01-12T00:24:31.7354872Z Receiving objects:  64% (6395/9992), 18.71 MiB | 37.41 MiB/s
2024-01-12T00:24:31.7477169Z Receiving objects:  65% (6495/9992), 18.71 MiB | 37.41 MiB/s
2024-01-12T00:24:31.7600217Z Receiving objects:  66% (6595/9992), 18.71 MiB | 37.41 MiB/s
2024-01-12T00:24:31.7740298Z Receiving objects:  67% (6695/9992), 18.71 MiB | 37.41 MiB/s
2024-01-12T00:24:31.7886618Z Receiving objects:  68% (6795/9992), 18.71 MiB | 37.41 MiB/s
2024-01-12T00:24:31.7966553Z Receiving objects:  69% (6895/9992), 18.71 MiB | 37.41 MiB/s
2024-01-12T00:24:31.8059660Z Receiving objects:  70% (6995/9992), 18.71 MiB | 37.41 MiB/s
2024-01-12T00:24:31.8175842Z Receiving objects:  71% (7095/9992), 18.71 MiB | 37.41 MiB/s
2024-01-12T00:24:31.8295353Z Receiving objects:  72% (7195/9992), 18.71 MiB | 37.41 MiB/s
2024-01-12T00:24:31.8401254Z Receiving objects:  73% (7295/9992), 18.71 MiB | 37.41 MiB/s
2024-01-12T00:24:31.8507169Z Receiving objects:  74% (7395/9992), 18.71 MiB | 37.41 MiB/s
2024-01-12T00:24:31.8623991Z Receiving objects:  75% (7494/9992), 18.71 MiB | 37.41 MiB/s
2024-01-12T00:24:31.8738610Z Receiving objects:  76% (7594/9992), 18.71 MiB | 37.41 MiB/s
2024-01-12T00:24:31.8926057Z Receiving objects:  77% (7694/9992), 18.71 MiB | 37.41 MiB/s
2024-01-12T00:24:31.8995937Z Receiving objects:  78% (7794/9992), 18.71 MiB | 37.41 MiB/s
2024-01-12T00:24:31.9091706Z Receiving objects:  79% (7894/9992), 18.71 MiB | 37.41 MiB/s
2024-01-12T00:24:31.9195312Z Receiving objects:  80% (7994/9992), 18.71 MiB | 37.41 MiB/s
2024-01-12T00:24:31.9287606Z Receiving objects:  81% (8094/9992), 18.71 MiB | 37.41 MiB/s
2024-01-12T00:24:31.9381248Z Receiving objects:  82% (8194/9992), 18.71 MiB | 37.41 MiB/s
2024-01-12T00:24:31.9458502Z Receiving objects:  83% (8294/9992), 18.71 MiB | 37.41 MiB/s
2024-01-12T00:24:31.9551446Z Receiving objects:  84% (8394/9992), 18.71 MiB | 37.41 MiB/s
2024-01-12T00:24:31.9633391Z Receiving objects:  85% (8494/9992), 18.71 MiB | 37.41 MiB/s
2024-01-12T00:24:31.9736637Z Receiving objects:  86% (8594/9992), 18.71 MiB | 37.41 MiB/s
2024-01-12T00:24:31.9827100Z Receiving objects:  87% (8694/9992), 18.71 MiB | 37.41 MiB/s
2024-01-12T00:24:31.9902215Z Receiving objects:  88% (8793/9992), 18.71 MiB | 37.41 MiB/s
2024-01-12T00:24:31.9967871Z Receiving objects:  89% (8893/9992), 18.71 MiB | 37.41 MiB/s
2024-01-12T00:24:31.9980392Z Receiving objects:  90% (8993/9992), 18.71 MiB | 37.41 MiB/s
2024-01-12T00:24:32.0004953Z Receiving objects:  91% (9093/9992), 18.71 MiB | 37.41 MiB/s
2024-01-12T00:24:32.0008039Z Receiving objects:  92% (9193/9992), 18.71 MiB | 37.41 MiB/s
2024-01-12T00:24:32.0013804Z Receiving objects:  93% (9293/9992), 18.71 MiB | 37.41 MiB/s
2024-01-12T00:24:32.0022225Z Receiving objects:  94% (9393/9992), 18.71 MiB | 37.41 MiB/s
2024-01-12T00:24:32.0119269Z Receiving objects:  95% (9493/9992), 18.71 MiB | 37.41 MiB/s
2024-01-12T00:24:32.0274906Z Receiving objects:  96% (9593/9992), 18.71 MiB | 37.41 MiB/s
2024-01-12T00:24:32.0325884Z Receiving objects:  97% (9693/9992), 18.71 MiB | 37.41 MiB/s
2024-01-12T00:24:32.0582416Z Receiving objects:  97% (9727/9992), 45.69 MiB | 45.69 MiB/s
2024-01-12T00:24:32.0624859Z Receiving objects:  98% (9793/9992), 45.69 MiB | 45.69 MiB/s
2024-01-12T00:24:32.0794692Z Receiving objects:  99% (9893/9992), 45.69 MiB | 45.69 MiB/s
2024-01-12T00:24:32.0796211Z remote: Total 9992 (delta 5822), reused 9545 (delta 5687), pack-reused 0        
2024-01-12T00:24:32.0805176Z Receiving objects: 100% (9992/9992), 45.69 MiB | 45.69 MiB/s
2024-01-12T00:24:32.0806351Z Receiving objects: 100% (9992/9992), 48.84 MiB | 46.61 MiB/s, done.
2024-01-12T00:24:32.0860782Z Resolving deltas:   0% (0/5822)
2024-01-12T00:24:32.0962086Z Resolving deltas:   1% (59/5822)
2024-01-12T00:24:32.1064170Z Resolving deltas:   2% (117/5822)
2024-01-12T00:24:32.1136938Z Resolving deltas:   3% (175/5822)
2024-01-12T00:24:32.1220257Z Resolving deltas:   4% (233/5822)
2024-01-12T00:24:32.1297367Z Resolving deltas:   5% (292/5822)
2024-01-12T00:24:32.1307889Z Resolving deltas:   6% (350/5822)
2024-01-12T00:24:32.1313206Z Resolving deltas:   7% (408/5822)
2024-01-12T00:24:32.1318618Z Resolving deltas:   8% (466/5822)
2024-01-12T00:24:32.1324403Z Resolving deltas:   9% (524/5822)
2024-01-12T00:24:32.1331178Z Resolving deltas:  10% (583/5822)
2024-01-12T00:24:32.1337814Z Resolving deltas:  11% (641/5822)
2024-01-12T00:24:32.1343528Z Resolving deltas:  12% (700/5822)
2024-01-12T00:24:32.1351492Z Resolving deltas:  13% (757/5822)
2024-01-12T00:24:32.1453046Z Resolving deltas:  14% (816/5822)
2024-01-12T00:24:32.1627974Z Resolving deltas:  15% (874/5822)
2024-01-12T00:24:32.1787226Z Resolving deltas:  16% (932/5822)
2024-01-12T00:24:32.1887052Z Resolving deltas:  17% (990/5822)
2024-01-12T00:24:32.2065974Z Resolving deltas:  18% (1048/5822)
2024-01-12T00:24:32.2225999Z Resolving deltas:  19% (1107/5822)
2024-01-12T00:24:32.2352217Z Resolving deltas:  20% (1165/5822)
2024-01-12T00:24:32.2419783Z Resolving deltas:  21% (1223/5822)
2024-01-12T00:24:32.2447162Z Resolving deltas:  22% (1281/5822)
2024-01-12T00:24:32.2537757Z Resolving deltas:  23% (1340/5822)
2024-01-12T00:24:32.2542795Z Resolving deltas:  24% (1398/5822)
2024-01-12T00:24:32.2554414Z Resolving deltas:  25% (1456/5822)
2024-01-12T00:24:32.2570777Z Resolving deltas:  26% (1514/5822)
2024-01-12T00:24:32.2590801Z Resolving deltas:  27% (1572/5822)
2024-01-12T00:24:32.2643284Z Resolving deltas:  28% (1631/5822)
2024-01-12T00:24:32.2652995Z Resolving deltas:  29% (1689/5822)
2024-01-12T00:24:32.2675179Z Resolving deltas:  30% (1747/5822)
2024-01-12T00:24:32.2694122Z Resolving deltas:  31% (1805/5822)
2024-01-12T00:24:32.2712697Z Resolving deltas:  32% (1865/5822)
2024-01-12T00:24:32.2719402Z Resolving deltas:  33% (1922/5822)
2024-01-12T00:24:32.2722668Z Resolving deltas:  34% (1980/5822)
2024-01-12T00:24:32.2725991Z Resolving deltas:  35% (2038/5822)
2024-01-12T00:24:32.2732681Z Resolving deltas:  36% (2096/5822)
2024-01-12T00:24:32.2762774Z Resolving deltas:  37% (2155/5822)
2024-01-12T00:24:32.2787669Z Resolving deltas:  38% (2213/5822)
2024-01-12T00:24:32.2811210Z Resolving deltas:  39% (2271/5822)
2024-01-12T00:24:32.2832164Z Resolving deltas:  40% (2329/5822)
2024-01-12T00:24:32.2858539Z Resolving deltas:  41% (2388/5822)
2024-01-12T00:24:32.2870260Z Resolving deltas:  42% (2446/5822)
2024-01-12T00:24:32.2875606Z Resolving deltas:  43% (2504/5822)
2024-01-12T00:24:32.3011393Z Resolving deltas:  44% (2562/5822)
2024-01-12T00:24:32.3132051Z Resolving deltas:  45% (2620/5822)
2024-01-12T00:24:32.3295669Z Resolving deltas:  46% (2679/5822)
2024-01-12T00:24:32.3448004Z Resolving deltas:  47% (2737/5822)
2024-01-12T00:24:32.3620336Z Resolving deltas:  48% (2795/5822)
2024-01-12T00:24:32.3775141Z Resolving deltas:  49% (2853/5822)
2024-01-12T00:24:32.4020431Z Resolving deltas:  50% (2911/5822)
2024-01-12T00:24:32.4166191Z Resolving deltas:  51% (2970/5822)
2024-01-12T00:24:32.4401241Z Resolving deltas:  52% (3028/5822)
2024-01-12T00:24:32.4642080Z Resolving deltas:  53% (3087/5822)
2024-01-12T00:24:32.4805786Z Resolving deltas:  54% (3144/5822)
2024-01-12T00:24:32.4855176Z Resolving deltas:  55% (3203/5822)
2024-01-12T00:24:32.4872087Z Resolving deltas:  56% (3261/5822)
2024-01-12T00:24:32.4894474Z Resolving deltas:  57% (3319/5822)
2024-01-12T00:24:32.5061513Z Resolving deltas:  58% (3377/5822)
2024-01-12T00:24:32.5245126Z Resolving deltas:  59% (3435/5822)
2024-01-12T00:24:32.5347076Z Resolving deltas:  60% (3494/5822)
2024-01-12T00:24:32.5431391Z Resolving deltas:  61% (3552/5822)
2024-01-12T00:24:32.5457399Z Resolving deltas:  62% (3610/5822)
2024-01-12T00:24:32.5473068Z Resolving deltas:  63% (3668/5822)
2024-01-12T00:24:32.5478535Z Resolving deltas:  64% (3727/5822)
2024-01-12T00:24:32.5480526Z Resolving deltas:  65% (3785/5822)
2024-01-12T00:24:32.5488168Z Resolving deltas:  66% (3843/5822)
2024-01-12T00:24:32.5492344Z Resolving deltas:  67% (3902/5822)
2024-01-12T00:24:32.5495229Z Resolving deltas:  68% (3959/5822)
2024-01-12T00:24:32.5502241Z Resolving deltas:  69% (4018/5822)
2024-01-12T00:24:32.5509333Z Resolving deltas:  70% (4076/5822)
2024-01-12T00:24:32.5518179Z Resolving deltas:  71% (4134/5822)
2024-01-12T00:24:32.5534100Z Resolving deltas:  72% (4192/5822)
2024-01-12T00:24:32.5550065Z Resolving deltas:  73% (4251/5822)
2024-01-12T00:24:32.5562338Z Resolving deltas:  74% (4309/5822)
2024-01-12T00:24:32.5570254Z Resolving deltas:  75% (4367/5822)
2024-01-12T00:24:32.5577017Z Resolving deltas:  76% (4425/5822)
2024-01-12T00:24:32.5611401Z Resolving deltas:  77% (4483/5822)
2024-01-12T00:24:32.5655518Z Resolving deltas:  78% (4542/5822)
2024-01-12T00:24:32.5811187Z Resolving deltas:  79% (4600/5822)
2024-01-12T00:24:32.5917635Z Resolving deltas:  80% (4659/5822)
2024-01-12T00:24:32.6030207Z Resolving deltas:  81% (4716/5822)
2024-01-12T00:24:32.6136332Z Resolving deltas:  82% (4775/5822)
2024-01-12T00:24:32.6254713Z Resolving deltas:  83% (4833/5822)
2024-01-12T00:24:32.6345218Z Resolving deltas:  84% (4891/5822)
2024-01-12T00:24:32.6356552Z Resolving deltas:  85% (4949/5822)
2024-01-12T00:24:32.6387610Z Resolving deltas:  86% (5007/5822)
2024-01-12T00:24:32.6409739Z Resolving deltas:  87% (5067/5822)
2024-01-12T00:24:32.6446435Z Resolving deltas:  88% (5124/5822)
2024-01-12T00:24:32.6492450Z Resolving deltas:  89% (5182/5822)
2024-01-12T00:24:32.6533955Z Resolving deltas:  90% (5240/5822)
2024-01-12T00:24:32.6607731Z Resolving deltas:  91% (5299/5822)
2024-01-12T00:24:32.6682152Z Resolving deltas:  92% (5357/5822)
2024-01-12T00:24:32.6755082Z Resolving deltas:  93% (5415/5822)
2024-01-12T00:24:32.6795742Z Resolving deltas:  94% (5473/5822)
2024-01-12T00:24:32.6840246Z Resolving deltas:  95% (5531/5822)
2024-01-12T00:24:32.6878929Z Resolving deltas:  96% (5590/5822)
2024-01-12T00:24:32.6923185Z Resolving deltas:  97% (5648/5822)
2024-01-12T00:24:32.7034106Z Resolving deltas:  98% (5706/5822)
2024-01-12T00:24:32.7105839Z Resolving deltas:  99% (5764/5822)
2024-01-12T00:24:32.7110160Z Resolving deltas: 100% (5822/5822)
2024-01-12T00:24:32.7111089Z Resolving deltas: 100% (5822/5822), done.
2024-01-12T00:24:32.7748325Z From https://github.com/seanpm2001/GitHub_Stats_A
2024-01-12T00:24:32.7749827Z  * [new ref]         2c3f3b17dacd6d7b7c91de5ad5672cd595fafe6c -> origin/master
2024-01-12T00:24:32.7775148Z ##[endgroup]
2024-01-12T00:24:32.7775797Z ##[group]Determining the checkout info
2024-01-12T00:24:32.7777475Z ##[endgroup]
2024-01-12T00:24:32.7778201Z ##[group]Checking out the ref
2024-01-12T00:24:32.7781972Z [command]/usr/bin/git checkout --progress --force -B master refs/remotes/origin/master
2024-01-12T00:24:33.7941862Z Updating files:  63% (6644/10406)
2024-01-12T00:24:33.8096187Z Updating files:  64% (6660/10406)
2024-01-12T00:24:33.8245077Z Updating files:  65% (6764/10406)
2024-01-12T00:24:33.8447169Z Updating files:  66% (6868/10406)
2024-01-12T00:24:33.8658828Z Updating files:  67% (6973/10406)
2024-01-12T00:24:33.8784583Z Updating files:  68% (7077/10406)
2024-01-12T00:24:33.8976040Z Updating files:  69% (7181/10406)
2024-01-12T00:24:33.9117938Z Updating files:  70% (7285/10406)
2024-01-12T00:24:33.9270116Z Updating files:  71% (7389/10406)
2024-01-12T00:24:33.9403134Z Updating files:  72% (7493/10406)
2024-01-12T00:24:33.9554186Z Updating files:  73% (7597/10406)
2024-01-12T00:24:33.9709781Z Updating files:  74% (7701/10406)
2024-01-12T00:24:33.9862945Z Updating files:  75% (7805/10406)
2024-01-12T00:24:33.9996336Z Updating files:  76% (7909/10406)
2024-01-12T00:24:34.0104536Z Updating files:  77% (8013/10406)
2024-01-12T00:24:34.0207083Z Updating files:  78% (8117/10406)
2024-01-12T00:24:34.0405422Z Updating files:  79% (8221/10406)
2024-01-12T00:24:34.0446879Z Updating files:  80% (8325/10406)
2024-01-12T00:24:34.0631607Z Updating files:  81% (8429/10406)
2024-01-12T00:24:34.0816282Z Updating files:  82% (8533/10406)
2024-01-12T00:24:34.0883024Z Updating files:  83% (8637/10406)
2024-01-12T00:24:34.0923496Z Updating files:  84% (8742/10406)
2024-01-12T00:24:34.1010291Z Updating files:  85% (8846/10406)
2024-01-12T00:24:34.1100422Z Updating files:  86% (8950/10406)
2024-01-12T00:24:34.1219327Z Updating files:  87% (9054/10406)
2024-01-12T00:24:34.1331096Z Updating files:  88% (9158/10406)
2024-01-12T00:24:34.1479708Z Updating files:  89% (9262/10406)
2024-01-12T00:24:34.1641791Z Updating files:  90% (9366/10406)
2024-01-12T00:24:34.1803009Z Updating files:  91% (9470/10406)
2024-01-12T00:24:34.2023575Z Updating files:  92% (9574/10406)
2024-01-12T00:24:34.2218398Z Updating files:  93% (9678/10406)
2024-01-12T00:24:34.2406641Z Updating files:  94% (9782/10406)
2024-01-12T00:24:34.2526426Z Updating files:  95% (9886/10406)
2024-01-12T00:24:34.2634477Z Updating files:  96% (9990/10406)
2024-01-12T00:24:34.2781803Z Updating files:  97% (10094/10406)
2024-01-12T00:24:34.2919709Z Updating files:  98% (10198/10406)
2024-01-12T00:24:34.3082271Z Updating files:  99% (10302/10406)
2024-01-12T00:24:34.3083031Z Updating files: 100% (10406/10406)
2024-01-12T00:24:34.3083906Z Updating files: 100% (10406/10406), done.
2024-01-12T00:24:34.3214450Z Reset branch 'master'
2024-01-12T00:24:34.3215453Z branch 'master' set up to track 'origin/master'.
2024-01-12T00:24:34.3318606Z ##[endgroup]
2024-01-12T00:24:34.3363384Z [command]/usr/bin/git log -1 --format='%H'
2024-01-12T00:24:34.3395968Z '2c3f3b17dacd6d7b7c91de5ad5672cd595fafe6c'
2024-01-12T00:24:34.3785169Z ##[group]Run actions/setup-python@v4
2024-01-12T00:24:34.3785589Z with:
2024-01-12T00:24:34.3786010Z   python-version: 3.8
2024-01-12T00:24:34.3786404Z   architecture: x64
2024-01-12T00:24:34.3786713Z   cache: pip
2024-01-12T00:24:34.3787114Z   check-latest: false
2024-01-12T00:24:34.3787673Z   token: ***
2024-01-12T00:24:34.3788008Z   update-environment: true
2024-01-12T00:24:34.3788458Z   allow-prereleases: false
2024-01-12T00:24:34.3788804Z ##[endgroup]
2024-01-12T00:24:34.5138969Z ##[group]Installed versions
2024-01-12T00:24:34.5215996Z Successfully set up CPython (3.8.18)
2024-01-12T00:24:34.5217378Z ##[endgroup]
2024-01-12T00:24:35.5733167Z [command]/opt/hostedtoolcache/Python/3.8.18/x64/bin/pip cache dir
2024-01-12T00:24:37.3710442Z /home/runner/.cache/pip
2024-01-12T00:24:37.7747053Z Received 6245959 of 6245959 (100.0%), 38.7 MBs/sec
2024-01-12T00:24:37.7748309Z Cache Size: ~6 MB (6245959 B)
2024-01-12T00:24:37.7782129Z [command]/usr/bin/tar -xf /home/runner/work/_temp/514fa2ca-dd74-4545-b3c5-777be4e73ac8/cache.tzst -P -C /home/runner/work/GitHub_Stats_A/GitHub_Stats_A --use-compress-program unzstd
2024-01-12T00:24:37.8065423Z Cache restored successfully
2024-01-12T00:24:37.8087096Z Cache restored from key: setup-python-Linux-22.04-Ubuntu-python-3.8.18-pip-60f2a6c0212a9b74a155cd81b58dd07fd8b180833132566260d95f4de42fe218
2024-01-12T00:24:37.8292967Z ##[group]Run python3 -m pip install --upgrade pip setuptools wheel
2024-01-12T00:24:37.8293802Z [36;1mpython3 -m pip install --upgrade pip setuptools wheel[0m
2024-01-12T00:24:37.8294471Z [36;1mpython3 -m pip install -r requirements.txt[0m
2024-01-12T00:24:37.8362030Z shell: /usr/bin/bash -e {0}
2024-01-12T00:24:37.8362576Z env:
2024-01-12T00:24:37.8362991Z   pythonLocation: /opt/hostedtoolcache/Python/3.8.18/x64
2024-01-12T00:24:37.8363655Z   PKG_CONFIG_PATH: /opt/hostedtoolcache/Python/3.8.18/x64/lib/pkgconfig
2024-01-12T00:24:37.8364370Z   Python_ROOT_DIR: /opt/hostedtoolcache/Python/3.8.18/x64
2024-01-12T00:24:37.8364937Z   Python2_ROOT_DIR: /opt/hostedtoolcache/Python/3.8.18/x64
2024-01-12T00:24:37.8365579Z   Python3_ROOT_DIR: /opt/hostedtoolcache/Python/3.8.18/x64
2024-01-12T00:24:37.8366156Z   LD_LIBRARY_PATH: /opt/hostedtoolcache/Python/3.8.18/x64/lib
2024-01-12T00:24:37.8366618Z ##[endgroup]
2024-01-12T00:24:38.7337246Z Requirement already satisfied: pip in /opt/hostedtoolcache/Python/3.8.18/x64/lib/python3.8/site-packages (23.0.1)
2024-01-12T00:24:38.8726774Z Collecting pip
2024-01-12T00:24:38.9337377Z   Downloading pip-23.3.2-py3-none-any.whl.metadata (3.5 kB)
2024-01-12T00:24:38.9371599Z Requirement already satisfied: setuptools in /opt/hostedtoolcache/Python/3.8.18/x64/lib/python3.8/site-packages (56.0.0)
2024-01-12T00:24:39.1671981Z Collecting setuptools
2024-01-12T00:24:39.1786237Z   Downloading setuptools-69.0.3-py3-none-any.whl.metadata (6.3 kB)
2024-01-12T00:24:39.2201497Z Collecting wheel
2024-01-12T00:24:39.2280177Z   Downloading wheel-0.42.0-py3-none-any.whl.metadata (2.2 kB)
2024-01-12T00:24:39.2810689Z Downloading pip-23.3.2-py3-none-any.whl (2.1 MB)
2024-01-12T00:24:39.4322286Z    â”â”â”â”â”â”â”â”â”â”â”â”â”â”â”â”â”â”â”â”â”â”â”â”â”â”â”â”â”â”â”â”â”â”â”â”â”â”â”â” 2.1/2.1 MB 14.4 MB/s eta 0:00:00
2024-01-12T00:24:39.4403370Z Downloading setuptools-69.0.3-py3-none-any.whl (819 kB)
2024-01-12T00:24:39.4700328Z    â”â”â”â”â”â”â”â”â”â”â”â”â”â”â”â”â”â”â”â”â”â”â”â”â”â”â”â”â”â”â”â”â”â”â”â”â”â”â”â” 819.5/819.5 kB 29.4 MB/s eta 0:00:00
2024-01-12T00:24:39.4777756Z Downloading wheel-0.42.0-py3-none-any.whl (65 kB)
2024-01-12T00:24:39.4827336Z    â”â”â”â”â”â”â”â”â”â”â”â”â”â”â”â”â”â”â”â”â”â”â”â”â”â”â”â”â”â”â”â”â”â”â”â”â”â”â”â” 65.4/65.4 kB 18.8 MB/s eta 0:00:00
2024-01-12T00:24:39.5721362Z Installing collected packages: wheel, setuptools, pip
2024-01-12T00:24:39.6100388Z   Attempting uninstall: setuptools
2024-01-12T00:24:39.6107204Z     Found existing installation: setuptools 56.0.0
2024-01-12T00:24:39.6341416Z     Uninstalling setuptools-56.0.0:
2024-01-12T00:24:39.6437612Z       Successfully uninstalled setuptools-56.0.0
2024-01-12T00:24:40.0198534Z   Attempting uninstall: pip
2024-01-12T00:24:40.0204447Z     Found existing installation: pip 23.0.1
2024-01-12T00:24:40.0840301Z     Uninstalling pip-23.0.1:
2024-01-12T00:24:40.1466039Z       Successfully uninstalled pip-23.0.1
2024-01-12T00:24:41.0718308Z Successfully installed pip-23.3.2 setuptools-69.0.3 wheel-0.42.0
2024-01-12T00:24:41.7895746Z Collecting requests (from -r requirements.txt (line 1))
2024-01-12T00:24:41.8550675Z   Downloading requests-2.31.0-py3-none-any.whl.metadata (4.6 kB)
2024-01-12T00:24:42.1170471Z Collecting aiohttp (from -r requirements.txt (line 2))
2024-01-12T00:24:42.1260229Z   Downloading aiohttp-3.9.1-cp38-cp38-manylinux_2_17_x86_64.manylinux2014_x86_64.whl.metadata (7.4 kB)
2024-01-12T00:24:42.2226269Z Collecting charset-normalizer<4,>=2 (from requests->-r requirements.txt (line 1))
2024-01-12T00:24:42.2316109Z   Downloading charset_normalizer-3.3.2-cp38-cp38-manylinux_2_17_x86_64.manylinux2014_x86_64.whl.metadata (33 kB)
2024-01-12T00:24:42.2637856Z Collecting idna<4,>=2.5 (from requests->-r requirements.txt (line 1))
2024-01-12T00:24:42.2717859Z   Downloading idna-3.6-py3-none-any.whl.metadata (9.9 kB)
2024-01-12T00:24:42.3268962Z Collecting urllib3<3,>=1.21.1 (from requests->-r requirements.txt (line 1))
2024-01-12T00:24:42.3349365Z   Downloading urllib3-2.1.0-py3-none-any.whl.metadata (6.4 kB)
2024-01-12T00:24:42.3660896Z Collecting certifi>=2017.4.17 (from requests->-r requirements.txt (line 1))
2024-01-12T00:24:42.3739067Z   Downloading certifi-2023.11.17-py3-none-any.whl.metadata (2.2 kB)
2024-01-12T00:24:42.4123375Z Collecting attrs>=17.3.0 (from aiohttp->-r requirements.txt (line 2))
2024-01-12T00:24:42.4200691Z   Downloading attrs-23.2.0-py3-none-any.whl.metadata (9.5 kB)
2024-01-12T00:24:42.6174882Z Collecting multidict<7.0,>=4.5 (from aiohttp->-r requirements.txt (line 2))
2024-01-12T00:24:42.6338744Z   Downloading multidict-6.0.4-cp38-cp38-manylinux_2_17_x86_64.manylinux2014_x86_64.whl (121 kB)
2024-01-12T00:24:42.6440717Z      â”â”â”â”â”â”â”â”â”â”â”â”â”â”â”â”â”â”â”â”â”â”â”â”â”â”â”â”â”â”â”â”â”â”â”â”â”â” 121.3/121.3 kB 15.2 MB/s eta 0:00:00
2024-01-12T00:24:42.7844957Z Collecting yarl<2.0,>=1.0 (from aiohttp->-r requirements.txt (line 2))
2024-01-12T00:24:42.7927173Z   Downloading yarl-1.9.4-cp38-cp38-manylinux_2_17_x86_64.manylinux2014_x86_64.whl.metadata (31 kB)
2024-01-12T00:24:42.8785561Z Collecting frozenlist>=1.1.1 (from aiohttp->-r requirements.txt (line 2))
2024-01-12T00:24:42.8908474Z   Downloading frozenlist-1.4.1-cp38-cp38-manylinux_2_5_x86_64.manylinux1_x86_64.manylinux_2_17_x86_64.manylinux2014_x86_64.whl.metadata (12 kB)
2024-01-12T00:24:42.9127246Z Collecting aiosignal>=1.1.2 (from aiohttp->-r requirements.txt (line 2))
2024-01-12T00:24:42.9206806Z   Downloading aiosignal-1.3.1-py3-none-any.whl (7.6 kB)
2024-01-12T00:24:42.9445798Z Collecting async-timeout<5.0,>=4.0 (from aiohttp->-r requirements.txt (line 2))
2024-01-12T00:24:42.9524844Z   Downloading async_timeout-4.0.3-py3-none-any.whl.metadata (4.2 kB)
2024-01-12T00:24:43.0204474Z Downloading requests-2.31.0-py3-none-any.whl (62 kB)
2024-01-12T00:24:43.0259590Z    â”â”â”â”â”â”â”â”â”â”â”â”â”â”â”â”â”â”â”â”â”â”â”â”â”â”â”â”â”â”â”â”â”â”â”â”â”â”â”â” 62.6/62.6 kB 16.0 MB/s eta 0:00:00
2024-01-12T00:24:43.0393997Z Downloading aiohttp-3.9.1-cp38-cp38-manylinux_2_17_x86_64.manylinux2014_x86_64.whl (1.3 MB)
2024-01-12T00:24:43.0601879Z    â”â”â”â”â”â”â”â”â”â”â”â”â”â”â”â”â”â”â”â”â”â”â”â”â”â”â”â”â”â”â”â”â”â”â”â”â”â”â”â” 1.3/1.3 MB 66.7 MB/s eta 0:00:00
2024-01-12T00:24:43.0682858Z Downloading async_timeout-4.0.3-py3-none-any.whl (5.7 kB)
2024-01-12T00:24:43.0784258Z Downloading attrs-23.2.0-py3-none-any.whl (60 kB)
2024-01-12T00:24:43.0836862Z    â”â”â”â”â”â”â”â”â”â”â”â”â”â”â”â”â”â”â”â”â”â”â”â”â”â”â”â”â”â”â”â”â”â”â”â”â”â”â”â” 60.8/60.8 kB 15.6 MB/s eta 0:00:00
2024-01-12T00:24:43.0912957Z Downloading certifi-2023.11.17-py3-none-any.whl (162 kB)
2024-01-12T00:24:43.0968629Z    â”â”â”â”â”â”â”â”â”â”â”â”â”â”â”â”â”â”â”â”â”â”â”â”â”â”â”â”â”â”â”â”â”â”â”â”â”â”â”â” 162.5/162.5 kB 42.9 MB/s eta 0:00:00
2024-01-12T00:24:43.1046369Z Downloading charset_normalizer-3.3.2-cp38-cp38-manylinux_2_17_x86_64.manylinux2014_x86_64.whl (141 kB)
2024-01-12T00:24:43.1102632Z    â”â”â”â”â”â”â”â”â”â”â”â”â”â”â”â”â”â”â”â”â”â”â”â”â”â”â”â”â”â”â”â”â”â”â”â”â”â”â”â” 141.1/141.1 kB 37.7 MB/s eta 0:00:00
2024-01-12T00:24:43.1180967Z Downloading frozenlist-1.4.1-cp38-cp38-manylinux_2_5_x86_64.manylinux1_x86_64.manylinux_2_17_x86_64.manylinux2014_x86_64.whl (240 kB)
2024-01-12T00:24:43.1239313Z    â”â”â”â”â”â”â”â”â”â”â”â”â”â”â”â”â”â”â”â”â”â”â”â”â”â”â”â”â”â”â”â”â”â”â”â”â”â”â”â” 240.9/240.9 kB 58.4 MB/s eta 0:00:00
2024-01-12T00:24:43.1315555Z Downloading idna-3.6-py3-none-any.whl (61 kB)
2024-01-12T00:24:43.1362007Z    â”â”â”â”â”â”â”â”â”â”â”â”â”â”â”â”â”â”â”â”â”â”â”â”â”â”â”â”â”â”â”â”â”â”â”â”â”â”â”â” 61.6/61.6 kB 20.0 MB/s eta 0:00:00
2024-01-12T00:24:43.1437948Z Downloading urllib3-2.1.0-py3-none-any.whl (104 kB)
2024-01-12T00:24:43.1488458Z    â”â”â”â”â”â”â”â”â”â”â”â”â”â”â”â”â”â”â”â”â”â”â”â”â”â”â”â”â”â”â”â”â”â”â”â”â”â”â”â” 104.6/104.6 kB 31.0 MB/s eta 0:00:00
2024-01-12T00:24:43.1567479Z Downloading yarl-1.9.4-cp38-cp38-manylinux_2_17_x86_64.manylinux2014_x86_64.whl (308 kB)
2024-01-12T00:24:43.1635732Z    â”â”â”â”â”â”â”â”â”â”â”â”â”â”â”â”â”â”â”â”â”â”â”â”â”â”â”â”â”â”â”â”â”â”â”â”â”â”â”â” 308.8/308.8 kB 62.7 MB/s eta 0:00:00
2024-01-12T00:24:43.2610201Z Installing collected packages: urllib3, multidict, idna, frozenlist, charset-normalizer, certifi, attrs, async-timeout, yarl, requests, aiosignal, aiohttp
2024-01-12T00:24:43.6532720Z Successfully installed aiohttp-3.9.1 aiosignal-1.3.1 async-timeout-4.0.3 attrs-23.2.0 certifi-2023.11.17 charset-normalizer-3.3.2 frozenlist-1.4.1 idna-3.6 multidict-6.0.4 requests-2.31.0 urllib3-2.1.0 yarl-1.9.4
2024-01-12T00:24:43.8204603Z ##[group]Run python3 --version
2024-01-12T00:24:43.8205174Z [36;1mpython3 --version[0m
2024-01-12T00:24:43.8205570Z [36;1mpython3 generate_images.py[0m
2024-01-12T00:24:43.8257210Z shell: /usr/bin/bash -e {0}
2024-01-12T00:24:43.8257575Z env:
2024-01-12T00:24:43.8258092Z   pythonLocation: /opt/hostedtoolcache/Python/3.8.18/x64
2024-01-12T00:24:43.8258794Z   PKG_CONFIG_PATH: /opt/hostedtoolcache/Python/3.8.18/x64/lib/pkgconfig
2024-01-12T00:24:43.8259503Z   Python_ROOT_DIR: /opt/hostedtoolcache/Python/3.8.18/x64
2024-01-12T00:24:43.8260079Z   Python2_ROOT_DIR: /opt/hostedtoolcache/Python/3.8.18/x64
2024-01-12T00:24:43.8260661Z   Python3_ROOT_DIR: /opt/hostedtoolcache/Python/3.8.18/x64
2024-01-12T00:24:43.8261310Z   LD_LIBRARY_PATH: /opt/hostedtoolcache/Python/3.8.18/x64/lib
2024-01-12T00:24:43.8262072Z   ACCESS_TOKEN: ***
2024-01-12T00:24:43.8262548Z   GITHUB_TOKEN: ***
2024-01-12T00:24:43.8262922Z   EXCLUDED: 
2024-01-12T00:24:43.8263274Z   EXCLUDED_LANGS: 
2024-01-12T00:24:43.8263798Z   EXCLUDE_FORKED_REPOS: true
2024-01-12T00:24:43.8264197Z ##[endgroup]
2024-01-12T00:24:43.8351348Z Python 3.8.18
2024-01-12T00:34:07.7379883Z A path returned 202. Retrying...
2024-01-12T00:34:07.7381131Z A path returned 202. Retrying...
2024-01-12T00:34:07.7382033Z A path returned 202. Retrying...
2024-01-12T00:34:07.7382793Z A path returned 202. Retrying...
2024-01-12T00:34:07.7411491Z A path returned 202. Retrying...
2024-01-12T00:34:07.7415419Z A path returned 202. Retrying...
2024-01-12T00:34:07.7416569Z A path returned 202. Retrying...
2024-01-12T00:34:07.7417456Z A path returned 202. Retrying...
2024-01-12T00:34:07.7418413Z A path returned 202. Retrying...
2024-01-12T00:34:07.7418906Z A path returned 202. Retrying...
2024-01-12T00:34:07.7419437Z A path returned 202. Retrying...
2024-01-12T00:34:07.7420072Z A path returned 202. Retrying...
2024-01-12T00:34:07.7420489Z A path returned 202. Retrying...
2024-01-12T00:34:07.7420882Z A path returned 202. Retrying...
2024-01-12T00:34:07.7421356Z A path returned 202. Retrying...
2024-01-12T00:34:07.7421767Z A path returned 202. Retrying...
2024-01-12T00:34:07.7422120Z A path returned 202. Retrying...
2024-01-12T00:34:07.7422591Z A path returned 202. Retrying...
2024-01-12T00:34:07.7422997Z A path returned 202. Retrying...
2024-01-12T00:34:07.7423378Z A path returned 202. Retrying...
2024-01-12T00:34:07.7424197Z A path returned 202. Retrying...
2024-01-12T00:34:07.7424588Z A path returned 202. Retrying...
2024-01-12T00:34:07.7425062Z A path returned 202. Retrying...
2024-01-12T00:34:07.7425423Z A path returned 202. Retrying...
2024-01-12T00:34:07.7425811Z A path returned 202. Retrying...
2024-01-12T00:34:07.7426285Z A path returned 202. Retrying...
2024-01-12T00:34:07.7426672Z A path returned 202. Retrying...
2024-01-12T00:34:07.7427059Z A path returned 202. Retrying...
2024-01-12T00:34:07.7427525Z A path returned 202. Retrying...
2024-01-12T00:34:07.7427910Z A path returned 202. Retrying...
2024-01-12T00:34:07.7428262Z A path returned 202. Retrying...
2024-01-12T00:34:07.7428744Z A path returned 202. Retrying...
2024-01-12T00:34:07.7429132Z A path returned 202. Retrying...
2024-01-12T00:34:07.7429531Z A path returned 202. Retrying...
2024-01-12T00:34:07.7429980Z A path returned 202. Retrying...
2024-01-12T00:34:07.7430368Z A path returned 202. Retrying...
2024-01-12T00:34:07.7430851Z A path returned 202. Retrying...
2024-01-12T00:34:07.7431206Z A path returned 202. Retrying...
2024-01-12T00:34:07.7431606Z A path returned 202. Retrying...
2024-01-12T00:34:07.7432054Z A path returned 202. Retrying...
2024-01-12T00:34:07.7432439Z A path returned 202. Retrying...
2024-01-12T00:34:07.7432843Z A path returned 202. Retrying...
2024-01-12T00:34:07.7433298Z A path returned 202. Retrying...
2024-01-12T00:34:07.7433699Z A path returned 202. Retrying...
2024-01-12T00:34:07.7434052Z A path returned 202. Retrying...
2024-01-12T00:34:07.7434510Z A path returned 202. Retrying...
2024-01-12T00:34:07.7434916Z A path returned 202. Retrying...
2024-01-12T00:34:07.7435540Z A path returned 202. Retrying...
2024-01-12T00:34:07.7436037Z A path returned 202. Retrying...
2024-01-12T00:34:07.7436429Z A path returned 202. Retrying...
2024-01-12T00:34:07.7436878Z A path returned 202. Retrying...
2024-01-12T00:34:07.7437248Z A path returned 202. Retrying...
2024-01-12T00:34:07.7437634Z A path returned 202. Retrying...
2024-01-12T00:34:07.7438086Z A path returned 202. Retrying...
2024-01-12T00:34:07.7438500Z A path returned 202. Retrying...
2024-01-12T00:34:07.7438901Z A path returned 202. Retrying...
2024-01-12T00:34:07.7439378Z A path returned 202. Retrying...
2024-01-12T00:34:07.7439778Z A path returned 202. Retrying...
2024-01-12T00:34:07.7440136Z A path returned 202. Retrying...
2024-01-12T00:34:07.7440615Z A path returned 202. Retrying...
2024-01-12T00:34:07.7441007Z A path returned 202. Retrying...
2024-01-12T00:34:07.7441396Z A path returned 202. Retrying...
2024-01-12T00:34:07.7441870Z A path returned 202. Retrying...
2024-01-12T00:34:07.7442256Z A path returned 202. Retrying...
2024-01-12T00:34:07.7442741Z A path returned 202. Retrying...
2024-01-12T00:34:07.7443098Z A path returned 202. Retrying...
2024-01-12T00:34:07.7443486Z A path returned 202. Retrying...
2024-01-12T00:34:07.7443953Z A path returned 202. Retrying...
2024-01-12T00:34:07.7444347Z A path returned 202. Retrying...
2024-01-12T00:34:07.7444771Z A path returned 202. Retrying...
2024-01-12T00:34:07.7445241Z A path returned 202. Retrying...
2024-01-12T00:34:07.7445639Z A path returned 202. Retrying...
2024-01-12T00:34:07.7446016Z A path returned 202. Retrying...
2024-01-12T00:34:07.7446475Z A path returned 202. Retrying...
2024-01-12T00:34:07.7446872Z A path returned 202. Retrying...
2024-01-12T00:34:07.7447291Z A path returned 202. Retrying...
2024-01-12T00:34:07.7447760Z A path returned 202. Retrying...
2024-01-12T00:34:07.7448168Z A path returned 202. Retrying...
2024-01-12T00:34:07.7448614Z A path returned 202. Retrying...
2024-01-12T00:34:07.7448973Z A path returned 202. Retrying...
2024-01-12T00:34:07.7449385Z A path returned 202. Retrying...
2024-01-12T00:34:07.7450063Z A path returned 202. Retrying...
2024-01-12T00:34:07.7450508Z A path returned 202. Retrying...
2024-01-12T00:34:07.7450931Z A path returned 202. Retrying...
2024-01-12T00:34:07.7451397Z A path returned 202. Retrying...
2024-01-12T00:34:07.7451806Z A path returned 202. Retrying...
2024-01-12T00:34:07.7452336Z A path returned 202. Retrying...
2024-01-12T00:34:07.7452844Z A path returned 202. Retrying...
2024-01-12T00:34:07.7453251Z A path returned 202. Retrying...
2024-01-12T00:34:07.7453639Z A path returned 202. Retrying...
2024-01-12T00:34:07.7454109Z A path returned 202. Retrying...
2024-01-12T00:34:07.7454497Z A path returned 202. Retrying...
2024-01-12T00:34:07.7455167Z A path returned 202. Retrying...
2024-01-12T00:34:07.7455530Z A path returned 202. Retrying...
2024-01-12T00:34:07.7455918Z A path returned 202. Retrying...
2024-01-12T00:34:07.7456390Z A path returned 202. Retrying...
2024-01-12T00:34:07.7456801Z A path returned 202. Retrying...
2024-01-12T00:34:07.7457194Z A path returned 202. Retrying...
2024-01-12T00:34:07.7457758Z A path returned 202. Retrying...
2024-01-12T00:34:07.7458143Z A path returned 202. Retrying...
2024-01-12T00:34:07.7458495Z A path returned 202. Retrying...
2024-01-12T00:34:07.7458963Z A path returned 202. Retrying...
2024-01-12T00:34:07.7459360Z A path returned 202. Retrying...
2024-01-12T00:34:07.7459770Z A path returned 202. Retrying...
2024-01-12T00:34:07.7460227Z A path returned 202. Retrying...
2024-01-12T00:34:07.7460611Z A path returned 202. Retrying...
2024-01-12T00:34:07.7460980Z A path returned 202. Retrying...
2024-01-12T00:34:07.7461430Z A path returned 202. Retrying...
2024-01-12T00:34:07.7461837Z A path returned 202. Retrying...
2024-01-12T00:34:07.7462288Z A path returned 202. Retrying...
2024-01-12T00:34:07.7462674Z A path returned 202. Retrying...
2024-01-12T00:34:07.7463078Z A path returned 202. Retrying...
2024-01-12T00:34:07.7463537Z A path returned 202. Retrying...
2024-01-12T00:34:07.7464075Z A path returned 202. Retrying...
2024-01-12T00:34:07.7464474Z A path returned 202. Retrying...
2024-01-12T00:34:07.7464934Z A path returned 202. Retrying...
2024-01-12T00:34:07.7465340Z A path returned 202. Retrying...
2024-01-12T00:34:07.7465724Z A path returned 202. Retrying...
2024-01-12T00:34:07.7466192Z A path returned 202. Retrying...
2024-01-12T00:34:07.7466583Z A path returned 202. Retrying...
2024-01-12T00:34:07.7466936Z A path returned 202. Retrying...
2024-01-12T00:34:07.7467405Z A path returned 202. Retrying...
2024-01-12T00:34:07.7467792Z A path returned 202. Retrying...
2024-01-12T00:34:07.7468241Z A path returned 202. Retrying...
2024-01-12T00:34:07.7468645Z A path returned 202. Retrying...
2024-01-12T00:34:07.7469034Z A path returned 202. Retrying...
2024-01-12T00:34:07.7469517Z A path returned 202. Retrying...
2024-01-12T00:34:07.7469873Z A path returned 202. Retrying...
2024-01-12T00:34:07.7470271Z A path returned 202. Retrying...
2024-01-12T00:34:07.7470790Z A path returned 202. Retrying...
2024-01-12T00:34:07.7471181Z A path returned 202. Retrying...
2024-01-12T00:34:07.7471534Z A path returned 202. Retrying...
2024-01-12T00:34:07.7472003Z A path returned 202. Retrying...
2024-01-12T00:34:07.7472393Z A path returned 202. Retrying...
2024-01-12T00:34:07.7472862Z A path returned 202. Retrying...
2024-01-12T00:34:07.7473258Z A path returned 202. Retrying...
2024-01-12T00:34:07.7473643Z A path returned 202. Retrying...
2024-01-12T00:34:07.7474114Z A path returned 202. Retrying...
2024-01-12T00:34:07.7474470Z A path returned 202. Retrying...
2024-01-12T00:34:07.7474875Z A path returned 202. Retrying...
2024-01-12T00:34:07.7475326Z A path returned 202. Retrying...
2024-01-12T00:34:07.7475709Z A path returned 202. Retrying...
2024-01-12T00:34:07.7476114Z A path returned 202. Retrying...
2024-01-12T00:34:07.7476559Z A path returned 202. Retrying...
2024-01-12T00:34:07.7476959Z A path returned 202. Retrying...
2024-01-12T00:34:07.7477311Z A path returned 202. Retrying...
2024-01-12T00:34:07.7477768Z A path returned 202. Retrying...
2024-01-12T00:34:07.7478175Z A path returned 202. Retrying...
2024-01-12T00:34:07.7478624Z A path returned 202. Retrying...
2024-01-12T00:34:07.7479011Z A path returned 202. Retrying...
2024-01-12T00:34:07.7479413Z A path returned 202. Retrying...
2024-01-12T00:34:07.7479859Z A path returned 202. Retrying...
2024-01-12T00:34:07.7480362Z A path returned 202. Retrying...
2024-01-12T00:34:07.7480758Z A path returned 202. Retrying...
2024-01-12T00:34:07.7481214Z A path returned 202. Retrying...
2024-01-12T00:34:07.7481619Z A path returned 202. Retrying...
2024-01-12T00:34:07.7482005Z A path returned 202. Retrying...
2024-01-12T00:34:07.7482476Z A path returned 202. Retrying...
2024-01-12T00:34:07.7482860Z A path returned 202. Retrying...
2024-01-12T00:34:07.7483214Z A path returned 202. Retrying...
2024-01-12T00:34:07.7483682Z A path returned 202. Retrying...
2024-01-12T00:34:07.7484072Z A path returned 202. Retrying...
2024-01-12T00:34:07.7484521Z A path returned 202. Retrying...
2024-01-12T00:34:07.7484935Z A path returned 202. Retrying...
2024-01-12T00:34:07.7485321Z A path returned 202. Retrying...
2024-01-12T00:34:07.7485792Z A path returned 202. Retrying...
2024-01-12T00:34:07.7486146Z A path returned 202. Retrying...
2024-01-12T00:34:07.7486535Z A path returned 202. Retrying...
2024-01-12T00:34:07.7487012Z A path returned 202. Retrying...
2024-01-12T00:34:07.7487405Z A path returned 202. Retrying...
2024-01-12T00:34:07.7487811Z A path returned 202. Retrying...
2024-01-12T00:34:07.7488259Z A path returned 202. Retrying...
2024-01-12T00:34:07.7488645Z A path returned 202. Retrying...
2024-01-12T00:34:07.7489016Z A path returned 202. Retrying...
2024-01-12T00:34:07.7489464Z A path returned 202. Retrying...
2024-01-12T00:34:07.7490072Z A path returned 202. Retrying...
2024-01-12T00:34:07.7490696Z A path returned 202. Retrying...
2024-01-12T00:34:07.7491094Z A path returned 202. Retrying...
2024-01-12T00:34:07.7491502Z A path returned 202. Retrying...
2024-01-12T00:34:07.7492121Z A path returned 202. Retrying...
2024-01-12T00:34:07.7492492Z A path returned 202. Retrying...
2024-01-12T00:34:07.7492899Z A path returned 202. Retrying...
2024-01-12T00:34:07.7493357Z A path returned 202. Retrying...
2024-01-12T00:34:07.7493763Z A path returned 202. Retrying...
2024-01-12T00:34:07.7494153Z A path returned 202. Retrying...
2024-01-12T00:34:07.7494618Z A path returned 202. Retrying...
2024-01-12T00:34:07.7495022Z A path returned 202. Retrying...
2024-01-12T00:34:07.7495375Z A path returned 202. Retrying...
2024-01-12T00:34:07.7495842Z A path returned 202. Retrying...
2024-01-12T00:34:07.7496244Z A path returned 202. Retrying...
2024-01-12T00:34:07.7496696Z A path returned 202. Retrying...
2024-01-12T00:34:07.7497107Z A path returned 202. Retrying...
2024-01-12T00:34:07.7497492Z A path returned 202. Retrying...
2024-01-12T00:34:07.7497939Z A path returned 202. Retrying...
2024-01-12T00:34:07.7498311Z A path returned 202. Retrying...
2024-01-12T00:34:07.7498699Z A path returned 202. Retrying...
2024-01-12T00:34:07.7499173Z A path returned 202. Retrying...
2024-01-12T00:34:07.7499559Z A path returned 202. Retrying...
2024-01-12T00:34:07.7499947Z A path returned 202. Retrying...
2024-01-12T00:34:07.7500414Z A path returned 202. Retrying...
2024-01-12T00:34:07.7500799Z A path returned 202. Retrying...
2024-01-12T00:34:07.7501156Z A path returned 202. Retrying...
2024-01-12T00:34:07.7501625Z A path returned 202. Retrying...
2024-01-12T00:34:07.7502017Z A path returned 202. Retrying...
2024-01-12T00:34:07.7502482Z A path returned 202. Retrying...
2024-01-12T00:34:07.7502874Z A path returned 202. Retrying...
2024-01-12T00:34:07.7503260Z A path returned 202. Retrying...
2024-01-12T00:34:07.7503725Z A path returned 202. Retrying...
2024-01-12T00:34:07.7504080Z A path returned 202. Retrying...
2024-01-12T00:34:07.7504466Z A path returned 202. Retrying...
2024-01-12T00:34:07.7504937Z A path returned 202. Retrying...
2024-01-12T00:34:07.7505323Z A path returned 202. Retrying...
2024-01-12T00:34:07.7505731Z A path returned 202. Retrying...
2024-01-12T00:34:07.7506178Z A path returned 202. Retrying...
2024-01-12T00:34:07.7506564Z A path returned 202. Retrying...
2024-01-12T00:34:07.7506932Z A path returned 202. Retrying...
2024-01-12T00:34:07.7507382Z A path returned 202. Retrying...
2024-01-12T00:34:07.7507787Z A path returned 202. Retrying...
2024-01-12T00:34:07.7508537Z A path returned 202. Retrying...
2024-01-12T00:34:07.7508929Z A path returned 202. Retrying...
2024-01-12T00:34:07.7509334Z A path returned 202. Retrying...
2024-01-12T00:34:07.7509783Z A path returned 202. Retrying...
2024-01-12T00:34:07.7510156Z A path returned 202. Retrying...
2024-01-12T00:34:07.7510543Z A path returned 202. Retrying...
2024-01-12T00:34:07.7510997Z A path returned 202. Retrying...
2024-01-12T00:34:07.7511403Z A path returned 202. Retrying...
2024-01-12T00:34:07.7511794Z A path returned 202. Retrying...
2024-01-12T00:34:07.7512260Z A path returned 202. Retrying...
2024-01-12T00:34:07.7512645Z A path returned 202. Retrying...
2024-01-12T00:34:07.7513003Z A path returned 202. Retrying...
2024-01-12T00:34:07.7513478Z A path returned 202. Retrying...
2024-01-12T00:34:07.7513866Z A path returned 202. Retrying...
2024-01-12T00:34:07.7514311Z A path returned 202. Retrying...
2024-01-12T00:34:07.7514716Z A path returned 202. Retrying...
2024-01-12T00:34:07.7515113Z A path returned 202. Retrying...
2024-01-12T00:34:07.7515582Z A path returned 202. Retrying...
2024-01-12T00:34:07.7515940Z A path returned 202. Retrying...
2024-01-12T00:34:07.7516329Z A path returned 202. Retrying...
2024-01-12T00:34:07.7516799Z A path returned 202. Retrying...
2024-01-12T00:34:07.7517186Z A path returned 202. Retrying...
2024-01-12T00:34:07.7517575Z A path returned 202. Retrying...
2024-01-12T00:34:07.7518043Z A path returned 202. Retrying...
2024-01-12T00:34:07.7518429Z A path returned 202. Retrying...
2024-01-12T00:34:07.7518798Z A path returned 202. Retrying...
2024-01-12T00:34:07.7519270Z A path returned 202. Retrying...
2024-01-12T00:34:07.7519776Z A path returned 202. Retrying...
2024-01-12T00:34:07.7520312Z A path returned 202. Retrying...
2024-01-12T00:34:07.7520706Z A path returned 202. Retrying...
2024-01-12T00:42:55.6919809Z A path returned 202. Retrying...
2024-01-12T00:42:55.6920762Z A path returned 202. Retrying...
2024-01-12T00:42:55.6921659Z A path returned 202. Retrying...
2024-01-12T00:42:55.6922207Z A path returned 202. Retrying...
2024-01-12T00:42:55.6922738Z A path returned 202. Retrying...
2024-01-12T00:42:55.6923363Z A path returned 202. Retrying...
2024-01-12T00:42:55.6923744Z A path returned 202. Retrying...
2024-01-12T00:42:55.6924182Z A path returned 202. Retrying...
2024-01-12T00:42:55.6924665Z A path returned 202. Retrying...
2024-01-12T00:42:55.6925103Z A path returned 202. Retrying...
2024-01-12T00:42:55.6925524Z A path returned 202. Retrying...
2024-01-12T00:42:55.6926015Z A path returned 202. Retrying...
2024-01-12T00:42:55.6926446Z A path returned 202. Retrying...
2024-01-12T00:42:55.6926819Z A path returned 202. Retrying...
2024-01-12T00:42:55.6927304Z A path returned 202. Retrying...
2024-01-12T00:42:55.6927733Z A path returned 202. Retrying...
2024-01-12T00:42:55.6928205Z A path returned 202. Retrying...
2024-01-12T00:42:55.6928640Z A path returned 202. Retrying...
2024-01-12T00:42:55.6929049Z A path returned 202. Retrying...
2024-01-12T00:42:55.6929519Z A path returned 202. Retrying...
2024-01-12T00:42:55.6930302Z A path returned 202. Retrying...
2024-01-12T00:42:55.6930821Z A path returned 202. Retrying...
2024-01-12T00:42:55.6931324Z A path returned 202. Retrying...
2024-01-12T00:42:55.6931744Z A path returned 202. Retrying...
2024-01-12T00:42:55.6932142Z A path returned 202. Retrying...
2024-01-12T00:42:55.6932613Z A path returned 202. Retrying...
2024-01-12T00:42:55.6933005Z A path returned 202. Retrying...
2024-01-12T00:42:55.6933363Z A path returned 202. Retrying...
2024-01-12T00:42:55.6933919Z A path returned 202. Retrying...
2024-01-12T00:42:55.6934306Z A path returned 202. Retrying...
2024-01-12T00:42:55.6934784Z A path returned 202. Retrying...
2024-01-12T00:42:55.6935180Z A path returned 202. Retrying...
2024-01-12T00:42:55.6935570Z A path returned 202. Retrying...
2024-01-12T00:42:55.6936037Z A path returned 202. Retrying...
2024-01-12T00:42:55.6936397Z A path returned 202. Retrying...
2024-01-12T00:42:55.6936792Z A path returned 202. Retrying...
2024-01-12T00:42:55.6937687Z A path returned 202. Retrying...
2024-01-12T00:42:55.6938090Z A path returned 202. Retrying...
2024-01-12T00:42:55.6938629Z A path returned 202. Retrying...
2024-01-12T00:42:55.6939091Z A path returned 202. Retrying...
2024-01-12T00:42:55.6939501Z A path returned 202. Retrying...
2024-01-12T00:42:55.6939956Z A path returned 202. Retrying...
2024-01-12T00:42:55.6940350Z A path returned 202. Retrying...
2024-01-12T00:42:55.6940758Z A path returned 202. Retrying...
2024-01-12T00:42:55.6941215Z A path returned 202. Retrying...
2024-01-12T00:42:55.6941574Z A path returned 202. Retrying...
2024-01-12T00:42:55.6941989Z A path returned 202. Retrying...
2024-01-12T00:42:55.6942457Z A path returned 202. Retrying...
2024-01-12T00:42:55.6942874Z A path returned 202. Retrying...
2024-01-12T00:42:55.6943477Z A path returned 202. Retrying...
2024-01-12T00:42:55.6943947Z A path returned 202. Retrying...
2024-01-12T00:42:55.6944360Z A path returned 202. Retrying...
2024-01-12T00:42:55.6944726Z A path returned 202. Retrying...
2024-01-12T00:42:55.6945231Z A path returned 202. Retrying...
2024-01-12T00:42:55.6945628Z A path returned 202. Retrying...
2024-01-12T00:42:55.6946100Z A path returned 202. Retrying...
2024-01-12T00:42:55.6946539Z A path returned 202. Retrying...
2024-01-12T00:42:55.6946934Z A path returned 202. Retrying...
2024-01-12T00:42:55.6947394Z A path returned 202. Retrying...
2024-01-12T00:42:55.6947754Z A path returned 202. Retrying...
2024-01-12T00:42:55.6948221Z A path returned 202. Retrying...
2024-01-12T00:42:55.6948690Z A path returned 202. Retrying...
2024-01-12T00:42:55.6949081Z A path returned 202. Retrying...
2024-01-12T00:42:55.6949682Z A path returned 202. Retrying...
2024-01-12T00:42:55.6950169Z A path returned 202. Retrying...
2024-01-12T00:42:55.6950575Z A path returned 202. Retrying...
2024-01-12T00:42:55.6950958Z A path returned 202. Retrying...
2024-01-12T00:42:55.6951419Z A path returned 202. Retrying...
2024-01-12T00:42:55.6951813Z A path returned 202. Retrying...
2024-01-12T00:42:55.6952300Z A path returned 202. Retrying...
2024-01-12T00:42:55.6952696Z A path returned 202. Retrying...
2024-01-12T00:42:55.6953174Z A path returned 202. Retrying...
2024-01-12T00:42:55.6953632Z A path returned 202. Retrying...
2024-01-12T00:42:55.6954007Z A path returned 202. Retrying...
2024-01-12T00:42:55.6954431Z A path returned 202. Retrying...
2024-01-12T00:42:55.6954898Z A path returned 202. Retrying...
2024-01-12T00:42:55.6955293Z A path returned 202. Retrying...
2024-01-12T00:42:55.6955710Z A path returned 202. Retrying...
2024-01-12T00:42:55.6956158Z A path returned 202. Retrying...
2024-01-12T00:42:55.6956569Z A path returned 202. Retrying...
2024-01-12T00:42:55.6956930Z A path returned 202. Retrying...
2024-01-12T00:42:55.6957389Z A path returned 202. Retrying...
2024-01-12T00:42:55.6957901Z A path returned 202. Retrying...
2024-01-12T00:42:55.6958353Z A path returned 202. Retrying...
2024-01-12T00:42:55.6958764Z A path returned 202. Retrying...
2024-01-12T00:42:55.6959151Z A path returned 202. Retrying...
2024-01-12T00:42:55.6959610Z A path returned 202. Retrying...
2024-01-12T00:42:55.6959984Z A path returned 202. Retrying...
2024-01-12T00:42:55.6960377Z A path returned 202. Retrying...
2024-01-12T00:42:55.6960830Z A path returned 202. Retrying...
2024-01-12T00:42:55.6961235Z A path returned 202. Retrying...
2024-01-12T00:42:55.6961629Z A path returned 202. Retrying...
2024-01-12T00:42:55.6962099Z A path returned 202. Retrying...
2024-01-12T00:42:55.6962573Z A path returned 202. Retrying...
2024-01-12T00:42:55.6962926Z A path returned 202. Retrying...
2024-01-12T00:42:55.6963402Z A path returned 202. Retrying...
2024-01-12T00:42:55.6963798Z A path returned 202. Retrying...
2024-01-12T00:42:55.6964247Z A path returned 202. Retrying...
2024-01-12T00:42:55.6964657Z A path returned 202. Retrying...
2024-01-12T00:42:55.6965042Z A path returned 202. Retrying...
2024-01-12T00:42:55.6965510Z A path returned 202. Retrying...
2024-01-12T00:42:55.6965865Z A path returned 202. Retrying...
2024-01-12T00:42:55.6966404Z A path returned 202. Retrying...
2024-01-12T00:42:55.6966876Z A path returned 202. Retrying...
2024-01-12T00:42:55.6967347Z A path returned 202. Retrying...
2024-01-12T00:42:55.6967752Z A path returned 202. Retrying...
2024-01-12T00:42:55.6968203Z A path returned 202. Retrying...
2024-01-12T00:42:55.6968592Z A path returned 202. Retrying...
2024-01-12T00:42:55.6968975Z A path returned 202. Retrying...
2024-01-12T00:42:55.6969431Z A path returned 202. Retrying...
2024-01-12T00:42:55.6970013Z A path returned 202. Retrying...
2024-01-12T00:42:55.6970490Z A path returned 202. Retrying...
2024-01-12T00:42:55.6970909Z A path returned 202. Retrying...
2024-01-12T00:42:55.6971323Z A path returned 202. Retrying...
2024-01-12T00:42:55.6971850Z A path returned 202. Retrying...
2024-01-12T00:42:55.6972211Z A path returned 202. Retrying...
2024-01-12T00:42:55.6972623Z A path returned 202. Retrying...
2024-01-12T00:42:55.6973080Z A path returned 202. Retrying...
2024-01-12T00:42:55.6973489Z A path returned 202. Retrying...
2024-01-12T00:42:55.6973887Z A path returned 202. Retrying...
2024-01-12T00:42:55.6974340Z A path returned 202. Retrying...
2024-01-12T00:42:55.6974749Z A path returned 202. Retrying...
2024-01-12T00:42:55.6975111Z A path returned 202. Retrying...
2024-01-12T00:42:55.6975563Z A path returned 202. Retrying...
2024-01-12T00:42:55.6975969Z A path returned 202. Retrying...
2024-01-12T00:42:55.6976413Z A path returned 202. Retrying...
2024-01-12T00:42:55.6976895Z A path returned 202. Retrying...
2024-01-12T00:42:55.6977289Z A path returned 202. Retrying...
2024-01-12T00:42:55.6977740Z A path returned 202. Retrying...
2024-01-12T00:42:55.6978269Z A path returned 202. Retrying...
2024-01-12T00:42:55.6978670Z A path returned 202. Retrying...
2024-01-12T00:42:55.6979155Z A path returned 202. Retrying...
2024-01-12T00:42:55.6979544Z A path returned 202. Retrying...
2024-01-12T00:42:55.6979940Z A path returned 202. Retrying...
2024-01-12T00:42:55.6980411Z A path returned 202. Retrying...
2024-01-12T00:42:55.6980773Z A path returned 202. Retrying...
2024-01-12T00:42:55.6981258Z A path returned 202. Retrying...
2024-01-12T00:42:55.6981709Z A path returned 202. Retrying...
2024-01-12T00:42:55.6982099Z A path returned 202. Retrying...
2024-01-12T00:42:55.6982582Z A path returned 202. Retrying...
2024-01-12T00:42:55.6982973Z A path returned 202. Retrying...
2024-01-12T00:42:55.6983377Z A path returned 202. Retrying...
2024-01-12T00:42:55.6983799Z A path returned 202. Retrying...
2024-01-12T00:42:55.6984193Z A path returned 202. Retrying...
2024-01-12T00:42:55.6984603Z A path returned 202. Retrying...
2024-01-12T00:42:55.6985071Z A path returned 202. Retrying...
2024-01-12T00:42:55.6985498Z A path returned 202. Retrying...
2024-01-12T00:42:55.6985983Z A path returned 202. Retrying...
2024-01-12T00:42:55.6986440Z A path returned 202. Retrying...
2024-01-12T00:42:55.6986793Z A path returned 202. Retrying...
2024-01-12T00:42:55.6987201Z A path returned 202. Retrying...
2024-01-12T00:42:55.6987661Z A path returned 202. Retrying...
2024-01-12T00:42:55.6988070Z A path returned 202. Retrying...
2024-01-12T00:42:55.6988516Z A path returned 202. Retrying...
2024-01-12T00:42:55.6988907Z A path returned 202. Retrying...
2024-01-12T00:42:55.6989310Z A path returned 202. Retrying...
2024-01-12T00:42:55.6989723Z A path returned 202. Retrying...
2024-01-12T00:42:55.6990131Z A path returned 202. Retrying...
2024-01-12T00:42:55.6990606Z A path returned 202. Retrying...
2024-01-12T00:42:55.6991061Z A path returned 202. Retrying...
2024-01-12T00:42:55.6991471Z A path returned 202. Retrying...
2024-01-12T00:42:55.6991862Z A path returned 202. Retrying...
2024-01-12T00:42:55.6992342Z A path returned 202. Retrying...
2024-01-12T00:42:55.6992698Z A path returned 202. Retrying...
2024-01-12T00:42:55.6993088Z A path returned 202. Retrying...
2024-01-12T00:42:55.6993561Z A path returned 202. Retrying...
2024-01-12T00:42:55.6993954Z A path returned 202. Retrying...
2024-01-12T00:42:55.6994408Z A path returned 202. Retrying...
2024-01-12T00:42:55.6994974Z A path returned 202. Retrying...
2024-01-12T00:42:55.6995444Z A path returned 202. Retrying...
2024-01-12T00:42:55.6995885Z A path returned 202. Retrying...
2024-01-12T00:42:55.6996277Z A path returned 202. Retrying...
2024-01-12T00:42:55.6996666Z A path returned 202. Retrying...
2024-01-12T00:42:55.6997141Z A path returned 202. Retrying...
2024-01-12T00:42:55.6997528Z A path returned 202. Retrying...
2024-01-12T00:42:55.6997933Z A path returned 202. Retrying...
2024-01-12T00:42:55.6998383Z A path returned 202. Retrying...
2024-01-12T00:42:55.6998739Z A path returned 202. Retrying...
2024-01-12T00:42:55.6999146Z A path returned 202. Retrying...
2024-01-12T00:42:55.6999604Z A path returned 202. Retrying...
2024-01-12T00:42:55.7000069Z A path returned 202. Retrying...
2024-01-12T00:42:55.7000531Z A path returned 202. Retrying...
2024-01-12T00:42:55.7000924Z A path returned 202. Retrying...
2024-01-12T00:42:55.7001331Z A path returned 202. Retrying...
2024-01-12T00:42:55.7001751Z A path returned 202. Retrying...
2024-01-12T00:42:55.7002194Z A path returned 202. Retrying...
2024-01-12T00:42:55.7002604Z A path returned 202. Retrying...
2024-01-12T00:42:55.7003065Z A path returned 202. Retrying...
2024-01-12T00:42:55.7003472Z A path returned 202. Retrying...
2024-01-12T00:42:55.7003862Z A path returned 202. Retrying...
2024-01-12T00:42:55.7004322Z A path returned 202. Retrying...
2024-01-12T00:42:55.7004775Z A path returned 202. Retrying...
2024-01-12T00:42:55.7005168Z A path returned 202. Retrying...
2024-01-12T00:42:55.7005616Z A path returned 202. Retrying...
2024-01-12T00:42:55.7006022Z A path returned 202. Retrying...
2024-01-12T00:42:55.7006593Z A path returned 202. Retrying...
2024-01-12T00:42:55.7007012Z A path returned 202. Retrying...
2024-01-12T00:42:55.7007399Z A path returned 202. Retrying...
2024-01-12T00:42:55.7007818Z A path returned 202. Retrying...
2024-01-12T00:42:55.7008230Z A path returned 202. Retrying...
2024-01-12T00:42:55.7008620Z A path returned 202. Retrying...
2024-01-12T00:42:55.7009109Z A path returned 202. Retrying...
2024-01-12T00:42:55.7009579Z A path returned 202. Retrying...
2024-01-12T00:42:55.7010243Z A path returned 202. Retrying...
2024-01-12T00:42:55.7010824Z A path returned 202. Retrying...
2024-01-12T00:42:55.7011196Z A path returned 202. Retrying...
2024-01-12T00:42:55.7011606Z A path returned 202. Retrying...
2024-01-12T00:42:55.7012093Z A path returned 202. Retrying...
2024-01-12T00:42:55.7012483Z A path returned 202. Retrying...
2024-01-12T00:42:55.7012952Z A path returned 202. Retrying...
2024-01-12T00:42:55.7013358Z A path returned 202. Retrying...
2024-01-12T00:42:55.7013747Z A path returned 202. Retrying...
2024-01-12T00:42:55.7014187Z A path returned 202. Retrying...
2024-01-12T00:42:55.7014658Z A path returned 202. Retrying...
2024-01-12T00:42:55.7015064Z A path returned 202. Retrying...
2024-01-12T00:42:55.7015521Z A path returned 202. Retrying...
2024-01-12T00:42:55.7015912Z A path returned 202. Retrying...
2024-01-12T00:42:55.7016320Z A path returned 202. Retrying...
2024-01-12T00:42:55.7016778Z A path returned 202. Retrying...
2024-01-12T00:42:55.7017135Z A path returned 202. Retrying...
2024-01-12T00:42:55.7017545Z A path returned 202. Retrying...
2024-01-12T00:42:55.7018006Z A path returned 202. Retrying...
2024-01-12T00:42:55.7018414Z A path returned 202. Retrying...
2024-01-12T00:42:55.7018871Z A path returned 202. Retrying...
2024-01-12T00:42:55.7019341Z A path returned 202. Retrying...
2024-01-12T00:42:55.7019747Z A path returned 202. Retrying...
2024-01-12T00:42:55.7020161Z A path returned 202. Retrying...
2024-01-12T00:42:55.7020556Z A path returned 202. Retrying...
2024-01-12T00:42:55.7020970Z A path returned 202. Retrying...
2024-01-12T00:42:55.7021426Z A path returned 202. Retrying...
2024-01-12T00:42:55.7021835Z A path returned 202. Retrying...
2024-01-12T00:42:55.7022224Z A path returned 202. Retrying...
2024-01-12T00:42:55.7022682Z A path returned 202. Retrying...
2024-01-12T00:42:55.7023054Z A path returned 202. Retrying...
2024-01-12T00:42:55.7023621Z A path returned 202. Retrying...
2024-01-12T00:42:55.7024198Z A path returned 202. Retrying...
2024-01-12T00:42:55.7024587Z A path returned 202. Retrying...
2024-01-12T00:42:55.7025037Z A path returned 202. Retrying...
2024-01-12T00:42:55.7025447Z A path returned 202. Retrying...
2024-01-12T00:42:55.7025838Z A path returned 202. Retrying...
2024-01-12T00:42:55.7026269Z A path returned 202. Retrying...
2024-01-12T00:42:55.7026664Z A path returned 202. Retrying...
2024-01-12T00:42:55.7027055Z A path returned 202. Retrying...
2024-01-12T00:42:55.7027535Z A path returned 202. Retrying...
2024-01-12T00:42:55.7027923Z A path returned 202. Retrying...
2024-01-12T00:42:55.7028413Z A path returned 202. Retrying...
2024-01-12T00:42:55.7028871Z A path returned 202. Retrying...
2024-01-12T00:42:55.7029224Z A path returned 202. Retrying...
2024-01-12T00:51:44.5843326Z A path returned 202. Retrying...
2024-01-12T00:51:44.5844360Z A path returned 202. Retrying...
2024-01-12T00:51:44.5845148Z A path returned 202. Retrying...
2024-01-12T00:51:44.5845645Z A path returned 202. Retrying...
2024-01-12T00:51:44.5846085Z A path returned 202. Retrying...
2024-01-12T00:51:44.5846716Z A path returned 202. Retrying...
2024-01-12T00:51:44.5847154Z A path returned 202. Retrying...
2024-01-12T00:51:44.5847602Z A path returned 202. Retrying...
2024-01-12T00:51:44.5848112Z A path returned 202. Retrying...
2024-01-12T00:51:44.5848570Z A path returned 202. Retrying...
2024-01-12T00:51:44.5848980Z A path returned 202. Retrying...
2024-01-12T00:51:44.5849509Z A path returned 202. Retrying...
2024-01-12T00:51:44.5850251Z A path returned 202. Retrying...
2024-01-12T00:51:44.5850720Z A path returned 202. Retrying...
2024-01-12T00:51:44.5851587Z A path returned 202. Retrying...
2024-01-12T00:51:44.5852078Z A path returned 202. Retrying...
2024-01-12T00:51:44.5852586Z A path returned 202. Retrying...
2024-01-12T00:51:44.5853005Z A path returned 202. Retrying...
2024-01-12T00:51:44.5853435Z A path returned 202. Retrying...
2024-01-12T00:51:44.5853942Z A path returned 202. Retrying...
2024-01-12T00:51:44.5854397Z A path returned 202. Retrying...
2024-01-12T00:51:44.5854828Z A path returned 202. Retrying...
2024-01-12T00:51:44.5855333Z A path returned 202. Retrying...
2024-01-12T00:51:44.5855761Z A path returned 202. Retrying...
2024-01-12T00:51:44.5856153Z A path returned 202. Retrying...
2024-01-12T00:51:44.5856628Z A path returned 202. Retrying...
2024-01-12T00:51:44.5857012Z A path returned 202. Retrying...
2024-01-12T00:51:44.5857398Z A path returned 202. Retrying...
2024-01-12T00:51:44.5857867Z A path returned 202. Retrying...
2024-01-12T00:51:44.5858250Z A path returned 202. Retrying...
2024-01-12T00:51:44.5858725Z A path returned 202. Retrying...
2024-01-12T00:51:44.5859081Z A path returned 202. Retrying...
2024-01-12T00:51:44.5859474Z A path returned 202. Retrying...
2024-01-12T00:51:44.5859938Z A path returned 202. Retrying...
2024-01-12T00:51:44.5860329Z A path returned 202. Retrying...
2024-01-12T00:51:44.5860728Z A path returned 202. Retrying...
2024-01-12T00:51:44.5861184Z A path returned 202. Retrying...
2024-01-12T00:51:44.5861570Z A path returned 202. Retrying...
2024-01-12T00:51:44.5861935Z A path returned 202. Retrying...
2024-01-12T00:51:44.5862384Z A path returned 202. Retrying...
2024-01-12T00:51:44.5862777Z A path returned 202. Retrying...
2024-01-12T00:51:44.5863178Z A path returned 202. Retrying...
2024-01-12T00:51:44.5863626Z A path returned 202. Retrying...
2024-01-12T00:51:44.5864025Z A path returned 202. Retrying...
2024-01-12T00:51:44.5864469Z A path returned 202. Retrying...
2024-01-12T00:51:44.5864840Z A path returned 202. Retrying...
2024-01-12T00:51:44.5865251Z A path returned 202. Retrying...
2024-01-12T00:51:44.5865722Z A path returned 202. Retrying...
2024-01-12T00:51:44.5866116Z A path returned 202. Retrying...
2024-01-12T00:51:44.5866517Z A path returned 202. Retrying...
2024-01-12T00:51:44.5866964Z A path returned 202. Retrying...
2024-01-12T00:51:44.5867363Z A path returned 202. Retrying...
2024-01-12T00:51:44.5867911Z A path returned 202. Retrying...
2024-01-12T00:51:44.5868369Z A path returned 202. Retrying...
2024-01-12T00:51:44.5868772Z A path returned 202. Retrying...
2024-01-12T00:51:44.5869157Z A path returned 202. Retrying...
2024-01-12T00:51:44.5869623Z A path returned 202. Retrying...
2024-01-12T00:51:44.5870005Z A path returned 202. Retrying...
2024-01-12T00:51:44.5870450Z A path returned 202. Retrying...
2024-01-12T00:51:44.5870815Z A path returned 202. Retrying...
2024-01-12T00:51:44.5871196Z A path returned 202. Retrying...
2024-01-12T00:51:44.5871655Z A path returned 202. Retrying...
2024-01-12T00:51:44.5872036Z A path returned 202. Retrying...
2024-01-12T00:51:44.5872421Z A path returned 202. Retrying...
2024-01-12T00:51:44.5872893Z A path returned 202. Retrying...
2024-01-12T00:51:44.5873272Z A path returned 202. Retrying...
2024-01-12T00:51:44.5873619Z A path returned 202. Retrying...
2024-01-12T00:51:44.5874080Z A path returned 202. Retrying...
2024-01-12T00:51:44.5874464Z A path returned 202. Retrying...
2024-01-12T00:51:44.5874869Z A path returned 202. Retrying...
2024-01-12T00:51:44.5875320Z A path returned 202. Retrying...
2024-01-12T00:51:44.5875699Z A path returned 202. Retrying...
2024-01-12T00:51:44.5876161Z A path returned 202. Retrying...
2024-01-12T00:51:44.5876510Z A path returned 202. Retrying...
2024-01-12T00:51:44.5876891Z A path returned 202. Retrying...
2024-01-12T00:51:44.5877370Z A path returned 202. Retrying...
2024-01-12T00:51:44.5877754Z A path returned 202. Retrying...
2024-01-12T00:51:44.5878152Z A path returned 202. Retrying...
2024-01-12T00:51:44.5878589Z A path returned 202. Retrying...
2024-01-12T00:51:44.5878970Z A path returned 202. Retrying...
2024-01-12T00:51:44.5879452Z A path returned 202. Retrying...
2024-01-12T00:51:44.5879909Z A path returned 202. Retrying...
2024-01-12T00:51:44.5880308Z A path returned 202. Retrying...
2024-01-12T00:51:44.5880689Z A path returned 202. Retrying...
2024-01-12T00:51:44.5881132Z A path returned 202. Retrying...
2024-01-12T00:51:44.5881536Z A path returned 202. Retrying...
2024-01-12T00:51:44.5881987Z A path returned 202. Retrying...
2024-01-12T00:51:44.5882359Z A path returned 202. Retrying...
2024-01-12T00:51:44.5882742Z A path returned 202. Retrying...
2024-01-12T00:51:44.5883181Z A path returned 202. Retrying...
2024-01-12T00:51:44.5883584Z A path returned 202. Retrying...
2024-01-12T00:51:44.5883967Z A path returned 202. Retrying...
2024-01-12T00:51:44.5884429Z A path returned 202. Retrying...
2024-01-12T00:51:44.5884813Z A path returned 202. Retrying...
2024-01-12T00:51:44.5885161Z A path returned 202. Retrying...
2024-01-12T00:51:44.5885628Z A path returned 202. Retrying...
2024-01-12T00:51:44.5886018Z A path returned 202. Retrying...
2024-01-12T00:51:44.5886400Z A path returned 202. Retrying...
2024-01-12T00:51:44.5886865Z A path returned 202. Retrying...
2024-01-12T00:51:44.5887246Z A path returned 202. Retrying...
2024-01-12T00:51:44.5887719Z A path returned 202. Retrying...
2024-01-12T00:51:44.5888073Z A path returned 202. Retrying...
2024-01-12T00:51:44.5888455Z A path returned 202. Retrying...
2024-01-12T00:51:44.5888921Z A path returned 202. Retrying...
2024-01-12T00:51:44.5889305Z A path returned 202. Retrying...
2024-01-12T00:51:44.5889689Z A path returned 202. Retrying...
2024-01-12T00:51:44.5890374Z A path returned 202. Retrying...
2024-01-12T00:51:44.5890762Z A path returned 202. Retrying...
2024-01-12T00:51:44.5891125Z A path returned 202. Retrying...
2024-01-12T00:51:44.5891574Z A path returned 202. Retrying...
2024-01-12T00:51:44.5891954Z A path returned 202. Retrying...
2024-01-12T00:51:44.5892351Z A path returned 202. Retrying...
2024-01-12T00:51:44.5892798Z A path returned 202. Retrying...
2024-01-12T00:51:44.5893206Z A path returned 202. Retrying...
2024-01-12T00:51:44.5893652Z A path returned 202. Retrying...
2024-01-12T00:51:44.5894004Z A path returned 202. Retrying...
2024-01-12T00:51:44.5894413Z A path returned 202. Retrying...
2024-01-12T00:51:44.5894859Z A path returned 202. Retrying...
2024-01-12T00:51:44.5895436Z A path returned 202. Retrying...
2024-01-12T00:51:44.5895820Z A path returned 202. Retrying...
2024-01-12T00:51:44.5896282Z A path returned 202. Retrying...
2024-01-12T00:51:44.5896686Z A path returned 202. Retrying...
2024-01-12T00:51:44.5897035Z A path returned 202. Retrying...
2024-01-12T00:51:44.5897488Z A path returned 202. Retrying...
2024-01-12T00:51:44.5897884Z A path returned 202. Retrying...
2024-01-12T00:51:44.5898263Z A path returned 202. Retrying...
2024-01-12T00:51:44.5898726Z A path returned 202. Retrying...
2024-01-12T00:51:44.5899107Z A path returned 202. Retrying...
2024-01-12T00:51:44.5899550Z A path returned 202. Retrying...
2024-01-12T00:51:44.5899923Z A path returned 202. Retrying...
2024-01-12T00:51:44.5900302Z A path returned 202. Retrying...
2024-01-12T00:51:44.5900748Z A path returned 202. Retrying...
2024-01-12T00:51:44.5901145Z A path returned 202. Retrying...
2024-01-12T00:51:44.5901526Z A path returned 202. Retrying...
2024-01-12T00:51:44.5901986Z A path returned 202. Retrying...
2024-01-12T00:51:44.5902374Z A path returned 202. Retrying...
2024-01-12T00:51:44.5902720Z A path returned 202. Retrying...
2024-01-12T00:51:44.5903196Z A path returned 202. Retrying...
2024-01-12T00:51:44.5903576Z A path returned 202. Retrying...
2024-01-12T00:51:44.5903975Z A path returned 202. Retrying...
2024-01-12T00:51:44.5904441Z A path returned 202. Retrying...
2024-01-12T00:51:44.5904823Z A path returned 202. Retrying...
2024-01-12T00:51:44.5905285Z A path returned 202. Retrying...
2024-01-12T00:51:44.5905643Z A path returned 202. Retrying...
2024-01-12T00:51:44.5906021Z A path returned 202. Retrying...
2024-01-12T00:51:44.5906484Z A path returned 202. Retrying...
2024-01-12T00:51:44.5907109Z A path returned 202. Retrying...
2024-01-12T00:51:44.5907525Z A path returned 202. Retrying...
2024-01-12T00:51:44.5907983Z A path returned 202. Retrying...
2024-01-12T00:51:44.5908384Z A path returned 202. Retrying...
2024-01-12T00:51:44.5908733Z A path returned 202. Retrying...
2024-01-12T00:51:44.5909184Z A path returned 202. Retrying...
2024-01-12T00:51:44.5909582Z A path returned 202. Retrying...
2024-01-12T00:51:44.5909965Z A path returned 202. Retrying...
2024-01-12T00:51:44.5910412Z A path returned 202. Retrying...
2024-01-12T00:51:44.5910816Z A path returned 202. Retrying...
2024-01-12T00:51:44.5911263Z A path returned 202. Retrying...
2024-01-12T00:51:44.5911613Z A path returned 202. Retrying...
2024-01-12T00:51:44.5912008Z A path returned 202. Retrying...
2024-01-12T00:51:44.5912455Z A path returned 202. Retrying...
2024-01-12T00:51:44.5912854Z A path returned 202. Retrying...
2024-01-12T00:51:44.5913235Z A path returned 202. Retrying...
2024-01-12T00:51:44.5913686Z A path returned 202. Retrying...
2024-01-12T00:51:44.5914084Z A path returned 202. Retrying...
2024-01-12T00:51:44.5914433Z A path returned 202. Retrying...
2024-01-12T00:51:44.5914902Z A path returned 202. Retrying...
2024-01-12T00:51:44.5915285Z A path returned 202. Retrying...
2024-01-12T00:51:44.5915666Z A path returned 202. Retrying...
2024-01-12T00:51:44.5916140Z A path returned 202. Retrying...
2024-01-12T00:51:44.5916521Z A path returned 202. Retrying...
2024-01-12T00:51:44.5916982Z A path returned 202. Retrying...
2024-01-12T00:51:44.5917330Z A path returned 202. Retrying...
2024-01-12T00:51:44.5917708Z A path returned 202. Retrying...
2024-01-12T00:51:44.5918162Z A path returned 202. Retrying...
2024-01-12T00:51:44.5918551Z A path returned 202. Retrying...
2024-01-12T00:51:44.5918931Z A path returned 202. Retrying...
2024-01-12T00:51:44.5919393Z A path returned 202. Retrying...
2024-01-12T00:51:44.5919774Z A path returned 202. Retrying...
2024-01-12T00:51:44.5920120Z A path returned 202. Retrying...
2024-01-12T00:51:44.5920590Z A path returned 202. Retrying...
2024-01-12T00:51:44.5920968Z A path returned 202. Retrying...
2024-01-12T00:51:44.5921364Z A path returned 202. Retrying...
2024-01-12T00:51:44.5921809Z A path returned 202. Retrying...
2024-01-12T00:51:44.5922188Z A path returned 202. Retrying...
2024-01-12T00:51:44.5922781Z A path returned 202. Retrying...
2024-01-12T00:51:44.5923134Z A path returned 202. Retrying...
2024-01-12T00:51:44.5923535Z A path returned 202. Retrying...
2024-01-12T00:51:44.5923981Z A path returned 202. Retrying...
2024-01-12T00:51:44.5924365Z A path returned 202. Retrying...
2024-01-12T00:51:44.5924763Z A path returned 202. Retrying...
2024-01-12T00:51:44.5925212Z A path returned 202. Retrying...
2024-01-12T00:51:44.5925611Z A path returned 202. Retrying...
2024-01-12T00:51:44.5925955Z A path returned 202. Retrying...
2024-01-12T00:51:44.5926400Z A path returned 202. Retrying...
2024-01-12T00:51:44.5926796Z A path returned 202. Retrying...
2024-01-12T00:51:44.5927182Z A path returned 202. Retrying...
2024-01-12T00:51:44.5927642Z A path returned 202. Retrying...
2024-01-12T00:51:44.5928024Z A path returned 202. Retrying...
2024-01-12T00:51:44.5928466Z A path returned 202. Retrying...
2024-01-12T00:51:44.5928833Z A path returned 202. Retrying...
2024-01-12T00:51:44.5929216Z A path returned 202. Retrying...
2024-01-12T00:51:44.5929673Z A path returned 202. Retrying...
2024-01-12T00:51:44.5930307Z A path returned 202. Retrying...
2024-01-12T00:51:44.5930692Z A path returned 202. Retrying...
2024-01-12T00:51:44.5931180Z A path returned 202. Retrying...
2024-01-12T00:51:44.5931562Z A path returned 202. Retrying...
2024-01-12T00:51:44.5931907Z A path returned 202. Retrying...
2024-01-12T00:51:44.5932369Z A path returned 202. Retrying...
2024-01-12T00:51:44.5932749Z A path returned 202. Retrying...
2024-01-12T00:51:44.5933131Z A path returned 202. Retrying...
2024-01-12T00:51:44.5933590Z A path returned 202. Retrying...
2024-01-12T00:51:44.5933967Z A path returned 202. Retrying...
2024-01-12T00:51:44.5934592Z A path returned 202. Retrying...
2024-01-12T00:51:44.5934953Z A path returned 202. Retrying...
2024-01-12T00:51:44.5935334Z A path returned 202. Retrying...
2024-01-12T00:51:44.5935802Z A path returned 202. Retrying...
2024-01-12T00:51:44.5936181Z A path returned 202. Retrying...
2024-01-12T00:51:44.5936584Z A path returned 202. Retrying...
2024-01-12T00:51:44.5937030Z A path returned 202. Retrying...
2024-01-12T00:51:44.5937415Z A path returned 202. Retrying...
2024-01-12T00:51:44.5937778Z A path returned 202. Retrying...
2024-01-12T00:51:44.5938227Z A path returned 202. Retrying...
2024-01-12T00:51:44.5938631Z A path returned 202. Retrying...
2024-01-12T00:51:44.5939010Z A path returned 202. Retrying...
2024-01-12T00:51:44.5939457Z A path returned 202. Retrying...
2024-01-12T00:51:44.5939852Z A path returned 202. Retrying...
2024-01-12T00:51:44.5940299Z A path returned 202. Retrying...
2024-01-12T00:51:44.5940655Z A path returned 202. Retrying...
2024-01-12T00:51:44.5941060Z A path returned 202. Retrying...
2024-01-12T00:51:44.5941504Z A path returned 202. Retrying...
2024-01-12T00:51:44.5941903Z A path returned 202. Retrying...
2024-01-12T00:51:44.5942286Z A path returned 202. Retrying...
2024-01-12T00:51:44.5942731Z A path returned 202. Retrying...
2024-01-12T00:51:44.5943130Z A path returned 202. Retrying...
2024-01-12T00:51:44.5943481Z A path returned 202. Retrying...
2024-01-12T00:51:44.5943925Z A path returned 202. Retrying...
2024-01-12T00:51:44.5944320Z A path returned 202. Retrying...
2024-01-12T00:51:44.5944700Z A path returned 202. Retrying...
2024-01-12T00:51:44.5945166Z A path returned 202. Retrying...
2024-01-12T00:51:44.5945549Z A path returned 202. Retrying...
2024-01-12T00:51:44.5945993Z A path returned 202. Retrying...
2024-01-12T00:51:44.5946359Z A path returned 202. Retrying...
2024-01-12T00:51:44.5946741Z A path returned 202. Retrying...
2024-01-12T00:51:44.5947198Z A path returned 202. Retrying...
2024-01-12T00:51:44.5947577Z A path returned 202. Retrying...
2024-01-12T00:51:44.5947963Z A path returned 202. Retrying...
2024-01-12T00:51:44.5948423Z A path returned 202. Retrying...
2024-01-12T00:51:44.5948805Z A path returned 202. Retrying...
2024-01-12T01:00:28.4173690Z A path returned 202. Retrying...
2024-01-12T01:00:28.4174548Z A path returned 202. Retrying...
2024-01-12T01:00:28.4175859Z A path returned 202. Retrying...
2024-01-12T01:00:28.4176540Z A path returned 202. Retrying...
2024-01-12T01:00:28.4176990Z A path returned 202. Retrying...
2024-01-12T01:00:28.4177383Z A path returned 202. Retrying...
2024-01-12T01:00:28.4177772Z A path returned 202. Retrying...
2024-01-12T01:00:28.4178158Z A path returned 202. Retrying...
2024-01-12T01:00:28.4178544Z A path returned 202. Retrying...
2024-01-12T01:00:28.4178924Z A path returned 202. Retrying...
2024-01-12T01:00:28.4179300Z A path returned 202. Retrying...
2024-01-12T01:00:28.4179681Z A path returned 202. Retrying...
2024-01-12T01:00:28.4180069Z A path returned 202. Retrying...
2024-01-12T01:00:28.4180473Z A path returned 202. Retrying...
2024-01-12T01:00:28.4180854Z A path returned 202. Retrying...
2024-01-12T01:00:28.4181238Z A path returned 202. Retrying...
2024-01-12T01:00:28.4181618Z A path returned 202. Retrying...
2024-01-12T01:00:28.4181989Z A path returned 202. Retrying...
2024-01-12T01:00:28.4182366Z A path returned 202. Retrying...
2024-01-12T01:00:28.4182713Z A path returned 202. Retrying...
2024-01-12T01:00:28.4183016Z A path returned 202. Retrying...
2024-01-12T01:00:28.4183318Z A path returned 202. Retrying...
2024-01-12T01:00:28.4183628Z A path returned 202. Retrying...
2024-01-12T01:00:28.4183924Z A path returned 202. Retrying...
2024-01-12T01:00:28.4184217Z A path returned 202. Retrying...
2024-01-12T01:00:28.4184513Z A path returned 202. Retrying...
2024-01-12T01:00:28.4184808Z A path returned 202. Retrying...
2024-01-12T01:00:28.4185105Z A path returned 202. Retrying...
2024-01-12T01:00:28.4185402Z A path returned 202. Retrying...
2024-01-12T01:00:28.4185699Z A path returned 202. Retrying...
2024-01-12T01:00:28.4186214Z A path returned 202. Retrying...
2024-01-12T01:00:28.4186529Z A path returned 202. Retrying...
2024-01-12T01:00:28.4186839Z A path returned 202. Retrying...
2024-01-12T01:00:28.4187142Z A path returned 202. Retrying...
2024-01-12T01:00:28.4187445Z A path returned 202. Retrying...
2024-01-12T01:00:28.4187743Z A path returned 202. Retrying...
2024-01-12T01:00:28.4188048Z A path returned 202. Retrying...
2024-01-12T01:00:28.4188347Z A path returned 202. Retrying...
2024-01-12T01:00:28.4188638Z A path returned 202. Retrying...
2024-01-12T01:00:28.4188935Z A path returned 202. Retrying...
2024-01-12T01:00:28.4189237Z A path returned 202. Retrying...
2024-01-12T01:00:28.4189541Z A path returned 202. Retrying...
2024-01-12T01:00:28.4189843Z A path returned 202. Retrying...
2024-01-12T01:00:28.4190143Z A path returned 202. Retrying...
2024-01-12T01:00:28.4190446Z A path returned 202. Retrying...
2024-01-12T01:00:28.4190738Z A path returned 202. Retrying...
2024-01-12T01:00:28.4191043Z A path returned 202. Retrying...
2024-01-12T01:00:28.4191344Z A path returned 202. Retrying...
2024-01-12T01:00:28.4191644Z A path returned 202. Retrying...
2024-01-12T01:00:28.4191943Z A path returned 202. Retrying...
2024-01-12T01:00:28.4192245Z A path returned 202. Retrying...
2024-01-12T01:00:28.4192553Z A path returned 202. Retrying...
2024-01-12T01:00:28.4192864Z A path returned 202. Retrying...
2024-01-12T01:00:28.4193175Z A path returned 202. Retrying...
2024-01-12T01:00:28.4193481Z A path returned 202. Retrying...
2024-01-12T01:00:28.4193780Z A path returned 202. Retrying...
2024-01-12T01:00:28.4194079Z A path returned 202. Retrying...
2024-01-12T01:00:28.4194377Z A path returned 202. Retrying...
2024-01-12T01:00:28.4194673Z A path returned 202. Retrying...
2024-01-12T01:00:28.4194964Z A path returned 202. Retrying...
2024-01-12T01:00:28.4195263Z A path returned 202. Retrying...
2024-01-12T01:00:28.4195560Z A path returned 202. Retrying...
2024-01-12T01:00:28.4195857Z A path returned 202. Retrying...
2024-01-12T01:00:28.4196214Z A path returned 202. Retrying...
2024-01-12T01:00:28.4196515Z A path returned 202. Retrying...
2024-01-12T01:00:28.4196809Z A path returned 202. Retrying...
2024-01-12T01:00:28.4197104Z A path returned 202. Retrying...
2024-01-12T01:00:28.4197403Z A path returned 202. Retrying...
2024-01-12T01:00:28.4197698Z A path returned 202. Retrying...
2024-01-12T01:00:28.4198134Z A path returned 202. Retrying...
2024-01-12T01:00:28.4198432Z A path returned 202. Retrying...
2024-01-12T01:00:28.4198730Z A path returned 202. Retrying...
2024-01-12T01:00:28.4199032Z A path returned 202. Retrying...
2024-01-12T01:00:28.4199321Z A path returned 202. Retrying...
2024-01-12T01:00:28.4199622Z A path returned 202. Retrying...
2024-01-12T01:00:28.4199921Z A path returned 202. Retrying...
2024-01-12T01:00:28.4200220Z A path returned 202. Retrying...
2024-01-12T01:00:28.4200520Z A path returned 202. Retrying...
2024-01-12T01:00:28.4200818Z A path returned 202. Retrying...
2024-01-12T01:00:28.4201119Z A path returned 202. Retrying...
2024-01-12T01:00:28.4201413Z A path returned 202. Retrying...
2024-01-12T01:00:28.4201710Z A path returned 202. Retrying...
2024-01-12T01:00:28.4202005Z A path returned 202. Retrying...
2024-01-12T01:00:28.4202301Z A path returned 202. Retrying...
2024-01-12T01:00:28.4202595Z A path returned 202. Retrying...
2024-01-12T01:00:28.4202906Z A path returned 202. Retrying...
2024-01-12T01:00:28.4203200Z A path returned 202. Retrying...
2024-01-12T01:00:28.4203489Z A path returned 202. Retrying...
2024-01-12T01:00:28.4203785Z A path returned 202. Retrying...
2024-01-12T01:00:28.4204083Z A path returned 202. Retrying...
2024-01-12T01:00:28.4204377Z A path returned 202. Retrying...
2024-01-12T01:00:28.4204672Z A path returned 202. Retrying...
2024-01-12T01:00:28.4204968Z A path returned 202. Retrying...
2024-01-12T01:00:28.4205263Z A path returned 202. Retrying...
2024-01-12T01:00:28.4205556Z A path returned 202. Retrying...
2024-01-12T01:00:28.4205850Z A path returned 202. Retrying...
2024-01-12T01:00:28.4206268Z A path returned 202. Retrying...
2024-01-12T01:00:28.4206575Z A path returned 202. Retrying...
2024-01-12T01:00:28.4206874Z A path returned 202. Retrying...
2024-01-12T01:00:28.4207170Z A path returned 202. Retrying...
2024-01-12T01:00:28.4207470Z A path returned 202. Retrying...
2024-01-12T01:00:28.4207762Z A path returned 202. Retrying...
2024-01-12T01:00:28.4208066Z A path returned 202. Retrying...
2024-01-12T01:00:28.4208363Z A path returned 202. Retrying...
2024-01-12T01:00:28.4208663Z A path returned 202. Retrying...
2024-01-12T01:00:28.4208964Z A path returned 202. Retrying...
2024-01-12T01:00:28.4209261Z A path returned 202. Retrying...
2024-01-12T01:00:28.4209561Z A path returned 202. Retrying...
2024-01-12T01:00:28.4210122Z A path returned 202. Retrying...
2024-01-12T01:00:28.4210461Z A path returned 202. Retrying...
2024-01-12T01:00:28.4210763Z A path returned 202. Retrying...
2024-01-12T01:00:28.4211086Z A path returned 202. Retrying...
2024-01-12T01:00:28.4211388Z A path returned 202. Retrying...
2024-01-12T01:00:28.4211686Z A path returned 202. Retrying...
2024-01-12T01:00:28.4211981Z A path returned 202. Retrying...
2024-01-12T01:00:28.4212272Z A path returned 202. Retrying...
2024-01-12T01:00:28.4212570Z A path returned 202. Retrying...
2024-01-12T01:00:28.4212873Z A path returned 202. Retrying...
2024-01-12T01:00:28.4213174Z A path returned 202. Retrying...
2024-01-12T01:00:28.4213470Z A path returned 202. Retrying...
2024-01-12T01:00:28.4213767Z A path returned 202. Retrying...
2024-01-12T01:00:28.4214064Z A path returned 202. Retrying...
2024-01-12T01:00:28.4214353Z A path returned 202. Retrying...
2024-01-12T01:00:28.4214649Z A path returned 202. Retrying...
2024-01-12T01:00:28.4214947Z A path returned 202. Retrying...
2024-01-12T01:00:28.4215246Z A path returned 202. Retrying...
2024-01-12T01:00:28.4215543Z A path returned 202. Retrying...
2024-01-12T01:00:28.4215840Z A path returned 202. Retrying...
2024-01-12T01:00:28.4216137Z A path returned 202. Retrying...
2024-01-12T01:00:28.4216431Z A path returned 202. Retrying...
2024-01-12T01:00:28.4216729Z A path returned 202. Retrying...
2024-01-12T01:00:28.4217027Z A path returned 202. Retrying...
2024-01-12T01:00:28.4217322Z A path returned 202. Retrying...
2024-01-12T01:00:28.4217621Z A path returned 202. Retrying...
2024-01-12T01:00:28.4217919Z A path returned 202. Retrying...
2024-01-12T01:00:28.4218386Z A path returned 202. Retrying...
2024-01-12T01:00:28.4218675Z A path returned 202. Retrying...
2024-01-12T01:00:28.4218973Z A path returned 202. Retrying...
2024-01-12T01:00:28.4219275Z A path returned 202. Retrying...
2024-01-12T01:00:28.4219572Z A path returned 202. Retrying...
2024-01-12T01:00:28.4219871Z A path returned 202. Retrying...
2024-01-12T01:00:28.4220169Z A path returned 202. Retrying...
2024-01-12T01:00:28.4220463Z A path returned 202. Retrying...
2024-01-12T01:00:28.4220754Z A path returned 202. Retrying...
2024-01-12T01:00:28.4221051Z A path returned 202. Retrying...
2024-01-12T01:00:28.4221351Z A path returned 202. Retrying...
2024-01-12T01:00:28.4221649Z A path returned 202. Retrying...
2024-01-12T01:00:28.4221945Z A path returned 202. Retrying...
2024-01-12T01:00:28.4222240Z A path returned 202. Retrying...
2024-01-12T01:00:28.4222534Z A path returned 202. Retrying...
2024-01-12T01:00:28.4222824Z A path returned 202. Retrying...
2024-01-12T01:00:28.4223128Z A path returned 202. Retrying...
2024-01-12T01:00:28.4223425Z A path returned 202. Retrying...
2024-01-12T01:00:28.4223726Z A path returned 202. Retrying...
2024-01-12T01:00:28.4224028Z A path returned 202. Retrying...
2024-01-12T01:00:28.4224323Z A path returned 202. Retrying...
2024-01-12T01:00:28.4224622Z A path returned 202. Retrying...
2024-01-12T01:00:28.4224913Z A path returned 202. Retrying...
2024-01-12T01:00:28.4225209Z A path returned 202. Retrying...
2024-01-12T01:00:28.4225504Z A path returned 202. Retrying...
2024-01-12T01:00:28.4225801Z A path returned 202. Retrying...
2024-01-12T01:00:28.4226096Z A path returned 202. Retrying...
2024-01-12T01:00:28.4226566Z A path returned 202. Retrying...
2024-01-12T01:00:28.4226868Z A path returned 202. Retrying...
2024-01-12T01:00:28.4227158Z A path returned 202. Retrying...
2024-01-12T01:00:28.4227460Z A path returned 202. Retrying...
2024-01-12T01:00:28.4227775Z A path returned 202. Retrying...
2024-01-12T01:00:28.4228081Z A path returned 202. Retrying...
2024-01-12T01:00:28.4228389Z A path returned 202. Retrying...
2024-01-12T01:00:28.4228691Z A path returned 202. Retrying...
2024-01-12T01:00:28.4228988Z A path returned 202. Retrying...
2024-01-12T01:00:28.4229281Z A path returned 202. Retrying...
2024-01-12T01:00:28.4229579Z A path returned 202. Retrying...
2024-01-12T01:00:28.4229883Z A path returned 202. Retrying...
2024-01-12T01:00:28.4230187Z A path returned 202. Retrying...
2024-01-12T01:00:28.4230486Z A path returned 202. Retrying...
2024-01-12T01:00:28.4230786Z A path returned 202. Retrying...
2024-01-12T01:00:28.4231082Z A path returned 202. Retrying...
2024-01-12T01:00:28.4231380Z A path returned 202. Retrying...
2024-01-12T01:00:28.4231683Z A path returned 202. Retrying...
2024-01-12T01:00:28.4231988Z A path returned 202. Retrying...
2024-01-12T01:00:28.4232299Z A path returned 202. Retrying...
2024-01-12T01:00:28.4232606Z A path returned 202. Retrying...
2024-01-12T01:00:28.4232920Z A path returned 202. Retrying...
2024-01-12T01:00:28.4233230Z A path returned 202. Retrying...
2024-01-12T01:00:28.4233526Z A path returned 202. Retrying...
2024-01-12T01:00:28.4233827Z A path returned 202. Retrying...
2024-01-12T01:00:28.4234130Z A path returned 202. Retrying...
2024-01-12T01:00:28.4234436Z A path returned 202. Retrying...
2024-01-12T01:00:28.4234739Z A path returned 202. Retrying...
2024-01-12T01:00:28.4235042Z A path returned 202. Retrying...
2024-01-12T01:00:28.4235341Z A path returned 202. Retrying...
2024-01-12T01:00:28.4235638Z A path returned 202. Retrying...
2024-01-12T01:00:28.4235935Z A path returned 202. Retrying...
2024-01-12T01:00:28.4236240Z A path returned 202. Retrying...
2024-01-12T01:00:28.4236549Z A path returned 202. Retrying...
2024-01-12T01:00:28.4236849Z A path returned 202. Retrying...
2024-01-12T01:00:28.4237152Z A path returned 202. Retrying...
2024-01-12T01:00:28.4237453Z A path returned 202. Retrying...
2024-01-12T01:00:28.4237750Z A path returned 202. Retrying...
2024-01-12T01:00:28.4238053Z A path returned 202. Retrying...
2024-01-12T01:00:28.4238480Z A path returned 202. Retrying...
2024-01-12T01:00:28.4238778Z A path returned 202. Retrying...
2024-01-12T01:00:28.4239075Z A path returned 202. Retrying...
2024-01-12T01:00:28.4239371Z A path returned 202. Retrying...
2024-01-12T01:00:28.4239667Z A path returned 202. Retrying...
2024-01-12T01:00:28.4239959Z A path returned 202. Retrying...
2024-01-12T01:00:28.4240258Z A path returned 202. Retrying...
2024-01-12T01:00:28.4240557Z A path returned 202. Retrying...
2024-01-12T01:00:28.4240853Z A path returned 202. Retrying...
2024-01-12T01:00:28.4241151Z A path returned 202. Retrying...
2024-01-12T01:00:28.4241451Z A path returned 202. Retrying...
2024-01-12T01:00:28.4241751Z A path returned 202. Retrying...
2024-01-12T01:00:28.4242043Z A path returned 202. Retrying...
2024-01-12T01:00:28.4242344Z A path returned 202. Retrying...
2024-01-12T01:00:28.4242643Z A path returned 202. Retrying...
2024-01-12T01:00:28.4242943Z A path returned 202. Retrying...
2024-01-12T01:00:28.4243249Z A path returned 202. Retrying...
2024-01-12T01:00:28.4243545Z A path returned 202. Retrying...
2024-01-12T01:00:28.4243848Z A path returned 202. Retrying...
2024-01-12T01:00:28.4244142Z A path returned 202. Retrying...
2024-01-12T01:00:28.4244443Z A path returned 202. Retrying...
2024-01-12T01:00:28.4244741Z A path returned 202. Retrying...
2024-01-12T01:00:28.4245042Z A path returned 202. Retrying...
2024-01-12T01:00:28.4245339Z A path returned 202. Retrying...
2024-01-12T01:00:28.4245640Z A path returned 202. Retrying...
2024-01-12T01:00:28.4245935Z A path returned 202. Retrying...
2024-01-12T01:00:28.4246226Z A path returned 202. Retrying...
2024-01-12T01:00:28.4246642Z A path returned 202. Retrying...
2024-01-12T01:00:28.4246949Z A path returned 202. Retrying...
2024-01-12T01:00:28.4247247Z A path returned 202. Retrying...
2024-01-12T01:00:28.4247546Z A path returned 202. Retrying...
2024-01-12T01:00:28.4247840Z A path returned 202. Retrying...
2024-01-12T01:00:28.4248138Z A path returned 202. Retrying...
2024-01-12T01:00:28.4248439Z A path returned 202. Retrying...
2024-01-12T01:00:28.4248740Z A path returned 202. Retrying...
2024-01-12T01:00:28.4249043Z A path returned 202. Retrying...
2024-01-12T01:00:28.4249346Z A path returned 202. Retrying...
2024-01-12T01:00:28.4249643Z A path returned 202. Retrying...
2024-01-12T01:00:28.4250150Z A path returned 202. Retrying...
2024-01-12T01:00:28.4250454Z A path returned 202. Retrying...
2024-01-12T01:00:28.4250746Z A path returned 202. Retrying...
2024-01-12T01:00:28.4251046Z A path returned 202. Retrying...
2024-01-12T01:00:28.4251341Z A path returned 202. Retrying...
2024-01-12T01:00:28.4251642Z A path returned 202. Retrying...
2024-01-12T01:00:28.4251940Z A path returned 202. Retrying...
2024-01-12T01:00:28.4252235Z A path returned 202. Retrying...
2024-01-12T01:00:28.4252535Z A path returned 202. Retrying...
2024-01-12T01:09:14.8053913Z A path returned 202. Retrying...
2024-01-12T01:09:14.8054737Z A path returned 202. Retrying...
2024-01-12T01:09:14.8055141Z A path returned 202. Retrying...
2024-01-12T01:09:14.8055472Z A path returned 202. Retrying...
2024-01-12T01:09:14.8055804Z A path returned 202. Retrying...
2024-01-12T01:09:14.8056133Z A path returned 202. Retrying...
2024-01-12T01:09:14.8056446Z A path returned 202. Retrying...
2024-01-12T01:09:14.8056768Z A path returned 202. Retrying...
2024-01-12T01:09:14.8057091Z A path returned 202. Retrying...
2024-01-12T01:09:14.8057413Z A path returned 202. Retrying...
2024-01-12T01:09:14.8057742Z A path returned 202. Retrying...
2024-01-12T01:09:14.8058067Z A path returned 202. Retrying...
2024-01-12T01:09:14.8058384Z A path returned 202. Retrying...
2024-01-12T01:09:14.8058711Z A path returned 202. Retrying...
2024-01-12T01:09:14.8059036Z A path returned 202. Retrying...
2024-01-12T01:09:14.8059358Z A path returned 202. Retrying...
2024-01-12T01:09:14.8059676Z A path returned 202. Retrying...
2024-01-12T01:09:14.8059999Z A path returned 202. Retrying...
2024-01-12T01:09:14.8060313Z A path returned 202. Retrying...
2024-01-12T01:09:14.8061464Z A path returned 202. Retrying...
2024-01-12T01:09:14.8061798Z A path returned 202. Retrying...
2024-01-12T01:09:14.8062125Z A path returned 202. Retrying...
2024-01-12T01:09:14.8062442Z A path returned 202. Retrying...
2024-01-12T01:09:14.8062754Z A path returned 202. Retrying...
2024-01-12T01:09:14.8063145Z A path returned 202. Retrying...
2024-01-12T01:09:14.8063610Z A path returned 202. Retrying...
2024-01-12T01:09:14.8063943Z A path returned 202. Retrying...
2024-01-12T01:09:14.8064341Z A path returned 202. Retrying...
2024-01-12T01:09:14.8064730Z A path returned 202. Retrying...
2024-01-12T01:09:14.8065049Z A path returned 202. Retrying...
2024-01-12T01:09:14.8065378Z A path returned 202. Retrying...
2024-01-12T01:09:14.8065693Z A path returned 202. Retrying...
2024-01-12T01:09:14.8065988Z A path returned 202. Retrying...
2024-01-12T01:09:14.8066287Z A path returned 202. Retrying...
2024-01-12T01:09:14.8066575Z A path returned 202. Retrying...
2024-01-12T01:09:14.8066875Z A path returned 202. Retrying...
2024-01-12T01:09:14.8067167Z A path returned 202. Retrying...
2024-01-12T01:09:14.8067460Z A path returned 202. Retrying...
2024-01-12T01:09:14.8067754Z A path returned 202. Retrying...
2024-01-12T01:09:14.8068048Z A path returned 202. Retrying...
2024-01-12T01:09:14.8068343Z A path returned 202. Retrying...
2024-01-12T01:09:14.8068635Z A path returned 202. Retrying...
2024-01-12T01:09:14.8068932Z A path returned 202. Retrying...
2024-01-12T01:09:14.8069226Z A path returned 202. Retrying...
2024-01-12T01:09:14.8069521Z A path returned 202. Retrying...
2024-01-12T01:09:14.8069818Z A path returned 202. Retrying...
2024-01-12T01:09:14.8070371Z A path returned 202. Retrying...
2024-01-12T01:09:14.8070690Z A path returned 202. Retrying...
2024-01-12T01:09:14.8070988Z A path returned 202. Retrying...
2024-01-12T01:09:14.8071290Z A path returned 202. Retrying...
2024-01-12T01:09:14.8071587Z A path returned 202. Retrying...
2024-01-12T01:09:14.8071885Z A path returned 202. Retrying...
2024-01-12T01:09:14.8072191Z A path returned 202. Retrying...
2024-01-12T01:09:14.8072487Z A path returned 202. Retrying...
2024-01-12T01:09:14.8072782Z A path returned 202. Retrying...
2024-01-12T01:09:14.8073073Z A path returned 202. Retrying...
2024-01-12T01:09:14.8073373Z A path returned 202. Retrying...
2024-01-12T01:09:14.8073669Z A path returned 202. Retrying...
2024-01-12T01:09:14.8073962Z A path returned 202. Retrying...
2024-01-12T01:09:14.8074256Z A path returned 202. Retrying...
2024-01-12T01:09:14.8074549Z A path returned 202. Retrying...
2024-01-12T01:09:14.8074847Z A path returned 202. Retrying...
2024-01-12T01:09:14.8075137Z A path returned 202. Retrying...
2024-01-12T01:09:14.8075439Z A path returned 202. Retrying...
2024-01-12T01:09:14.8075738Z A path returned 202. Retrying...
2024-01-12T01:09:14.8076032Z A path returned 202. Retrying...
2024-01-12T01:09:14.8076333Z A path returned 202. Retrying...
2024-01-12T01:09:14.8076628Z A path returned 202. Retrying...
2024-01-12T01:09:14.8076929Z A path returned 202. Retrying...
2024-01-12T01:09:14.8077217Z A path returned 202. Retrying...
2024-01-12T01:09:14.8077513Z A path returned 202. Retrying...
2024-01-12T01:09:14.8077809Z A path returned 202. Retrying...
2024-01-12T01:09:14.8078104Z A path returned 202. Retrying...
2024-01-12T01:09:14.8078399Z A path returned 202. Retrying...
2024-01-12T01:09:14.8078693Z A path returned 202. Retrying...
2024-01-12T01:09:14.8078989Z A path returned 202. Retrying...
2024-01-12T01:09:14.8079278Z A path returned 202. Retrying...
2024-01-12T01:09:14.8079573Z A path returned 202. Retrying...
2024-01-12T01:09:14.8079867Z A path returned 202. Retrying...
2024-01-12T01:09:14.8080172Z A path returned 202. Retrying...
2024-01-12T01:09:14.8080474Z A path returned 202. Retrying...
2024-01-12T01:09:14.8080772Z A path returned 202. Retrying...
2024-01-12T01:09:14.8081068Z A path returned 202. Retrying...
2024-01-12T01:09:14.8081361Z A path returned 202. Retrying...
2024-01-12T01:09:14.8081662Z A path returned 202. Retrying...
2024-01-12T01:09:14.8082095Z A path returned 202. Retrying...
2024-01-12T01:09:14.8082390Z A path returned 202. Retrying...
2024-01-12T01:09:14.8082686Z A path returned 202. Retrying...
2024-01-12T01:09:14.8082980Z A path returned 202. Retrying...
2024-01-12T01:09:14.8083274Z A path returned 202. Retrying...
2024-01-12T01:09:14.8083561Z A path returned 202. Retrying...
2024-01-12T01:09:14.8083856Z A path returned 202. Retrying...
2024-01-12T01:09:14.8084152Z A path returned 202. Retrying...
2024-01-12T01:09:14.8084443Z A path returned 202. Retrying...
2024-01-12T01:09:14.8084738Z A path returned 202. Retrying...
2024-01-12T01:09:14.8085032Z A path returned 202. Retrying...
2024-01-12T01:09:14.8085334Z A path returned 202. Retrying...
2024-01-12T01:09:14.8085622Z A path returned 202. Retrying...
2024-01-12T01:09:14.8085918Z A path returned 202. Retrying...
2024-01-12T01:09:14.8086212Z A path returned 202. Retrying...
2024-01-12T01:09:14.8086508Z A path returned 202. Retrying...
2024-01-12T01:09:14.8086812Z A path returned 202. Retrying...
2024-01-12T01:09:14.8087107Z A path returned 202. Retrying...
2024-01-12T01:09:14.8087404Z A path returned 202. Retrying...
2024-01-12T01:09:14.8087693Z A path returned 202. Retrying...
2024-01-12T01:09:14.8087988Z A path returned 202. Retrying...
2024-01-12T01:09:14.8088287Z A path returned 202. Retrying...
2024-01-12T01:09:14.8088582Z A path returned 202. Retrying...
2024-01-12T01:09:14.8088876Z A path returned 202. Retrying...
2024-01-12T01:09:14.8089170Z A path returned 202. Retrying...
2024-01-12T01:09:14.8089461Z A path returned 202. Retrying...
2024-01-12T01:09:14.8089750Z A path returned 202. Retrying...
2024-01-12T01:09:14.8090439Z A path returned 202. Retrying...
2024-01-12T01:09:14.8090744Z A path returned 202. Retrying...
2024-01-12T01:09:14.8091043Z A path returned 202. Retrying...
2024-01-12T01:09:14.8091337Z A path returned 202. Retrying...
2024-01-12T01:09:14.8091634Z A path returned 202. Retrying...
2024-01-12T01:09:14.8091931Z A path returned 202. Retrying...
2024-01-12T01:09:14.8092226Z A path returned 202. Retrying...
2024-01-12T01:09:14.8092520Z A path returned 202. Retrying...
2024-01-12T01:09:14.8092816Z A path returned 202. Retrying...
2024-01-12T01:09:14.8093109Z A path returned 202. Retrying...
2024-01-12T01:09:14.8093402Z A path returned 202. Retrying...
2024-01-12T01:09:14.8093695Z A path returned 202. Retrying...
2024-01-12T01:09:14.8093991Z A path returned 202. Retrying...
2024-01-12T01:09:14.8094278Z A path returned 202. Retrying...
2024-01-12T01:09:14.8094579Z A path returned 202. Retrying...
2024-01-12T01:09:14.8094878Z A path returned 202. Retrying...
2024-01-12T01:09:14.8095176Z A path returned 202. Retrying...
2024-01-12T01:09:14.8095480Z A path returned 202. Retrying...
2024-01-12T01:09:14.8095812Z A path returned 202. Retrying...
2024-01-12T01:09:14.8096109Z A path returned 202. Retrying...
2024-01-12T01:09:14.8096398Z A path returned 202. Retrying...
2024-01-12T01:09:14.8096694Z A path returned 202. Retrying...
2024-01-12T01:09:14.8096994Z A path returned 202. Retrying...
2024-01-12T01:09:14.8097286Z A path returned 202. Retrying...
2024-01-12T01:09:14.8097585Z A path returned 202. Retrying...
2024-01-12T01:09:14.8097880Z A path returned 202. Retrying...
2024-01-12T01:09:14.8098173Z A path returned 202. Retrying...
2024-01-12T01:09:14.8098459Z A path returned 202. Retrying...
2024-01-12T01:09:14.8098758Z A path returned 202. Retrying...
2024-01-12T01:09:14.8099051Z A path returned 202. Retrying...
2024-01-12T01:09:14.8099346Z A path returned 202. Retrying...
2024-01-12T01:09:14.8099639Z A path returned 202. Retrying...
2024-01-12T01:09:14.8099937Z A path returned 202. Retrying...
2024-01-12T01:09:14.8100236Z A path returned 202. Retrying...
2024-01-12T01:09:14.8100528Z A path returned 202. Retrying...
2024-01-12T01:09:14.8100828Z A path returned 202. Retrying...
2024-01-12T01:09:14.8101130Z A path returned 202. Retrying...
2024-01-12T01:09:14.8101425Z A path returned 202. Retrying...
2024-01-12T01:09:14.8101727Z A path returned 202. Retrying...
2024-01-12T01:09:14.8102178Z A path returned 202. Retrying...
2024-01-12T01:09:14.8102470Z A path returned 202. Retrying...
2024-01-12T01:09:14.8102757Z A path returned 202. Retrying...
2024-01-12T01:09:14.8103058Z A path returned 202. Retrying...
2024-01-12T01:09:14.8103352Z A path returned 202. Retrying...
2024-01-12T01:09:14.8103649Z A path returned 202. Retrying...
2024-01-12T01:09:14.8103943Z A path returned 202. Retrying...
2024-01-12T01:09:14.8104236Z A path returned 202. Retrying...
2024-01-12T01:09:14.8104534Z A path returned 202. Retrying...
2024-01-12T01:09:14.8104823Z A path returned 202. Retrying...
2024-01-12T01:09:14.8105121Z A path returned 202. Retrying...
2024-01-12T01:09:14.8105420Z A path returned 202. Retrying...
2024-01-12T01:09:14.8105719Z A path returned 202. Retrying...
2024-01-12T01:09:14.8106018Z A path returned 202. Retrying...
2024-01-12T01:09:14.8106312Z A path returned 202. Retrying...
2024-01-12T01:09:14.8106608Z A path returned 202. Retrying...
2024-01-12T01:09:14.8106904Z A path returned 202. Retrying...
2024-01-12T01:09:14.8107200Z A path returned 202. Retrying...
2024-01-12T01:09:14.8107493Z A path returned 202. Retrying...
2024-01-12T01:09:14.8107790Z A path returned 202. Retrying...
2024-01-12T01:09:14.8108185Z A path returned 202. Retrying...
2024-01-12T01:09:14.8108551Z A path returned 202. Retrying...
2024-01-12T01:09:14.8108848Z A path returned 202. Retrying...
2024-01-12T01:09:14.8109138Z A path returned 202. Retrying...
2024-01-12T01:09:14.8109438Z A path returned 202. Retrying...
2024-01-12T01:09:14.8109732Z A path returned 202. Retrying...
2024-01-12T01:09:14.8110027Z A path returned 202. Retrying...
2024-01-12T01:09:14.8110458Z A path returned 202. Retrying...
2024-01-12T01:09:14.8110768Z A path returned 202. Retrying...
2024-01-12T01:09:14.8111066Z A path returned 202. Retrying...
2024-01-12T01:09:14.8111354Z A path returned 202. Retrying...
2024-01-12T01:09:14.8111649Z A path returned 202. Retrying...
2024-01-12T01:09:14.8111942Z A path returned 202. Retrying...
2024-01-12T01:09:14.8112241Z A path returned 202. Retrying...
2024-01-12T01:09:14.8112535Z A path returned 202. Retrying...
2024-01-12T01:09:14.8112831Z A path returned 202. Retrying...
2024-01-12T01:09:14.8113121Z A path returned 202. Retrying...
2024-01-12T01:09:14.8113416Z A path returned 202. Retrying...
2024-01-12T01:09:14.8113712Z A path returned 202. Retrying...
2024-01-12T01:09:14.8114007Z A path returned 202. Retrying...
2024-01-12T01:09:14.8114299Z A path returned 202. Retrying...
2024-01-12T01:09:14.8114599Z A path returned 202. Retrying...
2024-01-12T01:09:14.8114897Z A path returned 202. Retrying...
2024-01-12T01:09:14.8115192Z A path returned 202. Retrying...
2024-01-12T01:09:14.8115490Z A path returned 202. Retrying...
2024-01-12T01:09:14.8115789Z A path returned 202. Retrying...
2024-01-12T01:09:14.8116083Z A path returned 202. Retrying...
2024-01-12T01:09:14.8116378Z A path returned 202. Retrying...
2024-01-12T01:09:14.8116673Z A path returned 202. Retrying...
2024-01-12T01:09:14.8116971Z A path returned 202. Retrying...
2024-01-12T01:09:14.8117262Z A path returned 202. Retrying...
2024-01-12T01:09:14.8117559Z A path returned 202. Retrying...
2024-01-12T01:09:14.8117853Z A path returned 202. Retrying...
2024-01-12T01:09:14.8118148Z A path returned 202. Retrying...
2024-01-12T01:09:14.8118443Z A path returned 202. Retrying...
2024-01-12T01:09:14.8118742Z A path returned 202. Retrying...
2024-01-12T01:09:14.8119038Z A path returned 202. Retrying...
2024-01-12T01:09:14.8119327Z A path returned 202. Retrying...
2024-01-12T01:09:14.8119618Z A path returned 202. Retrying...
2024-01-12T01:09:14.8119916Z A path returned 202. Retrying...
2024-01-12T01:09:14.8120215Z A path returned 202. Retrying...
2024-01-12T01:09:14.8120511Z A path returned 202. Retrying...
2024-01-12T01:09:14.8120807Z A path returned 202. Retrying...
2024-01-12T01:09:14.8121109Z A path returned 202. Retrying...
2024-01-12T01:09:14.8121398Z A path returned 202. Retrying...
2024-01-12T01:09:14.8121696Z A path returned 202. Retrying...
2024-01-12T01:09:14.8122120Z A path returned 202. Retrying...
2024-01-12T01:09:14.8122418Z A path returned 202. Retrying...
2024-01-12T01:09:14.8122711Z A path returned 202. Retrying...
2024-01-12T01:09:14.8123003Z A path returned 202. Retrying...
2024-01-12T01:09:14.8123297Z A path returned 202. Retrying...
2024-01-12T01:09:14.8123584Z A path returned 202. Retrying...
2024-01-12T01:09:14.8123883Z A path returned 202. Retrying...
2024-01-12T01:09:14.8124183Z A path returned 202. Retrying...
2024-01-12T01:09:14.8124479Z A path returned 202. Retrying...
2024-01-12T01:09:14.8124778Z A path returned 202. Retrying...
2024-01-12T01:09:14.8125072Z A path returned 202. Retrying...
2024-01-12T01:09:14.8125376Z A path returned 202. Retrying...
2024-01-12T01:09:14.8125667Z A path returned 202. Retrying...
2024-01-12T01:09:14.8125962Z A path returned 202. Retrying...
2024-01-12T01:09:14.8126255Z A path returned 202. Retrying...
2024-01-12T01:09:14.8126547Z A path returned 202. Retrying...
2024-01-12T01:09:14.8126849Z A path returned 202. Retrying...
2024-01-12T01:09:14.8127140Z A path returned 202. Retrying...
2024-01-12T01:09:14.8127438Z A path returned 202. Retrying...
2024-01-12T01:09:14.8127726Z A path returned 202. Retrying...
2024-01-12T01:09:14.8128027Z A path returned 202. Retrying...
2024-01-12T01:09:14.8128327Z A path returned 202. Retrying...
2024-01-12T01:09:14.8128619Z A path returned 202. Retrying...
2024-01-12T01:09:14.8128940Z A path returned 202. Retrying...
2024-01-12T01:09:14.8129250Z A path returned 202. Retrying...
2024-01-12T01:09:14.8129550Z A path returned 202. Retrying...
2024-01-12T01:09:14.8129963Z A path returned 202. Retrying...
2024-01-12T01:09:14.8130440Z A path returned 202. Retrying...
2024-01-12T01:09:14.8130755Z A path returned 202. Retrying...
2024-01-12T01:09:14.8131061Z A path returned 202. Retrying...
2024-01-12T01:09:14.8131361Z A path returned 202. Retrying...
2024-01-12T01:18:00.4881752Z A path returned 202. Retrying...
2024-01-12T01:18:00.4882409Z A path returned 202. Retrying...
2024-01-12T01:18:00.4884918Z A path returned 202. Retrying...
2024-01-12T01:18:00.4885688Z A path returned 202. Retrying...
2024-01-12T01:18:00.4886372Z A path returned 202. Retrying...
2024-01-12T01:18:00.4887052Z A path returned 202. Retrying...
2024-01-12T01:18:00.4887730Z A path returned 202. Retrying...
2024-01-12T01:18:00.4891556Z A path returned 202. Retrying...
2024-01-12T01:18:00.4892257Z A path returned 202. Retrying...
2024-01-12T01:18:00.4892817Z A path returned 202. Retrying...
2024-01-12T01:18:00.4893202Z A path returned 202. Retrying...
2024-01-12T01:18:00.4893576Z A path returned 202. Retrying...
2024-01-12T01:18:00.4893951Z A path returned 202. Retrying...
2024-01-12T01:18:00.4894333Z A path returned 202. Retrying...
2024-01-12T01:18:00.4894702Z A path returned 202. Retrying...
2024-01-12T01:18:00.4895076Z A path returned 202. Retrying...
2024-01-12T01:18:00.4895466Z A path returned 202. Retrying...
2024-01-12T01:18:00.4895849Z A path returned 202. Retrying...
2024-01-12T01:18:00.4896233Z A path returned 202. Retrying...
2024-01-12T01:18:00.4896609Z A path returned 202. Retrying...
2024-01-12T01:18:00.4896981Z A path returned 202. Retrying...
2024-01-12T01:18:00.4897348Z A path returned 202. Retrying...
2024-01-12T01:18:00.4897710Z A path returned 202. Retrying...
2024-01-12T01:18:00.4898077Z A path returned 202. Retrying...
2024-01-12T01:18:00.4898451Z A path returned 202. Retrying...
2024-01-12T01:18:00.4898802Z A path returned 202. Retrying...
2024-01-12T01:18:00.4899102Z A path returned 202. Retrying...
2024-01-12T01:18:00.4899395Z A path returned 202. Retrying...
2024-01-12T01:18:00.4899694Z A path returned 202. Retrying...
2024-01-12T01:18:00.4899988Z A path returned 202. Retrying...
2024-01-12T01:18:00.4900280Z A path returned 202. Retrying...
2024-01-12T01:18:00.4900574Z A path returned 202. Retrying...
2024-01-12T01:18:00.4900865Z A path returned 202. Retrying...
2024-01-12T01:18:00.4901157Z A path returned 202. Retrying...
2024-01-12T01:18:00.4901453Z A path returned 202. Retrying...
2024-01-12T01:18:00.4902160Z A path returned 202. Retrying...
2024-01-12T01:18:00.4902450Z A path returned 202. Retrying...
2024-01-12T01:18:00.4902741Z A path returned 202. Retrying...
2024-01-12T01:18:00.4903035Z A path returned 202. Retrying...
2024-01-12T01:18:00.4903330Z A path returned 202. Retrying...
2024-01-12T01:18:00.4903636Z A path returned 202. Retrying...
2024-01-12T01:18:00.4903935Z A path returned 202. Retrying...
2024-01-12T01:18:00.4904227Z A path returned 202. Retrying...
2024-01-12T01:18:00.4904514Z A path returned 202. Retrying...
2024-01-12T01:18:00.4904807Z A path returned 202. Retrying...
2024-01-12T01:18:00.4905099Z A path returned 202. Retrying...
2024-01-12T01:18:00.4905394Z A path returned 202. Retrying...
2024-01-12T01:18:00.4905690Z A path returned 202. Retrying...
2024-01-12T01:18:00.4905981Z A path returned 202. Retrying...
2024-01-12T01:18:00.4906273Z A path returned 202. Retrying...
2024-01-12T01:18:00.4906559Z A path returned 202. Retrying...
2024-01-12T01:18:00.4906849Z A path returned 202. Retrying...
2024-01-12T01:18:00.4907150Z A path returned 202. Retrying...
2024-01-12T01:18:00.4907442Z A path returned 202. Retrying...
2024-01-12T01:18:00.4907733Z A path returned 202. Retrying...
2024-01-12T01:18:00.4908026Z A path returned 202. Retrying...
2024-01-12T01:18:00.4908324Z A path returned 202. Retrying...
2024-01-12T01:18:00.4908612Z A path returned 202. Retrying...
2024-01-12T01:18:00.4908911Z A path returned 202. Retrying...
2024-01-12T01:18:00.4909203Z A path returned 202. Retrying...
2024-01-12T01:18:00.4909495Z A path returned 202. Retrying...
2024-01-12T01:18:00.4909787Z A path returned 202. Retrying...
2024-01-12T01:18:00.4910279Z A path returned 202. Retrying...
2024-01-12T01:18:00.4910582Z A path returned 202. Retrying...
2024-01-12T01:18:00.4910872Z A path returned 202. Retrying...
2024-01-12T01:18:00.4911165Z A path returned 202. Retrying...
2024-01-12T01:18:00.4911463Z A path returned 202. Retrying...
2024-01-12T01:18:00.4911756Z A path returned 202. Retrying...
2024-01-12T01:18:00.4912055Z A path returned 202. Retrying...
2024-01-12T01:18:00.4912347Z A path returned 202. Retrying...
2024-01-12T01:18:00.4912640Z A path returned 202. Retrying...
2024-01-12T01:18:00.4912928Z A path returned 202. Retrying...
2024-01-12T01:18:00.4913220Z A path returned 202. Retrying...
2024-01-12T01:18:00.4913518Z A path returned 202. Retrying...
2024-01-12T01:18:00.4913813Z A path returned 202. Retrying...
2024-01-12T01:18:00.4914106Z A path returned 202. Retrying...
2024-01-12T01:18:00.4914398Z A path returned 202. Retrying...
2024-01-12T01:18:00.4914689Z A path returned 202. Retrying...
2024-01-12T01:18:00.4914976Z A path returned 202. Retrying...
2024-01-12T01:18:00.4915271Z A path returned 202. Retrying...
2024-01-12T01:18:00.4915569Z A path returned 202. Retrying...
2024-01-12T01:18:00.4915865Z A path returned 202. Retrying...
2024-01-12T01:18:00.4916159Z A path returned 202. Retrying...
2024-01-12T01:18:00.4916453Z A path returned 202. Retrying...
2024-01-12T01:18:00.4916747Z A path returned 202. Retrying...
2024-01-12T01:18:00.4917043Z A path returned 202. Retrying...
2024-01-12T01:18:00.4917338Z A path returned 202. Retrying...
2024-01-12T01:18:00.4917635Z A path returned 202. Retrying...
2024-01-12T01:18:00.4917927Z A path returned 202. Retrying...
2024-01-12T01:18:00.4918220Z A path returned 202. Retrying...
2024-01-12T01:18:00.4918521Z A path returned 202. Retrying...
2024-01-12T01:18:00.4918812Z A path returned 202. Retrying...
2024-01-12T01:18:00.4919097Z A path returned 202. Retrying...
2024-01-12T01:18:00.4919388Z A path returned 202. Retrying...
2024-01-12T01:18:00.4919688Z A path returned 202. Retrying...
2024-01-12T01:18:00.4919984Z A path returned 202. Retrying...
2024-01-12T01:18:00.4920278Z A path returned 202. Retrying...
2024-01-12T01:18:00.4920569Z A path returned 202. Retrying...
2024-01-12T01:18:00.4920865Z A path returned 202. Retrying...
2024-01-12T01:18:00.4921152Z A path returned 202. Retrying...
2024-01-12T01:18:00.4921443Z A path returned 202. Retrying...
2024-01-12T01:18:00.4921869Z A path returned 202. Retrying...
2024-01-12T01:18:00.4922166Z A path returned 202. Retrying...
2024-01-12T01:18:00.4922464Z A path returned 202. Retrying...
2024-01-12T01:18:00.4922755Z A path returned 202. Retrying...
2024-01-12T01:18:00.4923092Z A path returned 202. Retrying...
2024-01-12T01:18:00.4923380Z A path returned 202. Retrying...
2024-01-12T01:18:00.4923672Z A path returned 202. Retrying...
2024-01-12T01:18:00.4923965Z A path returned 202. Retrying...
2024-01-12T01:18:00.4924256Z A path returned 202. Retrying...
2024-01-12T01:18:00.4924545Z A path returned 202. Retrying...
2024-01-12T01:18:00.4924836Z A path returned 202. Retrying...
2024-01-12T01:18:00.4925132Z A path returned 202. Retrying...
2024-01-12T01:18:00.4925420Z A path returned 202. Retrying...
2024-01-12T01:18:00.4925713Z A path returned 202. Retrying...
2024-01-12T01:18:00.4926008Z A path returned 202. Retrying...
2024-01-12T01:18:00.4926301Z A path returned 202. Retrying...
2024-01-12T01:18:00.4926593Z A path returned 202. Retrying...
2024-01-12T01:18:00.4926893Z A path returned 202. Retrying...
2024-01-12T01:18:00.4927191Z A path returned 202. Retrying...
2024-01-12T01:18:00.4927494Z A path returned 202. Retrying...
2024-01-12T01:18:00.4927803Z A path returned 202. Retrying...
2024-01-12T01:18:00.4928110Z A path returned 202. Retrying...
2024-01-12T01:18:00.4928408Z A path returned 202. Retrying...
2024-01-12T01:18:00.4928704Z A path returned 202. Retrying...
2024-01-12T01:18:00.4929004Z A path returned 202. Retrying...
2024-01-12T01:18:00.4929302Z A path returned 202. Retrying...
2024-01-12T01:18:00.4929589Z A path returned 202. Retrying...
2024-01-12T01:18:00.4930304Z A path returned 202. Retrying...
2024-01-12T01:18:00.4930626Z A path returned 202. Retrying...
2024-01-12T01:18:00.4930929Z A path returned 202. Retrying...
2024-01-12T01:18:00.4931230Z A path returned 202. Retrying...
2024-01-12T01:18:00.4931522Z A path returned 202. Retrying...
2024-01-12T01:18:00.4931822Z A path returned 202. Retrying...
2024-01-12T01:18:00.4932122Z A path returned 202. Retrying...
2024-01-12T01:18:00.4932416Z A path returned 202. Retrying...
2024-01-12T01:18:00.4932712Z A path returned 202. Retrying...
2024-01-12T01:18:00.4933005Z A path returned 202. Retrying...
2024-01-12T01:18:00.4933297Z A path returned 202. Retrying...
2024-01-12T01:18:00.4933589Z A path returned 202. Retrying...
2024-01-12T01:18:00.4933884Z A path returned 202. Retrying...
2024-01-12T01:18:00.4934171Z A path returned 202. Retrying...
2024-01-12T01:18:00.4934468Z A path returned 202. Retrying...
2024-01-12T01:18:00.4934767Z A path returned 202. Retrying...
2024-01-12T01:18:00.4935058Z A path returned 202. Retrying...
2024-01-12T01:18:00.4935357Z A path returned 202. Retrying...
2024-01-12T01:18:00.4935651Z A path returned 202. Retrying...
2024-01-12T01:18:00.4935945Z A path returned 202. Retrying...
2024-01-12T01:18:00.4936233Z A path returned 202. Retrying...
2024-01-12T01:18:00.4936526Z A path returned 202. Retrying...
2024-01-12T01:18:00.4936819Z A path returned 202. Retrying...
2024-01-12T01:18:00.4937114Z A path returned 202. Retrying...
2024-01-12T01:18:00.4937413Z A path returned 202. Retrying...
2024-01-12T01:18:00.4937705Z A path returned 202. Retrying...
2024-01-12T01:18:00.4937998Z A path returned 202. Retrying...
2024-01-12T01:18:00.4938290Z A path returned 202. Retrying...
2024-01-12T01:18:00.4938584Z A path returned 202. Retrying...
2024-01-12T01:18:00.4938876Z A path returned 202. Retrying...
2024-01-12T01:18:00.4939171Z A path returned 202. Retrying...
2024-01-12T01:18:00.4939465Z A path returned 202. Retrying...
2024-01-12T01:18:00.4939758Z A path returned 202. Retrying...
2024-01-12T01:18:00.4940056Z A path returned 202. Retrying...
2024-01-12T01:18:00.4940345Z A path returned 202. Retrying...
2024-01-12T01:18:00.4940637Z A path returned 202. Retrying...
2024-01-12T01:18:00.4940936Z A path returned 202. Retrying...
2024-01-12T01:18:00.4941230Z A path returned 202. Retrying...
2024-01-12T01:18:00.4941524Z A path returned 202. Retrying...
2024-01-12T01:18:00.4941971Z A path returned 202. Retrying...
2024-01-12T01:18:00.4942265Z A path returned 202. Retrying...
2024-01-12T01:18:00.4942554Z A path returned 202. Retrying...
2024-01-12T01:18:00.4942845Z A path returned 202. Retrying...
2024-01-12T01:18:00.4943138Z A path returned 202. Retrying...
2024-01-12T01:18:00.4943432Z A path returned 202. Retrying...
2024-01-12T01:18:00.4943727Z A path returned 202. Retrying...
2024-01-12T01:18:00.4944025Z A path returned 202. Retrying...
2024-01-12T01:18:00.4944336Z A path returned 202. Retrying...
2024-01-12T01:18:00.4944624Z A path returned 202. Retrying...
2024-01-12T01:18:00.4944916Z A path returned 202. Retrying...
2024-01-12T01:18:00.4945216Z A path returned 202. Retrying...
2024-01-12T01:18:00.4945520Z A path returned 202. Retrying...
2024-01-12T01:18:00.4945820Z A path returned 202. Retrying...
2024-01-12T01:18:00.4946113Z A path returned 202. Retrying...
2024-01-12T01:18:00.4946410Z A path returned 202. Retrying...
2024-01-12T01:18:00.4946697Z A path returned 202. Retrying...
2024-01-12T01:18:00.4946998Z A path returned 202. Retrying...
2024-01-12T01:18:00.4947290Z A path returned 202. Retrying...
2024-01-12T01:18:00.4947583Z A path returned 202. Retrying...
2024-01-12T01:18:00.4947875Z A path returned 202. Retrying...
2024-01-12T01:18:00.4948169Z A path returned 202. Retrying...
2024-01-12T01:18:00.4948464Z A path returned 202. Retrying...
2024-01-12T01:18:00.4948760Z A path returned 202. Retrying...
2024-01-12T01:18:00.4949056Z A path returned 202. Retrying...
2024-01-12T01:18:00.4949356Z A path returned 202. Retrying...
2024-01-12T01:18:00.4949649Z A path returned 202. Retrying...
2024-01-12T01:18:00.4950067Z A path returned 202. Retrying...
2024-01-12T01:18:00.4950368Z A path returned 202. Retrying...
2024-01-12T01:18:00.4950662Z A path returned 202. Retrying...
2024-01-12T01:18:00.4950953Z A path returned 202. Retrying...
2024-01-12T01:18:00.4951249Z A path returned 202. Retrying...
2024-01-12T01:18:00.4951545Z A path returned 202. Retrying...
2024-01-12T01:18:00.4951848Z A path returned 202. Retrying...
2024-01-12T01:18:00.4952141Z A path returned 202. Retrying...
2024-01-12T01:18:00.4952433Z A path returned 202. Retrying...
2024-01-12T01:18:00.4952726Z A path returned 202. Retrying...
2024-01-12T01:18:00.4953013Z A path returned 202. Retrying...
2024-01-12T01:18:00.4953308Z A path returned 202. Retrying...
2024-01-12T01:18:00.4953602Z A path returned 202. Retrying...
2024-01-12T01:18:00.4953895Z A path returned 202. Retrying...
2024-01-12T01:18:00.4954194Z A path returned 202. Retrying...
2024-01-12T01:18:00.4954501Z A path returned 202. Retrying...
2024-01-12T01:18:00.4954797Z A path returned 202. Retrying...
2024-01-12T01:18:00.4955090Z A path returned 202. Retrying...
2024-01-12T01:18:00.4955385Z A path returned 202. Retrying...
2024-01-12T01:18:00.4955681Z A path returned 202. Retrying...
2024-01-12T01:18:00.4955976Z A path returned 202. Retrying...
2024-01-12T01:18:00.4956267Z A path returned 202. Retrying...
2024-01-12T01:18:00.4956559Z A path returned 202. Retrying...
2024-01-12T01:18:00.4956854Z A path returned 202. Retrying...
2024-01-12T01:18:00.4957142Z A path returned 202. Retrying...
2024-01-12T01:18:00.4957435Z A path returned 202. Retrying...
2024-01-12T01:18:00.4957736Z A path returned 202. Retrying...
2024-01-12T01:18:00.4958049Z A path returned 202. Retrying...
2024-01-12T01:18:00.4958347Z A path returned 202. Retrying...
2024-01-12T01:18:00.4958640Z A path returned 202. Retrying...
2024-01-12T01:18:00.4958934Z A path returned 202. Retrying...
2024-01-12T01:18:00.4959223Z A path returned 202. Retrying...
2024-01-12T01:18:00.4959514Z A path returned 202. Retrying...
2024-01-12T01:18:00.4959811Z A path returned 202. Retrying...
2024-01-12T01:18:00.4960106Z A path returned 202. Retrying...
2024-01-12T01:18:00.4960398Z A path returned 202. Retrying...
2024-01-12T01:18:00.4960687Z A path returned 202. Retrying...
2024-01-12T01:18:00.4960981Z A path returned 202. Retrying...
2024-01-12T01:18:00.4961270Z A path returned 202. Retrying...
2024-01-12T01:18:00.4961755Z A path returned 202. Retrying...
2024-01-12T01:18:00.4962048Z A path returned 202. Retrying...
2024-01-12T01:18:00.4962344Z A path returned 202. Retrying...
2024-01-12T01:18:00.4962643Z A path returned 202. Retrying...
2024-01-12T01:18:00.4962935Z A path returned 202. Retrying...
2024-01-12T01:18:00.4963231Z A path returned 202. Retrying...
2024-01-12T01:18:00.4963520Z A path returned 202. Retrying...
2024-01-12T01:18:00.4963812Z A path returned 202. Retrying...
2024-01-12T01:18:00.4964103Z A path returned 202. Retrying...
2024-01-12T01:18:00.4964395Z A path returned 202. Retrying...
2024-01-12T01:18:00.4964688Z A path returned 202. Retrying...
2024-01-12T01:18:00.4964987Z A path returned 202. Retrying...
2024-01-12T01:18:00.4965279Z A path returned 202. Retrying...
2024-01-12T01:18:00.4965565Z A path returned 202. Retrying...
2024-01-12T01:18:00.4965860Z A path returned 202. Retrying...
2024-01-12T01:26:44.9509233Z A path returned 202. Retrying...
2024-01-12T01:26:44.9509965Z A path returned 202. Retrying...
2024-01-12T01:26:44.9510525Z A path returned 202. Retrying...
2024-01-12T01:26:44.9510890Z A path returned 202. Retrying...
2024-01-12T01:26:44.9511209Z A path returned 202. Retrying...
2024-01-12T01:26:44.9511555Z A path returned 202. Retrying...
2024-01-12T01:26:44.9511891Z A path returned 202. Retrying...
2024-01-12T01:26:44.9512218Z A path returned 202. Retrying...
2024-01-12T01:26:44.9512536Z A path returned 202. Retrying...
2024-01-12T01:26:44.9512855Z A path returned 202. Retrying...
2024-01-12T01:26:44.9513169Z A path returned 202. Retrying...
2024-01-12T01:26:44.9513479Z A path returned 202. Retrying...
2024-01-12T01:26:44.9514238Z A path returned 202. Retrying...
2024-01-12T01:26:44.9514573Z A path returned 202. Retrying...
2024-01-12T01:26:44.9514889Z A path returned 202. Retrying...
2024-01-12T01:26:44.9515203Z A path returned 202. Retrying...
2024-01-12T01:26:44.9515518Z A path returned 202. Retrying...
2024-01-12T01:26:44.9515834Z A path returned 202. Retrying...
2024-01-12T01:26:44.9516151Z A path returned 202. Retrying...
2024-01-12T01:26:44.9516454Z A path returned 202. Retrying...
2024-01-12T01:26:44.9516750Z A path returned 202. Retrying...
2024-01-12T01:26:44.9517046Z A path returned 202. Retrying...
2024-01-12T01:26:44.9517343Z A path returned 202. Retrying...
2024-01-12T01:26:44.9517638Z A path returned 202. Retrying...
2024-01-12T01:26:44.9517934Z A path returned 202. Retrying...
2024-01-12T01:26:44.9518222Z A path returned 202. Retrying...
2024-01-12T01:26:44.9518516Z A path returned 202. Retrying...
2024-01-12T01:26:44.9518813Z A path returned 202. Retrying...
2024-01-12T01:26:44.9519108Z A path returned 202. Retrying...
2024-01-12T01:26:44.9519410Z A path returned 202. Retrying...
2024-01-12T01:26:44.9519707Z A path returned 202. Retrying...
2024-01-12T01:26:44.9520004Z A path returned 202. Retrying...
2024-01-12T01:26:44.9520295Z A path returned 202. Retrying...
2024-01-12T01:26:44.9520590Z A path returned 202. Retrying...
2024-01-12T01:26:44.9520889Z A path returned 202. Retrying...
2024-01-12T01:26:44.9521189Z A path returned 202. Retrying...
2024-01-12T01:26:44.9521490Z A path returned 202. Retrying...
2024-01-12T01:26:44.9521786Z A path returned 202. Retrying...
2024-01-12T01:26:44.9522082Z A path returned 202. Retrying...
2024-01-12T01:26:44.9522372Z A path returned 202. Retrying...
2024-01-12T01:26:44.9522668Z A path returned 202. Retrying...
2024-01-12T01:26:44.9522964Z A path returned 202. Retrying...
2024-01-12T01:26:44.9523259Z A path returned 202. Retrying...
2024-01-12T01:26:44.9523555Z A path returned 202. Retrying...
2024-01-12T01:26:44.9523851Z A path returned 202. Retrying...
2024-01-12T01:26:44.9524147Z A path returned 202. Retrying...
2024-01-12T01:26:44.9524442Z A path returned 202. Retrying...
2024-01-12T01:26:44.9524738Z A path returned 202. Retrying...
2024-01-12T01:26:44.9525035Z A path returned 202. Retrying...
2024-01-12T01:26:44.9525333Z A path returned 202. Retrying...
2024-01-12T01:26:44.9525633Z A path returned 202. Retrying...
2024-01-12T01:26:44.9526138Z A path returned 202. Retrying...
2024-01-12T01:26:44.9526432Z A path returned 202. Retrying...
2024-01-12T01:26:44.9526724Z A path returned 202. Retrying...
2024-01-12T01:26:44.9527022Z A path returned 202. Retrying...
2024-01-12T01:26:44.9527319Z A path returned 202. Retrying...
2024-01-12T01:26:44.9527665Z A path returned 202. Retrying...
2024-01-12T01:26:44.9527960Z A path returned 202. Retrying...
2024-01-12T01:26:44.9528258Z A path returned 202. Retrying...
2024-01-12T01:26:44.9528550Z A path returned 202. Retrying...
2024-01-12T01:26:44.9528838Z A path returned 202. Retrying...
2024-01-12T01:26:44.9529132Z A path returned 202. Retrying...
2024-01-12T01:26:44.9529430Z A path returned 202. Retrying...
2024-01-12T01:26:44.9529726Z A path returned 202. Retrying...
2024-01-12T01:26:44.9530247Z A path returned 202. Retrying...
2024-01-12T01:26:44.9530549Z A path returned 202. Retrying...
2024-01-12T01:26:44.9530846Z A path returned 202. Retrying...
2024-01-12T01:26:44.9531132Z A path returned 202. Retrying...
2024-01-12T01:26:44.9531436Z A path returned 202. Retrying...
2024-01-12T01:26:44.9531730Z A path returned 202. Retrying...
2024-01-12T01:26:44.9532024Z A path returned 202. Retrying...
2024-01-12T01:26:44.9532317Z A path returned 202. Retrying...
2024-01-12T01:26:44.9532609Z A path returned 202. Retrying...
2024-01-12T01:26:44.9532903Z A path returned 202. Retrying...
2024-01-12T01:26:44.9533189Z A path returned 202. Retrying...
2024-01-12T01:26:44.9533488Z A path returned 202. Retrying...
2024-01-12T01:26:44.9533780Z A path returned 202. Retrying...
2024-01-12T01:26:44.9534074Z A path returned 202. Retrying...
2024-01-12T01:26:44.9534367Z A path returned 202. Retrying...
2024-01-12T01:26:44.9534829Z A path returned 202. Retrying...
2024-01-12T01:26:44.9535129Z A path returned 202. Retrying...
2024-01-12T01:26:44.9535417Z A path returned 202. Retrying...
2024-01-12T01:26:44.9535711Z A path returned 202. Retrying...
2024-01-12T01:26:44.9536004Z A path returned 202. Retrying...
2024-01-12T01:26:44.9536304Z A path returned 202. Retrying...
2024-01-12T01:26:44.9536600Z A path returned 202. Retrying...
2024-01-12T01:26:44.9536894Z A path returned 202. Retrying...
2024-01-12T01:26:44.9537186Z A path returned 202. Retrying...
2024-01-12T01:26:44.9537477Z A path returned 202. Retrying...
2024-01-12T01:26:44.9537776Z A path returned 202. Retrying...
2024-01-12T01:26:44.9538075Z A path returned 202. Retrying...
2024-01-12T01:26:44.9538368Z A path returned 202. Retrying...
2024-01-12T01:26:44.9538662Z A path returned 202. Retrying...
2024-01-12T01:26:44.9538953Z A path returned 202. Retrying...
2024-01-12T01:26:44.9539247Z A path returned 202. Retrying...
2024-01-12T01:26:44.9539541Z A path returned 202. Retrying...
2024-01-12T01:26:44.9539837Z A path returned 202. Retrying...
2024-01-12T01:26:44.9540131Z A path returned 202. Retrying...
2024-01-12T01:26:44.9540427Z A path returned 202. Retrying...
2024-01-12T01:26:44.9540722Z A path returned 202. Retrying...
2024-01-12T01:26:44.9541020Z A path returned 202. Retrying...
2024-01-12T01:26:44.9541323Z A path returned 202. Retrying...
2024-01-12T01:26:44.9541616Z A path returned 202. Retrying...
2024-01-12T01:26:44.9541911Z A path returned 202. Retrying...
2024-01-12T01:26:44.9542206Z A path returned 202. Retrying...
2024-01-12T01:26:44.9542500Z A path returned 202. Retrying...
2024-01-12T01:26:44.9542795Z A path returned 202. Retrying...
2024-01-12T01:26:44.9543093Z A path returned 202. Retrying...
2024-01-12T01:26:44.9543385Z A path returned 202. Retrying...
2024-01-12T01:26:44.9543672Z A path returned 202. Retrying...
2024-01-12T01:26:44.9543968Z A path returned 202. Retrying...
2024-01-12T01:26:44.9544264Z A path returned 202. Retrying...
2024-01-12T01:26:44.9544566Z A path returned 202. Retrying...
2024-01-12T01:26:44.9544867Z A path returned 202. Retrying...
2024-01-12T01:26:44.9545163Z A path returned 202. Retrying...
2024-01-12T01:26:44.9545463Z A path returned 202. Retrying...
2024-01-12T01:26:44.9545753Z A path returned 202. Retrying...
2024-01-12T01:26:44.9546211Z A path returned 202. Retrying...
2024-01-12T01:26:44.9546506Z A path returned 202. Retrying...
2024-01-12T01:26:44.9546799Z A path returned 202. Retrying...
2024-01-12T01:26:44.9547091Z A path returned 202. Retrying...
2024-01-12T01:26:44.9547384Z A path returned 202. Retrying...
2024-01-12T01:26:44.9547677Z A path returned 202. Retrying...
2024-01-12T01:26:44.9547966Z A path returned 202. Retrying...
2024-01-12T01:26:44.9548261Z A path returned 202. Retrying...
2024-01-12T01:26:44.9548557Z A path returned 202. Retrying...
2024-01-12T01:26:44.9548849Z A path returned 202. Retrying...
2024-01-12T01:26:44.9549148Z A path returned 202. Retrying...
2024-01-12T01:26:44.9549445Z A path returned 202. Retrying...
2024-01-12T01:26:44.9549741Z A path returned 202. Retrying...
2024-01-12T01:26:44.9550034Z A path returned 202. Retrying...
2024-01-12T01:26:44.9550329Z A path returned 202. Retrying...
2024-01-12T01:26:44.9550624Z A path returned 202. Retrying...
2024-01-12T01:26:44.9550917Z A path returned 202. Retrying...
2024-01-12T01:26:44.9551218Z A path returned 202. Retrying...
2024-01-12T01:26:44.9551530Z A path returned 202. Retrying...
2024-01-12T01:26:44.9551852Z A path returned 202. Retrying...
2024-01-12T01:26:44.9552146Z A path returned 202. Retrying...
2024-01-12T01:26:44.9552473Z A path returned 202. Retrying...
2024-01-12T01:26:44.9552779Z A path returned 202. Retrying...
2024-01-12T01:26:44.9553079Z A path returned 202. Retrying...
2024-01-12T01:26:44.9553376Z A path returned 202. Retrying...
2024-01-12T01:26:44.9553674Z A path returned 202. Retrying...
2024-01-12T01:26:44.9553989Z A path returned 202. Retrying...
2024-01-12T01:26:44.9554278Z A path returned 202. Retrying...
2024-01-12T01:26:44.9554720Z A path returned 202. Retrying...
2024-01-12T01:26:44.9555034Z A path returned 202. Retrying...
2024-01-12T01:26:44.9555345Z A path returned 202. Retrying...
2024-01-12T01:26:44.9555659Z A path returned 202. Retrying...
2024-01-12T01:26:44.9555957Z A path returned 202. Retrying...
2024-01-12T01:26:44.9556259Z A path returned 202. Retrying...
2024-01-12T01:26:44.9556551Z A path returned 202. Retrying...
2024-01-12T01:26:44.9556855Z A path returned 202. Retrying...
2024-01-12T01:26:44.9557157Z A path returned 202. Retrying...
2024-01-12T01:26:44.9557460Z A path returned 202. Retrying...
2024-01-12T01:26:44.9557762Z A path returned 202. Retrying...
2024-01-12T01:26:44.9558056Z A path returned 202. Retrying...
2024-01-12T01:26:44.9558355Z A path returned 202. Retrying...
2024-01-12T01:26:44.9558648Z A path returned 202. Retrying...
2024-01-12T01:26:44.9558943Z A path returned 202. Retrying...
2024-01-12T01:26:44.9559237Z A path returned 202. Retrying...
2024-01-12T01:26:44.9559537Z A path returned 202. Retrying...
2024-01-12T01:26:44.9559830Z A path returned 202. Retrying...
2024-01-12T01:26:44.9560126Z A path returned 202. Retrying...
2024-01-12T01:26:44.9560424Z A path returned 202. Retrying...
2024-01-12T01:26:44.9560712Z A path returned 202. Retrying...
2024-01-12T01:26:44.9561009Z A path returned 202. Retrying...
2024-01-12T01:26:44.9561312Z A path returned 202. Retrying...
2024-01-12T01:26:44.9561607Z A path returned 202. Retrying...
2024-01-12T01:26:44.9561906Z A path returned 202. Retrying...
2024-01-12T01:26:44.9562202Z A path returned 202. Retrying...
2024-01-12T01:26:44.9562502Z A path returned 202. Retrying...
2024-01-12T01:26:44.9562796Z A path returned 202. Retrying...
2024-01-12T01:26:44.9563093Z A path returned 202. Retrying...
2024-01-12T01:26:44.9563392Z A path returned 202. Retrying...
2024-01-12T01:26:44.9563687Z A path returned 202. Retrying...
2024-01-12T01:26:44.9563981Z A path returned 202. Retrying...
2024-01-12T01:26:44.9564275Z A path returned 202. Retrying...
2024-01-12T01:26:44.9564572Z A path returned 202. Retrying...
2024-01-12T01:26:44.9564862Z A path returned 202. Retrying...
2024-01-12T01:26:44.9565156Z A path returned 202. Retrying...
2024-01-12T01:26:44.9565453Z A path returned 202. Retrying...
2024-01-12T01:26:44.9565746Z A path returned 202. Retrying...
2024-01-12T01:26:44.9566206Z A path returned 202. Retrying...
2024-01-12T01:26:44.9566503Z A path returned 202. Retrying...
2024-01-12T01:26:44.9566799Z A path returned 202. Retrying...
2024-01-12T01:26:44.9567091Z A path returned 202. Retrying...
2024-01-12T01:26:44.9567384Z A path returned 202. Retrying...
2024-01-12T01:26:44.9567680Z A path returned 202. Retrying...
2024-01-12T01:26:44.9567973Z A path returned 202. Retrying...
2024-01-12T01:26:44.9568266Z A path returned 202. Retrying...
2024-01-12T01:26:44.9568558Z A path returned 202. Retrying...
2024-01-12T01:26:44.9568852Z A path returned 202. Retrying...
2024-01-12T01:26:44.9569140Z A path returned 202. Retrying...
2024-01-12T01:26:44.9569439Z A path returned 202. Retrying...
2024-01-12T01:26:44.9569736Z A path returned 202. Retrying...
2024-01-12T01:26:44.9570150Z A path returned 202. Retrying...
2024-01-12T01:26:44.9570445Z A path returned 202. Retrying...
2024-01-12T01:26:44.9570741Z A path returned 202. Retrying...
2024-01-12T01:26:44.9571038Z A path returned 202. Retrying...
2024-01-12T01:26:44.9571337Z A path returned 202. Retrying...
2024-01-12T01:26:44.9571634Z A path returned 202. Retrying...
2024-01-12T01:26:44.9571936Z A path returned 202. Retrying...
2024-01-12T01:26:44.9572234Z A path returned 202. Retrying...
2024-01-12T01:26:44.9572530Z A path returned 202. Retrying...
2024-01-12T01:26:44.9572824Z A path returned 202. Retrying...
2024-01-12T01:26:44.9573120Z A path returned 202. Retrying...
2024-01-12T01:26:44.9573411Z A path returned 202. Retrying...
2024-01-12T01:26:44.9573709Z A path returned 202. Retrying...
2024-01-12T01:26:44.9574008Z A path returned 202. Retrying...
2024-01-12T01:26:44.9574299Z A path returned 202. Retrying...
2024-01-12T01:26:44.9574775Z A path returned 202. Retrying...
2024-01-12T01:26:44.9575080Z A path returned 202. Retrying...
2024-01-12T01:26:44.9575376Z A path returned 202. Retrying...
2024-01-12T01:26:44.9575667Z A path returned 202. Retrying...
2024-01-12T01:26:44.9575962Z A path returned 202. Retrying...
2024-01-12T01:26:44.9576263Z A path returned 202. Retrying...
2024-01-12T01:26:44.9576555Z A path returned 202. Retrying...
2024-01-12T01:26:44.9576848Z A path returned 202. Retrying...
2024-01-12T01:26:44.9577139Z A path returned 202. Retrying...
2024-01-12T01:26:44.9577429Z A path returned 202. Retrying...
2024-01-12T01:26:44.9577714Z A path returned 202. Retrying...
2024-01-12T01:26:44.9578010Z A path returned 202. Retrying...
2024-01-12T01:26:44.9578308Z A path returned 202. Retrying...
2024-01-12T01:26:44.9578602Z A path returned 202. Retrying...
2024-01-12T01:26:44.9578900Z A path returned 202. Retrying...
2024-01-12T01:26:44.9579196Z A path returned 202. Retrying...
2024-01-12T01:26:44.9579495Z A path returned 202. Retrying...
2024-01-12T01:26:44.9579787Z A path returned 202. Retrying...
2024-01-12T01:26:44.9580081Z A path returned 202. Retrying...
2024-01-12T01:26:44.9580377Z A path returned 202. Retrying...
2024-01-12T01:26:44.9580669Z A path returned 202. Retrying...
2024-01-12T01:26:44.9580961Z A path returned 202. Retrying...
2024-01-12T01:26:44.9581259Z A path returned 202. Retrying...
2024-01-12T01:26:44.9581552Z A path returned 202. Retrying...
2024-01-12T01:26:44.9581841Z A path returned 202. Retrying...
2024-01-12T01:26:44.9582139Z A path returned 202. Retrying...
2024-01-12T01:26:44.9582433Z A path returned 202. Retrying...
2024-01-12T01:26:44.9582726Z A path returned 202. Retrying...
2024-01-12T01:26:44.9583021Z A path returned 202. Retrying...
2024-01-12T01:26:44.9583313Z A path returned 202. Retrying...
2024-01-12T01:26:44.9583610Z A path returned 202. Retrying...
2024-01-12T01:26:44.9583901Z A path returned 202. Retrying...
2024-01-12T01:26:44.9584195Z A path returned 202. Retrying...
2024-01-12T01:26:44.9584497Z A path returned 202. Retrying...
2024-01-12T01:26:44.9584791Z A path returned 202. Retrying...
2024-01-12T01:26:44.9585090Z A path returned 202. Retrying...
2024-01-12T01:26:44.9585387Z A path returned 202. Retrying...
2024-01-12T01:34:26.7487743Z A path returned 202. Retrying...
2024-01-12T01:34:26.7488837Z A path returned 202. Retrying...
2024-01-12T01:34:26.7489408Z A path returned 202. Retrying...
2024-01-12T01:34:26.7490294Z A path returned 202. Retrying...
2024-01-12T01:34:26.7490761Z A path returned 202. Retrying...
2024-01-12T01:34:26.7491084Z A path returned 202. Retrying...
2024-01-12T01:34:26.7491395Z A path returned 202. Retrying...
2024-01-12T01:34:26.7491701Z A path returned 202. Retrying...
2024-01-12T01:34:26.7492010Z A path returned 202. Retrying...
2024-01-12T01:34:26.7492317Z A path returned 202. Retrying...
2024-01-12T01:34:26.7492618Z A path returned 202. Retrying...
2024-01-12T01:34:26.7492918Z A path returned 202. Retrying...
2024-01-12T01:34:26.7493230Z A path returned 202. Retrying...
2024-01-12T01:34:26.7493537Z A path returned 202. Retrying...
2024-01-12T01:34:26.7493834Z A path returned 202. Retrying...
2024-01-12T01:34:26.7494138Z A path returned 202. Retrying...
2024-01-12T01:34:26.7494444Z A path returned 202. Retrying...
2024-01-12T01:34:26.7494747Z A path returned 202. Retrying...
2024-01-12T01:34:26.7495058Z A path returned 202. Retrying...
2024-01-12T01:34:26.7495361Z A path returned 202. Retrying...
2024-01-12T01:34:26.7495662Z A path returned 202. Retrying...
2024-01-12T01:34:26.7495958Z A path returned 202. Retrying...
2024-01-12T01:34:26.7496257Z A path returned 202. Retrying...
2024-01-12T01:34:26.7496564Z A path returned 202. Retrying...
2024-01-12T01:34:26.7496886Z A path returned 202. Retrying...
2024-01-12T01:34:26.7497199Z A path returned 202. Retrying...
2024-01-12T01:34:26.7497510Z A path returned 202. Retrying...
2024-01-12T01:34:26.7497820Z A path returned 202. Retrying...
2024-01-12T01:34:26.7498129Z A path returned 202. Retrying...
2024-01-12T01:34:26.7498684Z A path returned 202. Retrying...
2024-01-12T01:34:26.7499018Z A path returned 202. Retrying...
2024-01-12T01:34:26.7499346Z A path returned 202. Retrying...
2024-01-12T01:34:26.7499666Z A path returned 202. Retrying...
2024-01-12T01:34:26.7499976Z A path returned 202. Retrying...
2024-01-12T01:34:26.7500287Z A path returned 202. Retrying...
2024-01-12T01:34:26.7500577Z A path returned 202. Retrying...
2024-01-12T01:34:26.7500878Z A path returned 202. Retrying...
2024-01-12T01:34:26.7501178Z A path returned 202. Retrying...
2024-01-12T01:34:26.7501474Z A path returned 202. Retrying...
2024-01-12T01:34:26.7501775Z A path returned 202. Retrying...
2024-01-12T01:34:26.7502068Z A path returned 202. Retrying...
2024-01-12T01:34:26.7502367Z A path returned 202. Retrying...
2024-01-12T01:34:26.7502661Z A path returned 202. Retrying...
2024-01-12T01:34:26.7502962Z A path returned 202. Retrying...
2024-01-12T01:34:26.7503261Z A path returned 202. Retrying...
2024-01-12T01:34:26.7503565Z A path returned 202. Retrying...
2024-01-12T01:34:26.7503865Z A path returned 202. Retrying...
2024-01-12T01:34:26.7504166Z A path returned 202. Retrying...
2024-01-12T01:34:26.7504469Z A path returned 202. Retrying...
2024-01-12T01:34:26.7504765Z A path returned 202. Retrying...
2024-01-12T01:34:26.7505068Z A path returned 202. Retrying...
2024-01-12T01:34:26.7505367Z A path returned 202. Retrying...
2024-01-12T01:34:26.7505660Z A path returned 202. Retrying...
2024-01-12T01:34:26.7505956Z A path returned 202. Retrying...
2024-01-12T01:34:26.7506249Z A path returned 202. Retrying...
2024-01-12T01:34:26.7506542Z A path returned 202. Retrying...
2024-01-12T01:34:26.7506831Z A path returned 202. Retrying...
2024-01-12T01:34:26.7507130Z A path returned 202. Retrying...
2024-01-12T01:34:26.7507444Z A path returned 202. Retrying...
2024-01-12T01:34:26.7507750Z A path returned 202. Retrying...
2024-01-12T01:34:26.7508053Z A path returned 202. Retrying...
2024-01-12T01:34:26.7508356Z A path returned 202. Retrying...
2024-01-12T01:34:26.7508657Z A path returned 202. Retrying...
2024-01-12T01:34:26.7508952Z A path returned 202. Retrying...
2024-01-12T01:34:26.7509255Z A path returned 202. Retrying...
2024-01-12T01:34:26.7509558Z A path returned 202. Retrying...
2024-01-12T01:34:26.7509860Z A path returned 202. Retrying...
2024-01-12T01:34:26.7510164Z A path returned 202. Retrying...
2024-01-12T01:34:26.7510636Z A path returned 202. Retrying...
2024-01-12T01:34:26.7510936Z A path returned 202. Retrying...
2024-01-12T01:34:26.7511224Z A path returned 202. Retrying...
2024-01-12T01:34:26.7511522Z A path returned 202. Retrying...
2024-01-12T01:34:26.7511818Z A path returned 202. Retrying...
2024-01-12T01:34:26.7512111Z A path returned 202. Retrying...
2024-01-12T01:34:26.7512405Z A path returned 202. Retrying...
2024-01-12T01:34:26.7512700Z A path returned 202. Retrying...
2024-01-12T01:34:26.7512994Z A path returned 202. Retrying...
2024-01-12T01:34:26.7513285Z A path returned 202. Retrying...
2024-01-12T01:34:26.7513592Z A path returned 202. Retrying...
2024-01-12T01:34:26.7513889Z A path returned 202. Retrying...
2024-01-12T01:34:26.7514187Z A path returned 202. Retrying...
2024-01-12T01:34:26.7514484Z A path returned 202. Retrying...
2024-01-12T01:34:26.7514779Z A path returned 202. Retrying...
2024-01-12T01:34:26.7515077Z A path returned 202. Retrying...
2024-01-12T01:34:26.7515378Z A path returned 202. Retrying...
2024-01-12T01:34:26.7515677Z A path returned 202. Retrying...
2024-01-12T01:34:26.7515978Z A path returned 202. Retrying...
2024-01-12T01:34:26.7516274Z A path returned 202. Retrying...
2024-01-12T01:34:26.7516572Z A path returned 202. Retrying...
2024-01-12T01:34:26.7516898Z A path returned 202. Retrying...
2024-01-12T01:34:26.7517194Z A path returned 202. Retrying...
2024-01-12T01:34:26.7517487Z A path returned 202. Retrying...
2024-01-12T01:34:26.7517791Z A path returned 202. Retrying...
2024-01-12T01:34:26.7518088Z A path returned 202. Retrying...
2024-01-12T01:34:26.7518386Z A path returned 202. Retrying...
2024-01-12T01:34:26.7519000Z A path returned 202. Retrying...
2024-01-12T01:34:26.7519307Z A path returned 202. Retrying...
2024-01-12T01:34:26.7519604Z A path returned 202. Retrying...
2024-01-12T01:34:26.7519898Z A path returned 202. Retrying...
2024-01-12T01:34:26.7520211Z A path returned 202. Retrying...
2024-01-12T01:34:26.7520512Z A path returned 202. Retrying...
2024-01-12T01:34:26.7520812Z A path returned 202. Retrying...
2024-01-12T01:34:26.7521109Z A path returned 202. Retrying...
2024-01-12T01:34:26.7521402Z A path returned 202. Retrying...
2024-01-12T01:34:26.7521699Z A path returned 202. Retrying...
2024-01-12T01:34:26.7521994Z A path returned 202. Retrying...
2024-01-12T01:34:26.7522290Z A path returned 202. Retrying...
2024-01-12T01:34:26.7522584Z A path returned 202. Retrying...
2024-01-12T01:34:26.7522882Z A path returned 202. Retrying...
2024-01-12T01:34:26.7523176Z A path returned 202. Retrying...
2024-01-12T01:34:26.7523467Z A path returned 202. Retrying...
2024-01-12T01:34:26.7523783Z A path returned 202. Retrying...
2024-01-12T01:34:26.7524088Z A path returned 202. Retrying...
2024-01-12T01:34:26.7524386Z A path returned 202. Retrying...
2024-01-12T01:34:26.7524683Z A path returned 202. Retrying...
2024-01-12T01:34:26.7524976Z A path returned 202. Retrying...
2024-01-12T01:34:26.7525274Z A path returned 202. Retrying...
2024-01-12T01:34:26.7525569Z A path returned 202. Retrying...
2024-01-12T01:34:26.7525869Z A path returned 202. Retrying...
2024-01-12T01:34:26.7526177Z aiohttp failed for rest query
2024-01-12T01:34:26.7526485Z aiohttp failed for rest query
2024-01-12T01:34:26.7526786Z aiohttp failed for rest query
2024-01-12T01:34:26.7527084Z aiohttp failed for rest query
2024-01-12T01:34:26.7527385Z aiohttp failed for rest query
2024-01-12T01:34:26.7527667Z aiohttp failed for rest query
2024-01-12T01:34:26.7527957Z aiohttp failed for rest query
2024-01-12T01:34:26.7528246Z aiohttp failed for rest query
2024-01-12T01:34:26.7528531Z aiohttp failed for rest query
2024-01-12T01:34:26.7528826Z aiohttp failed for rest query
2024-01-12T01:34:26.7529113Z aiohttp failed for rest query
2024-01-12T01:34:26.7529409Z aiohttp failed for rest query
2024-01-12T01:34:26.7529694Z aiohttp failed for rest query
2024-01-12T01:34:26.7530232Z aiohttp failed for rest query
2024-01-12T01:34:26.7530525Z aiohttp failed for rest query
2024-01-12T01:34:26.7530989Z aiohttp failed for rest query
2024-01-12T01:34:26.7531277Z aiohttp failed for rest query
2024-01-12T01:34:26.7531560Z aiohttp failed for rest query
2024-01-12T01:34:26.7531847Z aiohttp failed for rest query
2024-01-12T01:34:26.7532127Z aiohttp failed for rest query
2024-01-12T01:34:26.7532412Z aiohttp failed for rest query
2024-01-12T01:34:26.7532696Z aiohttp failed for rest query
2024-01-12T01:34:26.7532980Z aiohttp failed for rest query
2024-01-12T01:34:26.7533270Z aiohttp failed for rest query
2024-01-12T01:34:26.7533555Z aiohttp failed for rest query
2024-01-12T01:34:26.7533841Z aiohttp failed for rest query
2024-01-12T01:34:26.7534123Z aiohttp failed for rest query
2024-01-12T01:34:26.7534410Z aiohttp failed for rest query
2024-01-12T01:34:26.7534699Z aiohttp failed for rest query
2024-01-12T01:34:26.7534983Z aiohttp failed for rest query
2024-01-12T01:34:26.7535272Z aiohttp failed for rest query
2024-01-12T01:34:26.7535557Z aiohttp failed for rest query
2024-01-12T01:34:26.7535842Z aiohttp failed for rest query
2024-01-12T01:34:26.7536128Z aiohttp failed for rest query
2024-01-12T01:34:26.7536413Z aiohttp failed for rest query
2024-01-12T01:34:26.7536696Z aiohttp failed for rest query
2024-01-12T01:34:26.7536981Z aiohttp failed for rest query
2024-01-12T01:34:26.7537268Z aiohttp failed for rest query
2024-01-12T01:34:26.7537555Z aiohttp failed for rest query
2024-01-12T01:34:26.7537836Z aiohttp failed for rest query
2024-01-12T01:34:26.7538120Z aiohttp failed for rest query
2024-01-12T01:34:26.7538406Z aiohttp failed for rest query
2024-01-12T01:34:26.7538690Z aiohttp failed for rest query
2024-01-12T01:34:26.7538975Z aiohttp failed for rest query
2024-01-12T01:34:26.7539419Z aiohttp failed for rest query
2024-01-12T01:34:26.7539713Z aiohttp failed for rest query
2024-01-12T01:34:26.7539995Z aiohttp failed for rest query
2024-01-12T01:34:26.7540289Z aiohttp failed for rest query
2024-01-12T01:34:26.7540815Z aiohttp failed for rest query
2024-01-12T01:34:26.7541164Z aiohttp failed for rest query
2024-01-12T01:34:26.7541458Z aiohttp failed for rest query
2024-01-12T01:34:26.7541748Z aiohttp failed for rest query
2024-01-12T01:34:26.7542034Z aiohttp failed for rest query
2024-01-12T01:34:26.7542314Z aiohttp failed for rest query
2024-01-12T01:34:26.7542599Z aiohttp failed for rest query
2024-01-12T01:34:26.7542884Z aiohttp failed for rest query
2024-01-12T01:34:26.7543169Z aiohttp failed for rest query
2024-01-12T01:34:26.7543454Z aiohttp failed for rest query
2024-01-12T01:34:26.7543887Z There were too many 202s. Data for this repository will be incomplete.
2024-01-12T01:34:26.7544368Z A path returned 202. Retrying...
2024-01-12T01:34:26.7544686Z A path returned 202. Retrying...
2024-01-12T01:34:26.7544996Z A path returned 202. Retrying...
2024-01-12T01:34:26.7545305Z A path returned 202. Retrying...
2024-01-12T01:34:26.7545607Z A path returned 202. Retrying...
2024-01-12T01:34:26.7545910Z A path returned 202. Retrying...
2024-01-12T01:34:26.7546212Z A path returned 202. Retrying...
2024-01-12T01:34:26.7546516Z A path returned 202. Retrying...
2024-01-12T01:34:26.7546813Z A path returned 202. Retrying...
2024-01-12T01:34:26.7547106Z A path returned 202. Retrying...
2024-01-12T01:34:26.7547407Z A path returned 202. Retrying...
2024-01-12T01:34:26.7547708Z A path returned 202. Retrying...
2024-01-12T01:34:26.7548005Z A path returned 202. Retrying...
2024-01-12T01:34:26.7548301Z A path returned 202. Retrying...
2024-01-12T01:34:26.7548595Z A path returned 202. Retrying...
2024-01-12T01:34:26.7548890Z A path returned 202. Retrying...
2024-01-12T01:34:26.7549180Z A path returned 202. Retrying...
2024-01-12T01:34:26.7549478Z A path returned 202. Retrying...
2024-01-12T01:34:26.7549786Z A path returned 202. Retrying...
2024-01-12T01:34:26.7550085Z A path returned 202. Retrying...
2024-01-12T01:34:26.7550384Z A path returned 202. Retrying...
2024-01-12T01:34:26.7550682Z A path returned 202. Retrying...
2024-01-12T01:34:26.7550991Z A path returned 202. Retrying...
2024-01-12T01:34:26.7551291Z A path returned 202. Retrying...
2024-01-12T01:34:26.7551796Z A path returned 202. Retrying...
2024-01-12T01:34:26.7552102Z A path returned 202. Retrying...
2024-01-12T01:34:26.7552405Z A path returned 202. Retrying...
2024-01-12T01:34:26.7552706Z A path returned 202. Retrying...
2024-01-12T01:34:26.7553003Z A path returned 202. Retrying...
2024-01-12T01:34:26.7553299Z A path returned 202. Retrying...
2024-01-12T01:34:26.7553588Z A path returned 202. Retrying...
2024-01-12T01:34:26.7553889Z A path returned 202. Retrying...
2024-01-12T01:34:26.7554188Z A path returned 202. Retrying...
2024-01-12T01:34:26.7554485Z A path returned 202. Retrying...
2024-01-12T01:34:26.7554785Z A path returned 202. Retrying...
2024-01-12T01:34:26.7555087Z A path returned 202. Retrying...
2024-01-12T01:34:26.7555386Z A path returned 202. Retrying...
2024-01-12T01:34:26.7555679Z A path returned 202. Retrying...
2024-01-12T01:34:26.7555977Z A path returned 202. Retrying...
2024-01-12T01:34:26.7556275Z A path returned 202. Retrying...
2024-01-12T01:34:26.7556578Z A path returned 202. Retrying...
2024-01-12T01:34:26.7556874Z A path returned 202. Retrying...
2024-01-12T01:34:26.7557170Z A path returned 202. Retrying...
2024-01-12T01:34:26.7557464Z A path returned 202. Retrying...
2024-01-12T01:34:26.7557757Z A path returned 202. Retrying...
2024-01-12T01:34:26.7558057Z A path returned 202. Retrying...
2024-01-12T01:34:26.7558354Z A path returned 202. Retrying...
2024-01-12T01:34:26.7558650Z A path returned 202. Retrying...
2024-01-12T01:34:26.7558951Z A path returned 202. Retrying...
2024-01-12T01:34:26.7559248Z A path returned 202. Retrying...
2024-01-12T01:34:26.7559539Z A path returned 202. Retrying...
2024-01-12T01:34:26.7559986Z A path returned 202. Retrying...
2024-01-12T01:34:26.7560298Z A path returned 202. Retrying...
2024-01-12T01:34:26.7560596Z A path returned 202. Retrying...
2024-01-12T01:34:26.7560895Z A path returned 202. Retrying...
2024-01-12T01:34:26.7561197Z A path returned 202. Retrying...
2024-01-12T01:34:26.7561496Z A path returned 202. Retrying...
2024-01-12T01:34:26.7561799Z A path returned 202. Retrying...
2024-01-12T01:34:26.7562095Z A path returned 202. Retrying...
2024-01-12T01:34:26.7562392Z A path returned 202. Retrying...
2024-01-12T01:34:26.7562689Z A path returned 202. Retrying...
2024-01-12T01:34:26.7562987Z A path returned 202. Retrying...
2024-01-12T01:34:26.7563282Z A path returned 202. Retrying...
2024-01-12T01:34:26.7563577Z A path returned 202. Retrying...
2024-01-12T01:34:26.7563868Z A path returned 202. Retrying...
2024-01-12T01:34:26.7564166Z A path returned 202. Retrying...
2024-01-12T01:34:26.7564463Z A path returned 202. Retrying...
2024-01-12T01:34:26.7711302Z ##[group]Run git config --global user.name "jstrieb/github-stats"
2024-01-12T01:34:26.7711904Z [36;1mgit config --global user.name "jstrieb/github-stats"[0m
2024-01-12T01:34:26.7712491Z [36;1mgit config --global user.email "github-stats[bot]@jstrieb.github.io"[0m
2024-01-12T01:34:26.7712960Z [36;1mgit add .[0m
2024-01-12T01:34:26.7713346Z [36;1m# Force the build to succeed, even if no files were changed[0m
2024-01-12T01:34:26.7713877Z [36;1mgit commit -m 'Update generated files' || true[0m
2024-01-12T01:34:26.7714263Z [36;1mgit push[0m
2024-01-12T01:34:26.7765597Z shell: /usr/bin/bash -e {0}
2024-01-12T01:34:26.7765884Z env:
2024-01-12T01:34:26.7766191Z   pythonLocation: /opt/hostedtoolcache/Python/3.8.18/x64
2024-01-12T01:34:26.7766745Z   PKG_CONFIG_PATH: /opt/hostedtoolcache/Python/3.8.18/x64/lib/pkgconfig
2024-01-12T01:34:26.7767279Z   Python_ROOT_DIR: /opt/hostedtoolcache/Python/3.8.18/x64
2024-01-12T01:34:26.7767808Z   Python2_ROOT_DIR: /opt/hostedtoolcache/Python/3.8.18/x64
2024-01-12T01:34:26.7768285Z   Python3_ROOT_DIR: /opt/hostedtoolcache/Python/3.8.18/x64
2024-01-12T01:34:26.7768766Z   LD_LIBRARY_PATH: /opt/hostedtoolcache/Python/3.8.18/x64/lib
2024-01-12T01:34:26.7769166Z ##[endgroup]
2024-01-12T01:34:27.2979286Z [master 4045142] Update generated files
2024-01-12T01:34:27.2980364Z  2 files changed, 209 insertions(+), 191 deletions(-)
2024-01-12T01:34:28.0007612Z To https://github.com/seanpm2001/GitHub_Stats_A
2024-01-12T01:34:28.0008834Z    2c3f3b1..4045142  master -> master
2024-01-12T01:34:28.0100116Z Post job cleanup.
2024-01-12T01:34:28.1318357Z Cache hit occurred on the primary key setup-python-Linux-22.04-Ubuntu-python-3.8.18-pip-60f2a6c0212a9b74a155cd81b58dd07fd8b180833132566260d95f4de42fe218, not saving cache.
2024-01-12T01:34:28.1432258Z Post job cleanup.
2024-01-12T01:34:28.2265702Z [command]/usr/bin/git version
2024-01-12T01:34:28.2310717Z git version 2.43.0
2024-01-12T01:34:28.2357540Z Copying '/home/runner/.gitconfig' to '/home/runner/work/_temp/d4222418-43f6-490a-97ca-3460200571f5/.gitconfig'
2024-01-12T01:34:28.2372757Z Temporarily overriding HOME='/home/runner/work/_temp/d4222418-43f6-490a-97ca-3460200571f5' before making global git config changes
2024-01-12T01:34:28.2374114Z Adding repository directory to the temporary git global config as a safe directory
2024-01-12T01:34:28.2378014Z [command]/usr/bin/git config --global --add safe.directory /home/runner/work/GitHub_Stats_A/GitHub_Stats_A
2024-01-12T01:34:28.2421730Z [command]/usr/bin/git config --local --name-only --get-regexp core\.sshCommand
2024-01-12T01:34:28.2460814Z [command]/usr/bin/git submodule foreach --recursive sh -c "git config --local --name-only --get-regexp 'core\.sshCommand' && git config --local --unset-all 'core.sshCommand' || :"
2024-01-12T01:34:28.2738057Z [command]/usr/bin/git config --local --name-only --get-regexp http\.https\:\/\/github\.com\/\.extraheader
2024-01-12T01:34:28.2769291Z http.https://github.com/.extraheader
2024-01-12T01:34:28.2780402Z [command]/usr/bin/git config --local --unset-all http.https://github.com/.extraheader
2024-01-12T01:34:28.2822007Z [command]/usr/bin/git submodule foreach --recursive sh -c "git config --local --name-only --get-regexp 'http\.https\:\/\/github\.com\/\.extraheader' && git config --local --unset-all 'http.https://github.com/.extraheader' || :"
2024-01-12T01:34:28.3308234Z Cleaning up orphan processes
