2023-01-26T01:26:08.7503938Z Requested labels: ubuntu-latest
2023-01-26T01:26:08.7503991Z Job defined at: seanpm2001/GitHub_Stats_A/.github/workflows/main.yml@refs/heads/master
2023-01-26T01:26:08.7504022Z Waiting for a runner to pick up this job...
2023-01-26T01:26:09.3818347Z Job is waiting for a hosted runner to come online.
2023-01-26T01:26:13.2323734Z Job is about to start running on the hosted runner: Hosted Agent (hosted)
2023-01-26T01:26:15.2545704Z Current runner version: '2.301.1'
2023-01-26T01:26:15.2570632Z ##[group]Operating System
2023-01-26T01:26:15.2571081Z Ubuntu
2023-01-26T01:26:15.2571356Z 22.04.1
2023-01-26T01:26:15.2571626Z LTS
2023-01-26T01:26:15.2571971Z ##[endgroup]
2023-01-26T01:26:15.2572231Z ##[group]Runner Image
2023-01-26T01:26:15.2572558Z Image: ubuntu-22.04
2023-01-26T01:26:15.2572874Z Version: 20230122.1
2023-01-26T01:26:15.2573366Z Included Software: https://github.com/actions/runner-images/blob/ubuntu22/20230122.1/images/linux/Ubuntu2204-Readme.md
2023-01-26T01:26:15.2573972Z Image Release: https://github.com/actions/runner-images/releases/tag/ubuntu22%2F20230122.1
2023-01-26T01:26:15.2574391Z ##[endgroup]
2023-01-26T01:26:15.2574723Z ##[group]Runner Image Provisioner
2023-01-26T01:26:15.2575040Z 2.0.98.1
2023-01-26T01:26:15.2575270Z ##[endgroup]
2023-01-26T01:26:15.2575903Z ##[group]GITHUB_TOKEN Permissions
2023-01-26T01:26:15.2576409Z Contents: write
2023-01-26T01:26:15.2576712Z Metadata: read
2023-01-26T01:26:15.2577168Z ##[endgroup]
2023-01-26T01:26:15.2582290Z Secret source: Actions
2023-01-26T01:26:15.2582799Z Prepare workflow directory
2023-01-26T01:26:15.3397135Z Prepare all required actions
2023-01-26T01:26:15.3580685Z Getting action download info
2023-01-26T01:26:15.5590555Z Download action repository 'actions/checkout@v3' (SHA:ac593985615ec2ede58e132d2e21d2b1cbd6127c)
2023-01-26T01:26:15.8749980Z Download action repository 'actions/setup-python@v4' (SHA:d27e3f3d7c64b4bbf8e4abfb9b63b83e846e0435)
2023-01-26T01:26:16.2432996Z Complete job name: build
2023-01-26T01:26:16.3368399Z ##[group]Run actions/checkout@v3
2023-01-26T01:26:16.3368746Z with:
2023-01-26T01:26:16.3369089Z   repository: seanpm2001/GitHub_Stats_A
2023-01-26T01:26:16.3369671Z   token: ***
2023-01-26T01:26:16.3369972Z   ssh-strict: true
2023-01-26T01:26:16.3370304Z   persist-credentials: true
2023-01-26T01:26:16.3370639Z   clean: true
2023-01-26T01:26:16.3370919Z   fetch-depth: 1
2023-01-26T01:26:16.3371200Z   lfs: false
2023-01-26T01:26:16.3371434Z   submodules: false
2023-01-26T01:26:16.3371805Z   set-safe-directory: true
2023-01-26T01:26:16.3372124Z ##[endgroup]
2023-01-26T01:26:16.5967549Z Syncing repository: seanpm2001/GitHub_Stats_A
2023-01-26T01:26:16.5969489Z ##[group]Getting Git version info
2023-01-26T01:26:16.5970121Z Working directory is '/home/runner/work/GitHub_Stats_A/GitHub_Stats_A'
2023-01-26T01:26:16.5970779Z [command]/usr/bin/git version
2023-01-26T01:26:16.6037021Z git version 2.39.1
2023-01-26T01:26:16.6066774Z ##[endgroup]
2023-01-26T01:26:16.6088022Z Temporarily overriding HOME='/home/runner/work/_temp/b192166d-7cbf-4156-bf9a-b6173f706f56' before making global git config changes
2023-01-26T01:26:16.6088596Z Adding repository directory to the temporary git global config as a safe directory
2023-01-26T01:26:16.6089207Z [command]/usr/bin/git config --global --add safe.directory /home/runner/work/GitHub_Stats_A/GitHub_Stats_A
2023-01-26T01:26:16.6132200Z Deleting the contents of '/home/runner/work/GitHub_Stats_A/GitHub_Stats_A'
2023-01-26T01:26:16.6137817Z ##[group]Initializing the repository
2023-01-26T01:26:16.6141642Z [command]/usr/bin/git init /home/runner/work/GitHub_Stats_A/GitHub_Stats_A
2023-01-26T01:26:16.6200597Z hint: Using 'master' as the name for the initial branch. This default branch name
2023-01-26T01:26:16.6201843Z hint: is subject to change. To configure the initial branch name to use in all
2023-01-26T01:26:16.6202390Z hint: of your new repositories, which will suppress this warning, call:
2023-01-26T01:26:16.6202771Z hint: 
2023-01-26T01:26:16.6203413Z hint: 	git config --global init.defaultBranch <name>
2023-01-26T01:26:16.6203890Z hint: 
2023-01-26T01:26:16.6204310Z hint: Names commonly chosen instead of 'master' are 'main', 'trunk' and
2023-01-26T01:26:16.6204843Z hint: 'development'. The just-created branch can be renamed via this command:
2023-01-26T01:26:16.6205198Z hint: 
2023-01-26T01:26:16.6205500Z hint: 	git branch -m <name>
2023-01-26T01:26:16.6211805Z Initialized empty Git repository in /home/runner/work/GitHub_Stats_A/GitHub_Stats_A/.git/
2023-01-26T01:26:16.6227487Z [command]/usr/bin/git remote add origin https://github.com/seanpm2001/GitHub_Stats_A
2023-01-26T01:26:16.6270317Z ##[endgroup]
2023-01-26T01:26:16.6271169Z ##[group]Disabling automatic garbage collection
2023-01-26T01:26:16.6275702Z [command]/usr/bin/git config --local gc.auto 0
2023-01-26T01:26:16.6307417Z ##[endgroup]
2023-01-26T01:26:16.6308148Z ##[group]Setting up auth
2023-01-26T01:26:16.6314910Z [command]/usr/bin/git config --local --name-only --get-regexp core\.sshCommand
2023-01-26T01:26:16.6348075Z [command]/usr/bin/git submodule foreach --recursive sh -c "git config --local --name-only --get-regexp 'core\.sshCommand' && git config --local --unset-all 'core.sshCommand' || :"
2023-01-26T01:26:16.6657112Z [command]/usr/bin/git config --local --name-only --get-regexp http\.https\:\/\/github\.com\/\.extraheader
2023-01-26T01:26:16.6689470Z [command]/usr/bin/git submodule foreach --recursive sh -c "git config --local --name-only --get-regexp 'http\.https\:\/\/github\.com\/\.extraheader' && git config --local --unset-all 'http.https://github.com/.extraheader' || :"
2023-01-26T01:26:16.6907152Z [command]/usr/bin/git config --local http.https://github.com/.extraheader AUTHORIZATION: basic ***
2023-01-26T01:26:16.6946290Z ##[endgroup]
2023-01-26T01:26:16.6947064Z ##[group]Fetching the repository
2023-01-26T01:26:16.6957269Z [command]/usr/bin/git -c protocol.version=2 fetch --no-tags --prune --progress --no-recurse-submodules --depth=1 origin +0f1212ebf9bf1f995c025df08884583d1597c539:refs/remotes/origin/master
2023-01-26T01:26:16.9539516Z remote: Enumerating objects: 3432, done.        
2023-01-26T01:26:16.9591472Z remote: Counting objects:   0% (1/3432)        
2023-01-26T01:26:16.9661308Z remote: Counting objects:   1% (35/3432)        
2023-01-26T01:26:16.9661933Z remote: Counting objects:   2% (69/3432)        
2023-01-26T01:26:16.9662526Z remote: Counting objects:   3% (103/3432)        
2023-01-26T01:26:16.9851448Z remote: Counting objects:   4% (138/3432)        
2023-01-26T01:26:16.9857003Z remote: Counting objects:   5% (172/3432)        
2023-01-26T01:26:16.9857288Z remote: Counting objects:   6% (206/3432)        
2023-01-26T01:26:16.9857548Z remote: Counting objects:   7% (241/3432)        
2023-01-26T01:26:16.9857794Z remote: Counting objects:   8% (275/3432)        
2023-01-26T01:26:16.9858029Z remote: Counting objects:   9% (309/3432)        
2023-01-26T01:26:16.9858269Z remote: Counting objects:  10% (344/3432)        
2023-01-26T01:26:16.9858514Z remote: Counting objects:  11% (378/3432)        
2023-01-26T01:26:16.9858758Z remote: Counting objects:  12% (412/3432)        
2023-01-26T01:26:16.9859001Z remote: Counting objects:  13% (447/3432)        
2023-01-26T01:26:16.9859247Z remote: Counting objects:  14% (481/3432)        
2023-01-26T01:26:16.9859529Z remote: Counting objects:  15% (515/3432)        
2023-01-26T01:26:16.9859769Z remote: Counting objects:  16% (550/3432)        
2023-01-26T01:26:16.9860008Z remote: Counting objects:  17% (584/3432)        
2023-01-26T01:26:16.9860253Z remote: Counting objects:  18% (618/3432)        
2023-01-26T01:26:16.9860487Z remote: Counting objects:  19% (653/3432)        
2023-01-26T01:26:16.9860727Z remote: Counting objects:  20% (687/3432)        
2023-01-26T01:26:16.9860965Z remote: Counting objects:  21% (721/3432)        
2023-01-26T01:26:16.9861201Z remote: Counting objects:  22% (756/3432)        
2023-01-26T01:26:16.9861427Z remote: Counting objects:  23% (790/3432)        
2023-01-26T01:26:16.9861674Z remote: Counting objects:  24% (824/3432)        
2023-01-26T01:26:16.9861913Z remote: Counting objects:  25% (858/3432)        
2023-01-26T01:26:16.9862149Z remote: Counting objects:  26% (893/3432)        
2023-01-26T01:26:16.9862375Z remote: Counting objects:  27% (927/3432)        
2023-01-26T01:26:16.9862628Z remote: Counting objects:  28% (961/3432)        
2023-01-26T01:26:16.9862866Z remote: Counting objects:  29% (996/3432)        
2023-01-26T01:26:16.9863108Z remote: Counting objects:  30% (1030/3432)        
2023-01-26T01:26:16.9863623Z remote: Counting objects:  31% (1064/3432)        
2023-01-26T01:26:16.9863879Z remote: Counting objects:  32% (1099/3432)        
2023-01-26T01:26:16.9864136Z remote: Counting objects:  33% (1133/3432)        
2023-01-26T01:26:16.9864397Z remote: Counting objects:  34% (1167/3432)        
2023-01-26T01:26:16.9864645Z remote: Counting objects:  35% (1202/3432)        
2023-01-26T01:26:16.9864885Z remote: Counting objects:  36% (1236/3432)        
2023-01-26T01:26:16.9865137Z remote: Counting objects:  37% (1270/3432)        
2023-01-26T01:26:16.9865384Z remote: Counting objects:  38% (1305/3432)        
2023-01-26T01:26:16.9865628Z remote: Counting objects:  39% (1339/3432)        
2023-01-26T01:26:16.9865870Z remote: Counting objects:  40% (1373/3432)        
2023-01-26T01:26:16.9866122Z remote: Counting objects:  41% (1408/3432)        
2023-01-26T01:26:16.9866363Z remote: Counting objects:  42% (1442/3432)        
2023-01-26T01:26:16.9866603Z remote: Counting objects:  43% (1476/3432)        
2023-01-26T01:26:16.9866842Z remote: Counting objects:  44% (1511/3432)        
2023-01-26T01:26:16.9867083Z remote: Counting objects:  45% (1545/3432)        
2023-01-26T01:26:16.9867324Z remote: Counting objects:  46% (1579/3432)        
2023-01-26T01:26:16.9867597Z remote: Counting objects:  47% (1614/3432)        
2023-01-26T01:26:16.9867832Z remote: Counting objects:  48% (1648/3432)        
2023-01-26T01:26:16.9868071Z remote: Counting objects:  49% (1682/3432)        
2023-01-26T01:26:16.9868387Z remote: Counting objects:  50% (1716/3432)        
2023-01-26T01:26:16.9868724Z remote: Counting objects:  51% (1751/3432)        
2023-01-26T01:26:16.9869212Z remote: Counting objects:  52% (1785/3432)        
2023-01-26T01:26:16.9869455Z remote: Counting objects:  53% (1819/3432)        
2023-01-26T01:26:16.9869777Z remote: Counting objects:  54% (1854/3432)        
2023-01-26T01:26:16.9870020Z remote: Counting objects:  55% (1888/3432)        
2023-01-26T01:26:16.9870256Z remote: Counting objects:  56% (1922/3432)        
2023-01-26T01:26:16.9870503Z remote: Counting objects:  57% (1957/3432)        
2023-01-26T01:26:16.9870749Z remote: Counting objects:  58% (1991/3432)        
2023-01-26T01:26:16.9870990Z remote: Counting objects:  59% (2025/3432)        
2023-01-26T01:26:16.9871219Z remote: Counting objects:  60% (2060/3432)        
2023-01-26T01:26:16.9871457Z remote: Counting objects:  61% (2094/3432)        
2023-01-26T01:26:16.9871695Z remote: Counting objects:  62% (2128/3432)        
2023-01-26T01:26:16.9871944Z remote: Counting objects:  63% (2163/3432)        
2023-01-26T01:26:16.9872184Z remote: Counting objects:  64% (2197/3432)        
2023-01-26T01:26:16.9872561Z remote: Counting objects:  65% (2231/3432)        
2023-01-26T01:26:16.9872800Z remote: Counting objects:  66% (2266/3432)        
2023-01-26T01:26:16.9873044Z remote: Counting objects:  67% (2300/3432)        
2023-01-26T01:26:16.9873289Z remote: Counting objects:  68% (2334/3432)        
2023-01-26T01:26:16.9873530Z remote: Counting objects:  69% (2369/3432)        
2023-01-26T01:26:16.9873764Z remote: Counting objects:  70% (2403/3432)        
2023-01-26T01:26:16.9874001Z remote: Counting objects:  71% (2437/3432)        
2023-01-26T01:26:16.9874237Z remote: Counting objects:  72% (2472/3432)        
2023-01-26T01:26:16.9874479Z remote: Counting objects:  73% (2506/3432)        
2023-01-26T01:26:16.9874708Z remote: Counting objects:  74% (2540/3432)        
2023-01-26T01:26:16.9874950Z remote: Counting objects:  75% (2574/3432)        
2023-01-26T01:26:16.9875184Z remote: Counting objects:  76% (2609/3432)        
2023-01-26T01:26:16.9875425Z remote: Counting objects:  77% (2643/3432)        
2023-01-26T01:26:16.9875656Z remote: Counting objects:  78% (2677/3432)        
2023-01-26T01:26:16.9875894Z remote: Counting objects:  79% (2712/3432)        
2023-01-26T01:26:16.9876130Z remote: Counting objects:  80% (2746/3432)        
2023-01-26T01:26:16.9876369Z remote: Counting objects:  81% (2780/3432)        
2023-01-26T01:26:16.9876678Z remote: Counting objects:  82% (2815/3432)        
2023-01-26T01:26:16.9876911Z remote: Counting objects:  83% (2849/3432)        
2023-01-26T01:26:16.9877149Z remote: Counting objects:  84% (2883/3432)        
2023-01-26T01:26:16.9877387Z remote: Counting objects:  85% (2918/3432)        
2023-01-26T01:26:16.9877622Z remote: Counting objects:  86% (2952/3432)        
2023-01-26T01:26:16.9877849Z remote: Counting objects:  87% (2986/3432)        
2023-01-26T01:26:16.9878090Z remote: Counting objects:  88% (3021/3432)        
2023-01-26T01:26:16.9878328Z remote: Counting objects:  89% (3055/3432)        
2023-01-26T01:26:16.9878573Z remote: Counting objects:  90% (3089/3432)        
2023-01-26T01:26:16.9878808Z remote: Counting objects:  91% (3124/3432)        
2023-01-26T01:26:16.9879049Z remote: Counting objects:  92% (3158/3432)        
2023-01-26T01:26:16.9879286Z remote: Counting objects:  93% (3192/3432)        
2023-01-26T01:26:16.9879522Z remote: Counting objects:  94% (3227/3432)        
2023-01-26T01:26:16.9879761Z remote: Counting objects:  95% (3261/3432)        
2023-01-26T01:26:16.9880006Z remote: Counting objects:  96% (3295/3432)        
2023-01-26T01:26:16.9880249Z remote: Counting objects:  97% (3330/3432)        
2023-01-26T01:26:16.9880488Z remote: Counting objects:  98% (3364/3432)        
2023-01-26T01:26:16.9880723Z remote: Counting objects:  99% (3398/3432)        
2023-01-26T01:26:16.9880958Z remote: Counting objects: 100% (3432/3432)        
2023-01-26T01:26:16.9881271Z remote: Counting objects: 100% (3432/3432), done.        
2023-01-26T01:26:16.9881562Z remote: Compressing objects:   0% (1/1245)        
2023-01-26T01:26:16.9938425Z remote: Compressing objects:   1% (13/1245)        
2023-01-26T01:26:17.0105782Z remote: Compressing objects:   2% (25/1245)        
2023-01-26T01:26:17.0106101Z remote: Compressing objects:   3% (38/1245)        
2023-01-26T01:26:17.0106370Z remote: Compressing objects:   4% (50/1245)        
2023-01-26T01:26:17.0106637Z remote: Compressing objects:   5% (63/1245)        
2023-01-26T01:26:17.0106903Z remote: Compressing objects:   6% (75/1245)        
2023-01-26T01:26:17.0107175Z remote: Compressing objects:   7% (88/1245)        
2023-01-26T01:26:17.0107462Z remote: Compressing objects:   8% (100/1245)        
2023-01-26T01:26:17.0107747Z remote: Compressing objects:   9% (113/1245)        
2023-01-26T01:26:17.0108013Z remote: Compressing objects:  10% (125/1245)        
2023-01-26T01:26:17.0108285Z remote: Compressing objects:  11% (137/1245)        
2023-01-26T01:26:17.0108562Z remote: Compressing objects:  12% (150/1245)        
2023-01-26T01:26:17.0125568Z remote: Compressing objects:  13% (162/1245)        
2023-01-26T01:26:17.0126171Z remote: Compressing objects:  14% (175/1245)        
2023-01-26T01:26:17.0133292Z remote: Compressing objects:  15% (187/1245)        
2023-01-26T01:26:17.0133701Z remote: Compressing objects:  16% (200/1245)        
2023-01-26T01:26:17.0134404Z remote: Compressing objects:  17% (212/1245)        
2023-01-26T01:26:17.0134894Z remote: Compressing objects:  18% (225/1245)        
2023-01-26T01:26:17.0135808Z remote: Compressing objects:  19% (237/1245)        
2023-01-26T01:26:17.0136692Z remote: Compressing objects:  20% (249/1245)        
2023-01-26T01:26:17.0137197Z remote: Compressing objects:  21% (262/1245)        
2023-01-26T01:26:17.0140809Z remote: Compressing objects:  22% (274/1245)        
2023-01-26T01:26:17.0141340Z remote: Compressing objects:  23% (287/1245)        
2023-01-26T01:26:17.0142169Z remote: Compressing objects:  24% (299/1245)        
2023-01-26T01:26:17.0249855Z remote: Compressing objects:  25% (312/1245)        
2023-01-26T01:26:17.0423794Z remote: Compressing objects:  26% (324/1245)        
2023-01-26T01:26:17.0541297Z remote: Compressing objects:  27% (337/1245)        
2023-01-26T01:26:17.0630490Z remote: Compressing objects:  28% (349/1245)        
2023-01-26T01:26:17.0679727Z remote: Compressing objects:  29% (362/1245)        
2023-01-26T01:26:17.0782893Z remote: Compressing objects:  30% (374/1245)        
2023-01-26T01:26:17.0853113Z remote: Compressing objects:  31% (386/1245)        
2023-01-26T01:26:17.0976849Z remote: Compressing objects:  32% (399/1245)        
2023-01-26T01:26:17.1046065Z remote: Compressing objects:  33% (411/1245)        
2023-01-26T01:26:17.1109450Z remote: Compressing objects:  34% (424/1245)        
2023-01-26T01:26:17.1157533Z remote: Compressing objects:  35% (436/1245)        
2023-01-26T01:26:17.1166355Z remote: Compressing objects:  36% (449/1245)        
2023-01-26T01:26:17.1311618Z remote: Compressing objects:  37% (461/1245)        
2023-01-26T01:26:17.1379097Z remote: Compressing objects:  38% (474/1245)        
2023-01-26T01:26:17.1390973Z remote: Compressing objects:  39% (486/1245)        
2023-01-26T01:26:17.1391356Z remote: Compressing objects:  40% (498/1245)        
2023-01-26T01:26:17.1392277Z remote: Compressing objects:  41% (511/1245)        
2023-01-26T01:26:17.1427813Z remote: Compressing objects:  42% (523/1245)        
2023-01-26T01:26:17.1479161Z remote: Compressing objects:  43% (536/1245)        
2023-01-26T01:26:17.1495788Z remote: Compressing objects:  44% (548/1245)        
2023-01-26T01:26:17.1518033Z remote: Compressing objects:  45% (561/1245)        
2023-01-26T01:26:17.1518570Z remote: Compressing objects:  46% (573/1245)        
2023-01-26T01:26:17.1519447Z remote: Compressing objects:  47% (586/1245)        
2023-01-26T01:26:17.1520193Z remote: Compressing objects:  48% (598/1245)        
2023-01-26T01:26:17.1520680Z remote: Compressing objects:  49% (611/1245)        
2023-01-26T01:26:17.1521059Z remote: Compressing objects:  50% (623/1245)        
2023-01-26T01:26:17.1524611Z remote: Compressing objects:  51% (635/1245)        
2023-01-26T01:26:17.1526259Z remote: Compressing objects:  52% (648/1245)        
2023-01-26T01:26:17.1530430Z remote: Compressing objects:  53% (660/1245)        
2023-01-26T01:26:17.1533438Z remote: Compressing objects:  54% (673/1245)        
2023-01-26T01:26:17.1536619Z remote: Compressing objects:  55% (685/1245)        
2023-01-26T01:26:17.1537122Z remote: Compressing objects:  56% (698/1245)        
2023-01-26T01:26:17.1540569Z remote: Compressing objects:  57% (710/1245)        
2023-01-26T01:26:17.1540964Z remote: Compressing objects:  58% (723/1245)        
2023-01-26T01:26:17.1568907Z remote: Compressing objects:  59% (735/1245)        
2023-01-26T01:26:17.1589535Z remote: Compressing objects:  60% (747/1245)        
2023-01-26T01:26:17.1590244Z remote: Compressing objects:  61% (760/1245)        
2023-01-26T01:26:17.1604756Z remote: Compressing objects:  62% (772/1245)        
2023-01-26T01:26:17.1605360Z remote: Compressing objects:  63% (785/1245)        
2023-01-26T01:26:17.1605883Z remote: Compressing objects:  64% (797/1245)        
2023-01-26T01:26:17.1606415Z remote: Compressing objects:  65% (810/1245)        
2023-01-26T01:26:17.1606990Z remote: Compressing objects:  66% (822/1245)        
2023-01-26T01:26:17.1607427Z remote: Compressing objects:  67% (835/1245)        
2023-01-26T01:26:17.1609053Z remote: Compressing objects:  68% (847/1245)        
2023-01-26T01:26:17.1609615Z remote: Compressing objects:  69% (860/1245)        
2023-01-26T01:26:17.1610166Z remote: Compressing objects:  70% (872/1245)        
2023-01-26T01:26:17.1610907Z remote: Compressing objects:  71% (884/1245)        
2023-01-26T01:26:17.1611362Z remote: Compressing objects:  72% (897/1245)        
2023-01-26T01:26:17.1612037Z remote: Compressing objects:  73% (909/1245)        
2023-01-26T01:26:17.1612520Z remote: Compressing objects:  74% (922/1245)        
2023-01-26T01:26:17.1613191Z remote: Compressing objects:  75% (934/1245)        
2023-01-26T01:26:17.1613654Z remote: Compressing objects:  76% (947/1245)        
2023-01-26T01:26:17.1614302Z remote: Compressing objects:  77% (959/1245)        
2023-01-26T01:26:17.1614767Z remote: Compressing objects:  78% (972/1245)        
2023-01-26T01:26:17.1615436Z remote: Compressing objects:  79% (984/1245)        
2023-01-26T01:26:17.1615894Z remote: Compressing objects:  80% (996/1245)        
2023-01-26T01:26:17.1616851Z remote: Compressing objects:  81% (1009/1245)        
2023-01-26T01:26:17.1617399Z remote: Compressing objects:  82% (1021/1245)        
2023-01-26T01:26:17.1618087Z remote: Compressing objects:  83% (1034/1245)        
2023-01-26T01:26:17.1618571Z remote: Compressing objects:  84% (1046/1245)        
2023-01-26T01:26:17.1619238Z remote: Compressing objects:  85% (1059/1245)        
2023-01-26T01:26:17.1619716Z remote: Compressing objects:  86% (1071/1245)        
2023-01-26T01:26:17.1620378Z remote: Compressing objects:  87% (1084/1245)        
2023-01-26T01:26:17.1620848Z remote: Compressing objects:  88% (1096/1245)        
2023-01-26T01:26:17.1621514Z remote: Compressing objects:  89% (1109/1245)        
2023-01-26T01:26:17.1621994Z remote: Compressing objects:  90% (1121/1245)        
2023-01-26T01:26:17.1622676Z remote: Compressing objects:  91% (1133/1245)        
2023-01-26T01:26:17.1623140Z remote: Compressing objects:  92% (1146/1245)        
2023-01-26T01:26:17.1623800Z remote: Compressing objects:  93% (1158/1245)        
2023-01-26T01:26:17.1624259Z remote: Compressing objects:  94% (1171/1245)        
2023-01-26T01:26:17.1624904Z remote: Compressing objects:  95% (1183/1245)        
2023-01-26T01:26:17.1625418Z remote: Compressing objects:  96% (1196/1245)        
2023-01-26T01:26:17.1626084Z remote: Compressing objects:  97% (1208/1245)        
2023-01-26T01:26:17.1626549Z remote: Compressing objects:  98% (1221/1245)        
2023-01-26T01:26:17.1627295Z remote: Compressing objects:  99% (1233/1245)        
2023-01-26T01:26:17.1627768Z remote: Compressing objects: 100% (1245/1245)        
2023-01-26T01:26:17.1628459Z remote: Compressing objects: 100% (1245/1245), done.        
2023-01-26T01:26:17.1630212Z Receiving objects:   0% (1/3432)
2023-01-26T01:26:17.1825816Z Receiving objects:   1% (35/3432)
2023-01-26T01:26:17.1906803Z Receiving objects:   2% (69/3432)
2023-01-26T01:26:17.1907417Z Receiving objects:   3% (103/3432)
2023-01-26T01:26:17.1934175Z Receiving objects:   4% (138/3432)
2023-01-26T01:26:17.1958746Z Receiving objects:   5% (172/3432)
2023-01-26T01:26:17.2008115Z Receiving objects:   6% (206/3432)
2023-01-26T01:26:17.2061234Z Receiving objects:   7% (241/3432)
2023-01-26T01:26:17.2156562Z Receiving objects:   8% (275/3432)
2023-01-26T01:26:17.2163733Z Receiving objects:   9% (309/3432)
2023-01-26T01:26:17.2171920Z Receiving objects:  10% (344/3432)
2023-01-26T01:26:17.2216228Z Receiving objects:  11% (378/3432)
2023-01-26T01:26:17.2282075Z Receiving objects:  12% (412/3432)
2023-01-26T01:26:17.2287594Z Receiving objects:  13% (447/3432)
2023-01-26T01:26:17.2287984Z Receiving objects:  14% (481/3432)
2023-01-26T01:26:17.2320570Z Receiving objects:  15% (515/3432)
2023-01-26T01:26:17.2320833Z Receiving objects:  16% (550/3432)
2023-01-26T01:26:17.2323941Z Receiving objects:  17% (584/3432)
2023-01-26T01:26:17.2325124Z Receiving objects:  18% (618/3432)
2023-01-26T01:26:17.2325359Z Receiving objects:  19% (653/3432)
2023-01-26T01:26:17.2325952Z Receiving objects:  20% (687/3432)
2023-01-26T01:26:17.2426810Z Receiving objects:  21% (721/3432)
2023-01-26T01:26:17.2441239Z Receiving objects:  22% (756/3432)
2023-01-26T01:26:17.2641935Z Receiving objects:  23% (790/3432)
2023-01-26T01:26:17.2744515Z Receiving objects:  24% (824/3432)
2023-01-26T01:26:17.2820919Z Receiving objects:  25% (858/3432)
2023-01-26T01:26:17.2899784Z Receiving objects:  26% (893/3432)
2023-01-26T01:26:17.2964340Z Receiving objects:  27% (927/3432)
2023-01-26T01:26:17.3027282Z Receiving objects:  28% (961/3432)
2023-01-26T01:26:17.3082680Z Receiving objects:  29% (996/3432)
2023-01-26T01:26:17.3158645Z Receiving objects:  30% (1030/3432)
2023-01-26T01:26:17.3219502Z Receiving objects:  31% (1064/3432)
2023-01-26T01:26:17.3253299Z Receiving objects:  32% (1099/3432)
2023-01-26T01:26:17.3292748Z Receiving objects:  33% (1133/3432)
2023-01-26T01:26:17.3339239Z Receiving objects:  34% (1167/3432)
2023-01-26T01:26:17.3394281Z Receiving objects:  35% (1202/3432)
2023-01-26T01:26:17.3442207Z Receiving objects:  36% (1236/3432)
2023-01-26T01:26:17.3488301Z Receiving objects:  37% (1270/3432)
2023-01-26T01:26:17.3502579Z Receiving objects:  38% (1305/3432)
2023-01-26T01:26:17.3577956Z Receiving objects:  39% (1339/3432)
2023-01-26T01:26:17.3609417Z Receiving objects:  40% (1373/3432)
2023-01-26T01:26:17.3631206Z Receiving objects:  41% (1408/3432)
2023-01-26T01:26:17.3684781Z Receiving objects:  42% (1442/3432)
2023-01-26T01:26:17.3727410Z Receiving objects:  43% (1476/3432)
2023-01-26T01:26:17.3764462Z Receiving objects:  44% (1511/3432)
2023-01-26T01:26:17.3788051Z Receiving objects:  45% (1545/3432)
2023-01-26T01:26:17.3848255Z Receiving objects:  46% (1579/3432)
2023-01-26T01:26:17.3897170Z Receiving objects:  47% (1614/3432)
2023-01-26T01:26:17.3964332Z Receiving objects:  48% (1648/3432)
2023-01-26T01:26:17.4021113Z Receiving objects:  49% (1682/3432)
2023-01-26T01:26:17.4082591Z Receiving objects:  50% (1716/3432)
2023-01-26T01:26:17.4144289Z Receiving objects:  51% (1751/3432)
2023-01-26T01:26:17.4200345Z Receiving objects:  52% (1785/3432)
2023-01-26T01:26:17.4261433Z Receiving objects:  53% (1819/3432)
2023-01-26T01:26:17.4319915Z Receiving objects:  54% (1854/3432)
2023-01-26T01:26:17.4368415Z Receiving objects:  55% (1888/3432)
2023-01-26T01:26:17.4440983Z Receiving objects:  56% (1922/3432)
2023-01-26T01:26:17.4485366Z Receiving objects:  57% (1957/3432)
2023-01-26T01:26:17.4557976Z Receiving objects:  58% (1991/3432)
2023-01-26T01:26:17.4615408Z Receiving objects:  59% (2025/3432)
2023-01-26T01:26:17.4642805Z Receiving objects:  60% (2060/3432)
2023-01-26T01:26:17.4720623Z Receiving objects:  61% (2094/3432)
2023-01-26T01:26:17.4765016Z Receiving objects:  62% (2128/3432)
2023-01-26T01:26:17.4829813Z Receiving objects:  63% (2163/3432)
2023-01-26T01:26:17.4869818Z Receiving objects:  64% (2197/3432)
2023-01-26T01:26:17.4940364Z Receiving objects:  65% (2231/3432)
2023-01-26T01:26:17.4976608Z Receiving objects:  66% (2266/3432)
2023-01-26T01:26:17.5003262Z Receiving objects:  67% (2300/3432)
2023-01-26T01:26:17.5056700Z Receiving objects:  68% (2334/3432)
2023-01-26T01:26:17.5099205Z Receiving objects:  69% (2369/3432)
2023-01-26T01:26:17.5185915Z Receiving objects:  70% (2403/3432)
2023-01-26T01:26:17.5259860Z Receiving objects:  71% (2437/3432)
2023-01-26T01:26:17.5281699Z Receiving objects:  72% (2472/3432)
2023-01-26T01:26:17.5376103Z Receiving objects:  73% (2506/3432)
2023-01-26T01:26:17.5433747Z Receiving objects:  74% (2540/3432)
2023-01-26T01:26:17.5510913Z Receiving objects:  75% (2574/3432)
2023-01-26T01:26:17.5525226Z Receiving objects:  76% (2609/3432)
2023-01-26T01:26:17.5590456Z Receiving objects:  77% (2643/3432)
2023-01-26T01:26:17.5612476Z Receiving objects:  78% (2677/3432)
2023-01-26T01:26:17.5630880Z Receiving objects:  79% (2712/3432)
2023-01-26T01:26:17.5641457Z Receiving objects:  80% (2746/3432)
2023-01-26T01:26:17.5664256Z Receiving objects:  81% (2780/3432)
2023-01-26T01:26:17.5679965Z Receiving objects:  82% (2815/3432)
2023-01-26T01:26:17.5699823Z Receiving objects:  83% (2849/3432)
2023-01-26T01:26:17.5716677Z Receiving objects:  84% (2883/3432)
2023-01-26T01:26:17.5730798Z Receiving objects:  85% (2918/3432)
2023-01-26T01:26:17.5752412Z Receiving objects:  86% (2952/3432)
2023-01-26T01:26:17.5793648Z Receiving objects:  87% (2986/3432)
2023-01-26T01:26:17.5793968Z Receiving objects:  88% (3021/3432)
2023-01-26T01:26:17.5797811Z Receiving objects:  89% (3055/3432)
2023-01-26T01:26:17.5804441Z Receiving objects:  90% (3089/3432)
2023-01-26T01:26:17.5807774Z Receiving objects:  91% (3124/3432)
2023-01-26T01:26:17.5811322Z Receiving objects:  92% (3158/3432)
2023-01-26T01:26:17.5815667Z Receiving objects:  93% (3192/3432)
2023-01-26T01:26:17.5840983Z Receiving objects:  94% (3227/3432)
2023-01-26T01:26:17.5843888Z Receiving objects:  95% (3261/3432)
2023-01-26T01:26:17.5849838Z Receiving objects:  96% (3295/3432)
2023-01-26T01:26:17.5890869Z Receiving objects:  97% (3330/3432)
2023-01-26T01:26:17.5939540Z Receiving objects:  98% (3364/3432)
2023-01-26T01:26:17.6032006Z Receiving objects:  99% (3398/3432)
2023-01-26T01:26:17.6032841Z remote: Total 3432 (delta 1893), reused 3240 (delta 1822), pack-reused 0        
2023-01-26T01:26:17.6044802Z Receiving objects: 100% (3432/3432)
2023-01-26T01:26:17.6045364Z Receiving objects: 100% (3432/3432), 12.23 MiB | 27.65 MiB/s, done.
2023-01-26T01:26:17.6082599Z Resolving deltas:   0% (0/1893)
2023-01-26T01:26:17.6158194Z Resolving deltas:   1% (19/1893)
2023-01-26T01:26:17.6278186Z Resolving deltas:   2% (38/1893)
2023-01-26T01:26:17.6373857Z Resolving deltas:   3% (57/1893)
2023-01-26T01:26:17.6472849Z Resolving deltas:   4% (76/1893)
2023-01-26T01:26:17.6587616Z Resolving deltas:   5% (95/1893)
2023-01-26T01:26:17.6600263Z Resolving deltas:   6% (114/1893)
2023-01-26T01:26:17.6604763Z Resolving deltas:   7% (133/1893)
2023-01-26T01:26:17.6651187Z Resolving deltas:   8% (152/1893)
2023-01-26T01:26:17.6655208Z Resolving deltas:   9% (171/1893)
2023-01-26T01:26:17.6659126Z Resolving deltas:  10% (190/1893)
2023-01-26T01:26:17.6663305Z Resolving deltas:  11% (209/1893)
2023-01-26T01:26:17.6670720Z Resolving deltas:  12% (228/1893)
2023-01-26T01:26:17.6674450Z Resolving deltas:  13% (247/1893)
2023-01-26T01:26:17.6674895Z Resolving deltas:  14% (266/1893)
2023-01-26T01:26:17.6677961Z Resolving deltas:  15% (284/1893)
2023-01-26T01:26:17.6678361Z Resolving deltas:  16% (303/1893)
2023-01-26T01:26:17.6781624Z Resolving deltas:  17% (322/1893)
2023-01-26T01:26:17.6929961Z Resolving deltas:  18% (341/1893)
2023-01-26T01:26:17.7062952Z Resolving deltas:  19% (360/1893)
2023-01-26T01:26:17.7212950Z Resolving deltas:  20% (379/1893)
2023-01-26T01:26:17.7314307Z Resolving deltas:  21% (398/1893)
2023-01-26T01:26:17.7372806Z Resolving deltas:  22% (417/1893)
2023-01-26T01:26:17.7499258Z Resolving deltas:  23% (436/1893)
2023-01-26T01:26:17.7581751Z Resolving deltas:  24% (455/1893)
2023-01-26T01:26:17.7593921Z Resolving deltas:  25% (474/1893)
2023-01-26T01:26:17.7650432Z Resolving deltas:  26% (493/1893)
2023-01-26T01:26:17.7817685Z Resolving deltas:  27% (512/1893)
2023-01-26T01:26:17.7930567Z Resolving deltas:  28% (531/1893)
2023-01-26T01:26:17.8042536Z Resolving deltas:  29% (549/1893)
2023-01-26T01:26:17.8143368Z Resolving deltas:  30% (568/1893)
2023-01-26T01:26:17.8282291Z Resolving deltas:  31% (587/1893)
2023-01-26T01:26:17.8551828Z Resolving deltas:  32% (606/1893)
2023-01-26T01:26:17.8697474Z Resolving deltas:  33% (625/1893)
2023-01-26T01:26:17.8731030Z Resolving deltas:  34% (644/1893)
2023-01-26T01:26:17.8791354Z Resolving deltas:  35% (663/1893)
2023-01-26T01:26:17.8807689Z Resolving deltas:  36% (682/1893)
2023-01-26T01:26:17.8958298Z Resolving deltas:  37% (701/1893)
2023-01-26T01:26:17.9166582Z Resolving deltas:  38% (720/1893)
2023-01-26T01:26:17.9242571Z Resolving deltas:  39% (739/1893)
2023-01-26T01:26:17.9254925Z Resolving deltas:  40% (758/1893)
2023-01-26T01:26:17.9258750Z Resolving deltas:  41% (777/1893)
2023-01-26T01:26:17.9262629Z Resolving deltas:  42% (796/1893)
2023-01-26T01:26:17.9274736Z Resolving deltas:  43% (814/1893)
2023-01-26T01:26:17.9283779Z Resolving deltas:  44% (833/1893)
2023-01-26T01:26:17.9292505Z Resolving deltas:  45% (852/1893)
2023-01-26T01:26:17.9294094Z Resolving deltas:  46% (871/1893)
2023-01-26T01:26:17.9295343Z Resolving deltas:  47% (890/1893)
2023-01-26T01:26:17.9296532Z Resolving deltas:  48% (909/1893)
2023-01-26T01:26:17.9299714Z Resolving deltas:  49% (928/1893)
2023-01-26T01:26:17.9308183Z Resolving deltas:  50% (947/1893)
2023-01-26T01:26:17.9312868Z Resolving deltas:  51% (966/1893)
2023-01-26T01:26:17.9316838Z Resolving deltas:  52% (985/1893)
2023-01-26T01:26:17.9320684Z Resolving deltas:  53% (1004/1893)
2023-01-26T01:26:17.9335130Z Resolving deltas:  54% (1023/1893)
2023-01-26T01:26:17.9343725Z Resolving deltas:  55% (1042/1893)
2023-01-26T01:26:17.9345137Z Resolving deltas:  56% (1061/1893)
2023-01-26T01:26:17.9350799Z Resolving deltas:  57% (1080/1893)
2023-01-26T01:26:17.9358507Z Resolving deltas:  58% (1099/1893)
2023-01-26T01:26:17.9371732Z Resolving deltas:  59% (1117/1893)
2023-01-26T01:26:17.9404829Z Resolving deltas:  60% (1136/1893)
2023-01-26T01:26:17.9405544Z Resolving deltas:  61% (1155/1893)
2023-01-26T01:26:17.9407944Z Resolving deltas:  62% (1174/1893)
2023-01-26T01:26:17.9408769Z Resolving deltas:  63% (1193/1893)
2023-01-26T01:26:17.9409173Z Resolving deltas:  64% (1212/1893)
2023-01-26T01:26:17.9409949Z Resolving deltas:  65% (1231/1893)
2023-01-26T01:26:17.9413177Z Resolving deltas:  66% (1250/1893)
2023-01-26T01:26:17.9435286Z Resolving deltas:  67% (1269/1893)
2023-01-26T01:26:17.9445184Z Resolving deltas:  68% (1288/1893)
2023-01-26T01:26:17.9474276Z Resolving deltas:  69% (1307/1893)
2023-01-26T01:26:17.9491519Z Resolving deltas:  70% (1326/1893)
2023-01-26T01:26:17.9512199Z Resolving deltas:  71% (1345/1893)
2023-01-26T01:26:17.9527306Z Resolving deltas:  72% (1363/1893)
2023-01-26T01:26:17.9532918Z Resolving deltas:  73% (1382/1893)
2023-01-26T01:26:17.9535866Z Resolving deltas:  74% (1401/1893)
2023-01-26T01:26:17.9537371Z Resolving deltas:  75% (1420/1893)
2023-01-26T01:26:17.9538863Z Resolving deltas:  76% (1439/1893)
2023-01-26T01:26:17.9557334Z Resolving deltas:  77% (1458/1893)
2023-01-26T01:26:17.9585248Z Resolving deltas:  78% (1477/1893)
2023-01-26T01:26:17.9617814Z Resolving deltas:  79% (1496/1893)
2023-01-26T01:26:17.9640289Z Resolving deltas:  80% (1515/1893)
2023-01-26T01:26:17.9669168Z Resolving deltas:  81% (1534/1893)
2023-01-26T01:26:17.9678593Z Resolving deltas:  82% (1553/1893)
2023-01-26T01:26:17.9712024Z Resolving deltas:  83% (1572/1893)
2023-01-26T01:26:17.9743309Z Resolving deltas:  84% (1591/1893)
2023-01-26T01:26:17.9762851Z Resolving deltas:  85% (1610/1893)
2023-01-26T01:26:17.9796890Z Resolving deltas:  86% (1628/1893)
2023-01-26T01:26:17.9859461Z Resolving deltas:  87% (1647/1893)
2023-01-26T01:26:17.9907991Z Resolving deltas:  88% (1666/1893)
2023-01-26T01:26:17.9942761Z Resolving deltas:  89% (1685/1893)
2023-01-26T01:26:17.9961089Z Resolving deltas:  90% (1704/1893)
2023-01-26T01:26:17.9991442Z Resolving deltas:  91% (1723/1893)
2023-01-26T01:26:18.0040335Z Resolving deltas:  92% (1742/1893)
2023-01-26T01:26:18.0070077Z Resolving deltas:  93% (1761/1893)
2023-01-26T01:26:18.0120137Z Resolving deltas:  94% (1780/1893)
2023-01-26T01:26:18.0201660Z Resolving deltas:  95% (1799/1893)
2023-01-26T01:26:18.0245850Z Resolving deltas:  96% (1818/1893)
2023-01-26T01:26:18.0279121Z Resolving deltas:  97% (1837/1893)
2023-01-26T01:26:18.0301133Z Resolving deltas:  98% (1856/1893)
2023-01-26T01:26:18.0352520Z Resolving deltas:  99% (1875/1893)
2023-01-26T01:26:18.0366819Z Resolving deltas: 100% (1893/1893)
2023-01-26T01:26:18.0367557Z Resolving deltas: 100% (1893/1893), done.
2023-01-26T01:26:18.0607932Z From https://github.com/seanpm2001/GitHub_Stats_A
2023-01-26T01:26:18.0608853Z  * [new ref]         0f1212ebf9bf1f995c025df08884583d1597c539 -> origin/master
2023-01-26T01:26:18.0631922Z ##[endgroup]
2023-01-26T01:26:18.0632502Z ##[group]Determining the checkout info
2023-01-26T01:26:18.0633846Z ##[endgroup]
2023-01-26T01:26:18.0634422Z ##[group]Checking out the ref
2023-01-26T01:26:18.0638848Z [command]/usr/bin/git checkout --progress --force -B master refs/remotes/origin/master
2023-01-26T01:26:18.5105321Z Reset branch 'master'
2023-01-26T01:26:18.5110037Z branch 'master' set up to track 'origin/master'.
2023-01-26T01:26:18.5138315Z ##[endgroup]
2023-01-26T01:26:18.5180681Z [command]/usr/bin/git log -1 --format='%H'
2023-01-26T01:26:18.5210627Z '0f1212ebf9bf1f995c025df08884583d1597c539'
2023-01-26T01:26:18.5568613Z ##[group]Run actions/setup-python@v4
2023-01-26T01:26:18.5568846Z with:
2023-01-26T01:26:18.5569029Z   python-version: 3.8
2023-01-26T01:26:18.5569242Z   architecture: x64
2023-01-26T01:26:18.5569440Z   cache: pip
2023-01-26T01:26:18.5569635Z   check-latest: false
2023-01-26T01:26:18.5570069Z   token: ***
2023-01-26T01:26:18.5570280Z   update-environment: true
2023-01-26T01:26:18.5570490Z ##[endgroup]
2023-01-26T01:26:18.7274501Z ##[group]Installed versions
2023-01-26T01:26:18.7407976Z Successfully set up CPython (3.8.16)
2023-01-26T01:26:18.7411859Z ##[endgroup]
2023-01-26T01:26:19.1838638Z [command]/opt/hostedtoolcache/Python/3.8.16/x64/bin/pip cache dir
2023-01-26T01:26:19.5588601Z /home/runner/.cache/pip
2023-01-26T01:26:19.7626079Z pip cache is not found
2023-01-26T01:26:19.7771754Z ##[group]Run python3 -m pip install --upgrade pip setuptools wheel
2023-01-26T01:26:19.7772192Z [36;1mpython3 -m pip install --upgrade pip setuptools wheel[0m
2023-01-26T01:26:19.7772515Z [36;1mpython3 -m pip install -r requirements.txt[0m
2023-01-26T01:26:19.7831018Z shell: /usr/bin/bash -e {0}
2023-01-26T01:26:19.7831235Z env:
2023-01-26T01:26:19.7831496Z   pythonLocation: /opt/hostedtoolcache/Python/3.8.16/x64
2023-01-26T01:26:19.7831843Z   PKG_CONFIG_PATH: /opt/hostedtoolcache/Python/3.8.16/x64/lib/pkgconfig
2023-01-26T01:26:19.7832169Z   Python_ROOT_DIR: /opt/hostedtoolcache/Python/3.8.16/x64
2023-01-26T01:26:19.7832477Z   Python2_ROOT_DIR: /opt/hostedtoolcache/Python/3.8.16/x64
2023-01-26T01:26:19.7832764Z   Python3_ROOT_DIR: /opt/hostedtoolcache/Python/3.8.16/x64
2023-01-26T01:26:19.7833074Z   LD_LIBRARY_PATH: /opt/hostedtoolcache/Python/3.8.16/x64/lib
2023-01-26T01:26:19.7833326Z ##[endgroup]
2023-01-26T01:26:20.3650014Z Requirement already satisfied: pip in /opt/hostedtoolcache/Python/3.8.16/x64/lib/python3.8/site-packages (22.3.1)
2023-01-26T01:26:20.5525635Z Requirement already satisfied: setuptools in /opt/hostedtoolcache/Python/3.8.16/x64/lib/python3.8/site-packages (56.0.0)
2023-01-26T01:26:20.8585289Z Collecting setuptools
2023-01-26T01:26:20.9703959Z   Downloading setuptools-66.1.1-py3-none-any.whl (1.3 MB)
2023-01-26T01:26:21.1001200Z      â”â”â”â”â”â”â”â”â”â”â”â”â”â”â”â”â”â”â”â”â”â”â”â”â”â”â”â”â”â”â”â”â”â”â”â”â”â”â”â” 1.3/1.3 MB 9.9 MB/s eta 0:00:00
2023-01-26T01:26:21.1549368Z Collecting wheel
2023-01-26T01:26:21.1630764Z   Downloading wheel-0.38.4-py3-none-any.whl (36 kB)
2023-01-26T01:26:21.2827383Z Installing collected packages: wheel, setuptools
2023-01-26T01:26:21.3113229Z   Attempting uninstall: setuptools
2023-01-26T01:26:21.3121532Z     Found existing installation: setuptools 56.0.0
2023-01-26T01:26:21.3630221Z     Uninstalling setuptools-56.0.0:
2023-01-26T01:26:21.3737795Z       Successfully uninstalled setuptools-56.0.0
2023-01-26T01:26:21.9166463Z Successfully installed setuptools-66.1.1 wheel-0.38.4
2023-01-26T01:26:22.8789269Z Collecting requests
2023-01-26T01:26:22.9826387Z   Downloading requests-2.28.2-py3-none-any.whl (62 kB)
2023-01-26T01:26:23.0114768Z      â”â”â”â”â”â”â”â”â”â”â”â”â”â”â”â”â”â”â”â”â”â”â”â”â”â”â”â”â”â”â”â”â”â”â”â”â”â”â”â” 62.8/62.8 kB 2.1 MB/s eta 0:00:00
2023-01-26T01:26:23.4837468Z Collecting aiohttp
2023-01-26T01:26:23.5076809Z   Downloading aiohttp-3.8.3-cp38-cp38-manylinux_2_17_x86_64.manylinux2014_x86_64.whl (1.0 MB)
2023-01-26T01:26:23.5884151Z      â”â”â”â”â”â”â”â”â”â”â”â”â”â”â”â”â”â”â”â”â”â”â”â”â”â”â”â”â”â”â”â”â”â”â”â”â”â”â”â” 1.0/1.0 MB 13.2 MB/s eta 0:00:00
2023-01-26T01:26:23.6262247Z Collecting idna<4,>=2.5
2023-01-26T01:26:23.6346948Z   Downloading idna-3.4-py3-none-any.whl (61 kB)
2023-01-26T01:26:23.6396360Z      â”â”â”â”â”â”â”â”â”â”â”â”â”â”â”â”â”â”â”â”â”â”â”â”â”â”â”â”â”â”â”â”â”â”â”â”â”â”â”â” 61.5/61.5 kB 22.5 MB/s eta 0:00:00
2023-01-26T01:26:23.6746913Z Collecting certifi>=2017.4.17
2023-01-26T01:26:23.6829980Z   Downloading certifi-2022.12.7-py3-none-any.whl (155 kB)
2023-01-26T01:26:23.6944447Z      â”â”â”â”â”â”â”â”â”â”â”â”â”â”â”â”â”â”â”â”â”â”â”â”â”â”â”â”â”â”â”â”â”â”â”â”â”â” 155.3/155.3 kB 17.1 MB/s eta 0:00:00
2023-01-26T01:26:23.7536459Z Collecting urllib3<1.27,>=1.21.1
2023-01-26T01:26:23.7620818Z   Downloading urllib3-1.26.14-py2.py3-none-any.whl (140 kB)
2023-01-26T01:26:23.7721121Z      â”â”â”â”â”â”â”â”â”â”â”â”â”â”â”â”â”â”â”â”â”â”â”â”â”â”â”â”â”â”â”â”â”â”â”â”â”â” 140.6/140.6 kB 18.2 MB/s eta 0:00:00
2023-01-26T01:26:23.8761877Z Collecting charset-normalizer<4,>=2
2023-01-26T01:26:23.9062945Z   Downloading charset_normalizer-3.0.1-cp38-cp38-manylinux_2_17_x86_64.manylinux2014_x86_64.whl (195 kB)
2023-01-26T01:26:23.9184678Z      â”â”â”â”â”â”â”â”â”â”â”â”â”â”â”â”â”â”â”â”â”â”â”â”â”â”â”â”â”â”â”â”â”â”â”â”â”â” 195.4/195.4 kB 20.5 MB/s eta 0:00:00
2023-01-26T01:26:24.3647794Z Collecting multidict<7.0,>=4.5
2023-01-26T01:26:24.3729292Z   Downloading multidict-6.0.4-cp38-cp38-manylinux_2_17_x86_64.manylinux2014_x86_64.whl (121 kB)
2023-01-26T01:26:24.3815124Z      â”â”â”â”â”â”â”â”â”â”â”â”â”â”â”â”â”â”â”â”â”â”â”â”â”â”â”â”â”â”â”â”â”â”â”â”â”â” 121.3/121.3 kB 19.2 MB/s eta 0:00:00
2023-01-26T01:26:24.4176737Z Collecting attrs>=17.3.0
2023-01-26T01:26:24.4259823Z   Downloading attrs-22.2.0-py3-none-any.whl (60 kB)
2023-01-26T01:26:24.4305144Z      â”â”â”â”â”â”â”â”â”â”â”â”â”â”â”â”â”â”â”â”â”â”â”â”â”â”â”â”â”â”â”â”â”â”â”â”â”â”â”â” 60.0/60.0 kB 23.7 MB/s eta 0:00:00
2023-01-26T01:26:24.4519975Z Collecting aiosignal>=1.1.2
2023-01-26T01:26:24.4599988Z   Downloading aiosignal-1.3.1-py3-none-any.whl (7.6 kB)
2023-01-26T01:26:24.4919452Z Collecting async-timeout<5.0,>=4.0.0a3
2023-01-26T01:26:24.5001449Z   Downloading async_timeout-4.0.2-py3-none-any.whl (5.8 kB)
2023-01-26T01:26:24.5140270Z Collecting charset-normalizer<4,>=2
2023-01-26T01:26:24.5226548Z   Downloading charset_normalizer-2.1.1-py3-none-any.whl (39 kB)
2023-01-26T01:26:24.7652951Z Collecting yarl<2.0,>=1.0
2023-01-26T01:26:24.7763579Z   Downloading yarl-1.8.2-cp38-cp38-manylinux_2_17_x86_64.manylinux2014_x86_64.whl (262 kB)
2023-01-26T01:26:24.7894673Z      â”â”â”â”â”â”â”â”â”â”â”â”â”â”â”â”â”â”â”â”â”â”â”â”â”â”â”â”â”â”â”â”â”â”â”â”â”â” 262.1/262.1 kB 24.5 MB/s eta 0:00:00
2023-01-26T01:26:24.8949752Z Collecting frozenlist>=1.1.1
2023-01-26T01:26:24.9049254Z   Downloading frozenlist-1.3.3-cp38-cp38-manylinux_2_5_x86_64.manylinux1_x86_64.manylinux_2_17_x86_64.manylinux2014_x86_64.whl (161 kB)
2023-01-26T01:26:24.9150324Z      â”â”â”â”â”â”â”â”â”â”â”â”â”â”â”â”â”â”â”â”â”â”â”â”â”â”â”â”â”â”â”â”â”â”â”â”â”â” 161.3/161.3 kB 20.6 MB/s eta 0:00:00
2023-01-26T01:26:25.1343126Z Installing collected packages: urllib3, multidict, idna, frozenlist, charset-normalizer, certifi, attrs, async-timeout, yarl, requests, aiosignal, aiohttp
2023-01-26T01:26:25.5970389Z Successfully installed aiohttp-3.8.3 aiosignal-1.3.1 async-timeout-4.0.2 attrs-22.2.0 certifi-2022.12.7 charset-normalizer-2.1.1 frozenlist-1.3.3 idna-3.4 multidict-6.0.4 requests-2.28.2 urllib3-1.26.14 yarl-1.8.2
2023-01-26T01:26:25.7652509Z ##[group]Run python3 --version
2023-01-26T01:26:25.7652779Z [36;1mpython3 --version[0m
2023-01-26T01:26:25.7653013Z [36;1mpython3 generate_images.py[0m
2023-01-26T01:26:25.7705434Z shell: /usr/bin/bash -e {0}
2023-01-26T01:26:25.7705657Z env:
2023-01-26T01:26:25.7705919Z   pythonLocation: /opt/hostedtoolcache/Python/3.8.16/x64
2023-01-26T01:26:25.7706258Z   PKG_CONFIG_PATH: /opt/hostedtoolcache/Python/3.8.16/x64/lib/pkgconfig
2023-01-26T01:26:25.7706590Z   Python_ROOT_DIR: /opt/hostedtoolcache/Python/3.8.16/x64
2023-01-26T01:26:25.7706899Z   Python2_ROOT_DIR: /opt/hostedtoolcache/Python/3.8.16/x64
2023-01-26T01:26:25.7707204Z   Python3_ROOT_DIR: /opt/hostedtoolcache/Python/3.8.16/x64
2023-01-26T01:26:25.7707505Z   LD_LIBRARY_PATH: /opt/hostedtoolcache/Python/3.8.16/x64/lib
2023-01-26T01:26:25.7708011Z   ACCESS_TOKEN: ***
2023-01-26T01:26:25.7708332Z   GITHUB_TOKEN: ***
2023-01-26T01:26:25.7708535Z   EXCLUDED: 
2023-01-26T01:26:25.7708729Z   EXCLUDED_LANGS: 
2023-01-26T01:26:25.7708966Z   EXCLUDE_FORKED_REPOS: true
2023-01-26T01:26:25.7709178Z ##[endgroup]
2023-01-26T01:26:25.7794318Z Python 3.8.16
2023-01-26T01:26:57.3771816Z unhandled exception during asyncio.run() shutdown
2023-01-26T01:26:57.3772657Z task: <Task finished name='Task-3' coro=<generate_overview() done, defined at generate_images.py:30> exception=AttributeError("'NoneType' object has no attribute 'get'")>
2023-01-26T01:26:57.3773073Z Traceback (most recent call last):
2023-01-26T01:26:57.3781423Z   File "/opt/hostedtoolcache/Python/3.8.16/x64/lib/python3.8/asyncio/runners.py", line 44, in run
2023-01-26T01:26:57.3781814Z     return loop.run_until_complete(main)
2023-01-26T01:26:57.3782237Z   File "/opt/hostedtoolcache/Python/3.8.16/x64/lib/python3.8/asyncio/base_events.py", line 616, in run_until_complete
2023-01-26T01:26:57.3782573Z     return future.result()
2023-01-26T01:26:57.3782855Z   File "generate_images.py", line 132, in main
2023-01-26T01:26:57.3783181Z     await asyncio.gather(generate_languages(s), generate_overview(s))
2023-01-26T01:26:57.3783536Z   File "generate_images.py", line 63, in generate_languages
2023-01-26T01:26:57.3783867Z     (await s.languages).items(), reverse=True, key=lambda t: t[1].get("size")
2023-01-26T01:26:57.3784526Z   File "/home/runner/work/GitHub_Stats_A/GitHub_Stats_A/github_stats.py", line 423, in languages
2023-01-26T01:26:57.3784835Z     await self.get_stats()
2023-01-26T01:26:57.3785173Z   File "/home/runner/work/GitHub_Stats_A/GitHub_Stats_A/github_stats.py", line 319, in get_stats
2023-01-26T01:26:57.3785525Z     self._name = raw_results.get("data", {}).get("viewer", {}).get("name", None)
2023-01-26T01:26:57.3785980Z AttributeError: 'NoneType' object has no attribute 'get'
2023-01-26T01:26:57.3786164Z 
2023-01-26T01:26:57.3786331Z During handling of the above exception, another exception occurred:
2023-01-26T01:26:57.3786528Z 
2023-01-26T01:26:57.3786634Z Traceback (most recent call last):
2023-01-26T01:26:57.3786948Z   File "generate_images.py", line 38, in generate_overview
2023-01-26T01:26:57.3787254Z     output = re.sub("{{ name }}", await s.name, output)
2023-01-26T01:26:57.3787612Z   File "/home/runner/work/GitHub_Stats_A/GitHub_Stats_A/github_stats.py", line 390, in name
2023-01-26T01:26:57.3787912Z     await self.get_stats()
2023-01-26T01:26:57.3788270Z   File "/home/runner/work/GitHub_Stats_A/GitHub_Stats_A/github_stats.py", line 319, in get_stats
2023-01-26T01:26:57.3788637Z     self._name = raw_results.get("data", {}).get("viewer", {}).get("name", None)
2023-01-26T01:26:57.3789426Z AttributeError: 'NoneType' object has no attribute 'get'
2023-01-26T01:26:57.3789734Z Traceback (most recent call last):
2023-01-26T01:26:57.3790031Z   File "generate_images.py", line 136, in <module>
2023-01-26T01:26:57.3790368Z     asyncio.run(main())
2023-01-26T01:26:57.3790716Z   File "/opt/hostedtoolcache/Python/3.8.16/x64/lib/python3.8/asyncio/runners.py", line 44, in run
2023-01-26T01:26:57.3791048Z     return loop.run_until_complete(main)
2023-01-26T01:26:57.3791593Z   File "/opt/hostedtoolcache/Python/3.8.16/x64/lib/python3.8/asyncio/base_events.py", line 616, in run_until_complete
2023-01-26T01:26:57.3791923Z     return future.result()
2023-01-26T01:26:57.3792207Z   File "generate_images.py", line 132, in main
2023-01-26T01:26:57.3792527Z     await asyncio.gather(generate_languages(s), generate_overview(s))
2023-01-26T01:26:57.3792911Z   File "generate_images.py", line 63, in generate_languages
2023-01-26T01:26:57.3793247Z     (await s.languages).items(), reverse=True, key=lambda t: t[1].get("size")
2023-01-26T01:26:57.3793636Z   File "/home/runner/work/GitHub_Stats_A/GitHub_Stats_A/github_stats.py", line 423, in languages
2023-01-26T01:26:57.3793930Z     await self.get_stats()
2023-01-26T01:26:57.3794268Z   File "/home/runner/work/GitHub_Stats_A/GitHub_Stats_A/github_stats.py", line 319, in get_stats
2023-01-26T01:26:57.3794626Z     self._name = raw_results.get("data", {}).get("viewer", {}).get("name", None)
2023-01-26T01:26:57.3795017Z AttributeError: 'NoneType' object has no attribute 'get'
2023-01-26T01:26:57.3795307Z aiohttp failed for GraphQL query
2023-01-26T01:26:57.3795534Z aiohttp failed for GraphQL query
2023-01-26T01:26:57.4036545Z ##[error]Process completed with exit code 1.
2023-01-26T01:26:57.4092406Z Post job cleanup.
2023-01-26T01:26:57.5384490Z [command]/usr/bin/git version
2023-01-26T01:26:57.5431481Z git version 2.39.1
2023-01-26T01:26:57.5491066Z Temporarily overriding HOME='/home/runner/work/_temp/1792b08a-3423-437d-9386-96e112aa58a8' before making global git config changes
2023-01-26T01:26:57.5493199Z Adding repository directory to the temporary git global config as a safe directory
2023-01-26T01:26:57.5499618Z [command]/usr/bin/git config --global --add safe.directory /home/runner/work/GitHub_Stats_A/GitHub_Stats_A
2023-01-26T01:26:57.5542255Z [command]/usr/bin/git config --local --name-only --get-regexp core\.sshCommand
2023-01-26T01:26:57.5582480Z [command]/usr/bin/git submodule foreach --recursive sh -c "git config --local --name-only --get-regexp 'core\.sshCommand' && git config --local --unset-all 'core.sshCommand' || :"
2023-01-26T01:26:57.5833002Z [command]/usr/bin/git config --local --name-only --get-regexp http\.https\:\/\/github\.com\/\.extraheader
2023-01-26T01:26:57.5861863Z http.https://github.com/.extraheader
2023-01-26T01:26:57.5882055Z [command]/usr/bin/git config --local --unset-all http.https://github.com/.extraheader
2023-01-26T01:26:57.5926914Z [command]/usr/bin/git submodule foreach --recursive sh -c "git config --local --name-only --get-regexp 'http\.https\:\/\/github\.com\/\.extraheader' && git config --local --unset-all 'http.https://github.com/.extraheader' || :"
2023-01-26T01:26:57.6388126Z Cleaning up orphan processes
