2023-07-08T02:00:26.8071383Z Requested labels: ubuntu-latest
2023-07-08T02:00:26.8071678Z Job defined at: seanpm2001/GitHub_Stats_A/.github/workflows/main.yml@refs/heads/master
2023-07-08T02:00:26.8071796Z Waiting for a runner to pick up this job...
2023-07-08T02:00:27.4527653Z Job is waiting for a hosted runner to come online.
2023-07-08T02:00:29.9213064Z Job is about to start running on the hosted runner: GitHub Actions 2 (hosted)
2023-07-08T02:00:32.1939670Z Current runner version: '2.305.0'
2023-07-08T02:00:32.1966663Z ##[group]Operating System
2023-07-08T02:00:32.1967121Z Ubuntu
2023-07-08T02:00:32.1967403Z 22.04.2
2023-07-08T02:00:32.1967685Z LTS
2023-07-08T02:00:32.1967932Z ##[endgroup]
2023-07-08T02:00:32.1968333Z ##[group]Runner Image
2023-07-08T02:00:32.1968673Z Image: ubuntu-22.04
2023-07-08T02:00:32.1968993Z Version: 20230702.1.0
2023-07-08T02:00:32.1969454Z Included Software: https://github.com/actions/runner-images/blob/ubuntu22/20230702.1/images/linux/Ubuntu2204-Readme.md
2023-07-08T02:00:32.1970111Z Image Release: https://github.com/actions/runner-images/releases/tag/ubuntu22%2F20230702.1
2023-07-08T02:00:32.1970557Z ##[endgroup]
2023-07-08T02:00:32.1970898Z ##[group]Runner Image Provisioner
2023-07-08T02:00:32.1971230Z 2.0.238.1
2023-07-08T02:00:32.1971478Z ##[endgroup]
2023-07-08T02:00:32.1972116Z ##[group]GITHUB_TOKEN Permissions
2023-07-08T02:00:32.1972620Z Contents: write
2023-07-08T02:00:32.1972929Z Metadata: read
2023-07-08T02:00:32.1973449Z ##[endgroup]
2023-07-08T02:00:32.1976895Z Secret source: Actions
2023-07-08T02:00:32.1977371Z Prepare workflow directory
2023-07-08T02:00:32.2720871Z Prepare all required actions
2023-07-08T02:00:32.2909123Z Getting action download info
2023-07-08T02:00:32.6145384Z Download action repository 'actions/checkout@v3' (SHA:c85c95e3d7251135ab7dc9ce3241c5835cc595a9)
2023-07-08T02:00:32.9483727Z Download action repository 'actions/setup-python@v4' (SHA:bd6b4b6205c4dbad673328db7b31b7fab9e241c0)
2023-07-08T02:00:33.3891903Z Complete job name: build
2023-07-08T02:00:33.4982500Z ##[group]Run actions/checkout@v3
2023-07-08T02:00:33.4982979Z with:
2023-07-08T02:00:33.4983319Z   repository: seanpm2001/GitHub_Stats_A
2023-07-08T02:00:33.4983908Z   token: ***
2023-07-08T02:00:33.4984222Z   ssh-strict: true
2023-07-08T02:00:33.4984545Z   persist-credentials: true
2023-07-08T02:00:33.4984869Z   clean: true
2023-07-08T02:00:33.4985211Z   sparse-checkout-cone-mode: true
2023-07-08T02:00:33.4985549Z   fetch-depth: 1
2023-07-08T02:00:33.4985822Z   lfs: false
2023-07-08T02:00:33.4986169Z   submodules: false
2023-07-08T02:00:33.4986514Z   set-safe-directory: true
2023-07-08T02:00:33.4986788Z ##[endgroup]
2023-07-08T02:00:33.7333800Z Syncing repository: seanpm2001/GitHub_Stats_A
2023-07-08T02:00:33.7363550Z ##[group]Getting Git version info
2023-07-08T02:00:33.7364314Z Working directory is '/home/runner/work/GitHub_Stats_A/GitHub_Stats_A'
2023-07-08T02:00:33.7365082Z [command]/usr/bin/git version
2023-07-08T02:00:33.7413507Z git version 2.41.0
2023-07-08T02:00:33.7439281Z ##[endgroup]
2023-07-08T02:00:33.7456627Z Temporarily overriding HOME='/home/runner/work/_temp/d16838f8-e303-4abe-8e09-e350611d89f5' before making global git config changes
2023-07-08T02:00:33.7457264Z Adding repository directory to the temporary git global config as a safe directory
2023-07-08T02:00:33.7464381Z [command]/usr/bin/git config --global --add safe.directory /home/runner/work/GitHub_Stats_A/GitHub_Stats_A
2023-07-08T02:00:33.7502276Z Deleting the contents of '/home/runner/work/GitHub_Stats_A/GitHub_Stats_A'
2023-07-08T02:00:33.7507656Z ##[group]Initializing the repository
2023-07-08T02:00:33.7511446Z [command]/usr/bin/git init /home/runner/work/GitHub_Stats_A/GitHub_Stats_A
2023-07-08T02:00:33.7625138Z hint: Using 'master' as the name for the initial branch. This default branch name
2023-07-08T02:00:33.7625883Z hint: is subject to change. To configure the initial branch name to use in all
2023-07-08T02:00:33.7626852Z hint: of your new repositories, which will suppress this warning, call:
2023-07-08T02:00:33.7627252Z hint: 
2023-07-08T02:00:33.7627782Z hint: 	git config --global init.defaultBranch <name>
2023-07-08T02:00:33.7628223Z hint: 
2023-07-08T02:00:33.7628683Z hint: Names commonly chosen instead of 'master' are 'main', 'trunk' and
2023-07-08T02:00:33.7629172Z hint: 'development'. The just-created branch can be renamed via this command:
2023-07-08T02:00:33.7629526Z hint: 
2023-07-08T02:00:33.7814780Z hint: 	git branch -m <name>
2023-07-08T02:00:33.7817279Z Initialized empty Git repository in /home/runner/work/GitHub_Stats_A/GitHub_Stats_A/.git/
2023-07-08T02:00:33.7848436Z [command]/usr/bin/git remote add origin https://github.com/seanpm2001/GitHub_Stats_A
2023-07-08T02:00:33.7849404Z ##[endgroup]
2023-07-08T02:00:33.7849826Z ##[group]Disabling automatic garbage collection
2023-07-08T02:00:33.7850335Z [command]/usr/bin/git config --local gc.auto 0
2023-07-08T02:00:33.7851041Z ##[endgroup]
2023-07-08T02:00:33.7851420Z ##[group]Setting up auth
2023-07-08T02:00:33.7851860Z [command]/usr/bin/git config --local --name-only --get-regexp core\.sshCommand
2023-07-08T02:00:33.7852921Z [command]/usr/bin/git submodule foreach --recursive sh -c "git config --local --name-only --get-regexp 'core\.sshCommand' && git config --local --unset-all 'core.sshCommand' || :"
2023-07-08T02:00:33.8192773Z [command]/usr/bin/git config --local --name-only --get-regexp http\.https\:\/\/github\.com\/\.extraheader
2023-07-08T02:00:33.8222245Z [command]/usr/bin/git submodule foreach --recursive sh -c "git config --local --name-only --get-regexp 'http\.https\:\/\/github\.com\/\.extraheader' && git config --local --unset-all 'http.https://github.com/.extraheader' || :"
2023-07-08T02:00:33.8449277Z [command]/usr/bin/git config --local http.https://github.com/.extraheader AUTHORIZATION: basic ***
2023-07-08T02:00:33.8491946Z ##[endgroup]
2023-07-08T02:00:33.8492714Z ##[group]Fetching the repository
2023-07-08T02:00:33.8503145Z [command]/usr/bin/git -c protocol.version=2 fetch --no-tags --prune --progress --no-recurse-submodules --depth=1 origin +3d8936d5c9874040d7652a48c8b5a36d25cc00d0:refs/remotes/origin/master
2023-07-08T02:00:34.0869664Z remote: Enumerating objects: 6576, done.        
2023-07-08T02:00:34.0882370Z remote: Counting objects:   0% (1/6576)        
2023-07-08T02:00:34.0883374Z remote: Counting objects:   1% (66/6576)        
2023-07-08T02:00:34.0887834Z remote: Counting objects:   2% (132/6576)        
2023-07-08T02:00:34.0888304Z remote: Counting objects:   3% (198/6576)        
2023-07-08T02:00:34.0944336Z remote: Counting objects:   4% (264/6576)        
2023-07-08T02:00:34.0944662Z remote: Counting objects:   5% (329/6576)        
2023-07-08T02:00:34.0944932Z remote: Counting objects:   6% (395/6576)        
2023-07-08T02:00:34.0945211Z remote: Counting objects:   7% (461/6576)        
2023-07-08T02:00:34.0945468Z remote: Counting objects:   8% (527/6576)        
2023-07-08T02:00:34.0945733Z remote: Counting objects:   9% (592/6576)        
2023-07-08T02:00:34.0946004Z remote: Counting objects:  10% (658/6576)        
2023-07-08T02:00:34.0946260Z remote: Counting objects:  11% (724/6576)        
2023-07-08T02:00:34.0946515Z remote: Counting objects:  12% (790/6576)        
2023-07-08T02:00:34.0946796Z remote: Counting objects:  13% (855/6576)        
2023-07-08T02:00:34.0947053Z remote: Counting objects:  14% (921/6576)        
2023-07-08T02:00:34.0947302Z remote: Counting objects:  15% (987/6576)        
2023-07-08T02:00:34.0947563Z remote: Counting objects:  16% (1053/6576)        
2023-07-08T02:00:34.0947848Z remote: Counting objects:  17% (1118/6576)        
2023-07-08T02:00:34.0948107Z remote: Counting objects:  18% (1184/6576)        
2023-07-08T02:00:34.0948378Z remote: Counting objects:  19% (1250/6576)        
2023-07-08T02:00:34.0948646Z remote: Counting objects:  20% (1316/6576)        
2023-07-08T02:00:34.0948923Z remote: Counting objects:  21% (1381/6576)        
2023-07-08T02:00:34.0949169Z remote: Counting objects:  22% (1447/6576)        
2023-07-08T02:00:34.0949429Z remote: Counting objects:  23% (1513/6576)        
2023-07-08T02:00:34.0949690Z remote: Counting objects:  24% (1579/6576)        
2023-07-08T02:00:34.0949952Z remote: Counting objects:  25% (1644/6576)        
2023-07-08T02:00:34.0950196Z remote: Counting objects:  26% (1710/6576)        
2023-07-08T02:00:34.0950445Z remote: Counting objects:  27% (1776/6576)        
2023-07-08T02:00:34.0950719Z remote: Counting objects:  28% (1842/6576)        
2023-07-08T02:00:34.0950985Z remote: Counting objects:  29% (1908/6576)        
2023-07-08T02:00:34.0951566Z remote: Counting objects:  30% (1973/6576)        
2023-07-08T02:00:34.0951812Z remote: Counting objects:  31% (2039/6576)        
2023-07-08T02:00:34.0952066Z remote: Counting objects:  32% (2105/6576)        
2023-07-08T02:00:34.0952322Z remote: Counting objects:  33% (2171/6576)        
2023-07-08T02:00:34.0952575Z remote: Counting objects:  34% (2236/6576)        
2023-07-08T02:00:34.0952824Z remote: Counting objects:  35% (2302/6576)        
2023-07-08T02:00:34.0953097Z remote: Counting objects:  36% (2368/6576)        
2023-07-08T02:00:34.0953353Z remote: Counting objects:  37% (2434/6576)        
2023-07-08T02:00:34.0953607Z remote: Counting objects:  38% (2499/6576)        
2023-07-08T02:00:34.0953853Z remote: Counting objects:  39% (2565/6576)        
2023-07-08T02:00:34.0954110Z remote: Counting objects:  40% (2631/6576)        
2023-07-08T02:00:34.0954364Z remote: Counting objects:  41% (2697/6576)        
2023-07-08T02:00:34.0954617Z remote: Counting objects:  42% (2762/6576)        
2023-07-08T02:00:34.0954891Z remote: Counting objects:  43% (2828/6576)        
2023-07-08T02:00:34.0955155Z remote: Counting objects:  44% (2894/6576)        
2023-07-08T02:00:34.0955408Z remote: Counting objects:  45% (2960/6576)        
2023-07-08T02:00:34.0955664Z remote: Counting objects:  46% (3025/6576)        
2023-07-08T02:00:34.0955907Z remote: Counting objects:  47% (3091/6576)        
2023-07-08T02:00:34.0956160Z remote: Counting objects:  48% (3157/6576)        
2023-07-08T02:00:34.0956549Z remote: Counting objects:  49% (3223/6576)        
2023-07-08T02:00:34.0956827Z remote: Counting objects:  50% (3288/6576)        
2023-07-08T02:00:34.0957093Z remote: Counting objects:  51% (3354/6576)        
2023-07-08T02:00:34.0957349Z remote: Counting objects:  52% (3420/6576)        
2023-07-08T02:00:34.0957605Z remote: Counting objects:  53% (3486/6576)        
2023-07-08T02:00:34.0957862Z remote: Counting objects:  54% (3552/6576)        
2023-07-08T02:00:34.0958105Z remote: Counting objects:  55% (3617/6576)        
2023-07-08T02:00:34.0958364Z remote: Counting objects:  56% (3683/6576)        
2023-07-08T02:00:34.0958620Z remote: Counting objects:  57% (3749/6576)        
2023-07-08T02:00:34.0959107Z remote: Counting objects:  58% (3815/6576)        
2023-07-08T02:00:34.0959377Z remote: Counting objects:  59% (3880/6576)        
2023-07-08T02:00:34.0959624Z remote: Counting objects:  60% (3946/6576)        
2023-07-08T02:00:34.0959884Z remote: Counting objects:  61% (4012/6576)        
2023-07-08T02:00:34.0960143Z remote: Counting objects:  62% (4078/6576)        
2023-07-08T02:00:34.0960434Z remote: Counting objects:  63% (4143/6576)        
2023-07-08T02:00:34.0960708Z remote: Counting objects:  64% (4209/6576)        
2023-07-08T02:00:34.0960960Z remote: Counting objects:  65% (4275/6576)        
2023-07-08T02:00:34.0961231Z remote: Counting objects:  66% (4341/6576)        
2023-07-08T02:00:34.0961489Z remote: Counting objects:  67% (4406/6576)        
2023-07-08T02:00:34.0961754Z remote: Counting objects:  68% (4472/6576)        
2023-07-08T02:00:34.0962005Z remote: Counting objects:  69% (4538/6576)        
2023-07-08T02:00:34.0962259Z remote: Counting objects:  70% (4604/6576)        
2023-07-08T02:00:34.0962516Z remote: Counting objects:  71% (4669/6576)        
2023-07-08T02:00:34.0962771Z remote: Counting objects:  72% (4735/6576)        
2023-07-08T02:00:34.0963046Z remote: Counting objects:  73% (4801/6576)        
2023-07-08T02:00:34.0963313Z remote: Counting objects:  74% (4867/6576)        
2023-07-08T02:00:34.0963571Z remote: Counting objects:  75% (4932/6576)        
2023-07-08T02:00:34.0963826Z remote: Counting objects:  76% (4998/6576)        
2023-07-08T02:00:34.0964062Z remote: Counting objects:  77% (5064/6576)        
2023-07-08T02:00:34.0964315Z remote: Counting objects:  78% (5130/6576)        
2023-07-08T02:00:34.0964563Z remote: Counting objects:  79% (5196/6576)        
2023-07-08T02:00:34.0964822Z remote: Counting objects:  80% (5261/6576)        
2023-07-08T02:00:34.0965215Z remote: Counting objects:  81% (5327/6576)        
2023-07-08T02:00:34.0965460Z remote: Counting objects:  82% (5393/6576)        
2023-07-08T02:00:34.0965711Z remote: Counting objects:  83% (5459/6576)        
2023-07-08T02:00:34.0965964Z remote: Counting objects:  84% (5524/6576)        
2023-07-08T02:00:34.0966216Z remote: Counting objects:  85% (5590/6576)        
2023-07-08T02:00:34.0966455Z remote: Counting objects:  86% (5656/6576)        
2023-07-08T02:00:34.0966712Z remote: Counting objects:  87% (5722/6576)        
2023-07-08T02:00:34.0966981Z remote: Counting objects:  88% (5787/6576)        
2023-07-08T02:00:34.0967243Z remote: Counting objects:  89% (5853/6576)        
2023-07-08T02:00:34.0967488Z remote: Counting objects:  90% (5919/6576)        
2023-07-08T02:00:34.0967741Z remote: Counting objects:  91% (5985/6576)        
2023-07-08T02:00:34.0967995Z remote: Counting objects:  92% (6050/6576)        
2023-07-08T02:00:34.0968245Z remote: Counting objects:  93% (6116/6576)        
2023-07-08T02:00:34.0968487Z remote: Counting objects:  94% (6182/6576)        
2023-07-08T02:00:34.0968747Z remote: Counting objects:  95% (6248/6576)        
2023-07-08T02:00:34.0969015Z remote: Counting objects:  96% (6313/6576)        
2023-07-08T02:00:34.0969272Z remote: Counting objects:  97% (6379/6576)        
2023-07-08T02:00:34.0969516Z remote: Counting objects:  98% (6445/6576)        
2023-07-08T02:00:34.0969768Z remote: Counting objects:  99% (6511/6576)        
2023-07-08T02:00:34.0970119Z remote: Counting objects: 100% (6576/6576)        
2023-07-08T02:00:34.0970400Z remote: Counting objects: 100% (6576/6576), done.        
2023-07-08T02:00:34.0970691Z remote: Compressing objects:   0% (1/2491)        
2023-07-08T02:00:34.1535528Z remote: Compressing objects:   1% (25/2491)        
2023-07-08T02:00:34.1558730Z remote: Compressing objects:   2% (50/2491)        
2023-07-08T02:00:34.1562526Z remote: Compressing objects:   3% (75/2491)        
2023-07-08T02:00:34.1562815Z remote: Compressing objects:   4% (100/2491)        
2023-07-08T02:00:34.1563115Z remote: Compressing objects:   5% (125/2491)        
2023-07-08T02:00:34.1563400Z remote: Compressing objects:   6% (150/2491)        
2023-07-08T02:00:34.1563679Z remote: Compressing objects:   7% (175/2491)        
2023-07-08T02:00:34.1563973Z remote: Compressing objects:   8% (200/2491)        
2023-07-08T02:00:34.1564247Z remote: Compressing objects:   9% (225/2491)        
2023-07-08T02:00:34.1564524Z remote: Compressing objects:  10% (250/2491)        
2023-07-08T02:00:34.1564807Z remote: Compressing objects:  11% (275/2491)        
2023-07-08T02:00:34.1565084Z remote: Compressing objects:  12% (299/2491)        
2023-07-08T02:00:34.1565349Z remote: Compressing objects:  13% (324/2491)        
2023-07-08T02:00:34.1611433Z remote: Compressing objects:  14% (349/2491)        
2023-07-08T02:00:34.1694496Z remote: Compressing objects:  15% (374/2491)        
2023-07-08T02:00:34.1701937Z remote: Compressing objects:  16% (399/2491)        
2023-07-08T02:00:34.1706675Z remote: Compressing objects:  17% (424/2491)        
2023-07-08T02:00:34.1708626Z remote: Compressing objects:  18% (449/2491)        
2023-07-08T02:00:34.1723070Z remote: Compressing objects:  19% (474/2491)        
2023-07-08T02:00:34.1727830Z remote: Compressing objects:  20% (499/2491)        
2023-07-08T02:00:34.1728110Z remote: Compressing objects:  21% (524/2491)        
2023-07-08T02:00:34.1728376Z remote: Compressing objects:  22% (549/2491)        
2023-07-08T02:00:34.1728686Z remote: Compressing objects:  23% (573/2491)        
2023-07-08T02:00:34.1728952Z remote: Compressing objects:  24% (598/2491)        
2023-07-08T02:00:34.1729225Z remote: Compressing objects:  25% (623/2491)        
2023-07-08T02:00:34.1729499Z remote: Compressing objects:  26% (648/2491)        
2023-07-08T02:00:34.1729758Z remote: Compressing objects:  27% (673/2491)        
2023-07-08T02:00:34.1730011Z remote: Compressing objects:  28% (698/2491)        
2023-07-08T02:00:34.1930136Z remote: Compressing objects:  29% (723/2491)        
2023-07-08T02:00:34.2230596Z remote: Compressing objects:  30% (748/2491)        
2023-07-08T02:00:34.2458204Z remote: Compressing objects:  31% (773/2491)        
2023-07-08T02:00:34.2769043Z remote: Compressing objects:  32% (798/2491)        
2023-07-08T02:00:34.3069740Z remote: Compressing objects:  33% (823/2491)        
2023-07-08T02:00:34.3215675Z remote: Compressing objects:  34% (847/2491)        
2023-07-08T02:00:34.3456197Z remote: Compressing objects:  35% (872/2491)        
2023-07-08T02:00:34.3717434Z remote: Compressing objects:  36% (897/2491)        
2023-07-08T02:00:34.3979779Z remote: Compressing objects:  37% (922/2491)        
2023-07-08T02:00:34.4212894Z remote: Compressing objects:  38% (947/2491)        
2023-07-08T02:00:34.4534989Z remote: Compressing objects:  39% (972/2491)        
2023-07-08T02:00:34.4567298Z remote: Compressing objects:  40% (997/2491)        
2023-07-08T02:00:34.4738488Z remote: Compressing objects:  41% (1022/2491)        
2023-07-08T02:00:34.5047904Z remote: Compressing objects:  42% (1047/2491)        
2023-07-08T02:00:34.5777851Z remote: Compressing objects:  43% (1072/2491)        
2023-07-08T02:00:34.5781466Z remote: Compressing objects:  44% (1097/2491)        
2023-07-08T02:00:34.5831138Z remote: Compressing objects:  45% (1121/2491)        
2023-07-08T02:00:34.5951736Z remote: Compressing objects:  46% (1146/2491)        
2023-07-08T02:00:34.5955086Z remote: Compressing objects:  47% (1171/2491)        
2023-07-08T02:00:34.5956048Z remote: Compressing objects:  48% (1196/2491)        
2023-07-08T02:00:34.5956459Z remote: Compressing objects:  49% (1221/2491)        
2023-07-08T02:00:34.5959454Z remote: Compressing objects:  50% (1246/2491)        
2023-07-08T02:00:34.5964117Z remote: Compressing objects:  51% (1271/2491)        
2023-07-08T02:00:34.5967220Z remote: Compressing objects:  52% (1296/2491)        
2023-07-08T02:00:34.5974229Z remote: Compressing objects:  53% (1321/2491)        
2023-07-08T02:00:34.5974676Z remote: Compressing objects:  54% (1346/2491)        
2023-07-08T02:00:34.5976780Z remote: Compressing objects:  55% (1371/2491)        
2023-07-08T02:00:34.5979663Z remote: Compressing objects:  56% (1395/2491)        
2023-07-08T02:00:34.5985377Z remote: Compressing objects:  57% (1420/2491)        
2023-07-08T02:00:34.5986753Z remote: Compressing objects:  58% (1445/2491)        
2023-07-08T02:00:34.5990853Z remote: Compressing objects:  59% (1470/2491)        
2023-07-08T02:00:34.5999288Z remote: Compressing objects:  60% (1495/2491)        
2023-07-08T02:00:34.5999713Z remote: Compressing objects:  61% (1520/2491)        
2023-07-08T02:00:34.6011416Z remote: Compressing objects:  62% (1545/2491)        
2023-07-08T02:00:34.6019995Z remote: Compressing objects:  63% (1570/2491)        
2023-07-08T02:00:34.6020439Z remote: Compressing objects:  64% (1595/2491)        
2023-07-08T02:00:34.6020907Z remote: Compressing objects:  65% (1620/2491)        
2023-07-08T02:00:34.6021445Z remote: Compressing objects:  66% (1645/2491)        
2023-07-08T02:00:34.6022047Z remote: Compressing objects:  67% (1669/2491)        
2023-07-08T02:00:34.6022580Z remote: Compressing objects:  68% (1694/2491)        
2023-07-08T02:00:34.6023155Z remote: Compressing objects:  69% (1719/2491)        
2023-07-08T02:00:34.6023809Z remote: Compressing objects:  70% (1744/2491)        
2023-07-08T02:00:34.6024342Z remote: Compressing objects:  71% (1769/2491)        
2023-07-08T02:00:34.6024894Z remote: Compressing objects:  72% (1794/2491)        
2023-07-08T02:00:34.6025444Z remote: Compressing objects:  73% (1819/2491)        
2023-07-08T02:00:34.6032039Z remote: Compressing objects:  74% (1844/2491)        
2023-07-08T02:00:34.6032441Z remote: Compressing objects:  75% (1869/2491)        
2023-07-08T02:00:34.6033037Z remote: Compressing objects:  76% (1894/2491)        
2023-07-08T02:00:34.6033678Z remote: Compressing objects:  77% (1919/2491)        
2023-07-08T02:00:34.6034137Z remote: Compressing objects:  78% (1943/2491)        
2023-07-08T02:00:34.6034797Z remote: Compressing objects:  79% (1968/2491)        
2023-07-08T02:00:34.6036312Z remote: Compressing objects:  80% (1993/2491)        
2023-07-08T02:00:34.6037011Z remote: Compressing objects:  81% (2018/2491)        
2023-07-08T02:00:34.6037424Z remote: Compressing objects:  82% (2043/2491)        
2023-07-08T02:00:34.6037687Z remote: Compressing objects:  83% (2068/2491)        
2023-07-08T02:00:34.6038543Z remote: Compressing objects:  84% (2093/2491)        
2023-07-08T02:00:34.6039153Z remote: Compressing objects:  85% (2118/2491)        
2023-07-08T02:00:34.6040889Z remote: Compressing objects:  86% (2143/2491)        
2023-07-08T02:00:34.6041336Z remote: Compressing objects:  87% (2168/2491)        
2023-07-08T02:00:34.6041700Z remote: Compressing objects:  88% (2193/2491)        
2023-07-08T02:00:34.6042012Z remote: Compressing objects:  89% (2217/2491)        
2023-07-08T02:00:34.6043444Z remote: Compressing objects:  90% (2242/2491)        
2023-07-08T02:00:34.6043999Z remote: Compressing objects:  91% (2267/2491)        
2023-07-08T02:00:34.6045893Z remote: Compressing objects:  92% (2292/2491)        
2023-07-08T02:00:34.6047466Z remote: Compressing objects:  93% (2317/2491)        
2023-07-08T02:00:34.6048059Z remote: Compressing objects:  94% (2342/2491)        
2023-07-08T02:00:34.6049164Z remote: Compressing objects:  95% (2367/2491)        
2023-07-08T02:00:34.6049725Z remote: Compressing objects:  96% (2392/2491)        
2023-07-08T02:00:34.6050513Z remote: Compressing objects:  97% (2417/2491)        
2023-07-08T02:00:34.6050870Z remote: Compressing objects:  98% (2442/2491)        
2023-07-08T02:00:34.6051444Z remote: Compressing objects:  99% (2467/2491)        
2023-07-08T02:00:34.6051982Z remote: Compressing objects: 100% (2491/2491)        
2023-07-08T02:00:34.6052538Z remote: Compressing objects: 100% (2491/2491), done.        
2023-07-08T02:00:34.6270784Z Receiving objects:   0% (1/6576)
2023-07-08T02:00:34.6330728Z Receiving objects:   1% (66/6576)
2023-07-08T02:00:34.6397848Z Receiving objects:   2% (132/6576)
2023-07-08T02:00:34.6477048Z Receiving objects:   3% (198/6576)
2023-07-08T02:00:34.6555694Z Receiving objects:   4% (264/6576)
2023-07-08T02:00:34.6632471Z Receiving objects:   5% (329/6576)
2023-07-08T02:00:34.6683541Z Receiving objects:   6% (395/6576)
2023-07-08T02:00:34.6736895Z Receiving objects:   7% (461/6576)
2023-07-08T02:00:34.6790126Z Receiving objects:   8% (527/6576)
2023-07-08T02:00:34.6820939Z Receiving objects:   9% (592/6576)
2023-07-08T02:00:34.6864353Z Receiving objects:  10% (658/6576)
2023-07-08T02:00:34.6939210Z Receiving objects:  11% (724/6576)
2023-07-08T02:00:34.6942878Z Receiving objects:  12% (790/6576)
2023-07-08T02:00:34.6945720Z Receiving objects:  13% (855/6576)
2023-07-08T02:00:34.6948039Z Receiving objects:  14% (921/6576)
2023-07-08T02:00:34.6951553Z Receiving objects:  15% (987/6576)
2023-07-08T02:00:34.7053477Z Receiving objects:  16% (1053/6576)
2023-07-08T02:00:34.7308999Z Receiving objects:  17% (1118/6576)
2023-07-08T02:00:34.7447825Z Receiving objects:  18% (1184/6576)
2023-07-08T02:00:34.7570003Z Receiving objects:  19% (1250/6576)
2023-07-08T02:00:34.7683526Z Receiving objects:  20% (1316/6576)
2023-07-08T02:00:34.7770556Z Receiving objects:  21% (1381/6576)
2023-07-08T02:00:34.7855645Z Receiving objects:  22% (1447/6576)
2023-07-08T02:00:34.7928766Z Receiving objects:  23% (1513/6576)
2023-07-08T02:00:34.8020081Z Receiving objects:  24% (1579/6576)
2023-07-08T02:00:34.8133857Z Receiving objects:  25% (1644/6576)
2023-07-08T02:00:34.8193919Z Receiving objects:  26% (1710/6576)
2023-07-08T02:00:34.8289575Z Receiving objects:  27% (1776/6576)
2023-07-08T02:00:34.8361242Z Receiving objects:  28% (1842/6576)
2023-07-08T02:00:34.8472240Z Receiving objects:  29% (1908/6576)
2023-07-08T02:00:34.8554431Z Receiving objects:  30% (1973/6576)
2023-07-08T02:00:34.8677841Z Receiving objects:  31% (2039/6576)
2023-07-08T02:00:34.8767526Z Receiving objects:  32% (2105/6576)
2023-07-08T02:00:34.8856107Z Receiving objects:  33% (2171/6576)
2023-07-08T02:00:34.8971875Z Receiving objects:  34% (2236/6576)
2023-07-08T02:00:34.9048935Z Receiving objects:  35% (2302/6576)
2023-07-08T02:00:34.9095624Z Receiving objects:  36% (2368/6576)
2023-07-08T02:00:34.9179853Z Receiving objects:  37% (2434/6576)
2023-07-08T02:00:34.9269144Z Receiving objects:  38% (2499/6576)
2023-07-08T02:00:34.9334338Z Receiving objects:  39% (2565/6576)
2023-07-08T02:00:34.9389691Z Receiving objects:  40% (2631/6576)
2023-07-08T02:00:34.9490668Z Receiving objects:  41% (2697/6576)
2023-07-08T02:00:34.9563443Z Receiving objects:  42% (2762/6576)
2023-07-08T02:00:34.9671883Z Receiving objects:  43% (2828/6576)
2023-07-08T02:00:34.9761562Z Receiving objects:  44% (2894/6576)
2023-07-08T02:00:34.9847161Z Receiving objects:  45% (2960/6576)
2023-07-08T02:00:34.9881149Z Receiving objects:  46% (3025/6576)
2023-07-08T02:00:34.9918117Z Receiving objects:  47% (3091/6576)
2023-07-08T02:00:34.9955442Z Receiving objects:  48% (3157/6576)
2023-07-08T02:00:34.9986120Z Receiving objects:  49% (3223/6576)
2023-07-08T02:00:35.0026601Z Receiving objects:  50% (3288/6576)
2023-07-08T02:00:35.0061397Z Receiving objects:  51% (3354/6576)
2023-07-08T02:00:35.0100274Z Receiving objects:  52% (3420/6576)
2023-07-08T02:00:35.0139180Z Receiving objects:  53% (3486/6576)
2023-07-08T02:00:35.0178029Z Receiving objects:  54% (3552/6576)
2023-07-08T02:00:35.0319737Z Receiving objects:  55% (3617/6576)
2023-07-08T02:00:35.0429011Z Receiving objects:  56% (3683/6576)
2023-07-08T02:00:35.0573003Z Receiving objects:  57% (3749/6576)
2023-07-08T02:00:35.0681989Z Receiving objects:  58% (3815/6576)
2023-07-08T02:00:35.0799550Z Receiving objects:  59% (3880/6576)
2023-07-08T02:00:35.0879525Z Receiving objects:  60% (3946/6576)
2023-07-08T02:00:35.0977755Z Receiving objects:  61% (4012/6576)
2023-07-08T02:00:35.1048486Z Receiving objects:  62% (4078/6576)
2023-07-08T02:00:35.1127504Z Receiving objects:  63% (4143/6576)
2023-07-08T02:00:35.1249050Z Receiving objects:  64% (4209/6576), 15.75 MiB | 31.49 MiB/s
2023-07-08T02:00:35.1357984Z Receiving objects:  65% (4275/6576), 15.75 MiB | 31.49 MiB/s
2023-07-08T02:00:35.1479116Z Receiving objects:  66% (4341/6576), 15.75 MiB | 31.49 MiB/s
2023-07-08T02:00:35.1601508Z Receiving objects:  67% (4406/6576), 15.75 MiB | 31.49 MiB/s
2023-07-08T02:00:35.1712083Z Receiving objects:  68% (4472/6576), 15.75 MiB | 31.49 MiB/s
2023-07-08T02:00:35.1777846Z Receiving objects:  69% (4538/6576), 15.75 MiB | 31.49 MiB/s
2023-07-08T02:00:35.1847014Z Receiving objects:  70% (4604/6576), 15.75 MiB | 31.49 MiB/s
2023-07-08T02:00:35.1989088Z Receiving objects:  71% (4669/6576), 15.75 MiB | 31.49 MiB/s
2023-07-08T02:00:35.2048612Z Receiving objects:  72% (4735/6576), 15.75 MiB | 31.49 MiB/s
2023-07-08T02:00:35.2180568Z Receiving objects:  73% (4801/6576), 15.75 MiB | 31.49 MiB/s
2023-07-08T02:00:35.2277858Z Receiving objects:  74% (4867/6576), 15.75 MiB | 31.49 MiB/s
2023-07-08T02:00:35.2362148Z Receiving objects:  75% (4932/6576), 15.75 MiB | 31.49 MiB/s
2023-07-08T02:00:35.2486525Z Receiving objects:  76% (4998/6576), 15.75 MiB | 31.49 MiB/s
2023-07-08T02:00:35.2587141Z Receiving objects:  77% (5064/6576), 15.75 MiB | 31.49 MiB/s
2023-07-08T02:00:35.2681406Z Receiving objects:  78% (5130/6576), 15.75 MiB | 31.49 MiB/s
2023-07-08T02:00:35.2763528Z Receiving objects:  79% (5196/6576), 15.75 MiB | 31.49 MiB/s
2023-07-08T02:00:35.2876252Z Receiving objects:  80% (5261/6576), 15.75 MiB | 31.49 MiB/s
2023-07-08T02:00:35.2977680Z Receiving objects:  81% (5327/6576), 15.75 MiB | 31.49 MiB/s
2023-07-08T02:00:35.3106063Z Receiving objects:  82% (5393/6576), 15.75 MiB | 31.49 MiB/s
2023-07-08T02:00:35.3196307Z Receiving objects:  83% (5459/6576), 15.75 MiB | 31.49 MiB/s
2023-07-08T02:00:35.3317273Z Receiving objects:  84% (5524/6576), 15.75 MiB | 31.49 MiB/s
2023-07-08T02:00:35.3469091Z Receiving objects:  85% (5590/6576), 15.75 MiB | 31.49 MiB/s
2023-07-08T02:00:35.3579884Z Receiving objects:  86% (5656/6576), 15.75 MiB | 31.49 MiB/s
2023-07-08T02:00:35.3639521Z Receiving objects:  87% (5722/6576), 15.75 MiB | 31.49 MiB/s
2023-07-08T02:00:35.3652497Z Receiving objects:  88% (5787/6576), 15.75 MiB | 31.49 MiB/s
2023-07-08T02:00:35.3686155Z Receiving objects:  89% (5853/6576), 15.75 MiB | 31.49 MiB/s
2023-07-08T02:00:35.3694892Z Receiving objects:  90% (5919/6576), 15.75 MiB | 31.49 MiB/s
2023-07-08T02:00:35.3697899Z Receiving objects:  91% (5985/6576), 15.75 MiB | 31.49 MiB/s
2023-07-08T02:00:35.3702362Z Receiving objects:  92% (6050/6576), 15.75 MiB | 31.49 MiB/s
2023-07-08T02:00:35.3713877Z Receiving objects:  93% (6116/6576), 15.75 MiB | 31.49 MiB/s
2023-07-08T02:00:35.3750341Z Receiving objects:  94% (6182/6576), 15.75 MiB | 31.49 MiB/s
2023-07-08T02:00:35.3882466Z Receiving objects:  95% (6248/6576), 15.75 MiB | 31.49 MiB/s
2023-07-08T02:00:35.4031574Z Receiving objects:  96% (6313/6576), 15.75 MiB | 31.49 MiB/s
2023-07-08T02:00:35.4044112Z Receiving objects:  97% (6379/6576), 15.75 MiB | 31.49 MiB/s
2023-07-08T02:00:35.4131463Z Receiving objects:  98% (6445/6576), 15.75 MiB | 31.49 MiB/s
2023-07-08T02:00:35.4314884Z Receiving objects:  99% (6511/6576), 15.75 MiB | 31.49 MiB/s
2023-07-08T02:00:35.4315920Z remote: Total 6576 (delta 3774), reused 6320 (delta 3693), pack-reused 0        
2023-07-08T02:00:35.4331350Z Receiving objects: 100% (6576/6576), 15.75 MiB | 31.49 MiB/s
2023-07-08T02:00:35.4331953Z Receiving objects: 100% (6576/6576), 29.71 MiB | 36.04 MiB/s, done.
2023-07-08T02:00:35.4450897Z Resolving deltas:   0% (0/3774)
2023-07-08T02:00:35.4636073Z Resolving deltas:   1% (38/3774)
2023-07-08T02:00:35.4833810Z Resolving deltas:   2% (76/3774)
2023-07-08T02:00:35.4962339Z Resolving deltas:   3% (114/3774)
2023-07-08T02:00:35.5059535Z Resolving deltas:   4% (151/3774)
2023-07-08T02:00:35.5144822Z Resolving deltas:   5% (189/3774)
2023-07-08T02:00:35.5166118Z Resolving deltas:   6% (227/3774)
2023-07-08T02:00:35.5174522Z Resolving deltas:   7% (265/3774)
2023-07-08T02:00:35.5180857Z Resolving deltas:   8% (302/3774)
2023-07-08T02:00:35.5189280Z Resolving deltas:   9% (340/3774)
2023-07-08T02:00:35.5197634Z Resolving deltas:  10% (378/3774)
2023-07-08T02:00:35.5205758Z Resolving deltas:  11% (416/3774)
2023-07-08T02:00:35.5211669Z Resolving deltas:  12% (453/3774)
2023-07-08T02:00:35.5217204Z Resolving deltas:  13% (491/3774)
2023-07-08T02:00:35.5233263Z Resolving deltas:  14% (529/3774)
2023-07-08T02:00:35.5327224Z Resolving deltas:  15% (567/3774)
2023-07-08T02:00:35.5467272Z Resolving deltas:  16% (604/3774)
2023-07-08T02:00:35.5664989Z Resolving deltas:  17% (642/3774)
2023-07-08T02:00:35.5804169Z Resolving deltas:  18% (680/3774)
2023-07-08T02:00:35.5955845Z Resolving deltas:  19% (718/3774)
2023-07-08T02:00:35.6191235Z Resolving deltas:  20% (755/3774)
2023-07-08T02:00:35.6450909Z Resolving deltas:  21% (793/3774)
2023-07-08T02:00:35.6674442Z Resolving deltas:  22% (831/3774)
2023-07-08T02:00:35.6874919Z Resolving deltas:  23% (869/3774)
2023-07-08T02:00:35.7099703Z Resolving deltas:  24% (906/3774)
2023-07-08T02:00:35.7301491Z Resolving deltas:  25% (944/3774)
2023-07-08T02:00:35.7422848Z Resolving deltas:  26% (982/3774)
2023-07-08T02:00:35.7696637Z Resolving deltas:  27% (1019/3774)
2023-07-08T02:00:35.7849694Z Resolving deltas:  28% (1057/3774)
2023-07-08T02:00:35.7866868Z Resolving deltas:  29% (1095/3774)
2023-07-08T02:00:35.7877401Z Resolving deltas:  30% (1133/3774)
2023-07-08T02:00:35.7879625Z Resolving deltas:  31% (1170/3774)
2023-07-08T02:00:35.7894827Z Resolving deltas:  32% (1208/3774)
2023-07-08T02:00:35.7906789Z Resolving deltas:  33% (1246/3774)
2023-07-08T02:00:35.7916760Z Resolving deltas:  34% (1284/3774)
2023-07-08T02:00:35.7932847Z Resolving deltas:  35% (1321/3774)
2023-07-08T02:00:35.7938932Z Resolving deltas:  36% (1359/3774)
2023-07-08T02:00:35.7955909Z Resolving deltas:  37% (1397/3774)
2023-07-08T02:00:35.7964237Z Resolving deltas:  38% (1435/3774)
2023-07-08T02:00:35.7973062Z Resolving deltas:  39% (1472/3774)
2023-07-08T02:00:35.7986450Z Resolving deltas:  40% (1510/3774)
2023-07-08T02:00:35.8014481Z Resolving deltas:  41% (1548/3774)
2023-07-08T02:00:35.8041737Z Resolving deltas:  42% (1586/3774)
2023-07-08T02:00:35.8059939Z Resolving deltas:  43% (1623/3774)
2023-07-08T02:00:35.8062946Z Resolving deltas:  44% (1661/3774)
2023-07-08T02:00:35.8064761Z Resolving deltas:  45% (1699/3774)
2023-07-08T02:00:35.8066762Z Resolving deltas:  46% (1737/3774)
2023-07-08T02:00:35.8068804Z Resolving deltas:  47% (1774/3774)
2023-07-08T02:00:35.8071172Z Resolving deltas:  48% (1812/3774)
2023-07-08T02:00:35.8114518Z Resolving deltas:  49% (1850/3774)
2023-07-08T02:00:35.8163146Z Resolving deltas:  50% (1887/3774)
2023-07-08T02:00:35.8217307Z Resolving deltas:  51% (1925/3774)
2023-07-08T02:00:35.8244656Z Resolving deltas:  52% (1963/3774)
2023-07-08T02:00:35.8300358Z Resolving deltas:  53% (2001/3774)
2023-07-08T02:00:35.8358372Z Resolving deltas:  54% (2038/3774)
2023-07-08T02:00:35.8384052Z Resolving deltas:  55% (2076/3774)
2023-07-08T02:00:35.8457385Z Resolving deltas:  56% (2114/3774)
2023-07-08T02:00:35.8518594Z Resolving deltas:  57% (2152/3774)
2023-07-08T02:00:35.8525696Z Resolving deltas:  58% (2189/3774)
2023-07-08T02:00:35.8526983Z Resolving deltas:  59% (2227/3774)
2023-07-08T02:00:35.8529957Z Resolving deltas:  60% (2265/3774)
2023-07-08T02:00:35.8741926Z Resolving deltas:  61% (2303/3774)
2023-07-08T02:00:35.8877369Z Resolving deltas:  62% (2340/3774)
2023-07-08T02:00:35.9071044Z Resolving deltas:  63% (2378/3774)
2023-07-08T02:00:35.9360596Z Resolving deltas:  64% (2417/3774)
2023-07-08T02:00:35.9573865Z Resolving deltas:  65% (2454/3774)
2023-07-08T02:00:36.0030530Z Resolving deltas:  66% (2491/3774)
2023-07-08T02:00:36.0136206Z Resolving deltas:  67% (2529/3774)
2023-07-08T02:00:36.0301811Z Resolving deltas:  68% (2567/3774)
2023-07-08T02:00:36.0307071Z Resolving deltas:  69% (2605/3774)
2023-07-08T02:00:36.0315687Z Resolving deltas:  70% (2642/3774)
2023-07-08T02:00:36.0328730Z Resolving deltas:  71% (2680/3774)
2023-07-08T02:00:36.0339377Z Resolving deltas:  72% (2718/3774)
2023-07-08T02:00:36.0440403Z Resolving deltas:  73% (2756/3774)
2023-07-08T02:00:36.0706748Z Resolving deltas:  74% (2793/3774)
2023-07-08T02:00:36.0871030Z Resolving deltas:  75% (2831/3774)
2023-07-08T02:00:36.0932019Z Resolving deltas:  76% (2869/3774)
2023-07-08T02:00:36.0946452Z Resolving deltas:  77% (2906/3774)
2023-07-08T02:00:36.0955777Z Resolving deltas:  78% (2944/3774)
2023-07-08T02:00:36.0971845Z Resolving deltas:  79% (2982/3774)
2023-07-08T02:00:36.0983054Z Resolving deltas:  80% (3020/3774)
2023-07-08T02:00:36.0999070Z Resolving deltas:  81% (3057/3774)
2023-07-08T02:00:36.1352781Z Resolving deltas:  82% (3095/3774)
2023-07-08T02:00:36.1746057Z Resolving deltas:  83% (3133/3774)
2023-07-08T02:00:36.1780164Z Resolving deltas:  84% (3171/3774)
2023-07-08T02:00:36.1856858Z Resolving deltas:  85% (3208/3774)
2023-07-08T02:00:36.1932124Z Resolving deltas:  86% (3246/3774)
2023-07-08T02:00:36.1964781Z Resolving deltas:  87% (3284/3774)
2023-07-08T02:00:36.2038347Z Resolving deltas:  88% (3322/3774)
2023-07-08T02:00:36.2147388Z Resolving deltas:  89% (3359/3774)
2023-07-08T02:00:36.2325171Z Resolving deltas:  90% (3397/3774)
2023-07-08T02:00:36.2470491Z Resolving deltas:  91% (3435/3774)
2023-07-08T02:00:36.2565977Z Resolving deltas:  92% (3473/3774)
2023-07-08T02:00:36.2605458Z Resolving deltas:  93% (3510/3774)
2023-07-08T02:00:36.2646714Z Resolving deltas:  94% (3548/3774)
2023-07-08T02:00:36.2688071Z Resolving deltas:  95% (3586/3774)
2023-07-08T02:00:36.2729625Z Resolving deltas:  96% (3624/3774)
2023-07-08T02:00:36.2778557Z Resolving deltas:  97% (3661/3774)
2023-07-08T02:00:36.2844361Z Resolving deltas:  98% (3699/3774)
2023-07-08T02:00:36.2888049Z Resolving deltas:  99% (3737/3774)
2023-07-08T02:00:36.2917058Z Resolving deltas: 100% (3774/3774)
2023-07-08T02:00:36.2917554Z Resolving deltas: 100% (3774/3774), done.
2023-07-08T02:00:36.3444959Z From https://github.com/seanpm2001/GitHub_Stats_A
2023-07-08T02:00:36.3445858Z  * [new ref]         3d8936d5c9874040d7652a48c8b5a36d25cc00d0 -> origin/master
2023-07-08T02:00:36.3471384Z ##[endgroup]
2023-07-08T02:00:36.3472599Z ##[group]Determining the checkout info
2023-07-08T02:00:36.3473686Z ##[endgroup]
2023-07-08T02:00:36.3474170Z ##[group]Checking out the ref
2023-07-08T02:00:36.3478468Z [command]/usr/bin/git checkout --progress --force -B master refs/remotes/origin/master
2023-07-08T02:00:37.3669884Z Updating files:  98% (6695/6790)
2023-07-08T02:00:37.3714226Z Updating files:  99% (6723/6790)
2023-07-08T02:00:37.3714716Z Updating files: 100% (6790/6790)
2023-07-08T02:00:37.3715337Z Updating files: 100% (6790/6790), done.
2023-07-08T02:00:37.3837725Z Reset branch 'master'
2023-07-08T02:00:37.3838119Z branch 'master' set up to track 'origin/master'.
2023-07-08T02:00:37.3904675Z ##[endgroup]
2023-07-08T02:00:37.3942514Z [command]/usr/bin/git log -1 --format='%H'
2023-07-08T02:00:37.3961898Z '3d8936d5c9874040d7652a48c8b5a36d25cc00d0'
2023-07-08T02:00:37.4285997Z ##[group]Run actions/setup-python@v4
2023-07-08T02:00:37.4286232Z with:
2023-07-08T02:00:37.4286438Z   python-version: 3.8
2023-07-08T02:00:37.4286669Z   architecture: x64
2023-07-08T02:00:37.4286893Z   cache: pip
2023-07-08T02:00:37.4287090Z   check-latest: false
2023-07-08T02:00:37.4287461Z   token: ***
2023-07-08T02:00:37.4287677Z   update-environment: true
2023-07-08T02:00:37.4287917Z   allow-prereleases: false
2023-07-08T02:00:37.4288123Z ##[endgroup]
2023-07-08T02:00:37.5931695Z ##[group]Installed versions
2023-07-08T02:00:37.6006068Z Successfully set up CPython (3.8.17)
2023-07-08T02:00:37.6006892Z ##[endgroup]
2023-07-08T02:00:38.2710193Z [command]/opt/hostedtoolcache/Python/3.8.17/x64/bin/pip cache dir
2023-07-08T02:00:38.7083574Z /home/runner/.cache/pip
2023-07-08T02:00:39.1265491Z Received 6339595 of 6339595 (100.0%), 31.8 MBs/sec
2023-07-08T02:00:39.1268413Z Cache Size: ~6 MB (6339595 B)
2023-07-08T02:00:39.1294069Z [command]/usr/bin/tar -xf /home/runner/work/_temp/aaa6799c-c328-4153-b068-c52e0322c898/cache.tzst -P -C /home/runner/work/GitHub_Stats_A/GitHub_Stats_A --use-compress-program unzstd
2023-07-08T02:00:39.1565478Z Cache restored successfully
2023-07-08T02:00:39.1583218Z Cache restored from key: setup-python-Linux-22.04-Ubuntu-python-3.8.17-pip-60f2a6c0212a9b74a155cd81b58dd07fd8b180833132566260d95f4de42fe218
2023-07-08T02:00:39.1771526Z ##[group]Run python3 -m pip install --upgrade pip setuptools wheel
2023-07-08T02:00:39.1772043Z [36;1mpython3 -m pip install --upgrade pip setuptools wheel[0m
2023-07-08T02:00:39.1772379Z [36;1mpython3 -m pip install -r requirements.txt[0m
2023-07-08T02:00:39.1831734Z shell: /usr/bin/bash -e {0}
2023-07-08T02:00:39.1831980Z env:
2023-07-08T02:00:39.1832272Z   pythonLocation: /opt/hostedtoolcache/Python/3.8.17/x64
2023-07-08T02:00:39.1832632Z   PKG_CONFIG_PATH: /opt/hostedtoolcache/Python/3.8.17/x64/lib/pkgconfig
2023-07-08T02:00:39.1832975Z   Python_ROOT_DIR: /opt/hostedtoolcache/Python/3.8.17/x64
2023-07-08T02:00:39.1833304Z   Python2_ROOT_DIR: /opt/hostedtoolcache/Python/3.8.17/x64
2023-07-08T02:00:39.1833619Z   Python3_ROOT_DIR: /opt/hostedtoolcache/Python/3.8.17/x64
2023-07-08T02:00:39.1833937Z   LD_LIBRARY_PATH: /opt/hostedtoolcache/Python/3.8.17/x64/lib
2023-07-08T02:00:39.1834227Z ##[endgroup]
2023-07-08T02:00:39.8036385Z Requirement already satisfied: pip in /opt/hostedtoolcache/Python/3.8.17/x64/lib/python3.8/site-packages (23.0.1)
2023-07-08T02:00:40.0114951Z Collecting pip
2023-07-08T02:00:40.0221458Z   Using cached pip-23.1.2-py3-none-any.whl (2.1 MB)
2023-07-08T02:00:40.0363502Z Requirement already satisfied: setuptools in /opt/hostedtoolcache/Python/3.8.17/x64/lib/python3.8/site-packages (56.0.0)
2023-07-08T02:00:40.3651350Z Collecting setuptools
2023-07-08T02:00:40.4807077Z   Downloading setuptools-68.0.0-py3-none-any.whl (804 kB)
2023-07-08T02:00:40.5629648Z      ━━━━━━━━━━━━━━━━━━━━━━━━━━━━━━━━━━━━━━ 804.0/804.0 kB 10.7 MB/s eta 0:00:00
2023-07-08T02:00:40.6177004Z Collecting wheel
2023-07-08T02:00:40.6204378Z   Using cached wheel-0.40.0-py3-none-any.whl (64 kB)
2023-07-08T02:00:40.7434481Z Installing collected packages: wheel, setuptools, pip
2023-07-08T02:00:40.7886892Z   Attempting uninstall: setuptools
2023-07-08T02:00:40.7898369Z     Found existing installation: setuptools 56.0.0
2023-07-08T02:00:40.8057473Z     Uninstalling setuptools-56.0.0:
2023-07-08T02:00:40.8164703Z       Successfully uninstalled setuptools-56.0.0
2023-07-08T02:00:41.2583624Z   Attempting uninstall: pip
2023-07-08T02:00:41.2589896Z     Found existing installation: pip 23.0.1
2023-07-08T02:00:41.3086778Z     Uninstalling pip-23.0.1:
2023-07-08T02:00:41.3516055Z       Successfully uninstalled pip-23.0.1
2023-07-08T02:00:42.4445699Z Successfully installed pip-23.1.2 setuptools-68.0.0 wheel-0.40.0
2023-07-08T02:00:43.3765332Z Collecting requests (from -r requirements.txt (line 1))
2023-07-08T02:00:43.3791921Z   Using cached requests-2.31.0-py3-none-any.whl (62 kB)
2023-07-08T02:00:43.8311665Z Collecting aiohttp (from -r requirements.txt (line 2))
2023-07-08T02:00:43.8363745Z   Using cached aiohttp-3.8.4-cp38-cp38-manylinux_2_17_x86_64.manylinux2014_x86_64.whl (1.0 MB)
2023-07-08T02:00:43.9744800Z Collecting charset-normalizer<4,>=2 (from requests->-r requirements.txt (line 1))
2023-07-08T02:00:44.0746486Z   Downloading charset_normalizer-3.2.0-cp38-cp38-manylinux_2_17_x86_64.manylinux2014_x86_64.whl (199 kB)
2023-07-08T02:00:44.1194800Z      ━━━━━━━━━━━━━━━━━━━━━━━━━━━━━━━━━━━━━━━ 199.1/199.1 kB 5.0 MB/s eta 0:00:00
2023-07-08T02:00:44.1652155Z Collecting idna<4,>=2.5 (from requests->-r requirements.txt (line 1))
2023-07-08T02:00:44.1675645Z   Using cached idna-3.4-py3-none-any.whl (61 kB)
2023-07-08T02:00:44.2314518Z Collecting urllib3<3,>=1.21.1 (from requests->-r requirements.txt (line 1))
2023-07-08T02:00:44.2340361Z   Using cached urllib3-2.0.3-py3-none-any.whl (123 kB)
2023-07-08T02:00:44.2709072Z Collecting certifi>=2017.4.17 (from requests->-r requirements.txt (line 1))
2023-07-08T02:00:44.2734702Z   Using cached certifi-2023.5.7-py3-none-any.whl (156 kB)
2023-07-08T02:00:44.3202400Z Collecting attrs>=17.3.0 (from aiohttp->-r requirements.txt (line 2))
2023-07-08T02:00:44.3225753Z   Using cached attrs-23.1.0-py3-none-any.whl (61 kB)
2023-07-08T02:00:44.7399300Z Collecting multidict<7.0,>=4.5 (from aiohttp->-r requirements.txt (line 2))
2023-07-08T02:00:44.7425514Z   Using cached multidict-6.0.4-cp38-cp38-manylinux_2_17_x86_64.manylinux2014_x86_64.whl (121 kB)
2023-07-08T02:00:44.7688807Z Collecting async-timeout<5.0,>=4.0.0a3 (from aiohttp->-r requirements.txt (line 2))
2023-07-08T02:00:44.7712678Z   Using cached async_timeout-4.0.2-py3-none-any.whl (5.8 kB)
2023-07-08T02:00:45.0274361Z Collecting yarl<2.0,>=1.0 (from aiohttp->-r requirements.txt (line 2))
2023-07-08T02:00:45.0299719Z   Using cached yarl-1.9.2-cp38-cp38-manylinux_2_17_x86_64.manylinux2014_x86_64.whl (266 kB)
2023-07-08T02:00:45.1312656Z Collecting frozenlist>=1.1.1 (from aiohttp->-r requirements.txt (line 2))
2023-07-08T02:00:45.1338558Z   Using cached frozenlist-1.3.3-cp38-cp38-manylinux_2_5_x86_64.manylinux1_x86_64.manylinux_2_17_x86_64.manylinux2014_x86_64.whl (161 kB)
2023-07-08T02:00:45.1563602Z Collecting aiosignal>=1.1.2 (from aiohttp->-r requirements.txt (line 2))
2023-07-08T02:00:45.1588582Z   Using cached aiosignal-1.3.1-py3-none-any.whl (7.6 kB)
2023-07-08T02:00:45.3508685Z Installing collected packages: urllib3, multidict, idna, frozenlist, charset-normalizer, certifi, attrs, async-timeout, yarl, requests, aiosignal, aiohttp
2023-07-08T02:00:45.8153381Z Successfully installed aiohttp-3.8.4 aiosignal-1.3.1 async-timeout-4.0.2 attrs-23.1.0 certifi-2023.5.7 charset-normalizer-3.2.0 frozenlist-1.3.3 idna-3.4 multidict-6.0.4 requests-2.31.0 urllib3-2.0.3 yarl-1.9.2
2023-07-08T02:00:45.9811655Z ##[group]Run python3 --version
2023-07-08T02:00:45.9811937Z [36;1mpython3 --version[0m
2023-07-08T02:00:45.9812190Z [36;1mpython3 generate_images.py[0m
2023-07-08T02:00:45.9865619Z shell: /usr/bin/bash -e {0}
2023-07-08T02:00:45.9865842Z env:
2023-07-08T02:00:45.9866113Z   pythonLocation: /opt/hostedtoolcache/Python/3.8.17/x64
2023-07-08T02:00:45.9866473Z   PKG_CONFIG_PATH: /opt/hostedtoolcache/Python/3.8.17/x64/lib/pkgconfig
2023-07-08T02:00:45.9866812Z   Python_ROOT_DIR: /opt/hostedtoolcache/Python/3.8.17/x64
2023-07-08T02:00:45.9867307Z   Python2_ROOT_DIR: /opt/hostedtoolcache/Python/3.8.17/x64
2023-07-08T02:00:45.9867634Z   Python3_ROOT_DIR: /opt/hostedtoolcache/Python/3.8.17/x64
2023-07-08T02:00:45.9867971Z   LD_LIBRARY_PATH: /opt/hostedtoolcache/Python/3.8.17/x64/lib
2023-07-08T02:00:45.9868488Z   ACCESS_TOKEN: ***
2023-07-08T02:00:45.9868836Z   GITHUB_TOKEN: ***
2023-07-08T02:00:45.9869049Z   EXCLUDED: 
2023-07-08T02:00:45.9869241Z   EXCLUDED_LANGS: 
2023-07-08T02:00:45.9869510Z   EXCLUDE_FORKED_REPOS: true
2023-07-08T02:00:45.9869728Z ##[endgroup]
2023-07-08T02:00:45.9958532Z Python 3.8.17
2023-07-08T02:10:05.4236066Z A path returned 202. Retrying...
2023-07-08T02:10:05.4236401Z A path returned 202. Retrying...
2023-07-08T02:10:05.4236646Z A path returned 202. Retrying...
2023-07-08T02:10:05.4237008Z A path returned 202. Retrying...
2023-07-08T02:10:05.4237245Z A path returned 202. Retrying...
2023-07-08T02:10:05.4237481Z A path returned 202. Retrying...
2023-07-08T02:10:05.4237701Z A path returned 202. Retrying...
2023-07-08T02:10:05.4237968Z A path returned 202. Retrying...
2023-07-08T02:10:05.4238221Z A path returned 202. Retrying...
2023-07-08T02:10:05.4238452Z A path returned 202. Retrying...
2023-07-08T02:10:05.4238683Z A path returned 202. Retrying...
2023-07-08T02:10:05.4239085Z A path returned 202. Retrying...
2023-07-08T02:10:05.4239321Z A path returned 202. Retrying...
2023-07-08T02:10:05.4239550Z A path returned 202. Retrying...
2023-07-08T02:10:05.4239781Z A path returned 202. Retrying...
2023-07-08T02:10:05.4240038Z A path returned 202. Retrying...
2023-07-08T02:10:05.4240277Z A path returned 202. Retrying...
2023-07-08T02:10:05.4240519Z A path returned 202. Retrying...
2023-07-08T02:10:05.4240757Z A path returned 202. Retrying...
2023-07-08T02:10:05.4241009Z A path returned 202. Retrying...
2023-07-08T02:10:05.4241242Z A path returned 202. Retrying...
2023-07-08T02:10:05.4241461Z A path returned 202. Retrying...
2023-07-08T02:10:05.4241703Z A path returned 202. Retrying...
2023-07-08T02:10:05.4241953Z A path returned 202. Retrying...
2023-07-08T02:10:05.4242183Z A path returned 202. Retrying...
2023-07-08T02:10:05.4242408Z A path returned 202. Retrying...
2023-07-08T02:10:05.4242633Z A path returned 202. Retrying...
2023-07-08T02:10:05.4242862Z A path returned 202. Retrying...
2023-07-08T02:10:05.4243087Z A path returned 202. Retrying...
2023-07-08T02:10:05.4243304Z A path returned 202. Retrying...
2023-07-08T02:10:05.4243543Z A path returned 202. Retrying...
2023-07-08T02:10:05.4243787Z A path returned 202. Retrying...
2023-07-08T02:10:05.4244013Z A path returned 202. Retrying...
2023-07-08T02:10:05.4244239Z A path returned 202. Retrying...
2023-07-08T02:10:05.4244466Z A path returned 202. Retrying...
2023-07-08T02:10:05.4244689Z A path returned 202. Retrying...
2023-07-08T02:10:05.4244911Z A path returned 202. Retrying...
2023-07-08T02:10:05.4245132Z A path returned 202. Retrying...
2023-07-08T02:10:05.4245371Z A path returned 202. Retrying...
2023-07-08T02:10:05.4245595Z A path returned 202. Retrying...
2023-07-08T02:10:05.4245830Z A path returned 202. Retrying...
2023-07-08T02:10:05.4246054Z A path returned 202. Retrying...
2023-07-08T02:10:05.4246281Z A path returned 202. Retrying...
2023-07-08T02:10:05.4246503Z A path returned 202. Retrying...
2023-07-08T02:10:05.4246717Z A path returned 202. Retrying...
2023-07-08T02:10:05.4246953Z A path returned 202. Retrying...
2023-07-08T02:10:05.4247184Z A path returned 202. Retrying...
2023-07-08T02:10:05.4247841Z A path returned 202. Retrying...
2023-07-08T02:10:05.4248076Z A path returned 202. Retrying...
2023-07-08T02:10:05.4248307Z A path returned 202. Retrying...
2023-07-08T02:10:05.4248541Z A path returned 202. Retrying...
2023-07-08T02:10:05.4248768Z A path returned 202. Retrying...
2023-07-08T02:10:05.4248989Z A path returned 202. Retrying...
2023-07-08T02:10:05.4249232Z A path returned 202. Retrying...
2023-07-08T02:10:05.4249462Z A path returned 202. Retrying...
2023-07-08T02:10:05.4249695Z A path returned 202. Retrying...
2023-07-08T02:10:05.4250075Z A path returned 202. Retrying...
2023-07-08T02:10:05.4250301Z A path returned 202. Retrying...
2023-07-08T02:10:05.4250525Z A path returned 202. Retrying...
2023-07-08T02:10:05.4250748Z A path returned 202. Retrying...
2023-07-08T02:10:05.4250976Z A path returned 202. Retrying...
2023-07-08T02:10:05.4251212Z A path returned 202. Retrying...
2023-07-08T02:10:05.4251440Z A path returned 202. Retrying...
2023-07-08T02:10:05.4251663Z A path returned 202. Retrying...
2023-07-08T02:10:05.4251891Z A path returned 202. Retrying...
2023-07-08T02:10:05.4252116Z A path returned 202. Retrying...
2023-07-08T02:10:05.4252340Z A path returned 202. Retrying...
2023-07-08T02:10:05.4252563Z A path returned 202. Retrying...
2023-07-08T02:10:05.4252809Z A path returned 202. Retrying...
2023-07-08T02:10:05.4253041Z A path returned 202. Retrying...
2023-07-08T02:10:05.4253270Z A path returned 202. Retrying...
2023-07-08T02:10:05.4253498Z A path returned 202. Retrying...
2023-07-08T02:10:05.4253721Z A path returned 202. Retrying...
2023-07-08T02:10:05.4253948Z A path returned 202. Retrying...
2023-07-08T02:10:05.4254171Z A path returned 202. Retrying...
2023-07-08T02:10:05.4254400Z A path returned 202. Retrying...
2023-07-08T02:10:05.4254631Z A path returned 202. Retrying...
2023-07-08T02:10:05.4254854Z A path returned 202. Retrying...
2023-07-08T02:10:05.4255080Z A path returned 202. Retrying...
2023-07-08T02:10:05.4255592Z A path returned 202. Retrying...
2023-07-08T02:10:05.4256033Z A path returned 202. Retrying...
2023-07-08T02:10:05.4256269Z A path returned 202. Retrying...
2023-07-08T02:10:05.4256505Z A path returned 202. Retrying...
2023-07-08T02:10:05.4256737Z A path returned 202. Retrying...
2023-07-08T02:10:05.4256970Z A path returned 202. Retrying...
2023-07-08T02:10:05.4257196Z A path returned 202. Retrying...
2023-07-08T02:10:05.4257419Z A path returned 202. Retrying...
2023-07-08T02:10:05.4257640Z A path returned 202. Retrying...
2023-07-08T02:10:05.4257863Z A path returned 202. Retrying...
2023-07-08T02:10:05.4258099Z A path returned 202. Retrying...
2023-07-08T02:10:05.4258334Z A path returned 202. Retrying...
2023-07-08T02:10:05.4258565Z A path returned 202. Retrying...
2023-07-08T02:10:05.4259057Z A path returned 202. Retrying...
2023-07-08T02:10:05.4259367Z A path returned 202. Retrying...
2023-07-08T02:10:05.4259673Z A path returned 202. Retrying...
2023-07-08T02:10:05.4259977Z A path returned 202. Retrying...
2023-07-08T02:10:05.4260346Z A path returned 202. Retrying...
2023-07-08T02:10:05.4260661Z A path returned 202. Retrying...
2023-07-08T02:10:05.4260980Z A path returned 202. Retrying...
2023-07-08T02:10:05.4261242Z A path returned 202. Retrying...
2023-07-08T02:10:05.4261588Z A path returned 202. Retrying...
2023-07-08T02:10:05.4261888Z A path returned 202. Retrying...
2023-07-08T02:10:05.4262186Z A path returned 202. Retrying...
2023-07-08T02:10:05.4262491Z A path returned 202. Retrying...
2023-07-08T02:10:05.4262829Z A path returned 202. Retrying...
2023-07-08T02:10:05.4263143Z A path returned 202. Retrying...
2023-07-08T02:10:05.4263411Z A path returned 202. Retrying...
2023-07-08T02:10:05.4263710Z A path returned 202. Retrying...
2023-07-08T02:10:05.4264017Z A path returned 202. Retrying...
2023-07-08T02:10:05.4264343Z A path returned 202. Retrying...
2023-07-08T02:10:05.4264640Z A path returned 202. Retrying...
2023-07-08T02:10:05.4264937Z A path returned 202. Retrying...
2023-07-08T02:10:05.4265257Z A path returned 202. Retrying...
2023-07-08T02:10:05.4265745Z A path returned 202. Retrying...
2023-07-08T02:10:05.4266010Z A path returned 202. Retrying...
2023-07-08T02:10:05.4266307Z A path returned 202. Retrying...
2023-07-08T02:10:05.4266621Z A path returned 202. Retrying...
2023-07-08T02:10:05.4266950Z A path returned 202. Retrying...
2023-07-08T02:10:05.4267254Z A path returned 202. Retrying...
2023-07-08T02:10:05.4267552Z A path returned 202. Retrying...
2023-07-08T02:10:05.4267876Z A path returned 202. Retrying...
2023-07-08T02:10:05.4268216Z A path returned 202. Retrying...
2023-07-08T02:10:05.4268570Z A path returned 202. Retrying...
2023-07-08T02:10:05.4268885Z A path returned 202. Retrying...
2023-07-08T02:10:05.4269185Z A path returned 202. Retrying...
2023-07-08T02:10:05.4269482Z A path returned 202. Retrying...
2023-07-08T02:10:05.4269804Z A path returned 202. Retrying...
2023-07-08T02:10:05.4270117Z A path returned 202. Retrying...
2023-07-08T02:10:05.4270426Z A path returned 202. Retrying...
2023-07-08T02:10:05.4270831Z A path returned 202. Retrying...
2023-07-08T02:10:05.4271165Z A path returned 202. Retrying...
2023-07-08T02:10:05.4271479Z A path returned 202. Retrying...
2023-07-08T02:10:05.4271781Z A path returned 202. Retrying...
2023-07-08T02:10:05.4272040Z A path returned 202. Retrying...
2023-07-08T02:10:05.4272364Z A path returned 202. Retrying...
2023-07-08T02:10:05.4272692Z A path returned 202. Retrying...
2023-07-08T02:10:05.4273008Z A path returned 202. Retrying...
2023-07-08T02:10:05.4273311Z A path returned 202. Retrying...
2023-07-08T02:10:05.4273638Z A path returned 202. Retrying...
2023-07-08T02:10:05.4273954Z A path returned 202. Retrying...
2023-07-08T02:10:05.4274255Z A path returned 202. Retrying...
2023-07-08T02:10:05.4274518Z A path returned 202. Retrying...
2023-07-08T02:10:05.4274819Z A path returned 202. Retrying...
2023-07-08T02:10:05.4275172Z A path returned 202. Retrying...
2023-07-08T02:10:05.4275475Z A path returned 202. Retrying...
2023-07-08T02:10:05.4275778Z A path returned 202. Retrying...
2023-07-08T02:10:05.4276079Z A path returned 202. Retrying...
2023-07-08T02:10:05.4276415Z A path returned 202. Retrying...
2023-07-08T02:10:05.4276715Z A path returned 202. Retrying...
2023-07-08T02:10:05.4276971Z A path returned 202. Retrying...
2023-07-08T02:10:05.4277287Z A path returned 202. Retrying...
2023-07-08T02:10:05.4277627Z A path returned 202. Retrying...
2023-07-08T02:10:05.4277933Z A path returned 202. Retrying...
2023-07-08T02:10:05.4278233Z A path returned 202. Retrying...
2023-07-08T02:10:05.4278534Z A path returned 202. Retrying...
2023-07-08T02:10:05.4279010Z A path returned 202. Retrying...
2023-07-08T02:10:05.4279268Z A path returned 202. Retrying...
2023-07-08T02:10:05.4279576Z A path returned 202. Retrying...
2023-07-08T02:10:05.4279893Z A path returned 202. Retrying...
2023-07-08T02:10:05.4280209Z A path returned 202. Retrying...
2023-07-08T02:10:05.4280543Z A path returned 202. Retrying...
2023-07-08T02:10:05.4280845Z A path returned 202. Retrying...
2023-07-08T02:10:05.4281144Z A path returned 202. Retrying...
2023-07-08T02:10:05.4281466Z A path returned 202. Retrying...
2023-07-08T02:10:05.4281754Z A path returned 202. Retrying...
2023-07-08T02:10:05.4282068Z A path returned 202. Retrying...
2023-07-08T02:10:05.4282377Z A path returned 202. Retrying...
2023-07-08T02:10:05.4282690Z A path returned 202. Retrying...
2023-07-08T02:10:05.4283020Z A path returned 202. Retrying...
2023-07-08T02:10:05.4283321Z A path returned 202. Retrying...
2023-07-08T02:10:05.4283625Z A path returned 202. Retrying...
2023-07-08T02:10:05.4283938Z A path returned 202. Retrying...
2023-07-08T02:10:05.4284206Z A path returned 202. Retrying...
2023-07-08T02:10:05.4284551Z A path returned 202. Retrying...
2023-07-08T02:10:05.4284850Z A path returned 202. Retrying...
2023-07-08T02:10:05.4285162Z A path returned 202. Retrying...
2023-07-08T02:10:05.4285464Z A path returned 202. Retrying...
2023-07-08T02:10:05.4285789Z A path returned 202. Retrying...
2023-07-08T02:10:05.4286089Z A path returned 202. Retrying...
2023-07-08T02:10:05.4286482Z A path returned 202. Retrying...
2023-07-08T02:10:05.4286801Z A path returned 202. Retrying...
2023-07-08T02:10:05.4287132Z A path returned 202. Retrying...
2023-07-08T02:10:05.4287432Z A path returned 202. Retrying...
2023-07-08T02:10:05.4287749Z A path returned 202. Retrying...
2023-07-08T02:10:05.4288053Z A path returned 202. Retrying...
2023-07-08T02:10:05.4288372Z A path returned 202. Retrying...
2023-07-08T02:10:05.4288684Z A path returned 202. Retrying...
2023-07-08T02:10:05.4288940Z A path returned 202. Retrying...
2023-07-08T02:10:05.4289360Z A path returned 202. Retrying...
2023-07-08T02:10:05.4289661Z A path returned 202. Retrying...
2023-07-08T02:10:05.4289999Z A path returned 202. Retrying...
2023-07-08T02:10:05.4290297Z A path returned 202. Retrying...
2023-07-08T02:10:05.4290595Z A path returned 202. Retrying...
2023-07-08T02:10:05.4290894Z A path returned 202. Retrying...
2023-07-08T02:10:05.4291226Z A path returned 202. Retrying...
2023-07-08T02:10:05.4291500Z A path returned 202. Retrying...
2023-07-08T02:10:05.4291812Z A path returned 202. Retrying...
2023-07-08T02:10:05.4292115Z A path returned 202. Retrying...
2023-07-08T02:10:05.4292455Z A path returned 202. Retrying...
2023-07-08T02:10:05.4292755Z A path returned 202. Retrying...
2023-07-08T02:10:05.4293057Z A path returned 202. Retrying...
2023-07-08T02:10:05.4293352Z A path returned 202. Retrying...
2023-07-08T02:10:05.4293622Z A path returned 202. Retrying...
2023-07-08T02:10:05.4293964Z A path returned 202. Retrying...
2023-07-08T02:10:05.4294262Z A path returned 202. Retrying...
2023-07-08T02:10:05.4294566Z A path returned 202. Retrying...
2023-07-08T02:10:05.4294877Z A path returned 202. Retrying...
2023-07-08T02:10:05.4295206Z A path returned 202. Retrying...
2023-07-08T02:10:05.4295509Z A path returned 202. Retrying...
2023-07-08T02:10:05.4295809Z A path returned 202. Retrying...
2023-07-08T02:10:05.4296093Z A path returned 202. Retrying...
2023-07-08T02:10:05.4296424Z A path returned 202. Retrying...
2023-07-08T02:10:05.4296727Z A path returned 202. Retrying...
2023-07-08T02:10:05.4297026Z A path returned 202. Retrying...
2023-07-08T02:10:05.4297334Z A path returned 202. Retrying...
2023-07-08T02:10:05.4297660Z A path returned 202. Retrying...
2023-07-08T02:10:05.4297962Z A path returned 202. Retrying...
2023-07-08T02:10:05.4298268Z A path returned 202. Retrying...
2023-07-08T02:10:05.4298548Z A path returned 202. Retrying...
2023-07-08T02:10:05.4298847Z A path returned 202. Retrying...
2023-07-08T02:10:05.4299166Z A path returned 202. Retrying...
2023-07-08T02:10:05.4299475Z A path returned 202. Retrying...
2023-07-08T02:10:05.4299790Z A path returned 202. Retrying...
2023-07-08T02:10:05.4300092Z A path returned 202. Retrying...
2023-07-08T02:10:05.4300416Z A path returned 202. Retrying...
2023-07-08T02:10:05.4300689Z A path returned 202. Retrying...
2023-07-08T02:10:05.4301009Z A path returned 202. Retrying...
2023-07-08T02:10:05.4301303Z A path returned 202. Retrying...
2023-07-08T02:10:05.4301641Z A path returned 202. Retrying...
2023-07-08T02:10:05.4301947Z A path returned 202. Retrying...
2023-07-08T02:10:05.4302260Z A path returned 202. Retrying...
2023-07-08T02:10:05.4302559Z A path returned 202. Retrying...
2023-07-08T02:10:05.4302884Z A path returned 202. Retrying...
2023-07-08T02:10:05.4303157Z A path returned 202. Retrying...
2023-07-08T02:10:05.4303475Z A path returned 202. Retrying...
2023-07-08T02:10:05.4303770Z A path returned 202. Retrying...
2023-07-08T02:10:05.4304067Z A path returned 202. Retrying...
2023-07-08T02:10:05.4304390Z A path returned 202. Retrying...
2023-07-08T02:10:05.4304706Z A path returned 202. Retrying...
2023-07-08T02:10:05.4305008Z A path returned 202. Retrying...
2023-07-08T02:10:05.4305321Z A path returned 202. Retrying...
2023-07-08T02:10:05.4305608Z A path returned 202. Retrying...
2023-07-08T02:10:05.4305925Z A path returned 202. Retrying...
2023-07-08T02:10:05.4306223Z A path returned 202. Retrying...
2023-07-08T02:10:05.4306523Z A path returned 202. Retrying...
2023-07-08T02:10:05.4306943Z A path returned 202. Retrying...
2023-07-08T02:10:05.4307261Z A path returned 202. Retrying...
2023-07-08T02:10:05.4307569Z A path returned 202. Retrying...
2023-07-08T02:18:53.6425041Z A path returned 202. Retrying...
2023-07-08T02:18:53.6425379Z A path returned 202. Retrying...
2023-07-08T02:18:53.6425637Z A path returned 202. Retrying...
2023-07-08T02:18:53.6425971Z A path returned 202. Retrying...
2023-07-08T02:18:53.6426216Z A path returned 202. Retrying...
2023-07-08T02:18:53.6426449Z A path returned 202. Retrying...
2023-07-08T02:18:53.6427107Z A path returned 202. Retrying...
2023-07-08T02:18:53.6427337Z A path returned 202. Retrying...
2023-07-08T02:18:53.6427574Z A path returned 202. Retrying...
2023-07-08T02:18:53.6427826Z A path returned 202. Retrying...
2023-07-08T02:18:53.6428073Z A path returned 202. Retrying...
2023-07-08T02:18:53.6428308Z A path returned 202. Retrying...
2023-07-08T02:18:53.6428545Z A path returned 202. Retrying...
2023-07-08T02:18:53.6428774Z A path returned 202. Retrying...
2023-07-08T02:18:53.6429010Z A path returned 202. Retrying...
2023-07-08T02:18:53.6429229Z A path returned 202. Retrying...
2023-07-08T02:18:53.6429467Z A path returned 202. Retrying...
2023-07-08T02:18:53.6429719Z A path returned 202. Retrying...
2023-07-08T02:18:53.6429954Z A path returned 202. Retrying...
2023-07-08T02:18:53.6430185Z A path returned 202. Retrying...
2023-07-08T02:18:53.6430412Z A path returned 202. Retrying...
2023-07-08T02:18:53.6430645Z A path returned 202. Retrying...
2023-07-08T02:18:53.6430868Z A path returned 202. Retrying...
2023-07-08T02:18:53.6431093Z A path returned 202. Retrying...
2023-07-08T02:18:53.6431339Z A path returned 202. Retrying...
2023-07-08T02:18:53.6431570Z A path returned 202. Retrying...
2023-07-08T02:18:53.6431797Z A path returned 202. Retrying...
2023-07-08T02:18:53.6432022Z A path returned 202. Retrying...
2023-07-08T02:18:53.6432249Z A path returned 202. Retrying...
2023-07-08T02:18:53.6432472Z A path returned 202. Retrying...
2023-07-08T02:18:53.6432696Z A path returned 202. Retrying...
2023-07-08T02:18:53.6432929Z A path returned 202. Retrying...
2023-07-08T02:18:53.6433170Z A path returned 202. Retrying...
2023-07-08T02:18:53.6433398Z A path returned 202. Retrying...
2023-07-08T02:18:53.6433623Z A path returned 202. Retrying...
2023-07-08T02:18:53.6433851Z A path returned 202. Retrying...
2023-07-08T02:18:53.6434082Z A path returned 202. Retrying...
2023-07-08T02:18:53.6434308Z A path returned 202. Retrying...
2023-07-08T02:18:53.6434525Z A path returned 202. Retrying...
2023-07-08T02:18:53.6434772Z A path returned 202. Retrying...
2023-07-08T02:18:53.6435009Z A path returned 202. Retrying...
2023-07-08T02:18:53.6435234Z A path returned 202. Retrying...
2023-07-08T02:18:53.6435460Z A path returned 202. Retrying...
2023-07-08T02:18:53.6435685Z A path returned 202. Retrying...
2023-07-08T02:18:53.6435912Z A path returned 202. Retrying...
2023-07-08T02:18:53.6436137Z A path returned 202. Retrying...
2023-07-08T02:18:53.6436361Z A path returned 202. Retrying...
2023-07-08T02:18:53.6436607Z A path returned 202. Retrying...
2023-07-08T02:18:53.6436834Z A path returned 202. Retrying...
2023-07-08T02:18:53.6437058Z A path returned 202. Retrying...
2023-07-08T02:18:53.6437286Z A path returned 202. Retrying...
2023-07-08T02:18:53.6437513Z A path returned 202. Retrying...
2023-07-08T02:18:53.6437743Z A path returned 202. Retrying...
2023-07-08T02:18:53.6437959Z A path returned 202. Retrying...
2023-07-08T02:18:53.6438206Z A path returned 202. Retrying...
2023-07-08T02:18:53.6438445Z A path returned 202. Retrying...
2023-07-08T02:18:53.6438676Z A path returned 202. Retrying...
2023-07-08T02:18:53.6439074Z A path returned 202. Retrying...
2023-07-08T02:18:53.6439308Z A path returned 202. Retrying...
2023-07-08T02:18:53.6439536Z A path returned 202. Retrying...
2023-07-08T02:18:53.6439765Z A path returned 202. Retrying...
2023-07-08T02:18:53.6439986Z A path returned 202. Retrying...
2023-07-08T02:18:53.6440229Z A path returned 202. Retrying...
2023-07-08T02:18:53.6440654Z A path returned 202. Retrying...
2023-07-08T02:18:53.6440883Z A path returned 202. Retrying...
2023-07-08T02:18:53.6441114Z A path returned 202. Retrying...
2023-07-08T02:18:53.6441341Z A path returned 202. Retrying...
2023-07-08T02:18:53.6441568Z A path returned 202. Retrying...
2023-07-08T02:18:53.6441801Z A path returned 202. Retrying...
2023-07-08T02:18:53.6442038Z A path returned 202. Retrying...
2023-07-08T02:18:53.6442274Z A path returned 202. Retrying...
2023-07-08T02:18:53.6442501Z A path returned 202. Retrying...
2023-07-08T02:18:53.6442728Z A path returned 202. Retrying...
2023-07-08T02:18:53.6443071Z A path returned 202. Retrying...
2023-07-08T02:18:53.6443297Z A path returned 202. Retrying...
2023-07-08T02:18:53.6443522Z A path returned 202. Retrying...
2023-07-08T02:18:53.6443744Z A path returned 202. Retrying...
2023-07-08T02:18:53.6443986Z A path returned 202. Retrying...
2023-07-08T02:18:53.6444215Z A path returned 202. Retrying...
2023-07-08T02:18:53.6444440Z A path returned 202. Retrying...
2023-07-08T02:18:53.6444670Z A path returned 202. Retrying...
2023-07-08T02:18:53.6444903Z A path returned 202. Retrying...
2023-07-08T02:18:53.6445128Z A path returned 202. Retrying...
2023-07-08T02:18:53.6445353Z A path returned 202. Retrying...
2023-07-08T02:18:53.6445585Z A path returned 202. Retrying...
2023-07-08T02:18:53.6445817Z A path returned 202. Retrying...
2023-07-08T02:18:53.6446044Z A path returned 202. Retrying...
2023-07-08T02:18:53.6446272Z A path returned 202. Retrying...
2023-07-08T02:18:53.6446498Z A path returned 202. Retrying...
2023-07-08T02:18:53.6446732Z A path returned 202. Retrying...
2023-07-08T02:18:53.6446957Z A path returned 202. Retrying...
2023-07-08T02:18:53.6447187Z A path returned 202. Retrying...
2023-07-08T02:18:53.6447417Z A path returned 202. Retrying...
2023-07-08T02:18:53.6447644Z A path returned 202. Retrying...
2023-07-08T02:18:53.6447869Z A path returned 202. Retrying...
2023-07-08T02:18:53.6448095Z A path returned 202. Retrying...
2023-07-08T02:18:53.6448327Z A path returned 202. Retrying...
2023-07-08T02:18:53.6448557Z A path returned 202. Retrying...
2023-07-08T02:18:53.6448782Z A path returned 202. Retrying...
2023-07-08T02:18:53.6449020Z A path returned 202. Retrying...
2023-07-08T02:18:53.6449242Z A path returned 202. Retrying...
2023-07-08T02:18:53.6449472Z A path returned 202. Retrying...
2023-07-08T02:18:53.6449701Z A path returned 202. Retrying...
2023-07-08T02:18:53.6449925Z A path returned 202. Retrying...
2023-07-08T02:18:53.6450153Z A path returned 202. Retrying...
2023-07-08T02:18:53.6450375Z A path returned 202. Retrying...
2023-07-08T02:18:53.6450611Z A path returned 202. Retrying...
2023-07-08T02:18:53.6450844Z A path returned 202. Retrying...
2023-07-08T02:18:53.6451070Z A path returned 202. Retrying...
2023-07-08T02:18:53.6451298Z A path returned 202. Retrying...
2023-07-08T02:18:53.6451523Z A path returned 202. Retrying...
2023-07-08T02:18:53.6451756Z A path returned 202. Retrying...
2023-07-08T02:18:53.6451980Z A path returned 202. Retrying...
2023-07-08T02:18:53.6452213Z A path returned 202. Retrying...
2023-07-08T02:18:53.6452451Z A path returned 202. Retrying...
2023-07-08T02:18:53.6452676Z A path returned 202. Retrying...
2023-07-08T02:18:53.6452908Z A path returned 202. Retrying...
2023-07-08T02:18:53.6453137Z A path returned 202. Retrying...
2023-07-08T02:18:53.6453369Z A path returned 202. Retrying...
2023-07-08T02:18:53.6453596Z A path returned 202. Retrying...
2023-07-08T02:18:53.6453821Z A path returned 202. Retrying...
2023-07-08T02:18:53.6454049Z A path returned 202. Retrying...
2023-07-08T02:18:53.6454291Z A path returned 202. Retrying...
2023-07-08T02:18:53.6454510Z A path returned 202. Retrying...
2023-07-08T02:18:53.6454742Z A path returned 202. Retrying...
2023-07-08T02:18:53.6454967Z A path returned 202. Retrying...
2023-07-08T02:18:53.6455196Z A path returned 202. Retrying...
2023-07-08T02:18:53.6455423Z A path returned 202. Retrying...
2023-07-08T02:18:53.6455647Z A path returned 202. Retrying...
2023-07-08T02:18:53.6456299Z A path returned 202. Retrying...
2023-07-08T02:18:53.6456528Z A path returned 202. Retrying...
2023-07-08T02:18:53.6456754Z A path returned 202. Retrying...
2023-07-08T02:18:53.6456976Z A path returned 202. Retrying...
2023-07-08T02:18:53.6457203Z A path returned 202. Retrying...
2023-07-08T02:18:53.6457432Z A path returned 202. Retrying...
2023-07-08T02:18:53.6457661Z A path returned 202. Retrying...
2023-07-08T02:18:53.6457888Z A path returned 202. Retrying...
2023-07-08T02:18:53.6458120Z A path returned 202. Retrying...
2023-07-08T02:18:53.6458337Z A path returned 202. Retrying...
2023-07-08T02:18:53.6458663Z A path returned 202. Retrying...
2023-07-08T02:18:53.6458889Z A path returned 202. Retrying...
2023-07-08T02:18:53.6459113Z A path returned 202. Retrying...
2023-07-08T02:18:53.6459338Z A path returned 202. Retrying...
2023-07-08T02:18:53.6459560Z A path returned 202. Retrying...
2023-07-08T02:18:53.6459797Z A path returned 202. Retrying...
2023-07-08T02:18:53.6460025Z A path returned 202. Retrying...
2023-07-08T02:18:53.6460247Z A path returned 202. Retrying...
2023-07-08T02:18:53.6460471Z A path returned 202. Retrying...
2023-07-08T02:18:53.6460699Z A path returned 202. Retrying...
2023-07-08T02:18:53.6460927Z A path returned 202. Retrying...
2023-07-08T02:18:53.6461151Z A path returned 202. Retrying...
2023-07-08T02:18:53.6461384Z A path returned 202. Retrying...
2023-07-08T02:18:53.6461622Z A path returned 202. Retrying...
2023-07-08T02:18:53.6461838Z A path returned 202. Retrying...
2023-07-08T02:18:53.6462076Z A path returned 202. Retrying...
2023-07-08T02:18:53.6462303Z A path returned 202. Retrying...
2023-07-08T02:18:53.6462528Z A path returned 202. Retrying...
2023-07-08T02:18:53.6462752Z A path returned 202. Retrying...
2023-07-08T02:18:53.6462976Z A path returned 202. Retrying...
2023-07-08T02:18:53.6463258Z A path returned 202. Retrying...
2023-07-08T02:18:53.6463486Z A path returned 202. Retrying...
2023-07-08T02:18:53.6463702Z A path returned 202. Retrying...
2023-07-08T02:18:53.6463935Z A path returned 202. Retrying...
2023-07-08T02:18:53.6464160Z A path returned 202. Retrying...
2023-07-08T02:18:53.6464387Z A path returned 202. Retrying...
2023-07-08T02:18:53.6464611Z A path returned 202. Retrying...
2023-07-08T02:18:53.6464840Z A path returned 202. Retrying...
2023-07-08T02:18:53.6465078Z A path returned 202. Retrying...
2023-07-08T02:18:53.6465305Z A path returned 202. Retrying...
2023-07-08T02:18:53.6465530Z A path returned 202. Retrying...
2023-07-08T02:18:53.6465757Z A path returned 202. Retrying...
2023-07-08T02:18:53.6465995Z A path returned 202. Retrying...
2023-07-08T02:18:53.6466229Z A path returned 202. Retrying...
2023-07-08T02:18:53.6466458Z A path returned 202. Retrying...
2023-07-08T02:18:53.6466703Z A path returned 202. Retrying...
2023-07-08T02:18:53.6466940Z A path returned 202. Retrying...
2023-07-08T02:18:53.6467157Z A path returned 202. Retrying...
2023-07-08T02:18:53.6467388Z A path returned 202. Retrying...
2023-07-08T02:18:53.6467612Z A path returned 202. Retrying...
2023-07-08T02:18:53.6467844Z A path returned 202. Retrying...
2023-07-08T02:18:53.6468069Z A path returned 202. Retrying...
2023-07-08T02:18:53.6468298Z A path returned 202. Retrying...
2023-07-08T02:18:53.6468532Z A path returned 202. Retrying...
2023-07-08T02:18:53.6468755Z A path returned 202. Retrying...
2023-07-08T02:18:53.6468973Z A path returned 202. Retrying...
2023-07-08T02:18:53.6469195Z A path returned 202. Retrying...
2023-07-08T02:18:53.6469425Z A path returned 202. Retrying...
2023-07-08T02:18:53.6469652Z A path returned 202. Retrying...
2023-07-08T02:18:53.6469887Z A path returned 202. Retrying...
2023-07-08T02:18:53.6470125Z A path returned 202. Retrying...
2023-07-08T02:18:53.6470357Z A path returned 202. Retrying...
2023-07-08T02:18:53.6470585Z A path returned 202. Retrying...
2023-07-08T02:18:53.6470806Z A path returned 202. Retrying...
2023-07-08T02:18:53.6471037Z A path returned 202. Retrying...
2023-07-08T02:18:53.6471264Z A path returned 202. Retrying...
2023-07-08T02:18:53.6471587Z A path returned 202. Retrying...
2023-07-08T02:18:53.6471825Z A path returned 202. Retrying...
2023-07-08T02:18:53.6472060Z A path returned 202. Retrying...
2023-07-08T02:18:53.6472288Z A path returned 202. Retrying...
2023-07-08T02:18:53.6472504Z A path returned 202. Retrying...
2023-07-08T02:18:53.6472730Z A path returned 202. Retrying...
2023-07-08T02:18:53.6472953Z A path returned 202. Retrying...
2023-07-08T02:18:53.6473183Z A path returned 202. Retrying...
2023-07-08T02:18:53.6473408Z A path returned 202. Retrying...
2023-07-08T02:18:53.6473648Z A path returned 202. Retrying...
2023-07-08T02:18:53.6473963Z A path returned 202. Retrying...
2023-07-08T02:18:53.6474192Z A path returned 202. Retrying...
2023-07-08T02:18:53.6474414Z A path returned 202. Retrying...
2023-07-08T02:18:53.6474636Z A path returned 202. Retrying...
2023-07-08T02:18:53.6474868Z A path returned 202. Retrying...
2023-07-08T02:18:53.6475096Z A path returned 202. Retrying...
2023-07-08T02:18:53.6475325Z A path returned 202. Retrying...
2023-07-08T02:18:53.6475567Z A path returned 202. Retrying...
2023-07-08T02:18:53.6475798Z A path returned 202. Retrying...
2023-07-08T02:18:53.6476023Z A path returned 202. Retrying...
2023-07-08T02:18:53.6476241Z A path returned 202. Retrying...
2023-07-08T02:18:53.6476469Z A path returned 202. Retrying...
2023-07-08T02:18:53.6476700Z A path returned 202. Retrying...
2023-07-08T02:18:53.6476926Z A path returned 202. Retrying...
2023-07-08T02:18:53.6477164Z A path returned 202. Retrying...
2023-07-08T02:18:53.6477393Z A path returned 202. Retrying...
2023-07-08T02:18:53.6477620Z A path returned 202. Retrying...
2023-07-08T02:18:53.6477837Z A path returned 202. Retrying...
2023-07-08T02:18:53.6478073Z A path returned 202. Retrying...
2023-07-08T02:18:53.6478299Z A path returned 202. Retrying...
2023-07-08T02:18:53.6478529Z A path returned 202. Retrying...
2023-07-08T02:18:53.6478853Z A path returned 202. Retrying...
2023-07-08T02:18:53.6479099Z A path returned 202. Retrying...
2023-07-08T02:18:53.6479337Z A path returned 202. Retrying...
2023-07-08T02:18:53.6479564Z A path returned 202. Retrying...
2023-07-08T02:18:53.6479782Z A path returned 202. Retrying...
2023-07-08T02:18:53.6480011Z A path returned 202. Retrying...
2023-07-08T02:18:53.6480241Z A path returned 202. Retrying...
2023-07-08T02:18:53.6480472Z A path returned 202. Retrying...
2023-07-08T02:18:53.6480715Z A path returned 202. Retrying...
2023-07-08T02:18:53.6480954Z A path returned 202. Retrying...
2023-07-08T02:18:53.6481187Z A path returned 202. Retrying...
2023-07-08T02:18:53.6481419Z A path returned 202. Retrying...
2023-07-08T02:18:53.6481645Z A path returned 202. Retrying...
2023-07-08T02:18:53.6481872Z A path returned 202. Retrying...
2023-07-08T02:18:53.6482100Z A path returned 202. Retrying...
2023-07-08T02:18:53.6482335Z A path returned 202. Retrying...
2023-07-08T02:18:53.6482571Z A path returned 202. Retrying...
2023-07-08T02:18:53.6482798Z A path returned 202. Retrying...
2023-07-08T02:18:53.6483021Z A path returned 202. Retrying...
2023-07-08T02:18:53.6483242Z A path returned 202. Retrying...
2023-07-08T02:18:53.6483468Z A path returned 202. Retrying...
2023-07-08T02:18:53.6483693Z A path returned 202. Retrying...
2023-07-08T02:27:40.7749250Z A path returned 202. Retrying...
2023-07-08T02:27:40.7749553Z A path returned 202. Retrying...
2023-07-08T02:27:40.7749928Z A path returned 202. Retrying...
2023-07-08T02:27:40.7750223Z A path returned 202. Retrying...
2023-07-08T02:27:40.7750460Z A path returned 202. Retrying...
2023-07-08T02:27:40.7750722Z A path returned 202. Retrying...
2023-07-08T02:27:40.7750991Z A path returned 202. Retrying...
2023-07-08T02:27:40.7751227Z A path returned 202. Retrying...
2023-07-08T02:27:40.7751448Z A path returned 202. Retrying...
2023-07-08T02:27:40.7751671Z A path returned 202. Retrying...
2023-07-08T02:27:40.7751898Z A path returned 202. Retrying...
2023-07-08T02:27:40.7752128Z A path returned 202. Retrying...
2023-07-08T02:27:40.7752366Z A path returned 202. Retrying...
2023-07-08T02:27:40.7752610Z A path returned 202. Retrying...
2023-07-08T02:27:40.7753207Z A path returned 202. Retrying...
2023-07-08T02:27:40.7753440Z A path returned 202. Retrying...
2023-07-08T02:27:40.7753660Z A path returned 202. Retrying...
2023-07-08T02:27:40.7753885Z A path returned 202. Retrying...
2023-07-08T02:27:40.7754112Z A path returned 202. Retrying...
2023-07-08T02:27:40.7754339Z A path returned 202. Retrying...
2023-07-08T02:27:40.7754584Z A path returned 202. Retrying...
2023-07-08T02:27:40.7754821Z A path returned 202. Retrying...
2023-07-08T02:27:40.7755043Z A path returned 202. Retrying...
2023-07-08T02:27:40.7755408Z A path returned 202. Retrying...
2023-07-08T02:27:40.7755633Z A path returned 202. Retrying...
2023-07-08T02:27:40.7755856Z A path returned 202. Retrying...
2023-07-08T02:27:40.7756082Z A path returned 202. Retrying...
2023-07-08T02:27:40.7756415Z A path returned 202. Retrying...
2023-07-08T02:27:40.7756654Z A path returned 202. Retrying...
2023-07-08T02:27:40.7756945Z A path returned 202. Retrying...
2023-07-08T02:27:40.7757190Z A path returned 202. Retrying...
2023-07-08T02:27:40.7757417Z A path returned 202. Retrying...
2023-07-08T02:27:40.7757698Z A path returned 202. Retrying...
2023-07-08T02:27:40.7757943Z A path returned 202. Retrying...
2023-07-08T02:27:40.7758170Z A path returned 202. Retrying...
2023-07-08T02:27:40.7758471Z A path returned 202. Retrying...
2023-07-08T02:27:40.7758716Z A path returned 202. Retrying...
2023-07-08T02:27:40.7759182Z A path returned 202. Retrying...
2023-07-08T02:27:40.7759425Z A path returned 202. Retrying...
2023-07-08T02:27:40.7759719Z A path returned 202. Retrying...
2023-07-08T02:27:40.7759957Z A path returned 202. Retrying...
2023-07-08T02:27:40.7760243Z A path returned 202. Retrying...
2023-07-08T02:27:40.7760490Z A path returned 202. Retrying...
2023-07-08T02:27:40.7760781Z A path returned 202. Retrying...
2023-07-08T02:27:40.7761034Z A path returned 202. Retrying...
2023-07-08T02:27:40.7761255Z A path returned 202. Retrying...
2023-07-08T02:27:40.7761480Z A path returned 202. Retrying...
2023-07-08T02:27:40.7761773Z A path returned 202. Retrying...
2023-07-08T02:27:40.7762013Z A path returned 202. Retrying...
2023-07-08T02:27:40.7762297Z A path returned 202. Retrying...
2023-07-08T02:27:40.7762566Z A path returned 202. Retrying...
2023-07-08T02:27:40.7762799Z A path returned 202. Retrying...
2023-07-08T02:27:40.7763023Z A path returned 202. Retrying...
2023-07-08T02:27:40.7763240Z A path returned 202. Retrying...
2023-07-08T02:27:40.7763528Z A path returned 202. Retrying...
2023-07-08T02:27:40.7763772Z A path returned 202. Retrying...
2023-07-08T02:27:40.7764065Z A path returned 202. Retrying...
2023-07-08T02:27:40.7764309Z A path returned 202. Retrying...
2023-07-08T02:27:40.7764608Z A path returned 202. Retrying...
2023-07-08T02:27:40.7764858Z A path returned 202. Retrying...
2023-07-08T02:27:40.7765079Z A path returned 202. Retrying...
2023-07-08T02:27:40.7765300Z A path returned 202. Retrying...
2023-07-08T02:27:40.7765585Z A path returned 202. Retrying...
2023-07-08T02:27:40.7765822Z A path returned 202. Retrying...
2023-07-08T02:27:40.7766108Z A path returned 202. Retrying...
2023-07-08T02:27:40.7766364Z A path returned 202. Retrying...
2023-07-08T02:27:40.7766660Z A path returned 202. Retrying...
2023-07-08T02:27:40.7766898Z A path returned 202. Retrying...
2023-07-08T02:27:40.7767184Z A path returned 202. Retrying...
2023-07-08T02:27:40.7767426Z A path returned 202. Retrying...
2023-07-08T02:27:40.7767711Z A path returned 202. Retrying...
2023-07-08T02:27:40.7767948Z A path returned 202. Retrying...
2023-07-08T02:27:40.7768249Z A path returned 202. Retrying...
2023-07-08T02:27:40.7768497Z A path returned 202. Retrying...
2023-07-08T02:27:40.7768778Z A path returned 202. Retrying...
2023-07-08T02:27:40.7769023Z A path returned 202. Retrying...
2023-07-08T02:27:40.7769312Z A path returned 202. Retrying...
2023-07-08T02:27:40.7769551Z A path returned 202. Retrying...
2023-07-08T02:27:40.7769773Z A path returned 202. Retrying...
2023-07-08T02:27:40.7770058Z A path returned 202. Retrying...
2023-07-08T02:27:40.7770457Z A path returned 202. Retrying...
2023-07-08T02:27:40.7770754Z A path returned 202. Retrying...
2023-07-08T02:27:40.7771007Z A path returned 202. Retrying...
2023-07-08T02:27:40.7771232Z A path returned 202. Retrying...
2023-07-08T02:27:40.7771448Z A path returned 202. Retrying...
2023-07-08T02:27:40.7771674Z A path returned 202. Retrying...
2023-07-08T02:27:40.7771900Z A path returned 202. Retrying...
2023-07-08T02:27:40.7772130Z A path returned 202. Retrying...
2023-07-08T02:27:40.7772434Z A path returned 202. Retrying...
2023-07-08T02:27:40.7772835Z A path returned 202. Retrying...
2023-07-08T02:27:40.7773073Z A path returned 202. Retrying...
2023-07-08T02:27:40.7773364Z A path returned 202. Retrying...
2023-07-08T02:27:40.7773609Z A path returned 202. Retrying...
2023-07-08T02:27:40.7773830Z A path returned 202. Retrying...
2023-07-08T02:27:40.7774107Z A path returned 202. Retrying...
2023-07-08T02:27:40.7774355Z A path returned 202. Retrying...
2023-07-08T02:27:40.7774657Z A path returned 202. Retrying...
2023-07-08T02:27:40.7774907Z A path returned 202. Retrying...
2023-07-08T02:27:40.7775132Z A path returned 202. Retrying...
2023-07-08T02:27:40.7775416Z A path returned 202. Retrying...
2023-07-08T02:27:40.7775660Z A path returned 202. Retrying...
2023-07-08T02:27:40.7775943Z A path returned 202. Retrying...
2023-07-08T02:27:40.7776184Z A path returned 202. Retrying...
2023-07-08T02:27:40.7776481Z A path returned 202. Retrying...
2023-07-08T02:27:40.7776719Z A path returned 202. Retrying...
2023-07-08T02:27:40.7776946Z A path returned 202. Retrying...
2023-07-08T02:27:40.7777165Z A path returned 202. Retrying...
2023-07-08T02:27:40.7777457Z A path returned 202. Retrying...
2023-07-08T02:27:40.7777695Z A path returned 202. Retrying...
2023-07-08T02:27:40.7777919Z A path returned 202. Retrying...
2023-07-08T02:27:40.7778214Z A path returned 202. Retrying...
2023-07-08T02:27:40.7778458Z A path returned 202. Retrying...
2023-07-08T02:27:40.7778744Z A path returned 202. Retrying...
2023-07-08T02:27:40.7778990Z A path returned 202. Retrying...
2023-07-08T02:27:40.7779277Z A path returned 202. Retrying...
2023-07-08T02:27:40.7779512Z A path returned 202. Retrying...
2023-07-08T02:27:40.7779803Z A path returned 202. Retrying...
2023-07-08T02:27:40.7780043Z A path returned 202. Retrying...
2023-07-08T02:27:40.7780333Z A path returned 202. Retrying...
2023-07-08T02:27:40.7780581Z A path returned 202. Retrying...
2023-07-08T02:27:40.7780802Z A path returned 202. Retrying...
2023-07-08T02:27:40.7781023Z A path returned 202. Retrying...
2023-07-08T02:27:40.7781314Z A path returned 202. Retrying...
2023-07-08T02:27:40.7781555Z A path returned 202. Retrying...
2023-07-08T02:27:40.7781797Z A path returned 202. Retrying...
2023-07-08T02:27:40.7782095Z A path returned 202. Retrying...
2023-07-08T02:27:40.7782344Z A path returned 202. Retrying...
2023-07-08T02:27:40.7782633Z A path returned 202. Retrying...
2023-07-08T02:27:40.7782876Z A path returned 202. Retrying...
2023-07-08T02:27:40.7783164Z A path returned 202. Retrying...
2023-07-08T02:27:40.7783406Z A path returned 202. Retrying...
2023-07-08T02:27:40.7783695Z A path returned 202. Retrying...
2023-07-08T02:27:40.7783942Z A path returned 202. Retrying...
2023-07-08T02:27:40.7784244Z A path returned 202. Retrying...
2023-07-08T02:27:40.7784493Z A path returned 202. Retrying...
2023-07-08T02:27:40.7784774Z A path returned 202. Retrying...
2023-07-08T02:27:40.7785010Z A path returned 202. Retrying...
2023-07-08T02:27:40.7785236Z A path returned 202. Retrying...
2023-07-08T02:27:40.7785526Z A path returned 202. Retrying...
2023-07-08T02:27:40.7785768Z A path returned 202. Retrying...
2023-07-08T02:27:40.7786062Z A path returned 202. Retrying...
2023-07-08T02:27:40.7786305Z A path returned 202. Retrying...
2023-07-08T02:27:40.7786589Z A path returned 202. Retrying...
2023-07-08T02:27:40.7786827Z A path returned 202. Retrying...
2023-07-08T02:27:40.7787114Z A path returned 202. Retrying...
2023-07-08T02:27:40.7787351Z A path returned 202. Retrying...
2023-07-08T02:27:40.7787744Z A path returned 202. Retrying...
2023-07-08T02:27:40.7788033Z A path returned 202. Retrying...
2023-07-08T02:27:40.7788291Z A path returned 202. Retrying...
2023-07-08T02:27:40.7788579Z A path returned 202. Retrying...
2023-07-08T02:27:40.7788828Z A path returned 202. Retrying...
2023-07-08T02:27:40.7789055Z A path returned 202. Retrying...
2023-07-08T02:27:40.7789348Z A path returned 202. Retrying...
2023-07-08T02:27:40.7789570Z A path returned 202. Retrying...
2023-07-08T02:27:40.7789856Z A path returned 202. Retrying...
2023-07-08T02:27:40.7790272Z A path returned 202. Retrying...
2023-07-08T02:27:40.7790516Z A path returned 202. Retrying...
2023-07-08T02:27:40.7790803Z A path returned 202. Retrying...
2023-07-08T02:27:40.7791045Z A path returned 202. Retrying...
2023-07-08T02:27:40.7791273Z A path returned 202. Retrying...
2023-07-08T02:27:40.7791497Z A path returned 202. Retrying...
2023-07-08T02:27:40.7791722Z A path returned 202. Retrying...
2023-07-08T02:27:40.7791957Z A path returned 202. Retrying...
2023-07-08T02:27:40.7792199Z A path returned 202. Retrying...
2023-07-08T02:27:40.7792424Z A path returned 202. Retrying...
2023-07-08T02:27:40.7792645Z A path returned 202. Retrying...
2023-07-08T02:27:40.7792860Z A path returned 202. Retrying...
2023-07-08T02:27:40.7793087Z A path returned 202. Retrying...
2023-07-08T02:27:40.7793385Z A path returned 202. Retrying...
2023-07-08T02:27:40.7793624Z A path returned 202. Retrying...
2023-07-08T02:27:40.7793931Z A path returned 202. Retrying...
2023-07-08T02:27:40.7794184Z A path returned 202. Retrying...
2023-07-08T02:27:40.7794477Z A path returned 202. Retrying...
2023-07-08T02:27:40.7794716Z A path returned 202. Retrying...
2023-07-08T02:27:40.7795009Z A path returned 202. Retrying...
2023-07-08T02:27:40.7795247Z A path returned 202. Retrying...
2023-07-08T02:27:40.7795529Z A path returned 202. Retrying...
2023-07-08T02:27:40.7795765Z A path returned 202. Retrying...
2023-07-08T02:27:40.7796059Z A path returned 202. Retrying...
2023-07-08T02:27:40.7796311Z A path returned 202. Retrying...
2023-07-08T02:27:40.7796595Z A path returned 202. Retrying...
2023-07-08T02:27:40.7796837Z A path returned 202. Retrying...
2023-07-08T02:27:40.7797121Z A path returned 202. Retrying...
2023-07-08T02:27:40.7797359Z A path returned 202. Retrying...
2023-07-08T02:27:40.7797647Z A path returned 202. Retrying...
2023-07-08T02:27:40.7797900Z A path returned 202. Retrying...
2023-07-08T02:27:40.7798188Z A path returned 202. Retrying...
2023-07-08T02:27:40.7798428Z A path returned 202. Retrying...
2023-07-08T02:27:40.7798705Z A path returned 202. Retrying...
2023-07-08T02:27:40.7799036Z A path returned 202. Retrying...
2023-07-08T02:27:40.7799329Z A path returned 202. Retrying...
2023-07-08T02:27:40.7799577Z A path returned 202. Retrying...
2023-07-08T02:27:40.7799805Z A path returned 202. Retrying...
2023-07-08T02:27:40.7800037Z A path returned 202. Retrying...
2023-07-08T02:27:40.7800327Z A path returned 202. Retrying...
2023-07-08T02:27:40.7800555Z A path returned 202. Retrying...
2023-07-08T02:27:40.7800940Z A path returned 202. Retrying...
2023-07-08T02:27:40.7801181Z A path returned 202. Retrying...
2023-07-08T02:27:40.7801396Z A path returned 202. Retrying...
2023-07-08T02:27:40.7801622Z A path returned 202. Retrying...
2023-07-08T02:27:40.7801929Z A path returned 202. Retrying...
2023-07-08T02:27:40.7802237Z A path returned 202. Retrying...
2023-07-08T02:27:40.7802527Z A path returned 202. Retrying...
2023-07-08T02:27:40.7802771Z A path returned 202. Retrying...
2023-07-08T02:27:40.7803064Z A path returned 202. Retrying...
2023-07-08T02:27:40.7803304Z A path returned 202. Retrying...
2023-07-08T02:27:40.7803589Z A path returned 202. Retrying...
2023-07-08T02:27:40.7803836Z A path returned 202. Retrying...
2023-07-08T02:27:40.7804124Z A path returned 202. Retrying...
2023-07-08T02:27:40.7804355Z A path returned 202. Retrying...
2023-07-08T02:27:40.7804641Z A path returned 202. Retrying...
2023-07-08T02:27:40.7804880Z A path returned 202. Retrying...
2023-07-08T02:27:40.7805240Z A path returned 202. Retrying...
2023-07-08T02:27:40.7805531Z A path returned 202. Retrying...
2023-07-08T02:27:40.7805779Z A path returned 202. Retrying...
2023-07-08T02:27:40.7806014Z A path returned 202. Retrying...
2023-07-08T02:27:40.7806241Z A path returned 202. Retrying...
2023-07-08T02:27:40.7806467Z A path returned 202. Retrying...
2023-07-08T02:27:40.7806752Z A path returned 202. Retrying...
2023-07-08T02:27:40.7806999Z A path returned 202. Retrying...
2023-07-08T02:27:40.7807291Z A path returned 202. Retrying...
2023-07-08T02:27:40.7807756Z A path returned 202. Retrying...
2023-07-08T02:27:40.7808001Z A path returned 202. Retrying...
2023-07-08T02:27:40.7808301Z A path returned 202. Retrying...
2023-07-08T02:27:40.7808610Z A path returned 202. Retrying...
2023-07-08T02:27:40.7808901Z A path returned 202. Retrying...
2023-07-08T02:27:40.7809140Z A path returned 202. Retrying...
2023-07-08T02:27:40.7809429Z A path returned 202. Retrying...
2023-07-08T02:27:40.7809673Z A path returned 202. Retrying...
2023-07-08T02:27:40.7809955Z A path returned 202. Retrying...
2023-07-08T02:27:40.7810203Z A path returned 202. Retrying...
2023-07-08T02:27:40.7810492Z A path returned 202. Retrying...
2023-07-08T02:27:40.7810732Z A path returned 202. Retrying...
2023-07-08T02:27:40.7811022Z A path returned 202. Retrying...
2023-07-08T02:27:40.7811265Z A path returned 202. Retrying...
2023-07-08T02:27:40.7811551Z A path returned 202. Retrying...
2023-07-08T02:27:40.7811795Z A path returned 202. Retrying...
2023-07-08T02:27:40.7812032Z A path returned 202. Retrying...
2023-07-08T02:27:40.7812261Z A path returned 202. Retrying...
2023-07-08T02:27:40.7812547Z A path returned 202. Retrying...
2023-07-08T02:27:40.7812782Z A path returned 202. Retrying...
2023-07-08T02:27:40.7813002Z A path returned 202. Retrying...
2023-07-08T02:27:40.7813224Z A path returned 202. Retrying...
2023-07-08T02:27:40.7813450Z A path returned 202. Retrying...
2023-07-08T02:27:40.7813674Z A path returned 202. Retrying...
2023-07-08T02:27:40.7813908Z A path returned 202. Retrying...
2023-07-08T02:27:40.7814139Z A path returned 202. Retrying...
2023-07-08T02:27:40.7814358Z A path returned 202. Retrying...
2023-07-08T02:36:25.6122396Z A path returned 202. Retrying...
2023-07-08T02:36:25.6122718Z A path returned 202. Retrying...
2023-07-08T02:36:25.6122960Z A path returned 202. Retrying...
2023-07-08T02:36:25.6123187Z A path returned 202. Retrying...
2023-07-08T02:36:25.6123426Z A path returned 202. Retrying...
2023-07-08T02:36:25.6123656Z A path returned 202. Retrying...
2023-07-08T02:36:25.6123931Z A path returned 202. Retrying...
2023-07-08T02:36:25.6124185Z A path returned 202. Retrying...
2023-07-08T02:36:25.6124416Z A path returned 202. Retrying...
2023-07-08T02:36:25.6124648Z A path returned 202. Retrying...
2023-07-08T02:36:25.6124879Z A path returned 202. Retrying...
2023-07-08T02:36:25.6125108Z A path returned 202. Retrying...
2023-07-08T02:36:25.6125336Z A path returned 202. Retrying...
2023-07-08T02:36:25.6125563Z A path returned 202. Retrying...
2023-07-08T02:36:25.6125814Z A path returned 202. Retrying...
2023-07-08T02:36:25.6126060Z A path returned 202. Retrying...
2023-07-08T02:36:25.6126291Z A path returned 202. Retrying...
2023-07-08T02:36:25.6126519Z A path returned 202. Retrying...
2023-07-08T02:36:25.6126753Z A path returned 202. Retrying...
2023-07-08T02:36:25.6126977Z A path returned 202. Retrying...
2023-07-08T02:36:25.6127208Z A path returned 202. Retrying...
2023-07-08T02:36:25.6127431Z A path returned 202. Retrying...
2023-07-08T02:36:25.6127680Z A path returned 202. Retrying...
2023-07-08T02:36:25.6127912Z A path returned 202. Retrying...
2023-07-08T02:36:25.6128142Z A path returned 202. Retrying...
2023-07-08T02:36:25.6128373Z A path returned 202. Retrying...
2023-07-08T02:36:25.6128604Z A path returned 202. Retrying...
2023-07-08T02:36:25.6128832Z A path returned 202. Retrying...
2023-07-08T02:36:25.6129045Z A path returned 202. Retrying...
2023-07-08T02:36:25.6129286Z A path returned 202. Retrying...
2023-07-08T02:36:25.6129861Z A path returned 202. Retrying...
2023-07-08T02:36:25.6130097Z A path returned 202. Retrying...
2023-07-08T02:36:25.6130325Z A path returned 202. Retrying...
2023-07-08T02:36:25.6130557Z A path returned 202. Retrying...
2023-07-08T02:36:25.6130785Z A path returned 202. Retrying...
2023-07-08T02:36:25.6131013Z A path returned 202. Retrying...
2023-07-08T02:36:25.6131236Z A path returned 202. Retrying...
2023-07-08T02:36:25.6131483Z A path returned 202. Retrying...
2023-07-08T02:36:25.6131800Z A path returned 202. Retrying...
2023-07-08T02:36:25.6132181Z A path returned 202. Retrying...
2023-07-08T02:36:25.6132402Z A path returned 202. Retrying...
2023-07-08T02:36:25.6132629Z A path returned 202. Retrying...
2023-07-08T02:36:25.6132857Z A path returned 202. Retrying...
2023-07-08T02:36:25.6133089Z A path returned 202. Retrying...
2023-07-08T02:36:25.6133332Z A path returned 202. Retrying...
2023-07-08T02:36:25.6133566Z A path returned 202. Retrying...
2023-07-08T02:36:25.6133801Z A path returned 202. Retrying...
2023-07-08T02:36:25.6134033Z A path returned 202. Retrying...
2023-07-08T02:36:25.6134258Z A path returned 202. Retrying...
2023-07-08T02:36:25.6134479Z A path returned 202. Retrying...
2023-07-08T02:36:25.6134709Z A path returned 202. Retrying...
2023-07-08T02:36:25.6134944Z A path returned 202. Retrying...
2023-07-08T02:36:25.6135192Z A path returned 202. Retrying...
2023-07-08T02:36:25.6135422Z A path returned 202. Retrying...
2023-07-08T02:36:25.6135651Z A path returned 202. Retrying...
2023-07-08T02:36:25.6135877Z A path returned 202. Retrying...
2023-07-08T02:36:25.6136108Z A path returned 202. Retrying...
2023-07-08T02:36:25.6136334Z A path returned 202. Retrying...
2023-07-08T02:36:25.6136564Z A path returned 202. Retrying...
2023-07-08T02:36:25.6136807Z A path returned 202. Retrying...
2023-07-08T02:36:25.6137045Z A path returned 202. Retrying...
2023-07-08T02:36:25.6137270Z A path returned 202. Retrying...
2023-07-08T02:36:25.6137495Z A path returned 202. Retrying...
2023-07-08T02:36:25.6137721Z A path returned 202. Retrying...
2023-07-08T02:36:25.6137954Z A path returned 202. Retrying...
2023-07-08T02:36:25.6138181Z A path returned 202. Retrying...
2023-07-08T02:36:25.6138409Z A path returned 202. Retrying...
2023-07-08T02:36:25.6138649Z A path returned 202. Retrying...
2023-07-08T02:36:25.6138875Z A path returned 202. Retrying...
2023-07-08T02:36:25.6139105Z A path returned 202. Retrying...
2023-07-08T02:36:25.6139336Z A path returned 202. Retrying...
2023-07-08T02:36:25.6139554Z A path returned 202. Retrying...
2023-07-08T02:36:25.6139782Z A path returned 202. Retrying...
2023-07-08T02:36:25.6140010Z A path returned 202. Retrying...
2023-07-08T02:36:25.6140252Z A path returned 202. Retrying...
2023-07-08T02:36:25.6140487Z A path returned 202. Retrying...
2023-07-08T02:36:25.6140712Z A path returned 202. Retrying...
2023-07-08T02:36:25.6140938Z A path returned 202. Retrying...
2023-07-08T02:36:25.6141157Z A path returned 202. Retrying...
2023-07-08T02:36:25.6141387Z A path returned 202. Retrying...
2023-07-08T02:36:25.6141613Z A path returned 202. Retrying...
2023-07-08T02:36:25.6141845Z A path returned 202. Retrying...
2023-07-08T02:36:25.6142083Z A path returned 202. Retrying...
2023-07-08T02:36:25.6142310Z A path returned 202. Retrying...
2023-07-08T02:36:25.6142534Z A path returned 202. Retrying...
2023-07-08T02:36:25.6142757Z A path returned 202. Retrying...
2023-07-08T02:36:25.6142972Z A path returned 202. Retrying...
2023-07-08T02:36:25.6143197Z A path returned 202. Retrying...
2023-07-08T02:36:25.6143423Z A path returned 202. Retrying...
2023-07-08T02:36:25.6143668Z A path returned 202. Retrying...
2023-07-08T02:36:25.6143906Z A path returned 202. Retrying...
2023-07-08T02:36:25.6144134Z A path returned 202. Retrying...
2023-07-08T02:36:25.6144363Z A path returned 202. Retrying...
2023-07-08T02:36:25.6144589Z A path returned 202. Retrying...
2023-07-08T02:36:25.6144805Z A path returned 202. Retrying...
2023-07-08T02:36:25.6145028Z A path returned 202. Retrying...
2023-07-08T02:36:25.6145354Z A path returned 202. Retrying...
2023-07-08T02:36:25.6145601Z A path returned 202. Retrying...
2023-07-08T02:36:25.6145833Z A path returned 202. Retrying...
2023-07-08T02:36:25.6146059Z A path returned 202. Retrying...
2023-07-08T02:36:25.6146281Z A path returned 202. Retrying...
2023-07-08T02:36:25.6146502Z A path returned 202. Retrying...
2023-07-08T02:36:25.6146727Z A path returned 202. Retrying...
2023-07-08T02:36:25.6146955Z A path returned 202. Retrying...
2023-07-08T02:36:25.6147203Z A path returned 202. Retrying...
2023-07-08T02:36:25.6147523Z A path returned 202. Retrying...
2023-07-08T02:36:25.6147750Z A path returned 202. Retrying...
2023-07-08T02:36:25.6147975Z A path returned 202. Retrying...
2023-07-08T02:36:25.6148211Z A path returned 202. Retrying...
2023-07-08T02:36:25.6148434Z A path returned 202. Retrying...
2023-07-08T02:36:25.6148658Z A path returned 202. Retrying...
2023-07-08T02:36:25.6148890Z A path returned 202. Retrying...
2023-07-08T02:36:25.6149131Z A path returned 202. Retrying...
2023-07-08T02:36:25.6149365Z A path returned 202. Retrying...
2023-07-08T02:36:25.6149594Z A path returned 202. Retrying...
2023-07-08T02:36:25.6149821Z A path returned 202. Retrying...
2023-07-08T02:36:25.6150052Z A path returned 202. Retrying...
2023-07-08T02:36:25.6150268Z A path returned 202. Retrying...
2023-07-08T02:36:25.6150503Z A path returned 202. Retrying...
2023-07-08T02:36:25.6150740Z A path returned 202. Retrying...
2023-07-08T02:36:25.6150980Z A path returned 202. Retrying...
2023-07-08T02:36:25.6151212Z A path returned 202. Retrying...
2023-07-08T02:36:25.6151440Z A path returned 202. Retrying...
2023-07-08T02:36:25.6151667Z A path returned 202. Retrying...
2023-07-08T02:36:25.6151895Z A path returned 202. Retrying...
2023-07-08T02:36:25.6152113Z A path returned 202. Retrying...
2023-07-08T02:36:25.6152343Z A path returned 202. Retrying...
2023-07-08T02:36:25.6152581Z A path returned 202. Retrying...
2023-07-08T02:36:25.6152812Z A path returned 202. Retrying...
2023-07-08T02:36:25.6153042Z A path returned 202. Retrying...
2023-07-08T02:36:25.6153267Z A path returned 202. Retrying...
2023-07-08T02:36:25.6153495Z A path returned 202. Retrying...
2023-07-08T02:36:25.6153716Z A path returned 202. Retrying...
2023-07-08T02:36:25.6153939Z A path returned 202. Retrying...
2023-07-08T02:36:25.6154177Z A path returned 202. Retrying...
2023-07-08T02:36:25.6154404Z A path returned 202. Retrying...
2023-07-08T02:36:25.6154637Z A path returned 202. Retrying...
2023-07-08T02:36:25.6154864Z A path returned 202. Retrying...
2023-07-08T02:36:25.6155098Z A path returned 202. Retrying...
2023-07-08T02:36:25.6155324Z A path returned 202. Retrying...
2023-07-08T02:36:25.6155541Z A path returned 202. Retrying...
2023-07-08T02:36:25.6155778Z A path returned 202. Retrying...
2023-07-08T02:36:25.6156020Z A path returned 202. Retrying...
2023-07-08T02:36:25.6156248Z A path returned 202. Retrying...
2023-07-08T02:36:25.6156473Z A path returned 202. Retrying...
2023-07-08T02:36:25.6156703Z A path returned 202. Retrying...
2023-07-08T02:36:25.6156932Z A path returned 202. Retrying...
2023-07-08T02:36:25.6157155Z A path returned 202. Retrying...
2023-07-08T02:36:25.6157377Z A path returned 202. Retrying...
2023-07-08T02:36:25.6157613Z A path returned 202. Retrying...
2023-07-08T02:36:25.6157847Z A path returned 202. Retrying...
2023-07-08T02:36:25.6158078Z A path returned 202. Retrying...
2023-07-08T02:36:25.6158311Z A path returned 202. Retrying...
2023-07-08T02:36:25.6158542Z A path returned 202. Retrying...
2023-07-08T02:36:25.6158924Z A path returned 202. Retrying...
2023-07-08T02:36:25.6159146Z A path returned 202. Retrying...
2023-07-08T02:36:25.6159386Z A path returned 202. Retrying...
2023-07-08T02:36:25.6159625Z A path returned 202. Retrying...
2023-07-08T02:36:25.6159860Z A path returned 202. Retrying...
2023-07-08T02:36:25.6160096Z A path returned 202. Retrying...
2023-07-08T02:36:25.6160328Z A path returned 202. Retrying...
2023-07-08T02:36:25.6160559Z A path returned 202. Retrying...
2023-07-08T02:36:25.6160905Z A path returned 202. Retrying...
2023-07-08T02:36:25.6161126Z A path returned 202. Retrying...
2023-07-08T02:36:25.6161367Z A path returned 202. Retrying...
2023-07-08T02:36:25.6161602Z A path returned 202. Retrying...
2023-07-08T02:36:25.6161829Z A path returned 202. Retrying...
2023-07-08T02:36:25.6162056Z A path returned 202. Retrying...
2023-07-08T02:36:25.6162292Z A path returned 202. Retrying...
2023-07-08T02:36:25.6162520Z A path returned 202. Retrying...
2023-07-08T02:36:25.6162749Z A path returned 202. Retrying...
2023-07-08T02:36:25.6163073Z A path returned 202. Retrying...
2023-07-08T02:36:25.6163313Z A path returned 202. Retrying...
2023-07-08T02:36:25.6163545Z A path returned 202. Retrying...
2023-07-08T02:36:25.6163773Z A path returned 202. Retrying...
2023-07-08T02:36:25.6164000Z A path returned 202. Retrying...
2023-07-08T02:36:25.6164228Z A path returned 202. Retrying...
2023-07-08T02:36:25.6164459Z A path returned 202. Retrying...
2023-07-08T02:36:25.6164677Z A path returned 202. Retrying...
2023-07-08T02:36:25.6164921Z A path returned 202. Retrying...
2023-07-08T02:36:25.6165157Z A path returned 202. Retrying...
2023-07-08T02:36:25.6165387Z A path returned 202. Retrying...
2023-07-08T02:36:25.6165615Z A path returned 202. Retrying...
2023-07-08T02:36:25.6165846Z A path returned 202. Retrying...
2023-07-08T02:36:25.6166075Z A path returned 202. Retrying...
2023-07-08T02:36:25.6166298Z A path returned 202. Retrying...
2023-07-08T02:36:25.6166517Z A path returned 202. Retrying...
2023-07-08T02:36:25.6166759Z A path returned 202. Retrying...
2023-07-08T02:36:25.6166995Z A path returned 202. Retrying...
2023-07-08T02:36:25.6167219Z A path returned 202. Retrying...
2023-07-08T02:36:25.6167443Z A path returned 202. Retrying...
2023-07-08T02:36:25.6167671Z A path returned 202. Retrying...
2023-07-08T02:36:25.6167899Z A path returned 202. Retrying...
2023-07-08T02:36:25.6168127Z A path returned 202. Retrying...
2023-07-08T02:36:25.6168357Z A path returned 202. Retrying...
2023-07-08T02:36:25.6168590Z A path returned 202. Retrying...
2023-07-08T02:36:25.6168822Z A path returned 202. Retrying...
2023-07-08T02:36:25.6169051Z A path returned 202. Retrying...
2023-07-08T02:36:25.6169278Z A path returned 202. Retrying...
2023-07-08T02:36:25.6169503Z A path returned 202. Retrying...
2023-07-08T02:36:25.6169736Z A path returned 202. Retrying...
2023-07-08T02:36:25.6169954Z A path returned 202. Retrying...
2023-07-08T02:36:25.6170196Z A path returned 202. Retrying...
2023-07-08T02:36:25.6170425Z A path returned 202. Retrying...
2023-07-08T02:36:25.6170659Z A path returned 202. Retrying...
2023-07-08T02:36:25.6170888Z A path returned 202. Retrying...
2023-07-08T02:36:25.6171113Z A path returned 202. Retrying...
2023-07-08T02:36:25.6171338Z A path returned 202. Retrying...
2023-07-08T02:36:25.6171562Z A path returned 202. Retrying...
2023-07-08T02:36:25.6171790Z A path returned 202. Retrying...
2023-07-08T02:36:25.6172022Z A path returned 202. Retrying...
2023-07-08T02:36:25.6172253Z A path returned 202. Retrying...
2023-07-08T02:36:25.6172480Z A path returned 202. Retrying...
2023-07-08T02:36:25.6172707Z A path returned 202. Retrying...
2023-07-08T02:36:25.6172938Z A path returned 202. Retrying...
2023-07-08T02:36:25.6173167Z A path returned 202. Retrying...
2023-07-08T02:36:25.6173397Z A path returned 202. Retrying...
2023-07-08T02:36:25.6173630Z A path returned 202. Retrying...
2023-07-08T02:36:25.6173857Z A path returned 202. Retrying...
2023-07-08T02:36:25.6174083Z A path returned 202. Retrying...
2023-07-08T02:36:25.6174308Z A path returned 202. Retrying...
2023-07-08T02:36:25.6174539Z A path returned 202. Retrying...
2023-07-08T02:36:25.6174763Z A path returned 202. Retrying...
2023-07-08T02:36:25.6174995Z A path returned 202. Retrying...
2023-07-08T02:36:25.6175226Z A path returned 202. Retrying...
2023-07-08T02:36:25.6175454Z A path returned 202. Retrying...
2023-07-08T02:36:25.6175679Z A path returned 202. Retrying...
2023-07-08T02:36:25.6175909Z A path returned 202. Retrying...
2023-07-08T02:36:25.6176233Z A path returned 202. Retrying...
2023-07-08T02:36:25.6176465Z A path returned 202. Retrying...
2023-07-08T02:36:25.6176688Z A path returned 202. Retrying...
2023-07-08T02:36:25.6176919Z A path returned 202. Retrying...
2023-07-08T02:36:25.6177143Z A path returned 202. Retrying...
2023-07-08T02:36:25.6177371Z A path returned 202. Retrying...
2023-07-08T02:36:25.6177595Z A path returned 202. Retrying...
2023-07-08T02:36:25.6177819Z A path returned 202. Retrying...
2023-07-08T02:36:25.6178044Z A path returned 202. Retrying...
2023-07-08T02:36:25.6178404Z A path returned 202. Retrying...
2023-07-08T02:36:25.6178634Z A path returned 202. Retrying...
2023-07-08T02:36:25.6178870Z A path returned 202. Retrying...
2023-07-08T02:36:25.6179090Z A path returned 202. Retrying...
2023-07-08T02:36:25.6179316Z A path returned 202. Retrying...
2023-07-08T02:36:25.6179542Z A path returned 202. Retrying...
2023-07-08T02:36:25.6179770Z A path returned 202. Retrying...
2023-07-08T02:36:25.6180001Z A path returned 202. Retrying...
2023-07-08T02:36:25.6180222Z A path returned 202. Retrying...
2023-07-08T02:36:25.6180450Z A path returned 202. Retrying...
2023-07-08T02:36:25.6180677Z A path returned 202. Retrying...
2023-07-08T02:45:10.9056807Z A path returned 202. Retrying...
2023-07-08T02:45:10.9057137Z A path returned 202. Retrying...
2023-07-08T02:45:10.9057487Z A path returned 202. Retrying...
2023-07-08T02:45:10.9057739Z A path returned 202. Retrying...
2023-07-08T02:45:10.9057978Z A path returned 202. Retrying...
2023-07-08T02:45:10.9058219Z A path returned 202. Retrying...
2023-07-08T02:45:10.9058477Z A path returned 202. Retrying...
2023-07-08T02:45:10.9058707Z A path returned 202. Retrying...
2023-07-08T02:45:10.9058938Z A path returned 202. Retrying...
2023-07-08T02:45:10.9059166Z A path returned 202. Retrying...
2023-07-08T02:45:10.9059409Z A path returned 202. Retrying...
2023-07-08T02:45:10.9059648Z A path returned 202. Retrying...
2023-07-08T02:45:10.9059876Z A path returned 202. Retrying...
2023-07-08T02:45:10.9060115Z A path returned 202. Retrying...
2023-07-08T02:45:10.9060341Z A path returned 202. Retrying...
2023-07-08T02:45:10.9060573Z A path returned 202. Retrying...
2023-07-08T02:45:10.9060805Z A path returned 202. Retrying...
2023-07-08T02:45:10.9061037Z A path returned 202. Retrying...
2023-07-08T02:45:10.9061270Z A path returned 202. Retrying...
2023-07-08T02:45:10.9061502Z A path returned 202. Retrying...
2023-07-08T02:45:10.9061724Z A path returned 202. Retrying...
2023-07-08T02:45:10.9061948Z A path returned 202. Retrying...
2023-07-08T02:45:10.9062182Z A path returned 202. Retrying...
2023-07-08T02:45:10.9062409Z A path returned 202. Retrying...
2023-07-08T02:45:10.9062630Z A path returned 202. Retrying...
2023-07-08T02:45:10.9062874Z A path returned 202. Retrying...
2023-07-08T02:45:10.9063098Z A path returned 202. Retrying...
2023-07-08T02:45:10.9063326Z A path returned 202. Retrying...
2023-07-08T02:45:10.9063552Z A path returned 202. Retrying...
2023-07-08T02:45:10.9063777Z A path returned 202. Retrying...
2023-07-08T02:45:10.9064009Z A path returned 202. Retrying...
2023-07-08T02:45:10.9064233Z A path returned 202. Retrying...
2023-07-08T02:45:10.9064462Z A path returned 202. Retrying...
2023-07-08T02:45:10.9064704Z A path returned 202. Retrying...
2023-07-08T02:45:10.9064924Z A path returned 202. Retrying...
2023-07-08T02:45:10.9065149Z A path returned 202. Retrying...
2023-07-08T02:45:10.9065378Z A path returned 202. Retrying...
2023-07-08T02:45:10.9065604Z A path returned 202. Retrying...
2023-07-08T02:45:10.9065833Z A path returned 202. Retrying...
2023-07-08T02:45:10.9066067Z A path returned 202. Retrying...
2023-07-08T02:45:10.9066306Z A path returned 202. Retrying...
2023-07-08T02:45:10.9066529Z A path returned 202. Retrying...
2023-07-08T02:45:10.9066759Z A path returned 202. Retrying...
2023-07-08T02:45:10.9066984Z A path returned 202. Retrying...
2023-07-08T02:45:10.9067213Z A path returned 202. Retrying...
2023-07-08T02:45:10.9067438Z A path returned 202. Retrying...
2023-07-08T02:45:10.9068065Z A path returned 202. Retrying...
2023-07-08T02:45:10.9068307Z A path returned 202. Retrying...
2023-07-08T02:45:10.9068558Z A path returned 202. Retrying...
2023-07-08T02:45:10.9068782Z A path returned 202. Retrying...
2023-07-08T02:45:10.9069013Z A path returned 202. Retrying...
2023-07-08T02:45:10.9069243Z A path returned 202. Retrying...
2023-07-08T02:45:10.9069471Z A path returned 202. Retrying...
2023-07-08T02:45:10.9069706Z A path returned 202. Retrying...
2023-07-08T02:45:10.9069940Z A path returned 202. Retrying...
2023-07-08T02:45:10.9070349Z A path returned 202. Retrying...
2023-07-08T02:45:10.9070587Z A path returned 202. Retrying...
2023-07-08T02:45:10.9070807Z A path returned 202. Retrying...
2023-07-08T02:45:10.9071030Z A path returned 202. Retrying...
2023-07-08T02:45:10.9071255Z A path returned 202. Retrying...
2023-07-08T02:45:10.9071485Z A path returned 202. Retrying...
2023-07-08T02:45:10.9071711Z A path returned 202. Retrying...
2023-07-08T02:45:10.9071947Z A path returned 202. Retrying...
2023-07-08T02:45:10.9072195Z A path returned 202. Retrying...
2023-07-08T02:45:10.9072415Z A path returned 202. Retrying...
2023-07-08T02:45:10.9072643Z A path returned 202. Retrying...
2023-07-08T02:45:10.9072871Z A path returned 202. Retrying...
2023-07-08T02:45:10.9073106Z A path returned 202. Retrying...
2023-07-08T02:45:10.9073337Z A path returned 202. Retrying...
2023-07-08T02:45:10.9073566Z A path returned 202. Retrying...
2023-07-08T02:45:10.9073810Z A path returned 202. Retrying...
2023-07-08T02:45:10.9074049Z A path returned 202. Retrying...
2023-07-08T02:45:10.9074275Z A path returned 202. Retrying...
2023-07-08T02:45:10.9074500Z A path returned 202. Retrying...
2023-07-08T02:45:10.9074726Z A path returned 202. Retrying...
2023-07-08T02:45:10.9074953Z A path returned 202. Retrying...
2023-07-08T02:45:10.9075177Z A path returned 202. Retrying...
2023-07-08T02:45:10.9075405Z A path returned 202. Retrying...
2023-07-08T02:45:10.9075646Z A path returned 202. Retrying...
2023-07-08T02:45:10.9075880Z A path returned 202. Retrying...
2023-07-08T02:45:10.9076098Z A path returned 202. Retrying...
2023-07-08T02:45:10.9076324Z A path returned 202. Retrying...
2023-07-08T02:45:10.9076548Z A path returned 202. Retrying...
2023-07-08T02:45:10.9076773Z A path returned 202. Retrying...
2023-07-08T02:45:10.9077003Z A path returned 202. Retrying...
2023-07-08T02:45:10.9077243Z A path returned 202. Retrying...
2023-07-08T02:45:10.9077473Z A path returned 202. Retrying...
2023-07-08T02:45:10.9077702Z A path returned 202. Retrying...
2023-07-08T02:45:10.9077928Z A path returned 202. Retrying...
2023-07-08T02:45:10.9078149Z A path returned 202. Retrying...
2023-07-08T02:45:10.9078377Z A path returned 202. Retrying...
2023-07-08T02:45:10.9078605Z A path returned 202. Retrying...
2023-07-08T02:45:10.9079133Z A path returned 202. Retrying...
2023-07-08T02:45:10.9079373Z A path returned 202. Retrying...
2023-07-08T02:45:10.9079603Z A path returned 202. Retrying...
2023-07-08T02:45:10.9079821Z A path returned 202. Retrying...
2023-07-08T02:45:10.9080057Z A path returned 202. Retrying...
2023-07-08T02:45:10.9080282Z A path returned 202. Retrying...
2023-07-08T02:45:10.9080510Z A path returned 202. Retrying...
2023-07-08T02:45:10.9080736Z A path returned 202. Retrying...
2023-07-08T02:45:10.9080978Z A path returned 202. Retrying...
2023-07-08T02:45:10.9081216Z A path returned 202. Retrying...
2023-07-08T02:45:10.9081442Z A path returned 202. Retrying...
2023-07-08T02:45:10.9081660Z A path returned 202. Retrying...
2023-07-08T02:45:10.9081885Z A path returned 202. Retrying...
2023-07-08T02:45:10.9082125Z A path returned 202. Retrying...
2023-07-08T02:45:10.9082355Z A path returned 202. Retrying...
2023-07-08T02:45:10.9082590Z A path returned 202. Retrying...
2023-07-08T02:45:10.9082835Z A path returned 202. Retrying...
2023-07-08T02:45:10.9083064Z A path returned 202. Retrying...
2023-07-08T02:45:10.9083287Z A path returned 202. Retrying...
2023-07-08T02:45:10.9083507Z A path returned 202. Retrying...
2023-07-08T02:45:10.9083857Z A path returned 202. Retrying...
2023-07-08T02:45:10.9084090Z A path returned 202. Retrying...
2023-07-08T02:45:10.9084317Z A path returned 202. Retrying...
2023-07-08T02:45:10.9084559Z A path returned 202. Retrying...
2023-07-08T02:45:10.9084786Z A path returned 202. Retrying...
2023-07-08T02:45:10.9085016Z A path returned 202. Retrying...
2023-07-08T02:45:10.9085233Z A path returned 202. Retrying...
2023-07-08T02:45:10.9085467Z A path returned 202. Retrying...
2023-07-08T02:45:10.9085697Z A path returned 202. Retrying...
2023-07-08T02:45:10.9086021Z A path returned 202. Retrying...
2023-07-08T02:45:10.9086251Z A path returned 202. Retrying...
2023-07-08T02:45:10.9086486Z A path returned 202. Retrying...
2023-07-08T02:45:10.9086711Z A path returned 202. Retrying...
2023-07-08T02:45:10.9086932Z A path returned 202. Retrying...
2023-07-08T02:45:10.9087149Z A path returned 202. Retrying...
2023-07-08T02:45:10.9087371Z A path returned 202. Retrying...
2023-07-08T02:45:10.9087597Z A path returned 202. Retrying...
2023-07-08T02:45:10.9087824Z A path returned 202. Retrying...
2023-07-08T02:45:10.9088062Z A path returned 202. Retrying...
2023-07-08T02:45:10.9088290Z A path returned 202. Retrying...
2023-07-08T02:45:10.9088515Z A path returned 202. Retrying...
2023-07-08T02:45:10.9088737Z A path returned 202. Retrying...
2023-07-08T02:45:10.9088999Z A path returned 202. Retrying...
2023-07-08T02:45:10.9089220Z A path returned 202. Retrying...
2023-07-08T02:45:10.9089445Z A path returned 202. Retrying...
2023-07-08T02:45:10.9089679Z A path returned 202. Retrying...
2023-07-08T02:45:10.9089921Z A path returned 202. Retrying...
2023-07-08T02:45:10.9090145Z A path returned 202. Retrying...
2023-07-08T02:45:10.9090370Z A path returned 202. Retrying...
2023-07-08T02:45:10.9090585Z A path returned 202. Retrying...
2023-07-08T02:45:10.9090812Z A path returned 202. Retrying...
2023-07-08T02:45:10.9091035Z A path returned 202. Retrying...
2023-07-08T02:45:10.9091260Z A path returned 202. Retrying...
2023-07-08T02:45:10.9091508Z A path returned 202. Retrying...
2023-07-08T02:45:10.9091744Z A path returned 202. Retrying...
2023-07-08T02:45:10.9091973Z A path returned 202. Retrying...
2023-07-08T02:45:10.9092200Z A path returned 202. Retrying...
2023-07-08T02:45:10.9092420Z A path returned 202. Retrying...
2023-07-08T02:45:10.9092649Z A path returned 202. Retrying...
2023-07-08T02:45:10.9092875Z A path returned 202. Retrying...
2023-07-08T02:45:10.9093106Z A path returned 202. Retrying...
2023-07-08T02:45:10.9093342Z A path returned 202. Retrying...
2023-07-08T02:45:10.9093575Z A path returned 202. Retrying...
2023-07-08T02:45:10.9093802Z A path returned 202. Retrying...
2023-07-08T02:45:10.9094029Z A path returned 202. Retrying...
2023-07-08T02:45:10.9094246Z A path returned 202. Retrying...
2023-07-08T02:45:10.9094474Z A path returned 202. Retrying...
2023-07-08T02:45:10.9094700Z A path returned 202. Retrying...
2023-07-08T02:45:10.9094938Z A path returned 202. Retrying...
2023-07-08T02:45:10.9095169Z A path returned 202. Retrying...
2023-07-08T02:45:10.9095482Z There were too many 202s. Data for this repository will be incomplete.
2023-07-08T02:45:10.9095783Z A path returned 202. Retrying...
2023-07-08T02:45:10.9096001Z A path returned 202. Retrying...
2023-07-08T02:45:10.9096231Z A path returned 202. Retrying...
2023-07-08T02:45:10.9096452Z A path returned 202. Retrying...
2023-07-08T02:45:10.9096685Z A path returned 202. Retrying...
2023-07-08T02:45:10.9096922Z A path returned 202. Retrying...
2023-07-08T02:45:10.9097153Z A path returned 202. Retrying...
2023-07-08T02:45:10.9097382Z A path returned 202. Retrying...
2023-07-08T02:45:10.9097612Z A path returned 202. Retrying...
2023-07-08T02:45:10.9097830Z A path returned 202. Retrying...
2023-07-08T02:45:10.9098053Z A path returned 202. Retrying...
2023-07-08T02:45:10.9098273Z A path returned 202. Retrying...
2023-07-08T02:45:10.9098513Z A path returned 202. Retrying...
2023-07-08T02:45:10.9098743Z A path returned 202. Retrying...
2023-07-08T02:45:10.9098970Z A path returned 202. Retrying...
2023-07-08T02:45:10.9099291Z A path returned 202. Retrying...
2023-07-08T02:45:10.9099517Z A path returned 202. Retrying...
2023-07-08T02:45:10.9099733Z A path returned 202. Retrying...
2023-07-08T02:45:10.9099955Z A path returned 202. Retrying...
2023-07-08T02:45:10.9100187Z A path returned 202. Retrying...
2023-07-08T02:45:10.9100423Z A path returned 202. Retrying...
2023-07-08T02:45:10.9100649Z A path returned 202. Retrying...
2023-07-08T02:45:10.9100872Z A path returned 202. Retrying...
2023-07-08T02:45:10.9101098Z A path returned 202. Retrying...
2023-07-08T02:45:10.9101421Z A path returned 202. Retrying...
2023-07-08T02:45:10.9101638Z A path returned 202. Retrying...
2023-07-08T02:45:10.9101861Z A path returned 202. Retrying...
2023-07-08T02:45:10.9102098Z A path returned 202. Retrying...
2023-07-08T02:45:10.9102327Z A path returned 202. Retrying...
2023-07-08T02:45:10.9102549Z A path returned 202. Retrying...
2023-07-08T02:45:10.9102771Z A path returned 202. Retrying...
2023-07-08T02:45:10.9102998Z A path returned 202. Retrying...
2023-07-08T02:45:10.9103211Z A path returned 202. Retrying...
2023-07-08T02:45:10.9103438Z A path returned 202. Retrying...
2023-07-08T02:45:10.9103667Z A path returned 202. Retrying...
2023-07-08T02:45:10.9103901Z A path returned 202. Retrying...
2023-07-08T02:45:10.9104126Z A path returned 202. Retrying...
2023-07-08T02:45:10.9104354Z A path returned 202. Retrying...
2023-07-08T02:45:10.9104581Z A path returned 202. Retrying...
2023-07-08T02:45:10.9104809Z A path returned 202. Retrying...
2023-07-08T02:45:10.9105032Z A path returned 202. Retrying...
2023-07-08T02:45:10.9105254Z A path returned 202. Retrying...
2023-07-08T02:45:10.9105490Z A path returned 202. Retrying...
2023-07-08T02:45:10.9105721Z A path returned 202. Retrying...
2023-07-08T02:45:10.9105951Z A path returned 202. Retrying...
2023-07-08T02:45:10.9106173Z A path returned 202. Retrying...
2023-07-08T02:45:10.9106400Z A path returned 202. Retrying...
2023-07-08T02:45:10.9106624Z A path returned 202. Retrying...
2023-07-08T02:45:10.9106844Z A path returned 202. Retrying...
2023-07-08T02:45:10.9107072Z A path returned 202. Retrying...
2023-07-08T02:45:10.9107307Z A path returned 202. Retrying...
2023-07-08T02:45:10.9107532Z A path returned 202. Retrying...
2023-07-08T02:45:10.9107756Z A path returned 202. Retrying...
2023-07-08T02:45:10.9107982Z A path returned 202. Retrying...
2023-07-08T02:45:10.9108208Z A path returned 202. Retrying...
2023-07-08T02:45:10.9108424Z A path returned 202. Retrying...
2023-07-08T02:45:10.9108649Z A path returned 202. Retrying...
2023-07-08T02:45:10.9108895Z A path returned 202. Retrying...
2023-07-08T02:45:10.9109126Z A path returned 202. Retrying...
2023-07-08T02:45:10.9109355Z A path returned 202. Retrying...
2023-07-08T02:45:10.9109586Z A path returned 202. Retrying...
2023-07-08T02:45:10.9109810Z A path returned 202. Retrying...
2023-07-08T02:45:10.9110035Z A path returned 202. Retrying...
2023-07-08T02:45:10.9110249Z A path returned 202. Retrying...
2023-07-08T02:45:10.9110479Z A path returned 202. Retrying...
2023-07-08T02:45:10.9110714Z A path returned 202. Retrying...
2023-07-08T02:45:10.9110937Z A path returned 202. Retrying...
2023-07-08T02:45:10.9111160Z A path returned 202. Retrying...
2023-07-08T02:45:10.9111389Z A path returned 202. Retrying...
2023-07-08T02:45:10.9111615Z A path returned 202. Retrying...
2023-07-08T02:45:10.9111840Z A path returned 202. Retrying...
2023-07-08T02:45:10.9112058Z A path returned 202. Retrying...
2023-07-08T02:45:10.9112299Z A path returned 202. Retrying...
2023-07-08T02:45:10.9112536Z A path returned 202. Retrying...
2023-07-08T02:45:10.9112761Z A path returned 202. Retrying...
2023-07-08T02:45:10.9112986Z A path returned 202. Retrying...
2023-07-08T02:45:10.9113209Z A path returned 202. Retrying...
2023-07-08T02:45:10.9113430Z A path returned 202. Retrying...
2023-07-08T02:45:10.9113645Z A path returned 202. Retrying...
2023-07-08T02:45:10.9113873Z A path returned 202. Retrying...
2023-07-08T02:45:10.9114106Z A path returned 202. Retrying...
2023-07-08T02:45:10.9114420Z A path returned 202. Retrying...
2023-07-08T02:45:10.9114648Z A path returned 202. Retrying...
2023-07-08T02:45:10.9114872Z A path returned 202. Retrying...
2023-07-08T02:53:53.3453523Z A path returned 202. Retrying...
2023-07-08T02:53:53.3453832Z A path returned 202. Retrying...
2023-07-08T02:53:53.3454082Z A path returned 202. Retrying...
2023-07-08T02:53:53.3454410Z A path returned 202. Retrying...
2023-07-08T02:53:53.3454637Z A path returned 202. Retrying...
2023-07-08T02:53:53.3454860Z A path returned 202. Retrying...
2023-07-08T02:53:53.3455502Z A path returned 202. Retrying...
2023-07-08T02:53:53.3455757Z A path returned 202. Retrying...
2023-07-08T02:53:53.3456011Z A path returned 202. Retrying...
2023-07-08T02:53:53.3456243Z A path returned 202. Retrying...
2023-07-08T02:53:53.3456476Z A path returned 202. Retrying...
2023-07-08T02:53:53.3456706Z A path returned 202. Retrying...
2023-07-08T02:53:53.3456937Z A path returned 202. Retrying...
2023-07-08T02:53:53.3457159Z A path returned 202. Retrying...
2023-07-08T02:53:53.3457397Z A path returned 202. Retrying...
2023-07-08T02:53:53.3457641Z A path returned 202. Retrying...
2023-07-08T02:53:53.3457877Z A path returned 202. Retrying...
2023-07-08T02:53:53.3458112Z A path returned 202. Retrying...
2023-07-08T02:53:53.3458341Z A path returned 202. Retrying...
2023-07-08T02:53:53.3458570Z A path returned 202. Retrying...
2023-07-08T02:53:53.3458796Z A path returned 202. Retrying...
2023-07-08T02:53:53.3459015Z A path returned 202. Retrying...
2023-07-08T02:53:53.3459268Z A path returned 202. Retrying...
2023-07-08T02:53:53.3459503Z A path returned 202. Retrying...
2023-07-08T02:53:53.3459731Z A path returned 202. Retrying...
2023-07-08T02:53:53.3459957Z A path returned 202. Retrying...
2023-07-08T02:53:53.3460183Z A path returned 202. Retrying...
2023-07-08T02:53:53.3460407Z A path returned 202. Retrying...
2023-07-08T02:53:53.3460622Z A path returned 202. Retrying...
2023-07-08T02:53:53.3460854Z A path returned 202. Retrying...
2023-07-08T02:53:53.3461099Z A path returned 202. Retrying...
2023-07-08T02:53:53.3461326Z A path returned 202. Retrying...
2023-07-08T02:53:53.3461551Z A path returned 202. Retrying...
2023-07-08T02:53:53.3461776Z A path returned 202. Retrying...
2023-07-08T02:53:53.3462006Z A path returned 202. Retrying...
2023-07-08T02:53:53.3462230Z A path returned 202. Retrying...
2023-07-08T02:53:53.3462445Z A path returned 202. Retrying...
2023-07-08T02:53:53.3462687Z A path returned 202. Retrying...
2023-07-08T02:53:53.3462917Z A path returned 202. Retrying...
2023-07-08T02:53:53.3463145Z A path returned 202. Retrying...
2023-07-08T02:53:53.3463371Z A path returned 202. Retrying...
2023-07-08T02:53:53.3463594Z A path returned 202. Retrying...
2023-07-08T02:53:53.3463825Z A path returned 202. Retrying...
2023-07-08T02:53:53.3464048Z A path returned 202. Retrying...
2023-07-08T02:53:53.3464272Z A path returned 202. Retrying...
2023-07-08T02:53:53.3464512Z A path returned 202. Retrying...
2023-07-08T02:53:53.3464747Z A path returned 202. Retrying...
2023-07-08T02:53:53.3464976Z A path returned 202. Retrying...
2023-07-08T02:53:53.3465201Z A path returned 202. Retrying...
2023-07-08T02:53:53.3465427Z A path returned 202. Retrying...
2023-07-08T02:53:53.3465658Z A path returned 202. Retrying...
2023-07-08T02:53:53.3465882Z A path returned 202. Retrying...
2023-07-08T02:53:53.3466115Z A path returned 202. Retrying...
2023-07-08T02:53:53.3466350Z A path returned 202. Retrying...
2023-07-08T02:53:53.3466577Z A path returned 202. Retrying...
2023-07-08T02:53:53.3466809Z A path returned 202. Retrying...
2023-07-08T02:53:53.3467033Z A path returned 202. Retrying...
2023-07-08T02:53:53.3467254Z A path returned 202. Retrying...
2023-07-08T02:53:53.3467478Z A path returned 202. Retrying...
2023-07-08T02:53:53.3467697Z A path returned 202. Retrying...
2023-07-08T02:53:53.3467937Z A path returned 202. Retrying...
2023-07-08T02:53:53.3468165Z A path returned 202. Retrying...
2023-07-08T02:53:53.3468390Z A path returned 202. Retrying...
2023-07-08T02:53:53.3468763Z A path returned 202. Retrying...
2023-07-08T02:53:53.3468994Z A path returned 202. Retrying...
2023-07-08T02:53:53.3469222Z A path returned 202. Retrying...
2023-07-08T02:53:53.3469447Z A path returned 202. Retrying...
2023-07-08T02:53:53.3469680Z A path returned 202. Retrying...
2023-07-08T02:53:53.3469912Z A path returned 202. Retrying...
2023-07-08T02:53:53.3470142Z A path returned 202. Retrying...
2023-07-08T02:53:53.3470368Z A path returned 202. Retrying...
2023-07-08T02:53:53.3470593Z A path returned 202. Retrying...
2023-07-08T02:53:53.3470924Z A path returned 202. Retrying...
2023-07-08T02:53:53.3471149Z A path returned 202. Retrying...
2023-07-08T02:53:53.3471377Z A path returned 202. Retrying...
2023-07-08T02:53:53.3471605Z A path returned 202. Retrying...
2023-07-08T02:53:53.3471833Z A path returned 202. Retrying...
2023-07-08T02:53:53.3472060Z A path returned 202. Retrying...
2023-07-08T02:53:53.3472289Z A path returned 202. Retrying...
2023-07-08T02:53:53.3472519Z A path returned 202. Retrying...
2023-07-08T02:53:53.3472744Z A path returned 202. Retrying...
2023-07-08T02:53:53.3472964Z A path returned 202. Retrying...
2023-07-08T02:53:53.3473195Z A path returned 202. Retrying...
2023-07-08T02:53:53.3473430Z A path returned 202. Retrying...
2023-07-08T02:53:53.3473657Z A path returned 202. Retrying...
2023-07-08T02:53:53.3473881Z A path returned 202. Retrying...
2023-07-08T02:53:53.3474104Z A path returned 202. Retrying...
2023-07-08T02:53:53.3474332Z A path returned 202. Retrying...
2023-07-08T02:53:53.3474561Z A path returned 202. Retrying...
2023-07-08T02:53:53.3474787Z A path returned 202. Retrying...
2023-07-08T02:53:53.3475017Z A path returned 202. Retrying...
2023-07-08T02:53:53.3475242Z A path returned 202. Retrying...
2023-07-08T02:53:53.3475470Z A path returned 202. Retrying...
2023-07-08T02:53:53.3475695Z A path returned 202. Retrying...
2023-07-08T02:53:53.3475918Z A path returned 202. Retrying...
2023-07-08T02:53:53.3476142Z A path returned 202. Retrying...
2023-07-08T02:53:53.3476368Z A path returned 202. Retrying...
2023-07-08T02:53:53.3476608Z A path returned 202. Retrying...
2023-07-08T02:53:53.3476828Z A path returned 202. Retrying...
2023-07-08T02:53:53.3477051Z A path returned 202. Retrying...
2023-07-08T02:53:53.3477274Z A path returned 202. Retrying...
2023-07-08T02:53:53.3477503Z A path returned 202. Retrying...
2023-07-08T02:53:53.3477731Z A path returned 202. Retrying...
2023-07-08T02:53:53.3477958Z A path returned 202. Retrying...
2023-07-08T02:53:53.3478186Z A path returned 202. Retrying...
2023-07-08T02:53:53.3478426Z A path returned 202. Retrying...
2023-07-08T02:53:53.3478657Z A path returned 202. Retrying...
2023-07-08T02:53:53.3479073Z A path returned 202. Retrying...
2023-07-08T02:53:53.3479304Z A path returned 202. Retrying...
2023-07-08T02:53:53.3479530Z A path returned 202. Retrying...
2023-07-08T02:53:53.3479759Z A path returned 202. Retrying...
2023-07-08T02:53:53.3479979Z A path returned 202. Retrying...
2023-07-08T02:53:53.3480223Z A path returned 202. Retrying...
2023-07-08T02:53:53.3480445Z A path returned 202. Retrying...
2023-07-08T02:53:53.3480671Z A path returned 202. Retrying...
2023-07-08T02:53:53.3480900Z A path returned 202. Retrying...
2023-07-08T02:53:53.3481125Z A path returned 202. Retrying...
2023-07-08T02:53:53.3481352Z A path returned 202. Retrying...
2023-07-08T02:53:53.3481575Z A path returned 202. Retrying...
2023-07-08T02:53:53.3481805Z A path returned 202. Retrying...
2023-07-08T02:53:53.3482044Z A path returned 202. Retrying...
2023-07-08T02:53:53.3482267Z A path returned 202. Retrying...
2023-07-08T02:53:53.3482491Z A path returned 202. Retrying...
2023-07-08T02:53:53.3482723Z A path returned 202. Retrying...
2023-07-08T02:53:53.3482948Z A path returned 202. Retrying...
2023-07-08T02:53:53.3483258Z There were too many 202s. Data for this repository will be incomplete.
2023-07-08T02:53:53.3483556Z A path returned 202. Retrying...
2023-07-08T02:53:53.3483799Z A path returned 202. Retrying...
2023-07-08T02:53:53.3484149Z A path returned 202. Retrying...
2023-07-08T02:53:53.3484369Z A path returned 202. Retrying...
2023-07-08T02:53:53.3484590Z A path returned 202. Retrying...
2023-07-08T02:53:53.3484814Z A path returned 202. Retrying...
2023-07-08T02:53:53.3485044Z A path returned 202. Retrying...
2023-07-08T02:53:53.3485269Z A path returned 202. Retrying...
2023-07-08T02:53:53.3485503Z A path returned 202. Retrying...
2023-07-08T02:53:53.3485742Z A path returned 202. Retrying...
2023-07-08T02:53:53.3485959Z A path returned 202. Retrying...
2023-07-08T02:53:53.3486295Z A path returned 202. Retrying...
2023-07-08T02:53:53.3486521Z A path returned 202. Retrying...
2023-07-08T02:53:53.3486746Z A path returned 202. Retrying...
2023-07-08T02:53:53.3486976Z A path returned 202. Retrying...
2023-07-08T02:53:53.3487231Z A path returned 202. Retrying...
2023-07-08T02:53:53.3487468Z A path returned 202. Retrying...
2023-07-08T02:53:53.3487695Z A path returned 202. Retrying...
2023-07-08T02:53:53.3487918Z A path returned 202. Retrying...
2023-07-08T02:53:53.3488144Z A path returned 202. Retrying...
2023-07-08T02:53:53.3488369Z A path returned 202. Retrying...
2023-07-08T02:53:53.3488593Z A path returned 202. Retrying...
2023-07-08T02:53:53.3488816Z A path returned 202. Retrying...
2023-07-08T02:53:53.3489047Z A path returned 202. Retrying...
2023-07-08T02:53:53.3489284Z A path returned 202. Retrying...
2023-07-08T02:53:53.3489511Z A path returned 202. Retrying...
2023-07-08T02:53:53.3489727Z A path returned 202. Retrying...
2023-07-08T02:53:53.3489950Z A path returned 202. Retrying...
2023-07-08T02:53:53.3490178Z A path returned 202. Retrying...
2023-07-08T02:53:53.3490406Z A path returned 202. Retrying...
2023-07-08T02:53:53.3490630Z A path returned 202. Retrying...
2023-07-08T02:53:53.3490872Z A path returned 202. Retrying...
2023-07-08T02:53:53.3491101Z A path returned 202. Retrying...
2023-07-08T02:53:53.3491317Z A path returned 202. Retrying...
2023-07-08T02:53:53.3491541Z A path returned 202. Retrying...
2023-07-08T02:53:53.3491765Z A path returned 202. Retrying...
2023-07-08T02:53:53.3491993Z A path returned 202. Retrying...
2023-07-08T02:53:53.3492215Z A path returned 202. Retrying...
2023-07-08T02:53:53.3492446Z A path returned 202. Retrying...
2023-07-08T02:53:53.3492681Z A path returned 202. Retrying...
2023-07-08T02:53:53.3492904Z A path returned 202. Retrying...
2023-07-08T02:53:53.3493117Z A path returned 202. Retrying...
2023-07-08T02:53:53.3493340Z A path returned 202. Retrying...
2023-07-08T02:53:53.3493565Z A path returned 202. Retrying...
2023-07-08T02:53:53.3493796Z A path returned 202. Retrying...
2023-07-08T02:53:53.3494022Z A path returned 202. Retrying...
2023-07-08T02:53:53.3494260Z A path returned 202. Retrying...
2023-07-08T02:53:53.3494486Z A path returned 202. Retrying...
2023-07-08T02:53:53.3494713Z A path returned 202. Retrying...
2023-07-08T02:53:53.3494932Z A path returned 202. Retrying...
2023-07-08T02:53:53.3495158Z A path returned 202. Retrying...
2023-07-08T02:53:53.3495387Z A path returned 202. Retrying...
2023-07-08T02:53:53.3495618Z A path returned 202. Retrying...
2023-07-08T02:53:53.3495846Z A path returned 202. Retrying...
2023-07-08T02:53:53.3496081Z A path returned 202. Retrying...
2023-07-08T02:53:53.3496307Z A path returned 202. Retrying...
2023-07-08T02:53:53.3496523Z A path returned 202. Retrying...
2023-07-08T02:53:53.3496747Z A path returned 202. Retrying...
2023-07-08T02:53:53.3496972Z A path returned 202. Retrying...
2023-07-08T02:53:53.3497197Z A path returned 202. Retrying...
2023-07-08T02:53:53.3497424Z A path returned 202. Retrying...
2023-07-08T02:53:53.3497672Z A path returned 202. Retrying...
2023-07-08T02:53:53.3497902Z A path returned 202. Retrying...
2023-07-08T02:53:53.3498127Z A path returned 202. Retrying...
2023-07-08T02:53:53.3498342Z A path returned 202. Retrying...
2023-07-08T02:53:53.3498565Z A path returned 202. Retrying...
2023-07-08T02:53:53.3498790Z A path returned 202. Retrying...
2023-07-08T02:53:53.3499014Z A path returned 202. Retrying...
2023-07-08T02:53:53.3499334Z A path returned 202. Retrying...
2023-07-08T02:53:53.3499571Z A path returned 202. Retrying...
2023-07-08T02:53:53.3499797Z A path returned 202. Retrying...
2023-07-08T02:53:53.3500022Z A path returned 202. Retrying...
2023-07-08T02:53:53.3500241Z A path returned 202. Retrying...
2023-07-08T02:53:53.3500461Z A path returned 202. Retrying...
2023-07-08T02:53:53.3500685Z A path returned 202. Retrying...
2023-07-08T02:53:53.3500916Z A path returned 202. Retrying...
2023-07-08T02:53:53.3501153Z A path returned 202. Retrying...
2023-07-08T02:53:53.3501473Z A path returned 202. Retrying...
2023-07-08T02:53:53.3501702Z A path returned 202. Retrying...
2023-07-08T02:53:53.3501921Z A path returned 202. Retrying...
2023-07-08T02:53:53.3502150Z A path returned 202. Retrying...
2023-07-08T02:53:53.3502377Z A path returned 202. Retrying...
2023-07-08T02:53:53.3502602Z A path returned 202. Retrying...
2023-07-08T02:53:53.3502831Z A path returned 202. Retrying...
2023-07-08T02:53:53.3503063Z A path returned 202. Retrying...
2023-07-08T02:53:53.3503289Z A path returned 202. Retrying...
2023-07-08T02:53:53.3503513Z A path returned 202. Retrying...
2023-07-08T02:53:53.3503726Z A path returned 202. Retrying...
2023-07-08T02:53:53.3503955Z A path returned 202. Retrying...
2023-07-08T02:53:53.3504178Z A path returned 202. Retrying...
2023-07-08T02:53:53.3504404Z A path returned 202. Retrying...
2023-07-08T02:53:53.3504643Z A path returned 202. Retrying...
2023-07-08T02:53:53.3504870Z A path returned 202. Retrying...
2023-07-08T02:53:53.3505093Z A path returned 202. Retrying...
2023-07-08T02:53:53.3505319Z A path returned 202. Retrying...
2023-07-08T02:53:53.3505535Z A path returned 202. Retrying...
2023-07-08T02:53:53.3505759Z A path returned 202. Retrying...
2023-07-08T02:53:53.3505983Z A path returned 202. Retrying...
2023-07-08T02:53:53.3506213Z A path returned 202. Retrying...
2023-07-08T02:53:53.3506446Z A path returned 202. Retrying...
2023-07-08T02:53:53.3506669Z A path returned 202. Retrying...
2023-07-08T02:53:53.3506895Z A path returned 202. Retrying...
2023-07-08T02:53:53.3507113Z A path returned 202. Retrying...
2023-07-08T02:53:53.3507336Z A path returned 202. Retrying...
2023-07-08T02:53:53.3507557Z A path returned 202. Retrying...
2023-07-08T02:53:53.3507781Z A path returned 202. Retrying...
2023-07-08T02:53:53.3508015Z A path returned 202. Retrying...
2023-07-08T02:53:53.3508245Z A path returned 202. Retrying...
2023-07-08T02:53:53.3508469Z A path returned 202. Retrying...
2023-07-08T02:53:53.3508689Z A path returned 202. Retrying...
2023-07-08T02:53:53.3508908Z A path returned 202. Retrying...
2023-07-08T02:53:53.3509129Z A path returned 202. Retrying...
2023-07-08T02:53:53.3509353Z A path returned 202. Retrying...
2023-07-08T02:53:53.3509580Z A path returned 202. Retrying...
2023-07-08T02:53:53.3509815Z A path returned 202. Retrying...
2023-07-08T02:53:53.3510041Z A path returned 202. Retrying...
2023-07-08T02:53:53.3510266Z A path returned 202. Retrying...
2023-07-08T02:53:53.3510488Z A path returned 202. Retrying...
2023-07-08T02:53:53.3510707Z A path returned 202. Retrying...
2023-07-08T02:53:53.3510934Z A path returned 202. Retrying...
2023-07-08T02:53:53.3511155Z A path returned 202. Retrying...
2023-07-08T03:02:43.3155695Z A path returned 202. Retrying...
2023-07-08T03:02:43.3155996Z A path returned 202. Retrying...
2023-07-08T03:02:43.3156263Z A path returned 202. Retrying...
2023-07-08T03:02:43.3156508Z A path returned 202. Retrying...
2023-07-08T03:02:43.3156744Z A path returned 202. Retrying...
2023-07-08T03:02:43.3156970Z A path returned 202. Retrying...
2023-07-08T03:02:43.3157223Z A path returned 202. Retrying...
2023-07-08T03:02:43.3157450Z A path returned 202. Retrying...
2023-07-08T03:02:43.3157675Z A path returned 202. Retrying...
2023-07-08T03:02:43.3157914Z A path returned 202. Retrying...
2023-07-08T03:02:43.3158157Z A path returned 202. Retrying...
2023-07-08T03:02:43.3158382Z A path returned 202. Retrying...
2023-07-08T03:02:43.3158603Z A path returned 202. Retrying...
2023-07-08T03:02:43.3159315Z A path returned 202. Retrying...
2023-07-08T03:02:43.3159547Z A path returned 202. Retrying...
2023-07-08T03:02:43.3159775Z A path returned 202. Retrying...
2023-07-08T03:02:43.3160000Z A path returned 202. Retrying...
2023-07-08T03:02:43.3160245Z A path returned 202. Retrying...
2023-07-08T03:02:43.3160482Z A path returned 202. Retrying...
2023-07-08T03:02:43.3160709Z A path returned 202. Retrying...
2023-07-08T03:02:43.3160933Z A path returned 202. Retrying...
2023-07-08T03:02:43.3161155Z A path returned 202. Retrying...
2023-07-08T03:02:43.3161538Z A path returned 202. Retrying...
2023-07-08T03:02:43.3161764Z A path returned 202. Retrying...
2023-07-08T03:02:43.3161993Z A path returned 202. Retrying...
2023-07-08T03:02:43.3162233Z A path returned 202. Retrying...
2023-07-08T03:02:43.3162461Z A path returned 202. Retrying...
2023-07-08T03:02:43.3162682Z A path returned 202. Retrying...
2023-07-08T03:02:43.3162897Z A path returned 202. Retrying...
2023-07-08T03:02:43.3163127Z A path returned 202. Retrying...
2023-07-08T03:02:43.3163355Z A path returned 202. Retrying...
2023-07-08T03:02:43.3163579Z A path returned 202. Retrying...
2023-07-08T03:02:43.3163820Z A path returned 202. Retrying...
2023-07-08T03:02:43.3164051Z A path returned 202. Retrying...
2023-07-08T03:02:43.3164279Z A path returned 202. Retrying...
2023-07-08T03:02:43.3164507Z A path returned 202. Retrying...
2023-07-08T03:02:43.3164726Z A path returned 202. Retrying...
2023-07-08T03:02:43.3164948Z A path returned 202. Retrying...
2023-07-08T03:02:43.3165175Z A path returned 202. Retrying...
2023-07-08T03:02:43.3165408Z A path returned 202. Retrying...
2023-07-08T03:02:43.3165646Z A path returned 202. Retrying...
2023-07-08T03:02:43.3165869Z A path returned 202. Retrying...
2023-07-08T03:02:43.3166089Z A path returned 202. Retrying...
2023-07-08T03:02:43.3166313Z A path returned 202. Retrying...
2023-07-08T03:02:43.3166532Z A path returned 202. Retrying...
2023-07-08T03:02:43.3166751Z A path returned 202. Retrying...
2023-07-08T03:02:43.3166979Z A path returned 202. Retrying...
2023-07-08T03:02:43.3167219Z A path returned 202. Retrying...
2023-07-08T03:02:43.3167453Z A path returned 202. Retrying...
2023-07-08T03:02:43.3167676Z A path returned 202. Retrying...
2023-07-08T03:02:43.3167902Z A path returned 202. Retrying...
2023-07-08T03:02:43.3168117Z A path returned 202. Retrying...
2023-07-08T03:02:43.3168342Z A path returned 202. Retrying...
2023-07-08T03:02:43.3168564Z A path returned 202. Retrying...
2023-07-08T03:02:43.3168792Z A path returned 202. Retrying...
2023-07-08T03:02:43.3169037Z A path returned 202. Retrying...
2023-07-08T03:02:43.3169264Z A path returned 202. Retrying...
2023-07-08T03:02:43.3169487Z A path returned 202. Retrying...
2023-07-08T03:02:43.3169711Z A path returned 202. Retrying...
2023-07-08T03:02:43.3169930Z A path returned 202. Retrying...
2023-07-08T03:02:43.3170151Z A path returned 202. Retrying...
2023-07-08T03:02:43.3170371Z A path returned 202. Retrying...
2023-07-08T03:02:43.3170610Z A path returned 202. Retrying...
2023-07-08T03:02:43.3170845Z A path returned 202. Retrying...
2023-07-08T03:02:43.3171068Z A path returned 202. Retrying...
2023-07-08T03:02:43.3171289Z A path returned 202. Retrying...
2023-07-08T03:02:43.3171512Z A path returned 202. Retrying...
2023-07-08T03:02:43.3171731Z A path returned 202. Retrying...
2023-07-08T03:02:43.3171950Z A path returned 202. Retrying...
2023-07-08T03:02:43.3172176Z A path returned 202. Retrying...
2023-07-08T03:02:43.3172412Z A path returned 202. Retrying...
2023-07-08T03:02:43.3172635Z A path returned 202. Retrying...
2023-07-08T03:02:43.3172858Z A path returned 202. Retrying...
2023-07-08T03:02:43.3173080Z A path returned 202. Retrying...
2023-07-08T03:02:43.3173299Z A path returned 202. Retrying...
2023-07-08T03:02:43.3173525Z A path returned 202. Retrying...
2023-07-08T03:02:43.3173745Z A path returned 202. Retrying...
2023-07-08T03:02:43.3173982Z A path returned 202. Retrying...
2023-07-08T03:02:43.3174211Z A path returned 202. Retrying...
2023-07-08T03:02:43.3174535Z A path returned 202. Retrying...
2023-07-08T03:02:43.3174764Z A path returned 202. Retrying...
2023-07-08T03:02:43.3174992Z A path returned 202. Retrying...
2023-07-08T03:02:43.3175211Z A path returned 202. Retrying...
2023-07-08T03:02:43.3175430Z A path returned 202. Retrying...
2023-07-08T03:02:43.3175654Z A path returned 202. Retrying...
2023-07-08T03:02:43.3175889Z A path returned 202. Retrying...
2023-07-08T03:02:43.3176111Z A path returned 202. Retrying...
2023-07-08T03:02:43.3176336Z A path returned 202. Retrying...
2023-07-08T03:02:43.3176560Z A path returned 202. Retrying...
2023-07-08T03:02:43.3176879Z A path returned 202. Retrying...
2023-07-08T03:02:43.3177097Z A path returned 202. Retrying...
2023-07-08T03:02:43.3177320Z A path returned 202. Retrying...
2023-07-08T03:02:43.3177560Z A path returned 202. Retrying...
2023-07-08T03:02:43.3177791Z A path returned 202. Retrying...
2023-07-08T03:02:43.3178015Z A path returned 202. Retrying...
2023-07-08T03:02:43.3178236Z A path returned 202. Retrying...
2023-07-08T03:02:43.3178466Z A path returned 202. Retrying...
2023-07-08T03:02:43.3178680Z A path returned 202. Retrying...
2023-07-08T03:02:43.3178903Z A path returned 202. Retrying...
2023-07-08T03:02:43.3179132Z A path returned 202. Retrying...
2023-07-08T03:02:43.3179365Z A path returned 202. Retrying...
2023-07-08T03:02:43.3179591Z A path returned 202. Retrying...
2023-07-08T03:02:43.3179819Z A path returned 202. Retrying...
2023-07-08T03:02:43.3180037Z A path returned 202. Retrying...
2023-07-08T03:02:43.3180262Z A path returned 202. Retrying...
2023-07-08T03:02:43.3180481Z A path returned 202. Retrying...
2023-07-08T03:02:43.3180706Z A path returned 202. Retrying...
2023-07-08T03:02:43.3180946Z A path returned 202. Retrying...
2023-07-08T03:02:43.3181177Z A path returned 202. Retrying...
2023-07-08T03:02:43.3181401Z A path returned 202. Retrying...
2023-07-08T03:02:43.3181623Z A path returned 202. Retrying...
2023-07-08T03:02:43.3181846Z A path returned 202. Retrying...
2023-07-08T03:02:43.3182067Z A path returned 202. Retrying...
2023-07-08T03:02:43.3182282Z A path returned 202. Retrying...
2023-07-08T03:02:43.3182506Z A path returned 202. Retrying...
2023-07-08T03:02:43.3182740Z A path returned 202. Retrying...
2023-07-08T03:02:43.3182961Z A path returned 202. Retrying...
2023-07-08T03:02:43.3183183Z A path returned 202. Retrying...
2023-07-08T03:02:43.3183407Z A path returned 202. Retrying...
2023-07-08T03:02:43.3183634Z A path returned 202. Retrying...
2023-07-08T03:02:43.3183848Z A path returned 202. Retrying...
2023-07-08T03:02:43.3184070Z A path returned 202. Retrying...
2023-07-08T03:02:43.3184317Z A path returned 202. Retrying...
2023-07-08T03:02:43.3184545Z A path returned 202. Retrying...
2023-07-08T03:02:43.3184769Z A path returned 202. Retrying...
2023-07-08T03:02:43.3184995Z A path returned 202. Retrying...
2023-07-08T03:02:43.3185220Z A path returned 202. Retrying...
2023-07-08T03:02:43.3185444Z A path returned 202. Retrying...
2023-07-08T03:02:43.3185659Z A path returned 202. Retrying...
2023-07-08T03:02:43.3185888Z A path returned 202. Retrying...
2023-07-08T03:02:43.3186126Z A path returned 202. Retrying...
2023-07-08T03:02:43.3186352Z A path returned 202. Retrying...
2023-07-08T03:02:43.3186576Z A path returned 202. Retrying...
2023-07-08T03:02:43.3186796Z A path returned 202. Retrying...
2023-07-08T03:02:43.3187017Z A path returned 202. Retrying...
2023-07-08T03:02:43.3187237Z A path returned 202. Retrying...
2023-07-08T03:02:43.3187453Z A path returned 202. Retrying...
2023-07-08T03:02:43.3187687Z A path returned 202. Retrying...
2023-07-08T03:02:43.3187924Z A path returned 202. Retrying...
2023-07-08T03:02:43.3188150Z A path returned 202. Retrying...
2023-07-08T03:02:43.3188377Z A path returned 202. Retrying...
2023-07-08T03:02:43.3188598Z A path returned 202. Retrying...
2023-07-08T03:02:43.3188816Z A path returned 202. Retrying...
2023-07-08T03:02:43.3189029Z A path returned 202. Retrying...
2023-07-08T03:02:43.3189252Z A path returned 202. Retrying...
2023-07-08T03:02:43.3189574Z A path returned 202. Retrying...
2023-07-08T03:02:43.3189800Z A path returned 202. Retrying...
2023-07-08T03:02:43.3190025Z A path returned 202. Retrying...
2023-07-08T03:02:43.3190250Z A path returned 202. Retrying...
2023-07-08T03:02:43.3190474Z A path returned 202. Retrying...
2023-07-08T03:02:43.3190695Z A path returned 202. Retrying...
2023-07-08T03:02:43.3190910Z A path returned 202. Retrying...
2023-07-08T03:02:43.3191144Z A path returned 202. Retrying...
2023-07-08T03:02:43.3191370Z A path returned 202. Retrying...
2023-07-08T03:02:43.3191590Z A path returned 202. Retrying...
2023-07-08T03:02:43.3191892Z A path returned 202. Retrying...
2023-07-08T03:02:43.3192120Z A path returned 202. Retrying...
2023-07-08T03:02:43.3192341Z A path returned 202. Retrying...
2023-07-08T03:02:43.3192563Z A path returned 202. Retrying...
2023-07-08T03:02:43.3192782Z A path returned 202. Retrying...
2023-07-08T03:02:43.3193013Z A path returned 202. Retrying...
2023-07-08T03:02:43.3193235Z A path returned 202. Retrying...
2023-07-08T03:02:43.3193462Z A path returned 202. Retrying...
2023-07-08T03:02:43.3193684Z A path returned 202. Retrying...
2023-07-08T03:02:43.3193904Z A path returned 202. Retrying...
2023-07-08T03:02:43.3194124Z A path returned 202. Retrying...
2023-07-08T03:02:43.3194337Z A path returned 202. Retrying...
2023-07-08T03:02:43.3194574Z A path returned 202. Retrying...
2023-07-08T03:02:43.3194805Z A path returned 202. Retrying...
2023-07-08T03:02:43.3195031Z A path returned 202. Retrying...
2023-07-08T03:02:43.3195252Z A path returned 202. Retrying...
2023-07-08T03:02:43.3195479Z A path returned 202. Retrying...
2023-07-08T03:02:43.3195702Z A path returned 202. Retrying...
2023-07-08T03:02:43.3195922Z A path returned 202. Retrying...
2023-07-08T03:02:43.3196142Z A path returned 202. Retrying...
2023-07-08T03:02:43.3196381Z A path returned 202. Retrying...
2023-07-08T03:02:43.3196602Z A path returned 202. Retrying...
2023-07-08T03:02:43.3196824Z A path returned 202. Retrying...
2023-07-08T03:02:43.3197049Z A path returned 202. Retrying...
2023-07-08T03:02:43.3197273Z A path returned 202. Retrying...
2023-07-08T03:02:43.3197496Z A path returned 202. Retrying...
2023-07-08T03:02:43.3197719Z A path returned 202. Retrying...
2023-07-08T03:02:43.3197944Z A path returned 202. Retrying...
2023-07-08T03:02:43.3198176Z A path returned 202. Retrying...
2023-07-08T03:02:43.3198401Z A path returned 202. Retrying...
2023-07-08T03:02:43.3198621Z A path returned 202. Retrying...
2023-07-08T03:02:43.3198934Z A path returned 202. Retrying...
2023-07-08T03:02:43.3199157Z A path returned 202. Retrying...
2023-07-08T03:02:43.3199384Z A path returned 202. Retrying...
2023-07-08T03:02:43.3199600Z A path returned 202. Retrying...
2023-07-08T03:02:43.3199844Z A path returned 202. Retrying...
2023-07-08T03:02:43.3200074Z A path returned 202. Retrying...
2023-07-08T03:02:43.3200301Z A path returned 202. Retrying...
2023-07-08T03:02:43.3200531Z A path returned 202. Retrying...
2023-07-08T03:02:43.3200758Z A path returned 202. Retrying...
2023-07-08T03:02:43.3200990Z A path returned 202. Retrying...
2023-07-08T03:02:43.3201216Z A path returned 202. Retrying...
2023-07-08T03:02:43.3201443Z A path returned 202. Retrying...
2023-07-08T03:02:43.3201670Z A path returned 202. Retrying...
2023-07-08T03:02:43.3201892Z A path returned 202. Retrying...
2023-07-08T03:02:43.3202114Z A path returned 202. Retrying...
2023-07-08T03:02:43.3202339Z A path returned 202. Retrying...
2023-07-08T03:02:43.3202565Z A path returned 202. Retrying...
2023-07-08T03:02:43.3202788Z A path returned 202. Retrying...
2023-07-08T03:02:43.3203019Z A path returned 202. Retrying...
2023-07-08T03:02:43.3203242Z A path returned 202. Retrying...
2023-07-08T03:02:43.3203463Z A path returned 202. Retrying...
2023-07-08T03:02:43.3203686Z A path returned 202. Retrying...
2023-07-08T03:02:43.3203907Z A path returned 202. Retrying...
2023-07-08T03:02:43.3204129Z A path returned 202. Retrying...
2023-07-08T03:02:43.3204350Z A path returned 202. Retrying...
2023-07-08T03:02:43.3204681Z A path returned 202. Retrying...
2023-07-08T03:02:43.3204916Z A path returned 202. Retrying...
2023-07-08T03:02:43.3205146Z A path returned 202. Retrying...
2023-07-08T03:02:43.3205366Z A path returned 202. Retrying...
2023-07-08T03:02:43.3205588Z A path returned 202. Retrying...
2023-07-08T03:02:43.3205810Z A path returned 202. Retrying...
2023-07-08T03:02:43.3206035Z A path returned 202. Retrying...
2023-07-08T03:02:43.3206256Z A path returned 202. Retrying...
2023-07-08T03:02:43.3206487Z A path returned 202. Retrying...
2023-07-08T03:02:43.3206712Z A path returned 202. Retrying...
2023-07-08T03:02:43.3207055Z A path returned 202. Retrying...
2023-07-08T03:02:43.3207278Z A path returned 202. Retrying...
2023-07-08T03:02:43.3207498Z A path returned 202. Retrying...
2023-07-08T03:02:43.3207723Z A path returned 202. Retrying...
2023-07-08T03:02:43.3207945Z A path returned 202. Retrying...
2023-07-08T03:02:43.3208166Z A path returned 202. Retrying...
2023-07-08T03:02:43.3208399Z A path returned 202. Retrying...
2023-07-08T03:02:43.3208622Z A path returned 202. Retrying...
2023-07-08T03:02:43.3208849Z A path returned 202. Retrying...
2023-07-08T03:02:43.3209076Z A path returned 202. Retrying...
2023-07-08T03:02:43.3209299Z A path returned 202. Retrying...
2023-07-08T03:02:43.3209523Z A path returned 202. Retrying...
2023-07-08T03:02:43.3209744Z A path returned 202. Retrying...
2023-07-08T03:02:43.3209971Z A path returned 202. Retrying...
2023-07-08T03:02:43.3210205Z A path returned 202. Retrying...
2023-07-08T03:02:43.3210462Z A path returned 202. Retrying...
2023-07-08T03:02:43.3210688Z A path returned 202. Retrying...
2023-07-08T03:02:43.3210910Z A path returned 202. Retrying...
2023-07-08T03:02:43.3211130Z A path returned 202. Retrying...
2023-07-08T03:02:43.3211353Z A path returned 202. Retrying...
2023-07-08T03:02:43.3211575Z A path returned 202. Retrying...
2023-07-08T03:02:43.3211812Z A path returned 202. Retrying...
2023-07-08T03:02:43.3212029Z A path returned 202. Retrying...
2023-07-08T03:02:43.3212258Z A path returned 202. Retrying...
2023-07-08T03:02:43.3212477Z A path returned 202. Retrying...
2023-07-08T03:02:43.3212696Z A path returned 202. Retrying...
2023-07-08T03:02:43.3212919Z A path returned 202. Retrying...
2023-07-08T03:11:33.9660391Z A path returned 202. Retrying...
2023-07-08T03:11:33.9660714Z A path returned 202. Retrying...
2023-07-08T03:11:33.9660957Z A path returned 202. Retrying...
2023-07-08T03:11:33.9661306Z A path returned 202. Retrying...
2023-07-08T03:11:33.9661571Z A path returned 202. Retrying...
2023-07-08T03:11:33.9661808Z A path returned 202. Retrying...
2023-07-08T03:11:33.9662066Z A path returned 202. Retrying...
2023-07-08T03:11:33.9662297Z A path returned 202. Retrying...
2023-07-08T03:11:33.9662526Z A path returned 202. Retrying...
2023-07-08T03:11:33.9662754Z A path returned 202. Retrying...
2023-07-08T03:11:33.9662979Z A path returned 202. Retrying...
2023-07-08T03:11:33.9663222Z A path returned 202. Retrying...
2023-07-08T03:11:33.9663472Z A path returned 202. Retrying...
2023-07-08T03:11:33.9663709Z A path returned 202. Retrying...
2023-07-08T03:11:33.9663937Z A path returned 202. Retrying...
2023-07-08T03:11:33.9664167Z A path returned 202. Retrying...
2023-07-08T03:11:33.9664399Z A path returned 202. Retrying...
2023-07-08T03:11:33.9664615Z A path returned 202. Retrying...
2023-07-08T03:11:33.9664847Z A path returned 202. Retrying...
2023-07-08T03:11:33.9665091Z A path returned 202. Retrying...
2023-07-08T03:11:33.9665319Z A path returned 202. Retrying...
2023-07-08T03:11:33.9665544Z A path returned 202. Retrying...
2023-07-08T03:11:33.9665783Z A path returned 202. Retrying...
2023-07-08T03:11:33.9666010Z A path returned 202. Retrying...
2023-07-08T03:11:33.9666235Z A path returned 202. Retrying...
2023-07-08T03:11:33.9666454Z A path returned 202. Retrying...
2023-07-08T03:11:33.9666693Z A path returned 202. Retrying...
2023-07-08T03:11:33.9666929Z A path returned 202. Retrying...
2023-07-08T03:11:33.9667155Z A path returned 202. Retrying...
2023-07-08T03:11:33.9667384Z A path returned 202. Retrying...
2023-07-08T03:11:33.9667982Z A path returned 202. Retrying...
2023-07-08T03:11:33.9668214Z A path returned 202. Retrying...
2023-07-08T03:11:33.9668442Z A path returned 202. Retrying...
2023-07-08T03:11:33.9668668Z A path returned 202. Retrying...
2023-07-08T03:11:33.9668917Z A path returned 202. Retrying...
2023-07-08T03:11:33.9669149Z A path returned 202. Retrying...
2023-07-08T03:11:33.9669376Z A path returned 202. Retrying...
2023-07-08T03:11:33.9669604Z A path returned 202. Retrying...
2023-07-08T03:11:33.9669833Z A path returned 202. Retrying...
2023-07-08T03:11:33.9670208Z A path returned 202. Retrying...
2023-07-08T03:11:33.9670429Z A path returned 202. Retrying...
2023-07-08T03:11:33.9670671Z A path returned 202. Retrying...
2023-07-08T03:11:33.9670906Z A path returned 202. Retrying...
2023-07-08T03:11:33.9671134Z A path returned 202. Retrying...
2023-07-08T03:11:33.9671361Z A path returned 202. Retrying...
2023-07-08T03:11:33.9671594Z A path returned 202. Retrying...
2023-07-08T03:11:33.9671832Z A path returned 202. Retrying...
2023-07-08T03:11:33.9672061Z A path returned 202. Retrying...
2023-07-08T03:11:33.9672281Z A path returned 202. Retrying...
2023-07-08T03:11:33.9672525Z A path returned 202. Retrying...
2023-07-08T03:11:33.9672763Z A path returned 202. Retrying...
2023-07-08T03:11:33.9672994Z A path returned 202. Retrying...
2023-07-08T03:11:33.9673223Z A path returned 202. Retrying...
2023-07-08T03:11:33.9673454Z A path returned 202. Retrying...
2023-07-08T03:11:33.9673687Z A path returned 202. Retrying...
2023-07-08T03:11:33.9673921Z A path returned 202. Retrying...
2023-07-08T03:11:33.9674156Z A path returned 202. Retrying...
2023-07-08T03:11:33.9674394Z A path returned 202. Retrying...
2023-07-08T03:11:33.9674623Z A path returned 202. Retrying...
2023-07-08T03:11:33.9674846Z A path returned 202. Retrying...
2023-07-08T03:11:33.9675076Z A path returned 202. Retrying...
2023-07-08T03:11:33.9675299Z A path returned 202. Retrying...
2023-07-08T03:11:33.9675523Z A path returned 202. Retrying...
2023-07-08T03:11:33.9675747Z A path returned 202. Retrying...
2023-07-08T03:11:33.9675985Z A path returned 202. Retrying...
2023-07-08T03:11:33.9676220Z A path returned 202. Retrying...
2023-07-08T03:11:33.9676447Z A path returned 202. Retrying...
2023-07-08T03:11:33.9676670Z A path returned 202. Retrying...
2023-07-08T03:11:33.9676896Z A path returned 202. Retrying...
2023-07-08T03:11:33.9677125Z A path returned 202. Retrying...
2023-07-08T03:11:33.9677352Z A path returned 202. Retrying...
2023-07-08T03:11:33.9677589Z A path returned 202. Retrying...
2023-07-08T03:11:33.9677822Z A path returned 202. Retrying...
2023-07-08T03:11:33.9678053Z A path returned 202. Retrying...
2023-07-08T03:11:33.9678282Z A path returned 202. Retrying...
2023-07-08T03:11:33.9678509Z A path returned 202. Retrying...
2023-07-08T03:11:33.9678735Z A path returned 202. Retrying...
2023-07-08T03:11:33.9679155Z A path returned 202. Retrying...
2023-07-08T03:11:33.9679387Z A path returned 202. Retrying...
2023-07-08T03:11:33.9679623Z A path returned 202. Retrying...
2023-07-08T03:11:33.9679854Z A path returned 202. Retrying...
2023-07-08T03:11:33.9680084Z A path returned 202. Retrying...
2023-07-08T03:11:33.9680314Z A path returned 202. Retrying...
2023-07-08T03:11:33.9680543Z A path returned 202. Retrying...
2023-07-08T03:11:33.9680774Z A path returned 202. Retrying...
2023-07-08T03:11:33.9681008Z A path returned 202. Retrying...
2023-07-08T03:11:33.9681243Z A path returned 202. Retrying...
2023-07-08T03:11:33.9681488Z A path returned 202. Retrying...
2023-07-08T03:11:33.9681722Z A path returned 202. Retrying...
2023-07-08T03:11:33.9681951Z A path returned 202. Retrying...
2023-07-08T03:11:33.9682186Z A path returned 202. Retrying...
2023-07-08T03:11:33.9682425Z A path returned 202. Retrying...
2023-07-08T03:11:33.9682653Z A path returned 202. Retrying...
2023-07-08T03:11:33.9682883Z A path returned 202. Retrying...
2023-07-08T03:11:33.9683115Z A path returned 202. Retrying...
2023-07-08T03:11:33.9683344Z A path returned 202. Retrying...
2023-07-08T03:11:33.9683701Z A path returned 202. Retrying...
2023-07-08T03:11:33.9683930Z A path returned 202. Retrying...
2023-07-08T03:11:33.9684155Z A path returned 202. Retrying...
2023-07-08T03:11:33.9684384Z A path returned 202. Retrying...
2023-07-08T03:11:33.9684615Z A path returned 202. Retrying...
2023-07-08T03:11:33.9684854Z A path returned 202. Retrying...
2023-07-08T03:11:33.9685077Z A path returned 202. Retrying...
2023-07-08T03:11:33.9685301Z A path returned 202. Retrying...
2023-07-08T03:11:33.9685531Z A path returned 202. Retrying...
2023-07-08T03:11:33.9685867Z A path returned 202. Retrying...
2023-07-08T03:11:33.9686094Z A path returned 202. Retrying...
2023-07-08T03:11:33.9686323Z A path returned 202. Retrying...
2023-07-08T03:11:33.9686553Z A path returned 202. Retrying...
2023-07-08T03:11:33.9686787Z A path returned 202. Retrying...
2023-07-08T03:11:33.9687018Z A path returned 202. Retrying...
2023-07-08T03:11:33.9687243Z A path returned 202. Retrying...
2023-07-08T03:11:33.9687475Z A path returned 202. Retrying...
2023-07-08T03:11:33.9687702Z A path returned 202. Retrying...
2023-07-08T03:11:33.9687929Z A path returned 202. Retrying...
2023-07-08T03:11:33.9688158Z A path returned 202. Retrying...
2023-07-08T03:11:33.9688399Z A path returned 202. Retrying...
2023-07-08T03:11:33.9688622Z A path returned 202. Retrying...
2023-07-08T03:11:33.9688857Z A path returned 202. Retrying...
2023-07-08T03:11:33.9689090Z A path returned 202. Retrying...
2023-07-08T03:11:33.9689323Z A path returned 202. Retrying...
2023-07-08T03:11:33.9689558Z A path returned 202. Retrying...
2023-07-08T03:11:33.9689788Z A path returned 202. Retrying...
2023-07-08T03:11:33.9690020Z A path returned 202. Retrying...
2023-07-08T03:11:33.9690258Z A path returned 202. Retrying...
2023-07-08T03:11:33.9690476Z A path returned 202. Retrying...
2023-07-08T03:11:33.9690698Z A path returned 202. Retrying...
2023-07-08T03:11:33.9690923Z A path returned 202. Retrying...
2023-07-08T03:11:33.9691150Z A path returned 202. Retrying...
2023-07-08T03:11:33.9691383Z A path returned 202. Retrying...
2023-07-08T03:11:33.9691613Z A path returned 202. Retrying...
2023-07-08T03:11:33.9691850Z A path returned 202. Retrying...
2023-07-08T03:11:33.9692074Z A path returned 202. Retrying...
2023-07-08T03:11:33.9692305Z A path returned 202. Retrying...
2023-07-08T03:11:33.9692527Z A path returned 202. Retrying...
2023-07-08T03:11:33.9692753Z A path returned 202. Retrying...
2023-07-08T03:11:33.9692980Z A path returned 202. Retrying...
2023-07-08T03:11:33.9693209Z A path returned 202. Retrying...
2023-07-08T03:11:33.9693442Z A path returned 202. Retrying...
2023-07-08T03:11:33.9693685Z A path returned 202. Retrying...
2023-07-08T03:11:33.9693904Z A path returned 202. Retrying...
2023-07-08T03:11:33.9694135Z A path returned 202. Retrying...
2023-07-08T03:11:33.9694356Z A path returned 202. Retrying...
2023-07-08T03:11:33.9694579Z A path returned 202. Retrying...
2023-07-08T03:11:33.9694804Z A path returned 202. Retrying...
2023-07-08T03:11:33.9695035Z A path returned 202. Retrying...
2023-07-08T03:11:33.9695282Z A path returned 202. Retrying...
2023-07-08T03:11:33.9695512Z A path returned 202. Retrying...
2023-07-08T03:11:33.9695728Z A path returned 202. Retrying...
2023-07-08T03:11:33.9695951Z A path returned 202. Retrying...
2023-07-08T03:11:33.9696184Z A path returned 202. Retrying...
2023-07-08T03:11:33.9696416Z A path returned 202. Retrying...
2023-07-08T03:11:33.9696645Z A path returned 202. Retrying...
2023-07-08T03:11:33.9696873Z A path returned 202. Retrying...
2023-07-08T03:11:33.9697119Z A path returned 202. Retrying...
2023-07-08T03:11:33.9697332Z A path returned 202. Retrying...
2023-07-08T03:11:33.9697557Z A path returned 202. Retrying...
2023-07-08T03:11:33.9697788Z A path returned 202. Retrying...
2023-07-08T03:11:33.9698017Z A path returned 202. Retrying...
2023-07-08T03:11:33.9698243Z A path returned 202. Retrying...
2023-07-08T03:11:33.9698467Z A path returned 202. Retrying...
2023-07-08T03:11:33.9698703Z A path returned 202. Retrying...
2023-07-08T03:11:33.9699025Z A path returned 202. Retrying...
2023-07-08T03:11:33.9699253Z A path returned 202. Retrying...
2023-07-08T03:11:33.9699479Z A path returned 202. Retrying...
2023-07-08T03:11:33.9699705Z A path returned 202. Retrying...
2023-07-08T03:11:33.9699932Z A path returned 202. Retrying...
2023-07-08T03:11:33.9700158Z A path returned 202. Retrying...
2023-07-08T03:11:33.9700392Z A path returned 202. Retrying...
2023-07-08T03:11:33.9700635Z A path returned 202. Retrying...
2023-07-08T03:11:33.9700864Z A path returned 202. Retrying...
2023-07-08T03:11:33.9701173Z A path returned 202. Retrying...
2023-07-08T03:11:33.9701402Z A path returned 202. Retrying...
2023-07-08T03:11:33.9701631Z A path returned 202. Retrying...
2023-07-08T03:11:33.9701856Z A path returned 202. Retrying...
2023-07-08T03:11:33.9702082Z A path returned 202. Retrying...
2023-07-08T03:11:33.9702320Z A path returned 202. Retrying...
2023-07-08T03:11:33.9702546Z A path returned 202. Retrying...
2023-07-08T03:11:33.9702775Z A path returned 202. Retrying...
2023-07-08T03:11:33.9702991Z A path returned 202. Retrying...
2023-07-08T03:11:33.9703221Z A path returned 202. Retrying...
2023-07-08T03:11:33.9703449Z A path returned 202. Retrying...
2023-07-08T03:11:33.9703676Z A path returned 202. Retrying...
2023-07-08T03:11:33.9703910Z A path returned 202. Retrying...
2023-07-08T03:11:33.9704151Z A path returned 202. Retrying...
2023-07-08T03:11:33.9704381Z A path returned 202. Retrying...
2023-07-08T03:11:33.9704596Z A path returned 202. Retrying...
2023-07-08T03:11:33.9704825Z A path returned 202. Retrying...
2023-07-08T03:11:33.9705058Z A path returned 202. Retrying...
2023-07-08T03:11:33.9705286Z A path returned 202. Retrying...
2023-07-08T03:11:33.9705514Z A path returned 202. Retrying...
2023-07-08T03:11:33.9705755Z A path returned 202. Retrying...
2023-07-08T03:11:33.9705988Z A path returned 202. Retrying...
2023-07-08T03:11:33.9706212Z A path returned 202. Retrying...
2023-07-08T03:11:33.9706427Z A path returned 202. Retrying...
2023-07-08T03:11:33.9706654Z A path returned 202. Retrying...
2023-07-08T03:11:33.9706879Z A path returned 202. Retrying...
2023-07-08T03:11:33.9707109Z A path returned 202. Retrying...
2023-07-08T03:11:33.9707342Z A path returned 202. Retrying...
2023-07-08T03:11:33.9707578Z A path returned 202. Retrying...
2023-07-08T03:11:33.9707806Z A path returned 202. Retrying...
2023-07-08T03:11:33.9708031Z A path returned 202. Retrying...
2023-07-08T03:11:33.9708248Z A path returned 202. Retrying...
2023-07-08T03:11:33.9708475Z A path returned 202. Retrying...
2023-07-08T03:11:33.9708705Z A path returned 202. Retrying...
2023-07-08T03:11:33.9708931Z A path returned 202. Retrying...
2023-07-08T03:11:33.9709167Z A path returned 202. Retrying...
2023-07-08T03:11:33.9709395Z A path returned 202. Retrying...
2023-07-08T03:11:33.9709621Z A path returned 202. Retrying...
2023-07-08T03:11:33.9709838Z A path returned 202. Retrying...
2023-07-08T03:11:33.9710064Z A path returned 202. Retrying...
2023-07-08T03:11:33.9710295Z A path returned 202. Retrying...
2023-07-08T03:11:33.9710520Z A path returned 202. Retrying...
2023-07-08T03:11:33.9710752Z A path returned 202. Retrying...
2023-07-08T03:11:33.9710991Z A path returned 202. Retrying...
2023-07-08T03:11:33.9711217Z A path returned 202. Retrying...
2023-07-08T03:11:33.9711447Z A path returned 202. Retrying...
2023-07-08T03:11:33.9711661Z A path returned 202. Retrying...
2023-07-08T03:11:33.9711882Z A path returned 202. Retrying...
2023-07-08T03:11:33.9712106Z A path returned 202. Retrying...
2023-07-08T03:11:33.9712335Z A path returned 202. Retrying...
2023-07-08T03:11:33.9712570Z A path returned 202. Retrying...
2023-07-08T03:11:33.9712800Z A path returned 202. Retrying...
2023-07-08T03:11:33.9713030Z A path returned 202. Retrying...
2023-07-08T03:11:33.9713260Z A path returned 202. Retrying...
2023-07-08T03:11:33.9713477Z A path returned 202. Retrying...
2023-07-08T03:11:33.9713699Z A path returned 202. Retrying...
2023-07-08T03:11:33.9713931Z A path returned 202. Retrying...
2023-07-08T03:11:33.9714248Z A path returned 202. Retrying...
2023-07-08T03:11:33.9714492Z A path returned 202. Retrying...
2023-07-08T03:11:33.9714719Z A path returned 202. Retrying...
2023-07-08T03:11:33.9714948Z A path returned 202. Retrying...
2023-07-08T03:11:33.9715165Z A path returned 202. Retrying...
2023-07-08T03:11:33.9715401Z A path returned 202. Retrying...
2023-07-08T03:11:33.9715628Z A path returned 202. Retrying...
2023-07-08T03:11:33.9715858Z A path returned 202. Retrying...
2023-07-08T03:11:33.9716095Z A path returned 202. Retrying...
2023-07-08T03:11:33.9716445Z A path returned 202. Retrying...
2023-07-08T03:11:33.9716670Z A path returned 202. Retrying...
2023-07-08T03:11:33.9716894Z A path returned 202. Retrying...
2023-07-08T03:11:33.9717111Z A path returned 202. Retrying...
2023-07-08T03:11:33.9717342Z A path returned 202. Retrying...
2023-07-08T03:11:33.9717620Z A path returned 202. Retrying...
2023-07-08T03:11:33.9717855Z A path returned 202. Retrying...
2023-07-08T03:11:33.9718097Z A path returned 202. Retrying...
2023-07-08T03:11:33.9718324Z A path returned 202. Retrying...
2023-07-08T03:11:33.9718552Z A path returned 202. Retrying...
2023-07-08T03:11:33.9718858Z A path returned 202. Retrying...
2023-07-08T03:20:26.5284765Z A path returned 202. Retrying...
2023-07-08T03:20:26.5285152Z A path returned 202. Retrying...
2023-07-08T03:20:26.5285391Z A path returned 202. Retrying...
2023-07-08T03:20:26.5285659Z A path returned 202. Retrying...
2023-07-08T03:20:26.5285908Z A path returned 202. Retrying...
2023-07-08T03:20:26.5286159Z A path returned 202. Retrying...
2023-07-08T03:20:26.5286389Z A path returned 202. Retrying...
2023-07-08T03:20:26.5286620Z A path returned 202. Retrying...
2023-07-08T03:20:26.5286842Z A path returned 202. Retrying...
2023-07-08T03:20:26.5287065Z A path returned 202. Retrying...
2023-07-08T03:20:26.5287306Z A path returned 202. Retrying...
2023-07-08T03:20:26.5287555Z A path returned 202. Retrying...
2023-07-08T03:20:26.5287785Z A path returned 202. Retrying...
2023-07-08T03:20:26.5288015Z A path returned 202. Retrying...
2023-07-08T03:20:26.5288242Z A path returned 202. Retrying...
2023-07-08T03:20:26.5288461Z A path returned 202. Retrying...
2023-07-08T03:20:26.5288695Z A path returned 202. Retrying...
2023-07-08T03:20:26.5288918Z A path returned 202. Retrying...
2023-07-08T03:20:26.5289165Z A path returned 202. Retrying...
2023-07-08T03:20:26.5289402Z A path returned 202. Retrying...
2023-07-08T03:20:26.5289627Z A path returned 202. Retrying...
2023-07-08T03:20:26.5289849Z A path returned 202. Retrying...
2023-07-08T03:20:26.5290080Z A path returned 202. Retrying...
2023-07-08T03:20:26.5290298Z A path returned 202. Retrying...
2023-07-08T03:20:26.5290516Z A path returned 202. Retrying...
2023-07-08T03:20:26.5290743Z A path returned 202. Retrying...
2023-07-08T03:20:26.5290981Z A path returned 202. Retrying...
2023-07-08T03:20:26.5291210Z A path returned 202. Retrying...
2023-07-08T03:20:26.5291437Z A path returned 202. Retrying...
2023-07-08T03:20:26.5291664Z A path returned 202. Retrying...
2023-07-08T03:20:26.5291891Z A path returned 202. Retrying...
2023-07-08T03:20:26.5292107Z A path returned 202. Retrying...
2023-07-08T03:20:26.5292336Z A path returned 202. Retrying...
2023-07-08T03:20:26.5292579Z A path returned 202. Retrying...
2023-07-08T03:20:26.5292810Z A path returned 202. Retrying...
2023-07-08T03:20:26.5293035Z A path returned 202. Retrying...
2023-07-08T03:20:26.5293257Z A path returned 202. Retrying...
2023-07-08T03:20:26.5293485Z A path returned 202. Retrying...
2023-07-08T03:20:26.5293707Z A path returned 202. Retrying...
2023-07-08T03:20:26.5293933Z A path returned 202. Retrying...
2023-07-08T03:20:26.5294159Z A path returned 202. Retrying...
2023-07-08T03:20:26.5294401Z A path returned 202. Retrying...
2023-07-08T03:20:26.5294631Z A path returned 202. Retrying...
2023-07-08T03:20:26.5294854Z A path returned 202. Retrying...
2023-07-08T03:20:26.5295080Z A path returned 202. Retrying...
2023-07-08T03:20:26.5295312Z A path returned 202. Retrying...
2023-07-08T03:20:26.5295904Z A path returned 202. Retrying...
2023-07-08T03:20:26.5296145Z A path returned 202. Retrying...
2023-07-08T03:20:26.5296385Z A path returned 202. Retrying...
2023-07-08T03:20:26.5296617Z A path returned 202. Retrying...
2023-07-08T03:20:26.5296850Z A path returned 202. Retrying...
2023-07-08T03:20:26.5297077Z A path returned 202. Retrying...
2023-07-08T03:20:26.5297306Z A path returned 202. Retrying...
2023-07-08T03:20:26.5297531Z A path returned 202. Retrying...
2023-07-08T03:20:26.5297748Z A path returned 202. Retrying...
2023-07-08T03:20:26.5298139Z A path returned 202. Retrying...
2023-07-08T03:20:26.5298382Z A path returned 202. Retrying...
2023-07-08T03:20:26.5298612Z A path returned 202. Retrying...
2023-07-08T03:20:26.5298842Z A path returned 202. Retrying...
2023-07-08T03:20:26.5299066Z A path returned 202. Retrying...
2023-07-08T03:20:26.5299294Z A path returned 202. Retrying...
2023-07-08T03:20:26.5299507Z A path returned 202. Retrying...
2023-07-08T03:20:26.5299737Z A path returned 202. Retrying...
2023-07-08T03:20:26.5299979Z A path returned 202. Retrying...
2023-07-08T03:20:26.5300212Z A path returned 202. Retrying...
2023-07-08T03:20:26.5300442Z A path returned 202. Retrying...
2023-07-08T03:20:26.5300666Z A path returned 202. Retrying...
2023-07-08T03:20:26.5300893Z A path returned 202. Retrying...
2023-07-08T03:20:26.5301113Z A path returned 202. Retrying...
2023-07-08T03:20:26.5301328Z A path returned 202. Retrying...
2023-07-08T03:20:26.5301556Z A path returned 202. Retrying...
2023-07-08T03:20:26.5301803Z A path returned 202. Retrying...
2023-07-08T03:20:26.5302031Z A path returned 202. Retrying...
2023-07-08T03:20:26.5302256Z A path returned 202. Retrying...
2023-07-08T03:20:26.5302482Z A path returned 202. Retrying...
2023-07-08T03:20:26.5302707Z A path returned 202. Retrying...
2023-07-08T03:20:26.5302933Z A path returned 202. Retrying...
2023-07-08T03:20:26.5303148Z A path returned 202. Retrying...
2023-07-08T03:20:26.5303390Z A path returned 202. Retrying...
2023-07-08T03:20:26.5303626Z A path returned 202. Retrying...
2023-07-08T03:20:26.5303856Z A path returned 202. Retrying...
2023-07-08T03:20:26.5304085Z A path returned 202. Retrying...
2023-07-08T03:20:26.5304309Z A path returned 202. Retrying...
2023-07-08T03:20:26.5304534Z A path returned 202. Retrying...
2023-07-08T03:20:26.5304752Z A path returned 202. Retrying...
2023-07-08T03:20:26.5304985Z A path returned 202. Retrying...
2023-07-08T03:20:26.5305227Z A path returned 202. Retrying...
2023-07-08T03:20:26.5305457Z A path returned 202. Retrying...
2023-07-08T03:20:26.5305689Z A path returned 202. Retrying...
2023-07-08T03:20:26.5305914Z A path returned 202. Retrying...
2023-07-08T03:20:26.5306141Z A path returned 202. Retrying...
2023-07-08T03:20:26.5306362Z A path returned 202. Retrying...
2023-07-08T03:20:26.5306576Z A path returned 202. Retrying...
2023-07-08T03:20:26.5306817Z A path returned 202. Retrying...
2023-07-08T03:20:26.5307049Z A path returned 202. Retrying...
2023-07-08T03:20:26.5307279Z A path returned 202. Retrying...
2023-07-08T03:20:26.5307503Z A path returned 202. Retrying...
2023-07-08T03:20:26.5307729Z A path returned 202. Retrying...
2023-07-08T03:20:26.5307955Z A path returned 202. Retrying...
2023-07-08T03:20:26.5308181Z A path returned 202. Retrying...
2023-07-08T03:20:26.5308406Z A path returned 202. Retrying...
2023-07-08T03:20:26.5308641Z A path returned 202. Retrying...
2023-07-08T03:20:26.5308867Z A path returned 202. Retrying...
2023-07-08T03:20:26.5309095Z A path returned 202. Retrying...
2023-07-08T03:20:26.5309322Z A path returned 202. Retrying...
2023-07-08T03:20:26.5309556Z A path returned 202. Retrying...
2023-07-08T03:20:26.5309779Z A path returned 202. Retrying...
2023-07-08T03:20:26.5309994Z A path returned 202. Retrying...
2023-07-08T03:20:26.5310238Z A path returned 202. Retrying...
2023-07-08T03:20:26.5310466Z A path returned 202. Retrying...
2023-07-08T03:20:26.5310691Z A path returned 202. Retrying...
2023-07-08T03:20:26.5310915Z A path returned 202. Retrying...
2023-07-08T03:20:26.5311253Z A path returned 202. Retrying...
2023-07-08T03:20:26.5311478Z A path returned 202. Retrying...
2023-07-08T03:20:26.5311702Z A path returned 202. Retrying...
2023-07-08T03:20:26.5311923Z A path returned 202. Retrying...
2023-07-08T03:20:26.5312161Z A path returned 202. Retrying...
2023-07-08T03:20:26.5312390Z A path returned 202. Retrying...
2023-07-08T03:20:26.5312616Z A path returned 202. Retrying...
2023-07-08T03:20:26.5312843Z A path returned 202. Retrying...
2023-07-08T03:20:26.5313069Z A path returned 202. Retrying...
2023-07-08T03:20:26.5313394Z A path returned 202. Retrying...
2023-07-08T03:20:26.5313618Z A path returned 202. Retrying...
2023-07-08T03:20:26.5313851Z A path returned 202. Retrying...
2023-07-08T03:20:26.5314080Z A path returned 202. Retrying...
2023-07-08T03:20:26.5314308Z A path returned 202. Retrying...
2023-07-08T03:20:26.5314533Z A path returned 202. Retrying...
2023-07-08T03:20:26.5314759Z A path returned 202. Retrying...
2023-07-08T03:20:26.5314988Z A path returned 202. Retrying...
2023-07-08T03:20:26.5315212Z A path returned 202. Retrying...
2023-07-08T03:20:26.5315431Z A path returned 202. Retrying...
2023-07-08T03:20:26.5315669Z A path returned 202. Retrying...
2023-07-08T03:20:26.5315894Z A path returned 202. Retrying...
2023-07-08T03:20:26.5316120Z A path returned 202. Retrying...
2023-07-08T03:20:26.5316346Z A path returned 202. Retrying...
2023-07-08T03:20:26.5316575Z A path returned 202. Retrying...
2023-07-08T03:20:26.5316807Z A path returned 202. Retrying...
2023-07-08T03:20:26.5317034Z A path returned 202. Retrying...
2023-07-08T03:20:26.5317270Z A path returned 202. Retrying...
2023-07-08T03:20:26.5317500Z A path returned 202. Retrying...
2023-07-08T03:20:26.5317723Z A path returned 202. Retrying...
2023-07-08T03:20:26.5317948Z A path returned 202. Retrying...
2023-07-08T03:20:26.5318171Z A path returned 202. Retrying...
2023-07-08T03:20:26.5318398Z A path returned 202. Retrying...
2023-07-08T03:20:26.5318622Z A path returned 202. Retrying...
2023-07-08T03:20:26.5319000Z A path returned 202. Retrying...
2023-07-08T03:20:26.5319229Z A path returned 202. Retrying...
2023-07-08T03:20:26.5319454Z A path returned 202. Retrying...
2023-07-08T03:20:26.5319683Z A path returned 202. Retrying...
2023-07-08T03:20:26.5319911Z A path returned 202. Retrying...
2023-07-08T03:20:26.5320141Z A path returned 202. Retrying...
2023-07-08T03:20:26.5320361Z A path returned 202. Retrying...
2023-07-08T03:20:26.5320585Z A path returned 202. Retrying...
2023-07-08T03:20:26.5320823Z A path returned 202. Retrying...
2023-07-08T03:20:26.5321050Z A path returned 202. Retrying...
2023-07-08T03:20:26.5321278Z A path returned 202. Retrying...
2023-07-08T03:20:26.5321500Z A path returned 202. Retrying...
2023-07-08T03:20:26.5321725Z A path returned 202. Retrying...
2023-07-08T03:20:26.5321948Z A path returned 202. Retrying...
2023-07-08T03:20:26.5322175Z A path returned 202. Retrying...
2023-07-08T03:20:26.5322406Z A path returned 202. Retrying...
2023-07-08T03:20:26.5322638Z A path returned 202. Retrying...
2023-07-08T03:20:26.5322862Z A path returned 202. Retrying...
2023-07-08T03:20:26.5323085Z A path returned 202. Retrying...
2023-07-08T03:20:26.5323309Z A path returned 202. Retrying...
2023-07-08T03:20:26.5323532Z A path returned 202. Retrying...
2023-07-08T03:20:26.5323759Z A path returned 202. Retrying...
2023-07-08T03:20:26.5323980Z A path returned 202. Retrying...
2023-07-08T03:20:26.5324216Z A path returned 202. Retrying...
2023-07-08T03:20:26.5324436Z A path returned 202. Retrying...
2023-07-08T03:20:26.5324660Z A path returned 202. Retrying...
2023-07-08T03:20:26.5324894Z A path returned 202. Retrying...
2023-07-08T03:20:26.5325122Z A path returned 202. Retrying...
2023-07-08T03:20:26.5325347Z A path returned 202. Retrying...
2023-07-08T03:20:26.5325575Z A path returned 202. Retrying...
2023-07-08T03:20:26.5325802Z A path returned 202. Retrying...
2023-07-08T03:20:26.5326034Z A path returned 202. Retrying...
2023-07-08T03:20:26.5326252Z A path returned 202. Retrying...
2023-07-08T03:20:26.5326585Z A path returned 202. Retrying...
2023-07-08T03:20:26.5326814Z A path returned 202. Retrying...
2023-07-08T03:20:26.5327039Z A path returned 202. Retrying...
2023-07-08T03:20:26.5327263Z A path returned 202. Retrying...
2023-07-08T03:20:26.5327488Z A path returned 202. Retrying...
2023-07-08T03:20:26.5327722Z A path returned 202. Retrying...
2023-07-08T03:20:26.5327943Z A path returned 202. Retrying...
2023-07-08T03:20:26.5328172Z A path returned 202. Retrying...
2023-07-08T03:20:26.5328396Z A path returned 202. Retrying...
2023-07-08T03:20:26.5328727Z A path returned 202. Retrying...
2023-07-08T03:20:26.5328949Z A path returned 202. Retrying...
2023-07-08T03:20:26.5329178Z A path returned 202. Retrying...
2023-07-08T03:20:26.5329410Z A path returned 202. Retrying...
2023-07-08T03:20:26.5329647Z A path returned 202. Retrying...
2023-07-08T03:20:26.5329866Z A path returned 202. Retrying...
2023-07-08T03:20:26.5330088Z A path returned 202. Retrying...
2023-07-08T03:20:26.5330314Z A path returned 202. Retrying...
2023-07-08T03:20:26.5330537Z A path returned 202. Retrying...
2023-07-08T03:20:26.5330762Z A path returned 202. Retrying...
2023-07-08T03:20:26.5330985Z A path returned 202. Retrying...
2023-07-08T03:20:26.5331220Z A path returned 202. Retrying...
2023-07-08T03:20:26.5331486Z A path returned 202. Retrying...
2023-07-08T03:20:26.5331705Z A path returned 202. Retrying...
2023-07-08T03:20:26.5331933Z A path returned 202. Retrying...
2023-07-08T03:20:26.5332154Z A path returned 202. Retrying...
2023-07-08T03:20:26.5332380Z A path returned 202. Retrying...
2023-07-08T03:20:26.5332610Z A path returned 202. Retrying...
2023-07-08T03:20:26.5332840Z A path returned 202. Retrying...
2023-07-08T03:20:26.5333079Z A path returned 202. Retrying...
2023-07-08T03:20:26.5333295Z A path returned 202. Retrying...
2023-07-08T03:20:26.5333528Z A path returned 202. Retrying...
2023-07-08T03:20:26.5333752Z A path returned 202. Retrying...
2023-07-08T03:20:26.5333978Z A path returned 202. Retrying...
2023-07-08T03:20:26.5334211Z A path returned 202. Retrying...
2023-07-08T03:20:26.5334440Z A path returned 202. Retrying...
2023-07-08T03:20:26.5334682Z A path returned 202. Retrying...
2023-07-08T03:20:26.5334918Z A path returned 202. Retrying...
2023-07-08T03:20:26.5335135Z A path returned 202. Retrying...
2023-07-08T03:20:26.5335360Z A path returned 202. Retrying...
2023-07-08T03:20:26.5335587Z A path returned 202. Retrying...
2023-07-08T03:20:26.5335812Z A path returned 202. Retrying...
2023-07-08T03:20:26.5336037Z A path returned 202. Retrying...
2023-07-08T03:20:26.5336271Z A path returned 202. Retrying...
2023-07-08T03:20:26.5336506Z A path returned 202. Retrying...
2023-07-08T03:20:26.5336732Z A path returned 202. Retrying...
2023-07-08T03:20:26.5336953Z A path returned 202. Retrying...
2023-07-08T03:20:26.5337181Z A path returned 202. Retrying...
2023-07-08T03:20:26.5337406Z A path returned 202. Retrying...
2023-07-08T03:20:26.5337636Z A path returned 202. Retrying...
2023-07-08T03:20:26.5337867Z A path returned 202. Retrying...
2023-07-08T03:20:26.5338106Z A path returned 202. Retrying...
2023-07-08T03:20:26.5338332Z A path returned 202. Retrying...
2023-07-08T03:20:26.5338549Z A path returned 202. Retrying...
2023-07-08T03:20:26.5338773Z A path returned 202. Retrying...
2023-07-08T03:20:26.5338995Z A path returned 202. Retrying...
2023-07-08T03:20:26.5339220Z A path returned 202. Retrying...
2023-07-08T03:20:26.5339443Z A path returned 202. Retrying...
2023-07-08T03:20:26.5339673Z A path returned 202. Retrying...
2023-07-08T03:20:26.5339909Z A path returned 202. Retrying...
2023-07-08T03:20:26.5340139Z A path returned 202. Retrying...
2023-07-08T03:20:26.5340354Z A path returned 202. Retrying...
2023-07-08T03:20:26.5340575Z A path returned 202. Retrying...
2023-07-08T03:20:26.5340799Z A path returned 202. Retrying...
2023-07-08T03:20:26.5341027Z A path returned 202. Retrying...
2023-07-08T03:20:26.5341254Z A path returned 202. Retrying...
2023-07-08T03:20:26.5341490Z A path returned 202. Retrying...
2023-07-08T03:20:26.5341820Z A path returned 202. Retrying...
2023-07-08T03:20:26.5342053Z A path returned 202. Retrying...
2023-07-08T03:20:26.5342273Z A path returned 202. Retrying...
2023-07-08T03:20:26.5342496Z A path returned 202. Retrying...
2023-07-08T03:24:28.2082040Z A path returned 202. Retrying...
2023-07-08T03:24:28.2082594Z A path returned 202. Retrying...
2023-07-08T03:24:28.2088085Z A path returned 202. Retrying...
2023-07-08T03:24:28.2088625Z A path returned 202. Retrying...
2023-07-08T03:24:28.2089296Z A path returned 202. Retrying...
2023-07-08T03:24:28.2089882Z A path returned 202. Retrying...
2023-07-08T03:24:28.2090131Z A path returned 202. Retrying...
2023-07-08T03:24:28.2090358Z A path returned 202. Retrying...
2023-07-08T03:24:28.2090594Z A path returned 202. Retrying...
2023-07-08T03:24:28.2090831Z A path returned 202. Retrying...
2023-07-08T03:24:28.2091095Z A path returned 202. Retrying...
2023-07-08T03:24:28.2091339Z A path returned 202. Retrying...
2023-07-08T03:24:28.2091586Z A path returned 202. Retrying...
2023-07-08T03:24:28.2091820Z A path returned 202. Retrying...
2023-07-08T03:24:28.2092041Z A path returned 202. Retrying...
2023-07-08T03:24:28.2092285Z A path returned 202. Retrying...
2023-07-08T03:24:28.2092508Z A path returned 202. Retrying...
2023-07-08T03:24:28.2092746Z A path returned 202. Retrying...
2023-07-08T03:24:28.2092992Z A path returned 202. Retrying...
2023-07-08T03:24:28.2093225Z A path returned 202. Retrying...
2023-07-08T03:24:28.2093450Z A path returned 202. Retrying...
2023-07-08T03:24:28.2093677Z A path returned 202. Retrying...
2023-07-08T03:24:28.2093901Z A path returned 202. Retrying...
2023-07-08T03:24:28.2094131Z A path returned 202. Retrying...
2023-07-08T03:24:28.2094358Z A path returned 202. Retrying...
2023-07-08T03:24:28.2094602Z A path returned 202. Retrying...
2023-07-08T03:24:28.2094862Z A path returned 202. Retrying...
2023-07-08T03:24:28.2095092Z A path returned 202. Retrying...
2023-07-08T03:24:28.2095317Z A path returned 202. Retrying...
2023-07-08T03:24:28.2095553Z A path returned 202. Retrying...
2023-07-08T03:24:28.2095781Z A path returned 202. Retrying...
2023-07-08T03:24:28.2095997Z A path returned 202. Retrying...
2023-07-08T03:24:28.2096224Z A path returned 202. Retrying...
2023-07-08T03:24:28.2096462Z A path returned 202. Retrying...
2023-07-08T03:24:28.2096690Z A path returned 202. Retrying...
2023-07-08T03:24:28.2096915Z A path returned 202. Retrying...
2023-07-08T03:24:28.2097141Z A path returned 202. Retrying...
2023-07-08T03:24:28.2097368Z A path returned 202. Retrying...
2023-07-08T03:24:28.2097595Z A path returned 202. Retrying...
2023-07-08T03:24:28.2097810Z A path returned 202. Retrying...
2023-07-08T03:24:28.2098050Z A path returned 202. Retrying...
2023-07-08T03:24:28.2098285Z A path returned 202. Retrying...
2023-07-08T03:24:28.2098512Z A path returned 202. Retrying...
2023-07-08T03:24:28.2098738Z A path returned 202. Retrying...
2023-07-08T03:24:28.2098962Z A path returned 202. Retrying...
2023-07-08T03:24:28.2099184Z A path returned 202. Retrying...
2023-07-08T03:24:28.2099407Z A path returned 202. Retrying...
2023-07-08T03:24:28.2099639Z A path returned 202. Retrying...
2023-07-08T03:24:28.2099879Z A path returned 202. Retrying...
2023-07-08T03:24:28.2100103Z A path returned 202. Retrying...
2023-07-08T03:24:28.2100329Z A path returned 202. Retrying...
2023-07-08T03:24:28.2100555Z A path returned 202. Retrying...
2023-07-08T03:24:28.2100782Z A path returned 202. Retrying...
2023-07-08T03:24:28.2101006Z A path returned 202. Retrying...
2023-07-08T03:24:28.2101219Z A path returned 202. Retrying...
2023-07-08T03:24:28.2101463Z A path returned 202. Retrying...
2023-07-08T03:24:28.2101700Z A path returned 202. Retrying...
2023-07-08T03:24:28.2101925Z A path returned 202. Retrying...
2023-07-08T03:24:28.2102152Z A path returned 202. Retrying...
2023-07-08T03:24:28.2102382Z A path returned 202. Retrying...
2023-07-08T03:24:28.2102607Z A path returned 202. Retrying...
2023-07-08T03:24:28.2102834Z A path returned 202. Retrying...
2023-07-08T03:24:28.2103196Z A path returned 202. Retrying...
2023-07-08T03:24:28.2103438Z A path returned 202. Retrying...
2023-07-08T03:24:28.2103668Z A path returned 202. Retrying...
2023-07-08T03:24:28.2103896Z A path returned 202. Retrying...
2023-07-08T03:24:28.2104123Z A path returned 202. Retrying...
2023-07-08T03:24:28.2104350Z A path returned 202. Retrying...
2023-07-08T03:24:28.2104580Z A path returned 202. Retrying...
2023-07-08T03:24:28.2104793Z A path returned 202. Retrying...
2023-07-08T03:24:28.2105031Z A path returned 202. Retrying...
2023-07-08T03:24:28.2105366Z A path returned 202. Retrying...
2023-07-08T03:24:28.2105598Z A path returned 202. Retrying...
2023-07-08T03:24:28.2105831Z A path returned 202. Retrying...
2023-07-08T03:24:28.2106056Z A path returned 202. Retrying...
2023-07-08T03:24:28.2106284Z A path returned 202. Retrying...
2023-07-08T03:24:28.2106505Z A path returned 202. Retrying...
2023-07-08T03:24:28.2106724Z A path returned 202. Retrying...
2023-07-08T03:24:28.2106959Z A path returned 202. Retrying...
2023-07-08T03:24:28.2107193Z A path returned 202. Retrying...
2023-07-08T03:24:28.2107420Z A path returned 202. Retrying...
2023-07-08T03:24:28.2342256Z ##[group]Run git config --global user.name "jstrieb/github-stats"
2023-07-08T03:24:28.2342663Z [36;1mgit config --global user.name "jstrieb/github-stats"[0m
2023-07-08T03:24:28.2343037Z [36;1mgit config --global user.email "github-stats[bot]@jstrieb.github.io"[0m
2023-07-08T03:24:28.2343333Z [36;1mgit add .[0m
2023-07-08T03:24:28.2343608Z [36;1m# Force the build to succeed, even if no files were changed[0m
2023-07-08T03:24:28.2343947Z [36;1mgit commit -m 'Update generated files' || true[0m
2023-07-08T03:24:28.2344202Z [36;1mgit push[0m
2023-07-08T03:24:28.2402490Z shell: /usr/bin/bash -e {0}
2023-07-08T03:24:28.2402727Z env:
2023-07-08T03:24:28.2403009Z   pythonLocation: /opt/hostedtoolcache/Python/3.8.17/x64
2023-07-08T03:24:28.2403374Z   PKG_CONFIG_PATH: /opt/hostedtoolcache/Python/3.8.17/x64/lib/pkgconfig
2023-07-08T03:24:28.2403708Z   Python_ROOT_DIR: /opt/hostedtoolcache/Python/3.8.17/x64
2023-07-08T03:24:28.2404073Z   Python2_ROOT_DIR: /opt/hostedtoolcache/Python/3.8.17/x64
2023-07-08T03:24:28.2404387Z   Python3_ROOT_DIR: /opt/hostedtoolcache/Python/3.8.17/x64
2023-07-08T03:24:28.2404709Z   LD_LIBRARY_PATH: /opt/hostedtoolcache/Python/3.8.17/x64/lib
2023-07-08T03:24:28.2404978Z ##[endgroup]
2023-07-08T03:24:28.8708507Z [master c708cea] Update generated files
2023-07-08T03:24:28.8709061Z  2 files changed, 280 insertions(+), 244 deletions(-)
2023-07-08T03:24:29.5010698Z To https://github.com/seanpm2001/GitHub_Stats_A
2023-07-08T03:24:29.5011660Z    3d8936d..c708cea  master -> master
2023-07-08T03:24:29.5086633Z Post job cleanup.
2023-07-08T03:24:29.6587529Z Cache hit occurred on the primary key setup-python-Linux-22.04-Ubuntu-python-3.8.17-pip-60f2a6c0212a9b74a155cd81b58dd07fd8b180833132566260d95f4de42fe218, not saving cache.
2023-07-08T03:24:29.6669566Z Post job cleanup.
2023-07-08T03:24:29.7687482Z [command]/usr/bin/git version
2023-07-08T03:24:29.7736140Z git version 2.41.0
2023-07-08T03:24:29.7781765Z Copying '/home/runner/.gitconfig' to '/home/runner/work/_temp/6ab9e7a1-16be-4c77-be2e-03516cdc204c/.gitconfig'
2023-07-08T03:24:29.7794938Z Temporarily overriding HOME='/home/runner/work/_temp/6ab9e7a1-16be-4c77-be2e-03516cdc204c' before making global git config changes
2023-07-08T03:24:29.7799677Z Adding repository directory to the temporary git global config as a safe directory
2023-07-08T03:24:29.7808432Z [command]/usr/bin/git config --global --add safe.directory /home/runner/work/GitHub_Stats_A/GitHub_Stats_A
2023-07-08T03:24:29.7856068Z [command]/usr/bin/git config --local --name-only --get-regexp core\.sshCommand
2023-07-08T03:24:29.7898909Z [command]/usr/bin/git submodule foreach --recursive sh -c "git config --local --name-only --get-regexp 'core\.sshCommand' && git config --local --unset-all 'core.sshCommand' || :"
2023-07-08T03:24:29.8186765Z [command]/usr/bin/git config --local --name-only --get-regexp http\.https\:\/\/github\.com\/\.extraheader
2023-07-08T03:24:29.8215895Z http.https://github.com/.extraheader
2023-07-08T03:24:29.8235132Z [command]/usr/bin/git config --local --unset-all http.https://github.com/.extraheader
2023-07-08T03:24:29.8279517Z [command]/usr/bin/git submodule foreach --recursive sh -c "git config --local --name-only --get-regexp 'http\.https\:\/\/github\.com\/\.extraheader' && git config --local --unset-all 'http.https://github.com/.extraheader' || :"
2023-07-08T03:24:29.8805192Z Cleaning up orphan processes
