2022-11-03T02:19:56.6813045Z Requested labels: ubuntu-latest
2022-11-03T02:19:56.6813096Z Job defined at: seanpm2001/GitHub_Stats_A/.github/workflows/main.yml@refs/heads/master
2022-11-03T02:19:56.6813118Z Waiting for a runner to pick up this job...
2022-11-03T02:19:57.0405667Z Job is waiting for a hosted runner to come online.
2022-11-03T02:20:01.6248268Z Job is about to start running on the hosted runner: Hosted Agent (hosted)
2022-11-03T02:20:06.1853301Z Current runner version: '2.298.2'
2022-11-03T02:20:06.1880240Z ##[group]Operating System
2022-11-03T02:20:06.1880799Z Ubuntu
2022-11-03T02:20:06.1881195Z 20.04.5
2022-11-03T02:20:06.1881438Z LTS
2022-11-03T02:20:06.1881745Z ##[endgroup]
2022-11-03T02:20:06.1882079Z ##[group]Runner Image
2022-11-03T02:20:06.1882450Z Image: ubuntu-20.04
2022-11-03T02:20:06.1882877Z Version: 20221024.1
2022-11-03T02:20:06.1883403Z Included Software: https://github.com/actions/runner-images/blob/ubuntu20/20221024.1/images/linux/Ubuntu2004-Readme.md
2022-11-03T02:20:06.1884058Z Image Release: https://github.com/actions/runner-images/releases/tag/ubuntu20%2F20221024.1
2022-11-03T02:20:06.1884526Z ##[endgroup]
2022-11-03T02:20:06.1884829Z ##[group]Runner Image Provisioner
2022-11-03T02:20:06.1885205Z 2.0.91.1
2022-11-03T02:20:06.1885508Z ##[endgroup]
2022-11-03T02:20:06.1886135Z ##[group]GITHUB_TOKEN Permissions
2022-11-03T02:20:06.1886685Z Contents: write
2022-11-03T02:20:06.1887058Z Metadata: read
2022-11-03T02:20:06.1887542Z ##[endgroup]
2022-11-03T02:20:06.1891067Z Secret source: Actions
2022-11-03T02:20:06.1891703Z Prepare workflow directory
2022-11-03T02:20:06.2718331Z Prepare all required actions
2022-11-03T02:20:06.2947414Z Getting action download info
2022-11-03T02:20:06.5836532Z Download action repository 'actions/checkout@v2' (SHA:e2f20e631ae6d7dd3b768f56a5d2af784dd54791)
2022-11-03T02:20:07.2102530Z Download action repository 'actions/setup-python@v2' (SHA:7f80679172b057fc5e90d70d197929d454754a5a)
2022-11-03T02:20:07.7521707Z Download action repository 'actions/cache@v2' (SHA:937d24475381cd9c75ae6db12cb4e79714b926ed)
2022-11-03T02:20:08.5298729Z ##[group]Run actions/checkout@v2
2022-11-03T02:20:08.5299050Z with:
2022-11-03T02:20:08.5299289Z   repository: seanpm2001/GitHub_Stats_A
2022-11-03T02:20:08.5299765Z   token: ***
2022-11-03T02:20:08.5299966Z   ssh-strict: true
2022-11-03T02:20:08.5300212Z   persist-credentials: true
2022-11-03T02:20:08.5300448Z   clean: true
2022-11-03T02:20:08.5300654Z   fetch-depth: 1
2022-11-03T02:20:08.5300857Z   lfs: false
2022-11-03T02:20:08.5301059Z   submodules: false
2022-11-03T02:20:08.5301305Z   set-safe-directory: true
2022-11-03T02:20:08.5301539Z ##[endgroup]
2022-11-03T02:20:08.7848137Z Syncing repository: seanpm2001/GitHub_Stats_A
2022-11-03T02:20:08.7849893Z ##[group]Getting Git version info
2022-11-03T02:20:08.7850479Z Working directory is '/home/runner/work/GitHub_Stats_A/GitHub_Stats_A'
2022-11-03T02:20:08.7851023Z [command]/usr/bin/git version
2022-11-03T02:20:08.7975070Z git version 2.38.1
2022-11-03T02:20:08.8023066Z ##[endgroup]
2022-11-03T02:20:08.8038421Z Temporarily overriding HOME='/home/runner/work/_temp/742f9eb7-6785-4fb2-8ebe-6983755a32f9' before making global git config changes
2022-11-03T02:20:08.8039229Z Adding repository directory to the temporary git global config as a safe directory
2022-11-03T02:20:08.8039794Z [command]/usr/bin/git config --global --add safe.directory /home/runner/work/GitHub_Stats_A/GitHub_Stats_A
2022-11-03T02:20:08.8068786Z Deleting the contents of '/home/runner/work/GitHub_Stats_A/GitHub_Stats_A'
2022-11-03T02:20:08.8073804Z ##[group]Initializing the repository
2022-11-03T02:20:08.8077260Z [command]/usr/bin/git init /home/runner/work/GitHub_Stats_A/GitHub_Stats_A
2022-11-03T02:20:08.8141001Z hint: Using 'master' as the name for the initial branch. This default branch name
2022-11-03T02:20:08.8141944Z hint: is subject to change. To configure the initial branch name to use in all
2022-11-03T02:20:08.8142421Z hint: of your new repositories, which will suppress this warning, call:
2022-11-03T02:20:08.8142759Z hint: 
2022-11-03T02:20:08.8143244Z hint: 	git config --global init.defaultBranch <name>
2022-11-03T02:20:08.8143510Z hint: 
2022-11-03T02:20:08.8143879Z hint: Names commonly chosen instead of 'master' are 'main', 'trunk' and
2022-11-03T02:20:08.8144351Z hint: 'development'. The just-created branch can be renamed via this command:
2022-11-03T02:20:08.8144623Z hint: 
2022-11-03T02:20:08.8144883Z hint: 	git branch -m <name>
2022-11-03T02:20:08.8149658Z Initialized empty Git repository in /home/runner/work/GitHub_Stats_A/GitHub_Stats_A/.git/
2022-11-03T02:20:08.8160797Z [command]/usr/bin/git remote add origin https://github.com/seanpm2001/GitHub_Stats_A
2022-11-03T02:20:08.8215942Z ##[endgroup]
2022-11-03T02:20:08.8216729Z ##[group]Disabling automatic garbage collection
2022-11-03T02:20:08.8220102Z [command]/usr/bin/git config --local gc.auto 0
2022-11-03T02:20:08.8251542Z ##[endgroup]
2022-11-03T02:20:08.8252278Z ##[group]Setting up auth
2022-11-03T02:20:08.8259388Z [command]/usr/bin/git config --local --name-only --get-regexp core\.sshCommand
2022-11-03T02:20:08.8293539Z [command]/usr/bin/git submodule foreach --recursive git config --local --name-only --get-regexp 'core\.sshCommand' && git config --local --unset-all 'core.sshCommand' || :
2022-11-03T02:20:08.8635461Z [command]/usr/bin/git config --local --name-only --get-regexp http\.https\:\/\/github\.com\/\.extraheader
2022-11-03T02:20:08.8670520Z [command]/usr/bin/git submodule foreach --recursive git config --local --name-only --get-regexp 'http\.https\:\/\/github\.com\/\.extraheader' && git config --local --unset-all 'http.https://github.com/.extraheader' || :
2022-11-03T02:20:08.8907863Z [command]/usr/bin/git config --local http.https://github.com/.extraheader AUTHORIZATION: basic ***
2022-11-03T02:20:08.8940161Z ##[endgroup]
2022-11-03T02:20:08.8940817Z ##[group]Fetching the repository
2022-11-03T02:20:08.8954365Z [command]/usr/bin/git -c protocol.version=2 fetch --no-tags --prune --progress --no-recurse-submodules --depth=1 origin +0f7471216213e0090644b40edde127f6b1bd96c9:refs/remotes/origin/master
2022-11-03T02:20:09.1457716Z remote: Enumerating objects: 1741, done.        
2022-11-03T02:20:09.1476763Z remote: Counting objects:   0% (1/1741)        
2022-11-03T02:20:09.1486104Z remote: Counting objects:   1% (18/1741)        
2022-11-03T02:20:09.1505739Z remote: Counting objects:   2% (35/1741)        
2022-11-03T02:20:09.1506452Z remote: Counting objects:   3% (53/1741)        
2022-11-03T02:20:09.1507477Z remote: Counting objects:   4% (70/1741)        
2022-11-03T02:20:09.1507815Z remote: Counting objects:   5% (88/1741)        
2022-11-03T02:20:09.1508105Z remote: Counting objects:   6% (105/1741)        
2022-11-03T02:20:09.1508390Z remote: Counting objects:   7% (122/1741)        
2022-11-03T02:20:09.1508673Z remote: Counting objects:   8% (140/1741)        
2022-11-03T02:20:09.1508937Z remote: Counting objects:   9% (157/1741)        
2022-11-03T02:20:09.1509210Z remote: Counting objects:  10% (175/1741)        
2022-11-03T02:20:09.1509495Z remote: Counting objects:  11% (192/1741)        
2022-11-03T02:20:09.1509770Z remote: Counting objects:  12% (209/1741)        
2022-11-03T02:20:09.1510034Z remote: Counting objects:  13% (227/1741)        
2022-11-03T02:20:09.1510308Z remote: Counting objects:  14% (244/1741)        
2022-11-03T02:20:09.1510577Z remote: Counting objects:  15% (262/1741)        
2022-11-03T02:20:09.1510847Z remote: Counting objects:  16% (279/1741)        
2022-11-03T02:20:09.1511114Z remote: Counting objects:  17% (296/1741)        
2022-11-03T02:20:09.1511397Z remote: Counting objects:  18% (314/1741)        
2022-11-03T02:20:09.1511662Z remote: Counting objects:  19% (331/1741)        
2022-11-03T02:20:09.1511934Z remote: Counting objects:  20% (349/1741)        
2022-11-03T02:20:09.1512191Z remote: Counting objects:  21% (366/1741)        
2022-11-03T02:20:09.1512461Z remote: Counting objects:  22% (384/1741)        
2022-11-03T02:20:09.1512733Z remote: Counting objects:  23% (401/1741)        
2022-11-03T02:20:09.1513006Z remote: Counting objects:  24% (418/1741)        
2022-11-03T02:20:09.1515569Z remote: Counting objects:  25% (436/1741)        
2022-11-03T02:20:09.1515877Z remote: Counting objects:  26% (453/1741)        
2022-11-03T02:20:09.1516170Z remote: Counting objects:  27% (471/1741)        
2022-11-03T02:20:09.1516443Z remote: Counting objects:  28% (488/1741)        
2022-11-03T02:20:09.1516716Z remote: Counting objects:  29% (505/1741)        
2022-11-03T02:20:09.1517273Z remote: Counting objects:  30% (523/1741)        
2022-11-03T02:20:09.1517531Z remote: Counting objects:  31% (540/1741)        
2022-11-03T02:20:09.1517807Z remote: Counting objects:  32% (558/1741)        
2022-11-03T02:20:09.1518081Z remote: Counting objects:  33% (575/1741)        
2022-11-03T02:20:09.1518353Z remote: Counting objects:  34% (592/1741)        
2022-11-03T02:20:09.1518608Z remote: Counting objects:  35% (610/1741)        
2022-11-03T02:20:09.1519007Z remote: Counting objects:  36% (627/1741)        
2022-11-03T02:20:09.1519285Z remote: Counting objects:  37% (645/1741)        
2022-11-03T02:20:09.1519556Z remote: Counting objects:  38% (662/1741)        
2022-11-03T02:20:09.1519830Z remote: Counting objects:  39% (679/1741)        
2022-11-03T02:20:09.1520087Z remote: Counting objects:  40% (697/1741)        
2022-11-03T02:20:09.1520356Z remote: Counting objects:  41% (714/1741)        
2022-11-03T02:20:09.1520628Z remote: Counting objects:  42% (732/1741)        
2022-11-03T02:20:09.1520898Z remote: Counting objects:  43% (749/1741)        
2022-11-03T02:20:09.1521154Z remote: Counting objects:  44% (767/1741)        
2022-11-03T02:20:09.1521418Z remote: Counting objects:  45% (784/1741)        
2022-11-03T02:20:09.1521683Z remote: Counting objects:  46% (801/1741)        
2022-11-03T02:20:09.1521948Z remote: Counting objects:  47% (819/1741)        
2022-11-03T02:20:09.1522204Z remote: Counting objects:  48% (836/1741)        
2022-11-03T02:20:09.1522474Z remote: Counting objects:  49% (854/1741)        
2022-11-03T02:20:09.1522834Z remote: Counting objects:  50% (871/1741)        
2022-11-03T02:20:09.1523108Z remote: Counting objects:  51% (888/1741)        
2022-11-03T02:20:09.1523365Z remote: Counting objects:  52% (906/1741)        
2022-11-03T02:20:09.1523637Z remote: Counting objects:  53% (923/1741)        
2022-11-03T02:20:09.1523915Z remote: Counting objects:  54% (941/1741)        
2022-11-03T02:20:09.1524191Z remote: Counting objects:  55% (958/1741)        
2022-11-03T02:20:09.1524460Z remote: Counting objects:  56% (975/1741)        
2022-11-03T02:20:09.1524740Z remote: Counting objects:  57% (993/1741)        
2022-11-03T02:20:09.1525014Z remote: Counting objects:  58% (1010/1741)        
2022-11-03T02:20:09.1535880Z remote: Counting objects:  59% (1028/1741)        
2022-11-03T02:20:09.1536205Z remote: Counting objects:  60% (1045/1741)        
2022-11-03T02:20:09.1536478Z remote: Counting objects:  61% (1063/1741)        
2022-11-03T02:20:09.1536763Z remote: Counting objects:  62% (1080/1741)        
2022-11-03T02:20:09.1537056Z remote: Counting objects:  63% (1097/1741)        
2022-11-03T02:20:09.1537576Z remote: Counting objects:  64% (1115/1741)        
2022-11-03T02:20:09.1537855Z remote: Counting objects:  65% (1132/1741)        
2022-11-03T02:20:09.1538121Z remote: Counting objects:  66% (1150/1741)        
2022-11-03T02:20:09.1538400Z remote: Counting objects:  67% (1167/1741)        
2022-11-03T02:20:09.1538678Z remote: Counting objects:  68% (1184/1741)        
2022-11-03T02:20:09.1538962Z remote: Counting objects:  69% (1202/1741)        
2022-11-03T02:20:09.1539226Z remote: Counting objects:  70% (1219/1741)        
2022-11-03T02:20:09.1539499Z remote: Counting objects:  71% (1237/1741)        
2022-11-03T02:20:09.1539772Z remote: Counting objects:  72% (1254/1741)        
2022-11-03T02:20:09.1540042Z remote: Counting objects:  73% (1271/1741)        
2022-11-03T02:20:09.1540302Z remote: Counting objects:  74% (1289/1741)        
2022-11-03T02:20:09.1540571Z remote: Counting objects:  75% (1306/1741)        
2022-11-03T02:20:09.1540845Z remote: Counting objects:  76% (1324/1741)        
2022-11-03T02:20:09.1541122Z remote: Counting objects:  77% (1341/1741)        
2022-11-03T02:20:09.1939222Z remote: Counting objects:  78% (1358/1741)        
2022-11-03T02:20:09.1939621Z remote: Counting objects:  79% (1376/1741)        
2022-11-03T02:20:09.1939947Z remote: Counting objects:  80% (1393/1741)        
2022-11-03T02:20:09.1940269Z remote: Counting objects:  81% (1411/1741)        
2022-11-03T02:20:09.1940883Z remote: Counting objects:  82% (1428/1741)        
2022-11-03T02:20:09.1941182Z remote: Counting objects:  83% (1446/1741)        
2022-11-03T02:20:09.1941498Z remote: Counting objects:  84% (1463/1741)        
2022-11-03T02:20:09.1941814Z remote: Counting objects:  85% (1480/1741)        
2022-11-03T02:20:09.1942124Z remote: Counting objects:  86% (1498/1741)        
2022-11-03T02:20:09.1942423Z remote: Counting objects:  87% (1515/1741)        
2022-11-03T02:20:09.1942733Z remote: Counting objects:  88% (1533/1741)        
2022-11-03T02:20:09.1943051Z remote: Counting objects:  89% (1550/1741)        
2022-11-03T02:20:09.1943358Z remote: Counting objects:  90% (1567/1741)        
2022-11-03T02:20:09.1943656Z remote: Counting objects:  91% (1585/1741)        
2022-11-03T02:20:09.1943966Z remote: Counting objects:  92% (1602/1741)        
2022-11-03T02:20:09.1944275Z remote: Counting objects:  93% (1620/1741)        
2022-11-03T02:20:09.1944582Z remote: Counting objects:  94% (1637/1741)        
2022-11-03T02:20:09.1944879Z remote: Counting objects:  95% (1654/1741)        
2022-11-03T02:20:09.1945188Z remote: Counting objects:  96% (1672/1741)        
2022-11-03T02:20:09.1945497Z remote: Counting objects:  97% (1689/1741)        
2022-11-03T02:20:09.1945803Z remote: Counting objects:  98% (1707/1741)        
2022-11-03T02:20:09.1946098Z remote: Counting objects:  99% (1724/1741)        
2022-11-03T02:20:09.1946406Z remote: Counting objects: 100% (1741/1741)        
2022-11-03T02:20:09.1946735Z remote: Counting objects: 100% (1741/1741), done.        
2022-11-03T02:20:09.1947178Z remote: Compressing objects:   0% (1/626)        
2022-11-03T02:20:09.1947499Z remote: Compressing objects:   1% (7/626)        
2022-11-03T02:20:09.1947823Z remote: Compressing objects:   2% (13/626)        
2022-11-03T02:20:09.2418103Z remote: Compressing objects:   3% (19/626)        
2022-11-03T02:20:09.2418539Z remote: Compressing objects:   4% (26/626)        
2022-11-03T02:20:09.2418890Z remote: Compressing objects:   5% (32/626)        
2022-11-03T02:20:09.2419205Z remote: Compressing objects:   6% (38/626)        
2022-11-03T02:20:09.2419531Z remote: Compressing objects:   7% (44/626)        
2022-11-03T02:20:09.2419858Z remote: Compressing objects:   8% (51/626)        
2022-11-03T02:20:09.2420180Z remote: Compressing objects:   9% (57/626)        
2022-11-03T02:20:09.2420490Z remote: Compressing objects:  10% (63/626)        
2022-11-03T02:20:09.2420809Z remote: Compressing objects:  11% (69/626)        
2022-11-03T02:20:09.2421144Z remote: Compressing objects:  12% (76/626)        
2022-11-03T02:20:09.2421464Z remote: Compressing objects:  13% (82/626)        
2022-11-03T02:20:09.2421769Z remote: Compressing objects:  14% (88/626)        
2022-11-03T02:20:09.2422522Z remote: Compressing objects:  15% (94/626)        
2022-11-03T02:20:09.2422897Z remote: Compressing objects:  16% (101/626)        
2022-11-03T02:20:09.2423229Z remote: Compressing objects:  17% (107/626)        
2022-11-03T02:20:09.2423550Z remote: Compressing objects:  18% (113/626)        
2022-11-03T02:20:09.2423873Z remote: Compressing objects:  19% (119/626)        
2022-11-03T02:20:09.2424198Z remote: Compressing objects:  20% (126/626)        
2022-11-03T02:20:09.2424525Z remote: Compressing objects:  21% (132/626)        
2022-11-03T02:20:09.2424845Z remote: Compressing objects:  22% (138/626)        
2022-11-03T02:20:09.2425153Z remote: Compressing objects:  23% (144/626)        
2022-11-03T02:20:09.2425472Z remote: Compressing objects:  24% (151/626)        
2022-11-03T02:20:09.2425793Z remote: Compressing objects:  25% (157/626)        
2022-11-03T02:20:09.2426112Z remote: Compressing objects:  26% (163/626)        
2022-11-03T02:20:09.2426805Z remote: Compressing objects:  27% (170/626)        
2022-11-03T02:20:09.2483934Z remote: Compressing objects:  28% (176/626)        
2022-11-03T02:20:09.2498023Z remote: Compressing objects:  29% (182/626)        
2022-11-03T02:20:09.2503926Z remote: Compressing objects:  30% (188/626)        
2022-11-03T02:20:09.2504688Z remote: Compressing objects:  31% (195/626)        
2022-11-03T02:20:09.2512271Z remote: Compressing objects:  32% (201/626)        
2022-11-03T02:20:09.2568524Z remote: Compressing objects:  33% (207/626)        
2022-11-03T02:20:09.2628714Z remote: Compressing objects:  34% (213/626)        
2022-11-03T02:20:09.2629061Z remote: Compressing objects:  35% (220/626)        
2022-11-03T02:20:09.2629340Z remote: Compressing objects:  36% (226/626)        
2022-11-03T02:20:09.2629629Z remote: Compressing objects:  37% (232/626)        
2022-11-03T02:20:09.2629932Z remote: Compressing objects:  38% (238/626)        
2022-11-03T02:20:09.2643104Z remote: Compressing objects:  39% (245/626)        
2022-11-03T02:20:09.2643432Z remote: Compressing objects:  40% (251/626)        
2022-11-03T02:20:09.2643708Z remote: Compressing objects:  41% (257/626)        
2022-11-03T02:20:09.2643992Z remote: Compressing objects:  42% (263/626)        
2022-11-03T02:20:09.2644294Z remote: Compressing objects:  43% (270/626)        
2022-11-03T02:20:09.2644573Z remote: Compressing objects:  44% (276/626)        
2022-11-03T02:20:09.2644842Z remote: Compressing objects:  45% (282/626)        
2022-11-03T02:20:09.2671635Z remote: Compressing objects:  46% (288/626)        
2022-11-03T02:20:09.2671972Z remote: Compressing objects:  47% (295/626)        
2022-11-03T02:20:09.2672268Z remote: Compressing objects:  48% (301/626)        
2022-11-03T02:20:09.2672539Z remote: Compressing objects:  49% (307/626)        
2022-11-03T02:20:09.2673067Z remote: Compressing objects:  50% (313/626)        
2022-11-03T02:20:09.2681932Z remote: Compressing objects:  51% (320/626)        
2022-11-03T02:20:09.2682242Z remote: Compressing objects:  52% (326/626)        
2022-11-03T02:20:09.2682531Z remote: Compressing objects:  53% (332/626)        
2022-11-03T02:20:09.2682800Z remote: Compressing objects:  54% (339/626)        
2022-11-03T02:20:09.2683085Z remote: Compressing objects:  55% (345/626)        
2022-11-03T02:20:09.2683378Z remote: Compressing objects:  56% (351/626)        
2022-11-03T02:20:09.2683660Z remote: Compressing objects:  57% (357/626)        
2022-11-03T02:20:09.2683929Z remote: Compressing objects:  58% (364/626)        
2022-11-03T02:20:09.2684210Z remote: Compressing objects:  59% (370/626)        
2022-11-03T02:20:09.2684494Z remote: Compressing objects:  60% (376/626)        
2022-11-03T02:20:09.2684775Z remote: Compressing objects:  61% (382/626)        
2022-11-03T02:20:09.2685041Z remote: Compressing objects:  62% (389/626)        
2022-11-03T02:20:09.2685327Z remote: Compressing objects:  63% (395/626)        
2022-11-03T02:20:09.2685606Z remote: Compressing objects:  64% (401/626)        
2022-11-03T02:20:09.2685884Z remote: Compressing objects:  65% (407/626)        
2022-11-03T02:20:09.2686148Z remote: Compressing objects:  66% (414/626)        
2022-11-03T02:20:09.2686428Z remote: Compressing objects:  67% (420/626)        
2022-11-03T02:20:09.2686706Z remote: Compressing objects:  68% (426/626)        
2022-11-03T02:20:09.2686994Z remote: Compressing objects:  69% (432/626)        
2022-11-03T02:20:09.2687256Z remote: Compressing objects:  70% (439/626)        
2022-11-03T02:20:09.2687534Z remote: Compressing objects:  71% (445/626)        
2022-11-03T02:20:09.2687812Z remote: Compressing objects:  72% (451/626)        
2022-11-03T02:20:09.2688094Z remote: Compressing objects:  73% (457/626)        
2022-11-03T02:20:09.2688374Z remote: Compressing objects:  74% (464/626)        
2022-11-03T02:20:09.2688641Z remote: Compressing objects:  75% (470/626)        
2022-11-03T02:20:09.2688923Z remote: Compressing objects:  76% (476/626)        
2022-11-03T02:20:09.2689201Z remote: Compressing objects:  77% (483/626)        
2022-11-03T02:20:09.2689479Z remote: Compressing objects:  78% (489/626)        
2022-11-03T02:20:09.2689743Z remote: Compressing objects:  79% (495/626)        
2022-11-03T02:20:09.2690024Z remote: Compressing objects:  80% (501/626)        
2022-11-03T02:20:09.2690513Z remote: Compressing objects:  81% (508/626)        
2022-11-03T02:20:09.2690791Z remote: Compressing objects:  82% (514/626)        
2022-11-03T02:20:09.2691057Z remote: Compressing objects:  83% (520/626)        
2022-11-03T02:20:09.2691337Z remote: Compressing objects:  84% (526/626)        
2022-11-03T02:20:09.2691617Z remote: Compressing objects:  85% (533/626)        
2022-11-03T02:20:09.2691894Z remote: Compressing objects:  86% (539/626)        
2022-11-03T02:20:09.2692160Z remote: Compressing objects:  87% (545/626)        
2022-11-03T02:20:09.2692444Z remote: Compressing objects:  88% (551/626)        
2022-11-03T02:20:09.2692724Z remote: Compressing objects:  89% (558/626)        
2022-11-03T02:20:09.2693015Z remote: Compressing objects:  90% (564/626)        
2022-11-03T02:20:09.2693297Z remote: Compressing objects:  91% (570/626)        
2022-11-03T02:20:09.2693576Z remote: Compressing objects:  92% (576/626)        
2022-11-03T02:20:09.2693840Z remote: Compressing objects:  93% (583/626)        
2022-11-03T02:20:09.2694120Z remote: Compressing objects:  94% (589/626)        
2022-11-03T02:20:09.2694399Z remote: Compressing objects:  95% (595/626)        
2022-11-03T02:20:09.2694683Z remote: Compressing objects:  96% (601/626)        
2022-11-03T02:20:09.2694961Z remote: Compressing objects:  97% (608/626)        
2022-11-03T02:20:09.2695226Z remote: Compressing objects:  98% (614/626)        
2022-11-03T02:20:09.2695506Z remote: Compressing objects:  99% (620/626)        
2022-11-03T02:20:09.2695785Z remote: Compressing objects: 100% (626/626)        
2022-11-03T02:20:09.2696154Z remote: Compressing objects: 100% (626/626), done.        
2022-11-03T02:20:09.2779441Z Receiving objects:   0% (1/1741)
2022-11-03T02:20:09.2793561Z Receiving objects:   1% (18/1741)
2022-11-03T02:20:09.2798916Z Receiving objects:   2% (35/1741)
2022-11-03T02:20:09.3194848Z Receiving objects:   3% (53/1741)
2022-11-03T02:20:09.3409958Z Receiving objects:   4% (70/1741)
2022-11-03T02:20:09.3415435Z Receiving objects:   5% (88/1741)
2022-11-03T02:20:09.3418906Z Receiving objects:   6% (105/1741)
2022-11-03T02:20:09.3425370Z Receiving objects:   7% (122/1741)
2022-11-03T02:20:09.3432354Z Receiving objects:   8% (140/1741)
2022-11-03T02:20:09.3438491Z Receiving objects:   9% (157/1741)
2022-11-03T02:20:09.3444247Z Receiving objects:  10% (175/1741)
2022-11-03T02:20:09.3449000Z Receiving objects:  11% (192/1741)
2022-11-03T02:20:09.3454229Z Receiving objects:  12% (209/1741)
2022-11-03T02:20:09.3459836Z Receiving objects:  13% (227/1741)
2022-11-03T02:20:09.3464179Z Receiving objects:  14% (244/1741)
2022-11-03T02:20:09.3468250Z Receiving objects:  15% (262/1741)
2022-11-03T02:20:09.3471163Z Receiving objects:  16% (279/1741)
2022-11-03T02:20:09.3473249Z Receiving objects:  17% (296/1741)
2022-11-03T02:20:09.3674329Z Receiving objects:  18% (314/1741)
2022-11-03T02:20:09.3674629Z Receiving objects:  19% (331/1741)
2022-11-03T02:20:09.3674871Z Receiving objects:  20% (349/1741)
2022-11-03T02:20:09.3675119Z Receiving objects:  21% (366/1741)
2022-11-03T02:20:09.3675459Z Receiving objects:  22% (384/1741)
2022-11-03T02:20:09.3675815Z Receiving objects:  23% (401/1741)
2022-11-03T02:20:09.3676329Z Receiving objects:  24% (418/1741)
2022-11-03T02:20:09.3676625Z Receiving objects:  25% (436/1741)
2022-11-03T02:20:09.3676915Z Receiving objects:  26% (453/1741)
2022-11-03T02:20:09.3677346Z Receiving objects:  27% (471/1741)
2022-11-03T02:20:09.3677592Z Receiving objects:  28% (488/1741)
2022-11-03T02:20:09.3677894Z Receiving objects:  29% (505/1741)
2022-11-03T02:20:09.3678136Z Receiving objects:  30% (523/1741)
2022-11-03T02:20:09.3678370Z Receiving objects:  31% (540/1741)
2022-11-03T02:20:09.3679521Z Receiving objects:  32% (558/1741)
2022-11-03T02:20:09.3679771Z Receiving objects:  33% (575/1741)
2022-11-03T02:20:09.3738473Z Receiving objects:  34% (592/1741)
2022-11-03T02:20:09.3744016Z Receiving objects:  35% (610/1741)
2022-11-03T02:20:09.3771299Z Receiving objects:  36% (627/1741)
2022-11-03T02:20:09.3872565Z Receiving objects:  37% (645/1741)
2022-11-03T02:20:09.3894864Z Receiving objects:  38% (662/1741)
2022-11-03T02:20:09.3911517Z Receiving objects:  39% (679/1741)
2022-11-03T02:20:09.3931231Z Receiving objects:  40% (697/1741)
2022-11-03T02:20:09.3942104Z Receiving objects:  41% (714/1741)
2022-11-03T02:20:09.3961259Z Receiving objects:  42% (732/1741)
2022-11-03T02:20:09.3978358Z Receiving objects:  43% (749/1741)
2022-11-03T02:20:09.3990712Z Receiving objects:  44% (767/1741)
2022-11-03T02:20:09.4000835Z Receiving objects:  45% (784/1741)
2022-11-03T02:20:09.4021650Z Receiving objects:  46% (801/1741)
2022-11-03T02:20:09.4093438Z Receiving objects:  47% (819/1741)
2022-11-03T02:20:09.4102936Z Receiving objects:  48% (836/1741)
2022-11-03T02:20:09.4126988Z Receiving objects:  49% (854/1741)
2022-11-03T02:20:09.4142566Z Receiving objects:  50% (871/1741)
2022-11-03T02:20:09.4160082Z Receiving objects:  51% (888/1741)
2022-11-03T02:20:09.4168904Z Receiving objects:  52% (906/1741)
2022-11-03T02:20:09.4199419Z Receiving objects:  53% (923/1741)
2022-11-03T02:20:09.4212768Z Receiving objects:  54% (941/1741)
2022-11-03T02:20:09.4224721Z Receiving objects:  55% (958/1741)
2022-11-03T02:20:09.4241177Z Receiving objects:  56% (975/1741)
2022-11-03T02:20:09.4251526Z Receiving objects:  57% (993/1741)
2022-11-03T02:20:09.4273188Z Receiving objects:  58% (1010/1741)
2022-11-03T02:20:09.4280465Z Receiving objects:  59% (1028/1741)
2022-11-03T02:20:09.4294465Z Receiving objects:  60% (1045/1741)
2022-11-03T02:20:09.4305893Z Receiving objects:  61% (1063/1741)
2022-11-03T02:20:09.4325989Z Receiving objects:  62% (1080/1741)
2022-11-03T02:20:09.4350082Z Receiving objects:  63% (1097/1741)
2022-11-03T02:20:09.4367437Z Receiving objects:  64% (1115/1741)
2022-11-03T02:20:09.4378301Z Receiving objects:  65% (1132/1741)
2022-11-03T02:20:09.4386074Z Receiving objects:  66% (1150/1741)
2022-11-03T02:20:09.4394180Z Receiving objects:  67% (1167/1741)
2022-11-03T02:20:09.4423360Z Receiving objects:  68% (1184/1741)
2022-11-03T02:20:09.4451492Z Receiving objects:  69% (1202/1741)
2022-11-03T02:20:09.4469834Z Receiving objects:  70% (1219/1741)
2022-11-03T02:20:09.4478132Z Receiving objects:  71% (1237/1741)
2022-11-03T02:20:09.4487095Z Receiving objects:  72% (1254/1741)
2022-11-03T02:20:09.4496904Z Receiving objects:  73% (1271/1741)
2022-11-03T02:20:09.4516039Z Receiving objects:  74% (1289/1741)
2022-11-03T02:20:09.4528885Z Receiving objects:  75% (1306/1741)
2022-11-03T02:20:09.4546342Z Receiving objects:  76% (1324/1741)
2022-11-03T02:20:09.4563523Z Receiving objects:  77% (1341/1741)
2022-11-03T02:20:09.4583770Z Receiving objects:  78% (1358/1741)
2022-11-03T02:20:09.4594162Z Receiving objects:  79% (1376/1741)
2022-11-03T02:20:09.4606051Z Receiving objects:  80% (1393/1741)
2022-11-03T02:20:09.4620315Z Receiving objects:  81% (1411/1741)
2022-11-03T02:20:09.4653120Z Receiving objects:  82% (1428/1741)
2022-11-03T02:20:09.4670203Z Receiving objects:  83% (1446/1741)
2022-11-03T02:20:09.4684694Z Receiving objects:  84% (1463/1741)
2022-11-03T02:20:09.4699790Z Receiving objects:  85% (1480/1741)
2022-11-03T02:20:09.4705143Z Receiving objects:  86% (1498/1741)
2022-11-03T02:20:09.4705578Z Receiving objects:  87% (1515/1741)
2022-11-03T02:20:09.4705925Z Receiving objects:  88% (1533/1741)
2022-11-03T02:20:09.4707599Z Receiving objects:  89% (1550/1741)
2022-11-03T02:20:09.4711405Z Receiving objects:  90% (1567/1741)
2022-11-03T02:20:09.4729649Z Receiving objects:  91% (1585/1741)
2022-11-03T02:20:09.4733456Z Receiving objects:  92% (1602/1741)
2022-11-03T02:20:09.4733965Z Receiving objects:  93% (1620/1741)
2022-11-03T02:20:09.4735082Z Receiving objects:  94% (1637/1741)
2022-11-03T02:20:09.4739674Z Receiving objects:  95% (1654/1741)
2022-11-03T02:20:09.4741861Z Receiving objects:  96% (1672/1741)
2022-11-03T02:20:09.4744521Z Receiving objects:  97% (1689/1741)
2022-11-03T02:20:09.4787394Z Receiving objects:  98% (1707/1741)
2022-11-03T02:20:09.4847086Z Receiving objects:  99% (1724/1741)
2022-11-03T02:20:09.4847913Z remote: Total 1741 (delta 879), reused 1618 (delta 832), pack-reused 0        
2022-11-03T02:20:09.4860102Z Receiving objects: 100% (1741/1741)
2022-11-03T02:20:09.4860570Z Receiving objects: 100% (1741/1741), 5.38 MiB | 25.74 MiB/s, done.
2022-11-03T02:20:09.4865818Z Resolving deltas:   0% (0/879)
2022-11-03T02:20:09.4899115Z Resolving deltas:   1% (9/879)
2022-11-03T02:20:09.4927411Z Resolving deltas:   2% (18/879)
2022-11-03T02:20:09.4958026Z Resolving deltas:   3% (27/879)
2022-11-03T02:20:09.4997192Z Resolving deltas:   4% (36/879)
2022-11-03T02:20:09.5031995Z Resolving deltas:   5% (44/879)
2022-11-03T02:20:09.5071626Z Resolving deltas:   6% (53/879)
2022-11-03T02:20:09.5113477Z Resolving deltas:   7% (62/879)
2022-11-03T02:20:09.5155510Z Resolving deltas:   8% (71/879)
2022-11-03T02:20:09.5182353Z Resolving deltas:   9% (80/879)
2022-11-03T02:20:09.5183514Z Resolving deltas:  10% (88/879)
2022-11-03T02:20:09.5185565Z Resolving deltas:  11% (97/879)
2022-11-03T02:20:09.5187485Z Resolving deltas:  12% (106/879)
2022-11-03T02:20:09.5189518Z Resolving deltas:  13% (115/879)
2022-11-03T02:20:09.5190995Z Resolving deltas:  14% (124/879)
2022-11-03T02:20:09.5193304Z Resolving deltas:  15% (132/879)
2022-11-03T02:20:09.5194927Z Resolving deltas:  16% (141/879)
2022-11-03T02:20:09.5197190Z Resolving deltas:  17% (150/879)
2022-11-03T02:20:09.5204586Z Resolving deltas:  18% (159/879)
2022-11-03T02:20:09.5217318Z Resolving deltas:  19% (168/879)
2022-11-03T02:20:09.5217712Z Resolving deltas:  20% (176/879)
2022-11-03T02:20:09.5218057Z Resolving deltas:  21% (185/879)
2022-11-03T02:20:09.5218388Z Resolving deltas:  22% (194/879)
2022-11-03T02:20:09.5218947Z Resolving deltas:  23% (203/879)
2022-11-03T02:20:09.5219275Z Resolving deltas:  24% (211/879)
2022-11-03T02:20:09.5220384Z Resolving deltas:  25% (220/879)
2022-11-03T02:20:09.5282494Z Resolving deltas:  26% (229/879)
2022-11-03T02:20:09.5324416Z Resolving deltas:  27% (238/879)
2022-11-03T02:20:09.5327720Z Resolving deltas:  28% (247/879)
2022-11-03T02:20:09.5421271Z Resolving deltas:  29% (255/879)
2022-11-03T02:20:09.5514944Z Resolving deltas:  30% (264/879)
2022-11-03T02:20:09.5541100Z Resolving deltas:  31% (273/879)
2022-11-03T02:20:09.5581905Z Resolving deltas:  32% (282/879)
2022-11-03T02:20:09.5608442Z Resolving deltas:  33% (291/879)
2022-11-03T02:20:09.5643630Z Resolving deltas:  34% (299/879)
2022-11-03T02:20:09.5692259Z Resolving deltas:  35% (308/879)
2022-11-03T02:20:09.5734436Z Resolving deltas:  36% (317/879)
2022-11-03T02:20:09.5749488Z Resolving deltas:  37% (326/879)
2022-11-03T02:20:09.5779602Z Resolving deltas:  38% (335/879)
2022-11-03T02:20:09.5796186Z Resolving deltas:  39% (343/879)
2022-11-03T02:20:09.5833319Z Resolving deltas:  40% (352/879)
2022-11-03T02:20:09.5889557Z Resolving deltas:  41% (361/879)
2022-11-03T02:20:09.5932544Z Resolving deltas:  42% (370/879)
2022-11-03T02:20:09.5965587Z Resolving deltas:  43% (378/879)
2022-11-03T02:20:09.5969661Z Resolving deltas:  44% (387/879)
2022-11-03T02:20:09.5976445Z Resolving deltas:  45% (396/879)
2022-11-03T02:20:09.5984268Z Resolving deltas:  46% (405/879)
2022-11-03T02:20:09.6020149Z Resolving deltas:  47% (414/879)
2022-11-03T02:20:09.6089007Z Resolving deltas:  48% (422/879)
2022-11-03T02:20:09.6112113Z Resolving deltas:  49% (431/879)
2022-11-03T02:20:09.6119730Z Resolving deltas:  50% (440/879)
2022-11-03T02:20:09.6120934Z Resolving deltas:  51% (449/879)
2022-11-03T02:20:09.6121884Z Resolving deltas:  52% (458/879)
2022-11-03T02:20:09.6123998Z Resolving deltas:  53% (466/879)
2022-11-03T02:20:09.6127753Z Resolving deltas:  54% (475/879)
2022-11-03T02:20:09.6130309Z Resolving deltas:  55% (484/879)
2022-11-03T02:20:09.6132739Z Resolving deltas:  56% (493/879)
2022-11-03T02:20:09.6136532Z Resolving deltas:  57% (502/879)
2022-11-03T02:20:09.6139821Z Resolving deltas:  58% (510/879)
2022-11-03T02:20:09.6142862Z Resolving deltas:  59% (519/879)
2022-11-03T02:20:09.6144407Z Resolving deltas:  60% (528/879)
2022-11-03T02:20:09.6145705Z Resolving deltas:  61% (537/879)
2022-11-03T02:20:09.6146915Z Resolving deltas:  62% (545/879)
2022-11-03T02:20:09.6148040Z Resolving deltas:  63% (554/879)
2022-11-03T02:20:09.6150180Z Resolving deltas:  64% (563/879)
2022-11-03T02:20:09.6153872Z Resolving deltas:  65% (572/879)
2022-11-03T02:20:09.6154252Z Resolving deltas:  66% (581/879)
2022-11-03T02:20:09.6158262Z Resolving deltas:  67% (589/879)
2022-11-03T02:20:09.6161751Z Resolving deltas:  68% (598/879)
2022-11-03T02:20:09.6163457Z Resolving deltas:  69% (607/879)
2022-11-03T02:20:09.6166071Z Resolving deltas:  70% (616/879)
2022-11-03T02:20:09.6168877Z Resolving deltas:  71% (625/879)
2022-11-03T02:20:09.6173633Z Resolving deltas:  72% (633/879)
2022-11-03T02:20:09.6177331Z Resolving deltas:  73% (642/879)
2022-11-03T02:20:09.6179500Z Resolving deltas:  74% (651/879)
2022-11-03T02:20:09.6180063Z Resolving deltas:  75% (660/879)
2022-11-03T02:20:09.6187189Z Resolving deltas:  76% (669/879)
2022-11-03T02:20:09.6190009Z Resolving deltas:  77% (677/879)
2022-11-03T02:20:09.6193075Z Resolving deltas:  78% (686/879)
2022-11-03T02:20:09.6199212Z Resolving deltas:  79% (695/879)
2022-11-03T02:20:09.6202226Z Resolving deltas:  80% (704/879)
2022-11-03T02:20:09.6205462Z Resolving deltas:  81% (712/879)
2022-11-03T02:20:09.6208405Z Resolving deltas:  82% (721/879)
2022-11-03T02:20:09.6210858Z Resolving deltas:  83% (730/879)
2022-11-03T02:20:09.6213464Z Resolving deltas:  84% (739/879)
2022-11-03T02:20:09.6222531Z Resolving deltas:  85% (748/879)
2022-11-03T02:20:09.6226928Z Resolving deltas:  86% (756/879)
2022-11-03T02:20:09.6233663Z Resolving deltas:  87% (765/879)
2022-11-03T02:20:09.6238082Z Resolving deltas:  88% (774/879)
2022-11-03T02:20:09.6247075Z Resolving deltas:  89% (783/879)
2022-11-03T02:20:09.6259707Z Resolving deltas:  90% (792/879)
2022-11-03T02:20:09.6277797Z Resolving deltas:  91% (800/879)
2022-11-03T02:20:09.6286092Z Resolving deltas:  92% (809/879)
2022-11-03T02:20:09.6294488Z Resolving deltas:  93% (818/879)
2022-11-03T02:20:09.6301117Z Resolving deltas:  94% (827/879)
2022-11-03T02:20:09.6307813Z Resolving deltas:  95% (836/879)
2022-11-03T02:20:09.6315883Z Resolving deltas:  96% (844/879)
2022-11-03T02:20:09.6327364Z Resolving deltas:  97% (853/879)
2022-11-03T02:20:09.6337363Z Resolving deltas:  98% (862/879)
2022-11-03T02:20:09.6344463Z Resolving deltas:  99% (871/879)
2022-11-03T02:20:09.6344979Z Resolving deltas: 100% (879/879)
2022-11-03T02:20:09.6345477Z Resolving deltas: 100% (879/879), done.
2022-11-03T02:20:09.6580516Z From https://github.com/seanpm2001/GitHub_Stats_A
2022-11-03T02:20:09.6581451Z  * [new ref]         0f7471216213e0090644b40edde127f6b1bd96c9 -> origin/master
2022-11-03T02:20:09.6582372Z ##[endgroup]
2022-11-03T02:20:09.6583040Z ##[group]Determining the checkout info
2022-11-03T02:20:09.6583565Z ##[endgroup]
2022-11-03T02:20:09.6584034Z ##[group]Checking out the ref
2022-11-03T02:20:09.6584601Z [command]/usr/bin/git checkout --progress --force -B master refs/remotes/origin/master
2022-11-03T02:20:09.8738626Z Reset branch 'master'
2022-11-03T02:20:09.8740194Z branch 'master' set up to track 'origin/master'.
2022-11-03T02:20:09.8760062Z ##[endgroup]
2022-11-03T02:20:09.8801059Z [command]/usr/bin/git log -1 --format='%H'
2022-11-03T02:20:09.8830349Z '0f7471216213e0090644b40edde127f6b1bd96c9'
2022-11-03T02:20:09.9158216Z ##[group]Run actions/setup-python@v2
2022-11-03T02:20:09.9158555Z with:
2022-11-03T02:20:09.9159058Z   python-version: 3.8
2022-11-03T02:20:09.9159406Z   architecture: x64
2022-11-03T02:20:09.9159849Z   token: ***
2022-11-03T02:20:09.9160124Z ##[endgroup]
2022-11-03T02:20:10.0673341Z ##[warning]The `set-output` command is deprecated and will be disabled soon. Please upgrade to using Environment Files. For more information see: https://github.blog/changelog/2022-10-11-github-actions-deprecating-save-state-and-set-output-commands/
2022-11-03T02:20:10.0689801Z Successfully setup CPython (3.8.14)
2022-11-03T02:20:10.4955359Z ##[group]Run actions/cache@v2
2022-11-03T02:20:10.4955768Z with:
2022-11-03T02:20:10.4956045Z   path: ~/.cache/pip
2022-11-03T02:20:10.4956459Z   key: Linux-pip-60f2a6c0212a9b74a155cd81b58dd07fd8b180833132566260d95f4de42fe218
2022-11-03T02:20:10.4956976Z   restore-keys: Linux-pip-

2022-11-03T02:20:10.4957314Z env:
2022-11-03T02:20:10.4957653Z   pythonLocation: /opt/hostedtoolcache/Python/3.8.14/x64
2022-11-03T02:20:10.4958059Z   LD_LIBRARY_PATH: /opt/hostedtoolcache/Python/3.8.14/x64/lib
2022-11-03T02:20:10.4958342Z ##[endgroup]
2022-11-03T02:20:10.6365005Z ##[warning]The `save-state` command is deprecated and will be disabled soon. Please upgrade to using Environment Files. For more information see: https://github.blog/changelog/2022-10-11-github-actions-deprecating-save-state-and-set-output-commands/
2022-11-03T02:20:11.6752756Z Received 4175495 of 4175495 (100.0%), 8.2 MBs/sec
2022-11-03T02:20:11.6753543Z Cache Size: ~4 MB (4175495 B)
2022-11-03T02:20:11.6767974Z [command]/usr/bin/tar --use-compress-program zstd -d -xf /home/runner/work/_temp/fc16afce-947e-444c-8599-2ed66a451ddf/cache.tzst -P -C /home/runner/work/GitHub_Stats_A/GitHub_Stats_A
2022-11-03T02:20:11.6951330Z Cache restored successfully
2022-11-03T02:20:11.6966687Z ##[warning]The `save-state` command is deprecated and will be disabled soon. Please upgrade to using Environment Files. For more information see: https://github.blog/changelog/2022-10-11-github-actions-deprecating-save-state-and-set-output-commands/
2022-11-03T02:20:11.6998921Z 
2022-11-03T02:20:11.7001216Z ##[warning]The `set-output` command is deprecated and will be disabled soon. Please upgrade to using Environment Files. For more information see: https://github.blog/changelog/2022-10-11-github-actions-deprecating-save-state-and-set-output-commands/
2022-11-03T02:20:11.7003033Z Cache restored from key: Linux-pip-60f2a6c0212a9b74a155cd81b58dd07fd8b180833132566260d95f4de42fe218
2022-11-03T02:20:11.7158231Z ##[group]Run python3 -m pip install --upgrade pip setuptools wheel
2022-11-03T02:20:11.7158843Z [36;1mpython3 -m pip install --upgrade pip setuptools wheel[0m
2022-11-03T02:20:11.7159195Z [36;1mpython3 -m pip install -r requirements.txt[0m
2022-11-03T02:20:11.7214476Z shell: /usr/bin/bash -e {0}
2022-11-03T02:20:11.7214725Z env:
2022-11-03T02:20:11.7215009Z   pythonLocation: /opt/hostedtoolcache/Python/3.8.14/x64
2022-11-03T02:20:11.7215364Z   LD_LIBRARY_PATH: /opt/hostedtoolcache/Python/3.8.14/x64/lib
2022-11-03T02:20:11.7215641Z ##[endgroup]
2022-11-03T02:20:12.4946997Z Requirement already satisfied: pip in /opt/hostedtoolcache/Python/3.8.14/x64/lib/python3.8/site-packages (22.3)
2022-11-03T02:20:12.6462828Z Requirement already satisfied: setuptools in /opt/hostedtoolcache/Python/3.8.14/x64/lib/python3.8/site-packages (56.0.0)
2022-11-03T02:20:12.9514091Z Collecting setuptools
2022-11-03T02:20:13.0385152Z   Downloading setuptools-65.5.0-py3-none-any.whl (1.2 MB)
2022-11-03T02:20:13.1134081Z      ━━━━━━━━━━━━━━━━━━━━━━━━━━━━━━━━━━━━━━━━ 1.2/1.2 MB 17.2 MB/s eta 0:00:00
2022-11-03T02:20:13.1746936Z Collecting wheel
2022-11-03T02:20:13.1768400Z   Using cached wheel-0.37.1-py2.py3-none-any.whl (35 kB)
2022-11-03T02:20:13.2949829Z Installing collected packages: wheel, setuptools
2022-11-03T02:20:13.3260400Z   Attempting uninstall: setuptools
2022-11-03T02:20:13.3272207Z     Found existing installation: setuptools 56.0.0
2022-11-03T02:20:13.3779489Z     Uninstalling setuptools-56.0.0:
2022-11-03T02:20:13.3888722Z       Successfully uninstalled setuptools-56.0.0
2022-11-03T02:20:13.9406600Z Successfully installed setuptools-65.5.0 wheel-0.37.1
2022-11-03T02:20:14.8101110Z Collecting requests
2022-11-03T02:20:14.8126673Z   Using cached requests-2.28.1-py3-none-any.whl (62 kB)
2022-11-03T02:20:15.2589614Z Collecting aiohttp
2022-11-03T02:20:15.3551150Z   Downloading aiohttp-3.8.3-cp38-cp38-manylinux_2_17_x86_64.manylinux2014_x86_64.whl (1.0 MB)
2022-11-03T02:20:15.4213885Z      ━━━━━━━━━━━━━━━━━━━━━━━━━━━━━━━━━━━━━━━━ 1.0/1.0 MB 16.4 MB/s eta 0:00:00
2022-11-03T02:20:15.5011405Z Collecting urllib3<1.27,>=1.21.1
2022-11-03T02:20:15.5037781Z   Using cached urllib3-1.26.12-py2.py3-none-any.whl (140 kB)
2022-11-03T02:20:15.5437117Z Collecting idna<4,>=2.5
2022-11-03T02:20:15.5613872Z   Downloading idna-3.4-py3-none-any.whl (61 kB)
2022-11-03T02:20:15.5667676Z      ━━━━━━━━━━━━━━━━━━━━━━━━━━━━━━━━━━━━━━━━ 61.5/61.5 kB 19.7 MB/s eta 0:00:00
2022-11-03T02:20:15.6595127Z Collecting charset-normalizer<3,>=2
2022-11-03T02:20:15.6617773Z   Using cached charset_normalizer-2.1.1-py3-none-any.whl (39 kB)
2022-11-03T02:20:15.7218846Z Collecting certifi>=2017.4.17
2022-11-03T02:20:15.7439450Z   Downloading certifi-2022.9.24-py3-none-any.whl (161 kB)
2022-11-03T02:20:15.7506909Z      ━━━━━━━━━━━━━━━━━━━━━━━━━━━━━━━━━━━━━━ 161.1/161.1 kB 42.7 MB/s eta 0:00:00
2022-11-03T02:20:15.8053814Z Collecting attrs>=17.3.0
2022-11-03T02:20:15.8076710Z   Using cached attrs-22.1.0-py2.py3-none-any.whl (58 kB)
2022-11-03T02:20:15.8389328Z Collecting aiosignal>=1.1.2
2022-11-03T02:20:15.8410458Z   Using cached aiosignal-1.2.0-py3-none-any.whl (8.2 kB)
2022-11-03T02:20:15.8955709Z Collecting async-timeout<5.0,>=4.0.0a3
2022-11-03T02:20:15.8975855Z   Using cached async_timeout-4.0.2-py3-none-any.whl (5.8 kB)
2022-11-03T02:20:15.9926329Z Collecting frozenlist>=1.1.1
2022-11-03T02:20:15.9953747Z   Using cached frozenlist-1.3.1-cp38-cp38-manylinux_2_5_x86_64.manylinux1_x86_64.manylinux_2_17_x86_64.manylinux2014_x86_64.whl (161 kB)
2022-11-03T02:20:16.3787804Z Collecting multidict<7.0,>=4.5
2022-11-03T02:20:16.3813951Z   Using cached multidict-6.0.2-cp38-cp38-manylinux_2_17_x86_64.manylinux2014_x86_64.whl (121 kB)
2022-11-03T02:20:16.6069605Z Collecting yarl<2.0,>=1.0
2022-11-03T02:20:16.6097578Z   Using cached yarl-1.8.1-cp38-cp38-manylinux_2_17_x86_64.manylinux2014_x86_64.whl (262 kB)
2022-11-03T02:20:16.8369114Z Installing collected packages: urllib3, multidict, idna, frozenlist, charset-normalizer, certifi, attrs, async-timeout, yarl, requests, aiosignal, aiohttp
2022-11-03T02:20:17.3170481Z Successfully installed aiohttp-3.8.3 aiosignal-1.2.0 async-timeout-4.0.2 attrs-22.1.0 certifi-2022.9.24 charset-normalizer-2.1.1 frozenlist-1.3.1 idna-3.4 multidict-6.0.2 requests-2.28.1 urllib3-1.26.12 yarl-1.8.1
2022-11-03T02:20:17.5047829Z ##[group]Run python3 --version
2022-11-03T02:20:17.5048116Z [36;1mpython3 --version[0m
2022-11-03T02:20:17.5048374Z [36;1mpython3 generate_images.py[0m
2022-11-03T02:20:17.5098069Z shell: /usr/bin/bash -e {0}
2022-11-03T02:20:17.5098308Z env:
2022-11-03T02:20:17.5098584Z   pythonLocation: /opt/hostedtoolcache/Python/3.8.14/x64
2022-11-03T02:20:17.5098932Z   LD_LIBRARY_PATH: /opt/hostedtoolcache/Python/3.8.14/x64/lib
2022-11-03T02:20:17.5099534Z   ACCESS_TOKEN: ***
2022-11-03T02:20:17.5099891Z   GITHUB_TOKEN: ***
2022-11-03T02:20:17.5100107Z   EXCLUDED: 
2022-11-03T02:20:17.5100318Z   EXCLUDED_LANGS: 
2022-11-03T02:20:17.5100551Z   EXCLUDE_FORKED_REPOS: true
2022-11-03T02:20:17.5100765Z ##[endgroup]
2022-11-03T02:20:17.5189791Z Python 3.8.14
2022-11-03T02:29:46.9507460Z A path returned 202. Retrying...
2022-11-03T02:29:46.9507828Z A path returned 202. Retrying...
2022-11-03T02:29:46.9508113Z A path returned 202. Retrying...
2022-11-03T02:29:46.9508479Z A path returned 202. Retrying...
2022-11-03T02:29:46.9508774Z A path returned 202. Retrying...
2022-11-03T02:29:46.9509045Z A path returned 202. Retrying...
2022-11-03T02:29:46.9509334Z A path returned 202. Retrying...
2022-11-03T02:29:46.9509826Z A path returned 202. Retrying...
2022-11-03T02:29:46.9510204Z A path returned 202. Retrying...
2022-11-03T02:29:46.9510576Z A path returned 202. Retrying...
2022-11-03T02:29:46.9510957Z A path returned 202. Retrying...
2022-11-03T02:29:46.9511331Z A path returned 202. Retrying...
2022-11-03T02:29:46.9511694Z A path returned 202. Retrying...
2022-11-03T02:29:46.9512064Z A path returned 202. Retrying...
2022-11-03T02:29:46.9512432Z A path returned 202. Retrying...
2022-11-03T02:29:46.9512795Z A path returned 202. Retrying...
2022-11-03T02:29:46.9513161Z A path returned 202. Retrying...
2022-11-03T02:29:46.9513513Z A path returned 202. Retrying...
2022-11-03T02:29:46.9513884Z A path returned 202. Retrying...
2022-11-03T02:29:46.9514250Z A path returned 202. Retrying...
2022-11-03T02:29:46.9514625Z A path returned 202. Retrying...
2022-11-03T02:29:46.9515369Z A path returned 202. Retrying...
2022-11-03T02:29:46.9515740Z A path returned 202. Retrying...
2022-11-03T02:29:46.9516108Z A path returned 202. Retrying...
2022-11-03T02:29:46.9516474Z A path returned 202. Retrying...
2022-11-03T02:29:46.9516842Z A path returned 202. Retrying...
2022-11-03T02:29:46.9517205Z A path returned 202. Retrying...
2022-11-03T02:29:46.9517572Z A path returned 202. Retrying...
2022-11-03T02:29:46.9517938Z A path returned 202. Retrying...
2022-11-03T02:29:46.9518289Z A path returned 202. Retrying...
2022-11-03T02:29:46.9518966Z A path returned 202. Retrying...
2022-11-03T02:29:46.9519359Z A path returned 202. Retrying...
2022-11-03T02:29:46.9519734Z A path returned 202. Retrying...
2022-11-03T02:29:46.9520102Z A path returned 202. Retrying...
2022-11-03T02:29:46.9520476Z A path returned 202. Retrying...
2022-11-03T02:29:46.9520846Z A path returned 202. Retrying...
2022-11-03T02:29:46.9521225Z A path returned 202. Retrying...
2022-11-03T02:29:46.9521596Z A path returned 202. Retrying...
2022-11-03T02:29:46.9521963Z A path returned 202. Retrying...
2022-11-03T02:29:46.9522379Z A path returned 202. Retrying...
2022-11-03T02:29:46.9522748Z A path returned 202. Retrying...
2022-11-03T02:29:46.9523099Z A path returned 202. Retrying...
2022-11-03T02:29:46.9523471Z A path returned 202. Retrying...
2022-11-03T02:29:46.9523850Z A path returned 202. Retrying...
2022-11-03T02:29:46.9524221Z A path returned 202. Retrying...
2022-11-03T02:29:46.9524587Z A path returned 202. Retrying...
2022-11-03T02:29:46.9524953Z A path returned 202. Retrying...
2022-11-03T02:29:46.9525322Z A path returned 202. Retrying...
2022-11-03T02:29:46.9525688Z A path returned 202. Retrying...
2022-11-03T02:29:46.9526059Z A path returned 202. Retrying...
2022-11-03T02:29:46.9526430Z A path returned 202. Retrying...
2022-11-03T02:29:46.9526796Z A path returned 202. Retrying...
2022-11-03T02:29:46.9527158Z A path returned 202. Retrying...
2022-11-03T02:29:46.9527736Z A path returned 202. Retrying...
2022-11-03T02:29:46.9528136Z A path returned 202. Retrying...
2022-11-03T02:29:46.9528509Z A path returned 202. Retrying...
2022-11-03T02:29:46.9528880Z A path returned 202. Retrying...
2022-11-03T02:29:46.9529251Z A path returned 202. Retrying...
2022-11-03T02:29:46.9529621Z A path returned 202. Retrying...
2022-11-03T02:29:46.9529991Z A path returned 202. Retrying...
2022-11-03T02:29:46.9530361Z A path returned 202. Retrying...
2022-11-03T02:29:46.9530756Z A path returned 202. Retrying...
2022-11-03T02:29:46.9531128Z A path returned 202. Retrying...
2022-11-03T02:29:46.9531494Z A path returned 202. Retrying...
2022-11-03T02:29:46.9531857Z A path returned 202. Retrying...
2022-11-03T02:29:46.9532209Z A path returned 202. Retrying...
2022-11-03T02:29:46.9532576Z A path returned 202. Retrying...
2022-11-03T02:29:46.9532944Z A path returned 202. Retrying...
2022-11-03T02:29:46.9533314Z A path returned 202. Retrying...
2022-11-03T02:29:46.9533691Z A path returned 202. Retrying...
2022-11-03T02:29:46.9534068Z A path returned 202. Retrying...
2022-11-03T02:29:46.9534444Z A path returned 202. Retrying...
2022-11-03T02:29:46.9534811Z A path returned 202. Retrying...
2022-11-03T02:29:46.9535218Z A path returned 202. Retrying...
2022-11-03T02:29:46.9535590Z A path returned 202. Retrying...
2022-11-03T02:29:46.9535956Z A path returned 202. Retrying...
2022-11-03T02:29:46.9536321Z A path returned 202. Retrying...
2022-11-03T02:29:46.9536684Z A path returned 202. Retrying...
2022-11-03T02:29:46.9537035Z A path returned 202. Retrying...
2022-11-03T02:29:46.9537410Z A path returned 202. Retrying...
2022-11-03T02:29:46.9537780Z A path returned 202. Retrying...
2022-11-03T02:29:46.9538148Z A path returned 202. Retrying...
2022-11-03T02:29:46.9538518Z A path returned 202. Retrying...
2022-11-03T02:29:46.9538885Z A path returned 202. Retrying...
2022-11-03T02:29:46.9539250Z A path returned 202. Retrying...
2022-11-03T02:29:46.9539623Z A path returned 202. Retrying...
2022-11-03T02:29:46.9539989Z A path returned 202. Retrying...
2022-11-03T02:29:46.9540485Z A path returned 202. Retrying...
2022-11-03T02:29:46.9540850Z A path returned 202. Retrying...
2022-11-03T02:29:46.9541149Z A path returned 202. Retrying...
2022-11-03T02:29:46.9541510Z A path returned 202. Retrying...
2022-11-03T02:29:46.9541883Z A path returned 202. Retrying...
2022-11-03T02:29:46.9542245Z A path returned 202. Retrying...
2022-11-03T02:29:46.9542611Z A path returned 202. Retrying...
2022-11-03T02:29:46.9542976Z A path returned 202. Retrying...
2022-11-03T02:29:46.9543344Z A path returned 202. Retrying...
2022-11-03T02:29:46.9543710Z A path returned 202. Retrying...
2022-11-03T02:29:46.9544079Z A path returned 202. Retrying...
2022-11-03T02:29:46.9544446Z A path returned 202. Retrying...
2022-11-03T02:29:46.9544810Z A path returned 202. Retrying...
2022-11-03T02:29:46.9545173Z A path returned 202. Retrying...
2022-11-03T02:29:46.9545539Z A path returned 202. Retrying...
2022-11-03T02:29:46.9545899Z A path returned 202. Retrying...
2022-11-03T02:29:46.9546274Z A path returned 202. Retrying...
2022-11-03T02:29:46.9546644Z A path returned 202. Retrying...
2022-11-03T02:29:46.9547012Z A path returned 202. Retrying...
2022-11-03T02:29:46.9547381Z A path returned 202. Retrying...
2022-11-03T02:29:46.9547748Z A path returned 202. Retrying...
2022-11-03T02:29:46.9548119Z A path returned 202. Retrying...
2022-11-03T02:29:46.9548486Z A path returned 202. Retrying...
2022-11-03T02:29:46.9548858Z A path returned 202. Retrying...
2022-11-03T02:29:46.9549225Z A path returned 202. Retrying...
2022-11-03T02:29:46.9549588Z A path returned 202. Retrying...
2022-11-03T02:29:46.9549950Z A path returned 202. Retrying...
2022-11-03T02:29:46.9550301Z A path returned 202. Retrying...
2022-11-03T02:29:46.9550674Z A path returned 202. Retrying...
2022-11-03T02:29:46.9551038Z A path returned 202. Retrying...
2022-11-03T02:29:46.9551406Z A path returned 202. Retrying...
2022-11-03T02:29:46.9551773Z A path returned 202. Retrying...
2022-11-03T02:29:46.9552239Z A path returned 202. Retrying...
2022-11-03T02:29:46.9552623Z A path returned 202. Retrying...
2022-11-03T02:29:46.9552989Z A path returned 202. Retrying...
2022-11-03T02:29:46.9553357Z A path returned 202. Retrying...
2022-11-03T02:29:46.9553721Z A path returned 202. Retrying...
2022-11-03T02:29:46.9554016Z A path returned 202. Retrying...
2022-11-03T02:29:46.9554385Z A path returned 202. Retrying...
2022-11-03T02:29:46.9554739Z A path returned 202. Retrying...
2022-11-03T02:29:46.9555109Z A path returned 202. Retrying...
2022-11-03T02:29:46.9555478Z A path returned 202. Retrying...
2022-11-03T02:29:46.9555843Z A path returned 202. Retrying...
2022-11-03T02:29:46.9556215Z A path returned 202. Retrying...
2022-11-03T02:29:46.9556581Z A path returned 202. Retrying...
2022-11-03T02:29:46.9556950Z A path returned 202. Retrying...
2022-11-03T02:29:46.9557314Z A path returned 202. Retrying...
2022-11-03T02:29:46.9557681Z A path returned 202. Retrying...
2022-11-03T02:29:46.9558046Z A path returned 202. Retrying...
2022-11-03T02:29:46.9558415Z A path returned 202. Retrying...
2022-11-03T02:29:46.9558954Z A path returned 202. Retrying...
2022-11-03T02:29:46.9559312Z A path returned 202. Retrying...
2022-11-03T02:29:46.9559679Z A path returned 202. Retrying...
2022-11-03T02:29:46.9560047Z A path returned 202. Retrying...
2022-11-03T02:29:46.9560418Z A path returned 202. Retrying...
2022-11-03T02:29:46.9560785Z A path returned 202. Retrying...
2022-11-03T02:29:46.9561152Z A path returned 202. Retrying...
2022-11-03T02:29:46.9561516Z A path returned 202. Retrying...
2022-11-03T02:29:46.9561882Z A path returned 202. Retrying...
2022-11-03T02:29:46.9562247Z A path returned 202. Retrying...
2022-11-03T02:29:46.9562611Z A path returned 202. Retrying...
2022-11-03T02:29:46.9562977Z A path returned 202. Retrying...
2022-11-03T02:29:46.9563345Z A path returned 202. Retrying...
2022-11-03T02:29:46.9563693Z A path returned 202. Retrying...
2022-11-03T02:29:46.9564061Z A path returned 202. Retrying...
2022-11-03T02:29:46.9564433Z A path returned 202. Retrying...
2022-11-03T02:29:46.9564930Z A path returned 202. Retrying...
2022-11-03T02:29:46.9565302Z A path returned 202. Retrying...
2022-11-03T02:29:46.9565673Z A path returned 202. Retrying...
2022-11-03T02:29:46.9566040Z A path returned 202. Retrying...
2022-11-03T02:29:46.9566413Z A path returned 202. Retrying...
2022-11-03T02:29:46.9566782Z A path returned 202. Retrying...
2022-11-03T02:29:46.9567152Z A path returned 202. Retrying...
2022-11-03T02:29:46.9567515Z A path returned 202. Retrying...
2022-11-03T02:29:46.9567881Z A path returned 202. Retrying...
2022-11-03T02:29:46.9568247Z A path returned 202. Retrying...
2022-11-03T02:29:46.9568599Z A path returned 202. Retrying...
2022-11-03T02:29:46.9568967Z A path returned 202. Retrying...
2022-11-03T02:29:46.9569336Z A path returned 202. Retrying...
2022-11-03T02:29:46.9569700Z A path returned 202. Retrying...
2022-11-03T02:29:46.9570068Z A path returned 202. Retrying...
2022-11-03T02:29:46.9570431Z A path returned 202. Retrying...
2022-11-03T02:29:46.9570804Z A path returned 202. Retrying...
2022-11-03T02:29:46.9571174Z A path returned 202. Retrying...
2022-11-03T02:29:46.9571541Z A path returned 202. Retrying...
2022-11-03T02:29:46.9571904Z A path returned 202. Retrying...
2022-11-03T02:29:46.9572275Z A path returned 202. Retrying...
2022-11-03T02:29:46.9572637Z A path returned 202. Retrying...
2022-11-03T02:29:46.9572989Z A path returned 202. Retrying...
2022-11-03T02:29:46.9573355Z A path returned 202. Retrying...
2022-11-03T02:29:46.9573719Z A path returned 202. Retrying...
2022-11-03T02:29:46.9574083Z A path returned 202. Retrying...
2022-11-03T02:29:46.9574448Z A path returned 202. Retrying...
2022-11-03T02:29:46.9574817Z A path returned 202. Retrying...
2022-11-03T02:29:46.9575181Z A path returned 202. Retrying...
2022-11-03T02:29:46.9575547Z A path returned 202. Retrying...
2022-11-03T02:29:46.9575914Z A path returned 202. Retrying...
2022-11-03T02:29:46.9576277Z A path returned 202. Retrying...
2022-11-03T02:29:46.9576728Z A path returned 202. Retrying...
2022-11-03T02:29:46.9577115Z A path returned 202. Retrying...
2022-11-03T02:29:46.9577472Z A path returned 202. Retrying...
2022-11-03T02:29:46.9577922Z A path returned 202. Retrying...
2022-11-03T02:29:46.9578248Z A path returned 202. Retrying...
2022-11-03T02:29:46.9578576Z A path returned 202. Retrying...
2022-11-03T02:29:46.9578900Z A path returned 202. Retrying...
2022-11-03T02:29:46.9579225Z A path returned 202. Retrying...
2022-11-03T02:29:46.9579552Z A path returned 202. Retrying...
2022-11-03T02:29:46.9579880Z A path returned 202. Retrying...
2022-11-03T02:29:46.9580200Z A path returned 202. Retrying...
2022-11-03T02:29:46.9580526Z A path returned 202. Retrying...
2022-11-03T02:29:46.9580854Z A path returned 202. Retrying...
2022-11-03T02:29:46.9581179Z A path returned 202. Retrying...
2022-11-03T02:29:46.9581489Z A path returned 202. Retrying...
2022-11-03T02:29:46.9581813Z A path returned 202. Retrying...
2022-11-03T02:29:46.9582136Z A path returned 202. Retrying...
2022-11-03T02:29:46.9582465Z A path returned 202. Retrying...
2022-11-03T02:29:46.9582791Z A path returned 202. Retrying...
2022-11-03T02:29:46.9583115Z A path returned 202. Retrying...
2022-11-03T02:29:46.9583442Z A path returned 202. Retrying...
2022-11-03T02:29:46.9583769Z A path returned 202. Retrying...
2022-11-03T02:29:46.9584090Z A path returned 202. Retrying...
2022-11-03T02:29:46.9584412Z A path returned 202. Retrying...
2022-11-03T02:29:46.9584731Z A path returned 202. Retrying...
2022-11-03T02:29:46.9585054Z A path returned 202. Retrying...
2022-11-03T02:29:46.9585362Z A path returned 202. Retrying...
2022-11-03T02:29:46.9585686Z A path returned 202. Retrying...
2022-11-03T02:29:46.9586016Z A path returned 202. Retrying...
2022-11-03T02:29:46.9586341Z A path returned 202. Retrying...
2022-11-03T02:29:46.9586666Z A path returned 202. Retrying...
2022-11-03T02:29:46.9586990Z A path returned 202. Retrying...
2022-11-03T02:29:46.9587318Z A path returned 202. Retrying...
2022-11-03T02:29:46.9587649Z A path returned 202. Retrying...
2022-11-03T02:29:46.9588065Z A path returned 202. Retrying...
2022-11-03T02:29:46.9588392Z A path returned 202. Retrying...
2022-11-03T02:29:46.9588718Z A path returned 202. Retrying...
2022-11-03T02:29:46.9589038Z A path returned 202. Retrying...
2022-11-03T02:29:46.9589354Z A path returned 202. Retrying...
2022-11-03T02:29:46.9589677Z A path returned 202. Retrying...
2022-11-03T02:29:46.9589998Z A path returned 202. Retrying...
2022-11-03T02:29:46.9590325Z A path returned 202. Retrying...
2022-11-03T02:29:46.9590651Z A path returned 202. Retrying...
2022-11-03T02:29:46.9590975Z A path returned 202. Retrying...
2022-11-03T02:29:46.9591298Z A path returned 202. Retrying...
2022-11-03T02:29:46.9591621Z A path returned 202. Retrying...
2022-11-03T02:29:46.9591947Z A path returned 202. Retrying...
2022-11-03T02:29:46.9592272Z A path returned 202. Retrying...
2022-11-03T02:29:46.9592592Z A path returned 202. Retrying...
2022-11-03T02:29:46.9592953Z A path returned 202. Retrying...
2022-11-03T02:29:46.9593281Z A path returned 202. Retrying...
2022-11-03T02:29:46.9593590Z A path returned 202. Retrying...
2022-11-03T02:29:46.9593911Z A path returned 202. Retrying...
2022-11-03T02:29:46.9594237Z A path returned 202. Retrying...
2022-11-03T02:29:46.9594563Z A path returned 202. Retrying...
2022-11-03T02:29:46.9594887Z A path returned 202. Retrying...
2022-11-03T02:29:46.9595211Z A path returned 202. Retrying...
2022-11-03T02:29:46.9595535Z A path returned 202. Retrying...
2022-11-03T02:29:46.9595858Z A path returned 202. Retrying...
2022-11-03T02:29:46.9596179Z A path returned 202. Retrying...
2022-11-03T02:29:46.9596503Z A path returned 202. Retrying...
2022-11-03T02:29:46.9596827Z A path returned 202. Retrying...
2022-11-03T02:29:46.9597149Z A path returned 202. Retrying...
2022-11-03T02:38:46.3129862Z A path returned 202. Retrying...
2022-11-03T02:38:46.3130235Z A path returned 202. Retrying...
2022-11-03T02:38:46.3130528Z A path returned 202. Retrying...
2022-11-03T02:38:46.3131304Z A path returned 202. Retrying...
2022-11-03T02:38:46.3131622Z A path returned 202. Retrying...
2022-11-03T02:38:46.3131894Z A path returned 202. Retrying...
2022-11-03T02:38:46.3132180Z A path returned 202. Retrying...
2022-11-03T02:38:46.3132513Z A path returned 202. Retrying...
2022-11-03T02:38:46.3132798Z A path returned 202. Retrying...
2022-11-03T02:38:46.3133082Z A path returned 202. Retrying...
2022-11-03T02:38:46.3133365Z A path returned 202. Retrying...
2022-11-03T02:38:46.3133644Z A path returned 202. Retrying...
2022-11-03T02:38:46.3133923Z A path returned 202. Retrying...
2022-11-03T02:38:46.3134189Z A path returned 202. Retrying...
2022-11-03T02:38:46.3134465Z A path returned 202. Retrying...
2022-11-03T02:38:46.3134745Z A path returned 202. Retrying...
2022-11-03T02:38:46.3135025Z A path returned 202. Retrying...
2022-11-03T02:38:46.3135306Z A path returned 202. Retrying...
2022-11-03T02:38:46.3135601Z A path returned 202. Retrying...
2022-11-03T02:38:46.3137535Z A path returned 202. Retrying...
2022-11-03T02:38:46.3137836Z A path returned 202. Retrying...
2022-11-03T02:38:46.3138107Z A path returned 202. Retrying...
2022-11-03T02:38:46.3138386Z A path returned 202. Retrying...
2022-11-03T02:38:46.3138661Z A path returned 202. Retrying...
2022-11-03T02:38:46.3138942Z A path returned 202. Retrying...
2022-11-03T02:38:46.3139218Z A path returned 202. Retrying...
2022-11-03T02:38:46.3139494Z A path returned 202. Retrying...
2022-11-03T02:38:46.3139769Z A path returned 202. Retrying...
2022-11-03T02:38:46.3140032Z A path returned 202. Retrying...
2022-11-03T02:38:46.3140311Z A path returned 202. Retrying...
2022-11-03T02:38:46.3140586Z A path returned 202. Retrying...
2022-11-03T02:38:46.3140863Z A path returned 202. Retrying...
2022-11-03T02:38:46.3141138Z A path returned 202. Retrying...
2022-11-03T02:38:46.3141412Z A path returned 202. Retrying...
2022-11-03T02:38:46.3141686Z A path returned 202. Retrying...
2022-11-03T02:38:46.3141961Z A path returned 202. Retrying...
2022-11-03T02:38:46.3142225Z A path returned 202. Retrying...
2022-11-03T02:38:46.3142811Z A path returned 202. Retrying...
2022-11-03T02:38:46.3143099Z A path returned 202. Retrying...
2022-11-03T02:38:46.3143379Z A path returned 202. Retrying...
2022-11-03T02:38:46.3143661Z A path returned 202. Retrying...
2022-11-03T02:38:46.3143939Z A path returned 202. Retrying...
2022-11-03T02:38:46.3144220Z A path returned 202. Retrying...
2022-11-03T02:38:46.3144500Z A path returned 202. Retrying...
2022-11-03T02:38:46.3144767Z A path returned 202. Retrying...
2022-11-03T02:38:46.3145047Z A path returned 202. Retrying...
2022-11-03T02:38:46.3145326Z A path returned 202. Retrying...
2022-11-03T02:38:46.3145607Z A path returned 202. Retrying...
2022-11-03T02:38:46.3149521Z A path returned 202. Retrying...
2022-11-03T02:38:46.3149829Z A path returned 202. Retrying...
2022-11-03T02:38:46.3150117Z A path returned 202. Retrying...
2022-11-03T02:38:46.3150552Z A path returned 202. Retrying...
2022-11-03T02:38:46.3150953Z A path returned 202. Retrying...
2022-11-03T02:38:46.3151374Z A path returned 202. Retrying...
2022-11-03T02:38:46.3151801Z A path returned 202. Retrying...
2022-11-03T02:38:46.3152217Z A path returned 202. Retrying...
2022-11-03T02:38:46.3152634Z A path returned 202. Retrying...
2022-11-03T02:38:46.3153044Z A path returned 202. Retrying...
2022-11-03T02:38:46.3153456Z A path returned 202. Retrying...
2022-11-03T02:38:46.3153868Z A path returned 202. Retrying...
2022-11-03T02:38:46.3154278Z A path returned 202. Retrying...
2022-11-03T02:38:46.3154686Z A path returned 202. Retrying...
2022-11-03T02:38:46.3155150Z A path returned 202. Retrying...
2022-11-03T02:38:46.3155562Z A path returned 202. Retrying...
2022-11-03T02:38:46.3155959Z A path returned 202. Retrying...
2022-11-03T02:38:46.3156376Z A path returned 202. Retrying...
2022-11-03T02:38:46.3156793Z A path returned 202. Retrying...
2022-11-03T02:38:46.3157211Z A path returned 202. Retrying...
2022-11-03T02:38:46.3157624Z A path returned 202. Retrying...
2022-11-03T02:38:46.3158234Z A path returned 202. Retrying...
2022-11-03T02:38:46.3158984Z A path returned 202. Retrying...
2022-11-03T02:38:46.3159943Z A path returned 202. Retrying...
2022-11-03T02:38:46.3160227Z A path returned 202. Retrying...
2022-11-03T02:38:46.3160511Z A path returned 202. Retrying...
2022-11-03T02:38:46.3160793Z A path returned 202. Retrying...
2022-11-03T02:38:46.3161056Z A path returned 202. Retrying...
2022-11-03T02:38:46.3161335Z A path returned 202. Retrying...
2022-11-03T02:38:46.3161612Z A path returned 202. Retrying...
2022-11-03T02:38:46.3161892Z A path returned 202. Retrying...
2022-11-03T02:38:46.3162171Z A path returned 202. Retrying...
2022-11-03T02:38:46.3162448Z A path returned 202. Retrying...
2022-11-03T02:38:46.3162722Z A path returned 202. Retrying...
2022-11-03T02:38:46.3163001Z A path returned 202. Retrying...
2022-11-03T02:38:46.3163264Z A path returned 202. Retrying...
2022-11-03T02:38:46.3163542Z A path returned 202. Retrying...
2022-11-03T02:38:46.3163816Z A path returned 202. Retrying...
2022-11-03T02:38:46.3164098Z A path returned 202. Retrying...
2022-11-03T02:38:46.3164381Z A path returned 202. Retrying...
2022-11-03T02:38:46.3164656Z A path returned 202. Retrying...
2022-11-03T02:38:46.3164932Z A path returned 202. Retrying...
2022-11-03T02:38:46.3165214Z A path returned 202. Retrying...
2022-11-03T02:38:46.3165495Z A path returned 202. Retrying...
2022-11-03T02:38:46.3165771Z A path returned 202. Retrying...
2022-11-03T02:38:46.3166232Z A path returned 202. Retrying...
2022-11-03T02:38:46.3166648Z A path returned 202. Retrying...
2022-11-03T02:38:46.3168680Z A path returned 202. Retrying...
2022-11-03T02:38:46.3168977Z A path returned 202. Retrying...
2022-11-03T02:38:46.3169438Z A path returned 202. Retrying...
2022-11-03T02:38:46.3169854Z A path returned 202. Retrying...
2022-11-03T02:38:46.3170269Z A path returned 202. Retrying...
2022-11-03T02:38:46.3170676Z A path returned 202. Retrying...
2022-11-03T02:38:46.3171074Z A path returned 202. Retrying...
2022-11-03T02:38:46.3171494Z A path returned 202. Retrying...
2022-11-03T02:38:46.3172167Z A path returned 202. Retrying...
2022-11-03T02:38:46.3172581Z A path returned 202. Retrying...
2022-11-03T02:38:46.3172998Z A path returned 202. Retrying...
2022-11-03T02:38:46.3173411Z A path returned 202. Retrying...
2022-11-03T02:38:46.3173994Z A path returned 202. Retrying...
2022-11-03T02:38:46.3174275Z A path returned 202. Retrying...
2022-11-03T02:38:46.3174558Z A path returned 202. Retrying...
2022-11-03T02:38:46.3174838Z A path returned 202. Retrying...
2022-11-03T02:38:46.3175100Z A path returned 202. Retrying...
2022-11-03T02:38:46.3175378Z A path returned 202. Retrying...
2022-11-03T02:38:46.3175657Z A path returned 202. Retrying...
2022-11-03T02:38:46.3175938Z A path returned 202. Retrying...
2022-11-03T02:38:46.3176218Z A path returned 202. Retrying...
2022-11-03T02:38:46.3176498Z A path returned 202. Retrying...
2022-11-03T02:38:46.3176925Z A path returned 202. Retrying...
2022-11-03T02:38:46.3177202Z A path returned 202. Retrying...
2022-11-03T02:38:46.3177658Z A path returned 202. Retrying...
2022-11-03T02:38:46.3178060Z A path returned 202. Retrying...
2022-11-03T02:38:46.3178471Z A path returned 202. Retrying...
2022-11-03T02:38:46.3178882Z A path returned 202. Retrying...
2022-11-03T02:38:46.3179293Z A path returned 202. Retrying...
2022-11-03T02:38:46.3179623Z A path returned 202. Retrying...
2022-11-03T02:38:46.3179906Z A path returned 202. Retrying...
2022-11-03T02:38:46.3180184Z A path returned 202. Retrying...
2022-11-03T02:38:46.3180464Z A path returned 202. Retrying...
2022-11-03T02:38:46.3180740Z A path returned 202. Retrying...
2022-11-03T02:38:46.3181004Z A path returned 202. Retrying...
2022-11-03T02:38:46.3181281Z A path returned 202. Retrying...
2022-11-03T02:38:46.3181555Z A path returned 202. Retrying...
2022-11-03T02:38:46.3181833Z A path returned 202. Retrying...
2022-11-03T02:38:46.3182106Z A path returned 202. Retrying...
2022-11-03T02:38:46.3182531Z A path returned 202. Retrying...
2022-11-03T02:38:46.3183086Z A path returned 202. Retrying...
2022-11-03T02:38:46.3183526Z A path returned 202. Retrying...
2022-11-03T02:38:46.3183934Z A path returned 202. Retrying...
2022-11-03T02:38:46.3184341Z A path returned 202. Retrying...
2022-11-03T02:38:46.3184736Z A path returned 202. Retrying...
2022-11-03T02:38:46.3185285Z A path returned 202. Retrying...
2022-11-03T02:38:46.3185569Z A path returned 202. Retrying...
2022-11-03T02:38:46.3185847Z A path returned 202. Retrying...
2022-11-03T02:38:46.3186124Z A path returned 202. Retrying...
2022-11-03T02:38:46.3186543Z A path returned 202. Retrying...
2022-11-03T02:38:46.3186952Z A path returned 202. Retrying...
2022-11-03T02:38:46.3187358Z A path returned 202. Retrying...
2022-11-03T02:38:46.3187769Z A path returned 202. Retrying...
2022-11-03T02:38:46.3188173Z A path returned 202. Retrying...
2022-11-03T02:38:46.3188563Z A path returned 202. Retrying...
2022-11-03T02:38:46.3188978Z A path returned 202. Retrying...
2022-11-03T02:38:46.3189396Z A path returned 202. Retrying...
2022-11-03T02:38:46.3189808Z A path returned 202. Retrying...
2022-11-03T02:38:46.3190219Z A path returned 202. Retrying...
2022-11-03T02:38:46.3190661Z A path returned 202. Retrying...
2022-11-03T02:38:46.3191074Z A path returned 202. Retrying...
2022-11-03T02:38:46.3191486Z A path returned 202. Retrying...
2022-11-03T02:38:46.3191895Z A path returned 202. Retrying...
2022-11-03T02:38:46.3192302Z A path returned 202. Retrying...
2022-11-03T02:38:46.3192711Z A path returned 202. Retrying...
2022-11-03T02:38:46.3193123Z A path returned 202. Retrying...
2022-11-03T02:38:46.3193517Z A path returned 202. Retrying...
2022-11-03T02:38:46.3193926Z A path returned 202. Retrying...
2022-11-03T02:38:46.3194339Z A path returned 202. Retrying...
2022-11-03T02:38:46.3194748Z A path returned 202. Retrying...
2022-11-03T02:38:46.3195161Z A path returned 202. Retrying...
2022-11-03T02:38:46.3195574Z A path returned 202. Retrying...
2022-11-03T02:38:46.3195981Z A path returned 202. Retrying...
2022-11-03T02:38:46.3196391Z A path returned 202. Retrying...
2022-11-03T02:38:46.3196953Z A path returned 202. Retrying...
2022-11-03T02:38:46.3197368Z A path returned 202. Retrying...
2022-11-03T02:38:46.3197781Z A path returned 202. Retrying...
2022-11-03T02:38:46.3198191Z A path returned 202. Retrying...
2022-11-03T02:38:46.3198590Z A path returned 202. Retrying...
2022-11-03T02:38:46.3199329Z A path returned 202. Retrying...
2022-11-03T02:38:46.3199746Z A path returned 202. Retrying...
2022-11-03T02:38:46.3200156Z A path returned 202. Retrying...
2022-11-03T02:38:46.3200560Z A path returned 202. Retrying...
2022-11-03T02:38:46.3200970Z A path returned 202. Retrying...
2022-11-03T02:38:46.3201690Z A path returned 202. Retrying...
2022-11-03T02:38:46.3201970Z A path returned 202. Retrying...
2022-11-03T02:38:46.3202246Z A path returned 202. Retrying...
2022-11-03T02:38:46.3202528Z A path returned 202. Retrying...
2022-11-03T02:38:46.3202790Z A path returned 202. Retrying...
2022-11-03T02:38:46.3203063Z A path returned 202. Retrying...
2022-11-03T02:38:46.3203346Z A path returned 202. Retrying...
2022-11-03T02:38:46.3203627Z A path returned 202. Retrying...
2022-11-03T02:38:46.3203905Z A path returned 202. Retrying...
2022-11-03T02:38:46.3204178Z A path returned 202. Retrying...
2022-11-03T02:38:46.3204637Z A path returned 202. Retrying...
2022-11-03T02:38:46.3206009Z A path returned 202. Retrying...
2022-11-03T02:38:46.3206485Z A path returned 202. Retrying...
2022-11-03T02:38:46.3206889Z A path returned 202. Retrying...
2022-11-03T02:38:46.3207308Z A path returned 202. Retrying...
2022-11-03T02:38:46.3207719Z A path returned 202. Retrying...
2022-11-03T02:38:46.3208128Z A path returned 202. Retrying...
2022-11-03T02:38:46.3208536Z A path returned 202. Retrying...
2022-11-03T02:38:46.3208947Z A path returned 202. Retrying...
2022-11-03T02:38:46.3209355Z A path returned 202. Retrying...
2022-11-03T02:38:46.3209767Z A path returned 202. Retrying...
2022-11-03T02:38:46.3210175Z A path returned 202. Retrying...
2022-11-03T02:38:46.3210807Z A path returned 202. Retrying...
2022-11-03T02:38:46.3211888Z A path returned 202. Retrying...
2022-11-03T02:38:46.3212328Z A path returned 202. Retrying...
2022-11-03T02:38:46.3212729Z A path returned 202. Retrying...
2022-11-03T02:38:46.3213146Z A path returned 202. Retrying...
2022-11-03T02:38:46.3213556Z A path returned 202. Retrying...
2022-11-03T02:38:46.3213967Z A path returned 202. Retrying...
2022-11-03T02:38:46.3214460Z A path returned 202. Retrying...
2022-11-03T02:38:46.3214825Z A path returned 202. Retrying...
2022-11-03T02:38:46.3215193Z A path returned 202. Retrying...
2022-11-03T02:38:46.3215556Z A path returned 202. Retrying...
2022-11-03T02:38:46.3215919Z A path returned 202. Retrying...
2022-11-03T02:38:46.3216282Z A path returned 202. Retrying...
2022-11-03T02:38:46.3216643Z A path returned 202. Retrying...
2022-11-03T02:38:46.3217006Z A path returned 202. Retrying...
2022-11-03T02:38:46.3217352Z A path returned 202. Retrying...
2022-11-03T02:38:46.3217730Z A path returned 202. Retrying...
2022-11-03T02:38:46.3218102Z A path returned 202. Retrying...
2022-11-03T02:38:46.3218474Z A path returned 202. Retrying...
2022-11-03T02:38:46.3218841Z A path returned 202. Retrying...
2022-11-03T02:38:46.3219210Z A path returned 202. Retrying...
2022-11-03T02:38:46.3220117Z A path returned 202. Retrying...
2022-11-03T02:38:46.3220364Z A path returned 202. Retrying...
2022-11-03T02:38:46.3220608Z A path returned 202. Retrying...
2022-11-03T02:38:46.3220850Z A path returned 202. Retrying...
2022-11-03T02:38:46.3221080Z A path returned 202. Retrying...
2022-11-03T02:38:46.3221322Z A path returned 202. Retrying...
2022-11-03T02:38:46.3221564Z A path returned 202. Retrying...
2022-11-03T02:38:46.3221809Z A path returned 202. Retrying...
2022-11-03T02:38:46.3222051Z A path returned 202. Retrying...
2022-11-03T02:38:46.3222292Z A path returned 202. Retrying...
2022-11-03T02:38:46.3222533Z A path returned 202. Retrying...
2022-11-03T02:38:46.3222777Z A path returned 202. Retrying...
2022-11-03T02:38:46.3223145Z A path returned 202. Retrying...
2022-11-03T02:38:46.3223698Z A path returned 202. Retrying...
2022-11-03T02:38:46.3224064Z A path returned 202. Retrying...
2022-11-03T02:38:46.3224476Z A path returned 202. Retrying...
2022-11-03T02:38:46.3224837Z A path returned 202. Retrying...
2022-11-03T02:38:46.3225231Z A path returned 202. Retrying...
2022-11-03T02:38:46.3225596Z A path returned 202. Retrying...
2022-11-03T02:38:46.3225961Z A path returned 202. Retrying...
2022-11-03T02:38:46.3226304Z A path returned 202. Retrying...
2022-11-03T02:38:46.3226548Z A path returned 202. Retrying...
2022-11-03T02:38:46.3226787Z A path returned 202. Retrying...
2022-11-03T02:38:46.3227017Z A path returned 202. Retrying...
2022-11-03T02:38:46.3227385Z A path returned 202. Retrying...
2022-11-03T02:38:46.3227658Z A path returned 202. Retrying...
2022-11-03T02:47:48.0038513Z A path returned 202. Retrying...
2022-11-03T02:47:48.0039611Z A path returned 202. Retrying...
2022-11-03T02:47:48.0039892Z A path returned 202. Retrying...
2022-11-03T02:47:48.0040212Z A path returned 202. Retrying...
2022-11-03T02:47:48.0040481Z A path returned 202. Retrying...
2022-11-03T02:47:48.0040724Z A path returned 202. Retrying...
2022-11-03T02:47:48.0040978Z A path returned 202. Retrying...
2022-11-03T02:47:48.0041225Z A path returned 202. Retrying...
2022-11-03T02:47:48.0041469Z A path returned 202. Retrying...
2022-11-03T02:47:48.0041697Z A path returned 202. Retrying...
2022-11-03T02:47:48.0042114Z A path returned 202. Retrying...
2022-11-03T02:47:48.0042365Z A path returned 202. Retrying...
2022-11-03T02:47:48.0042614Z A path returned 202. Retrying...
2022-11-03T02:47:48.0042857Z A path returned 202. Retrying...
2022-11-03T02:47:48.0043097Z A path returned 202. Retrying...
2022-11-03T02:47:48.0043340Z A path returned 202. Retrying...
2022-11-03T02:47:48.0043586Z A path returned 202. Retrying...
2022-11-03T02:47:48.0043814Z A path returned 202. Retrying...
2022-11-03T02:47:48.0044056Z A path returned 202. Retrying...
2022-11-03T02:47:48.0044879Z A path returned 202. Retrying...
2022-11-03T02:47:48.0045148Z A path returned 202. Retrying...
2022-11-03T02:47:48.0045394Z A path returned 202. Retrying...
2022-11-03T02:47:48.0045637Z A path returned 202. Retrying...
2022-11-03T02:47:48.0045879Z A path returned 202. Retrying...
2022-11-03T02:47:48.0046109Z A path returned 202. Retrying...
2022-11-03T02:47:48.0046353Z A path returned 202. Retrying...
2022-11-03T02:47:48.0046600Z A path returned 202. Retrying...
2022-11-03T02:47:48.0046847Z A path returned 202. Retrying...
2022-11-03T02:47:48.0047102Z A path returned 202. Retrying...
2022-11-03T02:47:48.0047346Z A path returned 202. Retrying...
2022-11-03T02:47:48.0047587Z A path returned 202. Retrying...
2022-11-03T02:47:48.0047830Z A path returned 202. Retrying...
2022-11-03T02:47:48.0048063Z A path returned 202. Retrying...
2022-11-03T02:47:48.0048308Z A path returned 202. Retrying...
2022-11-03T02:47:48.0048556Z A path returned 202. Retrying...
2022-11-03T02:47:48.0048800Z A path returned 202. Retrying...
2022-11-03T02:47:48.0049044Z A path returned 202. Retrying...
2022-11-03T02:47:48.0049289Z A path returned 202. Retrying...
2022-11-03T02:47:48.0049530Z A path returned 202. Retrying...
2022-11-03T02:47:48.0049771Z A path returned 202. Retrying...
2022-11-03T02:47:48.0050001Z A path returned 202. Retrying...
2022-11-03T02:47:48.0050243Z A path returned 202. Retrying...
2022-11-03T02:47:48.0050496Z A path returned 202. Retrying...
2022-11-03T02:47:48.0050739Z A path returned 202. Retrying...
2022-11-03T02:47:48.0050980Z A path returned 202. Retrying...
2022-11-03T02:47:48.0051221Z A path returned 202. Retrying...
2022-11-03T02:47:48.0051809Z A path returned 202. Retrying...
2022-11-03T02:47:48.0052055Z A path returned 202. Retrying...
2022-11-03T02:47:48.0052289Z A path returned 202. Retrying...
2022-11-03T02:47:48.0052532Z A path returned 202. Retrying...
2022-11-03T02:47:48.0052882Z A path returned 202. Retrying...
2022-11-03T02:47:48.0053300Z A path returned 202. Retrying...
2022-11-03T02:47:48.0053533Z A path returned 202. Retrying...
2022-11-03T02:47:48.0054043Z A path returned 202. Retrying...
2022-11-03T02:47:48.0054289Z A path returned 202. Retrying...
2022-11-03T02:47:48.0054529Z A path returned 202. Retrying...
2022-11-03T02:47:48.0055096Z A path returned 202. Retrying...
2022-11-03T02:47:48.0055715Z A path returned 202. Retrying...
2022-11-03T02:47:48.0055995Z A path returned 202. Retrying...
2022-11-03T02:47:48.0056652Z A path returned 202. Retrying...
2022-11-03T02:47:48.0056910Z A path returned 202. Retrying...
2022-11-03T02:47:48.0057245Z A path returned 202. Retrying...
2022-11-03T02:47:48.0057493Z A path returned 202. Retrying...
2022-11-03T02:47:48.0057737Z A path returned 202. Retrying...
2022-11-03T02:47:48.0057978Z A path returned 202. Retrying...
2022-11-03T02:47:48.0058308Z A path returned 202. Retrying...
2022-11-03T02:47:48.0058556Z A path returned 202. Retrying...
2022-11-03T02:47:48.0058791Z A path returned 202. Retrying...
2022-11-03T02:47:48.0059124Z A path returned 202. Retrying...
2022-11-03T02:47:48.0059384Z A path returned 202. Retrying...
2022-11-03T02:47:48.0059722Z A path returned 202. Retrying...
2022-11-03T02:47:48.0059964Z A path returned 202. Retrying...
2022-11-03T02:47:48.0060294Z A path returned 202. Retrying...
2022-11-03T02:47:48.0060538Z A path returned 202. Retrying...
2022-11-03T02:47:48.0060782Z A path returned 202. Retrying...
2022-11-03T02:47:48.0061013Z A path returned 202. Retrying...
2022-11-03T02:47:48.0061251Z A path returned 202. Retrying...
2022-11-03T02:47:48.0061577Z A path returned 202. Retrying...
2022-11-03T02:47:48.0061822Z A path returned 202. Retrying...
2022-11-03T02:47:48.0062067Z A path returned 202. Retrying...
2022-11-03T02:47:48.0062399Z A path returned 202. Retrying...
2022-11-03T02:47:48.0062645Z A path returned 202. Retrying...
2022-11-03T02:47:48.0062874Z A path returned 202. Retrying...
2022-11-03T02:47:48.0063120Z A path returned 202. Retrying...
2022-11-03T02:47:48.0063364Z A path returned 202. Retrying...
2022-11-03T02:47:48.0063746Z A path returned 202. Retrying...
2022-11-03T02:47:48.0063999Z A path returned 202. Retrying...
2022-11-03T02:47:48.0064240Z A path returned 202. Retrying...
2022-11-03T02:47:48.0064483Z A path returned 202. Retrying...
2022-11-03T02:47:48.0064723Z A path returned 202. Retrying...
2022-11-03T02:47:48.0064956Z A path returned 202. Retrying...
2022-11-03T02:47:48.0065198Z A path returned 202. Retrying...
2022-11-03T02:47:48.0065446Z A path returned 202. Retrying...
2022-11-03T02:47:48.0065691Z A path returned 202. Retrying...
2022-11-03T02:47:48.0065933Z A path returned 202. Retrying...
2022-11-03T02:47:48.0066175Z A path returned 202. Retrying...
2022-11-03T02:47:48.0066414Z A path returned 202. Retrying...
2022-11-03T02:47:48.0066655Z A path returned 202. Retrying...
2022-11-03T02:47:48.0066886Z A path returned 202. Retrying...
2022-11-03T02:47:48.0067128Z A path returned 202. Retrying...
2022-11-03T02:47:48.0067381Z A path returned 202. Retrying...
2022-11-03T02:47:48.0067625Z A path returned 202. Retrying...
2022-11-03T02:47:48.0067870Z A path returned 202. Retrying...
2022-11-03T02:47:48.0068114Z A path returned 202. Retrying...
2022-11-03T02:47:48.0068354Z A path returned 202. Retrying...
2022-11-03T02:47:48.0068583Z A path returned 202. Retrying...
2022-11-03T02:47:48.0068828Z A path returned 202. Retrying...
2022-11-03T02:47:48.0069071Z A path returned 202. Retrying...
2022-11-03T02:47:48.0069317Z A path returned 202. Retrying...
2022-11-03T02:47:48.0069591Z A path returned 202. Retrying...
2022-11-03T02:47:48.0069832Z A path returned 202. Retrying...
2022-11-03T02:47:48.0070073Z A path returned 202. Retrying...
2022-11-03T02:47:48.0070314Z A path returned 202. Retrying...
2022-11-03T02:47:48.0070544Z A path returned 202. Retrying...
2022-11-03T02:47:48.0070788Z A path returned 202. Retrying...
2022-11-03T02:47:48.0071033Z A path returned 202. Retrying...
2022-11-03T02:47:48.0071279Z A path returned 202. Retrying...
2022-11-03T02:47:48.0071522Z A path returned 202. Retrying...
2022-11-03T02:47:48.0071765Z A path returned 202. Retrying...
2022-11-03T02:47:48.0072089Z A path returned 202. Retrying...
2022-11-03T02:47:48.0072335Z A path returned 202. Retrying...
2022-11-03T02:47:48.0072564Z A path returned 202. Retrying...
2022-11-03T02:47:48.0072804Z A path returned 202. Retrying...
2022-11-03T02:47:48.0073054Z A path returned 202. Retrying...
2022-11-03T02:47:48.0073296Z A path returned 202. Retrying...
2022-11-03T02:47:48.0073702Z A path returned 202. Retrying...
2022-11-03T02:47:48.0073944Z A path returned 202. Retrying...
2022-11-03T02:47:48.0074188Z A path returned 202. Retrying...
2022-11-03T02:47:48.0074415Z A path returned 202. Retrying...
2022-11-03T02:47:48.0074659Z A path returned 202. Retrying...
2022-11-03T02:47:48.0074904Z A path returned 202. Retrying...
2022-11-03T02:47:48.0075148Z A path returned 202. Retrying...
2022-11-03T02:47:48.0075389Z A path returned 202. Retrying...
2022-11-03T02:47:48.0075631Z A path returned 202. Retrying...
2022-11-03T02:47:48.0075871Z A path returned 202. Retrying...
2022-11-03T02:47:48.0076116Z A path returned 202. Retrying...
2022-11-03T02:47:48.0076348Z A path returned 202. Retrying...
2022-11-03T02:47:48.0076590Z A path returned 202. Retrying...
2022-11-03T02:47:48.0076836Z A path returned 202. Retrying...
2022-11-03T02:47:48.0077148Z A path returned 202. Retrying...
2022-11-03T02:47:48.0077391Z A path returned 202. Retrying...
2022-11-03T02:47:48.0077632Z A path returned 202. Retrying...
2022-11-03T02:47:48.0077896Z A path returned 202. Retrying...
2022-11-03T02:47:48.0078138Z A path returned 202. Retrying...
2022-11-03T02:47:48.0078364Z A path returned 202. Retrying...
2022-11-03T02:47:48.0078604Z A path returned 202. Retrying...
2022-11-03T02:47:48.0079005Z A path returned 202. Retrying...
2022-11-03T02:47:48.0079248Z A path returned 202. Retrying...
2022-11-03T02:47:48.0079491Z A path returned 202. Retrying...
2022-11-03T02:47:48.0079732Z A path returned 202. Retrying...
2022-11-03T02:47:48.0079977Z A path returned 202. Retrying...
2022-11-03T02:47:48.0080216Z A path returned 202. Retrying...
2022-11-03T02:47:48.0080536Z A path returned 202. Retrying...
2022-11-03T02:47:48.0080784Z A path returned 202. Retrying...
2022-11-03T02:47:48.0081030Z A path returned 202. Retrying...
2022-11-03T02:47:48.0081273Z A path returned 202. Retrying...
2022-11-03T02:47:48.0081542Z A path returned 202. Retrying...
2022-11-03T02:47:48.0081784Z A path returned 202. Retrying...
2022-11-03T02:47:48.0082026Z A path returned 202. Retrying...
2022-11-03T02:47:48.0082260Z A path returned 202. Retrying...
2022-11-03T02:47:48.0082507Z A path returned 202. Retrying...
2022-11-03T02:47:48.0082755Z A path returned 202. Retrying...
2022-11-03T02:47:48.0082999Z A path returned 202. Retrying...
2022-11-03T02:47:48.0083240Z A path returned 202. Retrying...
2022-11-03T02:47:48.0083482Z A path returned 202. Retrying...
2022-11-03T02:47:48.0083723Z A path returned 202. Retrying...
2022-11-03T02:47:48.0083968Z A path returned 202. Retrying...
2022-11-03T02:47:48.0084196Z A path returned 202. Retrying...
2022-11-03T02:47:48.0084462Z A path returned 202. Retrying...
2022-11-03T02:47:48.0084715Z A path returned 202. Retrying...
2022-11-03T02:47:48.0084959Z A path returned 202. Retrying...
2022-11-03T02:47:48.0085202Z A path returned 202. Retrying...
2022-11-03T02:47:48.0085441Z A path returned 202. Retrying...
2022-11-03T02:47:48.0085684Z A path returned 202. Retrying...
2022-11-03T02:47:48.0085926Z A path returned 202. Retrying...
2022-11-03T02:47:48.0086156Z A path returned 202. Retrying...
2022-11-03T02:47:48.0086399Z A path returned 202. Retrying...
2022-11-03T02:47:48.0086649Z A path returned 202. Retrying...
2022-11-03T02:47:48.0086893Z A path returned 202. Retrying...
2022-11-03T02:47:48.0087317Z A path returned 202. Retrying...
2022-11-03T02:47:48.0087559Z A path returned 202. Retrying...
2022-11-03T02:47:48.0087798Z A path returned 202. Retrying...
2022-11-03T02:47:48.0088027Z A path returned 202. Retrying...
2022-11-03T02:47:48.0088268Z A path returned 202. Retrying...
2022-11-03T02:47:48.0088514Z A path returned 202. Retrying...
2022-11-03T02:47:48.0088834Z A path returned 202. Retrying...
2022-11-03T02:47:48.0089074Z A path returned 202. Retrying...
2022-11-03T02:47:48.0089317Z A path returned 202. Retrying...
2022-11-03T02:47:48.0089555Z A path returned 202. Retrying...
2022-11-03T02:47:48.0089797Z A path returned 202. Retrying...
2022-11-03T02:47:48.0090025Z A path returned 202. Retrying...
2022-11-03T02:47:48.0090262Z A path returned 202. Retrying...
2022-11-03T02:47:48.0090511Z A path returned 202. Retrying...
2022-11-03T02:47:48.0090751Z A path returned 202. Retrying...
2022-11-03T02:47:48.0090995Z A path returned 202. Retrying...
2022-11-03T02:47:48.0091235Z A path returned 202. Retrying...
2022-11-03T02:47:48.0091477Z A path returned 202. Retrying...
2022-11-03T02:47:48.0091717Z A path returned 202. Retrying...
2022-11-03T02:47:48.0091948Z A path returned 202. Retrying...
2022-11-03T02:47:48.0092192Z A path returned 202. Retrying...
2022-11-03T02:47:48.0092440Z A path returned 202. Retrying...
2022-11-03T02:47:48.0092686Z A path returned 202. Retrying...
2022-11-03T02:47:48.0092930Z A path returned 202. Retrying...
2022-11-03T02:47:48.0093172Z A path returned 202. Retrying...
2022-11-03T02:47:48.0093412Z A path returned 202. Retrying...
2022-11-03T02:47:48.0093641Z A path returned 202. Retrying...
2022-11-03T02:47:48.0093882Z A path returned 202. Retrying...
2022-11-03T02:47:48.0094125Z A path returned 202. Retrying...
2022-11-03T02:47:48.0094370Z A path returned 202. Retrying...
2022-11-03T02:47:48.0094609Z A path returned 202. Retrying...
2022-11-03T02:47:48.0094854Z A path returned 202. Retrying...
2022-11-03T02:47:48.0095092Z A path returned 202. Retrying...
2022-11-03T02:47:48.0095335Z A path returned 202. Retrying...
2022-11-03T02:47:48.0095562Z A path returned 202. Retrying...
2022-11-03T02:47:48.0095803Z A path returned 202. Retrying...
2022-11-03T02:47:48.0096049Z A path returned 202. Retrying...
2022-11-03T02:47:48.0096293Z A path returned 202. Retrying...
2022-11-03T02:47:48.0096534Z A path returned 202. Retrying...
2022-11-03T02:47:48.0096840Z A path returned 202. Retrying...
2022-11-03T02:47:48.0097085Z A path returned 202. Retrying...
2022-11-03T02:47:48.0097326Z A path returned 202. Retrying...
2022-11-03T02:47:48.0097559Z A path returned 202. Retrying...
2022-11-03T02:47:48.0097802Z A path returned 202. Retrying...
2022-11-03T02:47:48.0098044Z A path returned 202. Retrying...
2022-11-03T02:47:48.0098287Z A path returned 202. Retrying...
2022-11-03T02:47:48.0098527Z A path returned 202. Retrying...
2022-11-03T02:47:48.0098768Z A path returned 202. Retrying...
2022-11-03T02:47:48.0099006Z A path returned 202. Retrying...
2022-11-03T02:47:48.0099237Z A path returned 202. Retrying...
2022-11-03T02:47:48.0099480Z A path returned 202. Retrying...
2022-11-03T02:47:48.0099724Z A path returned 202. Retrying...
2022-11-03T02:47:48.0099971Z A path returned 202. Retrying...
2022-11-03T02:47:48.0100211Z A path returned 202. Retrying...
2022-11-03T02:47:48.0100452Z A path returned 202. Retrying...
2022-11-03T02:47:48.0100692Z A path returned 202. Retrying...
2022-11-03T02:47:48.0100937Z A path returned 202. Retrying...
2022-11-03T02:47:48.0101163Z A path returned 202. Retrying...
2022-11-03T02:47:48.0101402Z A path returned 202. Retrying...
2022-11-03T02:47:48.0101706Z A path returned 202. Retrying...
2022-11-03T02:47:48.0101946Z A path returned 202. Retrying...
2022-11-03T02:47:48.0102189Z A path returned 202. Retrying...
2022-11-03T02:47:48.0102429Z A path returned 202. Retrying...
2022-11-03T02:47:48.0102670Z A path returned 202. Retrying...
2022-11-03T02:47:48.0102912Z A path returned 202. Retrying...
2022-11-03T02:47:48.0103142Z A path returned 202. Retrying...
2022-11-03T02:47:48.0103383Z A path returned 202. Retrying...
2022-11-03T02:47:48.0103630Z A path returned 202. Retrying...
2022-11-03T02:47:48.0103875Z A path returned 202. Retrying...
2022-11-03T02:56:44.5323792Z A path returned 202. Retrying...
2022-11-03T02:56:44.5324159Z A path returned 202. Retrying...
2022-11-03T02:56:44.5324569Z A path returned 202. Retrying...
2022-11-03T02:56:44.5325238Z A path returned 202. Retrying...
2022-11-03T02:56:44.5325513Z A path returned 202. Retrying...
2022-11-03T02:56:44.5325798Z A path returned 202. Retrying...
2022-11-03T02:56:44.5326084Z A path returned 202. Retrying...
2022-11-03T02:56:44.5326370Z A path returned 202. Retrying...
2022-11-03T02:56:44.5326651Z A path returned 202. Retrying...
2022-11-03T02:56:44.5326929Z A path returned 202. Retrying...
2022-11-03T02:56:44.5327210Z A path returned 202. Retrying...
2022-11-03T02:56:44.5327489Z A path returned 202. Retrying...
2022-11-03T02:56:44.5327754Z A path returned 202. Retrying...
2022-11-03T02:56:44.5328027Z A path returned 202. Retrying...
2022-11-03T02:56:44.5328306Z A path returned 202. Retrying...
2022-11-03T02:56:44.5328586Z A path returned 202. Retrying...
2022-11-03T02:56:44.5328866Z A path returned 202. Retrying...
2022-11-03T02:56:44.5329139Z A path returned 202. Retrying...
2022-11-03T02:56:44.5329415Z A path returned 202. Retrying...
2022-11-03T02:56:44.5329680Z A path returned 202. Retrying...
2022-11-03T02:56:44.5329963Z A path returned 202. Retrying...
2022-11-03T02:56:44.5330241Z A path returned 202. Retrying...
2022-11-03T02:56:44.5330515Z A path returned 202. Retrying...
2022-11-03T02:56:44.5330791Z A path returned 202. Retrying...
2022-11-03T02:56:44.5331068Z A path returned 202. Retrying...
2022-11-03T02:56:44.5331345Z A path returned 202. Retrying...
2022-11-03T02:56:44.5331622Z A path returned 202. Retrying...
2022-11-03T02:56:44.5331887Z A path returned 202. Retrying...
2022-11-03T02:56:44.5332161Z A path returned 202. Retrying...
2022-11-03T02:56:44.5332438Z A path returned 202. Retrying...
2022-11-03T02:56:44.5332716Z A path returned 202. Retrying...
2022-11-03T02:56:44.5332994Z A path returned 202. Retrying...
2022-11-03T02:56:44.5333271Z A path returned 202. Retrying...
2022-11-03T02:56:44.5333546Z A path returned 202. Retrying...
2022-11-03T02:56:44.5333823Z A path returned 202. Retrying...
2022-11-03T02:56:44.5334085Z A path returned 202. Retrying...
2022-11-03T02:56:44.5334476Z A path returned 202. Retrying...
2022-11-03T02:56:44.5334767Z A path returned 202. Retrying...
2022-11-03T02:56:44.5335045Z A path returned 202. Retrying...
2022-11-03T02:56:44.5335325Z A path returned 202. Retrying...
2022-11-03T02:56:44.5335600Z A path returned 202. Retrying...
2022-11-03T02:56:44.5335877Z A path returned 202. Retrying...
2022-11-03T02:56:44.5336138Z A path returned 202. Retrying...
2022-11-03T02:56:44.5336414Z A path returned 202. Retrying...
2022-11-03T02:56:44.5336690Z A path returned 202. Retrying...
2022-11-03T02:56:44.5336969Z A path returned 202. Retrying...
2022-11-03T02:56:44.5337250Z A path returned 202. Retrying...
2022-11-03T02:56:44.5337527Z A path returned 202. Retrying...
2022-11-03T02:56:44.5337802Z A path returned 202. Retrying...
2022-11-03T02:56:44.5338079Z A path returned 202. Retrying...
2022-11-03T02:56:44.5338344Z A path returned 202. Retrying...
2022-11-03T02:56:44.5338619Z A path returned 202. Retrying...
2022-11-03T02:56:44.5338901Z A path returned 202. Retrying...
2022-11-03T02:56:44.5339183Z A path returned 202. Retrying...
2022-11-03T02:56:44.5339460Z A path returned 202. Retrying...
2022-11-03T02:56:44.5339736Z A path returned 202. Retrying...
2022-11-03T02:56:44.5340012Z A path returned 202. Retrying...
2022-11-03T02:56:44.5340288Z A path returned 202. Retrying...
2022-11-03T02:56:44.5340551Z A path returned 202. Retrying...
2022-11-03T02:56:44.5340829Z A path returned 202. Retrying...
2022-11-03T02:56:44.5341107Z A path returned 202. Retrying...
2022-11-03T02:56:44.5341382Z A path returned 202. Retrying...
2022-11-03T02:56:44.5341666Z A path returned 202. Retrying...
2022-11-03T02:56:44.5341944Z A path returned 202. Retrying...
2022-11-03T02:56:44.5342221Z A path returned 202. Retrying...
2022-11-03T02:56:44.5342482Z A path returned 202. Retrying...
2022-11-03T02:56:44.5342759Z A path returned 202. Retrying...
2022-11-03T02:56:44.5343032Z A path returned 202. Retrying...
2022-11-03T02:56:44.5343306Z A path returned 202. Retrying...
2022-11-03T02:56:44.5343588Z A path returned 202. Retrying...
2022-11-03T02:56:44.5343957Z A path returned 202. Retrying...
2022-11-03T02:56:44.5344233Z A path returned 202. Retrying...
2022-11-03T02:56:44.5344507Z A path returned 202. Retrying...
2022-11-03T02:56:44.5344770Z A path returned 202. Retrying...
2022-11-03T02:56:44.5345044Z A path returned 202. Retrying...
2022-11-03T02:56:44.5345319Z A path returned 202. Retrying...
2022-11-03T02:56:44.5345595Z A path returned 202. Retrying...
2022-11-03T02:56:44.5345873Z A path returned 202. Retrying...
2022-11-03T02:56:44.5346149Z A path returned 202. Retrying...
2022-11-03T02:56:44.5346423Z A path returned 202. Retrying...
2022-11-03T02:56:44.5346699Z A path returned 202. Retrying...
2022-11-03T02:56:44.5346962Z A path returned 202. Retrying...
2022-11-03T02:56:44.5347237Z A path returned 202. Retrying...
2022-11-03T02:56:44.5347514Z A path returned 202. Retrying...
2022-11-03T02:56:44.5347790Z A path returned 202. Retrying...
2022-11-03T02:56:44.5348070Z A path returned 202. Retrying...
2022-11-03T02:56:44.5348346Z A path returned 202. Retrying...
2022-11-03T02:56:44.5348621Z A path returned 202. Retrying...
2022-11-03T02:56:44.5348883Z A path returned 202. Retrying...
2022-11-03T02:56:44.5349159Z A path returned 202. Retrying...
2022-11-03T02:56:44.5349438Z A path returned 202. Retrying...
2022-11-03T02:56:44.5349715Z A path returned 202. Retrying...
2022-11-03T02:56:44.5349991Z A path returned 202. Retrying...
2022-11-03T02:56:44.5350268Z A path returned 202. Retrying...
2022-11-03T02:56:44.5350543Z A path returned 202. Retrying...
2022-11-03T02:56:44.5350817Z A path returned 202. Retrying...
2022-11-03T02:56:44.5351082Z A path returned 202. Retrying...
2022-11-03T02:56:44.5351360Z A path returned 202. Retrying...
2022-11-03T02:56:44.5351639Z A path returned 202. Retrying...
2022-11-03T02:56:44.5351916Z A path returned 202. Retrying...
2022-11-03T02:56:44.5352190Z A path returned 202. Retrying...
2022-11-03T02:56:44.5352469Z A path returned 202. Retrying...
2022-11-03T02:56:44.5352814Z A path returned 202. Retrying...
2022-11-03T02:56:44.5353098Z A path returned 202. Retrying...
2022-11-03T02:56:44.5353361Z A path returned 202. Retrying...
2022-11-03T02:56:44.5353635Z A path returned 202. Retrying...
2022-11-03T02:56:44.5353913Z A path returned 202. Retrying...
2022-11-03T02:56:44.5354192Z A path returned 202. Retrying...
2022-11-03T02:56:44.5354468Z A path returned 202. Retrying...
2022-11-03T02:56:44.5354743Z A path returned 202. Retrying...
2022-11-03T02:56:44.5355019Z A path returned 202. Retrying...
2022-11-03T02:56:44.5355279Z A path returned 202. Retrying...
2022-11-03T02:56:44.5355555Z A path returned 202. Retrying...
2022-11-03T02:56:44.5355831Z A path returned 202. Retrying...
2022-11-03T02:56:44.5356108Z A path returned 202. Retrying...
2022-11-03T02:56:44.5356385Z A path returned 202. Retrying...
2022-11-03T02:56:44.5356660Z A path returned 202. Retrying...
2022-11-03T02:56:44.5356937Z A path returned 202. Retrying...
2022-11-03T02:56:44.5357214Z A path returned 202. Retrying...
2022-11-03T02:56:44.5357480Z A path returned 202. Retrying...
2022-11-03T02:56:44.5357755Z A path returned 202. Retrying...
2022-11-03T02:56:44.5358032Z A path returned 202. Retrying...
2022-11-03T02:56:44.5358311Z A path returned 202. Retrying...
2022-11-03T02:56:44.5358588Z A path returned 202. Retrying...
2022-11-03T02:56:44.5359022Z A path returned 202. Retrying...
2022-11-03T02:56:44.5359300Z A path returned 202. Retrying...
2022-11-03T02:56:44.5359576Z A path returned 202. Retrying...
2022-11-03T02:56:44.5359835Z A path returned 202. Retrying...
2022-11-03T02:56:44.5360107Z A path returned 202. Retrying...
2022-11-03T02:56:44.5360386Z A path returned 202. Retrying...
2022-11-03T02:56:44.5360664Z A path returned 202. Retrying...
2022-11-03T02:56:44.5360941Z A path returned 202. Retrying...
2022-11-03T02:56:44.5361215Z A path returned 202. Retrying...
2022-11-03T02:56:44.5361492Z A path returned 202. Retrying...
2022-11-03T02:56:44.5361769Z A path returned 202. Retrying...
2022-11-03T02:56:44.5362037Z A path returned 202. Retrying...
2022-11-03T02:56:44.5362407Z A path returned 202. Retrying...
2022-11-03T02:56:44.5362684Z A path returned 202. Retrying...
2022-11-03T02:56:44.5362960Z A path returned 202. Retrying...
2022-11-03T02:56:44.5363237Z A path returned 202. Retrying...
2022-11-03T02:56:44.5363515Z A path returned 202. Retrying...
2022-11-03T02:56:44.5363789Z A path returned 202. Retrying...
2022-11-03T02:56:44.5364052Z A path returned 202. Retrying...
2022-11-03T02:56:44.5364327Z A path returned 202. Retrying...
2022-11-03T02:56:44.5364601Z A path returned 202. Retrying...
2022-11-03T02:56:44.5364878Z A path returned 202. Retrying...
2022-11-03T02:56:44.5365154Z A path returned 202. Retrying...
2022-11-03T02:56:44.5365433Z A path returned 202. Retrying...
2022-11-03T02:56:44.5365706Z A path returned 202. Retrying...
2022-11-03T02:56:44.5365983Z A path returned 202. Retrying...
2022-11-03T02:56:44.5366247Z A path returned 202. Retrying...
2022-11-03T02:56:44.5366523Z A path returned 202. Retrying...
2022-11-03T02:56:44.5366802Z A path returned 202. Retrying...
2022-11-03T02:56:44.5367078Z A path returned 202. Retrying...
2022-11-03T02:56:44.5367355Z A path returned 202. Retrying...
2022-11-03T02:56:44.5367629Z A path returned 202. Retrying...
2022-11-03T02:56:44.5367906Z A path returned 202. Retrying...
2022-11-03T02:56:44.5368183Z A path returned 202. Retrying...
2022-11-03T02:56:44.5368448Z A path returned 202. Retrying...
2022-11-03T02:56:44.5368727Z A path returned 202. Retrying...
2022-11-03T02:56:44.5369002Z A path returned 202. Retrying...
2022-11-03T02:56:44.5369280Z A path returned 202. Retrying...
2022-11-03T02:56:44.5369555Z A path returned 202. Retrying...
2022-11-03T02:56:44.5369830Z A path returned 202. Retrying...
2022-11-03T02:56:44.5370575Z A path returned 202. Retrying...
2022-11-03T02:56:44.5371357Z A path returned 202. Retrying...
2022-11-03T02:56:44.5371645Z A path returned 202. Retrying...
2022-11-03T02:56:44.5371920Z A path returned 202. Retrying...
2022-11-03T02:56:44.5372349Z A path returned 202. Retrying...
2022-11-03T02:56:44.5372668Z A path returned 202. Retrying...
2022-11-03T02:56:44.5372950Z A path returned 202. Retrying...
2022-11-03T02:56:44.5373224Z A path returned 202. Retrying...
2022-11-03T02:56:44.5373501Z A path returned 202. Retrying...
2022-11-03T02:56:44.5373800Z A path returned 202. Retrying...
2022-11-03T02:56:44.5374074Z A path returned 202. Retrying...
2022-11-03T02:56:44.5374357Z A path returned 202. Retrying...
2022-11-03T02:56:44.5374636Z A path returned 202. Retrying...
2022-11-03T02:56:44.5374914Z A path returned 202. Retrying...
2022-11-03T02:56:44.5375187Z A path returned 202. Retrying...
2022-11-03T02:56:44.5375464Z A path returned 202. Retrying...
2022-11-03T02:56:44.5375739Z A path returned 202. Retrying...
2022-11-03T02:56:44.5376004Z A path returned 202. Retrying...
2022-11-03T02:56:44.5376281Z A path returned 202. Retrying...
2022-11-03T02:56:44.5376558Z A path returned 202. Retrying...
2022-11-03T02:56:44.5376838Z A path returned 202. Retrying...
2022-11-03T02:56:44.5377116Z A path returned 202. Retrying...
2022-11-03T02:56:44.5377392Z A path returned 202. Retrying...
2022-11-03T02:56:44.5377671Z A path returned 202. Retrying...
2022-11-03T02:56:44.5377934Z A path returned 202. Retrying...
2022-11-03T02:56:44.5378210Z A path returned 202. Retrying...
2022-11-03T02:56:44.5378482Z A path returned 202. Retrying...
2022-11-03T02:56:44.5378762Z A path returned 202. Retrying...
2022-11-03T02:56:44.5379037Z A path returned 202. Retrying...
2022-11-03T02:56:44.5379313Z A path returned 202. Retrying...
2022-11-03T02:56:44.5379588Z A path returned 202. Retrying...
2022-11-03T02:56:44.5379865Z A path returned 202. Retrying...
2022-11-03T02:56:44.5380127Z A path returned 202. Retrying...
2022-11-03T02:56:44.5380400Z A path returned 202. Retrying...
2022-11-03T02:56:44.5380677Z A path returned 202. Retrying...
2022-11-03T02:56:44.5380952Z A path returned 202. Retrying...
2022-11-03T02:56:44.5381229Z A path returned 202. Retrying...
2022-11-03T02:56:44.5381510Z A path returned 202. Retrying...
2022-11-03T02:56:44.5381880Z A path returned 202. Retrying...
2022-11-03T02:56:44.5382156Z A path returned 202. Retrying...
2022-11-03T02:56:44.5382420Z A path returned 202. Retrying...
2022-11-03T02:56:44.5382698Z A path returned 202. Retrying...
2022-11-03T02:56:44.5382973Z A path returned 202. Retrying...
2022-11-03T02:56:44.5383252Z A path returned 202. Retrying...
2022-11-03T02:56:44.5383534Z A path returned 202. Retrying...
2022-11-03T02:56:44.5383812Z A path returned 202. Retrying...
2022-11-03T02:56:44.5384086Z A path returned 202. Retrying...
2022-11-03T02:56:44.5384352Z A path returned 202. Retrying...
2022-11-03T02:56:44.5384634Z A path returned 202. Retrying...
2022-11-03T02:56:44.5384910Z A path returned 202. Retrying...
2022-11-03T02:56:44.5385191Z A path returned 202. Retrying...
2022-11-03T02:56:44.5385471Z A path returned 202. Retrying...
2022-11-03T02:56:44.5385748Z A path returned 202. Retrying...
2022-11-03T02:56:44.5386031Z A path returned 202. Retrying...
2022-11-03T02:56:44.5386314Z A path returned 202. Retrying...
2022-11-03T02:56:44.5386577Z A path returned 202. Retrying...
2022-11-03T02:56:44.5386850Z A path returned 202. Retrying...
2022-11-03T02:56:44.5387130Z A path returned 202. Retrying...
2022-11-03T02:56:44.5387404Z A path returned 202. Retrying...
2022-11-03T02:56:44.5387682Z A path returned 202. Retrying...
2022-11-03T02:56:44.5387959Z A path returned 202. Retrying...
2022-11-03T02:56:44.5388238Z A path returned 202. Retrying...
2022-11-03T02:56:44.5388512Z A path returned 202. Retrying...
2022-11-03T02:56:44.5388775Z A path returned 202. Retrying...
2022-11-03T02:56:44.5389051Z A path returned 202. Retrying...
2022-11-03T02:56:44.5389419Z A path returned 202. Retrying...
2022-11-03T02:56:44.5389664Z A path returned 202. Retrying...
2022-11-03T02:56:44.5389906Z A path returned 202. Retrying...
2022-11-03T02:56:44.5390148Z A path returned 202. Retrying...
2022-11-03T02:56:44.5390389Z A path returned 202. Retrying...
2022-11-03T02:56:44.5390679Z A path returned 202. Retrying...
2022-11-03T02:56:44.5390929Z A path returned 202. Retrying...
2022-11-03T02:56:44.5391171Z A path returned 202. Retrying...
2022-11-03T02:56:44.5391420Z A path returned 202. Retrying...
2022-11-03T02:56:44.5391664Z A path returned 202. Retrying...
2022-11-03T02:56:44.5391906Z A path returned 202. Retrying...
2022-11-03T02:56:44.5392147Z A path returned 202. Retrying...
2022-11-03T02:56:44.5392390Z A path returned 202. Retrying...
2022-11-03T02:56:44.5392622Z A path returned 202. Retrying...
2022-11-03T02:56:44.5392865Z A path returned 202. Retrying...
2022-11-03T02:56:44.5393109Z A path returned 202. Retrying...
2022-11-03T02:56:44.5393353Z A path returned 202. Retrying...
2022-11-03T02:56:44.5393595Z A path returned 202. Retrying...
2022-11-03T02:56:44.5393838Z A path returned 202. Retrying...
2022-11-03T03:05:42.7109907Z A path returned 202. Retrying...
2022-11-03T03:05:42.7110370Z A path returned 202. Retrying...
2022-11-03T03:05:42.7110676Z A path returned 202. Retrying...
2022-11-03T03:05:42.7110968Z A path returned 202. Retrying...
2022-11-03T03:05:42.7111320Z A path returned 202. Retrying...
2022-11-03T03:05:42.7111604Z A path returned 202. Retrying...
2022-11-03T03:05:42.7111883Z A path returned 202. Retrying...
2022-11-03T03:05:42.7112162Z A path returned 202. Retrying...
2022-11-03T03:05:42.7112428Z A path returned 202. Retrying...
2022-11-03T03:05:42.7112704Z A path returned 202. Retrying...
2022-11-03T03:05:42.7112984Z A path returned 202. Retrying...
2022-11-03T03:05:42.7113267Z A path returned 202. Retrying...
2022-11-03T03:05:42.7113544Z A path returned 202. Retrying...
2022-11-03T03:05:42.7113823Z A path returned 202. Retrying...
2022-11-03T03:05:42.7114101Z A path returned 202. Retrying...
2022-11-03T03:05:42.7114377Z A path returned 202. Retrying...
2022-11-03T03:05:42.7114641Z A path returned 202. Retrying...
2022-11-03T03:05:42.7114913Z A path returned 202. Retrying...
2022-11-03T03:05:42.7115191Z A path returned 202. Retrying...
2022-11-03T03:05:42.7115490Z A path returned 202. Retrying...
2022-11-03T03:05:42.7116157Z A path returned 202. Retrying...
2022-11-03T03:05:42.7116434Z A path returned 202. Retrying...
2022-11-03T03:05:42.7116791Z A path returned 202. Retrying...
2022-11-03T03:05:42.7117054Z A path returned 202. Retrying...
2022-11-03T03:05:42.7117335Z A path returned 202. Retrying...
2022-11-03T03:05:42.7117611Z A path returned 202. Retrying...
2022-11-03T03:05:42.7117885Z A path returned 202. Retrying...
2022-11-03T03:05:42.7118167Z A path returned 202. Retrying...
2022-11-03T03:05:42.7118445Z A path returned 202. Retrying...
2022-11-03T03:05:42.7118892Z A path returned 202. Retrying...
2022-11-03T03:05:42.7119174Z A path returned 202. Retrying...
2022-11-03T03:05:42.7119437Z A path returned 202. Retrying...
2022-11-03T03:05:42.7119714Z A path returned 202. Retrying...
2022-11-03T03:05:42.7119991Z A path returned 202. Retrying...
2022-11-03T03:05:42.7120268Z A path returned 202. Retrying...
2022-11-03T03:05:42.7120553Z A path returned 202. Retrying...
2022-11-03T03:05:42.7120834Z A path returned 202. Retrying...
2022-11-03T03:05:42.7121110Z A path returned 202. Retrying...
2022-11-03T03:05:42.7121387Z A path returned 202. Retrying...
2022-11-03T03:05:42.7121651Z A path returned 202. Retrying...
2022-11-03T03:05:42.7121927Z A path returned 202. Retrying...
2022-11-03T03:05:42.7122208Z A path returned 202. Retrying...
2022-11-03T03:05:42.7122489Z A path returned 202. Retrying...
2022-11-03T03:05:42.7122766Z A path returned 202. Retrying...
2022-11-03T03:05:42.7123040Z A path returned 202. Retrying...
2022-11-03T03:05:42.7123317Z A path returned 202. Retrying...
2022-11-03T03:05:42.7123581Z A path returned 202. Retrying...
2022-11-03T03:05:42.7123980Z A path returned 202. Retrying...
2022-11-03T03:05:42.7124256Z A path returned 202. Retrying...
2022-11-03T03:05:42.7124535Z A path returned 202. Retrying...
2022-11-03T03:05:42.7124812Z A path returned 202. Retrying...
2022-11-03T03:05:42.7125089Z A path returned 202. Retrying...
2022-11-03T03:05:42.7125516Z A path returned 202. Retrying...
2022-11-03T03:05:42.7125823Z A path returned 202. Retrying...
2022-11-03T03:05:42.7126086Z A path returned 202. Retrying...
2022-11-03T03:05:42.7126364Z A path returned 202. Retrying...
2022-11-03T03:05:42.7126641Z A path returned 202. Retrying...
2022-11-03T03:05:42.7126918Z A path returned 202. Retrying...
2022-11-03T03:05:42.7127196Z A path returned 202. Retrying...
2022-11-03T03:05:42.7127475Z A path returned 202. Retrying...
2022-11-03T03:05:42.7127750Z A path returned 202. Retrying...
2022-11-03T03:05:42.7128109Z A path returned 202. Retrying...
2022-11-03T03:05:42.7128371Z A path returned 202. Retrying...
2022-11-03T03:05:42.7128646Z A path returned 202. Retrying...
2022-11-03T03:05:42.7128922Z A path returned 202. Retrying...
2022-11-03T03:05:42.7129203Z A path returned 202. Retrying...
2022-11-03T03:05:42.7129482Z A path returned 202. Retrying...
2022-11-03T03:05:42.7129756Z A path returned 202. Retrying...
2022-11-03T03:05:42.7130036Z A path returned 202. Retrying...
2022-11-03T03:05:42.7130302Z A path returned 202. Retrying...
2022-11-03T03:05:42.7130583Z A path returned 202. Retrying...
2022-11-03T03:05:42.7130862Z A path returned 202. Retrying...
2022-11-03T03:05:42.7131141Z A path returned 202. Retrying...
2022-11-03T03:05:42.7131417Z A path returned 202. Retrying...
2022-11-03T03:05:42.7131694Z A path returned 202. Retrying...
2022-11-03T03:05:42.7131971Z A path returned 202. Retrying...
2022-11-03T03:05:42.7132246Z A path returned 202. Retrying...
2022-11-03T03:05:42.7132517Z A path returned 202. Retrying...
2022-11-03T03:05:42.7132794Z A path returned 202. Retrying...
2022-11-03T03:05:42.7133070Z A path returned 202. Retrying...
2022-11-03T03:05:42.7133347Z A path returned 202. Retrying...
2022-11-03T03:05:42.7133625Z A path returned 202. Retrying...
2022-11-03T03:05:42.7133904Z A path returned 202. Retrying...
2022-11-03T03:05:42.7134179Z A path returned 202. Retrying...
2022-11-03T03:05:42.7134457Z A path returned 202. Retrying...
2022-11-03T03:05:42.7134726Z A path returned 202. Retrying...
2022-11-03T03:05:42.7135094Z A path returned 202. Retrying...
2022-11-03T03:05:42.7135384Z A path returned 202. Retrying...
2022-11-03T03:05:42.7135663Z A path returned 202. Retrying...
2022-11-03T03:05:42.7135944Z A path returned 202. Retrying...
2022-11-03T03:05:42.7136223Z A path returned 202. Retrying...
2022-11-03T03:05:42.7136553Z A path returned 202. Retrying...
2022-11-03T03:05:42.7136833Z A path returned 202. Retrying...
2022-11-03T03:05:42.7137101Z A path returned 202. Retrying...
2022-11-03T03:05:42.7137383Z A path returned 202. Retrying...
2022-11-03T03:05:42.7137663Z A path returned 202. Retrying...
2022-11-03T03:05:42.7137942Z A path returned 202. Retrying...
2022-11-03T03:05:42.7138222Z A path returned 202. Retrying...
2022-11-03T03:05:42.7138497Z A path returned 202. Retrying...
2022-11-03T03:05:42.7138811Z A path returned 202. Retrying...
2022-11-03T03:05:42.7139076Z A path returned 202. Retrying...
2022-11-03T03:05:42.7139357Z A path returned 202. Retrying...
2022-11-03T03:05:42.7139716Z A path returned 202. Retrying...
2022-11-03T03:05:42.7139996Z A path returned 202. Retrying...
2022-11-03T03:05:42.7140277Z A path returned 202. Retrying...
2022-11-03T03:05:42.7140557Z A path returned 202. Retrying...
2022-11-03T03:05:42.7140834Z A path returned 202. Retrying...
2022-11-03T03:05:42.7141113Z A path returned 202. Retrying...
2022-11-03T03:05:42.7141377Z A path returned 202. Retrying...
2022-11-03T03:05:42.7141655Z A path returned 202. Retrying...
2022-11-03T03:05:42.7141931Z A path returned 202. Retrying...
2022-11-03T03:05:42.7142211Z A path returned 202. Retrying...
2022-11-03T03:05:42.7142489Z A path returned 202. Retrying...
2022-11-03T03:05:42.7142767Z A path returned 202. Retrying...
2022-11-03T03:05:42.7143048Z A path returned 202. Retrying...
2022-11-03T03:05:42.7143325Z A path returned 202. Retrying...
2022-11-03T03:05:42.7143588Z A path returned 202. Retrying...
2022-11-03T03:05:42.7143869Z A path returned 202. Retrying...
2022-11-03T03:05:42.7144217Z A path returned 202. Retrying...
2022-11-03T03:05:42.7144509Z A path returned 202. Retrying...
2022-11-03T03:05:42.7144787Z A path returned 202. Retrying...
2022-11-03T03:05:42.7145068Z A path returned 202. Retrying...
2022-11-03T03:05:42.7145345Z A path returned 202. Retrying...
2022-11-03T03:05:42.7145614Z A path returned 202. Retrying...
2022-11-03T03:05:42.7145893Z A path returned 202. Retrying...
2022-11-03T03:05:42.7146171Z A path returned 202. Retrying...
2022-11-03T03:05:42.7146452Z A path returned 202. Retrying...
2022-11-03T03:05:42.7146729Z A path returned 202. Retrying...
2022-11-03T03:05:42.7147033Z A path returned 202. Retrying...
2022-11-03T03:05:42.7147309Z A path returned 202. Retrying...
2022-11-03T03:05:42.7147587Z A path returned 202. Retrying...
2022-11-03T03:05:42.7147849Z A path returned 202. Retrying...
2022-11-03T03:05:42.7148127Z A path returned 202. Retrying...
2022-11-03T03:05:42.7148407Z A path returned 202. Retrying...
2022-11-03T03:05:42.7148689Z A path returned 202. Retrying...
2022-11-03T03:05:42.7148970Z A path returned 202. Retrying...
2022-11-03T03:05:42.7163710Z A path returned 202. Retrying...
2022-11-03T03:05:42.7164040Z A path returned 202. Retrying...
2022-11-03T03:05:42.7164337Z A path returned 202. Retrying...
2022-11-03T03:05:42.7164630Z A path returned 202. Retrying...
2022-11-03T03:05:42.7164917Z A path returned 202. Retrying...
2022-11-03T03:05:42.7165202Z A path returned 202. Retrying...
2022-11-03T03:05:42.7165472Z A path returned 202. Retrying...
2022-11-03T03:05:42.7165752Z A path returned 202. Retrying...
2022-11-03T03:05:42.7166034Z A path returned 202. Retrying...
2022-11-03T03:05:42.7166314Z A path returned 202. Retrying...
2022-11-03T03:05:42.7166592Z A path returned 202. Retrying...
2022-11-03T03:05:42.7166870Z A path returned 202. Retrying...
2022-11-03T03:05:42.7167149Z A path returned 202. Retrying...
2022-11-03T03:05:42.7167435Z A path returned 202. Retrying...
2022-11-03T03:05:42.7167703Z A path returned 202. Retrying...
2022-11-03T03:05:42.7168016Z A path returned 202. Retrying...
2022-11-03T03:05:42.7168501Z A path returned 202. Retrying...
2022-11-03T03:05:42.7168783Z A path returned 202. Retrying...
2022-11-03T03:05:42.7169066Z A path returned 202. Retrying...
2022-11-03T03:05:42.7169345Z A path returned 202. Retrying...
2022-11-03T03:05:42.7169628Z A path returned 202. Retrying...
2022-11-03T03:05:42.7169899Z A path returned 202. Retrying...
2022-11-03T03:05:42.7170188Z A path returned 202. Retrying...
2022-11-03T03:05:42.7170468Z A path returned 202. Retrying...
2022-11-03T03:05:42.7170748Z A path returned 202. Retrying...
2022-11-03T03:05:42.7171029Z A path returned 202. Retrying...
2022-11-03T03:05:42.7171308Z A path returned 202. Retrying...
2022-11-03T03:05:42.7171586Z A path returned 202. Retrying...
2022-11-03T03:05:42.7171865Z A path returned 202. Retrying...
2022-11-03T03:05:42.7172134Z A path returned 202. Retrying...
2022-11-03T03:05:42.7172411Z A path returned 202. Retrying...
2022-11-03T03:05:42.7172690Z A path returned 202. Retrying...
2022-11-03T03:05:42.7172976Z A path returned 202. Retrying...
2022-11-03T03:05:42.7173254Z A path returned 202. Retrying...
2022-11-03T03:05:42.7173533Z A path returned 202. Retrying...
2022-11-03T03:05:42.7173812Z A path returned 202. Retrying...
2022-11-03T03:05:42.7174091Z A path returned 202. Retrying...
2022-11-03T03:05:42.7174365Z A path returned 202. Retrying...
2022-11-03T03:05:42.7174642Z A path returned 202. Retrying...
2022-11-03T03:05:42.7174920Z A path returned 202. Retrying...
2022-11-03T03:05:42.7175198Z A path returned 202. Retrying...
2022-11-03T03:05:42.7175476Z A path returned 202. Retrying...
2022-11-03T03:05:42.7175751Z A path returned 202. Retrying...
2022-11-03T03:05:42.7176072Z A path returned 202. Retrying...
2022-11-03T03:05:42.7176336Z A path returned 202. Retrying...
2022-11-03T03:05:42.7176608Z A path returned 202. Retrying...
2022-11-03T03:05:42.7176878Z A path returned 202. Retrying...
2022-11-03T03:05:42.7177147Z A path returned 202. Retrying...
2022-11-03T03:05:42.7177512Z A path returned 202. Retrying...
2022-11-03T03:05:42.7177791Z A path returned 202. Retrying...
2022-11-03T03:05:42.7178066Z A path returned 202. Retrying...
2022-11-03T03:05:42.7178340Z A path returned 202. Retrying...
2022-11-03T03:05:42.7178604Z A path returned 202. Retrying...
2022-11-03T03:05:42.7178881Z A path returned 202. Retrying...
2022-11-03T03:05:42.7179154Z A path returned 202. Retrying...
2022-11-03T03:05:42.7179428Z A path returned 202. Retrying...
2022-11-03T03:05:42.7179709Z A path returned 202. Retrying...
2022-11-03T03:05:42.7179988Z A path returned 202. Retrying...
2022-11-03T03:05:42.7180267Z A path returned 202. Retrying...
2022-11-03T03:05:42.7180547Z A path returned 202. Retrying...
2022-11-03T03:05:42.7180811Z A path returned 202. Retrying...
2022-11-03T03:05:42.7181088Z A path returned 202. Retrying...
2022-11-03T03:05:42.7181371Z A path returned 202. Retrying...
2022-11-03T03:05:42.7181646Z A path returned 202. Retrying...
2022-11-03T03:05:42.7181924Z A path returned 202. Retrying...
2022-11-03T03:05:42.7182209Z A path returned 202. Retrying...
2022-11-03T03:05:42.7182488Z A path returned 202. Retrying...
2022-11-03T03:05:42.7182844Z A path returned 202. Retrying...
2022-11-03T03:05:42.7183089Z A path returned 202. Retrying...
2022-11-03T03:05:42.7183331Z A path returned 202. Retrying...
2022-11-03T03:05:42.7183577Z A path returned 202. Retrying...
2022-11-03T03:05:42.7183877Z A path returned 202. Retrying...
2022-11-03T03:05:42.7184120Z A path returned 202. Retrying...
2022-11-03T03:05:42.7184363Z A path returned 202. Retrying...
2022-11-03T03:05:42.7184607Z A path returned 202. Retrying...
2022-11-03T03:05:42.7184840Z A path returned 202. Retrying...
2022-11-03T03:05:42.7185081Z A path returned 202. Retrying...
2022-11-03T03:05:42.7185325Z A path returned 202. Retrying...
2022-11-03T03:05:42.7185568Z A path returned 202. Retrying...
2022-11-03T03:05:42.7185813Z A path returned 202. Retrying...
2022-11-03T03:05:42.7186056Z A path returned 202. Retrying...
2022-11-03T03:05:42.7186302Z A path returned 202. Retrying...
2022-11-03T03:05:42.7186613Z A path returned 202. Retrying...
2022-11-03T03:05:42.7186845Z A path returned 202. Retrying...
2022-11-03T03:05:42.7187087Z A path returned 202. Retrying...
2022-11-03T03:05:42.7187330Z A path returned 202. Retrying...
2022-11-03T03:05:42.7187618Z A path returned 202. Retrying...
2022-11-03T03:05:42.7187864Z A path returned 202. Retrying...
2022-11-03T03:05:42.7188108Z A path returned 202. Retrying...
2022-11-03T03:05:42.7188368Z A path returned 202. Retrying...
2022-11-03T03:05:42.7188602Z A path returned 202. Retrying...
2022-11-03T03:05:42.7188846Z A path returned 202. Retrying...
2022-11-03T03:05:42.7189084Z A path returned 202. Retrying...
2022-11-03T03:05:42.7189324Z A path returned 202. Retrying...
2022-11-03T03:05:42.7189569Z A path returned 202. Retrying...
2022-11-03T03:05:42.7189814Z A path returned 202. Retrying...
2022-11-03T03:05:42.7190057Z A path returned 202. Retrying...
2022-11-03T03:05:42.7190306Z A path returned 202. Retrying...
2022-11-03T03:05:42.7190570Z A path returned 202. Retrying...
2022-11-03T03:05:42.7190815Z A path returned 202. Retrying...
2022-11-03T03:05:42.7191057Z A path returned 202. Retrying...
2022-11-03T03:05:42.7191300Z A path returned 202. Retrying...
2022-11-03T03:05:42.7191544Z A path returned 202. Retrying...
2022-11-03T03:05:42.7191788Z A path returned 202. Retrying...
2022-11-03T03:05:42.7192032Z A path returned 202. Retrying...
2022-11-03T03:05:42.7192279Z A path returned 202. Retrying...
2022-11-03T03:05:42.7192507Z A path returned 202. Retrying...
2022-11-03T03:05:42.7192775Z A path returned 202. Retrying...
2022-11-03T03:05:42.7193019Z A path returned 202. Retrying...
2022-11-03T03:05:42.7193261Z A path returned 202. Retrying...
2022-11-03T03:05:42.7193507Z A path returned 202. Retrying...
2022-11-03T03:05:42.7193750Z A path returned 202. Retrying...
2022-11-03T03:14:42.6821659Z A path returned 202. Retrying...
2022-11-03T03:14:42.6822084Z A path returned 202. Retrying...
2022-11-03T03:14:42.6822727Z A path returned 202. Retrying...
2022-11-03T03:14:42.6823009Z A path returned 202. Retrying...
2022-11-03T03:14:42.6823263Z A path returned 202. Retrying...
2022-11-03T03:14:42.6823517Z A path returned 202. Retrying...
2022-11-03T03:14:42.6823771Z A path returned 202. Retrying...
2022-11-03T03:14:42.6824021Z A path returned 202. Retrying...
2022-11-03T03:14:42.6824268Z A path returned 202. Retrying...
2022-11-03T03:14:42.6824517Z A path returned 202. Retrying...
2022-11-03T03:14:42.6824750Z A path returned 202. Retrying...
2022-11-03T03:14:42.6824998Z A path returned 202. Retrying...
2022-11-03T03:14:42.6825244Z A path returned 202. Retrying...
2022-11-03T03:14:42.6825491Z A path returned 202. Retrying...
2022-11-03T03:14:42.6825739Z A path returned 202. Retrying...
2022-11-03T03:14:42.6825986Z A path returned 202. Retrying...
2022-11-03T03:14:42.6826400Z A path returned 202. Retrying...
2022-11-03T03:14:42.6826646Z A path returned 202. Retrying...
2022-11-03T03:14:42.6826877Z A path returned 202. Retrying...
2022-11-03T03:14:42.6827136Z A path returned 202. Retrying...
2022-11-03T03:14:42.6827379Z A path returned 202. Retrying...
2022-11-03T03:14:42.6827623Z A path returned 202. Retrying...
2022-11-03T03:14:42.6827865Z A path returned 202. Retrying...
2022-11-03T03:14:42.6828111Z A path returned 202. Retrying...
2022-11-03T03:14:42.6828356Z A path returned 202. Retrying...
2022-11-03T03:14:42.6828587Z A path returned 202. Retrying...
2022-11-03T03:14:42.6828834Z A path returned 202. Retrying...
2022-11-03T03:14:42.6829079Z A path returned 202. Retrying...
2022-11-03T03:14:42.6829324Z A path returned 202. Retrying...
2022-11-03T03:14:42.6829571Z A path returned 202. Retrying...
2022-11-03T03:14:42.6829817Z A path returned 202. Retrying...
2022-11-03T03:14:42.6830059Z A path returned 202. Retrying...
2022-11-03T03:14:42.6830303Z A path returned 202. Retrying...
2022-11-03T03:14:42.6830534Z A path returned 202. Retrying...
2022-11-03T03:14:42.6830779Z A path returned 202. Retrying...
2022-11-03T03:14:42.6831024Z A path returned 202. Retrying...
2022-11-03T03:14:42.6831385Z A path returned 202. Retrying...
2022-11-03T03:14:42.6831637Z A path returned 202. Retrying...
2022-11-03T03:14:42.6831886Z A path returned 202. Retrying...
2022-11-03T03:14:42.6832134Z A path returned 202. Retrying...
2022-11-03T03:14:42.6832381Z A path returned 202. Retrying...
2022-11-03T03:14:42.6832616Z A path returned 202. Retrying...
2022-11-03T03:14:42.6833890Z A path returned 202. Retrying...
2022-11-03T03:14:42.6834215Z A path returned 202. Retrying...
2022-11-03T03:14:42.6834507Z A path returned 202. Retrying...
2022-11-03T03:14:42.6834797Z A path returned 202. Retrying...
2022-11-03T03:14:42.6835086Z A path returned 202. Retrying...
2022-11-03T03:14:42.6835370Z A path returned 202. Retrying...
2022-11-03T03:14:42.6835653Z A path returned 202. Retrying...
2022-11-03T03:14:42.6835930Z A path returned 202. Retrying...
2022-11-03T03:14:42.6836215Z A path returned 202. Retrying...
2022-11-03T03:14:42.6836502Z A path returned 202. Retrying...
2022-11-03T03:14:42.6836795Z A path returned 202. Retrying...
2022-11-03T03:14:42.6837089Z A path returned 202. Retrying...
2022-11-03T03:14:42.6837372Z A path returned 202. Retrying...
2022-11-03T03:14:42.6837658Z A path returned 202. Retrying...
2022-11-03T03:14:42.6837926Z A path returned 202. Retrying...
2022-11-03T03:14:42.6838219Z A path returned 202. Retrying...
2022-11-03T03:14:42.6838502Z A path returned 202. Retrying...
2022-11-03T03:14:42.6839084Z A path returned 202. Retrying...
2022-11-03T03:14:42.6839371Z A path returned 202. Retrying...
2022-11-03T03:14:42.6839655Z A path returned 202. Retrying...
2022-11-03T03:14:42.6839958Z A path returned 202. Retrying...
2022-11-03T03:14:42.6840242Z A path returned 202. Retrying...
2022-11-03T03:14:42.6840516Z A path returned 202. Retrying...
2022-11-03T03:14:42.6840795Z A path returned 202. Retrying...
2022-11-03T03:14:42.6841075Z A path returned 202. Retrying...
2022-11-03T03:14:42.6841352Z A path returned 202. Retrying...
2022-11-03T03:14:42.6841910Z A path returned 202. Retrying...
2022-11-03T03:14:42.6842215Z A path returned 202. Retrying...
2022-11-03T03:14:42.6842501Z A path returned 202. Retrying...
2022-11-03T03:14:42.6842872Z A path returned 202. Retrying...
2022-11-03T03:14:42.6843104Z A path returned 202. Retrying...
2022-11-03T03:14:42.6843349Z A path returned 202. Retrying...
2022-11-03T03:14:42.6843594Z A path returned 202. Retrying...
2022-11-03T03:14:42.6843839Z A path returned 202. Retrying...
2022-11-03T03:14:42.6844084Z A path returned 202. Retrying...
2022-11-03T03:14:42.6844328Z A path returned 202. Retrying...
2022-11-03T03:14:42.6844575Z A path returned 202. Retrying...
2022-11-03T03:14:42.6844805Z A path returned 202. Retrying...
2022-11-03T03:14:42.6845049Z A path returned 202. Retrying...
2022-11-03T03:14:42.6845293Z A path returned 202. Retrying...
2022-11-03T03:14:42.6845538Z A path returned 202. Retrying...
2022-11-03T03:14:42.6845782Z A path returned 202. Retrying...
2022-11-03T03:14:42.6846026Z A path returned 202. Retrying...
2022-11-03T03:14:42.6846274Z A path returned 202. Retrying...
2022-11-03T03:14:42.6846520Z A path returned 202. Retrying...
2022-11-03T03:14:42.6846750Z A path returned 202. Retrying...
2022-11-03T03:14:42.6846993Z A path returned 202. Retrying...
2022-11-03T03:14:42.6847236Z A path returned 202. Retrying...
2022-11-03T03:14:42.6847481Z A path returned 202. Retrying...
2022-11-03T03:14:42.6847727Z A path returned 202. Retrying...
2022-11-03T03:14:42.6847973Z A path returned 202. Retrying...
2022-11-03T03:14:42.6848217Z A path returned 202. Retrying...
2022-11-03T03:14:42.6848475Z A path returned 202. Retrying...
2022-11-03T03:14:42.6848705Z A path returned 202. Retrying...
2022-11-03T03:14:42.6848951Z A path returned 202. Retrying...
2022-11-03T03:14:42.6849195Z A path returned 202. Retrying...
2022-11-03T03:14:42.6849439Z A path returned 202. Retrying...
2022-11-03T03:14:42.6849683Z A path returned 202. Retrying...
2022-11-03T03:14:42.6849925Z A path returned 202. Retrying...
2022-11-03T03:14:42.6850171Z A path returned 202. Retrying...
2022-11-03T03:14:42.6850502Z A path returned 202. Retrying...
2022-11-03T03:14:42.6850749Z A path returned 202. Retrying...
2022-11-03T03:14:42.6850996Z A path returned 202. Retrying...
2022-11-03T03:14:42.6851245Z A path returned 202. Retrying...
2022-11-03T03:14:42.6851521Z A path returned 202. Retrying...
2022-11-03T03:14:42.6851768Z A path returned 202. Retrying...
2022-11-03T03:14:42.6852013Z A path returned 202. Retrying...
2022-11-03T03:14:42.6852258Z A path returned 202. Retrying...
2022-11-03T03:14:42.6852494Z A path returned 202. Retrying...
2022-11-03T03:14:42.6852735Z A path returned 202. Retrying...
2022-11-03T03:14:42.6852978Z A path returned 202. Retrying...
2022-11-03T03:14:42.6853225Z A path returned 202. Retrying...
2022-11-03T03:14:42.6853467Z A path returned 202. Retrying...
2022-11-03T03:14:42.6853712Z A path returned 202. Retrying...
2022-11-03T03:14:42.6853953Z A path returned 202. Retrying...
2022-11-03T03:14:42.6854199Z A path returned 202. Retrying...
2022-11-03T03:14:42.6854432Z A path returned 202. Retrying...
2022-11-03T03:14:42.6854677Z A path returned 202. Retrying...
2022-11-03T03:14:42.6854922Z A path returned 202. Retrying...
2022-11-03T03:14:42.6855167Z A path returned 202. Retrying...
2022-11-03T03:14:42.6855413Z A path returned 202. Retrying...
2022-11-03T03:14:42.6855656Z A path returned 202. Retrying...
2022-11-03T03:14:42.6855901Z A path returned 202. Retrying...
2022-11-03T03:14:42.6856291Z A path returned 202. Retrying...
2022-11-03T03:14:42.6856538Z A path returned 202. Retrying...
2022-11-03T03:14:42.6856782Z A path returned 202. Retrying...
2022-11-03T03:14:42.6857027Z A path returned 202. Retrying...
2022-11-03T03:14:42.6857274Z A path returned 202. Retrying...
2022-11-03T03:14:42.6857522Z A path returned 202. Retrying...
2022-11-03T03:14:42.6857766Z A path returned 202. Retrying...
2022-11-03T03:14:42.6858010Z A path returned 202. Retrying...
2022-11-03T03:14:42.6858242Z A path returned 202. Retrying...
2022-11-03T03:14:42.6858558Z A path returned 202. Retrying...
2022-11-03T03:14:42.6858811Z A path returned 202. Retrying...
2022-11-03T03:14:42.6859059Z A path returned 202. Retrying...
2022-11-03T03:14:42.6859308Z A path returned 202. Retrying...
2022-11-03T03:14:42.6859559Z A path returned 202. Retrying...
2022-11-03T03:14:42.6859808Z A path returned 202. Retrying...
2022-11-03T03:14:42.6860056Z A path returned 202. Retrying...
2022-11-03T03:14:42.6860291Z A path returned 202. Retrying...
2022-11-03T03:14:42.6860538Z A path returned 202. Retrying...
2022-11-03T03:14:42.6860785Z A path returned 202. Retrying...
2022-11-03T03:14:42.6861028Z A path returned 202. Retrying...
2022-11-03T03:14:42.6861272Z A path returned 202. Retrying...
2022-11-03T03:14:42.6861544Z A path returned 202. Retrying...
2022-11-03T03:14:42.6861790Z A path returned 202. Retrying...
2022-11-03T03:14:42.6862019Z A path returned 202. Retrying...
2022-11-03T03:14:42.6862265Z A path returned 202. Retrying...
2022-11-03T03:14:42.6862507Z A path returned 202. Retrying...
2022-11-03T03:14:42.6862754Z A path returned 202. Retrying...
2022-11-03T03:14:42.6863002Z A path returned 202. Retrying...
2022-11-03T03:14:42.6863245Z A path returned 202. Retrying...
2022-11-03T03:14:42.6863489Z A path returned 202. Retrying...
2022-11-03T03:14:42.6863733Z A path returned 202. Retrying...
2022-11-03T03:14:42.6863963Z A path returned 202. Retrying...
2022-11-03T03:14:42.6864207Z A path returned 202. Retrying...
2022-11-03T03:14:42.6864452Z A path returned 202. Retrying...
2022-11-03T03:14:42.6864695Z A path returned 202. Retrying...
2022-11-03T03:14:42.6865101Z A path returned 202. Retrying...
2022-11-03T03:14:42.6865345Z A path returned 202. Retrying...
2022-11-03T03:14:42.6865590Z A path returned 202. Retrying...
2022-11-03T03:14:42.6865834Z A path returned 202. Retrying...
2022-11-03T03:14:42.6866064Z A path returned 202. Retrying...
2022-11-03T03:14:42.6866307Z A path returned 202. Retrying...
2022-11-03T03:14:42.6866551Z A path returned 202. Retrying...
2022-11-03T03:14:42.6866798Z A path returned 202. Retrying...
2022-11-03T03:14:42.6867112Z A path returned 202. Retrying...
2022-11-03T03:14:42.6867356Z A path returned 202. Retrying...
2022-11-03T03:14:42.6867601Z A path returned 202. Retrying...
2022-11-03T03:14:42.6867831Z A path returned 202. Retrying...
2022-11-03T03:14:42.6868081Z A path returned 202. Retrying...
2022-11-03T03:14:42.6868328Z A path returned 202. Retrying...
2022-11-03T03:14:42.6868576Z A path returned 202. Retrying...
2022-11-03T03:14:42.6868826Z A path returned 202. Retrying...
2022-11-03T03:14:42.6869074Z A path returned 202. Retrying...
2022-11-03T03:14:42.6869323Z A path returned 202. Retrying...
2022-11-03T03:14:42.6869567Z A path returned 202. Retrying...
2022-11-03T03:14:42.6869796Z A path returned 202. Retrying...
2022-11-03T03:14:42.6870039Z A path returned 202. Retrying...
2022-11-03T03:14:42.6870281Z A path returned 202. Retrying...
2022-11-03T03:14:42.6870524Z A path returned 202. Retrying...
2022-11-03T03:14:42.6870767Z A path returned 202. Retrying...
2022-11-03T03:14:42.6871014Z A path returned 202. Retrying...
2022-11-03T03:14:42.6871261Z A path returned 202. Retrying...
2022-11-03T03:14:42.6871508Z A path returned 202. Retrying...
2022-11-03T03:14:42.6871736Z A path returned 202. Retrying...
2022-11-03T03:14:42.6871980Z A path returned 202. Retrying...
2022-11-03T03:14:42.6872224Z A path returned 202. Retrying...
2022-11-03T03:14:42.6872466Z A path returned 202. Retrying...
2022-11-03T03:14:42.6872709Z A path returned 202. Retrying...
2022-11-03T03:14:42.6872954Z A path returned 202. Retrying...
2022-11-03T03:14:42.6873199Z A path returned 202. Retrying...
2022-11-03T03:14:42.6873428Z A path returned 202. Retrying...
2022-11-03T03:14:42.6873672Z A path returned 202. Retrying...
2022-11-03T03:14:42.6873914Z A path returned 202. Retrying...
2022-11-03T03:14:42.6874160Z A path returned 202. Retrying...
2022-11-03T03:14:42.6874404Z A path returned 202. Retrying...
2022-11-03T03:14:42.6874646Z A path returned 202. Retrying...
2022-11-03T03:14:42.6874953Z A path returned 202. Retrying...
2022-11-03T03:14:42.6875206Z A path returned 202. Retrying...
2022-11-03T03:14:42.6875438Z A path returned 202. Retrying...
2022-11-03T03:14:42.6875681Z A path returned 202. Retrying...
2022-11-03T03:14:42.6875925Z A path returned 202. Retrying...
2022-11-03T03:14:42.6876168Z A path returned 202. Retrying...
2022-11-03T03:14:42.6876410Z A path returned 202. Retrying...
2022-11-03T03:14:42.6876655Z A path returned 202. Retrying...
2022-11-03T03:14:42.6876902Z A path returned 202. Retrying...
2022-11-03T03:14:42.6877149Z A path returned 202. Retrying...
2022-11-03T03:14:42.6877380Z A path returned 202. Retrying...
2022-11-03T03:14:42.6877622Z A path returned 202. Retrying...
2022-11-03T03:14:42.6877867Z A path returned 202. Retrying...
2022-11-03T03:14:42.6878113Z A path returned 202. Retrying...
2022-11-03T03:14:42.6878359Z A path returned 202. Retrying...
2022-11-03T03:14:42.6878601Z A path returned 202. Retrying...
2022-11-03T03:14:42.6878963Z A path returned 202. Retrying...
2022-11-03T03:14:42.6879196Z A path returned 202. Retrying...
2022-11-03T03:14:42.6879451Z A path returned 202. Retrying...
2022-11-03T03:14:42.6879696Z A path returned 202. Retrying...
2022-11-03T03:14:42.6879942Z A path returned 202. Retrying...
2022-11-03T03:14:42.6880193Z A path returned 202. Retrying...
2022-11-03T03:14:42.6880440Z A path returned 202. Retrying...
2022-11-03T03:14:42.6880686Z A path returned 202. Retrying...
2022-11-03T03:14:42.6880934Z A path returned 202. Retrying...
2022-11-03T03:14:42.6881166Z A path returned 202. Retrying...
2022-11-03T03:14:42.6881410Z A path returned 202. Retrying...
2022-11-03T03:14:42.6881653Z A path returned 202. Retrying...
2022-11-03T03:14:42.6881895Z A path returned 202. Retrying...
2022-11-03T03:14:42.6882139Z A path returned 202. Retrying...
2022-11-03T03:14:42.6882382Z A path returned 202. Retrying...
2022-11-03T03:14:42.6882787Z A path returned 202. Retrying...
2022-11-03T03:14:42.6883031Z A path returned 202. Retrying...
2022-11-03T03:14:42.6883286Z A path returned 202. Retrying...
2022-11-03T03:14:42.6883616Z A path returned 202. Retrying...
2022-11-03T03:14:42.6883860Z A path returned 202. Retrying...
2022-11-03T03:14:42.6884102Z A path returned 202. Retrying...
2022-11-03T03:14:42.6884352Z A path returned 202. Retrying...
2022-11-03T03:14:42.6884598Z A path returned 202. Retrying...
2022-11-03T03:14:42.6884847Z A path returned 202. Retrying...
2022-11-03T03:14:42.6885077Z A path returned 202. Retrying...
2022-11-03T03:14:42.6885322Z A path returned 202. Retrying...
2022-11-03T03:14:42.6885565Z A path returned 202. Retrying...
2022-11-03T03:14:42.6885810Z A path returned 202. Retrying...
2022-11-03T03:14:42.6886055Z A path returned 202. Retrying...
2022-11-03T03:14:42.6886297Z A path returned 202. Retrying...
2022-11-03T03:14:42.6886539Z A path returned 202. Retrying...
2022-11-03T03:14:42.6886784Z A path returned 202. Retrying...
2022-11-03T03:23:44.3122590Z A path returned 202. Retrying...
2022-11-03T03:23:44.3123281Z A path returned 202. Retrying...
2022-11-03T03:23:44.3123559Z A path returned 202. Retrying...
2022-11-03T03:23:44.3123923Z A path returned 202. Retrying...
2022-11-03T03:23:44.3124174Z A path returned 202. Retrying...
2022-11-03T03:23:44.3124432Z A path returned 202. Retrying...
2022-11-03T03:23:44.3124669Z A path returned 202. Retrying...
2022-11-03T03:23:44.3124921Z A path returned 202. Retrying...
2022-11-03T03:23:44.3125174Z A path returned 202. Retrying...
2022-11-03T03:23:44.3125422Z A path returned 202. Retrying...
2022-11-03T03:23:44.3125675Z A path returned 202. Retrying...
2022-11-03T03:23:44.3125925Z A path returned 202. Retrying...
2022-11-03T03:23:44.3126178Z A path returned 202. Retrying...
2022-11-03T03:23:44.3126427Z A path returned 202. Retrying...
2022-11-03T03:23:44.3126665Z A path returned 202. Retrying...
2022-11-03T03:23:44.3126914Z A path returned 202. Retrying...
2022-11-03T03:23:44.3127166Z A path returned 202. Retrying...
2022-11-03T03:23:44.3127416Z A path returned 202. Retrying...
2022-11-03T03:23:44.3127989Z A path returned 202. Retrying...
2022-11-03T03:23:44.3128247Z A path returned 202. Retrying...
2022-11-03T03:23:44.3128497Z A path returned 202. Retrying...
2022-11-03T03:23:44.3128735Z A path returned 202. Retrying...
2022-11-03T03:23:44.3128986Z A path returned 202. Retrying...
2022-11-03T03:23:44.3129233Z A path returned 202. Retrying...
2022-11-03T03:23:44.3129484Z A path returned 202. Retrying...
2022-11-03T03:23:44.3129734Z A path returned 202. Retrying...
2022-11-03T03:23:44.3129982Z A path returned 202. Retrying...
2022-11-03T03:23:44.3130233Z A path returned 202. Retrying...
2022-11-03T03:23:44.3130485Z A path returned 202. Retrying...
2022-11-03T03:23:44.3130720Z A path returned 202. Retrying...
2022-11-03T03:23:44.3130974Z A path returned 202. Retrying...
2022-11-03T03:23:44.3131224Z A path returned 202. Retrying...
2022-11-03T03:23:44.3131472Z A path returned 202. Retrying...
2022-11-03T03:23:44.3131722Z A path returned 202. Retrying...
2022-11-03T03:23:44.3131969Z A path returned 202. Retrying...
2022-11-03T03:23:44.3132225Z A path returned 202. Retrying...
2022-11-03T03:23:44.3132477Z A path returned 202. Retrying...
2022-11-03T03:23:44.3132714Z A path returned 202. Retrying...
2022-11-03T03:23:44.3132968Z A path returned 202. Retrying...
2022-11-03T03:23:44.3133217Z A path returned 202. Retrying...
2022-11-03T03:23:44.3133465Z A path returned 202. Retrying...
2022-11-03T03:23:44.3133712Z A path returned 202. Retrying...
2022-11-03T03:23:44.3133962Z A path returned 202. Retrying...
2022-11-03T03:23:44.3134210Z A path returned 202. Retrying...
2022-11-03T03:23:44.3134444Z A path returned 202. Retrying...
2022-11-03T03:23:44.3134694Z A path returned 202. Retrying...
2022-11-03T03:23:44.3134988Z A path returned 202. Retrying...
2022-11-03T03:23:44.3135236Z A path returned 202. Retrying...
2022-11-03T03:23:44.3135486Z A path returned 202. Retrying...
2022-11-03T03:23:44.3135734Z A path returned 202. Retrying...
2022-11-03T03:23:44.3135986Z A path returned 202. Retrying...
2022-11-03T03:23:44.3136241Z A path returned 202. Retrying...
2022-11-03T03:23:44.3136592Z A path returned 202. Retrying...
2022-11-03T03:23:44.3136837Z A path returned 202. Retrying...
2022-11-03T03:23:44.3137088Z A path returned 202. Retrying...
2022-11-03T03:23:44.3137336Z A path returned 202. Retrying...
2022-11-03T03:23:44.3137586Z A path returned 202. Retrying...
2022-11-03T03:23:44.3137835Z A path returned 202. Retrying...
2022-11-03T03:23:44.3138087Z A path returned 202. Retrying...
2022-11-03T03:23:44.3138335Z A path returned 202. Retrying...
2022-11-03T03:23:44.3138570Z A path returned 202. Retrying...
2022-11-03T03:23:44.3138826Z A path returned 202. Retrying...
2022-11-03T03:23:44.3139075Z A path returned 202. Retrying...
2022-11-03T03:23:44.3139324Z A path returned 202. Retrying...
2022-11-03T03:23:44.3139574Z A path returned 202. Retrying...
2022-11-03T03:23:44.3139822Z A path returned 202. Retrying...
2022-11-03T03:23:44.3140074Z A path returned 202. Retrying...
2022-11-03T03:23:44.3140350Z A path returned 202. Retrying...
2022-11-03T03:23:44.3140605Z A path returned 202. Retrying...
2022-11-03T03:23:44.3140857Z A path returned 202. Retrying...
2022-11-03T03:23:44.3141106Z A path returned 202. Retrying...
2022-11-03T03:23:44.3141357Z A path returned 202. Retrying...
2022-11-03T03:23:44.3141605Z A path returned 202. Retrying...
2022-11-03T03:23:44.3141855Z A path returned 202. Retrying...
2022-11-03T03:23:44.3142104Z A path returned 202. Retrying...
2022-11-03T03:23:44.3142335Z A path returned 202. Retrying...
2022-11-03T03:23:44.3142581Z A path returned 202. Retrying...
2022-11-03T03:23:44.3142830Z A path returned 202. Retrying...
2022-11-03T03:23:44.3143080Z A path returned 202. Retrying...
2022-11-03T03:23:44.3143328Z A path returned 202. Retrying...
2022-11-03T03:23:44.3143575Z A path returned 202. Retrying...
2022-11-03T03:23:44.3143825Z A path returned 202. Retrying...
2022-11-03T03:23:44.3144074Z A path returned 202. Retrying...
2022-11-03T03:23:44.3144308Z A path returned 202. Retrying...
2022-11-03T03:23:44.3144632Z A path returned 202. Retrying...
2022-11-03T03:23:44.3144885Z A path returned 202. Retrying...
2022-11-03T03:23:44.3145134Z A path returned 202. Retrying...
2022-11-03T03:23:44.3145417Z A path returned 202. Retrying...
2022-11-03T03:23:44.3145671Z A path returned 202. Retrying...
2022-11-03T03:23:44.3145920Z A path returned 202. Retrying...
2022-11-03T03:23:44.3146154Z A path returned 202. Retrying...
2022-11-03T03:23:44.3146404Z A path returned 202. Retrying...
2022-11-03T03:23:44.3146650Z A path returned 202. Retrying...
2022-11-03T03:23:44.3146899Z A path returned 202. Retrying...
2022-11-03T03:23:44.3147147Z A path returned 202. Retrying...
2022-11-03T03:23:44.3147397Z A path returned 202. Retrying...
2022-11-03T03:23:44.3147643Z A path returned 202. Retrying...
2022-11-03T03:23:44.3147890Z A path returned 202. Retrying...
2022-11-03T03:23:44.3148125Z A path returned 202. Retrying...
2022-11-03T03:23:44.3149197Z A path returned 202. Retrying...
2022-11-03T03:23:44.3149804Z A path returned 202. Retrying...
2022-11-03T03:23:44.3150126Z A path returned 202. Retrying...
2022-11-03T03:23:44.3150439Z A path returned 202. Retrying...
2022-11-03T03:23:44.3150732Z A path returned 202. Retrying...
2022-11-03T03:23:44.3151024Z A path returned 202. Retrying...
2022-11-03T03:23:44.3151317Z A path returned 202. Retrying...
2022-11-03T03:23:44.3151594Z A path returned 202. Retrying...
2022-11-03T03:23:44.3151880Z A path returned 202. Retrying...
2022-11-03T03:23:44.3152171Z A path returned 202. Retrying...
2022-11-03T03:23:44.3152457Z A path returned 202. Retrying...
2022-11-03T03:23:44.3152747Z A path returned 202. Retrying...
2022-11-03T03:23:44.3153035Z A path returned 202. Retrying...
2022-11-03T03:23:44.3153324Z A path returned 202. Retrying...
2022-11-03T03:23:44.3153598Z A path returned 202. Retrying...
2022-11-03T03:23:44.3153890Z A path returned 202. Retrying...
2022-11-03T03:23:44.3154174Z A path returned 202. Retrying...
2022-11-03T03:23:44.3154460Z A path returned 202. Retrying...
2022-11-03T03:23:44.3154750Z A path returned 202. Retrying...
2022-11-03T03:23:44.3155335Z A path returned 202. Retrying...
2022-11-03T03:23:44.3155619Z A path returned 202. Retrying...
2022-11-03T03:23:44.3155908Z A path returned 202. Retrying...
2022-11-03T03:23:44.3156179Z A path returned 202. Retrying...
2022-11-03T03:23:44.3156459Z A path returned 202. Retrying...
2022-11-03T03:23:44.3156744Z A path returned 202. Retrying...
2022-11-03T03:23:44.3157030Z A path returned 202. Retrying...
2022-11-03T03:23:44.3157315Z A path returned 202. Retrying...
2022-11-03T03:23:44.3157596Z A path returned 202. Retrying...
2022-11-03T03:23:44.3157879Z A path returned 202. Retrying...
2022-11-03T03:23:44.3158164Z A path returned 202. Retrying...
2022-11-03T03:23:44.3158433Z A path returned 202. Retrying...
2022-11-03T03:23:44.3158920Z A path returned 202. Retrying...
2022-11-03T03:23:44.3159215Z A path returned 202. Retrying...
2022-11-03T03:23:44.3159503Z A path returned 202. Retrying...
2022-11-03T03:23:44.3159787Z A path returned 202. Retrying...
2022-11-03T03:23:44.3160075Z A path returned 202. Retrying...
2022-11-03T03:23:44.3160376Z A path returned 202. Retrying...
2022-11-03T03:23:44.3160645Z A path returned 202. Retrying...
2022-11-03T03:23:44.3160931Z A path returned 202. Retrying...
2022-11-03T03:23:44.3161213Z A path returned 202. Retrying...
2022-11-03T03:23:44.3161499Z A path returned 202. Retrying...
2022-11-03T03:23:44.3161784Z A path returned 202. Retrying...
2022-11-03T03:23:44.3162067Z A path returned 202. Retrying...
2022-11-03T03:23:44.3162349Z A path returned 202. Retrying...
2022-11-03T03:23:44.3162636Z A path returned 202. Retrying...
2022-11-03T03:23:44.3162908Z A path returned 202. Retrying...
2022-11-03T03:23:44.3163188Z A path returned 202. Retrying...
2022-11-03T03:23:44.3163472Z A path returned 202. Retrying...
2022-11-03T03:23:44.3163755Z A path returned 202. Retrying...
2022-11-03T03:23:44.3164038Z A path returned 202. Retrying...
2022-11-03T03:23:44.3164323Z A path returned 202. Retrying...
2022-11-03T03:23:44.3164738Z A path returned 202. Retrying...
2022-11-03T03:23:44.3165032Z A path returned 202. Retrying...
2022-11-03T03:23:44.3165300Z A path returned 202. Retrying...
2022-11-03T03:23:44.3165582Z A path returned 202. Retrying...
2022-11-03T03:23:44.3165863Z A path returned 202. Retrying...
2022-11-03T03:23:44.3166151Z A path returned 202. Retrying...
2022-11-03T03:23:44.3166434Z A path returned 202. Retrying...
2022-11-03T03:23:44.3166721Z A path returned 202. Retrying...
2022-11-03T03:23:44.3167002Z A path returned 202. Retrying...
2022-11-03T03:23:44.3167267Z A path returned 202. Retrying...
2022-11-03T03:23:44.3167553Z A path returned 202. Retrying...
2022-11-03T03:23:44.3167835Z A path returned 202. Retrying...
2022-11-03T03:23:44.3168119Z A path returned 202. Retrying...
2022-11-03T03:23:44.3168402Z A path returned 202. Retrying...
2022-11-03T03:23:44.3168686Z A path returned 202. Retrying...
2022-11-03T03:23:44.3168971Z A path returned 202. Retrying...
2022-11-03T03:23:44.3169255Z A path returned 202. Retrying...
2022-11-03T03:23:44.3169525Z A path returned 202. Retrying...
2022-11-03T03:23:44.3169813Z A path returned 202. Retrying...
2022-11-03T03:23:44.3170094Z A path returned 202. Retrying...
2022-11-03T03:23:44.3170375Z A path returned 202. Retrying...
2022-11-03T03:23:44.3170660Z A path returned 202. Retrying...
2022-11-03T03:23:44.3170949Z A path returned 202. Retrying...
2022-11-03T03:23:44.3171230Z A path returned 202. Retrying...
2022-11-03T03:23:44.3171513Z A path returned 202. Retrying...
2022-11-03T03:23:44.3171781Z A path returned 202. Retrying...
2022-11-03T03:23:44.3172062Z A path returned 202. Retrying...
2022-11-03T03:23:44.3172343Z A path returned 202. Retrying...
2022-11-03T03:23:44.3172623Z A path returned 202. Retrying...
2022-11-03T03:23:44.3172905Z A path returned 202. Retrying...
2022-11-03T03:23:44.3173187Z A path returned 202. Retrying...
2022-11-03T03:23:44.3173473Z A path returned 202. Retrying...
2022-11-03T03:23:44.3173738Z A path returned 202. Retrying...
2022-11-03T03:23:44.3174024Z A path returned 202. Retrying...
2022-11-03T03:23:44.3174401Z A path returned 202. Retrying...
2022-11-03T03:23:44.3174686Z A path returned 202. Retrying...
2022-11-03T03:23:44.3174968Z A path returned 202. Retrying...
2022-11-03T03:23:44.3175250Z A path returned 202. Retrying...
2022-11-03T03:23:44.3175530Z A path returned 202. Retrying...
2022-11-03T03:23:44.3175814Z A path returned 202. Retrying...
2022-11-03T03:23:44.3176078Z A path returned 202. Retrying...
2022-11-03T03:23:44.3176363Z A path returned 202. Retrying...
2022-11-03T03:23:44.3176643Z A path returned 202. Retrying...
2022-11-03T03:23:44.3176932Z A path returned 202. Retrying...
2022-11-03T03:23:44.3177215Z A path returned 202. Retrying...
2022-11-03T03:23:44.3177496Z A path returned 202. Retrying...
2022-11-03T03:23:44.3177779Z A path returned 202. Retrying...
2022-11-03T03:23:44.3178061Z A path returned 202. Retrying...
2022-11-03T03:23:44.3178328Z A path returned 202. Retrying...
2022-11-03T03:23:44.3178610Z A path returned 202. Retrying...
2022-11-03T03:23:44.3178894Z A path returned 202. Retrying...
2022-11-03T03:23:44.3179219Z A path returned 202. Retrying...
2022-11-03T03:23:44.3179501Z A path returned 202. Retrying...
2022-11-03T03:23:44.3179786Z A path returned 202. Retrying...
2022-11-03T03:23:44.3180069Z A path returned 202. Retrying...
2022-11-03T03:23:44.3180354Z A path returned 202. Retrying...
2022-11-03T03:23:44.3180637Z A path returned 202. Retrying...
2022-11-03T03:23:44.3180902Z A path returned 202. Retrying...
2022-11-03T03:23:44.3181184Z A path returned 202. Retrying...
2022-11-03T03:23:44.3181473Z A path returned 202. Retrying...
2022-11-03T03:23:44.3181754Z A path returned 202. Retrying...
2022-11-03T03:23:44.3182035Z A path returned 202. Retrying...
2022-11-03T03:23:44.3182316Z A path returned 202. Retrying...
2022-11-03T03:23:44.3182598Z A path returned 202. Retrying...
2022-11-03T03:23:44.3182866Z A path returned 202. Retrying...
2022-11-03T03:23:44.3183151Z A path returned 202. Retrying...
2022-11-03T03:23:44.3183438Z A path returned 202. Retrying...
2022-11-03T03:23:44.3183793Z A path returned 202. Retrying...
2022-11-03T03:23:44.3184083Z A path returned 202. Retrying...
2022-11-03T03:23:44.3184364Z A path returned 202. Retrying...
2022-11-03T03:23:44.3184647Z A path returned 202. Retrying...
2022-11-03T03:23:44.3184929Z A path returned 202. Retrying...
2022-11-03T03:23:44.3185194Z A path returned 202. Retrying...
2022-11-03T03:23:44.3185481Z A path returned 202. Retrying...
2022-11-03T03:23:44.3185763Z A path returned 202. Retrying...
2022-11-03T03:23:44.3186047Z A path returned 202. Retrying...
2022-11-03T03:23:44.3186329Z A path returned 202. Retrying...
2022-11-03T03:23:44.3186612Z A path returned 202. Retrying...
2022-11-03T03:23:44.3186892Z A path returned 202. Retrying...
2022-11-03T03:23:44.3187178Z A path returned 202. Retrying...
2022-11-03T03:23:44.3187447Z A path returned 202. Retrying...
2022-11-03T03:23:44.3187727Z A path returned 202. Retrying...
2022-11-03T03:23:44.3188008Z A path returned 202. Retrying...
2022-11-03T03:23:44.3188293Z A path returned 202. Retrying...
2022-11-03T03:23:44.3188576Z A path returned 202. Retrying...
2022-11-03T03:23:44.3188857Z A path returned 202. Retrying...
2022-11-03T03:23:44.3189137Z A path returned 202. Retrying...
2022-11-03T03:23:44.3189404Z A path returned 202. Retrying...
2022-11-03T03:23:44.3189687Z A path returned 202. Retrying...
2022-11-03T03:23:44.3189968Z A path returned 202. Retrying...
2022-11-03T03:23:44.3190250Z A path returned 202. Retrying...
2022-11-03T03:23:44.3190534Z A path returned 202. Retrying...
2022-11-03T03:23:44.3190815Z A path returned 202. Retrying...
2022-11-03T03:23:44.3191096Z A path returned 202. Retrying...
2022-11-03T03:23:44.3191379Z A path returned 202. Retrying...
2022-11-03T03:23:44.3191644Z A path returned 202. Retrying...
2022-11-03T03:23:44.3191928Z A path returned 202. Retrying...
2022-11-03T03:23:44.3192210Z A path returned 202. Retrying...
2022-11-03T03:32:42.5266928Z A path returned 202. Retrying...
2022-11-03T03:32:42.5267294Z A path returned 202. Retrying...
2022-11-03T03:32:42.5267964Z A path returned 202. Retrying...
2022-11-03T03:32:42.5268255Z A path returned 202. Retrying...
2022-11-03T03:32:42.5268542Z A path returned 202. Retrying...
2022-11-03T03:32:42.5268815Z A path returned 202. Retrying...
2022-11-03T03:32:42.5269103Z A path returned 202. Retrying...
2022-11-03T03:32:42.5269384Z A path returned 202. Retrying...
2022-11-03T03:32:42.5269668Z A path returned 202. Retrying...
2022-11-03T03:32:42.5269953Z A path returned 202. Retrying...
2022-11-03T03:32:42.5270234Z A path returned 202. Retrying...
2022-11-03T03:32:42.5270519Z A path returned 202. Retrying...
2022-11-03T03:32:42.5270802Z A path returned 202. Retrying...
2022-11-03T03:32:42.5271071Z A path returned 202. Retrying...
2022-11-03T03:32:42.5271351Z A path returned 202. Retrying...
2022-11-03T03:32:42.5271636Z A path returned 202. Retrying...
2022-11-03T03:32:42.5271917Z A path returned 202. Retrying...
2022-11-03T03:32:42.5272199Z A path returned 202. Retrying...
2022-11-03T03:32:42.5272484Z A path returned 202. Retrying...
2022-11-03T03:32:42.5272768Z A path returned 202. Retrying...
2022-11-03T03:32:42.5273052Z A path returned 202. Retrying...
2022-11-03T03:32:42.5273319Z A path returned 202. Retrying...
2022-11-03T03:32:42.5273596Z A path returned 202. Retrying...
2022-11-03T03:32:42.5273877Z A path returned 202. Retrying...
2022-11-03T03:32:42.5274156Z A path returned 202. Retrying...
2022-11-03T03:32:42.5274437Z A path returned 202. Retrying...
2022-11-03T03:32:42.5274715Z A path returned 202. Retrying...
2022-11-03T03:32:42.5274997Z A path returned 202. Retrying...
2022-11-03T03:32:42.5275263Z A path returned 202. Retrying...
2022-11-03T03:32:42.5275546Z A path returned 202. Retrying...
2022-11-03T03:32:42.5275826Z A path returned 202. Retrying...
2022-11-03T03:32:42.5276105Z A path returned 202. Retrying...
2022-11-03T03:32:42.5276386Z A path returned 202. Retrying...
2022-11-03T03:32:42.5276665Z A path returned 202. Retrying...
2022-11-03T03:32:42.5276946Z A path returned 202. Retrying...
2022-11-03T03:32:42.5277363Z A path returned 202. Retrying...
2022-11-03T03:32:42.5277634Z A path returned 202. Retrying...
2022-11-03T03:32:42.5277918Z A path returned 202. Retrying...
2022-11-03T03:32:42.5278200Z A path returned 202. Retrying...
2022-11-03T03:32:42.5278484Z A path returned 202. Retrying...
2022-11-03T03:32:42.5278955Z A path returned 202. Retrying...
2022-11-03T03:32:42.5279240Z A path returned 202. Retrying...
2022-11-03T03:32:42.5279523Z A path returned 202. Retrying...
2022-11-03T03:32:42.5279806Z A path returned 202. Retrying...
2022-11-03T03:32:42.5280070Z A path returned 202. Retrying...
2022-11-03T03:32:42.5280348Z A path returned 202. Retrying...
2022-11-03T03:32:42.5280631Z A path returned 202. Retrying...
2022-11-03T03:32:42.5280912Z A path returned 202. Retrying...
2022-11-03T03:32:42.5281194Z A path returned 202. Retrying...
2022-11-03T03:32:42.5281470Z A path returned 202. Retrying...
2022-11-03T03:32:42.5281752Z A path returned 202. Retrying...
2022-11-03T03:32:42.5282020Z A path returned 202. Retrying...
2022-11-03T03:32:42.5282320Z A path returned 202. Retrying...
2022-11-03T03:32:42.5282600Z A path returned 202. Retrying...
2022-11-03T03:32:42.5283215Z A path returned 202. Retrying...
2022-11-03T03:32:42.5283942Z A path returned 202. Retrying...
2022-11-03T03:32:42.5284230Z A path returned 202. Retrying...
2022-11-03T03:32:42.5284512Z A path returned 202. Retrying...
2022-11-03T03:32:42.5284906Z A path returned 202. Retrying...
2022-11-03T03:32:42.5285206Z A path returned 202. Retrying...
2022-11-03T03:32:42.5285573Z A path returned 202. Retrying...
2022-11-03T03:32:42.5285921Z A path returned 202. Retrying...
2022-11-03T03:32:42.5286295Z A path returned 202. Retrying...
2022-11-03T03:32:42.5286659Z A path returned 202. Retrying...
2022-11-03T03:32:42.5287030Z A path returned 202. Retrying...
2022-11-03T03:32:42.5287396Z A path returned 202. Retrying...
2022-11-03T03:32:42.5287763Z A path returned 202. Retrying...
2022-11-03T03:32:42.5288204Z A path returned 202. Retrying...
2022-11-03T03:32:42.5288472Z A path returned 202. Retrying...
2022-11-03T03:32:42.5288823Z A path returned 202. Retrying...
2022-11-03T03:32:42.5289153Z A path returned 202. Retrying...
2022-11-03T03:32:42.5289510Z A path returned 202. Retrying...
2022-11-03T03:32:42.5289758Z A path returned 202. Retrying...
2022-11-03T03:32:42.5290008Z A path returned 202. Retrying...
2022-11-03T03:32:42.5290256Z A path returned 202. Retrying...
2022-11-03T03:32:42.5290588Z A path returned 202. Retrying...
2022-11-03T03:32:42.5290844Z A path returned 202. Retrying...
2022-11-03T03:32:42.5291167Z A path returned 202. Retrying...
2022-11-03T03:32:42.5291426Z A path returned 202. Retrying...
2022-11-03T03:32:42.5291677Z A path returned 202. Retrying...
2022-11-03T03:32:42.5291998Z A path returned 202. Retrying...
2022-11-03T03:32:42.5292259Z A path returned 202. Retrying...
2022-11-03T03:32:42.5292490Z A path returned 202. Retrying...
2022-11-03T03:32:42.5292815Z A path returned 202. Retrying...
2022-11-03T03:32:42.5293078Z A path returned 202. Retrying...
2022-11-03T03:32:42.5293326Z A path returned 202. Retrying...
2022-11-03T03:32:42.5293647Z A path returned 202. Retrying...
2022-11-03T03:32:42.5293910Z A path returned 202. Retrying...
2022-11-03T03:32:42.5294155Z A path returned 202. Retrying...
2022-11-03T03:32:42.5294479Z A path returned 202. Retrying...
2022-11-03T03:32:42.5294760Z A path returned 202. Retrying...
2022-11-03T03:32:42.5295008Z A path returned 202. Retrying...
2022-11-03T03:32:42.5295245Z A path returned 202. Retrying...
2022-11-03T03:32:42.5295489Z A path returned 202. Retrying...
2022-11-03T03:32:42.5295732Z A path returned 202. Retrying...
2022-11-03T03:32:42.5296063Z A path returned 202. Retrying...
2022-11-03T03:32:42.5296326Z A path returned 202. Retrying...
2022-11-03T03:32:42.5296650Z A path returned 202. Retrying...
2022-11-03T03:32:42.5296912Z A path returned 202. Retrying...
2022-11-03T03:32:42.5297159Z A path returned 202. Retrying...
2022-11-03T03:32:42.5297401Z A path returned 202. Retrying...
2022-11-03T03:32:42.5297720Z A path returned 202. Retrying...
2022-11-03T03:32:42.5298065Z A path returned 202. Retrying...
2022-11-03T03:32:42.5298308Z A path returned 202. Retrying...
2022-11-03T03:32:42.5298632Z A path returned 202. Retrying...
2022-11-03T03:32:42.5298908Z A path returned 202. Retrying...
2022-11-03T03:32:42.5299152Z A path returned 202. Retrying...
2022-11-03T03:32:42.5299398Z A path returned 202. Retrying...
2022-11-03T03:32:42.5299646Z A path returned 202. Retrying...
2022-11-03T03:32:42.5299875Z A path returned 202. Retrying...
2022-11-03T03:32:42.5300116Z A path returned 202. Retrying...
2022-11-03T03:32:42.5300360Z A path returned 202. Retrying...
2022-11-03T03:32:42.5300691Z A path returned 202. Retrying...
2022-11-03T03:32:42.5301015Z A path returned 202. Retrying...
2022-11-03T03:32:42.5301280Z A path returned 202. Retrying...
2022-11-03T03:32:42.5301546Z A path returned 202. Retrying...
2022-11-03T03:32:42.5301790Z A path returned 202. Retrying...
2022-11-03T03:32:42.5302120Z A path returned 202. Retrying...
2022-11-03T03:32:42.5302456Z A path returned 202. Retrying...
2022-11-03T03:32:42.5302704Z A path returned 202. Retrying...
2022-11-03T03:32:42.5302946Z A path returned 202. Retrying...
2022-11-03T03:32:42.5303189Z A path returned 202. Retrying...
2022-11-03T03:32:42.5303435Z A path returned 202. Retrying...
2022-11-03T03:32:42.5303678Z A path returned 202. Retrying...
2022-11-03T03:32:42.5304008Z A path returned 202. Retrying...
2022-11-03T03:32:42.5304272Z A path returned 202. Retrying...
2022-11-03T03:32:42.5304520Z A path returned 202. Retrying...
2022-11-03T03:32:42.5304840Z A path returned 202. Retrying...
2022-11-03T03:32:42.5305082Z A path returned 202. Retrying...
2022-11-03T03:32:42.5305459Z A path returned 202. Retrying...
2022-11-03T03:32:42.5305784Z A path returned 202. Retrying...
2022-11-03T03:32:42.5306260Z A path returned 202. Retrying...
2022-11-03T03:32:42.5306611Z A path returned 202. Retrying...
2022-11-03T03:32:42.5307029Z A path returned 202. Retrying...
2022-11-03T03:32:42.5307435Z A path returned 202. Retrying...
2022-11-03T03:32:42.5307969Z A path returned 202. Retrying...
2022-11-03T03:32:42.5308247Z A path returned 202. Retrying...
2022-11-03T03:32:42.5308571Z A path returned 202. Retrying...
2022-11-03T03:32:42.5308891Z A path returned 202. Retrying...
2022-11-03T03:32:42.5309256Z A path returned 202. Retrying...
2022-11-03T03:32:42.5309574Z A path returned 202. Retrying...
2022-11-03T03:32:42.5319871Z A path returned 202. Retrying...
2022-11-03T03:32:42.5320148Z A path returned 202. Retrying...
2022-11-03T03:32:42.5320400Z A path returned 202. Retrying...
2022-11-03T03:32:42.5320653Z A path returned 202. Retrying...
2022-11-03T03:32:42.5320901Z A path returned 202. Retrying...
2022-11-03T03:32:42.5321147Z A path returned 202. Retrying...
2022-11-03T03:32:42.5321392Z A path returned 202. Retrying...
2022-11-03T03:32:42.5321637Z A path returned 202. Retrying...
2022-11-03T03:32:42.5321882Z A path returned 202. Retrying...
2022-11-03T03:32:42.5322124Z A path returned 202. Retrying...
2022-11-03T03:32:42.5322369Z A path returned 202. Retrying...
2022-11-03T03:32:42.5322608Z A path returned 202. Retrying...
2022-11-03T03:32:42.5322848Z A path returned 202. Retrying...
2022-11-03T03:32:42.5323090Z A path returned 202. Retrying...
2022-11-03T03:32:42.5323328Z A path returned 202. Retrying...
2022-11-03T03:32:42.5323569Z A path returned 202. Retrying...
2022-11-03T03:32:42.5323799Z A path returned 202. Retrying...
2022-11-03T03:32:42.5324041Z A path returned 202. Retrying...
2022-11-03T03:32:42.5324333Z A path returned 202. Retrying...
2022-11-03T03:32:42.5324571Z A path returned 202. Retrying...
2022-11-03T03:32:42.5324810Z A path returned 202. Retrying...
2022-11-03T03:32:42.5325050Z A path returned 202. Retrying...
2022-11-03T03:32:42.5325290Z A path returned 202. Retrying...
2022-11-03T03:32:42.5325528Z A path returned 202. Retrying...
2022-11-03T03:32:42.5325756Z A path returned 202. Retrying...
2022-11-03T03:32:42.5325995Z A path returned 202. Retrying...
2022-11-03T03:32:42.5326430Z A path returned 202. Retrying...
2022-11-03T03:32:42.5326681Z A path returned 202. Retrying...
2022-11-03T03:32:42.5326922Z A path returned 202. Retrying...
2022-11-03T03:32:42.5327164Z A path returned 202. Retrying...
2022-11-03T03:32:42.5327406Z A path returned 202. Retrying...
2022-11-03T03:32:42.5327650Z A path returned 202. Retrying...
2022-11-03T03:32:42.5327880Z A path returned 202. Retrying...
2022-11-03T03:32:42.5328119Z A path returned 202. Retrying...
2022-11-03T03:32:42.5328365Z A path returned 202. Retrying...
2022-11-03T03:32:42.5328606Z A path returned 202. Retrying...
2022-11-03T03:32:42.5328849Z A path returned 202. Retrying...
2022-11-03T03:32:42.5329089Z A path returned 202. Retrying...
2022-11-03T03:32:42.5329329Z A path returned 202. Retrying...
2022-11-03T03:32:42.5329556Z A path returned 202. Retrying...
2022-11-03T03:32:42.5329797Z A path returned 202. Retrying...
2022-11-03T03:32:42.5330036Z A path returned 202. Retrying...
2022-11-03T03:32:42.5330278Z A path returned 202. Retrying...
2022-11-03T03:32:42.5330525Z A path returned 202. Retrying...
2022-11-03T03:32:42.5330767Z A path returned 202. Retrying...
2022-11-03T03:32:42.5331007Z A path returned 202. Retrying...
2022-11-03T03:32:42.5331500Z A path returned 202. Retrying...
2022-11-03T03:32:42.5331763Z A path returned 202. Retrying...
2022-11-03T03:32:42.5331994Z A path returned 202. Retrying...
2022-11-03T03:32:42.5332235Z A path returned 202. Retrying...
2022-11-03T03:32:42.5332576Z A path returned 202. Retrying...
2022-11-03T03:32:42.5332856Z A path returned 202. Retrying...
2022-11-03T03:32:42.5333100Z A path returned 202. Retrying...
2022-11-03T03:32:42.5333344Z A path returned 202. Retrying...
2022-11-03T03:32:42.5333584Z A path returned 202. Retrying...
2022-11-03T03:32:42.5333826Z A path returned 202. Retrying...
2022-11-03T03:32:42.5334054Z A path returned 202. Retrying...
2022-11-03T03:32:42.5334295Z A path returned 202. Retrying...
2022-11-03T03:32:42.5334538Z A path returned 202. Retrying...
2022-11-03T03:32:42.5334783Z A path returned 202. Retrying...
2022-11-03T03:32:42.5335131Z A path returned 202. Retrying...
2022-11-03T03:32:42.5335377Z A path returned 202. Retrying...
2022-11-03T03:32:42.5335619Z A path returned 202. Retrying...
2022-11-03T03:32:42.5335862Z A path returned 202. Retrying...
2022-11-03T03:32:42.5336199Z A path returned 202. Retrying...
2022-11-03T03:32:42.5336456Z A path returned 202. Retrying...
2022-11-03T03:32:42.5336779Z A path returned 202. Retrying...
2022-11-03T03:32:42.5337038Z A path returned 202. Retrying...
2022-11-03T03:32:42.5337360Z A path returned 202. Retrying...
2022-11-03T03:32:42.5337617Z A path returned 202. Retrying...
2022-11-03T03:32:42.5337938Z A path returned 202. Retrying...
2022-11-03T03:32:42.5338210Z A path returned 202. Retrying...
2022-11-03T03:32:42.5338451Z A path returned 202. Retrying...
2022-11-03T03:32:42.5338691Z A path returned 202. Retrying...
2022-11-03T03:32:42.5338921Z A path returned 202. Retrying...
2022-11-03T03:32:42.5339169Z A path returned 202. Retrying...
2022-11-03T03:32:42.5339416Z A path returned 202. Retrying...
2022-11-03T03:32:42.5339744Z A path returned 202. Retrying...
2022-11-03T03:32:42.5339999Z A path returned 202. Retrying...
2022-11-03T03:32:42.5340240Z A path returned 202. Retrying...
2022-11-03T03:32:42.5340559Z A path returned 202. Retrying...
2022-11-03T03:32:42.5340816Z A path returned 202. Retrying...
2022-11-03T03:32:42.5341133Z A path returned 202. Retrying...
2022-11-03T03:32:42.5341387Z A path returned 202. Retrying...
2022-11-03T03:32:42.5341692Z A path returned 202. Retrying...
2022-11-03T03:32:42.5341948Z A path returned 202. Retrying...
2022-11-03T03:32:42.5342265Z A path returned 202. Retrying...
2022-11-03T03:32:42.5342519Z A path returned 202. Retrying...
2022-11-03T03:32:42.5342760Z A path returned 202. Retrying...
2022-11-03T03:32:42.5343085Z A path returned 202. Retrying...
2022-11-03T03:32:42.5343352Z A path returned 202. Retrying...
2022-11-03T03:32:42.5343593Z A path returned 202. Retrying...
2022-11-03T03:32:42.5343919Z A path returned 202. Retrying...
2022-11-03T03:32:42.5344170Z A path returned 202. Retrying...
2022-11-03T03:32:42.5344559Z A path returned 202. Retrying...
2022-11-03T03:32:42.5344822Z A path returned 202. Retrying...
2022-11-03T03:32:42.5345069Z A path returned 202. Retrying...
2022-11-03T03:32:42.5345313Z A path returned 202. Retrying...
2022-11-03T03:32:42.5345556Z A path returned 202. Retrying...
2022-11-03T03:32:42.5345883Z A path returned 202. Retrying...
2022-11-03T03:32:42.5346137Z A path returned 202. Retrying...
2022-11-03T03:32:42.5346455Z A path returned 202. Retrying...
2022-11-03T03:32:42.5346709Z A path returned 202. Retrying...
2022-11-03T03:32:42.5347030Z A path returned 202. Retrying...
2022-11-03T03:32:42.5347273Z A path returned 202. Retrying...
2022-11-03T03:32:42.5347594Z A path returned 202. Retrying...
2022-11-03T03:32:42.5347849Z A path returned 202. Retrying...
2022-11-03T03:41:42.5997366Z A path returned 202. Retrying...
2022-11-03T03:41:42.5998041Z A path returned 202. Retrying...
2022-11-03T03:41:42.5998964Z A path returned 202. Retrying...
2022-11-03T03:41:42.5999315Z A path returned 202. Retrying...
2022-11-03T03:41:42.5999606Z A path returned 202. Retrying...
2022-11-03T03:41:42.5999895Z A path returned 202. Retrying...
2022-11-03T03:41:42.6000181Z A path returned 202. Retrying...
2022-11-03T03:41:42.6000467Z A path returned 202. Retrying...
2022-11-03T03:41:42.6000748Z A path returned 202. Retrying...
2022-11-03T03:41:42.6001019Z A path returned 202. Retrying...
2022-11-03T03:41:42.6001299Z A path returned 202. Retrying...
2022-11-03T03:41:42.6001583Z A path returned 202. Retrying...
2022-11-03T03:41:42.6001866Z A path returned 202. Retrying...
2022-11-03T03:41:42.6002149Z A path returned 202. Retrying...
2022-11-03T03:41:42.6002428Z A path returned 202. Retrying...
2022-11-03T03:41:42.6002708Z A path returned 202. Retrying...
2022-11-03T03:41:42.6002989Z A path returned 202. Retrying...
2022-11-03T03:41:42.6003256Z A path returned 202. Retrying...
2022-11-03T03:41:42.6003639Z A path returned 202. Retrying...
2022-11-03T03:41:42.6004275Z A path returned 202. Retrying...
2022-11-03T03:41:42.6004554Z A path returned 202. Retrying...
2022-11-03T03:41:42.6004823Z A path returned 202. Retrying...
2022-11-03T03:41:42.6005134Z A path returned 202. Retrying...
2022-11-03T03:41:42.6005418Z A path returned 202. Retrying...
2022-11-03T03:41:42.6005700Z A path returned 202. Retrying...
2022-11-03T03:41:42.6005980Z A path returned 202. Retrying...
2022-11-03T03:41:42.6006261Z A path returned 202. Retrying...
2022-11-03T03:41:42.6006541Z A path returned 202. Retrying...
2022-11-03T03:41:42.6006826Z A path returned 202. Retrying...
2022-11-03T03:41:42.6007093Z A path returned 202. Retrying...
2022-11-03T03:41:42.6007373Z A path returned 202. Retrying...
2022-11-03T03:41:42.6007655Z A path returned 202. Retrying...
2022-11-03T03:41:42.6007934Z A path returned 202. Retrying...
2022-11-03T03:41:42.6008219Z A path returned 202. Retrying...
2022-11-03T03:41:42.6008502Z A path returned 202. Retrying...
2022-11-03T03:41:42.6008786Z A path returned 202. Retrying...
2022-11-03T03:41:42.6009052Z A path returned 202. Retrying...
2022-11-03T03:41:42.6009334Z A path returned 202. Retrying...
2022-11-03T03:41:42.6009614Z A path returned 202. Retrying...
2022-11-03T03:41:42.6009894Z A path returned 202. Retrying...
2022-11-03T03:41:42.6010178Z A path returned 202. Retrying...
2022-11-03T03:41:42.6010455Z A path returned 202. Retrying...
2022-11-03T03:41:42.6010751Z A path returned 202. Retrying...
2022-11-03T03:41:42.6011030Z A path returned 202. Retrying...
2022-11-03T03:41:42.6011380Z A path returned 202. Retrying...
2022-11-03T03:41:42.6011625Z A path returned 202. Retrying...
2022-11-03T03:41:42.6011872Z A path returned 202. Retrying...
2022-11-03T03:41:42.6012121Z A path returned 202. Retrying...
2022-11-03T03:41:42.6012365Z A path returned 202. Retrying...
2022-11-03T03:41:42.6012611Z A path returned 202. Retrying...
2022-11-03T03:41:42.6012855Z A path returned 202. Retrying...
2022-11-03T03:41:42.6013218Z A path returned 202. Retrying...
2022-11-03T03:41:42.6013458Z A path returned 202. Retrying...
2022-11-03T03:41:42.6013706Z A path returned 202. Retrying...
2022-11-03T03:41:42.6013954Z A path returned 202. Retrying...
2022-11-03T03:41:42.6014201Z A path returned 202. Retrying...
2022-11-03T03:41:42.6014450Z A path returned 202. Retrying...
2022-11-03T03:41:42.6014699Z A path returned 202. Retrying...
2022-11-03T03:41:42.6014946Z A path returned 202. Retrying...
2022-11-03T03:41:42.6015176Z A path returned 202. Retrying...
2022-11-03T03:41:42.6015423Z A path returned 202. Retrying...
2022-11-03T03:41:42.6015668Z A path returned 202. Retrying...
2022-11-03T03:41:42.6015913Z A path returned 202. Retrying...
2022-11-03T03:41:42.6016160Z A path returned 202. Retrying...
2022-11-03T03:41:42.6016405Z A path returned 202. Retrying...
2022-11-03T03:41:42.6016652Z A path returned 202. Retrying...
2022-11-03T03:41:42.6016898Z A path returned 202. Retrying...
2022-11-03T03:41:42.6017133Z A path returned 202. Retrying...
2022-11-03T03:41:42.6017381Z A path returned 202. Retrying...
2022-11-03T03:41:42.6017628Z A path returned 202. Retrying...
2022-11-03T03:41:42.6017873Z A path returned 202. Retrying...
2022-11-03T03:41:42.6018122Z A path returned 202. Retrying...
2022-11-03T03:41:42.6018367Z A path returned 202. Retrying...
2022-11-03T03:41:42.6018612Z A path returned 202. Retrying...
2022-11-03T03:41:42.6018860Z A path returned 202. Retrying...
2022-11-03T03:41:42.6019090Z A path returned 202. Retrying...
2022-11-03T03:41:42.6019334Z A path returned 202. Retrying...
2022-11-03T03:41:42.6019581Z A path returned 202. Retrying...
2022-11-03T03:41:42.6019825Z A path returned 202. Retrying...
2022-11-03T03:41:42.6020074Z A path returned 202. Retrying...
2022-11-03T03:41:42.6020321Z A path returned 202. Retrying...
2022-11-03T03:41:42.6020570Z A path returned 202. Retrying...
2022-11-03T03:41:42.6020803Z A path returned 202. Retrying...
2022-11-03T03:41:42.6021050Z A path returned 202. Retrying...
2022-11-03T03:41:42.6021298Z A path returned 202. Retrying...
2022-11-03T03:41:42.6021614Z A path returned 202. Retrying...
2022-11-03T03:41:42.6021861Z A path returned 202. Retrying...
2022-11-03T03:41:42.6022107Z A path returned 202. Retrying...
2022-11-03T03:41:42.6022351Z A path returned 202. Retrying...
2022-11-03T03:41:42.6022595Z A path returned 202. Retrying...
2022-11-03T03:41:42.6022828Z A path returned 202. Retrying...
2022-11-03T03:41:42.6023073Z A path returned 202. Retrying...
2022-11-03T03:41:42.6023318Z A path returned 202. Retrying...
2022-11-03T03:41:42.6023563Z A path returned 202. Retrying...
2022-11-03T03:41:42.6023807Z A path returned 202. Retrying...
2022-11-03T03:41:42.6024051Z A path returned 202. Retrying...
2022-11-03T03:41:42.6024297Z A path returned 202. Retrying...
2022-11-03T03:41:42.6024545Z A path returned 202. Retrying...
2022-11-03T03:41:42.6024776Z A path returned 202. Retrying...
2022-11-03T03:41:42.6025019Z A path returned 202. Retrying...
2022-11-03T03:41:42.6025272Z A path returned 202. Retrying...
2022-11-03T03:41:42.6025518Z A path returned 202. Retrying...
2022-11-03T03:41:42.6025763Z A path returned 202. Retrying...
2022-11-03T03:41:42.6026006Z A path returned 202. Retrying...
2022-11-03T03:41:42.6026255Z A path returned 202. Retrying...
2022-11-03T03:41:42.6026485Z A path returned 202. Retrying...
2022-11-03T03:41:42.6026732Z A path returned 202. Retrying...
2022-11-03T03:41:42.6026977Z A path returned 202. Retrying...
2022-11-03T03:41:42.6027222Z A path returned 202. Retrying...
2022-11-03T03:41:42.6027469Z A path returned 202. Retrying...
2022-11-03T03:41:42.6027713Z A path returned 202. Retrying...
2022-11-03T03:41:42.6027959Z A path returned 202. Retrying...
2022-11-03T03:41:42.6028202Z A path returned 202. Retrying...
2022-11-03T03:41:42.6028434Z A path returned 202. Retrying...
2022-11-03T03:41:42.6028677Z A path returned 202. Retrying...
2022-11-03T03:41:42.6028923Z A path returned 202. Retrying...
2022-11-03T03:41:42.6029169Z A path returned 202. Retrying...
2022-11-03T03:41:42.6029474Z A path returned 202. Retrying...
2022-11-03T03:41:42.6029726Z A path returned 202. Retrying...
2022-11-03T03:41:42.6029969Z A path returned 202. Retrying...
2022-11-03T03:41:42.6030215Z A path returned 202. Retrying...
2022-11-03T03:41:42.6030446Z A path returned 202. Retrying...
2022-11-03T03:41:42.6030691Z A path returned 202. Retrying...
2022-11-03T03:41:42.6030939Z A path returned 202. Retrying...
2022-11-03T03:41:42.6031183Z A path returned 202. Retrying...
2022-11-03T03:41:42.6031431Z A path returned 202. Retrying...
2022-11-03T03:41:42.6031681Z A path returned 202. Retrying...
2022-11-03T03:41:42.6031928Z A path returned 202. Retrying...
2022-11-03T03:41:42.6032160Z A path returned 202. Retrying...
2022-11-03T03:41:42.6032407Z A path returned 202. Retrying...
2022-11-03T03:41:42.6032651Z A path returned 202. Retrying...
2022-11-03T03:41:42.6032895Z A path returned 202. Retrying...
2022-11-03T03:41:42.6033141Z A path returned 202. Retrying...
2022-11-03T03:41:42.6033388Z A path returned 202. Retrying...
2022-11-03T03:41:42.6033642Z A path returned 202. Retrying...
2022-11-03T03:41:42.6033888Z A path returned 202. Retrying...
2022-11-03T03:41:42.6034120Z A path returned 202. Retrying...
2022-11-03T03:41:42.6034364Z A path returned 202. Retrying...
2022-11-03T03:41:42.6034611Z A path returned 202. Retrying...
2022-11-03T03:41:42.6034856Z A path returned 202. Retrying...
2022-11-03T03:41:42.6035101Z A path returned 202. Retrying...
2022-11-03T03:41:42.6035347Z A path returned 202. Retrying...
2022-11-03T03:41:42.6035590Z A path returned 202. Retrying...
2022-11-03T03:41:42.6035836Z A path returned 202. Retrying...
2022-11-03T03:41:42.6036067Z A path returned 202. Retrying...
2022-11-03T03:41:42.6036311Z A path returned 202. Retrying...
2022-11-03T03:41:42.6036559Z A path returned 202. Retrying...
2022-11-03T03:41:42.6036804Z A path returned 202. Retrying...
2022-11-03T03:41:42.6037051Z A path returned 202. Retrying...
2022-11-03T03:41:42.6037294Z A path returned 202. Retrying...
2022-11-03T03:41:42.6037545Z A path returned 202. Retrying...
2022-11-03T03:41:42.6037845Z A path returned 202. Retrying...
2022-11-03T03:41:42.6038090Z A path returned 202. Retrying...
2022-11-03T03:41:42.6038336Z A path returned 202. Retrying...
2022-11-03T03:41:42.6038582Z A path returned 202. Retrying...
2022-11-03T03:41:42.6038928Z A path returned 202. Retrying...
2022-11-03T03:41:42.6039173Z A path returned 202. Retrying...
2022-11-03T03:41:42.6039418Z A path returned 202. Retrying...
2022-11-03T03:41:42.6039662Z A path returned 202. Retrying...
2022-11-03T03:41:42.6039895Z A path returned 202. Retrying...
2022-11-03T03:41:42.6040141Z A path returned 202. Retrying...
2022-11-03T03:41:42.6040388Z A path returned 202. Retrying...
2022-11-03T03:41:42.6040632Z A path returned 202. Retrying...
2022-11-03T03:41:42.6040878Z A path returned 202. Retrying...
2022-11-03T03:41:42.6041124Z A path returned 202. Retrying...
2022-11-03T03:41:42.6041370Z A path returned 202. Retrying...
2022-11-03T03:41:42.6041619Z A path returned 202. Retrying...
2022-11-03T03:41:42.6041852Z A path returned 202. Retrying...
2022-11-03T03:41:42.6042096Z A path returned 202. Retrying...
2022-11-03T03:41:42.6042342Z A path returned 202. Retrying...
2022-11-03T03:41:42.6042586Z A path returned 202. Retrying...
2022-11-03T03:41:42.6042831Z A path returned 202. Retrying...
2022-11-03T03:41:42.6043078Z A path returned 202. Retrying...
2022-11-03T03:41:42.6043326Z A path returned 202. Retrying...
2022-11-03T03:41:42.6043558Z A path returned 202. Retrying...
2022-11-03T03:41:42.6043803Z A path returned 202. Retrying...
2022-11-03T03:41:42.6044049Z A path returned 202. Retrying...
2022-11-03T03:41:42.6044292Z A path returned 202. Retrying...
2022-11-03T03:41:42.6044538Z A path returned 202. Retrying...
2022-11-03T03:41:42.6044783Z A path returned 202. Retrying...
2022-11-03T03:41:42.6045029Z A path returned 202. Retrying...
2022-11-03T03:41:42.6045279Z A path returned 202. Retrying...
2022-11-03T03:41:42.6045511Z A path returned 202. Retrying...
2022-11-03T03:41:42.6045861Z A path returned 202. Retrying...
2022-11-03T03:41:42.6046112Z A path returned 202. Retrying...
2022-11-03T03:41:42.6046359Z A path returned 202. Retrying...
2022-11-03T03:41:42.6046605Z A path returned 202. Retrying...
2022-11-03T03:41:42.6046853Z A path returned 202. Retrying...
2022-11-03T03:41:42.6047097Z A path returned 202. Retrying...
2022-11-03T03:41:42.6047345Z A path returned 202. Retrying...
2022-11-03T03:41:42.6047576Z A path returned 202. Retrying...
2022-11-03T03:41:42.6047818Z A path returned 202. Retrying...
2022-11-03T03:41:42.6048066Z A path returned 202. Retrying...
2022-11-03T03:41:42.6048309Z A path returned 202. Retrying...
2022-11-03T03:41:42.6048555Z A path returned 202. Retrying...
2022-11-03T03:41:42.6048801Z A path returned 202. Retrying...
2022-11-03T03:41:42.6049047Z A path returned 202. Retrying...
2022-11-03T03:41:42.6049279Z A path returned 202. Retrying...
2022-11-03T03:41:42.6049526Z A path returned 202. Retrying...
2022-11-03T03:41:42.6049774Z A path returned 202. Retrying...
2022-11-03T03:41:42.6050022Z A path returned 202. Retrying...
2022-11-03T03:41:42.6050271Z A path returned 202. Retrying...
2022-11-03T03:41:42.6050516Z A path returned 202. Retrying...
2022-11-03T03:41:42.6050762Z A path returned 202. Retrying...
2022-11-03T03:41:42.6051006Z A path returned 202. Retrying...
2022-11-03T03:41:42.6051239Z A path returned 202. Retrying...
2022-11-03T03:41:42.6051485Z A path returned 202. Retrying...
2022-11-03T03:41:42.6051729Z A path returned 202. Retrying...
2022-11-03T03:41:42.6051974Z A path returned 202. Retrying...
2022-11-03T03:41:42.6052217Z A path returned 202. Retrying...
2022-11-03T03:41:42.6052461Z A path returned 202. Retrying...
2022-11-03T03:41:42.6052707Z A path returned 202. Retrying...
2022-11-03T03:41:42.6052953Z A path returned 202. Retrying...
2022-11-03T03:41:42.6053183Z A path returned 202. Retrying...
2022-11-03T03:41:42.6053425Z A path returned 202. Retrying...
2022-11-03T03:41:42.6053672Z A path returned 202. Retrying...
2022-11-03T03:41:42.6053967Z A path returned 202. Retrying...
2022-11-03T03:41:42.6054286Z A path returned 202. Retrying...
2022-11-03T03:41:42.6054532Z A path returned 202. Retrying...
2022-11-03T03:41:42.6054778Z A path returned 202. Retrying...
2022-11-03T03:41:42.6055025Z A path returned 202. Retrying...
2022-11-03T03:41:42.6055258Z A path returned 202. Retrying...
2022-11-03T03:41:42.6055504Z A path returned 202. Retrying...
2022-11-03T03:41:42.6055748Z A path returned 202. Retrying...
2022-11-03T03:41:42.6055994Z A path returned 202. Retrying...
2022-11-03T03:41:42.6056240Z A path returned 202. Retrying...
2022-11-03T03:41:42.6056485Z A path returned 202. Retrying...
2022-11-03T03:41:42.6056731Z A path returned 202. Retrying...
2022-11-03T03:41:42.6056964Z A path returned 202. Retrying...
2022-11-03T03:41:42.6057210Z A path returned 202. Retrying...
2022-11-03T03:41:42.6057455Z A path returned 202. Retrying...
2022-11-03T03:41:42.6057701Z A path returned 202. Retrying...
2022-11-03T03:41:42.6057944Z A path returned 202. Retrying...
2022-11-03T03:41:42.6058198Z A path returned 202. Retrying...
2022-11-03T03:41:42.6058442Z A path returned 202. Retrying...
2022-11-03T03:41:42.6058687Z A path returned 202. Retrying...
2022-11-03T03:41:42.6058918Z A path returned 202. Retrying...
2022-11-03T03:41:42.6059160Z A path returned 202. Retrying...
2022-11-03T03:41:42.6059407Z A path returned 202. Retrying...
2022-11-03T03:41:42.6059654Z A path returned 202. Retrying...
2022-11-03T03:41:42.6059902Z A path returned 202. Retrying...
2022-11-03T03:41:42.6060145Z A path returned 202. Retrying...
2022-11-03T03:41:42.6060391Z A path returned 202. Retrying...
2022-11-03T03:41:42.6060634Z A path returned 202. Retrying...
2022-11-03T03:41:42.6060868Z A path returned 202. Retrying...
2022-11-03T03:41:42.6061113Z A path returned 202. Retrying...
2022-11-03T03:41:42.6061358Z A path returned 202. Retrying...
2022-11-03T03:41:42.6061603Z A path returned 202. Retrying...
2022-11-03T03:49:36.7213019Z A path returned 202. Retrying...
2022-11-03T03:49:36.7214053Z A path returned 202. Retrying...
2022-11-03T03:49:36.7214784Z A path returned 202. Retrying...
2022-11-03T03:49:36.7215298Z A path returned 202. Retrying...
2022-11-03T03:49:36.7215674Z A path returned 202. Retrying...
2022-11-03T03:49:36.7216050Z A path returned 202. Retrying...
2022-11-03T03:49:36.7216420Z A path returned 202. Retrying...
2022-11-03T03:49:36.7216785Z A path returned 202. Retrying...
2022-11-03T03:49:36.7217135Z A path returned 202. Retrying...
2022-11-03T03:49:36.7217503Z A path returned 202. Retrying...
2022-11-03T03:49:36.7217867Z A path returned 202. Retrying...
2022-11-03T03:49:36.7218232Z A path returned 202. Retrying...
2022-11-03T03:49:36.7218618Z A path returned 202. Retrying...
2022-11-03T03:49:36.7219375Z A path returned 202. Retrying...
2022-11-03T03:49:36.7219741Z A path returned 202. Retrying...
2022-11-03T03:49:36.7219993Z A path returned 202. Retrying...
2022-11-03T03:49:36.7220227Z A path returned 202. Retrying...
2022-11-03T03:49:36.7220473Z A path returned 202. Retrying...
2022-11-03T03:49:36.7220740Z A path returned 202. Retrying...
2022-11-03T03:49:36.7220992Z A path returned 202. Retrying...
2022-11-03T03:49:36.7221240Z A path returned 202. Retrying...
2022-11-03T03:49:36.7221486Z A path returned 202. Retrying...
2022-11-03T03:49:36.7221735Z A path returned 202. Retrying...
2022-11-03T03:49:36.7221984Z A path returned 202. Retrying...
2022-11-03T03:49:36.7222214Z A path returned 202. Retrying...
2022-11-03T03:49:36.7222456Z A path returned 202. Retrying...
2022-11-03T03:49:36.7222703Z A path returned 202. Retrying...
2022-11-03T03:49:36.7222947Z A path returned 202. Retrying...
2022-11-03T03:49:36.7223193Z A path returned 202. Retrying...
2022-11-03T03:49:36.7223436Z A path returned 202. Retrying...
2022-11-03T03:49:36.7223680Z A path returned 202. Retrying...
2022-11-03T03:49:36.7223912Z A path returned 202. Retrying...
2022-11-03T03:49:36.7224157Z A path returned 202. Retrying...
2022-11-03T03:49:36.7224400Z A path returned 202. Retrying...
2022-11-03T03:49:36.7224647Z A path returned 202. Retrying...
2022-11-03T03:49:36.7225126Z A path returned 202. Retrying...
2022-11-03T03:49:36.7225375Z A path returned 202. Retrying...
2022-11-03T03:49:36.7225621Z A path returned 202. Retrying...
2022-11-03T03:49:36.7225866Z A path returned 202. Retrying...
2022-11-03T03:49:36.7226097Z A path returned 202. Retrying...
2022-11-03T03:49:36.7226340Z A path returned 202. Retrying...
2022-11-03T03:49:36.7226587Z A path returned 202. Retrying...
2022-11-03T03:49:36.7226832Z A path returned 202. Retrying...
2022-11-03T03:49:36.7227075Z A path returned 202. Retrying...
2022-11-03T03:49:36.7227320Z A path returned 202. Retrying...
2022-11-03T03:49:36.7227563Z A path returned 202. Retrying...
2022-11-03T03:49:36.7227808Z A path returned 202. Retrying...
2022-11-03T03:49:36.7228037Z A path returned 202. Retrying...
2022-11-03T03:49:36.7228279Z A path returned 202. Retrying...
2022-11-03T03:49:36.7228523Z A path returned 202. Retrying...
2022-11-03T03:49:36.7228769Z A path returned 202. Retrying...
2022-11-03T03:49:36.7229020Z A path returned 202. Retrying...
2022-11-03T03:49:36.7229264Z A path returned 202. Retrying...
2022-11-03T03:49:36.7229510Z A path returned 202. Retrying...
2022-11-03T03:49:36.7229739Z A path returned 202. Retrying...
2022-11-03T03:49:36.7229982Z A path returned 202. Retrying...
2022-11-03T03:49:36.7230223Z A path returned 202. Retrying...
2022-11-03T03:49:36.7230466Z A path returned 202. Retrying...
2022-11-03T03:49:36.7230709Z A path returned 202. Retrying...
2022-11-03T03:49:36.7230950Z A path returned 202. Retrying...
2022-11-03T03:49:36.7231193Z A path returned 202. Retrying...
2022-11-03T03:49:36.7231436Z A path returned 202. Retrying...
2022-11-03T03:49:36.7231665Z A path returned 202. Retrying...
2022-11-03T03:49:36.7231908Z A path returned 202. Retrying...
2022-11-03T03:49:36.7232151Z A path returned 202. Retrying...
2022-11-03T03:49:36.7232399Z A path returned 202. Retrying...
2022-11-03T03:49:36.7232641Z A path returned 202. Retrying...
2022-11-03T03:49:36.7232968Z A path returned 202. Retrying...
2022-11-03T03:49:36.7233219Z A path returned 202. Retrying...
2022-11-03T03:49:36.7233465Z A path returned 202. Retrying...
2022-11-03T03:49:36.7233696Z A path returned 202. Retrying...
2022-11-03T03:49:36.7233942Z A path returned 202. Retrying...
2022-11-03T03:49:36.7234188Z A path returned 202. Retrying...
2022-11-03T03:49:36.7234432Z A path returned 202. Retrying...
2022-11-03T03:49:36.7234677Z A path returned 202. Retrying...
2022-11-03T03:49:36.7234921Z A path returned 202. Retrying...
2022-11-03T03:49:36.7235165Z A path returned 202. Retrying...
2022-11-03T03:49:36.7235396Z A path returned 202. Retrying...
2022-11-03T03:49:36.7235641Z A path returned 202. Retrying...
2022-11-03T03:49:36.7235882Z A path returned 202. Retrying...
2022-11-03T03:49:36.7236124Z A path returned 202. Retrying...
2022-11-03T03:49:36.7236370Z A path returned 202. Retrying...
2022-11-03T03:49:36.7236613Z A path returned 202. Retrying...
2022-11-03T03:49:36.7236855Z A path returned 202. Retrying...
2022-11-03T03:49:36.7237102Z A path returned 202. Retrying...
2022-11-03T03:49:36.7237335Z A path returned 202. Retrying...
2022-11-03T03:49:36.7237576Z A path returned 202. Retrying...
2022-11-03T03:49:36.7237818Z A path returned 202. Retrying...
2022-11-03T03:49:36.7238101Z A path returned 202. Retrying...
2022-11-03T03:49:36.7238344Z A path returned 202. Retrying...
2022-11-03T03:49:36.7238588Z A path returned 202. Retrying...
2022-11-03T03:49:36.7239078Z A path returned 202. Retrying...
2022-11-03T03:49:36.7239325Z A path returned 202. Retrying...
2022-11-03T03:49:36.7239556Z A path returned 202. Retrying...
2022-11-03T03:49:36.7239800Z A path returned 202. Retrying...
2022-11-03T03:49:36.7240044Z A path returned 202. Retrying...
2022-11-03T03:49:36.7240288Z A path returned 202. Retrying...
2022-11-03T03:49:36.7240535Z A path returned 202. Retrying...
2022-11-03T03:49:36.7240778Z A path returned 202. Retrying...
2022-11-03T03:49:36.7241024Z A path returned 202. Retrying...
2022-11-03T03:49:36.7241256Z A path returned 202. Retrying...
2022-11-03T03:49:36.7241596Z A path returned 202. Retrying...
2022-11-03T03:49:36.7241839Z A path returned 202. Retrying...
2022-11-03T03:49:36.7242083Z A path returned 202. Retrying...
2022-11-03T03:49:36.7242327Z A path returned 202. Retrying...
2022-11-03T03:49:36.7242574Z A path returned 202. Retrying...
2022-11-03T03:49:36.7242818Z A path returned 202. Retrying...
2022-11-03T03:49:36.7243061Z A path returned 202. Retrying...
2022-11-03T03:49:36.7243292Z A path returned 202. Retrying...
2022-11-03T03:49:36.7243535Z A path returned 202. Retrying...
2022-11-03T03:49:36.7243777Z A path returned 202. Retrying...
2022-11-03T03:49:36.7244019Z A path returned 202. Retrying...
2022-11-03T03:49:36.7244262Z A path returned 202. Retrying...
2022-11-03T03:49:36.7244506Z A path returned 202. Retrying...
2022-11-03T03:49:36.7244748Z A path returned 202. Retrying...
2022-11-03T03:49:36.7244996Z A path returned 202. Retrying...
2022-11-03T03:49:36.7245226Z A path returned 202. Retrying...
2022-11-03T03:49:36.7245473Z A path returned 202. Retrying...
2022-11-03T03:49:36.7245722Z A path returned 202. Retrying...
2022-11-03T03:49:36.7245963Z A path returned 202. Retrying...
2022-11-03T03:49:36.7246209Z A path returned 202. Retrying...
2022-11-03T03:49:36.7246452Z A path returned 202. Retrying...
2022-11-03T03:49:36.7246696Z A path returned 202. Retrying...
2022-11-03T03:49:36.7246926Z A path returned 202. Retrying...
2022-11-03T03:49:36.7247171Z A path returned 202. Retrying...
2022-11-03T03:49:36.7247414Z A path returned 202. Retrying...
2022-11-03T03:49:36.7247658Z A path returned 202. Retrying...
2022-11-03T03:49:36.7247901Z A path returned 202. Retrying...
2022-11-03T03:49:36.7248143Z A path returned 202. Retrying...
2022-11-03T03:49:36.7248386Z A path returned 202. Retrying...
2022-11-03T03:49:36.7248629Z A path returned 202. Retrying...
2022-11-03T03:49:36.7248862Z A path returned 202. Retrying...
2022-11-03T03:49:36.7249104Z A path returned 202. Retrying...
2022-11-03T03:49:36.7249413Z A path returned 202. Retrying...
2022-11-03T03:49:36.7249664Z A path returned 202. Retrying...
2022-11-03T03:49:36.7249908Z A path returned 202. Retrying...
2022-11-03T03:49:36.7250152Z A path returned 202. Retrying...
2022-11-03T03:49:36.7250393Z A path returned 202. Retrying...
2022-11-03T03:49:36.7250635Z A path returned 202. Retrying...
2022-11-03T03:49:36.7250864Z A path returned 202. Retrying...
2022-11-03T03:49:36.7251102Z A path returned 202. Retrying...
2022-11-03T03:49:36.7251349Z A path returned 202. Retrying...
2022-11-03T03:49:36.7251591Z A path returned 202. Retrying...
2022-11-03T03:49:36.7251837Z A path returned 202. Retrying...
2022-11-03T03:49:36.7252083Z A path returned 202. Retrying...
2022-11-03T03:49:36.7252330Z A path returned 202. Retrying...
2022-11-03T03:49:36.7252559Z A path returned 202. Retrying...
2022-11-03T03:49:36.7252804Z A path returned 202. Retrying...
2022-11-03T03:49:36.7253047Z A path returned 202. Retrying...
2022-11-03T03:49:36.7253287Z A path returned 202. Retrying...
2022-11-03T03:49:36.7253534Z A path returned 202. Retrying...
2022-11-03T03:49:36.7253780Z A path returned 202. Retrying...
2022-11-03T03:49:36.7254024Z A path returned 202. Retrying...
2022-11-03T03:49:36.7254268Z A path returned 202. Retrying...
2022-11-03T03:49:36.7254497Z A path returned 202. Retrying...
2022-11-03T03:49:36.7254742Z A path returned 202. Retrying...
2022-11-03T03:49:36.7254985Z A path returned 202. Retrying...
2022-11-03T03:49:36.7255231Z A path returned 202. Retrying...
2022-11-03T03:49:36.7255474Z A path returned 202. Retrying...
2022-11-03T03:49:36.7255717Z A path returned 202. Retrying...
2022-11-03T03:49:36.7255960Z A path returned 202. Retrying...
2022-11-03T03:49:36.7256206Z A path returned 202. Retrying...
2022-11-03T03:49:36.7256434Z A path returned 202. Retrying...
2022-11-03T03:49:36.7256676Z A path returned 202. Retrying...
2022-11-03T03:49:36.7256919Z A path returned 202. Retrying...
2022-11-03T03:49:36.7257177Z A path returned 202. Retrying...
2022-11-03T03:49:36.7257422Z A path returned 202. Retrying...
2022-11-03T03:49:36.7257730Z A path returned 202. Retrying...
2022-11-03T03:49:36.7257976Z A path returned 202. Retrying...
2022-11-03T03:49:36.7258218Z A path returned 202. Retrying...
2022-11-03T03:49:36.7258448Z A path returned 202. Retrying...
2022-11-03T03:49:36.7258692Z A path returned 202. Retrying...
2022-11-03T03:49:36.7258933Z A path returned 202. Retrying...
2022-11-03T03:49:36.7259177Z A path returned 202. Retrying...
2022-11-03T03:49:36.7259421Z A path returned 202. Retrying...
2022-11-03T03:49:36.7259667Z A path returned 202. Retrying...
2022-11-03T03:49:36.7259911Z A path returned 202. Retrying...
2022-11-03T03:49:36.7260158Z A path returned 202. Retrying...
2022-11-03T03:49:36.7260388Z A path returned 202. Retrying...
2022-11-03T03:49:36.7515956Z ##[group]Run git config --global user.name "jstrieb/github-stats"
2022-11-03T03:49:36.7516358Z [36;1mgit config --global user.name "jstrieb/github-stats"[0m
2022-11-03T03:49:36.7516734Z [36;1mgit config --global user.email "github-stats[bot]@jstrieb.github.io"[0m
2022-11-03T03:49:36.7517043Z [36;1mgit add .[0m
2022-11-03T03:49:36.7517326Z [36;1m# Force the build to succeed, even if no files were changed[0m
2022-11-03T03:49:36.7517655Z [36;1mgit commit -m 'Update generated files' || true[0m
2022-11-03T03:49:36.7517917Z [36;1mgit push[0m
2022-11-03T03:49:36.7567959Z shell: /usr/bin/bash -e {0}
2022-11-03T03:49:36.7568190Z env:
2022-11-03T03:49:36.7568473Z   pythonLocation: /opt/hostedtoolcache/Python/3.8.14/x64
2022-11-03T03:49:36.7568805Z   LD_LIBRARY_PATH: /opt/hostedtoolcache/Python/3.8.14/x64/lib
2022-11-03T03:49:36.7569076Z ##[endgroup]
2022-11-03T03:49:37.0701533Z [master 8311392] Update generated files
2022-11-03T03:49:37.0702372Z  2 files changed, 649 insertions(+), 1171 deletions(-)
2022-11-03T03:49:37.9424390Z To https://github.com/seanpm2001/GitHub_Stats_A
2022-11-03T03:49:37.9425222Z    0f74712..8311392  master -> master
2022-11-03T03:49:38.2397795Z Post job cleanup.
2022-11-03T03:49:38.3794729Z Cache hit occurred on the primary key Linux-pip-60f2a6c0212a9b74a155cd81b58dd07fd8b180833132566260d95f4de42fe218, not saving cache.
2022-11-03T03:49:38.3889170Z Post job cleanup.
2022-11-03T03:49:38.5314986Z Post job cleanup.
2022-11-03T03:49:38.6583560Z [command]/usr/bin/git version
2022-11-03T03:49:38.6635352Z git version 2.38.1
2022-11-03T03:49:38.6673412Z Copying '/home/runner/.gitconfig' to '/home/runner/work/_temp/0ad2c483-1d95-461d-b898-c9704dece89a/.gitconfig'
2022-11-03T03:49:38.6684624Z Temporarily overriding HOME='/home/runner/work/_temp/0ad2c483-1d95-461d-b898-c9704dece89a' before making global git config changes
2022-11-03T03:49:38.6685511Z Adding repository directory to the temporary git global config as a safe directory
2022-11-03T03:49:38.6691479Z [command]/usr/bin/git config --global --add safe.directory /home/runner/work/GitHub_Stats_A/GitHub_Stats_A
2022-11-03T03:49:38.6735685Z [command]/usr/bin/git config --local --name-only --get-regexp core\.sshCommand
2022-11-03T03:49:38.6773909Z [command]/usr/bin/git submodule foreach --recursive git config --local --name-only --get-regexp 'core\.sshCommand' && git config --local --unset-all 'core.sshCommand' || :
2022-11-03T03:49:38.7015009Z [command]/usr/bin/git config --local --name-only --get-regexp http\.https\:\/\/github\.com\/\.extraheader
2022-11-03T03:49:38.7044373Z http.https://github.com/.extraheader
2022-11-03T03:49:38.7053960Z [command]/usr/bin/git config --local --unset-all http.https://github.com/.extraheader
2022-11-03T03:49:38.7093649Z [command]/usr/bin/git submodule foreach --recursive git config --local --name-only --get-regexp 'http\.https\:\/\/github\.com\/\.extraheader' && git config --local --unset-all 'http.https://github.com/.extraheader' || :
2022-11-03T03:49:38.7575424Z Cleaning up orphan processes
