2022-10-12T02:50:41.4042939Z Requested labels: ubuntu-latest
2022-10-12T02:50:41.4042985Z Job defined at: seanpm2001/GitHub_Stats_A/.github/workflows/main.yml@refs/heads/master
2022-10-12T02:50:41.4043008Z Waiting for a runner to pick up this job...
2022-10-12T02:50:46.4257301Z Job is waiting for a hosted runner to come online.
2022-10-12T02:50:50.1727336Z Job is about to start running on the hosted runner: GitHub Actions 19 (hosted)
2022-10-12T02:50:52.5248838Z Current runner version: '2.298.2'
2022-10-12T02:50:52.5275540Z ##[group]Operating System
2022-10-12T02:50:52.5276104Z Ubuntu
2022-10-12T02:50:52.5276354Z 20.04.5
2022-10-12T02:50:52.5276672Z LTS
2022-10-12T02:50:52.5277041Z ##[endgroup]
2022-10-12T02:50:52.5277369Z ##[group]Runner Image
2022-10-12T02:50:52.5277685Z Image: ubuntu-20.04
2022-10-12T02:50:52.5278020Z Version: 20221002.2
2022-10-12T02:50:52.5278569Z Included Software: https://github.com/actions/runner-images/blob/ubuntu20/20221002.2/images/linux/Ubuntu2004-Readme.md
2022-10-12T02:50:52.5279266Z Image Release: https://github.com/actions/runner-images/releases/tag/ubuntu20%2F20221002.2
2022-10-12T02:50:52.5279683Z ##[endgroup]
2022-10-12T02:50:52.5280031Z ##[group]Runner Image Provisioner
2022-10-12T02:50:52.5280411Z 1.0.0.0-main-20220916-1
2022-10-12T02:50:52.5280783Z ##[endgroup]
2022-10-12T02:50:52.5281407Z ##[group]GITHUB_TOKEN Permissions
2022-10-12T02:50:52.5281964Z Contents: write
2022-10-12T02:50:52.5282446Z Metadata: read
2022-10-12T02:50:52.5282848Z ##[endgroup]
2022-10-12T02:50:52.5286734Z Secret source: Actions
2022-10-12T02:50:52.5287283Z Prepare workflow directory
2022-10-12T02:50:52.6142829Z Prepare all required actions
2022-10-12T02:50:52.6326826Z Getting action download info
2022-10-12T02:50:52.8600074Z Download action repository 'actions/checkout@v2' (SHA:7884fcad6b5d53d10323aee724dc68d8b9096a2e)
2022-10-12T02:50:53.4842035Z Download action repository 'actions/setup-python@v2' (SHA:7f80679172b057fc5e90d70d197929d454754a5a)
2022-10-12T02:50:54.1206251Z Download action repository 'actions/cache@v2' (SHA:937d24475381cd9c75ae6db12cb4e79714b926ed)
2022-10-12T02:50:54.9644720Z ##[group]Run actions/checkout@v2
2022-10-12T02:50:54.9645308Z with:
2022-10-12T02:50:54.9645650Z   repository: seanpm2001/GitHub_Stats_A
2022-10-12T02:50:54.9646221Z   token: ***
2022-10-12T02:50:54.9646454Z   ssh-strict: true
2022-10-12T02:50:54.9646755Z   persist-credentials: true
2022-10-12T02:50:54.9647093Z   clean: true
2022-10-12T02:50:54.9647378Z   fetch-depth: 1
2022-10-12T02:50:54.9647612Z   lfs: false
2022-10-12T02:50:54.9647876Z   submodules: false
2022-10-12T02:50:54.9648211Z   set-safe-directory: true
2022-10-12T02:50:54.9648517Z ##[endgroup]
2022-10-12T02:50:55.1297042Z ##[warning]The `save-state` command is deprecated and will be disabled soon. Please upgrade to using Environment Files. For more information see: https://github.blog/changelog/2022-10-11-github-actions-deprecating-save-state-and-set-output-commands/
2022-10-12T02:50:55.2076591Z Syncing repository: seanpm2001/GitHub_Stats_A
2022-10-12T02:50:55.2078301Z ##[group]Getting Git version info
2022-10-12T02:50:55.2078918Z Working directory is '/home/runner/work/GitHub_Stats_A/GitHub_Stats_A'
2022-10-12T02:50:55.2079432Z [command]/usr/bin/git version
2022-10-12T02:50:55.2111314Z git version 2.37.3
2022-10-12T02:50:55.2112430Z ##[endgroup]
2022-10-12T02:50:55.2126894Z Temporarily overriding HOME='/home/runner/work/_temp/0b9a3173-0dcd-48a7-92ad-b074ad1bb022' before making global git config changes
2022-10-12T02:50:55.2127510Z Adding repository directory to the temporary git global config as a safe directory
2022-10-12T02:50:55.2128139Z [command]/usr/bin/git config --global --add safe.directory /home/runner/work/GitHub_Stats_A/GitHub_Stats_A
2022-10-12T02:50:55.2130103Z ##[warning]The `save-state` command is deprecated and will be disabled soon. Please upgrade to using Environment Files. For more information see: https://github.blog/changelog/2022-10-11-github-actions-deprecating-save-state-and-set-output-commands/
2022-10-12T02:50:55.2131340Z Deleting the contents of '/home/runner/work/GitHub_Stats_A/GitHub_Stats_A'
2022-10-12T02:50:55.2132946Z ##[warning]The `save-state` command is deprecated and will be disabled soon. Please upgrade to using Environment Files. For more information see: https://github.blog/changelog/2022-10-11-github-actions-deprecating-save-state-and-set-output-commands/
2022-10-12T02:50:55.2134069Z ##[group]Initializing the repository
2022-10-12T02:50:55.2134708Z [command]/usr/bin/git init /home/runner/work/GitHub_Stats_A/GitHub_Stats_A
2022-10-12T02:50:55.2181019Z hint: Using 'master' as the name for the initial branch. This default branch name
2022-10-12T02:50:55.2181650Z hint: is subject to change. To configure the initial branch name to use in all
2022-10-12T02:50:55.2182153Z hint: of your new repositories, which will suppress this warning, call:
2022-10-12T02:50:55.2182493Z hint: 
2022-10-12T02:50:55.2186134Z hint: 	git config --global init.defaultBranch <name>
2022-10-12T02:50:55.2200344Z hint: 
2022-10-12T02:50:55.2200888Z hint: Names commonly chosen instead of 'master' are 'main', 'trunk' and
2022-10-12T02:50:55.2201355Z hint: 'development'. The just-created branch can be renamed via this command:
2022-10-12T02:50:55.2201637Z hint: 
2022-10-12T02:50:55.2201891Z hint: 	git branch -m <name>
2022-10-12T02:50:55.2202227Z Initialized empty Git repository in /home/runner/work/GitHub_Stats_A/GitHub_Stats_A/.git/
2022-10-12T02:50:55.2202656Z [command]/usr/bin/git remote add origin https://github.com/seanpm2001/GitHub_Stats_A
2022-10-12T02:50:55.2265743Z ##[endgroup]
2022-10-12T02:50:55.2266210Z ##[group]Disabling automatic garbage collection
2022-10-12T02:50:55.2269765Z [command]/usr/bin/git config --local gc.auto 0
2022-10-12T02:50:55.2298747Z ##[endgroup]
2022-10-12T02:50:55.2299460Z ##[group]Setting up auth
2022-10-12T02:50:55.2306607Z [command]/usr/bin/git config --local --name-only --get-regexp core\.sshCommand
2022-10-12T02:50:55.2338827Z [command]/usr/bin/git submodule foreach --recursive git config --local --name-only --get-regexp 'core\.sshCommand' && git config --local --unset-all 'core.sshCommand' || :
2022-10-12T02:50:55.2666057Z [command]/usr/bin/git config --local --name-only --get-regexp http\.https\:\/\/github\.com\/\.extraheader
2022-10-12T02:50:55.2684047Z [command]/usr/bin/git submodule foreach --recursive git config --local --name-only --get-regexp 'http\.https\:\/\/github\.com\/\.extraheader' && git config --local --unset-all 'http.https://github.com/.extraheader' || :
2022-10-12T02:50:55.2898421Z [command]/usr/bin/git config --local http.https://github.com/.extraheader AUTHORIZATION: basic ***
2022-10-12T02:50:55.2935897Z ##[endgroup]
2022-10-12T02:50:55.2936745Z ##[group]Fetching the repository
2022-10-12T02:50:55.2943750Z [command]/usr/bin/git -c protocol.version=2 fetch --no-tags --prune --progress --no-recurse-submodules --depth=1 origin +d3f6afa812c80341e2feacc284d7be53387bc472:refs/remotes/origin/master
2022-10-12T02:50:55.6068333Z remote: Enumerating objects: 1205, done.        
2022-10-12T02:50:55.6120143Z remote: Counting objects:   0% (1/1205)        
2022-10-12T02:50:55.6120475Z remote: Counting objects:   1% (13/1205)        
2022-10-12T02:50:55.6120729Z remote: Counting objects:   2% (25/1205)        
2022-10-12T02:50:55.6120979Z remote: Counting objects:   3% (37/1205)        
2022-10-12T02:50:55.6121565Z remote: Counting objects:   4% (49/1205)        
2022-10-12T02:50:55.6121822Z remote: Counting objects:   5% (61/1205)        
2022-10-12T02:50:55.6122065Z remote: Counting objects:   6% (73/1205)        
2022-10-12T02:50:55.6122320Z remote: Counting objects:   7% (85/1205)        
2022-10-12T02:50:55.6122565Z remote: Counting objects:   8% (97/1205)        
2022-10-12T02:50:55.6122825Z remote: Counting objects:   9% (109/1205)        
2022-10-12T02:50:55.6123078Z remote: Counting objects:  10% (121/1205)        
2022-10-12T02:50:55.6123333Z remote: Counting objects:  11% (133/1205)        
2022-10-12T02:50:55.6123591Z remote: Counting objects:  12% (145/1205)        
2022-10-12T02:50:55.6129193Z remote: Counting objects:  13% (157/1205)        
2022-10-12T02:50:55.6129605Z remote: Counting objects:  14% (169/1205)        
2022-10-12T02:50:55.6129864Z remote: Counting objects:  15% (181/1205)        
2022-10-12T02:50:55.6130122Z remote: Counting objects:  16% (193/1205)        
2022-10-12T02:50:55.6130376Z remote: Counting objects:  17% (205/1205)        
2022-10-12T02:50:55.6130624Z remote: Counting objects:  18% (217/1205)        
2022-10-12T02:50:55.6130868Z remote: Counting objects:  19% (229/1205)        
2022-10-12T02:50:55.6131333Z remote: Counting objects:  20% (241/1205)        
2022-10-12T02:50:55.6131577Z remote: Counting objects:  21% (254/1205)        
2022-10-12T02:50:55.6131826Z remote: Counting objects:  22% (266/1205)        
2022-10-12T02:50:55.6132062Z remote: Counting objects:  23% (278/1205)        
2022-10-12T02:50:55.6132305Z remote: Counting objects:  24% (290/1205)        
2022-10-12T02:50:55.6132543Z remote: Counting objects:  25% (302/1205)        
2022-10-12T02:50:55.6132787Z remote: Counting objects:  26% (314/1205)        
2022-10-12T02:50:55.6133027Z remote: Counting objects:  27% (326/1205)        
2022-10-12T02:50:55.6133293Z remote: Counting objects:  28% (338/1205)        
2022-10-12T02:50:55.6133535Z remote: Counting objects:  29% (350/1205)        
2022-10-12T02:50:55.6133775Z remote: Counting objects:  30% (362/1205)        
2022-10-12T02:50:55.6134007Z remote: Counting objects:  31% (374/1205)        
2022-10-12T02:50:55.6134300Z remote: Counting objects:  32% (386/1205)        
2022-10-12T02:50:55.6134549Z remote: Counting objects:  33% (398/1205)        
2022-10-12T02:50:55.6134786Z remote: Counting objects:  34% (410/1205)        
2022-10-12T02:50:55.6135024Z remote: Counting objects:  35% (422/1205)        
2022-10-12T02:50:55.6135265Z remote: Counting objects:  36% (434/1205)        
2022-10-12T02:50:55.6135505Z remote: Counting objects:  37% (446/1205)        
2022-10-12T02:50:55.6135743Z remote: Counting objects:  38% (458/1205)        
2022-10-12T02:50:55.6135978Z remote: Counting objects:  39% (470/1205)        
2022-10-12T02:50:55.6136286Z remote: Counting objects:  40% (482/1205)        
2022-10-12T02:50:55.6136532Z remote: Counting objects:  41% (495/1205)        
2022-10-12T02:50:55.6136777Z remote: Counting objects:  42% (507/1205)        
2022-10-12T02:50:55.6137006Z remote: Counting objects:  43% (519/1205)        
2022-10-12T02:50:55.6137247Z remote: Counting objects:  44% (531/1205)        
2022-10-12T02:50:55.6137484Z remote: Counting objects:  45% (543/1205)        
2022-10-12T02:50:55.6137724Z remote: Counting objects:  46% (555/1205)        
2022-10-12T02:50:55.6137968Z remote: Counting objects:  47% (567/1205)        
2022-10-12T02:50:55.6138202Z remote: Counting objects:  48% (579/1205)        
2022-10-12T02:50:55.6138443Z remote: Counting objects:  49% (591/1205)        
2022-10-12T02:50:55.6138683Z remote: Counting objects:  50% (603/1205)        
2022-10-12T02:50:55.6138922Z remote: Counting objects:  51% (615/1205)        
2022-10-12T02:50:55.6139155Z remote: Counting objects:  52% (627/1205)        
2022-10-12T02:50:55.6139398Z remote: Counting objects:  53% (639/1205)        
2022-10-12T02:50:55.6139640Z remote: Counting objects:  54% (651/1205)        
2022-10-12T02:50:55.6139880Z remote: Counting objects:  55% (663/1205)        
2022-10-12T02:50:55.6140106Z remote: Counting objects:  56% (675/1205)        
2022-10-12T02:50:55.6140345Z remote: Counting objects:  57% (687/1205)        
2022-10-12T02:50:55.6140585Z remote: Counting objects:  58% (699/1205)        
2022-10-12T02:50:55.6140825Z remote: Counting objects:  59% (711/1205)        
2022-10-12T02:50:55.6141052Z remote: Counting objects:  60% (723/1205)        
2022-10-12T02:50:55.6141287Z remote: Counting objects:  61% (736/1205)        
2022-10-12T02:50:55.6141524Z remote: Counting objects:  62% (748/1205)        
2022-10-12T02:50:55.6141761Z remote: Counting objects:  63% (760/1205)        
2022-10-12T02:50:55.6141992Z remote: Counting objects:  64% (772/1205)        
2022-10-12T02:50:55.6142345Z remote: Counting objects:  65% (784/1205)        
2022-10-12T02:50:55.6142588Z remote: Counting objects:  66% (796/1205)        
2022-10-12T02:50:55.6142825Z remote: Counting objects:  67% (808/1205)        
2022-10-12T02:50:55.6143067Z remote: Counting objects:  68% (820/1205)        
2022-10-12T02:50:55.6143292Z remote: Counting objects:  69% (832/1205)        
2022-10-12T02:50:55.6143530Z remote: Counting objects:  70% (844/1205)        
2022-10-12T02:50:55.6143825Z remote: Counting objects:  71% (856/1205)        
2022-10-12T02:50:55.6144061Z remote: Counting objects:  72% (868/1205)        
2022-10-12T02:50:55.6144295Z remote: Counting objects:  73% (880/1205)        
2022-10-12T02:50:55.6144522Z remote: Counting objects:  74% (892/1205)        
2022-10-12T02:50:55.6144765Z remote: Counting objects:  75% (904/1205)        
2022-10-12T02:50:55.6145003Z remote: Counting objects:  76% (916/1205)        
2022-10-12T02:50:55.6145245Z remote: Counting objects:  77% (928/1205)        
2022-10-12T02:50:55.6145480Z remote: Counting objects:  78% (940/1205)        
2022-10-12T02:50:55.6145721Z remote: Counting objects:  79% (952/1205)        
2022-10-12T02:50:55.6145963Z remote: Counting objects:  80% (964/1205)        
2022-10-12T02:50:55.6146198Z remote: Counting objects:  81% (977/1205)        
2022-10-12T02:50:55.6146434Z remote: Counting objects:  82% (989/1205)        
2022-10-12T02:50:55.6146683Z remote: Counting objects:  83% (1001/1205)        
2022-10-12T02:50:55.6146949Z remote: Counting objects:  84% (1013/1205)        
2022-10-12T02:50:55.6147212Z remote: Counting objects:  85% (1025/1205)        
2022-10-12T02:50:55.6147456Z remote: Counting objects:  86% (1037/1205)        
2022-10-12T02:50:55.6147716Z remote: Counting objects:  87% (1049/1205)        
2022-10-12T02:50:55.6147976Z remote: Counting objects:  88% (1061/1205)        
2022-10-12T02:50:55.6148255Z remote: Counting objects:  89% (1073/1205)        
2022-10-12T02:50:55.6148491Z remote: Counting objects:  90% (1085/1205)        
2022-10-12T02:50:55.6148741Z remote: Counting objects:  91% (1097/1205)        
2022-10-12T02:50:55.6149030Z remote: Counting objects:  92% (1109/1205)        
2022-10-12T02:50:55.6149294Z remote: Counting objects:  93% (1121/1205)        
2022-10-12T02:50:55.6149543Z remote: Counting objects:  94% (1133/1205)        
2022-10-12T02:50:55.6149779Z remote: Counting objects:  95% (1145/1205)        
2022-10-12T02:50:55.6150029Z remote: Counting objects:  96% (1157/1205)        
2022-10-12T02:50:55.6150277Z remote: Counting objects:  97% (1169/1205)        
2022-10-12T02:50:55.6150521Z remote: Counting objects:  98% (1181/1205)        
2022-10-12T02:50:55.6150756Z remote: Counting objects:  99% (1193/1205)        
2022-10-12T02:50:55.6151002Z remote: Counting objects: 100% (1205/1205)        
2022-10-12T02:50:55.6151271Z remote: Counting objects: 100% (1205/1205), done.        
2022-10-12T02:50:55.6379020Z remote: Compressing objects:   0% (1/428)        
2022-10-12T02:50:55.6379373Z remote: Compressing objects:   1% (5/428)        
2022-10-12T02:50:55.6380875Z remote: Compressing objects:   2% (9/428)        
2022-10-12T02:50:55.6381408Z remote: Compressing objects:   3% (13/428)        
2022-10-12T02:50:55.6382785Z remote: Compressing objects:   4% (18/428)        
2022-10-12T02:50:55.6383054Z remote: Compressing objects:   5% (22/428)        
2022-10-12T02:50:55.6383321Z remote: Compressing objects:   6% (26/428)        
2022-10-12T02:50:55.6383580Z remote: Compressing objects:   7% (30/428)        
2022-10-12T02:50:55.6385682Z remote: Compressing objects:   8% (35/428)        
2022-10-12T02:50:55.6386137Z remote: Compressing objects:   9% (39/428)        
2022-10-12T02:50:55.6386399Z remote: Compressing objects:  10% (43/428)        
2022-10-12T02:50:55.6386679Z remote: Compressing objects:  11% (48/428)        
2022-10-12T02:50:55.6386946Z remote: Compressing objects:  12% (52/428)        
2022-10-12T02:50:55.6387200Z remote: Compressing objects:  13% (56/428)        
2022-10-12T02:50:55.6387457Z remote: Compressing objects:  14% (60/428)        
2022-10-12T02:50:55.6387716Z remote: Compressing objects:  15% (65/428)        
2022-10-12T02:50:55.6387969Z remote: Compressing objects:  16% (69/428)        
2022-10-12T02:50:55.6388223Z remote: Compressing objects:  17% (73/428)        
2022-10-12T02:50:55.6388468Z remote: Compressing objects:  18% (78/428)        
2022-10-12T02:50:55.6388750Z remote: Compressing objects:  19% (82/428)        
2022-10-12T02:50:55.6389010Z remote: Compressing objects:  20% (86/428)        
2022-10-12T02:50:55.6389507Z remote: Compressing objects:  21% (90/428)        
2022-10-12T02:50:55.6423019Z remote: Compressing objects:  22% (95/428)        
2022-10-12T02:50:55.6541994Z remote: Compressing objects:  23% (99/428)        
2022-10-12T02:50:55.6620852Z remote: Compressing objects:  24% (103/428)        
2022-10-12T02:50:55.6740456Z remote: Compressing objects:  25% (107/428)        
2022-10-12T02:50:55.6810110Z remote: Compressing objects:  26% (112/428)        
2022-10-12T02:50:55.6825284Z remote: Compressing objects:  27% (116/428)        
2022-10-12T02:50:55.6827397Z remote: Compressing objects:  28% (120/428)        
2022-10-12T02:50:55.6839725Z remote: Compressing objects:  29% (125/428)        
2022-10-12T02:50:55.6868168Z remote: Compressing objects:  30% (129/428)        
2022-10-12T02:50:55.6928470Z remote: Compressing objects:  31% (133/428)        
2022-10-12T02:50:55.6944445Z remote: Compressing objects:  32% (137/428)        
2022-10-12T02:50:55.6992353Z remote: Compressing objects:  33% (142/428)        
2022-10-12T02:50:55.6995056Z remote: Compressing objects:  34% (146/428)        
2022-10-12T02:50:55.6999849Z remote: Compressing objects:  35% (150/428)        
2022-10-12T02:50:55.7000118Z remote: Compressing objects:  36% (155/428)        
2022-10-12T02:50:55.7000382Z remote: Compressing objects:  37% (159/428)        
2022-10-12T02:50:55.7031580Z remote: Compressing objects:  38% (163/428)        
2022-10-12T02:50:55.7031875Z remote: Compressing objects:  39% (167/428)        
2022-10-12T02:50:55.7032400Z remote: Compressing objects:  40% (172/428)        
2022-10-12T02:50:55.7032657Z remote: Compressing objects:  41% (176/428)        
2022-10-12T02:50:55.7032917Z remote: Compressing objects:  42% (180/428)        
2022-10-12T02:50:55.7033174Z remote: Compressing objects:  43% (185/428)        
2022-10-12T02:50:55.7033441Z remote: Compressing objects:  44% (189/428)        
2022-10-12T02:50:55.7033694Z remote: Compressing objects:  45% (193/428)        
2022-10-12T02:50:55.7037510Z remote: Compressing objects:  46% (197/428)        
2022-10-12T02:50:55.7039002Z remote: Compressing objects:  47% (202/428)        
2022-10-12T02:50:55.7124608Z remote: Compressing objects:  48% (206/428)        
2022-10-12T02:50:55.7124881Z remote: Compressing objects:  49% (210/428)        
2022-10-12T02:50:55.7125295Z remote: Compressing objects:  50% (214/428)        
2022-10-12T02:50:55.7125545Z remote: Compressing objects:  51% (219/428)        
2022-10-12T02:50:55.7125809Z remote: Compressing objects:  52% (223/428)        
2022-10-12T02:50:55.7126083Z remote: Compressing objects:  53% (227/428)        
2022-10-12T02:50:55.7126346Z remote: Compressing objects:  54% (232/428)        
2022-10-12T02:50:55.7126594Z remote: Compressing objects:  55% (236/428)        
2022-10-12T02:50:55.7126848Z remote: Compressing objects:  56% (240/428)        
2022-10-12T02:50:55.7127110Z remote: Compressing objects:  57% (244/428)        
2022-10-12T02:50:55.7127368Z remote: Compressing objects:  58% (249/428)        
2022-10-12T02:50:55.7127622Z remote: Compressing objects:  59% (253/428)        
2022-10-12T02:50:55.7127876Z remote: Compressing objects:  60% (257/428)        
2022-10-12T02:50:55.7128133Z remote: Compressing objects:  61% (262/428)        
2022-10-12T02:50:55.7128384Z remote: Compressing objects:  62% (266/428)        
2022-10-12T02:50:55.7128633Z remote: Compressing objects:  63% (270/428)        
2022-10-12T02:50:55.7128878Z remote: Compressing objects:  64% (274/428)        
2022-10-12T02:50:55.7129124Z remote: Compressing objects:  65% (279/428)        
2022-10-12T02:50:55.7129376Z remote: Compressing objects:  66% (283/428)        
2022-10-12T02:50:55.7129629Z remote: Compressing objects:  67% (287/428)        
2022-10-12T02:50:55.7129870Z remote: Compressing objects:  68% (292/428)        
2022-10-12T02:50:55.7130118Z remote: Compressing objects:  69% (296/428)        
2022-10-12T02:50:55.7130364Z remote: Compressing objects:  70% (300/428)        
2022-10-12T02:50:55.7130847Z remote: Compressing objects:  71% (304/428)        
2022-10-12T02:50:55.7131087Z remote: Compressing objects:  72% (309/428)        
2022-10-12T02:50:55.7131339Z remote: Compressing objects:  73% (313/428)        
2022-10-12T02:50:55.7131593Z remote: Compressing objects:  74% (317/428)        
2022-10-12T02:50:55.7131845Z remote: Compressing objects:  75% (321/428)        
2022-10-12T02:50:55.7132083Z remote: Compressing objects:  76% (326/428)        
2022-10-12T02:50:55.7132336Z remote: Compressing objects:  77% (330/428)        
2022-10-12T02:50:55.7132590Z remote: Compressing objects:  78% (334/428)        
2022-10-12T02:50:55.7132840Z remote: Compressing objects:  79% (339/428)        
2022-10-12T02:50:55.7133080Z remote: Compressing objects:  80% (343/428)        
2022-10-12T02:50:55.7133328Z remote: Compressing objects:  81% (347/428)        
2022-10-12T02:50:55.7133575Z remote: Compressing objects:  82% (351/428)        
2022-10-12T02:50:55.7133823Z remote: Compressing objects:  83% (356/428)        
2022-10-12T02:50:55.7134069Z remote: Compressing objects:  84% (360/428)        
2022-10-12T02:50:55.7134316Z remote: Compressing objects:  85% (364/428)        
2022-10-12T02:50:55.7134570Z remote: Compressing objects:  86% (369/428)        
2022-10-12T02:50:55.7134820Z remote: Compressing objects:  87% (373/428)        
2022-10-12T02:50:55.7135066Z remote: Compressing objects:  88% (377/428)        
2022-10-12T02:50:55.7135303Z remote: Compressing objects:  89% (381/428)        
2022-10-12T02:50:55.7135553Z remote: Compressing objects:  90% (386/428)        
2022-10-12T02:50:55.7135919Z remote: Compressing objects:  91% (390/428)        
2022-10-12T02:50:55.7136174Z remote: Compressing objects:  92% (394/428)        
2022-10-12T02:50:55.7136425Z remote: Compressing objects:  93% (399/428)        
2022-10-12T02:50:55.7136669Z remote: Compressing objects:  94% (403/428)        
2022-10-12T02:50:55.7136912Z remote: Compressing objects:  95% (407/428)        
2022-10-12T02:50:55.7137164Z remote: Compressing objects:  96% (411/428)        
2022-10-12T02:50:55.7137425Z remote: Compressing objects:  97% (416/428)        
2022-10-12T02:50:55.7137676Z remote: Compressing objects:  98% (420/428)        
2022-10-12T02:50:55.7137917Z remote: Compressing objects:  99% (424/428)        
2022-10-12T02:50:55.7138168Z remote: Compressing objects: 100% (428/428)        
2022-10-12T02:50:55.7138447Z remote: Compressing objects: 100% (428/428), done.        
2022-10-12T02:50:55.7170384Z Receiving objects:   0% (1/1205)
2022-10-12T02:50:55.7931824Z Receiving objects:   1% (13/1205)
2022-10-12T02:50:55.7940335Z Receiving objects:   2% (25/1205)
2022-10-12T02:50:55.7944514Z Receiving objects:   3% (37/1205)
2022-10-12T02:50:55.7965123Z Receiving objects:   4% (49/1205)
2022-10-12T02:50:55.7971259Z Receiving objects:   5% (61/1205)
2022-10-12T02:50:55.7971568Z Receiving objects:   6% (73/1205)
2022-10-12T02:50:55.7974939Z Receiving objects:   7% (85/1205)
2022-10-12T02:50:55.7975439Z Receiving objects:   8% (97/1205)
2022-10-12T02:50:55.7977819Z Receiving objects:   9% (109/1205)
2022-10-12T02:50:55.8057821Z Receiving objects:  10% (121/1205)
2022-10-12T02:50:55.8063150Z Receiving objects:  11% (133/1205)
2022-10-12T02:50:55.8064579Z Receiving objects:  12% (145/1205)
2022-10-12T02:50:55.8068130Z Receiving objects:  13% (157/1205)
2022-10-12T02:50:55.8079579Z Receiving objects:  14% (169/1205)
2022-10-12T02:50:55.8179307Z Receiving objects:  15% (181/1205)
2022-10-12T02:50:55.8180896Z Receiving objects:  16% (193/1205)
2022-10-12T02:50:55.8241598Z Receiving objects:  17% (205/1205)
2022-10-12T02:50:55.8242741Z Receiving objects:  18% (217/1205)
2022-10-12T02:50:55.8266062Z Receiving objects:  19% (229/1205)
2022-10-12T02:50:55.8266319Z Receiving objects:  20% (241/1205)
2022-10-12T02:50:55.8266547Z Receiving objects:  21% (254/1205)
2022-10-12T02:50:55.8266760Z Receiving objects:  22% (266/1205)
2022-10-12T02:50:55.8266980Z Receiving objects:  23% (278/1205)
2022-10-12T02:50:55.8267198Z Receiving objects:  24% (290/1205)
2022-10-12T02:50:55.8267600Z Receiving objects:  25% (302/1205)
2022-10-12T02:50:55.8267808Z Receiving objects:  26% (314/1205)
2022-10-12T02:50:55.8268029Z Receiving objects:  27% (326/1205)
2022-10-12T02:50:55.8268245Z Receiving objects:  28% (338/1205)
2022-10-12T02:50:55.8268464Z Receiving objects:  29% (350/1205)
2022-10-12T02:50:55.8268669Z Receiving objects:  30% (362/1205)
2022-10-12T02:50:55.8268885Z Receiving objects:  31% (374/1205)
2022-10-12T02:50:55.8269099Z Receiving objects:  32% (386/1205)
2022-10-12T02:50:55.8269311Z Receiving objects:  33% (398/1205)
2022-10-12T02:50:55.8269526Z Receiving objects:  34% (410/1205)
2022-10-12T02:50:55.8269742Z Receiving objects:  35% (422/1205)
2022-10-12T02:50:55.8269962Z Receiving objects:  36% (434/1205)
2022-10-12T02:50:55.8270178Z Receiving objects:  37% (446/1205)
2022-10-12T02:50:55.8270382Z Receiving objects:  38% (458/1205)
2022-10-12T02:50:55.8270596Z Receiving objects:  39% (470/1205)
2022-10-12T02:50:55.8270809Z Receiving objects:  40% (482/1205)
2022-10-12T02:50:55.8339514Z Receiving objects:  41% (495/1205)
2022-10-12T02:50:55.8339746Z Receiving objects:  42% (507/1205)
2022-10-12T02:50:55.8339965Z Receiving objects:  43% (519/1205)
2022-10-12T02:50:55.8344318Z Receiving objects:  44% (531/1205)
2022-10-12T02:50:55.8559314Z Receiving objects:  45% (543/1205)
2022-10-12T02:50:55.8573941Z Receiving objects:  46% (555/1205)
2022-10-12T02:50:55.8589146Z Receiving objects:  47% (567/1205)
2022-10-12T02:50:55.8609615Z Receiving objects:  48% (579/1205)
2022-10-12T02:50:55.8620597Z Receiving objects:  49% (591/1205)
2022-10-12T02:50:55.8690343Z Receiving objects:  50% (603/1205)
2022-10-12T02:50:55.8690605Z Receiving objects:  51% (615/1205)
2022-10-12T02:50:55.8698390Z Receiving objects:  52% (627/1205)
2022-10-12T02:50:55.8720082Z Receiving objects:  53% (639/1205)
2022-10-12T02:50:55.8727249Z Receiving objects:  54% (651/1205)
2022-10-12T02:50:55.8811683Z Receiving objects:  55% (663/1205)
2022-10-12T02:50:55.8876009Z Receiving objects:  56% (675/1205)
2022-10-12T02:50:55.8876391Z Receiving objects:  57% (687/1205)
2022-10-12T02:50:55.8884013Z Receiving objects:  58% (699/1205)
2022-10-12T02:50:55.8898901Z Receiving objects:  59% (711/1205)
2022-10-12T02:50:55.8921939Z Receiving objects:  60% (723/1205)
2022-10-12T02:50:55.8931322Z Receiving objects:  61% (736/1205)
2022-10-12T02:50:55.8932838Z Receiving objects:  62% (748/1205)
2022-10-12T02:50:55.8959924Z Receiving objects:  63% (760/1205)
2022-10-12T02:50:55.8977769Z Receiving objects:  64% (772/1205)
2022-10-12T02:50:55.8978357Z Receiving objects:  65% (784/1205)
2022-10-12T02:50:55.8998205Z Receiving objects:  66% (796/1205)
2022-10-12T02:50:55.9007786Z Receiving objects:  67% (808/1205)
2022-10-12T02:50:55.9008021Z Receiving objects:  68% (820/1205)
2022-10-12T02:50:55.9032807Z Receiving objects:  69% (832/1205)
2022-10-12T02:50:55.9037649Z Receiving objects:  70% (844/1205)
2022-10-12T02:50:55.9053112Z Receiving objects:  71% (856/1205)
2022-10-12T02:50:55.9062235Z Receiving objects:  72% (868/1205)
2022-10-12T02:50:55.9071520Z Receiving objects:  73% (880/1205)
2022-10-12T02:50:55.9082222Z Receiving objects:  74% (892/1205)
2022-10-12T02:50:55.9092227Z Receiving objects:  75% (904/1205)
2022-10-12T02:50:55.9102922Z Receiving objects:  76% (916/1205)
2022-10-12T02:50:55.9121338Z Receiving objects:  77% (928/1205)
2022-10-12T02:50:55.9148612Z Receiving objects:  78% (940/1205)
2022-10-12T02:50:55.9148872Z Receiving objects:  79% (952/1205)
2022-10-12T02:50:55.9170741Z Receiving objects:  80% (964/1205)
2022-10-12T02:50:55.9181245Z Receiving objects:  81% (977/1205)
2022-10-12T02:50:55.9193452Z Receiving objects:  82% (989/1205)
2022-10-12T02:50:55.9218594Z Receiving objects:  83% (1001/1205)
2022-10-12T02:50:55.9224597Z Receiving objects:  84% (1013/1205)
2022-10-12T02:50:55.9229521Z Receiving objects:  85% (1025/1205)
2022-10-12T02:50:55.9231754Z Receiving objects:  86% (1037/1205)
2022-10-12T02:50:55.9233369Z Receiving objects:  87% (1049/1205)
2022-10-12T02:50:55.9239422Z Receiving objects:  88% (1061/1205)
2022-10-12T02:50:55.9240109Z Receiving objects:  89% (1073/1205)
2022-10-12T02:50:55.9265374Z Receiving objects:  90% (1085/1205)
2022-10-12T02:50:55.9268113Z Receiving objects:  91% (1097/1205)
2022-10-12T02:50:55.9268541Z Receiving objects:  92% (1109/1205)
2022-10-12T02:50:55.9269122Z Receiving objects:  93% (1121/1205)
2022-10-12T02:50:55.9272997Z Receiving objects:  94% (1133/1205)
2022-10-12T02:50:55.9273376Z Receiving objects:  95% (1145/1205)
2022-10-12T02:50:55.9278102Z Receiving objects:  96% (1157/1205)
2022-10-12T02:50:55.9279221Z Receiving objects:  97% (1169/1205)
2022-10-12T02:50:55.9282706Z Receiving objects:  98% (1181/1205)
2022-10-12T02:50:55.9327798Z Receiving objects:  99% (1193/1205)
2022-10-12T02:50:55.9328634Z remote: Total 1205 (delta 574), reused 1127 (delta 549), pack-reused 0        
2022-10-12T02:50:55.9343458Z Receiving objects: 100% (1205/1205)
2022-10-12T02:50:55.9344008Z Receiving objects: 100% (1205/1205), 3.15 MiB | 14.45 MiB/s, done.
2022-10-12T02:50:55.9363550Z Resolving deltas:   0% (0/574)
2022-10-12T02:50:55.9385710Z Resolving deltas:   1% (6/574)
2022-10-12T02:50:55.9406579Z Resolving deltas:   2% (12/574)
2022-10-12T02:50:55.9423755Z Resolving deltas:   3% (18/574)
2022-10-12T02:50:55.9447418Z Resolving deltas:   4% (23/574)
2022-10-12T02:50:55.9477180Z Resolving deltas:   5% (29/574)
2022-10-12T02:50:55.9501815Z Resolving deltas:   6% (35/574)
2022-10-12T02:50:55.9521320Z Resolving deltas:   7% (41/574)
2022-10-12T02:50:55.9549284Z Resolving deltas:   8% (46/574)
2022-10-12T02:50:55.9578497Z Resolving deltas:   9% (52/574)
2022-10-12T02:50:55.9590443Z Resolving deltas:  10% (58/574)
2022-10-12T02:50:55.9592239Z Resolving deltas:  11% (64/574)
2022-10-12T02:50:55.9592702Z Resolving deltas:  12% (69/574)
2022-10-12T02:50:55.9597240Z Resolving deltas:  13% (75/574)
2022-10-12T02:50:55.9597611Z Resolving deltas:  14% (81/574)
2022-10-12T02:50:55.9597976Z Resolving deltas:  15% (87/574)
2022-10-12T02:50:55.9689712Z Resolving deltas:  16% (92/574)
2022-10-12T02:50:55.9689993Z Resolving deltas:  17% (98/574)
2022-10-12T02:50:55.9690228Z Resolving deltas:  18% (104/574)
2022-10-12T02:50:55.9690447Z Resolving deltas:  19% (110/574)
2022-10-12T02:50:55.9690671Z Resolving deltas:  20% (115/574)
2022-10-12T02:50:55.9690886Z Resolving deltas:  21% (121/574)
2022-10-12T02:50:55.9691112Z Resolving deltas:  22% (127/574)
2022-10-12T02:50:55.9691325Z Resolving deltas:  23% (133/574)
2022-10-12T02:50:55.9691538Z Resolving deltas:  24% (138/574)
2022-10-12T02:50:55.9691750Z Resolving deltas:  25% (144/574)
2022-10-12T02:50:55.9691959Z Resolving deltas:  26% (150/574)
2022-10-12T02:50:55.9692176Z Resolving deltas:  27% (155/574)
2022-10-12T02:50:55.9692383Z Resolving deltas:  28% (161/574)
2022-10-12T02:50:55.9692597Z Resolving deltas:  29% (167/574)
2022-10-12T02:50:55.9692811Z Resolving deltas:  30% (173/574)
2022-10-12T02:50:55.9693019Z Resolving deltas:  31% (178/574)
2022-10-12T02:50:55.9693226Z Resolving deltas:  32% (184/574)
2022-10-12T02:50:55.9693436Z Resolving deltas:  33% (190/574)
2022-10-12T02:50:55.9693650Z Resolving deltas:  34% (196/574)
2022-10-12T02:50:55.9693850Z Resolving deltas:  35% (201/574)
2022-10-12T02:50:55.9694055Z Resolving deltas:  36% (207/574)
2022-10-12T02:50:55.9694265Z Resolving deltas:  37% (213/574)
2022-10-12T02:50:55.9694469Z Resolving deltas:  38% (219/574)
2022-10-12T02:50:55.9694674Z Resolving deltas:  39% (224/574)
2022-10-12T02:50:55.9694880Z Resolving deltas:  40% (230/574)
2022-10-12T02:50:55.9695092Z Resolving deltas:  41% (236/574)
2022-10-12T02:50:55.9695301Z Resolving deltas:  42% (242/574)
2022-10-12T02:50:55.9695501Z Resolving deltas:  43% (247/574)
2022-10-12T02:50:55.9695711Z Resolving deltas:  44% (253/574)
2022-10-12T02:50:55.9695924Z Resolving deltas:  45% (259/574)
2022-10-12T02:50:55.9696132Z Resolving deltas:  46% (265/574)
2022-10-12T02:50:55.9696333Z Resolving deltas:  47% (270/574)
2022-10-12T02:50:55.9696537Z Resolving deltas:  48% (276/574)
2022-10-12T02:50:55.9696746Z Resolving deltas:  49% (282/574)
2022-10-12T02:50:55.9696957Z Resolving deltas:  50% (287/574)
2022-10-12T02:50:55.9697381Z Resolving deltas:  51% (293/574)
2022-10-12T02:50:55.9697589Z Resolving deltas:  52% (299/574)
2022-10-12T02:50:55.9697800Z Resolving deltas:  53% (305/574)
2022-10-12T02:50:55.9698013Z Resolving deltas:  54% (310/574)
2022-10-12T02:50:55.9698217Z Resolving deltas:  55% (316/574)
2022-10-12T02:50:55.9794198Z Resolving deltas:  56% (322/574)
2022-10-12T02:50:55.9844807Z Resolving deltas:  57% (328/574)
2022-10-12T02:50:55.9847386Z Resolving deltas:  58% (333/574)
2022-10-12T02:50:55.9900033Z Resolving deltas:  59% (339/574)
2022-10-12T02:50:55.9955136Z Resolving deltas:  60% (345/574)
2022-10-12T02:50:55.9963248Z Resolving deltas:  61% (351/574)
2022-10-12T02:50:55.9985090Z Resolving deltas:  62% (356/574)
2022-10-12T02:50:56.0067052Z Resolving deltas:  63% (362/574)
2022-10-12T02:50:56.0128442Z Resolving deltas:  64% (368/574)
2022-10-12T02:50:56.0160062Z Resolving deltas:  65% (374/574)
2022-10-12T02:50:56.0191824Z Resolving deltas:  66% (379/574)
2022-10-12T02:50:56.0196333Z Resolving deltas:  67% (385/574)
2022-10-12T02:50:56.0233804Z Resolving deltas:  68% (391/574)
2022-10-12T02:50:56.0275776Z Resolving deltas:  69% (397/574)
2022-10-12T02:50:56.0306941Z Resolving deltas:  70% (402/574)
2022-10-12T02:50:56.0333807Z Resolving deltas:  71% (408/574)
2022-10-12T02:50:56.0344340Z Resolving deltas:  72% (414/574)
2022-10-12T02:50:56.0346943Z Resolving deltas:  73% (420/574)
2022-10-12T02:50:56.0352455Z Resolving deltas:  74% (425/574)
2022-10-12T02:50:56.0358100Z Resolving deltas:  75% (431/574)
2022-10-12T02:50:56.0368659Z Resolving deltas:  76% (437/574)
2022-10-12T02:50:56.0380435Z Resolving deltas:  77% (442/574)
2022-10-12T02:50:56.0387360Z Resolving deltas:  78% (448/574)
2022-10-12T02:50:56.0390635Z Resolving deltas:  79% (454/574)
2022-10-12T02:50:56.0398271Z Resolving deltas:  80% (460/574)
2022-10-12T02:50:56.0402165Z Resolving deltas:  81% (465/574)
2022-10-12T02:50:56.0407895Z Resolving deltas:  82% (471/574)
2022-10-12T02:50:56.0412653Z Resolving deltas:  83% (477/574)
2022-10-12T02:50:56.0418452Z Resolving deltas:  84% (483/574)
2022-10-12T02:50:56.0424624Z Resolving deltas:  85% (488/574)
2022-10-12T02:50:56.0429797Z Resolving deltas:  86% (494/574)
2022-10-12T02:50:56.0434932Z Resolving deltas:  87% (500/574)
2022-10-12T02:50:56.0439763Z Resolving deltas:  88% (506/574)
2022-10-12T02:50:56.0447688Z Resolving deltas:  89% (511/574)
2022-10-12T02:50:56.0455890Z Resolving deltas:  90% (517/574)
2022-10-12T02:50:56.0459650Z Resolving deltas:  91% (523/574)
2022-10-12T02:50:56.0463572Z Resolving deltas:  92% (529/574)
2022-10-12T02:50:56.0467576Z Resolving deltas:  93% (534/574)
2022-10-12T02:50:56.0473398Z Resolving deltas:  94% (540/574)
2022-10-12T02:50:56.0477906Z Resolving deltas:  95% (546/574)
2022-10-12T02:50:56.0483526Z Resolving deltas:  96% (552/574)
2022-10-12T02:50:56.0495426Z Resolving deltas:  97% (557/574)
2022-10-12T02:50:56.0507999Z Resolving deltas:  98% (563/574)
2022-10-12T02:50:56.0523305Z Resolving deltas:  99% (569/574)
2022-10-12T02:50:56.0524019Z Resolving deltas: 100% (574/574)
2022-10-12T02:50:56.0524580Z Resolving deltas: 100% (574/574), done.
2022-10-12T02:50:56.0693948Z From https://github.com/seanpm2001/GitHub_Stats_A
2022-10-12T02:50:56.0694956Z  * [new ref]         d3f6afa812c80341e2feacc284d7be53387bc472 -> origin/master
2022-10-12T02:50:56.0715109Z ##[endgroup]
2022-10-12T02:50:56.0715806Z ##[group]Determining the checkout info
2022-10-12T02:50:56.0730020Z ##[endgroup]
2022-10-12T02:50:56.0730704Z ##[group]Checking out the ref
2022-10-12T02:50:56.0731522Z [command]/usr/bin/git checkout --progress --force -B master refs/remotes/origin/master
2022-10-12T02:50:56.2155947Z Reset branch 'master'
2022-10-12T02:50:56.2156712Z branch 'master' set up to track 'origin/master'.
2022-10-12T02:50:56.2166376Z ##[endgroup]
2022-10-12T02:50:56.2222242Z [command]/usr/bin/git log -1 --format='%H'
2022-10-12T02:50:56.2249738Z 'd3f6afa812c80341e2feacc284d7be53387bc472'
2022-10-12T02:50:56.2591883Z ##[group]Run actions/setup-python@v2
2022-10-12T02:50:56.2592236Z with:
2022-10-12T02:50:56.2592432Z   python-version: 3.8
2022-10-12T02:50:56.2592642Z   architecture: x64
2022-10-12T02:50:56.2593005Z   token: ***
2022-10-12T02:50:56.2593185Z ##[endgroup]
2022-10-12T02:50:56.4094621Z ##[warning]The `set-output` command is deprecated and will be disabled soon. Please upgrade to using Environment Files. For more information see: https://github.blog/changelog/2022-10-11-github-actions-deprecating-save-state-and-set-output-commands/
2022-10-12T02:50:56.4097893Z Successfully setup CPython (3.8.14)
2022-10-12T02:50:56.7639740Z ##[group]Run actions/cache@v2
2022-10-12T02:50:56.7639971Z with:
2022-10-12T02:50:56.7640151Z   path: ~/.cache/pip
2022-10-12T02:50:56.7640485Z   key: Linux-pip-60f2a6c0212a9b74a155cd81b58dd07fd8b180833132566260d95f4de42fe218
2022-10-12T02:50:56.7640833Z   restore-keys: Linux-pip-

2022-10-12T02:50:56.7641061Z env:
2022-10-12T02:50:56.7641307Z   pythonLocation: /opt/hostedtoolcache/Python/3.8.14/x64
2022-10-12T02:50:56.7641640Z   LD_LIBRARY_PATH: /opt/hostedtoolcache/Python/3.8.14/x64/lib
2022-10-12T02:50:56.7641903Z ##[endgroup]
2022-10-12T02:50:56.9138564Z ##[warning]The `save-state` command is deprecated and will be disabled soon. Please upgrade to using Environment Files. For more information see: https://github.blog/changelog/2022-10-11-github-actions-deprecating-save-state-and-set-output-commands/
2022-10-12T02:51:00.3400404Z Received 4175495 of 4175495 (100.0%), 6.0 MBs/sec
2022-10-12T02:51:00.3401148Z Cache Size: ~4 MB (4175495 B)
2022-10-12T02:51:00.3421945Z [command]/usr/bin/tar --use-compress-program zstd -d -xf /home/runner/work/_temp/9848b60f-e43f-49b9-9abd-48eb45b989f0/cache.tzst -P -C /home/runner/work/GitHub_Stats_A/GitHub_Stats_A
2022-10-12T02:51:00.3586149Z Cache restored successfully
2022-10-12T02:51:00.3598688Z ##[warning]The `save-state` command is deprecated and will be disabled soon. Please upgrade to using Environment Files. For more information see: https://github.blog/changelog/2022-10-11-github-actions-deprecating-save-state-and-set-output-commands/
2022-10-12T02:51:00.3623885Z 
2022-10-12T02:51:00.3625757Z ##[warning]The `set-output` command is deprecated and will be disabled soon. Please upgrade to using Environment Files. For more information see: https://github.blog/changelog/2022-10-11-github-actions-deprecating-save-state-and-set-output-commands/
2022-10-12T02:51:00.3627511Z Cache restored from key: Linux-pip-60f2a6c0212a9b74a155cd81b58dd07fd8b180833132566260d95f4de42fe218
2022-10-12T02:51:00.3770155Z ##[group]Run python3 -m pip install --upgrade pip setuptools wheel
2022-10-12T02:51:00.3770586Z [36;1mpython3 -m pip install --upgrade pip setuptools wheel[0m
2022-10-12T02:51:00.3770970Z [36;1mpython3 -m pip install -r requirements.txt[0m
2022-10-12T02:51:00.3826397Z shell: /usr/bin/bash -e {0}
2022-10-12T02:51:00.3826632Z env:
2022-10-12T02:51:00.3826907Z   pythonLocation: /opt/hostedtoolcache/Python/3.8.14/x64
2022-10-12T02:51:00.3827243Z   LD_LIBRARY_PATH: /opt/hostedtoolcache/Python/3.8.14/x64/lib
2022-10-12T02:51:00.3827520Z ##[endgroup]
2022-10-12T02:51:03.0944577Z Requirement already satisfied: pip in /opt/hostedtoolcache/Python/3.8.14/x64/lib/python3.8/site-packages (22.2.2)
2022-10-12T02:51:03.2252569Z Requirement already satisfied: setuptools in /opt/hostedtoolcache/Python/3.8.14/x64/lib/python3.8/site-packages (56.0.0)
2022-10-12T02:51:03.5101612Z Collecting setuptools
2022-10-12T02:51:03.7912055Z   Downloading setuptools-65.4.1-py3-none-any.whl (1.2 MB)
2022-10-12T02:51:03.9322458Z      ━━━━━━━━━━━━━━━━━━━━━━━━━━━━━━━━━━━━━━━━ 1.2/1.2 MB 8.9 MB/s eta 0:00:00
2022-10-12T02:51:03.9915659Z Collecting wheel
2022-10-12T02:51:03.9936398Z   Using cached wheel-0.37.1-py2.py3-none-any.whl (35 kB)
2022-10-12T02:51:04.1223083Z Installing collected packages: wheel, setuptools
2022-10-12T02:51:04.1497449Z   Attempting uninstall: setuptools
2022-10-12T02:51:04.1508256Z     Found existing installation: setuptools 56.0.0
2022-10-12T02:51:04.2063608Z     Uninstalling setuptools-56.0.0:
2022-10-12T02:51:04.2173952Z       Successfully uninstalled setuptools-56.0.0
2022-10-12T02:51:04.7496350Z Successfully installed setuptools-65.4.1 wheel-0.37.1
2022-10-12T02:51:06.4200602Z Collecting requests
2022-10-12T02:51:06.4223590Z   Using cached requests-2.28.1-py3-none-any.whl (62 kB)
2022-10-12T02:51:06.8345614Z Collecting aiohttp
2022-10-12T02:51:06.9556604Z   Downloading aiohttp-3.8.3-cp38-cp38-manylinux_2_17_x86_64.manylinux2014_x86_64.whl (1.0 MB)
2022-10-12T02:51:07.0136182Z      ━━━━━━━━━━━━━━━━━━━━━━━━━━━━━━━━━━━━━━━━ 1.0/1.0 MB 18.9 MB/s eta 0:00:00
2022-10-12T02:51:07.0847114Z Collecting charset-normalizer<3,>=2
2022-10-12T02:51:07.0874934Z   Using cached charset_normalizer-2.1.1-py3-none-any.whl (39 kB)
2022-10-12T02:51:07.2693711Z Collecting urllib3<1.27,>=1.21.1
2022-10-12T02:51:07.2718861Z   Using cached urllib3-1.26.12-py2.py3-none-any.whl (140 kB)
2022-10-12T02:51:07.3021796Z Collecting idna<4,>=2.5
2022-10-12T02:51:07.3171573Z   Downloading idna-3.4-py3-none-any.whl (61 kB)
2022-10-12T02:51:07.3268198Z      ━━━━━━━━━━━━━━━━━━━━━━━━━━━━━━━━━━━━━━━━ 61.5/61.5 kB 7.4 MB/s eta 0:00:00
2022-10-12T02:51:07.3629567Z Collecting certifi>=2017.4.17
2022-10-12T02:51:07.3757403Z   Downloading certifi-2022.9.24-py3-none-any.whl (161 kB)
2022-10-12T02:51:07.3813176Z      ━━━━━━━━━━━━━━━━━━━━━━━━━━━━━━━━━━━━━━ 161.1/161.1 kB 55.2 MB/s eta 0:00:00
2022-10-12T02:51:07.4280681Z Collecting attrs>=17.3.0
2022-10-12T02:51:07.4302198Z   Using cached attrs-22.1.0-py2.py3-none-any.whl (58 kB)
2022-10-12T02:51:07.4577103Z Collecting async-timeout<5.0,>=4.0.0a3
2022-10-12T02:51:07.4596623Z   Using cached async_timeout-4.0.2-py3-none-any.whl (5.8 kB)
2022-10-12T02:51:07.4818989Z Collecting aiosignal>=1.1.2
2022-10-12T02:51:07.4840762Z   Using cached aiosignal-1.2.0-py3-none-any.whl (8.2 kB)
2022-10-12T02:51:07.8485563Z Collecting multidict<7.0,>=4.5
2022-10-12T02:51:07.8512743Z   Using cached multidict-6.0.2-cp38-cp38-manylinux_2_17_x86_64.manylinux2014_x86_64.whl (121 kB)
2022-10-12T02:51:08.0601270Z Collecting yarl<2.0,>=1.0
2022-10-12T02:51:08.0625882Z   Using cached yarl-1.8.1-cp38-cp38-manylinux_2_17_x86_64.manylinux2014_x86_64.whl (262 kB)
2022-10-12T02:51:08.1503885Z Collecting frozenlist>=1.1.1
2022-10-12T02:51:08.1527056Z   Using cached frozenlist-1.3.1-cp38-cp38-manylinux_2_5_x86_64.manylinux1_x86_64.manylinux_2_17_x86_64.manylinux2014_x86_64.whl (161 kB)
2022-10-12T02:51:08.3696959Z Installing collected packages: urllib3, multidict, idna, frozenlist, charset-normalizer, certifi, attrs, async-timeout, yarl, requests, aiosignal, aiohttp
2022-10-12T02:51:08.8362320Z Successfully installed aiohttp-3.8.3 aiosignal-1.2.0 async-timeout-4.0.2 attrs-22.1.0 certifi-2022.9.24 charset-normalizer-2.1.1 frozenlist-1.3.1 idna-3.4 multidict-6.0.2 requests-2.28.1 urllib3-1.26.12 yarl-1.8.1
2022-10-12T02:51:09.4637188Z ##[group]Run python3 --version
2022-10-12T02:51:09.4637459Z [36;1mpython3 --version[0m
2022-10-12T02:51:09.4637702Z [36;1mpython3 generate_images.py[0m
2022-10-12T02:51:09.4689735Z shell: /usr/bin/bash -e {0}
2022-10-12T02:51:09.4689963Z env:
2022-10-12T02:51:09.4690234Z   pythonLocation: /opt/hostedtoolcache/Python/3.8.14/x64
2022-10-12T02:51:09.4690573Z   LD_LIBRARY_PATH: /opt/hostedtoolcache/Python/3.8.14/x64/lib
2022-10-12T02:51:09.4691256Z   ACCESS_TOKEN: ***
2022-10-12T02:51:09.4691578Z   GITHUB_TOKEN: ***
2022-10-12T02:51:09.4691776Z   EXCLUDED: 
2022-10-12T02:51:09.4691972Z   EXCLUDED_LANGS: 
2022-10-12T02:51:09.4692188Z   EXCLUDE_FORKED_REPOS: true
2022-10-12T02:51:09.4692402Z ##[endgroup]
2022-10-12T02:51:09.4780718Z Python 3.8.14
2022-10-12T03:00:36.6093571Z A path returned 202. Retrying...
2022-10-12T03:00:36.6094003Z A path returned 202. Retrying...
2022-10-12T03:00:36.6094319Z A path returned 202. Retrying...
2022-10-12T03:00:36.6094688Z A path returned 202. Retrying...
2022-10-12T03:00:36.6095009Z A path returned 202. Retrying...
2022-10-12T03:00:36.6095321Z A path returned 202. Retrying...
2022-10-12T03:00:36.6095606Z A path returned 202. Retrying...
2022-10-12T03:00:36.6095902Z A path returned 202. Retrying...
2022-10-12T03:00:36.6096889Z A path returned 202. Retrying...
2022-10-12T03:00:36.6097144Z A path returned 202. Retrying...
2022-10-12T03:00:36.6097424Z A path returned 202. Retrying...
2022-10-12T03:00:36.6097725Z A path returned 202. Retrying...
2022-10-12T03:00:36.6098021Z A path returned 202. Retrying...
2022-10-12T03:00:36.6098305Z A path returned 202. Retrying...
2022-10-12T03:00:36.6098593Z A path returned 202. Retrying...
2022-10-12T03:00:36.6098830Z A path returned 202. Retrying...
2022-10-12T03:00:36.6099124Z A path returned 202. Retrying...
2022-10-12T03:00:36.6099353Z A path returned 202. Retrying...
2022-10-12T03:00:36.6099651Z A path returned 202. Retrying...
2022-10-12T03:00:36.6099954Z A path returned 202. Retrying...
2022-10-12T03:00:36.6100200Z A path returned 202. Retrying...
2022-10-12T03:00:36.6100489Z A path returned 202. Retrying...
2022-10-12T03:00:36.6100725Z A path returned 202. Retrying...
2022-10-12T03:00:36.6101016Z A path returned 202. Retrying...
2022-10-12T03:00:36.6101311Z A path returned 202. Retrying...
2022-10-12T03:00:36.6101559Z A path returned 202. Retrying...
2022-10-12T03:00:36.6101780Z A path returned 202. Retrying...
2022-10-12T03:00:36.6101997Z A path returned 202. Retrying...
2022-10-12T03:00:36.6102208Z A path returned 202. Retrying...
2022-10-12T03:00:36.6102497Z A path returned 202. Retrying...
2022-10-12T03:00:36.6102710Z A path returned 202. Retrying...
2022-10-12T03:00:36.6103004Z A path returned 202. Retrying...
2022-10-12T03:00:36.6103352Z A path returned 202. Retrying...
2022-10-12T03:00:36.6103594Z A path returned 202. Retrying...
2022-10-12T03:00:36.6103813Z A path returned 202. Retrying...
2022-10-12T03:00:36.6104027Z A path returned 202. Retrying...
2022-10-12T03:00:36.6104324Z A path returned 202. Retrying...
2022-10-12T03:00:36.6104577Z A path returned 202. Retrying...
2022-10-12T03:00:36.6104872Z A path returned 202. Retrying...
2022-10-12T03:00:36.6105370Z A path returned 202. Retrying...
2022-10-12T03:00:36.6105675Z A path returned 202. Retrying...
2022-10-12T03:00:36.6105926Z A path returned 202. Retrying...
2022-10-12T03:00:36.6106149Z A path returned 202. Retrying...
2022-10-12T03:00:36.6106376Z A path returned 202. Retrying...
2022-10-12T03:00:36.6106599Z A path returned 202. Retrying...
2022-10-12T03:00:36.6106901Z A path returned 202. Retrying...
2022-10-12T03:00:36.6107176Z A path returned 202. Retrying...
2022-10-12T03:00:36.6107458Z A path returned 202. Retrying...
2022-10-12T03:00:36.6107697Z A path returned 202. Retrying...
2022-10-12T03:00:36.6107992Z A path returned 202. Retrying...
2022-10-12T03:00:36.6108318Z A path returned 202. Retrying...
2022-10-12T03:00:36.6108556Z A path returned 202. Retrying...
2022-10-12T03:00:36.6108846Z A path returned 202. Retrying...
2022-10-12T03:00:36.6109317Z A path returned 202. Retrying...
2022-10-12T03:00:36.6109625Z A path returned 202. Retrying...
2022-10-12T03:00:36.6109917Z A path returned 202. Retrying...
2022-10-12T03:00:36.6110213Z A path returned 202. Retrying...
2022-10-12T03:00:36.6110449Z A path returned 202. Retrying...
2022-10-12T03:00:36.6110742Z A path returned 202. Retrying...
2022-10-12T03:00:36.6110981Z A path returned 202. Retrying...
2022-10-12T03:00:36.6111200Z A path returned 202. Retrying...
2022-10-12T03:00:36.6111416Z A path returned 202. Retrying...
2022-10-12T03:00:36.6111633Z A path returned 202. Retrying...
2022-10-12T03:00:36.6111853Z A path returned 202. Retrying...
2022-10-12T03:00:36.6112072Z A path returned 202. Retrying...
2022-10-12T03:00:36.6112290Z A path returned 202. Retrying...
2022-10-12T03:00:36.6112508Z A path returned 202. Retrying...
2022-10-12T03:00:36.6112718Z A path returned 202. Retrying...
2022-10-12T03:00:36.6112935Z A path returned 202. Retrying...
2022-10-12T03:00:36.6113242Z A path returned 202. Retrying...
2022-10-12T03:00:36.6113535Z A path returned 202. Retrying...
2022-10-12T03:00:36.6113771Z A path returned 202. Retrying...
2022-10-12T03:00:36.6114067Z A path returned 202. Retrying...
2022-10-12T03:00:36.6114297Z A path returned 202. Retrying...
2022-10-12T03:00:36.6114659Z A path returned 202. Retrying...
2022-10-12T03:00:36.6114952Z A path returned 202. Retrying...
2022-10-12T03:00:36.6115186Z A path returned 202. Retrying...
2022-10-12T03:00:36.6115488Z A path returned 202. Retrying...
2022-10-12T03:00:36.6115773Z A path returned 202. Retrying...
2022-10-12T03:00:36.6116063Z A path returned 202. Retrying...
2022-10-12T03:00:36.6116356Z A path returned 202. Retrying...
2022-10-12T03:00:36.6116598Z A path returned 202. Retrying...
2022-10-12T03:00:36.6116816Z A path returned 202. Retrying...
2022-10-12T03:00:36.6117107Z A path returned 202. Retrying...
2022-10-12T03:00:36.6117397Z A path returned 202. Retrying...
2022-10-12T03:00:36.6117632Z A path returned 202. Retrying...
2022-10-12T03:00:36.6117859Z A path returned 202. Retrying...
2022-10-12T03:00:36.6118149Z A path returned 202. Retrying...
2022-10-12T03:00:36.6118412Z A path returned 202. Retrying...
2022-10-12T03:00:36.6118690Z A path returned 202. Retrying...
2022-10-12T03:00:36.6118930Z A path returned 202. Retrying...
2022-10-12T03:00:36.6119226Z A path returned 202. Retrying...
2022-10-12T03:00:36.6119514Z A path returned 202. Retrying...
2022-10-12T03:00:36.6119808Z A path returned 202. Retrying...
2022-10-12T03:00:36.6120083Z A path returned 202. Retrying...
2022-10-12T03:00:36.6120371Z A path returned 202. Retrying...
2022-10-12T03:00:36.6120604Z A path returned 202. Retrying...
2022-10-12T03:00:36.6120893Z A path returned 202. Retrying...
2022-10-12T03:00:36.6121127Z A path returned 202. Retrying...
2022-10-12T03:00:36.6121417Z A path returned 202. Retrying...
2022-10-12T03:00:36.6121694Z A path returned 202. Retrying...
2022-10-12T03:00:36.6121983Z A path returned 202. Retrying...
2022-10-12T03:00:36.6122229Z A path returned 202. Retrying...
2022-10-12T03:00:36.6122522Z A path returned 202. Retrying...
2022-10-12T03:00:36.6122811Z A path returned 202. Retrying...
2022-10-12T03:00:36.6123049Z A path returned 202. Retrying...
2022-10-12T03:00:36.6123272Z A path returned 202. Retrying...
2022-10-12T03:00:36.6123562Z A path returned 202. Retrying...
2022-10-12T03:00:36.6123822Z A path returned 202. Retrying...
2022-10-12T03:00:36.6124106Z A path returned 202. Retrying...
2022-10-12T03:00:36.6124339Z A path returned 202. Retrying...
2022-10-12T03:00:36.6124548Z A path returned 202. Retrying...
2022-10-12T03:00:36.6124837Z A path returned 202. Retrying...
2022-10-12T03:00:36.6125333Z A path returned 202. Retrying...
2022-10-12T03:00:36.6125573Z A path returned 202. Retrying...
2022-10-12T03:00:36.6125868Z A path returned 202. Retrying...
2022-10-12T03:00:36.6126120Z A path returned 202. Retrying...
2022-10-12T03:00:36.6126338Z A path returned 202. Retrying...
2022-10-12T03:00:36.6126563Z A path returned 202. Retrying...
2022-10-12T03:00:36.6126880Z A path returned 202. Retrying...
2022-10-12T03:00:36.6127093Z A path returned 202. Retrying...
2022-10-12T03:00:36.6127309Z A path returned 202. Retrying...
2022-10-12T03:00:36.6127609Z A path returned 202. Retrying...
2022-10-12T03:00:36.6127849Z A path returned 202. Retrying...
2022-10-12T03:00:36.6128092Z A path returned 202. Retrying...
2022-10-12T03:00:36.6128384Z A path returned 202. Retrying...
2022-10-12T03:00:36.6128635Z A path returned 202. Retrying...
2022-10-12T03:00:36.6128854Z A path returned 202. Retrying...
2022-10-12T03:00:36.6129076Z A path returned 202. Retrying...
2022-10-12T03:00:36.6129292Z A path returned 202. Retrying...
2022-10-12T03:00:36.6129504Z A path returned 202. Retrying...
2022-10-12T03:00:36.6129720Z A path returned 202. Retrying...
2022-10-12T03:00:36.6130014Z A path returned 202. Retrying...
2022-10-12T03:00:36.6130249Z A path returned 202. Retrying...
2022-10-12T03:00:36.6130536Z A path returned 202. Retrying...
2022-10-12T03:00:36.6130771Z A path returned 202. Retrying...
2022-10-12T03:00:36.6131064Z A path returned 202. Retrying...
2022-10-12T03:00:36.6131297Z A path returned 202. Retrying...
2022-10-12T03:00:36.6131592Z A path returned 202. Retrying...
2022-10-12T03:00:36.6131834Z A path returned 202. Retrying...
2022-10-12T03:00:36.6132109Z A path returned 202. Retrying...
2022-10-12T03:00:36.6132327Z A path returned 202. Retrying...
2022-10-12T03:00:36.6132624Z A path returned 202. Retrying...
2022-10-12T03:00:36.6132899Z A path returned 202. Retrying...
2022-10-12T03:00:36.6133186Z A path returned 202. Retrying...
2022-10-12T03:00:36.6133482Z A path returned 202. Retrying...
2022-10-12T03:00:36.6133769Z A path returned 202. Retrying...
2022-10-12T03:00:36.6134039Z A path returned 202. Retrying...
2022-10-12T03:00:36.6134327Z A path returned 202. Retrying...
2022-10-12T03:00:36.6134577Z A path returned 202. Retrying...
2022-10-12T03:00:36.6134785Z A path returned 202. Retrying...
2022-10-12T03:00:36.6135002Z A path returned 202. Retrying...
2022-10-12T03:00:36.6135222Z A path returned 202. Retrying...
2022-10-12T03:00:36.6135445Z A path returned 202. Retrying...
2022-10-12T03:00:36.6135665Z A path returned 202. Retrying...
2022-10-12T03:00:36.6135961Z A path returned 202. Retrying...
2022-10-12T03:00:36.6136194Z A path returned 202. Retrying...
2022-10-12T03:00:36.6136493Z A path returned 202. Retrying...
2022-10-12T03:00:36.6136731Z A path returned 202. Retrying...
2022-10-12T03:00:36.6136943Z A path returned 202. Retrying...
2022-10-12T03:00:36.6137233Z A path returned 202. Retrying...
2022-10-12T03:00:36.6137471Z A path returned 202. Retrying...
2022-10-12T03:00:36.6137688Z A path returned 202. Retrying...
2022-10-12T03:00:36.6137975Z A path returned 202. Retrying...
2022-10-12T03:00:36.6138226Z A path returned 202. Retrying...
2022-10-12T03:00:36.6138444Z A path returned 202. Retrying...
2022-10-12T03:00:36.6138660Z A path returned 202. Retrying...
2022-10-12T03:00:36.6138878Z A path returned 202. Retrying...
2022-10-12T03:00:36.6139176Z A path returned 202. Retrying...
2022-10-12T03:00:36.6139387Z A path returned 202. Retrying...
2022-10-12T03:00:36.6139681Z A path returned 202. Retrying...
2022-10-12T03:00:36.6139917Z A path returned 202. Retrying...
2022-10-12T03:00:36.6140135Z A path returned 202. Retrying...
2022-10-12T03:00:36.6140429Z A path returned 202. Retrying...
2022-10-12T03:00:36.6140705Z A path returned 202. Retrying...
2022-10-12T03:00:36.6140993Z A path returned 202. Retrying...
2022-10-12T03:00:36.6141232Z A path returned 202. Retrying...
2022-10-12T03:00:36.6141524Z A path returned 202. Retrying...
2022-10-12T03:00:36.6141770Z A path returned 202. Retrying...
2022-10-12T03:00:36.6141979Z A path returned 202. Retrying...
2022-10-12T03:00:36.6142194Z A path returned 202. Retrying...
2022-10-12T03:00:36.6142408Z A path returned 202. Retrying...
2022-10-12T03:00:36.6142794Z A path returned 202. Retrying...
2022-10-12T03:00:36.6143039Z A path returned 202. Retrying...
2022-10-12T03:00:36.6143252Z A path returned 202. Retrying...
2022-10-12T03:00:36.6143535Z A path returned 202. Retrying...
2022-10-12T03:00:36.6143759Z A path returned 202. Retrying...
2022-10-12T03:00:36.6143974Z A path returned 202. Retrying...
2022-10-12T03:00:36.6144263Z A path returned 202. Retrying...
2022-10-12T03:00:36.6144500Z A path returned 202. Retrying...
2022-10-12T03:00:36.6144798Z A path returned 202. Retrying...
2022-10-12T03:00:36.6145041Z A path returned 202. Retrying...
2022-10-12T03:00:36.6145261Z A path returned 202. Retrying...
2022-10-12T03:00:36.6145553Z A path returned 202. Retrying...
2022-10-12T03:00:36.6145795Z A path returned 202. Retrying...
2022-10-12T03:00:36.6146011Z A path returned 202. Retrying...
2022-10-12T03:00:36.6146228Z A path returned 202. Retrying...
2022-10-12T03:00:36.6146445Z A path returned 202. Retrying...
2022-10-12T03:00:36.6146732Z A path returned 202. Retrying...
2022-10-12T03:00:36.6146967Z A path returned 202. Retrying...
2022-10-12T03:00:36.6147182Z A path returned 202. Retrying...
2022-10-12T03:00:36.6147473Z A path returned 202. Retrying...
2022-10-12T03:00:36.6147708Z A path returned 202. Retrying...
2022-10-12T03:00:36.6147999Z A path returned 202. Retrying...
2022-10-12T03:00:36.6148233Z A path returned 202. Retrying...
2022-10-12T03:00:36.6148515Z A path returned 202. Retrying...
2022-10-12T03:00:36.6148864Z A path returned 202. Retrying...
2022-10-12T03:00:36.6149155Z A path returned 202. Retrying...
2022-10-12T03:00:36.6149425Z A path returned 202. Retrying...
2022-10-12T03:00:36.6149712Z A path returned 202. Retrying...
2022-10-12T03:00:36.6150007Z A path returned 202. Retrying...
2022-10-12T03:00:36.6150298Z A path returned 202. Retrying...
2022-10-12T03:00:36.6150540Z A path returned 202. Retrying...
2022-10-12T03:00:36.6150754Z A path returned 202. Retrying...
2022-10-12T03:00:36.6150970Z A path returned 202. Retrying...
2022-10-12T03:00:36.6151186Z A path returned 202. Retrying...
2022-10-12T03:00:36.6151474Z A path returned 202. Retrying...
2022-10-12T03:00:36.6151713Z A path returned 202. Retrying...
2022-10-12T03:00:36.6152003Z A path returned 202. Retrying...
2022-10-12T03:00:36.6152237Z A path returned 202. Retrying...
2022-10-12T03:00:36.6152451Z A path returned 202. Retrying...
2022-10-12T03:00:36.6152751Z A path returned 202. Retrying...
2022-10-12T03:00:36.6152966Z A path returned 202. Retrying...
2022-10-12T03:00:36.6153186Z A path returned 202. Retrying...
2022-10-12T03:00:36.6153402Z A path returned 202. Retrying...
2022-10-12T03:00:36.6153655Z A path returned 202. Retrying...
2022-10-12T03:00:36.6153871Z A path returned 202. Retrying...
2022-10-12T03:00:36.6154081Z A path returned 202. Retrying...
2022-10-12T03:00:36.6154298Z A path returned 202. Retrying...
2022-10-12T03:00:36.6154590Z A path returned 202. Retrying...
2022-10-12T03:00:36.6154823Z A path returned 202. Retrying...
2022-10-12T03:00:36.6155118Z A path returned 202. Retrying...
2022-10-12T03:00:36.6155350Z A path returned 202. Retrying...
2022-10-12T03:00:36.6155638Z A path returned 202. Retrying...
2022-10-12T03:00:36.6155874Z A path returned 202. Retrying...
2022-10-12T03:00:36.6156164Z A path returned 202. Retrying...
2022-10-12T03:00:36.6156408Z A path returned 202. Retrying...
2022-10-12T03:00:36.6156619Z A path returned 202. Retrying...
2022-10-12T03:00:36.6156836Z A path returned 202. Retrying...
2022-10-12T03:00:36.6157054Z A path returned 202. Retrying...
2022-10-12T03:00:36.6157349Z A path returned 202. Retrying...
2022-10-12T03:00:36.6157595Z A path returned 202. Retrying...
2022-10-12T03:00:36.6157813Z A path returned 202. Retrying...
2022-10-12T03:00:36.6158032Z A path returned 202. Retrying...
2022-10-12T03:00:36.6158252Z A path returned 202. Retrying...
2022-10-12T03:00:36.6158467Z A path returned 202. Retrying...
2022-10-12T03:00:36.6158759Z A path returned 202. Retrying...
2022-10-12T03:00:36.6158994Z A path returned 202. Retrying...
2022-10-12T03:09:32.8506614Z A path returned 202. Retrying...
2022-10-12T03:09:32.8506911Z A path returned 202. Retrying...
2022-10-12T03:09:32.8507144Z A path returned 202. Retrying...
2022-10-12T03:09:32.8507765Z A path returned 202. Retrying...
2022-10-12T03:09:32.8508005Z A path returned 202. Retrying...
2022-10-12T03:09:32.8508236Z A path returned 202. Retrying...
2022-10-12T03:09:32.8508466Z A path returned 202. Retrying...
2022-10-12T03:09:32.8508686Z A path returned 202. Retrying...
2022-10-12T03:09:32.8508919Z A path returned 202. Retrying...
2022-10-12T03:09:32.8509147Z A path returned 202. Retrying...
2022-10-12T03:09:32.8509369Z A path returned 202. Retrying...
2022-10-12T03:09:32.8509591Z A path returned 202. Retrying...
2022-10-12T03:09:32.8509811Z A path returned 202. Retrying...
2022-10-12T03:09:32.8510033Z A path returned 202. Retrying...
2022-10-12T03:09:32.8510243Z A path returned 202. Retrying...
2022-10-12T03:09:32.8510466Z A path returned 202. Retrying...
2022-10-12T03:09:32.8510684Z A path returned 202. Retrying...
2022-10-12T03:09:32.8510905Z A path returned 202. Retrying...
2022-10-12T03:09:32.8511127Z A path returned 202. Retrying...
2022-10-12T03:09:32.8511346Z A path returned 202. Retrying...
2022-10-12T03:09:32.8511566Z A path returned 202. Retrying...
2022-10-12T03:09:32.8511786Z A path returned 202. Retrying...
2022-10-12T03:09:32.8511997Z A path returned 202. Retrying...
2022-10-12T03:09:32.8512214Z A path returned 202. Retrying...
2022-10-12T03:09:32.8512528Z A path returned 202. Retrying...
2022-10-12T03:09:32.8512754Z A path returned 202. Retrying...
2022-10-12T03:09:32.8512975Z A path returned 202. Retrying...
2022-10-12T03:09:32.8513195Z A path returned 202. Retrying...
2022-10-12T03:09:32.8513595Z A path returned 202. Retrying...
2022-10-12T03:09:32.8513839Z A path returned 202. Retrying...
2022-10-12T03:09:32.8514139Z A path returned 202. Retrying...
2022-10-12T03:09:32.8514387Z A path returned 202. Retrying...
2022-10-12T03:09:32.8514601Z A path returned 202. Retrying...
2022-10-12T03:09:32.8514816Z A path returned 202. Retrying...
2022-10-12T03:09:32.8515257Z A path returned 202. Retrying...
2022-10-12T03:09:32.8515556Z A path returned 202. Retrying...
2022-10-12T03:09:32.8515858Z A path returned 202. Retrying...
2022-10-12T03:09:32.8516180Z A path returned 202. Retrying...
2022-10-12T03:09:32.8516515Z A path returned 202. Retrying...
2022-10-12T03:09:32.8516901Z A path returned 202. Retrying...
2022-10-12T03:09:32.8517200Z A path returned 202. Retrying...
2022-10-12T03:09:32.8517590Z A path returned 202. Retrying...
2022-10-12T03:09:32.8517923Z A path returned 202. Retrying...
2022-10-12T03:09:32.8518328Z A path returned 202. Retrying...
2022-10-12T03:09:32.8518696Z A path returned 202. Retrying...
2022-10-12T03:09:32.8519027Z A path returned 202. Retrying...
2022-10-12T03:09:32.8519421Z A path returned 202. Retrying...
2022-10-12T03:09:32.8519796Z A path returned 202. Retrying...
2022-10-12T03:09:32.8520163Z A path returned 202. Retrying...
2022-10-12T03:09:32.8520548Z A path returned 202. Retrying...
2022-10-12T03:09:32.8520938Z A path returned 202. Retrying...
2022-10-12T03:09:32.8521309Z A path returned 202. Retrying...
2022-10-12T03:09:32.8521673Z A path returned 202. Retrying...
2022-10-12T03:09:32.8522055Z A path returned 202. Retrying...
2022-10-12T03:09:32.8522377Z A path returned 202. Retrying...
2022-10-12T03:09:32.8522771Z A path returned 202. Retrying...
2022-10-12T03:09:32.8523140Z A path returned 202. Retrying...
2022-10-12T03:09:32.8523527Z A path returned 202. Retrying...
2022-10-12T03:09:32.8523892Z A path returned 202. Retrying...
2022-10-12T03:09:32.8524287Z A path returned 202. Retrying...
2022-10-12T03:09:32.8524653Z A path returned 202. Retrying...
2022-10-12T03:09:32.8525027Z A path returned 202. Retrying...
2022-10-12T03:09:32.8525560Z A path returned 202. Retrying...
2022-10-12T03:09:32.8525968Z A path returned 202. Retrying...
2022-10-12T03:09:32.8526344Z A path returned 202. Retrying...
2022-10-12T03:09:32.8526711Z A path returned 202. Retrying...
2022-10-12T03:09:32.8527085Z A path returned 202. Retrying...
2022-10-12T03:09:32.8527437Z A path returned 202. Retrying...
2022-10-12T03:09:32.8527818Z A path returned 202. Retrying...
2022-10-12T03:09:32.8528220Z A path returned 202. Retrying...
2022-10-12T03:09:32.8528512Z A path returned 202. Retrying...
2022-10-12T03:09:32.8528910Z A path returned 202. Retrying...
2022-10-12T03:09:32.8529292Z A path returned 202. Retrying...
2022-10-12T03:09:32.8529658Z A path returned 202. Retrying...
2022-10-12T03:09:32.8530024Z A path returned 202. Retrying...
2022-10-12T03:09:32.8530417Z A path returned 202. Retrying...
2022-10-12T03:09:32.8530795Z A path returned 202. Retrying...
2022-10-12T03:09:32.8531162Z A path returned 202. Retrying...
2022-10-12T03:09:32.8531484Z A path returned 202. Retrying...
2022-10-12T03:09:32.8531851Z A path returned 202. Retrying...
2022-10-12T03:09:32.8532259Z A path returned 202. Retrying...
2022-10-12T03:09:32.8532630Z A path returned 202. Retrying...
2022-10-12T03:09:32.8533012Z A path returned 202. Retrying...
2022-10-12T03:09:32.8533416Z A path returned 202. Retrying...
2022-10-12T03:09:32.8533800Z A path returned 202. Retrying...
2022-10-12T03:09:32.8534170Z A path returned 202. Retrying...
2022-10-12T03:09:32.8534540Z A path returned 202. Retrying...
2022-10-12T03:09:32.8534930Z A path returned 202. Retrying...
2022-10-12T03:09:32.8535309Z A path returned 202. Retrying...
2022-10-12T03:09:32.8535678Z A path returned 202. Retrying...
2022-10-12T03:09:32.8536069Z A path returned 202. Retrying...
2022-10-12T03:09:32.8536439Z A path returned 202. Retrying...
2022-10-12T03:09:32.8536851Z A path returned 202. Retrying...
2022-10-12T03:09:32.8537222Z A path returned 202. Retrying...
2022-10-12T03:09:32.8537588Z A path returned 202. Retrying...
2022-10-12T03:09:32.8537947Z A path returned 202. Retrying...
2022-10-12T03:09:32.8538351Z A path returned 202. Retrying...
2022-10-12T03:09:32.8538721Z A path returned 202. Retrying...
2022-10-12T03:09:32.8539090Z A path returned 202. Retrying...
2022-10-12T03:09:32.8539468Z A path returned 202. Retrying...
2022-10-12T03:09:32.8539862Z A path returned 202. Retrying...
2022-10-12T03:09:32.8540226Z A path returned 202. Retrying...
2022-10-12T03:09:32.8540549Z A path returned 202. Retrying...
2022-10-12T03:09:32.8540919Z A path returned 202. Retrying...
2022-10-12T03:09:32.8541331Z A path returned 202. Retrying...
2022-10-12T03:09:32.8541700Z A path returned 202. Retrying...
2022-10-12T03:09:32.8542073Z A path returned 202. Retrying...
2022-10-12T03:09:32.8542456Z A path returned 202. Retrying...
2022-10-12T03:09:32.8542856Z A path returned 202. Retrying...
2022-10-12T03:09:32.8543219Z A path returned 202. Retrying...
2022-10-12T03:09:32.8543582Z A path returned 202. Retrying...
2022-10-12T03:09:32.8543967Z A path returned 202. Retrying...
2022-10-12T03:09:32.8544353Z A path returned 202. Retrying...
2022-10-12T03:09:32.8544723Z A path returned 202. Retrying...
2022-10-12T03:09:32.8545043Z A path returned 202. Retrying...
2022-10-12T03:09:32.8545431Z A path returned 202. Retrying...
2022-10-12T03:09:32.8545804Z A path returned 202. Retrying...
2022-10-12T03:09:32.8546210Z A path returned 202. Retrying...
2022-10-12T03:09:32.8546589Z A path returned 202. Retrying...
2022-10-12T03:09:32.8546970Z A path returned 202. Retrying...
2022-10-12T03:09:32.8547369Z A path returned 202. Retrying...
2022-10-12T03:09:32.8547739Z A path returned 202. Retrying...
2022-10-12T03:09:32.8548110Z A path returned 202. Retrying...
2022-10-12T03:09:32.8548489Z A path returned 202. Retrying...
2022-10-12T03:09:32.8548832Z A path returned 202. Retrying...
2022-10-12T03:09:32.8549127Z A path returned 202. Retrying...
2022-10-12T03:09:32.8549462Z A path returned 202. Retrying...
2022-10-12T03:09:32.8549840Z A path returned 202. Retrying...
2022-10-12T03:09:32.8550201Z A path returned 202. Retrying...
2022-10-12T03:09:32.8550594Z A path returned 202. Retrying...
2022-10-12T03:09:32.8550957Z A path returned 202. Retrying...
2022-10-12T03:09:32.8551330Z A path returned 202. Retrying...
2022-10-12T03:09:32.8551691Z A path returned 202. Retrying...
2022-10-12T03:09:32.8552087Z A path returned 202. Retrying...
2022-10-12T03:09:32.8552453Z A path returned 202. Retrying...
2022-10-12T03:09:32.8552898Z A path returned 202. Retrying...
2022-10-12T03:09:32.8553273Z A path returned 202. Retrying...
2022-10-12T03:09:32.8553663Z A path returned 202. Retrying...
2022-10-12T03:09:32.8553991Z A path returned 202. Retrying...
2022-10-12T03:09:32.8554374Z A path returned 202. Retrying...
2022-10-12T03:09:32.8554745Z A path returned 202. Retrying...
2022-10-12T03:09:32.8555136Z A path returned 202. Retrying...
2022-10-12T03:09:32.8555502Z A path returned 202. Retrying...
2022-10-12T03:09:32.8555882Z A path returned 202. Retrying...
2022-10-12T03:09:32.8556246Z A path returned 202. Retrying...
2022-10-12T03:09:32.8556634Z A path returned 202. Retrying...
2022-10-12T03:09:32.8557009Z A path returned 202. Retrying...
2022-10-12T03:09:32.8557371Z A path returned 202. Retrying...
2022-10-12T03:09:32.8557731Z A path returned 202. Retrying...
2022-10-12T03:09:32.8558112Z A path returned 202. Retrying...
2022-10-12T03:09:32.8558434Z A path returned 202. Retrying...
2022-10-12T03:09:32.8558813Z A path returned 202. Retrying...
2022-10-12T03:09:32.8559173Z A path returned 202. Retrying...
2022-10-12T03:09:32.8559540Z A path returned 202. Retrying...
2022-10-12T03:09:32.8559936Z A path returned 202. Retrying...
2022-10-12T03:09:32.8560317Z A path returned 202. Retrying...
2022-10-12T03:09:32.8560686Z A path returned 202. Retrying...
2022-10-12T03:09:32.8561146Z A path returned 202. Retrying...
2022-10-12T03:09:32.8561528Z A path returned 202. Retrying...
2022-10-12T03:09:32.8561894Z A path returned 202. Retrying...
2022-10-12T03:09:32.8562255Z A path returned 202. Retrying...
2022-10-12T03:09:32.8562643Z A path returned 202. Retrying...
2022-10-12T03:09:32.8562982Z A path returned 202. Retrying...
2022-10-12T03:09:32.8563350Z A path returned 202. Retrying...
2022-10-12T03:09:32.8563716Z A path returned 202. Retrying...
2022-10-12T03:09:32.8564089Z A path returned 202. Retrying...
2022-10-12T03:09:32.8564511Z A path returned 202. Retrying...
2022-10-12T03:09:32.8564875Z A path returned 202. Retrying...
2022-10-12T03:09:32.8565359Z A path returned 202. Retrying...
2022-10-12T03:09:32.8565730Z A path returned 202. Retrying...
2022-10-12T03:09:32.8566143Z A path returned 202. Retrying...
2022-10-12T03:09:32.8566504Z A path returned 202. Retrying...
2022-10-12T03:09:32.8566867Z A path returned 202. Retrying...
2022-10-12T03:09:32.8567235Z A path returned 202. Retrying...
2022-10-12T03:09:32.8567596Z A path returned 202. Retrying...
2022-10-12T03:09:32.8567964Z A path returned 202. Retrying...
2022-10-12T03:09:32.8568331Z A path returned 202. Retrying...
2022-10-12T03:09:32.8568694Z A path returned 202. Retrying...
2022-10-12T03:09:32.8569097Z A path returned 202. Retrying...
2022-10-12T03:09:32.8569465Z A path returned 202. Retrying...
2022-10-12T03:09:32.8569833Z A path returned 202. Retrying...
2022-10-12T03:09:32.8570206Z A path returned 202. Retrying...
2022-10-12T03:09:32.8570611Z A path returned 202. Retrying...
2022-10-12T03:09:32.8570978Z A path returned 202. Retrying...
2022-10-12T03:09:32.8571340Z A path returned 202. Retrying...
2022-10-12T03:09:32.8571719Z A path returned 202. Retrying...
2022-10-12T03:09:32.8572046Z A path returned 202. Retrying...
2022-10-12T03:09:32.8572444Z A path returned 202. Retrying...
2022-10-12T03:09:32.8572810Z A path returned 202. Retrying...
2022-10-12T03:09:32.8573176Z A path returned 202. Retrying...
2022-10-12T03:09:32.8573556Z A path returned 202. Retrying...
2022-10-12T03:09:32.8573895Z A path returned 202. Retrying...
2022-10-12T03:09:32.8574263Z A path returned 202. Retrying...
2022-10-12T03:09:32.8574642Z A path returned 202. Retrying...
2022-10-12T03:09:32.8575040Z A path returned 202. Retrying...
2022-10-12T03:09:32.8575408Z A path returned 202. Retrying...
2022-10-12T03:09:32.8575774Z A path returned 202. Retrying...
2022-10-12T03:09:32.8576147Z A path returned 202. Retrying...
2022-10-12T03:09:32.8576538Z A path returned 202. Retrying...
2022-10-12T03:09:32.8576858Z A path returned 202. Retrying...
2022-10-12T03:09:32.8577229Z A path returned 202. Retrying...
2022-10-12T03:09:32.8577689Z A path returned 202. Retrying...
2022-10-12T03:09:32.8578061Z A path returned 202. Retrying...
2022-10-12T03:09:32.8578456Z A path returned 202. Retrying...
2022-10-12T03:09:32.8578862Z A path returned 202. Retrying...
2022-10-12T03:09:32.8579244Z A path returned 202. Retrying...
2022-10-12T03:09:32.8579615Z A path returned 202. Retrying...
2022-10-12T03:09:32.8580009Z A path returned 202. Retrying...
2022-10-12T03:09:32.8580374Z A path returned 202. Retrying...
2022-10-12T03:09:32.8580753Z A path returned 202. Retrying...
2022-10-12T03:09:32.8581118Z A path returned 202. Retrying...
2022-10-12T03:09:32.8581462Z A path returned 202. Retrying...
2022-10-12T03:09:32.8581838Z A path returned 202. Retrying...
2022-10-12T03:09:32.8582217Z A path returned 202. Retrying...
2022-10-12T03:09:32.8582579Z A path returned 202. Retrying...
2022-10-12T03:09:32.8582976Z A path returned 202. Retrying...
2022-10-12T03:09:32.8583338Z A path returned 202. Retrying...
2022-10-12T03:09:32.8583710Z A path returned 202. Retrying...
2022-10-12T03:09:32.8584077Z A path returned 202. Retrying...
2022-10-12T03:09:32.8584464Z A path returned 202. Retrying...
2022-10-12T03:09:32.8584844Z A path returned 202. Retrying...
2022-10-12T03:09:32.8585212Z A path returned 202. Retrying...
2022-10-12T03:09:32.8585578Z A path returned 202. Retrying...
2022-10-12T03:09:32.8585968Z A path returned 202. Retrying...
2022-10-12T03:09:32.8586385Z A path returned 202. Retrying...
2022-10-12T03:09:32.8586757Z A path returned 202. Retrying...
2022-10-12T03:09:32.8587132Z A path returned 202. Retrying...
2022-10-12T03:09:32.8587511Z A path returned 202. Retrying...
2022-10-12T03:09:32.8587890Z A path returned 202. Retrying...
2022-10-12T03:09:32.8588260Z A path returned 202. Retrying...
2022-10-12T03:09:32.8588625Z A path returned 202. Retrying...
2022-10-12T03:09:32.8589012Z A path returned 202. Retrying...
2022-10-12T03:09:32.8589389Z A path returned 202. Retrying...
2022-10-12T03:09:32.8589760Z A path returned 202. Retrying...
2022-10-12T03:09:32.8590124Z A path returned 202. Retrying...
2022-10-12T03:09:32.8590443Z A path returned 202. Retrying...
2022-10-12T03:09:32.8590849Z A path returned 202. Retrying...
2022-10-12T03:09:32.8591212Z A path returned 202. Retrying...
2022-10-12T03:09:32.8591577Z A path returned 202. Retrying...
2022-10-12T03:09:32.8591954Z A path returned 202. Retrying...
2022-10-12T03:09:32.8592357Z A path returned 202. Retrying...
2022-10-12T03:09:32.8592728Z A path returned 202. Retrying...
2022-10-12T03:09:32.8593094Z A path returned 202. Retrying...
2022-10-12T03:09:32.8593454Z A path returned 202. Retrying...
2022-10-12T03:09:32.8593854Z A path returned 202. Retrying...
2022-10-12T03:09:32.8594216Z A path returned 202. Retrying...
2022-10-12T03:09:32.8594579Z A path returned 202. Retrying...
2022-10-12T03:09:32.8594896Z A path returned 202. Retrying...
2022-10-12T03:18:29.7599700Z A path returned 202. Retrying...
2022-10-12T03:18:29.7599994Z A path returned 202. Retrying...
2022-10-12T03:18:29.7600220Z A path returned 202. Retrying...
2022-10-12T03:18:29.7600458Z A path returned 202. Retrying...
2022-10-12T03:18:29.7600688Z A path returned 202. Retrying...
2022-10-12T03:18:29.7600919Z A path returned 202. Retrying...
2022-10-12T03:18:29.7601149Z A path returned 202. Retrying...
2022-10-12T03:18:29.7601375Z A path returned 202. Retrying...
2022-10-12T03:18:29.7601605Z A path returned 202. Retrying...
2022-10-12T03:18:29.7601821Z A path returned 202. Retrying...
2022-10-12T03:18:29.7602042Z A path returned 202. Retrying...
2022-10-12T03:18:29.7602257Z A path returned 202. Retrying...
2022-10-12T03:18:29.7602475Z A path returned 202. Retrying...
2022-10-12T03:18:29.7602694Z A path returned 202. Retrying...
2022-10-12T03:18:29.7602912Z A path returned 202. Retrying...
2022-10-12T03:18:29.7603127Z A path returned 202. Retrying...
2022-10-12T03:18:29.7603336Z A path returned 202. Retrying...
2022-10-12T03:18:29.7603553Z A path returned 202. Retrying...
2022-10-12T03:18:29.7603773Z A path returned 202. Retrying...
2022-10-12T03:18:29.7604305Z A path returned 202. Retrying...
2022-10-12T03:18:29.7604530Z A path returned 202. Retrying...
2022-10-12T03:18:29.7604746Z A path returned 202. Retrying...
2022-10-12T03:18:29.7604965Z A path returned 202. Retrying...
2022-10-12T03:18:29.7605339Z A path returned 202. Retrying...
2022-10-12T03:18:29.7605554Z A path returned 202. Retrying...
2022-10-12T03:18:29.7605777Z A path returned 202. Retrying...
2022-10-12T03:18:29.7605998Z A path returned 202. Retrying...
2022-10-12T03:18:29.7606222Z A path returned 202. Retrying...
2022-10-12T03:18:29.7606447Z A path returned 202. Retrying...
2022-10-12T03:18:29.7606668Z A path returned 202. Retrying...
2022-10-12T03:18:29.7606888Z A path returned 202. Retrying...
2022-10-12T03:18:29.7607105Z A path returned 202. Retrying...
2022-10-12T03:18:29.7607319Z A path returned 202. Retrying...
2022-10-12T03:18:29.7607535Z A path returned 202. Retrying...
2022-10-12T03:18:29.7607759Z A path returned 202. Retrying...
2022-10-12T03:18:29.7607975Z A path returned 202. Retrying...
2022-10-12T03:18:29.7608196Z A path returned 202. Retrying...
2022-10-12T03:18:29.7608415Z A path returned 202. Retrying...
2022-10-12T03:18:29.7608632Z A path returned 202. Retrying...
2022-10-12T03:18:29.7608843Z A path returned 202. Retrying...
2022-10-12T03:18:29.7609066Z A path returned 202. Retrying...
2022-10-12T03:18:29.7609383Z A path returned 202. Retrying...
2022-10-12T03:18:29.7609603Z A path returned 202. Retrying...
2022-10-12T03:18:29.7609822Z A path returned 202. Retrying...
2022-10-12T03:18:29.7610042Z A path returned 202. Retrying...
2022-10-12T03:18:29.7610263Z A path returned 202. Retrying...
2022-10-12T03:18:29.7610482Z A path returned 202. Retrying...
2022-10-12T03:18:29.7610692Z A path returned 202. Retrying...
2022-10-12T03:18:29.7610907Z A path returned 202. Retrying...
2022-10-12T03:18:29.7611126Z A path returned 202. Retrying...
2022-10-12T03:18:29.7611346Z A path returned 202. Retrying...
2022-10-12T03:18:29.7611567Z A path returned 202. Retrying...
2022-10-12T03:18:29.7611786Z A path returned 202. Retrying...
2022-10-12T03:18:29.7612002Z A path returned 202. Retrying...
2022-10-12T03:18:29.7612217Z A path returned 202. Retrying...
2022-10-12T03:18:29.7612426Z A path returned 202. Retrying...
2022-10-12T03:18:29.7612647Z A path returned 202. Retrying...
2022-10-12T03:18:29.7612867Z A path returned 202. Retrying...
2022-10-12T03:18:29.7613083Z A path returned 202. Retrying...
2022-10-12T03:18:29.7613300Z A path returned 202. Retrying...
2022-10-12T03:18:29.7613681Z A path returned 202. Retrying...
2022-10-12T03:18:29.7613905Z A path returned 202. Retrying...
2022-10-12T03:18:29.7614112Z A path returned 202. Retrying...
2022-10-12T03:18:29.7614328Z A path returned 202. Retrying...
2022-10-12T03:18:29.7614543Z A path returned 202. Retrying...
2022-10-12T03:18:29.7614761Z A path returned 202. Retrying...
2022-10-12T03:18:29.7615363Z A path returned 202. Retrying...
2022-10-12T03:18:29.7615609Z A path returned 202. Retrying...
2022-10-12T03:18:29.7615902Z A path returned 202. Retrying...
2022-10-12T03:18:29.7616142Z A path returned 202. Retrying...
2022-10-12T03:18:29.7616435Z A path returned 202. Retrying...
2022-10-12T03:18:29.7616666Z A path returned 202. Retrying...
2022-10-12T03:18:29.7616879Z A path returned 202. Retrying...
2022-10-12T03:18:29.7617170Z A path returned 202. Retrying...
2022-10-12T03:18:29.7617408Z A path returned 202. Retrying...
2022-10-12T03:18:29.7617625Z A path returned 202. Retrying...
2022-10-12T03:18:29.7617910Z A path returned 202. Retrying...
2022-10-12T03:18:29.7618148Z A path returned 202. Retrying...
2022-10-12T03:18:29.7618437Z A path returned 202. Retrying...
2022-10-12T03:18:29.7618655Z A path returned 202. Retrying...
2022-10-12T03:18:29.7618944Z A path returned 202. Retrying...
2022-10-12T03:18:29.7619183Z A path returned 202. Retrying...
2022-10-12T03:18:29.7619465Z A path returned 202. Retrying...
2022-10-12T03:18:29.7619705Z A path returned 202. Retrying...
2022-10-12T03:18:29.7619928Z A path returned 202. Retrying...
2022-10-12T03:18:29.7620290Z A path returned 202. Retrying...
2022-10-12T03:18:29.7620594Z A path returned 202. Retrying...
2022-10-12T03:18:29.7620828Z A path returned 202. Retrying...
2022-10-12T03:18:29.7621126Z A path returned 202. Retrying...
2022-10-12T03:18:29.7621361Z A path returned 202. Retrying...
2022-10-12T03:18:29.7621650Z A path returned 202. Retrying...
2022-10-12T03:18:29.7621889Z A path returned 202. Retrying...
2022-10-12T03:18:29.7622108Z A path returned 202. Retrying...
2022-10-12T03:18:29.7622390Z A path returned 202. Retrying...
2022-10-12T03:18:29.7622622Z A path returned 202. Retrying...
2022-10-12T03:18:29.7622909Z A path returned 202. Retrying...
2022-10-12T03:18:29.7623141Z A path returned 202. Retrying...
2022-10-12T03:18:29.7623432Z A path returned 202. Retrying...
2022-10-12T03:18:29.7623665Z A path returned 202. Retrying...
2022-10-12T03:18:29.7623950Z A path returned 202. Retrying...
2022-10-12T03:18:29.7624181Z A path returned 202. Retrying...
2022-10-12T03:18:29.7624473Z A path returned 202. Retrying...
2022-10-12T03:18:29.7624714Z A path returned 202. Retrying...
2022-10-12T03:18:29.7624931Z A path returned 202. Retrying...
2022-10-12T03:18:29.7625220Z A path returned 202. Retrying...
2022-10-12T03:18:29.7625461Z A path returned 202. Retrying...
2022-10-12T03:18:29.7625749Z A path returned 202. Retrying...
2022-10-12T03:18:29.7626103Z A path returned 202. Retrying...
2022-10-12T03:18:29.7626338Z A path returned 202. Retrying...
2022-10-12T03:18:29.7626555Z A path returned 202. Retrying...
2022-10-12T03:18:29.7626843Z A path returned 202. Retrying...
2022-10-12T03:18:29.7627143Z A path returned 202. Retrying...
2022-10-12T03:18:29.7627435Z A path returned 202. Retrying...
2022-10-12T03:18:29.7627675Z A path returned 202. Retrying...
2022-10-12T03:18:29.7627887Z A path returned 202. Retrying...
2022-10-12T03:18:29.7628179Z A path returned 202. Retrying...
2022-10-12T03:18:29.7628422Z A path returned 202. Retrying...
2022-10-12T03:18:29.7628642Z A path returned 202. Retrying...
2022-10-12T03:18:29.7628867Z A path returned 202. Retrying...
2022-10-12T03:18:29.7629158Z A path returned 202. Retrying...
2022-10-12T03:18:29.7629392Z A path returned 202. Retrying...
2022-10-12T03:18:29.7629679Z A path returned 202. Retrying...
2022-10-12T03:18:29.7629914Z A path returned 202. Retrying...
2022-10-12T03:18:29.7630208Z A path returned 202. Retrying...
2022-10-12T03:18:29.7630446Z A path returned 202. Retrying...
2022-10-12T03:18:29.7630664Z A path returned 202. Retrying...
2022-10-12T03:18:29.7630958Z A path returned 202. Retrying...
2022-10-12T03:18:29.7631201Z A path returned 202. Retrying...
2022-10-12T03:18:29.7631422Z A path returned 202. Retrying...
2022-10-12T03:18:29.7631713Z A path returned 202. Retrying...
2022-10-12T03:18:29.7631953Z A path returned 202. Retrying...
2022-10-12T03:18:29.7632177Z A path returned 202. Retrying...
2022-10-12T03:18:29.7632462Z A path returned 202. Retrying...
2022-10-12T03:18:29.7632695Z A path returned 202. Retrying...
2022-10-12T03:18:29.7632982Z A path returned 202. Retrying...
2022-10-12T03:18:29.7633212Z A path returned 202. Retrying...
2022-10-12T03:18:29.7633432Z A path returned 202. Retrying...
2022-10-12T03:18:29.7633736Z A path returned 202. Retrying...
2022-10-12T03:18:29.7633956Z A path returned 202. Retrying...
2022-10-12T03:18:29.7634175Z A path returned 202. Retrying...
2022-10-12T03:18:29.7634399Z A path returned 202. Retrying...
2022-10-12T03:18:29.7634622Z A path returned 202. Retrying...
2022-10-12T03:18:29.7634840Z A path returned 202. Retrying...
2022-10-12T03:18:29.7635120Z A path returned 202. Retrying...
2022-10-12T03:18:29.7635359Z A path returned 202. Retrying...
2022-10-12T03:18:29.7635580Z A path returned 202. Retrying...
2022-10-12T03:18:29.7635870Z A path returned 202. Retrying...
2022-10-12T03:18:29.7636112Z A path returned 202. Retrying...
2022-10-12T03:18:29.7636334Z A path returned 202. Retrying...
2022-10-12T03:18:29.7636620Z A path returned 202. Retrying...
2022-10-12T03:18:29.7636959Z A path returned 202. Retrying...
2022-10-12T03:18:29.7637192Z A path returned 202. Retrying...
2022-10-12T03:18:29.7637467Z A path returned 202. Retrying...
2022-10-12T03:18:29.7637759Z A path returned 202. Retrying...
2022-10-12T03:18:29.7637997Z A path returned 202. Retrying...
2022-10-12T03:18:29.7638284Z A path returned 202. Retrying...
2022-10-12T03:18:29.7638563Z A path returned 202. Retrying...
2022-10-12T03:18:29.7638859Z A path returned 202. Retrying...
2022-10-12T03:18:29.7639096Z A path returned 202. Retrying...
2022-10-12T03:18:29.7639387Z A path returned 202. Retrying...
2022-10-12T03:18:29.7639621Z A path returned 202. Retrying...
2022-10-12T03:18:29.7639910Z A path returned 202. Retrying...
2022-10-12T03:18:29.7640147Z A path returned 202. Retrying...
2022-10-12T03:18:29.7640433Z A path returned 202. Retrying...
2022-10-12T03:18:29.7640665Z A path returned 202. Retrying...
2022-10-12T03:18:29.7640874Z A path returned 202. Retrying...
2022-10-12T03:18:29.7641162Z A path returned 202. Retrying...
2022-10-12T03:18:29.7641392Z A path returned 202. Retrying...
2022-10-12T03:18:29.7641684Z A path returned 202. Retrying...
2022-10-12T03:18:29.7641923Z A path returned 202. Retrying...
2022-10-12T03:18:29.7642139Z A path returned 202. Retrying...
2022-10-12T03:18:29.7642426Z A path returned 202. Retrying...
2022-10-12T03:18:29.7642659Z A path returned 202. Retrying...
2022-10-12T03:18:29.7642931Z A path returned 202. Retrying...
2022-10-12T03:18:29.7643218Z A path returned 202. Retrying...
2022-10-12T03:18:29.7643447Z A path returned 202. Retrying...
2022-10-12T03:18:29.7643663Z A path returned 202. Retrying...
2022-10-12T03:18:29.7643970Z A path returned 202. Retrying...
2022-10-12T03:18:29.7644188Z A path returned 202. Retrying...
2022-10-12T03:18:29.7644404Z A path returned 202. Retrying...
2022-10-12T03:18:29.7644620Z A path returned 202. Retrying...
2022-10-12T03:18:29.7644839Z A path returned 202. Retrying...
2022-10-12T03:18:29.7645053Z A path returned 202. Retrying...
2022-10-12T03:18:29.7645375Z A path returned 202. Retrying...
2022-10-12T03:18:29.7645665Z A path returned 202. Retrying...
2022-10-12T03:18:29.7646007Z A path returned 202. Retrying...
2022-10-12T03:18:29.7646297Z A path returned 202. Retrying...
2022-10-12T03:18:29.7646534Z A path returned 202. Retrying...
2022-10-12T03:18:29.7646819Z A path returned 202. Retrying...
2022-10-12T03:18:29.7647143Z A path returned 202. Retrying...
2022-10-12T03:18:29.7647440Z A path returned 202. Retrying...
2022-10-12T03:18:29.7647684Z A path returned 202. Retrying...
2022-10-12T03:18:29.7647900Z A path returned 202. Retrying...
2022-10-12T03:18:29.7648114Z A path returned 202. Retrying...
2022-10-12T03:18:29.7648322Z A path returned 202. Retrying...
2022-10-12T03:18:29.7648535Z A path returned 202. Retrying...
2022-10-12T03:18:29.7648751Z A path returned 202. Retrying...
2022-10-12T03:18:29.7649042Z A path returned 202. Retrying...
2022-10-12T03:18:29.7649285Z A path returned 202. Retrying...
2022-10-12T03:18:29.7649501Z A path returned 202. Retrying...
2022-10-12T03:18:29.7649715Z A path returned 202. Retrying...
2022-10-12T03:18:29.7650013Z A path returned 202. Retrying...
2022-10-12T03:18:29.7650255Z A path returned 202. Retrying...
2022-10-12T03:18:29.7650465Z A path returned 202. Retrying...
2022-10-12T03:18:29.7650760Z A path returned 202. Retrying...
2022-10-12T03:18:29.7651083Z A path returned 202. Retrying...
2022-10-12T03:18:29.7651403Z A path returned 202. Retrying...
2022-10-12T03:18:29.7651642Z A path returned 202. Retrying...
2022-10-12T03:18:29.7651864Z A path returned 202. Retrying...
2022-10-12T03:18:29.7652153Z A path returned 202. Retrying...
2022-10-12T03:18:29.7652369Z A path returned 202. Retrying...
2022-10-12T03:18:29.7652655Z A path returned 202. Retrying...
2022-10-12T03:18:29.7652929Z A path returned 202. Retrying...
2022-10-12T03:18:29.7653209Z A path returned 202. Retrying...
2022-10-12T03:18:29.7653497Z A path returned 202. Retrying...
2022-10-12T03:18:29.7653783Z A path returned 202. Retrying...
2022-10-12T03:18:29.7654073Z A path returned 202. Retrying...
2022-10-12T03:18:29.7654481Z A path returned 202. Retrying...
2022-10-12T03:18:29.7654802Z A path returned 202. Retrying...
2022-10-12T03:18:29.7655025Z A path returned 202. Retrying...
2022-10-12T03:18:29.7655243Z A path returned 202. Retrying...
2022-10-12T03:18:29.7655461Z A path returned 202. Retrying...
2022-10-12T03:18:29.7655761Z A path returned 202. Retrying...
2022-10-12T03:18:29.7655972Z A path returned 202. Retrying...
2022-10-12T03:18:29.7656270Z A path returned 202. Retrying...
2022-10-12T03:18:29.7656561Z A path returned 202. Retrying...
2022-10-12T03:18:29.7656851Z A path returned 202. Retrying...
2022-10-12T03:18:29.7657091Z A path returned 202. Retrying...
2022-10-12T03:18:29.7657383Z A path returned 202. Retrying...
2022-10-12T03:18:29.7657616Z A path returned 202. Retrying...
2022-10-12T03:18:29.7657905Z A path returned 202. Retrying...
2022-10-12T03:18:29.7658170Z A path returned 202. Retrying...
2022-10-12T03:18:29.7658456Z A path returned 202. Retrying...
2022-10-12T03:18:29.7658689Z A path returned 202. Retrying...
2022-10-12T03:18:29.7658973Z A path returned 202. Retrying...
2022-10-12T03:18:29.7659241Z A path returned 202. Retrying...
2022-10-12T03:18:29.7659531Z A path returned 202. Retrying...
2022-10-12T03:18:29.7659771Z A path returned 202. Retrying...
2022-10-12T03:18:29.7659989Z A path returned 202. Retrying...
2022-10-12T03:18:29.7660266Z A path returned 202. Retrying...
2022-10-12T03:18:29.7660562Z A path returned 202. Retrying...
2022-10-12T03:18:29.7660873Z A path returned 202. Retrying...
2022-10-12T03:18:29.7661103Z A path returned 202. Retrying...
2022-10-12T03:18:29.7661389Z A path returned 202. Retrying...
2022-10-12T03:18:29.7661698Z A path returned 202. Retrying...
2022-10-12T03:18:29.7661994Z A path returned 202. Retrying...
2022-10-12T03:18:29.7662390Z A path returned 202. Retrying...
2022-10-12T03:18:29.7662628Z A path returned 202. Retrying...
2022-10-12T03:27:26.4644270Z A path returned 202. Retrying...
2022-10-12T03:27:26.4645082Z A path returned 202. Retrying...
2022-10-12T03:27:26.4645490Z A path returned 202. Retrying...
2022-10-12T03:27:26.4645750Z A path returned 202. Retrying...
2022-10-12T03:27:26.4645986Z A path returned 202. Retrying...
2022-10-12T03:27:26.4646213Z A path returned 202. Retrying...
2022-10-12T03:27:26.4646443Z A path returned 202. Retrying...
2022-10-12T03:27:26.4646673Z A path returned 202. Retrying...
2022-10-12T03:27:26.4646894Z A path returned 202. Retrying...
2022-10-12T03:27:26.4647109Z A path returned 202. Retrying...
2022-10-12T03:27:26.4647328Z A path returned 202. Retrying...
2022-10-12T03:27:26.4647544Z A path returned 202. Retrying...
2022-10-12T03:27:26.4647763Z A path returned 202. Retrying...
2022-10-12T03:27:26.4647984Z A path returned 202. Retrying...
2022-10-12T03:27:26.4648200Z A path returned 202. Retrying...
2022-10-12T03:27:26.4648417Z A path returned 202. Retrying...
2022-10-12T03:27:26.4648634Z A path returned 202. Retrying...
2022-10-12T03:27:26.4648844Z A path returned 202. Retrying...
2022-10-12T03:27:26.4649067Z A path returned 202. Retrying...
2022-10-12T03:27:26.4649292Z A path returned 202. Retrying...
2022-10-12T03:27:26.4649509Z A path returned 202. Retrying...
2022-10-12T03:27:26.4649726Z A path returned 202. Retrying...
2022-10-12T03:27:26.4649946Z A path returned 202. Retrying...
2022-10-12T03:27:26.4650169Z A path returned 202. Retrying...
2022-10-12T03:27:26.4650386Z A path returned 202. Retrying...
2022-10-12T03:27:26.4650596Z A path returned 202. Retrying...
2022-10-12T03:27:26.4650808Z A path returned 202. Retrying...
2022-10-12T03:27:26.4651030Z A path returned 202. Retrying...
2022-10-12T03:27:26.4651249Z A path returned 202. Retrying...
2022-10-12T03:27:26.4651466Z A path returned 202. Retrying...
2022-10-12T03:27:26.4651680Z A path returned 202. Retrying...
2022-10-12T03:27:26.4651900Z A path returned 202. Retrying...
2022-10-12T03:27:26.4652119Z A path returned 202. Retrying...
2022-10-12T03:27:26.4652328Z A path returned 202. Retrying...
2022-10-12T03:27:26.4652538Z A path returned 202. Retrying...
2022-10-12T03:27:26.4652756Z A path returned 202. Retrying...
2022-10-12T03:27:26.4653281Z A path returned 202. Retrying...
2022-10-12T03:27:26.4653604Z A path returned 202. Retrying...
2022-10-12T03:27:26.4653825Z A path returned 202. Retrying...
2022-10-12T03:27:26.4654046Z A path returned 202. Retrying...
2022-10-12T03:27:26.4654276Z A path returned 202. Retrying...
2022-10-12T03:27:26.4654503Z A path returned 202. Retrying...
2022-10-12T03:27:26.4654724Z A path returned 202. Retrying...
2022-10-12T03:27:26.4654938Z A path returned 202. Retrying...
2022-10-12T03:27:26.4655153Z A path returned 202. Retrying...
2022-10-12T03:27:26.4655362Z A path returned 202. Retrying...
2022-10-12T03:27:26.4655583Z A path returned 202. Retrying...
2022-10-12T03:27:26.4655799Z A path returned 202. Retrying...
2022-10-12T03:27:26.4656014Z A path returned 202. Retrying...
2022-10-12T03:27:26.4656233Z A path returned 202. Retrying...
2022-10-12T03:27:26.4656450Z A path returned 202. Retrying...
2022-10-12T03:27:26.4656668Z A path returned 202. Retrying...
2022-10-12T03:27:26.4656881Z A path returned 202. Retrying...
2022-10-12T03:27:26.4657100Z A path returned 202. Retrying...
2022-10-12T03:27:26.4657315Z A path returned 202. Retrying...
2022-10-12T03:27:26.4657535Z A path returned 202. Retrying...
2022-10-12T03:27:26.4657752Z A path returned 202. Retrying...
2022-10-12T03:27:26.4658070Z A path returned 202. Retrying...
2022-10-12T03:27:26.4658284Z A path returned 202. Retrying...
2022-10-12T03:27:26.4658505Z A path returned 202. Retrying...
2022-10-12T03:27:26.4658714Z A path returned 202. Retrying...
2022-10-12T03:27:26.4658928Z A path returned 202. Retrying...
2022-10-12T03:27:26.4659146Z A path returned 202. Retrying...
2022-10-12T03:27:26.4659364Z A path returned 202. Retrying...
2022-10-12T03:27:26.4659581Z A path returned 202. Retrying...
2022-10-12T03:27:26.4659796Z A path returned 202. Retrying...
2022-10-12T03:27:26.4660013Z A path returned 202. Retrying...
2022-10-12T03:27:26.4660229Z A path returned 202. Retrying...
2022-10-12T03:27:26.4660440Z A path returned 202. Retrying...
2022-10-12T03:27:26.4660656Z A path returned 202. Retrying...
2022-10-12T03:27:26.4660873Z A path returned 202. Retrying...
2022-10-12T03:27:26.4661090Z A path returned 202. Retrying...
2022-10-12T03:27:26.4661308Z A path returned 202. Retrying...
2022-10-12T03:27:26.4661527Z A path returned 202. Retrying...
2022-10-12T03:27:26.4661747Z A path returned 202. Retrying...
2022-10-12T03:27:26.4661957Z A path returned 202. Retrying...
2022-10-12T03:27:26.4662172Z A path returned 202. Retrying...
2022-10-12T03:27:26.4662387Z A path returned 202. Retrying...
2022-10-12T03:27:26.4662603Z A path returned 202. Retrying...
2022-10-12T03:27:26.4662823Z A path returned 202. Retrying...
2022-10-12T03:27:26.4663039Z A path returned 202. Retrying...
2022-10-12T03:27:26.4663253Z A path returned 202. Retrying...
2022-10-12T03:27:26.4663472Z A path returned 202. Retrying...
2022-10-12T03:27:26.4663681Z A path returned 202. Retrying...
2022-10-12T03:27:26.4663898Z A path returned 202. Retrying...
2022-10-12T03:27:26.4664115Z A path returned 202. Retrying...
2022-10-12T03:27:26.4664329Z A path returned 202. Retrying...
2022-10-12T03:27:26.4664548Z A path returned 202. Retrying...
2022-10-12T03:27:26.4664767Z A path returned 202. Retrying...
2022-10-12T03:27:26.4664984Z A path returned 202. Retrying...
2022-10-12T03:27:26.4665201Z A path returned 202. Retrying...
2022-10-12T03:27:26.4665412Z A path returned 202. Retrying...
2022-10-12T03:27:26.4665628Z A path returned 202. Retrying...
2022-10-12T03:27:26.4665847Z A path returned 202. Retrying...
2022-10-12T03:27:26.4666062Z A path returned 202. Retrying...
2022-10-12T03:27:26.4666279Z A path returned 202. Retrying...
2022-10-12T03:27:26.4666492Z A path returned 202. Retrying...
2022-10-12T03:27:26.4666706Z A path returned 202. Retrying...
2022-10-12T03:27:26.4666914Z A path returned 202. Retrying...
2022-10-12T03:27:26.4667128Z A path returned 202. Retrying...
2022-10-12T03:27:26.4667351Z A path returned 202. Retrying...
2022-10-12T03:27:26.4667572Z A path returned 202. Retrying...
2022-10-12T03:27:26.4667844Z A path returned 202. Retrying...
2022-10-12T03:27:26.4668062Z A path returned 202. Retrying...
2022-10-12T03:27:26.4668278Z A path returned 202. Retrying...
2022-10-12T03:27:26.4668494Z A path returned 202. Retrying...
2022-10-12T03:27:26.4668706Z A path returned 202. Retrying...
2022-10-12T03:27:26.4668922Z A path returned 202. Retrying...
2022-10-12T03:27:26.4669143Z A path returned 202. Retrying...
2022-10-12T03:27:26.4669363Z A path returned 202. Retrying...
2022-10-12T03:27:26.4669581Z A path returned 202. Retrying...
2022-10-12T03:27:26.4669796Z A path returned 202. Retrying...
2022-10-12T03:27:26.4670010Z A path returned 202. Retrying...
2022-10-12T03:27:26.4670229Z A path returned 202. Retrying...
2022-10-12T03:27:26.4670439Z A path returned 202. Retrying...
2022-10-12T03:27:26.4670656Z A path returned 202. Retrying...
2022-10-12T03:27:26.4670870Z A path returned 202. Retrying...
2022-10-12T03:27:26.4671089Z A path returned 202. Retrying...
2022-10-12T03:27:26.4671315Z A path returned 202. Retrying...
2022-10-12T03:27:26.4671531Z A path returned 202. Retrying...
2022-10-12T03:27:26.4671747Z A path returned 202. Retrying...
2022-10-12T03:27:26.4671955Z A path returned 202. Retrying...
2022-10-12T03:27:26.4672170Z A path returned 202. Retrying...
2022-10-12T03:27:26.4672438Z A path returned 202. Retrying...
2022-10-12T03:27:26.4672657Z A path returned 202. Retrying...
2022-10-12T03:27:26.4672881Z A path returned 202. Retrying...
2022-10-12T03:27:26.4673101Z A path returned 202. Retrying...
2022-10-12T03:27:26.4673317Z A path returned 202. Retrying...
2022-10-12T03:27:26.4673534Z A path returned 202. Retrying...
2022-10-12T03:27:26.4673745Z A path returned 202. Retrying...
2022-10-12T03:27:26.4673958Z A path returned 202. Retrying...
2022-10-12T03:27:26.4674177Z A path returned 202. Retrying...
2022-10-12T03:27:26.4674394Z A path returned 202. Retrying...
2022-10-12T03:27:26.4674612Z A path returned 202. Retrying...
2022-10-12T03:27:26.4674827Z A path returned 202. Retrying...
2022-10-12T03:27:26.4675047Z A path returned 202. Retrying...
2022-10-12T03:27:26.4675262Z A path returned 202. Retrying...
2022-10-12T03:27:26.4675470Z A path returned 202. Retrying...
2022-10-12T03:27:26.4675685Z A path returned 202. Retrying...
2022-10-12T03:27:26.4675906Z A path returned 202. Retrying...
2022-10-12T03:27:26.4676123Z A path returned 202. Retrying...
2022-10-12T03:27:26.4676338Z A path returned 202. Retrying...
2022-10-12T03:27:26.4676553Z A path returned 202. Retrying...
2022-10-12T03:27:26.4676769Z A path returned 202. Retrying...
2022-10-12T03:27:26.4676978Z A path returned 202. Retrying...
2022-10-12T03:27:26.4677195Z A path returned 202. Retrying...
2022-10-12T03:27:26.4677407Z A path returned 202. Retrying...
2022-10-12T03:27:26.4677623Z A path returned 202. Retrying...
2022-10-12T03:27:26.4677843Z A path returned 202. Retrying...
2022-10-12T03:27:26.4678056Z A path returned 202. Retrying...
2022-10-12T03:27:26.4678272Z A path returned 202. Retrying...
2022-10-12T03:27:26.4678495Z A path returned 202. Retrying...
2022-10-12T03:27:26.4678706Z A path returned 202. Retrying...
2022-10-12T03:27:26.4678928Z A path returned 202. Retrying...
2022-10-12T03:27:26.4679143Z A path returned 202. Retrying...
2022-10-12T03:27:26.4679356Z A path returned 202. Retrying...
2022-10-12T03:27:26.4679574Z A path returned 202. Retrying...
2022-10-12T03:27:26.4679796Z A path returned 202. Retrying...
2022-10-12T03:27:26.4680019Z A path returned 202. Retrying...
2022-10-12T03:27:26.4680234Z A path returned 202. Retrying...
2022-10-12T03:27:26.4680443Z A path returned 202. Retrying...
2022-10-12T03:27:26.4680658Z A path returned 202. Retrying...
2022-10-12T03:27:26.4680877Z A path returned 202. Retrying...
2022-10-12T03:27:26.4681092Z A path returned 202. Retrying...
2022-10-12T03:27:26.4681306Z A path returned 202. Retrying...
2022-10-12T03:27:26.4681525Z A path returned 202. Retrying...
2022-10-12T03:27:26.4681744Z A path returned 202. Retrying...
2022-10-12T03:27:26.4681952Z A path returned 202. Retrying...
2022-10-12T03:27:26.4682221Z A path returned 202. Retrying...
2022-10-12T03:27:26.4682439Z A path returned 202. Retrying...
2022-10-12T03:27:26.4682666Z A path returned 202. Retrying...
2022-10-12T03:27:26.4682881Z A path returned 202. Retrying...
2022-10-12T03:27:26.4683096Z A path returned 202. Retrying...
2022-10-12T03:27:26.4683314Z A path returned 202. Retrying...
2022-10-12T03:27:26.4683532Z A path returned 202. Retrying...
2022-10-12T03:27:26.4683740Z A path returned 202. Retrying...
2022-10-12T03:27:26.4683954Z A path returned 202. Retrying...
2022-10-12T03:27:26.4684168Z A path returned 202. Retrying...
2022-10-12T03:27:26.4684386Z A path returned 202. Retrying...
2022-10-12T03:27:26.4684606Z A path returned 202. Retrying...
2022-10-12T03:27:26.4684822Z A path returned 202. Retrying...
2022-10-12T03:27:26.4685035Z A path returned 202. Retrying...
2022-10-12T03:27:26.4686467Z A path returned 202. Retrying...
2022-10-12T03:27:26.4686679Z A path returned 202. Retrying...
2022-10-12T03:27:26.4686901Z A path returned 202. Retrying...
2022-10-12T03:27:26.4687122Z A path returned 202. Retrying...
2022-10-12T03:27:26.4687343Z A path returned 202. Retrying...
2022-10-12T03:27:26.4687576Z A path returned 202. Retrying...
2022-10-12T03:27:26.4687795Z A path returned 202. Retrying...
2022-10-12T03:27:26.4688089Z A path returned 202. Retrying...
2022-10-12T03:27:26.4688311Z A path returned 202. Retrying...
2022-10-12T03:27:26.4688522Z A path returned 202. Retrying...
2022-10-12T03:27:26.4688741Z A path returned 202. Retrying...
2022-10-12T03:27:26.4688962Z A path returned 202. Retrying...
2022-10-12T03:27:26.4689182Z A path returned 202. Retrying...
2022-10-12T03:27:26.4689408Z A path returned 202. Retrying...
2022-10-12T03:27:26.4689633Z A path returned 202. Retrying...
2022-10-12T03:27:26.4689851Z A path returned 202. Retrying...
2022-10-12T03:27:26.4690060Z A path returned 202. Retrying...
2022-10-12T03:27:26.4690282Z A path returned 202. Retrying...
2022-10-12T03:27:26.4690500Z A path returned 202. Retrying...
2022-10-12T03:27:26.4690723Z A path returned 202. Retrying...
2022-10-12T03:27:26.4690947Z A path returned 202. Retrying...
2022-10-12T03:27:26.4691168Z A path returned 202. Retrying...
2022-10-12T03:27:26.4691387Z A path returned 202. Retrying...
2022-10-12T03:27:26.4691603Z A path returned 202. Retrying...
2022-10-12T03:27:26.4691817Z A path returned 202. Retrying...
2022-10-12T03:27:26.4692033Z A path returned 202. Retrying...
2022-10-12T03:27:26.4692253Z A path returned 202. Retrying...
2022-10-12T03:27:26.4692478Z A path returned 202. Retrying...
2022-10-12T03:27:26.4692697Z A path returned 202. Retrying...
2022-10-12T03:27:26.4692912Z A path returned 202. Retrying...
2022-10-12T03:27:26.4693134Z A path returned 202. Retrying...
2022-10-12T03:27:26.4693354Z A path returned 202. Retrying...
2022-10-12T03:27:26.4693564Z A path returned 202. Retrying...
2022-10-12T03:27:26.4693784Z A path returned 202. Retrying...
2022-10-12T03:27:26.4694000Z A path returned 202. Retrying...
2022-10-12T03:27:26.4694220Z A path returned 202. Retrying...
2022-10-12T03:27:26.4694442Z A path returned 202. Retrying...
2022-10-12T03:27:26.4694659Z A path returned 202. Retrying...
2022-10-12T03:27:26.4694877Z A path returned 202. Retrying...
2022-10-12T03:27:26.4695086Z A path returned 202. Retrying...
2022-10-12T03:27:26.4695305Z A path returned 202. Retrying...
2022-10-12T03:27:26.4695523Z A path returned 202. Retrying...
2022-10-12T03:27:26.4695741Z A path returned 202. Retrying...
2022-10-12T03:27:26.4695959Z A path returned 202. Retrying...
2022-10-12T03:27:26.4696174Z A path returned 202. Retrying...
2022-10-12T03:27:26.4696392Z A path returned 202. Retrying...
2022-10-12T03:27:26.4696612Z A path returned 202. Retrying...
2022-10-12T03:27:26.4696823Z A path returned 202. Retrying...
2022-10-12T03:27:26.4697039Z A path returned 202. Retrying...
2022-10-12T03:27:26.4697255Z A path returned 202. Retrying...
2022-10-12T03:27:26.4697480Z A path returned 202. Retrying...
2022-10-12T03:27:26.4697697Z A path returned 202. Retrying...
2022-10-12T03:27:26.4697975Z A path returned 202. Retrying...
2022-10-12T03:27:26.4698195Z A path returned 202. Retrying...
2022-10-12T03:27:26.4698410Z A path returned 202. Retrying...
2022-10-12T03:27:26.4698622Z A path returned 202. Retrying...
2022-10-12T03:27:26.4698837Z A path returned 202. Retrying...
2022-10-12T03:27:26.4699056Z A path returned 202. Retrying...
2022-10-12T03:27:26.4699273Z A path returned 202. Retrying...
2022-10-12T03:27:26.4699496Z A path returned 202. Retrying...
2022-10-12T03:27:26.4699711Z A path returned 202. Retrying...
2022-10-12T03:27:26.4699928Z A path returned 202. Retrying...
2022-10-12T03:27:26.4700135Z A path returned 202. Retrying...
2022-10-12T03:27:26.4700352Z A path returned 202. Retrying...
2022-10-12T03:27:26.4700566Z A path returned 202. Retrying...
2022-10-12T03:27:26.4700783Z A path returned 202. Retrying...
2022-10-12T03:36:25.9461844Z A path returned 202. Retrying...
2022-10-12T03:36:25.9462141Z A path returned 202. Retrying...
2022-10-12T03:36:25.9462476Z A path returned 202. Retrying...
2022-10-12T03:36:25.9462691Z A path returned 202. Retrying...
2022-10-12T03:36:25.9462915Z A path returned 202. Retrying...
2022-10-12T03:36:25.9463146Z A path returned 202. Retrying...
2022-10-12T03:36:25.9463374Z A path returned 202. Retrying...
2022-10-12T03:36:25.9463921Z A path returned 202. Retrying...
2022-10-12T03:36:25.9464145Z A path returned 202. Retrying...
2022-10-12T03:36:25.9464367Z A path returned 202. Retrying...
2022-10-12T03:36:25.9464583Z A path returned 202. Retrying...
2022-10-12T03:36:25.9464807Z A path returned 202. Retrying...
2022-10-12T03:36:25.9465024Z A path returned 202. Retrying...
2022-10-12T03:36:25.9465241Z A path returned 202. Retrying...
2022-10-12T03:36:25.9465464Z A path returned 202. Retrying...
2022-10-12T03:36:25.9465690Z A path returned 202. Retrying...
2022-10-12T03:36:25.9465905Z A path returned 202. Retrying...
2022-10-12T03:36:25.9466124Z A path returned 202. Retrying...
2022-10-12T03:36:25.9466334Z A path returned 202. Retrying...
2022-10-12T03:36:25.9466559Z A path returned 202. Retrying...
2022-10-12T03:36:25.9466780Z A path returned 202. Retrying...
2022-10-12T03:36:25.9466999Z A path returned 202. Retrying...
2022-10-12T03:36:25.9467214Z A path returned 202. Retrying...
2022-10-12T03:36:25.9467436Z A path returned 202. Retrying...
2022-10-12T03:36:25.9467660Z A path returned 202. Retrying...
2022-10-12T03:36:25.9467878Z A path returned 202. Retrying...
2022-10-12T03:36:25.9468088Z A path returned 202. Retrying...
2022-10-12T03:36:25.9468302Z A path returned 202. Retrying...
2022-10-12T03:36:25.9468525Z A path returned 202. Retrying...
2022-10-12T03:36:25.9468743Z A path returned 202. Retrying...
2022-10-12T03:36:25.9468958Z A path returned 202. Retrying...
2022-10-12T03:36:25.9469172Z A path returned 202. Retrying...
2022-10-12T03:36:25.9469385Z A path returned 202. Retrying...
2022-10-12T03:36:25.9469603Z A path returned 202. Retrying...
2022-10-12T03:36:25.9469813Z A path returned 202. Retrying...
2022-10-12T03:36:25.9470028Z A path returned 202. Retrying...
2022-10-12T03:36:25.9470245Z A path returned 202. Retrying...
2022-10-12T03:36:25.9470461Z A path returned 202. Retrying...
2022-10-12T03:36:25.9470679Z A path returned 202. Retrying...
2022-10-12T03:36:25.9470891Z A path returned 202. Retrying...
2022-10-12T03:36:25.9471111Z A path returned 202. Retrying...
2022-10-12T03:36:25.9471321Z A path returned 202. Retrying...
2022-10-12T03:36:25.9471536Z A path returned 202. Retrying...
2022-10-12T03:36:25.9471749Z A path returned 202. Retrying...
2022-10-12T03:36:25.9471962Z A path returned 202. Retrying...
2022-10-12T03:36:25.9472181Z A path returned 202. Retrying...
2022-10-12T03:36:25.9472400Z A path returned 202. Retrying...
2022-10-12T03:36:25.9472614Z A path returned 202. Retrying...
2022-10-12T03:36:25.9472828Z A path returned 202. Retrying...
2022-10-12T03:36:25.9473037Z A path returned 202. Retrying...
2022-10-12T03:36:25.9473253Z A path returned 202. Retrying...
2022-10-12T03:36:25.9473475Z A path returned 202. Retrying...
2022-10-12T03:36:25.9473793Z A path returned 202. Retrying...
2022-10-12T03:36:25.9474018Z A path returned 202. Retrying...
2022-10-12T03:36:25.9474234Z A path returned 202. Retrying...
2022-10-12T03:36:25.9474451Z A path returned 202. Retrying...
2022-10-12T03:36:25.9474669Z A path returned 202. Retrying...
2022-10-12T03:36:25.9474886Z A path returned 202. Retrying...
2022-10-12T03:36:25.9475103Z A path returned 202. Retrying...
2022-10-12T03:36:25.9475328Z A path returned 202. Retrying...
2022-10-12T03:36:25.9475545Z A path returned 202. Retrying...
2022-10-12T03:36:25.9475772Z A path returned 202. Retrying...
2022-10-12T03:36:25.9475990Z A path returned 202. Retrying...
2022-10-12T03:36:25.9476210Z A path returned 202. Retrying...
2022-10-12T03:36:25.9476422Z A path returned 202. Retrying...
2022-10-12T03:36:25.9476639Z A path returned 202. Retrying...
2022-10-12T03:36:25.9476854Z A path returned 202. Retrying...
2022-10-12T03:36:25.9477072Z A path returned 202. Retrying...
2022-10-12T03:36:25.9477294Z A path returned 202. Retrying...
2022-10-12T03:36:25.9477510Z A path returned 202. Retrying...
2022-10-12T03:36:25.9477727Z A path returned 202. Retrying...
2022-10-12T03:36:25.9477942Z A path returned 202. Retrying...
2022-10-12T03:36:25.9478151Z A path returned 202. Retrying...
2022-10-12T03:36:25.9478433Z A path returned 202. Retrying...
2022-10-12T03:36:25.9478652Z A path returned 202. Retrying...
2022-10-12T03:36:25.9478872Z A path returned 202. Retrying...
2022-10-12T03:36:25.9479094Z A path returned 202. Retrying...
2022-10-12T03:36:25.9479308Z A path returned 202. Retrying...
2022-10-12T03:36:25.9479526Z A path returned 202. Retrying...
2022-10-12T03:36:25.9479741Z A path returned 202. Retrying...
2022-10-12T03:36:25.9479951Z A path returned 202. Retrying...
2022-10-12T03:36:25.9480164Z A path returned 202. Retrying...
2022-10-12T03:36:25.9480383Z A path returned 202. Retrying...
2022-10-12T03:36:25.9480603Z A path returned 202. Retrying...
2022-10-12T03:36:25.9480822Z A path returned 202. Retrying...
2022-10-12T03:36:25.9481045Z A path returned 202. Retrying...
2022-10-12T03:36:25.9481262Z A path returned 202. Retrying...
2022-10-12T03:36:25.9481472Z A path returned 202. Retrying...
2022-10-12T03:36:25.9481690Z A path returned 202. Retrying...
2022-10-12T03:36:25.9481906Z A path returned 202. Retrying...
2022-10-12T03:36:25.9482129Z A path returned 202. Retrying...
2022-10-12T03:36:25.9482345Z A path returned 202. Retrying...
2022-10-12T03:36:25.9482565Z A path returned 202. Retrying...
2022-10-12T03:36:25.9482779Z A path returned 202. Retrying...
2022-10-12T03:36:25.9482997Z A path returned 202. Retrying...
2022-10-12T03:36:25.9483204Z A path returned 202. Retrying...
2022-10-12T03:36:25.9483423Z A path returned 202. Retrying...
2022-10-12T03:36:25.9483642Z A path returned 202. Retrying...
2022-10-12T03:36:25.9483859Z A path returned 202. Retrying...
2022-10-12T03:36:25.9484074Z A path returned 202. Retrying...
2022-10-12T03:36:25.9484292Z A path returned 202. Retrying...
2022-10-12T03:36:25.9484512Z A path returned 202. Retrying...
2022-10-12T03:36:25.9484731Z A path returned 202. Retrying...
2022-10-12T03:36:25.9484947Z A path returned 202. Retrying...
2022-10-12T03:36:25.9485355Z A path returned 202. Retrying...
2022-10-12T03:36:25.9485577Z A path returned 202. Retrying...
2022-10-12T03:36:25.9485798Z A path returned 202. Retrying...
2022-10-12T03:36:25.9486020Z A path returned 202. Retrying...
2022-10-12T03:36:25.9486234Z A path returned 202. Retrying...
2022-10-12T03:36:25.9486449Z A path returned 202. Retrying...
2022-10-12T03:36:25.9486659Z A path returned 202. Retrying...
2022-10-12T03:36:25.9486876Z A path returned 202. Retrying...
2022-10-12T03:36:25.9487094Z A path returned 202. Retrying...
2022-10-12T03:36:25.9487311Z A path returned 202. Retrying...
2022-10-12T03:36:25.9487528Z A path returned 202. Retrying...
2022-10-12T03:36:25.9487751Z A path returned 202. Retrying...
2022-10-12T03:36:25.9487974Z A path returned 202. Retrying...
2022-10-12T03:36:25.9488194Z A path returned 202. Retrying...
2022-10-12T03:36:25.9488477Z A path returned 202. Retrying...
2022-10-12T03:36:25.9488697Z A path returned 202. Retrying...
2022-10-12T03:36:25.9488919Z A path returned 202. Retrying...
2022-10-12T03:36:25.9489137Z A path returned 202. Retrying...
2022-10-12T03:36:25.9489357Z A path returned 202. Retrying...
2022-10-12T03:36:25.9489578Z A path returned 202. Retrying...
2022-10-12T03:36:25.9489794Z A path returned 202. Retrying...
2022-10-12T03:36:25.9490010Z A path returned 202. Retrying...
2022-10-12T03:36:25.9490222Z A path returned 202. Retrying...
2022-10-12T03:36:25.9490438Z A path returned 202. Retrying...
2022-10-12T03:36:25.9490655Z A path returned 202. Retrying...
2022-10-12T03:36:25.9490876Z A path returned 202. Retrying...
2022-10-12T03:36:25.9491098Z A path returned 202. Retrying...
2022-10-12T03:36:25.9491316Z A path returned 202. Retrying...
2022-10-12T03:36:25.9491534Z A path returned 202. Retrying...
2022-10-12T03:36:25.9491741Z A path returned 202. Retrying...
2022-10-12T03:36:25.9491959Z A path returned 202. Retrying...
2022-10-12T03:36:25.9492179Z A path returned 202. Retrying...
2022-10-12T03:36:25.9492398Z A path returned 202. Retrying...
2022-10-12T03:36:25.9492613Z A path returned 202. Retrying...
2022-10-12T03:36:25.9492832Z A path returned 202. Retrying...
2022-10-12T03:36:25.9493110Z A path returned 202. Retrying...
2022-10-12T03:36:25.9493329Z A path returned 202. Retrying...
2022-10-12T03:36:25.9493536Z A path returned 202. Retrying...
2022-10-12T03:36:25.9493750Z A path returned 202. Retrying...
2022-10-12T03:36:25.9493967Z A path returned 202. Retrying...
2022-10-12T03:36:25.9494187Z A path returned 202. Retrying...
2022-10-12T03:36:25.9494409Z A path returned 202. Retrying...
2022-10-12T03:36:25.9494626Z A path returned 202. Retrying...
2022-10-12T03:36:25.9494841Z A path returned 202. Retrying...
2022-10-12T03:36:25.9495060Z A path returned 202. Retrying...
2022-10-12T03:36:25.9495273Z A path returned 202. Retrying...
2022-10-12T03:36:25.9495491Z A path returned 202. Retrying...
2022-10-12T03:36:25.9495710Z A path returned 202. Retrying...
2022-10-12T03:36:25.9495927Z A path returned 202. Retrying...
2022-10-12T03:36:25.9496142Z A path returned 202. Retrying...
2022-10-12T03:36:25.9496357Z A path returned 202. Retrying...
2022-10-12T03:36:25.9496572Z A path returned 202. Retrying...
2022-10-12T03:36:25.9496783Z A path returned 202. Retrying...
2022-10-12T03:36:25.9497002Z A path returned 202. Retrying...
2022-10-12T03:36:25.9497227Z A path returned 202. Retrying...
2022-10-12T03:36:25.9497443Z A path returned 202. Retrying...
2022-10-12T03:36:25.9497660Z A path returned 202. Retrying...
2022-10-12T03:36:25.9497874Z A path returned 202. Retrying...
2022-10-12T03:36:25.9498098Z A path returned 202. Retrying...
2022-10-12T03:36:25.9498313Z A path returned 202. Retrying...
2022-10-12T03:36:25.9498520Z A path returned 202. Retrying...
2022-10-12T03:36:25.9498733Z A path returned 202. Retrying...
2022-10-12T03:36:25.9498947Z A path returned 202. Retrying...
2022-10-12T03:36:25.9499164Z A path returned 202. Retrying...
2022-10-12T03:36:25.9499379Z A path returned 202. Retrying...
2022-10-12T03:36:25.9499597Z A path returned 202. Retrying...
2022-10-12T03:36:25.9499812Z A path returned 202. Retrying...
2022-10-12T03:36:25.9500031Z A path returned 202. Retrying...
2022-10-12T03:36:25.9500243Z A path returned 202. Retrying...
2022-10-12T03:36:25.9500457Z A path returned 202. Retrying...
2022-10-12T03:36:25.9500675Z A path returned 202. Retrying...
2022-10-12T03:36:25.9500891Z A path returned 202. Retrying...
2022-10-12T03:36:25.9501108Z A path returned 202. Retrying...
2022-10-12T03:36:25.9501321Z A path returned 202. Retrying...
2022-10-12T03:36:25.9501538Z A path returned 202. Retrying...
2022-10-12T03:36:25.9501744Z A path returned 202. Retrying...
2022-10-12T03:36:25.9501963Z A path returned 202. Retrying...
2022-10-12T03:36:25.9502180Z A path returned 202. Retrying...
2022-10-12T03:36:25.9502396Z A path returned 202. Retrying...
2022-10-12T03:36:25.9502610Z A path returned 202. Retrying...
2022-10-12T03:36:25.9502893Z A path returned 202. Retrying...
2022-10-12T03:36:25.9503109Z A path returned 202. Retrying...
2022-10-12T03:36:25.9503325Z A path returned 202. Retrying...
2022-10-12T03:36:25.9503535Z A path returned 202. Retrying...
2022-10-12T03:36:25.9503750Z A path returned 202. Retrying...
2022-10-12T03:36:25.9503968Z A path returned 202. Retrying...
2022-10-12T03:36:25.9504186Z A path returned 202. Retrying...
2022-10-12T03:36:25.9504403Z A path returned 202. Retrying...
2022-10-12T03:36:25.9504620Z A path returned 202. Retrying...
2022-10-12T03:36:25.9504836Z A path returned 202. Retrying...
2022-10-12T03:36:25.9505053Z A path returned 202. Retrying...
2022-10-12T03:36:25.9505262Z A path returned 202. Retrying...
2022-10-12T03:36:25.9505474Z A path returned 202. Retrying...
2022-10-12T03:36:25.9505689Z A path returned 202. Retrying...
2022-10-12T03:36:25.9505903Z A path returned 202. Retrying...
2022-10-12T03:36:25.9506119Z A path returned 202. Retrying...
2022-10-12T03:36:25.9506334Z A path returned 202. Retrying...
2022-10-12T03:36:25.9506553Z A path returned 202. Retrying...
2022-10-12T03:36:25.9506763Z A path returned 202. Retrying...
2022-10-12T03:36:25.9506983Z A path returned 202. Retrying...
2022-10-12T03:36:25.9507198Z A path returned 202. Retrying...
2022-10-12T03:36:25.9507463Z A path returned 202. Retrying...
2022-10-12T03:36:25.9507682Z A path returned 202. Retrying...
2022-10-12T03:36:25.9507898Z A path returned 202. Retrying...
2022-10-12T03:36:25.9508116Z A path returned 202. Retrying...
2022-10-12T03:36:25.9508333Z A path returned 202. Retrying...
2022-10-12T03:36:25.9508541Z A path returned 202. Retrying...
2022-10-12T03:36:25.9508754Z A path returned 202. Retrying...
2022-10-12T03:36:25.9508970Z A path returned 202. Retrying...
2022-10-12T03:36:25.9509187Z A path returned 202. Retrying...
2022-10-12T03:36:25.9509402Z A path returned 202. Retrying...
2022-10-12T03:36:25.9509619Z A path returned 202. Retrying...
2022-10-12T03:36:25.9509836Z A path returned 202. Retrying...
2022-10-12T03:36:25.9510058Z A path returned 202. Retrying...
2022-10-12T03:36:25.9510267Z A path returned 202. Retrying...
2022-10-12T03:36:25.9510483Z A path returned 202. Retrying...
2022-10-12T03:36:25.9510703Z A path returned 202. Retrying...
2022-10-12T03:36:25.9510922Z A path returned 202. Retrying...
2022-10-12T03:36:25.9511147Z A path returned 202. Retrying...
2022-10-12T03:36:25.9511363Z A path returned 202. Retrying...
2022-10-12T03:36:25.9511577Z A path returned 202. Retrying...
2022-10-12T03:36:25.9511786Z A path returned 202. Retrying...
2022-10-12T03:36:25.9512003Z A path returned 202. Retrying...
2022-10-12T03:36:25.9512217Z A path returned 202. Retrying...
2022-10-12T03:36:25.9512433Z A path returned 202. Retrying...
2022-10-12T03:36:25.9512650Z A path returned 202. Retrying...
2022-10-12T03:36:25.9512868Z A path returned 202. Retrying...
2022-10-12T03:36:25.9513082Z A path returned 202. Retrying...
2022-10-12T03:36:25.9513297Z A path returned 202. Retrying...
2022-10-12T03:36:25.9513505Z A path returned 202. Retrying...
2022-10-12T03:36:25.9513724Z A path returned 202. Retrying...
2022-10-12T03:36:25.9513946Z A path returned 202. Retrying...
2022-10-12T03:36:25.9514164Z A path returned 202. Retrying...
2022-10-12T03:36:25.9514380Z A path returned 202. Retrying...
2022-10-12T03:36:25.9514603Z A path returned 202. Retrying...
2022-10-12T03:36:25.9514817Z A path returned 202. Retrying...
2022-10-12T03:36:25.9515033Z A path returned 202. Retrying...
2022-10-12T03:36:25.9515242Z A path returned 202. Retrying...
2022-10-12T03:36:25.9515457Z A path returned 202. Retrying...
2022-10-12T03:36:25.9515675Z A path returned 202. Retrying...
2022-10-12T03:36:25.9515894Z A path returned 202. Retrying...
2022-10-12T03:36:25.9516111Z A path returned 202. Retrying...
2022-10-12T03:36:25.9516328Z A path returned 202. Retrying...
2022-10-12T03:36:25.9516543Z A path returned 202. Retrying...
2022-10-12T03:45:23.5992592Z A path returned 202. Retrying...
2022-10-12T03:45:23.5992897Z A path returned 202. Retrying...
2022-10-12T03:45:23.5993459Z A path returned 202. Retrying...
2022-10-12T03:45:23.5993696Z A path returned 202. Retrying...
2022-10-12T03:45:23.5994022Z A path returned 202. Retrying...
2022-10-12T03:45:23.5994252Z A path returned 202. Retrying...
2022-10-12T03:45:23.5994483Z A path returned 202. Retrying...
2022-10-12T03:45:23.5994727Z A path returned 202. Retrying...
2022-10-12T03:45:23.5994964Z A path returned 202. Retrying...
2022-10-12T03:45:23.5995185Z A path returned 202. Retrying...
2022-10-12T03:45:23.5995417Z A path returned 202. Retrying...
2022-10-12T03:45:23.5995636Z A path returned 202. Retrying...
2022-10-12T03:45:23.5995862Z A path returned 202. Retrying...
2022-10-12T03:45:23.5996087Z A path returned 202. Retrying...
2022-10-12T03:45:23.5996307Z A path returned 202. Retrying...
2022-10-12T03:45:23.5996534Z A path returned 202. Retrying...
2022-10-12T03:45:23.5996756Z A path returned 202. Retrying...
2022-10-12T03:45:23.5996971Z A path returned 202. Retrying...
2022-10-12T03:45:23.5997191Z A path returned 202. Retrying...
2022-10-12T03:45:23.5997414Z A path returned 202. Retrying...
2022-10-12T03:45:23.5997634Z A path returned 202. Retrying...
2022-10-12T03:45:23.5997855Z A path returned 202. Retrying...
2022-10-12T03:45:23.5998077Z A path returned 202. Retrying...
2022-10-12T03:45:23.5998396Z A path returned 202. Retrying...
2022-10-12T03:45:23.5998621Z A path returned 202. Retrying...
2022-10-12T03:45:23.5998836Z A path returned 202. Retrying...
2022-10-12T03:45:23.5999056Z A path returned 202. Retrying...
2022-10-12T03:45:23.5999283Z A path returned 202. Retrying...
2022-10-12T03:45:23.5999505Z A path returned 202. Retrying...
2022-10-12T03:45:23.5999729Z A path returned 202. Retrying...
2022-10-12T03:45:23.5999950Z A path returned 202. Retrying...
2022-10-12T03:45:23.6000172Z A path returned 202. Retrying...
2022-10-12T03:45:23.6000387Z A path returned 202. Retrying...
2022-10-12T03:45:23.6000608Z A path returned 202. Retrying...
2022-10-12T03:45:23.6000825Z A path returned 202. Retrying...
2022-10-12T03:45:23.6001048Z A path returned 202. Retrying...
2022-10-12T03:45:23.6001274Z A path returned 202. Retrying...
2022-10-12T03:45:23.6001502Z A path returned 202. Retrying...
2022-10-12T03:45:23.6001726Z A path returned 202. Retrying...
2022-10-12T03:45:23.6001952Z A path returned 202. Retrying...
2022-10-12T03:45:23.6002174Z A path returned 202. Retrying...
2022-10-12T03:45:23.6002393Z A path returned 202. Retrying...
2022-10-12T03:45:23.6002614Z A path returned 202. Retrying...
2022-10-12T03:45:23.6002835Z A path returned 202. Retrying...
2022-10-12T03:45:23.6003056Z A path returned 202. Retrying...
2022-10-12T03:45:23.6003281Z A path returned 202. Retrying...
2022-10-12T03:45:23.6003502Z A path returned 202. Retrying...
2022-10-12T03:45:23.6003719Z A path returned 202. Retrying...
2022-10-12T03:45:23.6003930Z A path returned 202. Retrying...
2022-10-12T03:45:23.6004150Z A path returned 202. Retrying...
2022-10-12T03:45:23.6004370Z A path returned 202. Retrying...
2022-10-12T03:45:23.6004592Z A path returned 202. Retrying...
2022-10-12T03:45:23.6004819Z A path returned 202. Retrying...
2022-10-12T03:45:23.6005037Z A path returned 202. Retrying...
2022-10-12T03:45:23.6005442Z A path returned 202. Retrying...
2022-10-12T03:45:23.6005657Z A path returned 202. Retrying...
2022-10-12T03:45:23.6005881Z A path returned 202. Retrying...
2022-10-12T03:45:23.6006101Z A path returned 202. Retrying...
2022-10-12T03:45:23.6006323Z A path returned 202. Retrying...
2022-10-12T03:45:23.6006549Z A path returned 202. Retrying...
2022-10-12T03:45:23.6006775Z A path returned 202. Retrying...
2022-10-12T03:45:23.6007001Z A path returned 202. Retrying...
2022-10-12T03:45:23.6007222Z A path returned 202. Retrying...
2022-10-12T03:45:23.6007440Z A path returned 202. Retrying...
2022-10-12T03:45:23.6007661Z A path returned 202. Retrying...
2022-10-12T03:45:23.6007883Z A path returned 202. Retrying...
2022-10-12T03:45:23.6008109Z A path returned 202. Retrying...
2022-10-12T03:45:23.6008336Z A path returned 202. Retrying...
2022-10-12T03:45:23.6008627Z A path returned 202. Retrying...
2022-10-12T03:45:23.6008849Z A path returned 202. Retrying...
2022-10-12T03:45:23.6009069Z A path returned 202. Retrying...
2022-10-12T03:45:23.6009287Z A path returned 202. Retrying...
2022-10-12T03:45:23.6009508Z A path returned 202. Retrying...
2022-10-12T03:45:23.6009729Z A path returned 202. Retrying...
2022-10-12T03:45:23.6009953Z A path returned 202. Retrying...
2022-10-12T03:45:23.6010171Z A path returned 202. Retrying...
2022-10-12T03:45:23.6010390Z A path returned 202. Retrying...
2022-10-12T03:45:23.6010612Z A path returned 202. Retrying...
2022-10-12T03:45:23.6010829Z A path returned 202. Retrying...
2022-10-12T03:45:23.6011050Z A path returned 202. Retrying...
2022-10-12T03:45:23.6011270Z A path returned 202. Retrying...
2022-10-12T03:45:23.6011490Z A path returned 202. Retrying...
2022-10-12T03:45:23.6011711Z A path returned 202. Retrying...
2022-10-12T03:45:23.6011932Z A path returned 202. Retrying...
2022-10-12T03:45:23.6012157Z A path returned 202. Retrying...
2022-10-12T03:45:23.6012381Z A path returned 202. Retrying...
2022-10-12T03:45:23.6012594Z A path returned 202. Retrying...
2022-10-12T03:45:23.6012820Z A path returned 202. Retrying...
2022-10-12T03:45:23.6013042Z A path returned 202. Retrying...
2022-10-12T03:45:23.6013314Z A path returned 202. Retrying...
2022-10-12T03:45:23.6013540Z A path returned 202. Retrying...
2022-10-12T03:45:23.6013758Z A path returned 202. Retrying...
2022-10-12T03:45:23.6013978Z A path returned 202. Retrying...
2022-10-12T03:45:23.6014197Z A path returned 202. Retrying...
2022-10-12T03:45:23.6014412Z A path returned 202. Retrying...
2022-10-12T03:45:23.6014630Z A path returned 202. Retrying...
2022-10-12T03:45:23.6014847Z A path returned 202. Retrying...
2022-10-12T03:45:23.6015069Z A path returned 202. Retrying...
2022-10-12T03:45:23.6015285Z A path returned 202. Retrying...
2022-10-12T03:45:23.6015504Z A path returned 202. Retrying...
2022-10-12T03:45:23.6015726Z A path returned 202. Retrying...
2022-10-12T03:45:23.6015938Z A path returned 202. Retrying...
2022-10-12T03:45:23.6016156Z A path returned 202. Retrying...
2022-10-12T03:45:23.6016374Z A path returned 202. Retrying...
2022-10-12T03:45:23.6016598Z A path returned 202. Retrying...
2022-10-12T03:45:23.6016820Z A path returned 202. Retrying...
2022-10-12T03:45:23.6017048Z A path returned 202. Retrying...
2022-10-12T03:45:23.6017265Z A path returned 202. Retrying...
2022-10-12T03:45:23.6017483Z A path returned 202. Retrying...
2022-10-12T03:45:23.6017695Z A path returned 202. Retrying...
2022-10-12T03:45:23.6017915Z A path returned 202. Retrying...
2022-10-12T03:45:23.6018138Z A path returned 202. Retrying...
2022-10-12T03:45:23.6018357Z A path returned 202. Retrying...
2022-10-12T03:45:23.6018579Z A path returned 202. Retrying...
2022-10-12T03:45:23.6018800Z A path returned 202. Retrying...
2022-10-12T03:45:23.6019024Z A path returned 202. Retrying...
2022-10-12T03:45:23.6019243Z A path returned 202. Retrying...
2022-10-12T03:45:23.6019458Z A path returned 202. Retrying...
2022-10-12T03:45:23.6019679Z A path returned 202. Retrying...
2022-10-12T03:45:23.6019899Z A path returned 202. Retrying...
2022-10-12T03:45:23.6020119Z A path returned 202. Retrying...
2022-10-12T03:45:23.6020336Z A path returned 202. Retrying...
2022-10-12T03:45:23.6020562Z A path returned 202. Retrying...
2022-10-12T03:45:23.6020778Z A path returned 202. Retrying...
2022-10-12T03:45:23.6020986Z A path returned 202. Retrying...
2022-10-12T03:45:23.6021206Z A path returned 202. Retrying...
2022-10-12T03:45:23.6021421Z A path returned 202. Retrying...
2022-10-12T03:45:23.6021636Z A path returned 202. Retrying...
2022-10-12T03:45:23.6021857Z A path returned 202. Retrying...
2022-10-12T03:45:23.6022074Z A path returned 202. Retrying...
2022-10-12T03:45:23.6022295Z A path returned 202. Retrying...
2022-10-12T03:45:23.6022516Z A path returned 202. Retrying...
2022-10-12T03:45:23.6022726Z A path returned 202. Retrying...
2022-10-12T03:45:23.6022943Z A path returned 202. Retrying...
2022-10-12T03:45:23.6023221Z A path returned 202. Retrying...
2022-10-12T03:45:23.6023444Z A path returned 202. Retrying...
2022-10-12T03:45:23.6023665Z A path returned 202. Retrying...
2022-10-12T03:45:23.6023887Z A path returned 202. Retrying...
2022-10-12T03:45:23.6024104Z A path returned 202. Retrying...
2022-10-12T03:45:23.6024325Z A path returned 202. Retrying...
2022-10-12T03:45:23.6024537Z A path returned 202. Retrying...
2022-10-12T03:45:23.6024752Z A path returned 202. Retrying...
2022-10-12T03:45:23.6024972Z A path returned 202. Retrying...
2022-10-12T03:45:23.6025189Z A path returned 202. Retrying...
2022-10-12T03:45:23.6025411Z A path returned 202. Retrying...
2022-10-12T03:45:23.6025628Z A path returned 202. Retrying...
2022-10-12T03:45:23.6025851Z A path returned 202. Retrying...
2022-10-12T03:45:23.6026062Z A path returned 202. Retrying...
2022-10-12T03:45:23.6026283Z A path returned 202. Retrying...
2022-10-12T03:45:23.6026501Z A path returned 202. Retrying...
2022-10-12T03:45:23.6026724Z A path returned 202. Retrying...
2022-10-12T03:45:23.6026947Z A path returned 202. Retrying...
2022-10-12T03:45:23.6027170Z A path returned 202. Retrying...
2022-10-12T03:45:23.6027386Z A path returned 202. Retrying...
2022-10-12T03:45:23.6027607Z A path returned 202. Retrying...
2022-10-12T03:45:23.6027818Z A path returned 202. Retrying...
2022-10-12T03:45:23.6028090Z A path returned 202. Retrying...
2022-10-12T03:45:23.6028310Z A path returned 202. Retrying...
2022-10-12T03:45:23.6028531Z A path returned 202. Retrying...
2022-10-12T03:45:23.6028750Z A path returned 202. Retrying...
2022-10-12T03:45:23.6028971Z A path returned 202. Retrying...
2022-10-12T03:45:23.6029192Z A path returned 202. Retrying...
2022-10-12T03:45:23.6029408Z A path returned 202. Retrying...
2022-10-12T03:45:23.6029619Z A path returned 202. Retrying...
2022-10-12T03:45:23.6029838Z A path returned 202. Retrying...
2022-10-12T03:45:23.6030059Z A path returned 202. Retrying...
2022-10-12T03:45:23.6030279Z A path returned 202. Retrying...
2022-10-12T03:45:23.6030504Z A path returned 202. Retrying...
2022-10-12T03:45:23.6030721Z A path returned 202. Retrying...
2022-10-12T03:45:23.6030939Z A path returned 202. Retrying...
2022-10-12T03:45:23.6031154Z A path returned 202. Retrying...
2022-10-12T03:45:23.6031381Z A path returned 202. Retrying...
2022-10-12T03:45:23.6031606Z A path returned 202. Retrying...
2022-10-12T03:45:23.6031832Z A path returned 202. Retrying...
2022-10-12T03:45:23.6032051Z A path returned 202. Retrying...
2022-10-12T03:45:23.6032271Z A path returned 202. Retrying...
2022-10-12T03:45:23.6032490Z A path returned 202. Retrying...
2022-10-12T03:45:23.6032711Z A path returned 202. Retrying...
2022-10-12T03:45:23.6032920Z A path returned 202. Retrying...
2022-10-12T03:45:23.6033147Z A path returned 202. Retrying...
2022-10-12T03:45:23.6033370Z A path returned 202. Retrying...
2022-10-12T03:45:23.6033594Z A path returned 202. Retrying...
2022-10-12T03:45:23.6033814Z A path returned 202. Retrying...
2022-10-12T03:45:23.6034035Z A path returned 202. Retrying...
2022-10-12T03:45:23.6034260Z A path returned 202. Retrying...
2022-10-12T03:45:23.6034484Z A path returned 202. Retrying...
2022-10-12T03:45:23.6034694Z A path returned 202. Retrying...
2022-10-12T03:45:23.6034911Z A path returned 202. Retrying...
2022-10-12T03:45:23.6035129Z A path returned 202. Retrying...
2022-10-12T03:45:23.6035353Z A path returned 202. Retrying...
2022-10-12T03:45:23.6035579Z A path returned 202. Retrying...
2022-10-12T03:45:23.6035796Z A path returned 202. Retrying...
2022-10-12T03:45:23.6036013Z A path returned 202. Retrying...
2022-10-12T03:45:23.6036222Z A path returned 202. Retrying...
2022-10-12T03:45:23.6036439Z A path returned 202. Retrying...
2022-10-12T03:45:23.6036660Z A path returned 202. Retrying...
2022-10-12T03:45:23.6036879Z A path returned 202. Retrying...
2022-10-12T03:45:23.6037098Z A path returned 202. Retrying...
2022-10-12T03:45:23.6037316Z A path returned 202. Retrying...
2022-10-12T03:45:23.6037536Z A path returned 202. Retrying...
2022-10-12T03:45:23.6037801Z A path returned 202. Retrying...
2022-10-12T03:45:23.6038014Z A path returned 202. Retrying...
2022-10-12T03:45:23.6038235Z A path returned 202. Retrying...
2022-10-12T03:45:23.6038460Z A path returned 202. Retrying...
2022-10-12T03:45:23.6038681Z A path returned 202. Retrying...
2022-10-12T03:45:23.6038901Z A path returned 202. Retrying...
2022-10-12T03:45:23.6039120Z A path returned 202. Retrying...
2022-10-12T03:45:23.6039339Z A path returned 202. Retrying...
2022-10-12T03:45:23.6039562Z A path returned 202. Retrying...
2022-10-12T03:45:23.6039775Z A path returned 202. Retrying...
2022-10-12T03:45:23.6039998Z A path returned 202. Retrying...
2022-10-12T03:45:23.6040219Z A path returned 202. Retrying...
2022-10-12T03:45:23.6040439Z A path returned 202. Retrying...
2022-10-12T03:45:23.6040657Z A path returned 202. Retrying...
2022-10-12T03:45:23.6040875Z A path returned 202. Retrying...
2022-10-12T03:45:23.6041095Z A path returned 202. Retrying...
2022-10-12T03:45:23.6041311Z A path returned 202. Retrying...
2022-10-12T03:45:23.6041524Z A path returned 202. Retrying...
2022-10-12T03:45:23.6041741Z A path returned 202. Retrying...
2022-10-12T03:45:23.6041962Z A path returned 202. Retrying...
2022-10-12T03:45:23.6042181Z A path returned 202. Retrying...
2022-10-12T03:45:23.6042397Z A path returned 202. Retrying...
2022-10-12T03:45:23.6042664Z A path returned 202. Retrying...
2022-10-12T03:45:23.6042882Z A path returned 202. Retrying...
2022-10-12T03:45:23.6043092Z A path returned 202. Retrying...
2022-10-12T03:45:23.6043308Z A path returned 202. Retrying...
2022-10-12T03:45:23.6043527Z A path returned 202. Retrying...
2022-10-12T03:45:23.6043747Z A path returned 202. Retrying...
2022-10-12T03:45:23.6043965Z A path returned 202. Retrying...
2022-10-12T03:45:23.6044181Z A path returned 202. Retrying...
2022-10-12T03:45:23.6044400Z A path returned 202. Retrying...
2022-10-12T03:45:23.6044617Z A path returned 202. Retrying...
2022-10-12T03:45:23.6044829Z A path returned 202. Retrying...
2022-10-12T03:45:23.6045047Z A path returned 202. Retrying...
2022-10-12T03:45:23.6045361Z A path returned 202. Retrying...
2022-10-12T03:45:23.6045579Z A path returned 202. Retrying...
2022-10-12T03:45:23.6045798Z A path returned 202. Retrying...
2022-10-12T03:45:23.6046020Z A path returned 202. Retrying...
2022-10-12T03:45:23.6046243Z A path returned 202. Retrying...
2022-10-12T03:45:23.6046466Z A path returned 202. Retrying...
2022-10-12T03:45:23.6046677Z A path returned 202. Retrying...
2022-10-12T03:45:23.6046898Z A path returned 202. Retrying...
2022-10-12T03:45:23.6047119Z A path returned 202. Retrying...
2022-10-12T03:45:23.6047342Z A path returned 202. Retrying...
2022-10-12T03:45:23.6047564Z A path returned 202. Retrying...
2022-10-12T03:45:23.6047785Z A path returned 202. Retrying...
2022-10-12T03:45:23.6048003Z A path returned 202. Retrying...
2022-10-12T03:45:23.6048212Z A path returned 202. Retrying...
2022-10-12T03:54:22.0788539Z A path returned 202. Retrying...
2022-10-12T03:54:22.0788857Z A path returned 202. Retrying...
2022-10-12T03:54:22.0789116Z A path returned 202. Retrying...
2022-10-12T03:54:22.0789342Z A path returned 202. Retrying...
2022-10-12T03:54:22.0789567Z A path returned 202. Retrying...
2022-10-12T03:54:22.0789798Z A path returned 202. Retrying...
2022-10-12T03:54:22.0790031Z A path returned 202. Retrying...
2022-10-12T03:54:22.0790268Z A path returned 202. Retrying...
2022-10-12T03:54:22.0790489Z A path returned 202. Retrying...
2022-10-12T03:54:22.0790710Z A path returned 202. Retrying...
2022-10-12T03:54:22.0790939Z A path returned 202. Retrying...
2022-10-12T03:54:22.0791157Z A path returned 202. Retrying...
2022-10-12T03:54:22.0791390Z A path returned 202. Retrying...
2022-10-12T03:54:22.0791614Z A path returned 202. Retrying...
2022-10-12T03:54:22.0791837Z A path returned 202. Retrying...
2022-10-12T03:54:22.0792062Z A path returned 202. Retrying...
2022-10-12T03:54:22.0792286Z A path returned 202. Retrying...
2022-10-12T03:54:22.0792508Z A path returned 202. Retrying...
2022-10-12T03:54:22.0793036Z A path returned 202. Retrying...
2022-10-12T03:54:22.0793256Z A path returned 202. Retrying...
2022-10-12T03:54:22.0793481Z A path returned 202. Retrying...
2022-10-12T03:54:22.0793706Z A path returned 202. Retrying...
2022-10-12T03:54:22.0793931Z A path returned 202. Retrying...
2022-10-12T03:54:22.0794161Z A path returned 202. Retrying...
2022-10-12T03:54:22.0794386Z A path returned 202. Retrying...
2022-10-12T03:54:22.0794612Z A path returned 202. Retrying...
2022-10-12T03:54:22.0794836Z A path returned 202. Retrying...
2022-10-12T03:54:22.0795054Z A path returned 202. Retrying...
2022-10-12T03:54:22.0795281Z A path returned 202. Retrying...
2022-10-12T03:54:22.0795505Z A path returned 202. Retrying...
2022-10-12T03:54:22.0795735Z A path returned 202. Retrying...
2022-10-12T03:54:22.0795959Z A path returned 202. Retrying...
2022-10-12T03:54:22.0796179Z A path returned 202. Retrying...
2022-10-12T03:54:22.0796403Z A path returned 202. Retrying...
2022-10-12T03:54:22.0796618Z A path returned 202. Retrying...
2022-10-12T03:54:22.0796845Z A path returned 202. Retrying...
2022-10-12T03:54:22.0797066Z A path returned 202. Retrying...
2022-10-12T03:54:22.0797286Z A path returned 202. Retrying...
2022-10-12T03:54:22.0797505Z A path returned 202. Retrying...
2022-10-12T03:54:22.0797726Z A path returned 202. Retrying...
2022-10-12T03:54:22.0798034Z A path returned 202. Retrying...
2022-10-12T03:54:22.0798255Z A path returned 202. Retrying...
2022-10-12T03:54:22.0798466Z A path returned 202. Retrying...
2022-10-12T03:54:22.0798766Z A path returned 202. Retrying...
2022-10-12T03:54:22.0798988Z A path returned 202. Retrying...
2022-10-12T03:54:22.0799213Z A path returned 202. Retrying...
2022-10-12T03:54:22.0799425Z A path returned 202. Retrying...
2022-10-12T03:54:22.0799644Z A path returned 202. Retrying...
2022-10-12T03:54:22.0799862Z A path returned 202. Retrying...
2022-10-12T03:54:22.0800083Z A path returned 202. Retrying...
2022-10-12T03:54:22.0800309Z A path returned 202. Retrying...
2022-10-12T03:54:22.0800534Z A path returned 202. Retrying...
2022-10-12T03:54:22.0800756Z A path returned 202. Retrying...
2022-10-12T03:54:22.0800978Z A path returned 202. Retrying...
2022-10-12T03:54:22.0801193Z A path returned 202. Retrying...
2022-10-12T03:54:22.0801411Z A path returned 202. Retrying...
2022-10-12T03:54:22.0801637Z A path returned 202. Retrying...
2022-10-12T03:54:22.0801863Z A path returned 202. Retrying...
2022-10-12T03:54:22.0802083Z A path returned 202. Retrying...
2022-10-12T03:54:22.0802303Z A path returned 202. Retrying...
2022-10-12T03:54:22.0802522Z A path returned 202. Retrying...
2022-10-12T03:54:22.0802744Z A path returned 202. Retrying...
2022-10-12T03:54:22.0802955Z A path returned 202. Retrying...
2022-10-12T03:54:22.0803179Z A path returned 202. Retrying...
2022-10-12T03:54:22.0803398Z A path returned 202. Retrying...
2022-10-12T03:54:22.0803616Z A path returned 202. Retrying...
2022-10-12T03:54:22.0803837Z A path returned 202. Retrying...
2022-10-12T03:54:22.0804059Z A path returned 202. Retrying...
2022-10-12T03:54:22.0804283Z A path returned 202. Retrying...
2022-10-12T03:54:22.0804496Z A path returned 202. Retrying...
2022-10-12T03:54:22.0804718Z A path returned 202. Retrying...
2022-10-12T03:54:22.0804937Z A path returned 202. Retrying...
2022-10-12T03:54:22.0805346Z A path returned 202. Retrying...
2022-10-12T03:54:22.0805577Z A path returned 202. Retrying...
2022-10-12T03:54:22.0805796Z A path returned 202. Retrying...
2022-10-12T03:54:22.0806020Z A path returned 202. Retrying...
2022-10-12T03:54:22.0806242Z A path returned 202. Retrying...
2022-10-12T03:54:22.0806454Z A path returned 202. Retrying...
2022-10-12T03:54:22.0806674Z A path returned 202. Retrying...
2022-10-12T03:54:22.0806895Z A path returned 202. Retrying...
2022-10-12T03:54:22.0807114Z A path returned 202. Retrying...
2022-10-12T03:54:22.0807337Z A path returned 202. Retrying...
2022-10-12T03:54:22.0807558Z A path returned 202. Retrying...
2022-10-12T03:54:22.0807775Z A path returned 202. Retrying...
2022-10-12T03:54:22.0808065Z A path returned 202. Retrying...
2022-10-12T03:54:22.0808279Z A path returned 202. Retrying...
2022-10-12T03:54:22.0808495Z A path returned 202. Retrying...
2022-10-12T03:54:22.0808719Z A path returned 202. Retrying...
2022-10-12T03:54:22.0808936Z A path returned 202. Retrying...
2022-10-12T03:54:22.0809153Z A path returned 202. Retrying...
2022-10-12T03:54:22.0809374Z A path returned 202. Retrying...
2022-10-12T03:54:22.0809598Z A path returned 202. Retrying...
2022-10-12T03:54:22.0809806Z A path returned 202. Retrying...
2022-10-12T03:54:22.0810026Z A path returned 202. Retrying...
2022-10-12T03:54:22.0810244Z A path returned 202. Retrying...
2022-10-12T03:54:22.0810462Z A path returned 202. Retrying...
2022-10-12T03:54:22.0810683Z A path returned 202. Retrying...
2022-10-12T03:54:22.0810907Z A path returned 202. Retrying...
2022-10-12T03:54:22.0811127Z A path returned 202. Retrying...
2022-10-12T03:54:22.0811348Z A path returned 202. Retrying...
2022-10-12T03:54:22.0811561Z A path returned 202. Retrying...
2022-10-12T03:54:22.0811785Z A path returned 202. Retrying...
2022-10-12T03:54:22.0812013Z A path returned 202. Retrying...
2022-10-12T03:54:22.0812234Z A path returned 202. Retrying...
2022-10-12T03:54:22.0812462Z A path returned 202. Retrying...
2022-10-12T03:54:22.0812691Z A path returned 202. Retrying...
2022-10-12T03:54:22.0812966Z A path returned 202. Retrying...
2022-10-12T03:54:22.0813175Z A path returned 202. Retrying...
2022-10-12T03:54:22.0813395Z A path returned 202. Retrying...
2022-10-12T03:54:22.0813614Z A path returned 202. Retrying...
2022-10-12T03:54:22.0813830Z A path returned 202. Retrying...
2022-10-12T03:54:22.0814049Z A path returned 202. Retrying...
2022-10-12T03:54:22.0814268Z A path returned 202. Retrying...
2022-10-12T03:54:22.0814488Z A path returned 202. Retrying...
2022-10-12T03:54:22.0814703Z A path returned 202. Retrying...
2022-10-12T03:54:22.0814912Z A path returned 202. Retrying...
2022-10-12T03:54:22.0815131Z A path returned 202. Retrying...
2022-10-12T03:54:22.0815355Z A path returned 202. Retrying...
2022-10-12T03:54:22.0815575Z A path returned 202. Retrying...
2022-10-12T03:54:22.0815793Z A path returned 202. Retrying...
2022-10-12T03:54:22.0816017Z A path returned 202. Retrying...
2022-10-12T03:54:22.0816240Z A path returned 202. Retrying...
2022-10-12T03:54:22.0816466Z A path returned 202. Retrying...
2022-10-12T03:54:22.0816679Z A path returned 202. Retrying...
2022-10-12T03:54:22.0816899Z A path returned 202. Retrying...
2022-10-12T03:54:22.0817123Z A path returned 202. Retrying...
2022-10-12T03:54:22.0817340Z A path returned 202. Retrying...
2022-10-12T03:54:22.0817557Z A path returned 202. Retrying...
2022-10-12T03:54:22.0817773Z A path returned 202. Retrying...
2022-10-12T03:54:22.0817993Z A path returned 202. Retrying...
2022-10-12T03:54:22.0818200Z A path returned 202. Retrying...
2022-10-12T03:54:22.0818418Z A path returned 202. Retrying...
2022-10-12T03:54:22.0818634Z A path returned 202. Retrying...
2022-10-12T03:54:22.0818851Z A path returned 202. Retrying...
2022-10-12T03:54:22.0819072Z A path returned 202. Retrying...
2022-10-12T03:54:22.0819291Z A path returned 202. Retrying...
2022-10-12T03:54:22.0819507Z A path returned 202. Retrying...
2022-10-12T03:54:22.0819726Z A path returned 202. Retrying...
2022-10-12T03:54:22.0819936Z A path returned 202. Retrying...
2022-10-12T03:54:22.0820162Z A path returned 202. Retrying...
2022-10-12T03:54:22.0820381Z A path returned 202. Retrying...
2022-10-12T03:54:22.0820604Z A path returned 202. Retrying...
2022-10-12T03:54:22.0820821Z A path returned 202. Retrying...
2022-10-12T03:54:22.0821042Z A path returned 202. Retrying...
2022-10-12T03:54:22.0821263Z A path returned 202. Retrying...
2022-10-12T03:54:22.0821485Z A path returned 202. Retrying...
2022-10-12T03:54:22.0821698Z A path returned 202. Retrying...
2022-10-12T03:54:22.0821914Z A path returned 202. Retrying...
2022-10-12T03:54:22.0822134Z A path returned 202. Retrying...
2022-10-12T03:54:22.0822357Z A path returned 202. Retrying...
2022-10-12T03:54:22.0822626Z A path returned 202. Retrying...
2022-10-12T03:54:22.0822846Z A path returned 202. Retrying...
2022-10-12T03:54:22.0823067Z A path returned 202. Retrying...
2022-10-12T03:54:22.0823277Z A path returned 202. Retrying...
2022-10-12T03:54:22.0823502Z A path returned 202. Retrying...
2022-10-12T03:54:22.0823721Z A path returned 202. Retrying...
2022-10-12T03:54:22.0823937Z A path returned 202. Retrying...
2022-10-12T03:54:22.0824154Z A path returned 202. Retrying...
2022-10-12T03:54:22.0824374Z A path returned 202. Retrying...
2022-10-12T03:54:22.0824594Z A path returned 202. Retrying...
2022-10-12T03:54:22.0824810Z A path returned 202. Retrying...
2022-10-12T03:54:22.0825019Z A path returned 202. Retrying...
2022-10-12T03:54:22.0825234Z A path returned 202. Retrying...
2022-10-12T03:54:22.0825448Z A path returned 202. Retrying...
2022-10-12T03:54:22.0825666Z A path returned 202. Retrying...
2022-10-12T03:54:22.0825886Z A path returned 202. Retrying...
2022-10-12T03:54:22.0826107Z A path returned 202. Retrying...
2022-10-12T03:54:22.0826328Z A path returned 202. Retrying...
2022-10-12T03:54:22.0826543Z A path returned 202. Retrying...
2022-10-12T03:54:22.0826754Z A path returned 202. Retrying...
2022-10-12T03:54:22.0826967Z A path returned 202. Retrying...
2022-10-12T03:54:22.0827183Z A path returned 202. Retrying...
2022-10-12T03:54:22.0827447Z A path returned 202. Retrying...
2022-10-12T03:54:22.0827666Z A path returned 202. Retrying...
2022-10-12T03:54:22.0827883Z A path returned 202. Retrying...
2022-10-12T03:54:22.0828102Z A path returned 202. Retrying...
2022-10-12T03:54:22.0828318Z A path returned 202. Retrying...
2022-10-12T03:54:22.0828527Z A path returned 202. Retrying...
2022-10-12T03:54:22.0828742Z A path returned 202. Retrying...
2022-10-12T03:54:22.0828962Z A path returned 202. Retrying...
2022-10-12T03:54:22.0829180Z A path returned 202. Retrying...
2022-10-12T03:54:22.0829399Z A path returned 202. Retrying...
2022-10-12T03:54:22.0829615Z A path returned 202. Retrying...
2022-10-12T03:54:22.0829831Z A path returned 202. Retrying...
2022-10-12T03:54:22.0830044Z A path returned 202. Retrying...
2022-10-12T03:54:22.0830262Z A path returned 202. Retrying...
2022-10-12T03:54:22.0830477Z A path returned 202. Retrying...
2022-10-12T03:54:22.0830693Z A path returned 202. Retrying...
2022-10-12T03:54:22.0830915Z A path returned 202. Retrying...
2022-10-12T03:54:22.0831141Z A path returned 202. Retrying...
2022-10-12T03:54:22.0831359Z A path returned 202. Retrying...
2022-10-12T03:54:22.0831574Z A path returned 202. Retrying...
2022-10-12T03:54:22.0831781Z A path returned 202. Retrying...
2022-10-12T03:54:22.0831998Z A path returned 202. Retrying...
2022-10-12T03:54:22.0832219Z A path returned 202. Retrying...
2022-10-12T03:54:22.0832435Z A path returned 202. Retrying...
2022-10-12T03:54:22.0832652Z A path returned 202. Retrying...
2022-10-12T03:54:22.0832869Z A path returned 202. Retrying...
2022-10-12T03:54:22.0833090Z A path returned 202. Retrying...
2022-10-12T03:54:22.0833306Z A path returned 202. Retrying...
2022-10-12T03:54:22.0833521Z A path returned 202. Retrying...
2022-10-12T03:54:22.0833744Z A path returned 202. Retrying...
2022-10-12T03:54:22.0833959Z A path returned 202. Retrying...
2022-10-12T03:54:22.0834178Z A path returned 202. Retrying...
2022-10-12T03:54:22.0834395Z A path returned 202. Retrying...
2022-10-12T03:54:22.0834620Z A path returned 202. Retrying...
2022-10-12T03:54:22.0834837Z A path returned 202. Retrying...
2022-10-12T03:54:22.0835048Z A path returned 202. Retrying...
2022-10-12T03:54:22.0835264Z A path returned 202. Retrying...
2022-10-12T03:54:22.0835481Z A path returned 202. Retrying...
2022-10-12T03:54:22.0835700Z A path returned 202. Retrying...
2022-10-12T03:54:22.0835919Z A path returned 202. Retrying...
2022-10-12T03:54:22.0836141Z A path returned 202. Retrying...
2022-10-12T03:54:22.0836360Z A path returned 202. Retrying...
2022-10-12T03:54:22.0836580Z A path returned 202. Retrying...
2022-10-12T03:54:22.0836792Z A path returned 202. Retrying...
2022-10-12T03:54:22.0837006Z A path returned 202. Retrying...
2022-10-12T03:54:22.0837268Z A path returned 202. Retrying...
2022-10-12T03:54:22.0837493Z A path returned 202. Retrying...
2022-10-12T03:54:22.0837711Z A path returned 202. Retrying...
2022-10-12T03:54:22.0837929Z A path returned 202. Retrying...
2022-10-12T03:54:22.0838153Z A path returned 202. Retrying...
2022-10-12T03:54:22.0838369Z A path returned 202. Retrying...
2022-10-12T03:54:22.0838580Z A path returned 202. Retrying...
2022-10-12T03:54:22.0838796Z A path returned 202. Retrying...
2022-10-12T03:54:22.0839019Z A path returned 202. Retrying...
2022-10-12T03:54:22.0839245Z A path returned 202. Retrying...
2022-10-12T03:54:22.0839462Z A path returned 202. Retrying...
2022-10-12T03:54:22.0839678Z A path returned 202. Retrying...
2022-10-12T03:54:22.0839894Z A path returned 202. Retrying...
2022-10-12T03:54:22.0840105Z A path returned 202. Retrying...
2022-10-12T03:54:22.0840321Z A path returned 202. Retrying...
2022-10-12T03:54:22.0840539Z A path returned 202. Retrying...
2022-10-12T03:54:22.0840763Z A path returned 202. Retrying...
2022-10-12T03:54:22.0840984Z A path returned 202. Retrying...
2022-10-12T03:54:22.0841204Z A path returned 202. Retrying...
2022-10-12T03:54:22.0841426Z A path returned 202. Retrying...
2022-10-12T03:54:22.0841648Z A path returned 202. Retrying...
2022-10-12T03:54:22.0841901Z A path returned 202. Retrying...
2022-10-12T03:54:22.0842116Z A path returned 202. Retrying...
2022-10-12T03:54:22.0842338Z A path returned 202. Retrying...
2022-10-12T03:54:22.0842557Z A path returned 202. Retrying...
2022-10-12T03:54:22.0842774Z A path returned 202. Retrying...
2022-10-12T03:54:22.0842991Z A path returned 202. Retrying...
2022-10-12T03:54:22.0843209Z A path returned 202. Retrying...
2022-10-12T03:54:22.0843425Z A path returned 202. Retrying...
2022-10-12T03:54:22.0843640Z A path returned 202. Retrying...
2022-10-12T03:54:22.0843861Z A path returned 202. Retrying...
2022-10-12T04:03:19.1043934Z A path returned 202. Retrying...
2022-10-12T04:03:19.1044240Z A path returned 202. Retrying...
2022-10-12T04:03:19.1044496Z A path returned 202. Retrying...
2022-10-12T04:03:19.1044736Z A path returned 202. Retrying...
2022-10-12T04:03:19.1044958Z A path returned 202. Retrying...
2022-10-12T04:03:19.1045314Z A path returned 202. Retrying...
2022-10-12T04:03:19.1045555Z A path returned 202. Retrying...
2022-10-12T04:03:19.1045778Z A path returned 202. Retrying...
2022-10-12T04:03:19.1046000Z A path returned 202. Retrying...
2022-10-12T04:03:19.1046223Z A path returned 202. Retrying...
2022-10-12T04:03:19.1046443Z A path returned 202. Retrying...
2022-10-12T04:03:19.1046670Z A path returned 202. Retrying...
2022-10-12T04:03:19.1046883Z A path returned 202. Retrying...
2022-10-12T04:03:19.1047105Z A path returned 202. Retrying...
2022-10-12T04:03:19.1047329Z A path returned 202. Retrying...
2022-10-12T04:03:19.1047551Z A path returned 202. Retrying...
2022-10-12T04:03:19.1047773Z A path returned 202. Retrying...
2022-10-12T04:03:19.1047992Z A path returned 202. Retrying...
2022-10-12T04:03:19.1048221Z A path returned 202. Retrying...
2022-10-12T04:03:19.1048441Z A path returned 202. Retrying...
2022-10-12T04:03:19.1048656Z A path returned 202. Retrying...
2022-10-12T04:03:19.1048876Z A path returned 202. Retrying...
2022-10-12T04:03:19.1049093Z A path returned 202. Retrying...
2022-10-12T04:03:19.1049316Z A path returned 202. Retrying...
2022-10-12T04:03:19.1049539Z A path returned 202. Retrying...
2022-10-12T04:03:19.1049757Z A path returned 202. Retrying...
2022-10-12T04:03:19.1049972Z A path returned 202. Retrying...
2022-10-12T04:03:19.1050182Z A path returned 202. Retrying...
2022-10-12T04:03:19.1050401Z A path returned 202. Retrying...
2022-10-12T04:03:19.1050618Z A path returned 202. Retrying...
2022-10-12T04:03:19.1050840Z A path returned 202. Retrying...
2022-10-12T04:03:19.1051060Z A path returned 202. Retrying...
2022-10-12T04:03:19.1051279Z A path returned 202. Retrying...
2022-10-12T04:03:19.1051499Z A path returned 202. Retrying...
2022-10-12T04:03:19.1051719Z A path returned 202. Retrying...
2022-10-12T04:03:19.1052231Z A path returned 202. Retrying...
2022-10-12T04:03:19.1052456Z A path returned 202. Retrying...
2022-10-12T04:03:19.1052677Z A path returned 202. Retrying...
2022-10-12T04:03:19.1052898Z A path returned 202. Retrying...
2022-10-12T04:03:19.1053126Z A path returned 202. Retrying...
2022-10-12T04:03:19.1053350Z A path returned 202. Retrying...
2022-10-12T04:03:19.1053567Z A path returned 202. Retrying...
2022-10-12T04:03:19.1053785Z A path returned 202. Retrying...
2022-10-12T04:03:19.1053997Z A path returned 202. Retrying...
2022-10-12T04:03:19.1054215Z A path returned 202. Retrying...
2022-10-12T04:03:19.1054436Z A path returned 202. Retrying...
2022-10-12T04:03:19.1054657Z A path returned 202. Retrying...
2022-10-12T04:03:19.1054874Z A path returned 202. Retrying...
2022-10-12T04:03:19.1055091Z A path returned 202. Retrying...
2022-10-12T04:03:19.1055313Z A path returned 202. Retrying...
2022-10-12T04:03:19.1055521Z A path returned 202. Retrying...
2022-10-12T04:03:19.1055743Z A path returned 202. Retrying...
2022-10-12T04:03:19.1055965Z A path returned 202. Retrying...
2022-10-12T04:03:19.1056185Z A path returned 202. Retrying...
2022-10-12T04:03:19.1056403Z A path returned 202. Retrying...
2022-10-12T04:03:19.1056624Z A path returned 202. Retrying...
2022-10-12T04:03:19.1056938Z A path returned 202. Retrying...
2022-10-12T04:03:19.1057160Z A path returned 202. Retrying...
2022-10-12T04:03:19.1057369Z A path returned 202. Retrying...
2022-10-12T04:03:19.1057586Z A path returned 202. Retrying...
2022-10-12T04:03:19.1057805Z A path returned 202. Retrying...
2022-10-12T04:03:19.1058027Z A path returned 202. Retrying...
2022-10-12T04:03:19.1058250Z A path returned 202. Retrying...
2022-10-12T04:03:19.1058467Z A path returned 202. Retrying...
2022-10-12T04:03:19.1058687Z A path returned 202. Retrying...
2022-10-12T04:03:19.1058906Z A path returned 202. Retrying...
2022-10-12T04:03:19.1059121Z A path returned 202. Retrying...
2022-10-12T04:03:19.1059343Z A path returned 202. Retrying...
2022-10-12T04:03:19.1059567Z A path returned 202. Retrying...
2022-10-12T04:03:19.1059791Z A path returned 202. Retrying...
2022-10-12T04:03:19.1060012Z A path returned 202. Retrying...
2022-10-12T04:03:19.1060232Z A path returned 202. Retrying...
2022-10-12T04:03:19.1060456Z A path returned 202. Retrying...
2022-10-12T04:03:19.1060673Z A path returned 202. Retrying...
2022-10-12T04:03:19.1060892Z A path returned 202. Retrying...
2022-10-12T04:03:19.1061111Z A path returned 202. Retrying...
2022-10-12T04:03:19.1061329Z A path returned 202. Retrying...
2022-10-12T04:03:19.1061545Z A path returned 202. Retrying...
2022-10-12T04:03:19.1061764Z A path returned 202. Retrying...
2022-10-12T04:03:19.1061986Z A path returned 202. Retrying...
2022-10-12T04:03:19.1062206Z A path returned 202. Retrying...
2022-10-12T04:03:19.1062417Z A path returned 202. Retrying...
2022-10-12T04:03:19.1062972Z A path returned 202. Retrying...
2022-10-12T04:03:19.1063223Z A path returned 202. Retrying...
2022-10-12T04:03:19.1063449Z A path returned 202. Retrying...
2022-10-12T04:03:19.1063751Z A path returned 202. Retrying...
2022-10-12T04:03:19.1063987Z A path returned 202. Retrying...
2022-10-12T04:03:19.1064281Z A path returned 202. Retrying...
2022-10-12T04:03:19.1064519Z A path returned 202. Retrying...
2022-10-12T04:03:19.1064748Z A path returned 202. Retrying...
2022-10-12T04:03:19.1065049Z A path returned 202. Retrying...
2022-10-12T04:03:19.1065278Z A path returned 202. Retrying...
2022-10-12T04:03:19.1065568Z A path returned 202. Retrying...
2022-10-12T04:03:19.1065808Z A path returned 202. Retrying...
2022-10-12T04:03:19.1066027Z A path returned 202. Retrying...
2022-10-12T04:03:19.1066447Z A path returned 202. Retrying...
2022-10-12T04:03:19.1066743Z A path returned 202. Retrying...
2022-10-12T04:03:19.1066984Z A path returned 202. Retrying...
2022-10-12T04:03:19.1067205Z A path returned 202. Retrying...
2022-10-12T04:03:19.1067425Z A path returned 202. Retrying...
2022-10-12T04:03:19.1067733Z A path returned 202. Retrying...
2022-10-12T04:03:19.1068049Z A path returned 202. Retrying...
2022-10-12T04:03:19.1068282Z A path returned 202. Retrying...
2022-10-12T04:03:19.1068582Z A path returned 202. Retrying...
2022-10-12T04:03:19.1068875Z A path returned 202. Retrying...
2022-10-12T04:03:19.1069176Z A path returned 202. Retrying...
2022-10-12T04:03:19.1069417Z A path returned 202. Retrying...
2022-10-12T04:03:19.1069724Z A path returned 202. Retrying...
2022-10-12T04:03:19.1070021Z A path returned 202. Retrying...
2022-10-12T04:03:19.1070257Z A path returned 202. Retrying...
2022-10-12T04:03:19.1070550Z A path returned 202. Retrying...
2022-10-12T04:03:19.1070794Z A path returned 202. Retrying...
2022-10-12T04:03:19.1071008Z A path returned 202. Retrying...
2022-10-12T04:03:19.1071227Z A path returned 202. Retrying...
2022-10-12T04:03:19.1071446Z A path returned 202. Retrying...
2022-10-12T04:03:19.1071739Z A path returned 202. Retrying...
2022-10-12T04:03:19.1071981Z A path returned 202. Retrying...
2022-10-12T04:03:19.1072273Z A path returned 202. Retrying...
2022-10-12T04:03:19.1072561Z A path returned 202. Retrying...
2022-10-12T04:03:19.1072801Z A path returned 202. Retrying...
2022-10-12T04:03:19.1073039Z A path returned 202. Retrying...
2022-10-12T04:03:19.1073346Z A path returned 202. Retrying...
2022-10-12T04:03:19.1073699Z A path returned 202. Retrying...
2022-10-12T04:03:19.1073948Z A path returned 202. Retrying...
2022-10-12T04:03:19.1074190Z A path returned 202. Retrying...
2022-10-12T04:03:19.1074489Z A path returned 202. Retrying...
2022-10-12T04:03:19.1074729Z A path returned 202. Retrying...
2022-10-12T04:03:19.1075024Z A path returned 202. Retrying...
2022-10-12T04:03:19.1075263Z A path returned 202. Retrying...
2022-10-12T04:03:19.1075497Z A path returned 202. Retrying...
2022-10-12T04:03:19.1075788Z A path returned 202. Retrying...
2022-10-12T04:03:19.1076028Z A path returned 202. Retrying...
2022-10-12T04:03:19.1076261Z A path returned 202. Retrying...
2022-10-12T04:03:19.1076546Z A path returned 202. Retrying...
2022-10-12T04:03:19.1076794Z A path returned 202. Retrying...
2022-10-12T04:03:19.1077028Z A path returned 202. Retrying...
2022-10-12T04:03:19.1077442Z A path returned 202. Retrying...
2022-10-12T04:03:19.1077663Z A path returned 202. Retrying...
2022-10-12T04:03:19.1077968Z A path returned 202. Retrying...
2022-10-12T04:03:19.1078204Z A path returned 202. Retrying...
2022-10-12T04:03:19.1078502Z A path returned 202. Retrying...
2022-10-12T04:03:19.1078742Z A path returned 202. Retrying...
2022-10-12T04:03:19.1078962Z A path returned 202. Retrying...
2022-10-12T04:03:19.1079245Z A path returned 202. Retrying...
2022-10-12T04:03:19.1079497Z A path returned 202. Retrying...
2022-10-12T04:03:19.1079717Z A path returned 202. Retrying...
2022-10-12T04:03:19.1079940Z A path returned 202. Retrying...
2022-10-12T04:03:19.1080164Z A path returned 202. Retrying...
2022-10-12T04:03:19.1080385Z A path returned 202. Retrying...
2022-10-12T04:03:19.1080607Z A path returned 202. Retrying...
2022-10-12T04:03:19.1080830Z A path returned 202. Retrying...
2022-10-12T04:03:19.1081129Z A path returned 202. Retrying...
2022-10-12T04:03:19.1081346Z A path returned 202. Retrying...
2022-10-12T04:03:19.1081645Z A path returned 202. Retrying...
2022-10-12T04:03:19.1081886Z A path returned 202. Retrying...
2022-10-12T04:03:19.1082112Z A path returned 202. Retrying...
2022-10-12T04:03:19.1082409Z A path returned 202. Retrying...
2022-10-12T04:03:19.1082650Z A path returned 202. Retrying...
2022-10-12T04:03:19.1082868Z A path returned 202. Retrying...
2022-10-12T04:03:19.1083090Z A path returned 202. Retrying...
2022-10-12T04:03:19.1083398Z A path returned 202. Retrying...
2022-10-12T04:03:19.1083640Z A path returned 202. Retrying...
2022-10-12T04:03:19.1083925Z A path returned 202. Retrying...
2022-10-12T04:03:19.1084171Z A path returned 202. Retrying...
2022-10-12T04:03:19.1084392Z A path returned 202. Retrying...
2022-10-12T04:03:19.1084614Z A path returned 202. Retrying...
2022-10-12T04:03:19.1084908Z A path returned 202. Retrying...
2022-10-12T04:03:19.1085323Z A path returned 202. Retrying...
2022-10-12T04:03:19.1085624Z A path returned 202. Retrying...
2022-10-12T04:03:19.1085861Z A path returned 202. Retrying...
2022-10-12T04:03:19.1086155Z A path returned 202. Retrying...
2022-10-12T04:03:19.1086394Z A path returned 202. Retrying...
2022-10-12T04:03:19.1086684Z A path returned 202. Retrying...
2022-10-12T04:03:19.1086940Z A path returned 202. Retrying...
2022-10-12T04:03:19.1087159Z A path returned 202. Retrying...
2022-10-12T04:03:19.1087376Z A path returned 202. Retrying...
2022-10-12T04:03:19.1087595Z A path returned 202. Retrying...
2022-10-12T04:03:19.1087815Z A path returned 202. Retrying...
2022-10-12T04:03:19.1088031Z A path returned 202. Retrying...
2022-10-12T04:03:19.1088336Z A path returned 202. Retrying...
2022-10-12T04:03:19.1088555Z A path returned 202. Retrying...
2022-10-12T04:03:19.1088838Z A path returned 202. Retrying...
2022-10-12T04:03:19.1089075Z A path returned 202. Retrying...
2022-10-12T04:03:19.1089295Z A path returned 202. Retrying...
2022-10-12T04:03:19.1089591Z A path returned 202. Retrying...
2022-10-12T04:03:19.1089824Z A path returned 202. Retrying...
2022-10-12T04:03:19.1090117Z A path returned 202. Retrying...
2022-10-12T04:03:19.1090350Z A path returned 202. Retrying...
2022-10-12T04:03:19.1090711Z A path returned 202. Retrying...
2022-10-12T04:03:19.1090950Z A path returned 202. Retrying...
2022-10-12T04:03:19.1091170Z A path returned 202. Retrying...
2022-10-12T04:03:19.1091452Z A path returned 202. Retrying...
2022-10-12T04:03:19.1091695Z A path returned 202. Retrying...
2022-10-12T04:03:19.1091918Z A path returned 202. Retrying...
2022-10-12T04:03:19.1092215Z A path returned 202. Retrying...
2022-10-12T04:03:19.1092451Z A path returned 202. Retrying...
2022-10-12T04:03:19.1092745Z A path returned 202. Retrying...
2022-10-12T04:03:19.1092983Z A path returned 202. Retrying...
2022-10-12T04:03:19.1093207Z A path returned 202. Retrying...
2022-10-12T04:03:19.1093495Z A path returned 202. Retrying...
2022-10-12T04:03:19.1093736Z A path returned 202. Retrying...
2022-10-12T04:03:19.1093954Z A path returned 202. Retrying...
2022-10-12T04:03:19.1094246Z A path returned 202. Retrying...
2022-10-12T04:03:19.1094483Z A path returned 202. Retrying...
2022-10-12T04:03:19.1094775Z A path returned 202. Retrying...
2022-10-12T04:03:19.1095017Z A path returned 202. Retrying...
2022-10-12T04:03:19.1095239Z A path returned 202. Retrying...
2022-10-12T04:03:19.1095530Z A path returned 202. Retrying...
2022-10-12T04:03:19.1095770Z A path returned 202. Retrying...
2022-10-12T04:03:19.1096065Z A path returned 202. Retrying...
2022-10-12T04:03:19.1096305Z A path returned 202. Retrying...
2022-10-12T04:03:19.1096602Z A path returned 202. Retrying...
2022-10-12T04:03:19.1096815Z A path returned 202. Retrying...
2022-10-12T04:03:19.1097105Z A path returned 202. Retrying...
2022-10-12T04:03:19.1097341Z A path returned 202. Retrying...
2022-10-12T04:03:19.1097563Z A path returned 202. Retrying...
2022-10-12T04:03:19.1097853Z A path returned 202. Retrying...
2022-10-12T04:03:19.1098091Z A path returned 202. Retrying...
2022-10-12T04:03:19.1098380Z A path returned 202. Retrying...
2022-10-12T04:03:19.1098615Z A path returned 202. Retrying...
2022-10-12T04:03:19.1098908Z A path returned 202. Retrying...
2022-10-12T04:03:19.1099149Z A path returned 202. Retrying...
2022-10-12T04:03:19.1099361Z A path returned 202. Retrying...
2022-10-12T04:03:19.1099652Z A path returned 202. Retrying...
2022-10-12T04:03:19.1099892Z A path returned 202. Retrying...
2022-10-12T04:03:19.1100113Z A path returned 202. Retrying...
2022-10-12T04:03:19.1100331Z A path returned 202. Retrying...
2022-10-12T04:03:19.1100622Z A path returned 202. Retrying...
2022-10-12T04:03:19.1100857Z A path returned 202. Retrying...
2022-10-12T04:03:19.1101149Z A path returned 202. Retrying...
2022-10-12T04:03:19.1101385Z A path returned 202. Retrying...
2022-10-12T04:03:19.1101671Z A path returned 202. Retrying...
2022-10-12T04:03:19.1101898Z A path returned 202. Retrying...
2022-10-12T04:03:19.1102179Z A path returned 202. Retrying...
2022-10-12T04:03:19.1102479Z A path returned 202. Retrying...
2022-10-12T04:03:19.1102718Z A path returned 202. Retrying...
2022-10-12T04:03:19.1103008Z A path returned 202. Retrying...
2022-10-12T04:03:19.1103251Z A path returned 202. Retrying...
2022-10-12T04:03:19.1103482Z A path returned 202. Retrying...
2022-10-12T04:03:19.1103772Z A path returned 202. Retrying...
2022-10-12T04:03:19.1104009Z A path returned 202. Retrying...
2022-10-12T04:03:19.1104337Z A path returned 202. Retrying...
2022-10-12T04:03:19.1104631Z A path returned 202. Retrying...
2022-10-12T04:03:19.1104861Z A path returned 202. Retrying...
2022-10-12T04:03:19.1105084Z A path returned 202. Retrying...
2022-10-12T04:03:19.1105300Z A path returned 202. Retrying...
2022-10-12T04:03:19.1105522Z A path returned 202. Retrying...
2022-10-12T04:03:19.1105746Z A path returned 202. Retrying...
2022-10-12T04:12:18.0009498Z A path returned 202. Retrying...
2022-10-12T04:12:18.0009831Z A path returned 202. Retrying...
2022-10-12T04:12:18.0010065Z A path returned 202. Retrying...
2022-10-12T04:12:18.0010300Z A path returned 202. Retrying...
2022-10-12T04:12:18.0010537Z A path returned 202. Retrying...
2022-10-12T04:12:18.0010762Z A path returned 202. Retrying...
2022-10-12T04:12:18.0011276Z A path returned 202. Retrying...
2022-10-12T04:12:18.0011505Z A path returned 202. Retrying...
2022-10-12T04:12:18.0011726Z A path returned 202. Retrying...
2022-10-12T04:12:18.0011952Z A path returned 202. Retrying...
2022-10-12T04:12:18.0012177Z A path returned 202. Retrying...
2022-10-12T04:12:18.0012399Z A path returned 202. Retrying...
2022-10-12T04:12:18.0012623Z A path returned 202. Retrying...
2022-10-12T04:12:18.0012845Z A path returned 202. Retrying...
2022-10-12T04:12:18.0013055Z A path returned 202. Retrying...
2022-10-12T04:12:18.0013268Z A path returned 202. Retrying...
2022-10-12T04:12:18.0013488Z A path returned 202. Retrying...
2022-10-12T04:12:18.0013712Z A path returned 202. Retrying...
2022-10-12T04:12:18.0013936Z A path returned 202. Retrying...
2022-10-12T04:12:18.0014156Z A path returned 202. Retrying...
2022-10-12T04:12:18.0014376Z A path returned 202. Retrying...
2022-10-12T04:12:18.0014601Z A path returned 202. Retrying...
2022-10-12T04:12:18.0014817Z A path returned 202. Retrying...
2022-10-12T04:12:18.0015046Z A path returned 202. Retrying...
2022-10-12T04:12:18.0015265Z A path returned 202. Retrying...
2022-10-12T04:12:18.0015481Z A path returned 202. Retrying...
2022-10-12T04:12:18.0015776Z A path returned 202. Retrying...
2022-10-12T04:12:18.0015993Z A path returned 202. Retrying...
2022-10-12T04:12:18.0016211Z A path returned 202. Retrying...
2022-10-12T04:12:18.0016428Z A path returned 202. Retrying...
2022-10-12T04:12:18.0016647Z A path returned 202. Retrying...
2022-10-12T04:12:18.0016862Z A path returned 202. Retrying...
2022-10-12T04:12:18.0017078Z A path returned 202. Retrying...
2022-10-12T04:12:18.0017292Z A path returned 202. Retrying...
2022-10-12T04:12:18.0017513Z A path returned 202. Retrying...
2022-10-12T04:12:18.0017734Z A path returned 202. Retrying...
2022-10-12T04:12:18.0017952Z A path returned 202. Retrying...
2022-10-12T04:12:18.0018171Z A path returned 202. Retrying...
2022-10-12T04:12:18.0018387Z A path returned 202. Retrying...
2022-10-12T04:12:18.0018610Z A path returned 202. Retrying...
2022-10-12T04:12:18.0018824Z A path returned 202. Retrying...
2022-10-12T04:12:18.0019034Z A path returned 202. Retrying...
2022-10-12T04:12:18.0019247Z A path returned 202. Retrying...
2022-10-12T04:12:18.0019464Z A path returned 202. Retrying...
2022-10-12T04:12:18.0019684Z A path returned 202. Retrying...
2022-10-12T04:12:18.0019898Z A path returned 202. Retrying...
2022-10-12T04:12:18.0020112Z A path returned 202. Retrying...
2022-10-12T04:12:18.0020328Z A path returned 202. Retrying...
2022-10-12T04:12:18.0020540Z A path returned 202. Retrying...
2022-10-12T04:12:18.0020752Z A path returned 202. Retrying...
2022-10-12T04:12:18.0020965Z A path returned 202. Retrying...
2022-10-12T04:12:18.0021281Z A path returned 202. Retrying...
2022-10-12T04:12:18.0021502Z A path returned 202. Retrying...
2022-10-12T04:12:18.0021723Z A path returned 202. Retrying...
2022-10-12T04:12:18.0021940Z A path returned 202. Retrying...
2022-10-12T04:12:18.0022159Z A path returned 202. Retrying...
2022-10-12T04:12:18.0022374Z A path returned 202. Retrying...
2022-10-12T04:12:18.0022595Z A path returned 202. Retrying...
2022-10-12T04:12:18.0022811Z A path returned 202. Retrying...
2022-10-12T04:12:18.0023030Z A path returned 202. Retrying...
2022-10-12T04:12:18.0023251Z A path returned 202. Retrying...
2022-10-12T04:12:18.0023469Z A path returned 202. Retrying...
2022-10-12T04:12:18.0023687Z A path returned 202. Retrying...
2022-10-12T04:12:18.0023907Z A path returned 202. Retrying...
2022-10-12T04:12:18.0024118Z A path returned 202. Retrying...
2022-10-12T04:12:18.0024334Z A path returned 202. Retrying...
2022-10-12T04:12:18.0024552Z A path returned 202. Retrying...
2022-10-12T04:12:18.0024772Z A path returned 202. Retrying...
2022-10-12T04:12:18.0024993Z A path returned 202. Retrying...
2022-10-12T04:12:18.0025219Z A path returned 202. Retrying...
2022-10-12T04:12:18.0025435Z A path returned 202. Retrying...
2022-10-12T04:12:18.0025648Z A path returned 202. Retrying...
2022-10-12T04:12:18.0025918Z A path returned 202. Retrying...
2022-10-12T04:12:18.0026132Z A path returned 202. Retrying...
2022-10-12T04:12:18.0026352Z A path returned 202. Retrying...
2022-10-12T04:12:18.0026567Z A path returned 202. Retrying...
2022-10-12T04:12:18.0026784Z A path returned 202. Retrying...
2022-10-12T04:12:18.0027000Z A path returned 202. Retrying...
2022-10-12T04:12:18.0027218Z A path returned 202. Retrying...
2022-10-12T04:12:18.0027428Z A path returned 202. Retrying...
2022-10-12T04:12:18.0027644Z A path returned 202. Retrying...
2022-10-12T04:12:18.0027859Z A path returned 202. Retrying...
2022-10-12T04:12:18.0028077Z A path returned 202. Retrying...
2022-10-12T04:12:18.0028292Z A path returned 202. Retrying...
2022-10-12T04:12:18.0028511Z A path returned 202. Retrying...
2022-10-12T04:12:18.0028727Z A path returned 202. Retrying...
2022-10-12T04:12:18.0028947Z A path returned 202. Retrying...
2022-10-12T04:12:18.0029155Z A path returned 202. Retrying...
2022-10-12T04:12:18.0029372Z A path returned 202. Retrying...
2022-10-12T04:12:18.0029589Z A path returned 202. Retrying...
2022-10-12T04:12:18.0029805Z A path returned 202. Retrying...
2022-10-12T04:12:18.0030023Z A path returned 202. Retrying...
2022-10-12T04:12:18.0030237Z A path returned 202. Retrying...
2022-10-12T04:12:18.0030454Z A path returned 202. Retrying...
2022-10-12T04:12:18.0030672Z A path returned 202. Retrying...
2022-10-12T04:12:18.0030886Z A path returned 202. Retrying...
2022-10-12T04:12:18.0031101Z A path returned 202. Retrying...
2022-10-12T04:12:18.0031317Z A path returned 202. Retrying...
2022-10-12T04:12:18.0031533Z A path returned 202. Retrying...
2022-10-12T04:12:18.0031755Z A path returned 202. Retrying...
2022-10-12T04:12:18.0031973Z A path returned 202. Retrying...
2022-10-12T04:12:18.0032191Z A path returned 202. Retrying...
2022-10-12T04:12:18.0032408Z A path returned 202. Retrying...
2022-10-12T04:12:18.0032617Z A path returned 202. Retrying...
2022-10-12T04:12:18.0032833Z A path returned 202. Retrying...
2022-10-12T04:12:18.0033058Z A path returned 202. Retrying...
2022-10-12T04:12:18.0033279Z A path returned 202. Retrying...
2022-10-12T04:12:18.0033496Z A path returned 202. Retrying...
2022-10-12T04:12:18.0033717Z A path returned 202. Retrying...
2022-10-12T04:12:18.0033933Z A path returned 202. Retrying...
2022-10-12T04:12:18.0034142Z A path returned 202. Retrying...
2022-10-12T04:12:18.0034366Z A path returned 202. Retrying...
2022-10-12T04:12:18.0034584Z A path returned 202. Retrying...
2022-10-12T04:12:18.0034805Z A path returned 202. Retrying...
2022-10-12T04:12:18.0035021Z A path returned 202. Retrying...
2022-10-12T04:12:18.0035237Z A path returned 202. Retrying...
2022-10-12T04:12:18.0035459Z A path returned 202. Retrying...
2022-10-12T04:12:18.0035725Z A path returned 202. Retrying...
2022-10-12T04:12:18.0035937Z A path returned 202. Retrying...
2022-10-12T04:12:18.0036158Z A path returned 202. Retrying...
2022-10-12T04:12:18.0036373Z A path returned 202. Retrying...
2022-10-12T04:12:18.0036590Z A path returned 202. Retrying...
2022-10-12T04:12:18.0036810Z A path returned 202. Retrying...
2022-10-12T04:12:18.0037029Z A path returned 202. Retrying...
2022-10-12T04:12:18.0037245Z A path returned 202. Retrying...
2022-10-12T04:12:18.0037462Z A path returned 202. Retrying...
2022-10-12T04:12:18.0037674Z A path returned 202. Retrying...
2022-10-12T04:12:18.0037884Z A path returned 202. Retrying...
2022-10-12T04:12:18.0038101Z A path returned 202. Retrying...
2022-10-12T04:12:18.0038316Z A path returned 202. Retrying...
2022-10-12T04:12:18.0038534Z A path returned 202. Retrying...
2022-10-12T04:12:18.0038748Z A path returned 202. Retrying...
2022-10-12T04:12:18.0038960Z A path returned 202. Retrying...
2022-10-12T04:12:18.0039169Z A path returned 202. Retrying...
2022-10-12T04:12:18.0039384Z A path returned 202. Retrying...
2022-10-12T04:12:18.0039600Z A path returned 202. Retrying...
2022-10-12T04:12:18.0039816Z A path returned 202. Retrying...
2022-10-12T04:12:18.0040031Z A path returned 202. Retrying...
2022-10-12T04:12:18.0040293Z A path returned 202. Retrying...
2022-10-12T04:12:18.0040508Z A path returned 202. Retrying...
2022-10-12T04:12:18.0040722Z A path returned 202. Retrying...
2022-10-12T04:12:18.0040933Z A path returned 202. Retrying...
2022-10-12T04:12:18.0041147Z A path returned 202. Retrying...
2022-10-12T04:12:18.0041362Z A path returned 202. Retrying...
2022-10-12T04:12:18.0041578Z A path returned 202. Retrying...
2022-10-12T04:12:18.0041797Z A path returned 202. Retrying...
2022-10-12T04:12:18.0042014Z A path returned 202. Retrying...
2022-10-12T04:12:18.0042230Z A path returned 202. Retrying...
2022-10-12T04:12:18.0042443Z A path returned 202. Retrying...
2022-10-12T04:12:18.0042653Z A path returned 202. Retrying...
2022-10-12T04:12:18.0042869Z A path returned 202. Retrying...
2022-10-12T04:12:18.0043084Z A path returned 202. Retrying...
2022-10-12T04:12:18.0043297Z A path returned 202. Retrying...
2022-10-12T04:12:18.0043516Z A path returned 202. Retrying...
2022-10-12T04:12:18.0043730Z A path returned 202. Retrying...
2022-10-12T04:12:18.0043950Z A path returned 202. Retrying...
2022-10-12T04:12:18.0044156Z A path returned 202. Retrying...
2022-10-12T04:12:18.0044374Z A path returned 202. Retrying...
2022-10-12T04:12:18.0044589Z A path returned 202. Retrying...
2022-10-12T04:12:18.0044810Z A path returned 202. Retrying...
2022-10-12T04:12:18.0045023Z A path returned 202. Retrying...
2022-10-12T04:12:18.0045414Z A path returned 202. Retrying...
2022-10-12T04:12:18.0045629Z A path returned 202. Retrying...
2022-10-12T04:12:18.0045879Z A path returned 202. Retrying...
2022-10-12T04:12:18.0046093Z A path returned 202. Retrying...
2022-10-12T04:12:18.0046308Z A path returned 202. Retrying...
2022-10-12T04:12:18.0046528Z A path returned 202. Retrying...
2022-10-12T04:12:18.0046752Z A path returned 202. Retrying...
2022-10-12T04:12:18.0046967Z A path returned 202. Retrying...
2022-10-12T04:12:18.0047184Z A path returned 202. Retrying...
2022-10-12T04:12:18.0047399Z A path returned 202. Retrying...
2022-10-12T04:12:18.0047619Z A path returned 202. Retrying...
2022-10-12T04:12:18.0047828Z A path returned 202. Retrying...
2022-10-12T04:12:18.0048042Z A path returned 202. Retrying...
2022-10-12T04:12:18.0048259Z A path returned 202. Retrying...
2022-10-12T04:12:18.0048475Z A path returned 202. Retrying...
2022-10-12T04:12:18.0048693Z A path returned 202. Retrying...
2022-10-12T04:12:18.0048906Z A path returned 202. Retrying...
2022-10-12T04:12:18.0049122Z A path returned 202. Retrying...
2022-10-12T04:12:18.0049331Z A path returned 202. Retrying...
2022-10-12T04:12:18.0049550Z A path returned 202. Retrying...
2022-10-12T04:12:18.0049764Z A path returned 202. Retrying...
2022-10-12T04:12:18.0049981Z A path returned 202. Retrying...
2022-10-12T04:12:18.0050276Z A path returned 202. Retrying...
2022-10-12T04:12:18.0050498Z A path returned 202. Retrying...
2022-10-12T04:12:18.0050712Z A path returned 202. Retrying...
2022-10-12T04:12:18.0050925Z A path returned 202. Retrying...
2022-10-12T04:12:18.0051135Z A path returned 202. Retrying...
2022-10-12T04:12:18.0051352Z A path returned 202. Retrying...
2022-10-12T04:12:18.0051569Z A path returned 202. Retrying...
2022-10-12T04:12:18.0051783Z A path returned 202. Retrying...
2022-10-12T04:12:18.0052003Z A path returned 202. Retrying...
2022-10-12T04:12:18.0052219Z A path returned 202. Retrying...
2022-10-12T04:12:18.0052444Z A path returned 202. Retrying...
2022-10-12T04:12:18.0052660Z A path returned 202. Retrying...
2022-10-12T04:12:18.0052870Z A path returned 202. Retrying...
2022-10-12T04:12:18.0053088Z A path returned 202. Retrying...
2022-10-12T04:12:18.0053308Z A path returned 202. Retrying...
2022-10-12T04:12:18.0053527Z A path returned 202. Retrying...
2022-10-12T04:12:18.0053757Z A path returned 202. Retrying...
2022-10-12T04:12:18.0053974Z A path returned 202. Retrying...
2022-10-12T04:12:18.0054190Z A path returned 202. Retrying...
2022-10-12T04:12:18.0054406Z A path returned 202. Retrying...
2022-10-12T04:12:18.0054619Z A path returned 202. Retrying...
2022-10-12T04:12:18.0054882Z A path returned 202. Retrying...
2022-10-12T04:12:18.0055105Z A path returned 202. Retrying...
2022-10-12T04:12:18.0055319Z A path returned 202. Retrying...
2022-10-12T04:12:18.0055535Z A path returned 202. Retrying...
2022-10-12T04:12:18.0055754Z A path returned 202. Retrying...
2022-10-12T04:12:18.0055973Z A path returned 202. Retrying...
2022-10-12T04:12:18.0056194Z A path returned 202. Retrying...
2022-10-12T04:12:18.0056409Z A path returned 202. Retrying...
2022-10-12T04:12:18.0056618Z A path returned 202. Retrying...
2022-10-12T04:12:18.0056831Z A path returned 202. Retrying...
2022-10-12T04:12:18.0057051Z A path returned 202. Retrying...
2022-10-12T04:12:18.0057269Z A path returned 202. Retrying...
2022-10-12T04:12:18.0057489Z A path returned 202. Retrying...
2022-10-12T04:12:18.0057704Z A path returned 202. Retrying...
2022-10-12T04:12:18.0057923Z A path returned 202. Retrying...
2022-10-12T04:12:18.0058138Z A path returned 202. Retrying...
2022-10-12T04:12:18.0058345Z A path returned 202. Retrying...
2022-10-12T04:12:18.0058564Z A path returned 202. Retrying...
2022-10-12T04:12:18.0058781Z A path returned 202. Retrying...
2022-10-12T04:12:18.0059000Z A path returned 202. Retrying...
2022-10-12T04:12:18.0059216Z A path returned 202. Retrying...
2022-10-12T04:12:18.0059430Z A path returned 202. Retrying...
2022-10-12T04:12:18.0059645Z A path returned 202. Retrying...
2022-10-12T04:12:18.0059857Z A path returned 202. Retrying...
2022-10-12T04:12:18.0060073Z A path returned 202. Retrying...
2022-10-12T04:12:18.0060291Z A path returned 202. Retrying...
2022-10-12T04:12:18.0060509Z A path returned 202. Retrying...
2022-10-12T04:12:18.0060726Z A path returned 202. Retrying...
2022-10-12T04:12:18.0060943Z A path returned 202. Retrying...
2022-10-12T04:12:18.0061162Z A path returned 202. Retrying...
2022-10-12T04:12:18.0061380Z A path returned 202. Retrying...
2022-10-12T04:12:18.0061590Z A path returned 202. Retrying...
2022-10-12T04:12:18.0061806Z A path returned 202. Retrying...
2022-10-12T04:12:18.0062030Z A path returned 202. Retrying...
2022-10-12T04:12:18.0062248Z A path returned 202. Retrying...
2022-10-12T04:12:18.0062467Z A path returned 202. Retrying...
2022-10-12T04:12:18.0062684Z A path returned 202. Retrying...
2022-10-12T04:12:18.0062905Z A path returned 202. Retrying...
2022-10-12T04:12:18.0063122Z A path returned 202. Retrying...
2022-10-12T04:12:18.0063330Z A path returned 202. Retrying...
2022-10-12T04:12:18.0063551Z A path returned 202. Retrying...
2022-10-12T04:12:18.0063767Z A path returned 202. Retrying...
2022-10-12T04:12:18.0063984Z A path returned 202. Retrying...
2022-10-12T04:12:18.0064200Z A path returned 202. Retrying...
2022-10-12T04:19:19.6458892Z A path returned 202. Retrying...
2022-10-12T04:19:19.6459923Z A path returned 202. Retrying...
2022-10-12T04:19:19.6460213Z A path returned 202. Retrying...
2022-10-12T04:19:19.6460458Z A path returned 202. Retrying...
2022-10-12T04:19:19.6460693Z A path returned 202. Retrying...
2022-10-12T04:19:19.6460924Z A path returned 202. Retrying...
2022-10-12T04:19:19.6461171Z A path returned 202. Retrying...
2022-10-12T04:19:19.6461398Z A path returned 202. Retrying...
2022-10-12T04:19:19.6461624Z A path returned 202. Retrying...
2022-10-12T04:19:19.6461838Z A path returned 202. Retrying...
2022-10-12T04:19:19.6462068Z A path returned 202. Retrying...
2022-10-12T04:19:19.6462287Z A path returned 202. Retrying...
2022-10-12T04:19:19.6462512Z A path returned 202. Retrying...
2022-10-12T04:19:19.6462734Z A path returned 202. Retrying...
2022-10-12T04:19:19.6462958Z A path returned 202. Retrying...
2022-10-12T04:19:19.6463177Z A path returned 202. Retrying...
2022-10-12T04:19:19.6463393Z A path returned 202. Retrying...
2022-10-12T04:19:19.6463606Z A path returned 202. Retrying...
2022-10-12T04:19:19.6463829Z A path returned 202. Retrying...
2022-10-12T04:19:19.6464045Z A path returned 202. Retrying...
2022-10-12T04:19:19.6464270Z A path returned 202. Retrying...
2022-10-12T04:19:19.6464491Z A path returned 202. Retrying...
2022-10-12T04:19:19.6464793Z A path returned 202. Retrying...
2022-10-12T04:19:19.6465010Z A path returned 202. Retrying...
2022-10-12T04:19:19.6465235Z A path returned 202. Retrying...
2022-10-12T04:19:19.6465450Z A path returned 202. Retrying...
2022-10-12T04:19:19.6465667Z A path returned 202. Retrying...
2022-10-12T04:19:19.6465891Z A path returned 202. Retrying...
2022-10-12T04:19:19.6466106Z A path returned 202. Retrying...
2022-10-12T04:19:19.6466328Z A path returned 202. Retrying...
2022-10-12T04:19:19.6466545Z A path returned 202. Retrying...
2022-10-12T04:19:19.6466766Z A path returned 202. Retrying...
2022-10-12T04:19:19.6466976Z A path returned 202. Retrying...
2022-10-12T04:19:19.6467198Z A path returned 202. Retrying...
2022-10-12T04:19:19.6467421Z A path returned 202. Retrying...
2022-10-12T04:19:19.6467645Z A path returned 202. Retrying...
2022-10-12T04:19:19.6467872Z A path returned 202. Retrying...
2022-10-12T04:19:19.6468102Z A path returned 202. Retrying...
2022-10-12T04:19:19.6468328Z A path returned 202. Retrying...
2022-10-12T04:19:19.6468560Z A path returned 202. Retrying...
2022-10-12T04:19:19.6468772Z A path returned 202. Retrying...
2022-10-12T04:19:19.6468995Z A path returned 202. Retrying...
2022-10-12T04:19:19.6469211Z A path returned 202. Retrying...
2022-10-12T04:19:19.6469429Z A path returned 202. Retrying...
2022-10-12T04:19:19.6469649Z A path returned 202. Retrying...
2022-10-12T04:19:19.6469872Z A path returned 202. Retrying...
2022-10-12T04:19:19.6470090Z A path returned 202. Retrying...
2022-10-12T04:19:19.6470308Z A path returned 202. Retrying...
2022-10-12T04:19:19.6470517Z A path returned 202. Retrying...
2022-10-12T04:19:19.6470736Z A path returned 202. Retrying...
2022-10-12T04:19:19.6470961Z A path returned 202. Retrying...
2022-10-12T04:19:19.6471185Z A path returned 202. Retrying...
2022-10-12T04:19:19.6471412Z A path returned 202. Retrying...
2022-10-12T04:19:19.6471631Z A path returned 202. Retrying...
2022-10-12T04:19:19.6471851Z A path returned 202. Retrying...
2022-10-12T04:19:19.6472074Z A path returned 202. Retrying...
2022-10-12T04:19:19.6472291Z A path returned 202. Retrying...
2022-10-12T04:19:19.6472509Z A path returned 202. Retrying...
2022-10-12T04:19:19.6472731Z A path returned 202. Retrying...
2022-10-12T04:19:19.6472952Z A path returned 202. Retrying...
2022-10-12T04:19:19.6473222Z A path returned 202. Retrying...
2022-10-12T04:19:19.6473442Z A path returned 202. Retrying...
2022-10-12T04:19:19.6473666Z A path returned 202. Retrying...
2022-10-12T04:19:19.6473891Z A path returned 202. Retrying...
2022-10-12T04:19:19.6474116Z A path returned 202. Retrying...
2022-10-12T04:19:19.6474335Z A path returned 202. Retrying...
2022-10-12T04:19:19.6474558Z A path returned 202. Retrying...
2022-10-12T04:19:19.6474835Z A path returned 202. Retrying...
2022-10-12T04:19:19.6475063Z A path returned 202. Retrying...
2022-10-12T04:19:19.6475285Z A path returned 202. Retrying...
2022-10-12T04:19:19.6475511Z A path returned 202. Retrying...
2022-10-12T04:19:19.6475728Z A path returned 202. Retrying...
2022-10-12T04:19:19.6475951Z A path returned 202. Retrying...
2022-10-12T04:19:19.6476163Z A path returned 202. Retrying...
2022-10-12T04:19:19.6476382Z A path returned 202. Retrying...
2022-10-12T04:19:19.6476607Z A path returned 202. Retrying...
2022-10-12T04:19:19.6476829Z A path returned 202. Retrying...
2022-10-12T04:19:19.6477052Z A path returned 202. Retrying...
2022-10-12T04:19:19.6477275Z A path returned 202. Retrying...
2022-10-12T04:19:19.6477496Z A path returned 202. Retrying...
2022-10-12T04:19:19.6477724Z A path returned 202. Retrying...
2022-10-12T04:19:19.6477939Z A path returned 202. Retrying...
2022-10-12T04:19:19.6478159Z A path returned 202. Retrying...
2022-10-12T04:19:19.6478389Z A path returned 202. Retrying...
2022-10-12T04:19:19.6478619Z A path returned 202. Retrying...
2022-10-12T04:19:19.6478844Z A path returned 202. Retrying...
2022-10-12T04:19:19.6479069Z A path returned 202. Retrying...
2022-10-12T04:19:19.6479289Z A path returned 202. Retrying...
2022-10-12T04:19:19.6479551Z A path returned 202. Retrying...
2022-10-12T04:19:19.6479783Z A path returned 202. Retrying...
2022-10-12T04:19:19.6480001Z A path returned 202. Retrying...
2022-10-12T04:19:19.6480225Z A path returned 202. Retrying...
2022-10-12T04:19:19.6480447Z A path returned 202. Retrying...
2022-10-12T04:19:19.6480671Z A path returned 202. Retrying...
2022-10-12T04:19:19.6480898Z A path returned 202. Retrying...
2022-10-12T04:19:19.6481125Z A path returned 202. Retrying...
2022-10-12T04:19:19.6481338Z A path returned 202. Retrying...
2022-10-12T04:19:19.6481559Z A path returned 202. Retrying...
2022-10-12T04:19:19.6481787Z A path returned 202. Retrying...
2022-10-12T04:19:19.6482020Z A path returned 202. Retrying...
2022-10-12T04:19:19.6482250Z A path returned 202. Retrying...
2022-10-12T04:19:19.6482477Z A path returned 202. Retrying...
2022-10-12T04:19:19.6482696Z A path returned 202. Retrying...
2022-10-12T04:19:19.6482927Z A path returned 202. Retrying...
2022-10-12T04:19:19.6483146Z A path returned 202. Retrying...
2022-10-12T04:19:19.6483377Z A path returned 202. Retrying...
2022-10-12T04:19:19.6483601Z A path returned 202. Retrying...
2022-10-12T04:19:19.6483829Z A path returned 202. Retrying...
2022-10-12T04:19:19.6484057Z A path returned 202. Retrying...
2022-10-12T04:19:19.6484279Z A path returned 202. Retrying...
2022-10-12T04:19:19.6484503Z A path returned 202. Retrying...
2022-10-12T04:19:19.6484714Z A path returned 202. Retrying...
2022-10-12T04:19:19.6484940Z A path returned 202. Retrying...
2022-10-12T04:19:19.6486680Z A path returned 202. Retrying...
2022-10-12T04:19:19.6486964Z A path returned 202. Retrying...
2022-10-12T04:19:19.6487204Z A path returned 202. Retrying...
2022-10-12T04:19:19.6487434Z A path returned 202. Retrying...
2022-10-12T04:19:19.6487671Z A path returned 202. Retrying...
2022-10-12T04:19:19.6487895Z A path returned 202. Retrying...
2022-10-12T04:19:19.6488111Z A path returned 202. Retrying...
2022-10-12T04:19:19.6488343Z A path returned 202. Retrying...
2022-10-12T04:19:19.6488574Z A path returned 202. Retrying...
2022-10-12T04:19:19.6488796Z A path returned 202. Retrying...
2022-10-12T04:19:19.6489022Z A path returned 202. Retrying...
2022-10-12T04:19:19.6489250Z A path returned 202. Retrying...
2022-10-12T04:19:19.6489471Z A path returned 202. Retrying...
2022-10-12T04:19:19.6489703Z A path returned 202. Retrying...
2022-10-12T04:19:19.6489923Z A path returned 202. Retrying...
2022-10-12T04:19:19.6490141Z A path returned 202. Retrying...
2022-10-12T04:19:19.6490366Z A path returned 202. Retrying...
2022-10-12T04:19:19.6490587Z A path returned 202. Retrying...
2022-10-12T04:19:19.6490808Z A path returned 202. Retrying...
2022-10-12T04:19:19.6491027Z A path returned 202. Retrying...
2022-10-12T04:19:19.6491375Z A path returned 202. Retrying...
2022-10-12T04:19:19.6491611Z A path returned 202. Retrying...
2022-10-12T04:19:19.6491827Z A path returned 202. Retrying...
2022-10-12T04:19:19.6492055Z A path returned 202. Retrying...
2022-10-12T04:19:19.6492280Z A path returned 202. Retrying...
2022-10-12T04:19:19.6492509Z A path returned 202. Retrying...
2022-10-12T04:19:19.6492738Z A path returned 202. Retrying...
2022-10-12T04:19:19.6492963Z A path returned 202. Retrying...
2022-10-12T04:19:19.6493193Z A path returned 202. Retrying...
2022-10-12T04:19:19.6493415Z A path returned 202. Retrying...
2022-10-12T04:19:19.6493641Z A path returned 202. Retrying...
2022-10-12T04:19:19.6493876Z A path returned 202. Retrying...
2022-10-12T04:19:19.6494106Z A path returned 202. Retrying...
2022-10-12T04:19:19.6494337Z A path returned 202. Retrying...
2022-10-12T04:19:19.6494560Z A path returned 202. Retrying...
2022-10-12T04:19:19.6494777Z A path returned 202. Retrying...
2022-10-12T04:19:19.6495001Z A path returned 202. Retrying...
2022-10-12T04:19:19.6495214Z A path returned 202. Retrying...
2022-10-12T04:19:19.6495432Z A path returned 202. Retrying...
2022-10-12T04:19:19.6495653Z A path returned 202. Retrying...
2022-10-12T04:19:19.6697330Z ##[group]Run git config --global user.name "jstrieb/github-stats"
2022-10-12T04:19:19.6697784Z [36;1mgit config --global user.name "jstrieb/github-stats"[0m
2022-10-12T04:19:19.6698142Z [36;1mgit config --global user.email "github-stats[bot]@jstrieb.github.io"[0m
2022-10-12T04:19:19.6698426Z [36;1mgit add .[0m
2022-10-12T04:19:19.6698694Z [36;1m# Force the build to succeed, even if no files were changed[0m
2022-10-12T04:19:19.6699011Z [36;1mgit commit -m 'Update generated files' || true[0m
2022-10-12T04:19:19.6699258Z [36;1mgit push[0m
2022-10-12T04:19:19.6750686Z shell: /usr/bin/bash -e {0}
2022-10-12T04:19:19.6750898Z env:
2022-10-12T04:19:19.6751161Z   pythonLocation: /opt/hostedtoolcache/Python/3.8.14/x64
2022-10-12T04:19:19.6751494Z   LD_LIBRARY_PATH: /opt/hostedtoolcache/Python/3.8.14/x64/lib
2022-10-12T04:19:19.6751753Z ##[endgroup]
2022-10-12T04:19:19.8979106Z [master 9d6bd4d] Update generated files
2022-10-12T04:19:19.8979718Z  2 files changed, 262 insertions(+), 226 deletions(-)
2022-10-12T04:19:21.2453292Z To https://github.com/seanpm2001/GitHub_Stats_A
2022-10-12T04:19:21.2453861Z    d3f6afa..9d6bd4d  master -> master
2022-10-12T04:19:21.4909428Z Post job cleanup.
2022-10-12T04:19:21.6307607Z Cache hit occurred on the primary key Linux-pip-60f2a6c0212a9b74a155cd81b58dd07fd8b180833132566260d95f4de42fe218, not saving cache.
2022-10-12T04:19:21.6382176Z Post job cleanup.
2022-10-12T04:19:21.7799534Z Post job cleanup.
2022-10-12T04:19:21.9021379Z [command]/usr/bin/git version
2022-10-12T04:19:21.9069749Z git version 2.37.3
2022-10-12T04:19:21.9113426Z Copying '/home/runner/.gitconfig' to '/home/runner/work/_temp/ce9c743c-0c9f-4935-a0ba-7a2ddee0f1b0/.gitconfig'
2022-10-12T04:19:21.9126642Z Temporarily overriding HOME='/home/runner/work/_temp/ce9c743c-0c9f-4935-a0ba-7a2ddee0f1b0' before making global git config changes
2022-10-12T04:19:21.9130514Z Adding repository directory to the temporary git global config as a safe directory
2022-10-12T04:19:21.9138418Z [command]/usr/bin/git config --global --add safe.directory /home/runner/work/GitHub_Stats_A/GitHub_Stats_A
2022-10-12T04:19:21.9183225Z [command]/usr/bin/git config --local --name-only --get-regexp core\.sshCommand
2022-10-12T04:19:21.9227357Z [command]/usr/bin/git submodule foreach --recursive git config --local --name-only --get-regexp 'core\.sshCommand' && git config --local --unset-all 'core.sshCommand' || :
2022-10-12T04:19:21.9470293Z [command]/usr/bin/git config --local --name-only --get-regexp http\.https\:\/\/github\.com\/\.extraheader
2022-10-12T04:19:21.9489213Z http.https://github.com/.extraheader
2022-10-12T04:19:21.9542582Z [command]/usr/bin/git config --local --unset-all http.https://github.com/.extraheader
2022-10-12T04:19:21.9578978Z [command]/usr/bin/git submodule foreach --recursive git config --local --name-only --get-regexp 'http\.https\:\/\/github\.com\/\.extraheader' && git config --local --unset-all 'http.https://github.com/.extraheader' || :
2022-10-12T04:19:22.0105900Z Cleaning up orphan processes
