2023-11-13T00:23:59.7417618Z Requested labels: ubuntu-latest
2023-11-13T00:23:59.7418017Z Job defined at: seanpm2001/GitHub_Stats_A/.github/workflows/main.yml@refs/heads/master
2023-11-13T00:23:59.7418164Z Waiting for a runner to pick up this job...
2023-11-13T00:26:46.7593085Z Job is waiting for a hosted runner to come online.
2023-11-13T00:26:49.8798430Z Job is about to start running on the hosted runner: GitHub Actions 4 (hosted)
2023-11-13T00:26:53.2835032Z Current runner version: '2.311.0'
2023-11-13T00:26:53.2857726Z ##[group]Operating System
2023-11-13T00:26:53.2858384Z Ubuntu
2023-11-13T00:26:53.2858832Z 22.04.3
2023-11-13T00:26:53.2859148Z LTS
2023-11-13T00:26:53.2859481Z ##[endgroup]
2023-11-13T00:26:53.2859950Z ##[group]Runner Image
2023-11-13T00:26:53.2860379Z Image: ubuntu-22.04
2023-11-13T00:26:53.2860742Z Version: 20231030.2.0
2023-11-13T00:26:53.2861888Z Included Software: https://github.com/actions/runner-images/blob/ubuntu22/20231030.2/images/linux/Ubuntu2204-Readme.md
2023-11-13T00:26:53.2863318Z Image Release: https://github.com/actions/runner-images/releases/tag/ubuntu22%2F20231030.2
2023-11-13T00:26:53.2864242Z ##[endgroup]
2023-11-13T00:26:53.2864632Z ##[group]Runner Image Provisioner
2023-11-13T00:26:53.2865117Z 2.0.312.1
2023-11-13T00:26:53.2865549Z ##[endgroup]
2023-11-13T00:26:53.2866425Z ##[group]GITHUB_TOKEN Permissions
2023-11-13T00:26:53.2867951Z Contents: write
2023-11-13T00:26:53.2868510Z Metadata: read
2023-11-13T00:26:53.2869033Z ##[endgroup]
2023-11-13T00:26:53.2872533Z Secret source: Actions
2023-11-13T00:26:53.2873106Z Prepare workflow directory
2023-11-13T00:26:53.3490283Z Prepare all required actions
2023-11-13T00:26:53.3646553Z Getting action download info
2023-11-13T00:26:53.5942723Z Download action repository 'actions/checkout@v3' (SHA:f43a0e5ff2bd294095638e18286ca9a3d1956744)
2023-11-13T00:26:53.7046679Z Download action repository 'actions/setup-python@v4' (SHA:65d7f2d534ac1bc67fcd62888c5f4f3d2cb2b236)
2023-11-13T00:26:53.8764454Z Complete job name: build
2023-11-13T00:26:53.9674805Z ##[group]Run actions/checkout@v3
2023-11-13T00:26:53.9675380Z with:
2023-11-13T00:26:53.9675922Z   repository: seanpm2001/GitHub_Stats_A
2023-11-13T00:26:53.9676649Z   token: ***
2023-11-13T00:26:53.9677034Z   ssh-strict: true
2023-11-13T00:26:53.9677563Z   persist-credentials: true
2023-11-13T00:26:53.9678027Z   clean: true
2023-11-13T00:26:53.9678398Z   sparse-checkout-cone-mode: true
2023-11-13T00:26:53.9678981Z   fetch-depth: 1
2023-11-13T00:26:53.9679397Z   fetch-tags: false
2023-11-13T00:26:53.9679753Z   lfs: false
2023-11-13T00:26:53.9680229Z   submodules: false
2023-11-13T00:26:53.9680635Z   set-safe-directory: true
2023-11-13T00:26:53.9681093Z ##[endgroup]
2023-11-13T00:26:54.1373647Z Syncing repository: seanpm2001/GitHub_Stats_A
2023-11-13T00:26:54.1375940Z ##[group]Getting Git version info
2023-11-13T00:26:54.1377441Z Working directory is '/home/runner/work/GitHub_Stats_A/GitHub_Stats_A'
2023-11-13T00:26:54.1378731Z [command]/usr/bin/git version
2023-11-13T00:26:54.1379493Z git version 2.42.0
2023-11-13T00:26:54.1400077Z ##[endgroup]
2023-11-13T00:26:54.1414983Z Temporarily overriding HOME='/home/runner/work/_temp/57328d32-89a5-4483-92a9-e664c9f54e83' before making global git config changes
2023-11-13T00:26:54.1416730Z Adding repository directory to the temporary git global config as a safe directory
2023-11-13T00:26:54.1419689Z [command]/usr/bin/git config --global --add safe.directory /home/runner/work/GitHub_Stats_A/GitHub_Stats_A
2023-11-13T00:26:54.1465058Z Deleting the contents of '/home/runner/work/GitHub_Stats_A/GitHub_Stats_A'
2023-11-13T00:26:54.1468698Z ##[group]Initializing the repository
2023-11-13T00:26:54.1471970Z [command]/usr/bin/git init /home/runner/work/GitHub_Stats_A/GitHub_Stats_A
2023-11-13T00:26:54.1540459Z hint: Using 'master' as the name for the initial branch. This default branch name
2023-11-13T00:26:54.1542677Z hint: is subject to change. To configure the initial branch name to use in all
2023-11-13T00:26:54.1544683Z hint: of your new repositories, which will suppress this warning, call:
2023-11-13T00:26:54.1546183Z hint: 
2023-11-13T00:26:54.1547423Z hint: 	git config --global init.defaultBranch <name>
2023-11-13T00:26:54.1548586Z hint: 
2023-11-13T00:26:54.1550179Z hint: Names commonly chosen instead of 'master' are 'main', 'trunk' and
2023-11-13T00:26:54.1552383Z hint: 'development'. The just-created branch can be renamed via this command:
2023-11-13T00:26:54.1553352Z hint: 
2023-11-13T00:26:54.1553773Z hint: 	git branch -m <name>
2023-11-13T00:26:54.1555105Z Initialized empty Git repository in /home/runner/work/GitHub_Stats_A/GitHub_Stats_A/.git/
2023-11-13T00:26:54.1560497Z [command]/usr/bin/git remote add origin https://github.com/seanpm2001/GitHub_Stats_A
2023-11-13T00:26:54.1601207Z ##[endgroup]
2023-11-13T00:26:54.1602208Z ##[group]Disabling automatic garbage collection
2023-11-13T00:26:54.1604383Z [command]/usr/bin/git config --local gc.auto 0
2023-11-13T00:26:54.1639782Z ##[endgroup]
2023-11-13T00:26:54.1640610Z ##[group]Setting up auth
2023-11-13T00:26:54.1645382Z [command]/usr/bin/git config --local --name-only --get-regexp core\.sshCommand
2023-11-13T00:26:54.1683335Z [command]/usr/bin/git submodule foreach --recursive sh -c "git config --local --name-only --get-regexp 'core\.sshCommand' && git config --local --unset-all 'core.sshCommand' || :"
2023-11-13T00:26:54.1979466Z [command]/usr/bin/git config --local --name-only --get-regexp http\.https\:\/\/github\.com\/\.extraheader
2023-11-13T00:26:54.2015140Z [command]/usr/bin/git submodule foreach --recursive sh -c "git config --local --name-only --get-regexp 'http\.https\:\/\/github\.com\/\.extraheader' && git config --local --unset-all 'http.https://github.com/.extraheader' || :"
2023-11-13T00:26:54.2252989Z [command]/usr/bin/git config --local http.https://github.com/.extraheader AUTHORIZATION: basic ***
2023-11-13T00:26:54.2301140Z ##[endgroup]
2023-11-13T00:26:54.2302540Z ##[group]Fetching the repository
2023-11-13T00:26:54.2313187Z [command]/usr/bin/git -c protocol.version=2 fetch --no-tags --prune --progress --no-recurse-submodules --depth=1 origin +c8d7f5ec0f73cd98721918656bfba2c89ab4d531:refs/remotes/origin/master
2023-11-13T00:26:54.5272827Z remote: Enumerating objects: 8946, done.        
2023-11-13T00:26:54.5274333Z remote: Counting objects:   0% (1/8946)        
2023-11-13T00:26:54.5275777Z remote: Counting objects:   1% (90/8946)        
2023-11-13T00:26:54.5277222Z remote: Counting objects:   2% (179/8946)        
2023-11-13T00:26:54.5278601Z remote: Counting objects:   3% (269/8946)        
2023-11-13T00:26:54.5279976Z remote: Counting objects:   4% (358/8946)        
2023-11-13T00:26:54.5281204Z remote: Counting objects:   5% (448/8946)        
2023-11-13T00:26:54.5282284Z remote: Counting objects:   6% (537/8946)        
2023-11-13T00:26:54.5283424Z remote: Counting objects:   7% (627/8946)        
2023-11-13T00:26:54.5284636Z remote: Counting objects:   8% (716/8946)        
2023-11-13T00:26:54.5285701Z remote: Counting objects:   9% (806/8946)        
2023-11-13T00:26:54.5286876Z remote: Counting objects:  10% (895/8946)        
2023-11-13T00:26:54.5288097Z remote: Counting objects:  11% (985/8946)        
2023-11-13T00:26:54.5289090Z remote: Counting objects:  12% (1074/8946)        
2023-11-13T00:26:54.5289844Z remote: Counting objects:  13% (1163/8946)        
2023-11-13T00:26:54.5290710Z remote: Counting objects:  14% (1253/8946)        
2023-11-13T00:26:54.5291434Z remote: Counting objects:  15% (1342/8946)        
2023-11-13T00:26:54.5292207Z remote: Counting objects:  16% (1432/8946)        
2023-11-13T00:26:54.5292926Z remote: Counting objects:  17% (1521/8946)        
2023-11-13T00:26:54.5293588Z remote: Counting objects:  18% (1611/8946)        
2023-11-13T00:26:54.5294366Z remote: Counting objects:  19% (1700/8946)        
2023-11-13T00:26:54.5295088Z remote: Counting objects:  20% (1790/8946)        
2023-11-13T00:26:54.5295780Z remote: Counting objects:  21% (1879/8946)        
2023-11-13T00:26:54.5296507Z remote: Counting objects:  22% (1969/8946)        
2023-11-13T00:26:54.5297226Z remote: Counting objects:  23% (2058/8946)        
2023-11-13T00:26:54.5297940Z remote: Counting objects:  24% (2148/8946)        
2023-11-13T00:26:54.5298693Z remote: Counting objects:  25% (2237/8946)        
2023-11-13T00:26:54.5299385Z remote: Counting objects:  26% (2326/8946)        
2023-11-13T00:26:54.5300072Z remote: Counting objects:  27% (2416/8946)        
2023-11-13T00:26:54.5300842Z remote: Counting objects:  28% (2505/8946)        
2023-11-13T00:26:54.5301898Z remote: Counting objects:  29% (2595/8946)        
2023-11-13T00:26:54.5303026Z remote: Counting objects:  30% (2684/8946)        
2023-11-13T00:26:54.5304227Z remote: Counting objects:  31% (2774/8946)        
2023-11-13T00:26:54.5305331Z remote: Counting objects:  32% (2863/8946)        
2023-11-13T00:26:54.5306426Z remote: Counting objects:  33% (2953/8946)        
2023-11-13T00:26:54.5307159Z remote: Counting objects:  34% (3042/8946)        
2023-11-13T00:26:54.5307893Z remote: Counting objects:  35% (3132/8946)        
2023-11-13T00:26:54.5308649Z remote: Counting objects:  36% (3221/8946)        
2023-11-13T00:26:54.5309783Z remote: Counting objects:  37% (3311/8946)        
2023-11-13T00:26:54.5310524Z remote: Counting objects:  38% (3400/8946)        
2023-11-13T00:26:54.5311343Z remote: Counting objects:  39% (3489/8946)        
2023-11-13T00:26:54.5312012Z remote: Counting objects:  40% (3579/8946)        
2023-11-13T00:26:54.5312701Z remote: Counting objects:  41% (3668/8946)        
2023-11-13T00:26:54.5313496Z remote: Counting objects:  42% (3758/8946)        
2023-11-13T00:26:54.5314186Z remote: Counting objects:  43% (3847/8946)        
2023-11-13T00:26:54.5314841Z remote: Counting objects:  44% (3937/8946)        
2023-11-13T00:26:54.5315623Z remote: Counting objects:  45% (4026/8946)        
2023-11-13T00:26:54.5316334Z remote: Counting objects:  46% (4116/8946)        
2023-11-13T00:26:54.5493812Z remote: Counting objects:  47% (4205/8946)        
2023-11-13T00:26:54.5495804Z remote: Counting objects:  48% (4295/8946)        
2023-11-13T00:26:54.5497275Z remote: Counting objects:  49% (4384/8946)        
2023-11-13T00:26:54.5498609Z remote: Counting objects:  50% (4473/8946)        
2023-11-13T00:26:54.5499602Z remote: Counting objects:  51% (4563/8946)        
2023-11-13T00:26:54.5500374Z remote: Counting objects:  52% (4652/8946)        
2023-11-13T00:26:54.5501205Z remote: Counting objects:  53% (4742/8946)        
2023-11-13T00:26:54.5501942Z remote: Counting objects:  54% (4831/8946)        
2023-11-13T00:26:54.5502673Z remote: Counting objects:  55% (4921/8946)        
2023-11-13T00:26:54.5503472Z remote: Counting objects:  56% (5010/8946)        
2023-11-13T00:26:54.5504189Z remote: Counting objects:  57% (5100/8946)        
2023-11-13T00:26:54.5504898Z remote: Counting objects:  58% (5189/8946)        
2023-11-13T00:26:54.5505694Z remote: Counting objects:  59% (5279/8946)        
2023-11-13T00:26:54.5506365Z remote: Counting objects:  60% (5368/8946)        
2023-11-13T00:26:54.5507091Z remote: Counting objects:  61% (5458/8946)        
2023-11-13T00:26:54.5507894Z remote: Counting objects:  62% (5547/8946)        
2023-11-13T00:26:54.5508634Z remote: Counting objects:  63% (5636/8946)        
2023-11-13T00:26:54.5509971Z remote: Counting objects:  64% (5726/8946)        
2023-11-13T00:26:54.5510710Z remote: Counting objects:  65% (5815/8946)        
2023-11-13T00:26:54.5511435Z remote: Counting objects:  66% (5905/8946)        
2023-11-13T00:26:54.5512264Z remote: Counting objects:  67% (5994/8946)        
2023-11-13T00:26:54.5512984Z remote: Counting objects:  68% (6084/8946)        
2023-11-13T00:26:54.5513646Z remote: Counting objects:  69% (6173/8946)        
2023-11-13T00:26:54.5514427Z remote: Counting objects:  70% (6263/8946)        
2023-11-13T00:26:54.5515118Z remote: Counting objects:  71% (6352/8946)        
2023-11-13T00:26:54.5515820Z remote: Counting objects:  72% (6442/8946)        
2023-11-13T00:26:54.5516537Z remote: Counting objects:  73% (6531/8946)        
2023-11-13T00:26:54.5517244Z remote: Counting objects:  74% (6621/8946)        
2023-11-13T00:26:54.5517951Z remote: Counting objects:  75% (6710/8946)        
2023-11-13T00:26:54.5518697Z remote: Counting objects:  76% (6799/8946)        
2023-11-13T00:26:54.5519415Z remote: Counting objects:  77% (6889/8946)        
2023-11-13T00:26:54.5520083Z remote: Counting objects:  78% (6978/8946)        
2023-11-13T00:26:54.5520863Z remote: Counting objects:  79% (7068/8946)        
2023-11-13T00:26:54.5521782Z remote: Counting objects:  80% (7157/8946)        
2023-11-13T00:26:54.5522470Z remote: Counting objects:  81% (7247/8946)        
2023-11-13T00:26:54.5523210Z remote: Counting objects:  82% (7336/8946)        
2023-11-13T00:26:54.5523935Z remote: Counting objects:  83% (7426/8946)        
2023-11-13T00:26:54.5524624Z remote: Counting objects:  84% (7515/8946)        
2023-11-13T00:26:54.5525381Z remote: Counting objects:  85% (7605/8946)        
2023-11-13T00:26:54.5526050Z remote: Counting objects:  86% (7694/8946)        
2023-11-13T00:26:54.5526736Z remote: Counting objects:  87% (7784/8946)        
2023-11-13T00:26:54.5527518Z remote: Counting objects:  88% (7873/8946)        
2023-11-13T00:26:54.5528169Z remote: Counting objects:  89% (7962/8946)        
2023-11-13T00:26:54.5528871Z remote: Counting objects:  90% (8052/8946)        
2023-11-13T00:26:54.5529651Z remote: Counting objects:  91% (8141/8946)        
2023-11-13T00:26:54.5530352Z remote: Counting objects:  92% (8231/8946)        
2023-11-13T00:26:54.5531007Z remote: Counting objects:  93% (8320/8946)        
2023-11-13T00:26:54.5531784Z remote: Counting objects:  94% (8410/8946)        
2023-11-13T00:26:54.5532468Z remote: Counting objects:  95% (8499/8946)        
2023-11-13T00:26:54.5533218Z remote: Counting objects:  96% (8589/8946)        
2023-11-13T00:26:54.5533889Z remote: Counting objects:  97% (8678/8946)        
2023-11-13T00:26:54.5534571Z remote: Counting objects:  98% (8768/8946)        
2023-11-13T00:26:54.5535497Z remote: Counting objects:  99% (8857/8946)        
2023-11-13T00:26:54.5536253Z remote: Counting objects: 100% (8946/8946)        
2023-11-13T00:26:54.5536991Z remote: Counting objects: 100% (8946/8946), done.        
2023-11-13T00:26:54.5537850Z remote: Compressing objects:   0% (1/3394)        
2023-11-13T00:26:54.5538571Z remote: Compressing objects:   1% (34/3394)        
2023-11-13T00:26:54.6106335Z remote: Compressing objects:   2% (68/3394)        
2023-11-13T00:26:54.6115884Z remote: Compressing objects:   3% (102/3394)        
2023-11-13T00:26:54.6117599Z remote: Compressing objects:   4% (136/3394)        
2023-11-13T00:26:54.6118837Z remote: Compressing objects:   5% (170/3394)        
2023-11-13T00:26:54.6120104Z remote: Compressing objects:   6% (204/3394)        
2023-11-13T00:26:54.6120902Z remote: Compressing objects:   7% (238/3394)        
2023-11-13T00:26:54.6121657Z remote: Compressing objects:   8% (272/3394)        
2023-11-13T00:26:54.6122863Z remote: Compressing objects:   9% (306/3394)        
2023-11-13T00:26:54.6123667Z remote: Compressing objects:  10% (340/3394)        
2023-11-13T00:26:54.6124500Z remote: Compressing objects:  11% (374/3394)        
2023-11-13T00:26:54.6125240Z remote: Compressing objects:  12% (408/3394)        
2023-11-13T00:26:54.6125995Z remote: Compressing objects:  13% (442/3394)        
2023-11-13T00:26:54.6126800Z remote: Compressing objects:  14% (476/3394)        
2023-11-13T00:26:54.6127573Z remote: Compressing objects:  15% (510/3394)        
2023-11-13T00:26:54.6128289Z remote: Compressing objects:  16% (544/3394)        
2023-11-13T00:26:54.6179736Z remote: Compressing objects:  17% (577/3394)        
2023-11-13T00:26:54.6180736Z remote: Compressing objects:  18% (611/3394)        
2023-11-13T00:26:54.6192902Z remote: Compressing objects:  19% (645/3394)        
2023-11-13T00:26:54.6194255Z remote: Compressing objects:  20% (679/3394)        
2023-11-13T00:26:54.6195170Z remote: Compressing objects:  21% (713/3394)        
2023-11-13T00:26:54.6195911Z remote: Compressing objects:  22% (747/3394)        
2023-11-13T00:26:54.6196728Z remote: Compressing objects:  23% (781/3394)        
2023-11-13T00:26:54.6197440Z remote: Compressing objects:  24% (815/3394)        
2023-11-13T00:26:54.6198153Z remote: Compressing objects:  25% (849/3394)        
2023-11-13T00:26:54.6198954Z remote: Compressing objects:  26% (883/3394)        
2023-11-13T00:26:54.6199663Z remote: Compressing objects:  27% (917/3394)        
2023-11-13T00:26:54.6200332Z remote: Compressing objects:  28% (951/3394)        
2023-11-13T00:26:54.6201932Z remote: Compressing objects:  29% (985/3394)        
2023-11-13T00:26:54.6397740Z remote: Compressing objects:  30% (1019/3394)        
2023-11-13T00:26:54.6620060Z remote: Compressing objects:  31% (1053/3394)        
2023-11-13T00:26:54.6828372Z remote: Compressing objects:  32% (1087/3394)        
2023-11-13T00:26:54.7180604Z remote: Compressing objects:  33% (1121/3394)        
2023-11-13T00:26:54.7446327Z remote: Compressing objects:  34% (1154/3394)        
2023-11-13T00:26:54.7621662Z remote: Compressing objects:  35% (1188/3394)        
2023-11-13T00:26:54.7776794Z remote: Compressing objects:  36% (1222/3394)        
2023-11-13T00:26:54.8037736Z remote: Compressing objects:  37% (1256/3394)        
2023-11-13T00:26:54.8371569Z remote: Compressing objects:  38% (1290/3394)        
2023-11-13T00:26:54.8601752Z remote: Compressing objects:  39% (1324/3394)        
2023-11-13T00:26:54.8812339Z remote: Compressing objects:  40% (1358/3394)        
2023-11-13T00:26:54.8813310Z remote: Compressing objects:  41% (1392/3394)        
2023-11-13T00:26:54.8844666Z remote: Compressing objects:  42% (1426/3394)        
2023-11-13T00:26:54.9134587Z remote: Compressing objects:  43% (1460/3394)        
2023-11-13T00:26:54.9809208Z remote: Compressing objects:  44% (1494/3394)        
2023-11-13T00:26:54.9819170Z remote: Compressing objects:  45% (1528/3394)        
2023-11-13T00:26:54.9832562Z remote: Compressing objects:  46% (1562/3394)        
2023-11-13T00:26:54.9839651Z remote: Compressing objects:  47% (1596/3394)        
2023-11-13T00:26:54.9840698Z remote: Compressing objects:  48% (1630/3394)        
2023-11-13T00:26:54.9841766Z remote: Compressing objects:  49% (1664/3394)        
2023-11-13T00:26:54.9843042Z remote: Compressing objects:  50% (1697/3394)        
2023-11-13T00:26:54.9848689Z remote: Compressing objects:  51% (1731/3394)        
2023-11-13T00:26:54.9857618Z remote: Compressing objects:  52% (1765/3394)        
2023-11-13T00:26:54.9866376Z remote: Compressing objects:  53% (1799/3394)        
2023-11-13T00:26:54.9869380Z remote: Compressing objects:  54% (1833/3394)        
2023-11-13T00:26:54.9870357Z remote: Compressing objects:  55% (1867/3394)        
2023-11-13T00:26:54.9871199Z remote: Compressing objects:  56% (1901/3394)        
2023-11-13T00:26:54.9872242Z remote: Compressing objects:  57% (1935/3394)        
2023-11-13T00:26:54.9872839Z remote: Compressing objects:  58% (1969/3394)        
2023-11-13T00:26:54.9876019Z remote: Compressing objects:  59% (2003/3394)        
2023-11-13T00:26:54.9877855Z remote: Compressing objects:  60% (2037/3394)        
2023-11-13T00:26:54.9878695Z remote: Compressing objects:  61% (2071/3394)        
2023-11-13T00:26:54.9900655Z remote: Compressing objects:  62% (2105/3394)        
2023-11-13T00:26:54.9902303Z remote: Compressing objects:  63% (2139/3394)        
2023-11-13T00:26:54.9903764Z remote: Compressing objects:  64% (2173/3394)        
2023-11-13T00:26:54.9904875Z remote: Compressing objects:  65% (2207/3394)        
2023-11-13T00:26:54.9905967Z remote: Compressing objects:  66% (2241/3394)        
2023-11-13T00:26:54.9906642Z remote: Compressing objects:  67% (2274/3394)        
2023-11-13T00:26:54.9907584Z remote: Compressing objects:  68% (2308/3394)        
2023-11-13T00:26:54.9908312Z remote: Compressing objects:  69% (2342/3394)        
2023-11-13T00:26:55.0033010Z remote: Compressing objects:  70% (2376/3394)        
2023-11-13T00:26:55.0034177Z remote: Compressing objects:  71% (2410/3394)        
2023-11-13T00:26:55.0035171Z remote: Compressing objects:  72% (2444/3394)        
2023-11-13T00:26:55.0035884Z remote: Compressing objects:  73% (2478/3394)        
2023-11-13T00:26:55.0036487Z remote: Compressing objects:  74% (2512/3394)        
2023-11-13T00:26:55.0037249Z remote: Compressing objects:  75% (2546/3394)        
2023-11-13T00:26:55.0037892Z remote: Compressing objects:  76% (2580/3394)        
2023-11-13T00:26:55.0038526Z remote: Compressing objects:  77% (2614/3394)        
2023-11-13T00:26:55.0039337Z remote: Compressing objects:  78% (2648/3394)        
2023-11-13T00:26:55.0039856Z remote: Compressing objects:  79% (2682/3394)        
2023-11-13T00:26:55.0040522Z remote: Compressing objects:  80% (2716/3394)        
2023-11-13T00:26:55.0041117Z remote: Compressing objects:  81% (2750/3394)        
2023-11-13T00:26:55.0041591Z remote: Compressing objects:  82% (2784/3394)        
2023-11-13T00:26:55.0042113Z remote: Compressing objects:  83% (2818/3394)        
2023-11-13T00:26:55.0042725Z remote: Compressing objects:  84% (2851/3394)        
2023-11-13T00:26:55.0043249Z remote: Compressing objects:  85% (2885/3394)        
2023-11-13T00:26:55.0043715Z remote: Compressing objects:  86% (2919/3394)        
2023-11-13T00:26:55.0044276Z remote: Compressing objects:  87% (2953/3394)        
2023-11-13T00:26:55.0044793Z remote: Compressing objects:  88% (2987/3394)        
2023-11-13T00:26:55.0045356Z remote: Compressing objects:  89% (3021/3394)        
2023-11-13T00:26:55.0045823Z remote: Compressing objects:  90% (3055/3394)        
2023-11-13T00:26:55.0046339Z remote: Compressing objects:  91% (3089/3394)        
2023-11-13T00:26:55.0046908Z remote: Compressing objects:  92% (3123/3394)        
2023-11-13T00:26:55.0047418Z remote: Compressing objects:  93% (3157/3394)        
2023-11-13T00:26:55.0047882Z remote: Compressing objects:  94% (3191/3394)        
2023-11-13T00:26:55.0048441Z remote: Compressing objects:  95% (3225/3394)        
2023-11-13T00:26:55.0048989Z remote: Compressing objects:  96% (3259/3394)        
2023-11-13T00:26:55.0049653Z remote: Compressing objects:  97% (3293/3394)        
2023-11-13T00:26:55.0050215Z remote: Compressing objects:  98% (3327/3394)        
2023-11-13T00:26:55.0050730Z remote: Compressing objects:  99% (3361/3394)        
2023-11-13T00:26:55.0051226Z remote: Compressing objects: 100% (3394/3394)        
2023-11-13T00:26:55.0051849Z remote: Compressing objects: 100% (3394/3394), done.        
2023-11-13T00:26:55.0561291Z Receiving objects:   0% (1/8946)
2023-11-13T00:26:55.0581044Z Receiving objects:   1% (90/8946)
2023-11-13T00:26:55.0785243Z Receiving objects:   2% (179/8946)
2023-11-13T00:26:55.0804712Z Receiving objects:   3% (269/8946)
2023-11-13T00:26:55.0820702Z Receiving objects:   4% (358/8946)
2023-11-13T00:26:55.1003117Z Receiving objects:   5% (448/8946)
2023-11-13T00:26:55.1019819Z Receiving objects:   6% (537/8946)
2023-11-13T00:26:55.1034832Z Receiving objects:   7% (627/8946)
2023-11-13T00:26:55.1046306Z Receiving objects:   8% (716/8946)
2023-11-13T00:26:55.1062331Z Receiving objects:   9% (806/8946)
2023-11-13T00:26:55.1077510Z Receiving objects:  10% (895/8946)
2023-11-13T00:26:55.1107019Z Receiving objects:  11% (985/8946)
2023-11-13T00:26:55.1109731Z Receiving objects:  12% (1074/8946)
2023-11-13T00:26:55.1111946Z Receiving objects:  13% (1163/8946)
2023-11-13T00:26:55.1230437Z Receiving objects:  14% (1253/8946)
2023-11-13T00:26:55.1323423Z Receiving objects:  15% (1342/8946)
2023-11-13T00:26:55.1378722Z Receiving objects:  16% (1432/8946)
2023-11-13T00:26:55.1486046Z Receiving objects:  17% (1521/8946)
2023-11-13T00:26:55.1545182Z Receiving objects:  18% (1611/8946)
2023-11-13T00:26:55.1614704Z Receiving objects:  19% (1700/8946)
2023-11-13T00:26:55.1688446Z Receiving objects:  20% (1790/8946)
2023-11-13T00:26:55.1775653Z Receiving objects:  21% (1879/8946)
2023-11-13T00:26:55.1830710Z Receiving objects:  22% (1969/8946)
2023-11-13T00:26:55.1895826Z Receiving objects:  23% (2058/8946)
2023-11-13T00:26:55.2000638Z Receiving objects:  24% (2148/8946)
2023-11-13T00:26:55.2123272Z Receiving objects:  25% (2237/8946)
2023-11-13T00:26:55.2239202Z Receiving objects:  26% (2326/8946)
2023-11-13T00:26:55.2355176Z Receiving objects:  27% (2416/8946)
2023-11-13T00:26:55.2472098Z Receiving objects:  28% (2505/8946)
2023-11-13T00:26:55.2556969Z Receiving objects:  29% (2595/8946)
2023-11-13T00:26:55.2681991Z Receiving objects:  30% (2684/8946)
2023-11-13T00:26:55.2789308Z Receiving objects:  31% (2774/8946)
2023-11-13T00:26:55.2850154Z Receiving objects:  32% (2863/8946)
2023-11-13T00:26:55.2962881Z Receiving objects:  33% (2953/8946)
2023-11-13T00:26:55.3057021Z Receiving objects:  34% (3042/8946)
2023-11-13T00:26:55.3160930Z Receiving objects:  35% (3132/8946)
2023-11-13T00:26:55.3213288Z Receiving objects:  36% (3221/8946)
2023-11-13T00:26:55.3251178Z Receiving objects:  37% (3311/8946)
2023-11-13T00:26:55.3289202Z Receiving objects:  38% (3400/8946)
2023-11-13T00:26:55.3329467Z Receiving objects:  39% (3489/8946)
2023-11-13T00:26:55.3364863Z Receiving objects:  40% (3579/8946)
2023-11-13T00:26:55.3404644Z Receiving objects:  41% (3668/8946)
2023-11-13T00:26:55.3441592Z Receiving objects:  42% (3758/8946)
2023-11-13T00:26:55.3565518Z Receiving objects:  43% (3847/8946)
2023-11-13T00:26:55.3698036Z Receiving objects:  44% (3937/8946)
2023-11-13T00:26:55.3822819Z Receiving objects:  45% (4026/8946)
2023-11-13T00:26:55.3936535Z Receiving objects:  46% (4116/8946)
2023-11-13T00:26:55.4049364Z Receiving objects:  47% (4205/8946)
2023-11-13T00:26:55.4132661Z Receiving objects:  48% (4295/8946)
2023-11-13T00:26:55.4250705Z Receiving objects:  49% (4384/8946)
2023-11-13T00:26:55.4369311Z Receiving objects:  50% (4473/8946)
2023-11-13T00:26:55.4500745Z Receiving objects:  51% (4563/8946)
2023-11-13T00:26:55.4626300Z Receiving objects:  52% (4652/8946)
2023-11-13T00:26:55.4705000Z Receiving objects:  53% (4742/8946)
2023-11-13T00:26:55.4789325Z Receiving objects:  54% (4831/8946)
2023-11-13T00:26:55.4933555Z Receiving objects:  55% (4921/8946)
2023-11-13T00:26:55.5055050Z Receiving objects:  56% (5010/8946)
2023-11-13T00:26:55.5144758Z Receiving objects:  57% (5100/8946)
2023-11-13T00:26:55.5259326Z Receiving objects:  58% (5189/8946), 20.99 MiB | 41.98 MiB/s
2023-11-13T00:26:55.5372323Z Receiving objects:  59% (5279/8946), 20.99 MiB | 41.98 MiB/s
2023-11-13T00:26:55.5464205Z Receiving objects:  60% (5368/8946), 20.99 MiB | 41.98 MiB/s
2023-11-13T00:26:55.5555034Z Receiving objects:  61% (5458/8946), 20.99 MiB | 41.98 MiB/s
2023-11-13T00:26:55.5668737Z Receiving objects:  62% (5547/8946), 20.99 MiB | 41.98 MiB/s
2023-11-13T00:26:55.5776097Z Receiving objects:  63% (5636/8946), 20.99 MiB | 41.98 MiB/s
2023-11-13T00:26:55.5884325Z Receiving objects:  64% (5726/8946), 20.99 MiB | 41.98 MiB/s
2023-11-13T00:26:55.6036832Z Receiving objects:  65% (5815/8946), 20.99 MiB | 41.98 MiB/s
2023-11-13T00:26:55.6125785Z Receiving objects:  66% (5905/8946), 20.99 MiB | 41.98 MiB/s
2023-11-13T00:26:55.6187413Z Receiving objects:  67% (5994/8946), 20.99 MiB | 41.98 MiB/s
2023-11-13T00:26:55.6267358Z Receiving objects:  68% (6084/8946), 20.99 MiB | 41.98 MiB/s
2023-11-13T00:26:55.6361725Z Receiving objects:  69% (6173/8946), 20.99 MiB | 41.98 MiB/s
2023-11-13T00:26:55.6452577Z Receiving objects:  70% (6263/8946), 20.99 MiB | 41.98 MiB/s
2023-11-13T00:26:55.6588549Z Receiving objects:  71% (6352/8946), 20.99 MiB | 41.98 MiB/s
2023-11-13T00:26:55.6672803Z Receiving objects:  72% (6442/8946), 20.99 MiB | 41.98 MiB/s
2023-11-13T00:26:55.6766618Z Receiving objects:  73% (6531/8946), 20.99 MiB | 41.98 MiB/s
2023-11-13T00:26:55.6900945Z Receiving objects:  74% (6621/8946), 20.99 MiB | 41.98 MiB/s
2023-11-13T00:26:55.6995914Z Receiving objects:  75% (6710/8946), 20.99 MiB | 41.98 MiB/s
2023-11-13T00:26:55.7117456Z Receiving objects:  76% (6799/8946), 20.99 MiB | 41.98 MiB/s
2023-11-13T00:26:55.7216833Z Receiving objects:  77% (6889/8946), 20.99 MiB | 41.98 MiB/s
2023-11-13T00:26:55.7358306Z Receiving objects:  78% (6978/8946), 20.99 MiB | 41.98 MiB/s
2023-11-13T00:26:55.7482007Z Receiving objects:  79% (7068/8946), 20.99 MiB | 41.98 MiB/s
2023-11-13T00:26:55.7588782Z Receiving objects:  80% (7157/8946), 20.99 MiB | 41.98 MiB/s
2023-11-13T00:26:55.7676496Z Receiving objects:  81% (7247/8946), 20.99 MiB | 41.98 MiB/s
2023-11-13T00:26:55.7751643Z Receiving objects:  82% (7336/8946), 20.99 MiB | 41.98 MiB/s
2023-11-13T00:26:55.7896642Z Receiving objects:  83% (7426/8946), 20.99 MiB | 41.98 MiB/s
2023-11-13T00:26:55.8005111Z Receiving objects:  84% (7515/8946), 20.99 MiB | 41.98 MiB/s
2023-11-13T00:26:55.8140456Z Receiving objects:  85% (7605/8946), 20.99 MiB | 41.98 MiB/s
2023-11-13T00:26:55.8211572Z Receiving objects:  86% (7694/8946), 20.99 MiB | 41.98 MiB/s
2023-11-13T00:26:55.8306125Z Receiving objects:  87% (7784/8946), 20.99 MiB | 41.98 MiB/s
2023-11-13T00:26:55.8382266Z Receiving objects:  88% (7873/8946), 20.99 MiB | 41.98 MiB/s
2023-11-13T00:26:55.8393556Z Receiving objects:  89% (7962/8946), 20.99 MiB | 41.98 MiB/s
2023-11-13T00:26:55.8417215Z Receiving objects:  90% (8052/8946), 20.99 MiB | 41.98 MiB/s
2023-11-13T00:26:55.8420168Z Receiving objects:  91% (8141/8946), 20.99 MiB | 41.98 MiB/s
2023-11-13T00:26:55.8424526Z Receiving objects:  92% (8231/8946), 20.99 MiB | 41.98 MiB/s
2023-11-13T00:26:55.8428868Z Receiving objects:  93% (8320/8946), 20.99 MiB | 41.98 MiB/s
2023-11-13T00:26:55.8456724Z Receiving objects:  94% (8410/8946), 20.99 MiB | 41.98 MiB/s
2023-11-13T00:26:55.8585189Z Receiving objects:  95% (8499/8946), 20.99 MiB | 41.98 MiB/s
2023-11-13T00:26:55.8832633Z Receiving objects:  96% (8589/8946), 20.99 MiB | 41.98 MiB/s
2023-11-13T00:26:55.9104945Z Receiving objects:  97% (8678/8946), 20.99 MiB | 41.98 MiB/s
2023-11-13T00:26:55.9157280Z Receiving objects:  98% (8768/8946), 20.99 MiB | 41.98 MiB/s
2023-11-13T00:26:55.9410072Z Receiving objects:  99% (8857/8946), 20.99 MiB | 41.98 MiB/s
2023-11-13T00:26:55.9411447Z remote: Total 8946 (delta 5224), reused 8642 (delta 5150), pack-reused 0        
2023-11-13T00:26:55.9420428Z Receiving objects: 100% (8946/8946), 20.99 MiB | 41.98 MiB/s
2023-11-13T00:26:55.9421831Z Receiving objects: 100% (8946/8946), 43.42 MiB | 46.70 MiB/s, done.
2023-11-13T00:26:55.9473677Z Resolving deltas:   0% (0/5224)
2023-11-13T00:26:55.9563881Z Resolving deltas:   1% (53/5224)
2023-11-13T00:26:55.9655063Z Resolving deltas:   2% (105/5224)
2023-11-13T00:26:55.9722333Z Resolving deltas:   3% (157/5224)
2023-11-13T00:26:55.9792810Z Resolving deltas:   4% (209/5224)
2023-11-13T00:26:55.9821789Z Resolving deltas:   5% (262/5224)
2023-11-13T00:26:55.9866626Z Resolving deltas:   6% (314/5224)
2023-11-13T00:26:55.9875056Z Resolving deltas:   7% (366/5224)
2023-11-13T00:26:55.9880248Z Resolving deltas:   8% (418/5224)
2023-11-13T00:26:55.9885160Z Resolving deltas:   9% (471/5224)
2023-11-13T00:26:55.9890288Z Resolving deltas:  10% (523/5224)
2023-11-13T00:26:55.9896672Z Resolving deltas:  11% (575/5224)
2023-11-13T00:26:55.9900256Z Resolving deltas:  12% (627/5224)
2023-11-13T00:26:55.9908930Z Resolving deltas:  13% (680/5224)
2023-11-13T00:26:56.0001317Z Resolving deltas:  14% (732/5224)
2023-11-13T00:26:56.0143904Z Resolving deltas:  15% (784/5224)
2023-11-13T00:26:56.0263189Z Resolving deltas:  16% (836/5224)
2023-11-13T00:26:56.0349866Z Resolving deltas:  17% (889/5224)
2023-11-13T00:26:56.0511162Z Resolving deltas:  18% (941/5224)
2023-11-13T00:26:56.0638430Z Resolving deltas:  19% (993/5224)
2023-11-13T00:26:56.0831925Z Resolving deltas:  20% (1045/5224)
2023-11-13T00:26:56.0965729Z Resolving deltas:  21% (1098/5224)
2023-11-13T00:26:56.1061669Z Resolving deltas:  22% (1150/5224)
2023-11-13T00:26:56.1130786Z Resolving deltas:  23% (1202/5224)
2023-11-13T00:26:56.1154562Z Resolving deltas:  24% (1254/5224)
2023-11-13T00:26:56.1201974Z Resolving deltas:  25% (1306/5224)
2023-11-13T00:26:56.1207112Z Resolving deltas:  26% (1359/5224)
2023-11-13T00:26:56.1215310Z Resolving deltas:  27% (1411/5224)
2023-11-13T00:26:56.1233051Z Resolving deltas:  28% (1463/5224)
2023-11-13T00:26:56.1237870Z Resolving deltas:  29% (1515/5224)
2023-11-13T00:26:56.1251458Z Resolving deltas:  30% (1568/5224)
2023-11-13T00:26:56.1256957Z Resolving deltas:  31% (1620/5224)
2023-11-13T00:26:56.1278545Z Resolving deltas:  32% (1672/5224)
2023-11-13T00:26:56.1292491Z Resolving deltas:  33% (1724/5224)
2023-11-13T00:26:56.1302672Z Resolving deltas:  34% (1777/5224)
2023-11-13T00:26:56.1306877Z Resolving deltas:  35% (1829/5224)
2023-11-13T00:26:56.1308673Z Resolving deltas:  36% (1881/5224)
2023-11-13T00:26:56.1310999Z Resolving deltas:  37% (1933/5224)
2023-11-13T00:26:56.1314040Z Resolving deltas:  38% (1987/5224)
2023-11-13T00:26:56.1332133Z Resolving deltas:  39% (2039/5224)
2023-11-13T00:26:56.1351794Z Resolving deltas:  40% (2090/5224)
2023-11-13T00:26:56.1372318Z Resolving deltas:  41% (2142/5224)
2023-11-13T00:26:56.1394795Z Resolving deltas:  42% (2195/5224)
2023-11-13T00:26:56.1416679Z Resolving deltas:  43% (2247/5224)
2023-11-13T00:26:56.1445392Z Resolving deltas:  44% (2299/5224)
2023-11-13T00:26:56.1461656Z Resolving deltas:  45% (2351/5224)
2023-11-13T00:26:56.1463917Z Resolving deltas:  46% (2404/5224)
2023-11-13T00:26:56.1574352Z Resolving deltas:  47% (2457/5224)
2023-11-13T00:26:56.1673683Z Resolving deltas:  48% (2508/5224)
2023-11-13T00:26:56.1778926Z Resolving deltas:  49% (2560/5224)
2023-11-13T00:26:56.1916747Z Resolving deltas:  50% (2613/5224)
2023-11-13T00:26:56.2074486Z Resolving deltas:  51% (2665/5224)
2023-11-13T00:26:56.2208595Z Resolving deltas:  52% (2717/5224)
2023-11-13T00:26:56.2318657Z Resolving deltas:  53% (2769/5224)
2023-11-13T00:26:56.2524890Z Resolving deltas:  54% (2821/5224)
2023-11-13T00:26:56.2676761Z Resolving deltas:  55% (2874/5224)
2023-11-13T00:26:56.2845512Z Resolving deltas:  56% (2926/5224)
2023-11-13T00:26:56.3032770Z Resolving deltas:  57% (2978/5224)
2023-11-13T00:26:56.3243179Z Resolving deltas:  58% (3030/5224)
2023-11-13T00:26:56.3346242Z Resolving deltas:  59% (3083/5224)
2023-11-13T00:26:56.3355774Z Resolving deltas:  60% (3135/5224)
2023-11-13T00:26:56.3365947Z Resolving deltas:  61% (3187/5224)
2023-11-13T00:26:56.3402965Z Resolving deltas:  62% (3239/5224)
2023-11-13T00:26:56.3557621Z Resolving deltas:  63% (3292/5224)
2023-11-13T00:26:56.3721944Z Resolving deltas:  64% (3344/5224)
2023-11-13T00:26:56.3807713Z Resolving deltas:  65% (3396/5224)
2023-11-13T00:26:56.3890712Z Resolving deltas:  66% (3448/5224)
2023-11-13T00:26:56.3931586Z Resolving deltas:  67% (3501/5224)
2023-11-13T00:26:56.3951880Z Resolving deltas:  68% (3553/5224)
2023-11-13T00:26:56.3962160Z Resolving deltas:  69% (3605/5224)
2023-11-13T00:26:56.3966441Z Resolving deltas:  70% (3657/5224)
2023-11-13T00:26:56.3969897Z Resolving deltas:  71% (3710/5224)
2023-11-13T00:26:56.3976401Z Resolving deltas:  72% (3762/5224)
2023-11-13T00:26:56.3979327Z Resolving deltas:  73% (3815/5224)
2023-11-13T00:26:56.3981865Z Resolving deltas:  74% (3866/5224)
2023-11-13T00:26:56.3990609Z Resolving deltas:  75% (3918/5224)
2023-11-13T00:26:56.3996674Z Resolving deltas:  76% (3971/5224)
2023-11-13T00:26:56.4004244Z Resolving deltas:  77% (4023/5224)
2023-11-13T00:26:56.4017176Z Resolving deltas:  78% (4075/5224)
2023-11-13T00:26:56.4033818Z Resolving deltas:  79% (4127/5224)
2023-11-13T00:26:56.4044419Z Resolving deltas:  80% (4180/5224)
2023-11-13T00:26:56.4052165Z Resolving deltas:  81% (4233/5224)
2023-11-13T00:26:56.4061312Z Resolving deltas:  82% (4284/5224)
2023-11-13T00:26:56.4162246Z Resolving deltas:  83% (4337/5224)
2023-11-13T00:26:56.4287984Z Resolving deltas:  84% (4389/5224)
2023-11-13T00:26:56.4334241Z Resolving deltas:  85% (4441/5224)
2023-11-13T00:26:56.4384701Z Resolving deltas:  86% (4493/5224)
2023-11-13T00:26:56.4426900Z Resolving deltas:  87% (4545/5224)
2023-11-13T00:26:56.4487926Z Resolving deltas:  88% (4598/5224)
2023-11-13T00:26:56.4521692Z Resolving deltas:  89% (4650/5224)
2023-11-13T00:26:56.4587160Z Resolving deltas:  90% (4702/5224)
2023-11-13T00:26:56.4665727Z Resolving deltas:  91% (4754/5224)
2023-11-13T00:26:56.4699577Z Resolving deltas:  92% (4807/5224)
2023-11-13T00:26:56.4732870Z Resolving deltas:  93% (4859/5224)
2023-11-13T00:26:56.4769879Z Resolving deltas:  94% (4911/5224)
2023-11-13T00:26:56.4811749Z Resolving deltas:  95% (4963/5224)
2023-11-13T00:26:56.4853599Z Resolving deltas:  96% (5017/5224)
2023-11-13T00:26:56.4911983Z Resolving deltas:  97% (5068/5224)
2023-11-13T00:26:56.4961997Z Resolving deltas:  98% (5120/5224)
2023-11-13T00:26:56.5015951Z Resolving deltas:  99% (5172/5224)
2023-11-13T00:26:56.5018796Z Resolving deltas: 100% (5224/5224)
2023-11-13T00:26:56.5019482Z Resolving deltas: 100% (5224/5224), done.
2023-11-13T00:26:56.5610147Z From https://github.com/seanpm2001/GitHub_Stats_A
2023-11-13T00:26:56.5612108Z  * [new ref]         c8d7f5ec0f73cd98721918656bfba2c89ab4d531 -> origin/master
2023-11-13T00:26:56.5636914Z ##[endgroup]
2023-11-13T00:26:56.5638174Z ##[group]Determining the checkout info
2023-11-13T00:26:56.5639549Z ##[endgroup]
2023-11-13T00:26:56.5640613Z ##[group]Checking out the ref
2023-11-13T00:26:56.5645203Z [command]/usr/bin/git checkout --progress --force -B master refs/remotes/origin/master
2023-11-13T00:26:57.5936223Z Updating files:  72% (6690/9287)
2023-11-13T00:26:57.6139663Z Updating files:  73% (6780/9287)
2023-11-13T00:26:57.6263043Z Updating files:  74% (6873/9287)
2023-11-13T00:26:57.6406944Z Updating files:  75% (6966/9287)
2023-11-13T00:26:57.6535900Z Updating files:  76% (7059/9287)
2023-11-13T00:26:57.6603461Z Updating files:  77% (7151/9287)
2023-11-13T00:26:57.6772238Z Updating files:  78% (7244/9287)
2023-11-13T00:26:57.6859800Z Updating files:  79% (7337/9287)
2023-11-13T00:26:57.6957091Z Updating files:  80% (7430/9287)
2023-11-13T00:26:57.7141791Z Updating files:  81% (7523/9287)
2023-11-13T00:26:57.7241739Z Updating files:  82% (7616/9287)
2023-11-13T00:26:57.7277949Z Updating files:  83% (7709/9287)
2023-11-13T00:26:57.7346883Z Updating files:  84% (7802/9287)
2023-11-13T00:26:57.7420699Z Updating files:  85% (7894/9287)
2023-11-13T00:26:57.7514825Z Updating files:  86% (7987/9287)
2023-11-13T00:26:57.7628017Z Updating files:  87% (8080/9287)
2023-11-13T00:26:57.7729381Z Updating files:  88% (8173/9287)
2023-11-13T00:26:57.7863122Z Updating files:  89% (8266/9287)
2023-11-13T00:26:57.8009201Z Updating files:  90% (8359/9287)
2023-11-13T00:26:57.8160045Z Updating files:  91% (8452/9287)
2023-11-13T00:26:57.8342542Z Updating files:  92% (8545/9287)
2023-11-13T00:26:57.8559109Z Updating files:  93% (8637/9287)
2023-11-13T00:26:57.8699798Z Updating files:  94% (8730/9287)
2023-11-13T00:26:57.8784884Z Updating files:  95% (8823/9287)
2023-11-13T00:26:57.8901651Z Updating files:  96% (8916/9287)
2023-11-13T00:26:57.9021721Z Updating files:  97% (9009/9287)
2023-11-13T00:26:57.9165350Z Updating files:  98% (9102/9287)
2023-11-13T00:26:57.9280535Z Updating files:  99% (9195/9287)
2023-11-13T00:26:57.9281705Z Updating files: 100% (9287/9287)
2023-11-13T00:26:57.9282235Z Updating files: 100% (9287/9287), done.
2023-11-13T00:26:57.9397791Z Reset branch 'master'
2023-11-13T00:26:57.9398336Z branch 'master' set up to track 'origin/master'.
2023-11-13T00:26:57.9502063Z ##[endgroup]
2023-11-13T00:26:57.9549768Z [command]/usr/bin/git log -1 --format='%H'
2023-11-13T00:26:57.9581934Z 'c8d7f5ec0f73cd98721918656bfba2c89ab4d531'
2023-11-13T00:26:57.9907749Z ##[group]Run actions/setup-python@v4
2023-11-13T00:26:57.9908195Z with:
2023-11-13T00:26:57.9908536Z   python-version: 3.8
2023-11-13T00:26:57.9908996Z   architecture: x64
2023-11-13T00:26:57.9909862Z   cache: pip
2023-11-13T00:26:57.9910209Z   check-latest: false
2023-11-13T00:26:57.9910887Z   token: ***
2023-11-13T00:26:57.9911241Z   update-environment: true
2023-11-13T00:26:57.9911596Z   allow-prereleases: false
2023-11-13T00:26:57.9912076Z ##[endgroup]
2023-11-13T00:26:58.1267997Z ##[group]Installed versions
2023-11-13T00:26:58.1344095Z Successfully set up CPython (3.8.18)
2023-11-13T00:26:58.1345558Z ##[endgroup]
2023-11-13T00:26:59.0171400Z [command]/opt/hostedtoolcache/Python/3.8.18/x64/bin/pip cache dir
2023-11-13T00:26:59.3709705Z /home/runner/.cache/pip
2023-11-13T00:27:00.0315721Z Received 6245959 of 6245959 (100.0%), 17.2 MBs/sec
2023-11-13T00:27:00.0316639Z Cache Size: ~6 MB (6245959 B)
2023-11-13T00:27:00.0344113Z [command]/usr/bin/tar -xf /home/runner/work/_temp/093909cb-768f-4b1c-9aeb-f0124c1f369e/cache.tzst -P -C /home/runner/work/GitHub_Stats_A/GitHub_Stats_A --use-compress-program unzstd
2023-11-13T00:27:00.0617093Z Cache restored successfully
2023-11-13T00:27:00.0638858Z Cache restored from key: setup-python-Linux-22.04-Ubuntu-python-3.8.18-pip-60f2a6c0212a9b74a155cd81b58dd07fd8b180833132566260d95f4de42fe218
2023-11-13T00:27:00.0845624Z ##[group]Run python3 -m pip install --upgrade pip setuptools wheel
2023-11-13T00:27:00.0846653Z [36;1mpython3 -m pip install --upgrade pip setuptools wheel[0m
2023-11-13T00:27:00.0847273Z [36;1mpython3 -m pip install -r requirements.txt[0m
2023-11-13T00:27:00.0908071Z shell: /usr/bin/bash -e {0}
2023-11-13T00:27:00.0908454Z env:
2023-11-13T00:27:00.0908885Z   pythonLocation: /opt/hostedtoolcache/Python/3.8.18/x64
2023-11-13T00:27:00.0909865Z   PKG_CONFIG_PATH: /opt/hostedtoolcache/Python/3.8.18/x64/lib/pkgconfig
2023-11-13T00:27:00.0910518Z   Python_ROOT_DIR: /opt/hostedtoolcache/Python/3.8.18/x64
2023-11-13T00:27:00.0911088Z   Python2_ROOT_DIR: /opt/hostedtoolcache/Python/3.8.18/x64
2023-11-13T00:27:00.0911720Z   Python3_ROOT_DIR: /opt/hostedtoolcache/Python/3.8.18/x64
2023-11-13T00:27:00.0912309Z   LD_LIBRARY_PATH: /opt/hostedtoolcache/Python/3.8.18/x64/lib
2023-11-13T00:27:00.0912803Z ##[endgroup]
2023-11-13T00:27:00.6665023Z Requirement already satisfied: pip in /opt/hostedtoolcache/Python/3.8.18/x64/lib/python3.8/site-packages (23.0.1)
2023-11-13T00:27:00.8041432Z Collecting pip
2023-11-13T00:27:00.8598078Z   Downloading pip-23.3.1-py3-none-any.whl.metadata (3.5 kB)
2023-11-13T00:27:00.8633027Z Requirement already satisfied: setuptools in /opt/hostedtoolcache/Python/3.8.18/x64/lib/python3.8/site-packages (56.0.0)
2023-11-13T00:27:01.0906148Z Collecting setuptools
2023-11-13T00:27:01.0950524Z   Downloading setuptools-68.2.2-py3-none-any.whl.metadata (6.3 kB)
2023-11-13T00:27:01.1462481Z Collecting wheel
2023-11-13T00:27:01.1506028Z   Downloading wheel-0.41.3-py3-none-any.whl.metadata (2.2 kB)
2023-11-13T00:27:01.2526616Z Downloading pip-23.3.1-py3-none-any.whl (2.1 MB)
2023-11-13T00:27:01.3010782Z    ━━━━━━━━━━━━━━━━━━━━━━━━━━━━━━━━━━━━━━━━ 2.1/2.1 MB 46.0 MB/s eta 0:00:00
2023-11-13T00:27:01.3055051Z Downloading setuptools-68.2.2-py3-none-any.whl (807 kB)
2023-11-13T00:27:01.3165488Z    ━━━━━━━━━━━━━━━━━━━━━━━━━━━━━━━━━━━━━━━━ 807.9/807.9 kB 92.6 MB/s eta 0:00:00
2023-11-13T00:27:01.3220644Z Downloading wheel-0.41.3-py3-none-any.whl (65 kB)
2023-11-13T00:27:01.3270488Z    ━━━━━━━━━━━━━━━━━━━━━━━━━━━━━━━━━━━━━━━━ 65.8/65.8 kB 20.0 MB/s eta 0:00:00
2023-11-13T00:27:01.4066283Z Installing collected packages: wheel, setuptools, pip
2023-11-13T00:27:01.4460990Z   Attempting uninstall: setuptools
2023-11-13T00:27:01.4467931Z     Found existing installation: setuptools 56.0.0
2023-11-13T00:27:01.4615737Z     Uninstalling setuptools-56.0.0:
2023-11-13T00:27:01.4712252Z       Successfully uninstalled setuptools-56.0.0
2023-11-13T00:27:01.8489032Z   Attempting uninstall: pip
2023-11-13T00:27:01.8494735Z     Found existing installation: pip 23.0.1
2023-11-13T00:27:01.8968790Z     Uninstalling pip-23.0.1:
2023-11-13T00:27:01.9429422Z       Successfully uninstalled pip-23.0.1
2023-11-13T00:27:02.8833015Z Successfully installed pip-23.3.1 setuptools-68.2.2 wheel-0.41.3
2023-11-13T00:27:03.5826838Z Collecting requests (from -r requirements.txt (line 1))
2023-11-13T00:27:03.6322401Z   Downloading requests-2.31.0-py3-none-any.whl.metadata (4.6 kB)
2023-11-13T00:27:03.8716686Z Collecting aiohttp (from -r requirements.txt (line 2))
2023-11-13T00:27:03.8778908Z   Downloading aiohttp-3.8.6-cp38-cp38-manylinux_2_17_x86_64.manylinux2014_x86_64.whl.metadata (7.7 kB)
2023-11-13T00:27:03.9717194Z Collecting charset-normalizer<4,>=2 (from requests->-r requirements.txt (line 1))
2023-11-13T00:27:03.9769242Z   Downloading charset_normalizer-3.3.2-cp38-cp38-manylinux_2_17_x86_64.manylinux2014_x86_64.whl.metadata (33 kB)
2023-11-13T00:27:04.0034085Z Collecting idna<4,>=2.5 (from requests->-r requirements.txt (line 1))
2023-11-13T00:27:04.0075126Z   Downloading idna-3.4-py3-none-any.whl (61 kB)
2023-11-13T00:27:04.0164543Z      ━━━━━━━━━━━━━━━━━━━━━━━━━━━━━━━━━━━━━━━━ 61.5/61.5 kB 8.1 MB/s eta 0:00:00
2023-11-13T00:27:04.0677438Z Collecting urllib3<3,>=1.21.1 (from requests->-r requirements.txt (line 1))
2023-11-13T00:27:04.0860356Z   Downloading urllib3-2.0.7-py3-none-any.whl.metadata (6.6 kB)
2023-11-13T00:27:04.1147620Z Collecting certifi>=2017.4.17 (from requests->-r requirements.txt (line 1))
2023-11-13T00:27:04.1188282Z   Downloading certifi-2023.7.22-py3-none-any.whl.metadata (2.2 kB)
2023-11-13T00:27:04.1628918Z Collecting attrs>=17.3.0 (from aiohttp->-r requirements.txt (line 2))
2023-11-13T00:27:04.1667534Z   Downloading attrs-23.1.0-py3-none-any.whl (61 kB)
2023-11-13T00:27:04.1718902Z      ━━━━━━━━━━━━━━━━━━━━━━━━━━━━━━━━━━━━━━━━ 61.2/61.2 kB 18.9 MB/s eta 0:00:00
2023-11-13T00:27:04.3636885Z Collecting multidict<7.0,>=4.5 (from aiohttp->-r requirements.txt (line 2))
2023-11-13T00:27:04.3721295Z   Downloading multidict-6.0.4-cp38-cp38-manylinux_2_17_x86_64.manylinux2014_x86_64.whl (121 kB)
2023-11-13T00:27:04.3777138Z      ━━━━━━━━━━━━━━━━━━━━━━━━━━━━━━━━━━━━━━ 121.3/121.3 kB 35.7 MB/s eta 0:00:00
2023-11-13T00:27:04.4016485Z Collecting async-timeout<5.0,>=4.0.0a3 (from aiohttp->-r requirements.txt (line 2))
2023-11-13T00:27:04.4084368Z   Downloading async_timeout-4.0.3-py3-none-any.whl.metadata (4.2 kB)
2023-11-13T00:27:04.5368131Z Collecting yarl<2.0,>=1.0 (from aiohttp->-r requirements.txt (line 2))
2023-11-13T00:27:04.5465515Z   Downloading yarl-1.9.2-cp38-cp38-manylinux_2_17_x86_64.manylinux2014_x86_64.whl (266 kB)
2023-11-13T00:27:04.5536842Z      ━━━━━━━━━━━━━━━━━━━━━━━━━━━━━━━━━━━━━━ 266.9/266.9 kB 56.2 MB/s eta 0:00:00
2023-11-13T00:27:04.6076799Z Collecting frozenlist>=1.1.1 (from aiohttp->-r requirements.txt (line 2))
2023-11-13T00:27:04.6130999Z   Downloading frozenlist-1.4.0-cp38-cp38-manylinux_2_5_x86_64.manylinux1_x86_64.manylinux_2_17_x86_64.manylinux2014_x86_64.whl.metadata (5.2 kB)
2023-11-13T00:27:04.6305070Z Collecting aiosignal>=1.1.2 (from aiohttp->-r requirements.txt (line 2))
2023-11-13T00:27:04.6386878Z   Downloading aiosignal-1.3.1-py3-none-any.whl (7.6 kB)
2023-11-13T00:27:04.7247596Z Downloading requests-2.31.0-py3-none-any.whl (62 kB)
2023-11-13T00:27:04.7298996Z    ━━━━━━━━━━━━━━━━━━━━━━━━━━━━━━━━━━━━━━━━ 62.6/62.6 kB 17.5 MB/s eta 0:00:00
2023-11-13T00:27:04.7429063Z Downloading aiohttp-3.8.6-cp38-cp38-manylinux_2_17_x86_64.manylinux2014_x86_64.whl (1.1 MB)
2023-11-13T00:27:04.7619491Z    ━━━━━━━━━━━━━━━━━━━━━━━━━━━━━━━━━━━━━━━━ 1.1/1.1 MB 63.2 MB/s eta 0:00:00
2023-11-13T00:27:04.7684215Z Downloading async_timeout-4.0.3-py3-none-any.whl (5.7 kB)
2023-11-13T00:27:04.7771420Z Downloading certifi-2023.7.22-py3-none-any.whl (158 kB)
2023-11-13T00:27:04.7827804Z    ━━━━━━━━━━━━━━━━━━━━━━━━━━━━━━━━━━━━━━━━ 158.3/158.3 kB 41.1 MB/s eta 0:00:00
2023-11-13T00:27:04.7927562Z Downloading charset_normalizer-3.3.2-cp38-cp38-manylinux_2_17_x86_64.manylinux2014_x86_64.whl (141 kB)
2023-11-13T00:27:04.7979825Z    ━━━━━━━━━━━━━━━━━━━━━━━━━━━━━━━━━━━━━━━━ 141.1/141.1 kB 41.8 MB/s eta 0:00:00
2023-11-13T00:27:04.8038139Z Downloading frozenlist-1.4.0-cp38-cp38-manylinux_2_5_x86_64.manylinux1_x86_64.manylinux_2_17_x86_64.manylinux2014_x86_64.whl (220 kB)
2023-11-13T00:27:04.8096542Z    ━━━━━━━━━━━━━━━━━━━━━━━━━━━━━━━━━━━━━━━━ 220.1/220.1 kB 54.4 MB/s eta 0:00:00
2023-11-13T00:27:04.8170333Z Downloading urllib3-2.0.7-py3-none-any.whl (124 kB)
2023-11-13T00:27:04.8223544Z    ━━━━━━━━━━━━━━━━━━━━━━━━━━━━━━━━━━━━━━━━ 124.2/124.2 kB 34.4 MB/s eta 0:00:00
2023-11-13T00:27:04.9200270Z Installing collected packages: urllib3, multidict, idna, frozenlist, charset-normalizer, certifi, attrs, async-timeout, yarl, requests, aiosignal, aiohttp
2023-11-13T00:27:05.3112076Z Successfully installed aiohttp-3.8.6 aiosignal-1.3.1 async-timeout-4.0.3 attrs-23.1.0 certifi-2023.7.22 charset-normalizer-3.3.2 frozenlist-1.4.0 idna-3.4 multidict-6.0.4 requests-2.31.0 urllib3-2.0.7 yarl-1.9.2
2023-11-13T00:27:05.4628927Z ##[group]Run python3 --version
2023-11-13T00:27:05.4629708Z [36;1mpython3 --version[0m
2023-11-13T00:27:05.4630090Z [36;1mpython3 generate_images.py[0m
2023-11-13T00:27:05.4674976Z shell: /usr/bin/bash -e {0}
2023-11-13T00:27:05.4675377Z env:
2023-11-13T00:27:05.4675767Z   pythonLocation: /opt/hostedtoolcache/Python/3.8.18/x64
2023-11-13T00:27:05.4676500Z   PKG_CONFIG_PATH: /opt/hostedtoolcache/Python/3.8.18/x64/lib/pkgconfig
2023-11-13T00:27:05.4677155Z   Python_ROOT_DIR: /opt/hostedtoolcache/Python/3.8.18/x64
2023-11-13T00:27:05.4677953Z   Python2_ROOT_DIR: /opt/hostedtoolcache/Python/3.8.18/x64
2023-11-13T00:27:05.4678597Z   Python3_ROOT_DIR: /opt/hostedtoolcache/Python/3.8.18/x64
2023-11-13T00:27:05.4679174Z   LD_LIBRARY_PATH: /opt/hostedtoolcache/Python/3.8.18/x64/lib
2023-11-13T00:27:05.4679950Z   ACCESS_TOKEN: ***
2023-11-13T00:27:05.4680525Z   GITHUB_TOKEN: ***
2023-11-13T00:27:05.4680878Z   EXCLUDED: 
2023-11-13T00:27:05.4681164Z   EXCLUDED_LANGS: 
2023-11-13T00:27:05.4681720Z   EXCLUDE_FORKED_REPOS: true
2023-11-13T00:27:05.4682080Z ##[endgroup]
2023-11-13T00:27:05.4764483Z Python 3.8.18
2023-11-13T00:36:28.2801862Z A path returned 202. Retrying...
2023-11-13T00:36:28.2803117Z A path returned 202. Retrying...
2023-11-13T00:36:28.2803689Z A path returned 202. Retrying...
2023-11-13T00:36:28.2804519Z A path returned 202. Retrying...
2023-11-13T00:36:28.2805237Z A path returned 202. Retrying...
2023-11-13T00:36:28.2805963Z A path returned 202. Retrying...
2023-11-13T00:36:28.2806850Z A path returned 202. Retrying...
2023-11-13T00:36:28.2807557Z A path returned 202. Retrying...
2023-11-13T00:36:28.2808059Z A path returned 202. Retrying...
2023-11-13T00:36:28.2808573Z A path returned 202. Retrying...
2023-11-13T00:36:28.2808995Z A path returned 202. Retrying...
2023-11-13T00:36:28.2809431Z A path returned 202. Retrying...
2023-11-13T00:36:28.2809958Z A path returned 202. Retrying...
2023-11-13T00:36:28.2810393Z A path returned 202. Retrying...
2023-11-13T00:36:28.2810844Z A path returned 202. Retrying...
2023-11-13T00:36:28.2811354Z A path returned 202. Retrying...
2023-11-13T00:36:28.2811798Z A path returned 202. Retrying...
2023-11-13T00:36:28.2812201Z A path returned 202. Retrying...
2023-11-13T00:36:28.2812720Z A path returned 202. Retrying...
2023-11-13T00:36:28.2813154Z A path returned 202. Retrying...
2023-11-13T00:36:28.2813665Z A path returned 202. Retrying...
2023-11-13T00:36:28.2814099Z A path returned 202. Retrying...
2023-11-13T00:36:28.2814537Z A path returned 202. Retrying...
2023-11-13T00:36:28.2815071Z A path returned 202. Retrying...
2023-11-13T00:36:28.2815468Z A path returned 202. Retrying...
2023-11-13T00:36:28.2815900Z A path returned 202. Retrying...
2023-11-13T00:36:28.2816414Z A path returned 202. Retrying...
2023-11-13T00:36:28.2816843Z A path returned 202. Retrying...
2023-11-13T00:36:28.2817291Z A path returned 202. Retrying...
2023-11-13T00:36:28.2817769Z A path returned 202. Retrying...
2023-11-13T00:36:28.2818159Z A path returned 202. Retrying...
2023-11-13T00:36:28.2818537Z A path returned 202. Retrying...
2023-11-13T00:36:28.2818990Z A path returned 202. Retrying...
2023-11-13T00:36:28.2819396Z A path returned 202. Retrying...
2023-11-13T00:36:28.2819850Z A path returned 202. Retrying...
2023-11-13T00:36:28.2820242Z A path returned 202. Retrying...
2023-11-13T00:36:28.2820646Z A path returned 202. Retrying...
2023-11-13T00:36:28.2821171Z A path returned 202. Retrying...
2023-11-13T00:36:28.2821534Z A path returned 202. Retrying...
2023-11-13T00:36:28.2821942Z A path returned 202. Retrying...
2023-11-13T00:36:28.2822745Z A path returned 202. Retrying...
2023-11-13T00:36:28.2823182Z A path returned 202. Retrying...
2023-11-13T00:36:28.2823589Z A path returned 202. Retrying...
2023-11-13T00:36:28.2824071Z A path returned 202. Retrying...
2023-11-13T00:36:28.2824468Z A path returned 202. Retrying...
2023-11-13T00:36:28.2824828Z A path returned 202. Retrying...
2023-11-13T00:36:28.2825310Z A path returned 202. Retrying...
2023-11-13T00:36:28.2825935Z A path returned 202. Retrying...
2023-11-13T00:36:28.2826453Z A path returned 202. Retrying...
2023-11-13T00:36:28.2826855Z A path returned 202. Retrying...
2023-11-13T00:36:28.2827248Z A path returned 202. Retrying...
2023-11-13T00:36:28.2827725Z A path returned 202. Retrying...
2023-11-13T00:36:28.2828083Z A path returned 202. Retrying...
2023-11-13T00:36:28.2828478Z A path returned 202. Retrying...
2023-11-13T00:36:28.2828954Z A path returned 202. Retrying...
2023-11-13T00:36:28.2829583Z A path returned 202. Retrying...
2023-11-13T00:36:28.2830007Z A path returned 202. Retrying...
2023-11-13T00:36:28.2830474Z A path returned 202. Retrying...
2023-11-13T00:36:28.2830904Z A path returned 202. Retrying...
2023-11-13T00:36:28.2831277Z A path returned 202. Retrying...
2023-11-13T00:36:28.2831735Z A path returned 202. Retrying...
2023-11-13T00:36:28.2832126Z A path returned 202. Retrying...
2023-11-13T00:36:28.2832598Z A path returned 202. Retrying...
2023-11-13T00:36:28.2832990Z A path returned 202. Retrying...
2023-11-13T00:36:28.2833401Z A path returned 202. Retrying...
2023-11-13T00:36:28.2833858Z A path returned 202. Retrying...
2023-11-13T00:36:28.2834214Z A path returned 202. Retrying...
2023-11-13T00:36:28.2834625Z A path returned 202. Retrying...
2023-11-13T00:36:28.2835090Z A path returned 202. Retrying...
2023-11-13T00:36:28.2835498Z A path returned 202. Retrying...
2023-11-13T00:36:28.2835886Z A path returned 202. Retrying...
2023-11-13T00:36:28.2836340Z A path returned 202. Retrying...
2023-11-13T00:36:28.2836752Z A path returned 202. Retrying...
2023-11-13T00:36:28.2837127Z A path returned 202. Retrying...
2023-11-13T00:36:28.2837592Z A path returned 202. Retrying...
2023-11-13T00:36:28.2837998Z A path returned 202. Retrying...
2023-11-13T00:36:28.2838468Z A path returned 202. Retrying...
2023-11-13T00:36:28.2838889Z A path returned 202. Retrying...
2023-11-13T00:36:28.2839279Z A path returned 202. Retrying...
2023-11-13T00:36:28.2839740Z A path returned 202. Retrying...
2023-11-13T00:36:28.2840117Z A path returned 202. Retrying...
2023-11-13T00:36:28.2840506Z A path returned 202. Retrying...
2023-11-13T00:36:28.2840976Z A path returned 202. Retrying...
2023-11-13T00:36:28.2841381Z A path returned 202. Retrying...
2023-11-13T00:36:28.2841768Z A path returned 202. Retrying...
2023-11-13T00:36:28.2842235Z A path returned 202. Retrying...
2023-11-13T00:36:28.2842625Z A path returned 202. Retrying...
2023-11-13T00:36:28.2842979Z A path returned 202. Retrying...
2023-11-13T00:36:28.2843450Z A path returned 202. Retrying...
2023-11-13T00:36:28.2843845Z A path returned 202. Retrying...
2023-11-13T00:36:28.2844311Z A path returned 202. Retrying...
2023-11-13T00:36:28.2844702Z A path returned 202. Retrying...
2023-11-13T00:36:28.2845087Z A path returned 202. Retrying...
2023-11-13T00:36:28.2845560Z A path returned 202. Retrying...
2023-11-13T00:36:28.2845916Z A path returned 202. Retrying...
2023-11-13T00:36:28.2846305Z A path returned 202. Retrying...
2023-11-13T00:36:28.2846773Z A path returned 202. Retrying...
2023-11-13T00:36:28.2847165Z A path returned 202. Retrying...
2023-11-13T00:36:28.2847573Z A path returned 202. Retrying...
2023-11-13T00:36:28.2848078Z A path returned 202. Retrying...
2023-11-13T00:36:28.2848457Z A path returned 202. Retrying...
2023-11-13T00:36:28.2848863Z A path returned 202. Retrying...
2023-11-13T00:36:28.2849316Z A path returned 202. Retrying...
2023-11-13T00:36:28.2849709Z A path returned 202. Retrying...
2023-11-13T00:36:28.2850184Z A path returned 202. Retrying...
2023-11-13T00:36:28.2850574Z A path returned 202. Retrying...
2023-11-13T00:36:28.2851162Z A path returned 202. Retrying...
2023-11-13T00:36:28.2851700Z A path returned 202. Retrying...
2023-11-13T00:36:28.2852111Z A path returned 202. Retrying...
2023-11-13T00:36:28.2852503Z A path returned 202. Retrying...
2023-11-13T00:36:28.2852965Z A path returned 202. Retrying...
2023-11-13T00:36:28.2853373Z A path returned 202. Retrying...
2023-11-13T00:36:28.2853763Z A path returned 202. Retrying...
2023-11-13T00:36:28.2854409Z A path returned 202. Retrying...
2023-11-13T00:36:28.2854794Z A path returned 202. Retrying...
2023-11-13T00:36:28.2855239Z A path returned 202. Retrying...
2023-11-13T00:36:28.2855735Z A path returned 202. Retrying...
2023-11-13T00:36:28.2856132Z A path returned 202. Retrying...
2023-11-13T00:36:28.2856602Z A path returned 202. Retrying...
2023-11-13T00:36:28.2856998Z A path returned 202. Retrying...
2023-11-13T00:36:28.2857389Z A path returned 202. Retrying...
2023-11-13T00:36:28.2857824Z A path returned 202. Retrying...
2023-11-13T00:36:28.2858224Z A path returned 202. Retrying...
2023-11-13T00:36:28.2858622Z A path returned 202. Retrying...
2023-11-13T00:36:28.2859101Z A path returned 202. Retrying...
2023-11-13T00:36:28.2859494Z A path returned 202. Retrying...
2023-11-13T00:36:28.2859905Z A path returned 202. Retrying...
2023-11-13T00:36:28.2860359Z A path returned 202. Retrying...
2023-11-13T00:36:28.2860715Z A path returned 202. Retrying...
2023-11-13T00:36:28.2861244Z A path returned 202. Retrying...
2023-11-13T00:36:28.2861654Z A path returned 202. Retrying...
2023-11-13T00:36:28.2862071Z A path returned 202. Retrying...
2023-11-13T00:36:28.2862495Z A path returned 202. Retrying...
2023-11-13T00:36:28.2862890Z A path returned 202. Retrying...
2023-11-13T00:36:28.2863301Z A path returned 202. Retrying...
2023-11-13T00:36:28.2863754Z A path returned 202. Retrying...
2023-11-13T00:36:28.2864146Z A path returned 202. Retrying...
2023-11-13T00:36:28.2864552Z A path returned 202. Retrying...
2023-11-13T00:36:28.2865009Z A path returned 202. Retrying...
2023-11-13T00:36:28.2865398Z A path returned 202. Retrying...
2023-11-13T00:36:28.2865795Z A path returned 202. Retrying...
2023-11-13T00:36:28.2866319Z A path returned 202. Retrying...
2023-11-13T00:36:28.2866731Z A path returned 202. Retrying...
2023-11-13T00:36:28.2867183Z A path returned 202. Retrying...
2023-11-13T00:36:28.2867591Z A path returned 202. Retrying...
2023-11-13T00:36:28.2867981Z A path returned 202. Retrying...
2023-11-13T00:36:28.2868412Z A path returned 202. Retrying...
2023-11-13T00:36:28.2868819Z A path returned 202. Retrying...
2023-11-13T00:36:28.2869386Z A path returned 202. Retrying...
2023-11-13T00:36:28.2869869Z A path returned 202. Retrying...
2023-11-13T00:36:28.2870303Z A path returned 202. Retrying...
2023-11-13T00:36:28.2870689Z A path returned 202. Retrying...
2023-11-13T00:36:28.2871225Z A path returned 202. Retrying...
2023-11-13T00:36:28.2871580Z A path returned 202. Retrying...
2023-11-13T00:36:28.2871971Z A path returned 202. Retrying...
2023-11-13T00:36:28.2872453Z A path returned 202. Retrying...
2023-11-13T00:36:28.2872845Z A path returned 202. Retrying...
2023-11-13T00:36:28.2873298Z A path returned 202. Retrying...
2023-11-13T00:36:28.2873704Z A path returned 202. Retrying...
2023-11-13T00:36:28.2874091Z A path returned 202. Retrying...
2023-11-13T00:36:28.2874529Z A path returned 202. Retrying...
2023-11-13T00:36:28.2874920Z A path returned 202. Retrying...
2023-11-13T00:36:28.2875311Z A path returned 202. Retrying...
2023-11-13T00:36:28.2875850Z A path returned 202. Retrying...
2023-11-13T00:36:28.2876242Z A path returned 202. Retrying...
2023-11-13T00:36:28.2876650Z A path returned 202. Retrying...
2023-11-13T00:36:28.2877102Z A path returned 202. Retrying...
2023-11-13T00:36:28.2877459Z A path returned 202. Retrying...
2023-11-13T00:36:28.2877866Z A path returned 202. Retrying...
2023-11-13T00:36:28.2878325Z A path returned 202. Retrying...
2023-11-13T00:36:28.2878714Z A path returned 202. Retrying...
2023-11-13T00:36:28.2879185Z A path returned 202. Retrying...
2023-11-13T00:36:28.2879754Z A path returned 202. Retrying...
2023-11-13T00:36:28.2880203Z A path returned 202. Retrying...
2023-11-13T00:36:28.2880639Z A path returned 202. Retrying...
2023-11-13T00:36:28.2881031Z A path returned 202. Retrying...
2023-11-13T00:36:28.2881440Z A path returned 202. Retrying...
2023-11-13T00:36:28.2881896Z A path returned 202. Retrying...
2023-11-13T00:36:28.2882300Z A path returned 202. Retrying...
2023-11-13T00:36:28.2882829Z A path returned 202. Retrying...
2023-11-13T00:36:28.2883323Z A path returned 202. Retrying...
2023-11-13T00:36:28.2883688Z A path returned 202. Retrying...
2023-11-13T00:36:28.2884077Z A path returned 202. Retrying...
2023-11-13T00:36:28.2884548Z A path returned 202. Retrying...
2023-11-13T00:36:28.2884967Z A path returned 202. Retrying...
2023-11-13T00:36:28.2885425Z A path returned 202. Retrying...
2023-11-13T00:36:28.2885829Z A path returned 202. Retrying...
2023-11-13T00:36:28.2886220Z A path returned 202. Retrying...
2023-11-13T00:36:28.2886642Z A path returned 202. Retrying...
2023-11-13T00:36:28.2887055Z A path returned 202. Retrying...
2023-11-13T00:36:28.2887445Z A path returned 202. Retrying...
2023-11-13T00:36:28.2887912Z A path returned 202. Retrying...
2023-11-13T00:36:28.2888303Z A path returned 202. Retrying...
2023-11-13T00:36:28.2888688Z A path returned 202. Retrying...
2023-11-13T00:36:28.2889152Z A path returned 202. Retrying...
2023-11-13T00:36:28.2889542Z A path returned 202. Retrying...
2023-11-13T00:36:28.2889956Z A path returned 202. Retrying...
2023-11-13T00:36:28.2890411Z A path returned 202. Retrying...
2023-11-13T00:36:28.2890807Z A path returned 202. Retrying...
2023-11-13T00:36:28.2891277Z A path returned 202. Retrying...
2023-11-13T00:36:28.2891667Z A path returned 202. Retrying...
2023-11-13T00:36:28.2892072Z A path returned 202. Retrying...
2023-11-13T00:36:28.2892496Z A path returned 202. Retrying...
2023-11-13T00:36:28.2892885Z A path returned 202. Retrying...
2023-11-13T00:36:28.2893289Z A path returned 202. Retrying...
2023-11-13T00:36:28.2893747Z A path returned 202. Retrying...
2023-11-13T00:36:28.2894162Z A path returned 202. Retrying...
2023-11-13T00:36:28.2894567Z A path returned 202. Retrying...
2023-11-13T00:36:28.2895015Z A path returned 202. Retrying...
2023-11-13T00:36:28.2895372Z A path returned 202. Retrying...
2023-11-13T00:36:28.2895774Z A path returned 202. Retrying...
2023-11-13T00:36:28.2896228Z A path returned 202. Retrying...
2023-11-13T00:36:28.2896640Z A path returned 202. Retrying...
2023-11-13T00:36:28.2897102Z A path returned 202. Retrying...
2023-11-13T00:36:28.2897487Z A path returned 202. Retrying...
2023-11-13T00:36:28.2897890Z A path returned 202. Retrying...
2023-11-13T00:36:28.2898310Z A path returned 202. Retrying...
2023-11-13T00:36:28.2898744Z A path returned 202. Retrying...
2023-11-13T00:36:28.2899133Z A path returned 202. Retrying...
2023-11-13T00:36:28.2899583Z A path returned 202. Retrying...
2023-11-13T00:36:28.2899990Z A path returned 202. Retrying...
2023-11-13T00:36:28.2900381Z A path returned 202. Retrying...
2023-11-13T00:36:28.2900850Z A path returned 202. Retrying...
2023-11-13T00:36:28.2901204Z A path returned 202. Retrying...
2023-11-13T00:36:28.2901590Z A path returned 202. Retrying...
2023-11-13T00:36:28.2902064Z A path returned 202. Retrying...
2023-11-13T00:36:28.2902450Z A path returned 202. Retrying...
2023-11-13T00:36:28.2902895Z A path returned 202. Retrying...
2023-11-13T00:36:28.2903320Z A path returned 202. Retrying...
2023-11-13T00:36:28.2903711Z A path returned 202. Retrying...
2023-11-13T00:36:28.2904125Z A path returned 202. Retrying...
2023-11-13T00:36:28.2904533Z A path returned 202. Retrying...
2023-11-13T00:36:28.2904924Z A path returned 202. Retrying...
2023-11-13T00:36:28.2905390Z A path returned 202. Retrying...
2023-11-13T00:36:28.2905776Z A path returned 202. Retrying...
2023-11-13T00:36:28.2906163Z A path returned 202. Retrying...
2023-11-13T00:36:28.2906642Z A path returned 202. Retrying...
2023-11-13T00:36:28.2907005Z A path returned 202. Retrying...
2023-11-13T00:36:28.2907540Z A path returned 202. Retrying...
2023-11-13T00:36:28.2908029Z A path returned 202. Retrying...
2023-11-13T00:36:28.2908418Z A path returned 202. Retrying...
2023-11-13T00:36:28.2908897Z A path returned 202. Retrying...
2023-11-13T00:36:28.2909446Z A path returned 202. Retrying...
2023-11-13T00:36:28.2909866Z A path returned 202. Retrying...
2023-11-13T00:36:28.2910368Z A path returned 202. Retrying...
2023-11-13T00:36:28.2910906Z A path returned 202. Retrying...
2023-11-13T00:36:28.2911336Z A path returned 202. Retrying...
2023-11-13T00:36:28.2911800Z A path returned 202. Retrying...
2023-11-13T00:45:20.6993837Z A path returned 202. Retrying...
2023-11-13T00:45:20.6994818Z A path returned 202. Retrying...
2023-11-13T00:45:20.6995602Z A path returned 202. Retrying...
2023-11-13T00:45:20.6996292Z A path returned 202. Retrying...
2023-11-13T00:45:20.6996723Z A path returned 202. Retrying...
2023-11-13T00:45:20.6997251Z A path returned 202. Retrying...
2023-11-13T00:45:20.6997694Z A path returned 202. Retrying...
2023-11-13T00:45:20.6998064Z A path returned 202. Retrying...
2023-11-13T00:45:20.6998553Z A path returned 202. Retrying...
2023-11-13T00:45:20.6998953Z A path returned 202. Retrying...
2023-11-13T00:45:20.6999431Z A path returned 202. Retrying...
2023-11-13T00:45:20.6999829Z A path returned 202. Retrying...
2023-11-13T00:45:20.7000218Z A path returned 202. Retrying...
2023-11-13T00:45:20.7000684Z A path returned 202. Retrying...
2023-11-13T00:45:20.7001054Z A path returned 202. Retrying...
2023-11-13T00:45:20.7001460Z A path returned 202. Retrying...
2023-11-13T00:45:20.7001938Z A path returned 202. Retrying...
2023-11-13T00:45:20.7002332Z A path returned 202. Retrying...
2023-11-13T00:45:20.7002743Z A path returned 202. Retrying...
2023-11-13T00:45:20.7003197Z A path returned 202. Retrying...
2023-11-13T00:45:20.7003584Z A path returned 202. Retrying...
2023-11-13T00:45:20.7003954Z A path returned 202. Retrying...
2023-11-13T00:45:20.7004407Z A path returned 202. Retrying...
2023-11-13T00:45:20.7004797Z A path returned 202. Retrying...
2023-11-13T00:45:20.7005269Z A path returned 202. Retrying...
2023-11-13T00:45:20.7005661Z A path returned 202. Retrying...
2023-11-13T00:45:20.7006081Z A path returned 202. Retrying...
2023-11-13T00:45:20.7006537Z A path returned 202. Retrying...
2023-11-13T00:45:20.7006890Z A path returned 202. Retrying...
2023-11-13T00:45:20.7007295Z A path returned 202. Retrying...
2023-11-13T00:45:20.7007750Z A path returned 202. Retrying...
2023-11-13T00:45:20.7008153Z A path returned 202. Retrying...
2023-11-13T00:45:20.7008542Z A path returned 202. Retrying...
2023-11-13T00:45:20.7008989Z A path returned 202. Retrying...
2023-11-13T00:45:20.7009396Z A path returned 202. Retrying...
2023-11-13T00:45:20.7009746Z A path returned 202. Retrying...
2023-11-13T00:45:20.7010202Z A path returned 202. Retrying...
2023-11-13T00:45:20.7010603Z A path returned 202. Retrying...
2023-11-13T00:45:20.7011121Z A path returned 202. Retrying...
2023-11-13T00:45:20.7011531Z A path returned 202. Retrying...
2023-11-13T00:45:20.7011915Z A path returned 202. Retrying...
2023-11-13T00:45:20.7012365Z A path returned 202. Retrying...
2023-11-13T00:45:20.7012732Z A path returned 202. Retrying...
2023-11-13T00:45:20.7013121Z A path returned 202. Retrying...
2023-11-13T00:45:20.7013568Z A path returned 202. Retrying...
2023-11-13T00:45:20.7013975Z A path returned 202. Retrying...
2023-11-13T00:45:20.7014362Z A path returned 202. Retrying...
2023-11-13T00:45:20.7014830Z A path returned 202. Retrying...
2023-11-13T00:45:20.7015218Z A path returned 202. Retrying...
2023-11-13T00:45:20.7015634Z A path returned 202. Retrying...
2023-11-13T00:45:20.7016108Z A path returned 202. Retrying...
2023-11-13T00:45:20.7016500Z A path returned 202. Retrying...
2023-11-13T00:45:20.7016962Z A path returned 202. Retrying...
2023-11-13T00:45:20.7017351Z A path returned 202. Retrying...
2023-11-13T00:45:20.7017733Z A path returned 202. Retrying...
2023-11-13T00:45:20.7018197Z A path returned 202. Retrying...
2023-11-13T00:45:20.7018940Z A path returned 202. Retrying...
2023-11-13T00:45:20.7019354Z A path returned 202. Retrying...
2023-11-13T00:45:20.7019822Z A path returned 202. Retrying...
2023-11-13T00:45:20.7020211Z A path returned 202. Retrying...
2023-11-13T00:45:20.7020839Z A path returned 202. Retrying...
2023-11-13T00:45:20.7021307Z A path returned 202. Retrying...
2023-11-13T00:45:20.7021712Z A path returned 202. Retrying...
2023-11-13T00:45:20.7022248Z A path returned 202. Retrying...
2023-11-13T00:45:20.7022746Z A path returned 202. Retrying...
2023-11-13T00:45:20.7023157Z A path returned 202. Retrying...
2023-11-13T00:45:20.7023627Z A path returned 202. Retrying...
2023-11-13T00:45:20.7024054Z A path returned 202. Retrying...
2023-11-13T00:45:20.7024456Z A path returned 202. Retrying...
2023-11-13T00:45:20.7024929Z A path returned 202. Retrying...
2023-11-13T00:45:20.7025366Z A path returned 202. Retrying...
2023-11-13T00:45:20.7025753Z A path returned 202. Retrying...
2023-11-13T00:45:20.7026207Z A path returned 202. Retrying...
2023-11-13T00:45:20.7026613Z A path returned 202. Retrying...
2023-11-13T00:45:20.7027000Z A path returned 202. Retrying...
2023-11-13T00:45:20.7027464Z A path returned 202. Retrying...
2023-11-13T00:45:20.7027849Z A path returned 202. Retrying...
2023-11-13T00:45:20.7028209Z A path returned 202. Retrying...
2023-11-13T00:45:20.7028691Z A path returned 202. Retrying...
2023-11-13T00:45:20.7029074Z A path returned 202. Retrying...
2023-11-13T00:45:20.7029825Z A path returned 202. Retrying...
2023-11-13T00:45:20.7030341Z A path returned 202. Retrying...
2023-11-13T00:45:20.7030724Z A path returned 202. Retrying...
2023-11-13T00:45:20.7031190Z A path returned 202. Retrying...
2023-11-13T00:45:20.7031547Z A path returned 202. Retrying...
2023-11-13T00:45:20.7031934Z A path returned 202. Retrying...
2023-11-13T00:45:20.7032406Z A path returned 202. Retrying...
2023-11-13T00:45:20.7032788Z A path returned 202. Retrying...
2023-11-13T00:45:20.7033190Z A path returned 202. Retrying...
2023-11-13T00:45:20.7033653Z A path returned 202. Retrying...
2023-11-13T00:45:20.7034048Z A path returned 202. Retrying...
2023-11-13T00:45:20.7034418Z A path returned 202. Retrying...
2023-11-13T00:45:20.7034936Z A path returned 202. Retrying...
2023-11-13T00:45:20.7035326Z A path returned 202. Retrying...
2023-11-13T00:45:20.7035797Z A path returned 202. Retrying...
2023-11-13T00:45:20.7036195Z A path returned 202. Retrying...
2023-11-13T00:45:20.7036610Z A path returned 202. Retrying...
2023-11-13T00:45:20.7037079Z A path returned 202. Retrying...
2023-11-13T00:45:20.7037436Z A path returned 202. Retrying...
2023-11-13T00:45:20.7037838Z A path returned 202. Retrying...
2023-11-13T00:45:20.7038296Z A path returned 202. Retrying...
2023-11-13T00:45:20.7038698Z A path returned 202. Retrying...
2023-11-13T00:45:20.7039087Z A path returned 202. Retrying...
2023-11-13T00:45:20.7039596Z A path returned 202. Retrying...
2023-11-13T00:45:20.7039998Z A path returned 202. Retrying...
2023-11-13T00:45:20.7040366Z A path returned 202. Retrying...
2023-11-13T00:45:20.7040824Z A path returned 202. Retrying...
2023-11-13T00:45:20.7041234Z A path returned 202. Retrying...
2023-11-13T00:45:20.7041680Z A path returned 202. Retrying...
2023-11-13T00:45:20.7042084Z A path returned 202. Retrying...
2023-11-13T00:45:20.7042467Z A path returned 202. Retrying...
2023-11-13T00:45:20.7042920Z A path returned 202. Retrying...
2023-11-13T00:45:20.7043289Z A path returned 202. Retrying...
2023-11-13T00:45:20.7043680Z A path returned 202. Retrying...
2023-11-13T00:45:20.7044200Z A path returned 202. Retrying...
2023-11-13T00:45:20.7044602Z A path returned 202. Retrying...
2023-11-13T00:45:20.7045006Z A path returned 202. Retrying...
2023-11-13T00:45:20.7045468Z A path returned 202. Retrying...
2023-11-13T00:45:20.7045854Z A path returned 202. Retrying...
2023-11-13T00:45:20.7046204Z A path returned 202. Retrying...
2023-11-13T00:45:20.7046670Z A path returned 202. Retrying...
2023-11-13T00:45:20.7047054Z A path returned 202. Retrying...
2023-11-13T00:45:20.7047713Z A path returned 202. Retrying...
2023-11-13T00:45:20.7048113Z A path returned 202. Retrying...
2023-11-13T00:45:20.7048501Z A path returned 202. Retrying...
2023-11-13T00:45:20.7049034Z A path returned 202. Retrying...
2023-11-13T00:45:20.7049386Z A path returned 202. Retrying...
2023-11-13T00:45:20.7049789Z A path returned 202. Retrying...
2023-11-13T00:45:20.7050239Z A path returned 202. Retrying...
2023-11-13T00:45:20.7050760Z A path returned 202. Retrying...
2023-11-13T00:45:20.7051178Z A path returned 202. Retrying...
2023-11-13T00:45:20.7051643Z A path returned 202. Retrying...
2023-11-13T00:45:20.7052045Z A path returned 202. Retrying...
2023-11-13T00:45:20.7052401Z A path returned 202. Retrying...
2023-11-13T00:45:20.7052853Z A path returned 202. Retrying...
2023-11-13T00:45:20.7053255Z A path returned 202. Retrying...
2023-11-13T00:45:20.7053785Z A path returned 202. Retrying...
2023-11-13T00:45:20.7054204Z A path returned 202. Retrying...
2023-11-13T00:45:20.7054609Z A path returned 202. Retrying...
2023-11-13T00:45:20.7055056Z A path returned 202. Retrying...
2023-11-13T00:45:20.7055425Z A path returned 202. Retrying...
2023-11-13T00:45:20.7055811Z A path returned 202. Retrying...
2023-11-13T00:45:20.7056269Z A path returned 202. Retrying...
2023-11-13T00:45:20.7056672Z A path returned 202. Retrying...
2023-11-13T00:45:20.7057060Z A path returned 202. Retrying...
2023-11-13T00:45:20.7057530Z A path returned 202. Retrying...
2023-11-13T00:45:20.7057924Z A path returned 202. Retrying...
2023-11-13T00:45:20.7058339Z A path returned 202. Retrying...
2023-11-13T00:45:20.7058806Z A path returned 202. Retrying...
2023-11-13T00:45:20.7059189Z A path returned 202. Retrying...
2023-11-13T00:45:20.7059637Z A path returned 202. Retrying...
2023-11-13T00:45:20.7060041Z A path returned 202. Retrying...
2023-11-13T00:45:20.7060427Z A path returned 202. Retrying...
2023-11-13T00:45:20.7060896Z A path returned 202. Retrying...
2023-11-13T00:45:20.7061247Z A path returned 202. Retrying...
2023-11-13T00:45:20.7061640Z A path returned 202. Retrying...
2023-11-13T00:45:20.7062130Z A path returned 202. Retrying...
2023-11-13T00:45:20.7062516Z A path returned 202. Retrying...
2023-11-13T00:45:20.7062980Z A path returned 202. Retrying...
2023-11-13T00:45:20.7063438Z A path returned 202. Retrying...
2023-11-13T00:45:20.7063822Z A path returned 202. Retrying...
2023-11-13T00:45:20.7064193Z A path returned 202. Retrying...
2023-11-13T00:45:20.7064658Z A path returned 202. Retrying...
2023-11-13T00:45:20.7065049Z A path returned 202. Retrying...
2023-11-13T00:45:20.7065519Z A path returned 202. Retrying...
2023-11-13T00:45:20.7065906Z A path returned 202. Retrying...
2023-11-13T00:45:20.7066309Z A path returned 202. Retrying...
2023-11-13T00:45:20.7066857Z A path returned 202. Retrying...
2023-11-13T00:45:20.7067220Z A path returned 202. Retrying...
2023-11-13T00:45:20.7067678Z A path returned 202. Retrying...
2023-11-13T00:45:20.7068131Z A path returned 202. Retrying...
2023-11-13T00:45:20.7068519Z A path returned 202. Retrying...
2023-11-13T00:45:20.7068921Z A path returned 202. Retrying...
2023-11-13T00:45:20.7069503Z A path returned 202. Retrying...
2023-11-13T00:45:20.7069874Z A path returned 202. Retrying...
2023-11-13T00:45:20.7070258Z A path returned 202. Retrying...
2023-11-13T00:45:20.7070727Z A path returned 202. Retrying...
2023-11-13T00:45:20.7071129Z A path returned 202. Retrying...
2023-11-13T00:45:20.7071578Z A path returned 202. Retrying...
2023-11-13T00:45:20.7071986Z A path returned 202. Retrying...
2023-11-13T00:45:20.7072429Z A path returned 202. Retrying...
2023-11-13T00:45:20.7072843Z A path returned 202. Retrying...
2023-11-13T00:45:20.7073258Z A path returned 202. Retrying...
2023-11-13T00:45:20.7073645Z A path returned 202. Retrying...
2023-11-13T00:45:20.7074098Z A path returned 202. Retrying...
2023-11-13T00:45:20.7074501Z A path returned 202. Retrying...
2023-11-13T00:45:20.7074886Z A path returned 202. Retrying...
2023-11-13T00:45:20.7075346Z A path returned 202. Retrying...
2023-11-13T00:45:20.7075865Z A path returned 202. Retrying...
2023-11-13T00:45:20.7076273Z A path returned 202. Retrying...
2023-11-13T00:45:20.7076748Z A path returned 202. Retrying...
2023-11-13T00:45:20.7077196Z A path returned 202. Retrying...
2023-11-13T00:45:20.7077666Z A path returned 202. Retrying...
2023-11-13T00:45:20.7078052Z A path returned 202. Retrying...
2023-11-13T00:45:20.7078434Z A path returned 202. Retrying...
2023-11-13T00:45:20.7079009Z A path returned 202. Retrying...
2023-11-13T00:45:20.7079409Z A path returned 202. Retrying...
2023-11-13T00:45:20.7079812Z A path returned 202. Retrying...
2023-11-13T00:45:20.7080271Z A path returned 202. Retrying...
2023-11-13T00:45:20.7080656Z A path returned 202. Retrying...
2023-11-13T00:45:20.7081059Z A path returned 202. Retrying...
2023-11-13T00:45:20.7081575Z A path returned 202. Retrying...
2023-11-13T00:45:20.7081931Z A path returned 202. Retrying...
2023-11-13T00:45:20.7082332Z A path returned 202. Retrying...
2023-11-13T00:45:20.7082795Z A path returned 202. Retrying...
2023-11-13T00:45:20.7083195Z A path returned 202. Retrying...
2023-11-13T00:45:20.7083644Z A path returned 202. Retrying...
2023-11-13T00:45:20.7084031Z A path returned 202. Retrying...
2023-11-13T00:45:20.7084430Z A path returned 202. Retrying...
2023-11-13T00:45:20.7084842Z A path returned 202. Retrying...
2023-11-13T00:45:20.7085247Z A path returned 202. Retrying...
2023-11-13T00:45:20.7085632Z A path returned 202. Retrying...
2023-11-13T00:45:20.7086154Z A path returned 202. Retrying...
2023-11-13T00:45:20.7086555Z A path returned 202. Retrying...
2023-11-13T00:45:20.7086941Z A path returned 202. Retrying...
2023-11-13T00:45:20.7087406Z A path returned 202. Retrying...
2023-11-13T00:45:20.7087759Z A path returned 202. Retrying...
2023-11-13T00:45:20.7088143Z A path returned 202. Retrying...
2023-11-13T00:45:20.7088612Z A path returned 202. Retrying...
2023-11-13T00:45:20.7088998Z A path returned 202. Retrying...
2023-11-13T00:45:20.7089453Z A path returned 202. Retrying...
2023-11-13T00:45:20.7089866Z A path returned 202. Retrying...
2023-11-13T00:45:20.7090250Z A path returned 202. Retrying...
2023-11-13T00:45:20.7090728Z A path returned 202. Retrying...
2023-11-13T00:45:20.7091131Z A path returned 202. Retrying...
2023-11-13T00:45:20.7091535Z A path returned 202. Retrying...
2023-11-13T00:45:20.7092054Z A path returned 202. Retrying...
2023-11-13T00:45:20.7092437Z A path returned 202. Retrying...
2023-11-13T00:45:20.7092828Z A path returned 202. Retrying...
2023-11-13T00:45:20.7093304Z A path returned 202. Retrying...
2023-11-13T00:45:20.7093656Z A path returned 202. Retrying...
2023-11-13T00:45:20.7094057Z A path returned 202. Retrying...
2023-11-13T00:45:20.7094505Z A path returned 202. Retrying...
2023-11-13T00:45:20.7094892Z A path returned 202. Retrying...
2023-11-13T00:45:20.7095423Z A path returned 202. Retrying...
2023-11-13T00:45:20.7095813Z A path returned 202. Retrying...
2023-11-13T00:45:20.7096213Z A path returned 202. Retrying...
2023-11-13T00:45:20.7096631Z A path returned 202. Retrying...
2023-11-13T00:45:20.7097017Z A path returned 202. Retrying...
2023-11-13T00:45:20.7097421Z A path returned 202. Retrying...
2023-11-13T00:45:20.7097873Z A path returned 202. Retrying...
2023-11-13T00:45:20.7098267Z A path returned 202. Retrying...
2023-11-13T00:45:20.7098671Z A path returned 202. Retrying...
2023-11-13T00:45:20.7099125Z A path returned 202. Retrying...
2023-11-13T00:45:20.7099477Z A path returned 202. Retrying...
2023-11-13T00:45:20.7099945Z A path returned 202. Retrying...
2023-11-13T00:45:20.7100405Z A path returned 202. Retrying...
2023-11-13T00:45:20.7100807Z A path returned 202. Retrying...
2023-11-13T00:52:27.9630195Z A path returned 202. Retrying...
2023-11-13T00:52:27.9631436Z A path returned 202. Retrying...
2023-11-13T00:52:27.9632385Z A path returned 202. Retrying...
2023-11-13T00:52:27.9633281Z A path returned 202. Retrying...
2023-11-13T00:52:27.9634089Z A path returned 202. Retrying...
2023-11-13T00:52:27.9634940Z A path returned 202. Retrying...
2023-11-13T00:52:27.9636232Z A path returned 202. Retrying...
2023-11-13T00:52:27.9638005Z A path returned 202. Retrying...
2023-11-13T00:52:27.9638720Z A path returned 202. Retrying...
2023-11-13T00:52:27.9639412Z A path returned 202. Retrying...
2023-11-13T00:52:27.9640548Z A path returned 202. Retrying...
2023-11-13T00:52:27.9641680Z A path returned 202. Retrying...
2023-11-13T00:52:27.9642527Z A path returned 202. Retrying...
2023-11-13T00:52:27.9643528Z A path returned 202. Retrying...
2023-11-13T00:52:27.9644395Z A path returned 202. Retrying...
2023-11-13T00:52:27.9644834Z A path returned 202. Retrying...
2023-11-13T00:52:27.9645977Z A path returned 202. Retrying...
2023-11-13T00:52:27.9646403Z A path returned 202. Retrying...
2023-11-13T00:52:27.9646882Z A path returned 202. Retrying...
2023-11-13T00:52:27.9647275Z A path returned 202. Retrying...
2023-11-13T00:52:27.9647692Z A path returned 202. Retrying...
2023-11-13T00:52:27.9648151Z A path returned 202. Retrying...
2023-11-13T00:52:27.9648518Z A path returned 202. Retrying...
2023-11-13T00:52:27.9648942Z A path returned 202. Retrying...
2023-11-13T00:52:27.9649419Z A path returned 202. Retrying...
2023-11-13T00:52:27.9649848Z A path returned 202. Retrying...
2023-11-13T00:52:27.9650312Z A path returned 202. Retrying...
2023-11-13T00:52:27.9650707Z A path returned 202. Retrying...
2023-11-13T00:52:27.9651112Z A path returned 202. Retrying...
2023-11-13T00:52:27.9651534Z A path returned 202. Retrying...
2023-11-13T00:52:27.9651939Z A path returned 202. Retrying...
2023-11-13T00:52:27.9652355Z A path returned 202. Retrying...
2023-11-13T00:52:27.9652822Z A path returned 202. Retrying...
2023-11-13T00:52:27.9653269Z A path returned 202. Retrying...
2023-11-13T00:52:27.9653662Z A path returned 202. Retrying...
2023-11-13T00:52:27.9654125Z A path returned 202. Retrying...
2023-11-13T00:52:27.9654492Z A path returned 202. Retrying...
2023-11-13T00:52:27.9654880Z A path returned 202. Retrying...
2023-11-13T00:52:27.9655351Z A path returned 202. Retrying...
2023-11-13T00:52:27.9655742Z A path returned 202. Retrying...
2023-11-13T00:52:27.9656304Z A path returned 202. Retrying...
2023-11-13T00:52:27.9656720Z A path returned 202. Retrying...
2023-11-13T00:52:27.9657124Z A path returned 202. Retrying...
2023-11-13T00:52:27.9657544Z A path returned 202. Retrying...
2023-11-13T00:52:27.9657949Z A path returned 202. Retrying...
2023-11-13T00:52:27.9658336Z A path returned 202. Retrying...
2023-11-13T00:52:27.9658818Z A path returned 202. Retrying...
2023-11-13T00:52:27.9659211Z A path returned 202. Retrying...
2023-11-13T00:52:27.9659597Z A path returned 202. Retrying...
2023-11-13T00:52:27.9660063Z A path returned 202. Retrying...
2023-11-13T00:52:27.9660415Z A path returned 202. Retrying...
2023-11-13T00:52:27.9660817Z A path returned 202. Retrying...
2023-11-13T00:52:27.9661267Z A path returned 202. Retrying...
2023-11-13T00:52:27.9661649Z A path returned 202. Retrying...
2023-11-13T00:52:27.9662117Z A path returned 202. Retrying...
2023-11-13T00:52:27.9662502Z A path returned 202. Retrying...
2023-11-13T00:52:27.9662905Z A path returned 202. Retrying...
2023-11-13T00:52:27.9663336Z A path returned 202. Retrying...
2023-11-13T00:52:27.9663738Z A path returned 202. Retrying...
2023-11-13T00:52:27.9664141Z A path returned 202. Retrying...
2023-11-13T00:52:27.9664596Z A path returned 202. Retrying...
2023-11-13T00:52:27.9664981Z A path returned 202. Retrying...
2023-11-13T00:52:27.9665383Z A path returned 202. Retrying...
2023-11-13T00:52:27.9665835Z A path returned 202. Retrying...
2023-11-13T00:52:27.9666188Z A path returned 202. Retrying...
2023-11-13T00:52:27.9666590Z A path returned 202. Retrying...
2023-11-13T00:52:27.9667037Z A path returned 202. Retrying...
2023-11-13T00:52:27.9667441Z A path returned 202. Retrying...
2023-11-13T00:52:27.9667890Z A path returned 202. Retrying...
2023-11-13T00:52:27.9668280Z A path returned 202. Retrying...
2023-11-13T00:52:27.9668687Z A path returned 202. Retrying...
2023-11-13T00:52:27.9669331Z A path returned 202. Retrying...
2023-11-13T00:52:27.9670005Z A path returned 202. Retrying...
2023-11-13T00:52:27.9670406Z A path returned 202. Retrying...
2023-11-13T00:52:27.9670880Z A path returned 202. Retrying...
2023-11-13T00:52:27.9671292Z A path returned 202. Retrying...
2023-11-13T00:52:27.9671678Z A path returned 202. Retrying...
2023-11-13T00:52:27.9672145Z A path returned 202. Retrying...
2023-11-13T00:52:27.9672499Z A path returned 202. Retrying...
2023-11-13T00:52:27.9673030Z A path returned 202. Retrying...
2023-11-13T00:52:27.9673577Z A path returned 202. Retrying...
2023-11-13T00:52:27.9673987Z A path returned 202. Retrying...
2023-11-13T00:52:27.9674436Z A path returned 202. Retrying...
2023-11-13T00:52:27.9674832Z A path returned 202. Retrying...
2023-11-13T00:52:27.9675216Z A path returned 202. Retrying...
2023-11-13T00:52:27.9675693Z A path returned 202. Retrying...
2023-11-13T00:52:27.9676080Z A path returned 202. Retrying...
2023-11-13T00:52:27.9676479Z A path returned 202. Retrying...
2023-11-13T00:52:27.9676926Z A path returned 202. Retrying...
2023-11-13T00:52:27.9677283Z A path returned 202. Retrying...
2023-11-13T00:52:27.9677685Z A path returned 202. Retrying...
2023-11-13T00:52:27.9678131Z A path returned 202. Retrying...
2023-11-13T00:52:27.9678531Z A path returned 202. Retrying...
2023-11-13T00:52:27.9678979Z A path returned 202. Retrying...
2023-11-13T00:52:27.9679363Z A path returned 202. Retrying...
2023-11-13T00:52:27.9679762Z A path returned 202. Retrying...
2023-11-13T00:52:27.9680179Z A path returned 202. Retrying...
2023-11-13T00:52:27.9680566Z A path returned 202. Retrying...
2023-11-13T00:52:27.9680968Z A path returned 202. Retrying...
2023-11-13T00:52:27.9681422Z A path returned 202. Retrying...
2023-11-13T00:52:27.9681825Z A path returned 202. Retrying...
2023-11-13T00:52:27.9682207Z A path returned 202. Retrying...
2023-11-13T00:52:27.9682654Z A path returned 202. Retrying...
2023-11-13T00:52:27.9683019Z A path returned 202. Retrying...
2023-11-13T00:52:27.9683407Z A path returned 202. Retrying...
2023-11-13T00:52:27.9683877Z aiohttp failed for rest query
2023-11-13T00:52:27.9684287Z aiohttp failed for rest query
2023-11-13T00:52:27.9684744Z aiohttp failed for rest query
2023-11-13T00:52:27.9685151Z aiohttp failed for rest query
2023-11-13T00:52:27.9685533Z aiohttp failed for rest query
2023-11-13T00:52:27.9685942Z aiohttp failed for rest query
2023-11-13T00:52:27.9686343Z aiohttp failed for rest query
2023-11-13T00:52:27.9686725Z aiohttp failed for rest query
2023-11-13T00:52:27.9687188Z aiohttp failed for rest query
2023-11-13T00:52:27.9687567Z aiohttp failed for rest query
2023-11-13T00:52:27.9687942Z aiohttp failed for rest query
2023-11-13T00:52:27.9688369Z aiohttp failed for rest query
2023-11-13T00:52:27.9688748Z aiohttp failed for rest query
2023-11-13T00:52:27.9689123Z aiohttp failed for rest query
2023-11-13T00:52:27.9689594Z aiohttp failed for rest query
2023-11-13T00:52:27.9689982Z aiohttp failed for rest query
2023-11-13T00:52:27.9690453Z aiohttp failed for rest query
2023-11-13T00:52:27.9690846Z aiohttp failed for rest query
2023-11-13T00:52:27.9691207Z aiohttp failed for rest query
2023-11-13T00:52:27.9691679Z aiohttp failed for rest query
2023-11-13T00:52:27.9692063Z aiohttp failed for rest query
2023-11-13T00:52:27.9692459Z aiohttp failed for rest query
2023-11-13T00:52:27.9692916Z aiohttp failed for rest query
2023-11-13T00:52:27.9693299Z aiohttp failed for rest query
2023-11-13T00:52:27.9693690Z aiohttp failed for rest query
2023-11-13T00:52:27.9694100Z aiohttp failed for rest query
2023-11-13T00:52:27.9694478Z aiohttp failed for rest query
2023-11-13T00:52:27.9694872Z aiohttp failed for rest query
2023-11-13T00:52:27.9695313Z aiohttp failed for rest query
2023-11-13T00:52:27.9695708Z aiohttp failed for rest query
2023-11-13T00:52:27.9696161Z aiohttp failed for rest query
2023-11-13T00:52:27.9696546Z aiohttp failed for rest query
2023-11-13T00:52:27.9696905Z aiohttp failed for rest query
2023-11-13T00:52:27.9697353Z aiohttp failed for rest query
2023-11-13T00:52:27.9697738Z aiohttp failed for rest query
2023-11-13T00:52:27.9698270Z aiohttp failed for rest query
2023-11-13T00:52:27.9698718Z aiohttp failed for rest query
2023-11-13T00:52:27.9699112Z aiohttp failed for rest query
2023-11-13T00:52:27.9699493Z aiohttp failed for rest query
2023-11-13T00:52:27.9699902Z aiohttp failed for rest query
2023-11-13T00:52:27.9700318Z aiohttp failed for rest query
2023-11-13T00:52:27.9700695Z aiohttp failed for rest query
2023-11-13T00:52:27.9701156Z aiohttp failed for rest query
2023-11-13T00:52:27.9701648Z aiohttp failed for rest query
2023-11-13T00:52:27.9702117Z aiohttp failed for rest query
2023-11-13T00:52:27.9702492Z aiohttp failed for rest query
2023-11-13T00:52:27.9702834Z aiohttp failed for rest query
2023-11-13T00:52:27.9703286Z aiohttp failed for rest query
2023-11-13T00:52:27.9703663Z aiohttp failed for rest query
2023-11-13T00:52:27.9704037Z aiohttp failed for rest query
2023-11-13T00:52:27.9704498Z aiohttp failed for rest query
2023-11-13T00:52:27.9704883Z aiohttp failed for rest query
2023-11-13T00:52:27.9705277Z aiohttp failed for rest query
2023-11-13T00:52:27.9705682Z aiohttp failed for rest query
2023-11-13T00:52:27.9706058Z aiohttp failed for rest query
2023-11-13T00:52:27.9706445Z aiohttp failed for rest query
2023-11-13T00:52:27.9706886Z aiohttp failed for rest query
2023-11-13T00:52:27.9707261Z aiohttp failed for rest query
2023-11-13T00:52:27.9707862Z There were too many 202s. Data for this repository will be incomplete.
2023-11-13T00:52:27.9708451Z A path returned 202. Retrying...
2023-11-13T00:52:27.9708846Z A path returned 202. Retrying...
2023-11-13T00:52:27.9709573Z A path returned 202. Retrying...
2023-11-13T00:52:27.9709987Z A path returned 202. Retrying...
2023-11-13T00:52:27.9710397Z A path returned 202. Retrying...
2023-11-13T00:52:27.9710853Z A path returned 202. Retrying...
2023-11-13T00:52:27.9711255Z A path returned 202. Retrying...
2023-11-13T00:52:27.9711641Z A path returned 202. Retrying...
2023-11-13T00:52:27.9712058Z A path returned 202. Retrying...
2023-11-13T00:52:27.9712467Z A path returned 202. Retrying...
2023-11-13T00:52:27.9712859Z A path returned 202. Retrying...
2023-11-13T00:52:27.9713326Z A path returned 202. Retrying...
2023-11-13T00:52:27.9713730Z A path returned 202. Retrying...
2023-11-13T00:52:27.9714184Z A path returned 202. Retrying...
2023-11-13T00:52:27.9714584Z A path returned 202. Retrying...
2023-11-13T00:52:27.9714935Z A path returned 202. Retrying...
2023-11-13T00:52:27.9715387Z A path returned 202. Retrying...
2023-11-13T00:52:27.9715794Z A path returned 202. Retrying...
2023-11-13T00:52:27.9716178Z A path returned 202. Retrying...
2023-11-13T00:52:27.9716628Z A path returned 202. Retrying...
2023-11-13T00:52:27.9717034Z A path returned 202. Retrying...
2023-11-13T00:52:27.9717420Z A path returned 202. Retrying...
2023-11-13T00:52:27.9717858Z A path returned 202. Retrying...
2023-11-13T00:52:27.9718245Z A path returned 202. Retrying...
2023-11-13T00:52:27.9718633Z A path returned 202. Retrying...
2023-11-13T00:52:27.9719105Z A path returned 202. Retrying...
2023-11-13T00:52:27.9719499Z A path returned 202. Retrying...
2023-11-13T00:52:27.9719970Z A path returned 202. Retrying...
2023-11-13T00:52:27.9720363Z A path returned 202. Retrying...
2023-11-13T00:52:27.9720713Z A path returned 202. Retrying...
2023-11-13T00:52:27.9721186Z A path returned 202. Retrying...
2023-11-13T00:52:27.9721574Z A path returned 202. Retrying...
2023-11-13T00:52:27.9721960Z A path returned 202. Retrying...
2023-11-13T00:52:27.9722434Z A path returned 202. Retrying...
2023-11-13T00:52:27.9722819Z A path returned 202. Retrying...
2023-11-13T00:52:27.9723219Z A path returned 202. Retrying...
2023-11-13T00:52:27.9723641Z A path returned 202. Retrying...
2023-11-13T00:52:27.9724031Z A path returned 202. Retrying...
2023-11-13T00:52:27.9724441Z A path returned 202. Retrying...
2023-11-13T00:52:27.9724892Z A path returned 202. Retrying...
2023-11-13T00:52:27.9725276Z A path returned 202. Retrying...
2023-11-13T00:52:27.9725745Z A path returned 202. Retrying...
2023-11-13T00:52:27.9726316Z A path returned 202. Retrying...
2023-11-13T00:52:27.9726689Z A path returned 202. Retrying...
2023-11-13T00:52:27.9727153Z A path returned 202. Retrying...
2023-11-13T00:52:27.9727544Z A path returned 202. Retrying...
2023-11-13T00:52:27.9727950Z A path returned 202. Retrying...
2023-11-13T00:52:27.9728416Z A path returned 202. Retrying...
2023-11-13T00:52:27.9728824Z A path returned 202. Retrying...
2023-11-13T00:52:27.9729209Z A path returned 202. Retrying...
2023-11-13T00:52:27.9729765Z A path returned 202. Retrying...
2023-11-13T00:52:27.9730193Z A path returned 202. Retrying...
2023-11-13T00:52:27.9730587Z A path returned 202. Retrying...
2023-11-13T00:52:27.9731059Z A path returned 202. Retrying...
2023-11-13T00:52:27.9731450Z A path returned 202. Retrying...
2023-11-13T00:52:27.9731903Z A path returned 202. Retrying...
2023-11-13T00:52:27.9732308Z A path returned 202. Retrying...
2023-11-13T00:52:27.9732659Z A path returned 202. Retrying...
2023-11-13T00:52:27.9733128Z A path returned 202. Retrying...
2023-11-13T00:52:27.9733534Z A path returned 202. Retrying...
2023-11-13T00:52:27.9733933Z A path returned 202. Retrying...
2023-11-13T00:52:27.9734424Z A path returned 202. Retrying...
2023-11-13T00:52:27.9734834Z A path returned 202. Retrying...
2023-11-13T00:52:27.9735233Z A path returned 202. Retrying...
2023-11-13T00:52:27.9735648Z A path returned 202. Retrying...
2023-11-13T00:52:27.9736038Z A path returned 202. Retrying...
2023-11-13T00:52:27.9736447Z A path returned 202. Retrying...
2023-11-13T00:52:27.9736891Z A path returned 202. Retrying...
2023-11-13T00:52:27.9737283Z A path returned 202. Retrying...
2023-11-13T00:52:27.9737745Z A path returned 202. Retrying...
2023-11-13T00:52:27.9738131Z A path returned 202. Retrying...
2023-11-13T00:52:27.9738481Z A path returned 202. Retrying...
2023-11-13T00:52:27.9738943Z A path returned 202. Retrying...
2023-11-13T00:52:27.9739328Z A path returned 202. Retrying...
2023-11-13T00:52:27.9739727Z A path returned 202. Retrying...
2023-11-13T00:52:27.9740189Z A path returned 202. Retrying...
2023-11-13T00:52:27.9740575Z A path returned 202. Retrying...
2023-11-13T00:52:27.9740972Z A path returned 202. Retrying...
2023-11-13T00:52:27.9741388Z A path returned 202. Retrying...
2023-11-13T00:52:27.9741791Z A path returned 202. Retrying...
2023-11-13T00:52:27.9742176Z A path returned 202. Retrying...
2023-11-13T00:52:27.9742625Z A path returned 202. Retrying...
2023-11-13T00:52:27.9743027Z A path returned 202. Retrying...
2023-11-13T00:52:27.9743479Z A path returned 202. Retrying...
2023-11-13T00:52:27.9743880Z A path returned 202. Retrying...
2023-11-13T00:52:27.9744232Z A path returned 202. Retrying...
2023-11-13T00:52:27.9744685Z A path returned 202. Retrying...
2023-11-13T00:52:27.9745087Z A path returned 202. Retrying...
2023-11-13T01:01:18.3250698Z A path returned 202. Retrying...
2023-11-13T01:01:18.3251472Z A path returned 202. Retrying...
2023-11-13T01:01:18.3251967Z A path returned 202. Retrying...
2023-11-13T01:01:18.3252328Z A path returned 202. Retrying...
2023-11-13T01:01:18.3252694Z A path returned 202. Retrying...
2023-11-13T01:01:18.3253034Z A path returned 202. Retrying...
2023-11-13T01:01:18.3253368Z A path returned 202. Retrying...
2023-11-13T01:01:18.3253710Z A path returned 202. Retrying...
2023-11-13T01:01:18.3254042Z A path returned 202. Retrying...
2023-11-13T01:01:18.3254375Z A path returned 202. Retrying...
2023-11-13T01:01:18.3254718Z A path returned 202. Retrying...
2023-11-13T01:01:18.3255081Z A path returned 202. Retrying...
2023-11-13T01:01:18.3255431Z A path returned 202. Retrying...
2023-11-13T01:01:18.3255774Z A path returned 202. Retrying...
2023-11-13T01:01:18.3256115Z A path returned 202. Retrying...
2023-11-13T01:01:18.3256453Z A path returned 202. Retrying...
2023-11-13T01:01:18.3256789Z A path returned 202. Retrying...
2023-11-13T01:01:18.3257131Z A path returned 202. Retrying...
2023-11-13T01:01:18.3257480Z A path returned 202. Retrying...
2023-11-13T01:01:18.3257823Z A path returned 202. Retrying...
2023-11-13T01:01:18.3258596Z A path returned 202. Retrying...
2023-11-13T01:01:18.3258935Z A path returned 202. Retrying...
2023-11-13T01:01:18.3259273Z A path returned 202. Retrying...
2023-11-13T01:01:18.3259609Z A path returned 202. Retrying...
2023-11-13T01:01:18.3259938Z A path returned 202. Retrying...
2023-11-13T01:01:18.3260273Z A path returned 202. Retrying...
2023-11-13T01:01:18.3260611Z A path returned 202. Retrying...
2023-11-13T01:01:18.3260946Z A path returned 202. Retrying...
2023-11-13T01:01:18.3261473Z A path returned 202. Retrying...
2023-11-13T01:01:18.3261853Z A path returned 202. Retrying...
2023-11-13T01:01:18.3262166Z A path returned 202. Retrying...
2023-11-13T01:01:18.3262466Z A path returned 202. Retrying...
2023-11-13T01:01:18.3262768Z A path returned 202. Retrying...
2023-11-13T01:01:18.3263069Z A path returned 202. Retrying...
2023-11-13T01:01:18.3263365Z A path returned 202. Retrying...
2023-11-13T01:01:18.3263659Z A path returned 202. Retrying...
2023-11-13T01:01:18.3263952Z A path returned 202. Retrying...
2023-11-13T01:01:18.3264253Z A path returned 202. Retrying...
2023-11-13T01:01:18.3264539Z A path returned 202. Retrying...
2023-11-13T01:01:18.3264837Z A path returned 202. Retrying...
2023-11-13T01:01:18.3265133Z A path returned 202. Retrying...
2023-11-13T01:01:18.3265433Z A path returned 202. Retrying...
2023-11-13T01:01:18.3265728Z A path returned 202. Retrying...
2023-11-13T01:01:18.3266024Z A path returned 202. Retrying...
2023-11-13T01:01:18.3266323Z A path returned 202. Retrying...
2023-11-13T01:01:18.3266610Z A path returned 202. Retrying...
2023-11-13T01:01:18.3266904Z A path returned 202. Retrying...
2023-11-13T01:01:18.3267199Z A path returned 202. Retrying...
2023-11-13T01:01:18.3267491Z A path returned 202. Retrying...
2023-11-13T01:01:18.3267784Z A path returned 202. Retrying...
2023-11-13T01:01:18.3268075Z A path returned 202. Retrying...
2023-11-13T01:01:18.3268366Z A path returned 202. Retrying...
2023-11-13T01:01:18.3268653Z A path returned 202. Retrying...
2023-11-13T01:01:18.3268953Z A path returned 202. Retrying...
2023-11-13T01:01:18.3269518Z A path returned 202. Retrying...
2023-11-13T01:01:18.3269838Z A path returned 202. Retrying...
2023-11-13T01:01:18.3270142Z A path returned 202. Retrying...
2023-11-13T01:01:18.3270440Z A path returned 202. Retrying...
2023-11-13T01:01:18.3270742Z A path returned 202. Retrying...
2023-11-13T01:01:18.3271037Z A path returned 202. Retrying...
2023-11-13T01:01:18.3271330Z A path returned 202. Retrying...
2023-11-13T01:01:18.3271649Z A path returned 202. Retrying...
2023-11-13T01:01:18.3271945Z A path returned 202. Retrying...
2023-11-13T01:01:18.3272238Z A path returned 202. Retrying...
2023-11-13T01:01:18.3272532Z A path returned 202. Retrying...
2023-11-13T01:01:18.3272826Z A path returned 202. Retrying...
2023-11-13T01:01:18.3273112Z A path returned 202. Retrying...
2023-11-13T01:01:18.3273405Z A path returned 202. Retrying...
2023-11-13T01:01:18.3273698Z A path returned 202. Retrying...
2023-11-13T01:01:18.3273989Z A path returned 202. Retrying...
2023-11-13T01:01:18.3274286Z A path returned 202. Retrying...
2023-11-13T01:01:18.3274578Z A path returned 202. Retrying...
2023-11-13T01:01:18.3274872Z A path returned 202. Retrying...
2023-11-13T01:01:18.3275159Z A path returned 202. Retrying...
2023-11-13T01:01:18.3275453Z A path returned 202. Retrying...
2023-11-13T01:01:18.3275745Z A path returned 202. Retrying...
2023-11-13T01:01:18.3276034Z A path returned 202. Retrying...
2023-11-13T01:01:18.3276326Z A path returned 202. Retrying...
2023-11-13T01:01:18.3276622Z A path returned 202. Retrying...
2023-11-13T01:01:18.3276914Z A path returned 202. Retrying...
2023-11-13T01:01:18.3277201Z A path returned 202. Retrying...
2023-11-13T01:01:18.3277494Z A path returned 202. Retrying...
2023-11-13T01:01:18.3277784Z A path returned 202. Retrying...
2023-11-13T01:01:18.3278075Z A path returned 202. Retrying...
2023-11-13T01:01:18.3278368Z A path returned 202. Retrying...
2023-11-13T01:01:18.3278662Z A path returned 202. Retrying...
2023-11-13T01:01:18.3279347Z A path returned 202. Retrying...
2023-11-13T01:01:18.3279637Z A path returned 202. Retrying...
2023-11-13T01:01:18.3279930Z A path returned 202. Retrying...
2023-11-13T01:01:18.3280221Z A path returned 202. Retrying...
2023-11-13T01:01:18.3280513Z A path returned 202. Retrying...
2023-11-13T01:01:18.3280806Z A path returned 202. Retrying...
2023-11-13T01:01:18.3281101Z A path returned 202. Retrying...
2023-11-13T01:01:18.3281390Z A path returned 202. Retrying...
2023-11-13T01:01:18.3281815Z A path returned 202. Retrying...
2023-11-13T01:01:18.3282117Z A path returned 202. Retrying...
2023-11-13T01:01:18.3282411Z A path returned 202. Retrying...
2023-11-13T01:01:18.3282701Z A path returned 202. Retrying...
2023-11-13T01:01:18.3282994Z A path returned 202. Retrying...
2023-11-13T01:01:18.3283292Z A path returned 202. Retrying...
2023-11-13T01:01:18.3283588Z A path returned 202. Retrying...
2023-11-13T01:01:18.3283875Z A path returned 202. Retrying...
2023-11-13T01:01:18.3284167Z A path returned 202. Retrying...
2023-11-13T01:01:18.3284464Z A path returned 202. Retrying...
2023-11-13T01:01:18.3284754Z A path returned 202. Retrying...
2023-11-13T01:01:18.3285046Z A path returned 202. Retrying...
2023-11-13T01:01:18.3285340Z A path returned 202. Retrying...
2023-11-13T01:01:18.3285630Z A path returned 202. Retrying...
2023-11-13T01:01:18.3285919Z A path returned 202. Retrying...
2023-11-13T01:01:18.3286211Z A path returned 202. Retrying...
2023-11-13T01:01:18.3286504Z A path returned 202. Retrying...
2023-11-13T01:01:18.3286800Z A path returned 202. Retrying...
2023-11-13T01:01:18.3287094Z A path returned 202. Retrying...
2023-11-13T01:01:18.3287386Z A path returned 202. Retrying...
2023-11-13T01:01:18.3287680Z A path returned 202. Retrying...
2023-11-13T01:01:18.3287980Z A path returned 202. Retrying...
2023-11-13T01:01:18.3288288Z A path returned 202. Retrying...
2023-11-13T01:01:18.3288579Z A path returned 202. Retrying...
2023-11-13T01:01:18.3288872Z A path returned 202. Retrying...
2023-11-13T01:01:18.3289166Z A path returned 202. Retrying...
2023-11-13T01:01:18.3289462Z A path returned 202. Retrying...
2023-11-13T01:01:18.3289752Z A path returned 202. Retrying...
2023-11-13T01:01:18.3290039Z A path returned 202. Retrying...
2023-11-13T01:01:18.3290331Z A path returned 202. Retrying...
2023-11-13T01:01:18.3290624Z A path returned 202. Retrying...
2023-11-13T01:01:18.3290915Z A path returned 202. Retrying...
2023-11-13T01:01:18.3291211Z A path returned 202. Retrying...
2023-11-13T01:01:18.3291510Z A path returned 202. Retrying...
2023-11-13T01:01:18.3291806Z A path returned 202. Retrying...
2023-11-13T01:01:18.3292095Z A path returned 202. Retrying...
2023-11-13T01:01:18.3292389Z A path returned 202. Retrying...
2023-11-13T01:01:18.3292683Z A path returned 202. Retrying...
2023-11-13T01:01:18.3292974Z A path returned 202. Retrying...
2023-11-13T01:01:18.3293269Z A path returned 202. Retrying...
2023-11-13T01:01:18.3293563Z A path returned 202. Retrying...
2023-11-13T01:01:18.3293856Z A path returned 202. Retrying...
2023-11-13T01:01:18.3294148Z A path returned 202. Retrying...
2023-11-13T01:01:18.3294443Z A path returned 202. Retrying...
2023-11-13T01:01:18.3294734Z A path returned 202. Retrying...
2023-11-13T01:01:18.3295026Z A path returned 202. Retrying...
2023-11-13T01:01:18.3295331Z A path returned 202. Retrying...
2023-11-13T01:01:18.3295626Z A path returned 202. Retrying...
2023-11-13T01:01:18.3295924Z A path returned 202. Retrying...
2023-11-13T01:01:18.3296209Z A path returned 202. Retrying...
2023-11-13T01:01:18.3296510Z A path returned 202. Retrying...
2023-11-13T01:01:18.3296803Z A path returned 202. Retrying...
2023-11-13T01:01:18.3297097Z A path returned 202. Retrying...
2023-11-13T01:01:18.3297393Z A path returned 202. Retrying...
2023-11-13T01:01:18.3297685Z A path returned 202. Retrying...
2023-11-13T01:01:18.3297976Z A path returned 202. Retrying...
2023-11-13T01:01:18.3298263Z A path returned 202. Retrying...
2023-11-13T01:01:18.3298590Z A path returned 202. Retrying...
2023-11-13T01:01:18.3298887Z A path returned 202. Retrying...
2023-11-13T01:01:18.3299309Z A path returned 202. Retrying...
2023-11-13T01:01:18.3299605Z A path returned 202. Retrying...
2023-11-13T01:01:18.3299898Z A path returned 202. Retrying...
2023-11-13T01:01:18.3300194Z A path returned 202. Retrying...
2023-11-13T01:01:18.3300481Z A path returned 202. Retrying...
2023-11-13T01:01:18.3300772Z A path returned 202. Retrying...
2023-11-13T01:01:18.3301063Z A path returned 202. Retrying...
2023-11-13T01:01:18.3301461Z A path returned 202. Retrying...
2023-11-13T01:01:18.3301763Z A path returned 202. Retrying...
2023-11-13T01:01:18.3302054Z A path returned 202. Retrying...
2023-11-13T01:01:18.3302347Z A path returned 202. Retrying...
2023-11-13T01:01:18.3302634Z A path returned 202. Retrying...
2023-11-13T01:01:18.3302928Z A path returned 202. Retrying...
2023-11-13T01:01:18.3303221Z A path returned 202. Retrying...
2023-11-13T01:01:18.3303513Z A path returned 202. Retrying...
2023-11-13T01:01:18.3303810Z A path returned 202. Retrying...
2023-11-13T01:01:18.3304112Z A path returned 202. Retrying...
2023-11-13T01:01:18.3304403Z A path returned 202. Retrying...
2023-11-13T01:01:18.3304690Z A path returned 202. Retrying...
2023-11-13T01:01:18.3304985Z A path returned 202. Retrying...
2023-11-13T01:01:18.3305279Z A path returned 202. Retrying...
2023-11-13T01:01:18.3305569Z A path returned 202. Retrying...
2023-11-13T01:01:18.3305861Z A path returned 202. Retrying...
2023-11-13T01:01:18.3306153Z A path returned 202. Retrying...
2023-11-13T01:01:18.3306450Z A path returned 202. Retrying...
2023-11-13T01:01:18.3306750Z A path returned 202. Retrying...
2023-11-13T01:01:18.3307051Z A path returned 202. Retrying...
2023-11-13T01:01:18.3307362Z A path returned 202. Retrying...
2023-11-13T01:01:18.3307663Z A path returned 202. Retrying...
2023-11-13T01:01:18.3307961Z A path returned 202. Retrying...
2023-11-13T01:01:18.3308253Z A path returned 202. Retrying...
2023-11-13T01:01:18.3308545Z A path returned 202. Retrying...
2023-11-13T01:01:18.3308830Z A path returned 202. Retrying...
2023-11-13T01:01:18.3309243Z A path returned 202. Retrying...
2023-11-13T01:01:18.3309539Z A path returned 202. Retrying...
2023-11-13T01:01:18.3309830Z A path returned 202. Retrying...
2023-11-13T01:01:18.3310124Z A path returned 202. Retrying...
2023-11-13T01:01:18.3310414Z A path returned 202. Retrying...
2023-11-13T01:01:18.3310707Z A path returned 202. Retrying...
2023-11-13T01:01:18.3310994Z A path returned 202. Retrying...
2023-11-13T01:01:18.3311297Z A path returned 202. Retrying...
2023-11-13T01:01:18.3311591Z A path returned 202. Retrying...
2023-11-13T01:01:18.3311882Z A path returned 202. Retrying...
2023-11-13T01:01:18.3312177Z A path returned 202. Retrying...
2023-11-13T01:01:18.3312468Z A path returned 202. Retrying...
2023-11-13T01:01:18.3312760Z A path returned 202. Retrying...
2023-11-13T01:01:18.3313046Z A path returned 202. Retrying...
2023-11-13T01:01:18.3313343Z A path returned 202. Retrying...
2023-11-13T01:01:18.3313637Z A path returned 202. Retrying...
2023-11-13T01:01:18.3313937Z A path returned 202. Retrying...
2023-11-13T01:01:18.3314231Z A path returned 202. Retrying...
2023-11-13T01:01:18.3314525Z A path returned 202. Retrying...
2023-11-13T01:01:18.3314819Z A path returned 202. Retrying...
2023-11-13T01:01:18.3315106Z A path returned 202. Retrying...
2023-11-13T01:01:18.3315398Z A path returned 202. Retrying...
2023-11-13T01:01:18.3315691Z A path returned 202. Retrying...
2023-11-13T01:01:18.3315986Z A path returned 202. Retrying...
2023-11-13T01:01:18.3316284Z A path returned 202. Retrying...
2023-11-13T01:01:18.3316576Z A path returned 202. Retrying...
2023-11-13T01:01:18.3316871Z A path returned 202. Retrying...
2023-11-13T01:01:18.3317157Z A path returned 202. Retrying...
2023-11-13T01:01:18.3317448Z A path returned 202. Retrying...
2023-11-13T01:01:18.3317740Z A path returned 202. Retrying...
2023-11-13T01:01:18.3318029Z A path returned 202. Retrying...
2023-11-13T01:01:18.3318320Z A path returned 202. Retrying...
2023-11-13T01:01:18.3318610Z A path returned 202. Retrying...
2023-11-13T01:01:18.3319148Z A path returned 202. Retrying...
2023-11-13T01:01:18.3319440Z A path returned 202. Retrying...
2023-11-13T01:01:18.3319733Z A path returned 202. Retrying...
2023-11-13T01:01:18.3320024Z A path returned 202. Retrying...
2023-11-13T01:01:18.3320320Z A path returned 202. Retrying...
2023-11-13T01:01:18.3320613Z A path returned 202. Retrying...
2023-11-13T01:01:18.3320904Z A path returned 202. Retrying...
2023-11-13T01:01:18.3321355Z A path returned 202. Retrying...
2023-11-13T01:01:18.3321648Z A path returned 202. Retrying...
2023-11-13T01:01:18.3321945Z A path returned 202. Retrying...
2023-11-13T01:01:18.3322235Z A path returned 202. Retrying...
2023-11-13T01:01:18.3322526Z A path returned 202. Retrying...
2023-11-13T01:01:18.3322815Z A path returned 202. Retrying...
2023-11-13T01:01:18.3323104Z A path returned 202. Retrying...
2023-11-13T01:01:18.3323398Z A path returned 202. Retrying...
2023-11-13T01:01:18.3323687Z A path returned 202. Retrying...
2023-11-13T01:01:18.3323987Z A path returned 202. Retrying...
2023-11-13T01:01:18.3324278Z A path returned 202. Retrying...
2023-11-13T01:01:18.3324570Z A path returned 202. Retrying...
2023-11-13T01:01:18.3324865Z A path returned 202. Retrying...
2023-11-13T01:01:18.3325158Z A path returned 202. Retrying...
2023-11-13T01:01:18.3325453Z A path returned 202. Retrying...
2023-11-13T01:01:18.3325738Z A path returned 202. Retrying...
2023-11-13T01:01:18.3326032Z A path returned 202. Retrying...
2023-11-13T01:01:18.3326334Z A path returned 202. Retrying...
2023-11-13T01:01:18.3326630Z A path returned 202. Retrying...
2023-11-13T01:01:18.3326924Z A path returned 202. Retrying...
2023-11-13T01:01:18.3327215Z A path returned 202. Retrying...
2023-11-13T01:01:18.3327504Z A path returned 202. Retrying...
2023-11-13T01:10:10.0008371Z A path returned 202. Retrying...
2023-11-13T01:10:10.0009050Z A path returned 202. Retrying...
2023-11-13T01:10:10.0009676Z A path returned 202. Retrying...
2023-11-13T01:10:10.0010023Z A path returned 202. Retrying...
2023-11-13T01:10:10.0010389Z A path returned 202. Retrying...
2023-11-13T01:10:10.0010741Z A path returned 202. Retrying...
2023-11-13T01:10:10.0011082Z A path returned 202. Retrying...
2023-11-13T01:10:10.0011419Z A path returned 202. Retrying...
2023-11-13T01:10:10.0011756Z A path returned 202. Retrying...
2023-11-13T01:10:10.0012091Z A path returned 202. Retrying...
2023-11-13T01:10:10.0012423Z A path returned 202. Retrying...
2023-11-13T01:10:10.0012766Z A path returned 202. Retrying...
2023-11-13T01:10:10.0013109Z A path returned 202. Retrying...
2023-11-13T01:10:10.0013457Z A path returned 202. Retrying...
2023-11-13T01:10:10.0013799Z A path returned 202. Retrying...
2023-11-13T01:10:10.0014138Z A path returned 202. Retrying...
2023-11-13T01:10:10.0014476Z A path returned 202. Retrying...
2023-11-13T01:10:10.0014809Z A path returned 202. Retrying...
2023-11-13T01:10:10.0015147Z A path returned 202. Retrying...
2023-11-13T01:10:10.0015484Z A path returned 202. Retrying...
2023-11-13T01:10:10.0015826Z A path returned 202. Retrying...
2023-11-13T01:10:10.0016163Z A path returned 202. Retrying...
2023-11-13T01:10:10.0016514Z A path returned 202. Retrying...
2023-11-13T01:10:10.0016854Z A path returned 202. Retrying...
2023-11-13T01:10:10.0017182Z A path returned 202. Retrying...
2023-11-13T01:10:10.0017478Z A path returned 202. Retrying...
2023-11-13T01:10:10.0017774Z A path returned 202. Retrying...
2023-11-13T01:10:10.0018076Z A path returned 202. Retrying...
2023-11-13T01:10:10.0018378Z A path returned 202. Retrying...
2023-11-13T01:10:10.0018673Z A path returned 202. Retrying...
2023-11-13T01:10:10.0018968Z A path returned 202. Retrying...
2023-11-13T01:10:10.0019260Z A path returned 202. Retrying...
2023-11-13T01:10:10.0019558Z A path returned 202. Retrying...
2023-11-13T01:10:10.0019867Z A path returned 202. Retrying...
2023-11-13T01:10:10.0020171Z A path returned 202. Retrying...
2023-11-13T01:10:10.0020470Z A path returned 202. Retrying...
2023-11-13T01:10:10.0020768Z A path returned 202. Retrying...
2023-11-13T01:10:10.0021464Z A path returned 202. Retrying...
2023-11-13T01:10:10.0021763Z A path returned 202. Retrying...
2023-11-13T01:10:10.0022066Z A path returned 202. Retrying...
2023-11-13T01:10:10.0022368Z A path returned 202. Retrying...
2023-11-13T01:10:10.0022670Z A path returned 202. Retrying...
2023-11-13T01:10:10.0022967Z A path returned 202. Retrying...
2023-11-13T01:10:10.0023267Z A path returned 202. Retrying...
2023-11-13T01:10:10.0023750Z A path returned 202. Retrying...
2023-11-13T01:10:10.0024064Z A path returned 202. Retrying...
2023-11-13T01:10:10.0024362Z A path returned 202. Retrying...
2023-11-13T01:10:10.0024662Z A path returned 202. Retrying...
2023-11-13T01:10:10.0024959Z A path returned 202. Retrying...
2023-11-13T01:10:10.0025256Z A path returned 202. Retrying...
2023-11-13T01:10:10.0025551Z A path returned 202. Retrying...
2023-11-13T01:10:10.0025843Z A path returned 202. Retrying...
2023-11-13T01:10:10.0026130Z A path returned 202. Retrying...
2023-11-13T01:10:10.0026427Z A path returned 202. Retrying...
2023-11-13T01:10:10.0026730Z A path returned 202. Retrying...
2023-11-13T01:10:10.0027028Z A path returned 202. Retrying...
2023-11-13T01:10:10.0027323Z A path returned 202. Retrying...
2023-11-13T01:10:10.0027619Z A path returned 202. Retrying...
2023-11-13T01:10:10.0027914Z A path returned 202. Retrying...
2023-11-13T01:10:10.0028203Z A path returned 202. Retrying...
2023-11-13T01:10:10.0028498Z A path returned 202. Retrying...
2023-11-13T01:10:10.0028798Z A path returned 202. Retrying...
2023-11-13T01:10:10.0029095Z A path returned 202. Retrying...
2023-11-13T01:10:10.0029677Z A path returned 202. Retrying...
2023-11-13T01:10:10.0029986Z A path returned 202. Retrying...
2023-11-13T01:10:10.0030295Z A path returned 202. Retrying...
2023-11-13T01:10:10.0030594Z A path returned 202. Retrying...
2023-11-13T01:10:10.0030893Z A path returned 202. Retrying...
2023-11-13T01:10:10.0031196Z A path returned 202. Retrying...
2023-11-13T01:10:10.0031490Z A path returned 202. Retrying...
2023-11-13T01:10:10.0031789Z A path returned 202. Retrying...
2023-11-13T01:10:10.0032084Z A path returned 202. Retrying...
2023-11-13T01:10:10.0032375Z A path returned 202. Retrying...
2023-11-13T01:10:10.0032670Z A path returned 202. Retrying...
2023-11-13T01:10:10.0032966Z A path returned 202. Retrying...
2023-11-13T01:10:10.0033260Z A path returned 202. Retrying...
2023-11-13T01:10:10.0033556Z A path returned 202. Retrying...
2023-11-13T01:10:10.0033858Z A path returned 202. Retrying...
2023-11-13T01:10:10.0034154Z A path returned 202. Retrying...
2023-11-13T01:10:10.0034447Z A path returned 202. Retrying...
2023-11-13T01:10:10.0034736Z A path returned 202. Retrying...
2023-11-13T01:10:10.0035031Z A path returned 202. Retrying...
2023-11-13T01:10:10.0035325Z A path returned 202. Retrying...
2023-11-13T01:10:10.0035626Z A path returned 202. Retrying...
2023-11-13T01:10:10.0035925Z A path returned 202. Retrying...
2023-11-13T01:10:10.0036221Z A path returned 202. Retrying...
2023-11-13T01:10:10.0036521Z A path returned 202. Retrying...
2023-11-13T01:10:10.0036814Z A path returned 202. Retrying...
2023-11-13T01:10:10.0037116Z A path returned 202. Retrying...
2023-11-13T01:10:10.0037412Z A path returned 202. Retrying...
2023-11-13T01:10:10.0037706Z A path returned 202. Retrying...
2023-11-13T01:10:10.0038001Z A path returned 202. Retrying...
2023-11-13T01:10:10.0038296Z A path returned 202. Retrying...
2023-11-13T01:10:10.0038591Z A path returned 202. Retrying...
2023-11-13T01:10:10.0038887Z A path returned 202. Retrying...
2023-11-13T01:10:10.0039187Z A path returned 202. Retrying...
2023-11-13T01:10:10.0039482Z A path returned 202. Retrying...
2023-11-13T01:10:10.0039778Z A path returned 202. Retrying...
2023-11-13T01:10:10.0040072Z A path returned 202. Retrying...
2023-11-13T01:10:10.0040368Z A path returned 202. Retrying...
2023-11-13T01:10:10.0040662Z A path returned 202. Retrying...
2023-11-13T01:10:10.0040951Z A path returned 202. Retrying...
2023-11-13T01:10:10.0041247Z A path returned 202. Retrying...
2023-11-13T01:10:10.0041996Z A path returned 202. Retrying...
2023-11-13T01:10:10.0042291Z A path returned 202. Retrying...
2023-11-13T01:10:10.0042588Z A path returned 202. Retrying...
2023-11-13T01:10:10.0042883Z A path returned 202. Retrying...
2023-11-13T01:10:10.0043177Z A path returned 202. Retrying...
2023-11-13T01:10:10.0043467Z A path returned 202. Retrying...
2023-11-13T01:10:10.0043762Z A path returned 202. Retrying...
2023-11-13T01:10:10.0044198Z A path returned 202. Retrying...
2023-11-13T01:10:10.0044500Z A path returned 202. Retrying...
2023-11-13T01:10:10.0044795Z A path returned 202. Retrying...
2023-11-13T01:10:10.0045089Z A path returned 202. Retrying...
2023-11-13T01:10:10.0045383Z A path returned 202. Retrying...
2023-11-13T01:10:10.0045671Z A path returned 202. Retrying...
2023-11-13T01:10:10.0045966Z A path returned 202. Retrying...
2023-11-13T01:10:10.0046259Z A path returned 202. Retrying...
2023-11-13T01:10:10.0046551Z A path returned 202. Retrying...
2023-11-13T01:10:10.0046850Z A path returned 202. Retrying...
2023-11-13T01:10:10.0047143Z A path returned 202. Retrying...
2023-11-13T01:10:10.0047435Z A path returned 202. Retrying...
2023-11-13T01:10:10.0047724Z A path returned 202. Retrying...
2023-11-13T01:10:10.0048027Z A path returned 202. Retrying...
2023-11-13T01:10:10.0048324Z A path returned 202. Retrying...
2023-11-13T01:10:10.0048619Z A path returned 202. Retrying...
2023-11-13T01:10:10.0048916Z A path returned 202. Retrying...
2023-11-13T01:10:10.0049218Z A path returned 202. Retrying...
2023-11-13T01:10:10.0049516Z A path returned 202. Retrying...
2023-11-13T01:10:10.0049827Z A path returned 202. Retrying...
2023-11-13T01:10:10.0050328Z A path returned 202. Retrying...
2023-11-13T01:10:10.0050635Z A path returned 202. Retrying...
2023-11-13T01:10:10.0050935Z A path returned 202. Retrying...
2023-11-13T01:10:10.0051235Z A path returned 202. Retrying...
2023-11-13T01:10:10.0051530Z A path returned 202. Retrying...
2023-11-13T01:10:10.0051822Z A path returned 202. Retrying...
2023-11-13T01:10:10.0052115Z A path returned 202. Retrying...
2023-11-13T01:10:10.0052409Z A path returned 202. Retrying...
2023-11-13T01:10:10.0052702Z A path returned 202. Retrying...
2023-11-13T01:10:10.0052996Z A path returned 202. Retrying...
2023-11-13T01:10:10.0053289Z A path returned 202. Retrying...
2023-11-13T01:10:10.0053584Z A path returned 202. Retrying...
2023-11-13T01:10:10.0053880Z A path returned 202. Retrying...
2023-11-13T01:10:10.0054171Z A path returned 202. Retrying...
2023-11-13T01:10:10.0054502Z A path returned 202. Retrying...
2023-11-13T01:10:10.0054798Z A path returned 202. Retrying...
2023-11-13T01:10:10.0055090Z A path returned 202. Retrying...
2023-11-13T01:10:10.0055382Z A path returned 202. Retrying...
2023-11-13T01:10:10.0055674Z A path returned 202. Retrying...
2023-11-13T01:10:10.0055969Z A path returned 202. Retrying...
2023-11-13T01:10:10.0056258Z A path returned 202. Retrying...
2023-11-13T01:10:10.0056551Z A path returned 202. Retrying...
2023-11-13T01:10:10.0056847Z A path returned 202. Retrying...
2023-11-13T01:10:10.0057141Z A path returned 202. Retrying...
2023-11-13T01:10:10.0057434Z A path returned 202. Retrying...
2023-11-13T01:10:10.0057728Z A path returned 202. Retrying...
2023-11-13T01:10:10.0058023Z A path returned 202. Retrying...
2023-11-13T01:10:10.0058310Z A path returned 202. Retrying...
2023-11-13T01:10:10.0058604Z A path returned 202. Retrying...
2023-11-13T01:10:10.0058914Z A path returned 202. Retrying...
2023-11-13T01:10:10.0059221Z A path returned 202. Retrying...
2023-11-13T01:10:10.0059519Z A path returned 202. Retrying...
2023-11-13T01:10:10.0059814Z A path returned 202. Retrying...
2023-11-13T01:10:10.0060110Z A path returned 202. Retrying...
2023-11-13T01:10:10.0060402Z A path returned 202. Retrying...
2023-11-13T01:10:10.0060696Z A path returned 202. Retrying...
2023-11-13T01:10:10.0060989Z A path returned 202. Retrying...
2023-11-13T01:10:10.0061283Z A path returned 202. Retrying...
2023-11-13T01:10:10.0061578Z A path returned 202. Retrying...
2023-11-13T01:10:10.0062025Z A path returned 202. Retrying...
2023-11-13T01:10:10.0062320Z A path returned 202. Retrying...
2023-11-13T01:10:10.0062609Z A path returned 202. Retrying...
2023-11-13T01:10:10.0062903Z A path returned 202. Retrying...
2023-11-13T01:10:10.0063196Z A path returned 202. Retrying...
2023-11-13T01:10:10.0063489Z A path returned 202. Retrying...
2023-11-13T01:10:10.0063783Z A path returned 202. Retrying...
2023-11-13T01:10:10.0064184Z A path returned 202. Retrying...
2023-11-13T01:10:10.0064488Z A path returned 202. Retrying...
2023-11-13T01:10:10.0064780Z A path returned 202. Retrying...
2023-11-13T01:10:10.0065074Z A path returned 202. Retrying...
2023-11-13T01:10:10.0065367Z A path returned 202. Retrying...
2023-11-13T01:10:10.0065660Z A path returned 202. Retrying...
2023-11-13T01:10:10.0065953Z A path returned 202. Retrying...
2023-11-13T01:10:10.0066246Z A path returned 202. Retrying...
2023-11-13T01:10:10.0066539Z A path returned 202. Retrying...
2023-11-13T01:10:10.0066833Z A path returned 202. Retrying...
2023-11-13T01:10:10.0067126Z A path returned 202. Retrying...
2023-11-13T01:10:10.0067418Z A path returned 202. Retrying...
2023-11-13T01:10:10.0067709Z A path returned 202. Retrying...
2023-11-13T01:10:10.0068004Z A path returned 202. Retrying...
2023-11-13T01:10:10.0068299Z A path returned 202. Retrying...
2023-11-13T01:10:10.0068591Z A path returned 202. Retrying...
2023-11-13T01:10:10.0068882Z A path returned 202. Retrying...
2023-11-13T01:10:10.0069305Z A path returned 202. Retrying...
2023-11-13T01:10:10.0069605Z A path returned 202. Retrying...
2023-11-13T01:10:10.0069900Z A path returned 202. Retrying...
2023-11-13T01:10:10.0070193Z A path returned 202. Retrying...
2023-11-13T01:10:10.0070489Z A path returned 202. Retrying...
2023-11-13T01:10:10.0070782Z A path returned 202. Retrying...
2023-11-13T01:10:10.0071074Z A path returned 202. Retrying...
2023-11-13T01:10:10.0071369Z A path returned 202. Retrying...
2023-11-13T01:10:10.0071663Z A path returned 202. Retrying...
2023-11-13T01:10:10.0071958Z A path returned 202. Retrying...
2023-11-13T01:10:10.0072251Z A path returned 202. Retrying...
2023-11-13T01:10:10.0072543Z A path returned 202. Retrying...
2023-11-13T01:10:10.0072837Z A path returned 202. Retrying...
2023-11-13T01:10:10.0073127Z A path returned 202. Retrying...
2023-11-13T01:10:10.0073424Z A path returned 202. Retrying...
2023-11-13T01:10:10.0073717Z A path returned 202. Retrying...
2023-11-13T01:10:10.0074013Z A path returned 202. Retrying...
2023-11-13T01:10:10.0074308Z A path returned 202. Retrying...
2023-11-13T01:10:10.0074605Z A path returned 202. Retrying...
2023-11-13T01:10:10.0074897Z A path returned 202. Retrying...
2023-11-13T01:10:10.0075186Z A path returned 202. Retrying...
2023-11-13T01:10:10.0075479Z A path returned 202. Retrying...
2023-11-13T01:10:10.0075770Z A path returned 202. Retrying...
2023-11-13T01:10:10.0076064Z A path returned 202. Retrying...
2023-11-13T01:10:10.0076358Z A path returned 202. Retrying...
2023-11-13T01:10:10.0076663Z A path returned 202. Retrying...
2023-11-13T01:10:10.0076955Z A path returned 202. Retrying...
2023-11-13T01:10:10.0077246Z A path returned 202. Retrying...
2023-11-13T01:10:10.0077541Z A path returned 202. Retrying...
2023-11-13T01:10:10.0077834Z A path returned 202. Retrying...
2023-11-13T01:10:10.0078128Z A path returned 202. Retrying...
2023-11-13T01:10:10.0078424Z A path returned 202. Retrying...
2023-11-13T01:10:10.0078717Z A path returned 202. Retrying...
2023-11-13T01:10:10.0079012Z A path returned 202. Retrying...
2023-11-13T01:10:10.0079301Z A path returned 202. Retrying...
2023-11-13T01:10:10.0079594Z A path returned 202. Retrying...
2023-11-13T01:10:10.0079888Z A path returned 202. Retrying...
2023-11-13T01:10:10.0080181Z A path returned 202. Retrying...
2023-11-13T01:10:10.0080474Z A path returned 202. Retrying...
2023-11-13T01:10:10.0080766Z A path returned 202. Retrying...
2023-11-13T01:10:10.0081059Z A path returned 202. Retrying...
2023-11-13T01:10:10.0081350Z A path returned 202. Retrying...
2023-11-13T01:10:10.0081811Z A path returned 202. Retrying...
2023-11-13T01:10:10.0082117Z A path returned 202. Retrying...
2023-11-13T01:10:10.0082412Z A path returned 202. Retrying...
2023-11-13T01:10:10.0082708Z A path returned 202. Retrying...
2023-11-13T01:10:10.0083006Z A path returned 202. Retrying...
2023-11-13T01:10:10.0083299Z A path returned 202. Retrying...
2023-11-13T01:10:10.0083594Z A path returned 202. Retrying...
2023-11-13T01:10:10.0084049Z A path returned 202. Retrying...
2023-11-13T01:10:10.0084378Z A path returned 202. Retrying...
2023-11-13T01:10:10.0084686Z A path returned 202. Retrying...
2023-11-13T01:10:10.0084983Z A path returned 202. Retrying...
2023-11-13T01:10:10.0085276Z A path returned 202. Retrying...
2023-11-13T01:10:10.0085567Z A path returned 202. Retrying...
2023-11-13T01:18:58.5739827Z A path returned 202. Retrying...
2023-11-13T01:18:58.5740659Z A path returned 202. Retrying...
2023-11-13T01:18:58.5741089Z A path returned 202. Retrying...
2023-11-13T01:18:58.5741516Z A path returned 202. Retrying...
2023-11-13T01:18:58.5741913Z A path returned 202. Retrying...
2023-11-13T01:18:58.5742306Z A path returned 202. Retrying...
2023-11-13T01:18:58.5742711Z A path returned 202. Retrying...
2023-11-13T01:18:58.5743098Z A path returned 202. Retrying...
2023-11-13T01:18:58.5743487Z A path returned 202. Retrying...
2023-11-13T01:18:58.5743872Z A path returned 202. Retrying...
2023-11-13T01:18:58.5744254Z A path returned 202. Retrying...
2023-11-13T01:18:58.5744586Z A path returned 202. Retrying...
2023-11-13T01:18:58.5744904Z A path returned 202. Retrying...
2023-11-13T01:18:58.5745219Z A path returned 202. Retrying...
2023-11-13T01:18:58.5745515Z A path returned 202. Retrying...
2023-11-13T01:18:58.5745811Z A path returned 202. Retrying...
2023-11-13T01:18:58.5746107Z A path returned 202. Retrying...
2023-11-13T01:18:58.5746414Z A path returned 202. Retrying...
2023-11-13T01:18:58.5746710Z A path returned 202. Retrying...
2023-11-13T01:18:58.5747011Z A path returned 202. Retrying...
2023-11-13T01:18:58.5747321Z A path returned 202. Retrying...
2023-11-13T01:18:58.5747616Z A path returned 202. Retrying...
2023-11-13T01:18:58.5747911Z A path returned 202. Retrying...
2023-11-13T01:18:58.5748202Z A path returned 202. Retrying...
2023-11-13T01:18:58.5748502Z A path returned 202. Retrying...
2023-11-13T01:18:58.5748800Z A path returned 202. Retrying...
2023-11-13T01:18:58.5749095Z A path returned 202. Retrying...
2023-11-13T01:18:58.5749556Z A path returned 202. Retrying...
2023-11-13T01:18:58.5749852Z A path returned 202. Retrying...
2023-11-13T01:18:58.5750147Z A path returned 202. Retrying...
2023-11-13T01:18:58.5750438Z A path returned 202. Retrying...
2023-11-13T01:18:58.5750733Z A path returned 202. Retrying...
2023-11-13T01:18:58.5751027Z A path returned 202. Retrying...
2023-11-13T01:18:58.5751322Z A path returned 202. Retrying...
2023-11-13T01:18:58.5751619Z A path returned 202. Retrying...
2023-11-13T01:18:58.5751915Z A path returned 202. Retrying...
2023-11-13T01:18:58.5752216Z A path returned 202. Retrying...
2023-11-13T01:18:58.5752508Z A path returned 202. Retrying...
2023-11-13T01:18:58.5752806Z A path returned 202. Retrying...
2023-11-13T01:18:58.5753101Z A path returned 202. Retrying...
2023-11-13T01:18:58.5753397Z A path returned 202. Retrying...
2023-11-13T01:18:58.5753692Z A path returned 202. Retrying...
2023-11-13T01:18:58.5753989Z A path returned 202. Retrying...
2023-11-13T01:18:58.5754283Z A path returned 202. Retrying...
2023-11-13T01:18:58.5754580Z A path returned 202. Retrying...
2023-11-13T01:18:58.5754875Z A path returned 202. Retrying...
2023-11-13T01:18:58.5755183Z A path returned 202. Retrying...
2023-11-13T01:18:58.5755484Z A path returned 202. Retrying...
2023-11-13T01:18:58.5755785Z A path returned 202. Retrying...
2023-11-13T01:18:58.5756079Z A path returned 202. Retrying...
2023-11-13T01:18:58.5756374Z A path returned 202. Retrying...
2023-11-13T01:18:58.5756665Z A path returned 202. Retrying...
2023-11-13T01:18:58.5756962Z A path returned 202. Retrying...
2023-11-13T01:18:58.5758054Z A path returned 202. Retrying...
2023-11-13T01:18:58.5758389Z A path returned 202. Retrying...
2023-11-13T01:18:58.5758695Z A path returned 202. Retrying...
2023-11-13T01:18:58.5758991Z A path returned 202. Retrying...
2023-11-13T01:18:58.5759289Z A path returned 202. Retrying...
2023-11-13T01:18:58.5759582Z A path returned 202. Retrying...
2023-11-13T01:18:58.5759878Z A path returned 202. Retrying...
2023-11-13T01:18:58.5760370Z A path returned 202. Retrying...
2023-11-13T01:18:58.5760700Z A path returned 202. Retrying...
2023-11-13T01:18:58.5761225Z A path returned 202. Retrying...
2023-11-13T01:18:58.5761580Z A path returned 202. Retrying...
2023-11-13T01:18:58.5761888Z A path returned 202. Retrying...
2023-11-13T01:18:58.5762328Z A path returned 202. Retrying...
2023-11-13T01:18:58.5762686Z A path returned 202. Retrying...
2023-11-13T01:18:58.5762999Z A path returned 202. Retrying...
2023-11-13T01:18:58.5763300Z A path returned 202. Retrying...
2023-11-13T01:18:58.5763614Z A path returned 202. Retrying...
2023-11-13T01:18:58.5763933Z A path returned 202. Retrying...
2023-11-13T01:18:58.5764232Z A path returned 202. Retrying...
2023-11-13T01:18:58.5764523Z A path returned 202. Retrying...
2023-11-13T01:18:58.5764819Z A path returned 202. Retrying...
2023-11-13T01:18:58.5765114Z A path returned 202. Retrying...
2023-11-13T01:18:58.5765425Z A path returned 202. Retrying...
2023-11-13T01:18:58.5765733Z A path returned 202. Retrying...
2023-11-13T01:18:58.5766040Z A path returned 202. Retrying...
2023-11-13T01:18:58.5766343Z A path returned 202. Retrying...
2023-11-13T01:18:58.5766646Z A path returned 202. Retrying...
2023-11-13T01:18:58.5766941Z A path returned 202. Retrying...
2023-11-13T01:18:58.5767236Z A path returned 202. Retrying...
2023-11-13T01:18:58.5767530Z A path returned 202. Retrying...
2023-11-13T01:18:58.5767829Z A path returned 202. Retrying...
2023-11-13T01:18:58.5768128Z A path returned 202. Retrying...
2023-11-13T01:18:58.5768425Z A path returned 202. Retrying...
2023-11-13T01:18:58.5768718Z A path returned 202. Retrying...
2023-11-13T01:18:58.5769014Z A path returned 202. Retrying...
2023-11-13T01:18:58.5769310Z A path returned 202. Retrying...
2023-11-13T01:18:58.5769604Z A path returned 202. Retrying...
2023-11-13T01:18:58.5769899Z A path returned 202. Retrying...
2023-11-13T01:18:58.5770232Z A path returned 202. Retrying...
2023-11-13T01:18:58.5770538Z A path returned 202. Retrying...
2023-11-13T01:18:58.5770827Z A path returned 202. Retrying...
2023-11-13T01:18:58.5771127Z A path returned 202. Retrying...
2023-11-13T01:18:58.5771422Z A path returned 202. Retrying...
2023-11-13T01:18:58.5771716Z A path returned 202. Retrying...
2023-11-13T01:18:58.5772009Z A path returned 202. Retrying...
2023-11-13T01:18:58.5772302Z A path returned 202. Retrying...
2023-11-13T01:18:58.5772592Z A path returned 202. Retrying...
2023-11-13T01:18:58.5772885Z A path returned 202. Retrying...
2023-11-13T01:18:58.5773180Z A path returned 202. Retrying...
2023-11-13T01:18:58.5773481Z A path returned 202. Retrying...
2023-11-13T01:18:58.5773776Z A path returned 202. Retrying...
2023-11-13T01:18:58.5774072Z A path returned 202. Retrying...
2023-11-13T01:18:58.5774377Z A path returned 202. Retrying...
2023-11-13T01:18:58.5774664Z A path returned 202. Retrying...
2023-11-13T01:18:58.5774957Z A path returned 202. Retrying...
2023-11-13T01:18:58.5775252Z A path returned 202. Retrying...
2023-11-13T01:18:58.5775551Z A path returned 202. Retrying...
2023-11-13T01:18:58.5775851Z A path returned 202. Retrying...
2023-11-13T01:18:58.5776148Z A path returned 202. Retrying...
2023-11-13T01:18:58.5776442Z A path returned 202. Retrying...
2023-11-13T01:18:58.5776731Z A path returned 202. Retrying...
2023-11-13T01:18:58.5777025Z A path returned 202. Retrying...
2023-11-13T01:18:58.5777323Z A path returned 202. Retrying...
2023-11-13T01:18:58.5777618Z A path returned 202. Retrying...
2023-11-13T01:18:58.5777911Z A path returned 202. Retrying...
2023-11-13T01:18:58.5778204Z A path returned 202. Retrying...
2023-11-13T01:18:58.5778669Z A path returned 202. Retrying...
2023-11-13T01:18:58.5778968Z A path returned 202. Retrying...
2023-11-13T01:18:58.5779261Z A path returned 202. Retrying...
2023-11-13T01:18:58.5779555Z A path returned 202. Retrying...
2023-11-13T01:18:58.5779849Z A path returned 202. Retrying...
2023-11-13T01:18:58.5780144Z A path returned 202. Retrying...
2023-11-13T01:18:58.5780441Z A path returned 202. Retrying...
2023-11-13T01:18:58.5780736Z A path returned 202. Retrying...
2023-11-13T01:18:58.5781154Z A path returned 202. Retrying...
2023-11-13T01:18:58.5781456Z A path returned 202. Retrying...
2023-11-13T01:18:58.5781751Z A path returned 202. Retrying...
2023-11-13T01:18:58.5782046Z A path returned 202. Retrying...
2023-11-13T01:18:58.5782342Z A path returned 202. Retrying...
2023-11-13T01:18:58.5782636Z A path returned 202. Retrying...
2023-11-13T01:18:58.5782930Z A path returned 202. Retrying...
2023-11-13T01:18:58.5783228Z A path returned 202. Retrying...
2023-11-13T01:18:58.5783592Z A path returned 202. Retrying...
2023-11-13T01:18:58.5783975Z A path returned 202. Retrying...
2023-11-13T01:18:58.5784279Z A path returned 202. Retrying...
2023-11-13T01:18:58.5784571Z A path returned 202. Retrying...
2023-11-13T01:18:58.5784866Z A path returned 202. Retrying...
2023-11-13T01:18:58.5785159Z A path returned 202. Retrying...
2023-11-13T01:18:58.5785448Z A path returned 202. Retrying...
2023-11-13T01:18:58.5785742Z A path returned 202. Retrying...
2023-11-13T01:18:58.5786043Z A path returned 202. Retrying...
2023-11-13T01:18:58.5786367Z A path returned 202. Retrying...
2023-11-13T01:18:58.5786661Z A path returned 202. Retrying...
2023-11-13T01:18:58.5786954Z A path returned 202. Retrying...
2023-11-13T01:18:58.5787252Z A path returned 202. Retrying...
2023-11-13T01:18:58.5787541Z A path returned 202. Retrying...
2023-11-13T01:18:58.5787834Z A path returned 202. Retrying...
2023-11-13T01:18:58.5788128Z A path returned 202. Retrying...
2023-11-13T01:18:58.5788428Z A path returned 202. Retrying...
2023-11-13T01:18:58.5788725Z A path returned 202. Retrying...
2023-11-13T01:18:58.5789020Z A path returned 202. Retrying...
2023-11-13T01:18:58.5789453Z A path returned 202. Retrying...
2023-11-13T01:18:58.5789744Z A path returned 202. Retrying...
2023-11-13T01:18:58.5790038Z A path returned 202. Retrying...
2023-11-13T01:18:58.5790340Z A path returned 202. Retrying...
2023-11-13T01:18:58.5790634Z A path returned 202. Retrying...
2023-11-13T01:18:58.5790927Z A path returned 202. Retrying...
2023-11-13T01:18:58.5791225Z A path returned 202. Retrying...
2023-11-13T01:18:58.5791517Z A path returned 202. Retrying...
2023-11-13T01:18:58.5791817Z A path returned 202. Retrying...
2023-11-13T01:18:58.5792125Z A path returned 202. Retrying...
2023-11-13T01:18:58.5792419Z A path returned 202. Retrying...
2023-11-13T01:18:58.5792716Z A path returned 202. Retrying...
2023-11-13T01:18:58.5793010Z A path returned 202. Retrying...
2023-11-13T01:18:58.5793303Z A path returned 202. Retrying...
2023-11-13T01:18:58.5793599Z A path returned 202. Retrying...
2023-11-13T01:18:58.5793896Z A path returned 202. Retrying...
2023-11-13T01:18:58.5794189Z A path returned 202. Retrying...
2023-11-13T01:18:58.5794484Z A path returned 202. Retrying...
2023-11-13T01:18:58.5794779Z A path returned 202. Retrying...
2023-11-13T01:18:58.5795072Z A path returned 202. Retrying...
2023-11-13T01:18:58.5795365Z A path returned 202. Retrying...
2023-11-13T01:18:58.5795657Z A path returned 202. Retrying...
2023-11-13T01:18:58.5795952Z A path returned 202. Retrying...
2023-11-13T01:18:58.5796247Z A path returned 202. Retrying...
2023-11-13T01:18:58.5796540Z A path returned 202. Retrying...
2023-11-13T01:18:58.5796834Z A path returned 202. Retrying...
2023-11-13T01:18:58.5797129Z A path returned 202. Retrying...
2023-11-13T01:18:58.5797443Z A path returned 202. Retrying...
2023-11-13T01:18:58.5797756Z A path returned 202. Retrying...
2023-11-13T01:18:58.5798052Z A path returned 202. Retrying...
2023-11-13T01:18:58.5798355Z A path returned 202. Retrying...
2023-11-13T01:18:58.5798891Z A path returned 202. Retrying...
2023-11-13T01:18:58.5799192Z A path returned 202. Retrying...
2023-11-13T01:18:58.5799493Z A path returned 202. Retrying...
2023-11-13T01:18:58.5799791Z A path returned 202. Retrying...
2023-11-13T01:18:58.5800085Z A path returned 202. Retrying...
2023-11-13T01:18:58.5800375Z A path returned 202. Retrying...
2023-11-13T01:18:58.5800669Z A path returned 202. Retrying...
2023-11-13T01:18:58.5800965Z A path returned 202. Retrying...
2023-11-13T01:18:58.5801399Z A path returned 202. Retrying...
2023-11-13T01:18:58.5801705Z A path returned 202. Retrying...
2023-11-13T01:18:58.5802005Z A path returned 202. Retrying...
2023-11-13T01:18:58.5802301Z A path returned 202. Retrying...
2023-11-13T01:18:58.5802591Z A path returned 202. Retrying...
2023-11-13T01:18:58.5802886Z A path returned 202. Retrying...
2023-11-13T01:18:58.5803184Z A path returned 202. Retrying...
2023-11-13T01:18:58.5803480Z A path returned 202. Retrying...
2023-11-13T01:18:58.5803773Z A path returned 202. Retrying...
2023-11-13T01:18:58.5804071Z A path returned 202. Retrying...
2023-11-13T01:18:58.5804364Z A path returned 202. Retrying...
2023-11-13T01:18:58.5804653Z A path returned 202. Retrying...
2023-11-13T01:18:58.5804946Z A path returned 202. Retrying...
2023-11-13T01:18:58.5805247Z A path returned 202. Retrying...
2023-11-13T01:18:58.5805541Z A path returned 202. Retrying...
2023-11-13T01:18:58.5805835Z A path returned 202. Retrying...
2023-11-13T01:18:58.5806135Z A path returned 202. Retrying...
2023-11-13T01:18:58.5806432Z A path returned 202. Retrying...
2023-11-13T01:18:58.5806722Z A path returned 202. Retrying...
2023-11-13T01:18:58.5807016Z A path returned 202. Retrying...
2023-11-13T01:18:58.5807312Z A path returned 202. Retrying...
2023-11-13T01:18:58.5807606Z A path returned 202. Retrying...
2023-11-13T01:18:58.5807901Z A path returned 202. Retrying...
2023-11-13T01:18:58.5808196Z A path returned 202. Retrying...
2023-11-13T01:18:58.5808487Z A path returned 202. Retrying...
2023-11-13T01:18:58.5808783Z A path returned 202. Retrying...
2023-11-13T01:18:58.5809080Z A path returned 202. Retrying...
2023-11-13T01:18:58.5809373Z A path returned 202. Retrying...
2023-11-13T01:18:58.5809671Z A path returned 202. Retrying...
2023-11-13T01:18:58.5809970Z A path returned 202. Retrying...
2023-11-13T01:18:58.5810267Z A path returned 202. Retrying...
2023-11-13T01:18:58.5810561Z A path returned 202. Retrying...
2023-11-13T01:18:58.5810850Z A path returned 202. Retrying...
2023-11-13T01:18:58.5811149Z A path returned 202. Retrying...
2023-11-13T01:18:58.5811449Z A path returned 202. Retrying...
2023-11-13T01:18:58.5811742Z A path returned 202. Retrying...
2023-11-13T01:18:58.5812035Z A path returned 202. Retrying...
2023-11-13T01:18:58.5812337Z A path returned 202. Retrying...
2023-11-13T01:18:58.5812639Z A path returned 202. Retrying...
2023-11-13T01:18:58.5812959Z A path returned 202. Retrying...
2023-11-13T01:18:58.5813253Z A path returned 202. Retrying...
2023-11-13T01:18:58.5813549Z A path returned 202. Retrying...
2023-11-13T01:18:58.5813846Z A path returned 202. Retrying...
2023-11-13T01:18:58.5814141Z A path returned 202. Retrying...
2023-11-13T01:18:58.5814440Z A path returned 202. Retrying...
2023-11-13T01:18:58.5814736Z A path returned 202. Retrying...
2023-11-13T01:18:58.5815027Z A path returned 202. Retrying...
2023-11-13T01:18:58.5815322Z A path returned 202. Retrying...
2023-11-13T01:18:58.5815617Z A path returned 202. Retrying...
2023-11-13T01:18:58.5815914Z A path returned 202. Retrying...
2023-11-13T01:18:58.5816209Z A path returned 202. Retrying...
2023-11-13T01:18:58.5816505Z A path returned 202. Retrying...
2023-11-13T01:18:58.5816801Z A path returned 202. Retrying...
2023-11-13T01:18:58.5817089Z A path returned 202. Retrying...
2023-11-13T01:18:58.5817382Z A path returned 202. Retrying...
2023-11-13T01:27:49.4550748Z A path returned 202. Retrying...
2023-11-13T01:27:49.4551586Z A path returned 202. Retrying...
2023-11-13T01:27:49.4552351Z A path returned 202. Retrying...
2023-11-13T01:27:49.4553777Z A path returned 202. Retrying...
2023-11-13T01:27:49.4554419Z A path returned 202. Retrying...
2023-11-13T01:27:49.4554784Z A path returned 202. Retrying...
2023-11-13T01:27:49.4555121Z A path returned 202. Retrying...
2023-11-13T01:27:49.4555456Z A path returned 202. Retrying...
2023-11-13T01:27:49.4555783Z A path returned 202. Retrying...
2023-11-13T01:27:49.4556121Z A path returned 202. Retrying...
2023-11-13T01:27:49.4556457Z A path returned 202. Retrying...
2023-11-13T01:27:49.4556986Z A path returned 202. Retrying...
2023-11-13T01:27:49.4557340Z A path returned 202. Retrying...
2023-11-13T01:27:49.4557676Z A path returned 202. Retrying...
2023-11-13T01:27:49.4558012Z A path returned 202. Retrying...
2023-11-13T01:27:49.4558341Z A path returned 202. Retrying...
2023-11-13T01:27:49.4558677Z A path returned 202. Retrying...
2023-11-13T01:27:49.4559009Z A path returned 202. Retrying...
2023-11-13T01:27:49.4559343Z A path returned 202. Retrying...
2023-11-13T01:27:49.4559687Z A path returned 202. Retrying...
2023-11-13T01:27:49.4560031Z A path returned 202. Retrying...
2023-11-13T01:27:49.4560361Z A path returned 202. Retrying...
2023-11-13T01:27:49.4560694Z A path returned 202. Retrying...
2023-11-13T01:27:49.4561030Z A path returned 202. Retrying...
2023-11-13T01:27:49.4561367Z A path returned 202. Retrying...
2023-11-13T01:27:49.4561699Z A path returned 202. Retrying...
2023-11-13T01:27:49.4562031Z A path returned 202. Retrying...
2023-11-13T01:27:49.4562367Z A path returned 202. Retrying...
2023-11-13T01:27:49.4562694Z A path returned 202. Retrying...
2023-11-13T01:27:49.4563025Z A path returned 202. Retrying...
2023-11-13T01:27:49.4563356Z A path returned 202. Retrying...
2023-11-13T01:27:49.4563688Z A path returned 202. Retrying...
2023-11-13T01:27:49.4564021Z A path returned 202. Retrying...
2023-11-13T01:27:49.4564353Z A path returned 202. Retrying...
2023-11-13T01:27:49.4564685Z A path returned 202. Retrying...
2023-11-13T01:27:49.4564977Z A path returned 202. Retrying...
2023-11-13T01:27:49.4565272Z A path returned 202. Retrying...
2023-11-13T01:27:49.4565565Z A path returned 202. Retrying...
2023-11-13T01:27:49.4565855Z A path returned 202. Retrying...
2023-11-13T01:27:49.4566149Z A path returned 202. Retrying...
2023-11-13T01:27:49.4566446Z A path returned 202. Retrying...
2023-11-13T01:27:49.4566740Z A path returned 202. Retrying...
2023-11-13T01:27:49.4567026Z A path returned 202. Retrying...
2023-11-13T01:27:49.4567339Z A path returned 202. Retrying...
2023-11-13T01:27:49.4567648Z A path returned 202. Retrying...
2023-11-13T01:27:49.4567952Z A path returned 202. Retrying...
2023-11-13T01:27:49.4568251Z A path returned 202. Retrying...
2023-11-13T01:27:49.4568556Z A path returned 202. Retrying...
2023-11-13T01:27:49.4568855Z A path returned 202. Retrying...
2023-11-13T01:27:49.4569144Z A path returned 202. Retrying...
2023-11-13T01:27:49.4569437Z A path returned 202. Retrying...
2023-11-13T01:27:49.4569736Z A path returned 202. Retrying...
2023-11-13T01:27:49.4570030Z A path returned 202. Retrying...
2023-11-13T01:27:49.4570329Z A path returned 202. Retrying...
2023-11-13T01:27:49.4570621Z A path returned 202. Retrying...
2023-11-13T01:27:49.4570913Z A path returned 202. Retrying...
2023-11-13T01:27:49.4571198Z A path returned 202. Retrying...
2023-11-13T01:27:49.4571492Z A path returned 202. Retrying...
2023-11-13T01:27:49.4571787Z A path returned 202. Retrying...
2023-11-13T01:27:49.4572095Z A path returned 202. Retrying...
2023-11-13T01:27:49.4572403Z A path returned 202. Retrying...
2023-11-13T01:27:49.4572705Z A path returned 202. Retrying...
2023-11-13T01:27:49.4573003Z A path returned 202. Retrying...
2023-11-13T01:27:49.4573295Z A path returned 202. Retrying...
2023-11-13T01:27:49.4573591Z A path returned 202. Retrying...
2023-11-13T01:27:49.4573889Z A path returned 202. Retrying...
2023-11-13T01:27:49.4574184Z A path returned 202. Retrying...
2023-11-13T01:27:49.4574480Z A path returned 202. Retrying...
2023-11-13T01:27:49.4574785Z A path returned 202. Retrying...
2023-11-13T01:27:49.4575211Z A path returned 202. Retrying...
2023-11-13T01:27:49.4575503Z A path returned 202. Retrying...
2023-11-13T01:27:49.4575799Z A path returned 202. Retrying...
2023-11-13T01:27:49.4576098Z A path returned 202. Retrying...
2023-11-13T01:27:49.4576392Z A path returned 202. Retrying...
2023-11-13T01:27:49.4576684Z A path returned 202. Retrying...
2023-11-13T01:27:49.4576980Z A path returned 202. Retrying...
2023-11-13T01:27:49.4577272Z A path returned 202. Retrying...
2023-11-13T01:27:49.4577670Z A path returned 202. Retrying...
2023-11-13T01:27:49.4577979Z A path returned 202. Retrying...
2023-11-13T01:27:49.4578273Z A path returned 202. Retrying...
2023-11-13T01:27:49.4578565Z A path returned 202. Retrying...
2023-11-13T01:27:49.4578856Z A path returned 202. Retrying...
2023-11-13T01:27:49.4579152Z A path returned 202. Retrying...
2023-11-13T01:27:49.4579448Z A path returned 202. Retrying...
2023-11-13T01:27:49.4579734Z A path returned 202. Retrying...
2023-11-13T01:27:49.4580025Z A path returned 202. Retrying...
2023-11-13T01:27:49.4580328Z A path returned 202. Retrying...
2023-11-13T01:27:49.4580620Z A path returned 202. Retrying...
2023-11-13T01:27:49.4580913Z A path returned 202. Retrying...
2023-11-13T01:27:49.4581208Z A path returned 202. Retrying...
2023-11-13T01:27:49.4581504Z A path returned 202. Retrying...
2023-11-13T01:27:49.4581793Z A path returned 202. Retrying...
2023-11-13T01:27:49.4582088Z A path returned 202. Retrying...
2023-11-13T01:27:49.4582394Z A path returned 202. Retrying...
2023-11-13T01:27:49.4582689Z A path returned 202. Retrying...
2023-11-13T01:27:49.4582982Z A path returned 202. Retrying...
2023-11-13T01:27:49.4583274Z A path returned 202. Retrying...
2023-11-13T01:27:49.4583566Z A path returned 202. Retrying...
2023-11-13T01:27:49.4583854Z A path returned 202. Retrying...
2023-11-13T01:27:49.4584146Z A path returned 202. Retrying...
2023-11-13T01:27:49.4584453Z A path returned 202. Retrying...
2023-11-13T01:27:49.4584745Z A path returned 202. Retrying...
2023-11-13T01:27:49.4585041Z A path returned 202. Retrying...
2023-11-13T01:27:49.4585336Z A path returned 202. Retrying...
2023-11-13T01:27:49.4585632Z A path returned 202. Retrying...
2023-11-13T01:27:49.4585923Z A path returned 202. Retrying...
2023-11-13T01:27:49.4586223Z A path returned 202. Retrying...
2023-11-13T01:27:49.4586516Z A path returned 202. Retrying...
2023-11-13T01:27:49.4586809Z A path returned 202. Retrying...
2023-11-13T01:27:49.4587101Z A path returned 202. Retrying...
2023-11-13T01:27:49.4587395Z A path returned 202. Retrying...
2023-11-13T01:27:49.4587688Z A path returned 202. Retrying...
2023-11-13T01:27:49.4587974Z A path returned 202. Retrying...
2023-11-13T01:27:49.4588266Z A path returned 202. Retrying...
2023-11-13T01:27:49.4588563Z A path returned 202. Retrying...
2023-11-13T01:27:49.4588859Z A path returned 202. Retrying...
2023-11-13T01:27:49.4589407Z A path returned 202. Retrying...
2023-11-13T01:27:49.4589717Z A path returned 202. Retrying...
2023-11-13T01:27:49.4590019Z A path returned 202. Retrying...
2023-11-13T01:27:49.4590313Z A path returned 202. Retrying...
2023-11-13T01:27:49.4590630Z A path returned 202. Retrying...
2023-11-13T01:27:49.4590925Z A path returned 202. Retrying...
2023-11-13T01:27:49.4591217Z A path returned 202. Retrying...
2023-11-13T01:27:49.4591516Z A path returned 202. Retrying...
2023-11-13T01:27:49.4591811Z A path returned 202. Retrying...
2023-11-13T01:27:49.4592109Z A path returned 202. Retrying...
2023-11-13T01:27:49.4592406Z A path returned 202. Retrying...
2023-11-13T01:27:49.4592699Z A path returned 202. Retrying...
2023-11-13T01:27:49.4592996Z A path returned 202. Retrying...
2023-11-13T01:27:49.4593289Z A path returned 202. Retrying...
2023-11-13T01:27:49.4593585Z A path returned 202. Retrying...
2023-11-13T01:27:49.4593879Z A path returned 202. Retrying...
2023-11-13T01:27:49.4594177Z A path returned 202. Retrying...
2023-11-13T01:27:49.4594468Z A path returned 202. Retrying...
2023-11-13T01:27:49.4594761Z A path returned 202. Retrying...
2023-11-13T01:27:49.4595221Z A path returned 202. Retrying...
2023-11-13T01:27:49.4595516Z A path returned 202. Retrying...
2023-11-13T01:27:49.4595811Z A path returned 202. Retrying...
2023-11-13T01:27:49.4596107Z A path returned 202. Retrying...
2023-11-13T01:27:49.4596401Z A path returned 202. Retrying...
2023-11-13T01:27:49.4596691Z A path returned 202. Retrying...
2023-11-13T01:27:49.4596984Z A path returned 202. Retrying...
2023-11-13T01:27:49.4597277Z A path returned 202. Retrying...
2023-11-13T01:27:49.4597705Z A path returned 202. Retrying...
2023-11-13T01:27:49.4598009Z A path returned 202. Retrying...
2023-11-13T01:27:49.4598306Z A path returned 202. Retrying...
2023-11-13T01:27:49.4598601Z A path returned 202. Retrying...
2023-11-13T01:27:49.4598888Z A path returned 202. Retrying...
2023-11-13T01:27:49.4599181Z A path returned 202. Retrying...
2023-11-13T01:27:49.4599474Z A path returned 202. Retrying...
2023-11-13T01:27:49.4599767Z A path returned 202. Retrying...
2023-11-13T01:27:49.4600060Z A path returned 202. Retrying...
2023-11-13T01:27:49.4600362Z A path returned 202. Retrying...
2023-11-13T01:27:49.4600656Z A path returned 202. Retrying...
2023-11-13T01:27:49.4600943Z A path returned 202. Retrying...
2023-11-13T01:27:49.4601236Z A path returned 202. Retrying...
2023-11-13T01:27:49.4601530Z A path returned 202. Retrying...
2023-11-13T01:27:49.4601824Z A path returned 202. Retrying...
2023-11-13T01:27:49.4602117Z A path returned 202. Retrying...
2023-11-13T01:27:49.4602416Z A path returned 202. Retrying...
2023-11-13T01:27:49.4602711Z A path returned 202. Retrying...
2023-11-13T01:27:49.4603000Z A path returned 202. Retrying...
2023-11-13T01:27:49.4603296Z A path returned 202. Retrying...
2023-11-13T01:27:49.4603589Z A path returned 202. Retrying...
2023-11-13T01:27:49.4603882Z A path returned 202. Retrying...
2023-11-13T01:27:49.4604175Z A path returned 202. Retrying...
2023-11-13T01:27:49.4604467Z A path returned 202. Retrying...
2023-11-13T01:27:49.4604759Z A path returned 202. Retrying...
2023-11-13T01:27:49.4605051Z A path returned 202. Retrying...
2023-11-13T01:27:49.4605344Z A path returned 202. Retrying...
2023-11-13T01:27:49.4605637Z A path returned 202. Retrying...
2023-11-13T01:27:49.4605933Z A path returned 202. Retrying...
2023-11-13T01:27:49.4606226Z A path returned 202. Retrying...
2023-11-13T01:27:49.4606519Z A path returned 202. Retrying...
2023-11-13T01:27:49.4606814Z A path returned 202. Retrying...
2023-11-13T01:27:49.4607102Z A path returned 202. Retrying...
2023-11-13T01:27:49.4607401Z A path returned 202. Retrying...
2023-11-13T01:27:49.4607697Z A path returned 202. Retrying...
2023-11-13T01:27:49.4607993Z A path returned 202. Retrying...
2023-11-13T01:27:49.4608286Z A path returned 202. Retrying...
2023-11-13T01:27:49.4608581Z A path returned 202. Retrying...
2023-11-13T01:27:49.4608872Z A path returned 202. Retrying...
2023-11-13T01:27:49.4609161Z A path returned 202. Retrying...
2023-11-13T01:27:49.4609456Z A path returned 202. Retrying...
2023-11-13T01:27:49.4609754Z A path returned 202. Retrying...
2023-11-13T01:27:49.4610055Z A path returned 202. Retrying...
2023-11-13T01:27:49.4610352Z A path returned 202. Retrying...
2023-11-13T01:27:49.4610650Z A path returned 202. Retrying...
2023-11-13T01:27:49.4610945Z A path returned 202. Retrying...
2023-11-13T01:27:49.4611235Z A path returned 202. Retrying...
2023-11-13T01:27:49.4611526Z A path returned 202. Retrying...
2023-11-13T01:27:49.4611820Z A path returned 202. Retrying...
2023-11-13T01:27:49.4612117Z A path returned 202. Retrying...
2023-11-13T01:27:49.4612412Z A path returned 202. Retrying...
2023-11-13T01:27:49.4612706Z A path returned 202. Retrying...
2023-11-13T01:27:49.4612999Z A path returned 202. Retrying...
2023-11-13T01:27:49.4613287Z A path returned 202. Retrying...
2023-11-13T01:27:49.4613579Z A path returned 202. Retrying...
2023-11-13T01:27:49.4613875Z A path returned 202. Retrying...
2023-11-13T01:27:49.4614169Z A path returned 202. Retrying...
2023-11-13T01:27:49.4614467Z A path returned 202. Retrying...
2023-11-13T01:27:49.4614886Z A path returned 202. Retrying...
2023-11-13T01:27:49.4615179Z A path returned 202. Retrying...
2023-11-13T01:27:49.4615466Z A path returned 202. Retrying...
2023-11-13T01:27:49.4615758Z A path returned 202. Retrying...
2023-11-13T01:27:49.4616053Z A path returned 202. Retrying...
2023-11-13T01:27:49.4616345Z A path returned 202. Retrying...
2023-11-13T01:27:49.4616637Z A path returned 202. Retrying...
2023-11-13T01:27:49.4616930Z A path returned 202. Retrying...
2023-11-13T01:27:49.4617355Z A path returned 202. Retrying...
2023-11-13T01:27:49.4617649Z A path returned 202. Retrying...
2023-11-13T01:27:49.4617943Z A path returned 202. Retrying...
2023-11-13T01:27:49.4618236Z A path returned 202. Retrying...
2023-11-13T01:27:49.4618529Z A path returned 202. Retrying...
2023-11-13T01:27:49.4618823Z A path returned 202. Retrying...
2023-11-13T01:27:49.4619116Z A path returned 202. Retrying...
2023-11-13T01:27:49.4619411Z A path returned 202. Retrying...
2023-11-13T01:27:49.4619704Z A path returned 202. Retrying...
2023-11-13T01:27:49.4620005Z A path returned 202. Retrying...
2023-11-13T01:27:49.4620299Z A path returned 202. Retrying...
2023-11-13T01:27:49.4620593Z A path returned 202. Retrying...
2023-11-13T01:27:49.4620887Z A path returned 202. Retrying...
2023-11-13T01:27:49.4621182Z A path returned 202. Retrying...
2023-11-13T01:27:49.4621472Z A path returned 202. Retrying...
2023-11-13T01:27:49.4621760Z A path returned 202. Retrying...
2023-11-13T01:27:49.4622062Z A path returned 202. Retrying...
2023-11-13T01:27:49.4622359Z A path returned 202. Retrying...
2023-11-13T01:27:49.4622657Z A path returned 202. Retrying...
2023-11-13T01:27:49.4622952Z A path returned 202. Retrying...
2023-11-13T01:27:49.4623250Z A path returned 202. Retrying...
2023-11-13T01:27:49.4623547Z A path returned 202. Retrying...
2023-11-13T01:27:49.4623835Z A path returned 202. Retrying...
2023-11-13T01:27:49.4624131Z A path returned 202. Retrying...
2023-11-13T01:27:49.4624425Z A path returned 202. Retrying...
2023-11-13T01:27:49.4624723Z A path returned 202. Retrying...
2023-11-13T01:27:49.4625017Z A path returned 202. Retrying...
2023-11-13T01:27:49.4625309Z A path returned 202. Retrying...
2023-11-13T01:27:49.4625603Z A path returned 202. Retrying...
2023-11-13T01:27:49.4625891Z A path returned 202. Retrying...
2023-11-13T01:27:49.4626190Z A path returned 202. Retrying...
2023-11-13T01:27:49.4626485Z A path returned 202. Retrying...
2023-11-13T01:27:49.4626782Z A path returned 202. Retrying...
2023-11-13T01:27:49.4627079Z A path returned 202. Retrying...
2023-11-13T01:27:49.4627374Z A path returned 202. Retrying...
2023-11-13T01:27:49.4627668Z A path returned 202. Retrying...
2023-11-13T01:27:49.4627956Z A path returned 202. Retrying...
2023-11-13T01:27:49.4628251Z A path returned 202. Retrying...
2023-11-13T01:27:49.4628578Z A path returned 202. Retrying...
2023-11-13T01:36:38.4951799Z A path returned 202. Retrying...
2023-11-13T01:36:38.4952537Z A path returned 202. Retrying...
2023-11-13T01:36:38.4953147Z A path returned 202. Retrying...
2023-11-13T01:36:38.4953813Z A path returned 202. Retrying...
2023-11-13T01:36:38.4954871Z A path returned 202. Retrying...
2023-11-13T01:36:38.4955522Z A path returned 202. Retrying...
2023-11-13T01:36:38.4956181Z A path returned 202. Retrying...
2023-11-13T01:36:38.4958208Z A path returned 202. Retrying...
2023-11-13T01:36:38.4958810Z A path returned 202. Retrying...
2023-11-13T01:36:38.4959366Z A path returned 202. Retrying...
2023-11-13T01:36:38.4959943Z A path returned 202. Retrying...
2023-11-13T01:36:38.4960373Z A path returned 202. Retrying...
2023-11-13T01:36:38.4960913Z A path returned 202. Retrying...
2023-11-13T01:36:38.4963174Z A path returned 202. Retrying...
2023-11-13T01:36:38.4963722Z A path returned 202. Retrying...
2023-11-13T01:36:38.4964296Z A path returned 202. Retrying...
2023-11-13T01:36:38.4964823Z A path returned 202. Retrying...
2023-11-13T01:36:38.4965395Z A path returned 202. Retrying...
2023-11-13T01:36:38.4965940Z A path returned 202. Retrying...
2023-11-13T01:36:38.4967154Z A path returned 202. Retrying...
2023-11-13T01:36:38.4967733Z A path returned 202. Retrying...
2023-11-13T01:36:38.4968239Z A path returned 202. Retrying...
2023-11-13T01:36:38.4968742Z A path returned 202. Retrying...
2023-11-13T01:36:38.4969273Z A path returned 202. Retrying...
2023-11-13T01:36:38.4969770Z A path returned 202. Retrying...
2023-11-13T01:36:38.4970256Z A path returned 202. Retrying...
2023-11-13T01:36:38.4970616Z A path returned 202. Retrying...
2023-11-13T01:36:38.4971372Z A path returned 202. Retrying...
2023-11-13T01:36:38.4971806Z A path returned 202. Retrying...
2023-11-13T01:36:38.4972119Z A path returned 202. Retrying...
2023-11-13T01:36:38.4972427Z A path returned 202. Retrying...
2023-11-13T01:36:38.4972758Z A path returned 202. Retrying...
2023-11-13T01:36:38.4973049Z A path returned 202. Retrying...
2023-11-13T01:36:38.4973345Z A path returned 202. Retrying...
2023-11-13T01:36:38.4973636Z A path returned 202. Retrying...
2023-11-13T01:36:38.4973922Z A path returned 202. Retrying...
2023-11-13T01:36:38.4974218Z A path returned 202. Retrying...
2023-11-13T01:36:38.4974515Z A path returned 202. Retrying...
2023-11-13T01:36:38.4974806Z A path returned 202. Retrying...
2023-11-13T01:36:38.4975097Z A path returned 202. Retrying...
2023-11-13T01:36:38.4975387Z A path returned 202. Retrying...
2023-11-13T01:36:38.4975675Z A path returned 202. Retrying...
2023-11-13T01:36:38.4975959Z A path returned 202. Retrying...
2023-11-13T01:36:38.4976253Z A path returned 202. Retrying...
2023-11-13T01:36:38.4976547Z A path returned 202. Retrying...
2023-11-13T01:36:38.4976837Z A path returned 202. Retrying...
2023-11-13T01:36:38.4977126Z A path returned 202. Retrying...
2023-11-13T01:36:38.4977416Z A path returned 202. Retrying...
2023-11-13T01:36:38.4977705Z A path returned 202. Retrying...
2023-11-13T01:36:38.4977988Z A path returned 202. Retrying...
2023-11-13T01:36:38.4978277Z A path returned 202. Retrying...
2023-11-13T01:36:38.4978567Z A path returned 202. Retrying...
2023-11-13T01:36:38.4978864Z A path returned 202. Retrying...
2023-11-13T01:36:38.4979156Z A path returned 202. Retrying...
2023-11-13T01:36:38.4979445Z A path returned 202. Retrying...
2023-11-13T01:36:38.4979732Z A path returned 202. Retrying...
2023-11-13T01:36:38.4980015Z A path returned 202. Retrying...
2023-11-13T01:36:38.4980302Z A path returned 202. Retrying...
2023-11-13T01:36:38.4980598Z A path returned 202. Retrying...
2023-11-13T01:36:38.4980895Z A path returned 202. Retrying...
2023-11-13T01:36:38.4981205Z A path returned 202. Retrying...
2023-11-13T01:36:38.4981509Z A path returned 202. Retrying...
2023-11-13T01:36:38.4981815Z A path returned 202. Retrying...
2023-11-13T01:36:38.4982116Z A path returned 202. Retrying...
2023-11-13T01:36:38.4982411Z A path returned 202. Retrying...
2023-11-13T01:36:38.4982703Z A path returned 202. Retrying...
2023-11-13T01:36:38.4982993Z A path returned 202. Retrying...
2023-11-13T01:36:38.4983283Z A path returned 202. Retrying...
2023-11-13T01:36:38.4983573Z A path returned 202. Retrying...
2023-11-13T01:36:38.4983867Z A path returned 202. Retrying...
2023-11-13T01:36:38.4984152Z A path returned 202. Retrying...
2023-11-13T01:36:38.4984443Z A path returned 202. Retrying...
2023-11-13T01:36:38.4984734Z A path returned 202. Retrying...
2023-11-13T01:36:38.4985022Z A path returned 202. Retrying...
2023-11-13T01:36:38.4985311Z A path returned 202. Retrying...
2023-11-13T01:36:38.4985599Z A path returned 202. Retrying...
2023-11-13T01:36:38.4985890Z A path returned 202. Retrying...
2023-11-13T01:36:38.4986173Z A path returned 202. Retrying...
2023-11-13T01:36:38.4986466Z A path returned 202. Retrying...
2023-11-13T01:36:38.4986756Z A path returned 202. Retrying...
2023-11-13T01:36:38.4987049Z A path returned 202. Retrying...
2023-11-13T01:36:38.4987343Z A path returned 202. Retrying...
2023-11-13T01:36:38.4987638Z A path returned 202. Retrying...
2023-11-13T01:36:38.4987928Z A path returned 202. Retrying...
2023-11-13T01:36:38.4988218Z A path returned 202. Retrying...
2023-11-13T01:36:38.4988656Z A path returned 202. Retrying...
2023-11-13T01:36:38.4988948Z A path returned 202. Retrying...
2023-11-13T01:36:38.4989510Z A path returned 202. Retrying...
2023-11-13T01:36:38.4989816Z A path returned 202. Retrying...
2023-11-13T01:36:38.4990102Z A path returned 202. Retrying...
2023-11-13T01:36:38.4990394Z A path returned 202. Retrying...
2023-11-13T01:36:38.4990691Z A path returned 202. Retrying...
2023-11-13T01:36:38.4990986Z A path returned 202. Retrying...
2023-11-13T01:36:38.4991448Z A path returned 202. Retrying...
2023-11-13T01:36:38.4991746Z A path returned 202. Retrying...
2023-11-13T01:36:38.4992034Z A path returned 202. Retrying...
2023-11-13T01:36:38.4992319Z A path returned 202. Retrying...
2023-11-13T01:36:38.4992611Z A path returned 202. Retrying...
2023-11-13T01:36:38.4992900Z A path returned 202. Retrying...
2023-11-13T01:36:38.4993190Z A path returned 202. Retrying...
2023-11-13T01:36:38.4993479Z A path returned 202. Retrying...
2023-11-13T01:36:38.4993766Z A path returned 202. Retrying...
2023-11-13T01:36:38.4994062Z A path returned 202. Retrying...
2023-11-13T01:36:38.4994345Z A path returned 202. Retrying...
2023-11-13T01:36:38.4994635Z A path returned 202. Retrying...
2023-11-13T01:36:38.4994929Z A path returned 202. Retrying...
2023-11-13T01:36:38.4995219Z A path returned 202. Retrying...
2023-11-13T01:36:38.4995508Z A path returned 202. Retrying...
2023-11-13T01:36:38.4995798Z A path returned 202. Retrying...
2023-11-13T01:36:38.4996088Z A path returned 202. Retrying...
2023-11-13T01:36:38.4996383Z A path returned 202. Retrying...
2023-11-13T01:36:38.4996677Z A path returned 202. Retrying...
2023-11-13T01:36:38.4996966Z A path returned 202. Retrying...
2023-11-13T01:36:38.4997255Z A path returned 202. Retrying...
2023-11-13T01:36:38.4997547Z A path returned 202. Retrying...
2023-11-13T01:36:38.4997837Z A path returned 202. Retrying...
2023-11-13T01:36:38.4998126Z A path returned 202. Retrying...
2023-11-13T01:36:38.4998410Z A path returned 202. Retrying...
2023-11-13T01:36:38.4998705Z A path returned 202. Retrying...
2023-11-13T01:36:38.4998995Z A path returned 202. Retrying...
2023-11-13T01:36:38.4999285Z A path returned 202. Retrying...
2023-11-13T01:36:38.4999575Z A path returned 202. Retrying...
2023-11-13T01:36:38.4999864Z A path returned 202. Retrying...
2023-11-13T01:36:38.5000152Z A path returned 202. Retrying...
2023-11-13T01:36:38.5000437Z A path returned 202. Retrying...
2023-11-13T01:36:38.5000736Z A path returned 202. Retrying...
2023-11-13T01:36:38.5001031Z A path returned 202. Retrying...
2023-11-13T01:36:38.5001320Z A path returned 202. Retrying...
2023-11-13T01:36:38.5001610Z A path returned 202. Retrying...
2023-11-13T01:36:38.5001899Z A path returned 202. Retrying...
2023-11-13T01:36:38.5002187Z A path returned 202. Retrying...
2023-11-13T01:36:38.5002472Z A path returned 202. Retrying...
2023-11-13T01:36:38.5002763Z A path returned 202. Retrying...
2023-11-13T01:36:38.5003052Z A path returned 202. Retrying...
2023-11-13T01:36:38.5003342Z A path returned 202. Retrying...
2023-11-13T01:36:38.5003638Z A path returned 202. Retrying...
2023-11-13T01:36:38.5003932Z A path returned 202. Retrying...
2023-11-13T01:36:38.5004223Z A path returned 202. Retrying...
2023-11-13T01:36:38.5004511Z A path returned 202. Retrying...
2023-11-13T01:36:38.5004800Z A path returned 202. Retrying...
2023-11-13T01:36:38.5005089Z A path returned 202. Retrying...
2023-11-13T01:36:38.5005377Z A path returned 202. Retrying...
2023-11-13T01:36:38.5005666Z A path returned 202. Retrying...
2023-11-13T01:36:38.5005958Z A path returned 202. Retrying...
2023-11-13T01:36:38.5006248Z A path returned 202. Retrying...
2023-11-13T01:36:38.5006531Z A path returned 202. Retrying...
2023-11-13T01:36:38.5006822Z A path returned 202. Retrying...
2023-11-13T01:36:38.5007113Z A path returned 202. Retrying...
2023-11-13T01:36:38.5007401Z A path returned 202. Retrying...
2023-11-13T01:36:38.5007695Z A path returned 202. Retrying...
2023-11-13T01:36:38.5007997Z A path returned 202. Retrying...
2023-11-13T01:36:38.5008306Z A path returned 202. Retrying...
2023-11-13T01:36:38.5008756Z A path returned 202. Retrying...
2023-11-13T01:36:38.5009066Z A path returned 202. Retrying...
2023-11-13T01:36:38.5009366Z A path returned 202. Retrying...
2023-11-13T01:36:38.5009660Z A path returned 202. Retrying...
2023-11-13T01:36:38.5009955Z A path returned 202. Retrying...
2023-11-13T01:36:38.5010247Z A path returned 202. Retrying...
2023-11-13T01:36:38.5010545Z A path returned 202. Retrying...
2023-11-13T01:36:38.5010940Z A path returned 202. Retrying...
2023-11-13T01:36:38.5011239Z A path returned 202. Retrying...
2023-11-13T01:36:38.5011533Z A path returned 202. Retrying...
2023-11-13T01:36:38.5011825Z A path returned 202. Retrying...
2023-11-13T01:36:38.5012116Z A path returned 202. Retrying...
2023-11-13T01:36:38.5012407Z A path returned 202. Retrying...
2023-11-13T01:36:38.5012697Z A path returned 202. Retrying...
2023-11-13T01:36:38.5012983Z A path returned 202. Retrying...
2023-11-13T01:36:38.5013276Z A path returned 202. Retrying...
2023-11-13T01:36:38.5013572Z A path returned 202. Retrying...
2023-11-13T01:36:38.5013862Z A path returned 202. Retrying...
2023-11-13T01:36:38.5014156Z A path returned 202. Retrying...
2023-11-13T01:36:38.5014446Z A path returned 202. Retrying...
2023-11-13T01:36:38.5014735Z A path returned 202. Retrying...
2023-11-13T01:36:38.5015022Z A path returned 202. Retrying...
2023-11-13T01:36:38.5015315Z A path returned 202. Retrying...
2023-11-13T01:36:38.5015604Z A path returned 202. Retrying...
2023-11-13T01:36:38.5015900Z A path returned 202. Retrying...
2023-11-13T01:36:38.5016191Z A path returned 202. Retrying...
2023-11-13T01:36:38.5016480Z A path returned 202. Retrying...
2023-11-13T01:36:38.5016768Z A path returned 202. Retrying...
2023-11-13T01:36:38.5017054Z A path returned 202. Retrying...
2023-11-13T01:36:38.5017348Z A path returned 202. Retrying...
2023-11-13T01:36:38.5017636Z A path returned 202. Retrying...
2023-11-13T01:36:38.5017926Z A path returned 202. Retrying...
2023-11-13T01:36:38.5018215Z A path returned 202. Retrying...
2023-11-13T01:36:38.5018532Z A path returned 202. Retrying...
2023-11-13T01:36:38.5018820Z A path returned 202. Retrying...
2023-11-13T01:36:38.5019107Z A path returned 202. Retrying...
2023-11-13T01:36:38.5019390Z A path returned 202. Retrying...
2023-11-13T01:36:38.5019682Z A path returned 202. Retrying...
2023-11-13T01:36:38.5019972Z A path returned 202. Retrying...
2023-11-13T01:36:38.5020260Z A path returned 202. Retrying...
2023-11-13T01:36:38.5020555Z A path returned 202. Retrying...
2023-11-13T01:36:38.5020848Z A path returned 202. Retrying...
2023-11-13T01:36:38.5021136Z A path returned 202. Retrying...
2023-11-13T01:36:38.5021422Z A path returned 202. Retrying...
2023-11-13T01:36:38.5021711Z A path returned 202. Retrying...
2023-11-13T01:36:38.5021999Z A path returned 202. Retrying...
2023-11-13T01:36:38.5022291Z A path returned 202. Retrying...
2023-11-13T01:36:38.5022579Z A path returned 202. Retrying...
2023-11-13T01:36:38.5022869Z A path returned 202. Retrying...
2023-11-13T01:36:38.5023163Z A path returned 202. Retrying...
2023-11-13T01:36:38.5023449Z A path returned 202. Retrying...
2023-11-13T01:36:38.5023739Z A path returned 202. Retrying...
2023-11-13T01:36:38.5024030Z A path returned 202. Retrying...
2023-11-13T01:36:38.5024320Z A path returned 202. Retrying...
2023-11-13T01:36:38.5024610Z A path returned 202. Retrying...
2023-11-13T01:36:38.5024899Z A path returned 202. Retrying...
2023-11-13T01:36:38.5025191Z A path returned 202. Retrying...
2023-11-13T01:36:38.5025482Z A path returned 202. Retrying...
2023-11-13T01:36:38.5025772Z A path returned 202. Retrying...
2023-11-13T01:36:38.5026061Z A path returned 202. Retrying...
2023-11-13T01:36:38.5026351Z A path returned 202. Retrying...
2023-11-13T01:36:38.5026640Z A path returned 202. Retrying...
2023-11-13T01:36:38.5026929Z A path returned 202. Retrying...
2023-11-13T01:36:38.5027222Z A path returned 202. Retrying...
2023-11-13T01:36:38.5027505Z A path returned 202. Retrying...
2023-11-13T01:36:38.5027797Z A path returned 202. Retrying...
2023-11-13T01:36:38.5028241Z A path returned 202. Retrying...
2023-11-13T01:36:38.5028528Z A path returned 202. Retrying...
2023-11-13T01:36:38.5028817Z A path returned 202. Retrying...
2023-11-13T01:36:38.5029104Z A path returned 202. Retrying...
2023-11-13T01:36:38.5029582Z A path returned 202. Retrying...
2023-11-13T01:36:38.5029896Z A path returned 202. Retrying...
2023-11-13T01:36:38.5030186Z A path returned 202. Retrying...
2023-11-13T01:36:38.5030622Z A path returned 202. Retrying...
2023-11-13T01:36:38.5030918Z A path returned 202. Retrying...
2023-11-13T01:36:38.5031210Z A path returned 202. Retrying...
2023-11-13T01:36:38.5031496Z A path returned 202. Retrying...
2023-11-13T01:36:38.5031783Z A path returned 202. Retrying...
2023-11-13T01:36:38.5032066Z A path returned 202. Retrying...
2023-11-13T01:36:38.5032355Z A path returned 202. Retrying...
2023-11-13T01:36:38.5032645Z A path returned 202. Retrying...
2023-11-13T01:36:38.5032933Z A path returned 202. Retrying...
2023-11-13T01:36:38.5033228Z A path returned 202. Retrying...
2023-11-13T01:36:38.5033516Z A path returned 202. Retrying...
2023-11-13T01:36:38.5033826Z A path returned 202. Retrying...
2023-11-13T01:36:38.5034116Z A path returned 202. Retrying...
2023-11-13T01:36:38.5034405Z A path returned 202. Retrying...
2023-11-13T01:36:38.5034694Z A path returned 202. Retrying...
2023-11-13T01:36:38.5034984Z A path returned 202. Retrying...
2023-11-13T01:36:38.5035273Z A path returned 202. Retrying...
2023-11-13T01:36:38.5035565Z A path returned 202. Retrying...
2023-11-13T01:36:38.5035857Z A path returned 202. Retrying...
2023-11-13T01:36:38.5036144Z A path returned 202. Retrying...
2023-11-13T01:36:38.5036436Z A path returned 202. Retrying...
2023-11-13T01:36:38.5036726Z A path returned 202. Retrying...
2023-11-13T01:36:38.5037014Z A path returned 202. Retrying...
2023-11-13T01:44:46.3375448Z A path returned 202. Retrying...
2023-11-13T01:44:46.3376116Z A path returned 202. Retrying...
2023-11-13T01:44:46.3376676Z A path returned 202. Retrying...
2023-11-13T01:44:46.3377325Z A path returned 202. Retrying...
2023-11-13T01:44:46.3377831Z A path returned 202. Retrying...
2023-11-13T01:44:46.3378253Z A path returned 202. Retrying...
2023-11-13T01:44:46.3378587Z A path returned 202. Retrying...
2023-11-13T01:44:46.3378911Z A path returned 202. Retrying...
2023-11-13T01:44:46.3379227Z A path returned 202. Retrying...
2023-11-13T01:44:46.3379554Z A path returned 202. Retrying...
2023-11-13T01:44:46.3379893Z A path returned 202. Retrying...
2023-11-13T01:44:46.3380213Z A path returned 202. Retrying...
2023-11-13T01:44:46.3380527Z A path returned 202. Retrying...
2023-11-13T01:44:46.3380842Z A path returned 202. Retrying...
2023-11-13T01:44:46.3381155Z A path returned 202. Retrying...
2023-11-13T01:44:46.3381463Z A path returned 202. Retrying...
2023-11-13T01:44:46.3381775Z A path returned 202. Retrying...
2023-11-13T01:44:46.3382091Z A path returned 202. Retrying...
2023-11-13T01:44:46.3382402Z A path returned 202. Retrying...
2023-11-13T01:44:46.3382721Z A path returned 202. Retrying...
2023-11-13T01:44:46.3383032Z A path returned 202. Retrying...
2023-11-13T01:44:46.3383377Z A path returned 202. Retrying...
2023-11-13T01:44:46.3383690Z A path returned 202. Retrying...
2023-11-13T01:44:46.3384001Z A path returned 202. Retrying...
2023-11-13T01:44:46.3384310Z A path returned 202. Retrying...
2023-11-13T01:44:46.3384616Z A path returned 202. Retrying...
2023-11-13T01:44:46.3384927Z A path returned 202. Retrying...
2023-11-13T01:44:46.3385245Z A path returned 202. Retrying...
2023-11-13T01:44:46.3385577Z A path returned 202. Retrying...
2023-11-13T01:44:46.3385888Z A path returned 202. Retrying...
2023-11-13T01:44:46.3386201Z A path returned 202. Retrying...
2023-11-13T01:44:46.3386523Z A path returned 202. Retrying...
2023-11-13T01:44:46.3386831Z A path returned 202. Retrying...
2023-11-13T01:44:46.3387147Z A path returned 202. Retrying...
2023-11-13T01:44:46.3387459Z A path returned 202. Retrying...
2023-11-13T01:44:46.3387773Z A path returned 202. Retrying...
2023-11-13T01:44:46.3388390Z A path returned 202. Retrying...
2023-11-13T01:44:46.3388719Z A path returned 202. Retrying...
2023-11-13T01:44:46.3389035Z A path returned 202. Retrying...
2023-11-13T01:44:46.3389783Z A path returned 202. Retrying...
2023-11-13T01:44:46.3390267Z A path returned 202. Retrying...
2023-11-13T01:44:46.3390773Z A path returned 202. Retrying...
2023-11-13T01:44:46.3391199Z A path returned 202. Retrying...
2023-11-13T01:44:46.3391717Z A path returned 202. Retrying...
2023-11-13T01:44:46.3392037Z A path returned 202. Retrying...
2023-11-13T01:44:46.3392331Z A path returned 202. Retrying...
2023-11-13T01:44:46.3392621Z A path returned 202. Retrying...
2023-11-13T01:44:46.3392915Z A path returned 202. Retrying...
2023-11-13T01:44:46.3393214Z A path returned 202. Retrying...
2023-11-13T01:44:46.3393513Z A path returned 202. Retrying...
2023-11-13T01:44:46.3393809Z A path returned 202. Retrying...
2023-11-13T01:44:46.3394105Z A path returned 202. Retrying...
2023-11-13T01:44:46.3394402Z A path returned 202. Retrying...
2023-11-13T01:44:46.3394690Z A path returned 202. Retrying...
2023-11-13T01:44:46.3394982Z A path returned 202. Retrying...
2023-11-13T01:44:46.3395277Z A path returned 202. Retrying...
2023-11-13T01:44:46.3395570Z A path returned 202. Retrying...
2023-11-13T01:44:46.3395860Z A path returned 202. Retrying...
2023-11-13T01:44:46.3396152Z A path returned 202. Retrying...
2023-11-13T01:44:46.3396442Z A path returned 202. Retrying...
2023-11-13T01:44:46.3396735Z A path returned 202. Retrying...
2023-11-13T01:44:46.3397028Z A path returned 202. Retrying...
2023-11-13T01:44:46.3397325Z A path returned 202. Retrying...
2023-11-13T01:44:46.3397616Z A path returned 202. Retrying...
2023-11-13T01:44:46.3397916Z A path returned 202. Retrying...
2023-11-13T01:44:46.3398208Z A path returned 202. Retrying...
2023-11-13T01:44:46.3398501Z A path returned 202. Retrying...
2023-11-13T01:44:46.3398789Z A path returned 202. Retrying...
2023-11-13T01:44:46.3399080Z A path returned 202. Retrying...
2023-11-13T01:44:46.3399378Z A path returned 202. Retrying...
2023-11-13T01:44:46.3399670Z A path returned 202. Retrying...
2023-11-13T01:44:46.3399960Z A path returned 202. Retrying...
2023-11-13T01:44:46.3400253Z A path returned 202. Retrying...
2023-11-13T01:44:46.3400545Z A path returned 202. Retrying...
2023-11-13T01:44:46.3400834Z A path returned 202. Retrying...
2023-11-13T01:44:46.3401126Z A path returned 202. Retrying...
2023-11-13T01:44:46.3401429Z A path returned 202. Retrying...
2023-11-13T01:44:46.3401753Z A path returned 202. Retrying...
2023-11-13T01:44:46.3402058Z A path returned 202. Retrying...
2023-11-13T01:44:46.3402358Z A path returned 202. Retrying...
2023-11-13T01:44:46.3402649Z A path returned 202. Retrying...
2023-11-13T01:44:46.3402943Z A path returned 202. Retrying...
2023-11-13T01:44:46.3403235Z A path returned 202. Retrying...
2023-11-13T01:44:46.3403528Z A path returned 202. Retrying...
2023-11-13T01:44:46.3403823Z A path returned 202. Retrying...
2023-11-13T01:44:46.3404118Z A path returned 202. Retrying...
2023-11-13T01:44:46.3404411Z A path returned 202. Retrying...
2023-11-13T01:44:46.3404703Z A path returned 202. Retrying...
2023-11-13T01:44:46.3404986Z A path returned 202. Retrying...
2023-11-13T01:44:46.3405277Z A path returned 202. Retrying...
2023-11-13T01:44:46.3405570Z A path returned 202. Retrying...
2023-11-13T01:44:46.3405860Z A path returned 202. Retrying...
2023-11-13T01:44:46.3406154Z A path returned 202. Retrying...
2023-11-13T01:44:46.3406494Z A path returned 202. Retrying...
2023-11-13T01:44:46.3406786Z A path returned 202. Retrying...
2023-11-13T01:44:46.3407074Z A path returned 202. Retrying...
2023-11-13T01:44:46.3407365Z A path returned 202. Retrying...
2023-11-13T01:44:46.3407657Z A path returned 202. Retrying...
2023-11-13T01:44:46.3407948Z A path returned 202. Retrying...
2023-11-13T01:44:46.3408238Z A path returned 202. Retrying...
2023-11-13T01:44:46.3408527Z A path returned 202. Retrying...
2023-11-13T01:44:46.3408817Z A path returned 202. Retrying...
2023-11-13T01:44:46.3409270Z A path returned 202. Retrying...
2023-11-13T01:44:46.3409563Z A path returned 202. Retrying...
2023-11-13T01:44:46.3409856Z A path returned 202. Retrying...
2023-11-13T01:44:46.3410153Z A path returned 202. Retrying...
2023-11-13T01:44:46.3410444Z A path returned 202. Retrying...
2023-11-13T01:44:46.3410739Z A path returned 202. Retrying...
2023-11-13T01:44:46.3411030Z A path returned 202. Retrying...
2023-11-13T01:44:46.3411431Z A path returned 202. Retrying...
2023-11-13T01:44:46.3411730Z A path returned 202. Retrying...
2023-11-13T01:44:46.3412021Z A path returned 202. Retrying...
2023-11-13T01:44:46.3412310Z A path returned 202. Retrying...
2023-11-13T01:44:46.3412602Z A path returned 202. Retrying...
2023-11-13T01:44:46.3412892Z A path returned 202. Retrying...
2023-11-13T01:44:46.3413182Z A path returned 202. Retrying...
2023-11-13T01:44:46.3413468Z A path returned 202. Retrying...
2023-11-13T01:44:46.3413761Z A path returned 202. Retrying...
2023-11-13T01:44:46.3414061Z A path returned 202. Retrying...
2023-11-13T01:44:46.3414354Z A path returned 202. Retrying...
2023-11-13T01:44:46.3414646Z A path returned 202. Retrying...
2023-11-13T01:44:46.3414937Z A path returned 202. Retrying...
2023-11-13T01:44:46.3415230Z A path returned 202. Retrying...
2023-11-13T01:44:46.3415519Z A path returned 202. Retrying...
2023-11-13T01:44:46.3415812Z A path returned 202. Retrying...
2023-11-13T01:44:46.3416102Z A path returned 202. Retrying...
2023-11-13T01:44:46.3416397Z A path returned 202. Retrying...
2023-11-13T01:44:46.3416691Z A path returned 202. Retrying...
2023-11-13T01:44:46.3416985Z A path returned 202. Retrying...
2023-11-13T01:44:46.3417279Z A path returned 202. Retrying...
2023-11-13T01:44:46.3417565Z A path returned 202. Retrying...
2023-11-13T01:44:46.3417858Z A path returned 202. Retrying...
2023-11-13T01:44:46.3418148Z A path returned 202. Retrying...
2023-11-13T01:44:46.3418440Z A path returned 202. Retrying...
2023-11-13T01:44:46.3418731Z A path returned 202. Retrying...
2023-11-13T01:44:46.3419027Z A path returned 202. Retrying...
2023-11-13T01:44:46.3419319Z A path returned 202. Retrying...
2023-11-13T01:44:46.3419605Z A path returned 202. Retrying...
2023-11-13T01:44:46.3419902Z A path returned 202. Retrying...
2023-11-13T01:44:46.3420196Z A path returned 202. Retrying...
2023-11-13T01:44:46.3420487Z A path returned 202. Retrying...
2023-11-13T01:44:46.3420778Z A path returned 202. Retrying...
2023-11-13T01:44:46.3421073Z A path returned 202. Retrying...
2023-11-13T01:44:46.3421366Z A path returned 202. Retrying...
2023-11-13T01:44:46.3421652Z A path returned 202. Retrying...
2023-11-13T01:44:46.3421943Z A path returned 202. Retrying...
2023-11-13T01:44:46.3422237Z A path returned 202. Retrying...
2023-11-13T01:44:46.3422528Z A path returned 202. Retrying...
2023-11-13T01:44:46.3422824Z A path returned 202. Retrying...
2023-11-13T01:44:46.3423114Z A path returned 202. Retrying...
2023-11-13T01:44:46.3423408Z A path returned 202. Retrying...
2023-11-13T01:44:46.3423699Z A path returned 202. Retrying...
2023-11-13T01:44:46.3423990Z A path returned 202. Retrying...
2023-11-13T01:44:46.3424281Z A path returned 202. Retrying...
2023-11-13T01:44:46.3424612Z A path returned 202. Retrying...
2023-11-13T01:44:46.3424901Z A path returned 202. Retrying...
2023-11-13T01:44:46.3425192Z A path returned 202. Retrying...
2023-11-13T01:44:46.3425483Z A path returned 202. Retrying...
2023-11-13T01:44:46.3425790Z A path returned 202. Retrying...
2023-11-13T01:44:46.3426086Z A path returned 202. Retrying...
2023-11-13T01:44:46.3426378Z A path returned 202. Retrying...
2023-11-13T01:44:46.3426673Z A path returned 202. Retrying...
2023-11-13T01:44:46.3426963Z A path returned 202. Retrying...
2023-11-13T01:44:46.3427254Z A path returned 202. Retrying...
2023-11-13T01:44:46.3427545Z A path returned 202. Retrying...
2023-11-13T01:44:46.3427831Z A path returned 202. Retrying...
2023-11-13T01:44:46.3428122Z A path returned 202. Retrying...
2023-11-13T01:44:46.3428415Z A path returned 202. Retrying...
2023-11-13T01:44:46.3428833Z A path returned 202. Retrying...
2023-11-13T01:44:46.3429317Z A path returned 202. Retrying...
2023-11-13T01:44:46.3429672Z A path returned 202. Retrying...
2023-11-13T01:44:46.3429974Z A path returned 202. Retrying...
2023-11-13T01:44:46.3430266Z A path returned 202. Retrying...
2023-11-13T01:44:46.3430569Z A path returned 202. Retrying...
2023-11-13T01:44:46.3430863Z A path returned 202. Retrying...
2023-11-13T01:44:46.3431334Z A path returned 202. Retrying...
2023-11-13T01:44:46.3431708Z A path returned 202. Retrying...
2023-11-13T01:44:46.3432004Z A path returned 202. Retrying...
2023-11-13T01:44:46.3432300Z A path returned 202. Retrying...
2023-11-13T01:44:46.3432586Z A path returned 202. Retrying...
2023-11-13T01:44:46.3432877Z A path returned 202. Retrying...
2023-11-13T01:44:46.3433166Z A path returned 202. Retrying...
2023-11-13T01:44:46.3433457Z A path returned 202. Retrying...
2023-11-13T01:44:46.3433745Z A path returned 202. Retrying...
2023-11-13T01:44:46.3434045Z A path returned 202. Retrying...
2023-11-13T01:44:46.3434336Z A path returned 202. Retrying...
2023-11-13T01:44:46.3434624Z A path returned 202. Retrying...
2023-11-13T01:44:46.3434917Z A path returned 202. Retrying...
2023-11-13T01:44:46.3435207Z A path returned 202. Retrying...
2023-11-13T01:44:46.3435500Z A path returned 202. Retrying...
2023-11-13T01:44:46.3435794Z A path returned 202. Retrying...
2023-11-13T01:44:46.3436085Z A path returned 202. Retrying...
2023-11-13T01:44:46.3436382Z A path returned 202. Retrying...
2023-11-13T01:44:46.3436669Z A path returned 202. Retrying...
2023-11-13T01:44:46.3436965Z A path returned 202. Retrying...
2023-11-13T01:44:46.3596082Z ##[group]Run git config --global user.name "jstrieb/github-stats"
2023-11-13T01:44:46.3596672Z [36;1mgit config --global user.name "jstrieb/github-stats"[0m
2023-11-13T01:44:46.3597248Z [36;1mgit config --global user.email "github-stats[bot]@jstrieb.github.io"[0m
2023-11-13T01:44:46.3597715Z [36;1mgit add .[0m
2023-11-13T01:44:46.3598097Z [36;1m# Force the build to succeed, even if no files were changed[0m
2023-11-13T01:44:46.3598610Z [36;1mgit commit -m 'Update generated files' || true[0m
2023-11-13T01:44:46.3598986Z [36;1mgit push[0m
2023-11-13T01:44:46.3645924Z shell: /usr/bin/bash -e {0}
2023-11-13T01:44:46.3646218Z env:
2023-11-13T01:44:46.3646522Z   pythonLocation: /opt/hostedtoolcache/Python/3.8.18/x64
2023-11-13T01:44:46.3647068Z   PKG_CONFIG_PATH: /opt/hostedtoolcache/Python/3.8.18/x64/lib/pkgconfig
2023-11-13T01:44:46.3647595Z   Python_ROOT_DIR: /opt/hostedtoolcache/Python/3.8.18/x64
2023-11-13T01:44:46.3648093Z   Python2_ROOT_DIR: /opt/hostedtoolcache/Python/3.8.18/x64
2023-11-13T01:44:46.3648556Z   Python3_ROOT_DIR: /opt/hostedtoolcache/Python/3.8.18/x64
2023-11-13T01:44:46.3649044Z   LD_LIBRARY_PATH: /opt/hostedtoolcache/Python/3.8.18/x64/lib
2023-11-13T01:44:46.3649433Z ##[endgroup]
2023-11-13T01:44:47.2916628Z [master 0cebc0d] Update generated files
2023-11-13T01:44:47.2917583Z  2 files changed, 136 insertions(+), 154 deletions(-)
2023-11-13T01:44:47.9681143Z To https://github.com/seanpm2001/GitHub_Stats_A
2023-11-13T01:44:47.9682056Z    c8d7f5e..0cebc0d  master -> master
2023-11-13T01:44:47.9765925Z Post job cleanup.
2023-11-13T01:44:48.0976879Z Cache hit occurred on the primary key setup-python-Linux-22.04-Ubuntu-python-3.8.18-pip-60f2a6c0212a9b74a155cd81b58dd07fd8b180833132566260d95f4de42fe218, not saving cache.
2023-11-13T01:44:48.1087661Z Post job cleanup.
2023-11-13T01:44:48.1922145Z [command]/usr/bin/git version
2023-11-13T01:44:48.1966409Z git version 2.42.0
2023-11-13T01:44:48.1998790Z Copying '/home/runner/.gitconfig' to '/home/runner/work/_temp/b2adefa3-7ea6-4f43-a4b8-036617cf683d/.gitconfig'
2023-11-13T01:44:48.2008907Z Temporarily overriding HOME='/home/runner/work/_temp/b2adefa3-7ea6-4f43-a4b8-036617cf683d' before making global git config changes
2023-11-13T01:44:48.2010049Z Adding repository directory to the temporary git global config as a safe directory
2023-11-13T01:44:48.2014066Z [command]/usr/bin/git config --global --add safe.directory /home/runner/work/GitHub_Stats_A/GitHub_Stats_A
2023-11-13T01:44:48.2055667Z [command]/usr/bin/git config --local --name-only --get-regexp core\.sshCommand
2023-11-13T01:44:48.2093988Z [command]/usr/bin/git submodule foreach --recursive sh -c "git config --local --name-only --get-regexp 'core\.sshCommand' && git config --local --unset-all 'core.sshCommand' || :"
2023-11-13T01:44:48.2356608Z [command]/usr/bin/git config --local --name-only --get-regexp http\.https\:\/\/github\.com\/\.extraheader
2023-11-13T01:44:48.2386154Z http.https://github.com/.extraheader
2023-11-13T01:44:48.2397130Z [command]/usr/bin/git config --local --unset-all http.https://github.com/.extraheader
2023-11-13T01:44:48.2437924Z [command]/usr/bin/git submodule foreach --recursive sh -c "git config --local --name-only --get-regexp 'http\.https\:\/\/github\.com\/\.extraheader' && git config --local --unset-all 'http.https://github.com/.extraheader' || :"
2023-11-13T01:44:48.2925532Z Cleaning up orphan processes
