2023-02-04T01:19:51.9719912Z Requested labels: ubuntu-latest
2023-02-04T01:19:51.9719959Z Job defined at: seanpm2001/GitHub_Stats_A/.github/workflows/main.yml@refs/heads/master
2023-02-04T01:19:51.9720050Z Waiting for a runner to pick up this job...
2023-02-04T01:20:06.6674146Z Job is waiting for a hosted runner to come online.
2023-02-04T01:20:09.7368488Z Job is about to start running on the hosted runner: Hosted Agent (hosted)
2023-02-04T01:20:12.1283070Z Current runner version: '2.301.1'
2023-02-04T01:20:12.1310457Z ##[group]Operating System
2023-02-04T01:20:12.1311090Z Ubuntu
2023-02-04T01:20:12.1311401Z 22.04.1
2023-02-04T01:20:12.1311635Z LTS
2023-02-04T01:20:12.1311932Z ##[endgroup]
2023-02-04T01:20:12.1312281Z ##[group]Runner Image
2023-02-04T01:20:12.1312659Z Image: ubuntu-22.04
2023-02-04T01:20:12.1312933Z Version: 20230129.2
2023-02-04T01:20:12.1313438Z Included Software: https://github.com/actions/runner-images/blob/ubuntu22/20230129.2/images/linux/Ubuntu2204-Readme.md
2023-02-04T01:20:12.1314070Z Image Release: https://github.com/actions/runner-images/releases/tag/ubuntu22%2F20230129.2
2023-02-04T01:20:12.1314545Z ##[endgroup]
2023-02-04T01:20:12.1314885Z ##[group]Runner Image Provisioner
2023-02-04T01:20:12.1315174Z 2.0.98.1
2023-02-04T01:20:12.1315464Z ##[endgroup]
2023-02-04T01:20:12.1316145Z ##[group]GITHUB_TOKEN Permissions
2023-02-04T01:20:12.1316664Z Contents: write
2023-02-04T01:20:12.1316942Z Metadata: read
2023-02-04T01:20:12.1317397Z ##[endgroup]
2023-02-04T01:20:12.1321081Z Secret source: Actions
2023-02-04T01:20:12.1321668Z Prepare workflow directory
2023-02-04T01:20:12.2142398Z Prepare all required actions
2023-02-04T01:20:12.2335111Z Getting action download info
2023-02-04T01:20:12.4376488Z Download action repository 'actions/checkout@v3' (SHA:ac593985615ec2ede58e132d2e21d2b1cbd6127c)
2023-02-04T01:20:12.7805665Z Download action repository 'actions/setup-python@v4' (SHA:d27e3f3d7c64b4bbf8e4abfb9b63b83e846e0435)
2023-02-04T01:20:13.1543024Z Complete job name: build
2023-02-04T01:20:13.2542305Z ##[group]Run actions/checkout@v3
2023-02-04T01:20:13.2542620Z with:
2023-02-04T01:20:13.2542888Z   repository: seanpm2001/GitHub_Stats_A
2023-02-04T01:20:13.2543398Z   token: ***
2023-02-04T01:20:13.2543637Z   ssh-strict: true
2023-02-04T01:20:13.2543892Z   persist-credentials: true
2023-02-04T01:20:13.2544151Z   clean: true
2023-02-04T01:20:13.2544384Z   fetch-depth: 1
2023-02-04T01:20:13.2544614Z   lfs: false
2023-02-04T01:20:13.2544827Z   submodules: false
2023-02-04T01:20:13.2545111Z   set-safe-directory: true
2023-02-04T01:20:13.2545380Z ##[endgroup]
2023-02-04T01:20:13.6171360Z Syncing repository: seanpm2001/GitHub_Stats_A
2023-02-04T01:20:13.6173215Z ##[group]Getting Git version info
2023-02-04T01:20:13.6173771Z Working directory is '/home/runner/work/GitHub_Stats_A/GitHub_Stats_A'
2023-02-04T01:20:13.6174374Z [command]/usr/bin/git version
2023-02-04T01:20:13.6280523Z git version 2.39.1
2023-02-04T01:20:13.6311482Z ##[endgroup]
2023-02-04T01:20:13.6329487Z Temporarily overriding HOME='/home/runner/work/_temp/e38648dd-1d1b-40af-92c8-2ddf4ed09f80' before making global git config changes
2023-02-04T01:20:13.6330057Z Adding repository directory to the temporary git global config as a safe directory
2023-02-04T01:20:13.6334908Z [command]/usr/bin/git config --global --add safe.directory /home/runner/work/GitHub_Stats_A/GitHub_Stats_A
2023-02-04T01:20:13.6388890Z Deleting the contents of '/home/runner/work/GitHub_Stats_A/GitHub_Stats_A'
2023-02-04T01:20:13.6396475Z ##[group]Initializing the repository
2023-02-04T01:20:13.6400779Z [command]/usr/bin/git init /home/runner/work/GitHub_Stats_A/GitHub_Stats_A
2023-02-04T01:20:13.6481821Z hint: Using 'master' as the name for the initial branch. This default branch name
2023-02-04T01:20:13.6482805Z hint: is subject to change. To configure the initial branch name to use in all
2023-02-04T01:20:13.6483308Z hint: of your new repositories, which will suppress this warning, call:
2023-02-04T01:20:13.6483621Z hint: 
2023-02-04T01:20:13.6484140Z hint: 	git config --global init.defaultBranch <name>
2023-02-04T01:20:13.6484415Z hint: 
2023-02-04T01:20:13.6484813Z hint: Names commonly chosen instead of 'master' are 'main', 'trunk' and
2023-02-04T01:20:13.6485321Z hint: 'development'. The just-created branch can be renamed via this command:
2023-02-04T01:20:13.6485634Z hint: 
2023-02-04T01:20:13.6485897Z hint: 	git branch -m <name>
2023-02-04T01:20:13.6496676Z Initialized empty Git repository in /home/runner/work/GitHub_Stats_A/GitHub_Stats_A/.git/
2023-02-04T01:20:13.6512305Z [command]/usr/bin/git remote add origin https://github.com/seanpm2001/GitHub_Stats_A
2023-02-04T01:20:13.6560946Z ##[endgroup]
2023-02-04T01:20:13.6561747Z ##[group]Disabling automatic garbage collection
2023-02-04T01:20:13.6564108Z [command]/usr/bin/git config --local gc.auto 0
2023-02-04T01:20:13.6601414Z ##[endgroup]
2023-02-04T01:20:13.6602122Z ##[group]Setting up auth
2023-02-04T01:20:13.6608911Z [command]/usr/bin/git config --local --name-only --get-regexp core\.sshCommand
2023-02-04T01:20:13.6644037Z [command]/usr/bin/git submodule foreach --recursive sh -c "git config --local --name-only --get-regexp 'core\.sshCommand' && git config --local --unset-all 'core.sshCommand' || :"
2023-02-04T01:20:13.7087017Z [command]/usr/bin/git config --local --name-only --get-regexp http\.https\:\/\/github\.com\/\.extraheader
2023-02-04T01:20:13.7115041Z [command]/usr/bin/git submodule foreach --recursive sh -c "git config --local --name-only --get-regexp 'http\.https\:\/\/github\.com\/\.extraheader' && git config --local --unset-all 'http.https://github.com/.extraheader' || :"
2023-02-04T01:20:13.7355496Z [command]/usr/bin/git config --local http.https://github.com/.extraheader AUTHORIZATION: basic ***
2023-02-04T01:20:13.7398835Z ##[endgroup]
2023-02-04T01:20:13.7399607Z ##[group]Fetching the repository
2023-02-04T01:20:13.7410807Z [command]/usr/bin/git -c protocol.version=2 fetch --no-tags --prune --progress --no-recurse-submodules --depth=1 origin +ea65802fe7a66e7181a2d3821b6daa9e38a80494:refs/remotes/origin/master
2023-02-04T01:20:14.0157424Z remote: Enumerating objects: 3538, done.        
2023-02-04T01:20:14.0208518Z remote: Counting objects:   0% (1/3538)        
2023-02-04T01:20:14.0220406Z remote: Counting objects:   1% (36/3538)        
2023-02-04T01:20:14.0232134Z remote: Counting objects:   2% (71/3538)        
2023-02-04T01:20:14.0236591Z remote: Counting objects:   3% (107/3538)        
2023-02-04T01:20:14.0240604Z remote: Counting objects:   4% (142/3538)        
2023-02-04T01:20:14.0244143Z remote: Counting objects:   5% (177/3538)        
2023-02-04T01:20:14.0247245Z remote: Counting objects:   6% (213/3538)        
2023-02-04T01:20:14.0250404Z remote: Counting objects:   7% (248/3538)        
2023-02-04T01:20:14.0253481Z remote: Counting objects:   8% (284/3538)        
2023-02-04T01:20:14.0256625Z remote: Counting objects:   9% (319/3538)        
2023-02-04T01:20:14.0260687Z remote: Counting objects:  10% (354/3538)        
2023-02-04T01:20:14.0266062Z remote: Counting objects:  11% (390/3538)        
2023-02-04T01:20:14.0271249Z remote: Counting objects:  12% (425/3538)        
2023-02-04T01:20:14.0274532Z remote: Counting objects:  13% (460/3538)        
2023-02-04T01:20:14.0277528Z remote: Counting objects:  14% (496/3538)        
2023-02-04T01:20:14.0280524Z remote: Counting objects:  15% (531/3538)        
2023-02-04T01:20:14.0283217Z remote: Counting objects:  16% (567/3538)        
2023-02-04T01:20:14.0285986Z remote: Counting objects:  17% (602/3538)        
2023-02-04T01:20:14.0288647Z remote: Counting objects:  18% (637/3538)        
2023-02-04T01:20:14.0291340Z remote: Counting objects:  19% (673/3538)        
2023-02-04T01:20:14.0295212Z remote: Counting objects:  20% (708/3538)        
2023-02-04T01:20:14.0298177Z remote: Counting objects:  21% (743/3538)        
2023-02-04T01:20:14.0301236Z remote: Counting objects:  22% (779/3538)        
2023-02-04T01:20:14.0303379Z remote: Counting objects:  23% (814/3538)        
2023-02-04T01:20:14.0305432Z remote: Counting objects:  24% (850/3538)        
2023-02-04T01:20:14.0307660Z remote: Counting objects:  25% (885/3538)        
2023-02-04T01:20:14.0309648Z remote: Counting objects:  26% (920/3538)        
2023-02-04T01:20:14.0311636Z remote: Counting objects:  27% (956/3538)        
2023-02-04T01:20:14.0313590Z remote: Counting objects:  28% (991/3538)        
2023-02-04T01:20:14.0315403Z remote: Counting objects:  29% (1027/3538)        
2023-02-04T01:20:14.0317274Z remote: Counting objects:  30% (1062/3538)        
2023-02-04T01:20:14.0319446Z remote: Counting objects:  31% (1097/3538)        
2023-02-04T01:20:14.0321608Z remote: Counting objects:  32% (1133/3538)        
2023-02-04T01:20:14.0323643Z remote: Counting objects:  33% (1168/3538)        
2023-02-04T01:20:14.0325715Z remote: Counting objects:  34% (1203/3538)        
2023-02-04T01:20:14.0327710Z remote: Counting objects:  35% (1239/3538)        
2023-02-04T01:20:14.0329821Z remote: Counting objects:  36% (1274/3538)        
2023-02-04T01:20:14.0331809Z remote: Counting objects:  37% (1310/3538)        
2023-02-04T01:20:14.0334695Z remote: Counting objects:  38% (1345/3538)        
2023-02-04T01:20:14.0337030Z remote: Counting objects:  39% (1380/3538)        
2023-02-04T01:20:14.0339105Z remote: Counting objects:  40% (1416/3538)        
2023-02-04T01:20:14.0340942Z remote: Counting objects:  41% (1451/3538)        
2023-02-04T01:20:14.0342769Z remote: Counting objects:  42% (1486/3538)        
2023-02-04T01:20:14.0344566Z remote: Counting objects:  43% (1522/3538)        
2023-02-04T01:20:14.0346643Z remote: Counting objects:  44% (1557/3538)        
2023-02-04T01:20:14.0348242Z remote: Counting objects:  45% (1593/3538)        
2023-02-04T01:20:14.0349993Z remote: Counting objects:  46% (1628/3538)        
2023-02-04T01:20:14.0351615Z remote: Counting objects:  47% (1663/3538)        
2023-02-04T01:20:14.0353200Z remote: Counting objects:  48% (1699/3538)        
2023-02-04T01:20:14.0354820Z remote: Counting objects:  49% (1734/3538)        
2023-02-04T01:20:14.0356563Z remote: Counting objects:  50% (1769/3538)        
2023-02-04T01:20:14.0358355Z remote: Counting objects:  51% (1805/3538)        
2023-02-04T01:20:14.0359937Z remote: Counting objects:  52% (1840/3538)        
2023-02-04T01:20:14.0361565Z remote: Counting objects:  53% (1876/3538)        
2023-02-04T01:20:14.0363108Z remote: Counting objects:  54% (1911/3538)        
2023-02-04T01:20:14.0364768Z remote: Counting objects:  55% (1946/3538)        
2023-02-04T01:20:14.0368897Z remote: Counting objects:  56% (1982/3538)        
2023-02-04T01:20:14.0369250Z remote: Counting objects:  57% (2017/3538)        
2023-02-04T01:20:14.0369579Z remote: Counting objects:  58% (2053/3538)        
2023-02-04T01:20:14.0369951Z remote: Counting objects:  59% (2088/3538)        
2023-02-04T01:20:14.0370284Z remote: Counting objects:  60% (2123/3538)        
2023-02-04T01:20:14.0370610Z remote: Counting objects:  61% (2159/3538)        
2023-02-04T01:20:14.0370921Z remote: Counting objects:  62% (2194/3538)        
2023-02-04T01:20:14.0371255Z remote: Counting objects:  63% (2229/3538)        
2023-02-04T01:20:14.0371594Z remote: Counting objects:  64% (2265/3538)        
2023-02-04T01:20:14.0371920Z remote: Counting objects:  65% (2300/3538)        
2023-02-04T01:20:14.0372244Z remote: Counting objects:  66% (2336/3538)        
2023-02-04T01:20:14.0372552Z remote: Counting objects:  67% (2371/3538)        
2023-02-04T01:20:14.0372873Z remote: Counting objects:  68% (2406/3538)        
2023-02-04T01:20:14.0373199Z remote: Counting objects:  69% (2442/3538)        
2023-02-04T01:20:14.0373521Z remote: Counting objects:  70% (2477/3538)        
2023-02-04T01:20:14.0373829Z remote: Counting objects:  71% (2512/3538)        
2023-02-04T01:20:14.0374148Z remote: Counting objects:  72% (2548/3538)        
2023-02-04T01:20:14.0374469Z remote: Counting objects:  73% (2583/3538)        
2023-02-04T01:20:14.0374789Z remote: Counting objects:  74% (2619/3538)        
2023-02-04T01:20:14.0375097Z remote: Counting objects:  75% (2654/3538)        
2023-02-04T01:20:14.0375418Z remote: Counting objects:  76% (2689/3538)        
2023-02-04T01:20:14.0375739Z remote: Counting objects:  77% (2725/3538)        
2023-02-04T01:20:14.0376060Z remote: Counting objects:  78% (2760/3538)        
2023-02-04T01:20:14.0376365Z remote: Counting objects:  79% (2796/3538)        
2023-02-04T01:20:14.0376684Z remote: Counting objects:  80% (2831/3538)        
2023-02-04T01:20:14.0377004Z remote: Counting objects:  81% (2866/3538)        
2023-02-04T01:20:14.0377512Z remote: Counting objects:  82% (2902/3538)        
2023-02-04T01:20:14.0377817Z remote: Counting objects:  83% (2937/3538)        
2023-02-04T01:20:14.0378141Z remote: Counting objects:  84% (2972/3538)        
2023-02-04T01:20:14.0378465Z remote: Counting objects:  85% (3008/3538)        
2023-02-04T01:20:14.0378787Z remote: Counting objects:  86% (3043/3538)        
2023-02-04T01:20:14.0379106Z remote: Counting objects:  87% (3079/3538)        
2023-02-04T01:20:14.0379418Z remote: Counting objects:  88% (3114/3538)        
2023-02-04T01:20:14.0379741Z remote: Counting objects:  89% (3149/3538)        
2023-02-04T01:20:14.0380063Z remote: Counting objects:  90% (3185/3538)        
2023-02-04T01:20:14.0380385Z remote: Counting objects:  91% (3220/3538)        
2023-02-04T01:20:14.0380692Z remote: Counting objects:  92% (3255/3538)        
2023-02-04T01:20:14.0381086Z remote: Counting objects:  93% (3291/3538)        
2023-02-04T01:20:14.0381348Z remote: Counting objects:  94% (3326/3538)        
2023-02-04T01:20:14.0381616Z remote: Counting objects:  95% (3362/3538)        
2023-02-04T01:20:14.0381863Z remote: Counting objects:  96% (3397/3538)        
2023-02-04T01:20:14.0382124Z remote: Counting objects:  97% (3432/3538)        
2023-02-04T01:20:14.0382389Z remote: Counting objects:  98% (3468/3538)        
2023-02-04T01:20:14.0382650Z remote: Counting objects:  99% (3503/3538)        
2023-02-04T01:20:14.0382898Z remote: Counting objects: 100% (3538/3538)        
2023-02-04T01:20:14.0383240Z remote: Counting objects: 100% (3538/3538), done.        
2023-02-04T01:20:14.0383540Z remote: Compressing objects:   0% (1/1270)        
2023-02-04T01:20:14.0564556Z remote: Compressing objects:   1% (13/1270)        
2023-02-04T01:20:14.0568287Z remote: Compressing objects:   2% (26/1270)        
2023-02-04T01:20:14.0568696Z remote: Compressing objects:   3% (39/1270)        
2023-02-04T01:20:14.0569089Z remote: Compressing objects:   4% (51/1270)        
2023-02-04T01:20:14.0569481Z remote: Compressing objects:   5% (64/1270)        
2023-02-04T01:20:14.0569884Z remote: Compressing objects:   6% (77/1270)        
2023-02-04T01:20:14.0570248Z remote: Compressing objects:   7% (89/1270)        
2023-02-04T01:20:14.0577391Z remote: Compressing objects:   8% (102/1270)        
2023-02-04T01:20:14.0577883Z remote: Compressing objects:   9% (115/1270)        
2023-02-04T01:20:14.0578277Z remote: Compressing objects:  10% (127/1270)        
2023-02-04T01:20:14.0578651Z remote: Compressing objects:  11% (140/1270)        
2023-02-04T01:20:14.0579059Z remote: Compressing objects:  12% (153/1270)        
2023-02-04T01:20:14.0579449Z remote: Compressing objects:  13% (166/1270)        
2023-02-04T01:20:14.0582672Z remote: Compressing objects:  14% (178/1270)        
2023-02-04T01:20:14.0583145Z remote: Compressing objects:  15% (191/1270)        
2023-02-04T01:20:14.0583536Z remote: Compressing objects:  16% (204/1270)        
2023-02-04T01:20:14.0583927Z remote: Compressing objects:  17% (216/1270)        
2023-02-04T01:20:14.0584320Z remote: Compressing objects:  18% (229/1270)        
2023-02-04T01:20:14.0584747Z remote: Compressing objects:  19% (242/1270)        
2023-02-04T01:20:14.0585110Z remote: Compressing objects:  20% (254/1270)        
2023-02-04T01:20:14.0585489Z remote: Compressing objects:  21% (267/1270)        
2023-02-04T01:20:14.0585869Z remote: Compressing objects:  22% (280/1270)        
2023-02-04T01:20:14.0586252Z remote: Compressing objects:  23% (293/1270)        
2023-02-04T01:20:14.0586619Z remote: Compressing objects:  24% (305/1270)        
2023-02-04T01:20:14.0869519Z remote: Compressing objects:  25% (318/1270)        
2023-02-04T01:20:14.0891215Z remote: Compressing objects:  26% (331/1270)        
2023-02-04T01:20:14.1027624Z remote: Compressing objects:  27% (343/1270)        
2023-02-04T01:20:14.1136004Z remote: Compressing objects:  28% (356/1270)        
2023-02-04T01:20:14.1290321Z remote: Compressing objects:  29% (369/1270)        
2023-02-04T01:20:14.1345570Z remote: Compressing objects:  30% (381/1270)        
2023-02-04T01:20:14.1443844Z remote: Compressing objects:  31% (394/1270)        
2023-02-04T01:20:14.1573310Z remote: Compressing objects:  32% (407/1270)        
2023-02-04T01:20:14.1686900Z remote: Compressing objects:  33% (420/1270)        
2023-02-04T01:20:14.1753995Z remote: Compressing objects:  34% (432/1270)        
2023-02-04T01:20:14.1800002Z remote: Compressing objects:  35% (445/1270)        
2023-02-04T01:20:14.1803837Z remote: Compressing objects:  36% (458/1270)        
2023-02-04T01:20:14.1971315Z remote: Compressing objects:  37% (470/1270)        
2023-02-04T01:20:14.2041650Z remote: Compressing objects:  38% (483/1270)        
2023-02-04T01:20:14.2113977Z remote: Compressing objects:  39% (496/1270)        
2023-02-04T01:20:14.2115538Z remote: Compressing objects:  40% (508/1270)        
2023-02-04T01:20:14.2116101Z remote: Compressing objects:  41% (521/1270)        
2023-02-04T01:20:14.2116982Z remote: Compressing objects:  42% (534/1270)        
2023-02-04T01:20:14.2117641Z remote: Compressing objects:  43% (547/1270)        
2023-02-04T01:20:14.2165357Z remote: Compressing objects:  44% (559/1270)        
2023-02-04T01:20:14.2166065Z remote: Compressing objects:  45% (572/1270)        
2023-02-04T01:20:14.2166863Z remote: Compressing objects:  46% (585/1270)        
2023-02-04T01:20:14.2168661Z remote: Compressing objects:  47% (597/1270)        
2023-02-04T01:20:14.2169000Z remote: Compressing objects:  48% (610/1270)        
2023-02-04T01:20:14.2171206Z remote: Compressing objects:  49% (623/1270)        
2023-02-04T01:20:14.2171937Z remote: Compressing objects:  50% (635/1270)        
2023-02-04T01:20:14.2172390Z remote: Compressing objects:  51% (648/1270)        
2023-02-04T01:20:14.2177902Z remote: Compressing objects:  52% (661/1270)        
2023-02-04T01:20:14.2178249Z remote: Compressing objects:  53% (674/1270)        
2023-02-04T01:20:14.2181721Z remote: Compressing objects:  54% (686/1270)        
2023-02-04T01:20:14.2186124Z remote: Compressing objects:  55% (699/1270)        
2023-02-04T01:20:14.2186454Z remote: Compressing objects:  56% (712/1270)        
2023-02-04T01:20:14.2189996Z remote: Compressing objects:  57% (724/1270)        
2023-02-04T01:20:14.2193946Z remote: Compressing objects:  58% (737/1270)        
2023-02-04T01:20:14.2195163Z remote: Compressing objects:  59% (750/1270)        
2023-02-04T01:20:14.2198291Z remote: Compressing objects:  60% (762/1270)        
2023-02-04T01:20:14.2203885Z remote: Compressing objects:  61% (775/1270)        
2023-02-04T01:20:14.2207041Z remote: Compressing objects:  62% (788/1270)        
2023-02-04T01:20:14.2208341Z remote: Compressing objects:  63% (801/1270)        
2023-02-04T01:20:14.2209565Z remote: Compressing objects:  64% (813/1270)        
2023-02-04T01:20:14.2210299Z remote: Compressing objects:  65% (826/1270)        
2023-02-04T01:20:14.2210929Z remote: Compressing objects:  66% (839/1270)        
2023-02-04T01:20:14.2211576Z remote: Compressing objects:  67% (851/1270)        
2023-02-04T01:20:14.2212224Z remote: Compressing objects:  68% (864/1270)        
2023-02-04T01:20:14.2213073Z remote: Compressing objects:  69% (877/1270)        
2023-02-04T01:20:14.2213612Z remote: Compressing objects:  70% (889/1270)        
2023-02-04T01:20:14.2214348Z remote: Compressing objects:  71% (902/1270)        
2023-02-04T01:20:14.2215322Z remote: Compressing objects:  72% (915/1270)        
2023-02-04T01:20:14.2215879Z remote: Compressing objects:  73% (928/1270)        
2023-02-04T01:20:14.2216531Z remote: Compressing objects:  74% (940/1270)        
2023-02-04T01:20:14.2220696Z remote: Compressing objects:  75% (953/1270)        
2023-02-04T01:20:14.2221340Z remote: Compressing objects:  76% (966/1270)        
2023-02-04T01:20:14.2222122Z remote: Compressing objects:  77% (978/1270)        
2023-02-04T01:20:14.2223419Z remote: Compressing objects:  78% (991/1270)        
2023-02-04T01:20:14.2224157Z remote: Compressing objects:  79% (1004/1270)        
2023-02-04T01:20:14.2225119Z remote: Compressing objects:  80% (1016/1270)        
2023-02-04T01:20:14.2225768Z remote: Compressing objects:  81% (1029/1270)        
2023-02-04T01:20:14.2226424Z remote: Compressing objects:  82% (1042/1270)        
2023-02-04T01:20:14.2226843Z remote: Compressing objects:  83% (1055/1270)        
2023-02-04T01:20:14.2227434Z remote: Compressing objects:  84% (1067/1270)        
2023-02-04T01:20:14.2228342Z remote: Compressing objects:  85% (1080/1270)        
2023-02-04T01:20:14.2229772Z remote: Compressing objects:  86% (1093/1270)        
2023-02-04T01:20:14.2230261Z remote: Compressing objects:  87% (1105/1270)        
2023-02-04T01:20:14.2230686Z remote: Compressing objects:  88% (1118/1270)        
2023-02-04T01:20:14.2231103Z remote: Compressing objects:  89% (1131/1270)        
2023-02-04T01:20:14.2231814Z remote: Compressing objects:  90% (1143/1270)        
2023-02-04T01:20:14.2232346Z remote: Compressing objects:  91% (1156/1270)        
2023-02-04T01:20:14.2234406Z remote: Compressing objects:  92% (1169/1270)        
2023-02-04T01:20:14.2235133Z remote: Compressing objects:  93% (1182/1270)        
2023-02-04T01:20:14.2236255Z remote: Compressing objects:  94% (1194/1270)        
2023-02-04T01:20:14.2252556Z remote: Compressing objects:  95% (1207/1270)        
2023-02-04T01:20:14.2253270Z remote: Compressing objects:  96% (1220/1270)        
2023-02-04T01:20:14.2253696Z remote: Compressing objects:  97% (1232/1270)        
2023-02-04T01:20:14.2254383Z remote: Compressing objects:  98% (1245/1270)        
2023-02-04T01:20:14.2254986Z remote: Compressing objects:  99% (1258/1270)        
2023-02-04T01:20:14.2255412Z remote: Compressing objects: 100% (1270/1270)        
2023-02-04T01:20:14.2256040Z remote: Compressing objects: 100% (1270/1270), done.        
2023-02-04T01:20:14.2281430Z Receiving objects:   0% (1/3538)
2023-02-04T01:20:14.2391557Z Receiving objects:   1% (36/3538)
2023-02-04T01:20:14.2449352Z Receiving objects:   2% (71/3538)
2023-02-04T01:20:14.2450092Z Receiving objects:   3% (107/3538)
2023-02-04T01:20:14.2470455Z Receiving objects:   4% (142/3538)
2023-02-04T01:20:14.2526899Z Receiving objects:   5% (177/3538)
2023-02-04T01:20:14.2557179Z Receiving objects:   6% (213/3538)
2023-02-04T01:20:14.2595820Z Receiving objects:   7% (248/3538)
2023-02-04T01:20:14.2652897Z Receiving objects:   8% (284/3538)
2023-02-04T01:20:14.2672557Z Receiving objects:   9% (319/3538)
2023-02-04T01:20:14.2722491Z Receiving objects:  10% (354/3538)
2023-02-04T01:20:14.2727914Z Receiving objects:  11% (390/3538)
2023-02-04T01:20:14.2836961Z Receiving objects:  12% (425/3538)
2023-02-04T01:20:14.2839270Z Receiving objects:  13% (460/3538)
2023-02-04T01:20:14.2843078Z Receiving objects:  14% (496/3538)
2023-02-04T01:20:14.2845333Z Receiving objects:  15% (531/3538)
2023-02-04T01:20:14.2847339Z Receiving objects:  16% (567/3538)
2023-02-04T01:20:14.2849534Z Receiving objects:  17% (602/3538)
2023-02-04T01:20:14.2849962Z Receiving objects:  18% (637/3538)
2023-02-04T01:20:14.2851896Z Receiving objects:  19% (673/3538)
2023-02-04T01:20:14.2852190Z Receiving objects:  20% (708/3538)
2023-02-04T01:20:14.2958766Z Receiving objects:  21% (743/3538)
2023-02-04T01:20:14.3097844Z Receiving objects:  22% (779/3538)
2023-02-04T01:20:14.3210216Z Receiving objects:  23% (814/3538)
2023-02-04T01:20:14.3280787Z Receiving objects:  24% (850/3538)
2023-02-04T01:20:14.3395402Z Receiving objects:  25% (885/3538)
2023-02-04T01:20:14.3466748Z Receiving objects:  26% (920/3538)
2023-02-04T01:20:14.3530260Z Receiving objects:  27% (956/3538)
2023-02-04T01:20:14.3605252Z Receiving objects:  28% (991/3538)
2023-02-04T01:20:14.3691061Z Receiving objects:  29% (1027/3538)
2023-02-04T01:20:14.3777314Z Receiving objects:  30% (1062/3538)
2023-02-04T01:20:14.3823053Z Receiving objects:  31% (1097/3538)
2023-02-04T01:20:14.3870222Z Receiving objects:  32% (1133/3538)
2023-02-04T01:20:14.3909960Z Receiving objects:  33% (1168/3538)
2023-02-04T01:20:14.3985214Z Receiving objects:  34% (1203/3538)
2023-02-04T01:20:14.4048559Z Receiving objects:  35% (1239/3538)
2023-02-04T01:20:14.4086911Z Receiving objects:  36% (1274/3538)
2023-02-04T01:20:14.4136739Z Receiving objects:  37% (1310/3538)
2023-02-04T01:20:14.4203878Z Receiving objects:  38% (1345/3538)
2023-02-04T01:20:14.4249284Z Receiving objects:  39% (1380/3538)
2023-02-04T01:20:14.4292740Z Receiving objects:  40% (1416/3538)
2023-02-04T01:20:14.4329693Z Receiving objects:  41% (1451/3538)
2023-02-04T01:20:14.4392917Z Receiving objects:  42% (1486/3538)
2023-02-04T01:20:14.4428891Z Receiving objects:  43% (1522/3538)
2023-02-04T01:20:14.4462717Z Receiving objects:  44% (1557/3538)
2023-02-04T01:20:14.4553938Z Receiving objects:  45% (1593/3538)
2023-02-04T01:20:14.4612929Z Receiving objects:  46% (1628/3538)
2023-02-04T01:20:14.4642730Z Receiving objects:  47% (1663/3538)
2023-02-04T01:20:14.4696985Z Receiving objects:  48% (1699/3538)
2023-02-04T01:20:14.4764938Z Receiving objects:  49% (1734/3538)
2023-02-04T01:20:14.4807620Z Receiving objects:  50% (1769/3538)
2023-02-04T01:20:14.4867438Z Receiving objects:  51% (1805/3538)
2023-02-04T01:20:14.4937685Z Receiving objects:  52% (1840/3538)
2023-02-04T01:20:14.4966522Z Receiving objects:  53% (1876/3538)
2023-02-04T01:20:14.5039436Z Receiving objects:  54% (1911/3538)
2023-02-04T01:20:14.5120687Z Receiving objects:  55% (1946/3538)
2023-02-04T01:20:14.5181686Z Receiving objects:  56% (1982/3538)
2023-02-04T01:20:14.5220833Z Receiving objects:  57% (2017/3538)
2023-02-04T01:20:14.5258633Z Receiving objects:  58% (2053/3538)
2023-02-04T01:20:14.5330819Z Receiving objects:  59% (2088/3538)
2023-02-04T01:20:14.5370145Z Receiving objects:  60% (2123/3538)
2023-02-04T01:20:14.5438588Z Receiving objects:  61% (2159/3538)
2023-02-04T01:20:14.5480324Z Receiving objects:  62% (2194/3538)
2023-02-04T01:20:14.5550712Z Receiving objects:  63% (2229/3538)
2023-02-04T01:20:14.5580889Z Receiving objects:  64% (2265/3538)
2023-02-04T01:20:14.5625415Z Receiving objects:  65% (2300/3538)
2023-02-04T01:20:14.5655633Z Receiving objects:  66% (2336/3538)
2023-02-04T01:20:14.5692873Z Receiving objects:  67% (2371/3538)
2023-02-04T01:20:14.5778383Z Receiving objects:  68% (2406/3538)
2023-02-04T01:20:14.5841742Z Receiving objects:  69% (2442/3538)
2023-02-04T01:20:14.5861416Z Receiving objects:  70% (2477/3538)
2023-02-04T01:20:14.5960542Z Receiving objects:  71% (2512/3538)
2023-02-04T01:20:14.6017589Z Receiving objects:  72% (2548/3538)
2023-02-04T01:20:14.6091071Z Receiving objects:  73% (2583/3538)
2023-02-04T01:20:14.6150978Z Receiving objects:  74% (2619/3538)
2023-02-04T01:20:14.6190930Z Receiving objects:  75% (2654/3538)
2023-02-04T01:20:14.6220727Z Receiving objects:  76% (2689/3538)
2023-02-04T01:20:14.6244650Z Receiving objects:  77% (2725/3538)
2023-02-04T01:20:14.6264446Z Receiving objects:  78% (2760/3538)
2023-02-04T01:20:14.6293798Z Receiving objects:  79% (2796/3538)
2023-02-04T01:20:14.6315862Z Receiving objects:  80% (2831/3538)
2023-02-04T01:20:14.6331185Z Receiving objects:  81% (2866/3538)
2023-02-04T01:20:14.6349451Z Receiving objects:  82% (2902/3538)
2023-02-04T01:20:14.6370693Z Receiving objects:  83% (2937/3538)
2023-02-04T01:20:14.6401193Z Receiving objects:  84% (2972/3538)
2023-02-04T01:20:14.6420242Z Receiving objects:  85% (3008/3538)
2023-02-04T01:20:14.6446054Z Receiving objects:  86% (3043/3538)
2023-02-04T01:20:14.6460041Z Receiving objects:  87% (3079/3538)
2023-02-04T01:20:14.6461784Z Receiving objects:  88% (3114/3538)
2023-02-04T01:20:14.6467358Z Receiving objects:  89% (3149/3538)
2023-02-04T01:20:14.6500493Z Receiving objects:  90% (3185/3538)
2023-02-04T01:20:14.6506057Z Receiving objects:  91% (3220/3538)
2023-02-04T01:20:14.6511146Z Receiving objects:  92% (3255/3538)
2023-02-04T01:20:14.6516568Z Receiving objects:  93% (3291/3538)
2023-02-04T01:20:14.6543389Z Receiving objects:  94% (3326/3538)
2023-02-04T01:20:14.6548532Z Receiving objects:  95% (3362/3538)
2023-02-04T01:20:14.6556035Z Receiving objects:  96% (3397/3538)
2023-02-04T01:20:14.6609135Z Receiving objects:  97% (3432/3538)
2023-02-04T01:20:14.6667716Z Receiving objects:  98% (3468/3538)
2023-02-04T01:20:14.6790326Z Receiving objects:  99% (3503/3538)
2023-02-04T01:20:14.6792528Z remote: Total 3538 (delta 1954), reused 3394 (delta 1903), pack-reused 0        
2023-02-04T01:20:14.6808464Z Receiving objects: 100% (3538/3538)
2023-02-04T01:20:14.6808978Z Receiving objects: 100% (3538/3538), 12.47 MiB | 27.46 MiB/s, done.
2023-02-04T01:20:14.6817916Z Resolving deltas:   0% (0/1954)
2023-02-04T01:20:14.6850606Z Resolving deltas:   1% (20/1954)
2023-02-04T01:20:14.6903013Z Resolving deltas:   2% (40/1954)
2023-02-04T01:20:14.6954553Z Resolving deltas:   3% (59/1954)
2023-02-04T01:20:14.6959352Z Resolving deltas:   4% (79/1954)
2023-02-04T01:20:14.6992434Z Resolving deltas:   5% (98/1954)
2023-02-04T01:20:14.7047108Z Resolving deltas:   6% (118/1954)
2023-02-04T01:20:14.7103528Z Resolving deltas:   7% (137/1954)
2023-02-04T01:20:14.7110142Z Resolving deltas:   8% (157/1954)
2023-02-04T01:20:14.7122513Z Resolving deltas:   9% (176/1954)
2023-02-04T01:20:14.7125264Z Resolving deltas:  10% (196/1954)
2023-02-04T01:20:14.7132728Z Resolving deltas:  11% (215/1954)
2023-02-04T01:20:14.7144794Z Resolving deltas:  12% (235/1954)
2023-02-04T01:20:14.7145485Z Resolving deltas:  13% (255/1954)
2023-02-04T01:20:14.7147378Z Resolving deltas:  14% (274/1954)
2023-02-04T01:20:14.7147970Z Resolving deltas:  15% (294/1954)
2023-02-04T01:20:14.7155989Z Resolving deltas:  16% (313/1954)
2023-02-04T01:20:14.7221437Z Resolving deltas:  17% (333/1954)
2023-02-04T01:20:14.7307534Z Resolving deltas:  18% (352/1954)
2023-02-04T01:20:14.7367685Z Resolving deltas:  19% (372/1954)
2023-02-04T01:20:14.7448469Z Resolving deltas:  20% (391/1954)
2023-02-04T01:20:14.7523237Z Resolving deltas:  21% (411/1954)
2023-02-04T01:20:14.7566047Z Resolving deltas:  22% (430/1954)
2023-02-04T01:20:14.7662641Z Resolving deltas:  23% (450/1954)
2023-02-04T01:20:14.7709364Z Resolving deltas:  24% (469/1954)
2023-02-04T01:20:14.7722895Z Resolving deltas:  25% (489/1954)
2023-02-04T01:20:14.7821028Z Resolving deltas:  26% (509/1954)
2023-02-04T01:20:14.7952111Z Resolving deltas:  27% (528/1954)
2023-02-04T01:20:14.8058969Z Resolving deltas:  28% (548/1954)
2023-02-04T01:20:14.8199220Z Resolving deltas:  29% (567/1954)
2023-02-04T01:20:14.8292103Z Resolving deltas:  30% (587/1954)
2023-02-04T01:20:14.8497557Z Resolving deltas:  31% (606/1954)
2023-02-04T01:20:14.8525611Z Resolving deltas:  32% (626/1954)
2023-02-04T01:20:14.8582974Z Resolving deltas:  33% (645/1954)
2023-02-04T01:20:14.8658267Z Resolving deltas:  34% (665/1954)
2023-02-04T01:20:14.8724115Z Resolving deltas:  35% (684/1954)
2023-02-04T01:20:14.8838459Z Resolving deltas:  36% (704/1954)
2023-02-04T01:20:14.8876841Z Resolving deltas:  37% (723/1954)
2023-02-04T01:20:14.8918132Z Resolving deltas:  38% (743/1954)
2023-02-04T01:20:14.8928965Z Resolving deltas:  39% (763/1954)
2023-02-04T01:20:14.8936805Z Resolving deltas:  40% (782/1954)
2023-02-04T01:20:14.8941213Z Resolving deltas:  41% (803/1954)
2023-02-04T01:20:14.8945621Z Resolving deltas:  42% (821/1954)
2023-02-04T01:20:14.8951819Z Resolving deltas:  43% (841/1954)
2023-02-04T01:20:14.8957174Z Resolving deltas:  44% (860/1954)
2023-02-04T01:20:14.8958669Z Resolving deltas:  45% (880/1954)
2023-02-04T01:20:14.8959236Z Resolving deltas:  46% (899/1954)
2023-02-04T01:20:14.8962470Z Resolving deltas:  47% (919/1954)
2023-02-04T01:20:14.8963807Z Resolving deltas:  48% (938/1954)
2023-02-04T01:20:14.8970571Z Resolving deltas:  49% (958/1954)
2023-02-04T01:20:14.8976681Z Resolving deltas:  50% (977/1954)
2023-02-04T01:20:14.8982814Z Resolving deltas:  51% (997/1954)
2023-02-04T01:20:14.8987944Z Resolving deltas:  52% (1017/1954)
2023-02-04T01:20:14.8998422Z Resolving deltas:  53% (1036/1954)
2023-02-04T01:20:14.9004966Z Resolving deltas:  54% (1056/1954)
2023-02-04T01:20:14.9009251Z Resolving deltas:  55% (1075/1954)
2023-02-04T01:20:14.9015134Z Resolving deltas:  56% (1095/1954)
2023-02-04T01:20:14.9020537Z Resolving deltas:  57% (1114/1954)
2023-02-04T01:20:14.9027864Z Resolving deltas:  58% (1134/1954)
2023-02-04T01:20:14.9033168Z Resolving deltas:  59% (1153/1954)
2023-02-04T01:20:14.9037472Z Resolving deltas:  60% (1173/1954)
2023-02-04T01:20:14.9040795Z Resolving deltas:  61% (1192/1954)
2023-02-04T01:20:14.9042756Z Resolving deltas:  62% (1212/1954)
2023-02-04T01:20:14.9048319Z Resolving deltas:  63% (1232/1954)
2023-02-04T01:20:14.9053813Z Resolving deltas:  64% (1251/1954)
2023-02-04T01:20:14.9067165Z Resolving deltas:  65% (1271/1954)
2023-02-04T01:20:14.9081875Z Resolving deltas:  66% (1290/1954)
2023-02-04T01:20:14.9095951Z Resolving deltas:  67% (1310/1954)
2023-02-04T01:20:14.9107365Z Resolving deltas:  68% (1329/1954)
2023-02-04T01:20:14.9114495Z Resolving deltas:  69% (1349/1954)
2023-02-04T01:20:14.9122778Z Resolving deltas:  70% (1368/1954)
2023-02-04T01:20:14.9131330Z Resolving deltas:  71% (1388/1954)
2023-02-04T01:20:14.9136744Z Resolving deltas:  72% (1407/1954)
2023-02-04T01:20:14.9138352Z Resolving deltas:  73% (1427/1954)
2023-02-04T01:20:14.9138872Z Resolving deltas:  74% (1446/1954)
2023-02-04T01:20:14.9144802Z Resolving deltas:  75% (1466/1954)
2023-02-04T01:20:14.9163377Z Resolving deltas:  76% (1486/1954)
2023-02-04T01:20:14.9177844Z Resolving deltas:  77% (1505/1954)
2023-02-04T01:20:14.9194375Z Resolving deltas:  78% (1525/1954)
2023-02-04T01:20:14.9212009Z Resolving deltas:  79% (1544/1954)
2023-02-04T01:20:14.9233481Z Resolving deltas:  80% (1564/1954)
2023-02-04T01:20:14.9252891Z Resolving deltas:  81% (1583/1954)
2023-02-04T01:20:14.9265375Z Resolving deltas:  82% (1603/1954)
2023-02-04T01:20:14.9282936Z Resolving deltas:  83% (1622/1954)
2023-02-04T01:20:14.9297112Z Resolving deltas:  84% (1642/1954)
2023-02-04T01:20:14.9305200Z Resolving deltas:  85% (1661/1954)
2023-02-04T01:20:14.9331012Z Resolving deltas:  86% (1681/1954)
2023-02-04T01:20:14.9345861Z Resolving deltas:  87% (1700/1954)
2023-02-04T01:20:14.9362929Z Resolving deltas:  88% (1720/1954)
2023-02-04T01:20:14.9403605Z Resolving deltas:  89% (1740/1954)
2023-02-04T01:20:14.9433922Z Resolving deltas:  90% (1759/1954)
2023-02-04T01:20:14.9459313Z Resolving deltas:  91% (1779/1954)
2023-02-04T01:20:14.9481898Z Resolving deltas:  92% (1798/1954)
2023-02-04T01:20:14.9543770Z Resolving deltas:  93% (1818/1954)
2023-02-04T01:20:14.9574983Z Resolving deltas:  94% (1837/1954)
2023-02-04T01:20:14.9585395Z Resolving deltas:  95% (1857/1954)
2023-02-04T01:20:14.9601369Z Resolving deltas:  96% (1876/1954)
2023-02-04T01:20:14.9630532Z Resolving deltas:  97% (1896/1954)
2023-02-04T01:20:14.9644674Z Resolving deltas:  98% (1915/1954)
2023-02-04T01:20:14.9681165Z Resolving deltas:  99% (1935/1954)
2023-02-04T01:20:14.9681600Z Resolving deltas: 100% (1954/1954)
2023-02-04T01:20:14.9681999Z Resolving deltas: 100% (1954/1954), done.
2023-02-04T01:20:15.0050975Z From https://github.com/seanpm2001/GitHub_Stats_A
2023-02-04T01:20:15.0052071Z  * [new ref]         ea65802fe7a66e7181a2d3821b6daa9e38a80494 -> origin/master
2023-02-04T01:20:15.0093885Z ##[endgroup]
2023-02-04T01:20:15.0094397Z ##[group]Determining the checkout info
2023-02-04T01:20:15.0095001Z ##[endgroup]
2023-02-04T01:20:15.0095862Z ##[group]Checking out the ref
2023-02-04T01:20:15.0096374Z [command]/usr/bin/git checkout --progress --force -B master refs/remotes/origin/master
2023-02-04T01:20:15.4521963Z Reset branch 'master'
2023-02-04T01:20:15.4525754Z branch 'master' set up to track 'origin/master'.
2023-02-04T01:20:15.4575402Z ##[endgroup]
2023-02-04T01:20:15.4634766Z [command]/usr/bin/git log -1 --format='%H'
2023-02-04T01:20:15.4668163Z 'ea65802fe7a66e7181a2d3821b6daa9e38a80494'
2023-02-04T01:20:15.5020054Z ##[group]Run actions/setup-python@v4
2023-02-04T01:20:15.5020439Z with:
2023-02-04T01:20:15.5020765Z   python-version: 3.8
2023-02-04T01:20:15.5021158Z   architecture: x64
2023-02-04T01:20:15.5021450Z   cache: pip
2023-02-04T01:20:15.5021778Z   check-latest: false
2023-02-04T01:20:15.5022337Z   token: ***
2023-02-04T01:20:15.5022681Z   update-environment: true
2023-02-04T01:20:15.5023012Z ##[endgroup]
2023-02-04T01:20:15.6616571Z ##[group]Installed versions
2023-02-04T01:20:15.6725237Z Successfully set up CPython (3.8.16)
2023-02-04T01:20:15.6726212Z ##[endgroup]
2023-02-04T01:20:16.1122827Z [command]/opt/hostedtoolcache/Python/3.8.16/x64/bin/pip cache dir
2023-02-04T01:20:16.5551769Z /home/runner/.cache/pip
2023-02-04T01:20:16.7583596Z pip cache is not found
2023-02-04T01:20:16.7732832Z ##[group]Run python3 -m pip install --upgrade pip setuptools wheel
2023-02-04T01:20:16.7733360Z [36;1mpython3 -m pip install --upgrade pip setuptools wheel[0m
2023-02-04T01:20:16.7733757Z [36;1mpython3 -m pip install -r requirements.txt[0m
2023-02-04T01:20:16.7798787Z shell: /usr/bin/bash -e {0}
2023-02-04T01:20:16.7799074Z env:
2023-02-04T01:20:16.7799483Z   pythonLocation: /opt/hostedtoolcache/Python/3.8.16/x64
2023-02-04T01:20:16.7799956Z   PKG_CONFIG_PATH: /opt/hostedtoolcache/Python/3.8.16/x64/lib/pkgconfig
2023-02-04T01:20:16.7800584Z   Python_ROOT_DIR: /opt/hostedtoolcache/Python/3.8.16/x64
2023-02-04T01:20:16.7800972Z   Python2_ROOT_DIR: /opt/hostedtoolcache/Python/3.8.16/x64
2023-02-04T01:20:16.7801317Z   Python3_ROOT_DIR: /opt/hostedtoolcache/Python/3.8.16/x64
2023-02-04T01:20:16.7801710Z   LD_LIBRARY_PATH: /opt/hostedtoolcache/Python/3.8.16/x64/lib
2023-02-04T01:20:16.7802074Z ##[endgroup]
2023-02-04T01:20:17.4912897Z Requirement already satisfied: pip in /opt/hostedtoolcache/Python/3.8.16/x64/lib/python3.8/site-packages (22.3.1)
2023-02-04T01:20:17.6757276Z Collecting pip
2023-02-04T01:20:17.7810043Z   Downloading pip-23.0-py3-none-any.whl (2.1 MB)
2023-02-04T01:20:17.9416799Z      ━━━━━━━━━━━━━━━━━━━━━━━━━━━━━━━━━━━━━━━━ 2.1/2.1 MB 13.3 MB/s eta 0:00:00
2023-02-04T01:20:17.9555848Z Requirement already satisfied: setuptools in /opt/hostedtoolcache/Python/3.8.16/x64/lib/python3.8/site-packages (56.0.0)
2023-02-04T01:20:18.2673186Z Collecting setuptools
2023-02-04T01:20:18.2765066Z   Downloading setuptools-67.1.0-py3-none-any.whl (1.1 MB)
2023-02-04T01:20:18.3204294Z      ━━━━━━━━━━━━━━━━━━━━━━━━━━━━━━━━━━━━━━━━ 1.1/1.1 MB 25.9 MB/s eta 0:00:00
2023-02-04T01:20:18.3680058Z Collecting wheel
2023-02-04T01:20:18.3766118Z   Downloading wheel-0.38.4-py3-none-any.whl (36 kB)
2023-02-04T01:20:18.4925150Z Installing collected packages: wheel, setuptools, pip
2023-02-04T01:20:18.5201402Z   Attempting uninstall: setuptools
2023-02-04T01:20:18.5209641Z     Found existing installation: setuptools 56.0.0
2023-02-04T01:20:18.5679021Z     Uninstalling setuptools-56.0.0:
2023-02-04T01:20:18.5778721Z       Successfully uninstalled setuptools-56.0.0
2023-02-04T01:20:19.0209976Z   Attempting uninstall: pip
2023-02-04T01:20:19.0220071Z     Found existing installation: pip 22.3.1
2023-02-04T01:20:19.2022531Z     Uninstalling pip-22.3.1:
2023-02-04T01:20:19.2567942Z       Successfully uninstalled pip-22.3.1
2023-02-04T01:20:20.3177148Z Successfully installed pip-23.0 setuptools-67.1.0 wheel-0.38.4
2023-02-04T01:20:21.2634177Z Collecting requests
2023-02-04T01:20:21.3675318Z   Downloading requests-2.28.2-py3-none-any.whl (62 kB)
2023-02-04T01:20:21.3952090Z      ━━━━━━━━━━━━━━━━━━━━━━━━━━━━━━━━━━━━━━━━ 62.8/62.8 kB 2.2 MB/s eta 0:00:00
2023-02-04T01:20:21.8318938Z Collecting aiohttp
2023-02-04T01:20:21.8405464Z   Downloading aiohttp-3.8.3-cp38-cp38-manylinux_2_17_x86_64.manylinux2014_x86_64.whl (1.0 MB)
2023-02-04T01:20:21.9292573Z      ━━━━━━━━━━━━━━━━━━━━━━━━━━━━━━━━━━━━━━━━ 1.0/1.0 MB 11.9 MB/s eta 0:00:00
2023-02-04T01:20:21.9722859Z Collecting idna<4,>=2.5
2023-02-04T01:20:21.9920466Z   Downloading idna-3.4-py3-none-any.whl (61 kB)
2023-02-04T01:20:21.9978394Z      ━━━━━━━━━━━━━━━━━━━━━━━━━━━━━━━━━━━━━━━━ 61.5/61.5 kB 18.5 MB/s eta 0:00:00
2023-02-04T01:20:22.0636145Z Collecting urllib3<1.27,>=1.21.1
2023-02-04T01:20:22.0730775Z   Downloading urllib3-1.26.14-py2.py3-none-any.whl (140 kB)
2023-02-04T01:20:22.0850191Z      ━━━━━━━━━━━━━━━━━━━━━━━━━━━━━━━━━━━━━━ 140.6/140.6 kB 15.2 MB/s eta 0:00:00
2023-02-04T01:20:22.1223043Z Collecting certifi>=2017.4.17
2023-02-04T01:20:22.1311404Z   Downloading certifi-2022.12.7-py3-none-any.whl (155 kB)
2023-02-04T01:20:22.1423346Z      ━━━━━━━━━━━━━━━━━━━━━━━━━━━━━━━━━━━━━━ 155.3/155.3 kB 17.2 MB/s eta 0:00:00
2023-02-04T01:20:22.2616248Z Collecting charset-normalizer<4,>=2
2023-02-04T01:20:22.2619161Z   Downloading charset_normalizer-3.0.1-cp38-cp38-manylinux_2_17_x86_64.manylinux2014_x86_64.whl (195 kB)
2023-02-04T01:20:22.2663987Z      ━━━━━━━━━━━━━━━━━━━━━━━━━━━━━━━━━━━━━━ 195.4/195.4 kB 21.0 MB/s eta 0:00:00
2023-02-04T01:20:22.3188319Z Collecting attrs>=17.3.0
2023-02-04T01:20:22.3285982Z   Downloading attrs-22.2.0-py3-none-any.whl (60 kB)
2023-02-04T01:20:22.3347444Z      ━━━━━━━━━━━━━━━━━━━━━━━━━━━━━━━━━━━━━━━━ 60.0/60.0 kB 21.1 MB/s eta 0:00:00
2023-02-04T01:20:22.7362316Z Collecting multidict<7.0,>=4.5
2023-02-04T01:20:22.7458544Z   Downloading multidict-6.0.4-cp38-cp38-manylinux_2_17_x86_64.manylinux2014_x86_64.whl (121 kB)
2023-02-04T01:20:22.7541081Z      ━━━━━━━━━━━━━━━━━━━━━━━━━━━━━━━━━━━━━━ 121.3/121.3 kB 22.2 MB/s eta 0:00:00
2023-02-04T01:20:22.7793998Z Collecting async-timeout<5.0,>=4.0.0a3
2023-02-04T01:20:22.7877701Z   Downloading async_timeout-4.0.2-py3-none-any.whl (5.8 kB)
2023-02-04T01:20:22.8973152Z Collecting frozenlist>=1.1.1
2023-02-04T01:20:22.9066069Z   Downloading frozenlist-1.3.3-cp38-cp38-manylinux_2_5_x86_64.manylinux1_x86_64.manylinux_2_17_x86_64.manylinux2014_x86_64.whl (161 kB)
2023-02-04T01:20:22.9177867Z      ━━━━━━━━━━━━━━━━━━━━━━━━━━━━━━━━━━━━━━ 161.3/161.3 kB 18.2 MB/s eta 0:00:00
2023-02-04T01:20:22.9398166Z Collecting aiosignal>=1.1.2
2023-02-04T01:20:22.9482629Z   Downloading aiosignal-1.3.1-py3-none-any.whl (7.6 kB)
2023-02-04T01:20:22.9644447Z Collecting charset-normalizer<4,>=2
2023-02-04T01:20:22.9777856Z   Downloading charset_normalizer-2.1.1-py3-none-any.whl (39 kB)
2023-02-04T01:20:23.2166293Z Collecting yarl<2.0,>=1.0
2023-02-04T01:20:23.2253920Z   Downloading yarl-1.8.2-cp38-cp38-manylinux_2_17_x86_64.manylinux2014_x86_64.whl (262 kB)
2023-02-04T01:20:23.2405212Z      ━━━━━━━━━━━━━━━━━━━━━━━━━━━━━━━━━━━━━━ 262.1/262.1 kB 20.8 MB/s eta 0:00:00
2023-02-04T01:20:23.4599982Z Installing collected packages: urllib3, multidict, idna, frozenlist, charset-normalizer, certifi, attrs, async-timeout, yarl, requests, aiosignal, aiohttp
2023-02-04T01:20:23.9266486Z Successfully installed aiohttp-3.8.3 aiosignal-1.3.1 async-timeout-4.0.2 attrs-22.2.0 certifi-2022.12.7 charset-normalizer-2.1.1 frozenlist-1.3.3 idna-3.4 multidict-6.0.4 requests-2.28.2 urllib3-1.26.14 yarl-1.8.2
2023-02-04T01:20:24.1169416Z ##[group]Run python3 --version
2023-02-04T01:20:24.1169974Z [36;1mpython3 --version[0m
2023-02-04T01:20:24.1170482Z [36;1mpython3 generate_images.py[0m
2023-02-04T01:20:24.1230590Z shell: /usr/bin/bash -e {0}
2023-02-04T01:20:24.1230814Z env:
2023-02-04T01:20:24.1231084Z   pythonLocation: /opt/hostedtoolcache/Python/3.8.16/x64
2023-02-04T01:20:24.1231434Z   PKG_CONFIG_PATH: /opt/hostedtoolcache/Python/3.8.16/x64/lib/pkgconfig
2023-02-04T01:20:24.1231759Z   Python_ROOT_DIR: /opt/hostedtoolcache/Python/3.8.16/x64
2023-02-04T01:20:24.1232080Z   Python2_ROOT_DIR: /opt/hostedtoolcache/Python/3.8.16/x64
2023-02-04T01:20:24.1232569Z   Python3_ROOT_DIR: /opt/hostedtoolcache/Python/3.8.16/x64
2023-02-04T01:20:24.1232945Z   LD_LIBRARY_PATH: /opt/hostedtoolcache/Python/3.8.16/x64/lib
2023-02-04T01:20:24.1233738Z   ACCESS_TOKEN: ***
2023-02-04T01:20:24.1234121Z   GITHUB_TOKEN: ***
2023-02-04T01:20:24.1234352Z   EXCLUDED: 
2023-02-04T01:20:24.1234596Z   EXCLUDED_LANGS: 
2023-02-04T01:20:24.1234899Z   EXCLUDE_FORKED_REPOS: true
2023-02-04T01:20:24.1235151Z ##[endgroup]
2023-02-04T01:20:24.1326060Z Python 3.8.16
2023-02-04T01:20:53.9204121Z unhandled exception during asyncio.run() shutdown
2023-02-04T01:20:53.9206683Z task: <Task finished name='Task-3' coro=<generate_overview() done, defined at generate_images.py:30> exception=AttributeError("'NoneType' object has no attribute 'get'")>
2023-02-04T01:20:53.9214035Z Traceback (most recent call last):
2023-02-04T01:20:53.9214631Z aiohttp failed for GraphQL query
2023-02-04T01:20:53.9233005Z   File "/opt/hostedtoolcache/Python/3.8.16/x64/lib/python3.8/asyncio/runners.py", line 44, in run
2023-02-04T01:20:53.9233812Z aiohttp failed for GraphQL query
2023-02-04T01:20:53.9235212Z     return loop.run_until_complete(main)
2023-02-04T01:20:53.9236710Z   File "/opt/hostedtoolcache/Python/3.8.16/x64/lib/python3.8/asyncio/base_events.py", line 616, in run_until_complete
2023-02-04T01:20:53.9238234Z     return future.result()
2023-02-04T01:20:53.9239197Z   File "generate_images.py", line 132, in main
2023-02-04T01:20:53.9240579Z     await asyncio.gather(generate_languages(s), generate_overview(s))
2023-02-04T01:20:53.9241692Z   File "generate_images.py", line 63, in generate_languages
2023-02-04T01:20:53.9243098Z     (await s.languages).items(), reverse=True, key=lambda t: t[1].get("size")
2023-02-04T01:20:53.9245522Z   File "/home/runner/work/GitHub_Stats_A/GitHub_Stats_A/github_stats.py", line 423, in languages
2023-02-04T01:20:53.9246221Z     await self.get_stats()
2023-02-04T01:20:53.9246966Z   File "/home/runner/work/GitHub_Stats_A/GitHub_Stats_A/github_stats.py", line 319, in get_stats
2023-02-04T01:20:53.9247764Z     self._name = raw_results.get("data", {}).get("viewer", {}).get("name", None)
2023-02-04T01:20:53.9248774Z AttributeError: 'NoneType' object has no attribute 'get'
2023-02-04T01:20:53.9249165Z 
2023-02-04T01:20:53.9249525Z During handling of the above exception, another exception occurred:
2023-02-04T01:20:53.9249952Z 
2023-02-04T01:20:53.9250190Z Traceback (most recent call last):
2023-02-04T01:20:53.9250876Z   File "generate_images.py", line 38, in generate_overview
2023-02-04T01:20:53.9251527Z     output = re.sub("{{ name }}", await s.name, output)
2023-02-04T01:20:53.9252289Z   File "/home/runner/work/GitHub_Stats_A/GitHub_Stats_A/github_stats.py", line 390, in name
2023-02-04T01:20:53.9252931Z     await self.get_stats()
2023-02-04T01:20:53.9253689Z   File "/home/runner/work/GitHub_Stats_A/GitHub_Stats_A/github_stats.py", line 319, in get_stats
2023-02-04T01:20:53.9254476Z     self._name = raw_results.get("data", {}).get("viewer", {}).get("name", None)
2023-02-04T01:20:53.9255335Z AttributeError: 'NoneType' object has no attribute 'get'
2023-02-04T01:20:53.9255937Z Traceback (most recent call last):
2023-02-04T01:20:53.9256564Z   File "generate_images.py", line 136, in <module>
2023-02-04T01:20:53.9257100Z     asyncio.run(main())
2023-02-04T01:20:53.9258198Z   File "/opt/hostedtoolcache/Python/3.8.16/x64/lib/python3.8/asyncio/runners.py", line 44, in run
2023-02-04T01:20:53.9258942Z     return loop.run_until_complete(main)
2023-02-04T01:20:53.9259805Z   File "/opt/hostedtoolcache/Python/3.8.16/x64/lib/python3.8/asyncio/base_events.py", line 616, in run_until_complete
2023-02-04T01:20:53.9260500Z     return future.result()
2023-02-04T01:20:53.9261123Z   File "generate_images.py", line 132, in main
2023-02-04T01:20:53.9261813Z     await asyncio.gather(generate_languages(s), generate_overview(s))
2023-02-04T01:20:53.9262633Z   File "generate_images.py", line 63, in generate_languages
2023-02-04T01:20:53.9263051Z     (await s.languages).items(), reverse=True, key=lambda t: t[1].get("size")
2023-02-04T01:20:53.9263532Z   File "/home/runner/work/GitHub_Stats_A/GitHub_Stats_A/github_stats.py", line 423, in languages
2023-02-04T01:20:53.9263913Z     await self.get_stats()
2023-02-04T01:20:53.9264326Z   File "/home/runner/work/GitHub_Stats_A/GitHub_Stats_A/github_stats.py", line 319, in get_stats
2023-02-04T01:20:53.9264780Z     self._name = raw_results.get("data", {}).get("viewer", {}).get("name", None)
2023-02-04T01:20:53.9265367Z AttributeError: 'NoneType' object has no attribute 'get'
2023-02-04T01:20:53.9527082Z ##[error]Process completed with exit code 1.
2023-02-04T01:20:53.9589989Z Post job cleanup.
2023-02-04T01:20:54.0924139Z [command]/usr/bin/git version
2023-02-04T01:20:54.0980575Z git version 2.39.1
2023-02-04T01:20:54.1033619Z Temporarily overriding HOME='/home/runner/work/_temp/e0d7f9ed-9f08-462b-93de-80fed83bbb35' before making global git config changes
2023-02-04T01:20:54.1034903Z Adding repository directory to the temporary git global config as a safe directory
2023-02-04T01:20:54.1041076Z [command]/usr/bin/git config --global --add safe.directory /home/runner/work/GitHub_Stats_A/GitHub_Stats_A
2023-02-04T01:20:54.1086729Z [command]/usr/bin/git config --local --name-only --get-regexp core\.sshCommand
2023-02-04T01:20:54.1127009Z [command]/usr/bin/git submodule foreach --recursive sh -c "git config --local --name-only --get-regexp 'core\.sshCommand' && git config --local --unset-all 'core.sshCommand' || :"
2023-02-04T01:20:54.1425453Z [command]/usr/bin/git config --local --name-only --get-regexp http\.https\:\/\/github\.com\/\.extraheader
2023-02-04T01:20:54.1457560Z http.https://github.com/.extraheader
2023-02-04T01:20:54.1473183Z [command]/usr/bin/git config --local --unset-all http.https://github.com/.extraheader
2023-02-04T01:20:54.1516960Z [command]/usr/bin/git submodule foreach --recursive sh -c "git config --local --name-only --get-regexp 'http\.https\:\/\/github\.com\/\.extraheader' && git config --local --unset-all 'http.https://github.com/.extraheader' || :"
2023-02-04T01:20:54.2047535Z Cleaning up orphan processes
