2022-10-18T03:01:48.9801833Z Requested labels: ubuntu-latest
2022-10-18T03:01:48.9801880Z Job defined at: seanpm2001/GitHub_Stats_A/.github/workflows/main.yml@refs/heads/master
2022-10-18T03:01:48.9801902Z Waiting for a runner to pick up this job...
2022-10-18T03:01:49.4169383Z Job is waiting for a hosted runner to come online.
2022-10-18T03:01:53.4614380Z Job is about to start running on the hosted runner: Hosted Agent (hosted)
2022-10-18T03:01:55.5918809Z Current runner version: '2.298.2'
2022-10-18T03:01:55.5945445Z ##[group]Operating System
2022-10-18T03:01:55.5945943Z Ubuntu
2022-10-18T03:01:55.5946257Z 20.04.5
2022-10-18T03:01:55.5946565Z LTS
2022-10-18T03:01:55.5946829Z ##[endgroup]
2022-10-18T03:01:55.5947206Z ##[group]Runner Image
2022-10-18T03:01:55.5947565Z Image: ubuntu-20.04
2022-10-18T03:01:55.5947911Z Version: 20221002.2
2022-10-18T03:01:55.5948394Z Included Software: https://github.com/actions/runner-images/blob/ubuntu20/20221002.2/images/linux/Ubuntu2004-Readme.md
2022-10-18T03:01:55.5949054Z Image Release: https://github.com/actions/runner-images/releases/tag/ubuntu20%2F20221002.2
2022-10-18T03:01:55.5949539Z ##[endgroup]
2022-10-18T03:01:55.5949900Z ##[group]Runner Image Provisioner
2022-10-18T03:01:55.5950245Z 2.0.78.1
2022-10-18T03:01:55.5950498Z ##[endgroup]
2022-10-18T03:01:55.5951473Z ##[group]GITHUB_TOKEN Permissions
2022-10-18T03:01:55.5952044Z Contents: write
2022-10-18T03:01:55.5952376Z Metadata: read
2022-10-18T03:01:55.5952822Z ##[endgroup]
2022-10-18T03:01:55.5956497Z Secret source: Actions
2022-10-18T03:01:55.5956958Z Prepare workflow directory
2022-10-18T03:01:55.6804397Z Prepare all required actions
2022-10-18T03:01:55.6985239Z Getting action download info
2022-10-18T03:01:55.8900822Z Download action repository 'actions/checkout@v2' (SHA:e2f20e631ae6d7dd3b768f56a5d2af784dd54791)
2022-10-18T03:01:56.2235003Z Download action repository 'actions/setup-python@v2' (SHA:7f80679172b057fc5e90d70d197929d454754a5a)
2022-10-18T03:01:56.4541751Z Download action repository 'actions/cache@v2' (SHA:937d24475381cd9c75ae6db12cb4e79714b926ed)
2022-10-18T03:01:56.9152400Z ##[group]Run actions/checkout@v2
2022-10-18T03:01:56.9152789Z with:
2022-10-18T03:01:56.9153094Z   repository: seanpm2001/GitHub_Stats_A
2022-10-18T03:01:56.9153694Z   token: ***
2022-10-18T03:01:56.9153976Z   ssh-strict: true
2022-10-18T03:01:56.9154296Z   persist-credentials: true
2022-10-18T03:01:56.9154602Z   clean: true
2022-10-18T03:01:56.9154864Z   fetch-depth: 1
2022-10-18T03:01:56.9155151Z   lfs: false
2022-10-18T03:01:56.9155416Z   submodules: false
2022-10-18T03:01:56.9155710Z   set-safe-directory: true
2022-10-18T03:01:56.9156020Z ##[endgroup]
2022-10-18T03:01:57.1854874Z Syncing repository: seanpm2001/GitHub_Stats_A
2022-10-18T03:01:57.1856595Z ##[group]Getting Git version info
2022-10-18T03:01:57.1857171Z Working directory is '/home/runner/work/GitHub_Stats_A/GitHub_Stats_A'
2022-10-18T03:01:57.1863636Z [command]/usr/bin/git version
2022-10-18T03:01:57.1956490Z git version 2.37.3
2022-10-18T03:01:57.1984531Z ##[endgroup]
2022-10-18T03:01:57.1999502Z Temporarily overriding HOME='/home/runner/work/_temp/8b2420fd-e91b-4655-9e60-595c2d1468fe' before making global git config changes
2022-10-18T03:01:57.2000015Z Adding repository directory to the temporary git global config as a safe directory
2022-10-18T03:01:57.2000592Z [command]/usr/bin/git config --global --add safe.directory /home/runner/work/GitHub_Stats_A/GitHub_Stats_A
2022-10-18T03:01:57.2040242Z Deleting the contents of '/home/runner/work/GitHub_Stats_A/GitHub_Stats_A'
2022-10-18T03:01:57.2044810Z ##[group]Initializing the repository
2022-10-18T03:01:57.2048334Z [command]/usr/bin/git init /home/runner/work/GitHub_Stats_A/GitHub_Stats_A
2022-10-18T03:01:57.2110214Z hint: Using 'master' as the name for the initial branch. This default branch name
2022-10-18T03:01:57.2111072Z hint: is subject to change. To configure the initial branch name to use in all
2022-10-18T03:01:57.2112238Z hint: of your new repositories, which will suppress this warning, call:
2022-10-18T03:01:57.2112869Z hint: 
2022-10-18T03:01:57.2113714Z hint: 	git config --global init.defaultBranch <name>
2022-10-18T03:01:57.2114115Z hint: 
2022-10-18T03:01:57.2114950Z hint: Names commonly chosen instead of 'master' are 'main', 'trunk' and
2022-10-18T03:01:57.2115548Z hint: 'development'. The just-created branch can be renamed via this command:
2022-10-18T03:01:57.2115960Z hint: 
2022-10-18T03:01:57.2116660Z hint: 	git branch -m <name>
2022-10-18T03:01:57.2128395Z Initialized empty Git repository in /home/runner/work/GitHub_Stats_A/GitHub_Stats_A/.git/
2022-10-18T03:01:57.2137034Z [command]/usr/bin/git remote add origin https://github.com/seanpm2001/GitHub_Stats_A
2022-10-18T03:01:57.2177212Z ##[endgroup]
2022-10-18T03:01:57.2177873Z ##[group]Disabling automatic garbage collection
2022-10-18T03:01:57.2183368Z [command]/usr/bin/git config --local gc.auto 0
2022-10-18T03:01:57.2216759Z ##[endgroup]
2022-10-18T03:01:57.2217356Z ##[group]Setting up auth
2022-10-18T03:01:57.2226206Z [command]/usr/bin/git config --local --name-only --get-regexp core\.sshCommand
2022-10-18T03:01:57.2261288Z [command]/usr/bin/git submodule foreach --recursive git config --local --name-only --get-regexp 'core\.sshCommand' && git config --local --unset-all 'core.sshCommand' || :
2022-10-18T03:01:57.2592558Z [command]/usr/bin/git config --local --name-only --get-regexp http\.https\:\/\/github\.com\/\.extraheader
2022-10-18T03:01:57.2625630Z [command]/usr/bin/git submodule foreach --recursive git config --local --name-only --get-regexp 'http\.https\:\/\/github\.com\/\.extraheader' && git config --local --unset-all 'http.https://github.com/.extraheader' || :
2022-10-18T03:01:57.2855012Z [command]/usr/bin/git config --local http.https://github.com/.extraheader AUTHORIZATION: basic ***
2022-10-18T03:01:57.2885860Z ##[endgroup]
2022-10-18T03:01:57.2886709Z ##[group]Fetching the repository
2022-10-18T03:01:57.2894855Z [command]/usr/bin/git -c protocol.version=2 fetch --no-tags --prune --progress --no-recurse-submodules --depth=1 origin +8d828710b156d1643b78e11dc91dffa7f457d8f6:refs/remotes/origin/master
2022-10-18T03:01:57.5052919Z remote: Enumerating objects: 1331, done.        
2022-10-18T03:01:57.5105412Z remote: Counting objects:   0% (1/1331)        
2022-10-18T03:01:57.5148386Z remote: Counting objects:   1% (14/1331)        
2022-10-18T03:01:57.5169920Z remote: Counting objects:   2% (27/1331)        
2022-10-18T03:01:57.5180842Z remote: Counting objects:   3% (40/1331)        
2022-10-18T03:01:57.5181175Z remote: Counting objects:   4% (54/1331)        
2022-10-18T03:01:57.5191725Z remote: Counting objects:   5% (67/1331)        
2022-10-18T03:01:57.5192296Z remote: Counting objects:   6% (80/1331)        
2022-10-18T03:01:57.5192573Z remote: Counting objects:   7% (94/1331)        
2022-10-18T03:01:57.5192864Z remote: Counting objects:   8% (107/1331)        
2022-10-18T03:01:57.5193152Z remote: Counting objects:   9% (120/1331)        
2022-10-18T03:01:57.5193438Z remote: Counting objects:  10% (134/1331)        
2022-10-18T03:01:57.5193764Z remote: Counting objects:  11% (147/1331)        
2022-10-18T03:01:57.5194047Z remote: Counting objects:  12% (160/1331)        
2022-10-18T03:01:57.5194332Z remote: Counting objects:  13% (174/1331)        
2022-10-18T03:01:57.5194608Z remote: Counting objects:  14% (187/1331)        
2022-10-18T03:01:57.5194879Z remote: Counting objects:  15% (200/1331)        
2022-10-18T03:01:57.5195141Z remote: Counting objects:  16% (213/1331)        
2022-10-18T03:01:57.5195422Z remote: Counting objects:  17% (227/1331)        
2022-10-18T03:01:57.5195692Z remote: Counting objects:  18% (240/1331)        
2022-10-18T03:01:57.5195962Z remote: Counting objects:  19% (253/1331)        
2022-10-18T03:01:57.5196224Z remote: Counting objects:  20% (267/1331)        
2022-10-18T03:01:57.5196496Z remote: Counting objects:  21% (280/1331)        
2022-10-18T03:01:57.5196765Z remote: Counting objects:  22% (293/1331)        
2022-10-18T03:01:57.5197037Z remote: Counting objects:  23% (307/1331)        
2022-10-18T03:01:57.5197311Z remote: Counting objects:  24% (320/1331)        
2022-10-18T03:01:57.5197571Z remote: Counting objects:  25% (333/1331)        
2022-10-18T03:01:57.5197841Z remote: Counting objects:  26% (347/1331)        
2022-10-18T03:01:57.5198112Z remote: Counting objects:  27% (360/1331)        
2022-10-18T03:01:57.5198402Z remote: Counting objects:  28% (373/1331)        
2022-10-18T03:01:57.5198661Z remote: Counting objects:  29% (386/1331)        
2022-10-18T03:01:57.5199185Z remote: Counting objects:  30% (400/1331)        
2022-10-18T03:01:57.5199458Z remote: Counting objects:  31% (413/1331)        
2022-10-18T03:01:57.5199732Z remote: Counting objects:  32% (426/1331)        
2022-10-18T03:01:57.5199994Z remote: Counting objects:  33% (440/1331)        
2022-10-18T03:01:57.5200269Z remote: Counting objects:  34% (453/1331)        
2022-10-18T03:01:57.5200544Z remote: Counting objects:  35% (466/1331)        
2022-10-18T03:01:57.5200822Z remote: Counting objects:  36% (480/1331)        
2022-10-18T03:01:57.5201084Z remote: Counting objects:  37% (493/1331)        
2022-10-18T03:01:57.5201354Z remote: Counting objects:  38% (506/1331)        
2022-10-18T03:01:57.5201627Z remote: Counting objects:  39% (520/1331)        
2022-10-18T03:01:57.5201898Z remote: Counting objects:  40% (533/1331)        
2022-10-18T03:01:57.5202157Z remote: Counting objects:  41% (546/1331)        
2022-10-18T03:01:57.5202425Z remote: Counting objects:  42% (560/1331)        
2022-10-18T03:01:57.5202698Z remote: Counting objects:  43% (573/1331)        
2022-10-18T03:01:57.5202970Z remote: Counting objects:  44% (586/1331)        
2022-10-18T03:01:57.5203228Z remote: Counting objects:  45% (599/1331)        
2022-10-18T03:01:57.5203497Z remote: Counting objects:  46% (613/1331)        
2022-10-18T03:01:57.5203766Z remote: Counting objects:  47% (626/1331)        
2022-10-18T03:01:57.5204036Z remote: Counting objects:  48% (639/1331)        
2022-10-18T03:01:57.5204295Z remote: Counting objects:  49% (653/1331)        
2022-10-18T03:01:57.5204637Z remote: Counting objects:  50% (666/1331)        
2022-10-18T03:01:57.5204915Z remote: Counting objects:  51% (679/1331)        
2022-10-18T03:01:57.5205189Z remote: Counting objects:  52% (693/1331)        
2022-10-18T03:01:57.5205461Z remote: Counting objects:  53% (706/1331)        
2022-10-18T03:01:57.5205720Z remote: Counting objects:  54% (719/1331)        
2022-10-18T03:01:57.5205993Z remote: Counting objects:  55% (733/1331)        
2022-10-18T03:01:57.5206268Z remote: Counting objects:  56% (746/1331)        
2022-10-18T03:01:57.5206542Z remote: Counting objects:  57% (759/1331)        
2022-10-18T03:01:57.5206800Z remote: Counting objects:  58% (772/1331)        
2022-10-18T03:01:57.5207069Z remote: Counting objects:  59% (786/1331)        
2022-10-18T03:01:57.5207340Z remote: Counting objects:  60% (799/1331)        
2022-10-18T03:01:57.5207610Z remote: Counting objects:  61% (812/1331)        
2022-10-18T03:01:57.5207868Z remote: Counting objects:  62% (826/1331)        
2022-10-18T03:01:57.5208140Z remote: Counting objects:  63% (839/1331)        
2022-10-18T03:01:57.5208410Z remote: Counting objects:  64% (852/1331)        
2022-10-18T03:01:57.5208699Z remote: Counting objects:  65% (866/1331)        
2022-10-18T03:01:57.5208972Z remote: Counting objects:  66% (879/1331)        
2022-10-18T03:01:57.5209230Z remote: Counting objects:  67% (892/1331)        
2022-10-18T03:01:57.5209499Z remote: Counting objects:  68% (906/1331)        
2022-10-18T03:01:57.5209772Z remote: Counting objects:  69% (919/1331)        
2022-10-18T03:01:57.5210046Z remote: Counting objects:  70% (932/1331)        
2022-10-18T03:01:57.5210302Z remote: Counting objects:  71% (946/1331)        
2022-10-18T03:01:57.5210573Z remote: Counting objects:  72% (959/1331)        
2022-10-18T03:01:57.5210843Z remote: Counting objects:  73% (972/1331)        
2022-10-18T03:01:57.5211113Z remote: Counting objects:  74% (985/1331)        
2022-10-18T03:01:57.5211371Z remote: Counting objects:  75% (999/1331)        
2022-10-18T03:01:57.5211648Z remote: Counting objects:  76% (1012/1331)        
2022-10-18T03:01:57.5211933Z remote: Counting objects:  77% (1025/1331)        
2022-10-18T03:01:57.5212216Z remote: Counting objects:  78% (1039/1331)        
2022-10-18T03:01:57.5212484Z remote: Counting objects:  79% (1052/1331)        
2022-10-18T03:01:57.5212764Z remote: Counting objects:  80% (1065/1331)        
2022-10-18T03:01:57.5213047Z remote: Counting objects:  81% (1079/1331)        
2022-10-18T03:01:57.5213399Z remote: Counting objects:  82% (1092/1331)        
2022-10-18T03:01:57.5213678Z remote: Counting objects:  83% (1105/1331)        
2022-10-18T03:01:57.5213944Z remote: Counting objects:  84% (1119/1331)        
2022-10-18T03:01:57.5214222Z remote: Counting objects:  85% (1132/1331)        
2022-10-18T03:01:57.5214523Z remote: Counting objects:  86% (1145/1331)        
2022-10-18T03:01:57.5214799Z remote: Counting objects:  87% (1158/1331)        
2022-10-18T03:01:57.5215061Z remote: Counting objects:  88% (1172/1331)        
2022-10-18T03:01:57.5215340Z remote: Counting objects:  89% (1185/1331)        
2022-10-18T03:01:57.5215623Z remote: Counting objects:  90% (1198/1331)        
2022-10-18T03:01:57.5215901Z remote: Counting objects:  91% (1212/1331)        
2022-10-18T03:01:57.5216166Z remote: Counting objects:  92% (1225/1331)        
2022-10-18T03:01:57.5216456Z remote: Counting objects:  93% (1238/1331)        
2022-10-18T03:01:57.5216737Z remote: Counting objects:  94% (1252/1331)        
2022-10-18T03:01:57.5217017Z remote: Counting objects:  95% (1265/1331)        
2022-10-18T03:01:57.5217283Z remote: Counting objects:  96% (1278/1331)        
2022-10-18T03:01:57.5217560Z remote: Counting objects:  97% (1292/1331)        
2022-10-18T03:01:57.5217839Z remote: Counting objects:  98% (1305/1331)        
2022-10-18T03:01:57.5218116Z remote: Counting objects:  99% (1318/1331)        
2022-10-18T03:01:57.5218393Z remote: Counting objects: 100% (1331/1331)        
2022-10-18T03:01:57.5218675Z remote: Counting objects: 100% (1331/1331), done.        
2022-10-18T03:01:57.5290857Z remote: Compressing objects:   0% (1/469)        
2022-10-18T03:01:57.5302314Z remote: Compressing objects:   1% (5/469)        
2022-10-18T03:01:57.5424611Z remote: Compressing objects:   2% (10/469)        
2022-10-18T03:01:57.5425893Z remote: Compressing objects:   3% (15/469)        
2022-10-18T03:01:57.5426200Z remote: Compressing objects:   4% (19/469)        
2022-10-18T03:01:57.5426483Z remote: Compressing objects:   5% (24/469)        
2022-10-18T03:01:57.5426796Z remote: Compressing objects:   6% (29/469)        
2022-10-18T03:01:57.5427094Z remote: Compressing objects:   7% (33/469)        
2022-10-18T03:01:57.5427391Z remote: Compressing objects:   8% (38/469)        
2022-10-18T03:01:57.5427674Z remote: Compressing objects:   9% (43/469)        
2022-10-18T03:01:57.5427970Z remote: Compressing objects:  10% (47/469)        
2022-10-18T03:01:57.5428266Z remote: Compressing objects:  11% (52/469)        
2022-10-18T03:01:57.5428560Z remote: Compressing objects:  12% (57/469)        
2022-10-18T03:01:57.5428859Z remote: Compressing objects:  13% (61/469)        
2022-10-18T03:01:57.5429135Z remote: Compressing objects:  14% (66/469)        
2022-10-18T03:01:57.5429428Z remote: Compressing objects:  15% (71/469)        
2022-10-18T03:01:57.5429722Z remote: Compressing objects:  16% (76/469)        
2022-10-18T03:01:57.5430014Z remote: Compressing objects:  17% (80/469)        
2022-10-18T03:01:57.5430293Z remote: Compressing objects:  18% (85/469)        
2022-10-18T03:01:57.5430585Z remote: Compressing objects:  19% (90/469)        
2022-10-18T03:01:57.5430992Z remote: Compressing objects:  20% (94/469)        
2022-10-18T03:01:57.5431281Z remote: Compressing objects:  21% (99/469)        
2022-10-18T03:01:57.5431557Z remote: Compressing objects:  22% (104/469)        
2022-10-18T03:01:57.5431860Z remote: Compressing objects:  23% (108/469)        
2022-10-18T03:01:57.5432162Z remote: Compressing objects:  24% (113/469)        
2022-10-18T03:01:57.5432460Z remote: Compressing objects:  25% (118/469)        
2022-10-18T03:01:57.5432737Z remote: Compressing objects:  26% (122/469)        
2022-10-18T03:01:57.5433034Z remote: Compressing objects:  27% (127/469)        
2022-10-18T03:01:57.5547909Z remote: Compressing objects:  28% (132/469)        
2022-10-18T03:01:57.5548220Z remote: Compressing objects:  29% (137/469)        
2022-10-18T03:01:57.5558853Z remote: Compressing objects:  30% (141/469)        
2022-10-18T03:01:57.5577657Z remote: Compressing objects:  31% (146/469)        
2022-10-18T03:01:57.5617962Z remote: Compressing objects:  32% (151/469)        
2022-10-18T03:01:57.5651866Z remote: Compressing objects:  33% (155/469)        
2022-10-18T03:01:57.5652201Z remote: Compressing objects:  34% (160/469)        
2022-10-18T03:01:57.5652506Z remote: Compressing objects:  35% (165/469)        
2022-10-18T03:01:57.5652804Z remote: Compressing objects:  36% (169/469)        
2022-10-18T03:01:57.5653099Z remote: Compressing objects:  37% (174/469)        
2022-10-18T03:01:57.5653391Z remote: Compressing objects:  38% (179/469)        
2022-10-18T03:01:57.5659505Z remote: Compressing objects:  39% (183/469)        
2022-10-18T03:01:57.5660635Z remote: Compressing objects:  40% (188/469)        
2022-10-18T03:01:57.5660930Z remote: Compressing objects:  41% (193/469)        
2022-10-18T03:01:57.5661210Z remote: Compressing objects:  42% (197/469)        
2022-10-18T03:01:57.5661507Z remote: Compressing objects:  43% (202/469)        
2022-10-18T03:01:57.5661815Z remote: Compressing objects:  44% (207/469)        
2022-10-18T03:01:57.5662106Z remote: Compressing objects:  45% (212/469)        
2022-10-18T03:01:57.5662388Z remote: Compressing objects:  46% (216/469)        
2022-10-18T03:01:57.5662680Z remote: Compressing objects:  47% (221/469)        
2022-10-18T03:01:57.5662973Z remote: Compressing objects:  48% (226/469)        
2022-10-18T03:01:57.5663262Z remote: Compressing objects:  49% (230/469)        
2022-10-18T03:01:57.5663554Z remote: Compressing objects:  50% (235/469)        
2022-10-18T03:01:57.5663994Z remote: Compressing objects:  51% (240/469)        
2022-10-18T03:01:57.5664298Z remote: Compressing objects:  52% (244/469)        
2022-10-18T03:01:57.5664591Z remote: Compressing objects:  53% (249/469)        
2022-10-18T03:01:57.5669560Z remote: Compressing objects:  54% (254/469)        
2022-10-18T03:01:57.5669862Z remote: Compressing objects:  55% (258/469)        
2022-10-18T03:01:57.5670171Z remote: Compressing objects:  56% (263/469)        
2022-10-18T03:01:57.5671771Z remote: Compressing objects:  57% (268/469)        
2022-10-18T03:01:57.5672089Z remote: Compressing objects:  58% (273/469)        
2022-10-18T03:01:57.5672382Z remote: Compressing objects:  59% (277/469)        
2022-10-18T03:01:57.5672659Z remote: Compressing objects:  60% (282/469)        
2022-10-18T03:01:57.5672953Z remote: Compressing objects:  61% (287/469)        
2022-10-18T03:01:57.5673245Z remote: Compressing objects:  62% (291/469)        
2022-10-18T03:01:57.5673540Z remote: Compressing objects:  63% (296/469)        
2022-10-18T03:01:57.5673815Z remote: Compressing objects:  64% (301/469)        
2022-10-18T03:01:57.5674106Z remote: Compressing objects:  65% (305/469)        
2022-10-18T03:01:57.5674396Z remote: Compressing objects:  66% (310/469)        
2022-10-18T03:01:57.5674678Z remote: Compressing objects:  67% (315/469)        
2022-10-18T03:01:57.5674956Z remote: Compressing objects:  68% (319/469)        
2022-10-18T03:01:57.5675245Z remote: Compressing objects:  69% (324/469)        
2022-10-18T03:01:57.5675572Z remote: Compressing objects:  70% (329/469)        
2022-10-18T03:01:57.5675861Z remote: Compressing objects:  71% (333/469)        
2022-10-18T03:01:57.5676135Z remote: Compressing objects:  72% (338/469)        
2022-10-18T03:01:57.5676425Z remote: Compressing objects:  73% (343/469)        
2022-10-18T03:01:57.5676714Z remote: Compressing objects:  74% (348/469)        
2022-10-18T03:01:57.5677003Z remote: Compressing objects:  75% (352/469)        
2022-10-18T03:01:57.5677280Z remote: Compressing objects:  76% (357/469)        
2022-10-18T03:01:57.5677568Z remote: Compressing objects:  77% (362/469)        
2022-10-18T03:01:57.5677860Z remote: Compressing objects:  78% (366/469)        
2022-10-18T03:01:57.5678149Z remote: Compressing objects:  79% (371/469)        
2022-10-18T03:01:57.5678422Z remote: Compressing objects:  80% (376/469)        
2022-10-18T03:01:57.5678708Z remote: Compressing objects:  81% (380/469)        
2022-10-18T03:01:57.5679135Z remote: Compressing objects:  82% (385/469)        
2022-10-18T03:01:57.5679424Z remote: Compressing objects:  83% (390/469)        
2022-10-18T03:01:57.5679697Z remote: Compressing objects:  84% (394/469)        
2022-10-18T03:01:57.5679983Z remote: Compressing objects:  85% (399/469)        
2022-10-18T03:01:57.5680270Z remote: Compressing objects:  86% (404/469)        
2022-10-18T03:01:57.5680556Z remote: Compressing objects:  87% (409/469)        
2022-10-18T03:01:57.5680842Z remote: Compressing objects:  88% (413/469)        
2022-10-18T03:01:57.5681117Z remote: Compressing objects:  89% (418/469)        
2022-10-18T03:01:57.5681438Z remote: Compressing objects:  90% (423/469)        
2022-10-18T03:01:57.5681748Z remote: Compressing objects:  91% (427/469)        
2022-10-18T03:01:57.5682036Z remote: Compressing objects:  92% (432/469)        
2022-10-18T03:01:57.5682326Z remote: Compressing objects:  93% (437/469)        
2022-10-18T03:01:57.5682617Z remote: Compressing objects:  94% (441/469)        
2022-10-18T03:01:57.5682892Z remote: Compressing objects:  95% (446/469)        
2022-10-18T03:01:57.5683178Z remote: Compressing objects:  96% (451/469)        
2022-10-18T03:01:57.5683466Z remote: Compressing objects:  97% (455/469)        
2022-10-18T03:01:57.5683751Z remote: Compressing objects:  98% (460/469)        
2022-10-18T03:01:57.5684023Z remote: Compressing objects:  99% (465/469)        
2022-10-18T03:01:57.5684311Z remote: Compressing objects: 100% (469/469)        
2022-10-18T03:01:57.5684684Z remote: Compressing objects: 100% (469/469), done.        
2022-10-18T03:01:57.5732929Z Receiving objects:   0% (1/1331)
2022-10-18T03:01:57.5832103Z Receiving objects:   1% (14/1331)
2022-10-18T03:01:57.5861082Z Receiving objects:   2% (27/1331)
2022-10-18T03:01:57.5867662Z Receiving objects:   3% (40/1331)
2022-10-18T03:01:57.5867954Z Receiving objects:   4% (54/1331)
2022-10-18T03:01:57.5868211Z Receiving objects:   5% (67/1331)
2022-10-18T03:01:57.5869820Z Receiving objects:   6% (80/1331)
2022-10-18T03:01:57.5873258Z Receiving objects:   7% (94/1331)
2022-10-18T03:01:57.5919743Z Receiving objects:   8% (107/1331)
2022-10-18T03:01:57.5922171Z Receiving objects:   9% (120/1331)
2022-10-18T03:01:57.5927049Z Receiving objects:  10% (134/1331)
2022-10-18T03:01:57.5930283Z Receiving objects:  11% (147/1331)
2022-10-18T03:01:57.5943407Z Receiving objects:  12% (160/1331)
2022-10-18T03:01:57.5945816Z Receiving objects:  13% (174/1331)
2022-10-18T03:01:57.5946117Z Receiving objects:  14% (187/1331)
2022-10-18T03:01:57.5948805Z Receiving objects:  15% (200/1331)
2022-10-18T03:01:57.5953680Z Receiving objects:  16% (213/1331)
2022-10-18T03:01:57.5954780Z Receiving objects:  17% (227/1331)
2022-10-18T03:01:57.5973271Z Receiving objects:  18% (240/1331)
2022-10-18T03:01:57.5973551Z Receiving objects:  19% (253/1331)
2022-10-18T03:01:57.5973806Z Receiving objects:  20% (267/1331)
2022-10-18T03:01:57.5974057Z Receiving objects:  21% (280/1331)
2022-10-18T03:01:57.5974321Z Receiving objects:  22% (293/1331)
2022-10-18T03:01:57.5974556Z Receiving objects:  23% (307/1331)
2022-10-18T03:01:57.5974806Z Receiving objects:  24% (320/1331)
2022-10-18T03:01:57.5975056Z Receiving objects:  25% (333/1331)
2022-10-18T03:01:57.5975304Z Receiving objects:  26% (347/1331)
2022-10-18T03:01:57.5975539Z Receiving objects:  27% (360/1331)
2022-10-18T03:01:57.5975786Z Receiving objects:  28% (373/1331)
2022-10-18T03:01:57.5976032Z Receiving objects:  29% (386/1331)
2022-10-18T03:01:57.5976280Z Receiving objects:  30% (400/1331)
2022-10-18T03:01:57.5976517Z Receiving objects:  31% (413/1331)
2022-10-18T03:01:57.5976766Z Receiving objects:  32% (426/1331)
2022-10-18T03:01:57.5977012Z Receiving objects:  33% (440/1331)
2022-10-18T03:01:57.5977255Z Receiving objects:  34% (453/1331)
2022-10-18T03:01:57.5977486Z Receiving objects:  35% (466/1331)
2022-10-18T03:01:57.5977732Z Receiving objects:  36% (480/1331)
2022-10-18T03:01:57.5977975Z Receiving objects:  37% (493/1331)
2022-10-18T03:01:57.5978399Z Receiving objects:  38% (506/1331)
2022-10-18T03:01:57.6044328Z Receiving objects:  39% (520/1331)
2022-10-18T03:01:57.6045312Z Receiving objects:  40% (533/1331)
2022-10-18T03:01:57.6054164Z Receiving objects:  41% (546/1331)
2022-10-18T03:01:57.6093010Z Receiving objects:  42% (560/1331)
2022-10-18T03:01:57.6107951Z Receiving objects:  43% (573/1331)
2022-10-18T03:01:57.6121061Z Receiving objects:  44% (586/1331)
2022-10-18T03:01:57.6136013Z Receiving objects:  45% (599/1331)
2022-10-18T03:01:57.6157196Z Receiving objects:  46% (613/1331)
2022-10-18T03:01:57.6176983Z Receiving objects:  47% (626/1331)
2022-10-18T03:01:57.6187062Z Receiving objects:  48% (639/1331)
2022-10-18T03:01:57.6197297Z Receiving objects:  49% (653/1331)
2022-10-18T03:01:57.6217362Z Receiving objects:  50% (666/1331)
2022-10-18T03:01:57.6229051Z Receiving objects:  51% (679/1331)
2022-10-18T03:01:57.6243177Z Receiving objects:  52% (693/1331)
2022-10-18T03:01:57.6254072Z Receiving objects:  53% (706/1331)
2022-10-18T03:01:57.6272025Z Receiving objects:  54% (719/1331)
2022-10-18T03:01:57.6278895Z Receiving objects:  55% (733/1331)
2022-10-18T03:01:57.6301308Z Receiving objects:  56% (746/1331)
2022-10-18T03:01:57.6310394Z Receiving objects:  57% (759/1331)
2022-10-18T03:01:57.6329111Z Receiving objects:  58% (772/1331)
2022-10-18T03:01:57.6343361Z Receiving objects:  59% (786/1331)
2022-10-18T03:01:57.6354797Z Receiving objects:  60% (799/1331)
2022-10-18T03:01:57.6371079Z Receiving objects:  61% (812/1331)
2022-10-18T03:01:57.6381368Z Receiving objects:  62% (826/1331)
2022-10-18T03:01:57.6389979Z Receiving objects:  63% (839/1331)
2022-10-18T03:01:57.6416150Z Receiving objects:  64% (852/1331)
2022-10-18T03:01:57.6425083Z Receiving objects:  65% (866/1331)
2022-10-18T03:01:57.6437281Z Receiving objects:  66% (879/1331)
2022-10-18T03:01:57.6443744Z Receiving objects:  67% (892/1331)
2022-10-18T03:01:57.6459876Z Receiving objects:  68% (906/1331)
2022-10-18T03:01:57.6470212Z Receiving objects:  69% (919/1331)
2022-10-18T03:01:57.6473338Z Receiving objects:  70% (932/1331)
2022-10-18T03:01:57.6493089Z Receiving objects:  71% (946/1331)
2022-10-18T03:01:57.6498917Z Receiving objects:  72% (959/1331)
2022-10-18T03:01:57.6510544Z Receiving objects:  73% (972/1331)
2022-10-18T03:01:57.6523528Z Receiving objects:  74% (985/1331)
2022-10-18T03:01:57.6546692Z Receiving objects:  75% (999/1331)
2022-10-18T03:01:57.6547092Z Receiving objects:  76% (1012/1331)
2022-10-18T03:01:57.6565463Z Receiving objects:  77% (1025/1331)
2022-10-18T03:01:57.6584764Z Receiving objects:  78% (1039/1331)
2022-10-18T03:01:57.6590102Z Receiving objects:  79% (1052/1331)
2022-10-18T03:01:57.6623349Z Receiving objects:  80% (1065/1331)
2022-10-18T03:01:57.6623641Z Receiving objects:  81% (1079/1331)
2022-10-18T03:01:57.6627999Z Receiving objects:  82% (1092/1331)
2022-10-18T03:01:57.6648964Z Receiving objects:  83% (1105/1331)
2022-10-18T03:01:57.6672701Z Receiving objects:  84% (1119/1331)
2022-10-18T03:01:57.6676192Z Receiving objects:  85% (1132/1331)
2022-10-18T03:01:57.6680561Z Receiving objects:  86% (1145/1331)
2022-10-18T03:01:57.6683039Z Receiving objects:  87% (1158/1331)
2022-10-18T03:01:57.6688333Z Receiving objects:  88% (1172/1331)
2022-10-18T03:01:57.6688619Z Receiving objects:  89% (1185/1331)
2022-10-18T03:01:57.6704069Z Receiving objects:  90% (1198/1331)
2022-10-18T03:01:57.6712613Z Receiving objects:  91% (1212/1331)
2022-10-18T03:01:57.6713052Z Receiving objects:  92% (1225/1331)
2022-10-18T03:01:57.6713315Z Receiving objects:  93% (1238/1331)
2022-10-18T03:01:57.6713570Z Receiving objects:  94% (1252/1331)
2022-10-18T03:01:57.6713885Z Receiving objects:  95% (1265/1331)
2022-10-18T03:01:57.6720454Z Receiving objects:  96% (1278/1331)
2022-10-18T03:01:57.6720785Z Receiving objects:  97% (1292/1331)
2022-10-18T03:01:57.6721042Z Receiving objects:  98% (1305/1331)
2022-10-18T03:01:57.6740647Z Receiving objects:  99% (1318/1331)
2022-10-18T03:01:57.6741571Z remote: Total 1331 (delta 657), reused 1230 (delta 629), pack-reused 0        
2022-10-18T03:01:57.6753013Z Receiving objects: 100% (1331/1331)
2022-10-18T03:01:57.6753568Z Receiving objects: 100% (1331/1331), 3.70 MiB | 36.12 MiB/s, done.
2022-10-18T03:01:57.6773665Z Resolving deltas:   0% (0/657)
2022-10-18T03:01:57.6787556Z Resolving deltas:   1% (7/657)
2022-10-18T03:01:57.6800748Z Resolving deltas:   2% (14/657)
2022-10-18T03:01:57.6814988Z Resolving deltas:   3% (20/657)
2022-10-18T03:01:57.6831025Z Resolving deltas:   4% (27/657)
2022-10-18T03:01:57.6847548Z Resolving deltas:   5% (33/657)
2022-10-18T03:01:57.7090564Z Resolving deltas:   6% (40/657)
2022-10-18T03:01:57.7101613Z Resolving deltas:   7% (46/657)
2022-10-18T03:01:57.7102033Z Resolving deltas:   8% (53/657)
2022-10-18T03:01:57.7102570Z Resolving deltas:   9% (60/657)
2022-10-18T03:01:57.7103187Z Resolving deltas:  10% (66/657)
2022-10-18T03:01:57.7103725Z Resolving deltas:  11% (73/657)
2022-10-18T03:01:57.7104294Z Resolving deltas:  12% (79/657)
2022-10-18T03:01:57.7104857Z Resolving deltas:  13% (86/657)
2022-10-18T03:01:57.7105440Z Resolving deltas:  14% (92/657)
2022-10-18T03:01:57.7106006Z Resolving deltas:  15% (99/657)
2022-10-18T03:01:57.7106574Z Resolving deltas:  16% (106/657)
2022-10-18T03:01:57.7107124Z Resolving deltas:  17% (112/657)
2022-10-18T03:01:57.7107675Z Resolving deltas:  18% (119/657)
2022-10-18T03:01:57.7108239Z Resolving deltas:  19% (125/657)
2022-10-18T03:01:57.7108770Z Resolving deltas:  20% (132/657)
2022-10-18T03:01:57.7109338Z Resolving deltas:  21% (138/657)
2022-10-18T03:01:57.7109913Z Resolving deltas:  22% (145/657)
2022-10-18T03:01:57.7110477Z Resolving deltas:  23% (152/657)
2022-10-18T03:01:57.7111825Z Resolving deltas:  24% (158/657)
2022-10-18T03:01:57.7112177Z Resolving deltas:  25% (165/657)
2022-10-18T03:01:57.7112777Z Resolving deltas:  26% (171/657)
2022-10-18T03:01:57.7113335Z Resolving deltas:  27% (178/657)
2022-10-18T03:01:57.7113905Z Resolving deltas:  28% (184/657)
2022-10-18T03:01:57.7114452Z Resolving deltas:  29% (191/657)
2022-10-18T03:01:57.7114972Z Resolving deltas:  30% (198/657)
2022-10-18T03:01:57.7115566Z Resolving deltas:  31% (204/657)
2022-10-18T03:01:57.7116113Z Resolving deltas:  32% (211/657)
2022-10-18T03:01:57.7116660Z Resolving deltas:  33% (217/657)
2022-10-18T03:01:57.7117256Z Resolving deltas:  34% (224/657)
2022-10-18T03:01:57.7117839Z Resolving deltas:  35% (230/657)
2022-10-18T03:01:57.7118283Z Resolving deltas:  36% (237/657)
2022-10-18T03:01:57.7118895Z Resolving deltas:  37% (244/657)
2022-10-18T03:01:57.7144091Z Resolving deltas:  38% (250/657)
2022-10-18T03:01:57.7167959Z Resolving deltas:  39% (257/657)
2022-10-18T03:01:57.7195705Z Resolving deltas:  40% (263/657)
2022-10-18T03:01:57.7215534Z Resolving deltas:  41% (270/657)
2022-10-18T03:01:57.7234061Z Resolving deltas:  42% (276/657)
2022-10-18T03:01:57.7283407Z Resolving deltas:  43% (283/657)
2022-10-18T03:01:57.7289047Z Resolving deltas:  44% (290/657)
2022-10-18T03:01:57.7321843Z Resolving deltas:  45% (296/657)
2022-10-18T03:01:57.7345386Z Resolving deltas:  46% (303/657)
2022-10-18T03:01:57.7357792Z Resolving deltas:  47% (309/657)
2022-10-18T03:01:57.7363295Z Resolving deltas:  48% (316/657)
2022-10-18T03:01:57.7397147Z Resolving deltas:  49% (322/657)
2022-10-18T03:01:57.7403043Z Resolving deltas:  50% (329/657)
2022-10-18T03:01:57.7440925Z Resolving deltas:  51% (336/657)
2022-10-18T03:01:57.7476432Z Resolving deltas:  52% (342/657)
2022-10-18T03:01:57.7507920Z Resolving deltas:  53% (349/657)
2022-10-18T03:01:57.7543855Z Resolving deltas:  54% (355/657)
2022-10-18T03:01:57.7546080Z Resolving deltas:  55% (362/657)
2022-10-18T03:01:57.7546664Z Resolving deltas:  56% (368/657)
2022-10-18T03:01:57.7549237Z Resolving deltas:  57% (375/657)
2022-10-18T03:01:57.7549741Z Resolving deltas:  58% (382/657)
2022-10-18T03:01:57.7552224Z Resolving deltas:  59% (388/657)
2022-10-18T03:01:57.7554085Z Resolving deltas:  60% (395/657)
2022-10-18T03:01:57.7557896Z Resolving deltas:  61% (401/657)
2022-10-18T03:01:57.7561757Z Resolving deltas:  62% (408/657)
2022-10-18T03:01:57.7568272Z Resolving deltas:  63% (414/657)
2022-10-18T03:01:57.7568881Z Resolving deltas:  64% (421/657)
2022-10-18T03:01:57.7577121Z Resolving deltas:  65% (428/657)
2022-10-18T03:01:57.7577882Z Resolving deltas:  66% (434/657)
2022-10-18T03:01:57.7578442Z Resolving deltas:  67% (441/657)
2022-10-18T03:01:57.7579559Z Resolving deltas:  68% (447/657)
2022-10-18T03:01:57.7579935Z Resolving deltas:  69% (454/657)
2022-10-18T03:01:57.7580533Z Resolving deltas:  70% (460/657)
2022-10-18T03:01:57.7581274Z Resolving deltas:  71% (467/657)
2022-10-18T03:01:57.7584689Z Resolving deltas:  72% (474/657)
2022-10-18T03:01:57.7586665Z Resolving deltas:  73% (480/657)
2022-10-18T03:01:57.7589152Z Resolving deltas:  74% (487/657)
2022-10-18T03:01:57.7590443Z Resolving deltas:  75% (493/657)
2022-10-18T03:01:57.7592938Z Resolving deltas:  76% (500/657)
2022-10-18T03:01:57.7598010Z Resolving deltas:  77% (506/657)
2022-10-18T03:01:57.7599894Z Resolving deltas:  78% (513/657)
2022-10-18T03:01:57.7602385Z Resolving deltas:  79% (520/657)
2022-10-18T03:01:57.7605719Z Resolving deltas:  80% (526/657)
2022-10-18T03:01:57.7610272Z Resolving deltas:  81% (533/657)
2022-10-18T03:01:57.7615570Z Resolving deltas:  82% (539/657)
2022-10-18T03:01:57.7618366Z Resolving deltas:  83% (546/657)
2022-10-18T03:01:57.7623103Z Resolving deltas:  84% (552/657)
2022-10-18T03:01:57.7627300Z Resolving deltas:  85% (559/657)
2022-10-18T03:01:57.7630907Z Resolving deltas:  86% (566/657)
2022-10-18T03:01:57.7638539Z Resolving deltas:  87% (572/657)
2022-10-18T03:01:57.7646737Z Resolving deltas:  88% (579/657)
2022-10-18T03:01:57.7660651Z Resolving deltas:  89% (585/657)
2022-10-18T03:01:57.7671054Z Resolving deltas:  90% (592/657)
2022-10-18T03:01:57.7677417Z Resolving deltas:  91% (598/657)
2022-10-18T03:01:57.7683133Z Resolving deltas:  92% (605/657)
2022-10-18T03:01:57.7688393Z Resolving deltas:  93% (612/657)
2022-10-18T03:01:57.7693674Z Resolving deltas:  94% (618/657)
2022-10-18T03:01:57.7699405Z Resolving deltas:  95% (625/657)
2022-10-18T03:01:57.7705430Z Resolving deltas:  96% (631/657)
2022-10-18T03:01:57.7712737Z Resolving deltas:  97% (638/657)
2022-10-18T03:01:57.7721476Z Resolving deltas:  98% (644/657)
2022-10-18T03:01:57.7726886Z Resolving deltas:  99% (651/657)
2022-10-18T03:01:57.7733523Z Resolving deltas: 100% (657/657)
2022-10-18T03:01:57.7734142Z Resolving deltas: 100% (657/657), done.
2022-10-18T03:01:57.8143397Z From https://github.com/seanpm2001/GitHub_Stats_A
2022-10-18T03:01:57.8146571Z  * [new ref]         8d828710b156d1643b78e11dc91dffa7f457d8f6 -> origin/master
2022-10-18T03:01:57.8174360Z ##[endgroup]
2022-10-18T03:01:57.8175178Z ##[group]Determining the checkout info
2022-10-18T03:01:57.8176135Z ##[endgroup]
2022-10-18T03:01:57.8176869Z ##[group]Checking out the ref
2022-10-18T03:01:57.8182260Z [command]/usr/bin/git checkout --progress --force -B master refs/remotes/origin/master
2022-10-18T03:01:57.9799847Z Reset branch 'master'
2022-10-18T03:01:57.9800682Z branch 'master' set up to track 'origin/master'.
2022-10-18T03:01:57.9823238Z ##[endgroup]
2022-10-18T03:01:57.9871090Z [command]/usr/bin/git log -1 --format='%H'
2022-10-18T03:01:57.9897755Z '8d828710b156d1643b78e11dc91dffa7f457d8f6'
2022-10-18T03:01:58.0213263Z ##[group]Run actions/setup-python@v2
2022-10-18T03:01:58.0213537Z with:
2022-10-18T03:01:58.0213748Z   python-version: 3.8
2022-10-18T03:01:58.0213963Z   architecture: x64
2022-10-18T03:01:58.0214366Z   token: ***
2022-10-18T03:01:58.0214579Z ##[endgroup]
2022-10-18T03:01:58.1712253Z ##[warning]The `set-output` command is deprecated and will be disabled soon. Please upgrade to using Environment Files. For more information see: https://github.blog/changelog/2022-10-11-github-actions-deprecating-save-state-and-set-output-commands/
2022-10-18T03:01:58.1725189Z Successfully setup CPython (3.8.14)
2022-10-18T03:01:58.5585613Z ##[group]Run actions/cache@v2
2022-10-18T03:01:58.5585896Z with:
2022-10-18T03:01:58.5586087Z   path: ~/.cache/pip
2022-10-18T03:01:58.5586444Z   key: Linux-pip-60f2a6c0212a9b74a155cd81b58dd07fd8b180833132566260d95f4de42fe218
2022-10-18T03:01:58.5586924Z   restore-keys: Linux-pip-

2022-10-18T03:01:58.5587182Z env:
2022-10-18T03:01:58.5587439Z   pythonLocation: /opt/hostedtoolcache/Python/3.8.14/x64
2022-10-18T03:01:58.5587784Z   LD_LIBRARY_PATH: /opt/hostedtoolcache/Python/3.8.14/x64/lib
2022-10-18T03:01:58.5588062Z ##[endgroup]
2022-10-18T03:01:58.6974728Z ##[warning]The `save-state` command is deprecated and will be disabled soon. Please upgrade to using Environment Files. For more information see: https://github.blog/changelog/2022-10-11-github-actions-deprecating-save-state-and-set-output-commands/
2022-10-18T03:01:59.3350288Z Received 4175495 of 4175495 (100.0%), 13.0 MBs/sec
2022-10-18T03:01:59.3351604Z Cache Size: ~4 MB (4175495 B)
2022-10-18T03:01:59.3373100Z [command]/usr/bin/tar --use-compress-program zstd -d -xf /home/runner/work/_temp/71b4297d-6756-43ca-8e0d-593daa16a283/cache.tzst -P -C /home/runner/work/GitHub_Stats_A/GitHub_Stats_A
2022-10-18T03:01:59.3555656Z Cache restored successfully
2022-10-18T03:01:59.3568533Z ##[warning]The `save-state` command is deprecated and will be disabled soon. Please upgrade to using Environment Files. For more information see: https://github.blog/changelog/2022-10-11-github-actions-deprecating-save-state-and-set-output-commands/
2022-10-18T03:01:59.3600219Z 
2022-10-18T03:01:59.3602100Z ##[warning]The `set-output` command is deprecated and will be disabled soon. Please upgrade to using Environment Files. For more information see: https://github.blog/changelog/2022-10-11-github-actions-deprecating-save-state-and-set-output-commands/
2022-10-18T03:01:59.3603803Z Cache restored from key: Linux-pip-60f2a6c0212a9b74a155cd81b58dd07fd8b180833132566260d95f4de42fe218
2022-10-18T03:01:59.3730656Z ##[group]Run python3 -m pip install --upgrade pip setuptools wheel
2022-10-18T03:01:59.3731133Z [36;1mpython3 -m pip install --upgrade pip setuptools wheel[0m
2022-10-18T03:01:59.3731492Z [36;1mpython3 -m pip install -r requirements.txt[0m
2022-10-18T03:01:59.3785109Z shell: /usr/bin/bash -e {0}
2022-10-18T03:01:59.3785384Z env:
2022-10-18T03:01:59.3785677Z   pythonLocation: /opt/hostedtoolcache/Python/3.8.14/x64
2022-10-18T03:01:59.3786036Z   LD_LIBRARY_PATH: /opt/hostedtoolcache/Python/3.8.14/x64/lib
2022-10-18T03:01:59.3786304Z ##[endgroup]
2022-10-18T03:02:00.1511834Z Requirement already satisfied: pip in /opt/hostedtoolcache/Python/3.8.14/x64/lib/python3.8/site-packages (22.2.2)
2022-10-18T03:02:00.2630316Z Collecting pip
2022-10-18T03:02:00.3013034Z   Downloading pip-22.3-py3-none-any.whl (2.1 MB)
2022-10-18T03:02:00.3450571Z      ━━━━━━━━━━━━━━━━━━━━━━━━━━━━━━━━━━━━━━━━ 2.1/2.1 MB 50.8 MB/s eta 0:00:00
2022-10-18T03:02:00.3577588Z Requirement already satisfied: setuptools in /opt/hostedtoolcache/Python/3.8.14/x64/lib/python3.8/site-packages (56.0.0)
2022-10-18T03:02:00.6354350Z Collecting setuptools
2022-10-18T03:02:00.6442810Z   Downloading setuptools-65.5.0-py3-none-any.whl (1.2 MB)
2022-10-18T03:02:00.6590310Z      ━━━━━━━━━━━━━━━━━━━━━━━━━━━━━━━━━━━━━━━━ 1.2/1.2 MB 102.5 MB/s eta 0:00:00
2022-10-18T03:02:00.7085532Z Collecting wheel
2022-10-18T03:02:00.7107889Z   Using cached wheel-0.37.1-py2.py3-none-any.whl (35 kB)
2022-10-18T03:02:00.8331573Z Installing collected packages: wheel, setuptools, pip
2022-10-18T03:02:00.8611474Z   Attempting uninstall: setuptools
2022-10-18T03:02:00.8622959Z     Found existing installation: setuptools 56.0.0
2022-10-18T03:02:00.9128864Z     Uninstalling setuptools-56.0.0:
2022-10-18T03:02:00.9238498Z       Successfully uninstalled setuptools-56.0.0
2022-10-18T03:02:01.4576951Z   Attempting uninstall: pip
2022-10-18T03:02:01.4583862Z     Found existing installation: pip 22.2.2
2022-10-18T03:02:01.6351697Z     Uninstalling pip-22.2.2:
2022-10-18T03:02:01.6883339Z       Successfully uninstalled pip-22.2.2
2022-10-18T03:02:02.7823993Z Successfully installed pip-22.3 setuptools-65.5.0 wheel-0.37.1
2022-10-18T03:02:03.5672378Z Collecting requests
2022-10-18T03:02:03.5695831Z   Using cached requests-2.28.1-py3-none-any.whl (62 kB)
2022-10-18T03:02:03.9967244Z Collecting aiohttp
2022-10-18T03:02:04.0334437Z   Downloading aiohttp-3.8.3-cp38-cp38-manylinux_2_17_x86_64.manylinux2014_x86_64.whl (1.0 MB)
2022-10-18T03:02:04.0659747Z      ━━━━━━━━━━━━━━━━━━━━━━━━━━━━━━━━━━━━━━━━ 1.0/1.0 MB 35.2 MB/s eta 0:00:00
2022-10-18T03:02:04.1137795Z Collecting certifi>=2017.4.17
2022-10-18T03:02:04.1224634Z   Downloading certifi-2022.9.24-py3-none-any.whl (161 kB)
2022-10-18T03:02:04.1286697Z      ━━━━━━━━━━━━━━━━━━━━━━━━━━━━━━━━━━━━━━ 161.1/161.1 kB 45.2 MB/s eta 0:00:00
2022-10-18T03:02:04.1555968Z Collecting idna<4,>=2.5
2022-10-18T03:02:04.1639117Z   Downloading idna-3.4-py3-none-any.whl (61 kB)
2022-10-18T03:02:04.1689671Z      ━━━━━━━━━━━━━━━━━━━━━━━━━━━━━━━━━━━━━━━━ 61.5/61.5 kB 21.5 MB/s eta 0:00:00
2022-10-18T03:02:04.2244398Z Collecting charset-normalizer<3,>=2
2022-10-18T03:02:04.2266982Z   Using cached charset_normalizer-2.1.1-py3-none-any.whl (39 kB)
2022-10-18T03:02:04.2840725Z Collecting urllib3<1.27,>=1.21.1
2022-10-18T03:02:04.2869403Z   Using cached urllib3-1.26.12-py2.py3-none-any.whl (140 kB)
2022-10-18T03:02:04.3259120Z Collecting aiosignal>=1.1.2
2022-10-18T03:02:04.3280431Z   Using cached aiosignal-1.2.0-py3-none-any.whl (8.2 kB)
2022-10-18T03:02:04.7038232Z Collecting multidict<7.0,>=4.5
2022-10-18T03:02:04.7063268Z   Using cached multidict-6.0.2-cp38-cp38-manylinux_2_17_x86_64.manylinux2014_x86_64.whl (121 kB)
2022-10-18T03:02:04.7934602Z Collecting frozenlist>=1.1.1
2022-10-18T03:02:04.7959375Z   Using cached frozenlist-1.3.1-cp38-cp38-manylinux_2_5_x86_64.manylinux1_x86_64.manylinux_2_17_x86_64.manylinux2014_x86_64.whl (161 kB)
2022-10-18T03:02:04.8274653Z Collecting attrs>=17.3.0
2022-10-18T03:02:04.8296926Z   Using cached attrs-22.1.0-py2.py3-none-any.whl (58 kB)
2022-10-18T03:02:04.8540614Z Collecting async-timeout<5.0,>=4.0.0a3
2022-10-18T03:02:04.8560389Z   Using cached async_timeout-4.0.2-py3-none-any.whl (5.8 kB)
2022-10-18T03:02:05.0726481Z Collecting yarl<2.0,>=1.0
2022-10-18T03:02:05.0754410Z   Using cached yarl-1.8.1-cp38-cp38-manylinux_2_17_x86_64.manylinux2014_x86_64.whl (262 kB)
2022-10-18T03:02:05.2977590Z Installing collected packages: urllib3, multidict, idna, frozenlist, charset-normalizer, certifi, attrs, async-timeout, yarl, requests, aiosignal, aiohttp
2022-10-18T03:02:05.7746324Z Successfully installed aiohttp-3.8.3 aiosignal-1.2.0 async-timeout-4.0.2 attrs-22.1.0 certifi-2022.9.24 charset-normalizer-2.1.1 frozenlist-1.3.1 idna-3.4 multidict-6.0.2 requests-2.28.1 urllib3-1.26.12 yarl-1.8.1
2022-10-18T03:02:05.9495723Z ##[group]Run python3 --version
2022-10-18T03:02:05.9496013Z [36;1mpython3 --version[0m
2022-10-18T03:02:05.9496269Z [36;1mpython3 generate_images.py[0m
2022-10-18T03:02:05.9545985Z shell: /usr/bin/bash -e {0}
2022-10-18T03:02:05.9546211Z env:
2022-10-18T03:02:05.9546491Z   pythonLocation: /opt/hostedtoolcache/Python/3.8.14/x64
2022-10-18T03:02:05.9546844Z   LD_LIBRARY_PATH: /opt/hostedtoolcache/Python/3.8.14/x64/lib
2022-10-18T03:02:05.9547496Z   ACCESS_TOKEN: ***
2022-10-18T03:02:05.9547838Z   GITHUB_TOKEN: ***
2022-10-18T03:02:05.9548052Z   EXCLUDED: 
2022-10-18T03:02:05.9548275Z   EXCLUDED_LANGS: 
2022-10-18T03:02:05.9548503Z   EXCLUDE_FORKED_REPOS: true
2022-10-18T03:02:05.9548733Z ##[endgroup]
2022-10-18T03:02:05.9638087Z Python 3.8.14
2022-10-18T03:11:34.2059907Z A path returned 202. Retrying...
2022-10-18T03:11:34.2060552Z A path returned 202. Retrying...
2022-10-18T03:11:34.2060952Z A path returned 202. Retrying...
2022-10-18T03:11:34.2061851Z A path returned 202. Retrying...
2022-10-18T03:11:34.2062421Z A path returned 202. Retrying...
2022-10-18T03:11:34.2103698Z A path returned 202. Retrying...
2022-10-18T03:11:34.2106496Z A path returned 202. Retrying...
2022-10-18T03:11:34.2109267Z A path returned 202. Retrying...
2022-10-18T03:11:34.2112022Z A path returned 202. Retrying...
2022-10-18T03:11:34.2114658Z A path returned 202. Retrying...
2022-10-18T03:11:34.2117955Z A path returned 202. Retrying...
2022-10-18T03:11:34.2118626Z A path returned 202. Retrying...
2022-10-18T03:11:34.2119382Z A path returned 202. Retrying...
2022-10-18T03:11:34.2120273Z A path returned 202. Retrying...
2022-10-18T03:11:34.2121124Z A path returned 202. Retrying...
2022-10-18T03:11:34.2121985Z A path returned 202. Retrying...
2022-10-18T03:11:34.2122864Z A path returned 202. Retrying...
2022-10-18T03:11:34.2123714Z A path returned 202. Retrying...
2022-10-18T03:11:34.2124575Z A path returned 202. Retrying...
2022-10-18T03:11:34.2125433Z A path returned 202. Retrying...
2022-10-18T03:11:34.2126312Z A path returned 202. Retrying...
2022-10-18T03:11:34.2127159Z A path returned 202. Retrying...
2022-10-18T03:11:34.2128019Z A path returned 202. Retrying...
2022-10-18T03:11:34.2128845Z A path returned 202. Retrying...
2022-10-18T03:11:34.2129808Z A path returned 202. Retrying...
2022-10-18T03:11:34.2130630Z A path returned 202. Retrying...
2022-10-18T03:11:34.2131491Z A path returned 202. Retrying...
2022-10-18T03:11:34.2132355Z A path returned 202. Retrying...
2022-10-18T03:11:34.2132876Z A path returned 202. Retrying...
2022-10-18T03:11:34.2133622Z A path returned 202. Retrying...
2022-10-18T03:11:34.2134129Z A path returned 202. Retrying...
2022-10-18T03:11:34.2134469Z A path returned 202. Retrying...
2022-10-18T03:11:34.2136517Z A path returned 202. Retrying...
2022-10-18T03:11:34.2137011Z A path returned 202. Retrying...
2022-10-18T03:11:34.2137295Z A path returned 202. Retrying...
2022-10-18T03:11:34.2137647Z A path returned 202. Retrying...
2022-10-18T03:11:34.2139649Z A path returned 202. Retrying...
2022-10-18T03:11:34.2140140Z A path returned 202. Retrying...
2022-10-18T03:11:34.2140519Z A path returned 202. Retrying...
2022-10-18T03:11:34.2143143Z A path returned 202. Retrying...
2022-10-18T03:11:34.2143486Z A path returned 202. Retrying...
2022-10-18T03:11:34.2143812Z A path returned 202. Retrying...
2022-10-18T03:11:34.2144142Z A path returned 202. Retrying...
2022-10-18T03:11:34.2144509Z A path returned 202. Retrying...
2022-10-18T03:11:34.2144800Z A path returned 202. Retrying...
2022-10-18T03:11:34.2145119Z A path returned 202. Retrying...
2022-10-18T03:11:34.2145454Z A path returned 202. Retrying...
2022-10-18T03:11:34.2145809Z A path returned 202. Retrying...
2022-10-18T03:11:34.2146152Z A path returned 202. Retrying...
2022-10-18T03:11:34.2146480Z A path returned 202. Retrying...
2022-10-18T03:11:34.2146834Z A path returned 202. Retrying...
2022-10-18T03:11:34.2147114Z A path returned 202. Retrying...
2022-10-18T03:11:34.2147451Z A path returned 202. Retrying...
2022-10-18T03:11:34.2147983Z A path returned 202. Retrying...
2022-10-18T03:11:34.2148328Z A path returned 202. Retrying...
2022-10-18T03:11:34.2148694Z A path returned 202. Retrying...
2022-10-18T03:11:34.2149036Z A path returned 202. Retrying...
2022-10-18T03:11:34.2149360Z A path returned 202. Retrying...
2022-10-18T03:11:34.2149684Z A path returned 202. Retrying...
2022-10-18T03:11:34.2149986Z A path returned 202. Retrying...
2022-10-18T03:11:34.2150321Z A path returned 202. Retrying...
2022-10-18T03:11:34.2150644Z A path returned 202. Retrying...
2022-10-18T03:11:34.2151136Z A path returned 202. Retrying...
2022-10-18T03:11:34.2151499Z A path returned 202. Retrying...
2022-10-18T03:11:34.2151839Z A path returned 202. Retrying...
2022-10-18T03:11:34.2152170Z A path returned 202. Retrying...
2022-10-18T03:11:34.2152497Z A path returned 202. Retrying...
2022-10-18T03:11:34.2152775Z A path returned 202. Retrying...
2022-10-18T03:11:34.2153133Z A path returned 202. Retrying...
2022-10-18T03:11:34.2153458Z A path returned 202. Retrying...
2022-10-18T03:11:34.2153781Z A path returned 202. Retrying...
2022-10-18T03:11:34.2154104Z A path returned 202. Retrying...
2022-10-18T03:11:34.2154549Z A path returned 202. Retrying...
2022-10-18T03:11:34.2154933Z A path returned 202. Retrying...
2022-10-18T03:11:34.2155209Z A path returned 202. Retrying...
2022-10-18T03:11:34.2155533Z A path returned 202. Retrying...
2022-10-18T03:11:34.2155887Z A path returned 202. Retrying...
2022-10-18T03:11:34.2156207Z A path returned 202. Retrying...
2022-10-18T03:11:34.2156530Z A path returned 202. Retrying...
2022-10-18T03:11:34.2156983Z A path returned 202. Retrying...
2022-10-18T03:11:34.2157333Z A path returned 202. Retrying...
2022-10-18T03:11:34.2157656Z A path returned 202. Retrying...
2022-10-18T03:11:34.2157931Z A path returned 202. Retrying...
2022-10-18T03:11:34.2158251Z A path returned 202. Retrying...
2022-10-18T03:11:34.2158590Z A path returned 202. Retrying...
2022-10-18T03:11:34.2158938Z A path returned 202. Retrying...
2022-10-18T03:11:34.2159263Z A path returned 202. Retrying...
2022-10-18T03:11:34.2159593Z A path returned 202. Retrying...
2022-10-18T03:11:34.2159915Z A path returned 202. Retrying...
2022-10-18T03:11:34.2160260Z A path returned 202. Retrying...
2022-10-18T03:11:34.2160533Z A path returned 202. Retrying...
2022-10-18T03:11:34.2160853Z A path returned 202. Retrying...
2022-10-18T03:11:34.2161188Z A path returned 202. Retrying...
2022-10-18T03:11:34.2161530Z A path returned 202. Retrying...
2022-10-18T03:11:34.2161853Z A path returned 202. Retrying...
2022-10-18T03:11:34.2162187Z A path returned 202. Retrying...
2022-10-18T03:11:34.2162512Z A path returned 202. Retrying...
2022-10-18T03:11:34.2162786Z A path returned 202. Retrying...
2022-10-18T03:11:34.2163143Z A path returned 202. Retrying...
2022-10-18T03:11:34.2163466Z A path returned 202. Retrying...
2022-10-18T03:11:34.2163794Z A path returned 202. Retrying...
2022-10-18T03:11:34.2164114Z A path returned 202. Retrying...
2022-10-18T03:11:34.2164487Z A path returned 202. Retrying...
2022-10-18T03:11:34.2164821Z A path returned 202. Retrying...
2022-10-18T03:11:34.2165137Z A path returned 202. Retrying...
2022-10-18T03:11:34.2165410Z A path returned 202. Retrying...
2022-10-18T03:11:34.2165755Z A path returned 202. Retrying...
2022-10-18T03:11:34.2166077Z A path returned 202. Retrying...
2022-10-18T03:11:34.2166412Z A path returned 202. Retrying...
2022-10-18T03:11:34.2166736Z A path returned 202. Retrying...
2022-10-18T03:11:34.2167083Z A path returned 202. Retrying...
2022-10-18T03:11:34.2167420Z A path returned 202. Retrying...
2022-10-18T03:11:34.2167751Z A path returned 202. Retrying...
2022-10-18T03:11:34.2168027Z A path returned 202. Retrying...
2022-10-18T03:11:34.2168350Z A path returned 202. Retrying...
2022-10-18T03:11:34.2168701Z A path returned 202. Retrying...
2022-10-18T03:11:34.2169037Z A path returned 202. Retrying...
2022-10-18T03:11:34.2169362Z A path returned 202. Retrying...
2022-10-18T03:11:34.2169684Z A path returned 202. Retrying...
2022-10-18T03:11:34.2170151Z A path returned 202. Retrying...
2022-10-18T03:11:34.2170435Z A path returned 202. Retrying...
2022-10-18T03:11:34.2170758Z A path returned 202. Retrying...
2022-10-18T03:11:34.2171082Z A path returned 202. Retrying...
2022-10-18T03:11:34.2171444Z A path returned 202. Retrying...
2022-10-18T03:11:34.2171767Z A path returned 202. Retrying...
2022-10-18T03:11:34.2172088Z A path returned 202. Retrying...
2022-10-18T03:11:34.2172409Z A path returned 202. Retrying...
2022-10-18T03:11:34.2172770Z A path returned 202. Retrying...
2022-10-18T03:11:34.2173048Z A path returned 202. Retrying...
2022-10-18T03:11:34.2173372Z A path returned 202. Retrying...
2022-10-18T03:11:34.2173700Z A path returned 202. Retrying...
2022-10-18T03:11:34.2174034Z A path returned 202. Retrying...
2022-10-18T03:11:34.2174384Z A path returned 202. Retrying...
2022-10-18T03:11:34.2174705Z A path returned 202. Retrying...
2022-10-18T03:11:34.2175027Z A path returned 202. Retrying...
2022-10-18T03:11:34.2175358Z A path returned 202. Retrying...
2022-10-18T03:11:34.2175659Z A path returned 202. Retrying...
2022-10-18T03:11:34.2175980Z A path returned 202. Retrying...
2022-10-18T03:11:34.2176302Z A path returned 202. Retrying...
2022-10-18T03:11:34.2176639Z A path returned 202. Retrying...
2022-10-18T03:11:34.2176983Z A path returned 202. Retrying...
2022-10-18T03:11:34.2177301Z A path returned 202. Retrying...
2022-10-18T03:11:34.2177624Z A path returned 202. Retrying...
2022-10-18T03:11:34.2177896Z A path returned 202. Retrying...
2022-10-18T03:11:34.2178237Z A path returned 202. Retrying...
2022-10-18T03:11:34.2178670Z A path returned 202. Retrying...
2022-10-18T03:11:34.2179036Z A path returned 202. Retrying...
2022-10-18T03:11:34.2179381Z A path returned 202. Retrying...
2022-10-18T03:11:34.2179709Z A path returned 202. Retrying...
2022-10-18T03:11:34.2180062Z A path returned 202. Retrying...
2022-10-18T03:11:34.2180386Z A path returned 202. Retrying...
2022-10-18T03:11:34.2180726Z A path returned 202. Retrying...
2022-10-18T03:11:34.2181052Z A path returned 202. Retrying...
2022-10-18T03:11:34.2181352Z A path returned 202. Retrying...
2022-10-18T03:11:34.2181675Z A path returned 202. Retrying...
2022-10-18T03:11:34.2182012Z A path returned 202. Retrying...
2022-10-18T03:11:34.2182337Z A path returned 202. Retrying...
2022-10-18T03:11:34.2182689Z A path returned 202. Retrying...
2022-10-18T03:11:34.2183011Z A path returned 202. Retrying...
2022-10-18T03:11:34.2183350Z A path returned 202. Retrying...
2022-10-18T03:11:34.2183670Z A path returned 202. Retrying...
2022-10-18T03:11:34.2183944Z A path returned 202. Retrying...
2022-10-18T03:11:34.2184295Z A path returned 202. Retrying...
2022-10-18T03:11:34.2184638Z A path returned 202. Retrying...
2022-10-18T03:11:34.2184960Z A path returned 202. Retrying...
2022-10-18T03:11:34.2185282Z A path returned 202. Retrying...
2022-10-18T03:11:34.2185631Z A path returned 202. Retrying...
2022-10-18T03:11:34.2185963Z A path returned 202. Retrying...
2022-10-18T03:11:34.2186286Z A path returned 202. Retrying...
2022-10-18T03:11:34.2186563Z A path returned 202. Retrying...
2022-10-18T03:11:34.2186907Z A path returned 202. Retrying...
2022-10-18T03:11:34.2187240Z A path returned 202. Retrying...
2022-10-18T03:11:34.2187558Z A path returned 202. Retrying...
2022-10-18T03:11:34.2187876Z A path returned 202. Retrying...
2022-10-18T03:11:34.2188219Z A path returned 202. Retrying...
2022-10-18T03:11:34.2188549Z A path returned 202. Retrying...
2022-10-18T03:11:34.2188820Z A path returned 202. Retrying...
2022-10-18T03:11:34.2189143Z A path returned 202. Retrying...
2022-10-18T03:11:34.2189460Z A path returned 202. Retrying...
2022-10-18T03:11:34.2189820Z A path returned 202. Retrying...
2022-10-18T03:11:34.2190138Z A path returned 202. Retrying...
2022-10-18T03:11:34.2190456Z A path returned 202. Retrying...
2022-10-18T03:11:34.2190936Z A path returned 202. Retrying...
2022-10-18T03:11:34.2191300Z A path returned 202. Retrying...
2022-10-18T03:11:34.2191573Z A path returned 202. Retrying...
2022-10-18T03:11:34.2192007Z A path returned 202. Retrying...
2022-10-18T03:11:34.2192333Z A path returned 202. Retrying...
2022-10-18T03:11:34.2192688Z A path returned 202. Retrying...
2022-10-18T03:11:34.2193017Z A path returned 202. Retrying...
2022-10-18T03:11:34.2193343Z A path returned 202. Retrying...
2022-10-18T03:11:34.2193671Z A path returned 202. Retrying...
2022-10-18T03:11:34.2194023Z A path returned 202. Retrying...
2022-10-18T03:11:34.2194300Z A path returned 202. Retrying...
2022-10-18T03:11:34.2194621Z A path returned 202. Retrying...
2022-10-18T03:11:34.2194939Z A path returned 202. Retrying...
2022-10-18T03:11:34.2195278Z A path returned 202. Retrying...
2022-10-18T03:11:34.2195627Z A path returned 202. Retrying...
2022-10-18T03:11:34.2195948Z A path returned 202. Retrying...
2022-10-18T03:11:34.2196268Z A path returned 202. Retrying...
2022-10-18T03:11:34.2196549Z A path returned 202. Retrying...
2022-10-18T03:11:34.2196895Z A path returned 202. Retrying...
2022-10-18T03:11:34.2197216Z A path returned 202. Retrying...
2022-10-18T03:11:34.2197543Z A path returned 202. Retrying...
2022-10-18T03:11:34.2197876Z A path returned 202. Retrying...
2022-10-18T03:11:34.2198218Z A path returned 202. Retrying...
2022-10-18T03:11:34.2198538Z A path returned 202. Retrying...
2022-10-18T03:11:34.2198856Z A path returned 202. Retrying...
2022-10-18T03:11:34.2199139Z A path returned 202. Retrying...
2022-10-18T03:11:34.2199455Z A path returned 202. Retrying...
2022-10-18T03:11:34.2199799Z A path returned 202. Retrying...
2022-10-18T03:11:34.2200116Z A path returned 202. Retrying...
2022-10-18T03:11:34.2200446Z A path returned 202. Retrying...
2022-10-18T03:11:34.2200861Z A path returned 202. Retrying...
2022-10-18T03:11:34.2201214Z A path returned 202. Retrying...
2022-10-18T03:11:34.2201544Z A path returned 202. Retrying...
2022-10-18T03:11:34.2201822Z A path returned 202. Retrying...
2022-10-18T03:11:34.2202147Z A path returned 202. Retrying...
2022-10-18T03:11:34.2202496Z A path returned 202. Retrying...
2022-10-18T03:11:34.2202823Z A path returned 202. Retrying...
2022-10-18T03:11:34.2203156Z A path returned 202. Retrying...
2022-10-18T03:11:34.2203479Z A path returned 202. Retrying...
2022-10-18T03:11:34.2203823Z A path returned 202. Retrying...
2022-10-18T03:11:34.2204095Z A path returned 202. Retrying...
2022-10-18T03:11:34.2204424Z A path returned 202. Retrying...
2022-10-18T03:11:34.2204744Z A path returned 202. Retrying...
2022-10-18T03:11:34.2205068Z A path returned 202. Retrying...
2022-10-18T03:11:34.2205420Z A path returned 202. Retrying...
2022-10-18T03:11:34.2205757Z A path returned 202. Retrying...
2022-10-18T03:11:34.2206080Z A path returned 202. Retrying...
2022-10-18T03:11:34.2206402Z A path returned 202. Retrying...
2022-10-18T03:11:34.2206701Z A path returned 202. Retrying...
2022-10-18T03:11:34.2207033Z A path returned 202. Retrying...
2022-10-18T03:11:34.2207357Z A path returned 202. Retrying...
2022-10-18T03:11:34.2207680Z A path returned 202. Retrying...
2022-10-18T03:11:34.2208030Z A path returned 202. Retrying...
2022-10-18T03:11:34.2208364Z A path returned 202. Retrying...
2022-10-18T03:11:34.2208688Z A path returned 202. Retrying...
2022-10-18T03:11:34.2209012Z A path returned 202. Retrying...
2022-10-18T03:11:34.2209288Z A path returned 202. Retrying...
2022-10-18T03:11:34.2209663Z A path returned 202. Retrying...
2022-10-18T03:11:34.2255396Z A path returned 202. Retrying...
2022-10-18T03:11:34.2255803Z A path returned 202. Retrying...
2022-10-18T03:11:34.2256072Z A path returned 202. Retrying...
2022-10-18T03:11:34.2256319Z A path returned 202. Retrying...
2022-10-18T03:11:34.2259825Z A path returned 202. Retrying...
2022-10-18T03:11:34.2260190Z A path returned 202. Retrying...
2022-10-18T03:11:34.2260449Z A path returned 202. Retrying...
2022-10-18T03:11:34.2260710Z A path returned 202. Retrying...
2022-10-18T03:20:23.8760845Z A path returned 202. Retrying...
2022-10-18T03:20:23.8761221Z A path returned 202. Retrying...
2022-10-18T03:20:23.8761511Z A path returned 202. Retrying...
2022-10-18T03:20:23.8762197Z A path returned 202. Retrying...
2022-10-18T03:20:23.8762499Z A path returned 202. Retrying...
2022-10-18T03:20:23.8762787Z A path returned 202. Retrying...
2022-10-18T03:20:23.8763073Z A path returned 202. Retrying...
2022-10-18T03:20:23.8763356Z A path returned 202. Retrying...
2022-10-18T03:20:23.8763642Z A path returned 202. Retrying...
2022-10-18T03:20:23.8763912Z A path returned 202. Retrying...
2022-10-18T03:20:23.8764197Z A path returned 202. Retrying...
2022-10-18T03:20:23.8764478Z A path returned 202. Retrying...
2022-10-18T03:20:23.8764757Z A path returned 202. Retrying...
2022-10-18T03:20:23.8765044Z A path returned 202. Retrying...
2022-10-18T03:20:23.8765326Z A path returned 202. Retrying...
2022-10-18T03:20:23.8765630Z A path returned 202. Retrying...
2022-10-18T03:20:23.8765908Z A path returned 202. Retrying...
2022-10-18T03:20:23.8766174Z A path returned 202. Retrying...
2022-10-18T03:20:23.8766454Z A path returned 202. Retrying...
2022-10-18T03:20:23.8766737Z A path returned 202. Retrying...
2022-10-18T03:20:23.8767020Z A path returned 202. Retrying...
2022-10-18T03:20:23.8767298Z A path returned 202. Retrying...
2022-10-18T03:20:23.8767579Z A path returned 202. Retrying...
2022-10-18T03:20:23.8767858Z A path returned 202. Retrying...
2022-10-18T03:20:23.8768137Z A path returned 202. Retrying...
2022-10-18T03:20:23.8768402Z A path returned 202. Retrying...
2022-10-18T03:20:23.8768679Z A path returned 202. Retrying...
2022-10-18T03:20:23.8768964Z A path returned 202. Retrying...
2022-10-18T03:20:23.8769243Z A path returned 202. Retrying...
2022-10-18T03:20:23.8769520Z A path returned 202. Retrying...
2022-10-18T03:20:23.8769892Z A path returned 202. Retrying...
2022-10-18T03:20:23.8770170Z A path returned 202. Retrying...
2022-10-18T03:20:23.8770434Z A path returned 202. Retrying...
2022-10-18T03:20:23.8770715Z A path returned 202. Retrying...
2022-10-18T03:20:23.8770991Z A path returned 202. Retrying...
2022-10-18T03:20:23.8771272Z A path returned 202. Retrying...
2022-10-18T03:20:23.8771556Z A path returned 202. Retrying...
2022-10-18T03:20:23.8771838Z A path returned 202. Retrying...
2022-10-18T03:20:23.8772117Z A path returned 202. Retrying...
2022-10-18T03:20:23.8772395Z A path returned 202. Retrying...
2022-10-18T03:20:23.8772659Z A path returned 202. Retrying...
2022-10-18T03:20:23.8772939Z A path returned 202. Retrying...
2022-10-18T03:20:23.8773219Z A path returned 202. Retrying...
2022-10-18T03:20:23.8773498Z A path returned 202. Retrying...
2022-10-18T03:20:23.8773785Z A path returned 202. Retrying...
2022-10-18T03:20:23.8774062Z A path returned 202. Retrying...
2022-10-18T03:20:23.8774342Z A path returned 202. Retrying...
2022-10-18T03:20:23.8774621Z A path returned 202. Retrying...
2022-10-18T03:20:23.8774885Z A path returned 202. Retrying...
2022-10-18T03:20:23.8775161Z A path returned 202. Retrying...
2022-10-18T03:20:23.8775443Z A path returned 202. Retrying...
2022-10-18T03:20:23.8775723Z A path returned 202. Retrying...
2022-10-18T03:20:23.8776003Z A path returned 202. Retrying...
2022-10-18T03:20:23.8776286Z A path returned 202. Retrying...
2022-10-18T03:20:23.8776563Z A path returned 202. Retrying...
2022-10-18T03:20:23.8776828Z A path returned 202. Retrying...
2022-10-18T03:20:23.8777107Z A path returned 202. Retrying...
2022-10-18T03:20:23.8777383Z A path returned 202. Retrying...
2022-10-18T03:20:23.8777660Z A path returned 202. Retrying...
2022-10-18T03:20:23.8777938Z A path returned 202. Retrying...
2022-10-18T03:20:23.8778215Z A path returned 202. Retrying...
2022-10-18T03:20:23.8778495Z A path returned 202. Retrying...
2022-10-18T03:20:23.8778773Z A path returned 202. Retrying...
2022-10-18T03:20:23.8779039Z A path returned 202. Retrying...
2022-10-18T03:20:23.8779315Z A path returned 202. Retrying...
2022-10-18T03:20:23.8779593Z A path returned 202. Retrying...
2022-10-18T03:20:23.8779873Z A path returned 202. Retrying...
2022-10-18T03:20:23.8780156Z A path returned 202. Retrying...
2022-10-18T03:20:23.8780437Z A path returned 202. Retrying...
2022-10-18T03:20:23.8780790Z A path returned 202. Retrying...
2022-10-18T03:20:23.8781070Z A path returned 202. Retrying...
2022-10-18T03:20:23.8781335Z A path returned 202. Retrying...
2022-10-18T03:20:23.8781611Z A path returned 202. Retrying...
2022-10-18T03:20:23.8781891Z A path returned 202. Retrying...
2022-10-18T03:20:23.8782168Z A path returned 202. Retrying...
2022-10-18T03:20:23.8782450Z A path returned 202. Retrying...
2022-10-18T03:20:23.8782727Z A path returned 202. Retrying...
2022-10-18T03:20:23.8783007Z A path returned 202. Retrying...
2022-10-18T03:20:23.8783273Z A path returned 202. Retrying...
2022-10-18T03:20:23.8783557Z A path returned 202. Retrying...
2022-10-18T03:20:23.8783832Z A path returned 202. Retrying...
2022-10-18T03:20:23.8784109Z A path returned 202. Retrying...
2022-10-18T03:20:23.8784387Z A path returned 202. Retrying...
2022-10-18T03:20:23.8784665Z A path returned 202. Retrying...
2022-10-18T03:20:23.8784940Z A path returned 202. Retrying...
2022-10-18T03:20:23.8785217Z A path returned 202. Retrying...
2022-10-18T03:20:23.8785485Z A path returned 202. Retrying...
2022-10-18T03:20:23.8785764Z A path returned 202. Retrying...
2022-10-18T03:20:23.8786042Z A path returned 202. Retrying...
2022-10-18T03:20:23.8786320Z A path returned 202. Retrying...
2022-10-18T03:20:23.8786598Z A path returned 202. Retrying...
2022-10-18T03:20:23.8786876Z A path returned 202. Retrying...
2022-10-18T03:20:23.8787159Z A path returned 202. Retrying...
2022-10-18T03:20:23.8787435Z A path returned 202. Retrying...
2022-10-18T03:20:23.8787700Z A path returned 202. Retrying...
2022-10-18T03:20:23.8787978Z A path returned 202. Retrying...
2022-10-18T03:20:23.8788336Z A path returned 202. Retrying...
2022-10-18T03:20:23.8788616Z A path returned 202. Retrying...
2022-10-18T03:20:23.8788892Z A path returned 202. Retrying...
2022-10-18T03:20:23.8789169Z A path returned 202. Retrying...
2022-10-18T03:20:23.8789448Z A path returned 202. Retrying...
2022-10-18T03:20:23.8789715Z A path returned 202. Retrying...
2022-10-18T03:20:23.8789998Z A path returned 202. Retrying...
2022-10-18T03:20:23.8790281Z A path returned 202. Retrying...
2022-10-18T03:20:23.8790566Z A path returned 202. Retrying...
2022-10-18T03:20:23.8791063Z A path returned 202. Retrying...
2022-10-18T03:20:23.8791345Z A path returned 202. Retrying...
2022-10-18T03:20:23.8791624Z A path returned 202. Retrying...
2022-10-18T03:20:23.8791906Z A path returned 202. Retrying...
2022-10-18T03:20:23.8792172Z A path returned 202. Retrying...
2022-10-18T03:20:23.8792451Z A path returned 202. Retrying...
2022-10-18T03:20:23.8792736Z A path returned 202. Retrying...
2022-10-18T03:20:23.8793025Z A path returned 202. Retrying...
2022-10-18T03:20:23.8793306Z A path returned 202. Retrying...
2022-10-18T03:20:23.8793583Z A path returned 202. Retrying...
2022-10-18T03:20:23.8793861Z A path returned 202. Retrying...
2022-10-18T03:20:23.8794142Z A path returned 202. Retrying...
2022-10-18T03:20:23.8794410Z A path returned 202. Retrying...
2022-10-18T03:20:23.8794684Z A path returned 202. Retrying...
2022-10-18T03:20:23.8794967Z A path returned 202. Retrying...
2022-10-18T03:20:23.8795246Z A path returned 202. Retrying...
2022-10-18T03:20:23.8795525Z A path returned 202. Retrying...
2022-10-18T03:20:23.8795801Z A path returned 202. Retrying...
2022-10-18T03:20:23.8796076Z A path returned 202. Retrying...
2022-10-18T03:20:23.8796935Z A path returned 202. Retrying...
2022-10-18T03:20:23.8797798Z A path returned 202. Retrying...
2022-10-18T03:20:23.8798067Z A path returned 202. Retrying...
2022-10-18T03:20:23.8798350Z A path returned 202. Retrying...
2022-10-18T03:20:23.8798633Z A path returned 202. Retrying...
2022-10-18T03:20:23.8798919Z A path returned 202. Retrying...
2022-10-18T03:20:23.8799203Z A path returned 202. Retrying...
2022-10-18T03:20:23.8799481Z A path returned 202. Retrying...
2022-10-18T03:20:23.8799761Z A path returned 202. Retrying...
2022-10-18T03:20:23.8800026Z A path returned 202. Retrying...
2022-10-18T03:20:23.8800312Z A path returned 202. Retrying...
2022-10-18T03:20:23.8800707Z A path returned 202. Retrying...
2022-10-18T03:20:23.8800992Z A path returned 202. Retrying...
2022-10-18T03:20:23.8801274Z A path returned 202. Retrying...
2022-10-18T03:20:23.8801556Z A path returned 202. Retrying...
2022-10-18T03:20:23.8801836Z A path returned 202. Retrying...
2022-10-18T03:20:23.8802116Z A path returned 202. Retrying...
2022-10-18T03:20:23.8802383Z A path returned 202. Retrying...
2022-10-18T03:20:23.8802669Z A path returned 202. Retrying...
2022-10-18T03:20:23.8803087Z A path returned 202. Retrying...
2022-10-18T03:20:23.8803427Z A path returned 202. Retrying...
2022-10-18T03:20:23.8803801Z A path returned 202. Retrying...
2022-10-18T03:20:23.8804164Z A path returned 202. Retrying...
2022-10-18T03:20:23.8804528Z A path returned 202. Retrying...
2022-10-18T03:20:23.8804830Z A path returned 202. Retrying...
2022-10-18T03:20:23.8805193Z A path returned 202. Retrying...
2022-10-18T03:20:23.8805547Z A path returned 202. Retrying...
2022-10-18T03:20:23.8805924Z A path returned 202. Retrying...
2022-10-18T03:20:23.8806297Z A path returned 202. Retrying...
2022-10-18T03:20:23.8806670Z A path returned 202. Retrying...
2022-10-18T03:20:23.8807038Z A path returned 202. Retrying...
2022-10-18T03:20:23.8807389Z A path returned 202. Retrying...
2022-10-18T03:20:23.8807758Z A path returned 202. Retrying...
2022-10-18T03:20:23.8808126Z A path returned 202. Retrying...
2022-10-18T03:20:23.8808493Z A path returned 202. Retrying...
2022-10-18T03:20:23.8808857Z A path returned 202. Retrying...
2022-10-18T03:20:23.8809225Z A path returned 202. Retrying...
2022-10-18T03:20:23.8809575Z A path returned 202. Retrying...
2022-10-18T03:20:23.8810044Z A path returned 202. Retrying...
2022-10-18T03:20:23.8810418Z A path returned 202. Retrying...
2022-10-18T03:20:23.8810790Z A path returned 202. Retrying...
2022-10-18T03:20:23.8811162Z A path returned 202. Retrying...
2022-10-18T03:20:23.8811534Z A path returned 202. Retrying...
2022-10-18T03:20:23.8811901Z A path returned 202. Retrying...
2022-10-18T03:20:23.8812275Z A path returned 202. Retrying...
2022-10-18T03:20:23.8812644Z A path returned 202. Retrying...
2022-10-18T03:20:23.8813009Z A path returned 202. Retrying...
2022-10-18T03:20:23.8813375Z A path returned 202. Retrying...
2022-10-18T03:20:23.8813742Z A path returned 202. Retrying...
2022-10-18T03:20:23.8814095Z A path returned 202. Retrying...
2022-10-18T03:20:23.8814468Z A path returned 202. Retrying...
2022-10-18T03:20:23.8814841Z A path returned 202. Retrying...
2022-10-18T03:20:23.8815212Z A path returned 202. Retrying...
2022-10-18T03:20:23.8815580Z A path returned 202. Retrying...
2022-10-18T03:20:23.8815952Z A path returned 202. Retrying...
2022-10-18T03:20:23.8816319Z A path returned 202. Retrying...
2022-10-18T03:20:23.8816685Z A path returned 202. Retrying...
2022-10-18T03:20:23.8817047Z A path returned 202. Retrying...
2022-10-18T03:20:23.8817411Z A path returned 202. Retrying...
2022-10-18T03:20:23.8817775Z A path returned 202. Retrying...
2022-10-18T03:20:23.8818139Z A path returned 202. Retrying...
2022-10-18T03:20:23.8818495Z A path returned 202. Retrying...
2022-10-18T03:20:23.8818868Z A path returned 202. Retrying...
2022-10-18T03:20:23.8819242Z A path returned 202. Retrying...
2022-10-18T03:20:23.8819611Z A path returned 202. Retrying...
2022-10-18T03:20:23.8819980Z A path returned 202. Retrying...
2022-10-18T03:20:23.8820348Z A path returned 202. Retrying...
2022-10-18T03:20:23.8820718Z A path returned 202. Retrying...
2022-10-18T03:20:23.8821086Z A path returned 202. Retrying...
2022-10-18T03:20:23.8821456Z A path returned 202. Retrying...
2022-10-18T03:20:23.8821823Z A path returned 202. Retrying...
2022-10-18T03:20:23.8822194Z A path returned 202. Retrying...
2022-10-18T03:20:23.8822561Z A path returned 202. Retrying...
2022-10-18T03:20:23.8822909Z A path returned 202. Retrying...
2022-10-18T03:20:23.8823274Z A path returned 202. Retrying...
2022-10-18T03:20:23.8823642Z A path returned 202. Retrying...
2022-10-18T03:20:23.8824012Z A path returned 202. Retrying...
2022-10-18T03:20:23.8824466Z A path returned 202. Retrying...
2022-10-18T03:20:23.8824842Z A path returned 202. Retrying...
2022-10-18T03:20:23.8825213Z A path returned 202. Retrying...
2022-10-18T03:20:23.8825581Z A path returned 202. Retrying...
2022-10-18T03:20:23.8825946Z A path returned 202. Retrying...
2022-10-18T03:20:23.8826307Z A path returned 202. Retrying...
2022-10-18T03:20:23.8826674Z A path returned 202. Retrying...
2022-10-18T03:20:23.8827038Z A path returned 202. Retrying...
2022-10-18T03:20:23.8827388Z A path returned 202. Retrying...
2022-10-18T03:20:23.8827749Z A path returned 202. Retrying...
2022-10-18T03:20:23.8828121Z A path returned 202. Retrying...
2022-10-18T03:20:23.8828492Z A path returned 202. Retrying...
2022-10-18T03:20:23.8828864Z A path returned 202. Retrying...
2022-10-18T03:20:23.8829234Z A path returned 202. Retrying...
2022-10-18T03:20:23.8829608Z A path returned 202. Retrying...
2022-10-18T03:20:23.8829980Z A path returned 202. Retrying...
2022-10-18T03:20:23.8830348Z A path returned 202. Retrying...
2022-10-18T03:20:23.8830841Z A path returned 202. Retrying...
2022-10-18T03:20:23.8831159Z A path returned 202. Retrying...
2022-10-18T03:20:23.8831447Z A path returned 202. Retrying...
2022-10-18T03:20:23.8831717Z A path returned 202. Retrying...
2022-10-18T03:20:23.8832095Z A path returned 202. Retrying...
2022-10-18T03:20:23.8832467Z A path returned 202. Retrying...
2022-10-18T03:20:23.8832833Z A path returned 202. Retrying...
2022-10-18T03:20:23.8833200Z A path returned 202. Retrying...
2022-10-18T03:20:23.8833570Z A path returned 202. Retrying...
2022-10-18T03:20:23.8833939Z A path returned 202. Retrying...
2022-10-18T03:20:23.8834422Z A path returned 202. Retrying...
2022-10-18T03:20:23.8834790Z A path returned 202. Retrying...
2022-10-18T03:20:23.8835271Z A path returned 202. Retrying...
2022-10-18T03:20:23.8835648Z A path returned 202. Retrying...
2022-10-18T03:20:23.8835997Z A path returned 202. Retrying...
2022-10-18T03:20:23.8836366Z A path returned 202. Retrying...
2022-10-18T03:20:23.8836737Z A path returned 202. Retrying...
2022-10-18T03:20:23.8837103Z A path returned 202. Retrying...
2022-10-18T03:20:23.8837472Z A path returned 202. Retrying...
2022-10-18T03:20:23.8837839Z A path returned 202. Retrying...
2022-10-18T03:20:23.8838206Z A path returned 202. Retrying...
2022-10-18T03:20:23.8838574Z A path returned 202. Retrying...
2022-10-18T03:20:23.8838942Z A path returned 202. Retrying...
2022-10-18T03:20:23.8839310Z A path returned 202. Retrying...
2022-10-18T03:20:23.8839675Z A path returned 202. Retrying...
2022-10-18T03:20:23.8840041Z A path returned 202. Retrying...
2022-10-18T03:20:23.8840395Z A path returned 202. Retrying...
2022-10-18T03:20:23.8840758Z A path returned 202. Retrying...
2022-10-18T03:20:23.8841126Z A path returned 202. Retrying...
2022-10-18T03:20:23.8841496Z A path returned 202. Retrying...
2022-10-18T03:29:15.8404318Z A path returned 202. Retrying...
2022-10-18T03:29:15.8404980Z A path returned 202. Retrying...
2022-10-18T03:29:15.8405762Z A path returned 202. Retrying...
2022-10-18T03:29:15.8406135Z A path returned 202. Retrying...
2022-10-18T03:29:15.8406427Z A path returned 202. Retrying...
2022-10-18T03:29:15.8406770Z A path returned 202. Retrying...
2022-10-18T03:29:15.8407059Z A path returned 202. Retrying...
2022-10-18T03:29:15.8407337Z A path returned 202. Retrying...
2022-10-18T03:29:15.8407605Z A path returned 202. Retrying...
2022-10-18T03:29:15.8407883Z A path returned 202. Retrying...
2022-10-18T03:29:15.8408168Z A path returned 202. Retrying...
2022-10-18T03:29:15.8408452Z A path returned 202. Retrying...
2022-10-18T03:29:15.8408730Z A path returned 202. Retrying...
2022-10-18T03:29:15.8409015Z A path returned 202. Retrying...
2022-10-18T03:29:15.8409296Z A path returned 202. Retrying...
2022-10-18T03:29:15.8409576Z A path returned 202. Retrying...
2022-10-18T03:29:15.8409842Z A path returned 202. Retrying...
2022-10-18T03:29:15.8410121Z A path returned 202. Retrying...
2022-10-18T03:29:15.8410402Z A path returned 202. Retrying...
2022-10-18T03:29:15.8411031Z A path returned 202. Retrying...
2022-10-18T03:29:15.8411321Z A path returned 202. Retrying...
2022-10-18T03:29:15.8411600Z A path returned 202. Retrying...
2022-10-18T03:29:15.8411877Z A path returned 202. Retrying...
2022-10-18T03:29:15.8412142Z A path returned 202. Retrying...
2022-10-18T03:29:15.8412422Z A path returned 202. Retrying...
2022-10-18T03:29:15.8412702Z A path returned 202. Retrying...
2022-10-18T03:29:15.8412979Z A path returned 202. Retrying...
2022-10-18T03:29:15.8413257Z A path returned 202. Retrying...
2022-10-18T03:29:15.8413533Z A path returned 202. Retrying...
2022-10-18T03:29:15.8413812Z A path returned 202. Retrying...
2022-10-18T03:29:15.8414088Z A path returned 202. Retrying...
2022-10-18T03:29:15.8414351Z A path returned 202. Retrying...
2022-10-18T03:29:15.8414625Z A path returned 202. Retrying...
2022-10-18T03:29:15.8414903Z A path returned 202. Retrying...
2022-10-18T03:29:15.8415181Z A path returned 202. Retrying...
2022-10-18T03:29:15.8415457Z A path returned 202. Retrying...
2022-10-18T03:29:15.8415737Z A path returned 202. Retrying...
2022-10-18T03:29:15.8416013Z A path returned 202. Retrying...
2022-10-18T03:29:15.8416289Z A path returned 202. Retrying...
2022-10-18T03:29:15.8416553Z A path returned 202. Retrying...
2022-10-18T03:29:15.8416827Z A path returned 202. Retrying...
2022-10-18T03:29:15.8417107Z A path returned 202. Retrying...
2022-10-18T03:29:15.8417382Z A path returned 202. Retrying...
2022-10-18T03:29:15.8417659Z A path returned 202. Retrying...
2022-10-18T03:29:15.8417937Z A path returned 202. Retrying...
2022-10-18T03:29:15.8418214Z A path returned 202. Retrying...
2022-10-18T03:29:15.8418580Z A path returned 202. Retrying...
2022-10-18T03:29:15.8418855Z A path returned 202. Retrying...
2022-10-18T03:29:15.8419129Z A path returned 202. Retrying...
2022-10-18T03:29:15.8419408Z A path returned 202. Retrying...
2022-10-18T03:29:15.8419685Z A path returned 202. Retrying...
2022-10-18T03:29:15.8419965Z A path returned 202. Retrying...
2022-10-18T03:29:15.8420245Z A path returned 202. Retrying...
2022-10-18T03:29:15.8420525Z A path returned 202. Retrying...
2022-10-18T03:29:15.8420789Z A path returned 202. Retrying...
2022-10-18T03:29:15.8421063Z A path returned 202. Retrying...
2022-10-18T03:29:15.8421347Z A path returned 202. Retrying...
2022-10-18T03:29:15.8421627Z A path returned 202. Retrying...
2022-10-18T03:29:15.8421904Z A path returned 202. Retrying...
2022-10-18T03:29:15.8422179Z A path returned 202. Retrying...
2022-10-18T03:29:15.8422458Z A path returned 202. Retrying...
2022-10-18T03:29:15.8422734Z A path returned 202. Retrying...
2022-10-18T03:29:15.8423000Z A path returned 202. Retrying...
2022-10-18T03:29:15.8423272Z A path returned 202. Retrying...
2022-10-18T03:29:15.8423549Z A path returned 202. Retrying...
2022-10-18T03:29:15.8423826Z A path returned 202. Retrying...
2022-10-18T03:29:15.8424105Z A path returned 202. Retrying...
2022-10-18T03:29:15.8424379Z A path returned 202. Retrying...
2022-10-18T03:29:15.8424654Z A path returned 202. Retrying...
2022-10-18T03:29:15.8424922Z A path returned 202. Retrying...
2022-10-18T03:29:15.8425199Z A path returned 202. Retrying...
2022-10-18T03:29:15.8425477Z A path returned 202. Retrying...
2022-10-18T03:29:15.8425751Z A path returned 202. Retrying...
2022-10-18T03:29:15.8426026Z A path returned 202. Retrying...
2022-10-18T03:29:15.8426303Z A path returned 202. Retrying...
2022-10-18T03:29:15.8426579Z A path returned 202. Retrying...
2022-10-18T03:29:15.8426854Z A path returned 202. Retrying...
2022-10-18T03:29:15.8427116Z A path returned 202. Retrying...
2022-10-18T03:29:15.8427389Z A path returned 202. Retrying...
2022-10-18T03:29:15.8427754Z A path returned 202. Retrying...
2022-10-18T03:29:15.8427996Z A path returned 202. Retrying...
2022-10-18T03:29:15.8428240Z A path returned 202. Retrying...
2022-10-18T03:29:15.8428480Z A path returned 202. Retrying...
2022-10-18T03:29:15.8428722Z A path returned 202. Retrying...
2022-10-18T03:29:15.8428964Z A path returned 202. Retrying...
2022-10-18T03:29:15.8429265Z A path returned 202. Retrying...
2022-10-18T03:29:15.8429517Z A path returned 202. Retrying...
2022-10-18T03:29:15.8429761Z A path returned 202. Retrying...
2022-10-18T03:29:15.8430005Z A path returned 202. Retrying...
2022-10-18T03:29:15.8430249Z A path returned 202. Retrying...
2022-10-18T03:29:15.8430492Z A path returned 202. Retrying...
2022-10-18T03:29:15.8430915Z A path returned 202. Retrying...
2022-10-18T03:29:15.8431151Z A path returned 202. Retrying...
2022-10-18T03:29:15.8431395Z A path returned 202. Retrying...
2022-10-18T03:29:15.8431643Z A path returned 202. Retrying...
2022-10-18T03:29:15.8431889Z A path returned 202. Retrying...
2022-10-18T03:29:15.8432132Z A path returned 202. Retrying...
2022-10-18T03:29:15.8432376Z A path returned 202. Retrying...
2022-10-18T03:29:15.8432619Z A path returned 202. Retrying...
2022-10-18T03:29:15.8432859Z A path returned 202. Retrying...
2022-10-18T03:29:15.8433087Z A path returned 202. Retrying...
2022-10-18T03:29:15.8433325Z A path returned 202. Retrying...
2022-10-18T03:29:15.8433574Z A path returned 202. Retrying...
2022-10-18T03:29:15.8433815Z A path returned 202. Retrying...
2022-10-18T03:29:15.8434060Z A path returned 202. Retrying...
2022-10-18T03:29:15.8434300Z A path returned 202. Retrying...
2022-10-18T03:29:15.8434542Z A path returned 202. Retrying...
2022-10-18T03:29:15.8434782Z A path returned 202. Retrying...
2022-10-18T03:29:15.8435011Z A path returned 202. Retrying...
2022-10-18T03:29:15.8435252Z A path returned 202. Retrying...
2022-10-18T03:29:15.8435497Z A path returned 202. Retrying...
2022-10-18T03:29:15.8435738Z A path returned 202. Retrying...
2022-10-18T03:29:15.8436069Z A path returned 202. Retrying...
2022-10-18T03:29:15.8436311Z A path returned 202. Retrying...
2022-10-18T03:29:15.8436555Z A path returned 202. Retrying...
2022-10-18T03:29:15.8436785Z A path returned 202. Retrying...
2022-10-18T03:29:15.8437028Z A path returned 202. Retrying...
2022-10-18T03:29:15.8437276Z A path returned 202. Retrying...
2022-10-18T03:29:15.8437525Z A path returned 202. Retrying...
2022-10-18T03:29:15.8437767Z A path returned 202. Retrying...
2022-10-18T03:29:15.8438009Z A path returned 202. Retrying...
2022-10-18T03:29:15.8438253Z A path returned 202. Retrying...
2022-10-18T03:29:15.8438495Z A path returned 202. Retrying...
2022-10-18T03:29:15.8438725Z A path returned 202. Retrying...
2022-10-18T03:29:15.8439031Z A path returned 202. Retrying...
2022-10-18T03:29:15.8439261Z A path returned 202. Retrying...
2022-10-18T03:29:15.8439504Z A path returned 202. Retrying...
2022-10-18T03:29:15.8439748Z A path returned 202. Retrying...
2022-10-18T03:29:15.8439995Z A path returned 202. Retrying...
2022-10-18T03:29:15.8440237Z A path returned 202. Retrying...
2022-10-18T03:29:15.8440480Z A path returned 202. Retrying...
2022-10-18T03:29:15.8440722Z A path returned 202. Retrying...
2022-10-18T03:29:15.8440964Z A path returned 202. Retrying...
2022-10-18T03:29:15.8441197Z A path returned 202. Retrying...
2022-10-18T03:29:15.8441437Z A path returned 202. Retrying...
2022-10-18T03:29:15.8441686Z A path returned 202. Retrying...
2022-10-18T03:29:15.8441927Z A path returned 202. Retrying...
2022-10-18T03:29:15.8442171Z A path returned 202. Retrying...
2022-10-18T03:29:15.8442414Z A path returned 202. Retrying...
2022-10-18T03:29:15.8442657Z A path returned 202. Retrying...
2022-10-18T03:29:15.8442897Z A path returned 202. Retrying...
2022-10-18T03:29:15.8443129Z A path returned 202. Retrying...
2022-10-18T03:29:15.8443371Z A path returned 202. Retrying...
2022-10-18T03:29:15.8443616Z A path returned 202. Retrying...
2022-10-18T03:29:15.8443858Z A path returned 202. Retrying...
2022-10-18T03:29:15.8444103Z A path returned 202. Retrying...
2022-10-18T03:29:15.8444345Z A path returned 202. Retrying...
2022-10-18T03:29:15.8444587Z A path returned 202. Retrying...
2022-10-18T03:29:15.8444816Z A path returned 202. Retrying...
2022-10-18T03:29:15.8445056Z A path returned 202. Retrying...
2022-10-18T03:29:15.8445301Z A path returned 202. Retrying...
2022-10-18T03:29:15.8445544Z A path returned 202. Retrying...
2022-10-18T03:29:15.8445858Z A path returned 202. Retrying...
2022-10-18T03:29:15.8446105Z A path returned 202. Retrying...
2022-10-18T03:29:15.8446347Z A path returned 202. Retrying...
2022-10-18T03:29:15.8446593Z A path returned 202. Retrying...
2022-10-18T03:29:15.8446825Z A path returned 202. Retrying...
2022-10-18T03:29:15.8447066Z A path returned 202. Retrying...
2022-10-18T03:29:15.8447312Z A path returned 202. Retrying...
2022-10-18T03:29:15.8447554Z A path returned 202. Retrying...
2022-10-18T03:29:15.8447800Z A path returned 202. Retrying...
2022-10-18T03:29:15.8448041Z A path returned 202. Retrying...
2022-10-18T03:29:15.8448286Z A path returned 202. Retrying...
2022-10-18T03:29:15.8448526Z A path returned 202. Retrying...
2022-10-18T03:29:15.8448757Z A path returned 202. Retrying...
2022-10-18T03:29:15.8448998Z A path returned 202. Retrying...
2022-10-18T03:29:15.8449248Z A path returned 202. Retrying...
2022-10-18T03:29:15.8449488Z A path returned 202. Retrying...
2022-10-18T03:29:15.8449731Z A path returned 202. Retrying...
2022-10-18T03:29:15.8449973Z A path returned 202. Retrying...
2022-10-18T03:29:15.8450214Z A path returned 202. Retrying...
2022-10-18T03:29:15.8450448Z A path returned 202. Retrying...
2022-10-18T03:29:15.8450689Z A path returned 202. Retrying...
2022-10-18T03:29:15.8450937Z A path returned 202. Retrying...
2022-10-18T03:29:15.8451179Z A path returned 202. Retrying...
2022-10-18T03:29:15.8451421Z A path returned 202. Retrying...
2022-10-18T03:29:15.8451662Z A path returned 202. Retrying...
2022-10-18T03:29:15.8451902Z A path returned 202. Retrying...
2022-10-18T03:29:15.8452210Z A path returned 202. Retrying...
2022-10-18T03:29:15.8452439Z A path returned 202. Retrying...
2022-10-18T03:29:15.8452682Z A path returned 202. Retrying...
2022-10-18T03:29:15.8452929Z A path returned 202. Retrying...
2022-10-18T03:29:15.8453172Z A path returned 202. Retrying...
2022-10-18T03:29:15.8453414Z A path returned 202. Retrying...
2022-10-18T03:29:15.8453658Z A path returned 202. Retrying...
2022-10-18T03:29:15.8453904Z A path returned 202. Retrying...
2022-10-18T03:29:15.8454147Z A path returned 202. Retrying...
2022-10-18T03:29:15.8454376Z A path returned 202. Retrying...
2022-10-18T03:29:15.8454618Z A path returned 202. Retrying...
2022-10-18T03:29:15.8454863Z A path returned 202. Retrying...
2022-10-18T03:29:15.8455105Z A path returned 202. Retrying...
2022-10-18T03:29:15.8455349Z A path returned 202. Retrying...
2022-10-18T03:29:15.8455589Z A path returned 202. Retrying...
2022-10-18T03:29:15.8455831Z A path returned 202. Retrying...
2022-10-18T03:29:15.8456061Z A path returned 202. Retrying...
2022-10-18T03:29:15.8456305Z A path returned 202. Retrying...
2022-10-18T03:29:15.8456549Z A path returned 202. Retrying...
2022-10-18T03:29:15.8456792Z A path returned 202. Retrying...
2022-10-18T03:29:15.8457033Z A path returned 202. Retrying...
2022-10-18T03:29:15.8457273Z A path returned 202. Retrying...
2022-10-18T03:29:15.8457514Z A path returned 202. Retrying...
2022-10-18T03:29:15.8457760Z A path returned 202. Retrying...
2022-10-18T03:29:15.8457989Z A path returned 202. Retrying...
2022-10-18T03:29:15.8458230Z A path returned 202. Retrying...
2022-10-18T03:29:15.8458473Z A path returned 202. Retrying...
2022-10-18T03:29:15.8458716Z A path returned 202. Retrying...
2022-10-18T03:29:15.8458958Z A path returned 202. Retrying...
2022-10-18T03:29:15.8459201Z A path returned 202. Retrying...
2022-10-18T03:29:15.8459442Z A path returned 202. Retrying...
2022-10-18T03:29:15.8459684Z A path returned 202. Retrying...
2022-10-18T03:29:15.8459913Z A path returned 202. Retrying...
2022-10-18T03:29:15.8460154Z A path returned 202. Retrying...
2022-10-18T03:29:15.8460405Z A path returned 202. Retrying...
2022-10-18T03:29:15.8460649Z A path returned 202. Retrying...
2022-10-18T03:29:15.8460890Z A path returned 202. Retrying...
2022-10-18T03:29:15.8461179Z A path returned 202. Retrying...
2022-10-18T03:29:15.8461426Z A path returned 202. Retrying...
2022-10-18T03:29:15.8461671Z A path returned 202. Retrying...
2022-10-18T03:29:15.8461966Z A path returned 202. Retrying...
2022-10-18T03:29:15.8462212Z A path returned 202. Retrying...
2022-10-18T03:29:15.8462457Z A path returned 202. Retrying...
2022-10-18T03:29:15.8462700Z A path returned 202. Retrying...
2022-10-18T03:29:15.8462947Z A path returned 202. Retrying...
2022-10-18T03:29:15.8463189Z A path returned 202. Retrying...
2022-10-18T03:29:15.8463434Z A path returned 202. Retrying...
2022-10-18T03:29:15.8463666Z A path returned 202. Retrying...
2022-10-18T03:29:15.8463914Z A path returned 202. Retrying...
2022-10-18T03:29:15.8464159Z A path returned 202. Retrying...
2022-10-18T03:29:15.8464404Z A path returned 202. Retrying...
2022-10-18T03:29:15.8464648Z A path returned 202. Retrying...
2022-10-18T03:29:15.8464889Z A path returned 202. Retrying...
2022-10-18T03:29:15.8465131Z A path returned 202. Retrying...
2022-10-18T03:29:15.8465376Z A path returned 202. Retrying...
2022-10-18T03:29:15.8465605Z A path returned 202. Retrying...
2022-10-18T03:29:15.8465846Z A path returned 202. Retrying...
2022-10-18T03:29:15.8466088Z A path returned 202. Retrying...
2022-10-18T03:29:15.8466331Z A path returned 202. Retrying...
2022-10-18T03:29:15.8466572Z A path returned 202. Retrying...
2022-10-18T03:29:15.8466815Z A path returned 202. Retrying...
2022-10-18T03:29:15.8467056Z A path returned 202. Retrying...
2022-10-18T03:29:15.8467298Z A path returned 202. Retrying...
2022-10-18T03:29:15.8467527Z A path returned 202. Retrying...
2022-10-18T03:29:15.8467774Z A path returned 202. Retrying...
2022-10-18T03:29:15.8468019Z A path returned 202. Retrying...
2022-10-18T03:29:15.8468325Z A path returned 202. Retrying...
2022-10-18T03:29:15.8468567Z A path returned 202. Retrying...
2022-10-18T03:29:15.8468810Z A path returned 202. Retrying...
2022-10-18T03:29:15.8469051Z A path returned 202. Retrying...
2022-10-18T03:38:03.5837216Z A path returned 202. Retrying...
2022-10-18T03:38:03.5837874Z A path returned 202. Retrying...
2022-10-18T03:38:03.5840172Z A path returned 202. Retrying...
2022-10-18T03:38:03.5840573Z A path returned 202. Retrying...
2022-10-18T03:38:03.5840868Z A path returned 202. Retrying...
2022-10-18T03:46:52.4559878Z A path returned 202. Retrying...
2022-10-18T03:46:52.4560246Z A path returned 202. Retrying...
2022-10-18T03:46:52.4560546Z A path returned 202. Retrying...
2022-10-18T03:46:52.4560838Z A path returned 202. Retrying...
2022-10-18T03:46:52.4561129Z A path returned 202. Retrying...
2022-10-18T03:46:52.4561416Z A path returned 202. Retrying...
2022-10-18T03:46:52.4561704Z A path returned 202. Retrying...
2022-10-18T03:46:52.4561980Z A path returned 202. Retrying...
2022-10-18T03:46:52.4562283Z A path returned 202. Retrying...
2022-10-18T03:46:52.4562565Z A path returned 202. Retrying...
2022-10-18T03:46:52.4562850Z A path returned 202. Retrying...
2022-10-18T03:46:52.4563137Z A path returned 202. Retrying...
2022-10-18T03:46:52.4563422Z A path returned 202. Retrying...
2022-10-18T03:46:52.4563705Z A path returned 202. Retrying...
2022-10-18T03:46:52.4563994Z A path returned 202. Retrying...
2022-10-18T03:46:52.4564267Z A path returned 202. Retrying...
2022-10-18T03:46:52.4564550Z A path returned 202. Retrying...
2022-10-18T03:46:52.4564840Z A path returned 202. Retrying...
2022-10-18T03:46:52.4565122Z A path returned 202. Retrying...
2022-10-18T03:46:52.4565407Z A path returned 202. Retrying...
2022-10-18T03:46:52.4565691Z A path returned 202. Retrying...
2022-10-18T03:46:52.4565977Z A path returned 202. Retrying...
2022-10-18T03:46:52.4566263Z A path returned 202. Retrying...
2022-10-18T03:46:52.4566535Z A path returned 202. Retrying...
2022-10-18T03:46:52.4566821Z A path returned 202. Retrying...
2022-10-18T03:46:52.4567107Z A path returned 202. Retrying...
2022-10-18T03:46:52.4567391Z A path returned 202. Retrying...
2022-10-18T03:46:52.4567674Z A path returned 202. Retrying...
2022-10-18T03:46:52.4567957Z A path returned 202. Retrying...
2022-10-18T03:46:52.4568240Z A path returned 202. Retrying...
2022-10-18T03:46:52.4568510Z A path returned 202. Retrying...
2022-10-18T03:46:52.4569166Z A path returned 202. Retrying...
2022-10-18T03:46:52.4569460Z A path returned 202. Retrying...
2022-10-18T03:46:52.4569747Z A path returned 202. Retrying...
2022-10-18T03:46:52.4570030Z A path returned 202. Retrying...
2022-10-18T03:46:52.4570314Z A path returned 202. Retrying...
2022-10-18T03:46:52.4570596Z A path returned 202. Retrying...
2022-10-18T03:46:52.4570881Z A path returned 202. Retrying...
2022-10-18T03:46:52.4571149Z A path returned 202. Retrying...
2022-10-18T03:46:52.4571431Z A path returned 202. Retrying...
2022-10-18T03:46:52.4571718Z A path returned 202. Retrying...
2022-10-18T03:46:52.4572005Z A path returned 202. Retrying...
2022-10-18T03:46:52.4572289Z A path returned 202. Retrying...
2022-10-18T03:46:52.4572571Z A path returned 202. Retrying...
2022-10-18T03:46:52.4572856Z A path returned 202. Retrying...
2022-10-18T03:46:52.4573139Z A path returned 202. Retrying...
2022-10-18T03:46:52.4573409Z A path returned 202. Retrying...
2022-10-18T03:46:52.4573695Z A path returned 202. Retrying...
2022-10-18T03:46:52.4573980Z A path returned 202. Retrying...
2022-10-18T03:46:52.4574267Z A path returned 202. Retrying...
2022-10-18T03:46:52.4574551Z A path returned 202. Retrying...
2022-10-18T03:46:52.4574830Z A path returned 202. Retrying...
2022-10-18T03:46:52.4575111Z A path returned 202. Retrying...
2022-10-18T03:46:52.4575382Z A path returned 202. Retrying...
2022-10-18T03:46:52.4575663Z A path returned 202. Retrying...
2022-10-18T03:46:52.4575942Z A path returned 202. Retrying...
2022-10-18T03:46:52.4576226Z A path returned 202. Retrying...
2022-10-18T03:46:52.4576614Z A path returned 202. Retrying...
2022-10-18T03:46:52.4576897Z A path returned 202. Retrying...
2022-10-18T03:46:52.4577179Z A path returned 202. Retrying...
2022-10-18T03:46:52.4577461Z A path returned 202. Retrying...
2022-10-18T03:46:52.4577731Z A path returned 202. Retrying...
2022-10-18T03:46:52.4578011Z A path returned 202. Retrying...
2022-10-18T03:46:52.4578295Z A path returned 202. Retrying...
2022-10-18T03:46:52.4578587Z A path returned 202. Retrying...
2022-10-18T03:46:52.4578870Z A path returned 202. Retrying...
2022-10-18T03:46:52.4579153Z A path returned 202. Retrying...
2022-10-18T03:46:52.4579435Z A path returned 202. Retrying...
2022-10-18T03:46:52.4579715Z A path returned 202. Retrying...
2022-10-18T03:46:52.4579983Z A path returned 202. Retrying...
2022-10-18T03:46:52.4580265Z A path returned 202. Retrying...
2022-10-18T03:46:52.4580548Z A path returned 202. Retrying...
2022-10-18T03:46:52.4580830Z A path returned 202. Retrying...
2022-10-18T03:46:52.4581113Z A path returned 202. Retrying...
2022-10-18T03:46:52.4581398Z A path returned 202. Retrying...
2022-10-18T03:46:52.4581683Z A path returned 202. Retrying...
2022-10-18T03:46:52.4581951Z A path returned 202. Retrying...
2022-10-18T03:46:52.4582231Z A path returned 202. Retrying...
2022-10-18T03:46:52.4582513Z A path returned 202. Retrying...
2022-10-18T03:46:52.4582796Z A path returned 202. Retrying...
2022-10-18T03:46:52.4583082Z A path returned 202. Retrying...
2022-10-18T03:46:52.4583369Z A path returned 202. Retrying...
2022-10-18T03:46:52.4583650Z A path returned 202. Retrying...
2022-10-18T03:46:52.4583932Z A path returned 202. Retrying...
2022-10-18T03:46:52.4584200Z A path returned 202. Retrying...
2022-10-18T03:46:52.4584483Z A path returned 202. Retrying...
2022-10-18T03:46:52.4584767Z A path returned 202. Retrying...
2022-10-18T03:46:52.4585049Z A path returned 202. Retrying...
2022-10-18T03:46:52.4585330Z A path returned 202. Retrying...
2022-10-18T03:46:52.4585610Z A path returned 202. Retrying...
2022-10-18T03:46:52.4585895Z A path returned 202. Retrying...
2022-10-18T03:46:52.4586179Z A path returned 202. Retrying...
2022-10-18T03:46:52.4586445Z A path returned 202. Retrying...
2022-10-18T03:46:52.4586727Z A path returned 202. Retrying...
2022-10-18T03:46:52.4587009Z A path returned 202. Retrying...
2022-10-18T03:46:52.4587290Z A path returned 202. Retrying...
2022-10-18T03:46:52.4587573Z A path returned 202. Retrying...
2022-10-18T03:46:52.4587923Z A path returned 202. Retrying...
2022-10-18T03:46:52.4588207Z A path returned 202. Retrying...
2022-10-18T03:46:52.4588477Z A path returned 202. Retrying...
2022-10-18T03:46:52.4588763Z A path returned 202. Retrying...
2022-10-18T03:46:52.4589046Z A path returned 202. Retrying...
2022-10-18T03:46:52.4589332Z A path returned 202. Retrying...
2022-10-18T03:46:52.4589616Z A path returned 202. Retrying...
2022-10-18T03:46:52.4589902Z A path returned 202. Retrying...
2022-10-18T03:46:52.4590185Z A path returned 202. Retrying...
2022-10-18T03:46:52.4590468Z A path returned 202. Retrying...
2022-10-18T03:46:52.4590949Z A path returned 202. Retrying...
2022-10-18T03:46:52.4591235Z A path returned 202. Retrying...
2022-10-18T03:46:52.4591521Z A path returned 202. Retrying...
2022-10-18T03:46:52.4591804Z A path returned 202. Retrying...
2022-10-18T03:46:52.4592085Z A path returned 202. Retrying...
2022-10-18T03:46:52.4592374Z A path returned 202. Retrying...
2022-10-18T03:46:52.4592661Z A path returned 202. Retrying...
2022-10-18T03:46:52.4592945Z A path returned 202. Retrying...
2022-10-18T03:46:52.4593214Z A path returned 202. Retrying...
2022-10-18T03:46:52.4593494Z A path returned 202. Retrying...
2022-10-18T03:46:52.4593775Z A path returned 202. Retrying...
2022-10-18T03:46:52.4594058Z A path returned 202. Retrying...
2022-10-18T03:46:52.4594342Z A path returned 202. Retrying...
2022-10-18T03:46:52.4594624Z A path returned 202. Retrying...
2022-10-18T03:46:52.4594906Z A path returned 202. Retrying...
2022-10-18T03:46:52.4595189Z A path returned 202. Retrying...
2022-10-18T03:46:52.4595557Z A path returned 202. Retrying...
2022-10-18T03:46:52.4595841Z A path returned 202. Retrying...
2022-10-18T03:46:52.4596122Z A path returned 202. Retrying...
2022-10-18T03:46:52.4596407Z A path returned 202. Retrying...
2022-10-18T03:46:52.4596691Z A path returned 202. Retrying...
2022-10-18T03:46:52.4596973Z A path returned 202. Retrying...
2022-10-18T03:46:52.4597256Z A path returned 202. Retrying...
2022-10-18T03:46:52.4597527Z A path returned 202. Retrying...
2022-10-18T03:46:52.4597811Z A path returned 202. Retrying...
2022-10-18T03:46:52.4598092Z A path returned 202. Retrying...
2022-10-18T03:46:52.4598374Z A path returned 202. Retrying...
2022-10-18T03:46:52.4598655Z A path returned 202. Retrying...
2022-10-18T03:46:52.4598934Z A path returned 202. Retrying...
2022-10-18T03:46:52.4599215Z A path returned 202. Retrying...
2022-10-18T03:46:52.4599495Z A path returned 202. Retrying...
2022-10-18T03:46:52.4599763Z A path returned 202. Retrying...
2022-10-18T03:46:52.4600041Z A path returned 202. Retrying...
2022-10-18T03:46:52.4600330Z A path returned 202. Retrying...
2022-10-18T03:46:52.4600612Z A path returned 202. Retrying...
2022-10-18T03:46:52.4600895Z A path returned 202. Retrying...
2022-10-18T03:46:52.4601179Z A path returned 202. Retrying...
2022-10-18T03:46:52.4601462Z A path returned 202. Retrying...
2022-10-18T03:46:52.4601743Z A path returned 202. Retrying...
2022-10-18T03:46:52.4602014Z A path returned 202. Retrying...
2022-10-18T03:46:52.4602296Z A path returned 202. Retrying...
2022-10-18T03:46:52.4602580Z A path returned 202. Retrying...
2022-10-18T03:46:52.4602863Z A path returned 202. Retrying...
2022-10-18T03:46:52.4603146Z A path returned 202. Retrying...
2022-10-18T03:46:52.4603432Z A path returned 202. Retrying...
2022-10-18T03:46:52.4603716Z A path returned 202. Retrying...
2022-10-18T03:46:52.4603984Z A path returned 202. Retrying...
2022-10-18T03:46:52.4604265Z A path returned 202. Retrying...
2022-10-18T03:46:52.4604543Z A path returned 202. Retrying...
2022-10-18T03:46:52.4604834Z A path returned 202. Retrying...
2022-10-18T03:46:52.4605119Z A path returned 202. Retrying...
2022-10-18T03:46:52.4605403Z A path returned 202. Retrying...
2022-10-18T03:46:52.4605683Z A path returned 202. Retrying...
2022-10-18T03:46:52.4605967Z A path returned 202. Retrying...
2022-10-18T03:46:52.4606235Z A path returned 202. Retrying...
2022-10-18T03:46:52.4606515Z A path returned 202. Retrying...
2022-10-18T03:46:52.4606868Z A path returned 202. Retrying...
2022-10-18T03:46:52.4607153Z A path returned 202. Retrying...
2022-10-18T03:46:52.4607437Z A path returned 202. Retrying...
2022-10-18T03:46:52.4607718Z A path returned 202. Retrying...
2022-10-18T03:46:52.4608000Z A path returned 202. Retrying...
2022-10-18T03:46:52.4608284Z A path returned 202. Retrying...
2022-10-18T03:46:52.4608554Z A path returned 202. Retrying...
2022-10-18T03:46:52.4608837Z A path returned 202. Retrying...
2022-10-18T03:46:52.4609120Z A path returned 202. Retrying...
2022-10-18T03:46:52.4609402Z A path returned 202. Retrying...
2022-10-18T03:46:52.4609689Z A path returned 202. Retrying...
2022-10-18T03:46:52.4609973Z A path returned 202. Retrying...
2022-10-18T03:46:52.4610255Z A path returned 202. Retrying...
2022-10-18T03:46:52.4610525Z A path returned 202. Retrying...
2022-10-18T03:46:52.4610805Z A path returned 202. Retrying...
2022-10-18T03:46:52.4611086Z A path returned 202. Retrying...
2022-10-18T03:46:52.4611372Z A path returned 202. Retrying...
2022-10-18T03:46:52.4611654Z A path returned 202. Retrying...
2022-10-18T03:46:52.4611933Z A path returned 202. Retrying...
2022-10-18T03:46:52.4612214Z A path returned 202. Retrying...
2022-10-18T03:46:52.4612495Z A path returned 202. Retrying...
2022-10-18T03:46:52.4612765Z A path returned 202. Retrying...
2022-10-18T03:46:52.4613044Z A path returned 202. Retrying...
2022-10-18T03:46:52.4613326Z A path returned 202. Retrying...
2022-10-18T03:46:52.4613608Z A path returned 202. Retrying...
2022-10-18T03:46:52.4613890Z A path returned 202. Retrying...
2022-10-18T03:46:52.4614241Z A path returned 202. Retrying...
2022-10-18T03:46:52.4614524Z A path returned 202. Retrying...
2022-10-18T03:46:52.4614807Z A path returned 202. Retrying...
2022-10-18T03:46:52.4615075Z A path returned 202. Retrying...
2022-10-18T03:46:52.4615357Z A path returned 202. Retrying...
2022-10-18T03:46:52.4615639Z A path returned 202. Retrying...
2022-10-18T03:46:52.4615921Z A path returned 202. Retrying...
2022-10-18T03:46:52.4616204Z A path returned 202. Retrying...
2022-10-18T03:46:52.4616484Z A path returned 202. Retrying...
2022-10-18T03:46:52.4616765Z A path returned 202. Retrying...
2022-10-18T03:46:52.4617035Z A path returned 202. Retrying...
2022-10-18T03:46:52.4617318Z A path returned 202. Retrying...
2022-10-18T03:46:52.4617596Z A path returned 202. Retrying...
2022-10-18T03:46:52.4617881Z A path returned 202. Retrying...
2022-10-18T03:46:52.4618163Z A path returned 202. Retrying...
2022-10-18T03:46:52.4618444Z A path returned 202. Retrying...
2022-10-18T03:46:52.4618724Z A path returned 202. Retrying...
2022-10-18T03:46:52.4619013Z A path returned 202. Retrying...
2022-10-18T03:46:52.4619282Z A path returned 202. Retrying...
2022-10-18T03:46:52.4619562Z A path returned 202. Retrying...
2022-10-18T03:46:52.4619845Z A path returned 202. Retrying...
2022-10-18T03:46:52.4620126Z A path returned 202. Retrying...
2022-10-18T03:46:52.4620408Z A path returned 202. Retrying...
2022-10-18T03:46:52.4620692Z A path returned 202. Retrying...
2022-10-18T03:46:52.4620975Z A path returned 202. Retrying...
2022-10-18T03:46:52.4621255Z A path returned 202. Retrying...
2022-10-18T03:46:52.4621526Z A path returned 202. Retrying...
2022-10-18T03:46:52.4621807Z A path returned 202. Retrying...
2022-10-18T03:46:52.4622093Z A path returned 202. Retrying...
2022-10-18T03:46:52.4622374Z A path returned 202. Retrying...
2022-10-18T03:46:52.4622655Z A path returned 202. Retrying...
2022-10-18T03:46:52.4622936Z A path returned 202. Retrying...
2022-10-18T03:46:52.4623217Z A path returned 202. Retrying...
2022-10-18T03:46:52.4623488Z A path returned 202. Retrying...
2022-10-18T03:46:52.4623768Z A path returned 202. Retrying...
2022-10-18T03:46:52.4624047Z A path returned 202. Retrying...
2022-10-18T03:46:52.4624331Z A path returned 202. Retrying...
2022-10-18T03:46:52.4624615Z A path returned 202. Retrying...
2022-10-18T03:46:52.4624896Z A path returned 202. Retrying...
2022-10-18T03:46:52.4625176Z A path returned 202. Retrying...
2022-10-18T03:46:52.4625520Z A path returned 202. Retrying...
2022-10-18T03:46:52.4625792Z A path returned 202. Retrying...
2022-10-18T03:46:52.4626072Z A path returned 202. Retrying...
2022-10-18T03:46:52.4626355Z A path returned 202. Retrying...
2022-10-18T03:46:52.4626639Z A path returned 202. Retrying...
2022-10-18T03:46:52.4626924Z A path returned 202. Retrying...
2022-10-18T03:46:52.4627206Z A path returned 202. Retrying...
2022-10-18T03:46:52.4627490Z A path returned 202. Retrying...
2022-10-18T03:46:52.4627772Z A path returned 202. Retrying...
2022-10-18T03:46:52.4628041Z A path returned 202. Retrying...
2022-10-18T03:46:52.4628324Z A path returned 202. Retrying...
2022-10-18T03:46:52.4628609Z A path returned 202. Retrying...
2022-10-18T03:46:52.4628892Z A path returned 202. Retrying...
2022-10-18T03:46:52.4629173Z A path returned 202. Retrying...
2022-10-18T03:46:52.4629455Z A path returned 202. Retrying...
2022-10-18T03:46:52.4629808Z A path returned 202. Retrying...
2022-10-18T03:46:52.4630091Z A path returned 202. Retrying...
2022-10-18T03:46:52.4630372Z A path returned 202. Retrying...
2022-10-18T03:46:52.4630762Z A path returned 202. Retrying...
2022-10-18T03:46:52.4631046Z A path returned 202. Retrying...
2022-10-18T03:46:52.4631330Z A path returned 202. Retrying...
2022-10-18T03:46:52.4631598Z A path returned 202. Retrying...
2022-10-18T03:46:52.4631879Z A path returned 202. Retrying...
2022-10-18T03:46:52.4632162Z A path returned 202. Retrying...
2022-10-18T03:46:52.4632445Z A path returned 202. Retrying...
2022-10-18T03:46:52.4632731Z A path returned 202. Retrying...
2022-10-18T03:46:52.4633092Z A path returned 202. Retrying...
2022-10-18T03:46:52.4633374Z A path returned 202. Retrying...
2022-10-18T03:46:52.4633835Z A path returned 202. Retrying...
2022-10-18T03:46:52.4634102Z A path returned 202. Retrying...
2022-10-18T03:46:52.4634386Z A path returned 202. Retrying...
2022-10-18T03:46:52.4634663Z A path returned 202. Retrying...
2022-10-18T03:46:52.4634940Z A path returned 202. Retrying...
2022-10-18T03:46:52.4635224Z A path returned 202. Retrying...
2022-10-18T03:46:52.4635503Z A path returned 202. Retrying...
2022-10-18T03:46:52.4635779Z A path returned 202. Retrying...
2022-10-18T03:46:52.4636041Z A path returned 202. Retrying...
2022-10-18T03:46:52.4636317Z A path returned 202. Retrying...
2022-10-18T03:46:52.4636628Z A path returned 202. Retrying...
2022-10-18T03:46:52.4636906Z A path returned 202. Retrying...
2022-10-18T03:46:52.4637180Z A path returned 202. Retrying...
2022-10-18T03:46:52.4637456Z A path returned 202. Retrying...
2022-10-18T03:46:52.4637732Z A path returned 202. Retrying...
2022-10-18T03:46:52.4638011Z A path returned 202. Retrying...
2022-10-18T03:46:52.4638277Z A path returned 202. Retrying...
2022-10-18T03:46:52.4638554Z A path returned 202. Retrying...
2022-10-18T03:46:52.4638833Z A path returned 202. Retrying...
2022-10-18T03:46:52.4639111Z A path returned 202. Retrying...
2022-10-18T03:46:52.4639387Z A path returned 202. Retrying...
2022-10-18T03:46:52.4639665Z A path returned 202. Retrying...
2022-10-18T03:46:52.4639942Z A path returned 202. Retrying...
2022-10-18T03:46:52.4640217Z A path returned 202. Retrying...
2022-10-18T03:46:52.4640480Z A path returned 202. Retrying...
2022-10-18T03:46:52.4640754Z A path returned 202. Retrying...
2022-10-18T03:46:52.4641031Z A path returned 202. Retrying...
2022-10-18T03:46:52.4641309Z A path returned 202. Retrying...
2022-10-18T03:46:52.4641586Z A path returned 202. Retrying...
2022-10-18T03:46:52.4641864Z A path returned 202. Retrying...
2022-10-18T03:46:52.4642140Z A path returned 202. Retrying...
2022-10-18T03:46:52.4642406Z A path returned 202. Retrying...
2022-10-18T03:46:52.4642682Z A path returned 202. Retrying...
2022-10-18T03:46:52.4642962Z A path returned 202. Retrying...
2022-10-18T03:46:52.4643236Z A path returned 202. Retrying...
2022-10-18T03:46:52.4643512Z A path returned 202. Retrying...
2022-10-18T03:46:52.4643793Z A path returned 202. Retrying...
2022-10-18T03:46:52.4644068Z A path returned 202. Retrying...
2022-10-18T03:46:52.4644424Z A path returned 202. Retrying...
2022-10-18T03:46:52.4644692Z A path returned 202. Retrying...
2022-10-18T03:46:52.4644965Z A path returned 202. Retrying...
2022-10-18T03:46:52.4645243Z A path returned 202. Retrying...
2022-10-18T03:46:52.4645518Z A path returned 202. Retrying...
2022-10-18T03:46:52.4645798Z A path returned 202. Retrying...
2022-10-18T03:46:52.4646076Z A path returned 202. Retrying...
2022-10-18T03:46:52.4646355Z A path returned 202. Retrying...
2022-10-18T03:46:52.4646632Z A path returned 202. Retrying...
2022-10-18T03:46:52.4646897Z A path returned 202. Retrying...
2022-10-18T03:46:52.4647180Z A path returned 202. Retrying...
2022-10-18T03:46:52.4647457Z A path returned 202. Retrying...
2022-10-18T03:46:52.4647735Z A path returned 202. Retrying...
2022-10-18T03:46:52.4648011Z A path returned 202. Retrying...
2022-10-18T03:46:52.4648286Z A path returned 202. Retrying...
2022-10-18T03:46:52.4648566Z A path returned 202. Retrying...
2022-10-18T03:46:52.4648923Z A path returned 202. Retrying...
2022-10-18T03:46:52.4649166Z A path returned 202. Retrying...
2022-10-18T03:46:52.4649410Z A path returned 202. Retrying...
2022-10-18T03:46:52.4649652Z A path returned 202. Retrying...
2022-10-18T03:46:52.4649894Z A path returned 202. Retrying...
2022-10-18T03:46:52.4650135Z A path returned 202. Retrying...
2022-10-18T03:46:52.4650377Z A path returned 202. Retrying...
2022-10-18T03:46:52.4650618Z A path returned 202. Retrying...
2022-10-18T03:46:52.4650848Z A path returned 202. Retrying...
2022-10-18T03:46:52.4651088Z A path returned 202. Retrying...
2022-10-18T03:46:52.4651402Z A path returned 202. Retrying...
2022-10-18T03:46:52.4651645Z A path returned 202. Retrying...
2022-10-18T03:46:52.4651890Z A path returned 202. Retrying...
2022-10-18T03:46:52.4652131Z A path returned 202. Retrying...
2022-10-18T03:46:52.4652373Z A path returned 202. Retrying...
2022-10-18T03:46:52.4652614Z A path returned 202. Retrying...
2022-10-18T03:46:52.4652844Z A path returned 202. Retrying...
2022-10-18T03:46:52.4653093Z A path returned 202. Retrying...
2022-10-18T03:46:52.4653336Z A path returned 202. Retrying...
2022-10-18T03:46:52.4653580Z A path returned 202. Retrying...
2022-10-18T03:46:52.4653822Z A path returned 202. Retrying...
2022-10-18T03:46:52.4654064Z A path returned 202. Retrying...
2022-10-18T03:46:52.4654307Z A path returned 202. Retrying...
2022-10-18T03:46:52.4654538Z A path returned 202. Retrying...
2022-10-18T03:46:52.4654780Z A path returned 202. Retrying...
2022-10-18T03:46:52.4655028Z A path returned 202. Retrying...
2022-10-18T03:46:52.4655271Z A path returned 202. Retrying...
2022-10-18T03:46:52.4655516Z A path returned 202. Retrying...
2022-10-18T03:46:52.4655757Z A path returned 202. Retrying...
2022-10-18T03:46:52.4655999Z A path returned 202. Retrying...
2022-10-18T03:46:52.4656243Z A path returned 202. Retrying...
2022-10-18T03:46:52.4656473Z A path returned 202. Retrying...
2022-10-18T03:46:52.4656714Z A path returned 202. Retrying...
2022-10-18T03:46:52.4656960Z A path returned 202. Retrying...
2022-10-18T03:46:52.4657209Z A path returned 202. Retrying...
2022-10-18T03:46:52.4657453Z A path returned 202. Retrying...
2022-10-18T03:46:52.4657695Z A path returned 202. Retrying...
2022-10-18T03:46:52.4657936Z A path returned 202. Retrying...
2022-10-18T03:46:52.4658177Z A path returned 202. Retrying...
2022-10-18T03:46:52.4658408Z A path returned 202. Retrying...
2022-10-18T03:46:52.4658648Z A path returned 202. Retrying...
2022-10-18T03:46:52.4658891Z A path returned 202. Retrying...
2022-10-18T03:46:52.4659134Z A path returned 202. Retrying...
2022-10-18T03:46:52.4659378Z A path returned 202. Retrying...
2022-10-18T03:46:52.4659621Z A path returned 202. Retrying...
2022-10-18T03:46:52.4659862Z A path returned 202. Retrying...
2022-10-18T03:46:52.4660092Z A path returned 202. Retrying...
2022-10-18T03:46:52.4660338Z A path returned 202. Retrying...
2022-10-18T03:46:52.4660581Z A path returned 202. Retrying...
2022-10-18T03:46:52.4660824Z A path returned 202. Retrying...
2022-10-18T03:46:52.4661125Z A path returned 202. Retrying...
2022-10-18T03:46:52.4661372Z A path returned 202. Retrying...
2022-10-18T03:46:52.4661615Z A path returned 202. Retrying...
2022-10-18T03:46:52.4661856Z A path returned 202. Retrying...
2022-10-18T03:46:52.4662086Z A path returned 202. Retrying...
2022-10-18T03:46:52.4662325Z A path returned 202. Retrying...
2022-10-18T03:46:52.4662571Z A path returned 202. Retrying...
2022-10-18T03:46:52.4662820Z A path returned 202. Retrying...
2022-10-18T03:46:52.4663064Z A path returned 202. Retrying...
2022-10-18T03:46:52.4663305Z A path returned 202. Retrying...
2022-10-18T03:46:52.4663553Z A path returned 202. Retrying...
2022-10-18T03:46:52.4663795Z A path returned 202. Retrying...
2022-10-18T03:46:52.4664027Z A path returned 202. Retrying...
2022-10-18T03:46:52.4664270Z A path returned 202. Retrying...
2022-10-18T03:46:52.4664513Z A path returned 202. Retrying...
2022-10-18T03:46:52.4664757Z A path returned 202. Retrying...
2022-10-18T03:46:52.4665003Z A path returned 202. Retrying...
2022-10-18T03:46:52.4665245Z A path returned 202. Retrying...
2022-10-18T03:46:52.4665490Z A path returned 202. Retrying...
2022-10-18T03:46:52.4665722Z A path returned 202. Retrying...
2022-10-18T03:46:52.4665964Z A path returned 202. Retrying...
2022-10-18T03:46:52.4666208Z A path returned 202. Retrying...
2022-10-18T03:46:52.4666453Z A path returned 202. Retrying...
2022-10-18T03:46:52.4666696Z A path returned 202. Retrying...
2022-10-18T03:46:52.4666937Z A path returned 202. Retrying...
2022-10-18T03:46:52.4667178Z A path returned 202. Retrying...
2022-10-18T03:46:52.4667485Z A path returned 202. Retrying...
2022-10-18T03:46:52.4667717Z A path returned 202. Retrying...
2022-10-18T03:46:52.4667956Z A path returned 202. Retrying...
2022-10-18T03:46:52.4668199Z A path returned 202. Retrying...
2022-10-18T03:46:52.4668446Z A path returned 202. Retrying...
2022-10-18T03:46:52.4668689Z A path returned 202. Retrying...
2022-10-18T03:46:52.4668930Z A path returned 202. Retrying...
2022-10-18T03:46:52.4669176Z A path returned 202. Retrying...
2022-10-18T03:46:52.4669419Z A path returned 202. Retrying...
2022-10-18T03:46:52.4669654Z A path returned 202. Retrying...
2022-10-18T03:46:52.4669897Z A path returned 202. Retrying...
2022-10-18T03:46:52.4670138Z A path returned 202. Retrying...
2022-10-18T03:46:52.4670381Z A path returned 202. Retrying...
2022-10-18T03:46:52.4670626Z A path returned 202. Retrying...
2022-10-18T03:46:52.4670969Z A path returned 202. Retrying...
2022-10-18T03:46:52.4671213Z A path returned 202. Retrying...
2022-10-18T03:46:52.4671445Z A path returned 202. Retrying...
2022-10-18T03:46:52.4671693Z A path returned 202. Retrying...
2022-10-18T03:46:52.4671939Z A path returned 202. Retrying...
2022-10-18T03:46:52.4672184Z A path returned 202. Retrying...
2022-10-18T03:46:52.4672429Z A path returned 202. Retrying...
2022-10-18T03:46:52.4672676Z A path returned 202. Retrying...
2022-10-18T03:46:52.4672918Z A path returned 202. Retrying...
2022-10-18T03:46:52.4673162Z A path returned 202. Retrying...
2022-10-18T03:46:52.4673393Z A path returned 202. Retrying...
2022-10-18T03:46:52.4673634Z A path returned 202. Retrying...
2022-10-18T03:46:52.4673878Z A path returned 202. Retrying...
2022-10-18T03:46:52.4674120Z A path returned 202. Retrying...
2022-10-18T03:46:52.4674363Z A path returned 202. Retrying...
2022-10-18T03:46:52.4674604Z A path returned 202. Retrying...
2022-10-18T03:46:52.4674845Z A path returned 202. Retrying...
2022-10-18T03:46:52.4675087Z A path returned 202. Retrying...
2022-10-18T03:46:52.4675318Z A path returned 202. Retrying...
2022-10-18T03:46:52.4675558Z A path returned 202. Retrying...
2022-10-18T03:46:52.4675803Z A path returned 202. Retrying...
2022-10-18T03:46:52.4676046Z A path returned 202. Retrying...
2022-10-18T03:46:52.4676287Z A path returned 202. Retrying...
2022-10-18T03:46:52.4676529Z A path returned 202. Retrying...
2022-10-18T03:46:52.4676770Z A path returned 202. Retrying...
2022-10-18T03:46:52.4677000Z A path returned 202. Retrying...
2022-10-18T03:46:52.4677319Z A path returned 202. Retrying...
2022-10-18T03:46:52.4677568Z A path returned 202. Retrying...
2022-10-18T03:46:52.4677812Z A path returned 202. Retrying...
2022-10-18T03:46:52.4678055Z A path returned 202. Retrying...
2022-10-18T03:46:52.4678299Z A path returned 202. Retrying...
2022-10-18T03:46:52.4678547Z A path returned 202. Retrying...
2022-10-18T03:46:52.4678792Z A path returned 202. Retrying...
2022-10-18T03:46:52.4679022Z A path returned 202. Retrying...
2022-10-18T03:46:52.4679264Z A path returned 202. Retrying...
2022-10-18T03:46:52.4679508Z A path returned 202. Retrying...
2022-10-18T03:46:52.4679756Z A path returned 202. Retrying...
2022-10-18T03:46:52.4679999Z A path returned 202. Retrying...
2022-10-18T03:46:52.4680243Z A path returned 202. Retrying...
2022-10-18T03:46:52.4680485Z A path returned 202. Retrying...
2022-10-18T03:46:52.4680727Z A path returned 202. Retrying...
2022-10-18T03:46:52.4680957Z A path returned 202. Retrying...
2022-10-18T03:46:52.4681200Z A path returned 202. Retrying...
2022-10-18T03:46:52.4681446Z A path returned 202. Retrying...
2022-10-18T03:46:52.4681689Z A path returned 202. Retrying...
2022-10-18T03:46:52.4681931Z A path returned 202. Retrying...
2022-10-18T03:46:52.4682176Z A path returned 202. Retrying...
2022-10-18T03:46:52.4682418Z A path returned 202. Retrying...
2022-10-18T03:46:52.4682647Z A path returned 202. Retrying...
2022-10-18T03:46:52.4682890Z A path returned 202. Retrying...
2022-10-18T03:46:52.4683132Z A path returned 202. Retrying...
2022-10-18T03:46:52.4683376Z A path returned 202. Retrying...
2022-10-18T03:46:52.4683619Z A path returned 202. Retrying...
2022-10-18T03:46:52.4683971Z A path returned 202. Retrying...
2022-10-18T03:46:52.4684217Z A path returned 202. Retrying...
2022-10-18T03:46:52.4684461Z A path returned 202. Retrying...
2022-10-18T03:46:52.4684691Z A path returned 202. Retrying...
2022-10-18T03:46:52.4684934Z A path returned 202. Retrying...
2022-10-18T03:46:52.4685180Z A path returned 202. Retrying...
2022-10-18T03:46:52.4685428Z A path returned 202. Retrying...
2022-10-18T03:46:52.4685671Z A path returned 202. Retrying...
2022-10-18T03:46:52.4685912Z A path returned 202. Retrying...
2022-10-18T03:46:52.4686155Z A path returned 202. Retrying...
2022-10-18T03:46:52.4686398Z A path returned 202. Retrying...
2022-10-18T03:46:52.4686630Z A path returned 202. Retrying...
2022-10-18T03:46:52.4686872Z A path returned 202. Retrying...
2022-10-18T03:46:52.4687114Z A path returned 202. Retrying...
2022-10-18T03:46:52.4687357Z A path returned 202. Retrying...
2022-10-18T03:46:52.4687598Z A path returned 202. Retrying...
2022-10-18T03:46:52.4687841Z A path returned 202. Retrying...
2022-10-18T03:46:52.4688082Z A path returned 202. Retrying...
2022-10-18T03:46:52.4688312Z A path returned 202. Retrying...
2022-10-18T03:46:52.4688557Z A path returned 202. Retrying...
2022-10-18T03:46:52.4688799Z A path returned 202. Retrying...
2022-10-18T03:46:52.4689041Z A path returned 202. Retrying...
2022-10-18T03:46:52.4689283Z A path returned 202. Retrying...
2022-10-18T03:46:52.4689532Z A path returned 202. Retrying...
2022-10-18T03:46:52.4689774Z A path returned 202. Retrying...
2022-10-18T03:46:52.4690015Z A path returned 202. Retrying...
2022-10-18T03:46:52.4690245Z A path returned 202. Retrying...
2022-10-18T03:46:52.4690487Z A path returned 202. Retrying...
2022-10-18T03:46:52.4690732Z A path returned 202. Retrying...
2022-10-18T03:46:52.4690976Z A path returned 202. Retrying...
2022-10-18T03:46:52.4691217Z A path returned 202. Retrying...
2022-10-18T03:46:52.4691458Z A path returned 202. Retrying...
2022-10-18T03:46:52.4691700Z A path returned 202. Retrying...
2022-10-18T03:46:52.4691945Z A path returned 202. Retrying...
2022-10-18T03:46:52.4692174Z A path returned 202. Retrying...
2022-10-18T03:46:52.4692413Z A path returned 202. Retrying...
2022-10-18T03:46:52.4692655Z A path returned 202. Retrying...
2022-10-18T03:55:45.2687132Z A path returned 202. Retrying...
2022-10-18T03:55:45.2687510Z A path returned 202. Retrying...
2022-10-18T03:55:45.2688202Z A path returned 202. Retrying...
2022-10-18T03:55:45.2688503Z A path returned 202. Retrying...
2022-10-18T03:55:45.2688796Z A path returned 202. Retrying...
2022-10-18T03:55:45.2689068Z A path returned 202. Retrying...
2022-10-18T03:55:45.2689360Z A path returned 202. Retrying...
2022-10-18T03:55:45.2689649Z A path returned 202. Retrying...
2022-10-18T03:55:45.2689938Z A path returned 202. Retrying...
2022-10-18T03:55:45.2690439Z A path returned 202. Retrying...
2022-10-18T03:55:45.2690819Z A path returned 202. Retrying...
2022-10-18T03:55:45.2691192Z A path returned 202. Retrying...
2022-10-18T03:55:45.2691580Z A path returned 202. Retrying...
2022-10-18T03:55:45.2691947Z A path returned 202. Retrying...
2022-10-18T03:55:45.2692314Z A path returned 202. Retrying...
2022-10-18T03:55:45.2692679Z A path returned 202. Retrying...
2022-10-18T03:55:45.2693032Z A path returned 202. Retrying...
2022-10-18T03:55:45.2693400Z A path returned 202. Retrying...
2022-10-18T03:55:45.2693768Z A path returned 202. Retrying...
2022-10-18T03:55:45.2694137Z A path returned 202. Retrying...
2022-10-18T03:55:45.2694506Z A path returned 202. Retrying...
2022-10-18T03:55:45.2694873Z A path returned 202. Retrying...
2022-10-18T03:55:45.2695239Z A path returned 202. Retrying...
2022-10-18T03:55:45.2695604Z A path returned 202. Retrying...
2022-10-18T03:55:45.2695971Z A path returned 202. Retrying...
2022-10-18T03:55:45.2696337Z A path returned 202. Retrying...
2022-10-18T03:55:45.2696702Z A path returned 202. Retrying...
2022-10-18T03:55:45.2697066Z A path returned 202. Retrying...
2022-10-18T03:55:45.2697420Z A path returned 202. Retrying...
2022-10-18T03:55:45.2697916Z A path returned 202. Retrying...
2022-10-18T03:55:45.2698285Z A path returned 202. Retrying...
2022-10-18T03:55:45.2698651Z A path returned 202. Retrying...
2022-10-18T03:55:45.2699017Z A path returned 202. Retrying...
2022-10-18T03:55:45.2699383Z A path returned 202. Retrying...
2022-10-18T03:55:45.2699750Z A path returned 202. Retrying...
2022-10-18T03:55:45.2700116Z A path returned 202. Retrying...
2022-10-18T03:55:45.2700482Z A path returned 202. Retrying...
2022-10-18T03:55:45.2700850Z A path returned 202. Retrying...
2022-10-18T03:55:45.2701219Z A path returned 202. Retrying...
2022-10-18T03:55:45.2701584Z A path returned 202. Retrying...
2022-10-18T03:55:45.2701940Z A path returned 202. Retrying...
2022-10-18T03:55:45.2702306Z A path returned 202. Retrying...
2022-10-18T03:55:45.2702680Z A path returned 202. Retrying...
2022-10-18T03:55:45.2703046Z A path returned 202. Retrying...
2022-10-18T03:55:45.2703416Z A path returned 202. Retrying...
2022-10-18T03:55:45.2703786Z A path returned 202. Retrying...
2022-10-18T03:55:45.2704158Z A path returned 202. Retrying...
2022-10-18T03:55:45.2704524Z A path returned 202. Retrying...
2022-10-18T03:55:45.2704892Z A path returned 202. Retrying...
2022-10-18T03:55:45.2705257Z A path returned 202. Retrying...
2022-10-18T03:55:45.2705625Z A path returned 202. Retrying...
2022-10-18T03:55:45.2705989Z A path returned 202. Retrying...
2022-10-18T03:55:45.2706409Z A path returned 202. Retrying...
2022-10-18T03:55:45.2706772Z A path returned 202. Retrying...
2022-10-18T03:55:45.2707140Z A path returned 202. Retrying...
2022-10-18T03:55:45.2707505Z A path returned 202. Retrying...
2022-10-18T03:55:45.2707875Z A path returned 202. Retrying...
2022-10-18T03:55:45.2708240Z A path returned 202. Retrying...
2022-10-18T03:55:45.2708606Z A path returned 202. Retrying...
2022-10-18T03:55:45.2708972Z A path returned 202. Retrying...
2022-10-18T03:55:45.2709337Z A path returned 202. Retrying...
2022-10-18T03:55:45.2709701Z A path returned 202. Retrying...
2022-10-18T03:55:45.2710072Z A path returned 202. Retrying...
2022-10-18T03:55:45.2710435Z A path returned 202. Retrying...
2022-10-18T03:55:45.2711034Z A path returned 202. Retrying...
2022-10-18T03:55:45.2711405Z A path returned 202. Retrying...
2022-10-18T03:55:45.2711779Z A path returned 202. Retrying...
2022-10-18T03:55:45.2712146Z A path returned 202. Retrying...
2022-10-18T03:55:45.2712619Z A path returned 202. Retrying...
2022-10-18T03:55:45.2712994Z A path returned 202. Retrying...
2022-10-18T03:55:45.2713360Z A path returned 202. Retrying...
2022-10-18T03:55:45.2713722Z A path returned 202. Retrying...
2022-10-18T03:55:45.2714089Z A path returned 202. Retrying...
2022-10-18T03:55:45.2714454Z A path returned 202. Retrying...
2022-10-18T03:55:45.2714821Z A path returned 202. Retrying...
2022-10-18T03:55:45.2715186Z A path returned 202. Retrying...
2022-10-18T03:55:45.2715540Z A path returned 202. Retrying...
2022-10-18T03:55:45.2715903Z A path returned 202. Retrying...
2022-10-18T03:55:45.2716284Z A path returned 202. Retrying...
2022-10-18T03:55:45.2716658Z A path returned 202. Retrying...
2022-10-18T03:55:45.2717028Z A path returned 202. Retrying...
2022-10-18T03:55:45.2717399Z A path returned 202. Retrying...
2022-10-18T03:55:45.2717768Z A path returned 202. Retrying...
2022-10-18T03:55:45.2718132Z A path returned 202. Retrying...
2022-10-18T03:55:45.2718500Z A path returned 202. Retrying...
2022-10-18T03:55:45.2718868Z A path returned 202. Retrying...
2022-10-18T03:55:45.2719234Z A path returned 202. Retrying...
2022-10-18T03:55:45.2719600Z A path returned 202. Retrying...
2022-10-18T03:55:45.2719967Z A path returned 202. Retrying...
2022-10-18T03:55:45.2720317Z A path returned 202. Retrying...
2022-10-18T03:55:45.2720689Z A path returned 202. Retrying...
2022-10-18T03:55:45.2721058Z A path returned 202. Retrying...
2022-10-18T03:55:45.2721429Z A path returned 202. Retrying...
2022-10-18T03:55:45.2721794Z A path returned 202. Retrying...
2022-10-18T03:55:45.2722164Z A path returned 202. Retrying...
2022-10-18T03:55:45.2722628Z A path returned 202. Retrying...
2022-10-18T03:55:45.2722998Z A path returned 202. Retrying...
2022-10-18T03:55:45.2723363Z A path returned 202. Retrying...
2022-10-18T03:55:45.2723730Z A path returned 202. Retrying...
2022-10-18T03:55:45.2724096Z A path returned 202. Retrying...
2022-10-18T03:55:45.2724465Z A path returned 202. Retrying...
2022-10-18T03:55:45.2724821Z A path returned 202. Retrying...
2022-10-18T03:55:45.2725195Z A path returned 202. Retrying...
2022-10-18T03:55:45.2725570Z A path returned 202. Retrying...
2022-10-18T03:55:45.2725940Z A path returned 202. Retrying...
2022-10-18T03:55:45.2726309Z A path returned 202. Retrying...
2022-10-18T03:55:45.2726680Z A path returned 202. Retrying...
2022-10-18T03:55:45.2727052Z A path returned 202. Retrying...
2022-10-18T03:55:45.2727428Z A path returned 202. Retrying...
2022-10-18T03:55:45.2727795Z A path returned 202. Retrying...
2022-10-18T03:55:45.2728166Z A path returned 202. Retrying...
2022-10-18T03:55:45.2728540Z A path returned 202. Retrying...
2022-10-18T03:55:45.2728909Z A path returned 202. Retrying...
2022-10-18T03:55:45.2729259Z A path returned 202. Retrying...
2022-10-18T03:55:45.2729628Z A path returned 202. Retrying...
2022-10-18T03:55:45.2729997Z A path returned 202. Retrying...
2022-10-18T03:55:45.2730367Z A path returned 202. Retrying...
2022-10-18T03:55:45.2730734Z A path returned 202. Retrying...
2022-10-18T03:55:45.2731110Z A path returned 202. Retrying...
2022-10-18T03:55:45.2731485Z A path returned 202. Retrying...
2022-10-18T03:55:45.2731852Z A path returned 202. Retrying...
2022-10-18T03:55:45.2732218Z A path returned 202. Retrying...
2022-10-18T03:55:45.2732587Z A path returned 202. Retrying...
2022-10-18T03:55:45.2732953Z A path returned 202. Retrying...
2022-10-18T03:55:45.2733253Z A path returned 202. Retrying...
2022-10-18T03:55:45.2733606Z A path returned 202. Retrying...
2022-10-18T03:55:45.2733976Z A path returned 202. Retrying...
2022-10-18T03:55:45.2734345Z A path returned 202. Retrying...
2022-10-18T03:55:45.2734718Z A path returned 202. Retrying...
2022-10-18T03:55:45.2735086Z A path returned 202. Retrying...
2022-10-18T03:55:45.2735489Z A path returned 202. Retrying...
2022-10-18T03:55:45.2735857Z A path returned 202. Retrying...
2022-10-18T03:55:45.2736223Z A path returned 202. Retrying...
2022-10-18T03:55:45.2736591Z A path returned 202. Retrying...
2022-10-18T03:55:45.2737056Z A path returned 202. Retrying...
2022-10-18T03:55:45.2737433Z A path returned 202. Retrying...
2022-10-18T03:55:45.2737797Z A path returned 202. Retrying...
2022-10-18T03:55:45.2738146Z A path returned 202. Retrying...
2022-10-18T03:55:45.2738513Z A path returned 202. Retrying...
2022-10-18T03:55:45.2738883Z A path returned 202. Retrying...
2022-10-18T03:55:45.2739257Z A path returned 202. Retrying...
2022-10-18T03:55:45.2739628Z A path returned 202. Retrying...
2022-10-18T03:55:45.2739995Z A path returned 202. Retrying...
2022-10-18T03:55:45.2740363Z A path returned 202. Retrying...
2022-10-18T03:55:45.2740733Z A path returned 202. Retrying...
2022-10-18T03:55:45.2741100Z A path returned 202. Retrying...
2022-10-18T03:55:45.2741467Z A path returned 202. Retrying...
2022-10-18T03:55:45.2741835Z A path returned 202. Retrying...
2022-10-18T03:55:45.2742202Z A path returned 202. Retrying...
2022-10-18T03:55:45.2742552Z A path returned 202. Retrying...
2022-10-18T03:55:45.2754772Z A path returned 202. Retrying...
2022-10-18T03:55:45.2755465Z A path returned 202. Retrying...
2022-10-18T03:55:45.2755745Z A path returned 202. Retrying...
2022-10-18T03:55:45.2756034Z A path returned 202. Retrying...
2022-10-18T03:55:45.2756326Z A path returned 202. Retrying...
2022-10-18T03:55:45.2756617Z A path returned 202. Retrying...
2022-10-18T03:55:45.2756909Z A path returned 202. Retrying...
2022-10-18T03:55:45.2757197Z A path returned 202. Retrying...
2022-10-18T03:55:45.2757484Z A path returned 202. Retrying...
2022-10-18T03:55:45.2757754Z A path returned 202. Retrying...
2022-10-18T03:55:45.2758039Z A path returned 202. Retrying...
2022-10-18T03:55:45.2758543Z A path returned 202. Retrying...
2022-10-18T03:55:45.2758833Z A path returned 202. Retrying...
2022-10-18T03:55:45.2759118Z A path returned 202. Retrying...
2022-10-18T03:55:45.2759403Z A path returned 202. Retrying...
2022-10-18T03:55:45.2759685Z A path returned 202. Retrying...
2022-10-18T03:55:45.2759973Z A path returned 202. Retrying...
2022-10-18T03:55:45.2760246Z A path returned 202. Retrying...
2022-10-18T03:55:45.2760527Z A path returned 202. Retrying...
2022-10-18T03:55:45.2760813Z A path returned 202. Retrying...
2022-10-18T03:55:45.2761097Z A path returned 202. Retrying...
2022-10-18T03:55:45.2761384Z A path returned 202. Retrying...
2022-10-18T03:55:45.2761668Z A path returned 202. Retrying...
2022-10-18T03:55:45.2761951Z A path returned 202. Retrying...
2022-10-18T03:55:45.2762234Z A path returned 202. Retrying...
2022-10-18T03:55:45.2762506Z A path returned 202. Retrying...
2022-10-18T03:55:45.2762789Z A path returned 202. Retrying...
2022-10-18T03:55:45.2763077Z A path returned 202. Retrying...
2022-10-18T03:55:45.2763359Z A path returned 202. Retrying...
2022-10-18T03:55:45.2763643Z A path returned 202. Retrying...
2022-10-18T03:55:45.2763926Z A path returned 202. Retrying...
2022-10-18T03:55:45.2764210Z A path returned 202. Retrying...
2022-10-18T03:55:45.2764477Z A path returned 202. Retrying...
2022-10-18T03:55:45.2764758Z A path returned 202. Retrying...
2022-10-18T03:55:45.2765042Z A path returned 202. Retrying...
2022-10-18T03:55:45.2765325Z A path returned 202. Retrying...
2022-10-18T03:55:45.2765607Z A path returned 202. Retrying...
2022-10-18T03:55:45.2765889Z A path returned 202. Retrying...
2022-10-18T03:55:45.2766172Z A path returned 202. Retrying...
2022-10-18T03:55:45.2766529Z A path returned 202. Retrying...
2022-10-18T03:55:45.2766763Z A path returned 202. Retrying...
2022-10-18T03:55:45.2767011Z A path returned 202. Retrying...
2022-10-18T03:55:45.2767260Z A path returned 202. Retrying...
2022-10-18T03:55:45.2767506Z A path returned 202. Retrying...
2022-10-18T03:55:45.2767757Z A path returned 202. Retrying...
2022-10-18T03:55:45.2768006Z A path returned 202. Retrying...
2022-10-18T03:55:45.2768256Z A path returned 202. Retrying...
2022-10-18T03:55:45.2768507Z A path returned 202. Retrying...
2022-10-18T03:55:45.2768743Z A path returned 202. Retrying...
2022-10-18T03:55:45.2768991Z A path returned 202. Retrying...
2022-10-18T03:55:45.2769317Z A path returned 202. Retrying...
2022-10-18T03:55:45.2769571Z A path returned 202. Retrying...
2022-10-18T03:55:45.2770016Z A path returned 202. Retrying...
2022-10-18T03:55:45.2770296Z A path returned 202. Retrying...
2022-10-18T03:55:45.2770542Z A path returned 202. Retrying...
2022-10-18T03:55:45.2770791Z A path returned 202. Retrying...
2022-10-18T03:55:45.2771026Z A path returned 202. Retrying...
2022-10-18T03:55:45.2771276Z A path returned 202. Retrying...
2022-10-18T03:55:45.2771524Z A path returned 202. Retrying...
2022-10-18T03:55:45.2771774Z A path returned 202. Retrying...
2022-10-18T03:55:45.2772124Z A path returned 202. Retrying...
2022-10-18T03:55:45.2772452Z A path returned 202. Retrying...
2022-10-18T03:55:45.2772779Z A path returned 202. Retrying...
2022-10-18T03:55:45.2773102Z A path returned 202. Retrying...
2022-10-18T03:55:45.2773426Z A path returned 202. Retrying...
2022-10-18T03:55:45.2773748Z A path returned 202. Retrying...
2022-10-18T03:55:45.2774059Z A path returned 202. Retrying...
2022-10-18T03:55:45.2774385Z A path returned 202. Retrying...
2022-10-18T03:55:45.2774710Z A path returned 202. Retrying...
2022-10-18T03:55:45.2775037Z A path returned 202. Retrying...
2022-10-18T03:55:45.2775361Z A path returned 202. Retrying...
2022-10-18T03:55:45.2775686Z A path returned 202. Retrying...
2022-10-18T03:55:45.2776012Z A path returned 202. Retrying...
2022-10-18T03:55:45.2776336Z A path returned 202. Retrying...
2022-10-18T03:55:45.2776657Z A path returned 202. Retrying...
2022-10-18T03:55:45.2776982Z A path returned 202. Retrying...
2022-10-18T03:55:45.2777304Z A path returned 202. Retrying...
2022-10-18T03:55:45.2777719Z A path returned 202. Retrying...
2022-10-18T03:55:45.2778043Z A path returned 202. Retrying...
2022-10-18T03:55:45.2778349Z A path returned 202. Retrying...
2022-10-18T03:55:45.2778674Z A path returned 202. Retrying...
2022-10-18T03:55:45.2778998Z A path returned 202. Retrying...
2022-10-18T03:55:45.2779325Z A path returned 202. Retrying...
2022-10-18T03:55:45.2779653Z A path returned 202. Retrying...
2022-10-18T03:55:45.2779975Z A path returned 202. Retrying...
2022-10-18T03:55:45.2780300Z A path returned 202. Retrying...
2022-10-18T03:55:45.2780626Z A path returned 202. Retrying...
2022-10-18T03:55:45.2780948Z A path returned 202. Retrying...
2022-10-18T03:55:45.2781272Z A path returned 202. Retrying...
2022-10-18T03:55:45.2781596Z A path returned 202. Retrying...
2022-10-18T03:55:45.2781922Z A path returned 202. Retrying...
2022-10-18T03:55:45.2782235Z A path returned 202. Retrying...
2022-10-18T03:55:45.2782562Z A path returned 202. Retrying...
2022-10-18T03:55:45.2782890Z A path returned 202. Retrying...
2022-10-18T03:55:45.2783216Z A path returned 202. Retrying...
2022-10-18T03:55:45.2783538Z A path returned 202. Retrying...
2022-10-18T03:55:45.2783862Z A path returned 202. Retrying...
2022-10-18T03:55:45.2784184Z A path returned 202. Retrying...
2022-10-18T04:04:39.7784907Z A path returned 202. Retrying...
2022-10-18T04:04:39.7785263Z A path returned 202. Retrying...
2022-10-18T04:04:39.7785585Z A path returned 202. Retrying...
2022-10-18T04:04:39.7785876Z A path returned 202. Retrying...
2022-10-18T04:04:39.7786169Z A path returned 202. Retrying...
2022-10-18T04:04:39.7786459Z A path returned 202. Retrying...
2022-10-18T04:04:39.7786747Z A path returned 202. Retrying...
2022-10-18T04:04:39.7787031Z A path returned 202. Retrying...
2022-10-18T04:04:39.7787317Z A path returned 202. Retrying...
2022-10-18T04:04:39.7787587Z A path returned 202. Retrying...
2022-10-18T04:04:39.7787871Z A path returned 202. Retrying...
2022-10-18T04:04:39.7788163Z A path returned 202. Retrying...
2022-10-18T04:04:39.7788459Z A path returned 202. Retrying...
2022-10-18T04:04:39.7788745Z A path returned 202. Retrying...
2022-10-18T04:04:39.7789029Z A path returned 202. Retrying...
2022-10-18T04:04:39.7789313Z A path returned 202. Retrying...
2022-10-18T04:04:39.7789597Z A path returned 202. Retrying...
2022-10-18T04:04:39.7789866Z A path returned 202. Retrying...
2022-10-18T04:04:39.7790528Z A path returned 202. Retrying...
2022-10-18T04:04:39.7791129Z A path returned 202. Retrying...
2022-10-18T04:04:39.7791419Z A path returned 202. Retrying...
2022-10-18T04:04:39.7791705Z A path returned 202. Retrying...
2022-10-18T04:04:39.7791989Z A path returned 202. Retrying...
2022-10-18T04:04:39.7792273Z A path returned 202. Retrying...
2022-10-18T04:04:39.7792542Z A path returned 202. Retrying...
2022-10-18T04:04:39.7792827Z A path returned 202. Retrying...
2022-10-18T04:04:39.7793108Z A path returned 202. Retrying...
2022-10-18T04:04:39.7793391Z A path returned 202. Retrying...
2022-10-18T04:04:39.7793681Z A path returned 202. Retrying...
2022-10-18T04:04:39.7793965Z A path returned 202. Retrying...
2022-10-18T04:04:39.7794246Z A path returned 202. Retrying...
2022-10-18T04:04:39.7794528Z A path returned 202. Retrying...
2022-10-18T04:04:39.7795067Z A path returned 202. Retrying...
2022-10-18T04:04:39.7795354Z A path returned 202. Retrying...
2022-10-18T04:04:39.7795636Z A path returned 202. Retrying...
2022-10-18T04:04:39.7796023Z A path returned 202. Retrying...
2022-10-18T04:04:39.7796397Z A path returned 202. Retrying...
2022-10-18T04:04:39.7796786Z A path returned 202. Retrying...
2022-10-18T04:04:39.7797161Z A path returned 202. Retrying...
2022-10-18T04:04:39.7797533Z A path returned 202. Retrying...
2022-10-18T04:04:39.7797900Z A path returned 202. Retrying...
2022-10-18T04:04:39.7798275Z A path returned 202. Retrying...
2022-10-18T04:04:39.7798644Z A path returned 202. Retrying...
2022-10-18T04:04:39.7799014Z A path returned 202. Retrying...
2022-10-18T04:04:39.7799362Z A path returned 202. Retrying...
2022-10-18T04:04:39.7799878Z A path returned 202. Retrying...
2022-10-18T04:04:39.7800247Z A path returned 202. Retrying...
2022-10-18T04:04:39.7800623Z A path returned 202. Retrying...
2022-10-18T04:04:39.7800994Z A path returned 202. Retrying...
2022-10-18T04:04:39.7801383Z A path returned 202. Retrying...
2022-10-18T04:04:39.7801751Z A path returned 202. Retrying...
2022-10-18T04:04:39.7802124Z A path returned 202. Retrying...
2022-10-18T04:04:39.7802493Z A path returned 202. Retrying...
2022-10-18T04:04:39.7802860Z A path returned 202. Retrying...
2022-10-18T04:04:39.7803224Z A path returned 202. Retrying...
2022-10-18T04:04:39.7803589Z A path returned 202. Retrying...
2022-10-18T04:04:39.7803941Z A path returned 202. Retrying...
2022-10-18T04:04:39.7804311Z A path returned 202. Retrying...
2022-10-18T04:04:39.7804679Z A path returned 202. Retrying...
2022-10-18T04:04:39.7805049Z A path returned 202. Retrying...
2022-10-18T04:04:39.7805418Z A path returned 202. Retrying...
2022-10-18T04:04:39.7805792Z A path returned 202. Retrying...
2022-10-18T04:04:39.7806161Z A path returned 202. Retrying...
2022-10-18T04:04:39.7806571Z A path returned 202. Retrying...
2022-10-18T04:04:39.7806940Z A path returned 202. Retrying...
2022-10-18T04:04:39.7807310Z A path returned 202. Retrying...
2022-10-18T04:04:39.7807677Z A path returned 202. Retrying...
2022-10-18T04:04:39.7808046Z A path returned 202. Retrying...
2022-10-18T04:04:39.7808398Z A path returned 202. Retrying...
2022-10-18T04:04:39.7808773Z A path returned 202. Retrying...
2022-10-18T04:04:39.7809144Z A path returned 202. Retrying...
2022-10-18T04:04:39.7809514Z A path returned 202. Retrying...
2022-10-18T04:04:39.7809882Z A path returned 202. Retrying...
2022-10-18T04:04:39.7810253Z A path returned 202. Retrying...
2022-10-18T04:04:39.7810623Z A path returned 202. Retrying...
2022-10-18T04:04:39.7810992Z A path returned 202. Retrying...
2022-10-18T04:04:39.7811361Z A path returned 202. Retrying...
2022-10-18T04:04:39.7811729Z A path returned 202. Retrying...
2022-10-18T04:04:39.7812102Z A path returned 202. Retrying...
2022-10-18T04:04:39.7812466Z A path returned 202. Retrying...
2022-10-18T04:04:39.7812816Z A path returned 202. Retrying...
2022-10-18T04:04:39.7813184Z A path returned 202. Retrying...
2022-10-18T04:04:39.7813552Z A path returned 202. Retrying...
2022-10-18T04:04:39.7813920Z A path returned 202. Retrying...
2022-10-18T04:04:39.7814377Z A path returned 202. Retrying...
2022-10-18T04:04:39.7814759Z A path returned 202. Retrying...
2022-10-18T04:04:39.7815129Z A path returned 202. Retrying...
2022-10-18T04:04:39.7815498Z A path returned 202. Retrying...
2022-10-18T04:04:39.7815865Z A path returned 202. Retrying...
2022-10-18T04:04:39.7816232Z A path returned 202. Retrying...
2022-10-18T04:04:39.7816594Z A path returned 202. Retrying...
2022-10-18T04:04:39.7816961Z A path returned 202. Retrying...
2022-10-18T04:04:39.7817312Z A path returned 202. Retrying...
2022-10-18T04:04:39.7817678Z A path returned 202. Retrying...
2022-10-18T04:04:39.7818051Z A path returned 202. Retrying...
2022-10-18T04:04:39.7818421Z A path returned 202. Retrying...
2022-10-18T04:04:39.7818789Z A path returned 202. Retrying...
2022-10-18T04:04:39.7819164Z A path returned 202. Retrying...
2022-10-18T04:04:39.7819537Z A path returned 202. Retrying...
2022-10-18T04:04:39.7819906Z A path returned 202. Retrying...
2022-10-18T04:04:39.7820274Z A path returned 202. Retrying...
2022-10-18T04:04:39.7820646Z A path returned 202. Retrying...
2022-10-18T04:04:39.7821010Z A path returned 202. Retrying...
2022-10-18T04:04:39.7821376Z A path returned 202. Retrying...
2022-10-18T04:04:39.7821726Z A path returned 202. Retrying...
2022-10-18T04:04:39.7822094Z A path returned 202. Retrying...
2022-10-18T04:04:39.7822471Z A path returned 202. Retrying...
2022-10-18T04:04:39.7822844Z A path returned 202. Retrying...
2022-10-18T04:04:39.7823213Z A path returned 202. Retrying...
2022-10-18T04:04:39.7823581Z A path returned 202. Retrying...
2022-10-18T04:04:39.7823949Z A path returned 202. Retrying...
2022-10-18T04:04:39.7824421Z A path returned 202. Retrying...
2022-10-18T04:04:39.7824789Z A path returned 202. Retrying...
2022-10-18T04:04:39.7825157Z A path returned 202. Retrying...
2022-10-18T04:04:39.7825523Z A path returned 202. Retrying...
2022-10-18T04:04:39.7825890Z A path returned 202. Retrying...
2022-10-18T04:04:39.7826255Z A path returned 202. Retrying...
2022-10-18T04:04:39.7826615Z A path returned 202. Retrying...
2022-10-18T04:04:39.7826984Z A path returned 202. Retrying...
2022-10-18T04:04:39.7827354Z A path returned 202. Retrying...
2022-10-18T04:04:39.7827722Z A path returned 202. Retrying...
2022-10-18T04:04:39.7828093Z A path returned 202. Retrying...
2022-10-18T04:04:39.7828457Z A path returned 202. Retrying...
2022-10-18T04:04:39.7828829Z A path returned 202. Retrying...
2022-10-18T04:04:39.7829131Z A path returned 202. Retrying...
2022-10-18T04:04:39.7829417Z A path returned 202. Retrying...
2022-10-18T04:04:39.7829790Z A path returned 202. Retrying...
2022-10-18T04:04:39.7830162Z A path returned 202. Retrying...
2022-10-18T04:04:39.7830517Z A path returned 202. Retrying...
2022-10-18T04:04:39.7831006Z A path returned 202. Retrying...
2022-10-18T04:04:39.7831380Z A path returned 202. Retrying...
2022-10-18T04:04:39.7831749Z A path returned 202. Retrying...
2022-10-18T04:04:39.7832117Z A path returned 202. Retrying...
2022-10-18T04:04:39.7832486Z A path returned 202. Retrying...
2022-10-18T04:04:39.7832857Z A path returned 202. Retrying...
2022-10-18T04:04:39.7833226Z A path returned 202. Retrying...
2022-10-18T04:04:39.7833590Z A path returned 202. Retrying...
2022-10-18T04:04:39.7833958Z A path returned 202. Retrying...
2022-10-18T04:04:39.7834324Z A path returned 202. Retrying...
2022-10-18T04:04:39.7834689Z A path returned 202. Retrying...
2022-10-18T04:04:39.7835040Z A path returned 202. Retrying...
2022-10-18T04:04:39.7835406Z A path returned 202. Retrying...
2022-10-18T04:04:39.7835780Z A path returned 202. Retrying...
2022-10-18T04:04:39.7836153Z A path returned 202. Retrying...
2022-10-18T04:04:39.7836528Z A path returned 202. Retrying...
2022-10-18T04:04:39.7836897Z A path returned 202. Retrying...
2022-10-18T04:04:39.7837267Z A path returned 202. Retrying...
2022-10-18T04:04:39.7837638Z A path returned 202. Retrying...
2022-10-18T04:04:39.7838009Z A path returned 202. Retrying...
2022-10-18T04:04:39.7838375Z A path returned 202. Retrying...
2022-10-18T04:04:39.7838840Z A path returned 202. Retrying...
2022-10-18T04:04:39.7839225Z A path returned 202. Retrying...
2022-10-18T04:04:39.7839573Z A path returned 202. Retrying...
2022-10-18T04:04:39.7839938Z A path returned 202. Retrying...
2022-10-18T04:04:39.7840306Z A path returned 202. Retrying...
2022-10-18T04:04:39.7840677Z A path returned 202. Retrying...
2022-10-18T04:04:39.7841045Z A path returned 202. Retrying...
2022-10-18T04:04:39.7841413Z A path returned 202. Retrying...
2022-10-18T04:04:39.7841781Z A path returned 202. Retrying...
2022-10-18T04:04:39.7842150Z A path returned 202. Retrying...
2022-10-18T04:04:39.7842526Z A path returned 202. Retrying...
2022-10-18T04:04:39.7842895Z A path returned 202. Retrying...
2022-10-18T04:04:39.7843262Z A path returned 202. Retrying...
2022-10-18T04:04:39.7843630Z A path returned 202. Retrying...
2022-10-18T04:04:39.7843982Z A path returned 202. Retrying...
2022-10-18T04:04:39.7844353Z A path returned 202. Retrying...
2022-10-18T04:04:39.7844720Z A path returned 202. Retrying...
2022-10-18T04:04:39.7845093Z A path returned 202. Retrying...
2022-10-18T04:04:39.7845461Z A path returned 202. Retrying...
2022-10-18T04:04:39.7845827Z A path returned 202. Retrying...
2022-10-18T04:04:39.7846196Z A path returned 202. Retrying...
2022-10-18T04:04:39.7846565Z A path returned 202. Retrying...
2022-10-18T04:04:39.7846931Z A path returned 202. Retrying...
2022-10-18T04:04:39.7847300Z A path returned 202. Retrying...
2022-10-18T04:04:39.7847666Z A path returned 202. Retrying...
2022-10-18T04:04:39.7848031Z A path returned 202. Retrying...
2022-10-18T04:04:39.7848396Z A path returned 202. Retrying...
2022-10-18T04:04:39.7848847Z A path returned 202. Retrying...
2022-10-18T04:04:39.7849222Z A path returned 202. Retrying...
2022-10-18T04:04:39.7849593Z A path returned 202. Retrying...
2022-10-18T04:04:39.7849964Z A path returned 202. Retrying...
2022-10-18T04:04:39.7850335Z A path returned 202. Retrying...
2022-10-18T04:04:39.7850707Z A path returned 202. Retrying...
2022-10-18T04:04:39.7851081Z A path returned 202. Retrying...
2022-10-18T04:04:39.7851451Z A path returned 202. Retrying...
2022-10-18T04:04:39.7851819Z A path returned 202. Retrying...
2022-10-18T04:04:39.7852186Z A path returned 202. Retrying...
2022-10-18T04:04:39.7852555Z A path returned 202. Retrying...
2022-10-18T04:04:39.7852918Z A path returned 202. Retrying...
2022-10-18T04:04:39.7853271Z A path returned 202. Retrying...
2022-10-18T04:04:39.7853640Z A path returned 202. Retrying...
2022-10-18T04:04:39.7854011Z A path returned 202. Retrying...
2022-10-18T04:04:39.7854383Z A path returned 202. Retrying...
2022-10-18T04:04:39.7854752Z A path returned 202. Retrying...
2022-10-18T04:04:39.7855123Z A path returned 202. Retrying...
2022-10-18T04:04:39.7855493Z A path returned 202. Retrying...
2022-10-18T04:04:39.7855859Z A path returned 202. Retrying...
2022-10-18T04:04:39.7856228Z A path returned 202. Retrying...
2022-10-18T04:04:39.7856593Z A path returned 202. Retrying...
2022-10-18T04:04:39.7856959Z A path returned 202. Retrying...
2022-10-18T04:04:39.7857329Z A path returned 202. Retrying...
2022-10-18T04:04:39.7857681Z A path returned 202. Retrying...
2022-10-18T04:04:39.7858048Z A path returned 202. Retrying...
2022-10-18T04:04:39.7858419Z A path returned 202. Retrying...
2022-10-18T04:04:39.7858788Z A path returned 202. Retrying...
2022-10-18T04:04:39.7859161Z A path returned 202. Retrying...
2022-10-18T04:04:39.7859529Z A path returned 202. Retrying...
2022-10-18T04:04:39.7859899Z A path returned 202. Retrying...
2022-10-18T04:04:39.7860264Z A path returned 202. Retrying...
2022-10-18T04:04:39.7860629Z A path returned 202. Retrying...
2022-10-18T04:04:39.7861000Z A path returned 202. Retrying...
2022-10-18T04:04:39.7861365Z A path returned 202. Retrying...
2022-10-18T04:04:39.7861731Z A path returned 202. Retrying...
2022-10-18T04:04:39.7862083Z A path returned 202. Retrying...
2022-10-18T04:04:39.7862449Z A path returned 202. Retrying...
2022-10-18T04:04:39.7862820Z A path returned 202. Retrying...
2022-10-18T04:04:39.7863189Z A path returned 202. Retrying...
2022-10-18T04:04:39.7863649Z A path returned 202. Retrying...
2022-10-18T04:04:39.7864031Z A path returned 202. Retrying...
2022-10-18T04:04:39.7864407Z A path returned 202. Retrying...
2022-10-18T04:04:39.7864776Z A path returned 202. Retrying...
2022-10-18T04:04:39.7865144Z A path returned 202. Retrying...
2022-10-18T04:04:39.7865508Z A path returned 202. Retrying...
2022-10-18T04:04:39.7865948Z A path returned 202. Retrying...
2022-10-18T04:04:39.7866270Z A path returned 202. Retrying...
2022-10-18T04:04:39.7866577Z A path returned 202. Retrying...
2022-10-18T04:04:39.7866901Z A path returned 202. Retrying...
2022-10-18T04:04:39.7867230Z A path returned 202. Retrying...
2022-10-18T04:04:39.7867557Z A path returned 202. Retrying...
2022-10-18T04:04:39.7867885Z A path returned 202. Retrying...
2022-10-18T04:04:39.7868210Z A path returned 202. Retrying...
2022-10-18T04:04:39.7868538Z A path returned 202. Retrying...
2022-10-18T04:04:39.7868863Z A path returned 202. Retrying...
2022-10-18T04:04:39.7869192Z A path returned 202. Retrying...
2022-10-18T04:04:39.7869516Z A path returned 202. Retrying...
2022-10-18T04:04:39.7869839Z A path returned 202. Retrying...
2022-10-18T04:04:39.7870164Z A path returned 202. Retrying...
2022-10-18T04:04:39.7870475Z A path returned 202. Retrying...
2022-10-18T04:04:39.7870950Z A path returned 202. Retrying...
2022-10-18T04:04:39.7871284Z A path returned 202. Retrying...
2022-10-18T04:04:39.7871611Z A path returned 202. Retrying...
2022-10-18T04:04:39.7871941Z A path returned 202. Retrying...
2022-10-18T04:04:39.7872268Z A path returned 202. Retrying...
2022-10-18T04:04:39.7872688Z A path returned 202. Retrying...
2022-10-18T04:04:39.7873016Z A path returned 202. Retrying...
2022-10-18T04:04:39.7873345Z A path returned 202. Retrying...
2022-10-18T04:04:39.7873668Z A path returned 202. Retrying...
2022-10-18T04:04:39.7873995Z A path returned 202. Retrying...
2022-10-18T04:13:31.1771474Z A path returned 202. Retrying...
2022-10-18T04:13:31.1771842Z A path returned 202. Retrying...
2022-10-18T04:13:31.1772139Z A path returned 202. Retrying...
2022-10-18T04:13:31.1772428Z A path returned 202. Retrying...
2022-10-18T04:13:31.1772726Z A path returned 202. Retrying...
2022-10-18T04:13:31.1773016Z A path returned 202. Retrying...
2022-10-18T04:13:31.1773302Z A path returned 202. Retrying...
2022-10-18T04:13:31.1773588Z A path returned 202. Retrying...
2022-10-18T04:13:31.1773873Z A path returned 202. Retrying...
2022-10-18T04:13:31.1774159Z A path returned 202. Retrying...
2022-10-18T04:13:31.1774429Z A path returned 202. Retrying...
2022-10-18T04:13:31.1774711Z A path returned 202. Retrying...
2022-10-18T04:13:31.1775000Z A path returned 202. Retrying...
2022-10-18T04:13:31.1775283Z A path returned 202. Retrying...
2022-10-18T04:13:31.1775569Z A path returned 202. Retrying...
2022-10-18T04:13:31.1775853Z A path returned 202. Retrying...
2022-10-18T04:13:31.1776139Z A path returned 202. Retrying...
2022-10-18T04:13:31.1776408Z A path returned 202. Retrying...
2022-10-18T04:13:31.1776695Z A path returned 202. Retrying...
2022-10-18T04:13:31.1776978Z A path returned 202. Retrying...
2022-10-18T04:13:31.1777257Z A path returned 202. Retrying...
2022-10-18T04:13:31.1777540Z A path returned 202. Retrying...
2022-10-18T04:13:31.1777822Z A path returned 202. Retrying...
2022-10-18T04:13:31.1778102Z A path returned 202. Retrying...
2022-10-18T04:13:31.1778381Z A path returned 202. Retrying...
2022-10-18T04:13:31.1778651Z A path returned 202. Retrying...
2022-10-18T04:13:31.1778930Z A path returned 202. Retrying...
2022-10-18T04:13:31.1779213Z A path returned 202. Retrying...
2022-10-18T04:13:31.1779499Z A path returned 202. Retrying...
2022-10-18T04:13:31.1779780Z A path returned 202. Retrying...
2022-10-18T04:13:31.1780059Z A path returned 202. Retrying...
2022-10-18T04:13:31.1780342Z A path returned 202. Retrying...
2022-10-18T04:13:31.1780623Z A path returned 202. Retrying...
2022-10-18T04:13:31.1780895Z A path returned 202. Retrying...
2022-10-18T04:13:31.1781174Z A path returned 202. Retrying...
2022-10-18T04:13:31.1781939Z A path returned 202. Retrying...
2022-10-18T04:13:31.1782244Z A path returned 202. Retrying...
2022-10-18T04:13:31.1782624Z A path returned 202. Retrying...
2022-10-18T04:13:31.1782870Z A path returned 202. Retrying...
2022-10-18T04:13:31.1783119Z A path returned 202. Retrying...
2022-10-18T04:13:31.1783355Z A path returned 202. Retrying...
2022-10-18T04:13:31.1783604Z A path returned 202. Retrying...
2022-10-18T04:13:31.1783853Z A path returned 202. Retrying...
2022-10-18T04:13:31.1784101Z A path returned 202. Retrying...
2022-10-18T04:13:31.1784351Z A path returned 202. Retrying...
2022-10-18T04:13:31.1784604Z A path returned 202. Retrying...
2022-10-18T04:13:31.1784855Z A path returned 202. Retrying...
2022-10-18T04:13:31.1785106Z A path returned 202. Retrying...
2022-10-18T04:13:31.1785339Z A path returned 202. Retrying...
2022-10-18T04:13:31.1785584Z A path returned 202. Retrying...
2022-10-18T04:13:31.1785834Z A path returned 202. Retrying...
2022-10-18T04:13:31.1786086Z A path returned 202. Retrying...
2022-10-18T04:13:31.1786335Z A path returned 202. Retrying...
2022-10-18T04:13:31.1786584Z A path returned 202. Retrying...
2022-10-18T04:13:31.1786832Z A path returned 202. Retrying...
2022-10-18T04:13:31.1787079Z A path returned 202. Retrying...
2022-10-18T04:13:31.1787314Z A path returned 202. Retrying...
2022-10-18T04:13:31.1787560Z A path returned 202. Retrying...
2022-10-18T04:13:31.1787808Z A path returned 202. Retrying...
2022-10-18T04:13:31.1788056Z A path returned 202. Retrying...
2022-10-18T04:13:31.1788303Z A path returned 202. Retrying...
2022-10-18T04:13:31.1788652Z A path returned 202. Retrying...
2022-10-18T04:13:31.1788900Z A path returned 202. Retrying...
2022-10-18T04:13:31.1789134Z A path returned 202. Retrying...
2022-10-18T04:13:31.1789381Z A path returned 202. Retrying...
2022-10-18T04:13:31.1789627Z A path returned 202. Retrying...
2022-10-18T04:13:31.1789877Z A path returned 202. Retrying...
2022-10-18T04:13:31.1790125Z A path returned 202. Retrying...
2022-10-18T04:13:31.1790376Z A path returned 202. Retrying...
2022-10-18T04:13:31.1790621Z A path returned 202. Retrying...
2022-10-18T04:13:31.1791028Z A path returned 202. Retrying...
2022-10-18T04:13:31.1791262Z A path returned 202. Retrying...
2022-10-18T04:13:31.1791506Z A path returned 202. Retrying...
2022-10-18T04:13:31.1791755Z A path returned 202. Retrying...
2022-10-18T04:13:31.1792002Z A path returned 202. Retrying...
2022-10-18T04:13:31.1792248Z A path returned 202. Retrying...
2022-10-18T04:13:31.1792495Z A path returned 202. Retrying...
2022-10-18T04:13:31.1792744Z A path returned 202. Retrying...
2022-10-18T04:13:31.1792993Z A path returned 202. Retrying...
2022-10-18T04:13:31.1793225Z A path returned 202. Retrying...
2022-10-18T04:13:31.1793472Z A path returned 202. Retrying...
2022-10-18T04:13:31.1793721Z A path returned 202. Retrying...
2022-10-18T04:13:31.1793971Z A path returned 202. Retrying...
2022-10-18T04:13:31.1794218Z A path returned 202. Retrying...
2022-10-18T04:13:31.1794471Z A path returned 202. Retrying...
2022-10-18T04:13:31.1794718Z A path returned 202. Retrying...
2022-10-18T04:13:31.1794952Z A path returned 202. Retrying...
2022-10-18T04:13:31.1795196Z A path returned 202. Retrying...
2022-10-18T04:13:31.1795441Z A path returned 202. Retrying...
2022-10-18T04:13:31.1795689Z A path returned 202. Retrying...
2022-10-18T04:13:31.1795935Z A path returned 202. Retrying...
2022-10-18T04:13:31.1796182Z A path returned 202. Retrying...
2022-10-18T04:13:31.1796428Z A path returned 202. Retrying...
2022-10-18T04:13:31.1796675Z A path returned 202. Retrying...
2022-10-18T04:13:31.1796912Z A path returned 202. Retrying...
2022-10-18T04:13:31.1797521Z A path returned 202. Retrying...
2022-10-18T04:13:31.1797769Z A path returned 202. Retrying...
2022-10-18T04:13:31.1798018Z A path returned 202. Retrying...
2022-10-18T04:13:31.1798364Z A path returned 202. Retrying...
2022-10-18T04:13:31.1798632Z A path returned 202. Retrying...
2022-10-18T04:13:31.1798963Z A path returned 202. Retrying...
2022-10-18T04:13:31.1799405Z A path returned 202. Retrying...
2022-10-18T04:13:31.1799743Z A path returned 202. Retrying...
2022-10-18T04:13:31.1800050Z A path returned 202. Retrying...
2022-10-18T04:13:31.1800300Z A path returned 202. Retrying...
2022-10-18T04:13:31.1800552Z A path returned 202. Retrying...
2022-10-18T04:13:31.1800882Z A path returned 202. Retrying...
2022-10-18T04:13:31.1801192Z A path returned 202. Retrying...
2022-10-18T04:13:31.1801516Z A path returned 202. Retrying...
2022-10-18T04:13:31.1801840Z A path returned 202. Retrying...
2022-10-18T04:13:31.1802149Z A path returned 202. Retrying...
2022-10-18T04:13:31.1802474Z A path returned 202. Retrying...
2022-10-18T04:13:31.1802780Z A path returned 202. Retrying...
2022-10-18T04:13:31.1803106Z A path returned 202. Retrying...
2022-10-18T04:13:31.1803426Z A path returned 202. Retrying...
2022-10-18T04:13:31.1803751Z A path returned 202. Retrying...
2022-10-18T04:13:31.1804062Z A path returned 202. Retrying...
2022-10-18T04:13:31.1804376Z A path returned 202. Retrying...
2022-10-18T04:13:31.1804703Z A path returned 202. Retrying...
2022-10-18T04:13:31.1805013Z A path returned 202. Retrying...
2022-10-18T04:13:31.1805337Z A path returned 202. Retrying...
2022-10-18T04:13:31.1805664Z A path returned 202. Retrying...
2022-10-18T04:13:31.1805988Z A path returned 202. Retrying...
2022-10-18T04:13:31.1806294Z A path returned 202. Retrying...
2022-10-18T04:13:31.1806555Z A path returned 202. Retrying...
2022-10-18T04:13:31.1806884Z A path returned 202. Retrying...
2022-10-18T04:13:31.1807190Z A path returned 202. Retrying...
2022-10-18T04:13:31.1807608Z A path returned 202. Retrying...
2022-10-18T04:13:31.1807866Z A path returned 202. Retrying...
2022-10-18T04:13:31.1808116Z A path returned 202. Retrying...
2022-10-18T04:13:31.1808360Z A path returned 202. Retrying...
2022-10-18T04:13:31.1808610Z A path returned 202. Retrying...
2022-10-18T04:13:31.1808858Z A path returned 202. Retrying...
2022-10-18T04:13:31.1809106Z A path returned 202. Retrying...
2022-10-18T04:13:31.1809357Z A path returned 202. Retrying...
2022-10-18T04:13:31.1809606Z A path returned 202. Retrying...
2022-10-18T04:13:31.1809839Z A path returned 202. Retrying...
2022-10-18T04:13:31.1810175Z A path returned 202. Retrying...
2022-10-18T04:13:31.1810485Z A path returned 202. Retrying...
2022-10-18T04:13:31.1810805Z A path returned 202. Retrying...
2022-10-18T04:13:31.1811129Z A path returned 202. Retrying...
2022-10-18T04:13:31.1811436Z A path returned 202. Retrying...
2022-10-18T04:13:31.1811760Z A path returned 202. Retrying...
2022-10-18T04:13:31.1812083Z A path returned 202. Retrying...
2022-10-18T04:13:31.1812408Z A path returned 202. Retrying...
2022-10-18T04:13:31.1812728Z A path returned 202. Retrying...
2022-10-18T04:13:31.1813032Z A path returned 202. Retrying...
2022-10-18T04:13:31.1813351Z A path returned 202. Retrying...
2022-10-18T04:13:31.1813599Z A path returned 202. Retrying...
2022-10-18T04:13:31.1813942Z A path returned 202. Retrying...
2022-10-18T04:13:31.1814191Z A path returned 202. Retrying...
2022-10-18T04:13:31.1814441Z A path returned 202. Retrying...
2022-10-18T04:13:31.1814692Z A path returned 202. Retrying...
2022-10-18T04:13:31.1814941Z A path returned 202. Retrying...
2022-10-18T04:13:31.1815186Z A path returned 202. Retrying...
2022-10-18T04:13:31.1815434Z A path returned 202. Retrying...
2022-10-18T04:13:31.1815668Z A path returned 202. Retrying...
2022-10-18T04:13:31.1815917Z A path returned 202. Retrying...
2022-10-18T04:13:31.1816247Z A path returned 202. Retrying...
2022-10-18T04:13:31.1816572Z A path returned 202. Retrying...
2022-10-18T04:13:31.1816902Z A path returned 202. Retrying...
2022-10-18T04:13:31.1817230Z A path returned 202. Retrying...
2022-10-18T04:13:31.1817540Z A path returned 202. Retrying...
2022-10-18T04:13:31.1817865Z A path returned 202. Retrying...
2022-10-18T04:13:31.1818187Z A path returned 202. Retrying...
2022-10-18T04:13:31.1818513Z A path returned 202. Retrying...
2022-10-18T04:13:31.1818820Z A path returned 202. Retrying...
2022-10-18T04:13:31.1819217Z A path returned 202. Retrying...
2022-10-18T04:13:31.1819537Z A path returned 202. Retrying...
2022-10-18T04:13:31.1819861Z A path returned 202. Retrying...
2022-10-18T04:13:31.1820185Z A path returned 202. Retrying...
2022-10-18T04:13:31.1820505Z A path returned 202. Retrying...
2022-10-18T04:13:31.1820827Z A path returned 202. Retrying...
2022-10-18T04:13:31.1821148Z A path returned 202. Retrying...
2022-10-18T04:13:31.1821469Z A path returned 202. Retrying...
2022-10-18T04:13:31.1821732Z A path returned 202. Retrying...
2022-10-18T04:13:31.1822062Z A path returned 202. Retrying...
2022-10-18T04:13:31.1822388Z A path returned 202. Retrying...
2022-10-18T04:13:31.1822718Z A path returned 202. Retrying...
2022-10-18T04:13:31.1823042Z A path returned 202. Retrying...
2022-10-18T04:13:31.1823290Z A path returned 202. Retrying...
2022-10-18T04:13:31.1823617Z A path returned 202. Retrying...
2022-10-18T04:13:31.1823921Z A path returned 202. Retrying...
2022-10-18T04:13:31.1824249Z A path returned 202. Retrying...
2022-10-18T04:13:31.1824571Z A path returned 202. Retrying...
2022-10-18T04:13:31.1824895Z A path returned 202. Retrying...
2022-10-18T04:13:31.1825215Z A path returned 202. Retrying...
2022-10-18T04:13:31.1825519Z A path returned 202. Retrying...
2022-10-18T04:13:31.1825840Z A path returned 202. Retrying...
2022-10-18T04:13:31.1826151Z A path returned 202. Retrying...
2022-10-18T04:13:31.1826472Z A path returned 202. Retrying...
2022-10-18T04:13:31.1826793Z A path returned 202. Retrying...
2022-10-18T04:13:31.1827045Z A path returned 202. Retrying...
2022-10-18T04:13:31.1827366Z A path returned 202. Retrying...
2022-10-18T04:13:31.1827698Z A path returned 202. Retrying...
2022-10-18T04:13:31.1828020Z A path returned 202. Retrying...
2022-10-18T04:13:31.1828342Z A path returned 202. Retrying...
2022-10-18T04:13:31.1828662Z A path returned 202. Retrying...
2022-10-18T04:13:31.1828987Z A path returned 202. Retrying...
2022-10-18T04:13:31.1829314Z A path returned 202. Retrying...
2022-10-18T04:13:31.1829624Z A path returned 202. Retrying...
2022-10-18T04:13:31.1829946Z A path returned 202. Retrying...
2022-10-18T04:13:31.1830252Z A path returned 202. Retrying...
2022-10-18T04:13:31.1830560Z A path returned 202. Retrying...
2022-10-18T04:13:31.1831039Z A path returned 202. Retrying...
2022-10-18T04:13:31.1831375Z A path returned 202. Retrying...
2022-10-18T04:13:31.1831683Z A path returned 202. Retrying...
2022-10-18T04:13:31.1832005Z A path returned 202. Retrying...
2022-10-18T04:13:31.1832313Z A path returned 202. Retrying...
2022-10-18T04:13:31.1832640Z A path returned 202. Retrying...
2022-10-18T04:13:31.1832968Z A path returned 202. Retrying...
2022-10-18T04:13:31.1833276Z A path returned 202. Retrying...
2022-10-18T04:13:31.1833600Z A path returned 202. Retrying...
2022-10-18T04:13:31.1833906Z A path returned 202. Retrying...
2022-10-18T04:13:31.1834217Z A path returned 202. Retrying...
2022-10-18T04:13:31.1834508Z A path returned 202. Retrying...
2022-10-18T04:13:31.1834838Z A path returned 202. Retrying...
2022-10-18T04:13:31.1835147Z A path returned 202. Retrying...
2022-10-18T04:13:31.1835470Z A path returned 202. Retrying...
2022-10-18T04:13:31.1835776Z A path returned 202. Retrying...
2022-10-18T04:13:31.1836097Z A path returned 202. Retrying...
2022-10-18T04:13:31.1836404Z A path returned 202. Retrying...
2022-10-18T04:13:31.1836728Z A path returned 202. Retrying...
2022-10-18T04:13:31.1837051Z A path returned 202. Retrying...
2022-10-18T04:13:31.1837374Z A path returned 202. Retrying...
2022-10-18T04:13:31.1837636Z A path returned 202. Retrying...
2022-10-18T04:13:31.1837968Z A path returned 202. Retrying...
2022-10-18T04:13:31.1838259Z A path returned 202. Retrying...
2022-10-18T04:13:31.1838579Z A path returned 202. Retrying...
2022-10-18T04:13:31.1838902Z A path returned 202. Retrying...
2022-10-18T04:13:31.1839209Z A path returned 202. Retrying...
2022-10-18T04:13:31.1839534Z A path returned 202. Retrying...
2022-10-18T04:13:31.1839840Z A path returned 202. Retrying...
2022-10-18T04:13:31.1840259Z A path returned 202. Retrying...
2022-10-18T04:13:31.1840591Z A path returned 202. Retrying...
2022-10-18T04:13:31.1840915Z A path returned 202. Retrying...
2022-10-18T04:13:31.1841221Z A path returned 202. Retrying...
2022-10-18T04:13:31.1841542Z A path returned 202. Retrying...
2022-10-18T04:13:31.1841845Z A path returned 202. Retrying...
2022-10-18T04:13:31.1842152Z A path returned 202. Retrying...
2022-10-18T04:13:31.1842416Z A path returned 202. Retrying...
2022-10-18T04:13:31.1842740Z A path returned 202. Retrying...
2022-10-18T04:13:31.1843051Z A path returned 202. Retrying...
2022-10-18T04:13:31.1843380Z A path returned 202. Retrying...
2022-10-18T04:13:31.1843703Z A path returned 202. Retrying...
2022-10-18T04:13:31.1844011Z A path returned 202. Retrying...
2022-10-18T04:13:31.1844330Z A path returned 202. Retrying...
2022-10-18T04:13:31.1844635Z A path returned 202. Retrying...
2022-10-18T04:22:22.6546279Z A path returned 202. Retrying...
2022-10-18T04:22:22.6546841Z A path returned 202. Retrying...
2022-10-18T04:22:22.6547231Z A path returned 202. Retrying...
2022-10-18T04:22:22.6547616Z A path returned 202. Retrying...
2022-10-18T04:22:22.6547991Z A path returned 202. Retrying...
2022-10-18T04:22:22.6548373Z A path returned 202. Retrying...
2022-10-18T04:22:22.6548745Z A path returned 202. Retrying...
2022-10-18T04:22:22.6549120Z A path returned 202. Retrying...
2022-10-18T04:22:22.6549493Z A path returned 202. Retrying...
2022-10-18T04:22:22.6549864Z A path returned 202. Retrying...
2022-10-18T04:22:22.6550236Z A path returned 202. Retrying...
2022-10-18T04:22:22.6551294Z A path returned 202. Retrying...
2022-10-18T04:22:22.6551671Z A path returned 202. Retrying...
2022-10-18T04:22:22.6552042Z A path returned 202. Retrying...
2022-10-18T04:22:22.6552411Z A path returned 202. Retrying...
2022-10-18T04:22:22.6552764Z A path returned 202. Retrying...
2022-10-18T04:22:22.6553129Z A path returned 202. Retrying...
2022-10-18T04:22:22.6553495Z A path returned 202. Retrying...
2022-10-18T04:22:22.6553869Z A path returned 202. Retrying...
2022-10-18T04:22:22.6554238Z A path returned 202. Retrying...
2022-10-18T04:22:22.6554606Z A path returned 202. Retrying...
2022-10-18T04:22:22.6554974Z A path returned 202. Retrying...
2022-10-18T04:22:22.6555341Z A path returned 202. Retrying...
2022-10-18T04:22:22.6555707Z A path returned 202. Retrying...
2022-10-18T04:22:22.6556074Z A path returned 202. Retrying...
2022-10-18T04:22:22.6556424Z A path returned 202. Retrying...
2022-10-18T04:22:22.6556790Z A path returned 202. Retrying...
2022-10-18T04:22:22.6557154Z A path returned 202. Retrying...
2022-10-18T04:22:22.6557531Z A path returned 202. Retrying...
2022-10-18T04:22:22.6557894Z A path returned 202. Retrying...
2022-10-18T04:22:22.6558263Z A path returned 202. Retrying...
2022-10-18T04:22:22.6558632Z A path returned 202. Retrying...
2022-10-18T04:22:22.6558999Z A path returned 202. Retrying...
2022-10-18T04:22:22.6559368Z A path returned 202. Retrying...
2022-10-18T04:22:22.6559736Z A path returned 202. Retrying...
2022-10-18T04:22:22.6560102Z A path returned 202. Retrying...
2022-10-18T04:22:22.6560453Z A path returned 202. Retrying...
2022-10-18T04:22:22.6560818Z A path returned 202. Retrying...
2022-10-18T04:22:22.6561186Z A path returned 202. Retrying...
2022-10-18T04:22:22.6561552Z A path returned 202. Retrying...
2022-10-18T04:22:22.6561918Z A path returned 202. Retrying...
2022-10-18T04:22:22.6562284Z A path returned 202. Retrying...
2022-10-18T04:22:22.6562650Z A path returned 202. Retrying...
2022-10-18T04:22:22.6563015Z A path returned 202. Retrying...
2022-10-18T04:22:22.6563386Z A path returned 202. Retrying...
2022-10-18T04:22:22.6563750Z A path returned 202. Retrying...
2022-10-18T04:22:22.6564116Z A path returned 202. Retrying...
2022-10-18T04:22:22.6564467Z A path returned 202. Retrying...
2022-10-18T04:22:22.6564834Z A path returned 202. Retrying...
2022-10-18T04:22:22.6565200Z A path returned 202. Retrying...
2022-10-18T04:22:22.6565568Z A path returned 202. Retrying...
2022-10-18T04:22:22.6566079Z A path returned 202. Retrying...
2022-10-18T04:22:22.6566462Z A path returned 202. Retrying...
2022-10-18T04:22:22.6566829Z A path returned 202. Retrying...
2022-10-18T04:22:22.6567196Z A path returned 202. Retrying...
2022-10-18T04:22:22.6567562Z A path returned 202. Retrying...
2022-10-18T04:22:22.6567931Z A path returned 202. Retrying...
2022-10-18T04:22:22.6568296Z A path returned 202. Retrying...
2022-10-18T04:22:22.6568648Z A path returned 202. Retrying...
2022-10-18T04:22:22.6569014Z A path returned 202. Retrying...
2022-10-18T04:22:22.6569381Z A path returned 202. Retrying...
2022-10-18T04:22:22.6569756Z A path returned 202. Retrying...
2022-10-18T04:22:22.6570120Z A path returned 202. Retrying...
2022-10-18T04:22:22.6570484Z A path returned 202. Retrying...
2022-10-18T04:22:22.6570849Z A path returned 202. Retrying...
2022-10-18T04:22:22.6571214Z A path returned 202. Retrying...
2022-10-18T04:22:22.6571579Z A path returned 202. Retrying...
2022-10-18T04:22:22.6571946Z A path returned 202. Retrying...
2022-10-18T04:22:22.6572311Z A path returned 202. Retrying...
2022-10-18T04:22:22.6572661Z A path returned 202. Retrying...
2022-10-18T04:22:22.6573176Z A path returned 202. Retrying...
2022-10-18T04:22:22.6573948Z A path returned 202. Retrying...
2022-10-18T04:22:22.6574749Z A path returned 202. Retrying...
2022-10-18T04:22:22.6575108Z A path returned 202. Retrying...
2022-10-18T04:22:22.6575413Z A path returned 202. Retrying...
2022-10-18T04:22:22.6575794Z A path returned 202. Retrying...
2022-10-18T04:22:22.6576163Z A path returned 202. Retrying...
2022-10-18T04:22:22.6576656Z A path returned 202. Retrying...
2022-10-18T04:22:22.6577028Z A path returned 202. Retrying...
2022-10-18T04:22:22.6577399Z A path returned 202. Retrying...
2022-10-18T04:22:22.6577755Z A path returned 202. Retrying...
2022-10-18T04:22:22.6578122Z A path returned 202. Retrying...
2022-10-18T04:22:22.6578493Z A path returned 202. Retrying...
2022-10-18T04:22:22.6578862Z A path returned 202. Retrying...
2022-10-18T04:22:22.6579234Z A path returned 202. Retrying...
2022-10-18T04:22:22.6579605Z A path returned 202. Retrying...
2022-10-18T04:22:22.6579971Z A path returned 202. Retrying...
2022-10-18T04:22:22.6580342Z A path returned 202. Retrying...
2022-10-18T04:22:22.6580711Z A path returned 202. Retrying...
2022-10-18T04:22:22.6581076Z A path returned 202. Retrying...
2022-10-18T04:22:22.6581440Z A path returned 202. Retrying...
2022-10-18T04:22:22.6581805Z A path returned 202. Retrying...
2022-10-18T04:22:22.6582155Z A path returned 202. Retrying...
2022-10-18T04:22:22.6582537Z A path returned 202. Retrying...
2022-10-18T04:22:22.6582912Z A path returned 202. Retrying...
2022-10-18T04:22:22.6583280Z A path returned 202. Retrying...
2022-10-18T04:22:22.6583649Z A path returned 202. Retrying...
2022-10-18T04:22:22.6584019Z A path returned 202. Retrying...
2022-10-18T04:22:22.6584385Z A path returned 202. Retrying...
2022-10-18T04:22:22.6584754Z A path returned 202. Retrying...
2022-10-18T04:22:22.6585127Z A path returned 202. Retrying...
2022-10-18T04:22:22.6585495Z A path returned 202. Retrying...
2022-10-18T04:22:22.6585858Z A path returned 202. Retrying...
2022-10-18T04:22:22.6586225Z A path returned 202. Retrying...
2022-10-18T04:22:22.6586579Z A path returned 202. Retrying...
2022-10-18T04:22:22.6586945Z A path returned 202. Retrying...
2022-10-18T04:22:22.6587318Z A path returned 202. Retrying...
2022-10-18T04:22:22.6587685Z A path returned 202. Retrying...
2022-10-18T04:22:22.6588050Z A path returned 202. Retrying...
2022-10-18T04:22:22.6588417Z A path returned 202. Retrying...
2022-10-18T04:22:22.6588788Z A path returned 202. Retrying...
2022-10-18T04:22:22.6589154Z A path returned 202. Retrying...
2022-10-18T04:22:22.6589522Z A path returned 202. Retrying...
2022-10-18T04:22:22.6589888Z A path returned 202. Retrying...
2022-10-18T04:22:22.6590253Z A path returned 202. Retrying...
2022-10-18T04:22:22.6590620Z A path returned 202. Retrying...
2022-10-18T04:22:22.6591102Z A path returned 202. Retrying...
2022-10-18T04:22:22.6591572Z A path returned 202. Retrying...
2022-10-18T04:22:22.6591956Z A path returned 202. Retrying...
2022-10-18T04:22:22.6592327Z A path returned 202. Retrying...
2022-10-18T04:22:22.6592697Z A path returned 202. Retrying...
2022-10-18T04:22:22.6593067Z A path returned 202. Retrying...
2022-10-18T04:22:22.6593438Z A path returned 202. Retrying...
2022-10-18T04:22:22.6593805Z A path returned 202. Retrying...
2022-10-18T04:22:22.6594110Z A path returned 202. Retrying...
2022-10-18T04:22:22.6594484Z A path returned 202. Retrying...
2022-10-18T04:22:22.6594853Z A path returned 202. Retrying...
2022-10-18T04:22:22.6595232Z A path returned 202. Retrying...
2022-10-18T04:22:22.6595603Z A path returned 202. Retrying...
2022-10-18T04:22:22.6595958Z A path returned 202. Retrying...
2022-10-18T04:22:22.6596333Z A path returned 202. Retrying...
2022-10-18T04:22:22.6596699Z A path returned 202. Retrying...
2022-10-18T04:22:22.6597070Z A path returned 202. Retrying...
2022-10-18T04:22:22.6597479Z A path returned 202. Retrying...
2022-10-18T04:22:22.6597849Z A path returned 202. Retrying...
2022-10-18T04:22:22.6598213Z A path returned 202. Retrying...
2022-10-18T04:22:22.6598582Z A path returned 202. Retrying...
2022-10-18T04:22:22.6598945Z A path returned 202. Retrying...
2022-10-18T04:22:22.6599315Z A path returned 202. Retrying...
2022-10-18T04:22:22.6599680Z A path returned 202. Retrying...
2022-10-18T04:22:22.6600048Z A path returned 202. Retrying...
2022-10-18T04:22:22.6600399Z A path returned 202. Retrying...
2022-10-18T04:22:22.6600774Z A path returned 202. Retrying...
2022-10-18T04:22:22.6601240Z A path returned 202. Retrying...
2022-10-18T04:22:22.6601615Z A path returned 202. Retrying...
2022-10-18T04:22:22.6601981Z A path returned 202. Retrying...
2022-10-18T04:22:22.6602349Z A path returned 202. Retrying...
2022-10-18T04:22:22.6602715Z A path returned 202. Retrying...
2022-10-18T04:22:22.6603114Z A path returned 202. Retrying...
2022-10-18T04:22:22.6603478Z A path returned 202. Retrying...
2022-10-18T04:22:22.6603849Z A path returned 202. Retrying...
2022-10-18T04:22:22.6604216Z A path returned 202. Retrying...
2022-10-18T04:22:22.6604588Z A path returned 202. Retrying...
2022-10-18T04:22:22.6604938Z A path returned 202. Retrying...
2022-10-18T04:22:22.6605307Z A path returned 202. Retrying...
2022-10-18T04:22:22.6605682Z A path returned 202. Retrying...
2022-10-18T04:22:22.6606051Z A path returned 202. Retrying...
2022-10-18T04:22:22.6606419Z A path returned 202. Retrying...
2022-10-18T04:22:22.6606786Z A path returned 202. Retrying...
2022-10-18T04:22:22.6607151Z A path returned 202. Retrying...
2022-10-18T04:22:22.6607524Z A path returned 202. Retrying...
2022-10-18T04:22:22.6607891Z A path returned 202. Retrying...
2022-10-18T04:22:22.6608257Z A path returned 202. Retrying...
2022-10-18T04:22:22.6608625Z A path returned 202. Retrying...
2022-10-18T04:22:22.6609001Z A path returned 202. Retrying...
2022-10-18T04:22:22.6609409Z A path returned 202. Retrying...
2022-10-18T04:22:22.6609783Z A path returned 202. Retrying...
2022-10-18T04:22:22.6610160Z A path returned 202. Retrying...
2022-10-18T04:22:22.6610532Z A path returned 202. Retrying...
2022-10-18T04:22:22.6610906Z A path returned 202. Retrying...
2022-10-18T04:22:22.6611274Z A path returned 202. Retrying...
2022-10-18T04:22:22.6611641Z A path returned 202. Retrying...
2022-10-18T04:22:22.6612014Z A path returned 202. Retrying...
2022-10-18T04:22:22.6612381Z A path returned 202. Retrying...
2022-10-18T04:22:22.6612748Z A path returned 202. Retrying...
2022-10-18T04:22:22.6613116Z A path returned 202. Retrying...
2022-10-18T04:22:22.6613486Z A path returned 202. Retrying...
2022-10-18T04:22:22.6613837Z A path returned 202. Retrying...
2022-10-18T04:22:22.6614202Z A path returned 202. Retrying...
2022-10-18T04:22:22.6614576Z A path returned 202. Retrying...
2022-10-18T04:22:22.6614945Z A path returned 202. Retrying...
2022-10-18T04:22:22.6615314Z A path returned 202. Retrying...
2022-10-18T04:22:22.6615684Z A path returned 202. Retrying...
2022-10-18T04:22:22.6616131Z A path returned 202. Retrying...
2022-10-18T04:22:22.6616509Z A path returned 202. Retrying...
2022-10-18T04:22:22.6616876Z A path returned 202. Retrying...
2022-10-18T04:22:22.6617242Z A path returned 202. Retrying...
2022-10-18T04:22:22.6617610Z A path returned 202. Retrying...
2022-10-18T04:22:22.6617979Z A path returned 202. Retrying...
2022-10-18T04:22:22.6618332Z A path returned 202. Retrying...
2022-10-18T04:22:22.6618696Z A path returned 202. Retrying...
2022-10-18T04:22:22.6619066Z A path returned 202. Retrying...
2022-10-18T04:22:22.6619434Z A path returned 202. Retrying...
2022-10-18T04:22:22.6619804Z A path returned 202. Retrying...
2022-10-18T04:22:22.6620173Z A path returned 202. Retrying...
2022-10-18T04:22:22.6620539Z A path returned 202. Retrying...
2022-10-18T04:22:22.6620904Z A path returned 202. Retrying...
2022-10-18T04:22:22.6621272Z A path returned 202. Retrying...
2022-10-18T04:22:22.6621637Z A path returned 202. Retrying...
2022-10-18T04:22:22.6622003Z A path returned 202. Retrying...
2022-10-18T04:22:22.6622373Z A path returned 202. Retrying...
2022-10-18T04:22:22.6622740Z A path returned 202. Retrying...
2022-10-18T04:22:22.6623092Z A path returned 202. Retrying...
2022-10-18T04:22:22.6623457Z A path returned 202. Retrying...
2022-10-18T04:22:22.6623831Z A path returned 202. Retrying...
2022-10-18T04:22:22.6624196Z A path returned 202. Retrying...
2022-10-18T04:22:22.6624563Z A path returned 202. Retrying...
2022-10-18T04:22:22.6624929Z A path returned 202. Retrying...
2022-10-18T04:22:22.6625298Z A path returned 202. Retrying...
2022-10-18T04:22:22.6625665Z A path returned 202. Retrying...
2022-10-18T04:22:22.6626119Z A path returned 202. Retrying...
2022-10-18T04:22:22.6626485Z A path returned 202. Retrying...
2022-10-18T04:22:22.6626854Z A path returned 202. Retrying...
2022-10-18T04:22:22.6627221Z A path returned 202. Retrying...
2022-10-18T04:22:22.6627575Z A path returned 202. Retrying...
2022-10-18T04:22:22.6627949Z A path returned 202. Retrying...
2022-10-18T04:22:22.6628326Z A path returned 202. Retrying...
2022-10-18T04:22:22.6628694Z A path returned 202. Retrying...
2022-10-18T04:22:22.6629062Z A path returned 202. Retrying...
2022-10-18T04:22:22.6629429Z A path returned 202. Retrying...
2022-10-18T04:22:22.6629797Z A path returned 202. Retrying...
2022-10-18T04:22:22.6630164Z A path returned 202. Retrying...
2022-10-18T04:22:22.6630533Z A path returned 202. Retrying...
2022-10-18T04:22:22.6631862Z A path returned 202. Retrying...
2022-10-18T04:22:22.6632246Z A path returned 202. Retrying...
2022-10-18T04:22:22.6632903Z A path returned 202. Retrying...
2022-10-18T04:22:22.6633280Z A path returned 202. Retrying...
2022-10-18T04:22:22.6633647Z A path returned 202. Retrying...
2022-10-18T04:22:22.6634018Z A path returned 202. Retrying...
2022-10-18T04:22:22.6634388Z A path returned 202. Retrying...
2022-10-18T04:22:22.6634735Z A path returned 202. Retrying...
2022-10-18T04:22:22.6635103Z A path returned 202. Retrying...
2022-10-18T04:22:22.6635394Z A path returned 202. Retrying...
2022-10-18T04:22:22.6635771Z A path returned 202. Retrying...
2022-10-18T04:22:22.6636143Z A path returned 202. Retrying...
2022-10-18T04:22:22.6636516Z A path returned 202. Retrying...
2022-10-18T04:22:22.6636884Z A path returned 202. Retrying...
2022-10-18T04:22:22.6637253Z A path returned 202. Retrying...
2022-10-18T04:22:22.6637624Z A path returned 202. Retrying...
2022-10-18T04:22:22.6637992Z A path returned 202. Retrying...
2022-10-18T04:22:22.6638357Z A path returned 202. Retrying...
2022-10-18T04:22:22.6638722Z A path returned 202. Retrying...
2022-10-18T04:22:22.6639075Z A path returned 202. Retrying...
2022-10-18T04:22:22.6639449Z A path returned 202. Retrying...
2022-10-18T04:22:22.6639815Z A path returned 202. Retrying...
2022-10-18T04:22:22.6640178Z A path returned 202. Retrying...
2022-10-18T04:22:22.6640542Z A path returned 202. Retrying...
2022-10-18T04:22:22.6640905Z A path returned 202. Retrying...
2022-10-18T04:25:58.2958607Z A path returned 202. Retrying...
2022-10-18T04:25:58.2959799Z A path returned 202. Retrying...
2022-10-18T04:25:58.2960166Z A path returned 202. Retrying...
2022-10-18T04:25:58.2960447Z A path returned 202. Retrying...
2022-10-18T04:25:58.2960785Z A path returned 202. Retrying...
2022-10-18T04:25:58.2961058Z A path returned 202. Retrying...
2022-10-18T04:25:58.2961340Z A path returned 202. Retrying...
2022-10-18T04:25:58.2961621Z A path returned 202. Retrying...
2022-10-18T04:25:58.2961907Z A path returned 202. Retrying...
2022-10-18T04:25:58.2962192Z A path returned 202. Retrying...
2022-10-18T04:25:58.2962473Z A path returned 202. Retrying...
2022-10-18T04:25:58.2962764Z A path returned 202. Retrying...
2022-10-18T04:25:58.2963081Z A path returned 202. Retrying...
2022-10-18T04:25:58.2963350Z A path returned 202. Retrying...
2022-10-18T04:25:58.2963634Z A path returned 202. Retrying...
2022-10-18T04:25:58.2963921Z A path returned 202. Retrying...
2022-10-18T04:25:58.2964202Z A path returned 202. Retrying...
2022-10-18T04:25:58.2964487Z A path returned 202. Retrying...
2022-10-18T04:25:58.2964771Z A path returned 202. Retrying...
2022-10-18T04:25:58.2965052Z A path returned 202. Retrying...
2022-10-18T04:25:58.2965317Z A path returned 202. Retrying...
2022-10-18T04:25:58.2965598Z A path returned 202. Retrying...
2022-10-18T04:25:58.2965879Z A path returned 202. Retrying...
2022-10-18T04:25:58.2966159Z A path returned 202. Retrying...
2022-10-18T04:25:58.2966439Z A path returned 202. Retrying...
2022-10-18T04:25:58.2966718Z A path returned 202. Retrying...
2022-10-18T04:25:58.2966997Z A path returned 202. Retrying...
2022-10-18T04:25:58.2967282Z A path returned 202. Retrying...
2022-10-18T04:25:58.2967657Z A path returned 202. Retrying...
2022-10-18T04:25:58.2967934Z A path returned 202. Retrying...
2022-10-18T04:25:58.2968215Z A path returned 202. Retrying...
2022-10-18T04:25:58.2968499Z A path returned 202. Retrying...
2022-10-18T04:25:58.2968780Z A path returned 202. Retrying...
2022-10-18T04:25:58.2969061Z A path returned 202. Retrying...
2022-10-18T04:25:58.2969343Z A path returned 202. Retrying...
2022-10-18T04:25:58.2969622Z A path returned 202. Retrying...
2022-10-18T04:25:58.2969889Z A path returned 202. Retrying...
2022-10-18T04:25:58.2970170Z A path returned 202. Retrying...
2022-10-18T04:25:58.2970455Z A path returned 202. Retrying...
2022-10-18T04:25:58.2970735Z A path returned 202. Retrying...
2022-10-18T04:25:58.2971015Z A path returned 202. Retrying...
2022-10-18T04:25:58.2971294Z A path returned 202. Retrying...
2022-10-18T04:25:58.2971572Z A path returned 202. Retrying...
2022-10-18T04:25:58.2971838Z A path returned 202. Retrying...
2022-10-18T04:25:58.2972119Z A path returned 202. Retrying...
2022-10-18T04:25:58.2972400Z A path returned 202. Retrying...
2022-10-18T04:25:58.2972678Z A path returned 202. Retrying...
2022-10-18T04:25:58.2972956Z A path returned 202. Retrying...
2022-10-18T04:25:58.2973234Z A path returned 202. Retrying...
2022-10-18T04:25:58.2973511Z A path returned 202. Retrying...
2022-10-18T04:25:58.2973790Z A path returned 202. Retrying...
2022-10-18T04:25:58.2974062Z A path returned 202. Retrying...
2022-10-18T04:25:58.2974342Z A path returned 202. Retrying...
2022-10-18T04:25:58.2974625Z A path returned 202. Retrying...
2022-10-18T04:25:58.2974907Z A path returned 202. Retrying...
2022-10-18T04:25:58.2975187Z A path returned 202. Retrying...
2022-10-18T04:25:58.2975469Z A path returned 202. Retrying...
2022-10-18T04:25:58.2975749Z A path returned 202. Retrying...
2022-10-18T04:25:58.2976029Z A path returned 202. Retrying...
2022-10-18T04:25:58.2976292Z A path returned 202. Retrying...
2022-10-18T04:25:58.2976570Z A path returned 202. Retrying...
2022-10-18T04:25:58.2976857Z A path returned 202. Retrying...
2022-10-18T04:25:58.2977139Z A path returned 202. Retrying...
2022-10-18T04:25:58.2977422Z A path returned 202. Retrying...
2022-10-18T04:25:58.2977701Z A path returned 202. Retrying...
2022-10-18T04:25:58.2977986Z A path returned 202. Retrying...
2022-10-18T04:25:58.2978251Z A path returned 202. Retrying...
2022-10-18T04:25:58.2978604Z A path returned 202. Retrying...
2022-10-18T04:25:58.2978896Z A path returned 202. Retrying...
2022-10-18T04:25:58.2979184Z A path returned 202. Retrying...
2022-10-18T04:25:58.3240104Z ##[group]Run git config --global user.name "jstrieb/github-stats"
2022-10-18T04:25:58.3240562Z [36;1mgit config --global user.name "jstrieb/github-stats"[0m
2022-10-18T04:25:58.3240998Z [36;1mgit config --global user.email "github-stats[bot]@jstrieb.github.io"[0m
2022-10-18T04:25:58.3241346Z [36;1mgit add .[0m
2022-10-18T04:25:58.3241668Z [36;1m# Force the build to succeed, even if no files were changed[0m
2022-10-18T04:25:58.3242055Z [36;1mgit commit -m 'Update generated files' || true[0m
2022-10-18T04:25:58.3242358Z [36;1mgit push[0m
2022-10-18T04:25:58.3298847Z shell: /usr/bin/bash -e {0}
2022-10-18T04:25:58.3299111Z env:
2022-10-18T04:25:58.3299434Z   pythonLocation: /opt/hostedtoolcache/Python/3.8.14/x64
2022-10-18T04:25:58.3299838Z   LD_LIBRARY_PATH: /opt/hostedtoolcache/Python/3.8.14/x64/lib
2022-10-18T04:25:58.3300157Z ##[endgroup]
2022-10-18T04:25:58.5614036Z [master bcf7bf3] Update generated files
2022-10-18T04:25:58.5614750Z  2 files changed, 873 insertions(+), 1044 deletions(-)
2022-10-18T04:25:59.1988651Z To https://github.com/seanpm2001/GitHub_Stats_A
2022-10-18T04:25:59.1989712Z    8d82871..bcf7bf3  master -> master
2022-10-18T04:25:59.4513784Z Post job cleanup.
2022-10-18T04:25:59.5928176Z Cache hit occurred on the primary key Linux-pip-60f2a6c0212a9b74a155cd81b58dd07fd8b180833132566260d95f4de42fe218, not saving cache.
2022-10-18T04:25:59.6008925Z Post job cleanup.
2022-10-18T04:25:59.7493574Z Post job cleanup.
2022-10-18T04:25:59.8787372Z [command]/usr/bin/git version
2022-10-18T04:25:59.8835811Z git version 2.37.3
2022-10-18T04:25:59.8872246Z Copying '/home/runner/.gitconfig' to '/home/runner/work/_temp/f4bf2dfa-47d1-40ef-ba79-9e8f9ac228a0/.gitconfig'
2022-10-18T04:25:59.8882045Z Temporarily overriding HOME='/home/runner/work/_temp/f4bf2dfa-47d1-40ef-ba79-9e8f9ac228a0' before making global git config changes
2022-10-18T04:25:59.8882686Z Adding repository directory to the temporary git global config as a safe directory
2022-10-18T04:25:59.8887133Z [command]/usr/bin/git config --global --add safe.directory /home/runner/work/GitHub_Stats_A/GitHub_Stats_A
2022-10-18T04:25:59.8929510Z [command]/usr/bin/git config --local --name-only --get-regexp core\.sshCommand
2022-10-18T04:25:59.8966091Z [command]/usr/bin/git submodule foreach --recursive git config --local --name-only --get-regexp 'core\.sshCommand' && git config --local --unset-all 'core.sshCommand' || :
2022-10-18T04:25:59.9234330Z [command]/usr/bin/git config --local --name-only --get-regexp http\.https\:\/\/github\.com\/\.extraheader
2022-10-18T04:25:59.9263637Z http.https://github.com/.extraheader
2022-10-18T04:25:59.9273108Z [command]/usr/bin/git config --local --unset-all http.https://github.com/.extraheader
2022-10-18T04:25:59.9311404Z [command]/usr/bin/git submodule foreach --recursive git config --local --name-only --get-regexp 'http\.https\:\/\/github\.com\/\.extraheader' && git config --local --unset-all 'http.https://github.com/.extraheader' || :
2022-10-18T04:25:59.9769644Z Cleaning up orphan processes
