2022-10-03T03:04:44.4178791Z Requested labels: ubuntu-latest
2022-10-03T03:04:44.4178830Z Job defined at: seanpm2001/GitHub_Stats_A/.github/workflows/main.yml@refs/heads/master
2022-10-03T03:04:44.4178873Z Waiting for a runner to pick up this job...
2022-10-03T03:04:45.0014048Z Job is waiting for a hosted runner to come online.
2022-10-03T03:04:48.1502156Z Job is about to start running on the hosted runner: Hosted Agent (hosted)
2022-10-03T03:04:50.1500465Z Current runner version: '2.297.0'
2022-10-03T03:04:50.1526398Z ##[group]Operating System
2022-10-03T03:04:50.1526959Z Ubuntu
2022-10-03T03:04:50.1527399Z 20.04.5
2022-10-03T03:04:50.1527719Z LTS
2022-10-03T03:04:50.1527978Z ##[endgroup]
2022-10-03T03:04:50.1528310Z ##[group]Runner Image
2022-10-03T03:04:50.1528700Z Image: ubuntu-20.04
2022-10-03T03:04:50.1529047Z Version: 20220922.2
2022-10-03T03:04:50.1529526Z Included Software: https://github.com/actions/runner-images/blob/ubuntu20/20220922.2/images/linux/Ubuntu2004-Readme.md
2022-10-03T03:04:50.1530178Z Image Release: https://github.com/actions/runner-images/releases/tag/ubuntu20%2F20220922.2
2022-10-03T03:04:50.1530637Z ##[endgroup]
2022-10-03T03:04:50.1531034Z ##[group]Runner Image Provisioner
2022-10-03T03:04:50.1531354Z 1.0.0.0-main-20220916-1
2022-10-03T03:04:50.1531682Z ##[endgroup]
2022-10-03T03:04:50.1532346Z ##[group]GITHUB_TOKEN Permissions
2022-10-03T03:04:50.1532919Z Contents: write
2022-10-03T03:04:50.1533351Z Metadata: read
2022-10-03T03:04:50.1533739Z ##[endgroup]
2022-10-03T03:04:50.1537559Z Secret source: Actions
2022-10-03T03:04:50.1538086Z Prepare workflow directory
2022-10-03T03:04:50.2365389Z Prepare all required actions
2022-10-03T03:04:50.2548210Z Getting action download info
2022-10-03T03:04:50.4423196Z Download action repository 'actions/checkout@v2' (SHA:7884fcad6b5d53d10323aee724dc68d8b9096a2e)
2022-10-03T03:04:50.7198632Z Download action repository 'actions/setup-python@v2' (SHA:7f80679172b057fc5e90d70d197929d454754a5a)
2022-10-03T03:04:50.9458233Z Download action repository 'actions/cache@v2' (SHA:937d24475381cd9c75ae6db12cb4e79714b926ed)
2022-10-03T03:04:51.4129954Z ##[group]Run actions/checkout@v2
2022-10-03T03:04:51.4130344Z with:
2022-10-03T03:04:51.4130659Z   repository: seanpm2001/GitHub_Stats_A
2022-10-03T03:04:51.4131211Z   token: ***
2022-10-03T03:04:51.4131473Z   ssh-strict: true
2022-10-03T03:04:51.4131786Z   persist-credentials: true
2022-10-03T03:04:51.4132085Z   clean: true
2022-10-03T03:04:51.4132351Z   fetch-depth: 1
2022-10-03T03:04:51.4132615Z   lfs: false
2022-10-03T03:04:51.4132876Z   submodules: false
2022-10-03T03:04:51.4133175Z   set-safe-directory: true
2022-10-03T03:04:51.4133467Z ##[endgroup]
2022-10-03T03:04:51.6714920Z Syncing repository: seanpm2001/GitHub_Stats_A
2022-10-03T03:04:51.6716859Z ##[group]Getting Git version info
2022-10-03T03:04:51.6717491Z Working directory is '/home/runner/work/GitHub_Stats_A/GitHub_Stats_A'
2022-10-03T03:04:51.6718305Z [command]/usr/bin/git version
2022-10-03T03:04:51.6867598Z git version 2.37.3
2022-10-03T03:04:51.6868720Z ##[endgroup]
2022-10-03T03:04:51.6888641Z Temporarily overriding HOME='/home/runner/work/_temp/dd50ac3f-f432-4414-878c-cb993942ddbf' before making global git config changes
2022-10-03T03:04:51.6889335Z Adding repository directory to the temporary git global config as a safe directory
2022-10-03T03:04:51.6892692Z [command]/usr/bin/git config --global --add safe.directory /home/runner/work/GitHub_Stats_A/GitHub_Stats_A
2022-10-03T03:04:51.6936737Z Deleting the contents of '/home/runner/work/GitHub_Stats_A/GitHub_Stats_A'
2022-10-03T03:04:51.6941136Z ##[group]Initializing the repository
2022-10-03T03:04:51.6944598Z [command]/usr/bin/git init /home/runner/work/GitHub_Stats_A/GitHub_Stats_A
2022-10-03T03:04:51.7002689Z hint: Using 'master' as the name for the initial branch. This default branch name
2022-10-03T03:04:51.7003514Z hint: is subject to change. To configure the initial branch name to use in all
2022-10-03T03:04:51.7004776Z hint: of your new repositories, which will suppress this warning, call:
2022-10-03T03:04:51.7005264Z hint: 
2022-10-03T03:04:51.7006228Z hint: 	git config --global init.defaultBranch <name>
2022-10-03T03:04:51.7006734Z hint: 
2022-10-03T03:04:51.7007550Z hint: Names commonly chosen instead of 'master' are 'main', 'trunk' and
2022-10-03T03:04:51.7008268Z hint: 'development'. The just-created branch can be renamed via this command:
2022-10-03T03:04:51.7008748Z hint: 
2022-10-03T03:04:51.7009455Z hint: 	git branch -m <name>
2022-10-03T03:04:51.7020248Z Initialized empty Git repository in /home/runner/work/GitHub_Stats_A/GitHub_Stats_A/.git/
2022-10-03T03:04:51.7029595Z [command]/usr/bin/git remote add origin https://github.com/seanpm2001/GitHub_Stats_A
2022-10-03T03:04:51.7071856Z ##[endgroup]
2022-10-03T03:04:51.7072674Z ##[group]Disabling automatic garbage collection
2022-10-03T03:04:51.7114803Z [command]/usr/bin/git config --local gc.auto 0
2022-10-03T03:04:51.7148049Z ##[endgroup]
2022-10-03T03:04:51.7148794Z ##[group]Setting up auth
2022-10-03T03:04:51.7157956Z [command]/usr/bin/git config --local --name-only --get-regexp core\.sshCommand
2022-10-03T03:04:51.7192628Z [command]/usr/bin/git submodule foreach --recursive git config --local --name-only --get-regexp 'core\.sshCommand' && git config --local --unset-all 'core.sshCommand' || :
2022-10-03T03:04:51.7571943Z [command]/usr/bin/git config --local --name-only --get-regexp http\.https\:\/\/github\.com\/\.extraheader
2022-10-03T03:04:51.7588114Z [command]/usr/bin/git submodule foreach --recursive git config --local --name-only --get-regexp 'http\.https\:\/\/github\.com\/\.extraheader' && git config --local --unset-all 'http.https://github.com/.extraheader' || :
2022-10-03T03:04:51.7813490Z [command]/usr/bin/git config --local http.https://github.com/.extraheader AUTHORIZATION: basic ***
2022-10-03T03:04:51.7844169Z ##[endgroup]
2022-10-03T03:04:51.7844924Z ##[group]Fetching the repository
2022-10-03T03:04:51.7855887Z [command]/usr/bin/git -c protocol.version=2 fetch --no-tags --prune --progress --no-recurse-submodules --depth=1 origin +8c6def6cc720482a2fe7b7570101632b6d69e62e:refs/remotes/origin/master
2022-10-03T03:04:51.9965760Z remote: Enumerating objects: 1021, done.        
2022-10-03T03:04:52.0012319Z remote: Counting objects:   0% (1/1021)        
2022-10-03T03:04:52.0030925Z remote: Counting objects:   1% (11/1021)        
2022-10-03T03:04:52.0059497Z remote: Counting objects:   2% (21/1021)        
2022-10-03T03:04:52.0072562Z remote: Counting objects:   3% (31/1021)        
2022-10-03T03:04:52.0073313Z remote: Counting objects:   4% (41/1021)        
2022-10-03T03:04:52.0074191Z remote: Counting objects:   5% (52/1021)        
2022-10-03T03:04:52.0074705Z remote: Counting objects:   6% (62/1021)        
2022-10-03T03:04:52.0075630Z remote: Counting objects:   7% (72/1021)        
2022-10-03T03:04:52.0076168Z remote: Counting objects:   8% (82/1021)        
2022-10-03T03:04:52.0076925Z remote: Counting objects:   9% (92/1021)        
2022-10-03T03:04:52.0077423Z remote: Counting objects:  10% (103/1021)        
2022-10-03T03:04:52.0078106Z remote: Counting objects:  11% (113/1021)        
2022-10-03T03:04:52.0078589Z remote: Counting objects:  12% (123/1021)        
2022-10-03T03:04:52.0079263Z remote: Counting objects:  13% (133/1021)        
2022-10-03T03:04:52.0079745Z remote: Counting objects:  14% (143/1021)        
2022-10-03T03:04:52.0080409Z remote: Counting objects:  15% (154/1021)        
2022-10-03T03:04:52.0080871Z remote: Counting objects:  16% (164/1021)        
2022-10-03T03:04:52.0081560Z remote: Counting objects:  17% (174/1021)        
2022-10-03T03:04:52.0082021Z remote: Counting objects:  18% (184/1021)        
2022-10-03T03:04:52.0082678Z remote: Counting objects:  19% (194/1021)        
2022-10-03T03:04:52.0083144Z remote: Counting objects:  20% (205/1021)        
2022-10-03T03:04:52.0083827Z remote: Counting objects:  21% (215/1021)        
2022-10-03T03:04:52.0084271Z remote: Counting objects:  22% (225/1021)        
2022-10-03T03:04:52.0084942Z remote: Counting objects:  23% (235/1021)        
2022-10-03T03:04:52.0085404Z remote: Counting objects:  24% (246/1021)        
2022-10-03T03:04:52.0086085Z remote: Counting objects:  25% (256/1021)        
2022-10-03T03:04:52.0086560Z remote: Counting objects:  26% (266/1021)        
2022-10-03T03:04:52.0087197Z remote: Counting objects:  27% (276/1021)        
2022-10-03T03:04:52.0087728Z remote: Counting objects:  28% (286/1021)        
2022-10-03T03:04:52.0088399Z remote: Counting objects:  29% (297/1021)        
2022-10-03T03:04:52.0089137Z remote: Counting objects:  30% (307/1021)        
2022-10-03T03:04:52.0089809Z remote: Counting objects:  31% (317/1021)        
2022-10-03T03:04:52.0090262Z remote: Counting objects:  32% (327/1021)        
2022-10-03T03:04:52.0090959Z remote: Counting objects:  33% (337/1021)        
2022-10-03T03:04:52.0091413Z remote: Counting objects:  34% (348/1021)        
2022-10-03T03:04:52.0092069Z remote: Counting objects:  35% (358/1021)        
2022-10-03T03:04:52.0092521Z remote: Counting objects:  36% (368/1021)        
2022-10-03T03:04:52.0093168Z remote: Counting objects:  37% (378/1021)        
2022-10-03T03:04:52.0093624Z remote: Counting objects:  38% (388/1021)        
2022-10-03T03:04:52.0094690Z remote: Counting objects:  39% (399/1021)        
2022-10-03T03:04:52.0095774Z remote: Counting objects:  40% (409/1021)        
2022-10-03T03:04:52.0096241Z remote: Counting objects:  41% (419/1021)        
2022-10-03T03:04:52.0096842Z remote: Counting objects:  42% (429/1021)        
2022-10-03T03:04:52.0097466Z remote: Counting objects:  43% (440/1021)        
2022-10-03T03:04:52.0098027Z remote: Counting objects:  44% (450/1021)        
2022-10-03T03:04:52.0098634Z remote: Counting objects:  45% (460/1021)        
2022-10-03T03:04:52.0099253Z remote: Counting objects:  46% (470/1021)        
2022-10-03T03:04:52.0099984Z remote: Counting objects:  47% (480/1021)        
2022-10-03T03:04:52.0100577Z remote: Counting objects:  48% (491/1021)        
2022-10-03T03:04:52.0101177Z remote: Counting objects:  49% (501/1021)        
2022-10-03T03:04:52.0101975Z remote: Counting objects:  50% (511/1021)        
2022-10-03T03:04:52.0502435Z remote: Counting objects:  51% (521/1021)        
2022-10-03T03:04:52.0503006Z remote: Counting objects:  52% (531/1021)        
2022-10-03T03:04:52.0504073Z remote: Counting objects:  53% (542/1021)        
2022-10-03T03:04:52.0505312Z remote: Counting objects:  54% (552/1021)        
2022-10-03T03:04:52.0505827Z remote: Counting objects:  55% (562/1021)        
2022-10-03T03:04:52.0506466Z remote: Counting objects:  56% (572/1021)        
2022-10-03T03:04:52.0507253Z remote: Counting objects:  57% (582/1021)        
2022-10-03T03:04:52.0507931Z remote: Counting objects:  58% (593/1021)        
2022-10-03T03:04:52.0508597Z remote: Counting objects:  59% (603/1021)        
2022-10-03T03:04:52.0509264Z remote: Counting objects:  60% (613/1021)        
2022-10-03T03:04:52.0509950Z remote: Counting objects:  61% (623/1021)        
2022-10-03T03:04:52.0510617Z remote: Counting objects:  62% (634/1021)        
2022-10-03T03:04:52.0511293Z remote: Counting objects:  63% (644/1021)        
2022-10-03T03:04:52.0511916Z remote: Counting objects:  64% (654/1021)        
2022-10-03T03:04:52.0512515Z remote: Counting objects:  65% (664/1021)        
2022-10-03T03:04:52.0513181Z remote: Counting objects:  66% (674/1021)        
2022-10-03T03:04:52.0513870Z remote: Counting objects:  67% (685/1021)        
2022-10-03T03:04:52.0514511Z remote: Counting objects:  68% (695/1021)        
2022-10-03T03:04:52.0515184Z remote: Counting objects:  69% (705/1021)        
2022-10-03T03:04:52.0515852Z remote: Counting objects:  70% (715/1021)        
2022-10-03T03:04:52.0516571Z remote: Counting objects:  71% (725/1021)        
2022-10-03T03:04:52.0517255Z remote: Counting objects:  72% (736/1021)        
2022-10-03T03:04:52.0517904Z remote: Counting objects:  73% (746/1021)        
2022-10-03T03:04:52.0518571Z remote: Counting objects:  74% (756/1021)        
2022-10-03T03:04:52.0519235Z remote: Counting objects:  75% (766/1021)        
2022-10-03T03:04:52.0519897Z remote: Counting objects:  76% (776/1021)        
2022-10-03T03:04:52.0520569Z remote: Counting objects:  77% (787/1021)        
2022-10-03T03:04:52.0521409Z remote: Counting objects:  78% (797/1021)        
2022-10-03T03:04:52.0521828Z remote: Counting objects:  79% (807/1021)        
2022-10-03T03:04:52.0522493Z remote: Counting objects:  80% (817/1021)        
2022-10-03T03:04:52.0523157Z remote: Counting objects:  81% (828/1021)        
2022-10-03T03:04:52.0523843Z remote: Counting objects:  82% (838/1021)        
2022-10-03T03:04:52.0524513Z remote: Counting objects:  83% (848/1021)        
2022-10-03T03:04:52.0525182Z remote: Counting objects:  84% (858/1021)        
2022-10-03T03:04:52.0525832Z remote: Counting objects:  85% (868/1021)        
2022-10-03T03:04:52.0526482Z remote: Counting objects:  86% (879/1021)        
2022-10-03T03:04:52.0527365Z remote: Counting objects:  87% (889/1021)        
2022-10-03T03:04:52.0528238Z remote: Counting objects:  88% (899/1021)        
2022-10-03T03:04:52.0529011Z remote: Counting objects:  89% (909/1021)        
2022-10-03T03:04:52.0529879Z remote: Counting objects:  90% (919/1021)        
2022-10-03T03:04:52.0530737Z remote: Counting objects:  91% (930/1021)        
2022-10-03T03:04:52.0531599Z remote: Counting objects:  92% (940/1021)        
2022-10-03T03:04:52.0532447Z remote: Counting objects:  93% (950/1021)        
2022-10-03T03:04:52.0533280Z remote: Counting objects:  94% (960/1021)        
2022-10-03T03:04:52.0534140Z remote: Counting objects:  95% (970/1021)        
2022-10-03T03:04:52.0535001Z remote: Counting objects:  96% (981/1021)        
2022-10-03T03:04:52.0535870Z remote: Counting objects:  97% (991/1021)        
2022-10-03T03:04:52.0536715Z remote: Counting objects:  98% (1001/1021)        
2022-10-03T03:04:52.0537485Z remote: Counting objects:  99% (1011/1021)        
2022-10-03T03:04:52.0538258Z remote: Counting objects: 100% (1021/1021)        
2022-10-03T03:04:52.0539152Z remote: Counting objects: 100% (1021/1021), done.        
2022-10-03T03:04:52.0540031Z remote: Compressing objects:   0% (1/371)        
2022-10-03T03:04:52.0540483Z remote: Compressing objects:   1% (4/371)        
2022-10-03T03:04:52.0541350Z remote: Compressing objects:   2% (8/371)        
2022-10-03T03:04:52.0542206Z remote: Compressing objects:   3% (12/371)        
2022-10-03T03:04:52.0542993Z remote: Compressing objects:   4% (15/371)        
2022-10-03T03:04:52.0543855Z remote: Compressing objects:   5% (19/371)        
2022-10-03T03:04:52.0544816Z remote: Compressing objects:   6% (23/371)        
2022-10-03T03:04:52.0545711Z remote: Compressing objects:   7% (26/371)        
2022-10-03T03:04:52.0546578Z remote: Compressing objects:   8% (30/371)        
2022-10-03T03:04:52.0547389Z remote: Compressing objects:   9% (34/371)        
2022-10-03T03:04:52.0548271Z remote: Compressing objects:  10% (38/371)        
2022-10-03T03:04:52.0549104Z remote: Compressing objects:  11% (41/371)        
2022-10-03T03:04:52.0549869Z remote: Compressing objects:  12% (45/371)        
2022-10-03T03:04:52.0550747Z remote: Compressing objects:  13% (49/371)        
2022-10-03T03:04:52.0551430Z remote: Compressing objects:  14% (52/371)        
2022-10-03T03:04:52.0552288Z remote: Compressing objects:  15% (56/371)        
2022-10-03T03:04:52.0553139Z remote: Compressing objects:  16% (60/371)        
2022-10-03T03:04:52.0553927Z remote: Compressing objects:  17% (64/371)        
2022-10-03T03:04:52.0554789Z remote: Compressing objects:  18% (67/371)        
2022-10-03T03:04:52.0555631Z remote: Compressing objects:  19% (71/371)        
2022-10-03T03:04:52.0556566Z remote: Compressing objects:  20% (75/371)        
2022-10-03T03:04:52.0557378Z remote: Compressing objects:  21% (78/371)        
2022-10-03T03:04:52.0558151Z remote: Compressing objects:  22% (82/371)        
2022-10-03T03:04:52.0559003Z remote: Compressing objects:  23% (86/371)        
2022-10-03T03:04:52.0726684Z remote: Compressing objects:  24% (90/371)        
2022-10-03T03:04:52.0727433Z remote: Compressing objects:  25% (93/371)        
2022-10-03T03:04:52.0728324Z remote: Compressing objects:  26% (97/371)        
2022-10-03T03:04:52.0728939Z remote: Compressing objects:  27% (101/371)        
2022-10-03T03:04:52.0729793Z remote: Compressing objects:  28% (104/371)        
2022-10-03T03:04:52.0730402Z remote: Compressing objects:  29% (108/371)        
2022-10-03T03:04:52.0731235Z remote: Compressing objects:  30% (112/371)        
2022-10-03T03:04:52.0732061Z remote: Compressing objects:  31% (116/371)        
2022-10-03T03:04:52.0732900Z remote: Compressing objects:  32% (119/371)        
2022-10-03T03:04:52.0733488Z remote: Compressing objects:  33% (123/371)        
2022-10-03T03:04:52.0734309Z remote: Compressing objects:  34% (127/371)        
2022-10-03T03:04:52.0734903Z remote: Compressing objects:  35% (130/371)        
2022-10-03T03:04:52.0735705Z remote: Compressing objects:  36% (134/371)        
2022-10-03T03:04:52.0736296Z remote: Compressing objects:  37% (138/371)        
2022-10-03T03:04:52.0737130Z remote: Compressing objects:  38% (141/371)        
2022-10-03T03:04:52.0737713Z remote: Compressing objects:  39% (145/371)        
2022-10-03T03:04:52.0738533Z remote: Compressing objects:  40% (149/371)        
2022-10-03T03:04:52.0739089Z remote: Compressing objects:  41% (153/371)        
2022-10-03T03:04:52.0739917Z remote: Compressing objects:  42% (156/371)        
2022-10-03T03:04:52.0740503Z remote: Compressing objects:  43% (160/371)        
2022-10-03T03:04:52.0741329Z remote: Compressing objects:  44% (164/371)        
2022-10-03T03:04:52.0741900Z remote: Compressing objects:  45% (167/371)        
2022-10-03T03:04:52.0742701Z remote: Compressing objects:  46% (171/371)        
2022-10-03T03:04:52.0743289Z remote: Compressing objects:  47% (175/371)        
2022-10-03T03:04:52.0744114Z remote: Compressing objects:  48% (179/371)        
2022-10-03T03:04:52.0744694Z remote: Compressing objects:  49% (182/371)        
2022-10-03T03:04:52.0745511Z remote: Compressing objects:  50% (186/371)        
2022-10-03T03:04:52.0746197Z remote: Compressing objects:  51% (190/371)        
2022-10-03T03:04:52.0747897Z remote: Compressing objects:  52% (193/371)        
2022-10-03T03:04:52.0748430Z remote: Compressing objects:  53% (197/371)        
2022-10-03T03:04:52.0750024Z remote: Compressing objects:  54% (201/371)        
2022-10-03T03:04:52.0750875Z remote: Compressing objects:  55% (205/371)        
2022-10-03T03:04:52.0753075Z remote: Compressing objects:  56% (208/371)        
2022-10-03T03:04:52.0753433Z remote: Compressing objects:  57% (212/371)        
2022-10-03T03:04:52.0753763Z remote: Compressing objects:  58% (216/371)        
2022-10-03T03:04:52.0754217Z remote: Compressing objects:  59% (219/371)        
2022-10-03T03:04:52.0755240Z remote: Compressing objects:  60% (223/371)        
2022-10-03T03:04:52.0755664Z remote: Compressing objects:  61% (227/371)        
2022-10-03T03:04:52.0759005Z remote: Compressing objects:  62% (231/371)        
2022-10-03T03:04:52.0759626Z remote: Compressing objects:  63% (234/371)        
2022-10-03T03:04:52.0763718Z remote: Compressing objects:  64% (238/371)        
2022-10-03T03:04:52.0764247Z remote: Compressing objects:  65% (242/371)        
2022-10-03T03:04:52.0765317Z remote: Compressing objects:  66% (245/371)        
2022-10-03T03:04:52.0766660Z remote: Compressing objects:  67% (249/371)        
2022-10-03T03:04:52.0768343Z remote: Compressing objects:  68% (253/371)        
2022-10-03T03:04:52.0768867Z remote: Compressing objects:  69% (256/371)        
2022-10-03T03:04:52.0769683Z remote: Compressing objects:  70% (260/371)        
2022-10-03T03:04:52.0770542Z remote: Compressing objects:  71% (264/371)        
2022-10-03T03:04:52.0771184Z remote: Compressing objects:  72% (268/371)        
2022-10-03T03:04:52.0776453Z remote: Compressing objects:  73% (271/371)        
2022-10-03T03:04:52.0778077Z remote: Compressing objects:  74% (275/371)        
2022-10-03T03:04:52.0787328Z remote: Compressing objects:  75% (279/371)        
2022-10-03T03:04:52.0788070Z remote: Compressing objects:  76% (282/371)        
2022-10-03T03:04:52.0788963Z remote: Compressing objects:  77% (286/371)        
2022-10-03T03:04:52.0789557Z remote: Compressing objects:  78% (290/371)        
2022-10-03T03:04:52.0793185Z remote: Compressing objects:  79% (294/371)        
2022-10-03T03:04:52.0793804Z remote: Compressing objects:  80% (297/371)        
2022-10-03T03:04:52.0794642Z remote: Compressing objects:  81% (301/371)        
2022-10-03T03:04:52.0795437Z remote: Compressing objects:  82% (305/371)        
2022-10-03T03:04:52.0796276Z remote: Compressing objects:  83% (308/371)        
2022-10-03T03:04:52.0796860Z remote: Compressing objects:  84% (312/371)        
2022-10-03T03:04:52.0797672Z remote: Compressing objects:  85% (316/371)        
2022-10-03T03:04:52.0798257Z remote: Compressing objects:  86% (320/371)        
2022-10-03T03:04:52.0799093Z remote: Compressing objects:  87% (323/371)        
2022-10-03T03:04:52.0799676Z remote: Compressing objects:  88% (327/371)        
2022-10-03T03:04:52.0800501Z remote: Compressing objects:  89% (331/371)        
2022-10-03T03:04:52.0801063Z remote: Compressing objects:  90% (334/371)        
2022-10-03T03:04:52.0801918Z remote: Compressing objects:  91% (338/371)        
2022-10-03T03:04:52.0802495Z remote: Compressing objects:  92% (342/371)        
2022-10-03T03:04:52.0803297Z remote: Compressing objects:  93% (346/371)        
2022-10-03T03:04:52.0803875Z remote: Compressing objects:  94% (349/371)        
2022-10-03T03:04:52.0808515Z remote: Compressing objects:  95% (353/371)        
2022-10-03T03:04:52.0809101Z remote: Compressing objects:  96% (357/371)        
2022-10-03T03:04:52.0809842Z remote: Compressing objects:  97% (360/371)        
2022-10-03T03:04:52.0810335Z remote: Compressing objects:  98% (364/371)        
2022-10-03T03:04:52.0811054Z remote: Compressing objects:  99% (368/371)        
2022-10-03T03:04:52.0811561Z remote: Compressing objects: 100% (371/371)        
2022-10-03T03:04:52.0813405Z remote: Compressing objects: 100% (371/371), done.        
2022-10-03T03:04:52.0814953Z Receiving objects:   0% (1/1021)
2022-10-03T03:04:52.0816477Z Receiving objects:   1% (11/1021)
2022-10-03T03:04:52.0817549Z Receiving objects:   2% (21/1021)
2022-10-03T03:04:52.0819336Z Receiving objects:   3% (31/1021)
2022-10-03T03:04:52.0820466Z Receiving objects:   4% (41/1021)
2022-10-03T03:04:52.0820863Z Receiving objects:   5% (52/1021)
2022-10-03T03:04:52.0827204Z Receiving objects:   6% (62/1021)
2022-10-03T03:04:52.0828116Z Receiving objects:   7% (72/1021)
2022-10-03T03:04:52.0828722Z Receiving objects:   8% (82/1021)
2022-10-03T03:04:52.0829441Z Receiving objects:   9% (92/1021)
2022-10-03T03:04:52.0830825Z Receiving objects:  10% (103/1021)
2022-10-03T03:04:52.0840514Z Receiving objects:  11% (113/1021)
2022-10-03T03:04:52.0843407Z Receiving objects:  12% (123/1021)
2022-10-03T03:04:52.0846306Z Receiving objects:  13% (133/1021)
2022-10-03T03:04:52.0847463Z Receiving objects:  14% (143/1021)
2022-10-03T03:04:52.0862966Z Receiving objects:  15% (154/1021)
2022-10-03T03:04:52.0869415Z Receiving objects:  16% (164/1021)
2022-10-03T03:04:52.0881365Z Receiving objects:  17% (174/1021)
2022-10-03T03:04:52.0881665Z Receiving objects:  18% (184/1021)
2022-10-03T03:04:52.0885739Z Receiving objects:  19% (194/1021)
2022-10-03T03:04:52.0886328Z Receiving objects:  20% (205/1021)
2022-10-03T03:04:52.0887031Z Receiving objects:  21% (215/1021)
2022-10-03T03:04:52.0888068Z Receiving objects:  22% (225/1021)
2022-10-03T03:04:52.0969698Z Receiving objects:  23% (235/1021)
2022-10-03T03:04:52.0969997Z Receiving objects:  24% (246/1021)
2022-10-03T03:04:52.0970259Z Receiving objects:  25% (256/1021)
2022-10-03T03:04:52.0970492Z Receiving objects:  26% (266/1021)
2022-10-03T03:04:52.0970738Z Receiving objects:  27% (276/1021)
2022-10-03T03:04:52.0970986Z Receiving objects:  28% (286/1021)
2022-10-03T03:04:52.0974756Z Receiving objects:  29% (297/1021)
2022-10-03T03:04:52.0975052Z Receiving objects:  30% (307/1021)
2022-10-03T03:04:52.0975304Z Receiving objects:  31% (317/1021)
2022-10-03T03:04:52.0975568Z Receiving objects:  32% (327/1021)
2022-10-03T03:04:52.0975816Z Receiving objects:  33% (337/1021)
2022-10-03T03:04:52.0976052Z Receiving objects:  34% (348/1021)
2022-10-03T03:04:52.0976301Z Receiving objects:  35% (358/1021)
2022-10-03T03:04:52.0976546Z Receiving objects:  36% (368/1021)
2022-10-03T03:04:52.0976791Z Receiving objects:  37% (378/1021)
2022-10-03T03:04:52.0977019Z Receiving objects:  38% (388/1021)
2022-10-03T03:04:52.0977447Z Receiving objects:  39% (399/1021)
2022-10-03T03:04:52.0977698Z Receiving objects:  40% (409/1021)
2022-10-03T03:04:52.0977944Z Receiving objects:  41% (419/1021)
2022-10-03T03:04:52.0978173Z Receiving objects:  42% (429/1021)
2022-10-03T03:04:52.0978419Z Receiving objects:  43% (440/1021)
2022-10-03T03:04:52.0978665Z Receiving objects:  44% (450/1021)
2022-10-03T03:04:52.0978910Z Receiving objects:  45% (460/1021)
2022-10-03T03:04:52.0979139Z Receiving objects:  46% (470/1021)
2022-10-03T03:04:52.0979385Z Receiving objects:  47% (480/1021)
2022-10-03T03:04:52.0979641Z Receiving objects:  48% (491/1021)
2022-10-03T03:04:52.0979885Z Receiving objects:  49% (501/1021)
2022-10-03T03:04:52.0980114Z Receiving objects:  50% (511/1021)
2022-10-03T03:04:52.0992104Z Receiving objects:  51% (521/1021)
2022-10-03T03:04:52.0995029Z Receiving objects:  52% (531/1021)
2022-10-03T03:04:52.1010917Z Receiving objects:  53% (542/1021)
2022-10-03T03:04:52.1036489Z Receiving objects:  54% (552/1021)
2022-10-03T03:04:52.1037153Z Receiving objects:  55% (562/1021)
2022-10-03T03:04:52.1062708Z Receiving objects:  56% (572/1021)
2022-10-03T03:04:52.1079407Z Receiving objects:  57% (582/1021)
2022-10-03T03:04:52.1084432Z Receiving objects:  58% (593/1021)
2022-10-03T03:04:52.1095800Z Receiving objects:  59% (603/1021)
2022-10-03T03:04:52.1096103Z Receiving objects:  60% (613/1021)
2022-10-03T03:04:52.1240669Z Receiving objects:  61% (623/1021)
2022-10-03T03:04:52.1240953Z Receiving objects:  62% (634/1021)
2022-10-03T03:04:52.1241217Z Receiving objects:  63% (644/1021)
2022-10-03T03:04:52.1242060Z Receiving objects:  64% (654/1021)
2022-10-03T03:04:52.1242322Z Receiving objects:  65% (664/1021)
2022-10-03T03:04:52.1242556Z Receiving objects:  66% (674/1021)
2022-10-03T03:04:52.1243106Z Receiving objects:  67% (685/1021)
2022-10-03T03:04:52.1243363Z Receiving objects:  68% (695/1021)
2022-10-03T03:04:52.1243611Z Receiving objects:  69% (705/1021)
2022-10-03T03:04:52.1243849Z Receiving objects:  70% (715/1021)
2022-10-03T03:04:52.1244557Z Receiving objects:  71% (725/1021)
2022-10-03T03:04:52.1244811Z Receiving objects:  72% (736/1021)
2022-10-03T03:04:52.1245053Z Receiving objects:  73% (746/1021)
2022-10-03T03:04:52.1254865Z Receiving objects:  74% (756/1021)
2022-10-03T03:04:52.1255162Z Receiving objects:  75% (766/1021)
2022-10-03T03:04:52.1271332Z Receiving objects:  76% (776/1021)
2022-10-03T03:04:52.1280305Z Receiving objects:  77% (787/1021)
2022-10-03T03:04:52.1280988Z Receiving objects:  78% (797/1021)
2022-10-03T03:04:52.1298077Z Receiving objects:  79% (807/1021)
2022-10-03T03:04:52.1303149Z Receiving objects:  80% (817/1021)
2022-10-03T03:04:52.1311831Z Receiving objects:  81% (828/1021)
2022-10-03T03:04:52.1312113Z Receiving objects:  82% (838/1021)
2022-10-03T03:04:52.1316123Z Receiving objects:  83% (848/1021)
2022-10-03T03:04:52.1318738Z Receiving objects:  84% (858/1021)
2022-10-03T03:04:52.1318998Z Receiving objects:  85% (868/1021)
2022-10-03T03:04:52.1323372Z Receiving objects:  86% (879/1021)
2022-10-03T03:04:52.1323652Z Receiving objects:  87% (889/1021)
2022-10-03T03:04:52.1323897Z Receiving objects:  88% (899/1021)
2022-10-03T03:04:52.1345516Z Receiving objects:  89% (909/1021)
2022-10-03T03:04:52.1346511Z Receiving objects:  90% (919/1021)
2022-10-03T03:04:52.1346972Z Receiving objects:  91% (930/1021)
2022-10-03T03:04:52.1347228Z Receiving objects:  92% (940/1021)
2022-10-03T03:04:52.1347480Z Receiving objects:  93% (950/1021)
2022-10-03T03:04:52.1348743Z Receiving objects:  94% (960/1021)
2022-10-03T03:04:52.1348982Z Receiving objects:  95% (970/1021)
2022-10-03T03:04:52.1355354Z Receiving objects:  96% (981/1021)
2022-10-03T03:04:52.1355641Z Receiving objects:  97% (991/1021)
2022-10-03T03:04:52.1356379Z Receiving objects:  98% (1001/1021)
2022-10-03T03:04:52.1394002Z Receiving objects:  99% (1011/1021)
2022-10-03T03:04:52.1394687Z remote: Total 1021 (delta 459), reused 925 (delta 428), pack-reused 0        
2022-10-03T03:04:52.1395000Z Receiving objects: 100% (1021/1021)
2022-10-03T03:04:52.1395473Z Receiving objects: 100% (1021/1021), 2.44 MiB | 39.06 MiB/s, done.
2022-10-03T03:04:52.1402537Z Resolving deltas:   0% (0/459)
2022-10-03T03:04:52.1412833Z Resolving deltas:   1% (5/459)
2022-10-03T03:04:52.1422665Z Resolving deltas:   2% (10/459)
2022-10-03T03:04:52.1433231Z Resolving deltas:   3% (14/459)
2022-10-03T03:04:52.1442580Z Resolving deltas:   4% (19/459)
2022-10-03T03:04:52.1451996Z Resolving deltas:   5% (23/459)
2022-10-03T03:04:52.1461589Z Resolving deltas:   6% (28/459)
2022-10-03T03:04:52.1472583Z Resolving deltas:   7% (33/459)
2022-10-03T03:04:52.1483560Z Resolving deltas:   8% (37/459)
2022-10-03T03:04:52.1492879Z Resolving deltas:   9% (42/459)
2022-10-03T03:04:52.1507966Z Resolving deltas:  10% (46/459)
2022-10-03T03:04:52.1523385Z Resolving deltas:  11% (51/459)
2022-10-03T03:04:52.1523884Z Resolving deltas:  12% (56/459)
2022-10-03T03:04:52.1528487Z Resolving deltas:  13% (60/459)
2022-10-03T03:04:52.1529025Z Resolving deltas:  14% (65/459)
2022-10-03T03:04:52.1531530Z Resolving deltas:  15% (69/459)
2022-10-03T03:04:52.1533004Z Resolving deltas:  16% (74/459)
2022-10-03T03:04:52.1534314Z Resolving deltas:  17% (79/459)
2022-10-03T03:04:52.1534858Z Resolving deltas:  18% (83/459)
2022-10-03T03:04:52.1536533Z Resolving deltas:  19% (88/459)
2022-10-03T03:04:52.1536996Z Resolving deltas:  20% (92/459)
2022-10-03T03:04:52.1538627Z Resolving deltas:  21% (97/459)
2022-10-03T03:04:52.1539099Z Resolving deltas:  22% (101/459)
2022-10-03T03:04:52.1540365Z Resolving deltas:  23% (106/459)
2022-10-03T03:04:52.1544009Z Resolving deltas:  24% (111/459)
2022-10-03T03:04:52.1544742Z Resolving deltas:  25% (115/459)
2022-10-03T03:04:52.1546185Z Resolving deltas:  26% (120/459)
2022-10-03T03:04:52.1546887Z Resolving deltas:  27% (124/459)
2022-10-03T03:04:52.1547572Z Resolving deltas:  28% (129/459)
2022-10-03T03:04:52.1547989Z Resolving deltas:  29% (134/459)
2022-10-03T03:04:52.1548623Z Resolving deltas:  30% (138/459)
2022-10-03T03:04:52.1549052Z Resolving deltas:  31% (143/459)
2022-10-03T03:04:52.1549687Z Resolving deltas:  32% (147/459)
2022-10-03T03:04:52.1550096Z Resolving deltas:  33% (152/459)
2022-10-03T03:04:52.1550784Z Resolving deltas:  34% (157/459)
2022-10-03T03:04:52.1551207Z Resolving deltas:  35% (161/459)
2022-10-03T03:04:52.1551830Z Resolving deltas:  36% (166/459)
2022-10-03T03:04:52.1552252Z Resolving deltas:  37% (170/459)
2022-10-03T03:04:52.1645242Z Resolving deltas:  38% (175/459)
2022-10-03T03:04:52.1650295Z Resolving deltas:  39% (180/459)
2022-10-03T03:04:52.1653657Z Resolving deltas:  40% (184/459)
2022-10-03T03:04:52.1657652Z Resolving deltas:  41% (189/459)
2022-10-03T03:04:52.1681817Z Resolving deltas:  42% (193/459)
2022-10-03T03:04:52.1702481Z Resolving deltas:  43% (198/459)
2022-10-03T03:04:52.1714718Z Resolving deltas:  44% (202/459)
2022-10-03T03:04:52.1720103Z Resolving deltas:  45% (207/459)
2022-10-03T03:04:52.1742994Z Resolving deltas:  46% (212/459)
2022-10-03T03:04:52.1774855Z Resolving deltas:  47% (216/459)
2022-10-03T03:04:52.1778388Z Resolving deltas:  48% (221/459)
2022-10-03T03:04:52.1782011Z Resolving deltas:  49% (225/459)
2022-10-03T03:04:52.1798642Z Resolving deltas:  50% (230/459)
2022-10-03T03:04:52.1829376Z Resolving deltas:  51% (235/459)
2022-10-03T03:04:52.1844274Z Resolving deltas:  52% (239/459)
2022-10-03T03:04:52.1864486Z Resolving deltas:  53% (244/459)
2022-10-03T03:04:52.1906310Z Resolving deltas:  54% (248/459)
2022-10-03T03:04:52.1908273Z Resolving deltas:  55% (253/459)
2022-10-03T03:04:52.1908662Z Resolving deltas:  56% (258/459)
2022-10-03T03:04:52.1909283Z Resolving deltas:  57% (262/459)
2022-10-03T03:04:52.1909898Z Resolving deltas:  58% (267/459)
2022-10-03T03:04:52.1911139Z Resolving deltas:  59% (271/459)
2022-10-03T03:04:52.1911710Z Resolving deltas:  60% (276/459)
2022-10-03T03:04:52.1912316Z Resolving deltas:  61% (280/459)
2022-10-03T03:04:52.1912886Z Resolving deltas:  62% (285/459)
2022-10-03T03:04:52.1913464Z Resolving deltas:  63% (290/459)
2022-10-03T03:04:52.1914008Z Resolving deltas:  64% (294/459)
2022-10-03T03:04:52.1914572Z Resolving deltas:  65% (299/459)
2022-10-03T03:04:52.1917059Z Resolving deltas:  66% (303/459)
2022-10-03T03:04:52.1917434Z Resolving deltas:  67% (308/459)
2022-10-03T03:04:52.1918488Z Resolving deltas:  68% (313/459)
2022-10-03T03:04:52.1919118Z Resolving deltas:  69% (317/459)
2022-10-03T03:04:52.1920332Z Resolving deltas:  70% (322/459)
2022-10-03T03:04:52.1922356Z Resolving deltas:  71% (326/459)
2022-10-03T03:04:52.1924001Z Resolving deltas:  72% (331/459)
2022-10-03T03:04:52.1924456Z Resolving deltas:  73% (336/459)
2022-10-03T03:04:52.1932216Z Resolving deltas:  74% (340/459)
2022-10-03T03:04:52.1934196Z Resolving deltas:  75% (345/459)
2022-10-03T03:04:52.1938793Z Resolving deltas:  76% (349/459)
2022-10-03T03:04:52.1945210Z Resolving deltas:  77% (354/459)
2022-10-03T03:04:52.1947903Z Resolving deltas:  78% (359/459)
2022-10-03T03:04:52.1953611Z Resolving deltas:  79% (363/459)
2022-10-03T03:04:52.1963439Z Resolving deltas:  80% (368/459)
2022-10-03T03:04:52.1971610Z Resolving deltas:  81% (372/459)
2022-10-03T03:04:52.1977055Z Resolving deltas:  82% (377/459)
2022-10-03T03:04:52.1980202Z Resolving deltas:  83% (381/459)
2022-10-03T03:04:52.1983933Z Resolving deltas:  84% (386/459)
2022-10-03T03:04:52.1986867Z Resolving deltas:  85% (391/459)
2022-10-03T03:04:52.1990051Z Resolving deltas:  86% (395/459)
2022-10-03T03:04:52.1992950Z Resolving deltas:  87% (400/459)
2022-10-03T03:04:52.2001195Z Resolving deltas:  88% (404/459)
2022-10-03T03:04:52.2006355Z Resolving deltas:  89% (409/459)
2022-10-03T03:04:52.2011731Z Resolving deltas:  90% (414/459)
2022-10-03T03:04:52.2018658Z Resolving deltas:  91% (418/459)
2022-10-03T03:04:52.2025462Z Resolving deltas:  92% (423/459)
2022-10-03T03:04:52.2027969Z Resolving deltas:  93% (427/459)
2022-10-03T03:04:52.2033568Z Resolving deltas:  94% (432/459)
2022-10-03T03:04:52.2036572Z Resolving deltas:  95% (437/459)
2022-10-03T03:04:52.2043450Z Resolving deltas:  96% (441/459)
2022-10-03T03:04:52.2052515Z Resolving deltas:  97% (446/459)
2022-10-03T03:04:52.2063623Z Resolving deltas:  98% (450/459)
2022-10-03T03:04:52.2078436Z Resolving deltas:  99% (455/459)
2022-10-03T03:04:52.2078842Z Resolving deltas: 100% (459/459)
2022-10-03T03:04:52.2079753Z Resolving deltas: 100% (459/459), done.
2022-10-03T03:04:52.2203911Z From https://github.com/seanpm2001/GitHub_Stats_A
2022-10-03T03:04:52.2205024Z  * [new ref]         8c6def6cc720482a2fe7b7570101632b6d69e62e -> origin/master
2022-10-03T03:04:52.2225247Z ##[endgroup]
2022-10-03T03:04:52.2225977Z ##[group]Determining the checkout info
2022-10-03T03:04:52.2227877Z ##[endgroup]
2022-10-03T03:04:52.2228551Z ##[group]Checking out the ref
2022-10-03T03:04:52.2232777Z [command]/usr/bin/git checkout --progress --force -B master refs/remotes/origin/master
2022-10-03T03:04:52.3404493Z Reset branch 'master'
2022-10-03T03:04:52.3431211Z branch 'master' set up to track 'origin/master'.
2022-10-03T03:04:52.3431847Z ##[endgroup]
2022-10-03T03:04:52.3476351Z [command]/usr/bin/git log -1 --format='%H'
2022-10-03T03:04:52.3506502Z '8c6def6cc720482a2fe7b7570101632b6d69e62e'
2022-10-03T03:04:52.3823131Z ##[group]Run actions/setup-python@v2
2022-10-03T03:04:52.3823426Z with:
2022-10-03T03:04:52.3823729Z   python-version: 3.8
2022-10-03T03:04:52.3824085Z   architecture: x64
2022-10-03T03:04:52.3824564Z   token: ***
2022-10-03T03:04:52.3824800Z ##[endgroup]
2022-10-03T03:04:52.5385665Z Successfully setup CPython (3.8.14)
2022-10-03T03:04:52.9265066Z ##[group]Run actions/cache@v2
2022-10-03T03:04:52.9265409Z with:
2022-10-03T03:04:52.9265686Z   path: ~/.cache/pip
2022-10-03T03:04:52.9266148Z   key: Linux-pip-60f2a6c0212a9b74a155cd81b58dd07fd8b180833132566260d95f4de42fe218
2022-10-03T03:04:52.9266545Z   restore-keys: Linux-pip-

2022-10-03T03:04:52.9267074Z env:
2022-10-03T03:04:52.9267422Z   pythonLocation: /opt/hostedtoolcache/Python/3.8.14/x64
2022-10-03T03:04:52.9267878Z   LD_LIBRARY_PATH: /opt/hostedtoolcache/Python/3.8.14/x64/lib
2022-10-03T03:04:52.9268178Z ##[endgroup]
2022-10-03T03:04:53.5309507Z Received 4175495 of 4175495 (100.0%), 24.3 MBs/sec
2022-10-03T03:04:53.5310697Z Cache Size: ~4 MB (4175495 B)
2022-10-03T03:04:53.5333964Z [command]/usr/bin/tar --use-compress-program zstd -d -xf /home/runner/work/_temp/72080266-d59e-4db9-abcc-99730c9bb55c/cache.tzst -P -C /home/runner/work/GitHub_Stats_A/GitHub_Stats_A
2022-10-03T03:04:53.5521341Z Cache restored successfully
2022-10-03T03:04:53.5565593Z 
2022-10-03T03:04:53.5567963Z Cache restored from key: Linux-pip-60f2a6c0212a9b74a155cd81b58dd07fd8b180833132566260d95f4de42fe218
2022-10-03T03:04:53.5703247Z ##[group]Run python3 -m pip install --upgrade pip setuptools wheel
2022-10-03T03:04:53.5703713Z [36;1mpython3 -m pip install --upgrade pip setuptools wheel[0m
2022-10-03T03:04:53.5704065Z [36;1mpython3 -m pip install -r requirements.txt[0m
2022-10-03T03:04:53.5761367Z shell: /usr/bin/bash -e {0}
2022-10-03T03:04:53.5761646Z env:
2022-10-03T03:04:53.5761938Z   pythonLocation: /opt/hostedtoolcache/Python/3.8.14/x64
2022-10-03T03:04:53.5762295Z   LD_LIBRARY_PATH: /opt/hostedtoolcache/Python/3.8.14/x64/lib
2022-10-03T03:04:53.5762594Z ##[endgroup]
2022-10-03T03:04:54.4095747Z Requirement already satisfied: pip in /opt/hostedtoolcache/Python/3.8.14/x64/lib/python3.8/site-packages (22.2.2)
2022-10-03T03:04:54.5100522Z Requirement already satisfied: setuptools in /opt/hostedtoolcache/Python/3.8.14/x64/lib/python3.8/site-packages (56.0.0)
2022-10-03T03:04:54.7757350Z Collecting setuptools
2022-10-03T03:04:54.7985632Z   Downloading setuptools-65.4.1-py3-none-any.whl (1.2 MB)
2022-10-03T03:04:54.8189159Z      ━━━━━━━━━━━━━━━━━━━━━━━━━━━━━━━━━━━━━━━━ 1.2/1.2 MB 75.0 MB/s eta 0:00:00
2022-10-03T03:04:54.8659944Z Collecting wheel
2022-10-03T03:04:54.8682258Z   Using cached wheel-0.37.1-py2.py3-none-any.whl (35 kB)
2022-10-03T03:04:54.9860947Z Installing collected packages: wheel, setuptools
2022-10-03T03:04:55.0160451Z   Attempting uninstall: setuptools
2022-10-03T03:04:55.0167977Z     Found existing installation: setuptools 56.0.0
2022-10-03T03:04:55.0669902Z     Uninstalling setuptools-56.0.0:
2022-10-03T03:04:55.0779401Z       Successfully uninstalled setuptools-56.0.0
2022-10-03T03:04:55.6109788Z Successfully installed setuptools-65.4.1 wheel-0.37.1
2022-10-03T03:04:56.3730659Z Collecting requests
2022-10-03T03:04:56.3753543Z   Using cached requests-2.28.1-py3-none-any.whl (62 kB)
2022-10-03T03:04:56.7919162Z Collecting aiohttp
2022-10-03T03:04:56.8124859Z   Downloading aiohttp-3.8.3-cp38-cp38-manylinux_2_17_x86_64.manylinux2014_x86_64.whl (1.0 MB)
2022-10-03T03:04:56.8303681Z      ━━━━━━━━━━━━━━━━━━━━━━━━━━━━━━━━━━━━━━━━ 1.0/1.0 MB 70.4 MB/s eta 0:00:00
2022-10-03T03:04:56.8723238Z Collecting certifi>=2017.4.17
2022-10-03T03:04:56.8770914Z   Downloading certifi-2022.9.24-py3-none-any.whl (161 kB)
2022-10-03T03:04:56.8835113Z      ━━━━━━━━━━━━━━━━━━━━━━━━━━━━━━━━━━━━━━ 161.1/161.1 kB 46.3 MB/s eta 0:00:00
2022-10-03T03:04:56.9352712Z Collecting urllib3<1.27,>=1.21.1
2022-10-03T03:04:56.9376497Z   Using cached urllib3-1.26.12-py2.py3-none-any.whl (140 kB)
2022-10-03T03:04:56.9886799Z Collecting charset-normalizer<3,>=2
2022-10-03T03:04:56.9905983Z   Using cached charset_normalizer-2.1.1-py3-none-any.whl (39 kB)
2022-10-03T03:04:57.0129769Z Collecting idna<4,>=2.5
2022-10-03T03:04:57.0192946Z   Downloading idna-3.4-py3-none-any.whl (61 kB)
2022-10-03T03:04:57.0243610Z      ━━━━━━━━━━━━━━━━━━━━━━━━━━━━━━━━━━━━━━━━ 61.5/61.5 kB 23.1 MB/s eta 0:00:00
2022-10-03T03:04:57.0641215Z Collecting attrs>=17.3.0
2022-10-03T03:04:57.0660662Z   Using cached attrs-22.1.0-py2.py3-none-any.whl (58 kB)
2022-10-03T03:04:57.4297133Z Collecting multidict<7.0,>=4.5
2022-10-03T03:04:57.4320104Z   Using cached multidict-6.0.2-cp38-cp38-manylinux_2_17_x86_64.manylinux2014_x86_64.whl (121 kB)
2022-10-03T03:04:57.4530989Z Collecting async-timeout<5.0,>=4.0.0a3
2022-10-03T03:04:57.4550564Z   Using cached async_timeout-4.0.2-py3-none-any.whl (5.8 kB)
2022-10-03T03:04:57.4943384Z Collecting aiosignal>=1.1.2
2022-10-03T03:04:57.4964396Z   Using cached aiosignal-1.2.0-py3-none-any.whl (8.2 kB)
2022-10-03T03:04:57.5871759Z Collecting frozenlist>=1.1.1
2022-10-03T03:04:57.5895788Z   Using cached frozenlist-1.3.1-cp38-cp38-manylinux_2_5_x86_64.manylinux1_x86_64.manylinux_2_17_x86_64.manylinux2014_x86_64.whl (161 kB)
2022-10-03T03:04:57.7937179Z Collecting yarl<2.0,>=1.0
2022-10-03T03:04:57.7965849Z   Using cached yarl-1.8.1-cp38-cp38-manylinux_2_17_x86_64.manylinux2014_x86_64.whl (262 kB)
2022-10-03T03:04:58.0201207Z Installing collected packages: urllib3, multidict, idna, frozenlist, charset-normalizer, certifi, attrs, async-timeout, yarl, requests, aiosignal, aiohttp
2022-10-03T03:04:58.5042702Z Successfully installed aiohttp-3.8.3 aiosignal-1.2.0 async-timeout-4.0.2 attrs-22.1.0 certifi-2022.9.24 charset-normalizer-2.1.1 frozenlist-1.3.1 idna-3.4 multidict-6.0.2 requests-2.28.1 urllib3-1.26.12 yarl-1.8.1
2022-10-03T03:04:58.6883084Z ##[group]Run python3 --version
2022-10-03T03:04:58.6883401Z [36;1mpython3 --version[0m
2022-10-03T03:04:58.6883662Z [36;1mpython3 generate_images.py[0m
2022-10-03T03:04:58.6940057Z shell: /usr/bin/bash -e {0}
2022-10-03T03:04:58.6940307Z env:
2022-10-03T03:04:58.6940608Z   pythonLocation: /opt/hostedtoolcache/Python/3.8.14/x64
2022-10-03T03:04:58.6940986Z   LD_LIBRARY_PATH: /opt/hostedtoolcache/Python/3.8.14/x64/lib
2022-10-03T03:04:58.6941648Z   ACCESS_TOKEN: ***
2022-10-03T03:04:58.6942011Z   GITHUB_TOKEN: ***
2022-10-03T03:04:58.6942243Z   EXCLUDED: 
2022-10-03T03:04:58.6942458Z   EXCLUDED_LANGS: 
2022-10-03T03:04:58.6942704Z   EXCLUDE_FORKED_REPOS: true
2022-10-03T03:04:58.6942953Z ##[endgroup]
2022-10-03T03:04:58.7038913Z Python 3.8.14
2022-10-03T03:14:10.1322578Z A path returned 202. Retrying...
2022-10-03T03:14:10.1323213Z A path returned 202. Retrying...
2022-10-03T03:14:10.1323606Z A path returned 202. Retrying...
2022-10-03T03:14:10.1324096Z A path returned 202. Retrying...
2022-10-03T03:14:10.1324497Z A path returned 202. Retrying...
2022-10-03T03:14:10.1324877Z A path returned 202. Retrying...
2022-10-03T03:14:10.1325254Z A path returned 202. Retrying...
2022-10-03T03:14:10.1325686Z A path returned 202. Retrying...
2022-10-03T03:14:10.1326692Z A path returned 202. Retrying...
2022-10-03T03:14:10.1326975Z A path returned 202. Retrying...
2022-10-03T03:14:10.1327349Z A path returned 202. Retrying...
2022-10-03T03:14:10.1327715Z A path returned 202. Retrying...
2022-10-03T03:14:10.1328077Z A path returned 202. Retrying...
2022-10-03T03:14:10.1328441Z A path returned 202. Retrying...
2022-10-03T03:14:10.1328850Z A path returned 202. Retrying...
2022-10-03T03:14:10.1329133Z A path returned 202. Retrying...
2022-10-03T03:14:10.1329505Z A path returned 202. Retrying...
2022-10-03T03:14:10.1329873Z A path returned 202. Retrying...
2022-10-03T03:14:10.1330246Z A path returned 202. Retrying...
2022-10-03T03:14:10.1330613Z A path returned 202. Retrying...
2022-10-03T03:14:10.1330988Z A path returned 202. Retrying...
2022-10-03T03:14:10.1331355Z A path returned 202. Retrying...
2022-10-03T03:14:10.1331721Z A path returned 202. Retrying...
2022-10-03T03:14:10.1332085Z A path returned 202. Retrying...
2022-10-03T03:14:10.1332452Z A path returned 202. Retrying...
2022-10-03T03:14:10.1332813Z A path returned 202. Retrying...
2022-10-03T03:14:10.1333161Z A path returned 202. Retrying...
2022-10-03T03:14:10.1333534Z A path returned 202. Retrying...
2022-10-03T03:14:10.1333904Z A path returned 202. Retrying...
2022-10-03T03:14:10.1334273Z A path returned 202. Retrying...
2022-10-03T03:14:10.1334641Z A path returned 202. Retrying...
2022-10-03T03:14:10.1335009Z A path returned 202. Retrying...
2022-10-03T03:14:10.1335378Z A path returned 202. Retrying...
2022-10-03T03:14:10.1335753Z A path returned 202. Retrying...
2022-10-03T03:14:10.1336120Z A path returned 202. Retrying...
2022-10-03T03:14:10.1336486Z A path returned 202. Retrying...
2022-10-03T03:14:10.1336862Z A path returned 202. Retrying...
2022-10-03T03:14:10.1337231Z A path returned 202. Retrying...
2022-10-03T03:14:10.1337586Z A path returned 202. Retrying...
2022-10-03T03:14:10.1337956Z A path returned 202. Retrying...
2022-10-03T03:14:10.1338819Z A path returned 202. Retrying...
2022-10-03T03:14:10.1339191Z A path returned 202. Retrying...
2022-10-03T03:14:10.1339567Z A path returned 202. Retrying...
2022-10-03T03:14:10.1339940Z A path returned 202. Retrying...
2022-10-03T03:14:10.1340311Z A path returned 202. Retrying...
2022-10-03T03:14:10.1340676Z A path returned 202. Retrying...
2022-10-03T03:14:10.1341041Z A path returned 202. Retrying...
2022-10-03T03:14:10.1341402Z A path returned 202. Retrying...
2022-10-03T03:14:10.1341764Z A path returned 202. Retrying...
2022-10-03T03:14:10.1342128Z A path returned 202. Retrying...
2022-10-03T03:14:10.1342479Z A path returned 202. Retrying...
2022-10-03T03:14:10.1342846Z A path returned 202. Retrying...
2022-10-03T03:14:10.1343218Z A path returned 202. Retrying...
2022-10-03T03:14:10.1343782Z A path returned 202. Retrying...
2022-10-03T03:14:10.1344176Z A path returned 202. Retrying...
2022-10-03T03:14:10.1344544Z A path returned 202. Retrying...
2022-10-03T03:14:10.1344911Z A path returned 202. Retrying...
2022-10-03T03:14:10.1345287Z A path returned 202. Retrying...
2022-10-03T03:14:10.1345654Z A path returned 202. Retrying...
2022-10-03T03:14:10.1346157Z A path returned 202. Retrying...
2022-10-03T03:14:10.1346445Z A path returned 202. Retrying...
2022-10-03T03:14:10.1346988Z A path returned 202. Retrying...
2022-10-03T03:14:10.1347263Z A path returned 202. Retrying...
2022-10-03T03:14:10.1347544Z A path returned 202. Retrying...
2022-10-03T03:14:10.1347833Z A path returned 202. Retrying...
2022-10-03T03:14:10.1348116Z A path returned 202. Retrying...
2022-10-03T03:14:10.1348397Z A path returned 202. Retrying...
2022-10-03T03:14:10.1348678Z A path returned 202. Retrying...
2022-10-03T03:14:10.1348962Z A path returned 202. Retrying...
2022-10-03T03:14:10.1349237Z A path returned 202. Retrying...
2022-10-03T03:14:10.1349526Z A path returned 202. Retrying...
2022-10-03T03:14:10.1349804Z A path returned 202. Retrying...
2022-10-03T03:14:10.1350083Z A path returned 202. Retrying...
2022-10-03T03:14:10.1350366Z A path returned 202. Retrying...
2022-10-03T03:14:10.1350644Z A path returned 202. Retrying...
2022-10-03T03:14:10.1350921Z A path returned 202. Retrying...
2022-10-03T03:14:10.1351205Z A path returned 202. Retrying...
2022-10-03T03:14:10.1351471Z A path returned 202. Retrying...
2022-10-03T03:14:10.1351753Z A path returned 202. Retrying...
2022-10-03T03:14:10.1352035Z A path returned 202. Retrying...
2022-10-03T03:14:10.1352314Z A path returned 202. Retrying...
2022-10-03T03:14:10.1352593Z A path returned 202. Retrying...
2022-10-03T03:14:10.1352872Z A path returned 202. Retrying...
2022-10-03T03:14:10.1353150Z A path returned 202. Retrying...
2022-10-03T03:14:10.1353429Z A path returned 202. Retrying...
2022-10-03T03:14:10.1353695Z A path returned 202. Retrying...
2022-10-03T03:14:10.1354133Z A path returned 202. Retrying...
2022-10-03T03:14:10.1354504Z A path returned 202. Retrying...
2022-10-03T03:14:10.1354875Z A path returned 202. Retrying...
2022-10-03T03:14:10.1355240Z A path returned 202. Retrying...
2022-10-03T03:14:10.1355609Z A path returned 202. Retrying...
2022-10-03T03:14:10.1355975Z A path returned 202. Retrying...
2022-10-03T03:14:10.1356346Z A path returned 202. Retrying...
2022-10-03T03:14:10.1356714Z A path returned 202. Retrying...
2022-10-03T03:14:10.1357081Z A path returned 202. Retrying...
2022-10-03T03:14:10.1357451Z A path returned 202. Retrying...
2022-10-03T03:14:10.1357814Z A path returned 202. Retrying...
2022-10-03T03:14:10.1358174Z A path returned 202. Retrying...
2022-10-03T03:14:10.1358543Z A path returned 202. Retrying...
2022-10-03T03:14:10.1358914Z A path returned 202. Retrying...
2022-10-03T03:14:10.1359282Z A path returned 202. Retrying...
2022-10-03T03:14:10.1359672Z A path returned 202. Retrying...
2022-10-03T03:14:10.1360039Z A path returned 202. Retrying...
2022-10-03T03:14:10.1360411Z A path returned 202. Retrying...
2022-10-03T03:14:10.1360778Z A path returned 202. Retrying...
2022-10-03T03:14:10.1361147Z A path returned 202. Retrying...
2022-10-03T03:14:10.1361739Z A path returned 202. Retrying...
2022-10-03T03:14:10.1362106Z A path returned 202. Retrying...
2022-10-03T03:14:10.1362471Z A path returned 202. Retrying...
2022-10-03T03:14:10.1362827Z A path returned 202. Retrying...
2022-10-03T03:14:10.1363197Z A path returned 202. Retrying...
2022-10-03T03:14:10.1363569Z A path returned 202. Retrying...
2022-10-03T03:14:10.1363934Z A path returned 202. Retrying...
2022-10-03T03:14:10.1364299Z A path returned 202. Retrying...
2022-10-03T03:14:10.1364672Z A path returned 202. Retrying...
2022-10-03T03:14:10.1365038Z A path returned 202. Retrying...
2022-10-03T03:14:10.1365405Z A path returned 202. Retrying...
2022-10-03T03:14:10.1365776Z A path returned 202. Retrying...
2022-10-03T03:14:10.1366140Z A path returned 202. Retrying...
2022-10-03T03:14:10.1366615Z A path returned 202. Retrying...
2022-10-03T03:14:10.1366996Z A path returned 202. Retrying...
2022-10-03T03:14:10.1367349Z A path returned 202. Retrying...
2022-10-03T03:14:10.1367726Z A path returned 202. Retrying...
2022-10-03T03:14:10.1368096Z A path returned 202. Retrying...
2022-10-03T03:14:10.1368401Z A path returned 202. Retrying...
2022-10-03T03:14:10.1368772Z A path returned 202. Retrying...
2022-10-03T03:14:10.1369149Z A path returned 202. Retrying...
2022-10-03T03:14:10.1369514Z A path returned 202. Retrying...
2022-10-03T03:14:10.1369885Z A path returned 202. Retrying...
2022-10-03T03:14:10.1370248Z A path returned 202. Retrying...
2022-10-03T03:14:10.1370613Z A path returned 202. Retrying...
2022-10-03T03:14:10.1370981Z A path returned 202. Retrying...
2022-10-03T03:14:10.1371345Z A path returned 202. Retrying...
2022-10-03T03:14:10.1371698Z A path returned 202. Retrying...
2022-10-03T03:14:10.1372062Z A path returned 202. Retrying...
2022-10-03T03:14:10.1372428Z A path returned 202. Retrying...
2022-10-03T03:14:10.1372799Z A path returned 202. Retrying...
2022-10-03T03:14:10.1373162Z A path returned 202. Retrying...
2022-10-03T03:14:10.1373527Z A path returned 202. Retrying...
2022-10-03T03:14:10.1373898Z A path returned 202. Retrying...
2022-10-03T03:14:10.1374264Z A path returned 202. Retrying...
2022-10-03T03:14:10.1374627Z A path returned 202. Retrying...
2022-10-03T03:14:10.1374992Z A path returned 202. Retrying...
2022-10-03T03:14:10.1375354Z A path returned 202. Retrying...
2022-10-03T03:14:10.1375718Z A path returned 202. Retrying...
2022-10-03T03:14:10.1376062Z A path returned 202. Retrying...
2022-10-03T03:14:10.1376430Z A path returned 202. Retrying...
2022-10-03T03:14:10.1376801Z A path returned 202. Retrying...
2022-10-03T03:14:10.1377168Z A path returned 202. Retrying...
2022-10-03T03:14:10.1377533Z A path returned 202. Retrying...
2022-10-03T03:14:10.1377898Z A path returned 202. Retrying...
2022-10-03T03:14:10.1378264Z A path returned 202. Retrying...
2022-10-03T03:14:10.1378634Z A path returned 202. Retrying...
2022-10-03T03:14:10.1379001Z A path returned 202. Retrying...
2022-10-03T03:14:10.1379367Z A path returned 202. Retrying...
2022-10-03T03:14:10.1379731Z A path returned 202. Retrying...
2022-10-03T03:14:10.1380112Z A path returned 202. Retrying...
2022-10-03T03:14:10.1380459Z A path returned 202. Retrying...
2022-10-03T03:14:10.1380828Z A path returned 202. Retrying...
2022-10-03T03:14:10.1381200Z A path returned 202. Retrying...
2022-10-03T03:14:10.1381605Z A path returned 202. Retrying...
2022-10-03T03:14:10.1381969Z A path returned 202. Retrying...
2022-10-03T03:14:10.1382336Z A path returned 202. Retrying...
2022-10-03T03:14:10.1382702Z A path returned 202. Retrying...
2022-10-03T03:14:10.1383067Z A path returned 202. Retrying...
2022-10-03T03:14:10.1383435Z A path returned 202. Retrying...
2022-10-03T03:14:10.1383802Z A path returned 202. Retrying...
2022-10-03T03:14:10.1384170Z A path returned 202. Retrying...
2022-10-03T03:14:10.1384536Z A path returned 202. Retrying...
2022-10-03T03:14:10.1384893Z A path returned 202. Retrying...
2022-10-03T03:14:10.1385257Z A path returned 202. Retrying...
2022-10-03T03:14:10.1385626Z A path returned 202. Retrying...
2022-10-03T03:14:10.1386127Z A path returned 202. Retrying...
2022-10-03T03:14:10.1386493Z A path returned 202. Retrying...
2022-10-03T03:14:10.1387071Z A path returned 202. Retrying...
2022-10-03T03:14:10.1387460Z A path returned 202. Retrying...
2022-10-03T03:14:10.1387832Z A path returned 202. Retrying...
2022-10-03T03:14:10.1388199Z A path returned 202. Retrying...
2022-10-03T03:14:10.1388565Z A path returned 202. Retrying...
2022-10-03T03:14:10.1388937Z A path returned 202. Retrying...
2022-10-03T03:14:10.1389301Z A path returned 202. Retrying...
2022-10-03T03:14:10.1389652Z A path returned 202. Retrying...
2022-10-03T03:14:10.1390016Z A path returned 202. Retrying...
2022-10-03T03:14:10.1390392Z A path returned 202. Retrying...
2022-10-03T03:14:10.1390765Z A path returned 202. Retrying...
2022-10-03T03:14:10.1391250Z A path returned 202. Retrying...
2022-10-03T03:14:10.1391631Z A path returned 202. Retrying...
2022-10-03T03:14:10.1391999Z A path returned 202. Retrying...
2022-10-03T03:14:10.1392368Z A path returned 202. Retrying...
2022-10-03T03:14:10.1392740Z A path returned 202. Retrying...
2022-10-03T03:14:10.1393107Z A path returned 202. Retrying...
2022-10-03T03:14:10.1393473Z A path returned 202. Retrying...
2022-10-03T03:14:10.1393838Z A path returned 202. Retrying...
2022-10-03T03:14:10.1394214Z A path returned 202. Retrying...
2022-10-03T03:14:10.1394566Z A path returned 202. Retrying...
2022-10-03T03:14:10.1394935Z A path returned 202. Retrying...
2022-10-03T03:14:10.1395308Z A path returned 202. Retrying...
2022-10-03T03:14:10.1395673Z A path returned 202. Retrying...
2022-10-03T03:14:10.1396044Z A path returned 202. Retrying...
2022-10-03T03:14:10.1396412Z A path returned 202. Retrying...
2022-10-03T03:14:10.1396781Z A path returned 202. Retrying...
2022-10-03T03:14:10.1397148Z A path returned 202. Retrying...
2022-10-03T03:14:10.1397522Z A path returned 202. Retrying...
2022-10-03T03:14:10.1397889Z A path returned 202. Retrying...
2022-10-03T03:14:10.1398253Z A path returned 202. Retrying...
2022-10-03T03:14:10.1398624Z A path returned 202. Retrying...
2022-10-03T03:14:10.1398977Z A path returned 202. Retrying...
2022-10-03T03:14:10.1399345Z A path returned 202. Retrying...
2022-10-03T03:14:10.1399715Z A path returned 202. Retrying...
2022-10-03T03:14:10.1400083Z A path returned 202. Retrying...
2022-10-03T03:14:10.1400458Z A path returned 202. Retrying...
2022-10-03T03:14:10.1400824Z A path returned 202. Retrying...
2022-10-03T03:14:10.1401193Z A path returned 202. Retrying...
2022-10-03T03:14:10.1401560Z A path returned 202. Retrying...
2022-10-03T03:14:10.1401923Z A path returned 202. Retrying...
2022-10-03T03:14:10.1402289Z A path returned 202. Retrying...
2022-10-03T03:14:10.1402654Z A path returned 202. Retrying...
2022-10-03T03:14:10.1403019Z A path returned 202. Retrying...
2022-10-03T03:14:10.1403373Z A path returned 202. Retrying...
2022-10-03T03:14:10.1403744Z A path returned 202. Retrying...
2022-10-03T03:14:10.1404121Z A path returned 202. Retrying...
2022-10-03T03:14:10.1404490Z A path returned 202. Retrying...
2022-10-03T03:14:10.1404861Z A path returned 202. Retrying...
2022-10-03T03:14:10.1405230Z A path returned 202. Retrying...
2022-10-03T03:14:10.1405601Z A path returned 202. Retrying...
2022-10-03T03:14:10.1405970Z A path returned 202. Retrying...
2022-10-03T03:14:10.1406340Z A path returned 202. Retrying...
2022-10-03T03:14:10.1406718Z A path returned 202. Retrying...
2022-10-03T03:14:10.1407083Z A path returned 202. Retrying...
2022-10-03T03:14:10.1407454Z A path returned 202. Retrying...
2022-10-03T03:14:10.1407803Z A path returned 202. Retrying...
2022-10-03T03:14:10.1408176Z A path returned 202. Retrying...
2022-10-03T03:14:10.1408541Z A path returned 202. Retrying...
2022-10-03T03:14:10.1408908Z A path returned 202. Retrying...
2022-10-03T03:14:10.1409280Z A path returned 202. Retrying...
2022-10-03T03:14:10.1409662Z A path returned 202. Retrying...
2022-10-03T03:14:10.1410034Z A path returned 202. Retrying...
2022-10-03T03:14:10.1410400Z A path returned 202. Retrying...
2022-10-03T03:14:10.1410911Z A path returned 202. Retrying...
2022-10-03T03:14:10.1411276Z A path returned 202. Retrying...
2022-10-03T03:14:10.1411643Z A path returned 202. Retrying...
2022-10-03T03:14:10.1412008Z A path returned 202. Retrying...
2022-10-03T03:14:10.1412361Z A path returned 202. Retrying...
2022-10-03T03:14:10.1412733Z A path returned 202. Retrying...
2022-10-03T03:14:10.1413105Z A path returned 202. Retrying...
2022-10-03T03:14:10.1413475Z A path returned 202. Retrying...
2022-10-03T03:14:10.1413841Z A path returned 202. Retrying...
2022-10-03T03:14:10.1414208Z A path returned 202. Retrying...
2022-10-03T03:22:56.2112141Z A path returned 202. Retrying...
2022-10-03T03:22:56.2112579Z A path returned 202. Retrying...
2022-10-03T03:22:56.2112823Z A path returned 202. Retrying...
2022-10-03T03:22:56.2113404Z A path returned 202. Retrying...
2022-10-03T03:22:56.2113664Z A path returned 202. Retrying...
2022-10-03T03:22:56.2113919Z A path returned 202. Retrying...
2022-10-03T03:22:56.2114171Z A path returned 202. Retrying...
2022-10-03T03:22:56.2114426Z A path returned 202. Retrying...
2022-10-03T03:22:56.2114673Z A path returned 202. Retrying...
2022-10-03T03:22:56.2114926Z A path returned 202. Retrying...
2022-10-03T03:22:56.2115161Z A path returned 202. Retrying...
2022-10-03T03:22:56.2115404Z A path returned 202. Retrying...
2022-10-03T03:22:56.2115655Z A path returned 202. Retrying...
2022-10-03T03:22:56.2115899Z A path returned 202. Retrying...
2022-10-03T03:22:56.2116147Z A path returned 202. Retrying...
2022-10-03T03:22:56.2116391Z A path returned 202. Retrying...
2022-10-03T03:22:56.2116636Z A path returned 202. Retrying...
2022-10-03T03:22:56.2116868Z A path returned 202. Retrying...
2022-10-03T03:22:56.2117120Z A path returned 202. Retrying...
2022-10-03T03:22:56.2117365Z A path returned 202. Retrying...
2022-10-03T03:22:56.2117614Z A path returned 202. Retrying...
2022-10-03T03:22:56.2117861Z A path returned 202. Retrying...
2022-10-03T03:22:56.2118108Z A path returned 202. Retrying...
2022-10-03T03:22:56.2118356Z A path returned 202. Retrying...
2022-10-03T03:22:56.2118598Z A path returned 202. Retrying...
2022-10-03T03:22:56.2118829Z A path returned 202. Retrying...
2022-10-03T03:22:56.2119072Z A path returned 202. Retrying...
2022-10-03T03:22:56.2119314Z A path returned 202. Retrying...
2022-10-03T03:22:56.2119560Z A path returned 202. Retrying...
2022-10-03T03:22:56.2119802Z A path returned 202. Retrying...
2022-10-03T03:22:56.2120045Z A path returned 202. Retrying...
2022-10-03T03:22:56.2120291Z A path returned 202. Retrying...
2022-10-03T03:22:56.2120535Z A path returned 202. Retrying...
2022-10-03T03:22:56.2120766Z A path returned 202. Retrying...
2022-10-03T03:22:56.2121007Z A path returned 202. Retrying...
2022-10-03T03:22:56.2121251Z A path returned 202. Retrying...
2022-10-03T03:22:56.2121498Z A path returned 202. Retrying...
2022-10-03T03:22:56.2121744Z A path returned 202. Retrying...
2022-10-03T03:22:56.2121994Z A path returned 202. Retrying...
2022-10-03T03:22:56.2122244Z A path returned 202. Retrying...
2022-10-03T03:22:56.2122479Z A path returned 202. Retrying...
2022-10-03T03:22:56.2122724Z A path returned 202. Retrying...
2022-10-03T03:22:56.2122967Z A path returned 202. Retrying...
2022-10-03T03:22:56.2123211Z A path returned 202. Retrying...
2022-10-03T03:22:56.2123454Z A path returned 202. Retrying...
2022-10-03T03:22:56.2123698Z A path returned 202. Retrying...
2022-10-03T03:22:56.2123941Z A path returned 202. Retrying...
2022-10-03T03:22:56.2124183Z A path returned 202. Retrying...
2022-10-03T03:22:56.2124414Z A path returned 202. Retrying...
2022-10-03T03:22:56.2124657Z A path returned 202. Retrying...
2022-10-03T03:22:56.2124900Z A path returned 202. Retrying...
2022-10-03T03:22:56.2125144Z A path returned 202. Retrying...
2022-10-03T03:22:56.2125387Z A path returned 202. Retrying...
2022-10-03T03:22:56.2125634Z A path returned 202. Retrying...
2022-10-03T03:22:56.2125881Z A path returned 202. Retrying...
2022-10-03T03:22:56.2126128Z A path returned 202. Retrying...
2022-10-03T03:22:56.2126359Z A path returned 202. Retrying...
2022-10-03T03:22:56.2126739Z A path returned 202. Retrying...
2022-10-03T03:22:56.2126984Z A path returned 202. Retrying...
2022-10-03T03:22:56.2127231Z A path returned 202. Retrying...
2022-10-03T03:22:56.2127474Z A path returned 202. Retrying...
2022-10-03T03:22:56.2127716Z A path returned 202. Retrying...
2022-10-03T03:22:56.2127959Z A path returned 202. Retrying...
2022-10-03T03:22:56.2128189Z A path returned 202. Retrying...
2022-10-03T03:22:56.2128434Z A path returned 202. Retrying...
2022-10-03T03:22:56.2128678Z A path returned 202. Retrying...
2022-10-03T03:22:56.2128922Z A path returned 202. Retrying...
2022-10-03T03:22:56.2129166Z A path returned 202. Retrying...
2022-10-03T03:22:56.2129409Z A path returned 202. Retrying...
2022-10-03T03:22:56.2129713Z A path returned 202. Retrying...
2022-10-03T03:22:56.2129964Z A path returned 202. Retrying...
2022-10-03T03:22:56.2130196Z A path returned 202. Retrying...
2022-10-03T03:22:56.2130440Z A path returned 202. Retrying...
2022-10-03T03:22:56.2130687Z A path returned 202. Retrying...
2022-10-03T03:22:56.2130933Z A path returned 202. Retrying...
2022-10-03T03:22:56.2131177Z A path returned 202. Retrying...
2022-10-03T03:22:56.2131419Z A path returned 202. Retrying...
2022-10-03T03:22:56.2131664Z A path returned 202. Retrying...
2022-10-03T03:22:56.2131907Z A path returned 202. Retrying...
2022-10-03T03:22:56.2132144Z A path returned 202. Retrying...
2022-10-03T03:22:56.2132388Z A path returned 202. Retrying...
2022-10-03T03:22:56.2132633Z A path returned 202. Retrying...
2022-10-03T03:22:56.2132879Z A path returned 202. Retrying...
2022-10-03T03:22:56.2133123Z A path returned 202. Retrying...
2022-10-03T03:22:56.2133367Z A path returned 202. Retrying...
2022-10-03T03:22:56.2133610Z A path returned 202. Retrying...
2022-10-03T03:22:56.2133843Z A path returned 202. Retrying...
2022-10-03T03:22:56.2134088Z A path returned 202. Retrying...
2022-10-03T03:22:56.2134331Z A path returned 202. Retrying...
2022-10-03T03:22:56.2134577Z A path returned 202. Retrying...
2022-10-03T03:22:56.2134824Z A path returned 202. Retrying...
2022-10-03T03:22:56.2135067Z A path returned 202. Retrying...
2022-10-03T03:22:56.2135310Z A path returned 202. Retrying...
2022-10-03T03:22:56.2135552Z A path returned 202. Retrying...
2022-10-03T03:22:56.2135781Z A path returned 202. Retrying...
2022-10-03T03:22:56.2136025Z A path returned 202. Retrying...
2022-10-03T03:22:56.2136271Z A path returned 202. Retrying...
2022-10-03T03:22:56.2136517Z A path returned 202. Retrying...
2022-10-03T03:22:56.2136761Z A path returned 202. Retrying...
2022-10-03T03:22:56.2137006Z A path returned 202. Retrying...
2022-10-03T03:22:56.2137247Z A path returned 202. Retrying...
2022-10-03T03:22:56.2137491Z A path returned 202. Retrying...
2022-10-03T03:22:56.2137725Z A path returned 202. Retrying...
2022-10-03T03:22:56.2137972Z A path returned 202. Retrying...
2022-10-03T03:22:56.2138217Z A path returned 202. Retrying...
2022-10-03T03:22:56.2138463Z A path returned 202. Retrying...
2022-10-03T03:22:56.2138711Z A path returned 202. Retrying...
2022-10-03T03:22:56.2138954Z A path returned 202. Retrying...
2022-10-03T03:22:56.2139197Z A path returned 202. Retrying...
2022-10-03T03:22:56.2139427Z A path returned 202. Retrying...
2022-10-03T03:22:56.2139672Z A path returned 202. Retrying...
2022-10-03T03:22:56.2139915Z A path returned 202. Retrying...
2022-10-03T03:22:56.2140160Z A path returned 202. Retrying...
2022-10-03T03:22:56.2140402Z A path returned 202. Retrying...
2022-10-03T03:22:56.2140646Z A path returned 202. Retrying...
2022-10-03T03:22:56.2140888Z A path returned 202. Retrying...
2022-10-03T03:22:56.2141129Z A path returned 202. Retrying...
2022-10-03T03:22:56.2141364Z A path returned 202. Retrying...
2022-10-03T03:22:56.2141609Z A path returned 202. Retrying...
2022-10-03T03:22:56.2141860Z A path returned 202. Retrying...
2022-10-03T03:22:56.2142104Z A path returned 202. Retrying...
2022-10-03T03:22:56.2142348Z A path returned 202. Retrying...
2022-10-03T03:22:56.2142590Z A path returned 202. Retrying...
2022-10-03T03:22:56.2142916Z A path returned 202. Retrying...
2022-10-03T03:22:56.2144079Z A path returned 202. Retrying...
2022-10-03T03:22:56.2144325Z A path returned 202. Retrying...
2022-10-03T03:22:56.2144576Z A path returned 202. Retrying...
2022-10-03T03:22:56.2144805Z A path returned 202. Retrying...
2022-10-03T03:22:56.2145049Z A path returned 202. Retrying...
2022-10-03T03:22:56.2145294Z A path returned 202. Retrying...
2022-10-03T03:22:56.2145540Z A path returned 202. Retrying...
2022-10-03T03:22:56.2145784Z A path returned 202. Retrying...
2022-10-03T03:22:56.2146028Z A path returned 202. Retrying...
2022-10-03T03:22:56.2146270Z A path returned 202. Retrying...
2022-10-03T03:22:56.2146522Z A path returned 202. Retrying...
2022-10-03T03:22:56.2147104Z A path returned 202. Retrying...
2022-10-03T03:22:56.2147358Z A path returned 202. Retrying...
2022-10-03T03:22:56.2147607Z A path returned 202. Retrying...
2022-10-03T03:22:56.2147853Z A path returned 202. Retrying...
2022-10-03T03:22:56.2148107Z A path returned 202. Retrying...
2022-10-03T03:22:56.2148355Z A path returned 202. Retrying...
2022-10-03T03:22:56.2148599Z A path returned 202. Retrying...
2022-10-03T03:22:56.2148936Z A path returned 202. Retrying...
2022-10-03T03:22:56.2149169Z A path returned 202. Retrying...
2022-10-03T03:22:56.2149414Z A path returned 202. Retrying...
2022-10-03T03:22:56.2149659Z A path returned 202. Retrying...
2022-10-03T03:22:56.2149905Z A path returned 202. Retrying...
2022-10-03T03:22:56.2150149Z A path returned 202. Retrying...
2022-10-03T03:22:56.2150392Z A path returned 202. Retrying...
2022-10-03T03:22:56.2150635Z A path returned 202. Retrying...
2022-10-03T03:22:56.2150866Z A path returned 202. Retrying...
2022-10-03T03:22:56.2151109Z A path returned 202. Retrying...
2022-10-03T03:22:56.2151357Z A path returned 202. Retrying...
2022-10-03T03:22:56.2151600Z A path returned 202. Retrying...
2022-10-03T03:22:56.2151854Z A path returned 202. Retrying...
2022-10-03T03:22:56.2152095Z A path returned 202. Retrying...
2022-10-03T03:22:56.2152341Z A path returned 202. Retrying...
2022-10-03T03:22:56.2152583Z A path returned 202. Retrying...
2022-10-03T03:22:56.2152815Z A path returned 202. Retrying...
2022-10-03T03:22:56.2153058Z A path returned 202. Retrying...
2022-10-03T03:22:56.2153302Z A path returned 202. Retrying...
2022-10-03T03:22:56.2153546Z A path returned 202. Retrying...
2022-10-03T03:22:56.2153788Z A path returned 202. Retrying...
2022-10-03T03:22:56.2154032Z A path returned 202. Retrying...
2022-10-03T03:22:56.2154275Z A path returned 202. Retrying...
2022-10-03T03:22:56.2154522Z A path returned 202. Retrying...
2022-10-03T03:22:56.2154753Z A path returned 202. Retrying...
2022-10-03T03:22:56.2155002Z A path returned 202. Retrying...
2022-10-03T03:22:56.2155248Z A path returned 202. Retrying...
2022-10-03T03:22:56.2155495Z A path returned 202. Retrying...
2022-10-03T03:22:56.2155739Z A path returned 202. Retrying...
2022-10-03T03:22:56.2155987Z A path returned 202. Retrying...
2022-10-03T03:22:56.2156232Z A path returned 202. Retrying...
2022-10-03T03:22:56.2156464Z A path returned 202. Retrying...
2022-10-03T03:22:56.2156707Z A path returned 202. Retrying...
2022-10-03T03:22:56.2156954Z A path returned 202. Retrying...
2022-10-03T03:22:56.2157198Z A path returned 202. Retrying...
2022-10-03T03:22:56.2157457Z A path returned 202. Retrying...
2022-10-03T03:22:56.2157690Z A path returned 202. Retrying...
2022-10-03T03:22:56.2157938Z A path returned 202. Retrying...
2022-10-03T03:22:56.2158185Z A path returned 202. Retrying...
2022-10-03T03:22:56.2158432Z A path returned 202. Retrying...
2022-10-03T03:22:56.2158679Z A path returned 202. Retrying...
2022-10-03T03:22:56.2158928Z A path returned 202. Retrying...
2022-10-03T03:22:56.2159176Z A path returned 202. Retrying...
2022-10-03T03:22:56.2159429Z A path returned 202. Retrying...
2022-10-03T03:22:56.2159668Z A path returned 202. Retrying...
2022-10-03T03:22:56.2159917Z A path returned 202. Retrying...
2022-10-03T03:22:56.2160164Z A path returned 202. Retrying...
2022-10-03T03:22:56.2160497Z A path returned 202. Retrying...
2022-10-03T03:22:56.2160746Z A path returned 202. Retrying...
2022-10-03T03:22:56.2160992Z A path returned 202. Retrying...
2022-10-03T03:22:56.2161242Z A path returned 202. Retrying...
2022-10-03T03:22:56.2161473Z A path returned 202. Retrying...
2022-10-03T03:22:56.2161721Z A path returned 202. Retrying...
2022-10-03T03:22:56.2161967Z A path returned 202. Retrying...
2022-10-03T03:22:56.2162214Z A path returned 202. Retrying...
2022-10-03T03:22:56.2162461Z A path returned 202. Retrying...
2022-10-03T03:22:56.2162710Z A path returned 202. Retrying...
2022-10-03T03:22:56.2162960Z A path returned 202. Retrying...
2022-10-03T03:22:56.2163208Z A path returned 202. Retrying...
2022-10-03T03:22:56.2163494Z A path returned 202. Retrying...
2022-10-03T03:22:56.2163750Z A path returned 202. Retrying...
2022-10-03T03:22:56.2164001Z A path returned 202. Retrying...
2022-10-03T03:22:56.2164250Z A path returned 202. Retrying...
2022-10-03T03:22:56.2164501Z A path returned 202. Retrying...
2022-10-03T03:22:56.2164750Z A path returned 202. Retrying...
2022-10-03T03:22:56.2164997Z A path returned 202. Retrying...
2022-10-03T03:22:56.2165248Z A path returned 202. Retrying...
2022-10-03T03:22:56.2165482Z A path returned 202. Retrying...
2022-10-03T03:22:56.2165730Z A path returned 202. Retrying...
2022-10-03T03:22:56.2165979Z A path returned 202. Retrying...
2022-10-03T03:22:56.2166229Z A path returned 202. Retrying...
2022-10-03T03:22:56.2166485Z A path returned 202. Retrying...
2022-10-03T03:22:56.2166736Z A path returned 202. Retrying...
2022-10-03T03:22:56.2166986Z A path returned 202. Retrying...
2022-10-03T03:22:56.2167223Z A path returned 202. Retrying...
2022-10-03T03:22:56.2167478Z A path returned 202. Retrying...
2022-10-03T03:22:56.2167734Z A path returned 202. Retrying...
2022-10-03T03:22:56.2167980Z A path returned 202. Retrying...
2022-10-03T03:22:56.2168229Z A path returned 202. Retrying...
2022-10-03T03:22:56.2168475Z A path returned 202. Retrying...
2022-10-03T03:22:56.2168730Z A path returned 202. Retrying...
2022-10-03T03:22:56.2168976Z A path returned 202. Retrying...
2022-10-03T03:22:56.2169210Z A path returned 202. Retrying...
2022-10-03T03:22:56.2169459Z A path returned 202. Retrying...
2022-10-03T03:22:56.2169713Z A path returned 202. Retrying...
2022-10-03T03:22:56.2169966Z A path returned 202. Retrying...
2022-10-03T03:22:56.2170212Z A path returned 202. Retrying...
2022-10-03T03:22:56.2170461Z A path returned 202. Retrying...
2022-10-03T03:22:56.2170708Z A path returned 202. Retrying...
2022-10-03T03:22:56.2170954Z A path returned 202. Retrying...
2022-10-03T03:22:56.2171188Z A path returned 202. Retrying...
2022-10-03T03:22:56.2171433Z A path returned 202. Retrying...
2022-10-03T03:22:56.2171689Z A path returned 202. Retrying...
2022-10-03T03:22:56.2171936Z A path returned 202. Retrying...
2022-10-03T03:22:56.2172185Z A path returned 202. Retrying...
2022-10-03T03:22:56.2172435Z A path returned 202. Retrying...
2022-10-03T03:22:56.2172687Z A path returned 202. Retrying...
2022-10-03T03:22:56.2172924Z A path returned 202. Retrying...
2022-10-03T03:22:56.2173171Z A path returned 202. Retrying...
2022-10-03T03:22:56.2173419Z A path returned 202. Retrying...
2022-10-03T03:22:56.2173666Z A path returned 202. Retrying...
2022-10-03T03:22:56.2173913Z A path returned 202. Retrying...
2022-10-03T03:22:56.2174158Z A path returned 202. Retrying...
2022-10-03T03:22:56.2174407Z A path returned 202. Retrying...
2022-10-03T03:22:56.2174664Z A path returned 202. Retrying...
2022-10-03T03:22:56.2174897Z A path returned 202. Retrying...
2022-10-03T03:31:39.6883309Z A path returned 202. Retrying...
2022-10-03T03:31:39.6883684Z A path returned 202. Retrying...
2022-10-03T03:31:39.6884091Z A path returned 202. Retrying...
2022-10-03T03:31:39.6884398Z A path returned 202. Retrying...
2022-10-03T03:31:39.6884685Z A path returned 202. Retrying...
2022-10-03T03:31:39.6884973Z A path returned 202. Retrying...
2022-10-03T03:31:39.6885241Z A path returned 202. Retrying...
2022-10-03T03:31:39.6885966Z A path returned 202. Retrying...
2022-10-03T03:31:39.6886253Z A path returned 202. Retrying...
2022-10-03T03:31:39.6886541Z A path returned 202. Retrying...
2022-10-03T03:31:39.6886822Z A path returned 202. Retrying...
2022-10-03T03:31:39.6887106Z A path returned 202. Retrying...
2022-10-03T03:31:39.6887386Z A path returned 202. Retrying...
2022-10-03T03:31:39.6887664Z A path returned 202. Retrying...
2022-10-03T03:31:39.6887930Z A path returned 202. Retrying...
2022-10-03T03:31:39.6888207Z A path returned 202. Retrying...
2022-10-03T03:31:39.6888492Z A path returned 202. Retrying...
2022-10-03T03:31:39.6888781Z A path returned 202. Retrying...
2022-10-03T03:31:39.6889064Z A path returned 202. Retrying...
2022-10-03T03:31:39.6889451Z A path returned 202. Retrying...
2022-10-03T03:31:39.6889740Z A path returned 202. Retrying...
2022-10-03T03:31:39.6890019Z A path returned 202. Retrying...
2022-10-03T03:31:39.6890284Z A path returned 202. Retrying...
2022-10-03T03:31:39.6890569Z A path returned 202. Retrying...
2022-10-03T03:31:39.6890851Z A path returned 202. Retrying...
2022-10-03T03:31:39.6891132Z A path returned 202. Retrying...
2022-10-03T03:31:39.6891412Z A path returned 202. Retrying...
2022-10-03T03:31:39.6891686Z A path returned 202. Retrying...
2022-10-03T03:31:39.6891965Z A path returned 202. Retrying...
2022-10-03T03:31:39.6892228Z A path returned 202. Retrying...
2022-10-03T03:31:39.6892506Z A path returned 202. Retrying...
2022-10-03T03:31:39.6892790Z A path returned 202. Retrying...
2022-10-03T03:31:39.6893074Z A path returned 202. Retrying...
2022-10-03T03:31:39.6893352Z A path returned 202. Retrying...
2022-10-03T03:31:39.6893630Z A path returned 202. Retrying...
2022-10-03T03:31:39.6893907Z A path returned 202. Retrying...
2022-10-03T03:31:39.6894185Z A path returned 202. Retrying...
2022-10-03T03:31:39.6894450Z A path returned 202. Retrying...
2022-10-03T03:31:39.6894727Z A path returned 202. Retrying...
2022-10-03T03:31:39.6895009Z A path returned 202. Retrying...
2022-10-03T03:31:39.6895291Z A path returned 202. Retrying...
2022-10-03T03:31:39.6895572Z A path returned 202. Retrying...
2022-10-03T03:31:39.6895854Z A path returned 202. Retrying...
2022-10-03T03:31:39.6896130Z A path returned 202. Retrying...
2022-10-03T03:31:39.6896408Z A path returned 202. Retrying...
2022-10-03T03:31:39.6896672Z A path returned 202. Retrying...
2022-10-03T03:31:39.6896952Z A path returned 202. Retrying...
2022-10-03T03:31:39.6897234Z A path returned 202. Retrying...
2022-10-03T03:31:39.6897510Z A path returned 202. Retrying...
2022-10-03T03:31:39.6897787Z A path returned 202. Retrying...
2022-10-03T03:31:39.6898062Z A path returned 202. Retrying...
2022-10-03T03:31:39.6898340Z A path returned 202. Retrying...
2022-10-03T03:31:39.6898604Z A path returned 202. Retrying...
2022-10-03T03:31:39.6898883Z A path returned 202. Retrying...
2022-10-03T03:31:39.6899167Z A path returned 202. Retrying...
2022-10-03T03:31:39.6899444Z A path returned 202. Retrying...
2022-10-03T03:31:39.6899730Z A path returned 202. Retrying...
2022-10-03T03:31:39.6900006Z A path returned 202. Retrying...
2022-10-03T03:31:39.6900282Z A path returned 202. Retrying...
2022-10-03T03:31:39.6900557Z A path returned 202. Retrying...
2022-10-03T03:31:39.6900821Z A path returned 202. Retrying...
2022-10-03T03:31:39.6901099Z A path returned 202. Retrying...
2022-10-03T03:31:39.6901382Z A path returned 202. Retrying...
2022-10-03T03:31:39.6901665Z A path returned 202. Retrying...
2022-10-03T03:31:39.6901941Z A path returned 202. Retrying...
2022-10-03T03:31:39.6902218Z A path returned 202. Retrying...
2022-10-03T03:31:39.6902493Z A path returned 202. Retrying...
2022-10-03T03:31:39.6902770Z A path returned 202. Retrying...
2022-10-03T03:31:39.6903033Z A path returned 202. Retrying...
2022-10-03T03:31:39.6903310Z A path returned 202. Retrying...
2022-10-03T03:31:39.6903591Z A path returned 202. Retrying...
2022-10-03T03:31:39.6903864Z A path returned 202. Retrying...
2022-10-03T03:31:39.6904141Z A path returned 202. Retrying...
2022-10-03T03:31:39.6904510Z A path returned 202. Retrying...
2022-10-03T03:31:39.6904788Z A path returned 202. Retrying...
2022-10-03T03:31:39.6905050Z A path returned 202. Retrying...
2022-10-03T03:31:39.6905332Z A path returned 202. Retrying...
2022-10-03T03:31:39.6905614Z A path returned 202. Retrying...
2022-10-03T03:31:39.6905892Z A path returned 202. Retrying...
2022-10-03T03:31:39.6906169Z A path returned 202. Retrying...
2022-10-03T03:31:39.6906446Z A path returned 202. Retrying...
2022-10-03T03:31:39.6906897Z A path returned 202. Retrying...
2022-10-03T03:31:39.6907180Z A path returned 202. Retrying...
2022-10-03T03:31:39.6907444Z A path returned 202. Retrying...
2022-10-03T03:31:39.6907724Z A path returned 202. Retrying...
2022-10-03T03:31:39.6908093Z A path returned 202. Retrying...
2022-10-03T03:31:39.6908377Z A path returned 202. Retrying...
2022-10-03T03:31:39.6908654Z A path returned 202. Retrying...
2022-10-03T03:31:39.6908931Z A path returned 202. Retrying...
2022-10-03T03:31:39.6909212Z A path returned 202. Retrying...
2022-10-03T03:31:39.6909490Z A path returned 202. Retrying...
2022-10-03T03:31:39.6909753Z A path returned 202. Retrying...
2022-10-03T03:31:39.6910031Z A path returned 202. Retrying...
2022-10-03T03:31:39.6910311Z A path returned 202. Retrying...
2022-10-03T03:31:39.6910590Z A path returned 202. Retrying...
2022-10-03T03:31:39.6910868Z A path returned 202. Retrying...
2022-10-03T03:31:39.6911143Z A path returned 202. Retrying...
2022-10-03T03:31:39.6911424Z A path returned 202. Retrying...
2022-10-03T03:31:39.6911704Z A path returned 202. Retrying...
2022-10-03T03:31:39.6911972Z A path returned 202. Retrying...
2022-10-03T03:31:39.6912255Z A path returned 202. Retrying...
2022-10-03T03:31:39.6912533Z A path returned 202. Retrying...
2022-10-03T03:31:39.6912814Z A path returned 202. Retrying...
2022-10-03T03:31:39.6913091Z A path returned 202. Retrying...
2022-10-03T03:31:39.6913368Z A path returned 202. Retrying...
2022-10-03T03:31:39.6913646Z A path returned 202. Retrying...
2022-10-03T03:31:39.6913914Z A path returned 202. Retrying...
2022-10-03T03:31:39.6914192Z A path returned 202. Retrying...
2022-10-03T03:31:39.6914477Z A path returned 202. Retrying...
2022-10-03T03:31:39.6914758Z A path returned 202. Retrying...
2022-10-03T03:31:39.6915041Z A path returned 202. Retrying...
2022-10-03T03:31:39.6915322Z A path returned 202. Retrying...
2022-10-03T03:31:39.6915598Z A path returned 202. Retrying...
2022-10-03T03:31:39.6915876Z A path returned 202. Retrying...
2022-10-03T03:31:39.6916139Z A path returned 202. Retrying...
2022-10-03T03:31:39.6916415Z A path returned 202. Retrying...
2022-10-03T03:31:39.6916696Z A path returned 202. Retrying...
2022-10-03T03:31:39.6916977Z A path returned 202. Retrying...
2022-10-03T03:31:39.6917258Z A path returned 202. Retrying...
2022-10-03T03:31:39.6917537Z A path returned 202. Retrying...
2022-10-03T03:31:39.6917814Z A path returned 202. Retrying...
2022-10-03T03:31:39.6918091Z A path returned 202. Retrying...
2022-10-03T03:31:39.6918360Z A path returned 202. Retrying...
2022-10-03T03:31:39.6918641Z A path returned 202. Retrying...
2022-10-03T03:31:39.6918920Z A path returned 202. Retrying...
2022-10-03T03:31:39.6919228Z A path returned 202. Retrying...
2022-10-03T03:31:39.6919506Z A path returned 202. Retrying...
2022-10-03T03:31:39.6919783Z A path returned 202. Retrying...
2022-10-03T03:31:39.6920063Z A path returned 202. Retrying...
2022-10-03T03:31:39.6920325Z A path returned 202. Retrying...
2022-10-03T03:31:39.6920603Z A path returned 202. Retrying...
2022-10-03T03:31:39.6920884Z A path returned 202. Retrying...
2022-10-03T03:31:39.6921214Z A path returned 202. Retrying...
2022-10-03T03:31:39.6921492Z A path returned 202. Retrying...
2022-10-03T03:31:39.6921770Z A path returned 202. Retrying...
2022-10-03T03:31:39.6922054Z A path returned 202. Retrying...
2022-10-03T03:31:39.6922332Z A path returned 202. Retrying...
2022-10-03T03:31:39.6922595Z A path returned 202. Retrying...
2022-10-03T03:31:39.6922872Z A path returned 202. Retrying...
2022-10-03T03:31:39.6923248Z A path returned 202. Retrying...
2022-10-03T03:31:39.6923528Z A path returned 202. Retrying...
2022-10-03T03:31:39.6923809Z A path returned 202. Retrying...
2022-10-03T03:31:39.6924086Z A path returned 202. Retrying...
2022-10-03T03:31:39.6924362Z A path returned 202. Retrying...
2022-10-03T03:31:39.6924640Z A path returned 202. Retrying...
2022-10-03T03:31:39.6924905Z A path returned 202. Retrying...
2022-10-03T03:31:39.6925185Z A path returned 202. Retrying...
2022-10-03T03:31:39.6925463Z A path returned 202. Retrying...
2022-10-03T03:31:39.6925741Z A path returned 202. Retrying...
2022-10-03T03:31:39.6926018Z A path returned 202. Retrying...
2022-10-03T03:31:39.6926295Z A path returned 202. Retrying...
2022-10-03T03:31:39.6926570Z A path returned 202. Retrying...
2022-10-03T03:31:39.6926916Z A path returned 202. Retrying...
2022-10-03T03:31:39.6927216Z A path returned 202. Retrying...
2022-10-03T03:31:39.6927499Z A path returned 202. Retrying...
2022-10-03T03:31:39.6927788Z A path returned 202. Retrying...
2022-10-03T03:31:39.6928089Z A path returned 202. Retrying...
2022-10-03T03:31:39.6928368Z A path returned 202. Retrying...
2022-10-03T03:31:39.6928646Z A path returned 202. Retrying...
2022-10-03T03:31:39.6928922Z A path returned 202. Retrying...
2022-10-03T03:31:39.6929186Z A path returned 202. Retrying...
2022-10-03T03:31:39.6929460Z A path returned 202. Retrying...
2022-10-03T03:31:39.6929748Z A path returned 202. Retrying...
2022-10-03T03:31:39.6930032Z A path returned 202. Retrying...
2022-10-03T03:31:39.6930312Z A path returned 202. Retrying...
2022-10-03T03:31:39.6930588Z A path returned 202. Retrying...
2022-10-03T03:31:39.6930866Z A path returned 202. Retrying...
2022-10-03T03:31:39.6931140Z A path returned 202. Retrying...
2022-10-03T03:31:39.6931409Z A path returned 202. Retrying...
2022-10-03T03:31:39.6931689Z A path returned 202. Retrying...
2022-10-03T03:31:39.6931968Z A path returned 202. Retrying...
2022-10-03T03:31:39.6932247Z A path returned 202. Retrying...
2022-10-03T03:31:39.6932527Z A path returned 202. Retrying...
2022-10-03T03:31:39.6932803Z A path returned 202. Retrying...
2022-10-03T03:31:39.6933079Z A path returned 202. Retrying...
2022-10-03T03:31:39.6933360Z A path returned 202. Retrying...
2022-10-03T03:31:39.6933639Z A path returned 202. Retrying...
2022-10-03T03:31:39.6933922Z A path returned 202. Retrying...
2022-10-03T03:31:39.6934201Z A path returned 202. Retrying...
2022-10-03T03:31:39.6934482Z A path returned 202. Retrying...
2022-10-03T03:31:39.6934759Z A path returned 202. Retrying...
2022-10-03T03:31:39.6935035Z A path returned 202. Retrying...
2022-10-03T03:31:39.6935311Z A path returned 202. Retrying...
2022-10-03T03:31:39.6935573Z A path returned 202. Retrying...
2022-10-03T03:31:39.6935852Z A path returned 202. Retrying...
2022-10-03T03:31:39.6936137Z A path returned 202. Retrying...
2022-10-03T03:31:39.6936418Z A path returned 202. Retrying...
2022-10-03T03:31:39.6936696Z A path returned 202. Retrying...
2022-10-03T03:31:39.6936974Z A path returned 202. Retrying...
2022-10-03T03:31:39.6937251Z A path returned 202. Retrying...
2022-10-03T03:31:39.6937527Z A path returned 202. Retrying...
2022-10-03T03:31:39.6937791Z A path returned 202. Retrying...
2022-10-03T03:31:39.6938072Z A path returned 202. Retrying...
2022-10-03T03:31:39.6938354Z A path returned 202. Retrying...
2022-10-03T03:31:39.6938630Z A path returned 202. Retrying...
2022-10-03T03:31:39.6938906Z A path returned 202. Retrying...
2022-10-03T03:31:39.6939187Z A path returned 202. Retrying...
2022-10-03T03:31:39.6939466Z A path returned 202. Retrying...
2022-10-03T03:31:39.6939730Z A path returned 202. Retrying...
2022-10-03T03:31:39.6940006Z A path returned 202. Retrying...
2022-10-03T03:31:39.6940292Z A path returned 202. Retrying...
2022-10-03T03:31:39.6940571Z A path returned 202. Retrying...
2022-10-03T03:31:39.6940848Z A path returned 202. Retrying...
2022-10-03T03:31:39.6941124Z A path returned 202. Retrying...
2022-10-03T03:31:39.6941402Z A path returned 202. Retrying...
2022-10-03T03:31:39.6941777Z A path returned 202. Retrying...
2022-10-03T03:31:39.6942040Z A path returned 202. Retrying...
2022-10-03T03:31:39.6942316Z A path returned 202. Retrying...
2022-10-03T03:31:39.6942600Z A path returned 202. Retrying...
2022-10-03T03:31:39.6942882Z A path returned 202. Retrying...
2022-10-03T03:31:39.6943162Z A path returned 202. Retrying...
2022-10-03T03:31:39.6943437Z A path returned 202. Retrying...
2022-10-03T03:31:39.6943716Z A path returned 202. Retrying...
2022-10-03T03:31:39.6943995Z A path returned 202. Retrying...
2022-10-03T03:31:39.6944260Z A path returned 202. Retrying...
2022-10-03T03:31:39.6944546Z A path returned 202. Retrying...
2022-10-03T03:31:39.6944827Z A path returned 202. Retrying...
2022-10-03T03:31:39.6945105Z A path returned 202. Retrying...
2022-10-03T03:31:39.6945446Z A path returned 202. Retrying...
2022-10-03T03:31:39.6945729Z A path returned 202. Retrying...
2022-10-03T03:31:39.6946006Z A path returned 202. Retrying...
2022-10-03T03:31:39.6946272Z A path returned 202. Retrying...
2022-10-03T03:31:39.6946552Z A path returned 202. Retrying...
2022-10-03T03:31:39.6946939Z A path returned 202. Retrying...
2022-10-03T03:31:39.6947217Z A path returned 202. Retrying...
2022-10-03T03:31:39.6947495Z A path returned 202. Retrying...
2022-10-03T03:31:39.6947772Z A path returned 202. Retrying...
2022-10-03T03:31:39.6948050Z A path returned 202. Retrying...
2022-10-03T03:31:39.6948425Z A path returned 202. Retrying...
2022-10-03T03:31:39.6948655Z A path returned 202. Retrying...
2022-10-03T03:31:39.6948899Z A path returned 202. Retrying...
2022-10-03T03:31:39.6949149Z A path returned 202. Retrying...
2022-10-03T03:31:39.6949393Z A path returned 202. Retrying...
2022-10-03T03:31:39.6949636Z A path returned 202. Retrying...
2022-10-03T03:31:39.6949881Z A path returned 202. Retrying...
2022-10-03T03:31:39.6950123Z A path returned 202. Retrying...
2022-10-03T03:31:39.6950365Z A path returned 202. Retrying...
2022-10-03T03:31:39.6950600Z A path returned 202. Retrying...
2022-10-03T03:31:39.6950852Z A path returned 202. Retrying...
2022-10-03T03:31:39.6951098Z A path returned 202. Retrying...
2022-10-03T03:31:39.6951343Z A path returned 202. Retrying...
2022-10-03T03:31:39.6951585Z A path returned 202. Retrying...
2022-10-03T03:31:39.6951826Z A path returned 202. Retrying...
2022-10-03T03:31:39.6952065Z A path returned 202. Retrying...
2022-10-03T03:31:39.6952295Z A path returned 202. Retrying...
2022-10-03T03:31:39.6952538Z A path returned 202. Retrying...
2022-10-03T03:31:39.6952788Z A path returned 202. Retrying...
2022-10-03T03:31:39.6953030Z A path returned 202. Retrying...
2022-10-03T03:40:24.7812514Z A path returned 202. Retrying...
2022-10-03T03:40:24.7813007Z A path returned 202. Retrying...
2022-10-03T03:40:24.7813305Z A path returned 202. Retrying...
2022-10-03T03:40:24.7813617Z A path returned 202. Retrying...
2022-10-03T03:40:24.7813913Z A path returned 202. Retrying...
2022-10-03T03:40:24.7814305Z A path returned 202. Retrying...
2022-10-03T03:40:24.7814563Z A path returned 202. Retrying...
2022-10-03T03:40:24.7814816Z A path returned 202. Retrying...
2022-10-03T03:40:24.7815053Z A path returned 202. Retrying...
2022-10-03T03:40:24.7815307Z A path returned 202. Retrying...
2022-10-03T03:40:24.7815560Z A path returned 202. Retrying...
2022-10-03T03:40:24.7817179Z A path returned 202. Retrying...
2022-10-03T03:40:24.7817440Z A path returned 202. Retrying...
2022-10-03T03:40:24.7817693Z A path returned 202. Retrying...
2022-10-03T03:40:24.7817944Z A path returned 202. Retrying...
2022-10-03T03:40:24.7818197Z A path returned 202. Retrying...
2022-10-03T03:40:24.7818434Z A path returned 202. Retrying...
2022-10-03T03:40:24.7818686Z A path returned 202. Retrying...
2022-10-03T03:40:24.7818934Z A path returned 202. Retrying...
2022-10-03T03:40:24.7819196Z A path returned 202. Retrying...
2022-10-03T03:40:24.7819445Z A path returned 202. Retrying...
2022-10-03T03:40:24.7819694Z A path returned 202. Retrying...
2022-10-03T03:40:24.7819945Z A path returned 202. Retrying...
2022-10-03T03:40:24.7820603Z A path returned 202. Retrying...
2022-10-03T03:40:24.7820842Z A path returned 202. Retrying...
2022-10-03T03:40:24.7821088Z A path returned 202. Retrying...
2022-10-03T03:40:24.7821340Z A path returned 202. Retrying...
2022-10-03T03:40:24.7821587Z A path returned 202. Retrying...
2022-10-03T03:40:24.7821837Z A path returned 202. Retrying...
2022-10-03T03:40:24.7822083Z A path returned 202. Retrying...
2022-10-03T03:40:24.7822331Z A path returned 202. Retrying...
2022-10-03T03:40:24.7822569Z A path returned 202. Retrying...
2022-10-03T03:40:24.7822820Z A path returned 202. Retrying...
2022-10-03T03:40:24.7823069Z A path returned 202. Retrying...
2022-10-03T03:40:24.7823318Z A path returned 202. Retrying...
2022-10-03T03:40:24.7823567Z A path returned 202. Retrying...
2022-10-03T03:40:24.7823917Z A path returned 202. Retrying...
2022-10-03T03:40:24.7824172Z A path returned 202. Retrying...
2022-10-03T03:40:24.7824422Z A path returned 202. Retrying...
2022-10-03T03:40:24.7824659Z A path returned 202. Retrying...
2022-10-03T03:40:24.7824910Z A path returned 202. Retrying...
2022-10-03T03:40:24.7825157Z A path returned 202. Retrying...
2022-10-03T03:40:24.7825407Z A path returned 202. Retrying...
2022-10-03T03:40:24.7825657Z A path returned 202. Retrying...
2022-10-03T03:40:24.7825907Z A path returned 202. Retrying...
2022-10-03T03:40:24.7826382Z A path returned 202. Retrying...
2022-10-03T03:40:24.7826959Z A path returned 202. Retrying...
2022-10-03T03:40:24.7827201Z A path returned 202. Retrying...
2022-10-03T03:40:24.7827453Z A path returned 202. Retrying...
2022-10-03T03:40:24.7827702Z A path returned 202. Retrying...
2022-10-03T03:40:24.7827954Z A path returned 202. Retrying...
2022-10-03T03:40:24.7828210Z A path returned 202. Retrying...
2022-10-03T03:40:24.7828465Z A path returned 202. Retrying...
2022-10-03T03:40:24.7828720Z A path returned 202. Retrying...
2022-10-03T03:40:24.7828953Z A path returned 202. Retrying...
2022-10-03T03:40:24.7829204Z A path returned 202. Retrying...
2022-10-03T03:40:24.7829457Z A path returned 202. Retrying...
2022-10-03T03:40:24.7829704Z A path returned 202. Retrying...
2022-10-03T03:40:24.7829953Z A path returned 202. Retrying...
2022-10-03T03:40:24.7830201Z A path returned 202. Retrying...
2022-10-03T03:40:24.7830449Z A path returned 202. Retrying...
2022-10-03T03:40:24.7830696Z A path returned 202. Retrying...
2022-10-03T03:40:24.7830930Z A path returned 202. Retrying...
2022-10-03T03:40:24.7831179Z A path returned 202. Retrying...
2022-10-03T03:40:24.7831425Z A path returned 202. Retrying...
2022-10-03T03:40:24.7831673Z A path returned 202. Retrying...
2022-10-03T03:40:24.7831920Z A path returned 202. Retrying...
2022-10-03T03:40:24.7832174Z A path returned 202. Retrying...
2022-10-03T03:40:24.7832426Z A path returned 202. Retrying...
2022-10-03T03:40:24.7832678Z A path returned 202. Retrying...
2022-10-03T03:40:24.7832914Z A path returned 202. Retrying...
2022-10-03T03:40:24.7833159Z A path returned 202. Retrying...
2022-10-03T03:40:24.7833414Z A path returned 202. Retrying...
2022-10-03T03:40:24.7833664Z A path returned 202. Retrying...
2022-10-03T03:40:24.7833912Z A path returned 202. Retrying...
2022-10-03T03:40:24.7834160Z A path returned 202. Retrying...
2022-10-03T03:40:24.7834409Z A path returned 202. Retrying...
2022-10-03T03:40:24.7834641Z A path returned 202. Retrying...
2022-10-03T03:40:24.7834888Z A path returned 202. Retrying...
2022-10-03T03:40:24.7835135Z A path returned 202. Retrying...
2022-10-03T03:40:24.7835383Z A path returned 202. Retrying...
2022-10-03T03:40:24.7835631Z A path returned 202. Retrying...
2022-10-03T03:40:24.7835888Z A path returned 202. Retrying...
2022-10-03T03:40:24.7836139Z A path returned 202. Retrying...
2022-10-03T03:40:24.7836390Z A path returned 202. Retrying...
2022-10-03T03:40:24.7836629Z A path returned 202. Retrying...
2022-10-03T03:40:24.7836878Z A path returned 202. Retrying...
2022-10-03T03:40:24.7837124Z A path returned 202. Retrying...
2022-10-03T03:40:24.7837372Z A path returned 202. Retrying...
2022-10-03T03:40:24.7837774Z A path returned 202. Retrying...
2022-10-03T03:40:24.7838022Z A path returned 202. Retrying...
2022-10-03T03:40:24.7838270Z A path returned 202. Retrying...
2022-10-03T03:40:24.7838523Z A path returned 202. Retrying...
2022-10-03T03:40:24.7838758Z A path returned 202. Retrying...
2022-10-03T03:40:24.7839005Z A path returned 202. Retrying...
2022-10-03T03:40:24.7839254Z A path returned 202. Retrying...
2022-10-03T03:40:24.7839502Z A path returned 202. Retrying...
2022-10-03T03:40:24.7839750Z A path returned 202. Retrying...
2022-10-03T03:40:24.7840002Z A path returned 202. Retrying...
2022-10-03T03:40:24.7840260Z A path returned 202. Retrying...
2022-10-03T03:40:24.7840510Z A path returned 202. Retrying...
2022-10-03T03:40:24.7840744Z A path returned 202. Retrying...
2022-10-03T03:40:24.7841067Z A path returned 202. Retrying...
2022-10-03T03:40:24.7841319Z A path returned 202. Retrying...
2022-10-03T03:40:24.7841567Z A path returned 202. Retrying...
2022-10-03T03:40:24.7841817Z A path returned 202. Retrying...
2022-10-03T03:40:24.7842069Z A path returned 202. Retrying...
2022-10-03T03:40:24.7842317Z A path returned 202. Retrying...
2022-10-03T03:40:24.7842549Z A path returned 202. Retrying...
2022-10-03T03:40:24.7842797Z A path returned 202. Retrying...
2022-10-03T03:40:24.7843043Z A path returned 202. Retrying...
2022-10-03T03:40:24.7843289Z A path returned 202. Retrying...
2022-10-03T03:40:24.7843536Z A path returned 202. Retrying...
2022-10-03T03:40:24.7843790Z A path returned 202. Retrying...
2022-10-03T03:40:24.7844037Z A path returned 202. Retrying...
2022-10-03T03:40:24.7844283Z A path returned 202. Retrying...
2022-10-03T03:40:24.7844516Z A path returned 202. Retrying...
2022-10-03T03:40:24.7844760Z A path returned 202. Retrying...
2022-10-03T03:40:24.7845009Z A path returned 202. Retrying...
2022-10-03T03:40:24.7845258Z A path returned 202. Retrying...
2022-10-03T03:40:24.7845509Z A path returned 202. Retrying...
2022-10-03T03:40:24.7845755Z A path returned 202. Retrying...
2022-10-03T03:40:24.7846007Z A path returned 202. Retrying...
2022-10-03T03:40:24.7846255Z A path returned 202. Retrying...
2022-10-03T03:40:24.7846490Z A path returned 202. Retrying...
2022-10-03T03:40:24.7846736Z A path returned 202. Retrying...
2022-10-03T03:40:24.7846982Z A path returned 202. Retrying...
2022-10-03T03:40:24.7847232Z A path returned 202. Retrying...
2022-10-03T03:40:24.7847479Z A path returned 202. Retrying...
2022-10-03T03:40:24.7847726Z A path returned 202. Retrying...
2022-10-03T03:40:24.7847972Z A path returned 202. Retrying...
2022-10-03T03:40:24.7848207Z A path returned 202. Retrying...
2022-10-03T03:40:24.7848456Z A path returned 202. Retrying...
2022-10-03T03:40:24.7848703Z A path returned 202. Retrying...
2022-10-03T03:40:24.7848953Z A path returned 202. Retrying...
2022-10-03T03:40:24.7849204Z A path returned 202. Retrying...
2022-10-03T03:40:24.7849454Z A path returned 202. Retrying...
2022-10-03T03:40:24.7849705Z A path returned 202. Retrying...
2022-10-03T03:40:24.7849954Z A path returned 202. Retrying...
2022-10-03T03:40:24.7850191Z A path returned 202. Retrying...
2022-10-03T03:40:24.7850436Z A path returned 202. Retrying...
2022-10-03T03:40:24.7850690Z A path returned 202. Retrying...
2022-10-03T03:40:24.7850937Z A path returned 202. Retrying...
2022-10-03T03:40:24.7851191Z A path returned 202. Retrying...
2022-10-03T03:40:24.7851441Z A path returned 202. Retrying...
2022-10-03T03:40:24.7851688Z A path returned 202. Retrying...
2022-10-03T03:40:24.7851936Z A path returned 202. Retrying...
2022-10-03T03:40:24.7852170Z A path returned 202. Retrying...
2022-10-03T03:40:24.7852416Z A path returned 202. Retrying...
2022-10-03T03:40:24.7852668Z A path returned 202. Retrying...
2022-10-03T03:40:24.7852915Z A path returned 202. Retrying...
2022-10-03T03:40:24.7853171Z A path returned 202. Retrying...
2022-10-03T03:40:24.7853419Z A path returned 202. Retrying...
2022-10-03T03:40:24.7853670Z A path returned 202. Retrying...
2022-10-03T03:40:24.7853907Z A path returned 202. Retrying...
2022-10-03T03:40:24.7854241Z A path returned 202. Retrying...
2022-10-03T03:40:24.7854494Z A path returned 202. Retrying...
2022-10-03T03:40:24.7854741Z A path returned 202. Retrying...
2022-10-03T03:40:24.7854989Z A path returned 202. Retrying...
2022-10-03T03:40:24.7855236Z A path returned 202. Retrying...
2022-10-03T03:40:24.7855486Z A path returned 202. Retrying...
2022-10-03T03:40:24.7855736Z A path returned 202. Retrying...
2022-10-03T03:40:24.7855968Z A path returned 202. Retrying...
2022-10-03T03:40:24.7856213Z A path returned 202. Retrying...
2022-10-03T03:40:24.7856460Z A path returned 202. Retrying...
2022-10-03T03:40:24.7856706Z A path returned 202. Retrying...
2022-10-03T03:40:24.7856959Z A path returned 202. Retrying...
2022-10-03T03:40:24.7857205Z A path returned 202. Retrying...
2022-10-03T03:40:24.7857513Z A path returned 202. Retrying...
2022-10-03T03:40:24.7857768Z A path returned 202. Retrying...
2022-10-03T03:40:24.7858003Z A path returned 202. Retrying...
2022-10-03T03:40:24.7858261Z A path returned 202. Retrying...
2022-10-03T03:40:24.7858512Z A path returned 202. Retrying...
2022-10-03T03:40:24.7858759Z A path returned 202. Retrying...
2022-10-03T03:40:24.7859005Z A path returned 202. Retrying...
2022-10-03T03:40:24.7859251Z A path returned 202. Retrying...
2022-10-03T03:40:24.7859503Z A path returned 202. Retrying...
2022-10-03T03:40:24.7859736Z A path returned 202. Retrying...
2022-10-03T03:40:24.7859991Z A path returned 202. Retrying...
2022-10-03T03:40:24.7860242Z A path returned 202. Retrying...
2022-10-03T03:40:24.7860489Z A path returned 202. Retrying...
2022-10-03T03:40:24.7860738Z A path returned 202. Retrying...
2022-10-03T03:40:24.7860990Z A path returned 202. Retrying...
2022-10-03T03:40:24.7861235Z A path returned 202. Retrying...
2022-10-03T03:40:24.7861485Z A path returned 202. Retrying...
2022-10-03T03:40:24.7861718Z A path returned 202. Retrying...
2022-10-03T03:40:24.7862002Z A path returned 202. Retrying...
2022-10-03T03:40:24.7862253Z A path returned 202. Retrying...
2022-10-03T03:40:24.7862504Z A path returned 202. Retrying...
2022-10-03T03:40:24.7862752Z A path returned 202. Retrying...
2022-10-03T03:40:24.7863003Z A path returned 202. Retrying...
2022-10-03T03:40:24.7863321Z A path returned 202. Retrying...
2022-10-03T03:40:24.7863570Z A path returned 202. Retrying...
2022-10-03T03:40:24.7863803Z A path returned 202. Retrying...
2022-10-03T03:40:24.7864056Z A path returned 202. Retrying...
2022-10-03T03:40:24.7864304Z A path returned 202. Retrying...
2022-10-03T03:40:24.7864549Z A path returned 202. Retrying...
2022-10-03T03:40:24.7864799Z A path returned 202. Retrying...
2022-10-03T03:40:24.7865049Z A path returned 202. Retrying...
2022-10-03T03:40:24.7865296Z A path returned 202. Retrying...
2022-10-03T03:40:24.7865533Z A path returned 202. Retrying...
2022-10-03T03:40:24.7865784Z A path returned 202. Retrying...
2022-10-03T03:40:24.7866030Z A path returned 202. Retrying...
2022-10-03T03:40:24.7866278Z A path returned 202. Retrying...
2022-10-03T03:40:24.7866531Z A path returned 202. Retrying...
2022-10-03T03:40:24.7866871Z A path returned 202. Retrying...
2022-10-03T03:40:24.7867123Z A path returned 202. Retrying...
2022-10-03T03:40:24.7867373Z A path returned 202. Retrying...
2022-10-03T03:40:24.7867605Z A path returned 202. Retrying...
2022-10-03T03:40:24.7867851Z A path returned 202. Retrying...
2022-10-03T03:40:24.7868102Z A path returned 202. Retrying...
2022-10-03T03:40:24.7868351Z A path returned 202. Retrying...
2022-10-03T03:40:24.7868600Z A path returned 202. Retrying...
2022-10-03T03:40:24.7868847Z A path returned 202. Retrying...
2022-10-03T03:40:24.7869099Z A path returned 202. Retrying...
2022-10-03T03:40:24.7869348Z A path returned 202. Retrying...
2022-10-03T03:40:24.7869582Z A path returned 202. Retrying...
2022-10-03T03:40:24.7869832Z A path returned 202. Retrying...
2022-10-03T03:40:24.7870080Z A path returned 202. Retrying...
2022-10-03T03:40:24.7870328Z A path returned 202. Retrying...
2022-10-03T03:40:24.7870579Z A path returned 202. Retrying...
2022-10-03T03:40:24.7870936Z A path returned 202. Retrying...
2022-10-03T03:40:24.7871184Z A path returned 202. Retrying...
2022-10-03T03:40:24.7871421Z A path returned 202. Retrying...
2022-10-03T03:40:24.7871672Z A path returned 202. Retrying...
2022-10-03T03:40:24.7871930Z A path returned 202. Retrying...
2022-10-03T03:40:24.7872179Z A path returned 202. Retrying...
2022-10-03T03:40:24.7872426Z A path returned 202. Retrying...
2022-10-03T03:40:24.7872674Z A path returned 202. Retrying...
2022-10-03T03:40:24.7872922Z A path returned 202. Retrying...
2022-10-03T03:40:24.7873172Z A path returned 202. Retrying...
2022-10-03T03:40:24.7873404Z A path returned 202. Retrying...
2022-10-03T03:40:24.7873651Z A path returned 202. Retrying...
2022-10-03T03:40:24.7873899Z A path returned 202. Retrying...
2022-10-03T03:40:24.7874218Z A path returned 202. Retrying...
2022-10-03T03:40:24.7874473Z A path returned 202. Retrying...
2022-10-03T03:40:24.7874719Z A path returned 202. Retrying...
2022-10-03T03:40:24.7874970Z A path returned 202. Retrying...
2022-10-03T03:40:24.7875220Z A path returned 202. Retrying...
2022-10-03T03:40:24.7875454Z A path returned 202. Retrying...
2022-10-03T03:40:24.7875703Z A path returned 202. Retrying...
2022-10-03T03:40:24.7875958Z A path returned 202. Retrying...
2022-10-03T03:40:24.7876207Z A path returned 202. Retrying...
2022-10-03T03:40:24.7876456Z A path returned 202. Retrying...
2022-10-03T03:40:24.7876706Z A path returned 202. Retrying...
2022-10-03T03:40:24.7876953Z A path returned 202. Retrying...
2022-10-03T03:40:24.7877185Z A path returned 202. Retrying...
2022-10-03T03:40:24.7877438Z A path returned 202. Retrying...
2022-10-03T03:49:10.8056366Z A path returned 202. Retrying...
2022-10-03T03:49:10.8056754Z A path returned 202. Retrying...
2022-10-03T03:49:10.8057074Z A path returned 202. Retrying...
2022-10-03T03:49:10.8057361Z A path returned 202. Retrying...
2022-10-03T03:49:10.8057838Z A path returned 202. Retrying...
2022-10-03T03:49:10.8058258Z A path returned 202. Retrying...
2022-10-03T03:49:10.8058656Z A path returned 202. Retrying...
2022-10-03T03:49:10.8059042Z A path returned 202. Retrying...
2022-10-03T03:49:10.8059411Z A path returned 202. Retrying...
2022-10-03T03:49:10.8059779Z A path returned 202. Retrying...
2022-10-03T03:49:10.8060132Z A path returned 202. Retrying...
2022-10-03T03:49:10.8060503Z A path returned 202. Retrying...
2022-10-03T03:49:10.8060871Z A path returned 202. Retrying...
2022-10-03T03:49:10.8061239Z A path returned 202. Retrying...
2022-10-03T03:49:10.8061609Z A path returned 202. Retrying...
2022-10-03T03:49:10.8061976Z A path returned 202. Retrying...
2022-10-03T03:49:10.8062347Z A path returned 202. Retrying...
2022-10-03T03:49:10.8062713Z A path returned 202. Retrying...
2022-10-03T03:49:10.8063078Z A path returned 202. Retrying...
2022-10-03T03:49:10.8063451Z A path returned 202. Retrying...
2022-10-03T03:49:10.8063818Z A path returned 202. Retrying...
2022-10-03T03:49:10.8064180Z A path returned 202. Retrying...
2022-10-03T03:49:10.8064526Z A path returned 202. Retrying...
2022-10-03T03:49:10.8064901Z A path returned 202. Retrying...
2022-10-03T03:49:10.8065269Z A path returned 202. Retrying...
2022-10-03T03:49:10.8065635Z A path returned 202. Retrying...
2022-10-03T03:49:10.8065999Z A path returned 202. Retrying...
2022-10-03T03:49:10.8066363Z A path returned 202. Retrying...
2022-10-03T03:49:10.8067131Z A path returned 202. Retrying...
2022-10-03T03:49:10.8067512Z A path returned 202. Retrying...
2022-10-03T03:49:10.8067877Z A path returned 202. Retrying...
2022-10-03T03:49:10.8068240Z A path returned 202. Retrying...
2022-10-03T03:49:10.8068603Z A path returned 202. Retrying...
2022-10-03T03:49:10.8068968Z A path returned 202. Retrying...
2022-10-03T03:49:10.8069315Z A path returned 202. Retrying...
2022-10-03T03:49:10.8069693Z A path returned 202. Retrying...
2022-10-03T03:49:10.8070059Z A path returned 202. Retrying...
2022-10-03T03:49:10.8070424Z A path returned 202. Retrying...
2022-10-03T03:49:10.8070791Z A path returned 202. Retrying...
2022-10-03T03:49:10.8071616Z A path returned 202. Retrying...
2022-10-03T03:49:10.8071985Z A path returned 202. Retrying...
2022-10-03T03:49:10.8072355Z A path returned 202. Retrying...
2022-10-03T03:49:10.8072724Z A path returned 202. Retrying...
2022-10-03T03:49:10.8073091Z A path returned 202. Retrying...
2022-10-03T03:49:10.8073454Z A path returned 202. Retrying...
2022-10-03T03:49:10.8073816Z A path returned 202. Retrying...
2022-10-03T03:49:10.8074168Z A path returned 202. Retrying...
2022-10-03T03:49:10.8074546Z A path returned 202. Retrying...
2022-10-03T03:49:10.8074920Z A path returned 202. Retrying...
2022-10-03T03:49:10.8075288Z A path returned 202. Retrying...
2022-10-03T03:49:10.8075654Z A path returned 202. Retrying...
2022-10-03T03:49:10.8076017Z A path returned 202. Retrying...
2022-10-03T03:49:10.8076515Z A path returned 202. Retrying...
2022-10-03T03:49:10.8076900Z A path returned 202. Retrying...
2022-10-03T03:49:10.8077264Z A path returned 202. Retrying...
2022-10-03T03:49:10.8077628Z A path returned 202. Retrying...
2022-10-03T03:49:10.8077995Z A path returned 202. Retrying...
2022-10-03T03:49:10.8078357Z A path returned 202. Retrying...
2022-10-03T03:49:10.8078705Z A path returned 202. Retrying...
2022-10-03T03:49:10.8079072Z A path returned 202. Retrying...
2022-10-03T03:49:10.8079442Z A path returned 202. Retrying...
2022-10-03T03:49:10.8079808Z A path returned 202. Retrying...
2022-10-03T03:49:10.8080177Z A path returned 202. Retrying...
2022-10-03T03:49:10.8080540Z A path returned 202. Retrying...
2022-10-03T03:49:10.8080905Z A path returned 202. Retrying...
2022-10-03T03:49:10.8081272Z A path returned 202. Retrying...
2022-10-03T03:49:10.8081636Z A path returned 202. Retrying...
2022-10-03T03:49:10.8082001Z A path returned 202. Retrying...
2022-10-03T03:49:10.8082371Z A path returned 202. Retrying...
2022-10-03T03:49:10.8082742Z A path returned 202. Retrying...
2022-10-03T03:49:10.8083094Z A path returned 202. Retrying...
2022-10-03T03:49:10.8083470Z A path returned 202. Retrying...
2022-10-03T03:49:10.8083846Z A path returned 202. Retrying...
2022-10-03T03:49:10.8084211Z A path returned 202. Retrying...
2022-10-03T03:49:10.8084575Z A path returned 202. Retrying...
2022-10-03T03:49:10.8084939Z A path returned 202. Retrying...
2022-10-03T03:49:10.8085311Z A path returned 202. Retrying...
2022-10-03T03:49:10.8085663Z A path returned 202. Retrying...
2022-10-03T03:49:10.8086030Z A path returned 202. Retrying...
2022-10-03T03:49:10.8086337Z A path returned 202. Retrying...
2022-10-03T03:49:10.8086708Z A path returned 202. Retrying...
2022-10-03T03:49:10.8087075Z A path returned 202. Retrying...
2022-10-03T03:49:10.8087428Z A path returned 202. Retrying...
2022-10-03T03:49:10.8087800Z A path returned 202. Retrying...
2022-10-03T03:49:10.8088164Z A path returned 202. Retrying...
2022-10-03T03:49:10.8088539Z A path returned 202. Retrying...
2022-10-03T03:49:10.8088901Z A path returned 202. Retrying...
2022-10-03T03:49:10.8089266Z A path returned 202. Retrying...
2022-10-03T03:49:10.8089632Z A path returned 202. Retrying...
2022-10-03T03:49:10.8089999Z A path returned 202. Retrying...
2022-10-03T03:49:10.8090358Z A path returned 202. Retrying...
2022-10-03T03:49:10.8090725Z A path returned 202. Retrying...
2022-10-03T03:49:10.8091087Z A path returned 202. Retrying...
2022-10-03T03:49:10.8091450Z A path returned 202. Retrying...
2022-10-03T03:49:10.8091796Z A path returned 202. Retrying...
2022-10-03T03:49:10.8092161Z A path returned 202. Retrying...
2022-10-03T03:49:10.8092527Z A path returned 202. Retrying...
2022-10-03T03:49:10.8092893Z A path returned 202. Retrying...
2022-10-03T03:49:10.8093260Z A path returned 202. Retrying...
2022-10-03T03:49:10.8093624Z A path returned 202. Retrying...
2022-10-03T03:49:10.8093998Z A path returned 202. Retrying...
2022-10-03T03:49:10.8094365Z A path returned 202. Retrying...
2022-10-03T03:49:10.8094736Z A path returned 202. Retrying...
2022-10-03T03:49:10.8095099Z A path returned 202. Retrying...
2022-10-03T03:49:10.8095461Z A path returned 202. Retrying...
2022-10-03T03:49:10.8095951Z A path returned 202. Retrying...
2022-10-03T03:49:10.8096310Z A path returned 202. Retrying...
2022-10-03T03:49:10.8096661Z A path returned 202. Retrying...
2022-10-03T03:49:10.8097030Z A path returned 202. Retrying...
2022-10-03T03:49:10.8097399Z A path returned 202. Retrying...
2022-10-03T03:49:10.8097763Z A path returned 202. Retrying...
2022-10-03T03:49:10.8098125Z A path returned 202. Retrying...
2022-10-03T03:49:10.8098488Z A path returned 202. Retrying...
2022-10-03T03:49:10.8098859Z A path returned 202. Retrying...
2022-10-03T03:49:10.8099224Z A path returned 202. Retrying...
2022-10-03T03:49:10.8099589Z A path returned 202. Retrying...
2022-10-03T03:49:10.8099954Z A path returned 202. Retrying...
2022-10-03T03:49:10.8100320Z A path returned 202. Retrying...
2022-10-03T03:49:10.8100765Z A path returned 202. Retrying...
2022-10-03T03:49:10.8101134Z A path returned 202. Retrying...
2022-10-03T03:49:10.8101504Z A path returned 202. Retrying...
2022-10-03T03:49:10.8101870Z A path returned 202. Retrying...
2022-10-03T03:49:10.8102237Z A path returned 202. Retrying...
2022-10-03T03:49:10.8102604Z A path returned 202. Retrying...
2022-10-03T03:49:10.8102933Z A path returned 202. Retrying...
2022-10-03T03:49:10.8103214Z A path returned 202. Retrying...
2022-10-03T03:49:10.8103495Z A path returned 202. Retrying...
2022-10-03T03:49:10.8103774Z A path returned 202. Retrying...
2022-10-03T03:49:10.8104054Z A path returned 202. Retrying...
2022-10-03T03:49:10.8104323Z A path returned 202. Retrying...
2022-10-03T03:49:10.8104600Z A path returned 202. Retrying...
2022-10-03T03:49:10.8104882Z A path returned 202. Retrying...
2022-10-03T03:49:10.8105165Z A path returned 202. Retrying...
2022-10-03T03:49:10.8105447Z A path returned 202. Retrying...
2022-10-03T03:49:10.8105731Z A path returned 202. Retrying...
2022-10-03T03:49:10.8106010Z A path returned 202. Retrying...
2022-10-03T03:49:10.8106279Z A path returned 202. Retrying...
2022-10-03T03:49:10.8106559Z A path returned 202. Retrying...
2022-10-03T03:49:10.8107087Z A path returned 202. Retrying...
2022-10-03T03:49:10.8107457Z A path returned 202. Retrying...
2022-10-03T03:49:10.8107823Z A path returned 202. Retrying...
2022-10-03T03:49:10.8108188Z A path returned 202. Retrying...
2022-10-03T03:49:10.8108552Z A path returned 202. Retrying...
2022-10-03T03:49:10.8108915Z A path returned 202. Retrying...
2022-10-03T03:49:10.8109282Z A path returned 202. Retrying...
2022-10-03T03:49:10.8109645Z A path returned 202. Retrying...
2022-10-03T03:49:10.8110005Z A path returned 202. Retrying...
2022-10-03T03:49:10.8110367Z A path returned 202. Retrying...
2022-10-03T03:49:10.8110712Z A path returned 202. Retrying...
2022-10-03T03:49:10.8111079Z A path returned 202. Retrying...
2022-10-03T03:49:10.8111442Z A path returned 202. Retrying...
2022-10-03T03:49:10.8111812Z A path returned 202. Retrying...
2022-10-03T03:49:10.8112180Z A path returned 202. Retrying...
2022-10-03T03:49:10.8112544Z A path returned 202. Retrying...
2022-10-03T03:49:10.8112910Z A path returned 202. Retrying...
2022-10-03T03:49:10.8113279Z A path returned 202. Retrying...
2022-10-03T03:49:10.8113642Z A path returned 202. Retrying...
2022-10-03T03:49:10.8114003Z A path returned 202. Retrying...
2022-10-03T03:49:10.8114364Z A path returned 202. Retrying...
2022-10-03T03:49:10.8114724Z A path returned 202. Retrying...
2022-10-03T03:49:10.8115075Z A path returned 202. Retrying...
2022-10-03T03:49:10.8115445Z A path returned 202. Retrying...
2022-10-03T03:49:10.8115813Z A path returned 202. Retrying...
2022-10-03T03:49:10.8116178Z A path returned 202. Retrying...
2022-10-03T03:49:10.8116542Z A path returned 202. Retrying...
2022-10-03T03:49:10.8116904Z A path returned 202. Retrying...
2022-10-03T03:49:10.8117267Z A path returned 202. Retrying...
2022-10-03T03:49:10.8117631Z A path returned 202. Retrying...
2022-10-03T03:49:10.8117998Z A path returned 202. Retrying...
2022-10-03T03:49:10.8118358Z A path returned 202. Retrying...
2022-10-03T03:49:10.8118722Z A path returned 202. Retrying...
2022-10-03T03:49:10.8119219Z A path returned 202. Retrying...
2022-10-03T03:49:10.8119566Z A path returned 202. Retrying...
2022-10-03T03:49:10.8119934Z A path returned 202. Retrying...
2022-10-03T03:49:10.8120300Z A path returned 202. Retrying...
2022-10-03T03:49:10.8120670Z A path returned 202. Retrying...
2022-10-03T03:49:10.8135867Z A path returned 202. Retrying...
2022-10-03T03:49:10.8136705Z A path returned 202. Retrying...
2022-10-03T03:49:10.8136999Z A path returned 202. Retrying...
2022-10-03T03:49:10.8137288Z A path returned 202. Retrying...
2022-10-03T03:49:10.8137659Z A path returned 202. Retrying...
2022-10-03T03:49:10.8138512Z A path returned 202. Retrying...
2022-10-03T03:49:10.8138784Z A path returned 202. Retrying...
2022-10-03T03:49:10.8139168Z A path returned 202. Retrying...
2022-10-03T03:49:10.8139778Z A path returned 202. Retrying...
2022-10-03T03:49:10.8140271Z A path returned 202. Retrying...
2022-10-03T03:49:10.8140594Z A path returned 202. Retrying...
2022-10-03T03:49:10.8140919Z A path returned 202. Retrying...
2022-10-03T03:49:10.8141247Z A path returned 202. Retrying...
2022-10-03T03:49:10.8141566Z A path returned 202. Retrying...
2022-10-03T03:49:10.8141885Z A path returned 202. Retrying...
2022-10-03T03:49:10.8142207Z A path returned 202. Retrying...
2022-10-03T03:49:10.8142616Z A path returned 202. Retrying...
2022-10-03T03:49:10.8143004Z A path returned 202. Retrying...
2022-10-03T03:49:10.8143309Z A path returned 202. Retrying...
2022-10-03T03:49:10.8143625Z A path returned 202. Retrying...
2022-10-03T03:49:10.8143945Z A path returned 202. Retrying...
2022-10-03T03:49:10.8144267Z A path returned 202. Retrying...
2022-10-03T03:49:10.8144585Z A path returned 202. Retrying...
2022-10-03T03:49:10.8144910Z A path returned 202. Retrying...
2022-10-03T03:49:10.8145229Z A path returned 202. Retrying...
2022-10-03T03:49:10.8145552Z A path returned 202. Retrying...
2022-10-03T03:49:10.8145877Z A path returned 202. Retrying...
2022-10-03T03:49:10.8146196Z A path returned 202. Retrying...
2022-10-03T03:49:10.8146516Z A path returned 202. Retrying...
2022-10-03T03:49:10.8147103Z A path returned 202. Retrying...
2022-10-03T03:49:10.8147417Z A path returned 202. Retrying...
2022-10-03T03:49:10.8147742Z A path returned 202. Retrying...
2022-10-03T03:49:10.8148069Z A path returned 202. Retrying...
2022-10-03T03:49:10.8148397Z A path returned 202. Retrying...
2022-10-03T03:49:10.8148720Z A path returned 202. Retrying...
2022-10-03T03:49:10.8149042Z A path returned 202. Retrying...
2022-10-03T03:49:10.8149364Z A path returned 202. Retrying...
2022-10-03T03:49:10.8149686Z A path returned 202. Retrying...
2022-10-03T03:49:10.8150006Z A path returned 202. Retrying...
2022-10-03T03:49:10.8150340Z A path returned 202. Retrying...
2022-10-03T03:49:10.8150667Z A path returned 202. Retrying...
2022-10-03T03:49:10.8150992Z A path returned 202. Retrying...
2022-10-03T03:49:10.8151299Z A path returned 202. Retrying...
2022-10-03T03:49:10.8151622Z A path returned 202. Retrying...
2022-10-03T03:49:10.8151940Z A path returned 202. Retrying...
2022-10-03T03:49:10.8152268Z A path returned 202. Retrying...
2022-10-03T03:49:10.8152591Z A path returned 202. Retrying...
2022-10-03T03:49:10.8152915Z A path returned 202. Retrying...
2022-10-03T03:49:10.8153240Z A path returned 202. Retrying...
2022-10-03T03:49:10.8153562Z A path returned 202. Retrying...
2022-10-03T03:49:10.8153881Z A path returned 202. Retrying...
2022-10-03T03:49:10.8154202Z A path returned 202. Retrying...
2022-10-03T03:49:10.8154521Z A path returned 202. Retrying...
2022-10-03T03:49:10.8154840Z A path returned 202. Retrying...
2022-10-03T03:49:10.8155159Z A path returned 202. Retrying...
2022-10-03T03:49:10.8155468Z A path returned 202. Retrying...
2022-10-03T03:49:10.8155791Z A path returned 202. Retrying...
2022-10-03T03:49:10.8156118Z A path returned 202. Retrying...
2022-10-03T03:49:10.8156445Z A path returned 202. Retrying...
2022-10-03T03:49:10.8156767Z A path returned 202. Retrying...
2022-10-03T03:49:10.8157091Z A path returned 202. Retrying...
2022-10-03T03:49:10.8157704Z A path returned 202. Retrying...
2022-10-03T03:49:10.8158058Z A path returned 202. Retrying...
2022-10-03T03:49:10.8158380Z A path returned 202. Retrying...
2022-10-03T03:49:10.8158700Z A path returned 202. Retrying...
2022-10-03T03:49:10.8159020Z A path returned 202. Retrying...
2022-10-03T03:49:10.8159387Z A path returned 202. Retrying...
2022-10-03T03:49:10.8159705Z A path returned 202. Retrying...
2022-10-03T03:49:10.8160030Z A path returned 202. Retrying...
2022-10-03T03:49:10.8160355Z A path returned 202. Retrying...
2022-10-03T03:49:10.8160681Z A path returned 202. Retrying...
2022-10-03T03:49:10.8161003Z A path returned 202. Retrying...
2022-10-03T03:57:55.8791386Z A path returned 202. Retrying...
2022-10-03T03:57:55.8791749Z A path returned 202. Retrying...
2022-10-03T03:57:55.8792459Z A path returned 202. Retrying...
2022-10-03T03:57:55.8792762Z A path returned 202. Retrying...
2022-10-03T03:57:55.8793158Z A path returned 202. Retrying...
2022-10-03T03:57:55.8793444Z A path returned 202. Retrying...
2022-10-03T03:57:55.8793736Z A path returned 202. Retrying...
2022-10-03T03:57:55.8794020Z A path returned 202. Retrying...
2022-10-03T03:57:55.8794290Z A path returned 202. Retrying...
2022-10-03T03:57:55.8794569Z A path returned 202. Retrying...
2022-10-03T03:57:55.8794852Z A path returned 202. Retrying...
2022-10-03T03:57:55.8795132Z A path returned 202. Retrying...
2022-10-03T03:57:55.8795417Z A path returned 202. Retrying...
2022-10-03T03:57:55.8795696Z A path returned 202. Retrying...
2022-10-03T03:57:55.8795977Z A path returned 202. Retrying...
2022-10-03T03:57:55.8796254Z A path returned 202. Retrying...
2022-10-03T03:57:55.8796521Z A path returned 202. Retrying...
2022-10-03T03:57:55.8796800Z A path returned 202. Retrying...
2022-10-03T03:57:55.8797081Z A path returned 202. Retrying...
2022-10-03T03:57:55.8797366Z A path returned 202. Retrying...
2022-10-03T03:57:55.8797645Z A path returned 202. Retrying...
2022-10-03T03:57:55.8797960Z A path returned 202. Retrying...
2022-10-03T03:57:55.8798244Z A path returned 202. Retrying...
2022-10-03T03:57:55.8798511Z A path returned 202. Retrying...
2022-10-03T03:57:55.8798790Z A path returned 202. Retrying...
2022-10-03T03:57:55.8799067Z A path returned 202. Retrying...
2022-10-03T03:57:55.8799345Z A path returned 202. Retrying...
2022-10-03T03:57:55.8799622Z A path returned 202. Retrying...
2022-10-03T03:57:55.8799902Z A path returned 202. Retrying...
2022-10-03T03:57:55.8800178Z A path returned 202. Retrying...
2022-10-03T03:57:55.8800456Z A path returned 202. Retrying...
2022-10-03T03:57:55.8800721Z A path returned 202. Retrying...
2022-10-03T03:57:55.8800999Z A path returned 202. Retrying...
2022-10-03T03:57:55.8801281Z A path returned 202. Retrying...
2022-10-03T03:57:55.8801558Z A path returned 202. Retrying...
2022-10-03T03:57:55.8801842Z A path returned 202. Retrying...
2022-10-03T03:57:55.8802120Z A path returned 202. Retrying...
2022-10-03T03:57:55.8802398Z A path returned 202. Retrying...
2022-10-03T03:57:55.8802675Z A path returned 202. Retrying...
2022-10-03T03:57:55.8802943Z A path returned 202. Retrying...
2022-10-03T03:57:55.8803222Z A path returned 202. Retrying...
2022-10-03T03:57:55.8803501Z A path returned 202. Retrying...
2022-10-03T03:57:55.8803781Z A path returned 202. Retrying...
2022-10-03T03:57:55.8804060Z A path returned 202. Retrying...
2022-10-03T03:57:55.8804338Z A path returned 202. Retrying...
2022-10-03T03:57:55.8804615Z A path returned 202. Retrying...
2022-10-03T03:57:55.8804880Z A path returned 202. Retrying...
2022-10-03T03:57:55.8805159Z A path returned 202. Retrying...
2022-10-03T03:57:55.8805436Z A path returned 202. Retrying...
2022-10-03T03:57:55.8805714Z A path returned 202. Retrying...
2022-10-03T03:57:55.8805991Z A path returned 202. Retrying...
2022-10-03T03:57:55.8806270Z A path returned 202. Retrying...
2022-10-03T03:57:55.8806551Z A path returned 202. Retrying...
2022-10-03T03:57:55.8806830Z A path returned 202. Retrying...
2022-10-03T03:57:55.8807094Z A path returned 202. Retrying...
2022-10-03T03:57:55.8807550Z A path returned 202. Retrying...
2022-10-03T03:57:55.8807832Z A path returned 202. Retrying...
2022-10-03T03:57:55.8808111Z A path returned 202. Retrying...
2022-10-03T03:57:55.8808390Z A path returned 202. Retrying...
2022-10-03T03:57:55.8808668Z A path returned 202. Retrying...
2022-10-03T03:57:55.8808947Z A path returned 202. Retrying...
2022-10-03T03:57:55.8809224Z A path returned 202. Retrying...
2022-10-03T03:57:55.8809488Z A path returned 202. Retrying...
2022-10-03T03:57:55.8809766Z A path returned 202. Retrying...
2022-10-03T03:57:55.8810045Z A path returned 202. Retrying...
2022-10-03T03:57:55.8810324Z A path returned 202. Retrying...
2022-10-03T03:57:55.8810602Z A path returned 202. Retrying...
2022-10-03T03:57:55.8810880Z A path returned 202. Retrying...
2022-10-03T03:57:55.8811237Z A path returned 202. Retrying...
2022-10-03T03:57:55.8811509Z A path returned 202. Retrying...
2022-10-03T03:57:55.8811787Z A path returned 202. Retrying...
2022-10-03T03:57:55.8812065Z A path returned 202. Retrying...
2022-10-03T03:57:55.8812346Z A path returned 202. Retrying...
2022-10-03T03:57:55.8812623Z A path returned 202. Retrying...
2022-10-03T03:57:55.8812902Z A path returned 202. Retrying...
2022-10-03T03:57:55.8813177Z A path returned 202. Retrying...
2022-10-03T03:57:55.8813455Z A path returned 202. Retrying...
2022-10-03T03:57:55.8813718Z A path returned 202. Retrying...
2022-10-03T03:57:55.8813995Z A path returned 202. Retrying...
2022-10-03T03:57:55.8814276Z A path returned 202. Retrying...
2022-10-03T03:57:55.8814552Z A path returned 202. Retrying...
2022-10-03T03:57:55.8814831Z A path returned 202. Retrying...
2022-10-03T03:57:55.8815109Z A path returned 202. Retrying...
2022-10-03T03:57:55.8815387Z A path returned 202. Retrying...
2022-10-03T03:57:55.8815664Z A path returned 202. Retrying...
2022-10-03T03:57:55.8815931Z A path returned 202. Retrying...
2022-10-03T03:57:55.8816209Z A path returned 202. Retrying...
2022-10-03T03:57:55.8816487Z A path returned 202. Retrying...
2022-10-03T03:57:55.8816765Z A path returned 202. Retrying...
2022-10-03T03:57:55.8817047Z A path returned 202. Retrying...
2022-10-03T03:57:55.8817324Z A path returned 202. Retrying...
2022-10-03T03:57:55.8817600Z A path returned 202. Retrying...
2022-10-03T03:57:55.8817865Z A path returned 202. Retrying...
2022-10-03T03:57:55.8818142Z A path returned 202. Retrying...
2022-10-03T03:57:55.8818419Z A path returned 202. Retrying...
2022-10-03T03:57:55.8818697Z A path returned 202. Retrying...
2022-10-03T03:57:55.8818973Z A path returned 202. Retrying...
2022-10-03T03:57:55.8819251Z A path returned 202. Retrying...
2022-10-03T03:57:55.8819529Z A path returned 202. Retrying...
2022-10-03T03:57:55.8819807Z A path returned 202. Retrying...
2022-10-03T03:57:55.8820070Z A path returned 202. Retrying...
2022-10-03T03:57:55.8820354Z A path returned 202. Retrying...
2022-10-03T03:57:55.8820634Z A path returned 202. Retrying...
2022-10-03T03:57:55.8820910Z A path returned 202. Retrying...
2022-10-03T03:57:55.8821189Z A path returned 202. Retrying...
2022-10-03T03:57:55.8821471Z A path returned 202. Retrying...
2022-10-03T03:57:55.8821750Z A path returned 202. Retrying...
2022-10-03T03:57:55.8822028Z A path returned 202. Retrying...
2022-10-03T03:57:55.8822294Z A path returned 202. Retrying...
2022-10-03T03:57:55.8822573Z A path returned 202. Retrying...
2022-10-03T03:57:55.8822850Z A path returned 202. Retrying...
2022-10-03T03:57:55.8823128Z A path returned 202. Retrying...
2022-10-03T03:57:55.8823405Z A path returned 202. Retrying...
2022-10-03T03:57:55.8823683Z A path returned 202. Retrying...
2022-10-03T03:57:55.8823960Z A path returned 202. Retrying...
2022-10-03T03:57:55.8824224Z A path returned 202. Retrying...
2022-10-03T03:57:55.8824502Z A path returned 202. Retrying...
2022-10-03T03:57:55.8824779Z A path returned 202. Retrying...
2022-10-03T03:57:55.8825059Z A path returned 202. Retrying...
2022-10-03T03:57:55.8825336Z A path returned 202. Retrying...
2022-10-03T03:57:55.8825614Z A path returned 202. Retrying...
2022-10-03T03:57:55.8825890Z A path returned 202. Retrying...
2022-10-03T03:57:55.8826269Z A path returned 202. Retrying...
2022-10-03T03:57:55.8826534Z A path returned 202. Retrying...
2022-10-03T03:57:55.8826985Z A path returned 202. Retrying...
2022-10-03T03:57:55.8827266Z A path returned 202. Retrying...
2022-10-03T03:57:55.8827544Z A path returned 202. Retrying...
2022-10-03T03:57:55.8827824Z A path returned 202. Retrying...
2022-10-03T03:57:55.8828102Z A path returned 202. Retrying...
2022-10-03T03:57:55.8828381Z A path returned 202. Retrying...
2022-10-03T03:57:55.8828657Z A path returned 202. Retrying...
2022-10-03T03:57:55.8828923Z A path returned 202. Retrying...
2022-10-03T03:57:55.8829201Z A path returned 202. Retrying...
2022-10-03T03:57:55.8829479Z A path returned 202. Retrying...
2022-10-03T03:57:55.8829844Z A path returned 202. Retrying...
2022-10-03T03:57:55.8830131Z A path returned 202. Retrying...
2022-10-03T03:57:55.8830408Z A path returned 202. Retrying...
2022-10-03T03:57:55.8830686Z A path returned 202. Retrying...
2022-10-03T03:57:55.8830967Z A path returned 202. Retrying...
2022-10-03T03:57:55.8831232Z A path returned 202. Retrying...
2022-10-03T03:57:55.8831515Z A path returned 202. Retrying...
2022-10-03T03:57:55.8831795Z A path returned 202. Retrying...
2022-10-03T03:57:55.8832072Z A path returned 202. Retrying...
2022-10-03T03:57:55.8832351Z A path returned 202. Retrying...
2022-10-03T03:57:55.8832627Z A path returned 202. Retrying...
2022-10-03T03:57:55.8832905Z A path returned 202. Retrying...
2022-10-03T03:57:55.8833168Z A path returned 202. Retrying...
2022-10-03T03:57:55.8833448Z A path returned 202. Retrying...
2022-10-03T03:57:55.8833728Z A path returned 202. Retrying...
2022-10-03T03:57:55.8834006Z A path returned 202. Retrying...
2022-10-03T03:57:55.8834286Z A path returned 202. Retrying...
2022-10-03T03:57:55.8834568Z A path returned 202. Retrying...
2022-10-03T03:57:55.8834847Z A path returned 202. Retrying...
2022-10-03T03:57:55.8835123Z A path returned 202. Retrying...
2022-10-03T03:57:55.8835389Z A path returned 202. Retrying...
2022-10-03T03:57:55.8835672Z A path returned 202. Retrying...
2022-10-03T03:57:55.8835950Z A path returned 202. Retrying...
2022-10-03T03:57:55.8836230Z A path returned 202. Retrying...
2022-10-03T03:57:55.8836508Z A path returned 202. Retrying...
2022-10-03T03:57:55.8836787Z A path returned 202. Retrying...
2022-10-03T03:57:55.8837064Z A path returned 202. Retrying...
2022-10-03T03:57:55.8837341Z A path returned 202. Retrying...
2022-10-03T03:57:55.8837605Z A path returned 202. Retrying...
2022-10-03T03:57:55.8837882Z A path returned 202. Retrying...
2022-10-03T03:57:55.8838161Z A path returned 202. Retrying...
2022-10-03T03:57:55.8838440Z A path returned 202. Retrying...
2022-10-03T03:57:55.8838720Z A path returned 202. Retrying...
2022-10-03T03:57:55.8838999Z A path returned 202. Retrying...
2022-10-03T03:57:55.8839278Z A path returned 202. Retrying...
2022-10-03T03:57:55.8839541Z A path returned 202. Retrying...
2022-10-03T03:57:55.8839820Z A path returned 202. Retrying...
2022-10-03T03:57:55.8840104Z A path returned 202. Retrying...
2022-10-03T03:57:55.8840380Z A path returned 202. Retrying...
2022-10-03T03:57:55.8840658Z A path returned 202. Retrying...
2022-10-03T03:57:55.8840937Z A path returned 202. Retrying...
2022-10-03T03:57:55.8841217Z A path returned 202. Retrying...
2022-10-03T03:57:55.8841494Z A path returned 202. Retrying...
2022-10-03T03:57:55.8841760Z A path returned 202. Retrying...
2022-10-03T03:57:55.8842038Z A path returned 202. Retrying...
2022-10-03T03:57:55.8842317Z A path returned 202. Retrying...
2022-10-03T03:57:55.8842597Z A path returned 202. Retrying...
2022-10-03T03:57:55.8842874Z A path returned 202. Retrying...
2022-10-03T03:57:55.8843151Z A path returned 202. Retrying...
2022-10-03T03:57:55.8843429Z A path returned 202. Retrying...
2022-10-03T03:57:55.8843711Z A path returned 202. Retrying...
2022-10-03T03:57:55.8843976Z A path returned 202. Retrying...
2022-10-03T03:57:55.8844252Z A path returned 202. Retrying...
2022-10-03T03:57:55.8844533Z A path returned 202. Retrying...
2022-10-03T03:57:55.8844907Z A path returned 202. Retrying...
2022-10-03T03:57:55.8845186Z A path returned 202. Retrying...
2022-10-03T03:57:55.8845462Z A path returned 202. Retrying...
2022-10-03T03:57:55.8845741Z A path returned 202. Retrying...
2022-10-03T03:57:55.8846005Z A path returned 202. Retrying...
2022-10-03T03:57:55.8846284Z A path returned 202. Retrying...
2022-10-03T03:57:55.8846564Z A path returned 202. Retrying...
2022-10-03T03:57:55.8846841Z A path returned 202. Retrying...
2022-10-03T03:57:55.8847120Z A path returned 202. Retrying...
2022-10-03T03:57:55.8847398Z A path returned 202. Retrying...
2022-10-03T03:57:55.8847675Z A path returned 202. Retrying...
2022-10-03T03:57:55.8847953Z A path returned 202. Retrying...
2022-10-03T03:57:55.8848371Z A path returned 202. Retrying...
2022-10-03T03:57:55.8848656Z A path returned 202. Retrying...
2022-10-03T03:57:55.8848997Z A path returned 202. Retrying...
2022-10-03T03:57:55.8849277Z A path returned 202. Retrying...
2022-10-03T03:57:55.8849558Z A path returned 202. Retrying...
2022-10-03T03:57:55.8849837Z A path returned 202. Retrying...
2022-10-03T03:57:55.8850116Z A path returned 202. Retrying...
2022-10-03T03:57:55.8850395Z A path returned 202. Retrying...
2022-10-03T03:57:55.8850659Z A path returned 202. Retrying...
2022-10-03T03:57:55.8850936Z A path returned 202. Retrying...
2022-10-03T03:57:55.8851214Z A path returned 202. Retrying...
2022-10-03T03:57:55.8851492Z A path returned 202. Retrying...
2022-10-03T03:57:55.8851771Z A path returned 202. Retrying...
2022-10-03T03:57:55.8852050Z A path returned 202. Retrying...
2022-10-03T03:57:55.8852327Z A path returned 202. Retrying...
2022-10-03T03:57:55.8852592Z A path returned 202. Retrying...
2022-10-03T03:57:55.8852873Z A path returned 202. Retrying...
2022-10-03T03:57:55.8853157Z A path returned 202. Retrying...
2022-10-03T03:57:55.8853437Z A path returned 202. Retrying...
2022-10-03T03:57:55.8853717Z A path returned 202. Retrying...
2022-10-03T03:57:55.8853995Z A path returned 202. Retrying...
2022-10-03T03:57:55.8854276Z A path returned 202. Retrying...
2022-10-03T03:57:55.8854555Z A path returned 202. Retrying...
2022-10-03T03:57:55.8854819Z A path returned 202. Retrying...
2022-10-03T03:57:55.8855098Z A path returned 202. Retrying...
2022-10-03T03:57:55.8855378Z A path returned 202. Retrying...
2022-10-03T03:57:55.8855657Z A path returned 202. Retrying...
2022-10-03T03:57:55.8855933Z A path returned 202. Retrying...
2022-10-03T03:57:55.8856211Z A path returned 202. Retrying...
2022-10-03T03:57:55.8856490Z A path returned 202. Retrying...
2022-10-03T03:57:55.8856766Z A path returned 202. Retrying...
2022-10-03T03:57:55.8857031Z A path returned 202. Retrying...
2022-10-03T03:57:55.8857310Z A path returned 202. Retrying...
2022-10-03T03:57:55.8857592Z A path returned 202. Retrying...
2022-10-03T03:57:55.8857871Z A path returned 202. Retrying...
2022-10-03T03:57:55.8858151Z A path returned 202. Retrying...
2022-10-03T03:57:55.8858430Z A path returned 202. Retrying...
2022-10-03T03:57:55.8858711Z A path returned 202. Retrying...
2022-10-03T03:57:55.8858976Z A path returned 202. Retrying...
2022-10-03T03:57:55.8859257Z A path returned 202. Retrying...
2022-10-03T03:57:55.8859537Z A path returned 202. Retrying...
2022-10-03T03:57:55.8859815Z A path returned 202. Retrying...
2022-10-03T03:57:55.8860100Z A path returned 202. Retrying...
2022-10-03T03:57:55.8860378Z A path returned 202. Retrying...
2022-10-03T03:57:55.8860657Z A path returned 202. Retrying...
2022-10-03T03:57:55.8860935Z A path returned 202. Retrying...
2022-10-03T03:57:55.8861201Z A path returned 202. Retrying...
2022-10-03T03:57:55.8861479Z A path returned 202. Retrying...
2022-10-03T04:03:32.1133014Z A path returned 202. Retrying...
2022-10-03T04:03:32.1133659Z A path returned 202. Retrying...
2022-10-03T04:03:32.1134433Z A path returned 202. Retrying...
2022-10-03T04:03:32.1134753Z A path returned 202. Retrying...
2022-10-03T04:03:32.1135005Z A path returned 202. Retrying...
2022-10-03T04:03:32.1135256Z A path returned 202. Retrying...
2022-10-03T04:03:32.1135768Z A path returned 202. Retrying...
2022-10-03T04:03:32.1136022Z A path returned 202. Retrying...
2022-10-03T04:03:32.1136281Z A path returned 202. Retrying...
2022-10-03T04:03:32.1136531Z A path returned 202. Retrying...
2022-10-03T04:03:32.1136781Z A path returned 202. Retrying...
2022-10-03T04:03:32.1137016Z A path returned 202. Retrying...
2022-10-03T04:03:32.1137273Z A path returned 202. Retrying...
2022-10-03T04:03:32.1137522Z A path returned 202. Retrying...
2022-10-03T04:03:32.1137770Z A path returned 202. Retrying...
2022-10-03T04:03:32.1138018Z A path returned 202. Retrying...
2022-10-03T04:03:32.1138269Z A path returned 202. Retrying...
2022-10-03T04:03:32.1138517Z A path returned 202. Retrying...
2022-10-03T04:03:32.1138862Z A path returned 202. Retrying...
2022-10-03T04:03:32.1139134Z A path returned 202. Retrying...
2022-10-03T04:03:32.1139380Z A path returned 202. Retrying...
2022-10-03T04:03:32.1139630Z A path returned 202. Retrying...
2022-10-03T04:03:32.1139884Z A path returned 202. Retrying...
2022-10-03T04:03:32.1140132Z A path returned 202. Retrying...
2022-10-03T04:03:32.1140380Z A path returned 202. Retrying...
2022-10-03T04:03:32.1140629Z A path returned 202. Retrying...
2022-10-03T04:03:32.1140921Z A path returned 202. Retrying...
2022-10-03T04:03:32.1141166Z A path returned 202. Retrying...
2022-10-03T04:03:32.1141412Z A path returned 202. Retrying...
2022-10-03T04:03:32.1141645Z A path returned 202. Retrying...
2022-10-03T04:03:32.1141889Z A path returned 202. Retrying...
2022-10-03T04:03:32.1142137Z A path returned 202. Retrying...
2022-10-03T04:03:32.1142389Z A path returned 202. Retrying...
2022-10-03T04:03:32.1142640Z A path returned 202. Retrying...
2022-10-03T04:03:32.1142888Z A path returned 202. Retrying...
2022-10-03T04:03:32.1143141Z A path returned 202. Retrying...
2022-10-03T04:03:32.1143388Z A path returned 202. Retrying...
2022-10-03T04:03:32.1143619Z A path returned 202. Retrying...
2022-10-03T04:03:32.1143864Z A path returned 202. Retrying...
2022-10-03T04:03:32.1144119Z A path returned 202. Retrying...
2022-10-03T04:03:32.1144365Z A path returned 202. Retrying...
2022-10-03T04:03:32.1144612Z A path returned 202. Retrying...
2022-10-03T04:03:32.1144858Z A path returned 202. Retrying...
2022-10-03T04:03:32.1145105Z A path returned 202. Retrying...
2022-10-03T04:03:32.1145337Z A path returned 202. Retrying...
2022-10-03T04:03:32.1145585Z A path returned 202. Retrying...
2022-10-03T04:03:32.1145831Z A path returned 202. Retrying...
2022-10-03T04:03:32.1146079Z A path returned 202. Retrying...
2022-10-03T04:03:32.1146325Z A path returned 202. Retrying...
2022-10-03T04:03:32.1146573Z A path returned 202. Retrying...
2022-10-03T04:03:32.1150745Z A path returned 202. Retrying...
2022-10-03T04:03:32.1151016Z A path returned 202. Retrying...
2022-10-03T04:03:32.1154012Z A path returned 202. Retrying...
2022-10-03T04:03:32.1154272Z A path returned 202. Retrying...
2022-10-03T04:03:32.1154499Z A path returned 202. Retrying...
2022-10-03T04:03:32.1154731Z A path returned 202. Retrying...
2022-10-03T04:03:32.1155413Z A path returned 202. Retrying...
2022-10-03T04:03:32.1155647Z A path returned 202. Retrying...
2022-10-03T04:03:32.1155871Z A path returned 202. Retrying...
2022-10-03T04:03:32.1156096Z A path returned 202. Retrying...
2022-10-03T04:03:32.1156306Z A path returned 202. Retrying...
2022-10-03T04:03:32.1156528Z A path returned 202. Retrying...
2022-10-03T04:03:32.1156751Z A path returned 202. Retrying...
2022-10-03T04:03:32.1156974Z A path returned 202. Retrying...
2022-10-03T04:03:32.1157202Z A path returned 202. Retrying...
2022-10-03T04:03:32.1157423Z A path returned 202. Retrying...
2022-10-03T04:03:32.1157643Z A path returned 202. Retrying...
2022-10-03T04:03:32.1157851Z A path returned 202. Retrying...
2022-10-03T04:03:32.1158203Z A path returned 202. Retrying...
2022-10-03T04:03:32.1158449Z A path returned 202. Retrying...
2022-10-03T04:03:32.1158697Z A path returned 202. Retrying...
2022-10-03T04:03:32.1158943Z A path returned 202. Retrying...
2022-10-03T04:03:32.1159410Z A path returned 202. Retrying...
2022-10-03T04:03:32.1159658Z A path returned 202. Retrying...
2022-10-03T04:03:32.1159907Z A path returned 202. Retrying...
2022-10-03T04:03:32.1160142Z A path returned 202. Retrying...
2022-10-03T04:03:32.1160391Z A path returned 202. Retrying...
2022-10-03T04:03:32.1160641Z A path returned 202. Retrying...
2022-10-03T04:03:32.1160890Z A path returned 202. Retrying...
2022-10-03T04:03:32.1161140Z A path returned 202. Retrying...
2022-10-03T04:03:32.1161388Z A path returned 202. Retrying...
2022-10-03T04:03:32.1161636Z A path returned 202. Retrying...
2022-10-03T04:03:32.1161883Z A path returned 202. Retrying...
2022-10-03T04:03:32.1162118Z A path returned 202. Retrying...
2022-10-03T04:03:32.1162444Z A path returned 202. Retrying...
2022-10-03T04:03:32.1162702Z A path returned 202. Retrying...
2022-10-03T04:03:32.1162954Z A path returned 202. Retrying...
2022-10-03T04:03:32.1163208Z A path returned 202. Retrying...
2022-10-03T04:03:32.1163461Z A path returned 202. Retrying...
2022-10-03T04:03:32.1163713Z A path returned 202. Retrying...
2022-10-03T04:03:32.1164299Z A path returned 202. Retrying...
2022-10-03T04:03:32.1164563Z A path returned 202. Retrying...
2022-10-03T04:03:32.1164813Z A path returned 202. Retrying...
2022-10-03T04:03:32.1165065Z A path returned 202. Retrying...
2022-10-03T04:03:32.1165316Z A path returned 202. Retrying...
2022-10-03T04:03:32.1165564Z A path returned 202. Retrying...
2022-10-03T04:03:32.1165810Z A path returned 202. Retrying...
2022-10-03T04:03:32.1166060Z A path returned 202. Retrying...
2022-10-03T04:03:32.1166294Z A path returned 202. Retrying...
2022-10-03T04:03:32.1166539Z A path returned 202. Retrying...
2022-10-03T04:03:32.1166787Z A path returned 202. Retrying...
2022-10-03T04:03:32.1167037Z A path returned 202. Retrying...
2022-10-03T04:03:32.1167284Z A path returned 202. Retrying...
2022-10-03T04:03:32.1167530Z A path returned 202. Retrying...
2022-10-03T04:03:32.1167776Z A path returned 202. Retrying...
2022-10-03T04:03:32.1168026Z A path returned 202. Retrying...
2022-10-03T04:03:32.1168259Z A path returned 202. Retrying...
2022-10-03T04:03:32.1168506Z A path returned 202. Retrying...
2022-10-03T04:03:32.1168752Z A path returned 202. Retrying...
2022-10-03T04:03:32.1168999Z A path returned 202. Retrying...
2022-10-03T04:03:32.1169244Z A path returned 202. Retrying...
2022-10-03T04:03:32.1169488Z A path returned 202. Retrying...
2022-10-03T04:03:32.1169733Z A path returned 202. Retrying...
2022-10-03T04:03:32.1169964Z A path returned 202. Retrying...
2022-10-03T04:03:32.1170211Z A path returned 202. Retrying...
2022-10-03T04:03:32.1170457Z A path returned 202. Retrying...
2022-10-03T04:03:32.1170703Z A path returned 202. Retrying...
2022-10-03T04:03:32.1170955Z A path returned 202. Retrying...
2022-10-03T04:03:32.1171202Z A path returned 202. Retrying...
2022-10-03T04:03:32.1171452Z A path returned 202. Retrying...
2022-10-03T04:03:32.1171697Z A path returned 202. Retrying...
2022-10-03T04:03:32.1171934Z A path returned 202. Retrying...
2022-10-03T04:03:32.1172182Z A path returned 202. Retrying...
2022-10-03T04:03:32.1172431Z A path returned 202. Retrying...
2022-10-03T04:03:32.1172687Z A path returned 202. Retrying...
2022-10-03T04:03:32.1172940Z A path returned 202. Retrying...
2022-10-03T04:03:32.1173190Z A path returned 202. Retrying...
2022-10-03T04:03:32.1173435Z A path returned 202. Retrying...
2022-10-03T04:03:32.1173683Z A path returned 202. Retrying...
2022-10-03T04:03:32.1173917Z A path returned 202. Retrying...
2022-10-03T04:03:32.1174167Z A path returned 202. Retrying...
2022-10-03T04:03:32.1174417Z A path returned 202. Retrying...
2022-10-03T04:03:32.1174662Z A path returned 202. Retrying...
2022-10-03T04:03:32.1174912Z A path returned 202. Retrying...
2022-10-03T04:03:32.1175168Z A path returned 202. Retrying...
2022-10-03T04:03:32.1175417Z A path returned 202. Retrying...
2022-10-03T04:03:32.1175695Z A path returned 202. Retrying...
2022-10-03T04:03:32.1175940Z A path returned 202. Retrying...
2022-10-03T04:03:32.1176312Z A path returned 202. Retrying...
2022-10-03T04:03:32.1176558Z A path returned 202. Retrying...
2022-10-03T04:03:32.1419759Z ##[group]Run git config --global user.name "jstrieb/github-stats"
2022-10-03T04:03:32.1420159Z [36;1mgit config --global user.name "jstrieb/github-stats"[0m
2022-10-03T04:03:32.1420532Z [36;1mgit config --global user.email "github-stats[bot]@jstrieb.github.io"[0m
2022-10-03T04:03:32.1420835Z [36;1mgit add .[0m
2022-10-03T04:03:32.1421117Z [36;1m# Force the build to succeed, even if no files were changed[0m
2022-10-03T04:03:32.1421444Z [36;1mgit commit -m 'Update generated files' || true[0m
2022-10-03T04:03:32.1421704Z [36;1mgit push[0m
2022-10-03T04:03:32.1475116Z shell: /usr/bin/bash -e {0}
2022-10-03T04:03:32.1475349Z env:
2022-10-03T04:03:32.1475639Z   pythonLocation: /opt/hostedtoolcache/Python/3.8.14/x64
2022-10-03T04:03:32.1475989Z   LD_LIBRARY_PATH: /opt/hostedtoolcache/Python/3.8.14/x64/lib
2022-10-03T04:03:32.1476263Z ##[endgroup]
2022-10-03T04:03:32.3401835Z [master eeb9859] Update generated files
2022-10-03T04:03:32.3402888Z  2 files changed, 406 insertions(+), 370 deletions(-)
2022-10-03T04:03:32.9227681Z To https://github.com/seanpm2001/GitHub_Stats_A
2022-10-03T04:03:32.9228435Z    8c6def6..eeb9859  master -> master
2022-10-03T04:03:33.1694178Z Post job cleanup.
2022-10-03T04:03:33.3160755Z Cache hit occurred on the primary key Linux-pip-60f2a6c0212a9b74a155cd81b58dd07fd8b180833132566260d95f4de42fe218, not saving cache.
2022-10-03T04:03:33.3278734Z Post job cleanup.
2022-10-03T04:03:33.4821130Z Post job cleanup.
2022-10-03T04:03:33.6095889Z [command]/usr/bin/git version
2022-10-03T04:03:33.6155619Z git version 2.37.3
2022-10-03T04:03:33.6192987Z Copying '/home/runner/.gitconfig' to '/home/runner/work/_temp/199bb823-33cc-4553-be4c-e915f9a76d42/.gitconfig'
2022-10-03T04:03:33.6203880Z Temporarily overriding HOME='/home/runner/work/_temp/199bb823-33cc-4553-be4c-e915f9a76d42' before making global git config changes
2022-10-03T04:03:33.6204698Z Adding repository directory to the temporary git global config as a safe directory
2022-10-03T04:03:33.6211244Z [command]/usr/bin/git config --global --add safe.directory /home/runner/work/GitHub_Stats_A/GitHub_Stats_A
2022-10-03T04:03:33.6270415Z [command]/usr/bin/git config --local --name-only --get-regexp core\.sshCommand
2022-10-03T04:03:33.6314069Z [command]/usr/bin/git submodule foreach --recursive git config --local --name-only --get-regexp 'core\.sshCommand' && git config --local --unset-all 'core.sshCommand' || :
2022-10-03T04:03:33.6620139Z [command]/usr/bin/git config --local --name-only --get-regexp http\.https\:\/\/github\.com\/\.extraheader
2022-10-03T04:03:33.6655050Z http.https://github.com/.extraheader
2022-10-03T04:03:33.6674671Z [command]/usr/bin/git config --local --unset-all http.https://github.com/.extraheader
2022-10-03T04:03:33.6715103Z [command]/usr/bin/git submodule foreach --recursive git config --local --name-only --get-regexp 'http\.https\:\/\/github\.com\/\.extraheader' && git config --local --unset-all 'http.https://github.com/.extraheader' || :
2022-10-03T04:03:33.7254599Z Cleaning up orphan processes
