2023-01-17T01:42:38.1844695Z Requested labels: ubuntu-latest
2023-01-17T01:42:38.1844741Z Job defined at: seanpm2001/GitHub_Stats_A/.github/workflows/main.yml@refs/heads/master
2023-01-17T01:42:38.1844770Z Waiting for a runner to pick up this job...
2023-01-17T01:42:38.8698545Z Job is waiting for a hosted runner to come online.
2023-01-17T01:42:43.9787514Z Job is about to start running on the hosted runner: Hosted Agent (hosted)
2023-01-17T01:42:50.2682825Z Current runner version: '2.300.2'
2023-01-17T01:42:50.2716989Z ##[group]Operating System
2023-01-17T01:42:50.2717938Z Ubuntu
2023-01-17T01:42:50.2718331Z 22.04.1
2023-01-17T01:42:50.2718592Z LTS
2023-01-17T01:42:50.2718935Z ##[endgroup]
2023-01-17T01:42:50.2719293Z ##[group]Runner Image
2023-01-17T01:42:50.2719752Z Image: ubuntu-22.04
2023-01-17T01:42:50.2720431Z Version: 20230109.1
2023-01-17T01:42:50.2720981Z Included Software: https://github.com/actions/runner-images/blob/ubuntu22/20230109.1/images/linux/Ubuntu2204-Readme.md
2023-01-17T01:42:50.2721675Z Image Release: https://github.com/actions/runner-images/releases/tag/ubuntu22%2F20230109.1
2023-01-17T01:42:50.2722212Z ##[endgroup]
2023-01-17T01:42:50.2722536Z ##[group]Runner Image Provisioner
2023-01-17T01:42:50.2722906Z 2.0.98.1
2023-01-17T01:42:50.2723226Z ##[endgroup]
2023-01-17T01:42:50.2723886Z ##[group]GITHUB_TOKEN Permissions
2023-01-17T01:42:50.2724622Z Contents: write
2023-01-17T01:42:50.2724923Z Metadata: read
2023-01-17T01:42:50.2725448Z ##[endgroup]
2023-01-17T01:42:50.2730053Z Secret source: Actions
2023-01-17T01:42:50.2730568Z Prepare workflow directory
2023-01-17T01:42:50.3862916Z Prepare all required actions
2023-01-17T01:42:50.4110708Z Getting action download info
2023-01-17T01:42:50.7932583Z Download action repository 'actions/checkout@v3' (SHA:ac593985615ec2ede58e132d2e21d2b1cbd6127c)
2023-01-17T01:42:51.4561059Z Download action repository 'actions/setup-python@v4' (SHA:d27e3f3d7c64b4bbf8e4abfb9b63b83e846e0435)
2023-01-17T01:42:52.3143464Z ##[group]Run actions/checkout@v3
2023-01-17T01:42:52.3144059Z with:
2023-01-17T01:42:52.3144367Z   repository: seanpm2001/GitHub_Stats_A
2023-01-17T01:42:52.3144990Z   token: ***
2023-01-17T01:42:52.3145323Z   ssh-strict: true
2023-01-17T01:42:52.3145688Z   persist-credentials: true
2023-01-17T01:42:52.3146033Z   clean: true
2023-01-17T01:42:52.3146371Z   fetch-depth: 1
2023-01-17T01:42:52.3146683Z   lfs: false
2023-01-17T01:42:52.3147002Z   submodules: false
2023-01-17T01:42:52.3147290Z   set-safe-directory: true
2023-01-17T01:42:52.3147698Z ##[endgroup]
2023-01-17T01:42:52.6907548Z Syncing repository: seanpm2001/GitHub_Stats_A
2023-01-17T01:42:52.6909429Z ##[group]Getting Git version info
2023-01-17T01:42:52.6910151Z Working directory is '/home/runner/work/GitHub_Stats_A/GitHub_Stats_A'
2023-01-17T01:42:52.6911200Z [command]/usr/bin/git version
2023-01-17T01:42:52.7091379Z git version 2.39.0
2023-01-17T01:42:52.7124204Z ##[endgroup]
2023-01-17T01:42:52.7144966Z Temporarily overriding HOME='/home/runner/work/_temp/285620a3-fc89-4fdc-a22e-c6d501c3bf6e' before making global git config changes
2023-01-17T01:42:52.7146065Z Adding repository directory to the temporary git global config as a safe directory
2023-01-17T01:42:52.7152906Z [command]/usr/bin/git config --global --add safe.directory /home/runner/work/GitHub_Stats_A/GitHub_Stats_A
2023-01-17T01:42:52.7209037Z Deleting the contents of '/home/runner/work/GitHub_Stats_A/GitHub_Stats_A'
2023-01-17T01:42:52.7215830Z ##[group]Initializing the repository
2023-01-17T01:42:52.7220716Z [command]/usr/bin/git init /home/runner/work/GitHub_Stats_A/GitHub_Stats_A
2023-01-17T01:42:52.7318585Z hint: Using 'master' as the name for the initial branch. This default branch name
2023-01-17T01:42:52.7319623Z hint: is subject to change. To configure the initial branch name to use in all
2023-01-17T01:42:52.7320992Z hint: of your new repositories, which will suppress this warning, call:
2023-01-17T01:42:52.7321661Z hint: 
2023-01-17T01:42:52.7323257Z hint: 	git config --global init.defaultBranch <name>
2023-01-17T01:42:52.7324386Z hint: 
2023-01-17T01:42:52.7326839Z hint: Names commonly chosen instead of 'master' are 'main', 'trunk' and
2023-01-17T01:42:52.7328070Z hint: 'development'. The just-created branch can be renamed via this command:
2023-01-17T01:42:52.7330194Z hint: 
2023-01-17T01:42:52.7331750Z hint: 	git branch -m <name>
2023-01-17T01:42:52.7333617Z Initialized empty Git repository in /home/runner/work/GitHub_Stats_A/GitHub_Stats_A/.git/
2023-01-17T01:42:52.7346513Z [command]/usr/bin/git remote add origin https://github.com/seanpm2001/GitHub_Stats_A
2023-01-17T01:42:52.7404642Z ##[endgroup]
2023-01-17T01:42:52.7405761Z ##[group]Disabling automatic garbage collection
2023-01-17T01:42:52.7409963Z [command]/usr/bin/git config --local gc.auto 0
2023-01-17T01:42:52.7451527Z ##[endgroup]
2023-01-17T01:42:52.7452411Z ##[group]Setting up auth
2023-01-17T01:42:52.7460676Z [command]/usr/bin/git config --local --name-only --get-regexp core\.sshCommand
2023-01-17T01:42:52.7500737Z [command]/usr/bin/git submodule foreach --recursive sh -c "git config --local --name-only --get-regexp 'core\.sshCommand' && git config --local --unset-all 'core.sshCommand' || :"
2023-01-17T01:42:52.7964041Z [command]/usr/bin/git config --local --name-only --get-regexp http\.https\:\/\/github\.com\/\.extraheader
2023-01-17T01:42:52.8005110Z [command]/usr/bin/git submodule foreach --recursive sh -c "git config --local --name-only --get-regexp 'http\.https\:\/\/github\.com\/\.extraheader' && git config --local --unset-all 'http.https://github.com/.extraheader' || :"
2023-01-17T01:42:52.8283128Z [command]/usr/bin/git config --local http.https://github.com/.extraheader AUTHORIZATION: basic ***
2023-01-17T01:42:52.8339170Z ##[endgroup]
2023-01-17T01:42:52.8340336Z ##[group]Fetching the repository
2023-01-17T01:42:52.8352103Z [command]/usr/bin/git -c protocol.version=2 fetch --no-tags --prune --progress --no-recurse-submodules --depth=1 origin +f0dba8ebbfe2b9f9bc0cde69fef1cebc9d699f5b:refs/remotes/origin/master
2023-01-17T01:42:53.2748965Z remote: Enumerating objects: 3296, done.        
2023-01-17T01:42:53.2755646Z remote: Counting objects:   0% (1/3296)        
2023-01-17T01:42:53.2758487Z remote: Counting objects:   1% (33/3296)        
2023-01-17T01:42:53.2826639Z remote: Counting objects:   2% (66/3296)        
2023-01-17T01:42:53.2828349Z remote: Counting objects:   3% (99/3296)        
2023-01-17T01:42:53.2829188Z remote: Counting objects:   4% (132/3296)        
2023-01-17T01:42:53.2829713Z remote: Counting objects:   5% (165/3296)        
2023-01-17T01:42:53.2830268Z remote: Counting objects:   6% (198/3296)        
2023-01-17T01:42:53.2830801Z remote: Counting objects:   7% (231/3296)        
2023-01-17T01:42:53.2831386Z remote: Counting objects:   8% (264/3296)        
2023-01-17T01:42:53.2831933Z remote: Counting objects:   9% (297/3296)        
2023-01-17T01:42:53.2832800Z remote: Counting objects:  10% (330/3296)        
2023-01-17T01:42:53.2833345Z remote: Counting objects:  11% (363/3296)        
2023-01-17T01:42:53.2834111Z remote: Counting objects:  12% (396/3296)        
2023-01-17T01:42:53.2834638Z remote: Counting objects:  13% (429/3296)        
2023-01-17T01:42:53.2835390Z remote: Counting objects:  14% (462/3296)        
2023-01-17T01:42:53.2836107Z remote: Counting objects:  15% (495/3296)        
2023-01-17T01:42:53.2836773Z remote: Counting objects:  16% (528/3296)        
2023-01-17T01:42:53.2837306Z remote: Counting objects:  17% (561/3296)        
2023-01-17T01:42:53.2837838Z remote: Counting objects:  18% (594/3296)        
2023-01-17T01:42:53.2838300Z remote: Counting objects:  19% (627/3296)        
2023-01-17T01:42:53.2839028Z remote: Counting objects:  20% (660/3296)        
2023-01-17T01:42:53.2839626Z remote: Counting objects:  21% (693/3296)        
2023-01-17T01:42:53.2840159Z remote: Counting objects:  22% (726/3296)        
2023-01-17T01:42:53.2840778Z remote: Counting objects:  23% (759/3296)        
2023-01-17T01:42:53.2841232Z remote: Counting objects:  24% (792/3296)        
2023-01-17T01:42:53.2841916Z remote: Counting objects:  25% (824/3296)        
2023-01-17T01:42:53.2842452Z remote: Counting objects:  26% (857/3296)        
2023-01-17T01:42:53.2925764Z remote: Counting objects:  27% (890/3296)        
2023-01-17T01:42:53.2926263Z remote: Counting objects:  28% (923/3296)        
2023-01-17T01:42:53.2927627Z remote: Counting objects:  29% (956/3296)        
2023-01-17T01:42:53.2928212Z remote: Counting objects:  30% (989/3296)        
2023-01-17T01:42:53.2929888Z remote: Counting objects:  31% (1022/3296)        
2023-01-17T01:42:53.2931738Z remote: Counting objects:  32% (1055/3296)        
2023-01-17T01:42:53.2932179Z remote: Counting objects:  33% (1088/3296)        
2023-01-17T01:42:53.2933357Z remote: Counting objects:  34% (1121/3296)        
2023-01-17T01:42:53.2934187Z remote: Counting objects:  35% (1154/3296)        
2023-01-17T01:42:53.2935047Z remote: Counting objects:  36% (1187/3296)        
2023-01-17T01:42:53.2936273Z remote: Counting objects:  37% (1220/3296)        
2023-01-17T01:42:53.2937166Z remote: Counting objects:  38% (1253/3296)        
2023-01-17T01:42:53.2937700Z remote: Counting objects:  39% (1286/3296)        
2023-01-17T01:42:53.2938977Z remote: Counting objects:  40% (1319/3296)        
2023-01-17T01:42:53.3171089Z remote: Counting objects:  41% (1352/3296)        
2023-01-17T01:42:53.3223338Z remote: Counting objects:  42% (1385/3296)        
2023-01-17T01:42:53.3224582Z remote: Counting objects:  43% (1418/3296)        
2023-01-17T01:42:53.3226561Z remote: Counting objects:  44% (1451/3296)        
2023-01-17T01:42:53.3228308Z remote: Counting objects:  45% (1484/3296)        
2023-01-17T01:42:53.3228925Z remote: Counting objects:  46% (1517/3296)        
2023-01-17T01:42:53.3229810Z remote: Counting objects:  47% (1550/3296)        
2023-01-17T01:42:53.3230732Z remote: Counting objects:  48% (1583/3296)        
2023-01-17T01:42:53.3231430Z remote: Counting objects:  49% (1616/3296)        
2023-01-17T01:42:53.3232567Z remote: Counting objects:  50% (1648/3296)        
2023-01-17T01:42:53.3233717Z remote: Counting objects:  51% (1681/3296)        
2023-01-17T01:42:53.3234513Z remote: Counting objects:  52% (1714/3296)        
2023-01-17T01:42:53.3235307Z remote: Counting objects:  53% (1747/3296)        
2023-01-17T01:42:53.3236095Z remote: Counting objects:  54% (1780/3296)        
2023-01-17T01:42:53.3236731Z remote: Counting objects:  55% (1813/3296)        
2023-01-17T01:42:53.3237351Z remote: Counting objects:  56% (1846/3296)        
2023-01-17T01:42:53.3238027Z remote: Counting objects:  57% (1879/3296)        
2023-01-17T01:42:53.3238658Z remote: Counting objects:  58% (1912/3296)        
2023-01-17T01:42:53.3239277Z remote: Counting objects:  59% (1945/3296)        
2023-01-17T01:42:53.3239903Z remote: Counting objects:  60% (1978/3296)        
2023-01-17T01:42:53.3240518Z remote: Counting objects:  61% (2011/3296)        
2023-01-17T01:42:53.3241118Z remote: Counting objects:  62% (2044/3296)        
2023-01-17T01:42:53.3241734Z remote: Counting objects:  63% (2077/3296)        
2023-01-17T01:42:53.3242526Z remote: Counting objects:  64% (2110/3296)        
2023-01-17T01:42:53.3243212Z remote: Counting objects:  65% (2143/3296)        
2023-01-17T01:42:53.3243840Z remote: Counting objects:  66% (2176/3296)        
2023-01-17T01:42:53.3244459Z remote: Counting objects:  67% (2209/3296)        
2023-01-17T01:42:53.3245080Z remote: Counting objects:  68% (2242/3296)        
2023-01-17T01:42:53.3245983Z remote: Counting objects:  69% (2275/3296)        
2023-01-17T01:42:53.3246533Z remote: Counting objects:  70% (2308/3296)        
2023-01-17T01:42:53.3247152Z remote: Counting objects:  71% (2341/3296)        
2023-01-17T01:42:53.3247759Z remote: Counting objects:  72% (2374/3296)        
2023-01-17T01:42:53.3248728Z remote: Counting objects:  73% (2407/3296)        
2023-01-17T01:42:53.3249392Z remote: Counting objects:  74% (2440/3296)        
2023-01-17T01:42:53.3250044Z remote: Counting objects:  75% (2472/3296)        
2023-01-17T01:42:53.3250695Z remote: Counting objects:  76% (2505/3296)        
2023-01-17T01:42:53.3251355Z remote: Counting objects:  77% (2538/3296)        
2023-01-17T01:42:53.3252290Z remote: Counting objects:  78% (2571/3296)        
2023-01-17T01:42:53.3252909Z remote: Counting objects:  79% (2604/3296)        
2023-01-17T01:42:53.3253508Z remote: Counting objects:  80% (2637/3296)        
2023-01-17T01:42:53.3254120Z remote: Counting objects:  81% (2670/3296)        
2023-01-17T01:42:53.3254742Z remote: Counting objects:  82% (2703/3296)        
2023-01-17T01:42:53.3255736Z remote: Counting objects:  83% (2736/3296)        
2023-01-17T01:42:53.3256369Z remote: Counting objects:  84% (2769/3296)        
2023-01-17T01:42:53.3256976Z remote: Counting objects:  85% (2802/3296)        
2023-01-17T01:42:53.3257594Z remote: Counting objects:  86% (2835/3296)        
2023-01-17T01:42:53.3258211Z remote: Counting objects:  87% (2868/3296)        
2023-01-17T01:42:53.3258838Z remote: Counting objects:  88% (2901/3296)        
2023-01-17T01:42:53.3259453Z remote: Counting objects:  89% (2934/3296)        
2023-01-17T01:42:53.3260054Z remote: Counting objects:  90% (2967/3296)        
2023-01-17T01:42:53.3260666Z remote: Counting objects:  91% (3000/3296)        
2023-01-17T01:42:53.3261288Z remote: Counting objects:  92% (3033/3296)        
2023-01-17T01:42:53.3261894Z remote: Counting objects:  93% (3066/3296)        
2023-01-17T01:42:53.3262505Z remote: Counting objects:  94% (3099/3296)        
2023-01-17T01:42:53.3263100Z remote: Counting objects:  95% (3132/3296)        
2023-01-17T01:42:53.3263724Z remote: Counting objects:  96% (3165/3296)        
2023-01-17T01:42:53.3264369Z remote: Counting objects:  97% (3198/3296)        
2023-01-17T01:42:53.3264977Z remote: Counting objects:  98% (3231/3296)        
2023-01-17T01:42:53.3265800Z remote: Counting objects:  99% (3264/3296)        
2023-01-17T01:42:53.3266446Z remote: Counting objects: 100% (3296/3296)        
2023-01-17T01:42:53.3267291Z remote: Counting objects: 100% (3296/3296), done.        
2023-01-17T01:42:53.3268043Z remote: Compressing objects:   0% (1/1169)        
2023-01-17T01:42:53.3268581Z remote: Compressing objects:   1% (12/1169)        
2023-01-17T01:42:53.3269207Z remote: Compressing objects:   2% (24/1169)        
2023-01-17T01:42:53.3269818Z remote: Compressing objects:   3% (36/1169)        
2023-01-17T01:42:53.3270440Z remote: Compressing objects:   4% (47/1169)        
2023-01-17T01:42:53.3271063Z remote: Compressing objects:   5% (59/1169)        
2023-01-17T01:42:53.3271709Z remote: Compressing objects:   6% (71/1169)        
2023-01-17T01:42:53.3272678Z remote: Compressing objects:   7% (82/1169)        
2023-01-17T01:42:53.3273581Z remote: Compressing objects:   8% (94/1169)        
2023-01-17T01:42:53.3274496Z remote: Compressing objects:   9% (106/1169)        
2023-01-17T01:42:53.3275033Z remote: Compressing objects:  10% (117/1169)        
2023-01-17T01:42:53.3275658Z remote: Compressing objects:  11% (129/1169)        
2023-01-17T01:42:53.3276439Z remote: Compressing objects:  12% (141/1169)        
2023-01-17T01:42:53.3277072Z remote: Compressing objects:  13% (152/1169)        
2023-01-17T01:42:53.3277741Z remote: Compressing objects:  14% (164/1169)        
2023-01-17T01:42:53.3278361Z remote: Compressing objects:  15% (176/1169)        
2023-01-17T01:42:53.3278993Z remote: Compressing objects:  16% (188/1169)        
2023-01-17T01:42:53.3279614Z remote: Compressing objects:  17% (199/1169)        
2023-01-17T01:42:53.3280410Z remote: Compressing objects:  18% (211/1169)        
2023-01-17T01:42:53.3281042Z remote: Compressing objects:  19% (223/1169)        
2023-01-17T01:42:53.3281695Z remote: Compressing objects:  20% (234/1169)        
2023-01-17T01:42:53.3282487Z remote: Compressing objects:  21% (246/1169)        
2023-01-17T01:42:53.3283107Z remote: Compressing objects:  22% (258/1169)        
2023-01-17T01:42:53.3284221Z remote: Compressing objects:  23% (269/1169)        
2023-01-17T01:42:53.3284903Z remote: Compressing objects:  24% (281/1169)        
2023-01-17T01:42:53.3285628Z remote: Compressing objects:  25% (293/1169)        
2023-01-17T01:42:53.3286291Z remote: Compressing objects:  26% (304/1169)        
2023-01-17T01:42:53.3301649Z remote: Compressing objects:  27% (316/1169)        
2023-01-17T01:42:53.3384375Z remote: Compressing objects:  28% (328/1169)        
2023-01-17T01:42:53.3466994Z remote: Compressing objects:  29% (340/1169)        
2023-01-17T01:42:53.3468758Z remote: Compressing objects:  30% (351/1169)        
2023-01-17T01:42:53.3588716Z remote: Compressing objects:  31% (363/1169)        
2023-01-17T01:42:53.3654211Z remote: Compressing objects:  32% (375/1169)        
2023-01-17T01:42:53.3677100Z remote: Compressing objects:  33% (386/1169)        
2023-01-17T01:42:53.3685559Z remote: Compressing objects:  34% (398/1169)        
2023-01-17T01:42:53.3695562Z remote: Compressing objects:  35% (410/1169)        
2023-01-17T01:42:53.3888989Z remote: Compressing objects:  36% (421/1169)        
2023-01-17T01:42:53.3917819Z remote: Compressing objects:  37% (433/1169)        
2023-01-17T01:42:53.3918283Z remote: Compressing objects:  38% (445/1169)        
2023-01-17T01:42:53.3918865Z remote: Compressing objects:  39% (456/1169)        
2023-01-17T01:42:53.3919236Z remote: Compressing objects:  40% (468/1169)        
2023-01-17T01:42:53.3919797Z remote: Compressing objects:  41% (480/1169)        
2023-01-17T01:42:53.3965465Z remote: Compressing objects:  42% (491/1169)        
2023-01-17T01:42:53.3965814Z remote: Compressing objects:  43% (503/1169)        
2023-01-17T01:42:53.3985438Z remote: Compressing objects:  44% (515/1169)        
2023-01-17T01:42:53.3986642Z remote: Compressing objects:  45% (527/1169)        
2023-01-17T01:42:53.3986951Z remote: Compressing objects:  46% (538/1169)        
2023-01-17T01:42:53.3990391Z remote: Compressing objects:  47% (550/1169)        
2023-01-17T01:42:53.3990783Z remote: Compressing objects:  48% (562/1169)        
2023-01-17T01:42:53.3991918Z remote: Compressing objects:  49% (573/1169)        
2023-01-17T01:42:53.3992275Z remote: Compressing objects:  50% (585/1169)        
2023-01-17T01:42:53.3993153Z remote: Compressing objects:  51% (597/1169)        
2023-01-17T01:42:53.3997324Z remote: Compressing objects:  52% (608/1169)        
2023-01-17T01:42:53.3999730Z remote: Compressing objects:  53% (620/1169)        
2023-01-17T01:42:53.4003182Z remote: Compressing objects:  54% (632/1169)        
2023-01-17T01:42:53.4003943Z remote: Compressing objects:  55% (643/1169)        
2023-01-17T01:42:53.4004825Z remote: Compressing objects:  56% (655/1169)        
2023-01-17T01:42:53.4005128Z remote: Compressing objects:  57% (667/1169)        
2023-01-17T01:42:53.4005614Z remote: Compressing objects:  58% (679/1169)        
2023-01-17T01:42:53.4006004Z remote: Compressing objects:  59% (690/1169)        
2023-01-17T01:42:53.4007104Z remote: Compressing objects:  60% (702/1169)        
2023-01-17T01:42:53.4016234Z remote: Compressing objects:  61% (714/1169)        
2023-01-17T01:42:53.4019155Z remote: Compressing objects:  62% (725/1169)        
2023-01-17T01:42:53.4019821Z remote: Compressing objects:  63% (737/1169)        
2023-01-17T01:42:53.4020549Z remote: Compressing objects:  64% (749/1169)        
2023-01-17T01:42:53.4021385Z remote: Compressing objects:  65% (760/1169)        
2023-01-17T01:42:53.4022056Z remote: Compressing objects:  66% (772/1169)        
2023-01-17T01:42:53.4022671Z remote: Compressing objects:  67% (784/1169)        
2023-01-17T01:42:53.4023492Z remote: Compressing objects:  68% (795/1169)        
2023-01-17T01:42:53.4024206Z remote: Compressing objects:  69% (807/1169)        
2023-01-17T01:42:53.4024963Z remote: Compressing objects:  70% (819/1169)        
2023-01-17T01:42:53.4025550Z remote: Compressing objects:  71% (830/1169)        
2023-01-17T01:42:53.4026237Z remote: Compressing objects:  72% (842/1169)        
2023-01-17T01:42:53.4026871Z remote: Compressing objects:  73% (854/1169)        
2023-01-17T01:42:53.4027586Z remote: Compressing objects:  74% (866/1169)        
2023-01-17T01:42:53.4028228Z remote: Compressing objects:  75% (877/1169)        
2023-01-17T01:42:53.4028809Z remote: Compressing objects:  76% (889/1169)        
2023-01-17T01:42:53.4029486Z remote: Compressing objects:  77% (901/1169)        
2023-01-17T01:42:53.4030613Z remote: Compressing objects:  78% (912/1169)        
2023-01-17T01:42:53.4031861Z remote: Compressing objects:  79% (924/1169)        
2023-01-17T01:42:53.4032731Z remote: Compressing objects:  80% (936/1169)        
2023-01-17T01:42:53.4033561Z remote: Compressing objects:  81% (947/1169)        
2023-01-17T01:42:53.4034858Z remote: Compressing objects:  82% (959/1169)        
2023-01-17T01:42:53.4036446Z remote: Compressing objects:  83% (971/1169)        
2023-01-17T01:42:53.4037278Z remote: Compressing objects:  84% (982/1169)        
2023-01-17T01:42:53.4037905Z remote: Compressing objects:  85% (994/1169)        
2023-01-17T01:42:53.4102624Z remote: Compressing objects:  86% (1006/1169)        
2023-01-17T01:42:53.4103502Z remote: Compressing objects:  87% (1018/1169)        
2023-01-17T01:42:53.4103979Z remote: Compressing objects:  88% (1029/1169)        
2023-01-17T01:42:53.4104294Z remote: Compressing objects:  89% (1041/1169)        
2023-01-17T01:42:53.4104628Z remote: Compressing objects:  90% (1053/1169)        
2023-01-17T01:42:53.4105268Z remote: Compressing objects:  91% (1064/1169)        
2023-01-17T01:42:53.4105751Z remote: Compressing objects:  92% (1076/1169)        
2023-01-17T01:42:53.4106064Z remote: Compressing objects:  93% (1088/1169)        
2023-01-17T01:42:53.4106368Z remote: Compressing objects:  94% (1099/1169)        
2023-01-17T01:42:53.4106686Z remote: Compressing objects:  95% (1111/1169)        
2023-01-17T01:42:53.4106997Z remote: Compressing objects:  96% (1123/1169)        
2023-01-17T01:42:53.4107462Z remote: Compressing objects:  97% (1134/1169)        
2023-01-17T01:42:53.4107898Z remote: Compressing objects:  98% (1146/1169)        
2023-01-17T01:42:53.4108401Z remote: Compressing objects:  99% (1158/1169)        
2023-01-17T01:42:53.4109106Z remote: Compressing objects: 100% (1169/1169)        
2023-01-17T01:42:53.4110269Z remote: Compressing objects: 100% (1169/1169), done.        
2023-01-17T01:42:53.4220028Z Receiving objects:   0% (1/3296)
2023-01-17T01:42:53.4474052Z Receiving objects:   1% (33/3296)
2023-01-17T01:42:53.4551553Z Receiving objects:   2% (66/3296)
2023-01-17T01:42:53.4554260Z Receiving objects:   3% (99/3296)
2023-01-17T01:42:53.4564733Z Receiving objects:   4% (132/3296)
2023-01-17T01:42:53.4580305Z Receiving objects:   5% (165/3296)
2023-01-17T01:42:53.4582648Z Receiving objects:   6% (198/3296)
2023-01-17T01:42:53.4594779Z Receiving objects:   7% (231/3296)
2023-01-17T01:42:53.4677738Z Receiving objects:   8% (264/3296)
2023-01-17T01:42:53.4712110Z Receiving objects:   9% (297/3296)
2023-01-17T01:42:53.4748796Z Receiving objects:  10% (330/3296)
2023-01-17T01:42:53.4757643Z Receiving objects:  11% (363/3296)
2023-01-17T01:42:53.4762561Z Receiving objects:  12% (396/3296)
2023-01-17T01:42:53.4811514Z Receiving objects:  13% (429/3296)
2023-01-17T01:42:53.4812288Z Receiving objects:  14% (462/3296)
2023-01-17T01:42:53.4812991Z Receiving objects:  15% (495/3296)
2023-01-17T01:42:53.4814683Z Receiving objects:  16% (528/3296)
2023-01-17T01:42:53.4815388Z Receiving objects:  17% (561/3296)
2023-01-17T01:42:53.4817259Z Receiving objects:  18% (594/3296)
2023-01-17T01:42:53.4820363Z Receiving objects:  19% (627/3296)
2023-01-17T01:42:53.4822321Z Receiving objects:  20% (660/3296)
2023-01-17T01:42:53.4823757Z Receiving objects:  21% (693/3296)
2023-01-17T01:42:53.4907049Z Receiving objects:  22% (726/3296)
2023-01-17T01:42:53.4951051Z Receiving objects:  23% (759/3296)
2023-01-17T01:42:53.5010135Z Receiving objects:  24% (792/3296)
2023-01-17T01:42:53.5054954Z Receiving objects:  25% (824/3296)
2023-01-17T01:42:53.5085568Z Receiving objects:  26% (857/3296)
2023-01-17T01:42:53.5128580Z Receiving objects:  27% (890/3296)
2023-01-17T01:42:53.5169247Z Receiving objects:  28% (923/3296)
2023-01-17T01:42:53.5210931Z Receiving objects:  29% (956/3296)
2023-01-17T01:42:53.5248986Z Receiving objects:  30% (989/3296)
2023-01-17T01:42:53.5297404Z Receiving objects:  31% (1022/3296)
2023-01-17T01:42:53.5346544Z Receiving objects:  32% (1055/3296)
2023-01-17T01:42:53.5372112Z Receiving objects:  33% (1088/3296)
2023-01-17T01:42:53.5420895Z Receiving objects:  34% (1121/3296)
2023-01-17T01:42:53.5439109Z Receiving objects:  35% (1154/3296)
2023-01-17T01:42:53.5473908Z Receiving objects:  36% (1187/3296)
2023-01-17T01:42:53.5513658Z Receiving objects:  37% (1220/3296)
2023-01-17T01:42:53.5561531Z Receiving objects:  38% (1253/3296)
2023-01-17T01:42:53.5586673Z Receiving objects:  39% (1286/3296)
2023-01-17T01:42:53.5624949Z Receiving objects:  40% (1319/3296)
2023-01-17T01:42:53.5694895Z Receiving objects:  41% (1352/3296)
2023-01-17T01:42:53.5718829Z Receiving objects:  42% (1385/3296)
2023-01-17T01:42:53.5757523Z Receiving objects:  43% (1418/3296)
2023-01-17T01:42:53.5795984Z Receiving objects:  44% (1451/3296)
2023-01-17T01:42:53.5843445Z Receiving objects:  45% (1484/3296)
2023-01-17T01:42:53.5868050Z Receiving objects:  46% (1517/3296)
2023-01-17T01:42:53.5898080Z Receiving objects:  47% (1550/3296)
2023-01-17T01:42:53.5958898Z Receiving objects:  48% (1583/3296)
2023-01-17T01:42:53.6011193Z Receiving objects:  49% (1616/3296)
2023-01-17T01:42:53.6045105Z Receiving objects:  50% (1648/3296)
2023-01-17T01:42:53.6093627Z Receiving objects:  51% (1681/3296)
2023-01-17T01:42:53.6145221Z Receiving objects:  52% (1714/3296)
2023-01-17T01:42:53.6195629Z Receiving objects:  53% (1747/3296)
2023-01-17T01:42:53.6228540Z Receiving objects:  54% (1780/3296)
2023-01-17T01:42:53.6283570Z Receiving objects:  55% (1813/3296)
2023-01-17T01:42:53.6323467Z Receiving objects:  56% (1846/3296)
2023-01-17T01:42:53.6346293Z Receiving objects:  57% (1879/3296)
2023-01-17T01:42:53.6397104Z Receiving objects:  58% (1912/3296)
2023-01-17T01:42:53.6551665Z Receiving objects:  59% (1945/3296)
2023-01-17T01:42:53.6602273Z Receiving objects:  60% (1978/3296)
2023-01-17T01:42:53.6641232Z Receiving objects:  61% (2011/3296)
2023-01-17T01:42:53.6679245Z Receiving objects:  62% (2044/3296)
2023-01-17T01:42:53.6725081Z Receiving objects:  63% (2077/3296)
2023-01-17T01:42:53.6807423Z Receiving objects:  64% (2110/3296)
2023-01-17T01:42:53.6882532Z Receiving objects:  65% (2143/3296)
2023-01-17T01:42:53.6931815Z Receiving objects:  66% (2176/3296)
2023-01-17T01:42:53.6977326Z Receiving objects:  67% (2209/3296)
2023-01-17T01:42:53.7026585Z Receiving objects:  68% (2242/3296)
2023-01-17T01:42:53.7061805Z Receiving objects:  69% (2275/3296)
2023-01-17T01:42:53.7105269Z Receiving objects:  70% (2308/3296)
2023-01-17T01:42:53.7133385Z Receiving objects:  71% (2341/3296)
2023-01-17T01:42:53.7205189Z Receiving objects:  72% (2374/3296)
2023-01-17T01:42:53.7294801Z Receiving objects:  73% (2407/3296)
2023-01-17T01:42:53.7374172Z Receiving objects:  74% (2440/3296)
2023-01-17T01:42:53.7401131Z Receiving objects:  75% (2472/3296)
2023-01-17T01:42:53.7503148Z Receiving objects:  76% (2505/3296)
2023-01-17T01:42:53.7563377Z Receiving objects:  77% (2538/3296)
2023-01-17T01:42:53.7649825Z Receiving objects:  78% (2571/3296)
2023-01-17T01:42:53.7676455Z Receiving objects:  79% (2604/3296)
2023-01-17T01:42:53.7769494Z Receiving objects:  80% (2637/3296)
2023-01-17T01:42:53.7817183Z Receiving objects:  81% (2670/3296)
2023-01-17T01:42:53.7837978Z Receiving objects:  82% (2703/3296)
2023-01-17T01:42:53.7868278Z Receiving objects:  83% (2736/3296)
2023-01-17T01:42:53.7898960Z Receiving objects:  84% (2769/3296)
2023-01-17T01:42:53.7926253Z Receiving objects:  85% (2802/3296)
2023-01-17T01:42:53.7955610Z Receiving objects:  86% (2835/3296)
2023-01-17T01:42:53.7970578Z Receiving objects:  87% (2868/3296)
2023-01-17T01:42:53.7973376Z Receiving objects:  88% (2901/3296)
2023-01-17T01:42:53.7979968Z Receiving objects:  89% (2934/3296)
2023-01-17T01:42:53.8010057Z Receiving objects:  90% (2967/3296)
2023-01-17T01:42:53.8017674Z Receiving objects:  91% (3000/3296)
2023-01-17T01:42:53.8024406Z Receiving objects:  92% (3033/3296)
2023-01-17T01:42:53.8064233Z Receiving objects:  93% (3066/3296)
2023-01-17T01:42:53.8070122Z Receiving objects:  94% (3099/3296)
2023-01-17T01:42:53.8077739Z Receiving objects:  95% (3132/3296)
2023-01-17T01:42:53.8127277Z Receiving objects:  96% (3165/3296)
2023-01-17T01:42:53.8144424Z Receiving objects:  97% (3198/3296)
2023-01-17T01:42:53.8220872Z Receiving objects:  98% (3231/3296)
2023-01-17T01:42:53.8373780Z Receiving objects:  99% (3264/3296)
2023-01-17T01:42:53.8375107Z remote: Total 3296 (delta 1811), reused 3146 (delta 1765), pack-reused 0        
2023-01-17T01:42:53.8391865Z Receiving objects: 100% (3296/3296)
2023-01-17T01:42:53.8392355Z Receiving objects: 100% (3296/3296), 11.96 MiB | 28.56 MiB/s, done.
2023-01-17T01:42:53.8412646Z Resolving deltas:   0% (0/1811)
2023-01-17T01:42:53.8452398Z Resolving deltas:   1% (19/1811)
2023-01-17T01:42:53.8494903Z Resolving deltas:   2% (37/1811)
2023-01-17T01:42:53.8548430Z Resolving deltas:   3% (55/1811)
2023-01-17T01:42:53.8604305Z Resolving deltas:   4% (73/1811)
2023-01-17T01:42:53.8657814Z Resolving deltas:   5% (91/1811)
2023-01-17T01:42:53.8705541Z Resolving deltas:   6% (109/1811)
2023-01-17T01:42:53.8711990Z Resolving deltas:   7% (127/1811)
2023-01-17T01:42:53.8717882Z Resolving deltas:   8% (145/1811)
2023-01-17T01:42:53.8724851Z Resolving deltas:   9% (163/1811)
2023-01-17T01:42:53.8730111Z Resolving deltas:  10% (182/1811)
2023-01-17T01:42:53.8734183Z Resolving deltas:  11% (200/1811)
2023-01-17T01:42:53.8738198Z Resolving deltas:  12% (218/1811)
2023-01-17T01:42:53.8743109Z Resolving deltas:  13% (236/1811)
2023-01-17T01:42:53.8743696Z Resolving deltas:  14% (254/1811)
2023-01-17T01:42:53.8744394Z Resolving deltas:  15% (272/1811)
2023-01-17T01:42:53.8749659Z Resolving deltas:  16% (290/1811)
2023-01-17T01:42:53.8752928Z Resolving deltas:  17% (308/1811)
2023-01-17T01:42:53.8763831Z Resolving deltas:  18% (326/1811)
2023-01-17T01:42:53.8784606Z Resolving deltas:  19% (345/1811)
2023-01-17T01:42:53.8826427Z Resolving deltas:  20% (363/1811)
2023-01-17T01:42:53.8984888Z Resolving deltas:  21% (381/1811)
2023-01-17T01:42:53.9087377Z Resolving deltas:  22% (399/1811)
2023-01-17T01:42:53.9202328Z Resolving deltas:  23% (417/1811)
2023-01-17T01:42:53.9415184Z Resolving deltas:  24% (435/1811)
2023-01-17T01:42:53.9549219Z Resolving deltas:  25% (453/1811)
2023-01-17T01:42:53.9638705Z Resolving deltas:  26% (471/1811)
2023-01-17T01:42:53.9878359Z Resolving deltas:  27% (489/1811)
2023-01-17T01:42:53.9985726Z Resolving deltas:  28% (508/1811)
2023-01-17T01:42:53.9992701Z Resolving deltas:  29% (526/1811)
2023-01-17T01:42:54.0054154Z Resolving deltas:  30% (544/1811)
2023-01-17T01:42:54.0169484Z Resolving deltas:  31% (562/1811)
2023-01-17T01:42:54.0266592Z Resolving deltas:  32% (580/1811)
2023-01-17T01:42:54.0361377Z Resolving deltas:  33% (598/1811)
2023-01-17T01:42:54.0450049Z Resolving deltas:  34% (616/1811)
2023-01-17T01:42:54.0562958Z Resolving deltas:  35% (634/1811)
2023-01-17T01:42:54.0711950Z Resolving deltas:  36% (652/1811)
2023-01-17T01:42:54.0739534Z Resolving deltas:  37% (671/1811)
2023-01-17T01:42:54.0777616Z Resolving deltas:  38% (689/1811)
2023-01-17T01:42:54.0823607Z Resolving deltas:  39% (707/1811)
2023-01-17T01:42:54.0832920Z Resolving deltas:  40% (725/1811)
2023-01-17T01:42:54.0843304Z Resolving deltas:  41% (743/1811)
2023-01-17T01:42:54.0853208Z Resolving deltas:  42% (761/1811)
2023-01-17T01:42:54.0858257Z Resolving deltas:  43% (779/1811)
2023-01-17T01:42:54.0860883Z Resolving deltas:  44% (797/1811)
2023-01-17T01:42:54.0865162Z Resolving deltas:  45% (815/1811)
2023-01-17T01:42:54.0868223Z Resolving deltas:  46% (834/1811)
2023-01-17T01:42:54.0873547Z Resolving deltas:  47% (852/1811)
2023-01-17T01:42:54.0884829Z Resolving deltas:  48% (870/1811)
2023-01-17T01:42:54.0911522Z Resolving deltas:  49% (888/1811)
2023-01-17T01:42:54.0912026Z Resolving deltas:  50% (906/1811)
2023-01-17T01:42:54.0912413Z Resolving deltas:  51% (924/1811)
2023-01-17T01:42:54.0912791Z Resolving deltas:  52% (942/1811)
2023-01-17T01:42:54.0921372Z Resolving deltas:  53% (960/1811)
2023-01-17T01:42:54.0924182Z Resolving deltas:  54% (978/1811)
2023-01-17T01:42:54.0926607Z Resolving deltas:  55% (997/1811)
2023-01-17T01:42:54.0935122Z Resolving deltas:  56% (1015/1811)
2023-01-17T01:42:54.0952141Z Resolving deltas:  57% (1033/1811)
2023-01-17T01:42:54.0956268Z Resolving deltas:  58% (1051/1811)
2023-01-17T01:42:54.0964811Z Resolving deltas:  59% (1069/1811)
2023-01-17T01:42:54.0969691Z Resolving deltas:  60% (1087/1811)
2023-01-17T01:42:54.0977100Z Resolving deltas:  61% (1105/1811)
2023-01-17T01:42:54.0982903Z Resolving deltas:  62% (1123/1811)
2023-01-17T01:42:54.0989761Z Resolving deltas:  63% (1141/1811)
2023-01-17T01:42:54.0998671Z Resolving deltas:  64% (1160/1811)
2023-01-17T01:42:54.1011836Z Resolving deltas:  65% (1178/1811)
2023-01-17T01:42:54.1086993Z Resolving deltas:  66% (1196/1811)
2023-01-17T01:42:54.1105135Z Resolving deltas:  67% (1214/1811)
2023-01-17T01:42:54.1255517Z Resolving deltas:  68% (1232/1811)
2023-01-17T01:42:54.1432471Z Resolving deltas:  69% (1250/1811)
2023-01-17T01:42:54.1548959Z Resolving deltas:  70% (1268/1811)
2023-01-17T01:42:54.1559790Z Resolving deltas:  71% (1286/1811)
2023-01-17T01:42:54.1597133Z Resolving deltas:  72% (1304/1811)
2023-01-17T01:42:54.1616868Z Resolving deltas:  73% (1323/1811)
2023-01-17T01:42:54.1638500Z Resolving deltas:  74% (1341/1811)
2023-01-17T01:42:54.1654416Z Resolving deltas:  75% (1359/1811)
2023-01-17T01:42:54.1673488Z Resolving deltas:  76% (1377/1811)
2023-01-17T01:42:54.1677555Z Resolving deltas:  77% (1395/1811)
2023-01-17T01:42:54.1682654Z Resolving deltas:  78% (1413/1811)
2023-01-17T01:42:54.1685759Z Resolving deltas:  79% (1431/1811)
2023-01-17T01:42:54.1694636Z Resolving deltas:  80% (1449/1811)
2023-01-17T01:42:54.1731085Z Resolving deltas:  81% (1467/1811)
2023-01-17T01:42:54.1758507Z Resolving deltas:  82% (1486/1811)
2023-01-17T01:42:54.1782049Z Resolving deltas:  83% (1504/1811)
2023-01-17T01:42:54.1809452Z Resolving deltas:  84% (1522/1811)
2023-01-17T01:42:54.1817741Z Resolving deltas:  85% (1540/1811)
2023-01-17T01:42:54.1846074Z Resolving deltas:  86% (1558/1811)
2023-01-17T01:42:54.1905417Z Resolving deltas:  87% (1576/1811)
2023-01-17T01:42:54.1945526Z Resolving deltas:  88% (1594/1811)
2023-01-17T01:42:54.1981663Z Resolving deltas:  89% (1612/1811)
2023-01-17T01:42:54.2027413Z Resolving deltas:  90% (1630/1811)
2023-01-17T01:42:54.2054235Z Resolving deltas:  91% (1649/1811)
2023-01-17T01:42:54.2105111Z Resolving deltas:  92% (1667/1811)
2023-01-17T01:42:54.2171838Z Resolving deltas:  93% (1685/1811)
2023-01-17T01:42:54.2192362Z Resolving deltas:  94% (1703/1811)
2023-01-17T01:42:54.2210159Z Resolving deltas:  95% (1721/1811)
2023-01-17T01:42:54.2241098Z Resolving deltas:  96% (1739/1811)
2023-01-17T01:42:54.2263145Z Resolving deltas:  97% (1757/1811)
2023-01-17T01:42:54.2291632Z Resolving deltas:  98% (1775/1811)
2023-01-17T01:42:54.2361126Z Resolving deltas:  99% (1793/1811)
2023-01-17T01:42:54.2377912Z Resolving deltas: 100% (1811/1811)
2023-01-17T01:42:54.2378548Z Resolving deltas: 100% (1811/1811), done.
2023-01-17T01:42:54.2703274Z From https://github.com/seanpm2001/GitHub_Stats_A
2023-01-17T01:42:54.2704452Z  * [new ref]         f0dba8ebbfe2b9f9bc0cde69fef1cebc9d699f5b -> origin/master
2023-01-17T01:42:54.2751799Z ##[endgroup]
2023-01-17T01:42:54.2752515Z ##[group]Determining the checkout info
2023-01-17T01:42:54.2753612Z ##[endgroup]
2023-01-17T01:42:54.2754423Z ##[group]Checking out the ref
2023-01-17T01:42:54.2755647Z [command]/usr/bin/git checkout --progress --force -B master refs/remotes/origin/master
2023-01-17T01:42:54.8232652Z Reset branch 'master'
2023-01-17T01:42:54.8233149Z branch 'master' set up to track 'origin/master'.
2023-01-17T01:42:54.8284287Z ##[endgroup]
2023-01-17T01:42:54.8319115Z [command]/usr/bin/git log -1 --format='%H'
2023-01-17T01:42:54.8353541Z 'f0dba8ebbfe2b9f9bc0cde69fef1cebc9d699f5b'
2023-01-17T01:42:54.8777798Z ##[group]Run actions/setup-python@v4
2023-01-17T01:42:54.8778081Z with:
2023-01-17T01:42:54.8778445Z   python-version: 3.8
2023-01-17T01:42:54.8779384Z   architecture: x64
2023-01-17T01:42:54.8796405Z   cache: pip
2023-01-17T01:42:54.8796673Z   check-latest: false
2023-01-17T01:42:54.8797099Z   token: ***
2023-01-17T01:42:54.8797355Z   update-environment: true
2023-01-17T01:42:54.8797595Z ##[endgroup]
2023-01-17T01:42:55.0812872Z ##[group]Installed versions
2023-01-17T01:42:55.0923919Z Successfully set up CPython (3.8.15)
2023-01-17T01:42:55.1039959Z ##[endgroup]
2023-01-17T01:42:55.7207911Z [command]/opt/hostedtoolcache/Python/3.8.15/x64/bin/pip cache dir
2023-01-17T01:42:56.2746344Z /home/runner/.cache/pip
2023-01-17T01:42:57.1206353Z pip cache is not found
2023-01-17T01:42:57.1401649Z ##[group]Run python3 -m pip install --upgrade pip setuptools wheel
2023-01-17T01:42:57.1402263Z [36;1mpython3 -m pip install --upgrade pip setuptools wheel[0m
2023-01-17T01:42:57.1402558Z [36;1mpython3 -m pip install -r requirements.txt[0m
2023-01-17T01:42:57.1466539Z shell: /usr/bin/bash -e {0}
2023-01-17T01:42:57.1466773Z env:
2023-01-17T01:42:57.1467046Z   pythonLocation: /opt/hostedtoolcache/Python/3.8.15/x64
2023-01-17T01:42:57.1467683Z   PKG_CONFIG_PATH: /opt/hostedtoolcache/Python/3.8.15/x64/lib/pkgconfig
2023-01-17T01:42:57.1468172Z   Python_ROOT_DIR: /opt/hostedtoolcache/Python/3.8.15/x64
2023-01-17T01:42:57.1468644Z   Python2_ROOT_DIR: /opt/hostedtoolcache/Python/3.8.15/x64
2023-01-17T01:42:57.1468942Z   Python3_ROOT_DIR: /opt/hostedtoolcache/Python/3.8.15/x64
2023-01-17T01:42:57.1469236Z   LD_LIBRARY_PATH: /opt/hostedtoolcache/Python/3.8.15/x64/lib
2023-01-17T01:42:57.1469479Z ##[endgroup]
2023-01-17T01:42:57.9978861Z Requirement already satisfied: pip in /opt/hostedtoolcache/Python/3.8.15/x64/lib/python3.8/site-packages (22.3.1)
2023-01-17T01:42:58.2284953Z Requirement already satisfied: setuptools in /opt/hostedtoolcache/Python/3.8.15/x64/lib/python3.8/site-packages (56.0.0)
2023-01-17T01:42:58.6429352Z Collecting setuptools
2023-01-17T01:42:58.7532974Z   Downloading setuptools-66.0.0-py3-none-any.whl (1.3 MB)
2023-01-17T01:42:58.8199752Z      ━━━━━━━━━━━━━━━━━━━━━━━━━━━━━━━━━━━━━━━━ 1.3/1.3 MB 20.8 MB/s eta 0:00:00
2023-01-17T01:42:58.8869804Z Collecting wheel
2023-01-17T01:42:58.8922663Z   Downloading wheel-0.38.4-py3-none-any.whl (36 kB)
2023-01-17T01:42:59.0468061Z Installing collected packages: wheel, setuptools
2023-01-17T01:42:59.0843455Z   Attempting uninstall: setuptools
2023-01-17T01:42:59.0852527Z     Found existing installation: setuptools 56.0.0
2023-01-17T01:42:59.1564405Z     Uninstalling setuptools-56.0.0:
2023-01-17T01:42:59.1706007Z       Successfully uninstalled setuptools-56.0.0
2023-01-17T01:42:59.8630669Z Successfully installed setuptools-66.0.0 wheel-0.38.4
2023-01-17T01:43:01.0656693Z Collecting requests
2023-01-17T01:43:01.1656097Z   Downloading requests-2.28.2-py3-none-any.whl (62 kB)
2023-01-17T01:43:01.2054658Z      ━━━━━━━━━━━━━━━━━━━━━━━━━━━━━━━━━━━━━━━━ 62.8/62.8 kB 1.5 MB/s eta 0:00:00
2023-01-17T01:43:01.8096254Z Collecting aiohttp
2023-01-17T01:43:01.8171042Z   Downloading aiohttp-3.8.3-cp38-cp38-manylinux_2_17_x86_64.manylinux2014_x86_64.whl (1.0 MB)
2023-01-17T01:43:01.8587753Z      ━━━━━━━━━━━━━━━━━━━━━━━━━━━━━━━━━━━━━━━━ 1.0/1.0 MB 26.7 MB/s eta 0:00:00
2023-01-17T01:43:02.0075942Z Collecting charset-normalizer<4,>=2
2023-01-17T01:43:02.0182623Z   Downloading charset_normalizer-3.0.1-cp38-cp38-manylinux_2_17_x86_64.manylinux2014_x86_64.whl (195 kB)
2023-01-17T01:43:02.0271972Z      ━━━━━━━━━━━━━━━━━━━━━━━━━━━━━━━━━━━━━━ 195.4/195.4 kB 37.6 MB/s eta 0:00:00
2023-01-17T01:43:02.0608601Z Collecting idna<4,>=2.5
2023-01-17T01:43:02.0766562Z   Downloading idna-3.4-py3-none-any.whl (61 kB)
2023-01-17T01:43:02.0840775Z      ━━━━━━━━━━━━━━━━━━━━━━━━━━━━━━━━━━━━━━━━ 61.5/61.5 kB 13.0 MB/s eta 0:00:00
2023-01-17T01:43:02.1590836Z Collecting urllib3<1.27,>=1.21.1
2023-01-17T01:43:02.1657897Z   Downloading urllib3-1.26.14-py2.py3-none-any.whl (140 kB)
2023-01-17T01:43:02.1742471Z      ━━━━━━━━━━━━━━━━━━━━━━━━━━━━━━━━━━━━━━ 140.6/140.6 kB 29.3 MB/s eta 0:00:00
2023-01-17T01:43:02.2154566Z Collecting certifi>=2017.4.17
2023-01-17T01:43:02.2209921Z   Downloading certifi-2022.12.7-py3-none-any.whl (155 kB)
2023-01-17T01:43:02.2301871Z      ━━━━━━━━━━━━━━━━━━━━━━━━━━━━━━━━━━━━━━ 155.3/155.3 kB 25.4 MB/s eta 0:00:00
2023-01-17T01:43:02.7989503Z Collecting multidict<7.0,>=4.5
2023-01-17T01:43:02.8051304Z   Downloading multidict-6.0.4-cp38-cp38-manylinux_2_17_x86_64.manylinux2014_x86_64.whl (121 kB)
2023-01-17T01:43:02.8138015Z      ━━━━━━━━━━━━━━━━━━━━━━━━━━━━━━━━━━━━━━ 121.3/121.3 kB 22.0 MB/s eta 0:00:00
2023-01-17T01:43:02.8299354Z Collecting charset-normalizer<4,>=2
2023-01-17T01:43:02.8358955Z   Downloading charset_normalizer-2.1.1-py3-none-any.whl (39 kB)
2023-01-17T01:43:02.9787726Z Collecting frozenlist>=1.1.1
2023-01-17T01:43:03.0105257Z   Downloading frozenlist-1.3.3-cp38-cp38-manylinux_2_5_x86_64.manylinux1_x86_64.manylinux_2_17_x86_64.manylinux2014_x86_64.whl (161 kB)
2023-01-17T01:43:03.0187939Z      ━━━━━━━━━━━━━━━━━━━━━━━━━━━━━━━━━━━━━━ 161.3/161.3 kB 32.0 MB/s eta 0:00:00
2023-01-17T01:43:03.0547533Z Collecting async-timeout<5.0,>=4.0.0a3
2023-01-17T01:43:03.0610233Z   Downloading async_timeout-4.0.2-py3-none-any.whl (5.8 kB)
2023-01-17T01:43:03.1021008Z Collecting attrs>=17.3.0
2023-01-17T01:43:03.1078474Z   Downloading attrs-22.2.0-py3-none-any.whl (60 kB)
2023-01-17T01:43:03.1149999Z      ━━━━━━━━━━━━━━━━━━━━━━━━━━━━━━━━━━━━━━━━ 60.0/60.0 kB 12.9 MB/s eta 0:00:00
2023-01-17T01:43:03.1377703Z Collecting aiosignal>=1.1.2
2023-01-17T01:43:03.1435380Z   Downloading aiosignal-1.3.1-py3-none-any.whl (7.6 kB)
2023-01-17T01:43:03.4572471Z Collecting yarl<2.0,>=1.0
2023-01-17T01:43:03.4668234Z   Downloading yarl-1.8.2-cp38-cp38-manylinux_2_17_x86_64.manylinux2014_x86_64.whl (262 kB)
2023-01-17T01:43:03.4763038Z      ━━━━━━━━━━━━━━━━━━━━━━━━━━━━━━━━━━━━━━ 262.1/262.1 kB 41.8 MB/s eta 0:00:00
2023-01-17T01:43:03.7674651Z Installing collected packages: urllib3, multidict, idna, frozenlist, charset-normalizer, certifi, attrs, async-timeout, yarl, requests, aiosignal, aiohttp
2023-01-17T01:43:04.3828905Z Successfully installed aiohttp-3.8.3 aiosignal-1.3.1 async-timeout-4.0.2 attrs-22.2.0 certifi-2022.12.7 charset-normalizer-2.1.1 frozenlist-1.3.3 idna-3.4 multidict-6.0.4 requests-2.28.2 urllib3-1.26.14 yarl-1.8.2
2023-01-17T01:43:04.6086906Z ##[group]Run python3 --version
2023-01-17T01:43:04.6087233Z [36;1mpython3 --version[0m
2023-01-17T01:43:04.6087502Z [36;1mpython3 generate_images.py[0m
2023-01-17T01:43:04.6146930Z shell: /usr/bin/bash -e {0}
2023-01-17T01:43:04.6147183Z env:
2023-01-17T01:43:04.6147463Z   pythonLocation: /opt/hostedtoolcache/Python/3.8.15/x64
2023-01-17T01:43:04.6147825Z   PKG_CONFIG_PATH: /opt/hostedtoolcache/Python/3.8.15/x64/lib/pkgconfig
2023-01-17T01:43:04.6148166Z   Python_ROOT_DIR: /opt/hostedtoolcache/Python/3.8.15/x64
2023-01-17T01:43:04.6148500Z   Python2_ROOT_DIR: /opt/hostedtoolcache/Python/3.8.15/x64
2023-01-17T01:43:04.6148834Z   Python3_ROOT_DIR: /opt/hostedtoolcache/Python/3.8.15/x64
2023-01-17T01:43:04.6149171Z   LD_LIBRARY_PATH: /opt/hostedtoolcache/Python/3.8.15/x64/lib
2023-01-17T01:43:04.6149628Z   ACCESS_TOKEN: ***
2023-01-17T01:43:04.6149942Z   GITHUB_TOKEN: ***
2023-01-17T01:43:04.6150158Z   EXCLUDED: 
2023-01-17T01:43:04.6150367Z   EXCLUDED_LANGS: 
2023-01-17T01:43:04.6150634Z   EXCLUDE_FORKED_REPOS: true
2023-01-17T01:43:04.6150849Z ##[endgroup]
2023-01-17T01:43:04.6248807Z Python 3.8.15
2023-01-17T01:43:31.0559445Z unhandled exception during asyncio.run() shutdown
2023-01-17T01:43:31.0565165Z task: <Task finished name='Task-3' coro=<generate_overview() done, defined at generate_images.py:30> exception=AttributeError("'NoneType' object has no attribute 'get'")>
2023-01-17T01:43:31.0565789Z Traceback (most recent call last):
2023-01-17T01:43:31.0577393Z   File "/opt/hostedtoolcache/Python/3.8.15/x64/lib/python3.8/asyncio/runners.py", line 44, in run
2023-01-17T01:43:31.0577840Z     return loop.run_until_complete(main)
2023-01-17T01:43:31.0578492Z   File "/opt/hostedtoolcache/Python/3.8.15/x64/lib/python3.8/asyncio/base_events.py", line 616, in run_until_complete
2023-01-17T01:43:31.0579028Z     return future.result()
2023-01-17T01:43:31.0579350Z   File "generate_images.py", line 132, in main
2023-01-17T01:43:31.0579725Z     await asyncio.gather(generate_languages(s), generate_overview(s))
2023-01-17T01:43:31.0580141Z   File "generate_images.py", line 63, in generate_languages
2023-01-17T01:43:31.0580524Z     (await s.languages).items(), reverse=True, key=lambda t: t[1].get("size")
2023-01-17T01:43:31.0581141Z   File "/home/runner/work/GitHub_Stats_A/GitHub_Stats_A/github_stats.py", line 423, in languages
2023-01-17T01:43:31.0582110Z     await self.get_stats()
2023-01-17T01:43:31.0582533Z   File "/home/runner/work/GitHub_Stats_A/GitHub_Stats_A/github_stats.py", line 319, in get_stats
2023-01-17T01:43:31.0582972Z     self._name = raw_results.get("data", {}).get("viewer", {}).get("name", None)
2023-01-17T01:43:31.0583525Z AttributeError: 'NoneType' object has no attribute 'get'
2023-01-17T01:43:31.0583749Z 
2023-01-17T01:43:31.0583931Z During handling of the above exception, another exception occurred:
2023-01-17T01:43:31.0584326Z 
2023-01-17T01:43:31.0584615Z Traceback (most recent call last):
2023-01-17T01:43:31.0585245Z   File "generate_images.py", line 38, in generate_overview
2023-01-17T01:43:31.0585637Z     output = re.sub("{{ name }}", await s.name, output)
2023-01-17T01:43:31.0586032Z   File "/home/runner/work/GitHub_Stats_A/GitHub_Stats_A/github_stats.py", line 390, in name
2023-01-17T01:43:31.0586360Z     await self.get_stats()
2023-01-17T01:43:31.0586742Z   File "/home/runner/work/GitHub_Stats_A/GitHub_Stats_A/github_stats.py", line 319, in get_stats
2023-01-17T01:43:31.0587505Z     self._name = raw_results.get("data", {}).get("viewer", {}).get("name", None)
2023-01-17T01:43:31.0587972Z AttributeError: 'NoneType' object has no attribute 'get'
2023-01-17T01:43:31.0588326Z Traceback (most recent call last):
2023-01-17T01:43:31.0588674Z   File "generate_images.py", line 136, in <module>
2023-01-17T01:43:31.0588952Z     asyncio.run(main())
2023-01-17T01:43:31.0589351Z   File "/opt/hostedtoolcache/Python/3.8.15/x64/lib/python3.8/asyncio/runners.py", line 44, in run
2023-01-17T01:43:31.0589738Z     return loop.run_until_complete(main)
2023-01-17T01:43:31.0590985Z   File "/opt/hostedtoolcache/Python/3.8.15/x64/lib/python3.8/asyncio/base_events.py", line 616, in run_until_complete
2023-01-17T01:43:31.0591570Z     return future.result()
2023-01-17T01:43:31.0592103Z   File "generate_images.py", line 132, in main
2023-01-17T01:43:31.0592603Z     await asyncio.gather(generate_languages(s), generate_overview(s))
2023-01-17T01:43:31.0593032Z   File "generate_images.py", line 63, in generate_languages
2023-01-17T01:43:31.0593399Z     (await s.languages).items(), reverse=True, key=lambda t: t[1].get("size")
2023-01-17T01:43:31.0593835Z   File "/home/runner/work/GitHub_Stats_A/GitHub_Stats_A/github_stats.py", line 423, in languages
2023-01-17T01:43:31.0594168Z     await self.get_stats()
2023-01-17T01:43:31.0594520Z   File "/home/runner/work/GitHub_Stats_A/GitHub_Stats_A/github_stats.py", line 319, in get_stats
2023-01-17T01:43:31.0594915Z     self._name = raw_results.get("data", {}).get("viewer", {}).get("name", None)
2023-01-17T01:43:31.0595373Z AttributeError: 'NoneType' object has no attribute 'get'
2023-01-17T01:43:31.0595979Z aiohttp failed for GraphQL query
2023-01-17T01:43:31.0877675Z ##[error]Process completed with exit code 1.
2023-01-17T01:43:31.0949754Z Post job cleanup.
2023-01-17T01:43:31.2527148Z [command]/usr/bin/git version
2023-01-17T01:43:31.2605089Z git version 2.39.0
2023-01-17T01:43:31.2677228Z Temporarily overriding HOME='/home/runner/work/_temp/00753f0d-78e7-46b5-9b8a-5579c7cd4c7f' before making global git config changes
2023-01-17T01:43:31.2681823Z Adding repository directory to the temporary git global config as a safe directory
2023-01-17T01:43:31.2692004Z [command]/usr/bin/git config --global --add safe.directory /home/runner/work/GitHub_Stats_A/GitHub_Stats_A
2023-01-17T01:43:31.2762078Z [command]/usr/bin/git config --local --name-only --get-regexp core\.sshCommand
2023-01-17T01:43:31.2814072Z [command]/usr/bin/git submodule foreach --recursive sh -c "git config --local --name-only --get-regexp 'core\.sshCommand' && git config --local --unset-all 'core.sshCommand' || :"
2023-01-17T01:43:31.3119769Z [command]/usr/bin/git config --local --name-only --get-regexp http\.https\:\/\/github\.com\/\.extraheader
2023-01-17T01:43:31.3146050Z http.https://github.com/.extraheader
2023-01-17T01:43:31.3163613Z [command]/usr/bin/git config --local --unset-all http.https://github.com/.extraheader
2023-01-17T01:43:31.3207544Z [command]/usr/bin/git submodule foreach --recursive sh -c "git config --local --name-only --get-regexp 'http\.https\:\/\/github\.com\/\.extraheader' && git config --local --unset-all 'http.https://github.com/.extraheader' || :"
2023-01-17T01:43:31.3783736Z Cleaning up orphan processes
