2023-10-09T00:22:55.9578771Z Requested labels: ubuntu-latest
2023-10-09T00:22:55.9579059Z Job defined at: seanpm2001/GitHub_Stats_A/.github/workflows/main.yml@refs/heads/master
2023-10-09T00:22:55.9579150Z Waiting for a runner to pick up this job...
2023-10-09T00:22:56.7367950Z Job is waiting for a hosted runner to come online.
2023-10-09T00:22:59.1399925Z Job is about to start running on the hosted runner: GitHub Actions 2 (hosted)
2023-10-09T00:23:01.3411881Z Current runner version: '2.309.0'
2023-10-09T00:23:01.3438113Z ##[group]Operating System
2023-10-09T00:23:01.3438683Z Ubuntu
2023-10-09T00:23:01.3439115Z 22.04.3
2023-10-09T00:23:01.3439382Z LTS
2023-10-09T00:23:01.3439698Z ##[endgroup]
2023-10-09T00:23:01.3440037Z ##[group]Runner Image
2023-10-09T00:23:01.3440463Z Image: ubuntu-22.04
2023-10-09T00:23:01.3440772Z Version: 20231001.1.0
2023-10-09T00:23:01.3441318Z Included Software: https://github.com/actions/runner-images/blob/ubuntu22/20231001.1/images/linux/Ubuntu2204-Readme.md
2023-10-09T00:23:01.3442012Z Image Release: https://github.com/actions/runner-images/releases/tag/ubuntu22%2F20231001.1
2023-10-09T00:23:01.3442476Z ##[endgroup]
2023-10-09T00:23:01.3442848Z ##[group]Runner Image Provisioner
2023-10-09T00:23:01.3443227Z 2.0.310.1
2023-10-09T00:23:01.3443546Z ##[endgroup]
2023-10-09T00:23:01.3444174Z ##[group]GITHUB_TOKEN Permissions
2023-10-09T00:23:01.3445904Z Contents: write
2023-10-09T00:23:01.3446285Z Metadata: read
2023-10-09T00:23:01.3446827Z ##[endgroup]
2023-10-09T00:23:01.3450567Z Secret source: Actions
2023-10-09T00:23:01.3451075Z Prepare workflow directory
2023-10-09T00:23:01.4209023Z Prepare all required actions
2023-10-09T00:23:01.4398751Z Getting action download info
2023-10-09T00:23:01.6729374Z Download action repository 'actions/checkout@v3' (SHA:f43a0e5ff2bd294095638e18286ca9a3d1956744)
2023-10-09T00:23:02.0029139Z Download action repository 'actions/setup-python@v4' (SHA:65d7f2d534ac1bc67fcd62888c5f4f3d2cb2b236)
2023-10-09T00:23:02.4067165Z Complete job name: build
2023-10-09T00:23:02.5023459Z ##[group]Run actions/checkout@v3
2023-10-09T00:23:02.5023889Z with:
2023-10-09T00:23:02.5024200Z   repository: seanpm2001/GitHub_Stats_A
2023-10-09T00:23:02.5024942Z   token: ***
2023-10-09T00:23:02.5025259Z   ssh-strict: true
2023-10-09T00:23:02.5025599Z   persist-credentials: true
2023-10-09T00:23:02.5025949Z   clean: true
2023-10-09T00:23:02.5026255Z   sparse-checkout-cone-mode: true
2023-10-09T00:23:02.5026690Z   fetch-depth: 1
2023-10-09T00:23:02.5027028Z   fetch-tags: false
2023-10-09T00:23:02.5027403Z   lfs: false
2023-10-09T00:23:02.5027669Z   submodules: false
2023-10-09T00:23:02.5028053Z   set-safe-directory: true
2023-10-09T00:23:02.5028396Z ##[endgroup]
2023-10-09T00:23:02.7387026Z Syncing repository: seanpm2001/GitHub_Stats_A
2023-10-09T00:23:02.7389209Z ##[group]Getting Git version info
2023-10-09T00:23:02.7390002Z Working directory is '/home/runner/work/GitHub_Stats_A/GitHub_Stats_A'
2023-10-09T00:23:02.7392056Z [command]/usr/bin/git version
2023-10-09T00:23:02.7392401Z git version 2.42.0
2023-10-09T00:23:02.7488000Z ##[endgroup]
2023-10-09T00:23:02.7560975Z Temporarily overriding HOME='/home/runner/work/_temp/01e10d4b-7c5d-4d54-97f4-0958a2955aeb' before making global git config changes
2023-10-09T00:23:02.7561480Z Adding repository directory to the temporary git global config as a safe directory
2023-10-09T00:23:02.7562053Z [command]/usr/bin/git config --global --add safe.directory /home/runner/work/GitHub_Stats_A/GitHub_Stats_A
2023-10-09T00:23:02.7562971Z Deleting the contents of '/home/runner/work/GitHub_Stats_A/GitHub_Stats_A'
2023-10-09T00:23:02.7563507Z ##[group]Initializing the repository
2023-10-09T00:23:02.7563846Z [command]/usr/bin/git init /home/runner/work/GitHub_Stats_A/GitHub_Stats_A
2023-10-09T00:23:02.7564314Z hint: Using 'master' as the name for the initial branch. This default branch name
2023-10-09T00:23:02.7564727Z hint: is subject to change. To configure the initial branch name to use in all
2023-10-09T00:23:02.7565160Z hint: of your new repositories, which will suppress this warning, call:
2023-10-09T00:23:02.7565473Z hint: 
2023-10-09T00:23:02.7565797Z hint: 	git config --global init.defaultBranch <name>
2023-10-09T00:23:02.7566048Z hint: 
2023-10-09T00:23:02.7566390Z hint: Names commonly chosen instead of 'master' are 'main', 'trunk' and
2023-10-09T00:23:02.7566849Z hint: 'development'. The just-created branch can be renamed via this command:
2023-10-09T00:23:02.7567193Z hint: 
2023-10-09T00:23:02.7567436Z hint: 	git branch -m <name>
2023-10-09T00:23:02.7567992Z Initialized empty Git repository in /home/runner/work/GitHub_Stats_A/GitHub_Stats_A/.git/
2023-10-09T00:23:02.7568912Z [command]/usr/bin/git remote add origin https://github.com/seanpm2001/GitHub_Stats_A
2023-10-09T00:23:02.7633994Z ##[endgroup]
2023-10-09T00:23:02.7634436Z ##[group]Disabling automatic garbage collection
2023-10-09T00:23:02.7634870Z [command]/usr/bin/git config --local gc.auto 0
2023-10-09T00:23:02.7656254Z ##[endgroup]
2023-10-09T00:23:02.7656668Z ##[group]Setting up auth
2023-10-09T00:23:02.7657189Z [command]/usr/bin/git config --local --name-only --get-regexp core\.sshCommand
2023-10-09T00:23:02.7683730Z [command]/usr/bin/git submodule foreach --recursive sh -c "git config --local --name-only --get-regexp 'core\.sshCommand' && git config --local --unset-all 'core.sshCommand' || :"
2023-10-09T00:23:02.8013007Z [command]/usr/bin/git config --local --name-only --get-regexp http\.https\:\/\/github\.com\/\.extraheader
2023-10-09T00:23:02.8040209Z [command]/usr/bin/git submodule foreach --recursive sh -c "git config --local --name-only --get-regexp 'http\.https\:\/\/github\.com\/\.extraheader' && git config --local --unset-all 'http.https://github.com/.extraheader' || :"
2023-10-09T00:23:02.8280395Z [command]/usr/bin/git config --local http.https://github.com/.extraheader AUTHORIZATION: basic ***
2023-10-09T00:23:02.8318870Z ##[endgroup]
2023-10-09T00:23:02.8319565Z ##[group]Fetching the repository
2023-10-09T00:23:02.8329705Z [command]/usr/bin/git -c protocol.version=2 fetch --no-tags --prune --progress --no-recurse-submodules --depth=1 origin +32ff3125d1fc995f999ca569326f30edbc9cea2e:refs/remotes/origin/master
2023-10-09T00:23:03.1256832Z remote: Enumerating objects: 8349, done.        
2023-10-09T00:23:03.1384919Z remote: Counting objects:   0% (1/8349)        
2023-10-09T00:23:03.1385575Z remote: Counting objects:   1% (84/8349)        
2023-10-09T00:23:03.1386923Z remote: Counting objects:   2% (167/8349)        
2023-10-09T00:23:03.1387396Z remote: Counting objects:   3% (251/8349)        
2023-10-09T00:23:03.1387819Z remote: Counting objects:   4% (334/8349)        
2023-10-09T00:23:03.1388370Z remote: Counting objects:   5% (418/8349)        
2023-10-09T00:23:03.1390426Z remote: Counting objects:   6% (501/8349)        
2023-10-09T00:23:03.1390891Z remote: Counting objects:   7% (585/8349)        
2023-10-09T00:23:03.1391329Z remote: Counting objects:   8% (668/8349)        
2023-10-09T00:23:03.1391999Z remote: Counting objects:   9% (752/8349)        
2023-10-09T00:23:03.1392410Z remote: Counting objects:  10% (835/8349)        
2023-10-09T00:23:03.1392910Z remote: Counting objects:  11% (919/8349)        
2023-10-09T00:23:03.1393619Z remote: Counting objects:  12% (1002/8349)        
2023-10-09T00:23:03.1394007Z remote: Counting objects:  13% (1086/8349)        
2023-10-09T00:23:03.1400917Z remote: Counting objects:  14% (1169/8349)        
2023-10-09T00:23:03.1401423Z remote: Counting objects:  15% (1253/8349)        
2023-10-09T00:23:03.1401856Z remote: Counting objects:  16% (1336/8349)        
2023-10-09T00:23:03.1402293Z remote: Counting objects:  17% (1420/8349)        
2023-10-09T00:23:03.1402773Z remote: Counting objects:  18% (1503/8349)        
2023-10-09T00:23:03.1403374Z remote: Counting objects:  19% (1587/8349)        
2023-10-09T00:23:03.1403733Z remote: Counting objects:  20% (1670/8349)        
2023-10-09T00:23:03.1438688Z remote: Counting objects:  21% (1754/8349)        
2023-10-09T00:23:03.1439207Z remote: Counting objects:  22% (1837/8349)        
2023-10-09T00:23:03.1439645Z remote: Counting objects:  23% (1921/8349)        
2023-10-09T00:23:03.1440085Z remote: Counting objects:  24% (2004/8349)        
2023-10-09T00:23:03.1440504Z remote: Counting objects:  25% (2088/8349)        
2023-10-09T00:23:03.1440923Z remote: Counting objects:  26% (2171/8349)        
2023-10-09T00:23:03.1441492Z remote: Counting objects:  27% (2255/8349)        
2023-10-09T00:23:03.1442229Z remote: Counting objects:  28% (2338/8349)        
2023-10-09T00:23:03.1442928Z remote: Counting objects:  29% (2422/8349)        
2023-10-09T00:23:03.1443222Z remote: Counting objects:  30% (2505/8349)        
2023-10-09T00:23:03.1443499Z remote: Counting objects:  31% (2589/8349)        
2023-10-09T00:23:03.1443771Z remote: Counting objects:  32% (2672/8349)        
2023-10-09T00:23:03.1444033Z remote: Counting objects:  33% (2756/8349)        
2023-10-09T00:23:03.1444315Z remote: Counting objects:  34% (2839/8349)        
2023-10-09T00:23:03.1444603Z remote: Counting objects:  35% (2923/8349)        
2023-10-09T00:23:03.1444875Z remote: Counting objects:  36% (3006/8349)        
2023-10-09T00:23:03.1445133Z remote: Counting objects:  37% (3090/8349)        
2023-10-09T00:23:03.1445400Z remote: Counting objects:  38% (3173/8349)        
2023-10-09T00:23:03.1445671Z remote: Counting objects:  39% (3257/8349)        
2023-10-09T00:23:03.1445937Z remote: Counting objects:  40% (3340/8349)        
2023-10-09T00:23:03.1446196Z remote: Counting objects:  41% (3424/8349)        
2023-10-09T00:23:03.1446460Z remote: Counting objects:  42% (3507/8349)        
2023-10-09T00:23:03.1446725Z remote: Counting objects:  43% (3591/8349)        
2023-10-09T00:23:03.1446992Z remote: Counting objects:  44% (3674/8349)        
2023-10-09T00:23:03.1447254Z remote: Counting objects:  45% (3758/8349)        
2023-10-09T00:23:03.1447513Z remote: Counting objects:  46% (3841/8349)        
2023-10-09T00:23:03.1447777Z remote: Counting objects:  47% (3925/8349)        
2023-10-09T00:23:03.1448158Z remote: Counting objects:  48% (4008/8349)        
2023-10-09T00:23:03.1448428Z remote: Counting objects:  49% (4092/8349)        
2023-10-09T00:23:03.1448686Z remote: Counting objects:  50% (4175/8349)        
2023-10-09T00:23:03.1448950Z remote: Counting objects:  51% (4258/8349)        
2023-10-09T00:23:03.1449218Z remote: Counting objects:  52% (4342/8349)        
2023-10-09T00:23:03.1449481Z remote: Counting objects:  53% (4425/8349)        
2023-10-09T00:23:03.1449734Z remote: Counting objects:  54% (4509/8349)        
2023-10-09T00:23:03.1450009Z remote: Counting objects:  55% (4592/8349)        
2023-10-09T00:23:03.1450277Z remote: Counting objects:  56% (4676/8349)        
2023-10-09T00:23:03.1450545Z remote: Counting objects:  57% (4759/8349)        
2023-10-09T00:23:03.1450839Z remote: Counting objects:  58% (4843/8349)        
2023-10-09T00:23:03.1451093Z remote: Counting objects:  59% (4926/8349)        
2023-10-09T00:23:03.1451358Z remote: Counting objects:  60% (5010/8349)        
2023-10-09T00:23:03.1451629Z remote: Counting objects:  61% (5093/8349)        
2023-10-09T00:23:03.1451891Z remote: Counting objects:  62% (5177/8349)        
2023-10-09T00:23:03.1452148Z remote: Counting objects:  63% (5260/8349)        
2023-10-09T00:23:03.1452428Z remote: Counting objects:  64% (5344/8349)        
2023-10-09T00:23:03.1452690Z remote: Counting objects:  65% (5427/8349)        
2023-10-09T00:23:03.1452955Z remote: Counting objects:  66% (5511/8349)        
2023-10-09T00:23:03.1453221Z remote: Counting objects:  67% (5594/8349)        
2023-10-09T00:23:03.1453531Z remote: Counting objects:  68% (5678/8349)        
2023-10-09T00:23:03.1453796Z remote: Counting objects:  69% (5761/8349)        
2023-10-09T00:23:03.1454061Z remote: Counting objects:  70% (5845/8349)        
2023-10-09T00:23:03.1454325Z remote: Counting objects:  71% (5928/8349)        
2023-10-09T00:23:03.1454581Z remote: Counting objects:  72% (6012/8349)        
2023-10-09T00:23:03.1454846Z remote: Counting objects:  73% (6095/8349)        
2023-10-09T00:23:03.1455112Z remote: Counting objects:  74% (6179/8349)        
2023-10-09T00:23:03.1455376Z remote: Counting objects:  75% (6262/8349)        
2023-10-09T00:23:03.1455640Z remote: Counting objects:  76% (6346/8349)        
2023-10-09T00:23:03.1455894Z remote: Counting objects:  77% (6429/8349)        
2023-10-09T00:23:03.1456159Z remote: Counting objects:  78% (6513/8349)        
2023-10-09T00:23:03.1456425Z remote: Counting objects:  79% (6596/8349)        
2023-10-09T00:23:03.1456786Z remote: Counting objects:  80% (6680/8349)        
2023-10-09T00:23:03.1457047Z remote: Counting objects:  81% (6763/8349)        
2023-10-09T00:23:03.1457309Z remote: Counting objects:  82% (6847/8349)        
2023-10-09T00:23:03.1457573Z remote: Counting objects:  83% (6930/8349)        
2023-10-09T00:23:03.1457835Z remote: Counting objects:  84% (7014/8349)        
2023-10-09T00:23:03.1458090Z remote: Counting objects:  85% (7097/8349)        
2023-10-09T00:23:03.1458350Z remote: Counting objects:  86% (7181/8349)        
2023-10-09T00:23:03.1458618Z remote: Counting objects:  87% (7264/8349)        
2023-10-09T00:23:03.1458882Z remote: Counting objects:  88% (7348/8349)        
2023-10-09T00:23:03.1459135Z remote: Counting objects:  89% (7431/8349)        
2023-10-09T00:23:03.1459401Z remote: Counting objects:  90% (7515/8349)        
2023-10-09T00:23:03.1459661Z remote: Counting objects:  91% (7598/8349)        
2023-10-09T00:23:03.1459925Z remote: Counting objects:  92% (7682/8349)        
2023-10-09T00:23:03.1460188Z remote: Counting objects:  93% (7765/8349)        
2023-10-09T00:23:03.1460455Z remote: Counting objects:  94% (7849/8349)        
2023-10-09T00:23:03.1460720Z remote: Counting objects:  95% (7932/8349)        
2023-10-09T00:23:03.1460977Z remote: Counting objects:  96% (8016/8349)        
2023-10-09T00:23:03.1461229Z remote: Counting objects:  97% (8099/8349)        
2023-10-09T00:23:03.1461496Z remote: Counting objects:  98% (8183/8349)        
2023-10-09T00:23:03.1461858Z remote: Counting objects:  99% (8266/8349)        
2023-10-09T00:23:03.1462125Z remote: Counting objects: 100% (8349/8349)        
2023-10-09T00:23:03.1462404Z remote: Counting objects: 100% (8349/8349), done.        
2023-10-09T00:23:03.1639392Z remote: Compressing objects:   0% (1/3195)        
2023-10-09T00:23:03.2521733Z remote: Compressing objects:   1% (32/3195)        
2023-10-09T00:23:03.2690330Z remote: Compressing objects:   2% (64/3195)        
2023-10-09T00:23:03.2707942Z remote: Compressing objects:   3% (96/3195)        
2023-10-09T00:23:03.2708302Z remote: Compressing objects:   4% (128/3195)        
2023-10-09T00:23:03.2708606Z remote: Compressing objects:   5% (160/3195)        
2023-10-09T00:23:03.2708902Z remote: Compressing objects:   6% (192/3195)        
2023-10-09T00:23:03.2709184Z remote: Compressing objects:   7% (224/3195)        
2023-10-09T00:23:03.2709475Z remote: Compressing objects:   8% (256/3195)        
2023-10-09T00:23:03.2709765Z remote: Compressing objects:   9% (288/3195)        
2023-10-09T00:23:03.2710063Z remote: Compressing objects:  10% (320/3195)        
2023-10-09T00:23:03.2710339Z remote: Compressing objects:  11% (352/3195)        
2023-10-09T00:23:03.2710618Z remote: Compressing objects:  12% (384/3195)        
2023-10-09T00:23:03.2710900Z remote: Compressing objects:  13% (416/3195)        
2023-10-09T00:23:03.2711175Z remote: Compressing objects:  14% (448/3195)        
2023-10-09T00:23:03.2786584Z remote: Compressing objects:  15% (480/3195)        
2023-10-09T00:23:03.2864018Z remote: Compressing objects:  16% (512/3195)        
2023-10-09T00:23:03.2868897Z remote: Compressing objects:  17% (544/3195)        
2023-10-09T00:23:03.2869433Z remote: Compressing objects:  18% (576/3195)        
2023-10-09T00:23:03.2874730Z remote: Compressing objects:  19% (608/3195)        
2023-10-09T00:23:03.2875242Z remote: Compressing objects:  20% (639/3195)        
2023-10-09T00:23:03.2875710Z remote: Compressing objects:  21% (671/3195)        
2023-10-09T00:23:03.2876231Z remote: Compressing objects:  22% (703/3195)        
2023-10-09T00:23:03.2877361Z remote: Compressing objects:  23% (735/3195)        
2023-10-09T00:23:03.2877807Z remote: Compressing objects:  24% (767/3195)        
2023-10-09T00:23:03.2878212Z remote: Compressing objects:  25% (799/3195)        
2023-10-09T00:23:03.2878574Z remote: Compressing objects:  26% (831/3195)        
2023-10-09T00:23:03.2885247Z remote: Compressing objects:  27% (863/3195)        
2023-10-09T00:23:03.2885740Z remote: Compressing objects:  28% (895/3195)        
2023-10-09T00:23:03.2886431Z remote: Compressing objects:  29% (927/3195)        
2023-10-09T00:23:03.3207345Z remote: Compressing objects:  30% (959/3195)        
2023-10-09T00:23:03.3586654Z remote: Compressing objects:  31% (991/3195)        
2023-10-09T00:23:03.3970001Z remote: Compressing objects:  32% (1023/3195)        
2023-10-09T00:23:03.4345776Z remote: Compressing objects:  33% (1055/3195)        
2023-10-09T00:23:03.4749600Z remote: Compressing objects:  34% (1087/3195)        
2023-10-09T00:23:03.5132601Z remote: Compressing objects:  35% (1119/3195)        
2023-10-09T00:23:03.5487227Z remote: Compressing objects:  36% (1151/3195)        
2023-10-09T00:23:03.5983010Z remote: Compressing objects:  37% (1183/3195)        
2023-10-09T00:23:03.6440873Z remote: Compressing objects:  38% (1215/3195)        
2023-10-09T00:23:03.6774291Z remote: Compressing objects:  39% (1247/3195)        
2023-10-09T00:23:03.7157061Z remote: Compressing objects:  40% (1278/3195)        
2023-10-09T00:23:03.7583689Z remote: Compressing objects:  41% (1310/3195)        
2023-10-09T00:23:03.7740425Z remote: Compressing objects:  42% (1342/3195)        
2023-10-09T00:23:03.8390118Z remote: Compressing objects:  43% (1374/3195)        
2023-10-09T00:23:03.9176878Z remote: Compressing objects:  44% (1406/3195)        
2023-10-09T00:23:03.9184290Z remote: Compressing objects:  45% (1438/3195)        
2023-10-09T00:23:03.9281159Z remote: Compressing objects:  46% (1470/3195)        
2023-10-09T00:23:03.9366583Z remote: Compressing objects:  47% (1502/3195)        
2023-10-09T00:23:03.9367110Z remote: Compressing objects:  48% (1534/3195)        
2023-10-09T00:23:03.9370293Z remote: Compressing objects:  49% (1566/3195)        
2023-10-09T00:23:03.9371698Z remote: Compressing objects:  50% (1598/3195)        
2023-10-09T00:23:03.9372261Z remote: Compressing objects:  51% (1630/3195)        
2023-10-09T00:23:03.9372800Z remote: Compressing objects:  52% (1662/3195)        
2023-10-09T00:23:03.9373399Z remote: Compressing objects:  53% (1694/3195)        
2023-10-09T00:23:03.9375983Z remote: Compressing objects:  54% (1726/3195)        
2023-10-09T00:23:03.9393194Z remote: Compressing objects:  55% (1758/3195)        
2023-10-09T00:23:03.9399610Z remote: Compressing objects:  56% (1790/3195)        
2023-10-09T00:23:03.9400002Z remote: Compressing objects:  57% (1822/3195)        
2023-10-09T00:23:03.9404770Z remote: Compressing objects:  58% (1854/3195)        
2023-10-09T00:23:03.9405167Z remote: Compressing objects:  59% (1886/3195)        
2023-10-09T00:23:03.9409914Z remote: Compressing objects:  60% (1917/3195)        
2023-10-09T00:23:03.9417420Z remote: Compressing objects:  61% (1949/3195)        
2023-10-09T00:23:03.9417998Z remote: Compressing objects:  62% (1981/3195)        
2023-10-09T00:23:03.9437937Z remote: Compressing objects:  63% (2013/3195)        
2023-10-09T00:23:03.9440270Z remote: Compressing objects:  64% (2045/3195)        
2023-10-09T00:23:03.9442735Z remote: Compressing objects:  65% (2077/3195)        
2023-10-09T00:23:03.9443112Z remote: Compressing objects:  66% (2109/3195)        
2023-10-09T00:23:03.9444678Z remote: Compressing objects:  67% (2141/3195)        
2023-10-09T00:23:03.9445949Z remote: Compressing objects:  68% (2173/3195)        
2023-10-09T00:23:03.9447498Z remote: Compressing objects:  69% (2205/3195)        
2023-10-09T00:23:03.9448665Z remote: Compressing objects:  70% (2237/3195)        
2023-10-09T00:23:03.9452664Z remote: Compressing objects:  71% (2269/3195)        
2023-10-09T00:23:03.9453081Z remote: Compressing objects:  72% (2301/3195)        
2023-10-09T00:23:03.9455230Z remote: Compressing objects:  73% (2333/3195)        
2023-10-09T00:23:03.9457472Z remote: Compressing objects:  74% (2365/3195)        
2023-10-09T00:23:03.9462845Z remote: Compressing objects:  75% (2397/3195)        
2023-10-09T00:23:03.9463759Z remote: Compressing objects:  76% (2429/3195)        
2023-10-09T00:23:03.9465056Z remote: Compressing objects:  77% (2461/3195)        
2023-10-09T00:23:03.9465769Z remote: Compressing objects:  78% (2493/3195)        
2023-10-09T00:23:03.9466781Z remote: Compressing objects:  79% (2525/3195)        
2023-10-09T00:23:03.9467159Z remote: Compressing objects:  80% (2556/3195)        
2023-10-09T00:23:03.9467636Z remote: Compressing objects:  81% (2588/3195)        
2023-10-09T00:23:03.9468774Z remote: Compressing objects:  82% (2620/3195)        
2023-10-09T00:23:03.9469303Z remote: Compressing objects:  83% (2652/3195)        
2023-10-09T00:23:03.9471992Z remote: Compressing objects:  84% (2684/3195)        
2023-10-09T00:23:03.9472628Z remote: Compressing objects:  85% (2716/3195)        
2023-10-09T00:23:03.9472916Z remote: Compressing objects:  86% (2748/3195)        
2023-10-09T00:23:03.9473574Z remote: Compressing objects:  87% (2780/3195)        
2023-10-09T00:23:03.9473854Z remote: Compressing objects:  88% (2812/3195)        
2023-10-09T00:23:03.9474134Z remote: Compressing objects:  89% (2844/3195)        
2023-10-09T00:23:03.9476173Z remote: Compressing objects:  90% (2876/3195)        
2023-10-09T00:23:03.9476814Z remote: Compressing objects:  91% (2908/3195)        
2023-10-09T00:23:03.9477152Z remote: Compressing objects:  92% (2940/3195)        
2023-10-09T00:23:03.9480198Z remote: Compressing objects:  93% (2972/3195)        
2023-10-09T00:23:03.9480666Z remote: Compressing objects:  94% (3004/3195)        
2023-10-09T00:23:03.9480969Z remote: Compressing objects:  95% (3036/3195)        
2023-10-09T00:23:03.9483787Z remote: Compressing objects:  96% (3068/3195)        
2023-10-09T00:23:03.9484440Z remote: Compressing objects:  97% (3100/3195)        
2023-10-09T00:23:03.9485503Z remote: Compressing objects:  98% (3132/3195)        
2023-10-09T00:23:03.9486656Z remote: Compressing objects:  99% (3164/3195)        
2023-10-09T00:23:03.9487138Z remote: Compressing objects: 100% (3195/3195)        
2023-10-09T00:23:03.9487467Z remote: Compressing objects: 100% (3195/3195), done.        
2023-10-09T00:23:03.9711971Z Receiving objects:   0% (1/8349)
2023-10-09T00:23:03.9780060Z Receiving objects:   1% (84/8349)
2023-10-09T00:23:03.9876843Z Receiving objects:   2% (167/8349)
2023-10-09T00:23:03.9990855Z Receiving objects:   3% (251/8349)
2023-10-09T00:23:04.0072099Z Receiving objects:   4% (334/8349)
2023-10-09T00:23:04.0149558Z Receiving objects:   5% (418/8349)
2023-10-09T00:23:04.0204472Z Receiving objects:   6% (501/8349)
2023-10-09T00:23:04.0234885Z Receiving objects:   7% (585/8349)
2023-10-09T00:23:04.0287522Z Receiving objects:   8% (668/8349)
2023-10-09T00:23:04.0319188Z Receiving objects:   9% (752/8349)
2023-10-09T00:23:04.0370947Z Receiving objects:  10% (835/8349)
2023-10-09T00:23:04.0440409Z Receiving objects:  11% (919/8349)
2023-10-09T00:23:04.0441728Z Receiving objects:  12% (1002/8349)
2023-10-09T00:23:04.0443269Z Receiving objects:  13% (1086/8349)
2023-10-09T00:23:04.0530236Z Receiving objects:  14% (1169/8349)
2023-10-09T00:23:04.0748212Z Receiving objects:  15% (1253/8349)
2023-10-09T00:23:04.0883052Z Receiving objects:  16% (1336/8349)
2023-10-09T00:23:04.1049126Z Receiving objects:  17% (1420/8349)
2023-10-09T00:23:04.1175656Z Receiving objects:  18% (1503/8349)
2023-10-09T00:23:04.1276777Z Receiving objects:  19% (1587/8349)
2023-10-09T00:23:04.1423806Z Receiving objects:  20% (1670/8349)
2023-10-09T00:23:04.1514512Z Receiving objects:  21% (1754/8349)
2023-10-09T00:23:04.1618729Z Receiving objects:  22% (1837/8349)
2023-10-09T00:23:04.1690827Z Receiving objects:  23% (1921/8349)
2023-10-09T00:23:04.1770896Z Receiving objects:  24% (2004/8349)
2023-10-09T00:23:04.1890654Z Receiving objects:  25% (2088/8349)
2023-10-09T00:23:04.1983802Z Receiving objects:  26% (2171/8349)
2023-10-09T00:23:04.2086934Z Receiving objects:  27% (2255/8349)
2023-10-09T00:23:04.2174886Z Receiving objects:  28% (2338/8349)
2023-10-09T00:23:04.2283093Z Receiving objects:  29% (2422/8349)
2023-10-09T00:23:04.2377320Z Receiving objects:  30% (2505/8349)
2023-10-09T00:23:04.2466551Z Receiving objects:  31% (2589/8349)
2023-10-09T00:23:04.2573475Z Receiving objects:  32% (2672/8349)
2023-10-09T00:23:04.2636934Z Receiving objects:  33% (2756/8349)
2023-10-09T00:23:04.2715098Z Receiving objects:  34% (2839/8349)
2023-10-09T00:23:04.2841706Z Receiving objects:  35% (2923/8349)
2023-10-09T00:23:04.2969132Z Receiving objects:  36% (3006/8349)
2023-10-09T00:23:04.3096071Z Receiving objects:  37% (3090/8349)
2023-10-09T00:23:04.3138448Z Receiving objects:  38% (3173/8349)
2023-10-09T00:23:04.3180795Z Receiving objects:  39% (3257/8349)
2023-10-09T00:23:04.3222227Z Receiving objects:  40% (3340/8349)
2023-10-09T00:23:04.3267206Z Receiving objects:  41% (3424/8349)
2023-10-09T00:23:04.3307708Z Receiving objects:  42% (3507/8349)
2023-10-09T00:23:04.3352602Z Receiving objects:  43% (3591/8349)
2023-10-09T00:23:04.3398220Z Receiving objects:  44% (3674/8349)
2023-10-09T00:23:04.3512772Z Receiving objects:  45% (3758/8349)
2023-10-09T00:23:04.3652718Z Receiving objects:  46% (3841/8349)
2023-10-09T00:23:04.3818926Z Receiving objects:  47% (3925/8349)
2023-10-09T00:23:04.4004023Z Receiving objects:  48% (4008/8349)
2023-10-09T00:23:04.4126091Z Receiving objects:  49% (4092/8349)
2023-10-09T00:23:04.4281446Z Receiving objects:  50% (4175/8349)
2023-10-09T00:23:04.4392079Z Receiving objects:  51% (4258/8349)
2023-10-09T00:23:04.4555246Z Receiving objects:  52% (4342/8349)
2023-10-09T00:23:04.4722304Z Receiving objects:  53% (4425/8349), 16.32 MiB | 32.63 MiB/s
2023-10-09T00:23:04.4920810Z Receiving objects:  54% (4509/8349), 16.32 MiB | 32.63 MiB/s
2023-10-09T00:23:04.5104141Z Receiving objects:  55% (4592/8349), 16.32 MiB | 32.63 MiB/s
2023-10-09T00:23:04.5213775Z Receiving objects:  56% (4676/8349), 16.32 MiB | 32.63 MiB/s
2023-10-09T00:23:04.5320916Z Receiving objects:  57% (4759/8349), 16.32 MiB | 32.63 MiB/s
2023-10-09T00:23:04.5519039Z Receiving objects:  58% (4843/8349), 16.32 MiB | 32.63 MiB/s
2023-10-09T00:23:04.5647673Z Receiving objects:  59% (4926/8349), 16.32 MiB | 32.63 MiB/s
2023-10-09T00:23:04.5827680Z Receiving objects:  60% (5010/8349), 16.32 MiB | 32.63 MiB/s
2023-10-09T00:23:04.5953844Z Receiving objects:  61% (5093/8349), 16.32 MiB | 32.63 MiB/s
2023-10-09T00:23:04.6150393Z Receiving objects:  62% (5177/8349), 16.32 MiB | 32.63 MiB/s
2023-10-09T00:23:04.6316406Z Receiving objects:  63% (5260/8349), 16.32 MiB | 32.63 MiB/s
2023-10-09T00:23:04.6435234Z Receiving objects:  64% (5344/8349), 16.32 MiB | 32.63 MiB/s
2023-10-09T00:23:04.6558588Z Receiving objects:  65% (5427/8349), 16.32 MiB | 32.63 MiB/s
2023-10-09T00:23:04.6686940Z Receiving objects:  66% (5511/8349), 16.32 MiB | 32.63 MiB/s
2023-10-09T00:23:04.6800713Z Receiving objects:  67% (5594/8349), 16.32 MiB | 32.63 MiB/s
2023-10-09T00:23:04.6956997Z Receiving objects:  68% (5678/8349), 16.32 MiB | 32.63 MiB/s
2023-10-09T00:23:04.7138644Z Receiving objects:  69% (5761/8349), 16.32 MiB | 32.63 MiB/s
2023-10-09T00:23:04.7258375Z Receiving objects:  70% (5845/8349), 16.32 MiB | 32.63 MiB/s
2023-10-09T00:23:04.7380416Z Receiving objects:  71% (5928/8349), 16.32 MiB | 32.63 MiB/s
2023-10-09T00:23:04.7468828Z Receiving objects:  72% (6012/8349), 16.32 MiB | 32.63 MiB/s
2023-10-09T00:23:04.7602702Z Receiving objects:  73% (6095/8349), 16.32 MiB | 32.63 MiB/s
2023-10-09T00:23:04.7694097Z Receiving objects:  74% (6179/8349), 16.32 MiB | 32.63 MiB/s
2023-10-09T00:23:04.7860663Z Receiving objects:  75% (6262/8349), 16.32 MiB | 32.63 MiB/s
2023-10-09T00:23:04.7998451Z Receiving objects:  76% (6346/8349), 16.32 MiB | 32.63 MiB/s
2023-10-09T00:23:04.8119015Z Receiving objects:  77% (6429/8349), 16.32 MiB | 32.63 MiB/s
2023-10-09T00:23:04.8236756Z Receiving objects:  78% (6513/8349), 16.32 MiB | 32.63 MiB/s
2023-10-09T00:23:04.8385504Z Receiving objects:  79% (6596/8349), 16.32 MiB | 32.63 MiB/s
2023-10-09T00:23:04.8505407Z Receiving objects:  80% (6680/8349), 16.32 MiB | 32.63 MiB/s
2023-10-09T00:23:04.8607975Z Receiving objects:  81% (6763/8349), 16.32 MiB | 32.63 MiB/s
2023-10-09T00:23:04.8684935Z Receiving objects:  82% (6847/8349), 16.32 MiB | 32.63 MiB/s
2023-10-09T00:23:04.8804768Z Receiving objects:  83% (6930/8349), 16.32 MiB | 32.63 MiB/s
2023-10-09T00:23:04.8906439Z Receiving objects:  84% (7014/8349), 16.32 MiB | 32.63 MiB/s
2023-10-09T00:23:04.9027298Z Receiving objects:  85% (7097/8349), 16.32 MiB | 32.63 MiB/s
2023-10-09T00:23:04.9159350Z Receiving objects:  86% (7181/8349), 16.32 MiB | 32.63 MiB/s
2023-10-09T00:23:04.9263398Z Receiving objects:  87% (7264/8349), 16.32 MiB | 32.63 MiB/s
2023-10-09T00:23:04.9276773Z Receiving objects:  88% (7348/8349), 16.32 MiB | 32.63 MiB/s
2023-10-09T00:23:04.9313581Z Receiving objects:  89% (7431/8349), 16.32 MiB | 32.63 MiB/s
2023-10-09T00:23:04.9316527Z Receiving objects:  90% (7515/8349), 16.32 MiB | 32.63 MiB/s
2023-10-09T00:23:04.9319466Z Receiving objects:  91% (7598/8349), 16.32 MiB | 32.63 MiB/s
2023-10-09T00:23:04.9330097Z Receiving objects:  92% (7682/8349), 16.32 MiB | 32.63 MiB/s
2023-10-09T00:23:04.9336602Z Receiving objects:  93% (7765/8349), 16.32 MiB | 32.63 MiB/s
2023-10-09T00:23:04.9375139Z Receiving objects:  94% (7849/8349), 16.32 MiB | 32.63 MiB/s
2023-10-09T00:23:04.9525597Z Receiving objects:  95% (7932/8349), 16.32 MiB | 32.63 MiB/s
2023-10-09T00:23:04.9559092Z Receiving objects:  95% (8008/8349), 36.29 MiB | 36.28 MiB/s
2023-10-09T00:23:04.9822113Z Receiving objects:  96% (8016/8349), 36.29 MiB | 36.28 MiB/s
2023-10-09T00:23:04.9889391Z Receiving objects:  97% (8099/8349), 36.29 MiB | 36.28 MiB/s
2023-10-09T00:23:04.9976447Z Receiving objects:  98% (8183/8349), 36.29 MiB | 36.28 MiB/s
2023-10-09T00:23:05.0161366Z Receiving objects:  99% (8266/8349), 36.29 MiB | 36.28 MiB/s
2023-10-09T00:23:05.0162473Z remote: Total 8349 (delta 4879), reused 8003 (delta 4753), pack-reused 0        
2023-10-09T00:23:05.0174781Z Receiving objects: 100% (8349/8349), 36.29 MiB | 36.28 MiB/s
2023-10-09T00:23:05.0175338Z Receiving objects: 100% (8349/8349), 39.48 MiB | 37.09 MiB/s, done.
2023-10-09T00:23:05.0205116Z Resolving deltas:   0% (0/4879)
2023-10-09T00:23:05.0276481Z Resolving deltas:   1% (49/4879)
2023-10-09T00:23:05.0408171Z Resolving deltas:   2% (98/4879)
2023-10-09T00:23:05.0456288Z Resolving deltas:   3% (147/4879)
2023-10-09T00:23:05.0464827Z Resolving deltas:   4% (196/4879)
2023-10-09T00:23:05.0473422Z Resolving deltas:   5% (244/4879)
2023-10-09T00:23:05.0496852Z Resolving deltas:   6% (293/4879)
2023-10-09T00:23:05.0570365Z Resolving deltas:   7% (342/4879)
2023-10-09T00:23:05.0702287Z Resolving deltas:   8% (391/4879)
2023-10-09T00:23:05.0824264Z Resolving deltas:   9% (440/4879)
2023-10-09T00:23:05.0913691Z Resolving deltas:  10% (488/4879)
2023-10-09T00:23:05.0923516Z Resolving deltas:  11% (537/4879)
2023-10-09T00:23:05.0930118Z Resolving deltas:  12% (586/4879)
2023-10-09T00:23:05.0960882Z Resolving deltas:  13% (635/4879)
2023-10-09T00:23:05.1043018Z Resolving deltas:  14% (684/4879)
2023-10-09T00:23:05.1205698Z Resolving deltas:  15% (732/4879)
2023-10-09T00:23:05.1475287Z Resolving deltas:  16% (781/4879)
2023-10-09T00:23:05.1791207Z Resolving deltas:  17% (830/4879)
2023-10-09T00:23:05.2254143Z Resolving deltas:  18% (879/4879)
2023-10-09T00:23:05.2763551Z Resolving deltas:  19% (928/4879)
2023-10-09T00:23:05.3509678Z Resolving deltas:  20% (976/4879)
2023-10-09T00:23:05.3708896Z Resolving deltas:  21% (1025/4879)
2023-10-09T00:23:05.3935483Z Resolving deltas:  22% (1074/4879)
2023-10-09T00:23:05.4168566Z Resolving deltas:  23% (1123/4879)
2023-10-09T00:23:05.4262021Z Resolving deltas:  24% (1171/4879)
2023-10-09T00:23:05.4402213Z Resolving deltas:  25% (1220/4879)
2023-10-09T00:23:05.4407543Z Resolving deltas:  26% (1269/4879)
2023-10-09T00:23:05.4411690Z Resolving deltas:  27% (1318/4879)
2023-10-09T00:23:05.4425529Z Resolving deltas:  28% (1367/4879)
2023-10-09T00:23:05.4435115Z Resolving deltas:  29% (1415/4879)
2023-10-09T00:23:05.4447484Z Resolving deltas:  30% (1464/4879)
2023-10-09T00:23:05.4461669Z Resolving deltas:  31% (1513/4879)
2023-10-09T00:23:05.4471017Z Resolving deltas:  32% (1562/4879)
2023-10-09T00:23:05.4484209Z Resolving deltas:  33% (1611/4879)
2023-10-09T00:23:05.4502257Z Resolving deltas:  34% (1659/4879)
2023-10-09T00:23:05.4532972Z Resolving deltas:  35% (1708/4879)
2023-10-09T00:23:05.4578437Z Resolving deltas:  36% (1757/4879)
2023-10-09T00:23:05.4592837Z Resolving deltas:  37% (1806/4879)
2023-10-09T00:23:05.4595250Z Resolving deltas:  38% (1855/4879)
2023-10-09T00:23:05.4597274Z Resolving deltas:  39% (1903/4879)
2023-10-09T00:23:05.4599703Z Resolving deltas:  40% (1952/4879)
2023-10-09T00:23:05.4636630Z Resolving deltas:  41% (2001/4879)
2023-10-09T00:23:05.4685166Z Resolving deltas:  42% (2050/4879)
2023-10-09T00:23:05.4726254Z Resolving deltas:  43% (2098/4879)
2023-10-09T00:23:05.4784353Z Resolving deltas:  44% (2147/4879)
2023-10-09T00:23:05.4803498Z Resolving deltas:  45% (2196/4879)
2023-10-09T00:23:05.4868999Z Resolving deltas:  46% (2245/4879)
2023-10-09T00:23:05.4904096Z Resolving deltas:  47% (2294/4879)
2023-10-09T00:23:05.4911232Z Resolving deltas:  48% (2342/4879)
2023-10-09T00:23:05.4918226Z Resolving deltas:  49% (2391/4879)
2023-10-09T00:23:05.5108365Z Resolving deltas:  50% (2440/4879)
2023-10-09T00:23:05.5383991Z Resolving deltas:  51% (2489/4879)
2023-10-09T00:23:05.5688567Z Resolving deltas:  52% (2538/4879)
2023-10-09T00:23:05.6188828Z Resolving deltas:  53% (2586/4879)
2023-10-09T00:23:05.6387484Z Resolving deltas:  54% (2635/4879)
2023-10-09T00:23:05.6754384Z Resolving deltas:  55% (2684/4879)
2023-10-09T00:23:05.7193324Z Resolving deltas:  56% (2733/4879)
2023-10-09T00:23:05.7885646Z Resolving deltas:  57% (2782/4879)
2023-10-09T00:23:05.8026791Z Resolving deltas:  58% (2830/4879)
2023-10-09T00:23:05.8064787Z Resolving deltas:  59% (2879/4879)
2023-10-09T00:23:05.8084292Z Resolving deltas:  60% (2928/4879)
2023-10-09T00:23:05.8103603Z Resolving deltas:  61% (2977/4879)
2023-10-09T00:23:05.8310963Z Resolving deltas:  62% (3025/4879)
2023-10-09T00:23:05.8692861Z Resolving deltas:  63% (3074/4879)
2023-10-09T00:23:05.9012063Z Resolving deltas:  64% (3123/4879)
2023-10-09T00:23:05.9137607Z Resolving deltas:  65% (3172/4879)
2023-10-09T00:23:05.9268633Z Resolving deltas:  66% (3221/4879)
2023-10-09T00:23:05.9317543Z Resolving deltas:  67% (3269/4879)
2023-10-09T00:23:05.9339810Z Resolving deltas:  68% (3318/4879)
2023-10-09T00:23:05.9361388Z Resolving deltas:  69% (3367/4879)
2023-10-09T00:23:05.9363261Z Resolving deltas:  70% (3416/4879)
2023-10-09T00:23:05.9373947Z Resolving deltas:  71% (3465/4879)
2023-10-09T00:23:05.9385054Z Resolving deltas:  72% (3513/4879)
2023-10-09T00:23:05.9387825Z Resolving deltas:  73% (3562/4879)
2023-10-09T00:23:05.9392731Z Resolving deltas:  74% (3611/4879)
2023-10-09T00:23:05.9402174Z Resolving deltas:  75% (3660/4879)
2023-10-09T00:23:05.9417047Z Resolving deltas:  76% (3709/4879)
2023-10-09T00:23:05.9429182Z Resolving deltas:  77% (3757/4879)
2023-10-09T00:23:05.9457348Z Resolving deltas:  78% (3806/4879)
2023-10-09T00:23:05.9542505Z Resolving deltas:  79% (3855/4879)
2023-10-09T00:23:05.9739705Z Resolving deltas:  80% (3904/4879)
2023-10-09T00:23:06.0057961Z Resolving deltas:  81% (3952/4879)
2023-10-09T00:23:06.0187816Z Resolving deltas:  82% (4001/4879)
2023-10-09T00:23:06.0273031Z Resolving deltas:  82% (4029/4879)
2023-10-09T00:23:06.0332070Z Resolving deltas:  83% (4050/4879)
2023-10-09T00:23:06.0375601Z Resolving deltas:  84% (4099/4879)
2023-10-09T00:23:06.0454157Z Resolving deltas:  85% (4148/4879)
2023-10-09T00:23:06.0509657Z Resolving deltas:  86% (4196/4879)
2023-10-09T00:23:06.0561769Z Resolving deltas:  87% (4245/4879)
2023-10-09T00:23:06.0610168Z Resolving deltas:  88% (4294/4879)
2023-10-09T00:23:06.0664214Z Resolving deltas:  89% (4343/4879)
2023-10-09T00:23:06.0758892Z Resolving deltas:  90% (4392/4879)
2023-10-09T00:23:06.0873631Z Resolving deltas:  91% (4440/4879)
2023-10-09T00:23:06.1007942Z Resolving deltas:  92% (4489/4879)
2023-10-09T00:23:06.1072391Z Resolving deltas:  93% (4538/4879)
2023-10-09T00:23:06.1125204Z Resolving deltas:  94% (4587/4879)
2023-10-09T00:23:06.1187067Z Resolving deltas:  95% (4636/4879)
2023-10-09T00:23:06.1258460Z Resolving deltas:  96% (4684/4879)
2023-10-09T00:23:06.1332743Z Resolving deltas:  97% (4733/4879)
2023-10-09T00:23:06.1451971Z Resolving deltas:  98% (4782/4879)
2023-10-09T00:23:06.1503298Z Resolving deltas:  99% (4831/4879)
2023-10-09T00:23:06.1503810Z Resolving deltas: 100% (4879/4879)
2023-10-09T00:23:06.1504281Z Resolving deltas: 100% (4879/4879), done.
2023-10-09T00:23:06.2101630Z From https://github.com/seanpm2001/GitHub_Stats_A
2023-10-09T00:23:06.2102718Z  * [new ref]         32ff3125d1fc995f999ca569326f30edbc9cea2e -> origin/master
2023-10-09T00:23:06.2124384Z ##[endgroup]
2023-10-09T00:23:06.2125447Z ##[group]Determining the checkout info
2023-10-09T00:23:06.2130403Z ##[endgroup]
2023-10-09T00:23:06.2130892Z ##[group]Checking out the ref
2023-10-09T00:23:06.2133830Z [command]/usr/bin/git checkout --progress --force -B master refs/remotes/origin/master
2023-10-09T00:23:07.2414480Z Updating files:  69% (5998/8666)
2023-10-09T00:23:07.2565684Z Updating files:  70% (6067/8666)
2023-10-09T00:23:07.2704053Z Updating files:  71% (6153/8666)
2023-10-09T00:23:07.2864952Z Updating files:  72% (6240/8666)
2023-10-09T00:23:07.3036849Z Updating files:  73% (6327/8666)
2023-10-09T00:23:07.3162890Z Updating files:  74% (6413/8666)
2023-10-09T00:23:07.3286521Z Updating files:  75% (6500/8666)
2023-10-09T00:23:07.3376886Z Updating files:  76% (6587/8666)
2023-10-09T00:23:07.3463498Z Updating files:  77% (6673/8666)
2023-10-09T00:23:07.3597512Z Updating files:  78% (6760/8666)
2023-10-09T00:23:07.3620456Z Updating files:  79% (6847/8666)
2023-10-09T00:23:07.3742536Z Updating files:  80% (6933/8666)
2023-10-09T00:23:07.3865791Z Updating files:  81% (7020/8666)
2023-10-09T00:23:07.3888937Z Updating files:  82% (7107/8666)
2023-10-09T00:23:07.3930090Z Updating files:  83% (7193/8666)
2023-10-09T00:23:07.3984932Z Updating files:  84% (7280/8666)
2023-10-09T00:23:07.4037542Z Updating files:  85% (7367/8666)
2023-10-09T00:23:07.4106669Z Updating files:  86% (7453/8666)
2023-10-09T00:23:07.4179211Z Updating files:  87% (7540/8666)
2023-10-09T00:23:07.4242812Z Updating files:  88% (7627/8666)
2023-10-09T00:23:07.4378139Z Updating files:  89% (7713/8666)
2023-10-09T00:23:07.4499765Z Updating files:  90% (7800/8666)
2023-10-09T00:23:07.4620600Z Updating files:  91% (7887/8666)
2023-10-09T00:23:07.4783478Z Updating files:  92% (7973/8666)
2023-10-09T00:23:07.4992792Z Updating files:  93% (8060/8666)
2023-10-09T00:23:07.5084503Z Updating files:  94% (8147/8666)
2023-10-09T00:23:07.5158111Z Updating files:  95% (8233/8666)
2023-10-09T00:23:07.5235302Z Updating files:  96% (8320/8666)
2023-10-09T00:23:07.5333229Z Updating files:  97% (8407/8666)
2023-10-09T00:23:07.5469685Z Updating files:  98% (8493/8666)
2023-10-09T00:23:07.5566720Z Updating files:  99% (8580/8666)
2023-10-09T00:23:07.5566973Z Updating files: 100% (8666/8666)
2023-10-09T00:23:07.5567220Z Updating files: 100% (8666/8666), done.
2023-10-09T00:23:07.5714714Z Reset branch 'master'
2023-10-09T00:23:07.5716793Z branch 'master' set up to track 'origin/master'.
2023-10-09T00:23:07.5772471Z ##[endgroup]
2023-10-09T00:23:07.5816393Z [command]/usr/bin/git log -1 --format='%H'
2023-10-09T00:23:07.5847007Z '32ff3125d1fc995f999ca569326f30edbc9cea2e'
2023-10-09T00:23:07.6202156Z ##[group]Run actions/setup-python@v4
2023-10-09T00:23:07.6202396Z with:
2023-10-09T00:23:07.6202606Z   python-version: 3.8
2023-10-09T00:23:07.6202848Z   architecture: x64
2023-10-09T00:23:07.6203044Z   cache: pip
2023-10-09T00:23:07.6203253Z   check-latest: false
2023-10-09T00:23:07.6203581Z   token: ***
2023-10-09T00:23:07.6203797Z   update-environment: true
2023-10-09T00:23:07.6204027Z   allow-prereleases: false
2023-10-09T00:23:07.6204238Z ##[endgroup]
2023-10-09T00:23:07.7936810Z ##[group]Installed versions
2023-10-09T00:23:07.8025833Z Successfully set up CPython (3.8.18)
2023-10-09T00:23:07.8026578Z ##[endgroup]
2023-10-09T00:23:08.5891913Z [command]/opt/hostedtoolcache/Python/3.8.18/x64/bin/pip cache dir
2023-10-09T00:23:10.3018682Z /home/runner/.cache/pip
2023-10-09T00:23:10.6607295Z Received 6245959 of 6245959 (100.0%), 36.8 MBs/sec
2023-10-09T00:23:10.6607955Z Cache Size: ~6 MB (6245959 B)
2023-10-09T00:23:10.6636020Z [command]/usr/bin/tar -xf /home/runner/work/_temp/98499c26-dbd2-4ab6-b252-5e9e0e90e513/cache.tzst -P -C /home/runner/work/GitHub_Stats_A/GitHub_Stats_A --use-compress-program unzstd
2023-10-09T00:23:10.6854546Z Cache restored successfully
2023-10-09T00:23:10.6871370Z Cache restored from key: setup-python-Linux-22.04-Ubuntu-python-3.8.18-pip-60f2a6c0212a9b74a155cd81b58dd07fd8b180833132566260d95f4de42fe218
2023-10-09T00:23:10.7067557Z ##[group]Run python3 -m pip install --upgrade pip setuptools wheel
2023-10-09T00:23:10.7068018Z [36;1mpython3 -m pip install --upgrade pip setuptools wheel[0m
2023-10-09T00:23:10.7068386Z [36;1mpython3 -m pip install -r requirements.txt[0m
2023-10-09T00:23:10.7130918Z shell: /usr/bin/bash -e {0}
2023-10-09T00:23:10.7131172Z env:
2023-10-09T00:23:10.7131471Z   pythonLocation: /opt/hostedtoolcache/Python/3.8.18/x64
2023-10-09T00:23:10.7131845Z   PKG_CONFIG_PATH: /opt/hostedtoolcache/Python/3.8.18/x64/lib/pkgconfig
2023-10-09T00:23:10.7132201Z   Python_ROOT_DIR: /opt/hostedtoolcache/Python/3.8.18/x64
2023-10-09T00:23:10.7132552Z   Python2_ROOT_DIR: /opt/hostedtoolcache/Python/3.8.18/x64
2023-10-09T00:23:10.7132858Z   Python3_ROOT_DIR: /opt/hostedtoolcache/Python/3.8.18/x64
2023-10-09T00:23:10.7133180Z   LD_LIBRARY_PATH: /opt/hostedtoolcache/Python/3.8.18/x64/lib
2023-10-09T00:23:10.7133448Z ##[endgroup]
2023-10-09T00:23:11.9472811Z Requirement already satisfied: pip in /opt/hostedtoolcache/Python/3.8.18/x64/lib/python3.8/site-packages (23.0.1)
2023-10-09T00:23:12.1359632Z Collecting pip
2023-10-09T00:23:12.1360871Z   Obtaining dependency information for pip from https://files.pythonhosted.org/packages/50/c2/e06851e8cc28dcad7c155f4753da8833ac06a5c704c109313b8d5a62968a/pip-23.2.1-py3-none-any.whl.metadata
2023-10-09T00:23:12.1381158Z   Using cached pip-23.2.1-py3-none-any.whl.metadata (4.2 kB)
2023-10-09T00:23:12.1392730Z Requirement already satisfied: setuptools in /opt/hostedtoolcache/Python/3.8.18/x64/lib/python3.8/site-packages (56.0.0)
2023-10-09T00:23:12.4682203Z Collecting setuptools
2023-10-09T00:23:12.4692148Z   Obtaining dependency information for setuptools from https://files.pythonhosted.org/packages/bb/26/7945080113158354380a12ce26873dd6c1ebd88d47f5bc24e2c5bb38c16a/setuptools-68.2.2-py3-none-any.whl.metadata
2023-10-09T00:23:12.5664654Z   Downloading setuptools-68.2.2-py3-none-any.whl.metadata (6.3 kB)
2023-10-09T00:23:12.6171782Z Collecting wheel
2023-10-09T00:23:12.6174381Z   Obtaining dependency information for wheel from https://files.pythonhosted.org/packages/b8/8b/31273bf66016be6ad22bb7345c37ff350276cfd46e389a0c2ac5da9d9073/wheel-0.41.2-py3-none-any.whl.metadata
2023-10-09T00:23:12.6196144Z   Using cached wheel-0.41.2-py3-none-any.whl.metadata (2.2 kB)
2023-10-09T00:23:12.6773261Z Using cached pip-23.2.1-py3-none-any.whl (2.1 MB)
2023-10-09T00:23:12.6888085Z Downloading setuptools-68.2.2-py3-none-any.whl (807 kB)
2023-10-09T00:23:12.7942320Z    ‚îÅ‚îÅ‚îÅ‚îÅ‚îÅ‚îÅ‚îÅ‚îÅ‚îÅ‚îÅ‚îÅ‚îÅ‚îÅ‚îÅ‚îÅ‚îÅ‚îÅ‚îÅ‚îÅ‚îÅ‚îÅ‚îÅ‚îÅ‚îÅ‚îÅ‚îÅ‚îÅ‚îÅ‚îÅ‚îÅ‚îÅ‚îÅ‚îÅ‚îÅ‚îÅ‚îÅ‚îÅ‚îÅ‚îÅ‚îÅ 807.9/807.9 kB 8.4 MB/s eta 0:00:00
2023-10-09T00:23:12.7968303Z Using cached wheel-0.41.2-py3-none-any.whl (64 kB)
2023-10-09T00:23:13.0228426Z Installing collected packages: wheel, setuptools, pip
2023-10-09T00:23:13.0668587Z   Attempting uninstall: setuptools
2023-10-09T00:23:13.0678500Z     Found existing installation: setuptools 56.0.0
2023-10-09T00:23:13.0835621Z     Uninstalling setuptools-56.0.0:
2023-10-09T00:23:13.0938434Z       Successfully uninstalled setuptools-56.0.0
2023-10-09T00:23:13.5414134Z   Attempting uninstall: pip
2023-10-09T00:23:13.5420477Z     Found existing installation: pip 23.0.1
2023-10-09T00:23:13.5973982Z     Uninstalling pip-23.0.1:
2023-10-09T00:23:13.6437043Z       Successfully uninstalled pip-23.0.1
2023-10-09T00:23:14.7543313Z Successfully installed pip-23.2.1 setuptools-68.2.2 wheel-0.41.2
2023-10-09T00:23:16.6015715Z Collecting requests (from -r requirements.txt (line 1))
2023-10-09T00:23:16.6018396Z   Obtaining dependency information for requests from https://files.pythonhosted.org/packages/70/8e/0e2d847013cb52cd35b38c009bb167a1a26b2ce6cd6965bf26b47bc0bf44/requests-2.31.0-py3-none-any.whl.metadata
2023-10-09T00:23:16.6040711Z   Using cached requests-2.31.0-py3-none-any.whl.metadata (4.6 kB)
2023-10-09T00:23:17.1316817Z Collecting aiohttp (from -r requirements.txt (line 2))
2023-10-09T00:23:17.1319738Z   Obtaining dependency information for aiohttp from https://files.pythonhosted.org/packages/91/1b/9b5da3748ddd924288d9a946a0f48a34b179330d342c6cdeb89683bcf971/aiohttp-3.8.6-cp38-cp38-manylinux_2_17_x86_64.manylinux2014_x86_64.whl.metadata
2023-10-09T00:23:17.2370567Z   Downloading aiohttp-3.8.6-cp38-cp38-manylinux_2_17_x86_64.manylinux2014_x86_64.whl.metadata (7.7 kB)
2023-10-09T00:23:17.3899181Z Collecting charset-normalizer<4,>=2 (from requests->-r requirements.txt (line 1))
2023-10-09T00:23:17.3904504Z   Obtaining dependency information for charset-normalizer<4,>=2 from https://files.pythonhosted.org/packages/1e/c8/fd52271326c052f95f47ef718b018aa2bc3fd097d9bac44d7d48894c6130/charset_normalizer-3.3.0-cp38-cp38-manylinux_2_17_x86_64.manylinux2014_x86_64.whl.metadata
2023-10-09T00:23:17.3990852Z   Downloading charset_normalizer-3.3.0-cp38-cp38-manylinux_2_17_x86_64.manylinux2014_x86_64.whl.metadata (32 kB)
2023-10-09T00:23:17.4414426Z Collecting idna<4,>=2.5 (from requests->-r requirements.txt (line 1))
2023-10-09T00:23:17.4437111Z   Using cached idna-3.4-py3-none-any.whl (61 kB)
2023-10-09T00:23:17.5098792Z Collecting urllib3<3,>=1.21.1 (from requests->-r requirements.txt (line 1))
2023-10-09T00:23:17.5101360Z   Obtaining dependency information for urllib3<3,>=1.21.1 from https://files.pythonhosted.org/packages/26/40/9957270221b6d3e9a3b92fdfba80dd5c9661ff45a664b47edd5d00f707f5/urllib3-2.0.6-py3-none-any.whl.metadata
2023-10-09T00:23:17.5183643Z   Downloading urllib3-2.0.6-py3-none-any.whl.metadata (6.6 kB)
2023-10-09T00:23:17.5553977Z Collecting certifi>=2017.4.17 (from requests->-r requirements.txt (line 1))
2023-10-09T00:23:17.5558391Z   Obtaining dependency information for certifi>=2017.4.17 from https://files.pythonhosted.org/packages/4c/dd/2234eab22353ffc7d94e8d13177aaa050113286e93e7b40eae01fbf7c3d9/certifi-2023.7.22-py3-none-any.whl.metadata
2023-10-09T00:23:17.5580174Z   Using cached certifi-2023.7.22-py3-none-any.whl.metadata (2.2 kB)
2023-10-09T00:23:17.6152688Z Collecting attrs>=17.3.0 (from aiohttp->-r requirements.txt (line 2))
2023-10-09T00:23:17.6172642Z   Using cached attrs-23.1.0-py3-none-any.whl (61 kB)
2023-10-09T00:23:18.0318733Z Collecting multidict<7.0,>=4.5 (from aiohttp->-r requirements.txt (line 2))
2023-10-09T00:23:18.0341308Z   Using cached multidict-6.0.4-cp38-cp38-manylinux_2_17_x86_64.manylinux2014_x86_64.whl (121 kB)
2023-10-09T00:23:18.0610205Z Collecting async-timeout<5.0,>=4.0.0a3 (from aiohttp->-r requirements.txt (line 2))
2023-10-09T00:23:18.0613204Z   Obtaining dependency information for async-timeout<5.0,>=4.0.0a3 from https://files.pythonhosted.org/packages/a7/fa/e01228c2938de91d47b307831c62ab9e4001e747789d0b05baf779a6488c/async_timeout-4.0.3-py3-none-any.whl.metadata
2023-10-09T00:23:18.0634341Z   Using cached async_timeout-4.0.3-py3-none-any.whl.metadata (4.2 kB)
2023-10-09T00:23:18.3150325Z Collecting yarl<2.0,>=1.0 (from aiohttp->-r requirements.txt (line 2))
2023-10-09T00:23:18.3171159Z   Using cached yarl-1.9.2-cp38-cp38-manylinux_2_17_x86_64.manylinux2014_x86_64.whl (266 kB)
2023-10-09T00:23:18.4282721Z Collecting frozenlist>=1.1.1 (from aiohttp->-r requirements.txt (line 2))
2023-10-09T00:23:18.4285430Z   Obtaining dependency information for frozenlist>=1.1.1 from https://files.pythonhosted.org/packages/0b/36/c276486f89bee9098332710af2207344f360c6c6f104a4931a7566039b1d/frozenlist-1.4.0-cp38-cp38-manylinux_2_5_x86_64.manylinux1_x86_64.manylinux_2_17_x86_64.manylinux2014_x86_64.whl.metadata
2023-10-09T00:23:18.4306682Z   Using cached frozenlist-1.4.0-cp38-cp38-manylinux_2_5_x86_64.manylinux1_x86_64.manylinux_2_17_x86_64.manylinux2014_x86_64.whl.metadata (5.2 kB)
2023-10-09T00:23:18.4524249Z Collecting aiosignal>=1.1.2 (from aiohttp->-r requirements.txt (line 2))
2023-10-09T00:23:18.4545128Z   Using cached aiosignal-1.3.1-py3-none-any.whl (7.6 kB)
2023-10-09T00:23:18.5473949Z Using cached requests-2.31.0-py3-none-any.whl (62 kB)
2023-10-09T00:23:18.5556817Z Downloading aiohttp-3.8.6-cp38-cp38-manylinux_2_17_x86_64.manylinux2014_x86_64.whl (1.1 MB)
2023-10-09T00:23:18.6602968Z    ‚îÅ‚îÅ‚îÅ‚îÅ‚îÅ‚îÅ‚îÅ‚îÅ‚îÅ‚îÅ‚îÅ‚îÅ‚îÅ‚îÅ‚îÅ‚îÅ‚îÅ‚îÅ‚îÅ‚îÅ‚îÅ‚îÅ‚îÅ‚îÅ‚îÅ‚îÅ‚îÅ‚îÅ‚îÅ‚îÅ‚îÅ‚îÅ‚îÅ‚îÅ‚îÅ‚îÅ‚îÅ‚îÅ‚îÅ‚îÅ 1.1/1.1 MB 10.6 MB/s eta 0:00:00
2023-10-09T00:23:18.6627117Z Using cached async_timeout-4.0.3-py3-none-any.whl (5.7 kB)
2023-10-09T00:23:18.6650931Z Using cached certifi-2023.7.22-py3-none-any.whl (158 kB)
2023-10-09T00:23:18.6738067Z Downloading charset_normalizer-3.3.0-cp38-cp38-manylinux_2_17_x86_64.manylinux2014_x86_64.whl (137 kB)
2023-10-09T00:23:18.6839262Z    ‚îÅ‚îÅ‚îÅ‚îÅ‚îÅ‚îÅ‚îÅ‚îÅ‚îÅ‚îÅ‚îÅ‚îÅ‚îÅ‚îÅ‚îÅ‚îÅ‚îÅ‚îÅ‚îÅ‚îÅ‚îÅ‚îÅ‚îÅ‚îÅ‚îÅ‚îÅ‚îÅ‚îÅ‚îÅ‚îÅ‚îÅ‚îÅ‚îÅ‚îÅ‚îÅ‚îÅ‚îÅ‚îÅ‚îÅ‚îÅ 137.9/137.9 kB 17.1 MB/s eta 0:00:00
2023-10-09T00:23:18.6860641Z Using cached frozenlist-1.4.0-cp38-cp38-manylinux_2_5_x86_64.manylinux1_x86_64.manylinux_2_17_x86_64.manylinux2014_x86_64.whl (220 kB)
2023-10-09T00:23:18.6945542Z Downloading urllib3-2.0.6-py3-none-any.whl (123 kB)
2023-10-09T00:23:18.7040472Z    ‚îÅ‚îÅ‚îÅ‚îÅ‚îÅ‚îÅ‚îÅ‚îÅ‚îÅ‚îÅ‚îÅ‚îÅ‚îÅ‚îÅ‚îÅ‚îÅ‚îÅ‚îÅ‚îÅ‚îÅ‚îÅ‚îÅ‚îÅ‚îÅ‚îÅ‚îÅ‚îÅ‚îÅ‚îÅ‚îÅ‚îÅ‚îÅ‚îÅ‚îÅ‚îÅ‚îÅ‚îÅ‚îÅ‚îÅ‚îÅ 123.8/123.8 kB 16.6 MB/s eta 0:00:00
2023-10-09T00:23:18.8264447Z Installing collected packages: urllib3, multidict, idna, frozenlist, charset-normalizer, certifi, attrs, async-timeout, yarl, requests, aiosignal, aiohttp
2023-10-09T00:23:19.3014930Z Successfully installed aiohttp-3.8.6 aiosignal-1.3.1 async-timeout-4.0.3 attrs-23.1.0 certifi-2023.7.22 charset-normalizer-3.3.0 frozenlist-1.4.0 idna-3.4 multidict-6.0.4 requests-2.31.0 urllib3-2.0.6 yarl-1.9.2
2023-10-09T00:23:19.7598035Z ##[group]Run python3 --version
2023-10-09T00:23:19.7598333Z [36;1mpython3 --version[0m
2023-10-09T00:23:19.7598588Z [36;1mpython3 generate_images.py[0m
2023-10-09T00:23:19.7653633Z shell: /usr/bin/bash -e {0}
2023-10-09T00:23:19.7653863Z env:
2023-10-09T00:23:19.7654145Z   pythonLocation: /opt/hostedtoolcache/Python/3.8.18/x64
2023-10-09T00:23:19.7654513Z   PKG_CONFIG_PATH: /opt/hostedtoolcache/Python/3.8.18/x64/lib/pkgconfig
2023-10-09T00:23:19.7654864Z   Python_ROOT_DIR: /opt/hostedtoolcache/Python/3.8.18/x64
2023-10-09T00:23:19.7655223Z   Python2_ROOT_DIR: /opt/hostedtoolcache/Python/3.8.18/x64
2023-10-09T00:23:19.7655544Z   Python3_ROOT_DIR: /opt/hostedtoolcache/Python/3.8.18/x64
2023-10-09T00:23:19.7655871Z   LD_LIBRARY_PATH: /opt/hostedtoolcache/Python/3.8.18/x64/lib
2023-10-09T00:23:19.7656300Z   ACCESS_TOKEN: ***
2023-10-09T00:23:19.7656620Z   GITHUB_TOKEN: ***
2023-10-09T00:23:19.7656828Z   EXCLUDED: 
2023-10-09T00:23:19.7657033Z   EXCLUDED_LANGS: 
2023-10-09T00:23:19.7657289Z   EXCLUDE_FORKED_REPOS: true
2023-10-09T00:23:19.7657513Z ##[endgroup]
2023-10-09T00:23:19.7750572Z Python 3.8.18
2023-10-09T00:32:42.9453068Z A path returned 202. Retrying...
2023-10-09T00:32:42.9453728Z A path returned 202. Retrying...
2023-10-09T00:32:42.9454105Z A path returned 202. Retrying...
2023-10-09T00:32:42.9454568Z A path returned 202. Retrying...
2023-10-09T00:32:42.9454955Z A path returned 202. Retrying...
2023-10-09T00:32:42.9455274Z A path returned 202. Retrying...
2023-10-09T00:32:42.9455599Z A path returned 202. Retrying...
2023-10-09T00:32:42.9455967Z A path returned 202. Retrying...
2023-10-09T00:32:42.9456358Z A path returned 202. Retrying...
2023-10-09T00:32:42.9456635Z A path returned 202. Retrying...
2023-10-09T00:32:42.9456950Z A path returned 202. Retrying...
2023-10-09T00:32:42.9457287Z A path returned 202. Retrying...
2023-10-09T00:32:42.9457610Z A path returned 202. Retrying...
2023-10-09T00:32:42.9457981Z A path returned 202. Retrying...
2023-10-09T00:32:42.9458312Z A path returned 202. Retrying...
2023-10-09T00:32:42.9458644Z A path returned 202. Retrying...
2023-10-09T00:32:42.9458977Z A path returned 202. Retrying...
2023-10-09T00:32:42.9459301Z A path returned 202. Retrying...
2023-10-09T00:32:42.9459619Z A path returned 202. Retrying...
2023-10-09T00:32:42.9459945Z A path returned 202. Retrying...
2023-10-09T00:32:42.9460258Z A path returned 202. Retrying...
2023-10-09T00:32:42.9460623Z A path returned 202. Retrying...
2023-10-09T00:32:42.9460937Z A path returned 202. Retrying...
2023-10-09T00:32:42.9461616Z A path returned 202. Retrying...
2023-10-09T00:32:42.9461886Z A path returned 202. Retrying...
2023-10-09T00:32:42.9462213Z A path returned 202. Retrying...
2023-10-09T00:32:42.9462589Z A path returned 202. Retrying...
2023-10-09T00:32:42.9462927Z A path returned 202. Retrying...
2023-10-09T00:32:42.9463244Z A path returned 202. Retrying...
2023-10-09T00:32:42.9463563Z A path returned 202. Retrying...
2023-10-09T00:32:42.9463950Z A path returned 202. Retrying...
2023-10-09T00:32:42.9464275Z A path returned 202. Retrying...
2023-10-09T00:32:42.9464541Z A path returned 202. Retrying...
2023-10-09T00:32:42.9464859Z A path returned 202. Retrying...
2023-10-09T00:32:42.9465236Z A path returned 202. Retrying...
2023-10-09T00:32:42.9465566Z A path returned 202. Retrying...
2023-10-09T00:32:42.9465880Z A path returned 202. Retrying...
2023-10-09T00:32:42.9466195Z A path returned 202. Retrying...
2023-10-09T00:32:42.9466576Z A path returned 202. Retrying...
2023-10-09T00:32:42.9466895Z A path returned 202. Retrying...
2023-10-09T00:32:42.9467172Z A path returned 202. Retrying...
2023-10-09T00:32:42.9467487Z A path returned 202. Retrying...
2023-10-09T00:32:42.9467799Z A path returned 202. Retrying...
2023-10-09T00:32:42.9468175Z A path returned 202. Retrying...
2023-10-09T00:32:42.9468486Z A path returned 202. Retrying...
2023-10-09T00:32:42.9468808Z A path returned 202. Retrying...
2023-10-09T00:32:42.9469143Z A path returned 202. Retrying...
2023-10-09T00:32:42.9469660Z A path returned 202. Retrying...
2023-10-09T00:32:42.9469984Z A path returned 202. Retrying...
2023-10-09T00:32:42.9470296Z A path returned 202. Retrying...
2023-10-09T00:32:42.9470621Z A path returned 202. Retrying...
2023-10-09T00:32:42.9470990Z A path returned 202. Retrying...
2023-10-09T00:32:42.9471309Z A path returned 202. Retrying...
2023-10-09T00:32:42.9472019Z A path returned 202. Retrying...
2023-10-09T00:32:42.9472362Z A path returned 202. Retrying...
2023-10-09T00:32:42.9472632Z A path returned 202. Retrying...
2023-10-09T00:32:42.9473027Z A path returned 202. Retrying...
2023-10-09T00:32:42.9473343Z A path returned 202. Retrying...
2023-10-09T00:32:42.9473674Z A path returned 202. Retrying...
2023-10-09T00:32:42.9473993Z A path returned 202. Retrying...
2023-10-09T00:32:42.9474359Z A path returned 202. Retrying...
2023-10-09T00:32:42.9474676Z A path returned 202. Retrying...
2023-10-09T00:32:42.9475003Z A path returned 202. Retrying...
2023-10-09T00:32:42.9475275Z A path returned 202. Retrying...
2023-10-09T00:32:42.9475644Z A path returned 202. Retrying...
2023-10-09T00:32:42.9475997Z A path returned 202. Retrying...
2023-10-09T00:32:42.9476327Z A path returned 202. Retrying...
2023-10-09T00:32:42.9476643Z A path returned 202. Retrying...
2023-10-09T00:32:42.9477007Z A path returned 202. Retrying...
2023-10-09T00:32:42.9477321Z A path returned 202. Retrying...
2023-10-09T00:32:42.9477603Z A path returned 202. Retrying...
2023-10-09T00:32:42.9477914Z A path returned 202. Retrying...
2023-10-09T00:32:42.9478223Z A path returned 202. Retrying...
2023-10-09T00:32:42.9478618Z A path returned 202. Retrying...
2023-10-09T00:32:42.9478943Z A path returned 202. Retrying...
2023-10-09T00:32:42.9479253Z A path returned 202. Retrying...
2023-10-09T00:32:42.9479564Z A path returned 202. Retrying...
2023-10-09T00:32:42.9479930Z A path returned 202. Retrying...
2023-10-09T00:32:42.9480209Z A path returned 202. Retrying...
2023-10-09T00:32:42.9480519Z A path returned 202. Retrying...
2023-10-09T00:32:42.9480839Z A path returned 202. Retrying...
2023-10-09T00:32:42.9481208Z A path returned 202. Retrying...
2023-10-09T00:32:42.9481536Z A path returned 202. Retrying...
2023-10-09T00:32:42.9481845Z A path returned 202. Retrying...
2023-10-09T00:32:42.9482156Z A path returned 202. Retrying...
2023-10-09T00:32:42.9482529Z A path returned 202. Retrying...
2023-10-09T00:32:42.9482813Z A path returned 202. Retrying...
2023-10-09T00:32:42.9483130Z A path returned 202. Retrying...
2023-10-09T00:32:42.9483444Z A path returned 202. Retrying...
2023-10-09T00:32:42.9483918Z A path returned 202. Retrying...
2023-10-09T00:32:42.9484323Z A path returned 202. Retrying...
2023-10-09T00:32:42.9484647Z A path returned 202. Retrying...
2023-10-09T00:32:42.9484961Z A path returned 202. Retrying...
2023-10-09T00:32:42.9485227Z A path returned 202. Retrying...
2023-10-09T00:32:42.9485608Z A path returned 202. Retrying...
2023-10-09T00:32:42.9485920Z A path returned 202. Retrying...
2023-10-09T00:32:42.9486234Z A path returned 202. Retrying...
2023-10-09T00:32:42.9486549Z A path returned 202. Retrying...
2023-10-09T00:32:42.9486925Z A path returned 202. Retrying...
2023-10-09T00:32:42.9487239Z A path returned 202. Retrying...
2023-10-09T00:32:42.9487556Z A path returned 202. Retrying...
2023-10-09T00:32:42.9487824Z A path returned 202. Retrying...
2023-10-09T00:32:42.9488152Z A path returned 202. Retrying...
2023-10-09T00:32:42.9488522Z A path returned 202. Retrying...
2023-10-09T00:32:42.9488838Z A path returned 202. Retrying...
2023-10-09T00:32:42.9489152Z A path returned 202. Retrying...
2023-10-09T00:32:42.9489483Z A path returned 202. Retrying...
2023-10-09T00:32:42.9489873Z A path returned 202. Retrying...
2023-10-09T00:32:42.9490187Z A path returned 202. Retrying...
2023-10-09T00:32:42.9490455Z A path returned 202. Retrying...
2023-10-09T00:32:42.9490778Z A path returned 202. Retrying...
2023-10-09T00:32:42.9491137Z A path returned 202. Retrying...
2023-10-09T00:32:42.9491448Z A path returned 202. Retrying...
2023-10-09T00:32:42.9491893Z A path returned 202. Retrying...
2023-10-09T00:32:42.9492207Z A path returned 202. Retrying...
2023-10-09T00:32:42.9492574Z A path returned 202. Retrying...
2023-10-09T00:32:42.9492843Z A path returned 202. Retrying...
2023-10-09T00:32:42.9493168Z A path returned 202. Retrying...
2023-10-09T00:32:42.9493490Z A path returned 202. Retrying...
2023-10-09T00:32:42.9493808Z A path returned 202. Retrying...
2023-10-09T00:32:42.9494178Z A path returned 202. Retrying...
2023-10-09T00:32:42.9494506Z A path returned 202. Retrying...
2023-10-09T00:32:42.9494823Z A path returned 202. Retrying...
2023-10-09T00:32:42.9495141Z A path returned 202. Retrying...
2023-10-09T00:32:42.9495459Z A path returned 202. Retrying...
2023-10-09T00:32:42.9495785Z A path returned 202. Retrying...
2023-10-09T00:32:42.9496099Z A path returned 202. Retrying...
2023-10-09T00:32:42.9496413Z A path returned 202. Retrying...
2023-10-09T00:32:42.9496775Z A path returned 202. Retrying...
2023-10-09T00:32:42.9497213Z A path returned 202. Retrying...
2023-10-09T00:32:42.9497535Z A path returned 202. Retrying...
2023-10-09T00:32:42.9497851Z A path returned 202. Retrying...
2023-10-09T00:32:42.9498224Z A path returned 202. Retrying...
2023-10-09T00:32:42.9498550Z A path returned 202. Retrying...
2023-10-09T00:32:42.9498862Z A path returned 202. Retrying...
2023-10-09T00:32:42.9499181Z A path returned 202. Retrying...
2023-10-09T00:32:42.9499447Z A path returned 202. Retrying...
2023-10-09T00:32:42.9499824Z A path returned 202. Retrying...
2023-10-09T00:32:42.9500135Z A path returned 202. Retrying...
2023-10-09T00:32:42.9500457Z A path returned 202. Retrying...
2023-10-09T00:32:42.9500771Z A path returned 202. Retrying...
2023-10-09T00:32:42.9501149Z A path returned 202. Retrying...
2023-10-09T00:32:42.9501459Z A path returned 202. Retrying...
2023-10-09T00:32:42.9501723Z A path returned 202. Retrying...
2023-10-09T00:32:42.9502034Z A path returned 202. Retrying...
2023-10-09T00:32:42.9502420Z A path returned 202. Retrying...
2023-10-09T00:32:42.9502736Z A path returned 202. Retrying...
2023-10-09T00:32:42.9503043Z A path returned 202. Retrying...
2023-10-09T00:32:42.9503355Z A path returned 202. Retrying...
2023-10-09T00:32:42.9503727Z A path returned 202. Retrying...
2023-10-09T00:32:42.9504037Z A path returned 202. Retrying...
2023-10-09T00:32:42.9504300Z A path returned 202. Retrying...
2023-10-09T00:32:42.9504610Z A path returned 202. Retrying...
2023-10-09T00:32:42.9504931Z A path returned 202. Retrying...
2023-10-09T00:32:42.9505295Z A path returned 202. Retrying...
2023-10-09T00:32:42.9505727Z A path returned 202. Retrying...
2023-10-09T00:32:42.9506058Z A path returned 202. Retrying...
2023-10-09T00:32:42.9506373Z A path returned 202. Retrying...
2023-10-09T00:32:42.9506741Z A path returned 202. Retrying...
2023-10-09T00:32:42.9507009Z A path returned 202. Retrying...
2023-10-09T00:32:42.9507316Z A path returned 202. Retrying...
2023-10-09T00:32:42.9507640Z A path returned 202. Retrying...
2023-10-09T00:32:42.9508000Z A path returned 202. Retrying...
2023-10-09T00:32:42.9508322Z A path returned 202. Retrying...
2023-10-09T00:32:42.9508648Z A path returned 202. Retrying...
2023-10-09T00:32:42.9508961Z A path returned 202. Retrying...
2023-10-09T00:32:42.9509325Z A path returned 202. Retrying...
2023-10-09T00:32:42.9509595Z A path returned 202. Retrying...
2023-10-09T00:32:42.9509908Z A path returned 202. Retrying...
2023-10-09T00:32:42.9510236Z A path returned 202. Retrying...
2023-10-09T00:32:42.9510544Z A path returned 202. Retrying...
2023-10-09T00:32:42.9510907Z A path returned 202. Retrying...
2023-10-09T00:32:42.9511233Z A path returned 202. Retrying...
2023-10-09T00:32:42.9511701Z A path returned 202. Retrying...
2023-10-09T00:32:42.9511969Z A path returned 202. Retrying...
2023-10-09T00:32:42.9512338Z A path returned 202. Retrying...
2023-10-09T00:32:42.9512651Z A path returned 202. Retrying...
2023-10-09T00:32:42.9512975Z A path returned 202. Retrying...
2023-10-09T00:32:42.9513285Z A path returned 202. Retrying...
2023-10-09T00:32:42.9513769Z A path returned 202. Retrying...
2023-10-09T00:32:42.9514102Z A path returned 202. Retrying...
2023-10-09T00:32:42.9514412Z A path returned 202. Retrying...
2023-10-09T00:32:42.9514675Z A path returned 202. Retrying...
2023-10-09T00:32:42.9514983Z A path returned 202. Retrying...
2023-10-09T00:32:42.9515372Z A path returned 202. Retrying...
2023-10-09T00:32:42.9515687Z A path returned 202. Retrying...
2023-10-09T00:32:42.9516001Z A path returned 202. Retrying...
2023-10-09T00:32:42.9516306Z A path returned 202. Retrying...
2023-10-09T00:32:42.9516681Z A path returned 202. Retrying...
2023-10-09T00:32:42.9516995Z A path returned 202. Retrying...
2023-10-09T00:32:42.9517264Z A path returned 202. Retrying...
2023-10-09T00:32:42.9517575Z A path returned 202. Retrying...
2023-10-09T00:32:42.9517950Z A path returned 202. Retrying...
2023-10-09T00:32:42.9518259Z A path returned 202. Retrying...
2023-10-09T00:32:42.9518572Z A path returned 202. Retrying...
2023-10-09T00:32:42.9518882Z A path returned 202. Retrying...
2023-10-09T00:32:42.9519268Z A path returned 202. Retrying...
2023-10-09T00:32:42.9519532Z A path returned 202. Retrying...
2023-10-09T00:32:42.9519848Z A path returned 202. Retrying...
2023-10-09T00:32:42.9520160Z A path returned 202. Retrying...
2023-10-09T00:32:42.9520485Z A path returned 202. Retrying...
2023-10-09T00:32:42.9520849Z A path returned 202. Retrying...
2023-10-09T00:32:42.9521160Z A path returned 202. Retrying...
2023-10-09T00:32:42.9521468Z A path returned 202. Retrying...
2023-10-09T00:32:42.9521790Z A path returned 202. Retrying...
2023-10-09T00:32:42.9522115Z A path returned 202. Retrying...
2023-10-09T00:32:42.9522426Z A path returned 202. Retrying...
2023-10-09T00:32:42.9522735Z A path returned 202. Retrying...
2023-10-09T00:32:42.9523058Z A path returned 202. Retrying...
2023-10-09T00:32:42.9523423Z A path returned 202. Retrying...
2023-10-09T00:32:42.9523738Z A path returned 202. Retrying...
2023-10-09T00:32:42.9524047Z A path returned 202. Retrying...
2023-10-09T00:32:42.9524378Z A path returned 202. Retrying...
2023-10-09T00:32:42.9524644Z A path returned 202. Retrying...
2023-10-09T00:32:42.9525007Z A path returned 202. Retrying...
2023-10-09T00:32:42.9525318Z A path returned 202. Retrying...
2023-10-09T00:32:42.9525641Z A path returned 202. Retrying...
2023-10-09T00:32:42.9525950Z A path returned 202. Retrying...
2023-10-09T00:32:42.9526311Z A path returned 202. Retrying...
2023-10-09T00:32:42.9526618Z A path returned 202. Retrying...
2023-10-09T00:32:42.9526891Z A path returned 202. Retrying...
2023-10-09T00:32:42.9527205Z A path returned 202. Retrying...
2023-10-09T00:32:42.9527693Z A path returned 202. Retrying...
2023-10-09T00:32:42.9528001Z A path returned 202. Retrying...
2023-10-09T00:32:42.9528327Z A path returned 202. Retrying...
2023-10-09T00:32:42.9528638Z A path returned 202. Retrying...
2023-10-09T00:32:42.9528999Z A path returned 202. Retrying...
2023-10-09T00:32:42.9529322Z A path returned 202. Retrying...
2023-10-09T00:32:42.9529590Z A path returned 202. Retrying...
2023-10-09T00:32:42.9529909Z A path returned 202. Retrying...
2023-10-09T00:32:42.9530224Z A path returned 202. Retrying...
2023-10-09T00:32:42.9530585Z A path returned 202. Retrying...
2023-10-09T00:32:42.9530913Z A path returned 202. Retrying...
2023-10-09T00:32:42.9531232Z A path returned 202. Retrying...
2023-10-09T00:32:42.9531541Z A path returned 202. Retrying...
2023-10-09T00:32:42.9531916Z A path returned 202. Retrying...
2023-10-09T00:32:42.9532182Z A path returned 202. Retrying...
2023-10-09T00:32:42.9532491Z A path returned 202. Retrying...
2023-10-09T00:32:42.9532813Z A path returned 202. Retrying...
2023-10-09T00:32:42.9533182Z A path returned 202. Retrying...
2023-10-09T00:32:42.9533510Z A path returned 202. Retrying...
2023-10-09T00:32:42.9533822Z A path returned 202. Retrying...
2023-10-09T00:32:42.9534130Z A path returned 202. Retrying...
2023-10-09T00:32:42.9534396Z A path returned 202. Retrying...
2023-10-09T00:32:42.9534789Z A path returned 202. Retrying...
2023-10-09T00:32:42.9535182Z A path returned 202. Retrying...
2023-10-09T00:32:42.9535496Z A path returned 202. Retrying...
2023-10-09T00:32:42.9535827Z A path returned 202. Retrying...
2023-10-09T00:41:29.1865244Z A path returned 202. Retrying...
2023-10-09T00:41:29.1866070Z A path returned 202. Retrying...
2023-10-09T00:41:29.1866384Z A path returned 202. Retrying...
2023-10-09T00:41:29.1866637Z A path returned 202. Retrying...
2023-10-09T00:41:29.1866881Z A path returned 202. Retrying...
2023-10-09T00:41:29.1867130Z A path returned 202. Retrying...
2023-10-09T00:41:29.1867377Z A path returned 202. Retrying...
2023-10-09T00:41:29.1867631Z A path returned 202. Retrying...
2023-10-09T00:41:29.1867868Z A path returned 202. Retrying...
2023-10-09T00:41:29.1868113Z A path returned 202. Retrying...
2023-10-09T00:41:29.1868353Z A path returned 202. Retrying...
2023-10-09T00:41:29.1868599Z A path returned 202. Retrying...
2023-10-09T00:41:29.1868836Z A path returned 202. Retrying...
2023-10-09T00:41:29.1869075Z A path returned 202. Retrying...
2023-10-09T00:41:29.1869320Z A path returned 202. Retrying...
2023-10-09T00:41:29.1869560Z A path returned 202. Retrying...
2023-10-09T00:41:29.1869796Z A path returned 202. Retrying...
2023-10-09T00:41:29.1870028Z A path returned 202. Retrying...
2023-10-09T00:41:29.1870260Z A path returned 202. Retrying...
2023-10-09T00:41:29.1870496Z A path returned 202. Retrying...
2023-10-09T00:41:29.1870730Z A path returned 202. Retrying...
2023-10-09T00:41:29.1870962Z A path returned 202. Retrying...
2023-10-09T00:41:29.1871190Z A path returned 202. Retrying...
2023-10-09T00:41:29.1871430Z A path returned 202. Retrying...
2023-10-09T00:41:29.1871798Z A path returned 202. Retrying...
2023-10-09T00:41:29.1872036Z A path returned 202. Retrying...
2023-10-09T00:41:29.1872277Z A path returned 202. Retrying...
2023-10-09T00:41:29.1872512Z A path returned 202. Retrying...
2023-10-09T00:41:29.1872746Z A path returned 202. Retrying...
2023-10-09T00:41:29.1872983Z A path returned 202. Retrying...
2023-10-09T00:41:29.1873215Z A path returned 202. Retrying...
2023-10-09T00:41:29.1873450Z A path returned 202. Retrying...
2023-10-09T00:41:29.1873687Z A path returned 202. Retrying...
2023-10-09T00:41:29.1873924Z A path returned 202. Retrying...
2023-10-09T00:41:29.1874163Z A path returned 202. Retrying...
2023-10-09T00:41:29.1874400Z A path returned 202. Retrying...
2023-10-09T00:41:29.1874636Z A path returned 202. Retrying...
2023-10-09T00:41:29.1874865Z A path returned 202. Retrying...
2023-10-09T00:41:29.1875111Z A path returned 202. Retrying...
2023-10-09T00:41:29.1875343Z A path returned 202. Retrying...
2023-10-09T00:41:29.1875921Z A path returned 202. Retrying...
2023-10-09T00:41:29.1876157Z A path returned 202. Retrying...
2023-10-09T00:41:29.1876394Z A path returned 202. Retrying...
2023-10-09T00:41:29.1876635Z A path returned 202. Retrying...
2023-10-09T00:41:29.1876874Z A path returned 202. Retrying...
2023-10-09T00:41:29.1877102Z A path returned 202. Retrying...
2023-10-09T00:41:29.1877342Z A path returned 202. Retrying...
2023-10-09T00:41:29.1877584Z A path returned 202. Retrying...
2023-10-09T00:41:29.1877823Z A path returned 202. Retrying...
2023-10-09T00:41:29.1878057Z A path returned 202. Retrying...
2023-10-09T00:41:29.1878293Z A path returned 202. Retrying...
2023-10-09T00:41:29.1878530Z A path returned 202. Retrying...
2023-10-09T00:41:29.1878765Z A path returned 202. Retrying...
2023-10-09T00:41:29.1878990Z A path returned 202. Retrying...
2023-10-09T00:41:29.1879224Z A path returned 202. Retrying...
2023-10-09T00:41:29.1879460Z A path returned 202. Retrying...
2023-10-09T00:41:29.1879702Z A path returned 202. Retrying...
2023-10-09T00:41:29.1879936Z A path returned 202. Retrying...
2023-10-09T00:41:29.1880172Z A path returned 202. Retrying...
2023-10-09T00:41:29.1880404Z A path returned 202. Retrying...
2023-10-09T00:41:29.1880637Z A path returned 202. Retrying...
2023-10-09T00:41:29.1880862Z A path returned 202. Retrying...
2023-10-09T00:41:29.1881099Z A path returned 202. Retrying...
2023-10-09T00:41:29.1881461Z A path returned 202. Retrying...
2023-10-09T00:41:29.1881700Z A path returned 202. Retrying...
2023-10-09T00:41:29.1881934Z A path returned 202. Retrying...
2023-10-09T00:41:29.1882168Z A path returned 202. Retrying...
2023-10-09T00:41:29.1882403Z A path returned 202. Retrying...
2023-10-09T00:41:29.1882701Z A path returned 202. Retrying...
2023-10-09T00:41:29.1882935Z A path returned 202. Retrying...
2023-10-09T00:41:29.1883169Z A path returned 202. Retrying...
2023-10-09T00:41:29.1883407Z A path returned 202. Retrying...
2023-10-09T00:41:29.1883636Z A path returned 202. Retrying...
2023-10-09T00:41:29.1883877Z A path returned 202. Retrying...
2023-10-09T00:41:29.1884116Z A path returned 202. Retrying...
2023-10-09T00:41:29.1884350Z A path returned 202. Retrying...
2023-10-09T00:41:29.1884588Z A path returned 202. Retrying...
2023-10-09T00:41:29.1884824Z A path returned 202. Retrying...
2023-10-09T00:41:29.1885060Z A path returned 202. Retrying...
2023-10-09T00:41:29.1885297Z A path returned 202. Retrying...
2023-10-09T00:41:29.1885531Z A path returned 202. Retrying...
2023-10-09T00:41:29.1885763Z A path returned 202. Retrying...
2023-10-09T00:41:29.1885998Z A path returned 202. Retrying...
2023-10-09T00:41:29.1886234Z A path returned 202. Retrying...
2023-10-09T00:41:29.1886474Z A path returned 202. Retrying...
2023-10-09T00:41:29.1886709Z A path returned 202. Retrying...
2023-10-09T00:41:29.1886943Z A path returned 202. Retrying...
2023-10-09T00:41:29.1887179Z A path returned 202. Retrying...
2023-10-09T00:41:29.1887405Z A path returned 202. Retrying...
2023-10-09T00:41:29.1887641Z A path returned 202. Retrying...
2023-10-09T00:41:29.1887875Z A path returned 202. Retrying...
2023-10-09T00:41:29.1888112Z A path returned 202. Retrying...
2023-10-09T00:41:29.1888346Z A path returned 202. Retrying...
2023-10-09T00:41:29.1888576Z A path returned 202. Retrying...
2023-10-09T00:41:29.1888814Z A path returned 202. Retrying...
2023-10-09T00:41:29.1889043Z A path returned 202. Retrying...
2023-10-09T00:41:29.1889281Z A path returned 202. Retrying...
2023-10-09T00:41:29.1889512Z A path returned 202. Retrying...
2023-10-09T00:41:29.1889742Z A path returned 202. Retrying...
2023-10-09T00:41:29.1889976Z A path returned 202. Retrying...
2023-10-09T00:41:29.1890211Z A path returned 202. Retrying...
2023-10-09T00:41:29.1890446Z A path returned 202. Retrying...
2023-10-09T00:41:29.1890683Z A path returned 202. Retrying...
2023-10-09T00:41:29.1890908Z A path returned 202. Retrying...
2023-10-09T00:41:29.1891140Z A path returned 202. Retrying...
2023-10-09T00:41:29.1891375Z A path returned 202. Retrying...
2023-10-09T00:41:29.1891701Z A path returned 202. Retrying...
2023-10-09T00:41:29.1891939Z A path returned 202. Retrying...
2023-10-09T00:41:29.1892174Z A path returned 202. Retrying...
2023-10-09T00:41:29.1892407Z A path returned 202. Retrying...
2023-10-09T00:41:29.1892640Z A path returned 202. Retrying...
2023-10-09T00:41:29.1892866Z A path returned 202. Retrying...
2023-10-09T00:41:29.1893098Z A path returned 202. Retrying...
2023-10-09T00:41:29.1893339Z A path returned 202. Retrying...
2023-10-09T00:41:29.1893572Z A path returned 202. Retrying...
2023-10-09T00:41:29.1893802Z A path returned 202. Retrying...
2023-10-09T00:41:29.1894036Z A path returned 202. Retrying...
2023-10-09T00:41:29.1894274Z A path returned 202. Retrying...
2023-10-09T00:41:29.1894499Z A path returned 202. Retrying...
2023-10-09T00:41:29.1894734Z A path returned 202. Retrying...
2023-10-09T00:41:29.1894968Z A path returned 202. Retrying...
2023-10-09T00:41:29.1895205Z A path returned 202. Retrying...
2023-10-09T00:41:29.1895445Z A path returned 202. Retrying...
2023-10-09T00:41:29.1895681Z A path returned 202. Retrying...
2023-10-09T00:41:29.1895915Z A path returned 202. Retrying...
2023-10-09T00:41:29.1896151Z A path returned 202. Retrying...
2023-10-09T00:41:29.1896376Z A path returned 202. Retrying...
2023-10-09T00:41:29.1896609Z A path returned 202. Retrying...
2023-10-09T00:41:29.1896845Z A path returned 202. Retrying...
2023-10-09T00:41:29.1897163Z A path returned 202. Retrying...
2023-10-09T00:41:29.1897398Z A path returned 202. Retrying...
2023-10-09T00:41:29.1897630Z A path returned 202. Retrying...
2023-10-09T00:41:29.1897863Z A path returned 202. Retrying...
2023-10-09T00:41:29.1898102Z A path returned 202. Retrying...
2023-10-09T00:41:29.1898328Z A path returned 202. Retrying...
2023-10-09T00:41:29.1898562Z A path returned 202. Retrying...
2023-10-09T00:41:29.1898795Z A path returned 202. Retrying...
2023-10-09T00:41:29.1899028Z A path returned 202. Retrying...
2023-10-09T00:41:29.1899267Z A path returned 202. Retrying...
2023-10-09T00:41:29.1899503Z A path returned 202. Retrying...
2023-10-09T00:41:29.1899738Z A path returned 202. Retrying...
2023-10-09T00:41:29.1899964Z A path returned 202. Retrying...
2023-10-09T00:41:29.1900201Z A path returned 202. Retrying...
2023-10-09T00:41:29.1900433Z A path returned 202. Retrying...
2023-10-09T00:41:29.1900669Z A path returned 202. Retrying...
2023-10-09T00:41:29.1900904Z A path returned 202. Retrying...
2023-10-09T00:41:29.1901142Z A path returned 202. Retrying...
2023-10-09T00:41:29.1901377Z A path returned 202. Retrying...
2023-10-09T00:41:29.1901613Z A path returned 202. Retrying...
2023-10-09T00:41:29.1901838Z A path returned 202. Retrying...
2023-10-09T00:41:29.1902074Z A path returned 202. Retrying...
2023-10-09T00:41:29.1902308Z A path returned 202. Retrying...
2023-10-09T00:41:29.1902544Z A path returned 202. Retrying...
2023-10-09T00:41:29.1902779Z A path returned 202. Retrying...
2023-10-09T00:41:29.1903014Z A path returned 202. Retrying...
2023-10-09T00:41:29.1903253Z A path returned 202. Retrying...
2023-10-09T00:41:29.1903492Z A path returned 202. Retrying...
2023-10-09T00:41:29.1903717Z A path returned 202. Retrying...
2023-10-09T00:41:29.1903951Z A path returned 202. Retrying...
2023-10-09T00:41:29.1904185Z A path returned 202. Retrying...
2023-10-09T00:41:29.1904427Z A path returned 202. Retrying...
2023-10-09T00:41:29.1904664Z A path returned 202. Retrying...
2023-10-09T00:41:29.1904905Z A path returned 202. Retrying...
2023-10-09T00:41:29.1905139Z A path returned 202. Retrying...
2023-10-09T00:41:29.1905377Z A path returned 202. Retrying...
2023-10-09T00:41:29.1905604Z A path returned 202. Retrying...
2023-10-09T00:41:29.1905839Z A path returned 202. Retrying...
2023-10-09T00:41:29.1906081Z A path returned 202. Retrying...
2023-10-09T00:41:29.1906319Z A path returned 202. Retrying...
2023-10-09T00:41:29.1906555Z A path returned 202. Retrying...
2023-10-09T00:41:29.1906789Z A path returned 202. Retrying...
2023-10-09T00:41:29.1907025Z A path returned 202. Retrying...
2023-10-09T00:41:29.1907338Z A path returned 202. Retrying...
2023-10-09T00:41:29.1907573Z A path returned 202. Retrying...
2023-10-09T00:41:29.1907805Z A path returned 202. Retrying...
2023-10-09T00:41:29.1908040Z A path returned 202. Retrying...
2023-10-09T00:41:29.1908276Z A path returned 202. Retrying...
2023-10-09T00:41:29.1908513Z A path returned 202. Retrying...
2023-10-09T00:41:29.1908748Z A path returned 202. Retrying...
2023-10-09T00:41:29.1908987Z A path returned 202. Retrying...
2023-10-09T00:41:29.1909215Z A path returned 202. Retrying...
2023-10-09T00:41:29.1909444Z A path returned 202. Retrying...
2023-10-09T00:41:29.1909677Z A path returned 202. Retrying...
2023-10-09T00:41:29.1909910Z A path returned 202. Retrying...
2023-10-09T00:41:29.1910145Z A path returned 202. Retrying...
2023-10-09T00:41:29.1910381Z A path returned 202. Retrying...
2023-10-09T00:41:29.1910617Z A path returned 202. Retrying...
2023-10-09T00:41:29.1910850Z A path returned 202. Retrying...
2023-10-09T00:41:29.1911085Z A path returned 202. Retrying...
2023-10-09T00:41:29.1911318Z A path returned 202. Retrying...
2023-10-09T00:41:29.1911647Z A path returned 202. Retrying...
2023-10-09T00:41:29.1911887Z A path returned 202. Retrying...
2023-10-09T00:41:29.1912122Z A path returned 202. Retrying...
2023-10-09T00:41:29.1912356Z A path returned 202. Retrying...
2023-10-09T00:41:29.1912588Z A path returned 202. Retrying...
2023-10-09T00:41:29.1912910Z A path returned 202. Retrying...
2023-10-09T00:41:29.1913154Z A path returned 202. Retrying...
2023-10-09T00:41:29.1913390Z A path returned 202. Retrying...
2023-10-09T00:41:29.1913627Z A path returned 202. Retrying...
2023-10-09T00:41:29.1913866Z A path returned 202. Retrying...
2023-10-09T00:41:29.1914103Z A path returned 202. Retrying...
2023-10-09T00:41:29.1914338Z A path returned 202. Retrying...
2023-10-09T00:41:29.1914571Z A path returned 202. Retrying...
2023-10-09T00:41:29.1914797Z A path returned 202. Retrying...
2023-10-09T00:41:29.1915030Z A path returned 202. Retrying...
2023-10-09T00:41:29.1915270Z A path returned 202. Retrying...
2023-10-09T00:41:29.1915505Z A path returned 202. Retrying...
2023-10-09T00:41:29.1915742Z A path returned 202. Retrying...
2023-10-09T00:41:29.1915976Z A path returned 202. Retrying...
2023-10-09T00:41:29.1916211Z A path returned 202. Retrying...
2023-10-09T00:41:29.1916446Z A path returned 202. Retrying...
2023-10-09T00:41:29.1916680Z A path returned 202. Retrying...
2023-10-09T00:41:29.1916915Z A path returned 202. Retrying...
2023-10-09T00:41:29.1917147Z A path returned 202. Retrying...
2023-10-09T00:41:29.1917378Z A path returned 202. Retrying...
2023-10-09T00:41:29.1917616Z A path returned 202. Retrying...
2023-10-09T00:41:29.1917853Z A path returned 202. Retrying...
2023-10-09T00:41:29.1918085Z A path returned 202. Retrying...
2023-10-09T00:41:29.1918309Z A path returned 202. Retrying...
2023-10-09T00:41:29.1918548Z A path returned 202. Retrying...
2023-10-09T00:41:29.1918778Z A path returned 202. Retrying...
2023-10-09T00:41:29.1919014Z A path returned 202. Retrying...
2023-10-09T00:41:29.1919247Z A path returned 202. Retrying...
2023-10-09T00:41:29.1919485Z A path returned 202. Retrying...
2023-10-09T00:41:29.1919722Z A path returned 202. Retrying...
2023-10-09T00:41:29.1919955Z A path returned 202. Retrying...
2023-10-09T00:41:29.1920180Z A path returned 202. Retrying...
2023-10-09T00:41:29.1920411Z A path returned 202. Retrying...
2023-10-09T00:41:29.1920654Z A path returned 202. Retrying...
2023-10-09T00:41:29.1920888Z A path returned 202. Retrying...
2023-10-09T00:41:29.1921119Z A path returned 202. Retrying...
2023-10-09T00:41:29.1921353Z A path returned 202. Retrying...
2023-10-09T00:41:29.1921590Z A path returned 202. Retrying...
2023-10-09T00:41:29.1921828Z A path returned 202. Retrying...
2023-10-09T00:41:29.1922054Z A path returned 202. Retrying...
2023-10-09T00:41:29.1922286Z A path returned 202. Retrying...
2023-10-09T00:41:29.1922520Z A path returned 202. Retrying...
2023-10-09T00:41:29.1922753Z A path returned 202. Retrying...
2023-10-09T00:41:29.1923079Z A path returned 202. Retrying...
2023-10-09T00:41:29.1923311Z A path returned 202. Retrying...
2023-10-09T00:41:29.1923545Z A path returned 202. Retrying...
2023-10-09T00:41:29.1923770Z A path returned 202. Retrying...
2023-10-09T00:41:29.1924006Z A path returned 202. Retrying...
2023-10-09T00:41:29.1924236Z A path returned 202. Retrying...
2023-10-09T00:41:29.1924470Z A path returned 202. Retrying...
2023-10-09T00:41:29.1924713Z A path returned 202. Retrying...
2023-10-09T00:41:29.1924947Z A path returned 202. Retrying...
2023-10-09T00:41:29.1925178Z A path returned 202. Retrying...
2023-10-09T00:50:15.0358518Z A path returned 202. Retrying...
2023-10-09T00:50:15.0358896Z A path returned 202. Retrying...
2023-10-09T00:50:15.0359143Z A path returned 202. Retrying...
2023-10-09T00:50:15.0359389Z A path returned 202. Retrying...
2023-10-09T00:50:15.0359629Z A path returned 202. Retrying...
2023-10-09T00:50:15.0359881Z A path returned 202. Retrying...
2023-10-09T00:50:15.0360138Z A path returned 202. Retrying...
2023-10-09T00:50:15.0360383Z A path returned 202. Retrying...
2023-10-09T00:50:15.0360624Z A path returned 202. Retrying...
2023-10-09T00:50:15.0360867Z A path returned 202. Retrying...
2023-10-09T00:50:15.0361107Z A path returned 202. Retrying...
2023-10-09T00:50:15.0361348Z A path returned 202. Retrying...
2023-10-09T00:50:15.0361574Z A path returned 202. Retrying...
2023-10-09T00:50:15.0361809Z A path returned 202. Retrying...
2023-10-09T00:50:15.0362408Z A path returned 202. Retrying...
2023-10-09T00:50:15.0362663Z A path returned 202. Retrying...
2023-10-09T00:50:15.0362904Z A path returned 202. Retrying...
2023-10-09T00:50:15.0363148Z A path returned 202. Retrying...
2023-10-09T00:50:15.0363388Z A path returned 202. Retrying...
2023-10-09T00:50:15.0363628Z A path returned 202. Retrying...
2023-10-09T00:50:15.0363856Z A path returned 202. Retrying...
2023-10-09T00:50:15.0364092Z A path returned 202. Retrying...
2023-10-09T00:50:15.0364334Z A path returned 202. Retrying...
2023-10-09T00:50:15.0364580Z A path returned 202. Retrying...
2023-10-09T00:50:15.0364820Z A path returned 202. Retrying...
2023-10-09T00:50:15.0365057Z A path returned 202. Retrying...
2023-10-09T00:50:15.0365291Z A path returned 202. Retrying...
2023-10-09T00:50:15.0365516Z A path returned 202. Retrying...
2023-10-09T00:50:15.0365751Z A path returned 202. Retrying...
2023-10-09T00:50:15.0365989Z A path returned 202. Retrying...
2023-10-09T00:50:15.0366227Z A path returned 202. Retrying...
2023-10-09T00:50:15.0366461Z A path returned 202. Retrying...
2023-10-09T00:50:15.0366702Z A path returned 202. Retrying...
2023-10-09T00:50:15.0366938Z A path returned 202. Retrying...
2023-10-09T00:50:15.0367175Z A path returned 202. Retrying...
2023-10-09T00:50:15.0367402Z A path returned 202. Retrying...
2023-10-09T00:50:15.0367640Z A path returned 202. Retrying...
2023-10-09T00:50:15.0367873Z A path returned 202. Retrying...
2023-10-09T00:50:15.0368105Z A path returned 202. Retrying...
2023-10-09T00:50:15.0368350Z A path returned 202. Retrying...
2023-10-09T00:50:15.0368589Z A path returned 202. Retrying...
2023-10-09T00:50:15.0368824Z A path returned 202. Retrying...
2023-10-09T00:50:15.0369057Z A path returned 202. Retrying...
2023-10-09T00:50:15.0369283Z A path returned 202. Retrying...
2023-10-09T00:50:15.0369520Z A path returned 202. Retrying...
2023-10-09T00:50:15.0369759Z A path returned 202. Retrying...
2023-10-09T00:50:15.0369997Z A path returned 202. Retrying...
2023-10-09T00:50:15.0370236Z A path returned 202. Retrying...
2023-10-09T00:50:15.0370473Z A path returned 202. Retrying...
2023-10-09T00:50:15.0370707Z A path returned 202. Retrying...
2023-10-09T00:50:15.0370934Z A path returned 202. Retrying...
2023-10-09T00:50:15.0371169Z A path returned 202. Retrying...
2023-10-09T00:50:15.0371402Z A path returned 202. Retrying...
2023-10-09T00:50:15.0371637Z A path returned 202. Retrying...
2023-10-09T00:50:15.0371871Z A path returned 202. Retrying...
2023-10-09T00:50:15.0372106Z A path returned 202. Retrying...
2023-10-09T00:50:15.0372485Z A path returned 202. Retrying...
2023-10-09T00:50:15.0372721Z A path returned 202. Retrying...
2023-10-09T00:50:15.0372948Z A path returned 202. Retrying...
2023-10-09T00:50:15.0373185Z A path returned 202. Retrying...
2023-10-09T00:50:15.0373416Z A path returned 202. Retrying...
2023-10-09T00:50:15.0373650Z A path returned 202. Retrying...
2023-10-09T00:50:15.0373884Z A path returned 202. Retrying...
2023-10-09T00:50:15.0374127Z A path returned 202. Retrying...
2023-10-09T00:50:15.0374365Z A path returned 202. Retrying...
2023-10-09T00:50:15.0374601Z A path returned 202. Retrying...
2023-10-09T00:50:15.0374825Z A path returned 202. Retrying...
2023-10-09T00:50:15.0375061Z A path returned 202. Retrying...
2023-10-09T00:50:15.0375298Z A path returned 202. Retrying...
2023-10-09T00:50:15.0375533Z A path returned 202. Retrying...
2023-10-09T00:50:15.0375766Z A path returned 202. Retrying...
2023-10-09T00:50:15.0376004Z A path returned 202. Retrying...
2023-10-09T00:50:15.0376246Z A path returned 202. Retrying...
2023-10-09T00:50:15.0376480Z A path returned 202. Retrying...
2023-10-09T00:50:15.0376706Z A path returned 202. Retrying...
2023-10-09T00:50:15.0376940Z A path returned 202. Retrying...
2023-10-09T00:50:15.0377173Z A path returned 202. Retrying...
2023-10-09T00:50:15.0377404Z A path returned 202. Retrying...
2023-10-09T00:50:15.0377640Z A path returned 202. Retrying...
2023-10-09T00:50:15.0377875Z A path returned 202. Retrying...
2023-10-09T00:50:15.0378207Z A path returned 202. Retrying...
2023-10-09T00:50:15.0378436Z A path returned 202. Retrying...
2023-10-09T00:50:15.0378668Z A path returned 202. Retrying...
2023-10-09T00:50:15.0378903Z A path returned 202. Retrying...
2023-10-09T00:50:15.0379136Z A path returned 202. Retrying...
2023-10-09T00:50:15.0379371Z A path returned 202. Retrying...
2023-10-09T00:50:15.0379604Z A path returned 202. Retrying...
2023-10-09T00:50:15.0379836Z A path returned 202. Retrying...
2023-10-09T00:50:15.0380069Z A path returned 202. Retrying...
2023-10-09T00:50:15.0380301Z A path returned 202. Retrying...
2023-10-09T00:50:15.0380533Z A path returned 202. Retrying...
2023-10-09T00:50:15.0380769Z A path returned 202. Retrying...
2023-10-09T00:50:15.0381001Z A path returned 202. Retrying...
2023-10-09T00:50:15.0381234Z A path returned 202. Retrying...
2023-10-09T00:50:15.0381469Z A path returned 202. Retrying...
2023-10-09T00:50:15.0381706Z A path returned 202. Retrying...
2023-10-09T00:50:15.0381946Z A path returned 202. Retrying...
2023-10-09T00:50:15.0382176Z A path returned 202. Retrying...
2023-10-09T00:50:15.0382410Z A path returned 202. Retrying...
2023-10-09T00:50:15.0382643Z A path returned 202. Retrying...
2023-10-09T00:50:15.0382876Z A path returned 202. Retrying...
2023-10-09T00:50:15.0383111Z A path returned 202. Retrying...
2023-10-09T00:50:15.0383399Z A path returned 202. Retrying...
2023-10-09T00:50:15.0383633Z A path returned 202. Retrying...
2023-10-09T00:50:15.0383867Z A path returned 202. Retrying...
2023-10-09T00:50:15.0384107Z A path returned 202. Retrying...
2023-10-09T00:50:15.0384343Z A path returned 202. Retrying...
2023-10-09T00:50:15.0384578Z A path returned 202. Retrying...
2023-10-09T00:50:15.0384802Z A path returned 202. Retrying...
2023-10-09T00:50:15.0385036Z A path returned 202. Retrying...
2023-10-09T00:50:15.0385269Z A path returned 202. Retrying...
2023-10-09T00:50:15.0385505Z A path returned 202. Retrying...
2023-10-09T00:50:15.0385741Z A path returned 202. Retrying...
2023-10-09T00:50:15.0385979Z A path returned 202. Retrying...
2023-10-09T00:50:15.0386218Z A path returned 202. Retrying...
2023-10-09T00:50:15.0386452Z A path returned 202. Retrying...
2023-10-09T00:50:15.0386678Z A path returned 202. Retrying...
2023-10-09T00:50:15.0386916Z A path returned 202. Retrying...
2023-10-09T00:50:15.0387149Z A path returned 202. Retrying...
2023-10-09T00:50:15.0387383Z A path returned 202. Retrying...
2023-10-09T00:50:15.0387620Z A path returned 202. Retrying...
2023-10-09T00:50:15.0387855Z A path returned 202. Retrying...
2023-10-09T00:50:15.0388190Z A path returned 202. Retrying...
2023-10-09T00:50:15.0388428Z A path returned 202. Retrying...
2023-10-09T00:50:15.0388658Z A path returned 202. Retrying...
2023-10-09T00:50:15.0388890Z A path returned 202. Retrying...
2023-10-09T00:50:15.0389122Z A path returned 202. Retrying...
2023-10-09T00:50:15.0389360Z A path returned 202. Retrying...
2023-10-09T00:50:15.0389595Z A path returned 202. Retrying...
2023-10-09T00:50:15.0389837Z A path returned 202. Retrying...
2023-10-09T00:50:15.0390072Z A path returned 202. Retrying...
2023-10-09T00:50:15.0390297Z A path returned 202. Retrying...
2023-10-09T00:50:15.0390534Z A path returned 202. Retrying...
2023-10-09T00:50:15.0390770Z A path returned 202. Retrying...
2023-10-09T00:50:15.0391007Z A path returned 202. Retrying...
2023-10-09T00:50:15.0391242Z A path returned 202. Retrying...
2023-10-09T00:50:15.0391476Z A path returned 202. Retrying...
2023-10-09T00:50:15.0392077Z A path returned 202. Retrying...
2023-10-09T00:50:15.0392327Z A path returned 202. Retrying...
2023-10-09T00:50:15.0392556Z A path returned 202. Retrying...
2023-10-09T00:50:15.0392792Z A path returned 202. Retrying...
2023-10-09T00:50:15.0393030Z A path returned 202. Retrying...
2023-10-09T00:50:15.0393268Z A path returned 202. Retrying...
2023-10-09T00:50:15.0393505Z A path returned 202. Retrying...
2023-10-09T00:50:15.0393743Z A path returned 202. Retrying...
2023-10-09T00:50:15.0393978Z A path returned 202. Retrying...
2023-10-09T00:50:15.0394328Z A path returned 202. Retrying...
2023-10-09T00:50:15.0394562Z A path returned 202. Retrying...
2023-10-09T00:50:15.0394794Z A path returned 202. Retrying...
2023-10-09T00:50:15.0395028Z A path returned 202. Retrying...
2023-10-09T00:50:15.0395264Z A path returned 202. Retrying...
2023-10-09T00:50:15.0395499Z A path returned 202. Retrying...
2023-10-09T00:50:15.0395737Z A path returned 202. Retrying...
2023-10-09T00:50:15.0395978Z A path returned 202. Retrying...
2023-10-09T00:50:15.0396203Z A path returned 202. Retrying...
2023-10-09T00:50:15.0396445Z A path returned 202. Retrying...
2023-10-09T00:50:15.0396681Z A path returned 202. Retrying...
2023-10-09T00:50:15.0396919Z A path returned 202. Retrying...
2023-10-09T00:50:15.0397157Z A path returned 202. Retrying...
2023-10-09T00:50:15.0397396Z A path returned 202. Retrying...
2023-10-09T00:50:15.0397630Z A path returned 202. Retrying...
2023-10-09T00:50:15.0397865Z A path returned 202. Retrying...
2023-10-09T00:50:15.0398096Z A path returned 202. Retrying...
2023-10-09T00:50:15.0398329Z A path returned 202. Retrying...
2023-10-09T00:50:15.0398561Z A path returned 202. Retrying...
2023-10-09T00:50:15.0398794Z A path returned 202. Retrying...
2023-10-09T00:50:15.0399030Z A path returned 202. Retrying...
2023-10-09T00:50:15.0399267Z A path returned 202. Retrying...
2023-10-09T00:50:15.0399497Z A path returned 202. Retrying...
2023-10-09T00:50:15.0399731Z A path returned 202. Retrying...
2023-10-09T00:50:15.0399959Z A path returned 202. Retrying...
2023-10-09T00:50:15.0400200Z A path returned 202. Retrying...
2023-10-09T00:50:15.0400433Z A path returned 202. Retrying...
2023-10-09T00:50:15.0400665Z A path returned 202. Retrying...
2023-10-09T00:50:15.0400901Z A path returned 202. Retrying...
2023-10-09T00:50:15.0401139Z A path returned 202. Retrying...
2023-10-09T00:50:15.0401375Z A path returned 202. Retrying...
2023-10-09T00:50:15.0401610Z A path returned 202. Retrying...
2023-10-09T00:50:15.0401836Z A path returned 202. Retrying...
2023-10-09T00:50:15.0402076Z A path returned 202. Retrying...
2023-10-09T00:50:15.0402310Z A path returned 202. Retrying...
2023-10-09T00:50:15.0402545Z A path returned 202. Retrying...
2023-10-09T00:50:15.0402781Z A path returned 202. Retrying...
2023-10-09T00:50:15.0403015Z A path returned 202. Retrying...
2023-10-09T00:50:15.0403250Z A path returned 202. Retrying...
2023-10-09T00:50:15.0403475Z A path returned 202. Retrying...
2023-10-09T00:50:15.0403708Z A path returned 202. Retrying...
2023-10-09T00:50:15.0403941Z A path returned 202. Retrying...
2023-10-09T00:50:15.0404282Z A path returned 202. Retrying...
2023-10-09T00:50:15.0404518Z A path returned 202. Retrying...
2023-10-09T00:50:15.0404752Z A path returned 202. Retrying...
2023-10-09T00:50:15.0404989Z A path returned 202. Retrying...
2023-10-09T00:50:15.0405223Z A path returned 202. Retrying...
2023-10-09T00:50:15.0405448Z A path returned 202. Retrying...
2023-10-09T00:50:15.0405686Z A path returned 202. Retrying...
2023-10-09T00:50:15.0405923Z A path returned 202. Retrying...
2023-10-09T00:50:15.0406157Z A path returned 202. Retrying...
2023-10-09T00:50:15.0406392Z A path returned 202. Retrying...
2023-10-09T00:50:15.0406627Z A path returned 202. Retrying...
2023-10-09T00:50:15.0406863Z A path returned 202. Retrying...
2023-10-09T00:50:15.0407096Z A path returned 202. Retrying...
2023-10-09T00:50:15.0407322Z A path returned 202. Retrying...
2023-10-09T00:50:15.0407558Z A path returned 202. Retrying...
2023-10-09T00:50:15.0407797Z A path returned 202. Retrying...
2023-10-09T00:50:15.0408036Z A path returned 202. Retrying...
2023-10-09T00:50:15.0408276Z A path returned 202. Retrying...
2023-10-09T00:50:15.0408509Z A path returned 202. Retrying...
2023-10-09T00:50:15.0408745Z A path returned 202. Retrying...
2023-10-09T00:50:15.0408970Z A path returned 202. Retrying...
2023-10-09T00:50:15.0409209Z A path returned 202. Retrying...
2023-10-09T00:50:15.0409442Z A path returned 202. Retrying...
2023-10-09T00:50:15.0409676Z A path returned 202. Retrying...
2023-10-09T00:50:15.0410001Z A path returned 202. Retrying...
2023-10-09T00:50:15.0410242Z A path returned 202. Retrying...
2023-10-09T00:50:15.0410476Z A path returned 202. Retrying...
2023-10-09T00:50:15.0410710Z A path returned 202. Retrying...
2023-10-09T00:50:15.0410933Z A path returned 202. Retrying...
2023-10-09T00:50:15.0411165Z A path returned 202. Retrying...
2023-10-09T00:50:15.0411409Z A path returned 202. Retrying...
2023-10-09T00:50:15.0411653Z A path returned 202. Retrying...
2023-10-09T00:50:15.0411895Z A path returned 202. Retrying...
2023-10-09T00:50:15.0412142Z A path returned 202. Retrying...
2023-10-09T00:50:15.0412383Z A path returned 202. Retrying...
2023-10-09T00:50:15.0412621Z A path returned 202. Retrying...
2023-10-09T00:50:15.0412854Z A path returned 202. Retrying...
2023-10-09T00:50:15.0413094Z A path returned 202. Retrying...
2023-10-09T00:50:15.0413337Z A path returned 202. Retrying...
2023-10-09T00:50:15.0413574Z A path returned 202. Retrying...
2023-10-09T00:50:15.0413812Z A path returned 202. Retrying...
2023-10-09T00:50:15.0414047Z A path returned 202. Retrying...
2023-10-09T00:50:15.0414280Z A path returned 202. Retrying...
2023-10-09T00:50:15.0414501Z A path returned 202. Retrying...
2023-10-09T00:50:15.0414735Z A path returned 202. Retrying...
2023-10-09T00:50:15.0414970Z A path returned 202. Retrying...
2023-10-09T00:50:15.0415207Z A path returned 202. Retrying...
2023-10-09T00:50:15.0415443Z A path returned 202. Retrying...
2023-10-09T00:50:15.0415676Z A path returned 202. Retrying...
2023-10-09T00:50:15.0415960Z A path returned 202. Retrying...
2023-10-09T00:50:15.0416201Z A path returned 202. Retrying...
2023-10-09T00:50:15.0416425Z A path returned 202. Retrying...
2023-10-09T00:50:15.0416664Z A path returned 202. Retrying...
2023-10-09T00:50:15.0416898Z A path returned 202. Retrying...
2023-10-09T00:50:15.0417134Z A path returned 202. Retrying...
2023-10-09T00:50:15.0417371Z A path returned 202. Retrying...
2023-10-09T00:50:15.0417607Z A path returned 202. Retrying...
2023-10-09T00:50:15.0417848Z A path returned 202. Retrying...
2023-10-09T00:50:15.0418084Z A path returned 202. Retrying...
2023-10-09T00:50:15.0418313Z A path returned 202. Retrying...
2023-10-09T00:59:00.7569213Z A path returned 202. Retrying...
2023-10-09T00:59:00.7569544Z A path returned 202. Retrying...
2023-10-09T00:59:00.7569805Z A path returned 202. Retrying...
2023-10-09T00:59:00.7570051Z A path returned 202. Retrying...
2023-10-09T00:59:00.7570296Z A path returned 202. Retrying...
2023-10-09T00:59:00.7570538Z A path returned 202. Retrying...
2023-10-09T00:59:00.7571163Z A path returned 202. Retrying...
2023-10-09T00:59:00.7571404Z A path returned 202. Retrying...
2023-10-09T00:59:00.7571641Z A path returned 202. Retrying...
2023-10-09T00:59:00.7571878Z A path returned 202. Retrying...
2023-10-09T00:59:00.7572118Z A path returned 202. Retrying...
2023-10-09T00:59:00.7572358Z A path returned 202. Retrying...
2023-10-09T00:59:00.7572595Z A path returned 202. Retrying...
2023-10-09T00:59:00.7572845Z A path returned 202. Retrying...
2023-10-09T00:59:00.7573086Z A path returned 202. Retrying...
2023-10-09T00:59:00.7573324Z A path returned 202. Retrying...
2023-10-09T00:59:00.7573551Z A path returned 202. Retrying...
2023-10-09T00:59:00.7573788Z A path returned 202. Retrying...
2023-10-09T00:59:00.7574030Z A path returned 202. Retrying...
2023-10-09T00:59:00.7574267Z A path returned 202. Retrying...
2023-10-09T00:59:00.7574502Z A path returned 202. Retrying...
2023-10-09T00:59:00.7574741Z A path returned 202. Retrying...
2023-10-09T00:59:00.7574982Z A path returned 202. Retrying...
2023-10-09T00:59:00.7575225Z A path returned 202. Retrying...
2023-10-09T00:59:00.7575455Z A path returned 202. Retrying...
2023-10-09T00:59:00.7575689Z A path returned 202. Retrying...
2023-10-09T00:59:00.7575925Z A path returned 202. Retrying...
2023-10-09T00:59:00.7576159Z A path returned 202. Retrying...
2023-10-09T00:59:00.7576399Z A path returned 202. Retrying...
2023-10-09T00:59:00.7576635Z A path returned 202. Retrying...
2023-10-09T00:59:00.7576993Z A path returned 202. Retrying...
2023-10-09T00:59:00.7577229Z A path returned 202. Retrying...
2023-10-09T00:59:00.7577555Z A path returned 202. Retrying...
2023-10-09T00:59:00.7577793Z A path returned 202. Retrying...
2023-10-09T00:59:00.7578031Z A path returned 202. Retrying...
2023-10-09T00:59:00.7578256Z A path returned 202. Retrying...
2023-10-09T00:59:00.7578498Z A path returned 202. Retrying...
2023-10-09T00:59:00.7578735Z A path returned 202. Retrying...
2023-10-09T00:59:00.7578974Z A path returned 202. Retrying...
2023-10-09T00:59:00.7579221Z A path returned 202. Retrying...
2023-10-09T00:59:00.7579464Z A path returned 202. Retrying...
2023-10-09T00:59:00.7579701Z A path returned 202. Retrying...
2023-10-09T00:59:00.7579936Z A path returned 202. Retrying...
2023-10-09T00:59:00.7580162Z A path returned 202. Retrying...
2023-10-09T00:59:00.7580396Z A path returned 202. Retrying...
2023-10-09T00:59:00.7580635Z A path returned 202. Retrying...
2023-10-09T00:59:00.7580878Z A path returned 202. Retrying...
2023-10-09T00:59:00.7581115Z A path returned 202. Retrying...
2023-10-09T00:59:00.7581346Z A path returned 202. Retrying...
2023-10-09T00:59:00.7581585Z A path returned 202. Retrying...
2023-10-09T00:59:00.7581820Z A path returned 202. Retrying...
2023-10-09T00:59:00.7582047Z A path returned 202. Retrying...
2023-10-09T00:59:00.7582280Z A path returned 202. Retrying...
2023-10-09T00:59:00.7582512Z A path returned 202. Retrying...
2023-10-09T00:59:00.7582748Z A path returned 202. Retrying...
2023-10-09T00:59:00.7582985Z A path returned 202. Retrying...
2023-10-09T00:59:00.7583224Z A path returned 202. Retrying...
2023-10-09T00:59:00.7583457Z A path returned 202. Retrying...
2023-10-09T00:59:00.7583681Z A path returned 202. Retrying...
2023-10-09T00:59:00.7583914Z A path returned 202. Retrying...
2023-10-09T00:59:00.7584146Z A path returned 202. Retrying...
2023-10-09T00:59:00.7584380Z A path returned 202. Retrying...
2023-10-09T00:59:00.7584612Z A path returned 202. Retrying...
2023-10-09T00:59:00.7584856Z A path returned 202. Retrying...
2023-10-09T00:59:00.7585091Z A path returned 202. Retrying...
2023-10-09T00:59:00.7585330Z A path returned 202. Retrying...
2023-10-09T00:59:00.7585563Z A path returned 202. Retrying...
2023-10-09T00:59:00.7585799Z A path returned 202. Retrying...
2023-10-09T00:59:00.7586034Z A path returned 202. Retrying...
2023-10-09T00:59:00.7586275Z A path returned 202. Retrying...
2023-10-09T00:59:00.7586497Z A path returned 202. Retrying...
2023-10-09T00:59:00.7586731Z A path returned 202. Retrying...
2023-10-09T00:59:00.7587061Z A path returned 202. Retrying...
2023-10-09T00:59:00.7587294Z A path returned 202. Retrying...
2023-10-09T00:59:00.7587527Z A path returned 202. Retrying...
2023-10-09T00:59:00.7587763Z A path returned 202. Retrying...
2023-10-09T00:59:00.7588000Z A path returned 202. Retrying...
2023-10-09T00:59:00.7588234Z A path returned 202. Retrying...
2023-10-09T00:59:00.7588465Z A path returned 202. Retrying...
2023-10-09T00:59:00.7588703Z A path returned 202. Retrying...
2023-10-09T00:59:00.7588937Z A path returned 202. Retrying...
2023-10-09T00:59:00.7589171Z A path returned 202. Retrying...
2023-10-09T00:59:00.7589406Z A path returned 202. Retrying...
2023-10-09T00:59:00.7589648Z A path returned 202. Retrying...
2023-10-09T00:59:00.7589885Z A path returned 202. Retrying...
2023-10-09T00:59:00.7590111Z A path returned 202. Retrying...
2023-10-09T00:59:00.7590346Z A path returned 202. Retrying...
2023-10-09T00:59:00.7590580Z A path returned 202. Retrying...
2023-10-09T00:59:00.7590814Z A path returned 202. Retrying...
2023-10-09T00:59:00.7591062Z A path returned 202. Retrying...
2023-10-09T00:59:00.7591301Z A path returned 202. Retrying...
2023-10-09T00:59:00.7591534Z A path returned 202. Retrying...
2023-10-09T00:59:00.7591989Z A path returned 202. Retrying...
2023-10-09T00:59:00.7592218Z A path returned 202. Retrying...
2023-10-09T00:59:00.7592462Z A path returned 202. Retrying...
2023-10-09T00:59:00.7592699Z A path returned 202. Retrying...
2023-10-09T00:59:00.7593044Z A path returned 202. Retrying...
2023-10-09T00:59:00.7593287Z A path returned 202. Retrying...
2023-10-09T00:59:00.7593525Z A path returned 202. Retrying...
2023-10-09T00:59:00.7593762Z A path returned 202. Retrying...
2023-10-09T00:59:00.7594001Z A path returned 202. Retrying...
2023-10-09T00:59:00.7594227Z A path returned 202. Retrying...
2023-10-09T00:59:00.7594459Z A path returned 202. Retrying...
2023-10-09T00:59:00.7594694Z A path returned 202. Retrying...
2023-10-09T00:59:00.7594932Z A path returned 202. Retrying...
2023-10-09T00:59:00.7595170Z A path returned 202. Retrying...
2023-10-09T00:59:00.7595401Z A path returned 202. Retrying...
2023-10-09T00:59:00.7595633Z A path returned 202. Retrying...
2023-10-09T00:59:00.7595859Z A path returned 202. Retrying...
2023-10-09T00:59:00.7596094Z A path returned 202. Retrying...
2023-10-09T00:59:00.7596328Z A path returned 202. Retrying...
2023-10-09T00:59:00.7596562Z A path returned 202. Retrying...
2023-10-09T00:59:00.7596800Z A path returned 202. Retrying...
2023-10-09T00:59:00.7597034Z A path returned 202. Retrying...
2023-10-09T00:59:00.7597269Z A path returned 202. Retrying...
2023-10-09T00:59:00.7597502Z A path returned 202. Retrying...
2023-10-09T00:59:00.7597728Z A path returned 202. Retrying...
2023-10-09T00:59:00.7597960Z A path returned 202. Retrying...
2023-10-09T00:59:00.7598196Z A path returned 202. Retrying...
2023-10-09T00:59:00.7598430Z A path returned 202. Retrying...
2023-10-09T00:59:00.7598664Z A path returned 202. Retrying...
2023-10-09T00:59:00.7598898Z A path returned 202. Retrying...
2023-10-09T00:59:00.7599142Z A path returned 202. Retrying...
2023-10-09T00:59:00.7599374Z A path returned 202. Retrying...
2023-10-09T00:59:00.7599599Z A path returned 202. Retrying...
2023-10-09T00:59:00.7599832Z A path returned 202. Retrying...
2023-10-09T00:59:00.7600068Z A path returned 202. Retrying...
2023-10-09T00:59:00.7600304Z A path returned 202. Retrying...
2023-10-09T00:59:00.7600539Z A path returned 202. Retrying...
2023-10-09T00:59:00.7600821Z A path returned 202. Retrying...
2023-10-09T00:59:00.7601055Z A path returned 202. Retrying...
2023-10-09T00:59:00.7601280Z A path returned 202. Retrying...
2023-10-09T00:59:00.7601520Z A path returned 202. Retrying...
2023-10-09T00:59:00.7601757Z A path returned 202. Retrying...
2023-10-09T00:59:00.7601995Z A path returned 202. Retrying...
2023-10-09T00:59:00.7602228Z A path returned 202. Retrying...
2023-10-09T00:59:00.7602465Z A path returned 202. Retrying...
2023-10-09T00:59:00.7602701Z A path returned 202. Retrying...
2023-10-09T00:59:00.7603036Z A path returned 202. Retrying...
2023-10-09T00:59:00.7603265Z A path returned 202. Retrying...
2023-10-09T00:59:00.7603498Z A path returned 202. Retrying...
2023-10-09T00:59:00.7603729Z A path returned 202. Retrying...
2023-10-09T00:59:00.7603964Z A path returned 202. Retrying...
2023-10-09T00:59:00.7604202Z A path returned 202. Retrying...
2023-10-09T00:59:00.7604434Z A path returned 202. Retrying...
2023-10-09T00:59:00.7604670Z A path returned 202. Retrying...
2023-10-09T00:59:00.7604903Z A path returned 202. Retrying...
2023-10-09T00:59:00.7605131Z A path returned 202. Retrying...
2023-10-09T00:59:00.7605363Z A path returned 202. Retrying...
2023-10-09T00:59:00.7605597Z A path returned 202. Retrying...
2023-10-09T00:59:00.7605831Z A path returned 202. Retrying...
2023-10-09T00:59:00.7606070Z A path returned 202. Retrying...
2023-10-09T00:59:00.7606303Z A path returned 202. Retrying...
2023-10-09T00:59:00.7606538Z A path returned 202. Retrying...
2023-10-09T00:59:00.7606764Z A path returned 202. Retrying...
2023-10-09T00:59:00.7607004Z A path returned 202. Retrying...
2023-10-09T00:59:00.7607236Z A path returned 202. Retrying...
2023-10-09T00:59:00.7607469Z A path returned 202. Retrying...
2023-10-09T00:59:00.7607702Z A path returned 202. Retrying...
2023-10-09T00:59:00.7607936Z A path returned 202. Retrying...
2023-10-09T00:59:00.7608171Z A path returned 202. Retrying...
2023-10-09T00:59:00.7608404Z A path returned 202. Retrying...
2023-10-09T00:59:00.7608717Z A path returned 202. Retrying...
2023-10-09T00:59:00.7608957Z A path returned 202. Retrying...
2023-10-09T00:59:00.7609192Z A path returned 202. Retrying...
2023-10-09T00:59:00.7609428Z A path returned 202. Retrying...
2023-10-09T00:59:00.7609660Z A path returned 202. Retrying...
2023-10-09T00:59:00.7609893Z A path returned 202. Retrying...
2023-10-09T00:59:00.7610127Z A path returned 202. Retrying...
2023-10-09T00:59:00.7610359Z A path returned 202. Retrying...
2023-10-09T00:59:00.7610582Z A path returned 202. Retrying...
2023-10-09T00:59:00.7610823Z A path returned 202. Retrying...
2023-10-09T00:59:00.7611057Z A path returned 202. Retrying...
2023-10-09T00:59:00.7611289Z A path returned 202. Retrying...
2023-10-09T00:59:00.7611521Z A path returned 202. Retrying...
2023-10-09T00:59:00.7611753Z A path returned 202. Retrying...
2023-10-09T00:59:00.7611988Z A path returned 202. Retrying...
2023-10-09T00:59:00.7612216Z A path returned 202. Retrying...
2023-10-09T00:59:00.7612453Z A path returned 202. Retrying...
2023-10-09T00:59:00.7612685Z A path returned 202. Retrying...
2023-10-09T00:59:00.7612917Z A path returned 202. Retrying...
2023-10-09T00:59:00.7613150Z A path returned 202. Retrying...
2023-10-09T00:59:00.7613384Z A path returned 202. Retrying...
2023-10-09T00:59:00.7613615Z A path returned 202. Retrying...
2023-10-09T00:59:00.7613845Z A path returned 202. Retrying...
2023-10-09T00:59:00.7614070Z A path returned 202. Retrying...
2023-10-09T00:59:00.7614302Z A path returned 202. Retrying...
2023-10-09T00:59:00.7614539Z A path returned 202. Retrying...
2023-10-09T00:59:00.7614776Z A path returned 202. Retrying...
2023-10-09T00:59:00.7615008Z A path returned 202. Retrying...
2023-10-09T00:59:00.7615242Z A path returned 202. Retrying...
2023-10-09T00:59:00.7615474Z A path returned 202. Retrying...
2023-10-09T00:59:00.7615708Z A path returned 202. Retrying...
2023-10-09T00:59:00.7615933Z A path returned 202. Retrying...
2023-10-09T00:59:00.7616169Z A path returned 202. Retrying...
2023-10-09T00:59:00.7616409Z A path returned 202. Retrying...
2023-10-09T00:59:00.7616648Z A path returned 202. Retrying...
2023-10-09T00:59:00.7616883Z A path returned 202. Retrying...
2023-10-09T00:59:00.7617116Z A path returned 202. Retrying...
2023-10-09T00:59:00.7617353Z A path returned 202. Retrying...
2023-10-09T00:59:00.7617579Z A path returned 202. Retrying...
2023-10-09T00:59:00.7617811Z A path returned 202. Retrying...
2023-10-09T00:59:00.7618042Z A path returned 202. Retrying...
2023-10-09T00:59:00.7618280Z A path returned 202. Retrying...
2023-10-09T00:59:00.7618776Z A path returned 202. Retrying...
2023-10-09T00:59:00.7619012Z A path returned 202. Retrying...
2023-10-09T00:59:00.7619244Z A path returned 202. Retrying...
2023-10-09T00:59:00.7619476Z A path returned 202. Retrying...
2023-10-09T00:59:00.7619700Z A path returned 202. Retrying...
2023-10-09T00:59:00.7619937Z A path returned 202. Retrying...
2023-10-09T00:59:00.7620173Z A path returned 202. Retrying...
2023-10-09T00:59:00.7620410Z A path returned 202. Retrying...
2023-10-09T00:59:00.7620643Z A path returned 202. Retrying...
2023-10-09T00:59:00.7620878Z A path returned 202. Retrying...
2023-10-09T00:59:00.7621112Z A path returned 202. Retrying...
2023-10-09T00:59:00.7621348Z A path returned 202. Retrying...
2023-10-09T00:59:00.7621572Z A path returned 202. Retrying...
2023-10-09T00:59:00.7621804Z A path returned 202. Retrying...
2023-10-09T00:59:00.7622044Z A path returned 202. Retrying...
2023-10-09T00:59:00.7622282Z A path returned 202. Retrying...
2023-10-09T00:59:00.7622516Z A path returned 202. Retrying...
2023-10-09T00:59:00.7622753Z A path returned 202. Retrying...
2023-10-09T00:59:00.7622990Z A path returned 202. Retrying...
2023-10-09T00:59:00.7623215Z A path returned 202. Retrying...
2023-10-09T00:59:00.7623448Z A path returned 202. Retrying...
2023-10-09T00:59:00.7623686Z A path returned 202. Retrying...
2023-10-09T00:59:00.7623924Z A path returned 202. Retrying...
2023-10-09T00:59:00.7624158Z A path returned 202. Retrying...
2023-10-09T00:59:00.7624500Z A path returned 202. Retrying...
2023-10-09T00:59:00.7624742Z A path returned 202. Retrying...
2023-10-09T00:59:00.7624981Z A path returned 202. Retrying...
2023-10-09T00:59:00.7625205Z A path returned 202. Retrying...
2023-10-09T00:59:00.7625438Z A path returned 202. Retrying...
2023-10-09T00:59:00.7625673Z A path returned 202. Retrying...
2023-10-09T00:59:00.7625910Z A path returned 202. Retrying...
2023-10-09T00:59:00.7626142Z A path returned 202. Retrying...
2023-10-09T00:59:00.7626378Z A path returned 202. Retrying...
2023-10-09T00:59:00.7626624Z A path returned 202. Retrying...
2023-10-09T00:59:00.7626858Z A path returned 202. Retrying...
2023-10-09T00:59:00.7627083Z A path returned 202. Retrying...
2023-10-09T00:59:00.7627315Z A path returned 202. Retrying...
2023-10-09T00:59:00.7627556Z A path returned 202. Retrying...
2023-10-09T00:59:00.7627791Z A path returned 202. Retrying...
2023-10-09T00:59:00.7628026Z A path returned 202. Retrying...
2023-10-09T00:59:00.7628262Z A path returned 202. Retrying...
2023-10-09T00:59:00.7628498Z A path returned 202. Retrying...
2023-10-09T00:59:00.7628732Z A path returned 202. Retrying...
2023-10-09T00:59:00.7628960Z A path returned 202. Retrying...
2023-10-09T01:07:50.4879150Z A path returned 202. Retrying...
2023-10-09T01:07:50.4879473Z A path returned 202. Retrying...
2023-10-09T01:07:50.4879734Z A path returned 202. Retrying...
2023-10-09T01:07:50.4879983Z A path returned 202. Retrying...
2023-10-09T01:07:50.4880224Z A path returned 202. Retrying...
2023-10-09T01:07:50.4880472Z A path returned 202. Retrying...
2023-10-09T01:07:50.4880748Z A path returned 202. Retrying...
2023-10-09T01:07:50.4880991Z A path returned 202. Retrying...
2023-10-09T01:07:50.4881232Z A path returned 202. Retrying...
2023-10-09T01:07:50.4881467Z A path returned 202. Retrying...
2023-10-09T01:07:50.4881701Z A path returned 202. Retrying...
2023-10-09T01:07:50.4881943Z A path returned 202. Retrying...
2023-10-09T01:07:50.4882179Z A path returned 202. Retrying...
2023-10-09T01:07:50.4882425Z A path returned 202. Retrying...
2023-10-09T01:07:50.4882659Z A path returned 202. Retrying...
2023-10-09T01:07:50.4882894Z A path returned 202. Retrying...
2023-10-09T01:07:50.4883203Z A path returned 202. Retrying...
2023-10-09T01:07:50.4883444Z A path returned 202. Retrying...
2023-10-09T01:07:50.4883680Z A path returned 202. Retrying...
2023-10-09T01:07:50.4883917Z A path returned 202. Retrying...
2023-10-09T01:07:50.4884152Z A path returned 202. Retrying...
2023-10-09T01:07:50.4884378Z A path returned 202. Retrying...
2023-10-09T01:07:50.4884999Z A path returned 202. Retrying...
2023-10-09T01:07:50.4885236Z A path returned 202. Retrying...
2023-10-09T01:07:50.4885476Z A path returned 202. Retrying...
2023-10-09T01:07:50.4885712Z A path returned 202. Retrying...
2023-10-09T01:07:50.4885948Z A path returned 202. Retrying...
2023-10-09T01:07:50.4886185Z A path returned 202. Retrying...
2023-10-09T01:07:50.4886417Z A path returned 202. Retrying...
2023-10-09T01:07:50.4886655Z A path returned 202. Retrying...
2023-10-09T01:07:50.4886901Z A path returned 202. Retrying...
2023-10-09T01:07:50.4887138Z A path returned 202. Retrying...
2023-10-09T01:07:50.4887374Z A path returned 202. Retrying...
2023-10-09T01:07:50.4887611Z A path returned 202. Retrying...
2023-10-09T01:07:50.4887851Z A path returned 202. Retrying...
2023-10-09T01:07:50.4888085Z A path returned 202. Retrying...
2023-10-09T01:07:50.4888310Z A path returned 202. Retrying...
2023-10-09T01:07:50.4888544Z A path returned 202. Retrying...
2023-10-09T01:07:50.4888782Z A path returned 202. Retrying...
2023-10-09T01:07:50.4889023Z A path returned 202. Retrying...
2023-10-09T01:07:50.4889258Z A path returned 202. Retrying...
2023-10-09T01:07:50.4889495Z A path returned 202. Retrying...
2023-10-09T01:07:50.4889731Z A path returned 202. Retrying...
2023-10-09T01:07:50.4889965Z A path returned 202. Retrying...
2023-10-09T01:07:50.4890190Z A path returned 202. Retrying...
2023-10-09T01:07:50.4890423Z A path returned 202. Retrying...
2023-10-09T01:07:50.4890800Z A path returned 202. Retrying...
2023-10-09T01:07:50.4891041Z A path returned 202. Retrying...
2023-10-09T01:07:50.4891274Z A path returned 202. Retrying...
2023-10-09T01:07:50.4891548Z A path returned 202. Retrying...
2023-10-09T01:07:50.4891792Z A path returned 202. Retrying...
2023-10-09T01:07:50.4892019Z A path returned 202. Retrying...
2023-10-09T01:07:50.4892255Z A path returned 202. Retrying...
2023-10-09T01:07:50.4892492Z A path returned 202. Retrying...
2023-10-09T01:07:50.4892723Z A path returned 202. Retrying...
2023-10-09T01:07:50.4892961Z A path returned 202. Retrying...
2023-10-09T01:07:50.4893198Z A path returned 202. Retrying...
2023-10-09T01:07:50.4893437Z A path returned 202. Retrying...
2023-10-09T01:07:50.4893669Z A path returned 202. Retrying...
2023-10-09T01:07:50.4893894Z A path returned 202. Retrying...
2023-10-09T01:07:50.4894127Z A path returned 202. Retrying...
2023-10-09T01:07:50.4894363Z A path returned 202. Retrying...
2023-10-09T01:07:50.4894598Z A path returned 202. Retrying...
2023-10-09T01:07:50.4894838Z A path returned 202. Retrying...
2023-10-09T01:07:50.4895074Z A path returned 202. Retrying...
2023-10-09T01:07:50.4895308Z A path returned 202. Retrying...
2023-10-09T01:07:50.4895542Z A path returned 202. Retrying...
2023-10-09T01:07:50.4895769Z A path returned 202. Retrying...
2023-10-09T01:07:50.4896000Z A path returned 202. Retrying...
2023-10-09T01:07:50.4896233Z A path returned 202. Retrying...
2023-10-09T01:07:50.4896468Z A path returned 202. Retrying...
2023-10-09T01:07:50.4896701Z A path returned 202. Retrying...
2023-10-09T01:07:50.4896940Z A path returned 202. Retrying...
2023-10-09T01:07:50.4897174Z A path returned 202. Retrying...
2023-10-09T01:07:50.4897403Z A path returned 202. Retrying...
2023-10-09T01:07:50.4897638Z A path returned 202. Retrying...
2023-10-09T01:07:50.4897871Z A path returned 202. Retrying...
2023-10-09T01:07:50.4898105Z A path returned 202. Retrying...
2023-10-09T01:07:50.4898342Z A path returned 202. Retrying...
2023-10-09T01:07:50.4898581Z A path returned 202. Retrying...
2023-10-09T01:07:50.4898812Z A path returned 202. Retrying...
2023-10-09T01:07:50.4899042Z A path returned 202. Retrying...
2023-10-09T01:07:50.4899271Z A path returned 202. Retrying...
2023-10-09T01:07:50.4899504Z A path returned 202. Retrying...
2023-10-09T01:07:50.4899734Z A path returned 202. Retrying...
2023-10-09T01:07:50.4899967Z A path returned 202. Retrying...
2023-10-09T01:07:50.4900200Z A path returned 202. Retrying...
2023-10-09T01:07:50.4900433Z A path returned 202. Retrying...
2023-10-09T01:07:50.4900771Z A path returned 202. Retrying...
2023-10-09T01:07:50.4901004Z A path returned 202. Retrying...
2023-10-09T01:07:50.4901227Z A path returned 202. Retrying...
2023-10-09T01:07:50.4901459Z A path returned 202. Retrying...
2023-10-09T01:07:50.4901691Z A path returned 202. Retrying...
2023-10-09T01:07:50.4901923Z A path returned 202. Retrying...
2023-10-09T01:07:50.4902157Z A path returned 202. Retrying...
2023-10-09T01:07:50.4902393Z A path returned 202. Retrying...
2023-10-09T01:07:50.4902632Z A path returned 202. Retrying...
2023-10-09T01:07:50.4902865Z A path returned 202. Retrying...
2023-10-09T01:07:50.4903091Z A path returned 202. Retrying...
2023-10-09T01:07:50.4903326Z A path returned 202. Retrying...
2023-10-09T01:07:50.4903561Z A path returned 202. Retrying...
2023-10-09T01:07:50.4903797Z A path returned 202. Retrying...
2023-10-09T01:07:50.4904044Z A path returned 202. Retrying...
2023-10-09T01:07:50.4904280Z A path returned 202. Retrying...
2023-10-09T01:07:50.4904513Z A path returned 202. Retrying...
2023-10-09T01:07:50.4904745Z A path returned 202. Retrying...
2023-10-09T01:07:50.4904982Z A path returned 202. Retrying...
2023-10-09T01:07:50.4905216Z A path returned 202. Retrying...
2023-10-09T01:07:50.4905447Z A path returned 202. Retrying...
2023-10-09T01:07:50.4905679Z A path returned 202. Retrying...
2023-10-09T01:07:50.4905914Z A path returned 202. Retrying...
2023-10-09T01:07:50.4906148Z A path returned 202. Retrying...
2023-10-09T01:07:50.4906474Z A path returned 202. Retrying...
2023-10-09T01:07:50.4906700Z A path returned 202. Retrying...
2023-10-09T01:07:50.4906936Z A path returned 202. Retrying...
2023-10-09T01:07:50.4907168Z A path returned 202. Retrying...
2023-10-09T01:07:50.4907405Z A path returned 202. Retrying...
2023-10-09T01:07:50.4907639Z A path returned 202. Retrying...
2023-10-09T01:07:50.4907872Z A path returned 202. Retrying...
2023-10-09T01:07:50.4908104Z A path returned 202. Retrying...
2023-10-09T01:07:50.4908341Z A path returned 202. Retrying...
2023-10-09T01:07:50.4908570Z A path returned 202. Retrying...
2023-10-09T01:07:50.4908807Z A path returned 202. Retrying...
2023-10-09T01:07:50.4909040Z A path returned 202. Retrying...
2023-10-09T01:07:50.4909275Z A path returned 202. Retrying...
2023-10-09T01:07:50.4909511Z A path returned 202. Retrying...
2023-10-09T01:07:50.4909747Z A path returned 202. Retrying...
2023-10-09T01:07:50.4909983Z A path returned 202. Retrying...
2023-10-09T01:07:50.4910208Z A path returned 202. Retrying...
2023-10-09T01:07:50.4910446Z A path returned 202. Retrying...
2023-10-09T01:07:50.4910678Z A path returned 202. Retrying...
2023-10-09T01:07:50.4910914Z A path returned 202. Retrying...
2023-10-09T01:07:50.4911146Z A path returned 202. Retrying...
2023-10-09T01:07:50.4911383Z A path returned 202. Retrying...
2023-10-09T01:07:50.4911871Z A path returned 202. Retrying...
2023-10-09T01:07:50.4912111Z A path returned 202. Retrying...
2023-10-09T01:07:50.4912338Z A path returned 202. Retrying...
2023-10-09T01:07:50.4912572Z A path returned 202. Retrying...
2023-10-09T01:07:50.4912817Z A path returned 202. Retrying...
2023-10-09T01:07:50.4913052Z A path returned 202. Retrying...
2023-10-09T01:07:50.4913288Z A path returned 202. Retrying...
2023-10-09T01:07:50.4913521Z A path returned 202. Retrying...
2023-10-09T01:07:50.4913759Z A path returned 202. Retrying...
2023-10-09T01:07:50.4913994Z A path returned 202. Retrying...
2023-10-09T01:07:50.4914221Z A path returned 202. Retrying...
2023-10-09T01:07:50.4914462Z A path returned 202. Retrying...
2023-10-09T01:07:50.4914698Z A path returned 202. Retrying...
2023-10-09T01:07:50.4914934Z A path returned 202. Retrying...
2023-10-09T01:07:50.4915167Z A path returned 202. Retrying...
2023-10-09T01:07:50.4915402Z A path returned 202. Retrying...
2023-10-09T01:07:50.4915637Z A path returned 202. Retrying...
2023-10-09T01:07:50.4915861Z A path returned 202. Retrying...
2023-10-09T01:07:50.4916096Z A path returned 202. Retrying...
2023-10-09T01:07:50.4916328Z A path returned 202. Retrying...
2023-10-09T01:07:50.4916681Z A path returned 202. Retrying...
2023-10-09T01:07:50.4916918Z A path returned 202. Retrying...
2023-10-09T01:07:50.4917152Z A path returned 202. Retrying...
2023-10-09T01:07:50.4917389Z A path returned 202. Retrying...
2023-10-09T01:07:50.4917624Z A path returned 202. Retrying...
2023-10-09T01:07:50.4917849Z A path returned 202. Retrying...
2023-10-09T01:07:50.4918088Z A path returned 202. Retrying...
2023-10-09T01:07:50.4918324Z A path returned 202. Retrying...
2023-10-09T01:07:50.4918566Z A path returned 202. Retrying...
2023-10-09T01:07:50.4918801Z A path returned 202. Retrying...
2023-10-09T01:07:50.4919036Z A path returned 202. Retrying...
2023-10-09T01:07:50.4919271Z A path returned 202. Retrying...
2023-10-09T01:07:50.4919507Z A path returned 202. Retrying...
2023-10-09T01:07:50.4919734Z A path returned 202. Retrying...
2023-10-09T01:07:50.4919967Z A path returned 202. Retrying...
2023-10-09T01:07:50.4920207Z A path returned 202. Retrying...
2023-10-09T01:07:50.4920439Z A path returned 202. Retrying...
2023-10-09T01:07:50.4920677Z A path returned 202. Retrying...
2023-10-09T01:07:50.4920914Z A path returned 202. Retrying...
2023-10-09T01:07:50.4921147Z A path returned 202. Retrying...
2023-10-09T01:07:50.4921370Z A path returned 202. Retrying...
2023-10-09T01:07:50.4921605Z A path returned 202. Retrying...
2023-10-09T01:07:50.4921836Z A path returned 202. Retrying...
2023-10-09T01:07:50.4922070Z A path returned 202. Retrying...
2023-10-09T01:07:50.4922398Z A path returned 202. Retrying...
2023-10-09T01:07:50.4922632Z A path returned 202. Retrying...
2023-10-09T01:07:50.4922863Z A path returned 202. Retrying...
2023-10-09T01:07:50.4923096Z A path returned 202. Retrying...
2023-10-09T01:07:50.4923320Z A path returned 202. Retrying...
2023-10-09T01:07:50.4923554Z A path returned 202. Retrying...
2023-10-09T01:07:50.4923787Z A path returned 202. Retrying...
2023-10-09T01:07:50.4924022Z A path returned 202. Retrying...
2023-10-09T01:07:50.4924255Z A path returned 202. Retrying...
2023-10-09T01:07:50.4924492Z A path returned 202. Retrying...
2023-10-09T01:07:50.4924725Z A path returned 202. Retrying...
2023-10-09T01:07:50.4924960Z A path returned 202. Retrying...
2023-10-09T01:07:50.4925186Z A path returned 202. Retrying...
2023-10-09T01:07:50.4925416Z A path returned 202. Retrying...
2023-10-09T01:07:50.4925647Z A path returned 202. Retrying...
2023-10-09T01:07:50.4925883Z A path returned 202. Retrying...
2023-10-09T01:07:50.4926119Z A path returned 202. Retrying...
2023-10-09T01:07:50.4926359Z A path returned 202. Retrying...
2023-10-09T01:07:50.4926591Z A path returned 202. Retrying...
2023-10-09T01:07:50.4926815Z A path returned 202. Retrying...
2023-10-09T01:07:50.4927052Z A path returned 202. Retrying...
2023-10-09T01:07:50.4927284Z A path returned 202. Retrying...
2023-10-09T01:07:50.4927517Z A path returned 202. Retrying...
2023-10-09T01:07:50.4927751Z A path returned 202. Retrying...
2023-10-09T01:07:50.4927987Z A path returned 202. Retrying...
2023-10-09T01:07:50.4928222Z A path returned 202. Retrying...
2023-10-09T01:07:50.4928459Z A path returned 202. Retrying...
2023-10-09T01:07:50.4928686Z A path returned 202. Retrying...
2023-10-09T01:07:50.4928923Z A path returned 202. Retrying...
2023-10-09T01:07:50.4929158Z A path returned 202. Retrying...
2023-10-09T01:07:50.4929391Z A path returned 202. Retrying...
2023-10-09T01:07:50.4929623Z A path returned 202. Retrying...
2023-10-09T01:07:50.4929857Z A path returned 202. Retrying...
2023-10-09T01:07:50.4930093Z A path returned 202. Retrying...
2023-10-09T01:07:50.4930330Z A path returned 202. Retrying...
2023-10-09T01:07:50.4930554Z A path returned 202. Retrying...
2023-10-09T01:07:50.4930788Z A path returned 202. Retrying...
2023-10-09T01:07:50.4931024Z A path returned 202. Retrying...
2023-10-09T01:07:50.4931263Z A path returned 202. Retrying...
2023-10-09T01:07:50.4931497Z A path returned 202. Retrying...
2023-10-09T01:07:50.4931730Z A path returned 202. Retrying...
2023-10-09T01:07:50.4931968Z A path returned 202. Retrying...
2023-10-09T01:07:50.4932194Z A path returned 202. Retrying...
2023-10-09T01:07:50.4932513Z A path returned 202. Retrying...
2023-10-09T01:07:50.4932748Z A path returned 202. Retrying...
2023-10-09T01:07:50.4932987Z A path returned 202. Retrying...
2023-10-09T01:07:50.4933219Z A path returned 202. Retrying...
2023-10-09T01:07:50.4933454Z A path returned 202. Retrying...
2023-10-09T01:07:50.4933688Z A path returned 202. Retrying...
2023-10-09T01:07:50.4933923Z A path returned 202. Retrying...
2023-10-09T01:07:50.4934160Z A path returned 202. Retrying...
2023-10-09T01:07:50.4934392Z A path returned 202. Retrying...
2023-10-09T01:07:50.4934628Z A path returned 202. Retrying...
2023-10-09T01:07:50.4934860Z A path returned 202. Retrying...
2023-10-09T01:07:50.4935095Z A path returned 202. Retrying...
2023-10-09T01:07:50.4935329Z A path returned 202. Retrying...
2023-10-09T01:07:50.4935562Z A path returned 202. Retrying...
2023-10-09T01:07:50.4935795Z A path returned 202. Retrying...
2023-10-09T01:07:50.4936020Z A path returned 202. Retrying...
2023-10-09T01:07:50.4936256Z A path returned 202. Retrying...
2023-10-09T01:07:50.4936493Z A path returned 202. Retrying...
2023-10-09T01:07:50.4936730Z A path returned 202. Retrying...
2023-10-09T01:07:50.4936964Z A path returned 202. Retrying...
2023-10-09T01:07:50.4937194Z A path returned 202. Retrying...
2023-10-09T01:07:50.4937429Z A path returned 202. Retrying...
2023-10-09T01:07:50.4937655Z A path returned 202. Retrying...
2023-10-09T01:07:50.4937999Z A path returned 202. Retrying...
2023-10-09T01:07:50.4938235Z A path returned 202. Retrying...
2023-10-09T01:07:50.4938471Z A path returned 202. Retrying...
2023-10-09T01:07:50.4938703Z A path returned 202. Retrying...
2023-10-09T01:16:38.0727003Z A path returned 202. Retrying...
2023-10-09T01:16:38.0727446Z A path returned 202. Retrying...
2023-10-09T01:16:38.0727729Z A path returned 202. Retrying...
2023-10-09T01:16:38.0728043Z A path returned 202. Retrying...
2023-10-09T01:16:38.0728313Z A path returned 202. Retrying...
2023-10-09T01:16:38.0728566Z A path returned 202. Retrying...
2023-10-09T01:16:38.0728892Z A path returned 202. Retrying...
2023-10-09T01:16:38.0729132Z A path returned 202. Retrying...
2023-10-09T01:16:38.0729442Z A path returned 202. Retrying...
2023-10-09T01:16:38.0729694Z A path returned 202. Retrying...
2023-10-09T01:16:38.0730005Z A path returned 202. Retrying...
2023-10-09T01:16:38.0730261Z A path returned 202. Retrying...
2023-10-09T01:16:38.0730575Z A path returned 202. Retrying...
2023-10-09T01:16:38.0730844Z A path returned 202. Retrying...
2023-10-09T01:16:38.0731155Z A path returned 202. Retrying...
2023-10-09T01:16:38.0731411Z A path returned 202. Retrying...
2023-10-09T01:16:38.0731711Z A path returned 202. Retrying...
2023-10-09T01:16:38.0731955Z A path returned 202. Retrying...
2023-10-09T01:16:38.0732263Z A path returned 202. Retrying...
2023-10-09T01:16:38.0732523Z A path returned 202. Retrying...
2023-10-09T01:16:38.0732763Z A path returned 202. Retrying...
2023-10-09T01:16:38.0733067Z A path returned 202. Retrying...
2023-10-09T01:16:38.0733327Z A path returned 202. Retrying...
2023-10-09T01:16:38.0733631Z A path returned 202. Retrying...
2023-10-09T01:16:38.0733887Z A path returned 202. Retrying...
2023-10-09T01:16:38.0734137Z A path returned 202. Retrying...
2023-10-09T01:16:38.0734441Z A path returned 202. Retrying...
2023-10-09T01:16:38.0734685Z A path returned 202. Retrying...
2023-10-09T01:16:38.0734923Z A path returned 202. Retrying...
2023-10-09T01:16:38.0735233Z A path returned 202. Retrying...
2023-10-09T01:16:38.0735488Z A path returned 202. Retrying...
2023-10-09T01:16:38.0735729Z A path returned 202. Retrying...
2023-10-09T01:16:38.0736033Z A path returned 202. Retrying...
2023-10-09T01:16:38.0736286Z A path returned 202. Retrying...
2023-10-09T01:16:38.0736524Z A path returned 202. Retrying...
2023-10-09T01:16:38.0736826Z A path returned 202. Retrying...
2023-10-09T01:16:38.0737076Z A path returned 202. Retrying...
2023-10-09T01:16:38.0737471Z A path returned 202. Retrying...
2023-10-09T01:16:38.0737721Z A path returned 202. Retrying...
2023-10-09T01:16:38.0738374Z A path returned 202. Retrying...
2023-10-09T01:16:38.0738618Z A path returned 202. Retrying...
2023-10-09T01:16:38.0738934Z A path returned 202. Retrying...
2023-10-09T01:16:38.0739255Z A path returned 202. Retrying...
2023-10-09T01:16:38.0739569Z A path returned 202. Retrying...
2023-10-09T01:16:38.0739827Z A path returned 202. Retrying...
2023-10-09T01:16:38.0740134Z A path returned 202. Retrying...
2023-10-09T01:16:38.0740378Z A path returned 202. Retrying...
2023-10-09T01:16:38.0740682Z A path returned 202. Retrying...
2023-10-09T01:16:38.0740929Z A path returned 202. Retrying...
2023-10-09T01:16:38.0741171Z A path returned 202. Retrying...
2023-10-09T01:16:38.0741475Z A path returned 202. Retrying...
2023-10-09T01:16:38.0741729Z A path returned 202. Retrying...
2023-10-09T01:16:38.0742032Z A path returned 202. Retrying...
2023-10-09T01:16:38.0742368Z A path returned 202. Retrying...
2023-10-09T01:16:38.0742677Z A path returned 202. Retrying...
2023-10-09T01:16:38.0742965Z A path returned 202. Retrying...
2023-10-09T01:16:38.0743267Z A path returned 202. Retrying...
2023-10-09T01:16:38.0743525Z A path returned 202. Retrying...
2023-10-09T01:16:38.0743825Z A path returned 202. Retrying...
2023-10-09T01:16:38.0744073Z A path returned 202. Retrying...
2023-10-09T01:16:38.0744311Z A path returned 202. Retrying...
2023-10-09T01:16:38.0744612Z A path returned 202. Retrying...
2023-10-09T01:16:38.0745023Z A path returned 202. Retrying...
2023-10-09T01:16:38.0745335Z A path returned 202. Retrying...
2023-10-09T01:16:38.0745593Z A path returned 202. Retrying...
2023-10-09T01:16:38.0745834Z A path returned 202. Retrying...
2023-10-09T01:16:38.0746135Z A path returned 202. Retrying...
2023-10-09T01:16:38.0746461Z A path returned 202. Retrying...
2023-10-09T01:16:38.0746763Z A path returned 202. Retrying...
2023-10-09T01:16:38.0747007Z A path returned 202. Retrying...
2023-10-09T01:16:38.0747250Z A path returned 202. Retrying...
2023-10-09T01:16:38.0747559Z A path returned 202. Retrying...
2023-10-09T01:16:38.0747885Z A path returned 202. Retrying...
2023-10-09T01:16:38.0748187Z A path returned 202. Retrying...
2023-10-09T01:16:38.0748440Z A path returned 202. Retrying...
2023-10-09T01:16:38.0748747Z A path returned 202. Retrying...
2023-10-09T01:16:38.0749001Z A path returned 202. Retrying...
2023-10-09T01:16:38.0749241Z A path returned 202. Retrying...
2023-10-09T01:16:38.0749550Z A path returned 202. Retrying...
2023-10-09T01:16:38.0749798Z A path returned 202. Retrying...
2023-10-09T01:16:38.0750042Z A path returned 202. Retrying...
2023-10-09T01:16:38.0750347Z A path returned 202. Retrying...
2023-10-09T01:16:38.0750605Z A path returned 202. Retrying...
2023-10-09T01:16:38.0750910Z A path returned 202. Retrying...
2023-10-09T01:16:38.0751171Z A path returned 202. Retrying...
2023-10-09T01:16:38.0751410Z A path returned 202. Retrying...
2023-10-09T01:16:38.0751933Z A path returned 202. Retrying...
2023-10-09T01:16:38.0752217Z A path returned 202. Retrying...
2023-10-09T01:16:38.0752527Z A path returned 202. Retrying...
2023-10-09T01:16:38.0752784Z A path returned 202. Retrying...
2023-10-09T01:16:38.0753081Z A path returned 202. Retrying...
2023-10-09T01:16:38.0753342Z A path returned 202. Retrying...
2023-10-09T01:16:38.0753582Z A path returned 202. Retrying...
2023-10-09T01:16:38.0753890Z A path returned 202. Retrying...
2023-10-09T01:16:38.0754173Z A path returned 202. Retrying...
2023-10-09T01:16:38.0754416Z A path returned 202. Retrying...
2023-10-09T01:16:38.0754655Z A path returned 202. Retrying...
2023-10-09T01:16:38.0754896Z A path returned 202. Retrying...
2023-10-09T01:16:38.0755136Z A path returned 202. Retrying...
2023-10-09T01:16:38.0755365Z A path returned 202. Retrying...
2023-10-09T01:16:38.0755607Z A path returned 202. Retrying...
2023-10-09T01:16:38.0755847Z A path returned 202. Retrying...
2023-10-09T01:16:38.0756088Z A path returned 202. Retrying...
2023-10-09T01:16:38.0756328Z A path returned 202. Retrying...
2023-10-09T01:16:38.0756564Z A path returned 202. Retrying...
2023-10-09T01:16:38.0756925Z A path returned 202. Retrying...
2023-10-09T01:16:38.0757161Z A path returned 202. Retrying...
2023-10-09T01:16:38.0757391Z A path returned 202. Retrying...
2023-10-09T01:16:38.0757716Z A path returned 202. Retrying...
2023-10-09T01:16:38.0758039Z A path returned 202. Retrying...
2023-10-09T01:16:38.0758346Z A path returned 202. Retrying...
2023-10-09T01:16:38.0758605Z A path returned 202. Retrying...
2023-10-09T01:16:38.0758845Z A path returned 202. Retrying...
2023-10-09T01:16:38.0759080Z A path returned 202. Retrying...
2023-10-09T01:16:38.0759382Z A path returned 202. Retrying...
2023-10-09T01:16:38.0759649Z A path returned 202. Retrying...
2023-10-09T01:16:38.0759873Z A path returned 202. Retrying...
2023-10-09T01:16:38.0760115Z A path returned 202. Retrying...
2023-10-09T01:16:38.0760349Z A path returned 202. Retrying...
2023-10-09T01:16:38.0760589Z A path returned 202. Retrying...
2023-10-09T01:16:38.0760826Z A path returned 202. Retrying...
2023-10-09T01:16:38.0761141Z A path returned 202. Retrying...
2023-10-09T01:16:38.0761393Z A path returned 202. Retrying...
2023-10-09T01:16:38.0761694Z A path returned 202. Retrying...
2023-10-09T01:16:38.0761987Z A path returned 202. Retrying...
2023-10-09T01:16:38.0762288Z A path returned 202. Retrying...
2023-10-09T01:16:38.0762536Z A path returned 202. Retrying...
2023-10-09T01:16:38.0762847Z A path returned 202. Retrying...
2023-10-09T01:16:38.0763218Z A path returned 202. Retrying...
2023-10-09T01:16:38.0763459Z A path returned 202. Retrying...
2023-10-09T01:16:38.0763699Z A path returned 202. Retrying...
2023-10-09T01:16:38.0763938Z A path returned 202. Retrying...
2023-10-09T01:16:38.0764245Z A path returned 202. Retrying...
2023-10-09T01:16:38.0764499Z A path returned 202. Retrying...
2023-10-09T01:16:38.0764802Z A path returned 202. Retrying...
2023-10-09T01:16:38.0765056Z A path returned 202. Retrying...
2023-10-09T01:16:38.0765352Z A path returned 202. Retrying...
2023-10-09T01:16:38.0765666Z A path returned 202. Retrying...
2023-10-09T01:16:38.0765974Z A path returned 202. Retrying...
2023-10-09T01:16:38.0766236Z A path returned 202. Retrying...
2023-10-09T01:16:38.0766473Z A path returned 202. Retrying...
2023-10-09T01:16:38.0766714Z A path returned 202. Retrying...
2023-10-09T01:16:38.0767017Z A path returned 202. Retrying...
2023-10-09T01:16:38.0767271Z A path returned 202. Retrying...
2023-10-09T01:16:38.0767570Z A path returned 202. Retrying...
2023-10-09T01:16:38.0767856Z A path returned 202. Retrying...
2023-10-09T01:16:38.0768150Z A path returned 202. Retrying...
2023-10-09T01:16:38.0768399Z A path returned 202. Retrying...
2023-10-09T01:16:38.0768705Z A path returned 202. Retrying...
2023-10-09T01:16:38.0769029Z A path returned 202. Retrying...
2023-10-09T01:16:38.0769334Z A path returned 202. Retrying...
2023-10-09T01:16:38.0769588Z A path returned 202. Retrying...
2023-10-09T01:16:38.0769894Z A path returned 202. Retrying...
2023-10-09T01:16:38.0770218Z A path returned 202. Retrying...
2023-10-09T01:16:38.0770523Z A path returned 202. Retrying...
2023-10-09T01:16:38.0770780Z A path returned 202. Retrying...
2023-10-09T01:16:38.0771088Z A path returned 202. Retrying...
2023-10-09T01:16:38.0771343Z A path returned 202. Retrying...
2023-10-09T01:16:38.0771570Z A path returned 202. Retrying...
2023-10-09T01:16:38.0771804Z A path returned 202. Retrying...
2023-10-09T01:16:38.0772112Z A path returned 202. Retrying...
2023-10-09T01:16:38.0772377Z A path returned 202. Retrying...
2023-10-09T01:16:38.0772614Z A path returned 202. Retrying...
2023-10-09T01:16:38.0772851Z A path returned 202. Retrying...
2023-10-09T01:16:38.0773155Z A path returned 202. Retrying...
2023-10-09T01:16:38.0773418Z A path returned 202. Retrying...
2023-10-09T01:16:38.0773658Z A path returned 202. Retrying...
2023-10-09T01:16:38.0773952Z A path returned 202. Retrying...
2023-10-09T01:16:38.0774282Z A path returned 202. Retrying...
2023-10-09T01:16:38.0774592Z A path returned 202. Retrying...
2023-10-09T01:16:38.0774850Z A path returned 202. Retrying...
2023-10-09T01:16:38.0775293Z A path returned 202. Retrying...
2023-10-09T01:16:38.0775584Z A path returned 202. Retrying...
2023-10-09T01:16:38.0775888Z A path returned 202. Retrying...
2023-10-09T01:16:38.0776143Z A path returned 202. Retrying...
2023-10-09T01:16:38.0776454Z A path returned 202. Retrying...
2023-10-09T01:16:38.0776710Z A path returned 202. Retrying...
2023-10-09T01:16:38.0777014Z A path returned 202. Retrying...
2023-10-09T01:16:38.0777265Z A path returned 202. Retrying...
2023-10-09T01:16:38.0777505Z A path returned 202. Retrying...
2023-10-09T01:16:38.0777814Z A path returned 202. Retrying...
2023-10-09T01:16:38.0778053Z A path returned 202. Retrying...
2023-10-09T01:16:38.0778355Z A path returned 202. Retrying...
2023-10-09T01:16:38.0778621Z A path returned 202. Retrying...
2023-10-09T01:16:38.0778857Z A path returned 202. Retrying...
2023-10-09T01:16:38.0779098Z A path returned 202. Retrying...
2023-10-09T01:16:38.0779404Z A path returned 202. Retrying...
2023-10-09T01:16:38.0779666Z A path returned 202. Retrying...
2023-10-09T01:16:38.0779894Z A path returned 202. Retrying...
2023-10-09T01:16:38.0780131Z A path returned 202. Retrying...
2023-10-09T01:16:38.0780438Z A path returned 202. Retrying...
2023-10-09T01:16:38.0780770Z A path returned 202. Retrying...
2023-10-09T01:16:38.0781078Z A path returned 202. Retrying...
2023-10-09T01:16:38.0781332Z A path returned 202. Retrying...
2023-10-09T01:16:38.0781725Z A path returned 202. Retrying...
2023-10-09T01:16:38.0782033Z A path returned 202. Retrying...
2023-10-09T01:16:38.0782289Z A path returned 202. Retrying...
2023-10-09T01:16:38.0782529Z A path returned 202. Retrying...
2023-10-09T01:16:38.0782826Z A path returned 202. Retrying...
2023-10-09T01:16:38.0783085Z A path returned 202. Retrying...
2023-10-09T01:16:38.0783323Z A path returned 202. Retrying...
2023-10-09T01:16:38.0783628Z A path returned 202. Retrying...
2023-10-09T01:16:38.0783892Z A path returned 202. Retrying...
2023-10-09T01:16:38.0784131Z A path returned 202. Retrying...
2023-10-09T01:16:38.0784443Z A path returned 202. Retrying...
2023-10-09T01:16:38.0784701Z A path returned 202. Retrying...
2023-10-09T01:16:38.0785004Z A path returned 202. Retrying...
2023-10-09T01:16:38.0785439Z A path returned 202. Retrying...
2023-10-09T01:16:38.0785686Z A path returned 202. Retrying...
2023-10-09T01:16:38.0785926Z A path returned 202. Retrying...
2023-10-09T01:16:38.0786229Z A path returned 202. Retrying...
2023-10-09T01:16:38.0786493Z A path returned 202. Retrying...
2023-10-09T01:16:38.0786738Z A path returned 202. Retrying...
2023-10-09T01:16:38.0787045Z A path returned 202. Retrying...
2023-10-09T01:16:38.0787305Z A path returned 202. Retrying...
2023-10-09T01:16:38.0787541Z A path returned 202. Retrying...
2023-10-09T01:16:38.0787846Z A path returned 202. Retrying...
2023-10-09T01:16:38.0788098Z A path returned 202. Retrying...
2023-10-09T01:16:38.0788328Z A path returned 202. Retrying...
2023-10-09T01:16:38.0788634Z A path returned 202. Retrying...
2023-10-09T01:16:38.0788957Z A path returned 202. Retrying...
2023-10-09T01:16:38.0789265Z A path returned 202. Retrying...
2023-10-09T01:16:38.0789524Z A path returned 202. Retrying...
2023-10-09T01:16:38.0789830Z A path returned 202. Retrying...
2023-10-09T01:16:38.0790084Z A path returned 202. Retrying...
2023-10-09T01:16:38.0790322Z A path returned 202. Retrying...
2023-10-09T01:16:38.0790623Z A path returned 202. Retrying...
2023-10-09T01:16:38.0790898Z A path returned 202. Retrying...
2023-10-09T01:16:38.0791125Z A path returned 202. Retrying...
2023-10-09T01:16:38.0791369Z A path returned 202. Retrying...
2023-10-09T01:16:38.0791726Z A path returned 202. Retrying...
2023-10-09T01:16:38.0792043Z A path returned 202. Retrying...
2023-10-09T01:16:38.0792303Z A path returned 202. Retrying...
2023-10-09T01:16:38.0792543Z A path returned 202. Retrying...
2023-10-09T01:16:38.0792848Z A path returned 202. Retrying...
2023-10-09T01:16:38.0793117Z A path returned 202. Retrying...
2023-10-09T01:16:38.0793356Z A path returned 202. Retrying...
2023-10-09T01:16:38.0793706Z A path returned 202. Retrying...
2023-10-09T01:16:38.0793946Z A path returned 202. Retrying...
2023-10-09T01:16:38.0794183Z A path returned 202. Retrying...
2023-10-09T01:16:38.0794420Z A path returned 202. Retrying...
2023-10-09T01:16:38.0794745Z A path returned 202. Retrying...
2023-10-09T01:16:38.0795071Z A path returned 202. Retrying...
2023-10-09T01:16:38.0795377Z A path returned 202. Retrying...
2023-10-09T01:16:38.0795638Z A path returned 202. Retrying...
2023-10-09T01:16:38.0795947Z A path returned 202. Retrying...
2023-10-09T01:16:38.0796197Z A path returned 202. Retrying...
2023-10-09T01:16:38.0796428Z A path returned 202. Retrying...
2023-10-09T01:25:24.3213753Z A path returned 202. Retrying...
2023-10-09T01:25:24.3214182Z A path returned 202. Retrying...
2023-10-09T01:25:24.3214431Z A path returned 202. Retrying...
2023-10-09T01:25:24.3214673Z A path returned 202. Retrying...
2023-10-09T01:25:24.3214920Z A path returned 202. Retrying...
2023-10-09T01:25:24.3215184Z A path returned 202. Retrying...
2023-10-09T01:25:24.3215426Z A path returned 202. Retrying...
2023-10-09T01:25:24.3215661Z A path returned 202. Retrying...
2023-10-09T01:25:24.3215899Z A path returned 202. Retrying...
2023-10-09T01:25:24.3216128Z A path returned 202. Retrying...
2023-10-09T01:25:24.3216369Z A path returned 202. Retrying...
2023-10-09T01:25:24.3216602Z A path returned 202. Retrying...
2023-10-09T01:25:24.3217205Z A path returned 202. Retrying...
2023-10-09T01:25:24.3217449Z A path returned 202. Retrying...
2023-10-09T01:25:24.3217687Z A path returned 202. Retrying...
2023-10-09T01:25:24.3217924Z A path returned 202. Retrying...
2023-10-09T01:25:24.3218162Z A path returned 202. Retrying...
2023-10-09T01:25:24.3218389Z A path returned 202. Retrying...
2023-10-09T01:25:24.3218622Z A path returned 202. Retrying...
2023-10-09T01:25:24.3218859Z A path returned 202. Retrying...
2023-10-09T01:25:24.3219096Z A path returned 202. Retrying...
2023-10-09T01:25:24.3219328Z A path returned 202. Retrying...
2023-10-09T01:25:24.3219573Z A path returned 202. Retrying...
2023-10-09T01:25:24.3219808Z A path returned 202. Retrying...
2023-10-09T01:25:24.3220042Z A path returned 202. Retrying...
2023-10-09T01:25:24.3220268Z A path returned 202. Retrying...
2023-10-09T01:25:24.3220502Z A path returned 202. Retrying...
2023-10-09T01:25:24.3220736Z A path returned 202. Retrying...
2023-10-09T01:25:24.3220972Z A path returned 202. Retrying...
2023-10-09T01:25:24.3221210Z A path returned 202. Retrying...
2023-10-09T01:25:24.3221442Z A path returned 202. Retrying...
2023-10-09T01:25:24.3221674Z A path returned 202. Retrying...
2023-10-09T01:25:24.3221901Z A path returned 202. Retrying...
2023-10-09T01:25:24.3222137Z A path returned 202. Retrying...
2023-10-09T01:25:24.3222368Z A path returned 202. Retrying...
2023-10-09T01:25:24.3222601Z A path returned 202. Retrying...
2023-10-09T01:25:24.3222837Z A path returned 202. Retrying...
2023-10-09T01:25:24.3223067Z A path returned 202. Retrying...
2023-10-09T01:25:24.3223306Z A path returned 202. Retrying...
2023-10-09T01:25:24.3223536Z A path returned 202. Retrying...
2023-10-09T01:25:24.3223764Z A path returned 202. Retrying...
2023-10-09T01:25:24.3223994Z A path returned 202. Retrying...
2023-10-09T01:25:24.3224228Z A path returned 202. Retrying...
2023-10-09T01:25:24.3224462Z A path returned 202. Retrying...
2023-10-09T01:25:24.3224693Z A path returned 202. Retrying...
2023-10-09T01:25:24.3224926Z A path returned 202. Retrying...
2023-10-09T01:25:24.3225168Z A path returned 202. Retrying...
2023-10-09T01:25:24.3225404Z A path returned 202. Retrying...
2023-10-09T01:25:24.3225632Z A path returned 202. Retrying...
2023-10-09T01:25:24.3225866Z A path returned 202. Retrying...
2023-10-09T01:25:24.3226098Z A path returned 202. Retrying...
2023-10-09T01:25:24.3226332Z A path returned 202. Retrying...
2023-10-09T01:25:24.3226564Z A path returned 202. Retrying...
2023-10-09T01:25:24.3226802Z A path returned 202. Retrying...
2023-10-09T01:25:24.3227031Z A path returned 202. Retrying...
2023-10-09T01:25:24.3227405Z A path returned 202. Retrying...
2023-10-09T01:25:24.3227639Z A path returned 202. Retrying...
2023-10-09T01:25:24.3227872Z A path returned 202. Retrying...
2023-10-09T01:25:24.3228103Z A path returned 202. Retrying...
2023-10-09T01:25:24.3228333Z A path returned 202. Retrying...
2023-10-09T01:25:24.3228567Z A path returned 202. Retrying...
2023-10-09T01:25:24.3228805Z A path returned 202. Retrying...
2023-10-09T01:25:24.3229046Z A path returned 202. Retrying...
2023-10-09T01:25:24.3229273Z A path returned 202. Retrying...
2023-10-09T01:25:24.3229503Z A path returned 202. Retrying...
2023-10-09T01:25:24.3229739Z A path returned 202. Retrying...
2023-10-09T01:25:24.3229974Z A path returned 202. Retrying...
2023-10-09T01:25:24.3230207Z A path returned 202. Retrying...
2023-10-09T01:25:24.3230444Z A path returned 202. Retrying...
2023-10-09T01:25:24.3230679Z A path returned 202. Retrying...
2023-10-09T01:25:24.3230916Z A path returned 202. Retrying...
2023-10-09T01:25:24.3231149Z A path returned 202. Retrying...
2023-10-09T01:25:24.3231380Z A path returned 202. Retrying...
2023-10-09T01:25:24.3231819Z A path returned 202. Retrying...
2023-10-09T01:25:24.3232068Z A path returned 202. Retrying...
2023-10-09T01:25:24.3232308Z A path returned 202. Retrying...
2023-10-09T01:25:24.3232540Z A path returned 202. Retrying...
2023-10-09T01:25:24.3232775Z A path returned 202. Retrying...
2023-10-09T01:25:24.3233002Z A path returned 202. Retrying...
2023-10-09T01:25:24.3233348Z A path returned 202. Retrying...
2023-10-09T01:25:24.3233585Z A path returned 202. Retrying...
2023-10-09T01:25:24.3233815Z A path returned 202. Retrying...
2023-10-09T01:25:24.3234047Z A path returned 202. Retrying...
2023-10-09T01:25:24.3234283Z A path returned 202. Retrying...
2023-10-09T01:25:24.3234515Z A path returned 202. Retrying...
2023-10-09T01:25:24.3234745Z A path returned 202. Retrying...
2023-10-09T01:25:24.3234968Z A path returned 202. Retrying...
2023-10-09T01:25:24.3235196Z A path returned 202. Retrying...
2023-10-09T01:25:24.3235434Z A path returned 202. Retrying...
2023-10-09T01:25:24.3235669Z A path returned 202. Retrying...
2023-10-09T01:25:24.3235900Z A path returned 202. Retrying...
2023-10-09T01:25:24.3236134Z A path returned 202. Retrying...
2023-10-09T01:25:24.3236367Z A path returned 202. Retrying...
2023-10-09T01:25:24.3236602Z A path returned 202. Retrying...
2023-10-09T01:25:24.3236825Z A path returned 202. Retrying...
2023-10-09T01:25:24.3237062Z A path returned 202. Retrying...
2023-10-09T01:25:24.3237295Z A path returned 202. Retrying...
2023-10-09T01:25:24.3237526Z A path returned 202. Retrying...
2023-10-09T01:25:24.3237757Z A path returned 202. Retrying...
2023-10-09T01:25:24.3237988Z A path returned 202. Retrying...
2023-10-09T01:25:24.3238220Z A path returned 202. Retrying...
2023-10-09T01:25:24.3238446Z A path returned 202. Retrying...
2023-10-09T01:25:24.3238683Z A path returned 202. Retrying...
2023-10-09T01:25:24.3238917Z A path returned 202. Retrying...
2023-10-09T01:25:24.3239155Z A path returned 202. Retrying...
2023-10-09T01:25:24.3239384Z A path returned 202. Retrying...
2023-10-09T01:25:24.3239620Z A path returned 202. Retrying...
2023-10-09T01:25:24.3239854Z A path returned 202. Retrying...
2023-10-09T01:25:24.3240085Z A path returned 202. Retrying...
2023-10-09T01:25:24.3240309Z A path returned 202. Retrying...
2023-10-09T01:25:24.3240543Z A path returned 202. Retrying...
2023-10-09T01:25:24.3240776Z A path returned 202. Retrying...
2023-10-09T01:25:24.3241016Z A path returned 202. Retrying...
2023-10-09T01:25:24.3241247Z A path returned 202. Retrying...
2023-10-09T01:25:24.3241483Z A path returned 202. Retrying...
2023-10-09T01:25:24.3241716Z A path returned 202. Retrying...
2023-10-09T01:25:24.3241950Z A path returned 202. Retrying...
2023-10-09T01:25:24.3242175Z A path returned 202. Retrying...
2023-10-09T01:25:24.3242413Z A path returned 202. Retrying...
2023-10-09T01:25:24.3242646Z A path returned 202. Retrying...
2023-10-09T01:25:24.3242878Z A path returned 202. Retrying...
2023-10-09T01:25:24.3243208Z A path returned 202. Retrying...
2023-10-09T01:25:24.3243439Z A path returned 202. Retrying...
2023-10-09T01:25:24.3243674Z A path returned 202. Retrying...
2023-10-09T01:25:24.3243903Z A path returned 202. Retrying...
2023-10-09T01:25:24.3244137Z A path returned 202. Retrying...
2023-10-09T01:25:24.3244371Z A path returned 202. Retrying...
2023-10-09T01:25:24.3244602Z A path returned 202. Retrying...
2023-10-09T01:25:24.3244840Z A path returned 202. Retrying...
2023-10-09T01:25:24.3245073Z A path returned 202. Retrying...
2023-10-09T01:25:24.3245307Z A path returned 202. Retrying...
2023-10-09T01:25:24.3245537Z A path returned 202. Retrying...
2023-10-09T01:25:24.3245761Z A path returned 202. Retrying...
2023-10-09T01:25:24.3245992Z A path returned 202. Retrying...
2023-10-09T01:25:24.3246228Z A path returned 202. Retrying...
2023-10-09T01:25:24.3246460Z A path returned 202. Retrying...
2023-10-09T01:25:24.3246693Z A path returned 202. Retrying...
2023-10-09T01:25:24.3246929Z A path returned 202. Retrying...
2023-10-09T01:25:24.3247160Z A path returned 202. Retrying...
2023-10-09T01:25:24.3247390Z A path returned 202. Retrying...
2023-10-09T01:25:24.3247614Z A path returned 202. Retrying...
2023-10-09T01:25:24.3247847Z A path returned 202. Retrying...
2023-10-09T01:25:24.3248082Z A path returned 202. Retrying...
2023-10-09T01:25:24.3248313Z A path returned 202. Retrying...
2023-10-09T01:25:24.3248543Z A path returned 202. Retrying...
2023-10-09T01:25:24.3248865Z A path returned 202. Retrying...
2023-10-09T01:25:24.3249101Z A path returned 202. Retrying...
2023-10-09T01:25:24.3249325Z A path returned 202. Retrying...
2023-10-09T01:25:24.3249556Z A path returned 202. Retrying...
2023-10-09T01:25:24.3249787Z A path returned 202. Retrying...
2023-10-09T01:25:24.3250020Z A path returned 202. Retrying...
2023-10-09T01:25:24.3250253Z A path returned 202. Retrying...
2023-10-09T01:25:24.3250486Z A path returned 202. Retrying...
2023-10-09T01:25:24.3250717Z A path returned 202. Retrying...
2023-10-09T01:25:24.3250954Z A path returned 202. Retrying...
2023-10-09T01:25:24.3251179Z A path returned 202. Retrying...
2023-10-09T01:25:24.3251408Z A path returned 202. Retrying...
2023-10-09T01:25:24.3251641Z A path returned 202. Retrying...
2023-10-09T01:25:24.3251875Z A path returned 202. Retrying...
2023-10-09T01:25:24.3252106Z A path returned 202. Retrying...
2023-10-09T01:25:24.3252340Z A path returned 202. Retrying...
2023-10-09T01:25:24.3252578Z A path returned 202. Retrying...
2023-10-09T01:25:24.3252811Z A path returned 202. Retrying...
2023-10-09T01:25:24.3253036Z A path returned 202. Retrying...
2023-10-09T01:25:24.3253267Z A path returned 202. Retrying...
2023-10-09T01:25:24.3253499Z A path returned 202. Retrying...
2023-10-09T01:25:24.3253733Z A path returned 202. Retrying...
2023-10-09T01:25:24.3253967Z A path returned 202. Retrying...
2023-10-09T01:25:24.3254199Z A path returned 202. Retrying...
2023-10-09T01:25:24.3254437Z A path returned 202. Retrying...
2023-10-09T01:25:24.3254668Z A path returned 202. Retrying...
2023-10-09T01:25:24.3254901Z A path returned 202. Retrying...
2023-10-09T01:25:24.3255132Z A path returned 202. Retrying...
2023-10-09T01:25:24.3255368Z A path returned 202. Retrying...
2023-10-09T01:25:24.3255604Z A path returned 202. Retrying...
2023-10-09T01:25:24.3255835Z A path returned 202. Retrying...
2023-10-09T01:25:24.3256066Z A path returned 202. Retrying...
2023-10-09T01:25:24.3256298Z A path returned 202. Retrying...
2023-10-09T01:25:24.3256527Z A path returned 202. Retrying...
2023-10-09T01:25:24.3256762Z A path returned 202. Retrying...
2023-10-09T01:25:24.3256995Z A path returned 202. Retrying...
2023-10-09T01:25:24.3257229Z A path returned 202. Retrying...
2023-10-09T01:25:24.3257464Z A path returned 202. Retrying...
2023-10-09T01:25:24.3257699Z A path returned 202. Retrying...
2023-10-09T01:25:24.3257930Z A path returned 202. Retrying...
2023-10-09T01:25:24.3258163Z A path returned 202. Retrying...
2023-10-09T01:25:24.3258390Z A path returned 202. Retrying...
2023-10-09T01:25:24.3258720Z A path returned 202. Retrying...
2023-10-09T01:25:24.3258954Z A path returned 202. Retrying...
2023-10-09T01:25:24.3259187Z A path returned 202. Retrying...
2023-10-09T01:25:24.3259424Z A path returned 202. Retrying...
2023-10-09T01:25:24.3259657Z A path returned 202. Retrying...
2023-10-09T01:25:24.3259892Z A path returned 202. Retrying...
2023-10-09T01:25:24.3260117Z A path returned 202. Retrying...
2023-10-09T01:25:24.3260356Z A path returned 202. Retrying...
2023-10-09T01:25:24.3260591Z A path returned 202. Retrying...
2023-10-09T01:25:24.3260831Z A path returned 202. Retrying...
2023-10-09T01:25:24.3261074Z A path returned 202. Retrying...
2023-10-09T01:25:24.3261317Z A path returned 202. Retrying...
2023-10-09T01:25:24.3261548Z A path returned 202. Retrying...
2023-10-09T01:25:24.3261780Z A path returned 202. Retrying...
2023-10-09T01:25:24.3262005Z A path returned 202. Retrying...
2023-10-09T01:25:24.3262241Z A path returned 202. Retrying...
2023-10-09T01:25:24.3262478Z A path returned 202. Retrying...
2023-10-09T01:25:24.3262708Z A path returned 202. Retrying...
2023-10-09T01:25:24.3262938Z A path returned 202. Retrying...
2023-10-09T01:25:24.3263171Z A path returned 202. Retrying...
2023-10-09T01:25:24.3263402Z A path returned 202. Retrying...
2023-10-09T01:25:24.3263634Z A path returned 202. Retrying...
2023-10-09T01:25:24.3263858Z A path returned 202. Retrying...
2023-10-09T01:25:24.3264087Z A path returned 202. Retrying...
2023-10-09T01:25:24.3264406Z A path returned 202. Retrying...
2023-10-09T01:25:24.3264645Z A path returned 202. Retrying...
2023-10-09T01:25:24.3264878Z A path returned 202. Retrying...
2023-10-09T01:25:24.3265109Z A path returned 202. Retrying...
2023-10-09T01:25:24.3265340Z A path returned 202. Retrying...
2023-10-09T01:25:24.3265574Z A path returned 202. Retrying...
2023-10-09T01:25:24.3265801Z A path returned 202. Retrying...
2023-10-09T01:25:24.3266034Z A path returned 202. Retrying...
2023-10-09T01:25:24.3266266Z A path returned 202. Retrying...
2023-10-09T01:25:24.3266508Z A path returned 202. Retrying...
2023-10-09T01:25:24.3266740Z A path returned 202. Retrying...
2023-10-09T01:25:24.3266970Z A path returned 202. Retrying...
2023-10-09T01:25:24.3267203Z A path returned 202. Retrying...
2023-10-09T01:25:24.3267427Z A path returned 202. Retrying...
2023-10-09T01:25:24.3267661Z A path returned 202. Retrying...
2023-10-09T01:25:24.3267892Z A path returned 202. Retrying...
2023-10-09T01:25:24.3268127Z A path returned 202. Retrying...
2023-10-09T01:25:24.3268360Z A path returned 202. Retrying...
2023-10-09T01:25:24.3268598Z A path returned 202. Retrying...
2023-10-09T01:25:24.3268830Z A path returned 202. Retrying...
2023-10-09T01:25:24.3269062Z A path returned 202. Retrying...
2023-10-09T01:25:24.3269287Z A path returned 202. Retrying...
2023-10-09T01:25:24.3269517Z A path returned 202. Retrying...
2023-10-09T01:25:24.3269752Z A path returned 202. Retrying...
2023-10-09T01:25:24.3269989Z A path returned 202. Retrying...
2023-10-09T01:25:24.3270224Z A path returned 202. Retrying...
2023-10-09T01:25:24.3270465Z A path returned 202. Retrying...
2023-10-09T01:25:24.3270700Z A path returned 202. Retrying...
2023-10-09T01:25:24.3270932Z A path returned 202. Retrying...
2023-10-09T01:25:24.3271158Z A path returned 202. Retrying...
2023-10-09T01:25:24.3271392Z A path returned 202. Retrying...
2023-10-09T01:25:24.3271762Z A path returned 202. Retrying...
2023-10-09T01:25:24.3271998Z A path returned 202. Retrying...
2023-10-09T01:25:24.3272236Z A path returned 202. Retrying...
2023-10-09T01:25:24.3272479Z A path returned 202. Retrying...
2023-10-09T01:25:24.3272715Z A path returned 202. Retrying...
2023-10-09T01:25:24.3272943Z A path returned 202. Retrying...
2023-10-09T01:35:08.7234998Z A path returned 202. Retrying...
2023-10-09T01:35:08.7235814Z A path returned 202. Retrying...
2023-10-09T01:35:08.7236121Z A path returned 202. Retrying...
2023-10-09T01:35:08.7236375Z A path returned 202. Retrying...
2023-10-09T01:35:08.7236722Z A path returned 202. Retrying...
2023-10-09T01:35:08.7237223Z A path returned 202. Retrying...
2023-10-09T01:35:08.7237459Z A path returned 202. Retrying...
2023-10-09T01:35:08.7237709Z A path returned 202. Retrying...
2023-10-09T01:35:08.7237953Z A path returned 202. Retrying...
2023-10-09T01:35:08.7238199Z A path returned 202. Retrying...
2023-10-09T01:35:08.7238440Z A path returned 202. Retrying...
2023-10-09T01:35:08.7238683Z A path returned 202. Retrying...
2023-10-09T01:35:08.7238926Z A path returned 202. Retrying...
2023-10-09T01:35:08.7239169Z A path returned 202. Retrying...
2023-10-09T01:35:08.7239397Z A path returned 202. Retrying...
2023-10-09T01:35:08.7239632Z A path returned 202. Retrying...
2023-10-09T01:35:08.7239875Z A path returned 202. Retrying...
2023-10-09T01:35:08.7240106Z A path returned 202. Retrying...
2023-10-09T01:35:08.7240347Z A path returned 202. Retrying...
2023-10-09T01:35:08.7240580Z A path returned 202. Retrying...
2023-10-09T01:35:08.7240818Z A path returned 202. Retrying...
2023-10-09T01:35:08.7241052Z A path returned 202. Retrying...
2023-10-09T01:35:08.7241289Z A path returned 202. Retrying...
2023-10-09T01:35:08.7241522Z A path returned 202. Retrying...
2023-10-09T01:35:08.7241755Z A path returned 202. Retrying...
2023-10-09T01:35:08.7241993Z A path returned 202. Retrying...
2023-10-09T01:35:08.7242229Z A path returned 202. Retrying...
2023-10-09T01:35:08.7242461Z A path returned 202. Retrying...
2023-10-09T01:35:08.7242697Z A path returned 202. Retrying...
2023-10-09T01:35:08.7243053Z A path returned 202. Retrying...
2023-10-09T01:35:08.7243300Z A path returned 202. Retrying...
2023-10-09T01:35:08.7243535Z A path returned 202. Retrying...
2023-10-09T01:35:08.7243773Z A path returned 202. Retrying...
2023-10-09T01:35:08.7244008Z A path returned 202. Retrying...
2023-10-09T01:35:08.7244242Z A path returned 202. Retrying...
2023-10-09T01:35:08.7244476Z A path returned 202. Retrying...
2023-10-09T01:35:08.7244713Z A path returned 202. Retrying...
2023-10-09T01:35:08.7244938Z A path returned 202. Retrying...
2023-10-09T01:35:08.7245180Z A path returned 202. Retrying...
2023-10-09T01:35:08.7245415Z A path returned 202. Retrying...
2023-10-09T01:35:08.7245650Z A path returned 202. Retrying...
2023-10-09T01:35:08.7245887Z A path returned 202. Retrying...
2023-10-09T01:35:08.7246121Z A path returned 202. Retrying...
2023-10-09T01:35:08.7246356Z A path returned 202. Retrying...
2023-10-09T01:35:08.7246588Z A path returned 202. Retrying...
2023-10-09T01:35:08.7246819Z A path returned 202. Retrying...
2023-10-09T01:35:08.7247054Z A path returned 202. Retrying...
2023-10-09T01:35:08.7247289Z A path returned 202. Retrying...
2023-10-09T01:35:08.7247523Z A path returned 202. Retrying...
2023-10-09T01:35:08.7247754Z A path returned 202. Retrying...
2023-10-09T01:35:08.7247989Z A path returned 202. Retrying...
2023-10-09T01:35:08.7248219Z A path returned 202. Retrying...
2023-10-09T01:35:08.7248445Z A path returned 202. Retrying...
2023-10-09T01:35:08.7248678Z A path returned 202. Retrying...
2023-10-09T01:35:08.7248910Z A path returned 202. Retrying...
2023-10-09T01:35:08.7249152Z A path returned 202. Retrying...
2023-10-09T01:35:08.7249390Z A path returned 202. Retrying...
2023-10-09T01:35:08.7249627Z A path returned 202. Retrying...
2023-10-09T01:35:08.7249858Z A path returned 202. Retrying...
2023-10-09T01:35:08.7250096Z A path returned 202. Retrying...
2023-10-09T01:35:08.7250324Z A path returned 202. Retrying...
2023-10-09T01:35:08.7250555Z A path returned 202. Retrying...
2023-10-09T01:35:08.7250793Z A path returned 202. Retrying...
2023-10-09T01:35:08.7251032Z A path returned 202. Retrying...
2023-10-09T01:35:08.7251268Z A path returned 202. Retrying...
2023-10-09T01:35:08.7251504Z A path returned 202. Retrying...
2023-10-09T01:35:08.7251735Z A path returned 202. Retrying...
2023-10-09T01:35:08.7251968Z A path returned 202. Retrying...
2023-10-09T01:35:08.7252195Z A path returned 202. Retrying...
2023-10-09T01:35:08.7252426Z A path returned 202. Retrying...
2023-10-09T01:35:08.7252659Z A path returned 202. Retrying...
2023-10-09T01:35:08.7252981Z A path returned 202. Retrying...
2023-10-09T01:35:08.7253218Z A path returned 202. Retrying...
2023-10-09T01:35:08.7253449Z A path returned 202. Retrying...
2023-10-09T01:35:08.7253681Z A path returned 202. Retrying...
2023-10-09T01:35:08.7253908Z A path returned 202. Retrying...
2023-10-09T01:35:08.7254143Z A path returned 202. Retrying...
2023-10-09T01:35:08.7254378Z A path returned 202. Retrying...
2023-10-09T01:35:08.7254614Z A path returned 202. Retrying...
2023-10-09T01:35:08.7254848Z A path returned 202. Retrying...
2023-10-09T01:35:08.7255081Z A path returned 202. Retrying...
2023-10-09T01:35:08.7255313Z A path returned 202. Retrying...
2023-10-09T01:35:08.7255550Z A path returned 202. Retrying...
2023-10-09T01:35:08.7255775Z A path returned 202. Retrying...
2023-10-09T01:35:08.7256008Z A path returned 202. Retrying...
2023-10-09T01:35:08.7256245Z A path returned 202. Retrying...
2023-10-09T01:35:08.7256478Z A path returned 202. Retrying...
2023-10-09T01:35:08.7256709Z A path returned 202. Retrying...
2023-10-09T01:35:08.7256951Z A path returned 202. Retrying...
2023-10-09T01:35:08.7257192Z A path returned 202. Retrying...
2023-10-09T01:35:08.7257425Z A path returned 202. Retrying...
2023-10-09T01:35:08.7257651Z A path returned 202. Retrying...
2023-10-09T01:35:08.7257888Z A path returned 202. Retrying...
2023-10-09T01:35:08.7258121Z A path returned 202. Retrying...
2023-10-09T01:35:08.7258355Z A path returned 202. Retrying...
2023-10-09T01:35:08.7258679Z A path returned 202. Retrying...
2023-10-09T01:35:08.7258916Z A path returned 202. Retrying...
2023-10-09T01:35:08.7259150Z A path returned 202. Retrying...
2023-10-09T01:35:08.7259375Z A path returned 202. Retrying...
2023-10-09T01:35:08.7259608Z A path returned 202. Retrying...
2023-10-09T01:35:08.7259843Z A path returned 202. Retrying...
2023-10-09T01:35:08.7260080Z A path returned 202. Retrying...
2023-10-09T01:35:08.7260313Z A path returned 202. Retrying...
2023-10-09T01:35:08.7260549Z A path returned 202. Retrying...
2023-10-09T01:35:08.7260789Z A path returned 202. Retrying...
2023-10-09T01:35:08.7261026Z A path returned 202. Retrying...
2023-10-09T01:35:08.7261253Z A path returned 202. Retrying...
2023-10-09T01:35:08.7261490Z A path returned 202. Retrying...
2023-10-09T01:35:08.7261726Z A path returned 202. Retrying...
2023-10-09T01:35:08.7261961Z A path returned 202. Retrying...
2023-10-09T01:35:08.7262193Z A path returned 202. Retrying...
2023-10-09T01:35:08.7262430Z A path returned 202. Retrying...
2023-10-09T01:35:08.7262671Z A path returned 202. Retrying...
2023-10-09T01:35:08.7262910Z A path returned 202. Retrying...
2023-10-09T01:35:08.7263137Z A path returned 202. Retrying...
2023-10-09T01:35:08.7263378Z A path returned 202. Retrying...
2023-10-09T01:35:08.7263614Z A path returned 202. Retrying...
2023-10-09T01:35:08.7263851Z A path returned 202. Retrying...
2023-10-09T01:35:08.7264088Z A path returned 202. Retrying...
2023-10-09T01:35:08.7264320Z A path returned 202. Retrying...
2023-10-09T01:35:08.7264555Z A path returned 202. Retrying...
2023-10-09T01:35:08.7264791Z A path returned 202. Retrying...
2023-10-09T01:35:08.7265024Z A path returned 202. Retrying...
2023-10-09T01:35:08.7265257Z A path returned 202. Retrying...
2023-10-09T01:35:08.7265494Z A path returned 202. Retrying...
2023-10-09T01:35:08.7265729Z A path returned 202. Retrying...
2023-10-09T01:35:08.7265963Z A path returned 202. Retrying...
2023-10-09T01:35:08.7266195Z A path returned 202. Retrying...
2023-10-09T01:35:08.7266434Z A path returned 202. Retrying...
2023-10-09T01:35:08.7266660Z A path returned 202. Retrying...
2023-10-09T01:35:08.7266896Z A path returned 202. Retrying...
2023-10-09T01:35:08.7267127Z A path returned 202. Retrying...
2023-10-09T01:35:08.7267359Z A path returned 202. Retrying...
2023-10-09T01:35:08.7267599Z A path returned 202. Retrying...
2023-10-09T01:35:08.7267834Z A path returned 202. Retrying...
2023-10-09T01:35:08.7268072Z A path returned 202. Retrying...
2023-10-09T01:35:08.7268305Z A path returned 202. Retrying...
2023-10-09T01:35:08.7268624Z A path returned 202. Retrying...
2023-10-09T01:35:08.7268856Z A path returned 202. Retrying...
2023-10-09T01:35:08.7269088Z A path returned 202. Retrying...
2023-10-09T01:35:08.7269324Z A path returned 202. Retrying...
2023-10-09T01:35:08.7269561Z A path returned 202. Retrying...
2023-10-09T01:35:08.7269792Z A path returned 202. Retrying...
2023-10-09T01:35:08.7270023Z A path returned 202. Retrying...
2023-10-09T01:35:08.7270260Z A path returned 202. Retrying...
2023-10-09T01:35:08.7270487Z A path returned 202. Retrying...
2023-10-09T01:35:08.7270719Z A path returned 202. Retrying...
2023-10-09T01:35:08.7270951Z A path returned 202. Retrying...
2023-10-09T01:35:08.7271187Z A path returned 202. Retrying...
2023-10-09T01:35:08.7271427Z A path returned 202. Retrying...
2023-10-09T01:35:08.7271845Z A path returned 202. Retrying...
2023-10-09T01:35:08.7272081Z A path returned 202. Retrying...
2023-10-09T01:35:08.7272313Z A path returned 202. Retrying...
2023-10-09T01:35:08.7272557Z A path returned 202. Retrying...
2023-10-09T01:35:08.7272805Z A path returned 202. Retrying...
2023-10-09T01:35:08.7273046Z A path returned 202. Retrying...
2023-10-09T01:35:08.7273284Z A path returned 202. Retrying...
2023-10-09T01:35:08.7273520Z A path returned 202. Retrying...
2023-10-09T01:35:08.7273758Z A path returned 202. Retrying...
2023-10-09T01:35:08.7273994Z A path returned 202. Retrying...
2023-10-09T01:35:08.7274219Z A path returned 202. Retrying...
2023-10-09T01:35:08.7274560Z A path returned 202. Retrying...
2023-10-09T01:35:08.7274797Z A path returned 202. Retrying...
2023-10-09T01:35:08.7275031Z A path returned 202. Retrying...
2023-10-09T01:35:08.7275263Z A path returned 202. Retrying...
2023-10-09T01:35:08.7275496Z A path returned 202. Retrying...
2023-10-09T01:35:08.7275729Z A path returned 202. Retrying...
2023-10-09T01:35:08.7275962Z A path returned 202. Retrying...
2023-10-09T01:35:08.7276187Z A path returned 202. Retrying...
2023-10-09T01:35:08.7276424Z A path returned 202. Retrying...
2023-10-09T01:35:08.7276660Z A path returned 202. Retrying...
2023-10-09T01:35:08.7276895Z A path returned 202. Retrying...
2023-10-09T01:35:08.7277129Z A path returned 202. Retrying...
2023-10-09T01:35:08.7277364Z A path returned 202. Retrying...
2023-10-09T01:35:08.7277598Z A path returned 202. Retrying...
2023-10-09T01:35:08.7277821Z A path returned 202. Retrying...
2023-10-09T01:35:08.7278053Z A path returned 202. Retrying...
2023-10-09T01:35:08.7278285Z A path returned 202. Retrying...
2023-10-09T01:35:08.7278519Z A path returned 202. Retrying...
2023-10-09T01:35:08.7278751Z A path returned 202. Retrying...
2023-10-09T01:35:08.7278983Z A path returned 202. Retrying...
2023-10-09T01:35:08.7279214Z A path returned 202. Retrying...
2023-10-09T01:35:08.7279447Z A path returned 202. Retrying...
2023-10-09T01:35:08.7279675Z A path returned 202. Retrying...
2023-10-09T01:35:08.7279907Z A path returned 202. Retrying...
2023-10-09T01:35:08.7280138Z A path returned 202. Retrying...
2023-10-09T01:35:08.7280370Z A path returned 202. Retrying...
2023-10-09T01:35:08.7280606Z A path returned 202. Retrying...
2023-10-09T01:35:08.7280840Z A path returned 202. Retrying...
2023-10-09T01:35:08.7281074Z A path returned 202. Retrying...
2023-10-09T01:35:08.7281307Z A path returned 202. Retrying...
2023-10-09T01:35:08.7281533Z A path returned 202. Retrying...
2023-10-09T01:35:08.7281765Z A path returned 202. Retrying...
2023-10-09T01:35:08.7282003Z A path returned 202. Retrying...
2023-10-09T01:35:08.7282239Z A path returned 202. Retrying...
2023-10-09T01:35:08.7282479Z A path returned 202. Retrying...
2023-10-09T01:35:08.7282719Z A path returned 202. Retrying...
2023-10-09T01:35:08.7282952Z A path returned 202. Retrying...
2023-10-09T01:35:08.7283176Z A path returned 202. Retrying...
2023-10-09T01:35:08.7283409Z A path returned 202. Retrying...
2023-10-09T01:35:08.7283643Z A path returned 202. Retrying...
2023-10-09T01:35:08.7283884Z A path returned 202. Retrying...
2023-10-09T01:35:08.7284117Z A path returned 202. Retrying...
2023-10-09T01:35:08.7284451Z A path returned 202. Retrying...
2023-10-09T01:35:08.7284683Z A path returned 202. Retrying...
2023-10-09T01:35:08.7284915Z A path returned 202. Retrying...
2023-10-09T01:35:08.7285140Z A path returned 202. Retrying...
2023-10-09T01:35:08.7285374Z A path returned 202. Retrying...
2023-10-09T01:35:08.7285610Z A path returned 202. Retrying...
2023-10-09T01:35:08.7285844Z A path returned 202. Retrying...
2023-10-09T01:35:08.7286083Z A path returned 202. Retrying...
2023-10-09T01:35:08.7286319Z A path returned 202. Retrying...
2023-10-09T01:35:08.7286552Z A path returned 202. Retrying...
2023-10-09T01:35:08.7286784Z A path returned 202. Retrying...
2023-10-09T01:35:08.7287012Z A path returned 202. Retrying...
2023-10-09T01:35:08.7287246Z A path returned 202. Retrying...
2023-10-09T01:35:08.7287480Z A path returned 202. Retrying...
2023-10-09T01:35:08.7287712Z A path returned 202. Retrying...
2023-10-09T01:35:08.7287945Z A path returned 202. Retrying...
2023-10-09T01:35:08.7288178Z A path returned 202. Retrying...
2023-10-09T01:35:08.7288415Z A path returned 202. Retrying...
2023-10-09T01:35:08.7288638Z A path returned 202. Retrying...
2023-10-09T01:35:08.7288871Z A path returned 202. Retrying...
2023-10-09T01:35:08.7289101Z A path returned 202. Retrying...
2023-10-09T01:35:08.7289333Z A path returned 202. Retrying...
2023-10-09T01:35:08.7289566Z A path returned 202. Retrying...
2023-10-09T01:35:08.7289802Z A path returned 202. Retrying...
2023-10-09T01:35:08.7290141Z A path returned 202. Retrying...
2023-10-09T01:35:08.7290382Z A path returned 202. Retrying...
2023-10-09T01:35:08.7290604Z A path returned 202. Retrying...
2023-10-09T01:35:08.7290837Z A path returned 202. Retrying...
2023-10-09T01:35:08.7291071Z A path returned 202. Retrying...
2023-10-09T01:35:08.7291304Z A path returned 202. Retrying...
2023-10-09T01:35:08.7291537Z A path returned 202. Retrying...
2023-10-09T01:35:08.7291770Z A path returned 202. Retrying...
2023-10-09T01:35:08.7292002Z A path returned 202. Retrying...
2023-10-09T01:35:08.7292246Z A path returned 202. Retrying...
2023-10-09T01:35:08.7292474Z A path returned 202. Retrying...
2023-10-09T01:35:08.7292708Z A path returned 202. Retrying...
2023-10-09T01:35:08.7292940Z A path returned 202. Retrying...
2023-10-09T01:35:08.7293179Z A path returned 202. Retrying...
2023-10-09T01:35:08.7293418Z A path returned 202. Retrying...
2023-10-09T01:35:08.7293655Z A path returned 202. Retrying...
2023-10-09T01:35:08.7293891Z A path returned 202. Retrying...
2023-10-09T01:35:08.7294114Z A path returned 202. Retrying...
2023-10-09T01:35:08.7294355Z A path returned 202. Retrying...
2023-10-09T01:35:08.7294593Z A path returned 202. Retrying...
2023-10-09T01:35:08.7494344Z ##[group]Run git config --global user.name "jstrieb/github-stats"
2023-10-09T01:35:08.7494750Z [36;1mgit config --global user.name "jstrieb/github-stats"[0m
2023-10-09T01:35:08.7495129Z [36;1mgit config --global user.email "github-stats[bot]@jstrieb.github.io"[0m
2023-10-09T01:35:08.7495430Z [36;1mgit add .[0m
2023-10-09T01:35:08.7495741Z [36;1m# Force the build to succeed, even if no files were changed[0m
2023-10-09T01:35:08.7496089Z [36;1mgit commit -m 'Update generated files' || true[0m
2023-10-09T01:35:08.7496351Z [36;1mgit push[0m
2023-10-09T01:35:08.7550830Z shell: /usr/bin/bash -e {0}
2023-10-09T01:35:08.7551064Z env:
2023-10-09T01:35:08.7551331Z   pythonLocation: /opt/hostedtoolcache/Python/3.8.18/x64
2023-10-09T01:35:08.7551864Z   PKG_CONFIG_PATH: /opt/hostedtoolcache/Python/3.8.18/x64/lib/pkgconfig
2023-10-09T01:35:08.7552223Z   Python_ROOT_DIR: /opt/hostedtoolcache/Python/3.8.18/x64
2023-10-09T01:35:08.7552598Z   Python2_ROOT_DIR: /opt/hostedtoolcache/Python/3.8.18/x64
2023-10-09T01:35:08.7552922Z   Python3_ROOT_DIR: /opt/hostedtoolcache/Python/3.8.18/x64
2023-10-09T01:35:08.7553250Z   LD_LIBRARY_PATH: /opt/hostedtoolcache/Python/3.8.18/x64/lib
2023-10-09T01:35:08.7553520Z ##[endgroup]
2023-10-09T01:35:09.6672218Z [master 60377d1] Update generated files
2023-10-09T01:35:09.6672907Z  2 files changed, 432 insertions(+), 378 deletions(-)
2023-10-09T01:35:10.6969282Z To https://github.com/seanpm2001/GitHub_Stats_A
2023-10-09T01:35:10.6970173Z    32ff312..60377d1  master -> master
2023-10-09T01:35:10.7048551Z Post job cleanup.
2023-10-09T01:35:10.8612416Z Cache hit occurred on the primary key setup-python-Linux-22.04-Ubuntu-python-3.8.18-pip-60f2a6c0212a9b74a155cd81b58dd07fd8b180833132566260d95f4de42fe218, not saving cache.
2023-10-09T01:35:10.8732356Z Post job cleanup.
2023-10-09T01:35:10.9787433Z [command]/usr/bin/git version
2023-10-09T01:35:10.9836557Z git version 2.42.0
2023-10-09T01:35:10.9879328Z Copying '/home/runner/.gitconfig' to '/home/runner/work/_temp/490fb3af-fd6e-48f9-a230-10c530d9b6a3/.gitconfig'
2023-10-09T01:35:10.9891725Z Temporarily overriding HOME='/home/runner/work/_temp/490fb3af-fd6e-48f9-a230-10c530d9b6a3' before making global git config changes
2023-10-09T01:35:10.9893822Z Adding repository directory to the temporary git global config as a safe directory
2023-10-09T01:35:10.9900477Z [command]/usr/bin/git config --global --add safe.directory /home/runner/work/GitHub_Stats_A/GitHub_Stats_A
2023-10-09T01:35:10.9945407Z [command]/usr/bin/git config --local --name-only --get-regexp core\.sshCommand
2023-10-09T01:35:10.9990284Z [command]/usr/bin/git submodule foreach --recursive sh -c "git config --local --name-only --get-regexp 'core\.sshCommand' && git config --local --unset-all 'core.sshCommand' || :"
2023-10-09T01:35:11.0272293Z [command]/usr/bin/git config --local --name-only --get-regexp http\.https\:\/\/github\.com\/\.extraheader
2023-10-09T01:35:11.0292916Z http.https://github.com/.extraheader
2023-10-09T01:35:11.0307440Z [command]/usr/bin/git config --local --unset-all http.https://github.com/.extraheader
2023-10-09T01:35:11.0346920Z [command]/usr/bin/git submodule foreach --recursive sh -c "git config --local --name-only --get-regexp 'http\.https\:\/\/github\.com\/\.extraheader' && git config --local --unset-all 'http.https://github.com/.extraheader' || :"
2023-10-09T01:35:11.0848370Z Cleaning up orphan processes
