2023-02-09T01:22:58.8188444Z Requested labels: ubuntu-latest
2023-02-09T01:22:58.8188491Z Job defined at: seanpm2001/GitHub_Stats_A/.github/workflows/main.yml@refs/heads/master
2023-02-09T01:22:58.8188524Z Waiting for a runner to pick up this job...
2023-02-09T01:22:58.9907184Z Job is waiting for a hosted runner to come online.
2023-02-09T01:23:03.5532651Z Job is about to start running on the hosted runner: Hosted Agent (hosted)
2023-02-09T01:23:06.0134700Z Current runner version: '2.301.1'
2023-02-09T01:23:06.0159765Z ##[group]Operating System
2023-02-09T01:23:06.0160282Z Ubuntu
2023-02-09T01:23:06.0160593Z 22.04.1
2023-02-09T01:23:06.0160874Z LTS
2023-02-09T01:23:06.0161169Z ##[endgroup]
2023-02-09T01:23:06.0161487Z ##[group]Runner Image
2023-02-09T01:23:06.0161860Z Image: ubuntu-22.04
2023-02-09T01:23:06.0162192Z Version: 20230129.2
2023-02-09T01:23:06.0162723Z Included Software: https://github.com/actions/runner-images/blob/ubuntu22/20230129.2/images/linux/Ubuntu2204-Readme.md
2023-02-09T01:23:06.0163365Z Image Release: https://github.com/actions/runner-images/releases/tag/ubuntu22%2F20230129.2
2023-02-09T01:23:06.0163863Z ##[endgroup]
2023-02-09T01:23:06.0164219Z ##[group]Runner Image Provisioner
2023-02-09T01:23:06.0164566Z 2.0.108.1
2023-02-09T01:23:06.0164830Z ##[endgroup]
2023-02-09T01:23:06.0165527Z ##[group]GITHUB_TOKEN Permissions
2023-02-09T01:23:06.0166081Z Contents: write
2023-02-09T01:23:06.0166406Z Metadata: read
2023-02-09T01:23:06.0166817Z ##[endgroup]
2023-02-09T01:23:06.0170372Z Secret source: Actions
2023-02-09T01:23:06.0170818Z Prepare workflow directory
2023-02-09T01:23:06.0987435Z Prepare all required actions
2023-02-09T01:23:06.1168896Z Getting action download info
2023-02-09T01:23:06.5999489Z Download action repository 'actions/checkout@v3' (SHA:ac593985615ec2ede58e132d2e21d2b1cbd6127c)
2023-02-09T01:23:07.4947037Z Download action repository 'actions/setup-python@v4' (SHA:d27e3f3d7c64b4bbf8e4abfb9b63b83e846e0435)
2023-02-09T01:23:08.4706702Z Complete job name: build
2023-02-09T01:23:08.5597213Z ##[group]Run actions/checkout@v3
2023-02-09T01:23:08.5597573Z with:
2023-02-09T01:23:08.5597886Z   repository: seanpm2001/GitHub_Stats_A
2023-02-09T01:23:08.5598493Z   token: ***
2023-02-09T01:23:08.5598746Z   ssh-strict: true
2023-02-09T01:23:08.5599359Z   persist-credentials: true
2023-02-09T01:23:08.5599656Z   clean: true
2023-02-09T01:23:08.5599928Z   fetch-depth: 1
2023-02-09T01:23:08.5600193Z   lfs: false
2023-02-09T01:23:08.5600473Z   submodules: false
2023-02-09T01:23:08.5600782Z   set-safe-directory: true
2023-02-09T01:23:08.5601079Z ##[endgroup]
2023-02-09T01:23:08.8405124Z Syncing repository: seanpm2001/GitHub_Stats_A
2023-02-09T01:23:08.8406910Z ##[group]Getting Git version info
2023-02-09T01:23:08.8407472Z Working directory is '/home/runner/work/GitHub_Stats_A/GitHub_Stats_A'
2023-02-09T01:23:08.8408060Z [command]/usr/bin/git version
2023-02-09T01:23:08.8514520Z git version 2.39.1
2023-02-09T01:23:08.8541426Z ##[endgroup]
2023-02-09T01:23:08.8559843Z Temporarily overriding HOME='/home/runner/work/_temp/7405d7cb-8dfd-44ee-aeb1-d50996299091' before making global git config changes
2023-02-09T01:23:08.8560676Z Adding repository directory to the temporary git global config as a safe directory
2023-02-09T01:23:08.8562448Z [command]/usr/bin/git config --global --add safe.directory /home/runner/work/GitHub_Stats_A/GitHub_Stats_A
2023-02-09T01:23:08.8607538Z Deleting the contents of '/home/runner/work/GitHub_Stats_A/GitHub_Stats_A'
2023-02-09T01:23:08.8612907Z ##[group]Initializing the repository
2023-02-09T01:23:08.8616621Z [command]/usr/bin/git init /home/runner/work/GitHub_Stats_A/GitHub_Stats_A
2023-02-09T01:23:08.8683159Z hint: Using 'master' as the name for the initial branch. This default branch name
2023-02-09T01:23:08.8684178Z hint: is subject to change. To configure the initial branch name to use in all
2023-02-09T01:23:08.8684878Z hint: of your new repositories, which will suppress this warning, call:
2023-02-09T01:23:08.8685298Z hint: 
2023-02-09T01:23:08.8685769Z hint: 	git config --global init.defaultBranch <name>
2023-02-09T01:23:08.8686171Z hint: 
2023-02-09T01:23:08.8686581Z hint: Names commonly chosen instead of 'master' are 'main', 'trunk' and
2023-02-09T01:23:08.8687112Z hint: 'development'. The just-created branch can be renamed via this command:
2023-02-09T01:23:08.8687416Z hint: 
2023-02-09T01:23:08.8687797Z hint: 	git branch -m <name>
2023-02-09T01:23:08.8694315Z Initialized empty Git repository in /home/runner/work/GitHub_Stats_A/GitHub_Stats_A/.git/
2023-02-09T01:23:08.8706148Z [command]/usr/bin/git remote add origin https://github.com/seanpm2001/GitHub_Stats_A
2023-02-09T01:23:08.8743842Z ##[endgroup]
2023-02-09T01:23:08.8744511Z ##[group]Disabling automatic garbage collection
2023-02-09T01:23:08.8746977Z [command]/usr/bin/git config --local gc.auto 0
2023-02-09T01:23:08.8777709Z ##[endgroup]
2023-02-09T01:23:08.8778446Z ##[group]Setting up auth
2023-02-09T01:23:08.8973902Z [command]/usr/bin/git config --local --name-only --get-regexp core\.sshCommand
2023-02-09T01:23:08.9026044Z [command]/usr/bin/git submodule foreach --recursive sh -c "git config --local --name-only --get-regexp 'core\.sshCommand' && git config --local --unset-all 'core.sshCommand' || :"
2023-02-09T01:23:08.9214666Z [command]/usr/bin/git config --local --name-only --get-regexp http\.https\:\/\/github\.com\/\.extraheader
2023-02-09T01:23:08.9244998Z [command]/usr/bin/git submodule foreach --recursive sh -c "git config --local --name-only --get-regexp 'http\.https\:\/\/github\.com\/\.extraheader' && git config --local --unset-all 'http.https://github.com/.extraheader' || :"
2023-02-09T01:23:08.9456458Z [command]/usr/bin/git config --local http.https://github.com/.extraheader AUTHORIZATION: basic ***
2023-02-09T01:23:08.9492800Z ##[endgroup]
2023-02-09T01:23:08.9493468Z ##[group]Fetching the repository
2023-02-09T01:23:08.9503364Z [command]/usr/bin/git -c protocol.version=2 fetch --no-tags --prune --progress --no-recurse-submodules --depth=1 origin +ea65802fe7a66e7181a2d3821b6daa9e38a80494:refs/remotes/origin/master
2023-02-09T01:23:09.4297213Z remote: Enumerating objects: 3538, done.        
2023-02-09T01:23:09.4355993Z remote: Counting objects:   0% (1/3538)        
2023-02-09T01:23:09.4356557Z remote: Counting objects:   1% (36/3538)        
2023-02-09T01:23:09.4357226Z remote: Counting objects:   2% (71/3538)        
2023-02-09T01:23:09.4357670Z remote: Counting objects:   3% (107/3538)        
2023-02-09T01:23:09.4358320Z remote: Counting objects:   4% (142/3538)        
2023-02-09T01:23:09.4358762Z remote: Counting objects:   5% (177/3538)        
2023-02-09T01:23:09.4359536Z remote: Counting objects:   6% (213/3538)        
2023-02-09T01:23:09.4359959Z remote: Counting objects:   7% (248/3538)        
2023-02-09T01:23:09.4360579Z remote: Counting objects:   8% (284/3538)        
2023-02-09T01:23:09.4360998Z remote: Counting objects:   9% (319/3538)        
2023-02-09T01:23:09.4362055Z remote: Counting objects:  10% (354/3538)        
2023-02-09T01:23:09.4362421Z remote: Counting objects:  11% (390/3538)        
2023-02-09T01:23:09.4365060Z remote: Counting objects:  12% (425/3538)        
2023-02-09T01:23:09.4365495Z remote: Counting objects:  13% (460/3538)        
2023-02-09T01:23:09.4366070Z remote: Counting objects:  14% (496/3538)        
2023-02-09T01:23:09.4366848Z remote: Counting objects:  15% (531/3538)        
2023-02-09T01:23:09.4367608Z remote: Counting objects:  16% (567/3538)        
2023-02-09T01:23:09.4368261Z remote: Counting objects:  17% (602/3538)        
2023-02-09T01:23:09.4369804Z remote: Counting objects:  18% (637/3538)        
2023-02-09T01:23:09.4370940Z remote: Counting objects:  19% (673/3538)        
2023-02-09T01:23:09.4372620Z remote: Counting objects:  20% (708/3538)        
2023-02-09T01:23:09.4374826Z remote: Counting objects:  21% (743/3538)        
2023-02-09T01:23:09.4375556Z remote: Counting objects:  22% (779/3538)        
2023-02-09T01:23:09.4376147Z remote: Counting objects:  23% (814/3538)        
2023-02-09T01:23:09.4376859Z remote: Counting objects:  24% (850/3538)        
2023-02-09T01:23:09.4377472Z remote: Counting objects:  25% (885/3538)        
2023-02-09T01:23:09.4378172Z remote: Counting objects:  26% (920/3538)        
2023-02-09T01:23:09.4378874Z remote: Counting objects:  27% (956/3538)        
2023-02-09T01:23:09.4379619Z remote: Counting objects:  28% (991/3538)        
2023-02-09T01:23:09.4380281Z remote: Counting objects:  29% (1027/3538)        
2023-02-09T01:23:09.4380746Z remote: Counting objects:  30% (1062/3538)        
2023-02-09T01:23:09.4381269Z remote: Counting objects:  31% (1097/3538)        
2023-02-09T01:23:09.4382027Z remote: Counting objects:  32% (1133/3538)        
2023-02-09T01:23:09.4382798Z remote: Counting objects:  33% (1168/3538)        
2023-02-09T01:23:09.4383466Z remote: Counting objects:  34% (1203/3538)        
2023-02-09T01:23:09.4384084Z remote: Counting objects:  35% (1239/3538)        
2023-02-09T01:23:09.4384830Z remote: Counting objects:  36% (1274/3538)        
2023-02-09T01:23:09.4385556Z remote: Counting objects:  37% (1310/3538)        
2023-02-09T01:23:09.4386227Z remote: Counting objects:  38% (1345/3538)        
2023-02-09T01:23:09.4386836Z remote: Counting objects:  39% (1380/3538)        
2023-02-09T01:23:09.4387599Z remote: Counting objects:  40% (1416/3538)        
2023-02-09T01:23:09.4388267Z remote: Counting objects:  41% (1451/3538)        
2023-02-09T01:23:09.4388906Z remote: Counting objects:  42% (1486/3538)        
2023-02-09T01:23:09.4389610Z remote: Counting objects:  43% (1522/3538)        
2023-02-09T01:23:09.4390218Z remote: Counting objects:  44% (1557/3538)        
2023-02-09T01:23:09.4390954Z remote: Counting objects:  45% (1593/3538)        
2023-02-09T01:23:09.4391614Z remote: Counting objects:  46% (1628/3538)        
2023-02-09T01:23:09.4392458Z remote: Counting objects:  47% (1663/3538)        
2023-02-09T01:23:09.4393086Z remote: Counting objects:  48% (1699/3538)        
2023-02-09T01:23:09.4393766Z remote: Counting objects:  49% (1734/3538)        
2023-02-09T01:23:09.4394580Z remote: Counting objects:  50% (1769/3538)        
2023-02-09T01:23:09.4394913Z remote: Counting objects:  51% (1805/3538)        
2023-02-09T01:23:09.4395578Z remote: Counting objects:  52% (1840/3538)        
2023-02-09T01:23:09.4396293Z remote: Counting objects:  53% (1876/3538)        
2023-02-09T01:23:09.4396991Z remote: Counting objects:  54% (1911/3538)        
2023-02-09T01:23:09.4397626Z remote: Counting objects:  55% (1946/3538)        
2023-02-09T01:23:09.4398359Z remote: Counting objects:  56% (1982/3538)        
2023-02-09T01:23:09.4399198Z remote: Counting objects:  57% (2017/3538)        
2023-02-09T01:23:09.4399849Z remote: Counting objects:  58% (2053/3538)        
2023-02-09T01:23:09.4400563Z remote: Counting objects:  59% (2088/3538)        
2023-02-09T01:23:09.4401215Z remote: Counting objects:  60% (2123/3538)        
2023-02-09T01:23:09.4401811Z remote: Counting objects:  61% (2159/3538)        
2023-02-09T01:23:09.4402543Z remote: Counting objects:  62% (2194/3538)        
2023-02-09T01:23:09.4403234Z remote: Counting objects:  63% (2229/3538)        
2023-02-09T01:23:09.4403881Z remote: Counting objects:  64% (2265/3538)        
2023-02-09T01:23:09.4404344Z remote: Counting objects:  65% (2300/3538)        
2023-02-09T01:23:09.4405100Z remote: Counting objects:  66% (2336/3538)        
2023-02-09T01:23:09.4405849Z remote: Counting objects:  67% (2371/3538)        
2023-02-09T01:23:09.4406526Z remote: Counting objects:  68% (2406/3538)        
2023-02-09T01:23:09.4407260Z remote: Counting objects:  69% (2442/3538)        
2023-02-09T01:23:09.4407915Z remote: Counting objects:  70% (2477/3538)        
2023-02-09T01:23:09.4408612Z remote: Counting objects:  71% (2512/3538)        
2023-02-09T01:23:09.4409254Z remote: Counting objects:  72% (2548/3538)        
2023-02-09T01:23:09.4409947Z remote: Counting objects:  73% (2583/3538)        
2023-02-09T01:23:09.4410595Z remote: Counting objects:  74% (2619/3538)        
2023-02-09T01:23:09.4411308Z remote: Counting objects:  75% (2654/3538)        
2023-02-09T01:23:09.4412012Z remote: Counting objects:  76% (2689/3538)        
2023-02-09T01:23:09.4412706Z remote: Counting objects:  77% (2725/3538)        
2023-02-09T01:23:09.4413407Z remote: Counting objects:  78% (2760/3538)        
2023-02-09T01:23:09.4414115Z remote: Counting objects:  79% (2796/3538)        
2023-02-09T01:23:09.4414724Z remote: Counting objects:  80% (2831/3538)        
2023-02-09T01:23:09.4415417Z remote: Counting objects:  81% (2866/3538)        
2023-02-09T01:23:09.4415919Z remote: Counting objects:  82% (2902/3538)        
2023-02-09T01:23:09.4416605Z remote: Counting objects:  83% (2937/3538)        
2023-02-09T01:23:09.4417369Z remote: Counting objects:  84% (2972/3538)        
2023-02-09T01:23:09.4417971Z remote: Counting objects:  85% (3008/3538)        
2023-02-09T01:23:09.4418690Z remote: Counting objects:  86% (3043/3538)        
2023-02-09T01:23:09.4419287Z remote: Counting objects:  87% (3079/3538)        
2023-02-09T01:23:09.4825731Z remote: Counting objects:  88% (3114/3538)        
2023-02-09T01:23:09.4826035Z remote: Counting objects:  89% (3149/3538)        
2023-02-09T01:23:09.4826640Z remote: Counting objects:  90% (3185/3538)        
2023-02-09T01:23:09.4826903Z remote: Counting objects:  91% (3220/3538)        
2023-02-09T01:23:09.4827150Z remote: Counting objects:  92% (3255/3538)        
2023-02-09T01:23:09.4827409Z remote: Counting objects:  93% (3291/3538)        
2023-02-09T01:23:09.4827661Z remote: Counting objects:  94% (3326/3538)        
2023-02-09T01:23:09.4827961Z remote: Counting objects:  95% (3362/3538)        
2023-02-09T01:23:09.4828202Z remote: Counting objects:  96% (3397/3538)        
2023-02-09T01:23:09.4828455Z remote: Counting objects:  97% (3432/3538)        
2023-02-09T01:23:09.4828700Z remote: Counting objects:  98% (3468/3538)        
2023-02-09T01:23:09.4828945Z remote: Counting objects:  99% (3503/3538)        
2023-02-09T01:23:09.4829183Z remote: Counting objects: 100% (3538/3538)        
2023-02-09T01:23:09.4829607Z remote: Counting objects: 100% (3538/3538), done.        
2023-02-09T01:23:09.4829901Z remote: Compressing objects:   0% (1/1270)        
2023-02-09T01:23:09.4830165Z remote: Compressing objects:   1% (13/1270)        
2023-02-09T01:23:09.4830427Z remote: Compressing objects:   2% (26/1270)        
2023-02-09T01:23:09.4830696Z remote: Compressing objects:   3% (39/1270)        
2023-02-09T01:23:09.4830962Z remote: Compressing objects:   4% (51/1270)        
2023-02-09T01:23:09.4831230Z remote: Compressing objects:   5% (64/1270)        
2023-02-09T01:23:09.4831478Z remote: Compressing objects:   6% (77/1270)        
2023-02-09T01:23:09.4831733Z remote: Compressing objects:   7% (89/1270)        
2023-02-09T01:23:09.4832001Z remote: Compressing objects:   8% (102/1270)        
2023-02-09T01:23:09.4832273Z remote: Compressing objects:   9% (115/1270)        
2023-02-09T01:23:09.4832547Z remote: Compressing objects:  10% (127/1270)        
2023-02-09T01:23:09.4832803Z remote: Compressing objects:  11% (140/1270)        
2023-02-09T01:23:09.4833069Z remote: Compressing objects:  12% (153/1270)        
2023-02-09T01:23:09.4833337Z remote: Compressing objects:  13% (166/1270)        
2023-02-09T01:23:09.4833595Z remote: Compressing objects:  14% (178/1270)        
2023-02-09T01:23:09.4833845Z remote: Compressing objects:  15% (191/1270)        
2023-02-09T01:23:09.4834271Z remote: Compressing objects:  16% (204/1270)        
2023-02-09T01:23:09.4835479Z remote: Compressing objects:  17% (216/1270)        
2023-02-09T01:23:09.4835941Z remote: Compressing objects:  18% (229/1270)        
2023-02-09T01:23:09.4836469Z remote: Compressing objects:  19% (242/1270)        
2023-02-09T01:23:09.4837070Z remote: Compressing objects:  20% (254/1270)        
2023-02-09T01:23:09.4837683Z remote: Compressing objects:  21% (267/1270)        
2023-02-09T01:23:09.4838264Z remote: Compressing objects:  22% (280/1270)        
2023-02-09T01:23:09.4839137Z remote: Compressing objects:  23% (293/1270)        
2023-02-09T01:23:09.4839855Z remote: Compressing objects:  24% (305/1270)        
2023-02-09T01:23:09.4940740Z remote: Compressing objects:  25% (318/1270)        
2023-02-09T01:23:09.5037737Z remote: Compressing objects:  26% (331/1270)        
2023-02-09T01:23:09.5172817Z remote: Compressing objects:  27% (343/1270)        
2023-02-09T01:23:09.5281696Z remote: Compressing objects:  28% (356/1270)        
2023-02-09T01:23:09.5364169Z remote: Compressing objects:  29% (369/1270)        
2023-02-09T01:23:09.5487634Z remote: Compressing objects:  30% (381/1270)        
2023-02-09T01:23:09.5597000Z remote: Compressing objects:  31% (394/1270)        
2023-02-09T01:23:09.5723588Z remote: Compressing objects:  32% (407/1270)        
2023-02-09T01:23:09.5827481Z remote: Compressing objects:  33% (420/1270)        
2023-02-09T01:23:09.5907167Z remote: Compressing objects:  34% (432/1270)        
2023-02-09T01:23:09.5950918Z remote: Compressing objects:  35% (445/1270)        
2023-02-09T01:23:09.5963443Z remote: Compressing objects:  36% (458/1270)        
2023-02-09T01:23:09.6394223Z remote: Compressing objects:  37% (470/1270)        
2023-02-09T01:23:09.6394658Z remote: Compressing objects:  38% (483/1270)        
2023-02-09T01:23:09.6395225Z remote: Compressing objects:  39% (496/1270)        
2023-02-09T01:23:09.6395734Z remote: Compressing objects:  40% (508/1270)        
2023-02-09T01:23:09.6396248Z remote: Compressing objects:  41% (521/1270)        
2023-02-09T01:23:09.6396793Z remote: Compressing objects:  42% (534/1270)        
2023-02-09T01:23:09.6397315Z remote: Compressing objects:  43% (547/1270)        
2023-02-09T01:23:09.6397863Z remote: Compressing objects:  44% (559/1270)        
2023-02-09T01:23:09.6398399Z remote: Compressing objects:  45% (572/1270)        
2023-02-09T01:23:09.6399054Z remote: Compressing objects:  46% (585/1270)        
2023-02-09T01:23:09.6399638Z remote: Compressing objects:  47% (597/1270)        
2023-02-09T01:23:09.6400214Z remote: Compressing objects:  48% (610/1270)        
2023-02-09T01:23:09.6400994Z remote: Compressing objects:  49% (623/1270)        
2023-02-09T01:23:09.6401353Z remote: Compressing objects:  50% (635/1270)        
2023-02-09T01:23:09.6401923Z remote: Compressing objects:  51% (648/1270)        
2023-02-09T01:23:09.6402512Z remote: Compressing objects:  52% (661/1270)        
2023-02-09T01:23:09.6403050Z remote: Compressing objects:  53% (674/1270)        
2023-02-09T01:23:09.6403622Z remote: Compressing objects:  54% (686/1270)        
2023-02-09T01:23:09.6404190Z remote: Compressing objects:  55% (699/1270)        
2023-02-09T01:23:09.6404754Z remote: Compressing objects:  56% (712/1270)        
2023-02-09T01:23:09.6405335Z remote: Compressing objects:  57% (724/1270)        
2023-02-09T01:23:09.6405934Z remote: Compressing objects:  58% (737/1270)        
2023-02-09T01:23:09.6406504Z remote: Compressing objects:  59% (750/1270)        
2023-02-09T01:23:09.6407072Z remote: Compressing objects:  60% (762/1270)        
2023-02-09T01:23:09.6407744Z remote: Compressing objects:  61% (775/1270)        
2023-02-09T01:23:09.6408326Z remote: Compressing objects:  62% (788/1270)        
2023-02-09T01:23:09.6408895Z remote: Compressing objects:  63% (801/1270)        
2023-02-09T01:23:09.6409460Z remote: Compressing objects:  64% (813/1270)        
2023-02-09T01:23:09.6410026Z remote: Compressing objects:  65% (826/1270)        
2023-02-09T01:23:09.6410692Z remote: Compressing objects:  66% (839/1270)        
2023-02-09T01:23:09.6411279Z remote: Compressing objects:  67% (851/1270)        
2023-02-09T01:23:09.6411875Z remote: Compressing objects:  68% (864/1270)        
2023-02-09T01:23:09.6412437Z remote: Compressing objects:  69% (877/1270)        
2023-02-09T01:23:09.6413008Z remote: Compressing objects:  70% (889/1270)        
2023-02-09T01:23:09.6413581Z remote: Compressing objects:  71% (902/1270)        
2023-02-09T01:23:09.6414165Z remote: Compressing objects:  72% (915/1270)        
2023-02-09T01:23:09.6414737Z remote: Compressing objects:  73% (928/1270)        
2023-02-09T01:23:09.6415303Z remote: Compressing objects:  74% (940/1270)        
2023-02-09T01:23:09.6415859Z remote: Compressing objects:  75% (953/1270)        
2023-02-09T01:23:09.6416435Z remote: Compressing objects:  76% (966/1270)        
2023-02-09T01:23:09.6416997Z remote: Compressing objects:  77% (978/1270)        
2023-02-09T01:23:09.6417564Z remote: Compressing objects:  78% (991/1270)        
2023-02-09T01:23:09.6418140Z remote: Compressing objects:  79% (1004/1270)        
2023-02-09T01:23:09.6418701Z remote: Compressing objects:  80% (1016/1270)        
2023-02-09T01:23:09.6419206Z remote: Compressing objects:  81% (1029/1270)        
2023-02-09T01:23:09.6419785Z remote: Compressing objects:  82% (1042/1270)        
2023-02-09T01:23:09.6420343Z remote: Compressing objects:  83% (1055/1270)        
2023-02-09T01:23:09.6420868Z remote: Compressing objects:  84% (1067/1270)        
2023-02-09T01:23:09.6421389Z remote: Compressing objects:  85% (1080/1270)        
2023-02-09T01:23:09.6421922Z remote: Compressing objects:  86% (1093/1270)        
2023-02-09T01:23:09.6422432Z remote: Compressing objects:  87% (1105/1270)        
2023-02-09T01:23:09.6422986Z remote: Compressing objects:  88% (1118/1270)        
2023-02-09T01:23:09.6423503Z remote: Compressing objects:  89% (1131/1270)        
2023-02-09T01:23:09.6424015Z remote: Compressing objects:  90% (1143/1270)        
2023-02-09T01:23:09.6424588Z remote: Compressing objects:  91% (1156/1270)        
2023-02-09T01:23:09.6425106Z remote: Compressing objects:  92% (1169/1270)        
2023-02-09T01:23:09.6425623Z remote: Compressing objects:  93% (1182/1270)        
2023-02-09T01:23:09.6426149Z remote: Compressing objects:  94% (1194/1270)        
2023-02-09T01:23:09.6426659Z remote: Compressing objects:  95% (1207/1270)        
2023-02-09T01:23:09.6427210Z remote: Compressing objects:  96% (1220/1270)        
2023-02-09T01:23:09.6427810Z remote: Compressing objects:  97% (1232/1270)        
2023-02-09T01:23:09.6428320Z remote: Compressing objects:  98% (1245/1270)        
2023-02-09T01:23:09.6431044Z remote: Compressing objects:  99% (1258/1270)        
2023-02-09T01:23:09.6431419Z remote: Compressing objects: 100% (1270/1270)        
2023-02-09T01:23:09.6432377Z remote: Compressing objects: 100% (1270/1270), done.        
2023-02-09T01:23:09.6466737Z Receiving objects:   0% (1/3538)
2023-02-09T01:23:09.7465583Z Receiving objects:   1% (36/3538)
2023-02-09T01:23:09.7493309Z Receiving objects:   2% (71/3538)
2023-02-09T01:23:09.7537916Z Receiving objects:   3% (107/3538)
2023-02-09T01:23:09.7986594Z Receiving objects:   4% (142/3538)
2023-02-09T01:23:09.8000463Z Receiving objects:   5% (177/3538)
2023-02-09T01:23:09.8011156Z Receiving objects:   6% (213/3538)
2023-02-09T01:23:09.8021918Z Receiving objects:   7% (248/3538)
2023-02-09T01:23:09.8030985Z Receiving objects:   8% (284/3538)
2023-02-09T01:23:09.8068920Z Receiving objects:   9% (319/3538)
2023-02-09T01:23:09.8081346Z Receiving objects:  10% (354/3538)
2023-02-09T01:23:09.8523377Z Receiving objects:  11% (390/3538)
2023-02-09T01:23:09.8562684Z Receiving objects:  12% (425/3538)
2023-02-09T01:23:09.8569874Z Receiving objects:  13% (460/3538)
2023-02-09T01:23:09.8570347Z Receiving objects:  14% (496/3538)
2023-02-09T01:23:09.8571747Z Receiving objects:  15% (531/3538)
2023-02-09T01:23:09.8573410Z Receiving objects:  16% (567/3538)
2023-02-09T01:23:09.8575256Z Receiving objects:  17% (602/3538)
2023-02-09T01:23:09.8576950Z Receiving objects:  18% (637/3538)
2023-02-09T01:23:09.8580478Z Receiving objects:  19% (673/3538)
2023-02-09T01:23:09.8580928Z Receiving objects:  20% (708/3538)
2023-02-09T01:23:09.8668715Z Receiving objects:  21% (743/3538)
2023-02-09T01:23:09.9059239Z Receiving objects:  22% (779/3538)
2023-02-09T01:23:09.9130840Z Receiving objects:  23% (814/3538)
2023-02-09T01:23:09.9175577Z Receiving objects:  24% (850/3538)
2023-02-09T01:23:09.9229421Z Receiving objects:  25% (885/3538)
2023-02-09T01:23:09.9276164Z Receiving objects:  26% (920/3538)
2023-02-09T01:23:09.9326832Z Receiving objects:  27% (956/3538)
2023-02-09T01:23:09.9382104Z Receiving objects:  28% (991/3538)
2023-02-09T01:23:09.9609477Z Receiving objects:  29% (1027/3538)
2023-02-09T01:23:09.9664359Z Receiving objects:  30% (1062/3538)
2023-02-09T01:23:09.9709434Z Receiving objects:  31% (1097/3538)
2023-02-09T01:23:09.9748739Z Receiving objects:  32% (1133/3538)
2023-02-09T01:23:09.9792513Z Receiving objects:  33% (1168/3538)
2023-02-09T01:23:09.9856409Z Receiving objects:  34% (1203/3538)
2023-02-09T01:23:09.9910547Z Receiving objects:  35% (1239/3538)
2023-02-09T01:23:09.9947451Z Receiving objects:  36% (1274/3538)
2023-02-09T01:23:09.9991572Z Receiving objects:  37% (1310/3538)
2023-02-09T01:23:10.0067848Z Receiving objects:  38% (1345/3538)
2023-02-09T01:23:10.0103464Z Receiving objects:  39% (1380/3538)
2023-02-09T01:23:10.0152448Z Receiving objects:  40% (1416/3538)
2023-02-09T01:23:10.0193824Z Receiving objects:  41% (1451/3538)
2023-02-09T01:23:10.0258000Z Receiving objects:  42% (1486/3538)
2023-02-09T01:23:10.0291386Z Receiving objects:  43% (1522/3538)
2023-02-09T01:23:10.0322331Z Receiving objects:  44% (1557/3538)
2023-02-09T01:23:10.0409725Z Receiving objects:  45% (1593/3538)
2023-02-09T01:23:10.0471919Z Receiving objects:  46% (1628/3538)
2023-02-09T01:23:10.0505018Z Receiving objects:  47% (1663/3538)
2023-02-09T01:23:10.0559980Z Receiving objects:  48% (1699/3538)
2023-02-09T01:23:10.0625891Z Receiving objects:  49% (1734/3538)
2023-02-09T01:23:10.0676975Z Receiving objects:  50% (1769/3538)
2023-02-09T01:23:10.0738038Z Receiving objects:  51% (1805/3538)
2023-02-09T01:23:10.0818605Z Receiving objects:  52% (1840/3538)
2023-02-09T01:23:10.0847775Z Receiving objects:  53% (1876/3538)
2023-02-09T01:23:10.0909081Z Receiving objects:  54% (1911/3538)
2023-02-09T01:23:10.0972922Z Receiving objects:  55% (1946/3538)
2023-02-09T01:23:10.1036978Z Receiving objects:  56% (1982/3538)
2023-02-09T01:23:10.1077280Z Receiving objects:  57% (2017/3538)
2023-02-09T01:23:10.1112781Z Receiving objects:  58% (2053/3538)
2023-02-09T01:23:10.1190744Z Receiving objects:  59% (2088/3538)
2023-02-09T01:23:10.1231323Z Receiving objects:  60% (2123/3538)
2023-02-09T01:23:10.1297301Z Receiving objects:  61% (2159/3538)
2023-02-09T01:23:10.1336347Z Receiving objects:  62% (2194/3538)
2023-02-09T01:23:10.1402187Z Receiving objects:  63% (2229/3538)
2023-02-09T01:23:10.1427550Z Receiving objects:  64% (2265/3538)
2023-02-09T01:23:10.1460633Z Receiving objects:  65% (2300/3538)
2023-02-09T01:23:10.1486437Z Receiving objects:  66% (2336/3538), 8.32 MiB | 16.64 MiB/s
2023-02-09T01:23:10.1519892Z Receiving objects:  67% (2371/3538), 8.32 MiB | 16.64 MiB/s
2023-02-09T01:23:10.1586767Z Receiving objects:  68% (2406/3538), 8.32 MiB | 16.64 MiB/s
2023-02-09T01:23:10.1640787Z Receiving objects:  69% (2442/3538), 8.32 MiB | 16.64 MiB/s
2023-02-09T01:23:10.1655301Z Receiving objects:  70% (2477/3538), 8.32 MiB | 16.64 MiB/s
2023-02-09T01:23:10.1738515Z Receiving objects:  71% (2512/3538), 8.32 MiB | 16.64 MiB/s
2023-02-09T01:23:10.1785826Z Receiving objects:  72% (2548/3538), 8.32 MiB | 16.64 MiB/s
2023-02-09T01:23:10.1845413Z Receiving objects:  73% (2583/3538), 8.32 MiB | 16.64 MiB/s
2023-02-09T01:23:10.1891771Z Receiving objects:  74% (2619/3538), 8.32 MiB | 16.64 MiB/s
2023-02-09T01:23:10.1923384Z Receiving objects:  75% (2654/3538), 8.32 MiB | 16.64 MiB/s
2023-02-09T01:23:10.1944771Z Receiving objects:  76% (2689/3538), 8.32 MiB | 16.64 MiB/s
2023-02-09T01:23:10.1961787Z Receiving objects:  77% (2725/3538), 8.32 MiB | 16.64 MiB/s
2023-02-09T01:23:10.1977093Z Receiving objects:  78% (2760/3538), 8.32 MiB | 16.64 MiB/s
2023-02-09T01:23:10.1997514Z Receiving objects:  79% (2796/3538), 8.32 MiB | 16.64 MiB/s
2023-02-09T01:23:10.2018080Z Receiving objects:  80% (2831/3538), 8.32 MiB | 16.64 MiB/s
2023-02-09T01:23:10.2032172Z Receiving objects:  81% (2866/3538), 8.32 MiB | 16.64 MiB/s
2023-02-09T01:23:10.2049122Z Receiving objects:  82% (2902/3538), 8.32 MiB | 16.64 MiB/s
2023-02-09T01:23:10.2066285Z Receiving objects:  83% (2937/3538), 8.32 MiB | 16.64 MiB/s
2023-02-09T01:23:10.2088274Z Receiving objects:  84% (2972/3538), 8.32 MiB | 16.64 MiB/s
2023-02-09T01:23:10.2103855Z Receiving objects:  85% (3008/3538), 8.32 MiB | 16.64 MiB/s
2023-02-09T01:23:10.2123593Z Receiving objects:  86% (3043/3538), 8.32 MiB | 16.64 MiB/s
2023-02-09T01:23:10.2133506Z Receiving objects:  87% (3079/3538), 8.32 MiB | 16.64 MiB/s
2023-02-09T01:23:10.2134504Z Receiving objects:  88% (3114/3538), 8.32 MiB | 16.64 MiB/s
2023-02-09T01:23:10.2139113Z Receiving objects:  89% (3149/3538), 8.32 MiB | 16.64 MiB/s
2023-02-09T01:23:10.2256154Z Receiving objects:  90% (3185/3538), 8.32 MiB | 16.64 MiB/s
2023-02-09T01:23:10.2261193Z Receiving objects:  91% (3220/3538), 8.32 MiB | 16.64 MiB/s
2023-02-09T01:23:10.2264837Z Receiving objects:  92% (3255/3538), 8.32 MiB | 16.64 MiB/s
2023-02-09T01:23:10.2268124Z Receiving objects:  93% (3291/3538), 8.32 MiB | 16.64 MiB/s
2023-02-09T01:23:10.2294378Z Receiving objects:  94% (3326/3538), 8.32 MiB | 16.64 MiB/s
2023-02-09T01:23:10.2297472Z Receiving objects:  95% (3362/3538), 8.32 MiB | 16.64 MiB/s
2023-02-09T01:23:10.2302524Z Receiving objects:  96% (3397/3538), 8.32 MiB | 16.64 MiB/s
2023-02-09T01:23:10.2343453Z Receiving objects:  97% (3432/3538), 8.32 MiB | 16.64 MiB/s
2023-02-09T01:23:10.2391954Z Receiving objects:  98% (3468/3538), 8.32 MiB | 16.64 MiB/s
2023-02-09T01:23:10.2485767Z Receiving objects:  99% (3503/3538), 8.32 MiB | 16.64 MiB/s
2023-02-09T01:23:10.2486611Z remote: Total 3538 (delta 1954), reused 3394 (delta 1903), pack-reused 0        
2023-02-09T01:23:10.2500607Z Receiving objects: 100% (3538/3538), 8.32 MiB | 16.64 MiB/s
2023-02-09T01:23:10.2501103Z Receiving objects: 100% (3538/3538), 12.47 MiB | 20.63 MiB/s, done.
2023-02-09T01:23:10.2533349Z Resolving deltas:   0% (0/1954)
2023-02-09T01:23:10.2575853Z Resolving deltas:   1% (20/1954)
2023-02-09T01:23:10.2639593Z Resolving deltas:   2% (40/1954)
2023-02-09T01:23:10.2698127Z Resolving deltas:   3% (59/1954)
2023-02-09T01:23:10.2782389Z Resolving deltas:   4% (79/1954)
2023-02-09T01:23:10.2848872Z Resolving deltas:   5% (98/1954)
2023-02-09T01:23:10.2861146Z Resolving deltas:   6% (118/1954)
2023-02-09T01:23:10.2866062Z Resolving deltas:   7% (137/1954)
2023-02-09T01:23:10.2870675Z Resolving deltas:   8% (157/1954)
2023-02-09T01:23:10.2875469Z Resolving deltas:   9% (176/1954)
2023-02-09T01:23:10.2880104Z Resolving deltas:  10% (196/1954)
2023-02-09T01:23:10.2885386Z Resolving deltas:  11% (215/1954)
2023-02-09T01:23:10.2890585Z Resolving deltas:  12% (235/1954)
2023-02-09T01:23:10.2891784Z Resolving deltas:  13% (255/1954)
2023-02-09T01:23:10.2893370Z Resolving deltas:  14% (274/1954)
2023-02-09T01:23:10.2893797Z Resolving deltas:  15% (294/1954)
2023-02-09T01:23:10.2902322Z Resolving deltas:  16% (313/1954)
2023-02-09T01:23:10.2976804Z Resolving deltas:  17% (333/1954)
2023-02-09T01:23:10.3070629Z Resolving deltas:  18% (352/1954)
2023-02-09T01:23:10.3145972Z Resolving deltas:  19% (372/1954)
2023-02-09T01:23:10.3223515Z Resolving deltas:  20% (391/1954)
2023-02-09T01:23:10.3337092Z Resolving deltas:  21% (411/1954)
2023-02-09T01:23:10.3397240Z Resolving deltas:  22% (430/1954)
2023-02-09T01:23:10.3509809Z Resolving deltas:  23% (450/1954)
2023-02-09T01:23:10.3565923Z Resolving deltas:  24% (469/1954)
2023-02-09T01:23:10.3580187Z Resolving deltas:  25% (489/1954)
2023-02-09T01:23:10.3718540Z Resolving deltas:  26% (509/1954)
2023-02-09T01:23:10.3894303Z Resolving deltas:  27% (529/1954)
2023-02-09T01:23:10.4015860Z Resolving deltas:  28% (548/1954)
2023-02-09T01:23:10.4114800Z Resolving deltas:  29% (567/1954)
2023-02-09T01:23:10.4219495Z Resolving deltas:  30% (587/1954)
2023-02-09T01:23:10.4377607Z Resolving deltas:  31% (606/1954)
2023-02-09T01:23:10.4469990Z Resolving deltas:  32% (626/1954)
2023-02-09T01:23:10.4502448Z Resolving deltas:  33% (645/1954)
2023-02-09T01:23:10.4549138Z Resolving deltas:  34% (665/1954)
2023-02-09T01:23:10.4560293Z Resolving deltas:  35% (684/1954)
2023-02-09T01:23:10.4569577Z Resolving deltas:  36% (704/1954)
2023-02-09T01:23:10.4580572Z Resolving deltas:  37% (723/1954)
2023-02-09T01:23:10.4593061Z Resolving deltas:  38% (743/1954)
2023-02-09T01:23:10.4605651Z Resolving deltas:  39% (763/1954)
2023-02-09T01:23:10.4611165Z Resolving deltas:  40% (782/1954)
2023-02-09T01:23:10.4615220Z Resolving deltas:  41% (802/1954)
2023-02-09T01:23:10.4619297Z Resolving deltas:  42% (821/1954)
2023-02-09T01:23:10.4670698Z Resolving deltas:  43% (841/1954)
2023-02-09T01:23:10.4714025Z Resolving deltas:  44% (860/1954)
2023-02-09T01:23:10.4856768Z Resolving deltas:  45% (880/1954)
2023-02-09T01:23:10.4921001Z Resolving deltas:  46% (899/1954)
2023-02-09T01:23:10.4953879Z Resolving deltas:  47% (919/1954)
2023-02-09T01:23:10.4956246Z Resolving deltas:  48% (938/1954)
2023-02-09T01:23:10.4965739Z Resolving deltas:  49% (958/1954)
2023-02-09T01:23:10.4969493Z Resolving deltas:  50% (977/1954)
2023-02-09T01:23:10.4973466Z Resolving deltas:  51% (997/1954)
2023-02-09T01:23:10.4982136Z Resolving deltas:  52% (1017/1954)
2023-02-09T01:23:10.4991676Z Resolving deltas:  53% (1036/1954)
2023-02-09T01:23:10.4993153Z Resolving deltas:  54% (1056/1954)
2023-02-09T01:23:10.4994576Z Resolving deltas:  55% (1075/1954)
2023-02-09T01:23:10.4999482Z Resolving deltas:  56% (1095/1954)
2023-02-09T01:23:10.5006843Z Resolving deltas:  57% (1114/1954)
2023-02-09T01:23:10.5012327Z Resolving deltas:  58% (1134/1954)
2023-02-09T01:23:10.5042102Z Resolving deltas:  59% (1153/1954)
2023-02-09T01:23:10.5043009Z Resolving deltas:  60% (1173/1954)
2023-02-09T01:23:10.5043408Z Resolving deltas:  61% (1192/1954)
2023-02-09T01:23:10.5044115Z Resolving deltas:  62% (1212/1954)
2023-02-09T01:23:10.5044488Z Resolving deltas:  63% (1232/1954)
2023-02-09T01:23:10.5053572Z Resolving deltas:  64% (1251/1954)
2023-02-09T01:23:10.5068037Z Resolving deltas:  65% (1271/1954)
2023-02-09T01:23:10.5097932Z Resolving deltas:  66% (1290/1954)
2023-02-09T01:23:10.5111854Z Resolving deltas:  67% (1310/1954)
2023-02-09T01:23:10.5129052Z Resolving deltas:  68% (1329/1954)
2023-02-09T01:23:10.5133874Z Resolving deltas:  69% (1349/1954)
2023-02-09T01:23:10.5145733Z Resolving deltas:  70% (1368/1954)
2023-02-09T01:23:10.5171525Z Resolving deltas:  71% (1388/1954)
2023-02-09T01:23:10.5176292Z Resolving deltas:  72% (1407/1954)
2023-02-09T01:23:10.5176747Z Resolving deltas:  73% (1427/1954)
2023-02-09T01:23:10.5183595Z Resolving deltas:  74% (1446/1954)
2023-02-09T01:23:10.5192572Z Resolving deltas:  75% (1466/1954)
2023-02-09T01:23:10.5223404Z Resolving deltas:  76% (1486/1954)
2023-02-09T01:23:10.5241555Z Resolving deltas:  77% (1505/1954)
2023-02-09T01:23:10.5260843Z Resolving deltas:  78% (1525/1954)
2023-02-09T01:23:10.5271496Z Resolving deltas:  79% (1544/1954)
2023-02-09T01:23:10.5287515Z Resolving deltas:  80% (1564/1954)
2023-02-09T01:23:10.5302750Z Resolving deltas:  81% (1583/1954)
2023-02-09T01:23:10.5323505Z Resolving deltas:  82% (1603/1954)
2023-02-09T01:23:10.5329121Z Resolving deltas:  83% (1622/1954)
2023-02-09T01:23:10.5350418Z Resolving deltas:  84% (1642/1954)
2023-02-09T01:23:10.5367404Z Resolving deltas:  85% (1661/1954)
2023-02-09T01:23:10.5395009Z Resolving deltas:  86% (1681/1954)
2023-02-09T01:23:10.5410668Z Resolving deltas:  87% (1700/1954)
2023-02-09T01:23:10.5429045Z Resolving deltas:  88% (1720/1954)
2023-02-09T01:23:10.5467828Z Resolving deltas:  89% (1740/1954)
2023-02-09T01:23:10.5491878Z Resolving deltas:  90% (1759/1954)
2023-02-09T01:23:10.5522628Z Resolving deltas:  91% (1779/1954)
2023-02-09T01:23:10.5541029Z Resolving deltas:  92% (1798/1954)
2023-02-09T01:23:10.5570534Z Resolving deltas:  93% (1818/1954)
2023-02-09T01:23:10.5597857Z Resolving deltas:  94% (1837/1954)
2023-02-09T01:23:10.5609019Z Resolving deltas:  95% (1857/1954)
2023-02-09T01:23:10.5625223Z Resolving deltas:  96% (1876/1954)
2023-02-09T01:23:10.5643868Z Resolving deltas:  97% (1896/1954)
2023-02-09T01:23:10.5660655Z Resolving deltas:  98% (1915/1954)
2023-02-09T01:23:10.5702812Z Resolving deltas:  99% (1935/1954)
2023-02-09T01:23:10.5703272Z Resolving deltas: 100% (1954/1954)
2023-02-09T01:23:10.5704030Z Resolving deltas: 100% (1954/1954), done.
2023-02-09T01:23:10.5962024Z From https://github.com/seanpm2001/GitHub_Stats_A
2023-02-09T01:23:10.5962731Z  * [new ref]         ea65802fe7a66e7181a2d3821b6daa9e38a80494 -> origin/master
2023-02-09T01:23:10.6001436Z ##[endgroup]
2023-02-09T01:23:10.6002000Z ##[group]Determining the checkout info
2023-02-09T01:23:10.6002803Z ##[endgroup]
2023-02-09T01:23:10.6003299Z ##[group]Checking out the ref
2023-02-09T01:23:10.6004281Z [command]/usr/bin/git checkout --progress --force -B master refs/remotes/origin/master
2023-02-09T01:23:11.0575634Z Reset branch 'master'
2023-02-09T01:23:11.0580924Z branch 'master' set up to track 'origin/master'.
2023-02-09T01:23:11.0614726Z ##[endgroup]
2023-02-09T01:23:11.0642548Z [command]/usr/bin/git log -1 --format='%H'
2023-02-09T01:23:11.0671014Z 'ea65802fe7a66e7181a2d3821b6daa9e38a80494'
2023-02-09T01:23:11.1026407Z ##[group]Run actions/setup-python@v4
2023-02-09T01:23:11.1026637Z with:
2023-02-09T01:23:11.1026822Z   python-version: 3.8
2023-02-09T01:23:11.1027034Z   architecture: x64
2023-02-09T01:23:11.1027228Z   cache: pip
2023-02-09T01:23:11.1027428Z   check-latest: false
2023-02-09T01:23:11.1027741Z   token: ***
2023-02-09T01:23:11.1027953Z   update-environment: true
2023-02-09T01:23:11.1028166Z ##[endgroup]
2023-02-09T01:23:11.2707983Z ##[group]Installed versions
2023-02-09T01:23:11.2795126Z Successfully set up CPython (3.8.16)
2023-02-09T01:23:11.2795818Z ##[endgroup]
2023-02-09T01:23:11.6231988Z [command]/opt/hostedtoolcache/Python/3.8.16/x64/bin/pip cache dir
2023-02-09T01:23:12.1022845Z /home/runner/.cache/pip
2023-02-09T01:23:12.3719654Z pip cache is not found
2023-02-09T01:23:12.3862160Z ##[group]Run python3 -m pip install --upgrade pip setuptools wheel
2023-02-09T01:23:12.3862584Z [36;1mpython3 -m pip install --upgrade pip setuptools wheel[0m
2023-02-09T01:23:12.3862904Z [36;1mpython3 -m pip install -r requirements.txt[0m
2023-02-09T01:23:12.3922082Z shell: /usr/bin/bash -e {0}
2023-02-09T01:23:12.3922310Z env:
2023-02-09T01:23:12.3922582Z   pythonLocation: /opt/hostedtoolcache/Python/3.8.16/x64
2023-02-09T01:23:12.3922931Z   PKG_CONFIG_PATH: /opt/hostedtoolcache/Python/3.8.16/x64/lib/pkgconfig
2023-02-09T01:23:12.3923258Z   Python_ROOT_DIR: /opt/hostedtoolcache/Python/3.8.16/x64
2023-02-09T01:23:12.3923576Z   Python2_ROOT_DIR: /opt/hostedtoolcache/Python/3.8.16/x64
2023-02-09T01:23:12.3923883Z   Python3_ROOT_DIR: /opt/hostedtoolcache/Python/3.8.16/x64
2023-02-09T01:23:12.3924186Z   LD_LIBRARY_PATH: /opt/hostedtoolcache/Python/3.8.16/x64/lib
2023-02-09T01:23:12.3924427Z ##[endgroup]
2023-02-09T01:23:13.0571833Z Requirement already satisfied: pip in /opt/hostedtoolcache/Python/3.8.16/x64/lib/python3.8/site-packages (22.3.1)
2023-02-09T01:23:13.2584526Z Collecting pip
2023-02-09T01:23:13.3909406Z   Downloading pip-23.0-py3-none-any.whl (2.1 MB)
2023-02-09T01:23:13.5734216Z      ━━━━━━━━━━━━━━━━━━━━━━━━━━━━━━━━━━━━━━━━ 2.1/2.1 MB 11.6 MB/s eta 0:00:00
2023-02-09T01:23:13.5868427Z Requirement already satisfied: setuptools in /opt/hostedtoolcache/Python/3.8.16/x64/lib/python3.8/site-packages (56.0.0)
2023-02-09T01:23:13.8922477Z Collecting setuptools
2023-02-09T01:23:13.9072337Z   Downloading setuptools-67.2.0-py3-none-any.whl (1.1 MB)
2023-02-09T01:23:13.9567560Z      ━━━━━━━━━━━━━━━━━━━━━━━━━━━━━━━━━━━━━━━━ 1.1/1.1 MB 22.8 MB/s eta 0:00:00
2023-02-09T01:23:14.0117370Z Collecting wheel
2023-02-09T01:23:14.0231853Z   Downloading wheel-0.38.4-py3-none-any.whl (36 kB)
2023-02-09T01:23:14.1492413Z Installing collected packages: wheel, setuptools, pip
2023-02-09T01:23:14.1776071Z   Attempting uninstall: setuptools
2023-02-09T01:23:14.1783079Z     Found existing installation: setuptools 56.0.0
2023-02-09T01:23:14.2297773Z     Uninstalling setuptools-56.0.0:
2023-02-09T01:23:14.2404116Z       Successfully uninstalled setuptools-56.0.0
2023-02-09T01:23:14.6846526Z   Attempting uninstall: pip
2023-02-09T01:23:14.6852785Z     Found existing installation: pip 22.3.1
2023-02-09T01:23:14.8654681Z     Uninstalling pip-22.3.1:
2023-02-09T01:23:14.9194996Z       Successfully uninstalled pip-22.3.1
2023-02-09T01:23:15.9778112Z Successfully installed pip-23.0 setuptools-67.2.0 wheel-0.38.4
2023-02-09T01:23:16.9044381Z Collecting requests
2023-02-09T01:23:17.0172282Z   Downloading requests-2.28.2-py3-none-any.whl (62 kB)
2023-02-09T01:23:17.0444970Z      ━━━━━━━━━━━━━━━━━━━━━━━━━━━━━━━━━━━━━━━━ 62.8/62.8 kB 2.2 MB/s eta 0:00:00
2023-02-09T01:23:17.5132354Z Collecting aiohttp
2023-02-09T01:23:17.5265094Z   Downloading aiohttp-3.8.3-cp38-cp38-manylinux_2_17_x86_64.manylinux2014_x86_64.whl (1.0 MB)
2023-02-09T01:23:17.5652220Z      ━━━━━━━━━━━━━━━━━━━━━━━━━━━━━━━━━━━━━━━━ 1.0/1.0 MB 28.4 MB/s eta 0:00:00
2023-02-09T01:23:17.6380337Z Collecting urllib3<1.27,>=1.21.1
2023-02-09T01:23:17.6511789Z   Downloading urllib3-1.26.14-py2.py3-none-any.whl (140 kB)
2023-02-09T01:23:17.6567665Z      ━━━━━━━━━━━━━━━━━━━━━━━━━━━━━━━━━━━━━━ 140.6/140.6 kB 45.4 MB/s eta 0:00:00
2023-02-09T01:23:17.6954601Z Collecting certifi>=2017.4.17
2023-02-09T01:23:17.7075944Z   Downloading certifi-2022.12.7-py3-none-any.whl (155 kB)
2023-02-09T01:23:17.7129533Z      ━━━━━━━━━━━━━━━━━━━━━━━━━━━━━━━━━━━━━━ 155.3/155.3 kB 53.9 MB/s eta 0:00:00
2023-02-09T01:23:17.7412323Z Collecting idna<4,>=2.5
2023-02-09T01:23:17.7518237Z   Downloading idna-3.4-py3-none-any.whl (61 kB)
2023-02-09T01:23:17.7562399Z      ━━━━━━━━━━━━━━━━━━━━━━━━━━━━━━━━━━━━━━━━ 61.5/61.5 kB 26.2 MB/s eta 0:00:00
2023-02-09T01:23:17.8597427Z Collecting charset-normalizer<4,>=2
2023-02-09T01:23:17.8722248Z   Downloading charset_normalizer-3.0.1-cp38-cp38-manylinux_2_17_x86_64.manylinux2014_x86_64.whl (195 kB)
2023-02-09T01:23:17.8777531Z      ━━━━━━━━━━━━━━━━━━━━━━━━━━━━━━━━━━━━━━ 195.4/195.4 kB 63.6 MB/s eta 0:00:00
2023-02-09T01:23:17.9159751Z Collecting aiosignal>=1.1.2
2023-02-09T01:23:17.9287460Z   Downloading aiosignal-1.3.1-py3-none-any.whl (7.6 kB)
2023-02-09T01:23:18.0359955Z Collecting frozenlist>=1.1.1
2023-02-09T01:23:18.0477187Z   Downloading frozenlist-1.3.3-cp38-cp38-manylinux_2_5_x86_64.manylinux1_x86_64.manylinux_2_17_x86_64.manylinux2014_x86_64.whl (161 kB)
2023-02-09T01:23:18.0542517Z      ━━━━━━━━━━━━━━━━━━━━━━━━━━━━━━━━━━━━━━ 161.3/161.3 kB 38.7 MB/s eta 0:00:00
2023-02-09T01:23:18.0662711Z Collecting charset-normalizer<4,>=2
2023-02-09T01:23:18.0777463Z   Downloading charset_normalizer-2.1.1-py3-none-any.whl (39 kB)
2023-02-09T01:23:18.1142171Z Collecting attrs>=17.3.0
2023-02-09T01:23:18.1249945Z   Downloading attrs-22.2.0-py3-none-any.whl (60 kB)
2023-02-09T01:23:18.1293752Z      ━━━━━━━━━━━━━━━━━━━━━━━━━━━━━━━━━━━━━━━━ 60.0/60.0 kB 25.3 MB/s eta 0:00:00
2023-02-09T01:23:18.5645808Z Collecting multidict<7.0,>=4.5
2023-02-09T01:23:18.5753404Z   Downloading multidict-6.0.4-cp38-cp38-manylinux_2_17_x86_64.manylinux2014_x86_64.whl (121 kB)
2023-02-09T01:23:18.5808473Z      ━━━━━━━━━━━━━━━━━━━━━━━━━━━━━━━━━━━━━━ 121.3/121.3 kB 39.4 MB/s eta 0:00:00
2023-02-09T01:23:18.8217483Z Collecting yarl<2.0,>=1.0
2023-02-09T01:23:18.8341538Z   Downloading yarl-1.8.2-cp38-cp38-manylinux_2_17_x86_64.manylinux2014_x86_64.whl (262 kB)
2023-02-09T01:23:18.8406273Z      ━━━━━━━━━━━━━━━━━━━━━━━━━━━━━━━━━━━━━━ 262.1/262.1 kB 67.6 MB/s eta 0:00:00
2023-02-09T01:23:18.8721438Z Collecting async-timeout<5.0,>=4.0.0a3
2023-02-09T01:23:18.8828030Z   Downloading async_timeout-4.0.2-py3-none-any.whl (5.8 kB)
2023-02-09T01:23:19.1005320Z Installing collected packages: urllib3, multidict, idna, frozenlist, charset-normalizer, certifi, attrs, async-timeout, yarl, requests, aiosignal, aiohttp
2023-02-09T01:23:19.5628613Z Successfully installed aiohttp-3.8.3 aiosignal-1.3.1 async-timeout-4.0.2 attrs-22.2.0 certifi-2022.12.7 charset-normalizer-2.1.1 frozenlist-1.3.3 idna-3.4 multidict-6.0.4 requests-2.28.2 urllib3-1.26.14 yarl-1.8.2
2023-02-09T01:23:19.7272745Z ##[group]Run python3 --version
2023-02-09T01:23:19.7273018Z [36;1mpython3 --version[0m
2023-02-09T01:23:19.7273259Z [36;1mpython3 generate_images.py[0m
2023-02-09T01:23:19.7325525Z shell: /usr/bin/bash -e {0}
2023-02-09T01:23:19.7325744Z env:
2023-02-09T01:23:19.7326003Z   pythonLocation: /opt/hostedtoolcache/Python/3.8.16/x64
2023-02-09T01:23:19.7326337Z   PKG_CONFIG_PATH: /opt/hostedtoolcache/Python/3.8.16/x64/lib/pkgconfig
2023-02-09T01:23:19.7326668Z   Python_ROOT_DIR: /opt/hostedtoolcache/Python/3.8.16/x64
2023-02-09T01:23:19.7326976Z   Python2_ROOT_DIR: /opt/hostedtoolcache/Python/3.8.16/x64
2023-02-09T01:23:19.7327281Z   Python3_ROOT_DIR: /opt/hostedtoolcache/Python/3.8.16/x64
2023-02-09T01:23:19.7327590Z   LD_LIBRARY_PATH: /opt/hostedtoolcache/Python/3.8.16/x64/lib
2023-02-09T01:23:19.7327996Z   ACCESS_TOKEN: ***
2023-02-09T01:23:19.7328306Z   GITHUB_TOKEN: ***
2023-02-09T01:23:19.7328589Z   EXCLUDED: 
2023-02-09T01:23:19.7328784Z   EXCLUDED_LANGS: 
2023-02-09T01:23:19.7329015Z   EXCLUDE_FORKED_REPOS: true
2023-02-09T01:23:19.7329227Z ##[endgroup]
2023-02-09T01:23:19.7415334Z Python 3.8.16
2023-02-09T01:23:54.0285562Z unhandled exception during asyncio.run() shutdown
2023-02-09T01:23:54.0286373Z task: <Task finished name='Task-2' coro=<generate_languages() done, defined at generate_images.py:52> exception=AttributeError("'NoneType' object has no attribute 'get'")>
2023-02-09T01:23:54.0293114Z Traceback (most recent call last):
2023-02-09T01:23:54.0300899Z   File "/opt/hostedtoolcache/Python/3.8.16/x64/lib/python3.8/asyncio/runners.py", line 44, in run
2023-02-09T01:23:54.0301295Z     return loop.run_until_complete(main)
2023-02-09T01:23:54.0301721Z   File "/opt/hostedtoolcache/Python/3.8.16/x64/lib/python3.8/asyncio/base_events.py", line 616, in run_until_complete
2023-02-09T01:23:54.0302060Z     return future.result()
2023-02-09T01:23:54.0302345Z   File "generate_images.py", line 132, in main
2023-02-09T01:23:54.0302696Z     await asyncio.gather(generate_languages(s), generate_overview(s))
2023-02-09T01:23:54.0303065Z   File "generate_images.py", line 38, in generate_overview
2023-02-09T01:23:54.0303382Z     output = re.sub("{{ name }}", await s.name, output)
2023-02-09T01:23:54.0303749Z   File "/home/runner/work/GitHub_Stats_A/GitHub_Stats_A/github_stats.py", line 390, in name
2023-02-09T01:23:54.0304042Z     await self.get_stats()
2023-02-09T01:23:54.0304386Z   File "/home/runner/work/GitHub_Stats_A/GitHub_Stats_A/github_stats.py", line 319, in get_stats
2023-02-09T01:23:54.0304756Z     self._name = raw_results.get("data", {}).get("viewer", {}).get("name", None)
2023-02-09T01:23:54.0305217Z AttributeError: 'NoneType' object has no attribute 'get'
2023-02-09T01:23:54.0305404Z 
2023-02-09T01:23:54.0305572Z During handling of the above exception, another exception occurred:
2023-02-09T01:23:54.0305773Z 
2023-02-09T01:23:54.0305887Z Traceback (most recent call last):
2023-02-09T01:23:54.0306205Z   File "generate_images.py", line 63, in generate_languages
2023-02-09T01:23:54.0306544Z     (await s.languages).items(), reverse=True, key=lambda t: t[1].get("size")
2023-02-09T01:23:54.0306947Z   File "/home/runner/work/GitHub_Stats_A/GitHub_Stats_A/github_stats.py", line 423, in languages
2023-02-09T01:23:54.0307249Z     await self.get_stats()
2023-02-09T01:23:54.0307598Z   File "/home/runner/work/GitHub_Stats_A/GitHub_Stats_A/github_stats.py", line 319, in get_stats
2023-02-09T01:23:54.0307951Z     self._name = raw_results.get("data", {}).get("viewer", {}).get("name", None)
2023-02-09T01:23:54.0308338Z AttributeError: 'NoneType' object has no attribute 'get'
2023-02-09T01:23:54.0308632Z Traceback (most recent call last):
2023-02-09T01:23:54.0308924Z   File "generate_images.py", line 136, in <module>
2023-02-09T01:23:54.0309171Z     asyncio.run(main())
2023-02-09T01:23:54.0309511Z   File "/opt/hostedtoolcache/Python/3.8.16/x64/lib/python3.8/asyncio/runners.py", line 44, in run
2023-02-09T01:23:54.0309836Z     return loop.run_until_complete(main)
2023-02-09T01:23:54.0310500Z   File "/opt/hostedtoolcache/Python/3.8.16/x64/lib/python3.8/asyncio/base_events.py", line 616, in run_until_complete
2023-02-09T01:23:54.0310948Z     return future.result()
2023-02-09T01:23:54.0311231Z   File "generate_images.py", line 132, in main
2023-02-09T01:23:54.0311549Z     await asyncio.gather(generate_languages(s), generate_overview(s))
2023-02-09T01:23:54.0311918Z   File "generate_images.py", line 38, in generate_overview
2023-02-09T01:23:54.0312222Z     output = re.sub("{{ name }}", await s.name, output)
2023-02-09T01:23:54.0312584Z   File "/home/runner/work/GitHub_Stats_A/GitHub_Stats_A/github_stats.py", line 390, in name
2023-02-09T01:23:54.0312883Z     await self.get_stats()
2023-02-09T01:23:54.0313218Z   File "/home/runner/work/GitHub_Stats_A/GitHub_Stats_A/github_stats.py", line 319, in get_stats
2023-02-09T01:23:54.0313582Z     self._name = raw_results.get("data", {}).get("viewer", {}).get("name", None)
2023-02-09T01:23:54.0314062Z AttributeError: 'NoneType' object has no attribute 'get'
2023-02-09T01:23:54.0314367Z aiohttp failed for GraphQL query
2023-02-09T01:23:54.0536675Z ##[error]Process completed with exit code 1.
2023-02-09T01:23:54.0591311Z Post job cleanup.
2023-02-09T01:23:54.1924928Z [command]/usr/bin/git version
2023-02-09T01:23:54.1969513Z git version 2.39.1
2023-02-09T01:23:54.2014109Z Temporarily overriding HOME='/home/runner/work/_temp/b1f94abf-be0e-4fca-bf7f-6e148f9d65a9' before making global git config changes
2023-02-09T01:23:54.2015214Z Adding repository directory to the temporary git global config as a safe directory
2023-02-09T01:23:54.2020776Z [command]/usr/bin/git config --global --add safe.directory /home/runner/work/GitHub_Stats_A/GitHub_Stats_A
2023-02-09T01:23:54.2059321Z [command]/usr/bin/git config --local --name-only --get-regexp core\.sshCommand
2023-02-09T01:23:54.2093367Z [command]/usr/bin/git submodule foreach --recursive sh -c "git config --local --name-only --get-regexp 'core\.sshCommand' && git config --local --unset-all 'core.sshCommand' || :"
2023-02-09T01:23:54.2322844Z [command]/usr/bin/git config --local --name-only --get-regexp http\.https\:\/\/github\.com\/\.extraheader
2023-02-09T01:23:54.2346862Z http.https://github.com/.extraheader
2023-02-09T01:23:54.2359775Z [command]/usr/bin/git config --local --unset-all http.https://github.com/.extraheader
2023-02-09T01:23:54.2394026Z [command]/usr/bin/git submodule foreach --recursive sh -c "git config --local --name-only --get-regexp 'http\.https\:\/\/github\.com\/\.extraheader' && git config --local --unset-all 'http.https://github.com/.extraheader' || :"
2023-02-09T01:23:54.2864008Z Cleaning up orphan processes
