2023-12-25T00:24:47.8516020Z Requested labels: ubuntu-latest
2023-12-25T00:24:47.8516395Z Job defined at: seanpm2001/GitHub_Stats_A/.github/workflows/main.yml@refs/heads/master
2023-12-25T00:24:47.8516514Z Waiting for a runner to pick up this job...
2023-12-25T00:24:48.5474036Z Job is waiting for a hosted runner to come online.
2023-12-25T00:24:51.6596185Z Job is about to start running on the hosted runner: GitHub Actions 2 (hosted)
2023-12-25T00:24:53.5158857Z Current runner version: '2.311.0'
2023-12-25T00:24:53.5181580Z ##[group]Operating System
2023-12-25T00:24:53.5182197Z Ubuntu
2023-12-25T00:24:53.5182659Z 22.04.3
2023-12-25T00:24:53.5183000Z LTS
2023-12-25T00:24:53.5183306Z ##[endgroup]
2023-12-25T00:24:53.5183793Z ##[group]Runner Image
2023-12-25T00:24:53.5184251Z Image: ubuntu-22.04
2023-12-25T00:24:53.5184714Z Version: 20231217.2.0
2023-12-25T00:24:53.5185726Z Included Software: https://github.com/actions/runner-images/blob/ubuntu22/20231217.2/images/ubuntu/Ubuntu2204-Readme.md
2023-12-25T00:24:53.5187259Z Image Release: https://github.com/actions/runner-images/releases/tag/ubuntu22%2F20231217.2
2023-12-25T00:24:53.5188214Z ##[endgroup]
2023-12-25T00:24:53.5188628Z ##[group]Runner Image Provisioner
2023-12-25T00:24:53.5189079Z 2.0.321.1
2023-12-25T00:24:53.5189542Z ##[endgroup]
2023-12-25T00:24:53.5190445Z ##[group]GITHUB_TOKEN Permissions
2023-12-25T00:24:53.5191976Z Contents: write
2023-12-25T00:24:53.5192583Z Metadata: read
2023-12-25T00:24:53.5193110Z ##[endgroup]
2023-12-25T00:24:53.5196232Z Secret source: Actions
2023-12-25T00:24:53.5196787Z Prepare workflow directory
2023-12-25T00:24:53.5812892Z Prepare all required actions
2023-12-25T00:24:53.5967183Z Getting action download info
2023-12-25T00:24:53.8453991Z Download action repository 'actions/checkout@v3' (SHA:f43a0e5ff2bd294095638e18286ca9a3d1956744)
2023-12-25T00:24:53.9554140Z Download action repository 'actions/setup-python@v4' (SHA:65d7f2d534ac1bc67fcd62888c5f4f3d2cb2b236)
2023-12-25T00:24:54.1564219Z Complete job name: build
2023-12-25T00:24:54.2504306Z ##[group]Run actions/checkout@v3
2023-12-25T00:24:54.2504921Z with:
2023-12-25T00:24:54.2505368Z   repository: seanpm2001/GitHub_Stats_A
2023-12-25T00:24:54.2506309Z   token: ***
2023-12-25T00:24:54.2506755Z   ssh-strict: true
2023-12-25T00:24:54.2507279Z   persist-credentials: true
2023-12-25T00:24:54.2507763Z   clean: true
2023-12-25T00:24:54.2508203Z   sparse-checkout-cone-mode: true
2023-12-25T00:24:54.2508807Z   fetch-depth: 1
2023-12-25T00:24:54.2509249Z   fetch-tags: false
2023-12-25T00:24:54.2509657Z   lfs: false
2023-12-25T00:24:54.2510103Z   submodules: false
2023-12-25T00:24:54.2510563Z   set-safe-directory: true
2023-12-25T00:24:54.2511011Z ##[endgroup]
2023-12-25T00:24:54.4126083Z Syncing repository: seanpm2001/GitHub_Stats_A
2023-12-25T00:24:54.4129495Z ##[group]Getting Git version info
2023-12-25T00:24:54.4131138Z Working directory is '/home/runner/work/GitHub_Stats_A/GitHub_Stats_A'
2023-12-25T00:24:54.4133467Z [command]/usr/bin/git version
2023-12-25T00:24:54.4134734Z git version 2.43.0
2023-12-25T00:24:54.4138179Z ##[endgroup]
2023-12-25T00:24:54.4154189Z Temporarily overriding HOME='/home/runner/work/_temp/47244b53-28d9-40e5-8207-7672f36cf8c3' before making global git config changes
2023-12-25T00:24:54.4155898Z Adding repository directory to the temporary git global config as a safe directory
2023-12-25T00:24:54.4157533Z [command]/usr/bin/git config --global --add safe.directory /home/runner/work/GitHub_Stats_A/GitHub_Stats_A
2023-12-25T00:24:54.4190004Z Deleting the contents of '/home/runner/work/GitHub_Stats_A/GitHub_Stats_A'
2023-12-25T00:24:54.4193864Z ##[group]Initializing the repository
2023-12-25T00:24:54.4197039Z [command]/usr/bin/git init /home/runner/work/GitHub_Stats_A/GitHub_Stats_A
2023-12-25T00:24:54.4265676Z hint: Using 'master' as the name for the initial branch. This default branch name
2023-12-25T00:24:54.4267812Z hint: is subject to change. To configure the initial branch name to use in all
2023-12-25T00:24:54.4269816Z hint: of your new repositories, which will suppress this warning, call:
2023-12-25T00:24:54.4271433Z hint: 
2023-12-25T00:24:54.4272610Z hint: 	git config --global init.defaultBranch <name>
2023-12-25T00:24:54.4273740Z hint: 
2023-12-25T00:24:54.4275054Z hint: Names commonly chosen instead of 'master' are 'main', 'trunk' and
2023-12-25T00:24:54.4277057Z hint: 'development'. The just-created branch can be renamed via this command:
2023-12-25T00:24:54.4277965Z hint: 
2023-12-25T00:24:54.4278514Z hint: 	git branch -m <name>
2023-12-25T00:24:54.4280035Z Initialized empty Git repository in /home/runner/work/GitHub_Stats_A/GitHub_Stats_A/.git/
2023-12-25T00:24:54.4284933Z [command]/usr/bin/git remote add origin https://github.com/seanpm2001/GitHub_Stats_A
2023-12-25T00:24:54.4326045Z ##[endgroup]
2023-12-25T00:24:54.4326871Z ##[group]Disabling automatic garbage collection
2023-12-25T00:24:54.4329111Z [command]/usr/bin/git config --local gc.auto 0
2023-12-25T00:24:54.4365182Z ##[endgroup]
2023-12-25T00:24:54.4365953Z ##[group]Setting up auth
2023-12-25T00:24:54.4370996Z [command]/usr/bin/git config --local --name-only --get-regexp core\.sshCommand
2023-12-25T00:24:54.4409077Z [command]/usr/bin/git submodule foreach --recursive sh -c "git config --local --name-only --get-regexp 'core\.sshCommand' && git config --local --unset-all 'core.sshCommand' || :"
2023-12-25T00:24:54.4716584Z [command]/usr/bin/git config --local --name-only --get-regexp http\.https\:\/\/github\.com\/\.extraheader
2023-12-25T00:24:54.4753364Z [command]/usr/bin/git submodule foreach --recursive sh -c "git config --local --name-only --get-regexp 'http\.https\:\/\/github\.com\/\.extraheader' && git config --local --unset-all 'http.https://github.com/.extraheader' || :"
2023-12-25T00:24:54.4997184Z [command]/usr/bin/git config --local http.https://github.com/.extraheader AUTHORIZATION: basic ***
2023-12-25T00:24:54.5045728Z ##[endgroup]
2023-12-25T00:24:54.5047116Z ##[group]Fetching the repository
2023-12-25T00:24:54.5058880Z [command]/usr/bin/git -c protocol.version=2 fetch --no-tags --prune --progress --no-recurse-submodules --depth=1 origin +b8f131cb3ac71f45c7336deb5ede73932a83b331:refs/remotes/origin/master
2023-12-25T00:24:54.7969760Z remote: Enumerating objects: 9670, done.        
2023-12-25T00:24:54.7990919Z remote: Counting objects:   0% (1/9670)        
2023-12-25T00:24:54.7991920Z remote: Counting objects:   1% (97/9670)        
2023-12-25T00:24:54.7993038Z remote: Counting objects:   2% (194/9670)        
2023-12-25T00:24:54.7994060Z remote: Counting objects:   3% (291/9670)        
2023-12-25T00:24:54.7995123Z remote: Counting objects:   4% (387/9670)        
2023-12-25T00:24:54.7996377Z remote: Counting objects:   5% (484/9670)        
2023-12-25T00:24:54.7997306Z remote: Counting objects:   6% (581/9670)        
2023-12-25T00:24:54.7998197Z remote: Counting objects:   7% (677/9670)        
2023-12-25T00:24:54.7999096Z remote: Counting objects:   8% (774/9670)        
2023-12-25T00:24:54.8000066Z remote: Counting objects:   9% (871/9670)        
2023-12-25T00:24:54.8001637Z remote: Counting objects:  10% (967/9670)        
2023-12-25T00:24:54.8002578Z remote: Counting objects:  11% (1064/9670)        
2023-12-25T00:24:54.8003631Z remote: Counting objects:  12% (1161/9670)        
2023-12-25T00:24:54.8004348Z remote: Counting objects:  13% (1258/9670)        
2023-12-25T00:24:54.8004929Z remote: Counting objects:  14% (1354/9670)        
2023-12-25T00:24:54.8005624Z remote: Counting objects:  15% (1451/9670)        
2023-12-25T00:24:54.8006194Z remote: Counting objects:  16% (1548/9670)        
2023-12-25T00:24:54.8006765Z remote: Counting objects:  17% (1644/9670)        
2023-12-25T00:24:54.8007382Z remote: Counting objects:  18% (1741/9670)        
2023-12-25T00:24:54.8007867Z remote: Counting objects:  19% (1838/9670)        
2023-12-25T00:24:54.8008378Z remote: Counting objects:  20% (1934/9670)        
2023-12-25T00:24:54.8165300Z remote: Counting objects:  21% (2031/9670)        
2023-12-25T00:24:54.8166419Z remote: Counting objects:  22% (2128/9670)        
2023-12-25T00:24:54.8167786Z remote: Counting objects:  23% (2225/9670)        
2023-12-25T00:24:54.8168389Z remote: Counting objects:  24% (2321/9670)        
2023-12-25T00:24:54.8168944Z remote: Counting objects:  25% (2418/9670)        
2023-12-25T00:24:54.8169573Z remote: Counting objects:  26% (2515/9670)        
2023-12-25T00:24:54.8170108Z remote: Counting objects:  27% (2611/9670)        
2023-12-25T00:24:54.8170617Z remote: Counting objects:  28% (2708/9670)        
2023-12-25T00:24:54.8171503Z remote: Counting objects:  29% (2805/9670)        
2023-12-25T00:24:54.8172059Z remote: Counting objects:  30% (2901/9670)        
2023-12-25T00:24:54.8172601Z remote: Counting objects:  31% (2998/9670)        
2023-12-25T00:24:54.8173158Z remote: Counting objects:  32% (3095/9670)        
2023-12-25T00:24:54.8173673Z remote: Counting objects:  33% (3192/9670)        
2023-12-25T00:24:54.8174213Z remote: Counting objects:  34% (3288/9670)        
2023-12-25T00:24:54.8174800Z remote: Counting objects:  35% (3385/9670)        
2023-12-25T00:24:54.8175295Z remote: Counting objects:  36% (3482/9670)        
2023-12-25T00:24:54.8175829Z remote: Counting objects:  37% (3578/9670)        
2023-12-25T00:24:54.8176405Z remote: Counting objects:  38% (3675/9670)        
2023-12-25T00:24:54.8176923Z remote: Counting objects:  39% (3772/9670)        
2023-12-25T00:24:54.8177465Z remote: Counting objects:  40% (3868/9670)        
2023-12-25T00:24:54.8178055Z remote: Counting objects:  41% (3965/9670)        
2023-12-25T00:24:54.8178590Z remote: Counting objects:  42% (4062/9670)        
2023-12-25T00:24:54.8179051Z remote: Counting objects:  43% (4159/9670)        
2023-12-25T00:24:54.8179631Z remote: Counting objects:  44% (4255/9670)        
2023-12-25T00:24:54.8180191Z remote: Counting objects:  45% (4352/9670)        
2023-12-25T00:24:54.8180759Z remote: Counting objects:  46% (4449/9670)        
2023-12-25T00:24:54.8181237Z remote: Counting objects:  47% (4545/9670)        
2023-12-25T00:24:54.8181918Z remote: Counting objects:  48% (4642/9670)        
2023-12-25T00:24:54.8182493Z remote: Counting objects:  49% (4739/9670)        
2023-12-25T00:24:54.8183015Z remote: Counting objects:  50% (4835/9670)        
2023-12-25T00:24:54.8183479Z remote: Counting objects:  51% (4932/9670)        
2023-12-25T00:24:54.8184049Z remote: Counting objects:  52% (5029/9670)        
2023-12-25T00:24:54.8184589Z remote: Counting objects:  53% (5126/9670)        
2023-12-25T00:24:54.8185094Z remote: Counting objects:  54% (5222/9670)        
2023-12-25T00:24:54.8185660Z remote: Counting objects:  55% (5319/9670)        
2023-12-25T00:24:54.8186172Z remote: Counting objects:  56% (5416/9670)        
2023-12-25T00:24:54.8186662Z remote: Counting objects:  57% (5512/9670)        
2023-12-25T00:24:54.8187235Z remote: Counting objects:  58% (5609/9670)        
2023-12-25T00:24:54.8187698Z remote: Counting objects:  59% (5706/9670)        
2023-12-25T00:24:54.8188189Z remote: Counting objects:  60% (5802/9670)        
2023-12-25T00:24:54.8188761Z remote: Counting objects:  61% (5899/9670)        
2023-12-25T00:24:54.8189252Z remote: Counting objects:  62% (5996/9670)        
2023-12-25T00:24:54.8189709Z remote: Counting objects:  63% (6093/9670)        
2023-12-25T00:24:54.8190290Z remote: Counting objects:  64% (6189/9670)        
2023-12-25T00:24:54.8190802Z remote: Counting objects:  65% (6286/9670)        
2023-12-25T00:24:54.8191309Z remote: Counting objects:  66% (6383/9670)        
2023-12-25T00:24:54.8191870Z remote: Counting objects:  67% (6479/9670)        
2023-12-25T00:24:54.8192329Z remote: Counting objects:  68% (6576/9670)        
2023-12-25T00:24:54.8192837Z remote: Counting objects:  69% (6673/9670)        
2023-12-25T00:24:54.8193385Z remote: Counting objects:  70% (6769/9670)        
2023-12-25T00:24:54.8193874Z remote: Counting objects:  71% (6866/9670)        
2023-12-25T00:24:54.8194347Z remote: Counting objects:  72% (6963/9670)        
2023-12-25T00:24:54.8194943Z remote: Counting objects:  73% (7060/9670)        
2023-12-25T00:24:54.8195482Z remote: Counting objects:  74% (7156/9670)        
2023-12-25T00:24:54.8196040Z remote: Counting objects:  75% (7253/9670)        
2023-12-25T00:24:54.8196534Z remote: Counting objects:  76% (7350/9670)        
2023-12-25T00:24:54.8197044Z remote: Counting objects:  77% (7446/9670)        
2023-12-25T00:24:54.8197592Z remote: Counting objects:  78% (7543/9670)        
2023-12-25T00:24:54.8198108Z remote: Counting objects:  79% (7640/9670)        
2023-12-25T00:24:54.8198727Z remote: Counting objects:  80% (7736/9670)        
2023-12-25T00:24:54.8199289Z remote: Counting objects:  81% (7833/9670)        
2023-12-25T00:24:54.8199803Z remote: Counting objects:  82% (7930/9670)        
2023-12-25T00:24:54.8200295Z remote: Counting objects:  83% (8027/9670)        
2023-12-25T00:24:54.8200811Z remote: Counting objects:  84% (8123/9670)        
2023-12-25T00:24:54.8201604Z remote: Counting objects:  85% (8220/9670)        
2023-12-25T00:24:54.8202106Z remote: Counting objects:  86% (8317/9670)        
2023-12-25T00:24:54.8202709Z remote: Counting objects:  87% (8413/9670)        
2023-12-25T00:24:54.8203187Z remote: Counting objects:  88% (8510/9670)        
2023-12-25T00:24:54.8203678Z remote: Counting objects:  89% (8607/9670)        
2023-12-25T00:24:54.8204246Z remote: Counting objects:  90% (8703/9670)        
2023-12-25T00:24:54.8204744Z remote: Counting objects:  91% (8800/9670)        
2023-12-25T00:24:54.8205198Z remote: Counting objects:  92% (8897/9670)        
2023-12-25T00:24:54.8205777Z remote: Counting objects:  93% (8994/9670)        
2023-12-25T00:24:54.8206266Z remote: Counting objects:  94% (9090/9670)        
2023-12-25T00:24:54.8206753Z remote: Counting objects:  95% (9187/9670)        
2023-12-25T00:24:54.8207287Z remote: Counting objects:  96% (9284/9670)        
2023-12-25T00:24:54.8207782Z remote: Counting objects:  97% (9380/9670)        
2023-12-25T00:24:54.8208314Z remote: Counting objects:  98% (9477/9670)        
2023-12-25T00:24:54.8209053Z remote: Counting objects:  99% (9574/9670)        
2023-12-25T00:24:54.8209551Z remote: Counting objects: 100% (9670/9670)        
2023-12-25T00:24:54.8210110Z remote: Counting objects: 100% (9670/9670), done.        
2023-12-25T00:24:54.8341724Z remote: Compressing objects:   0% (1/3747)        
2023-12-25T00:24:54.8342796Z remote: Compressing objects:   1% (38/3747)        
2023-12-25T00:24:54.8343598Z remote: Compressing objects:   2% (75/3747)        
2023-12-25T00:24:54.9413791Z remote: Compressing objects:   3% (113/3747)        
2023-12-25T00:24:54.9438316Z remote: Compressing objects:   4% (150/3747)        
2023-12-25T00:24:54.9469657Z remote: Compressing objects:   5% (188/3747)        
2023-12-25T00:24:54.9483147Z remote: Compressing objects:   6% (225/3747)        
2023-12-25T00:24:54.9484041Z remote: Compressing objects:   7% (263/3747)        
2023-12-25T00:24:54.9484951Z remote: Compressing objects:   8% (300/3747)        
2023-12-25T00:24:54.9485669Z remote: Compressing objects:   9% (338/3747)        
2023-12-25T00:24:54.9486268Z remote: Compressing objects:  10% (375/3747)        
2023-12-25T00:24:54.9486872Z remote: Compressing objects:  11% (413/3747)        
2023-12-25T00:24:54.9487437Z remote: Compressing objects:  12% (450/3747)        
2023-12-25T00:24:54.9488015Z remote: Compressing objects:  13% (488/3747)        
2023-12-25T00:24:54.9488639Z remote: Compressing objects:  14% (525/3747)        
2023-12-25T00:24:54.9489210Z remote: Compressing objects:  15% (563/3747)        
2023-12-25T00:24:54.9489811Z remote: Compressing objects:  16% (600/3747)        
2023-12-25T00:24:54.9490472Z remote: Compressing objects:  17% (637/3747)        
2023-12-25T00:24:54.9613211Z remote: Compressing objects:  18% (675/3747)        
2023-12-25T00:24:54.9631850Z remote: Compressing objects:  19% (712/3747)        
2023-12-25T00:24:54.9633346Z remote: Compressing objects:  20% (750/3747)        
2023-12-25T00:24:54.9634901Z remote: Compressing objects:  21% (787/3747)        
2023-12-25T00:24:54.9636330Z remote: Compressing objects:  22% (825/3747)        
2023-12-25T00:24:54.9637512Z remote: Compressing objects:  23% (862/3747)        
2023-12-25T00:24:54.9638699Z remote: Compressing objects:  24% (900/3747)        
2023-12-25T00:24:54.9640015Z remote: Compressing objects:  25% (937/3747)        
2023-12-25T00:24:54.9641389Z remote: Compressing objects:  26% (975/3747)        
2023-12-25T00:24:54.9642468Z remote: Compressing objects:  27% (1012/3747)        
2023-12-25T00:24:54.9643569Z remote: Compressing objects:  28% (1050/3747)        
2023-12-25T00:24:54.9644921Z remote: Compressing objects:  29% (1087/3747)        
2023-12-25T00:24:54.9865664Z remote: Compressing objects:  30% (1125/3747)        
2023-12-25T00:24:55.0412883Z remote: Compressing objects:  31% (1162/3747)        
2023-12-25T00:24:55.0937875Z remote: Compressing objects:  32% (1200/3747)        
2023-12-25T00:24:55.1536393Z remote: Compressing objects:  33% (1237/3747)        
2023-12-25T00:24:55.2326386Z remote: Compressing objects:  34% (1274/3747)        
2023-12-25T00:24:55.2895471Z remote: Compressing objects:  35% (1312/3747)        
2023-12-25T00:24:55.3384018Z remote: Compressing objects:  36% (1349/3747)        
2023-12-25T00:24:55.3910372Z remote: Compressing objects:  37% (1387/3747)        
2023-12-25T00:24:55.4531155Z remote: Compressing objects:  38% (1424/3747)        
2023-12-25T00:24:55.5045202Z remote: Compressing objects:  39% (1462/3747)        
2023-12-25T00:24:55.5631579Z remote: Compressing objects:  40% (1499/3747)        
2023-12-25T00:24:55.6055103Z remote: Compressing objects:  41% (1537/3747)        
2023-12-25T00:24:55.6452123Z remote: Compressing objects:  42% (1574/3747)        
2023-12-25T00:24:55.6750538Z remote: Compressing objects:  43% (1612/3747)        
2023-12-25T00:24:55.7952682Z remote: Compressing objects:  44% (1649/3747)        
2023-12-25T00:24:55.8156296Z remote: Compressing objects:  45% (1687/3747)        
2023-12-25T00:24:55.8358163Z remote: Compressing objects:  45% (1689/3747)        
2023-12-25T00:24:55.8375593Z remote: Compressing objects:  46% (1724/3747)        
2023-12-25T00:24:55.8440378Z remote: Compressing objects:  47% (1762/3747)        
2023-12-25T00:24:55.8441792Z remote: Compressing objects:  48% (1799/3747)        
2023-12-25T00:24:55.8442702Z remote: Compressing objects:  49% (1837/3747)        
2023-12-25T00:24:55.8449175Z remote: Compressing objects:  50% (1874/3747)        
2023-12-25T00:24:55.8455108Z remote: Compressing objects:  51% (1911/3747)        
2023-12-25T00:24:55.8461810Z remote: Compressing objects:  52% (1949/3747)        
2023-12-25T00:24:55.8484584Z remote: Compressing objects:  53% (1986/3747)        
2023-12-25T00:24:55.8499560Z remote: Compressing objects:  54% (2024/3747)        
2023-12-25T00:24:55.8500252Z remote: Compressing objects:  55% (2061/3747)        
2023-12-25T00:24:55.8505744Z remote: Compressing objects:  56% (2099/3747)        
2023-12-25T00:24:55.8506782Z remote: Compressing objects:  57% (2136/3747)        
2023-12-25T00:24:55.8507703Z remote: Compressing objects:  58% (2174/3747)        
2023-12-25T00:24:55.8512845Z remote: Compressing objects:  59% (2211/3747)        
2023-12-25T00:24:55.8519057Z remote: Compressing objects:  60% (2249/3747)        
2023-12-25T00:24:55.8527284Z remote: Compressing objects:  61% (2286/3747)        
2023-12-25T00:24:55.8528407Z remote: Compressing objects:  62% (2324/3747)        
2023-12-25T00:24:55.8557645Z remote: Compressing objects:  63% (2361/3747)        
2023-12-25T00:24:55.8559368Z remote: Compressing objects:  64% (2399/3747)        
2023-12-25T00:24:55.8560457Z remote: Compressing objects:  65% (2436/3747)        
2023-12-25T00:24:55.8563712Z remote: Compressing objects:  66% (2474/3747)        
2023-12-25T00:24:55.8564976Z remote: Compressing objects:  67% (2511/3747)        
2023-12-25T00:24:55.8566066Z remote: Compressing objects:  68% (2548/3747)        
2023-12-25T00:24:55.8567626Z remote: Compressing objects:  69% (2586/3747)        
2023-12-25T00:24:55.8568973Z remote: Compressing objects:  70% (2623/3747)        
2023-12-25T00:24:55.8571495Z remote: Compressing objects:  71% (2661/3747)        
2023-12-25T00:24:55.8573125Z remote: Compressing objects:  72% (2698/3747)        
2023-12-25T00:24:55.8581954Z remote: Compressing objects:  73% (2736/3747)        
2023-12-25T00:24:55.8582758Z remote: Compressing objects:  74% (2773/3747)        
2023-12-25T00:24:55.8583464Z remote: Compressing objects:  75% (2811/3747)        
2023-12-25T00:24:55.8584007Z remote: Compressing objects:  76% (2848/3747)        
2023-12-25T00:24:55.8626124Z remote: Compressing objects:  77% (2886/3747)        
2023-12-25T00:24:55.8627246Z remote: Compressing objects:  78% (2923/3747)        
2023-12-25T00:24:55.8627806Z remote: Compressing objects:  79% (2961/3747)        
2023-12-25T00:24:55.8628391Z remote: Compressing objects:  80% (2998/3747)        
2023-12-25T00:24:55.8628930Z remote: Compressing objects:  81% (3036/3747)        
2023-12-25T00:24:55.8629411Z remote: Compressing objects:  82% (3073/3747)        
2023-12-25T00:24:55.8629999Z remote: Compressing objects:  83% (3111/3747)        
2023-12-25T00:24:55.8630559Z remote: Compressing objects:  84% (3148/3747)        
2023-12-25T00:24:55.8631081Z remote: Compressing objects:  85% (3185/3747)        
2023-12-25T00:24:55.8631644Z remote: Compressing objects:  86% (3223/3747)        
2023-12-25T00:24:55.8632191Z remote: Compressing objects:  87% (3260/3747)        
2023-12-25T00:24:55.8632695Z remote: Compressing objects:  88% (3298/3747)        
2023-12-25T00:24:55.8633320Z remote: Compressing objects:  89% (3335/3747)        
2023-12-25T00:24:55.8633813Z remote: Compressing objects:  90% (3373/3747)        
2023-12-25T00:24:55.8634322Z remote: Compressing objects:  91% (3410/3747)        
2023-12-25T00:24:55.8634919Z remote: Compressing objects:  92% (3448/3747)        
2023-12-25T00:24:55.8635436Z remote: Compressing objects:  93% (3485/3747)        
2023-12-25T00:24:55.8635928Z remote: Compressing objects:  94% (3523/3747)        
2023-12-25T00:24:55.8637156Z remote: Compressing objects:  95% (3560/3747)        
2023-12-25T00:24:55.8638059Z remote: Compressing objects:  96% (3598/3747)        
2023-12-25T00:24:55.8638731Z remote: Compressing objects:  97% (3635/3747)        
2023-12-25T00:24:55.8639527Z remote: Compressing objects:  98% (3673/3747)        
2023-12-25T00:24:55.8640123Z remote: Compressing objects:  99% (3710/3747)        
2023-12-25T00:24:55.8640677Z remote: Compressing objects: 100% (3747/3747)        
2023-12-25T00:24:55.8641497Z remote: Compressing objects: 100% (3747/3747), done.        
2023-12-25T00:24:55.9061473Z Receiving objects:   0% (1/9670)
2023-12-25T00:24:55.9130395Z Receiving objects:   1% (97/9670)
2023-12-25T00:24:55.9206182Z Receiving objects:   2% (194/9670)
2023-12-25T00:24:55.9294094Z Receiving objects:   3% (291/9670)
2023-12-25T00:24:55.9315950Z Receiving objects:   4% (387/9670)
2023-12-25T00:24:55.9333167Z Receiving objects:   5% (484/9670)
2023-12-25T00:24:55.9389813Z Receiving objects:   6% (581/9670)
2023-12-25T00:24:55.9406010Z Receiving objects:   7% (677/9670)
2023-12-25T00:24:55.9439375Z Receiving objects:   8% (774/9670)
2023-12-25T00:24:55.9482287Z Receiving objects:   9% (871/9670)
2023-12-25T00:24:55.9498081Z Receiving objects:  10% (967/9670)
2023-12-25T00:24:55.9529786Z Receiving objects:  11% (1064/9670)
2023-12-25T00:24:55.9531502Z Receiving objects:  12% (1161/9670)
2023-12-25T00:24:55.9533973Z Receiving objects:  13% (1258/9670)
2023-12-25T00:24:55.9636101Z Receiving objects:  14% (1354/9670)
2023-12-25T00:24:55.9722692Z Receiving objects:  15% (1451/9670)
2023-12-25T00:24:55.9806071Z Receiving objects:  16% (1548/9670)
2023-12-25T00:24:55.9899032Z Receiving objects:  17% (1644/9670)
2023-12-25T00:24:55.9972053Z Receiving objects:  18% (1741/9670)
2023-12-25T00:24:56.0059298Z Receiving objects:  19% (1838/9670)
2023-12-25T00:24:56.0136359Z Receiving objects:  20% (1934/9670)
2023-12-25T00:24:56.0193075Z Receiving objects:  21% (2031/9670)
2023-12-25T00:24:56.0271036Z Receiving objects:  22% (2128/9670)
2023-12-25T00:24:56.0374921Z Receiving objects:  23% (2225/9670)
2023-12-25T00:24:56.0471411Z Receiving objects:  24% (2321/9670)
2023-12-25T00:24:56.0557074Z Receiving objects:  25% (2418/9670)
2023-12-25T00:24:56.0643541Z Receiving objects:  26% (2515/9670)
2023-12-25T00:24:56.0725851Z Receiving objects:  27% (2611/9670)
2023-12-25T00:24:56.0795110Z Receiving objects:  28% (2708/9670)
2023-12-25T00:24:56.0880855Z Receiving objects:  29% (2805/9670)
2023-12-25T00:24:56.0942566Z Receiving objects:  30% (2901/9670)
2023-12-25T00:24:56.1043924Z Receiving objects:  31% (2998/9670)
2023-12-25T00:24:56.1139390Z Receiving objects:  32% (3095/9670)
2023-12-25T00:24:56.1234644Z Receiving objects:  33% (3192/9670)
2023-12-25T00:24:56.1321265Z Receiving objects:  34% (3288/9670)
2023-12-25T00:24:56.1359576Z Receiving objects:  35% (3385/9670)
2023-12-25T00:24:56.1397853Z Receiving objects:  36% (3482/9670)
2023-12-25T00:24:56.1440141Z Receiving objects:  37% (3578/9670)
2023-12-25T00:24:56.1481916Z Receiving objects:  38% (3675/9670)
2023-12-25T00:24:56.1522392Z Receiving objects:  39% (3772/9670)
2023-12-25T00:24:56.1572928Z Receiving objects:  40% (3868/9670)
2023-12-25T00:24:56.1755880Z Receiving objects:  41% (3965/9670)
2023-12-25T00:24:56.1886784Z Receiving objects:  42% (4062/9670)
2023-12-25T00:24:56.2035466Z Receiving objects:  43% (4159/9670)
2023-12-25T00:24:56.2140727Z Receiving objects:  44% (4255/9670)
2023-12-25T00:24:56.2252519Z Receiving objects:  45% (4352/9670)
2023-12-25T00:24:56.2352991Z Receiving objects:  46% (4449/9670)
2023-12-25T00:24:56.2542896Z Receiving objects:  47% (4545/9670)
2023-12-25T00:24:56.2734176Z Receiving objects:  48% (4642/9670)
2023-12-25T00:24:56.2934169Z Receiving objects:  49% (4739/9670)
2023-12-25T00:24:56.3025784Z Receiving objects:  50% (4835/9670)
2023-12-25T00:24:56.3178080Z Receiving objects:  51% (4932/9670)
2023-12-25T00:24:56.3324330Z Receiving objects:  52% (5029/9670)
2023-12-25T00:24:56.3479179Z Receiving objects:  53% (5126/9670)
2023-12-25T00:24:56.3588910Z Receiving objects:  54% (5222/9670)
2023-12-25T00:24:56.3725036Z Receiving objects:  55% (5319/9670)
2023-12-25T00:24:56.3848063Z Receiving objects:  56% (5416/9670), 21.97 MiB | 43.93 MiB/s
2023-12-25T00:24:56.3943054Z Receiving objects:  57% (5512/9670), 21.97 MiB | 43.93 MiB/s
2023-12-25T00:24:56.4059012Z Receiving objects:  58% (5609/9670), 21.97 MiB | 43.93 MiB/s
2023-12-25T00:24:56.4197672Z Receiving objects:  59% (5706/9670), 21.97 MiB | 43.93 MiB/s
2023-12-25T00:24:56.4332659Z Receiving objects:  60% (5802/9670), 21.97 MiB | 43.93 MiB/s
2023-12-25T00:24:56.4492445Z Receiving objects:  61% (5899/9670), 21.97 MiB | 43.93 MiB/s
2023-12-25T00:24:56.4585363Z Receiving objects:  62% (5996/9670), 21.97 MiB | 43.93 MiB/s
2023-12-25T00:24:56.4669765Z Receiving objects:  63% (6093/9670), 21.97 MiB | 43.93 MiB/s
2023-12-25T00:24:56.4785995Z Receiving objects:  64% (6189/9670), 21.97 MiB | 43.93 MiB/s
2023-12-25T00:24:56.4872442Z Receiving objects:  65% (6286/9670), 21.97 MiB | 43.93 MiB/s
2023-12-25T00:24:56.5007731Z Receiving objects:  66% (6383/9670), 21.97 MiB | 43.93 MiB/s
2023-12-25T00:24:56.5129312Z Receiving objects:  67% (6479/9670), 21.97 MiB | 43.93 MiB/s
2023-12-25T00:24:56.5244393Z Receiving objects:  68% (6576/9670), 21.97 MiB | 43.93 MiB/s
2023-12-25T00:24:56.5399987Z Receiving objects:  69% (6673/9670), 21.97 MiB | 43.93 MiB/s
2023-12-25T00:24:56.5518098Z Receiving objects:  70% (6769/9670), 21.97 MiB | 43.93 MiB/s
2023-12-25T00:24:56.5593848Z Receiving objects:  71% (6866/9670), 21.97 MiB | 43.93 MiB/s
2023-12-25T00:24:56.5679261Z Receiving objects:  72% (6963/9670), 21.97 MiB | 43.93 MiB/s
2023-12-25T00:24:56.5786248Z Receiving objects:  73% (7060/9670), 21.97 MiB | 43.93 MiB/s
2023-12-25T00:24:56.5898872Z Receiving objects:  74% (7156/9670), 21.97 MiB | 43.93 MiB/s
2023-12-25T00:24:56.5982387Z Receiving objects:  75% (7253/9670), 21.97 MiB | 43.93 MiB/s
2023-12-25T00:24:56.6085901Z Receiving objects:  76% (7350/9670), 21.97 MiB | 43.93 MiB/s
2023-12-25T00:24:56.6198568Z Receiving objects:  77% (7446/9670), 21.97 MiB | 43.93 MiB/s
2023-12-25T00:24:56.6309847Z Receiving objects:  78% (7543/9670), 21.97 MiB | 43.93 MiB/s
2023-12-25T00:24:56.6442992Z Receiving objects:  79% (7640/9670), 21.97 MiB | 43.93 MiB/s
2023-12-25T00:24:56.6579923Z Receiving objects:  80% (7736/9670), 21.97 MiB | 43.93 MiB/s
2023-12-25T00:24:56.6654826Z Receiving objects:  81% (7833/9670), 21.97 MiB | 43.93 MiB/s
2023-12-25T00:24:56.6777424Z Receiving objects:  82% (7930/9670), 21.97 MiB | 43.93 MiB/s
2023-12-25T00:24:56.6851661Z Receiving objects:  83% (8027/9670), 21.97 MiB | 43.93 MiB/s
2023-12-25T00:24:56.6973879Z Receiving objects:  84% (8123/9670), 21.97 MiB | 43.93 MiB/s
2023-12-25T00:24:56.7055686Z Receiving objects:  85% (8220/9670), 21.97 MiB | 43.93 MiB/s
2023-12-25T00:24:56.7126236Z Receiving objects:  86% (8317/9670), 21.97 MiB | 43.93 MiB/s
2023-12-25T00:24:56.7237192Z Receiving objects:  87% (8413/9670), 21.97 MiB | 43.93 MiB/s
2023-12-25T00:24:56.7333307Z Receiving objects:  88% (8510/9670), 21.97 MiB | 43.93 MiB/s
2023-12-25T00:24:56.7399632Z Receiving objects:  89% (8607/9670), 21.97 MiB | 43.93 MiB/s
2023-12-25T00:24:56.7428028Z Receiving objects:  90% (8703/9670), 21.97 MiB | 43.93 MiB/s
2023-12-25T00:24:56.7435766Z Receiving objects:  91% (8800/9670), 21.97 MiB | 43.93 MiB/s
2023-12-25T00:24:56.7439017Z Receiving objects:  92% (8897/9670), 21.97 MiB | 43.93 MiB/s
2023-12-25T00:24:56.7445106Z Receiving objects:  93% (8994/9670), 21.97 MiB | 43.93 MiB/s
2023-12-25T00:24:56.7454150Z Receiving objects:  94% (9090/9670), 21.97 MiB | 43.93 MiB/s
2023-12-25T00:24:56.7540481Z Receiving objects:  95% (9187/9670), 21.97 MiB | 43.93 MiB/s
2023-12-25T00:24:56.7719658Z Receiving objects:  96% (9284/9670), 21.97 MiB | 43.93 MiB/s
2023-12-25T00:24:56.7995927Z Receiving objects:  97% (9380/9670), 21.97 MiB | 43.93 MiB/s
2023-12-25T00:24:56.8029937Z Receiving objects:  98% (9477/9670), 21.97 MiB | 43.93 MiB/s
2023-12-25T00:24:56.8193128Z Receiving objects:  99% (9574/9670), 21.97 MiB | 43.93 MiB/s
2023-12-25T00:24:56.8195047Z remote: Total 9670 (delta 5631), reused 9256 (delta 5521), pack-reused 0        
2023-12-25T00:24:56.8205054Z Receiving objects: 100% (9670/9670), 21.97 MiB | 43.93 MiB/s
2023-12-25T00:24:56.8206516Z Receiving objects: 100% (9670/9670), 47.14 MiB | 49.46 MiB/s, done.
2023-12-25T00:24:56.8264742Z Resolving deltas:   0% (0/5631)
2023-12-25T00:24:56.8361519Z Resolving deltas:   1% (57/5631)
2023-12-25T00:24:56.8458727Z Resolving deltas:   2% (113/5631)
2023-12-25T00:24:56.8537915Z Resolving deltas:   3% (169/5631)
2023-12-25T00:24:56.8613203Z Resolving deltas:   4% (226/5631)
2023-12-25T00:24:56.8648616Z Resolving deltas:   5% (282/5631)
2023-12-25T00:24:56.8688292Z Resolving deltas:   6% (338/5631)
2023-12-25T00:24:56.8694445Z Resolving deltas:   7% (395/5631)
2023-12-25T00:24:56.8699734Z Resolving deltas:   8% (451/5631)
2023-12-25T00:24:56.8705373Z Resolving deltas:   9% (507/5631)
2023-12-25T00:24:56.8711045Z Resolving deltas:  10% (564/5631)
2023-12-25T00:24:56.8717015Z Resolving deltas:  11% (620/5631)
2023-12-25T00:24:56.8721418Z Resolving deltas:  12% (676/5631)
2023-12-25T00:24:56.8732027Z Resolving deltas:  13% (734/5631)
2023-12-25T00:24:56.8854025Z Resolving deltas:  14% (789/5631)
2023-12-25T00:24:56.8997610Z Resolving deltas:  15% (845/5631)
2023-12-25T00:24:56.9101612Z Resolving deltas:  16% (901/5631)
2023-12-25T00:24:56.9265916Z Resolving deltas:  17% (958/5631)
2023-12-25T00:24:56.9444760Z Resolving deltas:  18% (1014/5631)
2023-12-25T00:24:56.9566146Z Resolving deltas:  19% (1070/5631)
2023-12-25T00:24:56.9757633Z Resolving deltas:  20% (1127/5631)
2023-12-25T00:24:56.9887389Z Resolving deltas:  21% (1183/5631)
2023-12-25T00:24:56.9988008Z Resolving deltas:  22% (1239/5631)
2023-12-25T00:24:57.0012570Z Resolving deltas:  23% (1296/5631)
2023-12-25T00:24:57.0023943Z Resolving deltas:  24% (1352/5631)
2023-12-25T00:24:57.0029679Z Resolving deltas:  25% (1408/5631)
2023-12-25T00:24:57.0032574Z Resolving deltas:  26% (1466/5631)
2023-12-25T00:24:57.0039622Z Resolving deltas:  27% (1521/5631)
2023-12-25T00:24:57.0047404Z Resolving deltas:  28% (1577/5631)
2023-12-25T00:24:57.0059603Z Resolving deltas:  29% (1633/5631)
2023-12-25T00:24:57.0062753Z Resolving deltas:  30% (1690/5631)
2023-12-25T00:24:57.0070946Z Resolving deltas:  31% (1746/5631)
2023-12-25T00:24:57.0094102Z Resolving deltas:  32% (1802/5631)
2023-12-25T00:24:57.0108162Z Resolving deltas:  33% (1859/5631)
2023-12-25T00:24:57.0117329Z Resolving deltas:  34% (1915/5631)
2023-12-25T00:24:57.0120571Z Resolving deltas:  35% (1971/5631)
2023-12-25T00:24:57.0123065Z Resolving deltas:  36% (2028/5631)
2023-12-25T00:24:57.0127063Z Resolving deltas:  37% (2085/5631)
2023-12-25T00:24:57.0135274Z Resolving deltas:  38% (2140/5631)
2023-12-25T00:24:57.0165877Z Resolving deltas:  39% (2197/5631)
2023-12-25T00:24:57.0184445Z Resolving deltas:  40% (2253/5631)
2023-12-25T00:24:57.0210876Z Resolving deltas:  41% (2309/5631)
2023-12-25T00:24:57.0230834Z Resolving deltas:  42% (2366/5631)
2023-12-25T00:24:57.0249924Z Resolving deltas:  43% (2422/5631)
2023-12-25T00:24:57.0258049Z Resolving deltas:  44% (2478/5631)
2023-12-25T00:24:57.0272589Z Resolving deltas:  45% (2534/5631)
2023-12-25T00:24:57.0409923Z Resolving deltas:  46% (2592/5631)
2023-12-25T00:24:57.0596997Z Resolving deltas:  47% (2647/5631)
2023-12-25T00:24:57.0713859Z Resolving deltas:  48% (2703/5631)
2023-12-25T00:24:57.0817717Z Resolving deltas:  49% (2760/5631)
2023-12-25T00:24:57.0938068Z Resolving deltas:  50% (2816/5631)
2023-12-25T00:24:57.1080749Z Resolving deltas:  51% (2873/5631)
2023-12-25T00:24:57.1262864Z Resolving deltas:  52% (2929/5631)
2023-12-25T00:24:57.1416192Z Resolving deltas:  53% (2985/5631)
2023-12-25T00:24:57.1602108Z Resolving deltas:  54% (3041/5631)
2023-12-25T00:24:57.1836631Z Resolving deltas:  55% (3098/5631)
2023-12-25T00:24:57.2052394Z Resolving deltas:  56% (3154/5631)
2023-12-25T00:24:57.2183295Z Resolving deltas:  57% (3210/5631)
2023-12-25T00:24:57.2194988Z Resolving deltas:  58% (3266/5631)
2023-12-25T00:24:57.2314269Z Resolving deltas:  59% (3323/5631)
2023-12-25T00:24:57.2495111Z Resolving deltas:  60% (3379/5631)
2023-12-25T00:24:57.2622132Z Resolving deltas:  61% (3435/5631)
2023-12-25T00:24:57.2710046Z Resolving deltas:  62% (3492/5631)
2023-12-25T00:24:57.2750324Z Resolving deltas:  63% (3549/5631)
2023-12-25T00:24:57.2775584Z Resolving deltas:  64% (3604/5631)
2023-12-25T00:24:57.2788491Z Resolving deltas:  65% (3661/5631)
2023-12-25T00:24:57.2790703Z Resolving deltas:  66% (3717/5631)
2023-12-25T00:24:57.2792771Z Resolving deltas:  67% (3773/5631)
2023-12-25T00:24:57.2801004Z Resolving deltas:  68% (3830/5631)
2023-12-25T00:24:57.2805071Z Resolving deltas:  69% (3886/5631)
2023-12-25T00:24:57.2811053Z Resolving deltas:  70% (3942/5631)
2023-12-25T00:24:57.2815325Z Resolving deltas:  71% (3999/5631)
2023-12-25T00:24:57.2823984Z Resolving deltas:  72% (4055/5631)
2023-12-25T00:24:57.2831869Z Resolving deltas:  73% (4111/5631)
2023-12-25T00:24:57.2849293Z Resolving deltas:  74% (4167/5631)
2023-12-25T00:24:57.2864750Z Resolving deltas:  75% (4224/5631)
2023-12-25T00:24:57.2871087Z Resolving deltas:  76% (4280/5631)
2023-12-25T00:24:57.2883570Z Resolving deltas:  77% (4336/5631)
2023-12-25T00:24:57.2891069Z Resolving deltas:  78% (4393/5631)
2023-12-25T00:24:57.2941091Z Resolving deltas:  79% (4449/5631)
2023-12-25T00:24:57.2988490Z Resolving deltas:  80% (4505/5631)
2023-12-25T00:24:57.3127309Z Resolving deltas:  81% (4562/5631)
2023-12-25T00:24:57.3221405Z Resolving deltas:  82% (4618/5631)
2023-12-25T00:24:57.3337133Z Resolving deltas:  83% (4674/5631)
2023-12-25T00:24:57.3397095Z Resolving deltas:  84% (4731/5631)
2023-12-25T00:24:57.3461335Z Resolving deltas:  85% (4787/5631)
2023-12-25T00:24:57.3537372Z Resolving deltas:  86% (4843/5631)
2023-12-25T00:24:57.3581567Z Resolving deltas:  87% (4899/5631)
2023-12-25T00:24:57.3634796Z Resolving deltas:  88% (4956/5631)
2023-12-25T00:24:57.3688494Z Resolving deltas:  89% (5012/5631)
2023-12-25T00:24:57.3729893Z Resolving deltas:  90% (5068/5631)
2023-12-25T00:24:57.3823120Z Resolving deltas:  91% (5125/5631)
2023-12-25T00:24:57.3879930Z Resolving deltas:  92% (5181/5631)
2023-12-25T00:24:57.3911998Z Resolving deltas:  93% (5237/5631)
2023-12-25T00:24:57.3948620Z Resolving deltas:  94% (5294/5631)
2023-12-25T00:24:57.3994917Z Resolving deltas:  95% (5350/5631)
2023-12-25T00:24:57.4045579Z Resolving deltas:  96% (5406/5631)
2023-12-25T00:24:57.4082442Z Resolving deltas:  97% (5463/5631)
2023-12-25T00:24:57.4152191Z Resolving deltas:  98% (5519/5631)
2023-12-25T00:24:57.4185312Z Resolving deltas:  99% (5575/5631)
2023-12-25T00:24:57.4186135Z Resolving deltas: 100% (5631/5631)
2023-12-25T00:24:57.4187433Z Resolving deltas: 100% (5631/5631), done.
2023-12-25T00:24:57.4824297Z From https://github.com/seanpm2001/GitHub_Stats_A
2023-12-25T00:24:57.4825308Z  * [new ref]         b8f131cb3ac71f45c7336deb5ede73932a83b331 -> origin/master
2023-12-25T00:24:57.4851475Z ##[endgroup]
2023-12-25T00:24:57.4852074Z ##[group]Determining the checkout info
2023-12-25T00:24:57.4852935Z ##[endgroup]
2023-12-25T00:24:57.4853510Z ##[group]Checking out the ref
2023-12-25T00:24:57.4859299Z [command]/usr/bin/git checkout --progress --force -B master refs/remotes/origin/master
2023-12-25T00:24:58.5048473Z Updating files:  66% (6706/10066)
2023-12-25T00:24:58.5226991Z Updating files:  67% (6745/10066)
2023-12-25T00:24:58.5398298Z Updating files:  68% (6845/10066)
2023-12-25T00:24:58.5585280Z Updating files:  69% (6946/10066)
2023-12-25T00:24:58.5733596Z Updating files:  70% (7047/10066)
2023-12-25T00:24:58.5896675Z Updating files:  71% (7147/10066)
2023-12-25T00:24:58.6028354Z Updating files:  72% (7248/10066)
2023-12-25T00:24:58.6176111Z Updating files:  73% (7349/10066)
2023-12-25T00:24:58.6309578Z Updating files:  74% (7449/10066)
2023-12-25T00:24:58.6454888Z Updating files:  75% (7550/10066)
2023-12-25T00:24:58.6592169Z Updating files:  76% (7651/10066)
2023-12-25T00:24:58.6696906Z Updating files:  77% (7751/10066)
2023-12-25T00:24:58.6814328Z Updating files:  78% (7852/10066)
2023-12-25T00:24:58.6986533Z Updating files:  79% (7953/10066)
2023-12-25T00:24:58.7039844Z Updating files:  80% (8053/10066)
2023-12-25T00:24:58.7224999Z Updating files:  81% (8154/10066)
2023-12-25T00:24:58.7392767Z Updating files:  82% (8255/10066)
2023-12-25T00:24:58.7432360Z Updating files:  83% (8355/10066)
2023-12-25T00:24:58.7471853Z Updating files:  84% (8456/10066)
2023-12-25T00:24:58.7564310Z Updating files:  85% (8557/10066)
2023-12-25T00:24:58.7654599Z Updating files:  86% (8657/10066)
2023-12-25T00:24:58.7772620Z Updating files:  87% (8758/10066)
2023-12-25T00:24:58.7869903Z Updating files:  88% (8859/10066)
2023-12-25T00:24:58.8024932Z Updating files:  89% (8959/10066)
2023-12-25T00:24:58.8170891Z Updating files:  90% (9060/10066)
2023-12-25T00:24:58.8329196Z Updating files:  91% (9161/10066)
2023-12-25T00:24:58.8527348Z Updating files:  92% (9261/10066)
2023-12-25T00:24:58.8741959Z Updating files:  93% (9362/10066)
2023-12-25T00:24:58.8917693Z Updating files:  94% (9463/10066)
2023-12-25T00:24:58.9000188Z Updating files:  95% (9563/10066)
2023-12-25T00:24:58.9115049Z Updating files:  96% (9664/10066)
2023-12-25T00:24:58.9251679Z Updating files:  97% (9765/10066)
2023-12-25T00:24:58.9392643Z Updating files:  98% (9865/10066)
2023-12-25T00:24:58.9534409Z Updating files:  99% (9966/10066)
2023-12-25T00:24:58.9535121Z Updating files: 100% (10066/10066)
2023-12-25T00:24:58.9535813Z Updating files: 100% (10066/10066), done.
2023-12-25T00:24:58.9659904Z Reset branch 'master'
2023-12-25T00:24:58.9660829Z branch 'master' set up to track 'origin/master'.
2023-12-25T00:24:58.9766191Z ##[endgroup]
2023-12-25T00:24:58.9812347Z [command]/usr/bin/git log -1 --format='%H'
2023-12-25T00:24:58.9844595Z 'b8f131cb3ac71f45c7336deb5ede73932a83b331'
2023-12-25T00:24:59.0174744Z ##[group]Run actions/setup-python@v4
2023-12-25T00:24:59.0175417Z with:
2023-12-25T00:24:59.0175761Z   python-version: 3.8
2023-12-25T00:24:59.0176200Z   architecture: x64
2023-12-25T00:24:59.0176510Z   cache: pip
2023-12-25T00:24:59.0176854Z   check-latest: false
2023-12-25T00:24:59.0177416Z   token: ***
2023-12-25T00:24:59.0177763Z   update-environment: true
2023-12-25T00:24:59.0178134Z   allow-prereleases: false
2023-12-25T00:24:59.0178563Z ##[endgroup]
2023-12-25T00:24:59.1546855Z ##[group]Installed versions
2023-12-25T00:24:59.1623627Z Successfully set up CPython (3.8.18)
2023-12-25T00:24:59.1625148Z ##[endgroup]
2023-12-25T00:25:00.0543915Z [command]/opt/hostedtoolcache/Python/3.8.18/x64/bin/pip cache dir
2023-12-25T00:25:00.4305045Z /home/runner/.cache/pip
2023-12-25T00:25:01.1307758Z Received 6245959 of 6245959 (100.0%), 16.4 MBs/sec
2023-12-25T00:25:01.1309595Z Cache Size: ~6 MB (6245959 B)
2023-12-25T00:25:01.1340267Z [command]/usr/bin/tar -xf /home/runner/work/_temp/32bd9c10-91d3-452a-8cbb-b6e4441c1835/cache.tzst -P -C /home/runner/work/GitHub_Stats_A/GitHub_Stats_A --use-compress-program unzstd
2023-12-25T00:25:01.1645180Z Cache restored successfully
2023-12-25T00:25:01.1666134Z Cache restored from key: setup-python-Linux-22.04-Ubuntu-python-3.8.18-pip-60f2a6c0212a9b74a155cd81b58dd07fd8b180833132566260d95f4de42fe218
2023-12-25T00:25:01.1880157Z ##[group]Run python3 -m pip install --upgrade pip setuptools wheel
2023-12-25T00:25:01.1881762Z [36;1mpython3 -m pip install --upgrade pip setuptools wheel[0m
2023-12-25T00:25:01.1882760Z [36;1mpython3 -m pip install -r requirements.txt[0m
2023-12-25T00:25:01.1969991Z shell: /usr/bin/bash -e {0}
2023-12-25T00:25:01.1970713Z env:
2023-12-25T00:25:01.1971356Z   pythonLocation: /opt/hostedtoolcache/Python/3.8.18/x64
2023-12-25T00:25:01.1972476Z   PKG_CONFIG_PATH: /opt/hostedtoolcache/Python/3.8.18/x64/lib/pkgconfig
2023-12-25T00:25:01.1973536Z   Python_ROOT_DIR: /opt/hostedtoolcache/Python/3.8.18/x64
2023-12-25T00:25:01.1974472Z   Python2_ROOT_DIR: /opt/hostedtoolcache/Python/3.8.18/x64
2023-12-25T00:25:01.1975458Z   Python3_ROOT_DIR: /opt/hostedtoolcache/Python/3.8.18/x64
2023-12-25T00:25:01.1976414Z   LD_LIBRARY_PATH: /opt/hostedtoolcache/Python/3.8.18/x64/lib
2023-12-25T00:25:01.1977156Z ##[endgroup]
2023-12-25T00:25:01.6851134Z Requirement already satisfied: pip in /opt/hostedtoolcache/Python/3.8.18/x64/lib/python3.8/site-packages (23.0.1)
2023-12-25T00:25:01.8398910Z Collecting pip
2023-12-25T00:25:01.9461225Z   Downloading pip-23.3.2-py3-none-any.whl.metadata (3.5 kB)
2023-12-25T00:25:01.9497263Z Requirement already satisfied: setuptools in /opt/hostedtoolcache/Python/3.8.18/x64/lib/python3.8/site-packages (56.0.0)
2023-12-25T00:25:02.1647515Z Collecting setuptools
2023-12-25T00:25:02.1854155Z   Downloading setuptools-69.0.3-py3-none-any.whl.metadata (6.3 kB)
2023-12-25T00:25:02.2316358Z Collecting wheel
2023-12-25T00:25:02.2513992Z   Downloading wheel-0.42.0-py3-none-any.whl.metadata (2.2 kB)
2023-12-25T00:25:02.3154101Z Downloading pip-23.3.2-py3-none-any.whl (2.1 MB)
2023-12-25T00:25:02.4240027Z    â”â”â”â”â”â”â”â”â”â”â”â”â”â”â”â”â”â”â”â”â”â”â”â”â”â”â”â”â”â”â”â”â”â”â”â”â”â”â”â” 2.1/2.1 MB 20.6 MB/s eta 0:00:00
2023-12-25T00:25:02.4441329Z Downloading setuptools-69.0.3-py3-none-any.whl (819 kB)
2023-12-25T00:25:02.4553885Z    â”â”â”â”â”â”â”â”â”â”â”â”â”â”â”â”â”â”â”â”â”â”â”â”â”â”â”â”â”â”â”â”â”â”â”â”â”â”â”â” 819.5/819.5 kB 89.5 MB/s eta 0:00:00
2023-12-25T00:25:02.4750590Z Downloading wheel-0.42.0-py3-none-any.whl (65 kB)
2023-12-25T00:25:02.4796049Z    â”â”â”â”â”â”â”â”â”â”â”â”â”â”â”â”â”â”â”â”â”â”â”â”â”â”â”â”â”â”â”â”â”â”â”â”â”â”â”â” 65.4/65.4 kB 22.3 MB/s eta 0:00:00
2023-12-25T00:25:02.5600905Z Installing collected packages: wheel, setuptools, pip
2023-12-25T00:25:02.5980840Z   Attempting uninstall: setuptools
2023-12-25T00:25:02.5987600Z     Found existing installation: setuptools 56.0.0
2023-12-25T00:25:02.6140227Z     Uninstalling setuptools-56.0.0:
2023-12-25T00:25:02.6237802Z       Successfully uninstalled setuptools-56.0.0
2023-12-25T00:25:02.9981350Z   Attempting uninstall: pip
2023-12-25T00:25:02.9987398Z     Found existing installation: pip 23.0.1
2023-12-25T00:25:03.0788857Z     Uninstalling pip-23.0.1:
2023-12-25T00:25:03.1419820Z       Successfully uninstalled pip-23.0.1
2023-12-25T00:25:04.0803161Z Successfully installed pip-23.3.2 setuptools-69.0.3 wheel-0.42.0
2023-12-25T00:25:04.7829425Z Collecting requests (from -r requirements.txt (line 1))
2023-12-25T00:25:04.8607904Z   Downloading requests-2.31.0-py3-none-any.whl.metadata (4.6 kB)
2023-12-25T00:25:05.1212434Z Collecting aiohttp (from -r requirements.txt (line 2))
2023-12-25T00:25:05.1361969Z   Downloading aiohttp-3.9.1-cp38-cp38-manylinux_2_17_x86_64.manylinux2014_x86_64.whl.metadata (7.4 kB)
2023-12-25T00:25:05.2303770Z Collecting charset-normalizer<4,>=2 (from requests->-r requirements.txt (line 1))
2023-12-25T00:25:05.2451302Z   Downloading charset_normalizer-3.3.2-cp38-cp38-manylinux_2_17_x86_64.manylinux2014_x86_64.whl.metadata (33 kB)
2023-12-25T00:25:05.2778417Z Collecting idna<4,>=2.5 (from requests->-r requirements.txt (line 1))
2023-12-25T00:25:05.2923361Z   Downloading idna-3.6-py3-none-any.whl.metadata (9.9 kB)
2023-12-25T00:25:05.3457492Z Collecting urllib3<3,>=1.21.1 (from requests->-r requirements.txt (line 1))
2023-12-25T00:25:05.3605763Z   Downloading urllib3-2.1.0-py3-none-any.whl.metadata (6.4 kB)
2023-12-25T00:25:05.3894226Z Collecting certifi>=2017.4.17 (from requests->-r requirements.txt (line 1))
2023-12-25T00:25:05.4039802Z   Downloading certifi-2023.11.17-py3-none-any.whl.metadata (2.2 kB)
2023-12-25T00:25:05.4381737Z Collecting attrs>=17.3.0 (from aiohttp->-r requirements.txt (line 2))
2023-12-25T00:25:05.4525535Z   Downloading attrs-23.1.0-py3-none-any.whl (61 kB)
2023-12-25T00:25:05.4631577Z      â”â”â”â”â”â”â”â”â”â”â”â”â”â”â”â”â”â”â”â”â”â”â”â”â”â”â”â”â”â”â”â”â”â”â”â”â”â”â”â” 61.2/61.2 kB 6.5 MB/s eta 0:00:00
2023-12-25T00:25:05.6537980Z Collecting multidict<7.0,>=4.5 (from aiohttp->-r requirements.txt (line 2))
2023-12-25T00:25:05.6686708Z   Downloading multidict-6.0.4-cp38-cp38-manylinux_2_17_x86_64.manylinux2014_x86_64.whl (121 kB)
2023-12-25T00:25:05.6775133Z      â”â”â”â”â”â”â”â”â”â”â”â”â”â”â”â”â”â”â”â”â”â”â”â”â”â”â”â”â”â”â”â”â”â”â”â”â”â” 121.3/121.3 kB 17.5 MB/s eta 0:00:00
2023-12-25T00:25:05.8108140Z Collecting yarl<2.0,>=1.0 (from aiohttp->-r requirements.txt (line 2))
2023-12-25T00:25:05.8253721Z   Downloading yarl-1.9.4-cp38-cp38-manylinux_2_17_x86_64.manylinux2014_x86_64.whl.metadata (31 kB)
2023-12-25T00:25:05.9051108Z Collecting frozenlist>=1.1.1 (from aiohttp->-r requirements.txt (line 2))
2023-12-25T00:25:05.9199487Z   Downloading frozenlist-1.4.1-cp38-cp38-manylinux_2_5_x86_64.manylinux1_x86_64.manylinux_2_17_x86_64.manylinux2014_x86_64.whl.metadata (12 kB)
2023-12-25T00:25:05.9389384Z Collecting aiosignal>=1.1.2 (from aiohttp->-r requirements.txt (line 2))
2023-12-25T00:25:05.9535523Z   Downloading aiosignal-1.3.1-py3-none-any.whl (7.6 kB)
2023-12-25T00:25:05.9752745Z Collecting async-timeout<5.0,>=4.0 (from aiohttp->-r requirements.txt (line 2))
2023-12-25T00:25:05.9899203Z   Downloading async_timeout-4.0.3-py3-none-any.whl.metadata (4.2 kB)
2023-12-25T00:25:06.0623942Z Downloading requests-2.31.0-py3-none-any.whl (62 kB)
2023-12-25T00:25:06.0675665Z    â”â”â”â”â”â”â”â”â”â”â”â”â”â”â”â”â”â”â”â”â”â”â”â”â”â”â”â”â”â”â”â”â”â”â”â”â”â”â”â” 62.6/62.6 kB 18.2 MB/s eta 0:00:00
2023-12-25T00:25:06.0820409Z Downloading aiohttp-3.9.1-cp38-cp38-manylinux_2_17_x86_64.manylinux2014_x86_64.whl (1.3 MB)
2023-12-25T00:25:06.1169769Z    â”â”â”â”â”â”â”â”â”â”â”â”â”â”â”â”â”â”â”â”â”â”â”â”â”â”â”â”â”â”â”â”â”â”â”â”â”â”â”â” 1.3/1.3 MB 38.1 MB/s eta 0:00:00
2023-12-25T00:25:06.1318351Z Downloading async_timeout-4.0.3-py3-none-any.whl (5.7 kB)
2023-12-25T00:25:06.1492567Z Downloading certifi-2023.11.17-py3-none-any.whl (162 kB)
2023-12-25T00:25:06.1566121Z    â”â”â”â”â”â”â”â”â”â”â”â”â”â”â”â”â”â”â”â”â”â”â”â”â”â”â”â”â”â”â”â”â”â”â”â”â”â”â”â” 162.5/162.5 kB 33.6 MB/s eta 0:00:00
2023-12-25T00:25:06.1718072Z Downloading charset_normalizer-3.3.2-cp38-cp38-manylinux_2_17_x86_64.manylinux2014_x86_64.whl (141 kB)
2023-12-25T00:25:06.1778635Z    â”â”â”â”â”â”â”â”â”â”â”â”â”â”â”â”â”â”â”â”â”â”â”â”â”â”â”â”â”â”â”â”â”â”â”â”â”â”â”â” 141.1/141.1 kB 36.7 MB/s eta 0:00:00
2023-12-25T00:25:06.1930219Z Downloading frozenlist-1.4.1-cp38-cp38-manylinux_2_5_x86_64.manylinux1_x86_64.manylinux_2_17_x86_64.manylinux2014_x86_64.whl (240 kB)
2023-12-25T00:25:06.1996026Z    â”â”â”â”â”â”â”â”â”â”â”â”â”â”â”â”â”â”â”â”â”â”â”â”â”â”â”â”â”â”â”â”â”â”â”â”â”â”â”â” 240.9/240.9 kB 54.1 MB/s eta 0:00:00
2023-12-25T00:25:06.2141566Z Downloading idna-3.6-py3-none-any.whl (61 kB)
2023-12-25T00:25:06.2190541Z    â”â”â”â”â”â”â”â”â”â”â”â”â”â”â”â”â”â”â”â”â”â”â”â”â”â”â”â”â”â”â”â”â”â”â”â”â”â”â”â” 61.6/61.6 kB 18.5 MB/s eta 0:00:00
2023-12-25T00:25:06.2336087Z Downloading urllib3-2.1.0-py3-none-any.whl (104 kB)
2023-12-25T00:25:06.2386326Z    â”â”â”â”â”â”â”â”â”â”â”â”â”â”â”â”â”â”â”â”â”â”â”â”â”â”â”â”â”â”â”â”â”â”â”â”â”â”â”â” 104.6/104.6 kB 31.6 MB/s eta 0:00:00
2023-12-25T00:25:06.2530715Z Downloading yarl-1.9.4-cp38-cp38-manylinux_2_17_x86_64.manylinux2014_x86_64.whl (308 kB)
2023-12-25T00:25:06.2659718Z    â”â”â”â”â”â”â”â”â”â”â”â”â”â”â”â”â”â”â”â”â”â”â”â”â”â”â”â”â”â”â”â”â”â”â”â”â”â”â”â” 308.8/308.8 kB 27.6 MB/s eta 0:00:00
2023-12-25T00:25:06.3597151Z Installing collected packages: urllib3, multidict, idna, frozenlist, charset-normalizer, certifi, attrs, async-timeout, yarl, requests, aiosignal, aiohttp
2023-12-25T00:25:06.7518795Z Successfully installed aiohttp-3.9.1 aiosignal-1.3.1 async-timeout-4.0.3 attrs-23.1.0 certifi-2023.11.17 charset-normalizer-3.3.2 frozenlist-1.4.1 idna-3.6 multidict-6.0.4 requests-2.31.0 urllib3-2.1.0 yarl-1.9.4
2023-12-25T00:25:06.9120797Z ##[group]Run python3 --version
2023-12-25T00:25:06.9121551Z [36;1mpython3 --version[0m
2023-12-25T00:25:06.9121989Z [36;1mpython3 generate_images.py[0m
2023-12-25T00:25:06.9173581Z shell: /usr/bin/bash -e {0}
2023-12-25T00:25:06.9174095Z env:
2023-12-25T00:25:06.9174474Z   pythonLocation: /opt/hostedtoolcache/Python/3.8.18/x64
2023-12-25T00:25:06.9175124Z   PKG_CONFIG_PATH: /opt/hostedtoolcache/Python/3.8.18/x64/lib/pkgconfig
2023-12-25T00:25:06.9175864Z   Python_ROOT_DIR: /opt/hostedtoolcache/Python/3.8.18/x64
2023-12-25T00:25:06.9176449Z   Python2_ROOT_DIR: /opt/hostedtoolcache/Python/3.8.18/x64
2023-12-25T00:25:06.9177030Z   Python3_ROOT_DIR: /opt/hostedtoolcache/Python/3.8.18/x64
2023-12-25T00:25:06.9177671Z   LD_LIBRARY_PATH: /opt/hostedtoolcache/Python/3.8.18/x64/lib
2023-12-25T00:25:06.9178635Z   ACCESS_TOKEN: ***
2023-12-25T00:25:06.9179223Z   GITHUB_TOKEN: ***
2023-12-25T00:25:06.9179566Z   EXCLUDED: 
2023-12-25T00:25:06.9179911Z   EXCLUDED_LANGS: 
2023-12-25T00:25:06.9180395Z   EXCLUDE_FORKED_REPOS: true
2023-12-25T00:25:06.9180791Z ##[endgroup]
2023-12-25T00:25:06.9265458Z Python 3.8.18
2023-12-25T00:34:33.0412757Z A path returned 202. Retrying...
2023-12-25T00:34:33.0413445Z A path returned 202. Retrying...
2023-12-25T00:34:33.0413939Z A path returned 202. Retrying...
2023-12-25T00:34:33.0414388Z A path returned 202. Retrying...
2023-12-25T00:34:33.0414894Z A path returned 202. Retrying...
2023-12-25T00:34:33.0415346Z A path returned 202. Retrying...
2023-12-25T00:34:33.0415745Z A path returned 202. Retrying...
2023-12-25T00:34:33.0416241Z A path returned 202. Retrying...
2023-12-25T00:34:33.0416694Z A path returned 202. Retrying...
2023-12-25T00:34:33.0417187Z A path returned 202. Retrying...
2023-12-25T00:34:33.0417637Z A path returned 202. Retrying...
2023-12-25T00:34:33.0418099Z A path returned 202. Retrying...
2023-12-25T00:34:33.0418610Z A path returned 202. Retrying...
2023-12-25T00:34:33.0419029Z A path returned 202. Retrying...
2023-12-25T00:34:33.0419477Z A path returned 202. Retrying...
2023-12-25T00:34:33.0420047Z A path returned 202. Retrying...
2023-12-25T00:34:33.0420501Z A path returned 202. Retrying...
2023-12-25T00:34:33.0420933Z A path returned 202. Retrying...
2023-12-25T00:34:33.0421449Z A path returned 202. Retrying...
2023-12-25T00:34:33.0421878Z A path returned 202. Retrying...
2023-12-25T00:34:33.0422276Z A path returned 202. Retrying...
2023-12-25T00:34:33.0422789Z A path returned 202. Retrying...
2023-12-25T00:34:33.0423223Z A path returned 202. Retrying...
2023-12-25T00:34:33.0423738Z A path returned 202. Retrying...
2023-12-25T00:34:33.0424183Z A path returned 202. Retrying...
2023-12-25T00:34:33.0424599Z A path returned 202. Retrying...
2023-12-25T00:34:33.0425086Z A path returned 202. Retrying...
2023-12-25T00:34:33.0425859Z A path returned 202. Retrying...
2023-12-25T00:34:33.0426290Z A path returned 202. Retrying...
2023-12-25T00:34:33.0426776Z A path returned 202. Retrying...
2023-12-25T00:34:33.0427175Z A path returned 202. Retrying...
2023-12-25T00:34:33.0427593Z A path returned 202. Retrying...
2023-12-25T00:34:33.0428055Z A path returned 202. Retrying...
2023-12-25T00:34:33.0428467Z A path returned 202. Retrying...
2023-12-25T00:34:33.0428823Z A path returned 202. Retrying...
2023-12-25T00:34:33.0429282Z A path returned 202. Retrying...
2023-12-25T00:34:33.0429695Z A path returned 202. Retrying...
2023-12-25T00:34:33.0430151Z A path returned 202. Retrying...
2023-12-25T00:34:33.0430550Z A path returned 202. Retrying...
2023-12-25T00:34:33.0430958Z A path returned 202. Retrying...
2023-12-25T00:34:33.0431411Z A path returned 202. Retrying...
2023-12-25T00:34:33.0431764Z A path returned 202. Retrying...
2023-12-25T00:34:33.0432169Z A path returned 202. Retrying...
2023-12-25T00:34:33.0432624Z A path returned 202. Retrying...
2023-12-25T00:34:33.0433038Z A path returned 202. Retrying...
2023-12-25T00:34:33.0433429Z A path returned 202. Retrying...
2023-12-25T00:34:33.0433887Z A path returned 202. Retrying...
2023-12-25T00:34:33.0434533Z A path returned 202. Retrying...
2023-12-25T00:34:33.0434919Z A path returned 202. Retrying...
2023-12-25T00:34:33.0435417Z A path returned 202. Retrying...
2023-12-25T00:34:33.0435817Z A path returned 202. Retrying...
2023-12-25T00:34:33.0436273Z A path returned 202. Retrying...
2023-12-25T00:34:33.0436688Z A path returned 202. Retrying...
2023-12-25T00:34:33.0437079Z A path returned 202. Retrying...
2023-12-25T00:34:33.0437546Z A path returned 202. Retrying...
2023-12-25T00:34:33.0437912Z A path returned 202. Retrying...
2023-12-25T00:34:33.0438305Z A path returned 202. Retrying...
2023-12-25T00:34:33.0438784Z A path returned 202. Retrying...
2023-12-25T00:34:33.0439176Z A path returned 202. Retrying...
2023-12-25T00:34:33.0439578Z A path returned 202. Retrying...
2023-12-25T00:34:33.0440036Z A path returned 202. Retrying...
2023-12-25T00:34:33.0440421Z A path returned 202. Retrying...
2023-12-25T00:34:33.0440792Z A path returned 202. Retrying...
2023-12-25T00:34:33.0441556Z A path returned 202. Retrying...
2023-12-25T00:34:33.0441958Z A path returned 202. Retrying...
2023-12-25T00:34:33.0442444Z A path returned 202. Retrying...
2023-12-25T00:34:33.0442838Z A path returned 202. Retrying...
2023-12-25T00:34:33.0443242Z A path returned 202. Retrying...
2023-12-25T00:34:33.0443690Z A path returned 202. Retrying...
2023-12-25T00:34:33.0444053Z A path returned 202. Retrying...
2023-12-25T00:34:33.0444456Z A path returned 202. Retrying...
2023-12-25T00:34:33.0444914Z A path returned 202. Retrying...
2023-12-25T00:34:33.0445298Z A path returned 202. Retrying...
2023-12-25T00:34:33.0445702Z A path returned 202. Retrying...
2023-12-25T00:34:33.0446152Z A path returned 202. Retrying...
2023-12-25T00:34:33.0446554Z A path returned 202. Retrying...
2023-12-25T00:34:33.0447006Z A path returned 202. Retrying...
2023-12-25T00:34:33.0447476Z A path returned 202. Retrying...
2023-12-25T00:34:33.0447880Z A path returned 202. Retrying...
2023-12-25T00:34:33.0448328Z A path returned 202. Retrying...
2023-12-25T00:34:33.0448740Z A path returned 202. Retrying...
2023-12-25T00:34:33.0449127Z A path returned 202. Retrying...
2023-12-25T00:34:33.0449594Z A path returned 202. Retrying...
2023-12-25T00:34:33.0449978Z A path returned 202. Retrying...
2023-12-25T00:34:33.0450376Z A path returned 202. Retrying...
2023-12-25T00:34:33.0450830Z A path returned 202. Retrying...
2023-12-25T00:34:33.0451238Z A path returned 202. Retrying...
2023-12-25T00:34:33.0451625Z A path returned 202. Retrying...
2023-12-25T00:34:33.0452089Z A path returned 202. Retrying...
2023-12-25T00:34:33.0452478Z A path returned 202. Retrying...
2023-12-25T00:34:33.0452834Z A path returned 202. Retrying...
2023-12-25T00:34:33.0453304Z A path returned 202. Retrying...
2023-12-25T00:34:33.0453694Z A path returned 202. Retrying...
2023-12-25T00:34:33.0454349Z A path returned 202. Retrying...
2023-12-25T00:34:33.0454743Z A path returned 202. Retrying...
2023-12-25T00:34:33.0455131Z A path returned 202. Retrying...
2023-12-25T00:34:33.0455595Z A path returned 202. Retrying...
2023-12-25T00:34:33.0455955Z A path returned 202. Retrying...
2023-12-25T00:34:33.0456401Z A path returned 202. Retrying...
2023-12-25T00:34:33.0456859Z A path returned 202. Retrying...
2023-12-25T00:34:33.0457247Z A path returned 202. Retrying...
2023-12-25T00:34:33.0457652Z A path returned 202. Retrying...
2023-12-25T00:34:33.0458103Z A path returned 202. Retrying...
2023-12-25T00:34:33.0458504Z A path returned 202. Retrying...
2023-12-25T00:34:33.0458857Z A path returned 202. Retrying...
2023-12-25T00:34:33.0459305Z A path returned 202. Retrying...
2023-12-25T00:34:33.0459708Z A path returned 202. Retrying...
2023-12-25T00:34:33.0460153Z A path returned 202. Retrying...
2023-12-25T00:34:33.0460542Z A path returned 202. Retrying...
2023-12-25T00:34:33.0460945Z A path returned 202. Retrying...
2023-12-25T00:34:33.0461402Z A path returned 202. Retrying...
2023-12-25T00:34:33.0461757Z A path returned 202. Retrying...
2023-12-25T00:34:33.0462161Z A path returned 202. Retrying...
2023-12-25T00:34:33.0462771Z A path returned 202. Retrying...
2023-12-25T00:34:33.0463204Z A path returned 202. Retrying...
2023-12-25T00:34:33.0463602Z A path returned 202. Retrying...
2023-12-25T00:34:33.0464079Z A path returned 202. Retrying...
2023-12-25T00:34:33.0464473Z A path returned 202. Retrying...
2023-12-25T00:34:33.0464834Z A path returned 202. Retrying...
2023-12-25T00:34:33.0465311Z A path returned 202. Retrying...
2023-12-25T00:34:33.0465709Z A path returned 202. Retrying...
2023-12-25T00:34:33.0466161Z A path returned 202. Retrying...
2023-12-25T00:34:33.0466574Z A path returned 202. Retrying...
2023-12-25T00:34:33.0466962Z A path returned 202. Retrying...
2023-12-25T00:34:33.0467424Z A path returned 202. Retrying...
2023-12-25T00:34:33.0467782Z A path returned 202. Retrying...
2023-12-25T00:34:33.0468176Z A path returned 202. Retrying...
2023-12-25T00:34:33.0468639Z A path returned 202. Retrying...
2023-12-25T00:34:33.0469027Z A path returned 202. Retrying...
2023-12-25T00:34:33.0469557Z A path returned 202. Retrying...
2023-12-25T00:34:33.0470021Z A path returned 202. Retrying...
2023-12-25T00:34:33.0470408Z A path returned 202. Retrying...
2023-12-25T00:34:33.0470875Z A path returned 202. Retrying...
2023-12-25T00:34:33.0471272Z A path returned 202. Retrying...
2023-12-25T00:34:33.0471676Z A path returned 202. Retrying...
2023-12-25T00:34:33.0472128Z A path returned 202. Retrying...
2023-12-25T00:34:33.0472488Z A path returned 202. Retrying...
2023-12-25T00:34:33.0472894Z A path returned 202. Retrying...
2023-12-25T00:34:33.0473335Z A path returned 202. Retrying...
2023-12-25T00:34:33.0473725Z A path returned 202. Retrying...
2023-12-25T00:34:33.0474128Z A path returned 202. Retrying...
2023-12-25T00:34:33.0474574Z A path returned 202. Retrying...
2023-12-25T00:34:33.0474977Z A path returned 202. Retrying...
2023-12-25T00:34:33.0475334Z A path returned 202. Retrying...
2023-12-25T00:34:33.0475784Z A path returned 202. Retrying...
2023-12-25T00:34:33.0476185Z A path returned 202. Retrying...
2023-12-25T00:34:33.0476633Z A path returned 202. Retrying...
2023-12-25T00:34:33.0477025Z A path returned 202. Retrying...
2023-12-25T00:34:33.0477427Z A path returned 202. Retrying...
2023-12-25T00:34:33.0477872Z A path returned 202. Retrying...
2023-12-25T00:34:33.0478242Z A path returned 202. Retrying...
2023-12-25T00:34:33.0478631Z A path returned 202. Retrying...
2023-12-25T00:34:33.0479080Z A path returned 202. Retrying...
2023-12-25T00:34:33.0479485Z A path returned 202. Retrying...
2023-12-25T00:34:33.0479872Z A path returned 202. Retrying...
2023-12-25T00:34:33.0480335Z A path returned 202. Retrying...
2023-12-25T00:34:33.0480721Z A path returned 202. Retrying...
2023-12-25T00:34:33.0481273Z A path returned 202. Retrying...
2023-12-25T00:34:33.0481879Z A path returned 202. Retrying...
2023-12-25T00:34:33.0482485Z A path returned 202. Retrying...
2023-12-25T00:34:33.0482988Z A path returned 202. Retrying...
2023-12-25T00:34:33.0483391Z A path returned 202. Retrying...
2023-12-25T00:34:33.0483808Z A path returned 202. Retrying...
2023-12-25T00:34:33.0484286Z A path returned 202. Retrying...
2023-12-25T00:34:33.0484642Z A path returned 202. Retrying...
2023-12-25T00:34:33.0485039Z A path returned 202. Retrying...
2023-12-25T00:34:33.0485517Z A path returned 202. Retrying...
2023-12-25T00:34:33.0485904Z A path returned 202. Retrying...
2023-12-25T00:34:33.0486307Z A path returned 202. Retrying...
2023-12-25T00:34:33.0486751Z A path returned 202. Retrying...
2023-12-25T00:34:33.0487139Z A path returned 202. Retrying...
2023-12-25T00:34:33.0487506Z A path returned 202. Retrying...
2023-12-25T00:34:33.0487964Z A path returned 202. Retrying...
2023-12-25T00:34:33.0488350Z A path returned 202. Retrying...
2023-12-25T00:34:33.0488818Z A path returned 202. Retrying...
2023-12-25T00:34:33.0489204Z A path returned 202. Retrying...
2023-12-25T00:34:33.0489612Z A path returned 202. Retrying...
2023-12-25T00:34:33.0490062Z A path returned 202. Retrying...
2023-12-25T00:34:33.0490416Z A path returned 202. Retrying...
2023-12-25T00:34:33.0490966Z A path returned 202. Retrying...
2023-12-25T00:34:33.0491431Z A path returned 202. Retrying...
2023-12-25T00:34:33.0491834Z A path returned 202. Retrying...
2023-12-25T00:34:33.0492219Z A path returned 202. Retrying...
2023-12-25T00:34:33.0492663Z A path returned 202. Retrying...
2023-12-25T00:34:33.0493062Z A path returned 202. Retrying...
2023-12-25T00:34:33.0493412Z A path returned 202. Retrying...
2023-12-25T00:34:33.0493878Z A path returned 202. Retrying...
2023-12-25T00:34:33.0494279Z A path returned 202. Retrying...
2023-12-25T00:34:33.0494725Z A path returned 202. Retrying...
2023-12-25T00:34:33.0495132Z A path returned 202. Retrying...
2023-12-25T00:34:33.0495516Z A path returned 202. Retrying...
2023-12-25T00:34:33.0495983Z A path returned 202. Retrying...
2023-12-25T00:34:33.0496341Z A path returned 202. Retrying...
2023-12-25T00:34:33.0496728Z A path returned 202. Retrying...
2023-12-25T00:34:33.0497184Z A path returned 202. Retrying...
2023-12-25T00:34:33.0497569Z A path returned 202. Retrying...
2023-12-25T00:34:33.0497960Z A path returned 202. Retrying...
2023-12-25T00:34:33.0498415Z A path returned 202. Retrying...
2023-12-25T00:34:33.0498798Z A path returned 202. Retrying...
2023-12-25T00:34:33.0499151Z A path returned 202. Retrying...
2023-12-25T00:34:33.0499613Z A path returned 202. Retrying...
2023-12-25T00:34:33.0499998Z A path returned 202. Retrying...
2023-12-25T00:34:33.0500460Z A path returned 202. Retrying...
2023-12-25T00:34:33.0500850Z A path returned 202. Retrying...
2023-12-25T00:34:33.0501236Z A path returned 202. Retrying...
2023-12-25T00:34:33.0501694Z A path returned 202. Retrying...
2023-12-25T00:34:33.0502049Z A path returned 202. Retrying...
2023-12-25T00:34:33.0502453Z A path returned 202. Retrying...
2023-12-25T00:34:33.0502901Z A path returned 202. Retrying...
2023-12-25T00:34:33.0503295Z A path returned 202. Retrying...
2023-12-25T00:34:33.0503701Z A path returned 202. Retrying...
2023-12-25T00:34:33.0504150Z A path returned 202. Retrying...
2023-12-25T00:34:33.0504557Z A path returned 202. Retrying...
2023-12-25T00:34:33.0504909Z A path returned 202. Retrying...
2023-12-25T00:34:33.0505360Z A path returned 202. Retrying...
2023-12-25T00:34:33.0505767Z A path returned 202. Retrying...
2023-12-25T00:34:33.0506211Z A path returned 202. Retrying...
2023-12-25T00:34:33.0506601Z A path returned 202. Retrying...
2023-12-25T00:34:33.0507002Z A path returned 202. Retrying...
2023-12-25T00:34:33.0507452Z A path returned 202. Retrying...
2023-12-25T00:34:33.0507807Z A path returned 202. Retrying...
2023-12-25T00:34:33.0508213Z A path returned 202. Retrying...
2023-12-25T00:34:33.0508664Z A path returned 202. Retrying...
2023-12-25T00:34:33.0509068Z A path returned 202. Retrying...
2023-12-25T00:34:33.0509455Z A path returned 202. Retrying...
2023-12-25T00:34:33.0510057Z A path returned 202. Retrying...
2023-12-25T00:34:33.0510445Z A path returned 202. Retrying...
2023-12-25T00:34:33.0510794Z A path returned 202. Retrying...
2023-12-25T00:34:33.0511259Z A path returned 202. Retrying...
2023-12-25T00:34:33.0511652Z A path returned 202. Retrying...
2023-12-25T00:34:33.0512098Z A path returned 202. Retrying...
2023-12-25T00:34:33.0512503Z A path returned 202. Retrying...
2023-12-25T00:34:33.0512893Z A path returned 202. Retrying...
2023-12-25T00:34:33.0513357Z A path returned 202. Retrying...
2023-12-25T00:34:33.0513710Z A path returned 202. Retrying...
2023-12-25T00:34:33.0514098Z A path returned 202. Retrying...
2023-12-25T00:34:33.0514573Z A path returned 202. Retrying...
2023-12-25T00:34:33.0514958Z A path returned 202. Retrying...
2023-12-25T00:34:33.0515360Z A path returned 202. Retrying...
2023-12-25T00:34:33.0515810Z A path returned 202. Retrying...
2023-12-25T00:34:33.0516195Z A path returned 202. Retrying...
2023-12-25T00:34:33.0516562Z A path returned 202. Retrying...
2023-12-25T00:34:33.0517018Z A path returned 202. Retrying...
2023-12-25T00:34:33.0517407Z A path returned 202. Retrying...
2023-12-25T00:34:33.0517878Z A path returned 202. Retrying...
2023-12-25T00:34:33.0518385Z A path returned 202. Retrying...
2023-12-25T00:34:33.0518796Z A path returned 202. Retrying...
2023-12-25T00:34:33.0519250Z A path returned 202. Retrying...
2023-12-25T00:43:21.6464511Z A path returned 202. Retrying...
2023-12-25T00:43:21.6465707Z A path returned 202. Retrying...
2023-12-25T00:43:21.6466466Z A path returned 202. Retrying...
2023-12-25T00:43:21.6467073Z A path returned 202. Retrying...
2023-12-25T00:43:21.6467715Z A path returned 202. Retrying...
2023-12-25T00:43:21.6468282Z A path returned 202. Retrying...
2023-12-25T00:43:21.6468793Z A path returned 202. Retrying...
2023-12-25T00:43:21.6469422Z A path returned 202. Retrying...
2023-12-25T00:43:21.6469992Z A path returned 202. Retrying...
2023-12-25T00:43:21.6470568Z A path returned 202. Retrying...
2023-12-25T00:43:21.6471024Z A path returned 202. Retrying...
2023-12-25T00:43:21.6471462Z A path returned 202. Retrying...
2023-12-25T00:43:21.6471931Z A path returned 202. Retrying...
2023-12-25T00:43:21.6472326Z A path returned 202. Retrying...
2023-12-25T00:43:21.6472747Z A path returned 202. Retrying...
2023-12-25T00:43:21.6473221Z A path returned 202. Retrying...
2023-12-25T00:43:21.6473648Z A path returned 202. Retrying...
2023-12-25T00:43:21.6474064Z A path returned 202. Retrying...
2023-12-25T00:43:21.6474555Z A path returned 202. Retrying...
2023-12-25T00:43:21.6474960Z A path returned 202. Retrying...
2023-12-25T00:43:21.6475337Z A path returned 202. Retrying...
2023-12-25T00:43:21.6475829Z A path returned 202. Retrying...
2023-12-25T00:43:21.6476244Z A path returned 202. Retrying...
2023-12-25T00:43:21.6476726Z A path returned 202. Retrying...
2023-12-25T00:43:21.6477133Z A path returned 202. Retrying...
2023-12-25T00:43:21.6477536Z A path returned 202. Retrying...
2023-12-25T00:43:21.6478133Z A path returned 202. Retrying...
2023-12-25T00:43:21.6478531Z A path returned 202. Retrying...
2023-12-25T00:43:21.6478951Z A path returned 202. Retrying...
2023-12-25T00:43:21.6479448Z A path returned 202. Retrying...
2023-12-25T00:43:21.6479869Z A path returned 202. Retrying...
2023-12-25T00:43:21.6480299Z A path returned 202. Retrying...
2023-12-25T00:43:21.6480805Z A path returned 202. Retrying...
2023-12-25T00:43:21.6481529Z A path returned 202. Retrying...
2023-12-25T00:43:21.6481911Z A path returned 202. Retrying...
2023-12-25T00:43:21.6482391Z A path returned 202. Retrying...
2023-12-25T00:43:21.6482828Z A path returned 202. Retrying...
2023-12-25T00:43:21.6483277Z A path returned 202. Retrying...
2023-12-25T00:43:21.6483670Z A path returned 202. Retrying...
2023-12-25T00:43:21.6484074Z A path returned 202. Retrying...
2023-12-25T00:43:21.6484519Z A path returned 202. Retrying...
2023-12-25T00:43:21.6484879Z A path returned 202. Retrying...
2023-12-25T00:43:21.6485284Z A path returned 202. Retrying...
2023-12-25T00:43:21.6485731Z A path returned 202. Retrying...
2023-12-25T00:43:21.6486522Z A path returned 202. Retrying...
2023-12-25T00:43:21.6486911Z A path returned 202. Retrying...
2023-12-25T00:43:21.6487386Z A path returned 202. Retrying...
2023-12-25T00:43:21.6487775Z A path returned 202. Retrying...
2023-12-25T00:43:21.6488131Z A path returned 202. Retrying...
2023-12-25T00:43:21.6488602Z A path returned 202. Retrying...
2023-12-25T00:43:21.6488995Z A path returned 202. Retrying...
2023-12-25T00:43:21.6489457Z A path returned 202. Retrying...
2023-12-25T00:43:21.6489872Z A path returned 202. Retrying...
2023-12-25T00:43:21.6490263Z A path returned 202. Retrying...
2023-12-25T00:43:21.6490736Z A path returned 202. Retrying...
2023-12-25T00:43:21.6491096Z A path returned 202. Retrying...
2023-12-25T00:43:21.6491482Z A path returned 202. Retrying...
2023-12-25T00:43:21.6491951Z A path returned 202. Retrying...
2023-12-25T00:43:21.6492344Z A path returned 202. Retrying...
2023-12-25T00:43:21.6492733Z A path returned 202. Retrying...
2023-12-25T00:43:21.6493208Z A path returned 202. Retrying...
2023-12-25T00:43:21.6493598Z A path returned 202. Retrying...
2023-12-25T00:43:21.6493969Z A path returned 202. Retrying...
2023-12-25T00:43:21.6494595Z A path returned 202. Retrying...
2023-12-25T00:43:21.6495004Z A path returned 202. Retrying...
2023-12-25T00:43:21.6495479Z A path returned 202. Retrying...
2023-12-25T00:43:21.6495875Z A path returned 202. Retrying...
2023-12-25T00:43:21.6496291Z A path returned 202. Retrying...
2023-12-25T00:43:21.6496748Z A path returned 202. Retrying...
2023-12-25T00:43:21.6497104Z A path returned 202. Retrying...
2023-12-25T00:43:21.6497509Z A path returned 202. Retrying...
2023-12-25T00:43:21.6497955Z A path returned 202. Retrying...
2023-12-25T00:43:21.6498360Z A path returned 202. Retrying...
2023-12-25T00:43:21.6498746Z A path returned 202. Retrying...
2023-12-25T00:43:21.6499192Z A path returned 202. Retrying...
2023-12-25T00:43:21.6499594Z A path returned 202. Retrying...
2023-12-25T00:43:21.6499945Z A path returned 202. Retrying...
2023-12-25T00:43:21.6500403Z A path returned 202. Retrying...
2023-12-25T00:43:21.6500807Z A path returned 202. Retrying...
2023-12-25T00:43:21.6501250Z A path returned 202. Retrying...
2023-12-25T00:43:21.6501659Z A path returned 202. Retrying...
2023-12-25T00:43:21.6502042Z A path returned 202. Retrying...
2023-12-25T00:43:21.6502492Z A path returned 202. Retrying...
2023-12-25T00:43:21.6502934Z A path returned 202. Retrying...
2023-12-25T00:43:21.6503324Z A path returned 202. Retrying...
2023-12-25T00:43:21.6503774Z A path returned 202. Retrying...
2023-12-25T00:43:21.6504177Z A path returned 202. Retrying...
2023-12-25T00:43:21.6504570Z A path returned 202. Retrying...
2023-12-25T00:43:21.6505035Z A path returned 202. Retrying...
2023-12-25T00:43:21.6505424Z A path returned 202. Retrying...
2023-12-25T00:43:21.6505781Z A path returned 202. Retrying...
2023-12-25T00:43:21.6506257Z A path returned 202. Retrying...
2023-12-25T00:43:21.6506651Z A path returned 202. Retrying...
2023-12-25T00:43:21.6507124Z A path returned 202. Retrying...
2023-12-25T00:43:21.6507581Z A path returned 202. Retrying...
2023-12-25T00:43:21.6507968Z A path returned 202. Retrying...
2023-12-25T00:43:21.6508446Z A path returned 202. Retrying...
2023-12-25T00:43:21.6508803Z A path returned 202. Retrying...
2023-12-25T00:43:21.6509193Z A path returned 202. Retrying...
2023-12-25T00:43:21.6509661Z A path returned 202. Retrying...
2023-12-25T00:43:21.6510053Z A path returned 202. Retrying...
2023-12-25T00:43:21.6510458Z A path returned 202. Retrying...
2023-12-25T00:43:21.6510914Z A path returned 202. Retrying...
2023-12-25T00:43:21.6511307Z A path returned 202. Retrying...
2023-12-25T00:43:21.6511676Z A path returned 202. Retrying...
2023-12-25T00:43:21.6512193Z A path returned 202. Retrying...
2023-12-25T00:43:21.6512581Z A path returned 202. Retrying...
2023-12-25T00:43:21.6513044Z A path returned 202. Retrying...
2023-12-25T00:43:21.6513435Z A path returned 202. Retrying...
2023-12-25T00:43:21.6513854Z A path returned 202. Retrying...
2023-12-25T00:43:21.6514440Z A path returned 202. Retrying...
2023-12-25T00:43:21.6514803Z A path returned 202. Retrying...
2023-12-25T00:43:21.6515213Z A path returned 202. Retrying...
2023-12-25T00:43:21.6515673Z A path returned 202. Retrying...
2023-12-25T00:43:21.6516078Z A path returned 202. Retrying...
2023-12-25T00:43:21.6516467Z A path returned 202. Retrying...
2023-12-25T00:43:21.6516981Z A path returned 202. Retrying...
2023-12-25T00:43:21.6517385Z A path returned 202. Retrying...
2023-12-25T00:43:21.6517738Z A path returned 202. Retrying...
2023-12-25T00:43:21.6518208Z A path returned 202. Retrying...
2023-12-25T00:43:21.6518599Z A path returned 202. Retrying...
2023-12-25T00:43:21.6519060Z A path returned 202. Retrying...
2023-12-25T00:43:21.6519471Z A path returned 202. Retrying...
2023-12-25T00:43:21.6519858Z A path returned 202. Retrying...
2023-12-25T00:43:21.6520326Z A path returned 202. Retrying...
2023-12-25T00:43:21.6520684Z A path returned 202. Retrying...
2023-12-25T00:43:21.6521233Z A path returned 202. Retrying...
2023-12-25T00:43:21.6521781Z A path returned 202. Retrying...
2023-12-25T00:43:21.6522173Z A path returned 202. Retrying...
2023-12-25T00:43:21.6522731Z A path returned 202. Retrying...
2023-12-25T00:43:21.6523193Z A path returned 202. Retrying...
2023-12-25T00:43:21.6523582Z A path returned 202. Retrying...
2023-12-25T00:43:21.6523957Z A path returned 202. Retrying...
2023-12-25T00:43:21.6524411Z A path returned 202. Retrying...
2023-12-25T00:43:21.6524802Z A path returned 202. Retrying...
2023-12-25T00:43:21.6525264Z A path returned 202. Retrying...
2023-12-25T00:43:21.6525654Z A path returned 202. Retrying...
2023-12-25T00:43:21.6526061Z A path returned 202. Retrying...
2023-12-25T00:43:21.6526570Z A path returned 202. Retrying...
2023-12-25T00:43:21.6526930Z A path returned 202. Retrying...
2023-12-25T00:43:21.6527338Z A path returned 202. Retrying...
2023-12-25T00:43:21.6527787Z A path returned 202. Retrying...
2023-12-25T00:43:21.6528179Z A path returned 202. Retrying...
2023-12-25T00:43:21.6528596Z A path returned 202. Retrying...
2023-12-25T00:43:21.6529051Z A path returned 202. Retrying...
2023-12-25T00:43:21.6529458Z A path returned 202. Retrying...
2023-12-25T00:43:21.6529821Z A path returned 202. Retrying...
2023-12-25T00:43:21.6530278Z A path returned 202. Retrying...
2023-12-25T00:43:21.6530695Z A path returned 202. Retrying...
2023-12-25T00:43:21.6531195Z A path returned 202. Retrying...
2023-12-25T00:43:21.6531603Z A path returned 202. Retrying...
2023-12-25T00:43:21.6531994Z A path returned 202. Retrying...
2023-12-25T00:43:21.6532445Z A path returned 202. Retrying...
2023-12-25T00:43:21.6532859Z A path returned 202. Retrying...
2023-12-25T00:43:21.6533256Z A path returned 202. Retrying...
2023-12-25T00:43:21.6533720Z A path returned 202. Retrying...
2023-12-25T00:43:21.6534127Z A path returned 202. Retrying...
2023-12-25T00:43:21.6534517Z A path returned 202. Retrying...
2023-12-25T00:43:21.6534984Z A path returned 202. Retrying...
2023-12-25T00:43:21.6535375Z A path returned 202. Retrying...
2023-12-25T00:43:21.6535792Z A path returned 202. Retrying...
2023-12-25T00:43:21.6536256Z A path returned 202. Retrying...
2023-12-25T00:43:21.6536647Z A path returned 202. Retrying...
2023-12-25T00:43:21.6537094Z A path returned 202. Retrying...
2023-12-25T00:43:21.6537501Z A path returned 202. Retrying...
2023-12-25T00:43:21.6537888Z A path returned 202. Retrying...
2023-12-25T00:43:21.6538364Z A path returned 202. Retrying...
2023-12-25T00:43:21.6538720Z A path returned 202. Retrying...
2023-12-25T00:43:21.6539109Z A path returned 202. Retrying...
2023-12-25T00:43:21.6539577Z A path returned 202. Retrying...
2023-12-25T00:43:21.6539969Z A path returned 202. Retrying...
2023-12-25T00:43:21.6540435Z A path returned 202. Retrying...
2023-12-25T00:43:21.6540891Z A path returned 202. Retrying...
2023-12-25T00:43:21.6541284Z A path returned 202. Retrying...
2023-12-25T00:43:21.6541657Z A path returned 202. Retrying...
2023-12-25T00:43:21.6542105Z A path returned 202. Retrying...
2023-12-25T00:43:21.6542665Z A path returned 202. Retrying...
2023-12-25T00:43:21.6543123Z A path returned 202. Retrying...
2023-12-25T00:43:21.6543520Z A path returned 202. Retrying...
2023-12-25T00:43:21.6543927Z A path returned 202. Retrying...
2023-12-25T00:43:21.6544378Z A path returned 202. Retrying...
2023-12-25T00:43:21.6544734Z A path returned 202. Retrying...
2023-12-25T00:43:21.6545210Z A path returned 202. Retrying...
2023-12-25T00:43:21.6545663Z A path returned 202. Retrying...
2023-12-25T00:43:21.6546069Z A path returned 202. Retrying...
2023-12-25T00:43:21.6546457Z A path returned 202. Retrying...
2023-12-25T00:43:21.6546912Z A path returned 202. Retrying...
2023-12-25T00:43:21.6547317Z A path returned 202. Retrying...
2023-12-25T00:43:21.6547678Z A path returned 202. Retrying...
2023-12-25T00:43:21.6548124Z A path returned 202. Retrying...
2023-12-25T00:43:21.6548527Z A path returned 202. Retrying...
2023-12-25T00:43:21.6548976Z A path returned 202. Retrying...
2023-12-25T00:43:21.6549450Z A path returned 202. Retrying...
2023-12-25T00:43:21.6549839Z A path returned 202. Retrying...
2023-12-25T00:43:21.6550282Z A path returned 202. Retrying...
2023-12-25T00:43:21.6550771Z A path returned 202. Retrying...
2023-12-25T00:43:21.6551169Z A path returned 202. Retrying...
2023-12-25T00:43:21.6551640Z A path returned 202. Retrying...
2023-12-25T00:43:21.6552030Z A path returned 202. Retrying...
2023-12-25T00:43:21.6552421Z A path returned 202. Retrying...
2023-12-25T00:43:21.6552885Z A path returned 202. Retrying...
2023-12-25T00:43:21.6553274Z A path returned 202. Retrying...
2023-12-25T00:43:21.6553644Z A path returned 202. Retrying...
2023-12-25T00:43:21.6554167Z A path returned 202. Retrying...
2023-12-25T00:43:21.6554556Z A path returned 202. Retrying...
2023-12-25T00:43:21.6555022Z A path returned 202. Retrying...
2023-12-25T00:43:21.6555414Z A path returned 202. Retrying...
2023-12-25T00:43:21.6555817Z A path returned 202. Retrying...
2023-12-25T00:43:21.6556271Z A path returned 202. Retrying...
2023-12-25T00:43:21.6556631Z A path returned 202. Retrying...
2023-12-25T00:43:21.6557041Z A path returned 202. Retrying...
2023-12-25T00:43:21.6557500Z A path returned 202. Retrying...
2023-12-25T00:43:21.6557896Z A path returned 202. Retrying...
2023-12-25T00:43:21.6558302Z A path returned 202. Retrying...
2023-12-25T00:43:21.6558820Z A path returned 202. Retrying...
2023-12-25T00:43:21.6559230Z A path returned 202. Retrying...
2023-12-25T00:43:21.6559590Z A path returned 202. Retrying...
2023-12-25T00:43:21.6560056Z A path returned 202. Retrying...
2023-12-25T00:43:21.6560463Z A path returned 202. Retrying...
2023-12-25T00:43:21.6560913Z A path returned 202. Retrying...
2023-12-25T00:43:21.6561440Z A path returned 202. Retrying...
2023-12-25T00:43:21.6561852Z A path returned 202. Retrying...
2023-12-25T00:43:21.6562307Z A path returned 202. Retrying...
2023-12-25T00:43:21.6562710Z A path returned 202. Retrying...
2023-12-25T00:43:21.6563100Z A path returned 202. Retrying...
2023-12-25T00:43:21.6563623Z A path returned 202. Retrying...
2023-12-25T00:43:21.6564029Z A path returned 202. Retrying...
2023-12-25T00:43:21.6564420Z A path returned 202. Retrying...
2023-12-25T00:43:21.6564888Z A path returned 202. Retrying...
2023-12-25T00:43:21.6565277Z A path returned 202. Retrying...
2023-12-25T00:43:21.6565631Z A path returned 202. Retrying...
2023-12-25T00:43:21.6566098Z A path returned 202. Retrying...
2023-12-25T00:43:21.6566487Z A path returned 202. Retrying...
2023-12-25T00:43:21.6566935Z A path returned 202. Retrying...
2023-12-25T00:43:21.6567344Z A path returned 202. Retrying...
2023-12-25T00:43:21.6567731Z A path returned 202. Retrying...
2023-12-25T00:43:21.6568256Z A path returned 202. Retrying...
2023-12-25T00:43:21.6568612Z A path returned 202. Retrying...
2023-12-25T00:43:21.6569003Z A path returned 202. Retrying...
2023-12-25T00:43:21.6569466Z A path returned 202. Retrying...
2023-12-25T00:43:21.6569856Z A path returned 202. Retrying...
2023-12-25T00:43:21.6570245Z A path returned 202. Retrying...
2023-12-25T00:43:21.6570872Z A path returned 202. Retrying...
2023-12-25T00:43:21.6571263Z A path returned 202. Retrying...
2023-12-25T00:43:21.6571634Z A path returned 202. Retrying...
2023-12-25T00:43:21.6572091Z A path returned 202. Retrying...
2023-12-25T00:43:21.6572480Z A path returned 202. Retrying...
2023-12-25T00:43:21.6573012Z A path returned 202. Retrying...
2023-12-25T00:52:13.1585777Z A path returned 202. Retrying...
2023-12-25T00:52:13.1586699Z A path returned 202. Retrying...
2023-12-25T00:52:13.1587499Z A path returned 202. Retrying...
2023-12-25T00:52:13.1588301Z A path returned 202. Retrying...
2023-12-25T00:52:13.1588741Z A path returned 202. Retrying...
2023-12-25T00:52:13.1589111Z A path returned 202. Retrying...
2023-12-25T00:52:13.1589588Z A path returned 202. Retrying...
2023-12-25T00:52:13.1590008Z A path returned 202. Retrying...
2023-12-25T00:52:13.1590672Z A path returned 202. Retrying...
2023-12-25T00:52:13.1591366Z A path returned 202. Retrying...
2023-12-25T00:52:13.1592040Z A path returned 202. Retrying...
2023-12-25T00:52:13.1592791Z A path returned 202. Retrying...
2023-12-25T00:52:13.1593411Z A path returned 202. Retrying...
2023-12-25T00:52:13.1594046Z A path returned 202. Retrying...
2023-12-25T00:52:13.1595223Z A path returned 202. Retrying...
2023-12-25T00:52:13.1595718Z A path returned 202. Retrying...
2023-12-25T00:52:13.1596436Z A path returned 202. Retrying...
2023-12-25T00:52:13.1597115Z A path returned 202. Retrying...
2023-12-25T00:52:13.1597752Z A path returned 202. Retrying...
2023-12-25T00:52:13.1598435Z A path returned 202. Retrying...
2023-12-25T00:52:13.1599105Z A path returned 202. Retrying...
2023-12-25T00:52:13.1599742Z A path returned 202. Retrying...
2023-12-25T00:52:13.1600500Z A path returned 202. Retrying...
2023-12-25T00:52:13.1600997Z A path returned 202. Retrying...
2023-12-25T00:52:13.1601856Z A path returned 202. Retrying...
2023-12-25T00:52:13.1602688Z A path returned 202. Retrying...
2023-12-25T00:52:13.1603284Z A path returned 202. Retrying...
2023-12-25T00:52:13.1603927Z A path returned 202. Retrying...
2023-12-25T00:52:13.1604687Z A path returned 202. Retrying...
2023-12-25T00:52:13.1605329Z A path returned 202. Retrying...
2023-12-25T00:52:13.1606079Z A path returned 202. Retrying...
2023-12-25T00:52:13.1606697Z A path returned 202. Retrying...
2023-12-25T00:52:13.1607107Z A path returned 202. Retrying...
2023-12-25T00:52:13.1607777Z A path returned 202. Retrying...
2023-12-25T00:52:13.1608447Z A path returned 202. Retrying...
2023-12-25T00:52:13.1609107Z A path returned 202. Retrying...
2023-12-25T00:52:13.1609846Z A path returned 202. Retrying...
2023-12-25T00:52:13.1610478Z A path returned 202. Retrying...
2023-12-25T00:52:13.1611134Z A path returned 202. Retrying...
2023-12-25T00:52:13.1611892Z A path returned 202. Retrying...
2023-12-25T00:52:13.1612371Z A path returned 202. Retrying...
2023-12-25T00:52:13.1612902Z A path returned 202. Retrying...
2023-12-25T00:52:13.1613673Z A path returned 202. Retrying...
2023-12-25T00:52:13.1614338Z A path returned 202. Retrying...
2023-12-25T00:52:13.1615135Z A path returned 202. Retrying...
2023-12-25T00:52:13.1615777Z A path returned 202. Retrying...
2023-12-25T00:52:13.1616426Z A path returned 202. Retrying...
2023-12-25T00:52:13.1617117Z A path returned 202. Retrying...
2023-12-25T00:52:13.1617663Z A path returned 202. Retrying...
2023-12-25T00:52:13.1618293Z A path returned 202. Retrying...
2023-12-25T00:52:13.1619054Z A path returned 202. Retrying...
2023-12-25T00:52:13.1619710Z A path returned 202. Retrying...
2023-12-25T00:52:13.1620342Z A path returned 202. Retrying...
2023-12-25T00:52:13.1621075Z A path returned 202. Retrying...
2023-12-25T00:52:13.1621683Z A path returned 202. Retrying...
2023-12-25T00:52:13.1622386Z A path returned 202. Retrying...
2023-12-25T00:52:13.1622965Z A path returned 202. Retrying...
2023-12-25T00:52:13.1623618Z A path returned 202. Retrying...
2023-12-25T00:52:13.1624337Z A path returned 202. Retrying...
2023-12-25T00:52:13.1625009Z A path returned 202. Retrying...
2023-12-25T00:52:13.1625940Z A path returned 202. Retrying...
2023-12-25T00:52:13.1626867Z A path returned 202. Retrying...
2023-12-25T00:52:13.1627523Z A path returned 202. Retrying...
2023-12-25T00:52:13.1628008Z A path returned 202. Retrying...
2023-12-25T00:52:13.1628705Z A path returned 202. Retrying...
2023-12-25T00:52:13.1629352Z A path returned 202. Retrying...
2023-12-25T00:52:13.1630234Z A path returned 202. Retrying...
2023-12-25T00:52:13.1630995Z A path returned 202. Retrying...
2023-12-25T00:52:13.1631634Z A path returned 202. Retrying...
2023-12-25T00:52:13.1632293Z A path returned 202. Retrying...
2023-12-25T00:52:13.1633059Z A path returned 202. Retrying...
2023-12-25T00:52:13.1633479Z A path returned 202. Retrying...
2023-12-25T00:52:13.1634290Z A path returned 202. Retrying...
2023-12-25T00:52:13.1634941Z A path returned 202. Retrying...
2023-12-25T00:52:13.1635599Z A path returned 202. Retrying...
2023-12-25T00:52:13.1636281Z A path returned 202. Retrying...
2023-12-25T00:52:13.1636928Z A path returned 202. Retrying...
2023-12-25T00:52:13.1637663Z A path returned 202. Retrying...
2023-12-25T00:52:13.1638388Z A path returned 202. Retrying...
2023-12-25T00:52:13.1638790Z A path returned 202. Retrying...
2023-12-25T00:52:13.1639547Z A path returned 202. Retrying...
2023-12-25T00:52:13.1640341Z A path returned 202. Retrying...
2023-12-25T00:52:13.1640960Z A path returned 202. Retrying...
2023-12-25T00:52:13.1641783Z A path returned 202. Retrying...
2023-12-25T00:52:13.1642519Z A path returned 202. Retrying...
2023-12-25T00:52:13.1643175Z A path returned 202. Retrying...
2023-12-25T00:52:13.1643918Z A path returned 202. Retrying...
2023-12-25T00:52:13.1644375Z A path returned 202. Retrying...
2023-12-25T00:52:13.1645082Z A path returned 202. Retrying...
2023-12-25T00:52:13.1645777Z A path returned 202. Retrying...
2023-12-25T00:52:13.1646443Z A path returned 202. Retrying...
2023-12-25T00:52:13.1647075Z A path returned 202. Retrying...
2023-12-25T00:52:13.1647821Z A path returned 202. Retrying...
2023-12-25T00:52:13.1648457Z A path returned 202. Retrying...
2023-12-25T00:52:13.1649106Z A path returned 202. Retrying...
2023-12-25T00:52:13.1649640Z A path returned 202. Retrying...
2023-12-25T00:52:13.1650194Z A path returned 202. Retrying...
2023-12-25T00:52:13.1650834Z A path returned 202. Retrying...
2023-12-25T00:52:13.1651594Z A path returned 202. Retrying...
2023-12-25T00:52:13.1652291Z A path returned 202. Retrying...
2023-12-25T00:52:13.1653028Z A path returned 202. Retrying...
2023-12-25T00:52:13.1653662Z A path returned 202. Retrying...
2023-12-25T00:52:13.1654306Z A path returned 202. Retrying...
2023-12-25T00:52:13.1654868Z A path returned 202. Retrying...
2023-12-25T00:52:13.1655506Z A path returned 202. Retrying...
2023-12-25T00:52:13.1656139Z A path returned 202. Retrying...
2023-12-25T00:52:13.1656937Z A path returned 202. Retrying...
2023-12-25T00:52:13.1657566Z A path returned 202. Retrying...
2023-12-25T00:52:13.1658213Z A path returned 202. Retrying...
2023-12-25T00:52:13.1658946Z A path returned 202. Retrying...
2023-12-25T00:52:13.1659618Z A path returned 202. Retrying...
2023-12-25T00:52:13.1660087Z A path returned 202. Retrying...
2023-12-25T00:52:13.1660609Z A path returned 202. Retrying...
2023-12-25T00:52:13.1661290Z A path returned 202. Retrying...
2023-12-25T00:52:13.1662020Z A path returned 202. Retrying...
2023-12-25T00:52:13.1662657Z A path returned 202. Retrying...
2023-12-25T00:52:13.1663302Z A path returned 202. Retrying...
2023-12-25T00:52:13.1663979Z A path returned 202. Retrying...
2023-12-25T00:52:13.1664614Z A path returned 202. Retrying...
2023-12-25T00:52:13.1665273Z A path returned 202. Retrying...
2023-12-25T00:52:13.1665745Z A path returned 202. Retrying...
2023-12-25T00:52:13.1666460Z A path returned 202. Retrying...
2023-12-25T00:52:13.1667092Z A path returned 202. Retrying...
2023-12-25T00:52:13.1667820Z A path returned 202. Retrying...
2023-12-25T00:52:13.1668431Z A path returned 202. Retrying...
2023-12-25T00:52:13.1669060Z A path returned 202. Retrying...
2023-12-25T00:52:13.1670057Z A path returned 202. Retrying...
2023-12-25T00:52:13.1670647Z A path returned 202. Retrying...
2023-12-25T00:52:13.1671137Z A path returned 202. Retrying...
2023-12-25T00:52:13.1671838Z A path returned 202. Retrying...
2023-12-25T00:52:13.1672473Z A path returned 202. Retrying...
2023-12-25T00:52:13.1673167Z A path returned 202. Retrying...
2023-12-25T00:52:13.1673874Z A path returned 202. Retrying...
2023-12-25T00:52:13.1674502Z A path returned 202. Retrying...
2023-12-25T00:52:13.1675250Z A path returned 202. Retrying...
2023-12-25T00:52:13.1675910Z A path returned 202. Retrying...
2023-12-25T00:52:13.1676321Z A path returned 202. Retrying...
2023-12-25T00:52:13.1677101Z A path returned 202. Retrying...
2023-12-25T00:52:13.1677690Z A path returned 202. Retrying...
2023-12-25T00:52:13.1678339Z A path returned 202. Retrying...
2023-12-25T00:52:13.1679061Z A path returned 202. Retrying...
2023-12-25T00:52:13.1679685Z A path returned 202. Retrying...
2023-12-25T00:52:13.1680477Z A path returned 202. Retrying...
2023-12-25T00:52:13.1681337Z A path returned 202. Retrying...
2023-12-25T00:52:13.1681897Z A path returned 202. Retrying...
2023-12-25T00:52:13.1682621Z A path returned 202. Retrying...
2023-12-25T00:52:13.1683471Z A path returned 202. Retrying...
2023-12-25T00:52:13.1684150Z A path returned 202. Retrying...
2023-12-25T00:52:13.1684891Z A path returned 202. Retrying...
2023-12-25T00:52:13.1685544Z A path returned 202. Retrying...
2023-12-25T00:52:13.1686216Z A path returned 202. Retrying...
2023-12-25T00:52:13.1686818Z A path returned 202. Retrying...
2023-12-25T00:52:13.1687189Z A path returned 202. Retrying...
2023-12-25T00:52:13.1687845Z A path returned 202. Retrying...
2023-12-25T00:52:13.1688594Z A path returned 202. Retrying...
2023-12-25T00:52:13.1689249Z A path returned 202. Retrying...
2023-12-25T00:52:13.1690061Z A path returned 202. Retrying...
2023-12-25T00:52:13.1690719Z A path returned 202. Retrying...
2023-12-25T00:52:13.1691341Z A path returned 202. Retrying...
2023-12-25T00:52:13.1692056Z A path returned 202. Retrying...
2023-12-25T00:52:13.1692516Z A path returned 202. Retrying...
2023-12-25T00:52:13.1693084Z A path returned 202. Retrying...
2023-12-25T00:52:13.1693853Z A path returned 202. Retrying...
2023-12-25T00:52:13.1694509Z A path returned 202. Retrying...
2023-12-25T00:52:13.1695178Z A path returned 202. Retrying...
2023-12-25T00:52:13.1695930Z A path returned 202. Retrying...
2023-12-25T00:52:13.1696515Z A path returned 202. Retrying...
2023-12-25T00:52:13.1697139Z A path returned 202. Retrying...
2023-12-25T00:52:13.1697759Z A path returned 202. Retrying...
2023-12-25T00:52:13.1698324Z A path returned 202. Retrying...
2023-12-25T00:52:13.1699092Z A path returned 202. Retrying...
2023-12-25T00:52:13.1699735Z A path returned 202. Retrying...
2023-12-25T00:52:13.1700365Z A path returned 202. Retrying...
2023-12-25T00:52:13.1701073Z A path returned 202. Retrying...
2023-12-25T00:52:13.1701705Z A path returned 202. Retrying...
2023-12-25T00:52:13.1702387Z A path returned 202. Retrying...
2023-12-25T00:52:13.1703032Z A path returned 202. Retrying...
2023-12-25T00:52:13.1703554Z A path returned 202. Retrying...
2023-12-25T00:52:13.1704232Z A path returned 202. Retrying...
2023-12-25T00:52:13.1704985Z A path returned 202. Retrying...
2023-12-25T00:52:13.1705576Z A path returned 202. Retrying...
2023-12-25T00:52:13.1706224Z A path returned 202. Retrying...
2023-12-25T00:52:13.1706951Z A path returned 202. Retrying...
2023-12-25T00:52:13.1707577Z A path returned 202. Retrying...
2023-12-25T00:52:13.1708265Z A path returned 202. Retrying...
2023-12-25T00:52:13.1708773Z A path returned 202. Retrying...
2023-12-25T00:52:13.1709500Z A path returned 202. Retrying...
2023-12-25T00:52:13.1710182Z A path returned 202. Retrying...
2023-12-25T00:52:13.1710819Z A path returned 202. Retrying...
2023-12-25T00:52:13.1711469Z A path returned 202. Retrying...
2023-12-25T00:52:13.1712187Z A path returned 202. Retrying...
2023-12-25T00:52:13.1712843Z A path returned 202. Retrying...
2023-12-25T00:52:13.1713609Z A path returned 202. Retrying...
2023-12-25T00:52:13.1714375Z A path returned 202. Retrying...
2023-12-25T00:52:13.1714993Z A path returned 202. Retrying...
2023-12-25T00:52:13.1715630Z A path returned 202. Retrying...
2023-12-25T00:52:13.1716382Z A path returned 202. Retrying...
2023-12-25T00:52:13.1717053Z A path returned 202. Retrying...
2023-12-25T00:52:13.1717767Z A path returned 202. Retrying...
2023-12-25T00:52:13.1718442Z A path returned 202. Retrying...
2023-12-25T00:52:13.1718845Z A path returned 202. Retrying...
2023-12-25T00:52:13.1719488Z A path returned 202. Retrying...
2023-12-25T00:52:13.1720152Z A path returned 202. Retrying...
2023-12-25T00:52:13.1720779Z A path returned 202. Retrying...
2023-12-25T00:52:13.1721709Z A path returned 202. Retrying...
2023-12-25T00:52:13.1722339Z A path returned 202. Retrying...
2023-12-25T00:52:13.1722958Z A path returned 202. Retrying...
2023-12-25T00:52:13.1723713Z A path returned 202. Retrying...
2023-12-25T00:52:13.1724219Z A path returned 202. Retrying...
2023-12-25T00:52:13.1724894Z A path returned 202. Retrying...
2023-12-25T00:52:13.1725667Z A path returned 202. Retrying...
2023-12-25T00:52:13.1726295Z A path returned 202. Retrying...
2023-12-25T00:52:13.1727240Z A path returned 202. Retrying...
2023-12-25T00:52:13.1727905Z A path returned 202. Retrying...
2023-12-25T00:52:13.1728555Z A path returned 202. Retrying...
2023-12-25T00:52:13.1729236Z A path returned 202. Retrying...
2023-12-25T00:52:13.1729816Z A path returned 202. Retrying...
2023-12-25T00:52:13.1730486Z A path returned 202. Retrying...
2023-12-25T00:52:13.1731213Z A path returned 202. Retrying...
2023-12-25T00:52:13.1731947Z A path returned 202. Retrying...
2023-12-25T00:52:13.1732607Z A path returned 202. Retrying...
2023-12-25T00:52:13.1733332Z A path returned 202. Retrying...
2023-12-25T00:52:13.1733942Z A path returned 202. Retrying...
2023-12-25T00:52:13.1734472Z A path returned 202. Retrying...
2023-12-25T00:52:13.1735098Z A path returned 202. Retrying...
2023-12-25T00:52:13.1735768Z A path returned 202. Retrying...
2023-12-25T00:52:13.1736489Z A path returned 202. Retrying...
2023-12-25T00:52:13.1737146Z A path returned 202. Retrying...
2023-12-25T00:52:13.1737777Z A path returned 202. Retrying...
2023-12-25T00:52:13.1738456Z A path returned 202. Retrying...
2023-12-25T00:52:13.1739154Z A path returned 202. Retrying...
2023-12-25T00:52:13.1739722Z A path returned 202. Retrying...
2023-12-25T00:52:13.1740316Z A path returned 202. Retrying...
2023-12-25T00:52:13.1740989Z A path returned 202. Retrying...
2023-12-25T00:52:13.1741610Z A path returned 202. Retrying...
2023-12-25T00:52:13.1742363Z A path returned 202. Retrying...
2023-12-25T00:52:13.1742944Z A path returned 202. Retrying...
2023-12-25T00:52:13.1743569Z A path returned 202. Retrying...
2023-12-25T00:52:13.1744310Z A path returned 202. Retrying...
2023-12-25T00:52:13.1744916Z A path returned 202. Retrying...
2023-12-25T00:52:13.1745418Z A path returned 202. Retrying...
2023-12-25T00:52:13.1746165Z A path returned 202. Retrying...
2023-12-25T00:52:13.1746797Z A path returned 202. Retrying...
2023-12-25T00:52:13.1747512Z A path returned 202. Retrying...
2023-12-25T00:52:13.1748150Z A path returned 202. Retrying...
2023-12-25T00:52:13.1748790Z A path returned 202. Retrying...
2023-12-25T00:52:13.1749547Z A path returned 202. Retrying...
2023-12-25T00:52:13.1750171Z A path returned 202. Retrying...
2023-12-25T01:01:05.5518207Z A path returned 202. Retrying...
2023-12-25T01:01:05.5519115Z A path returned 202. Retrying...
2023-12-25T01:01:05.5519780Z A path returned 202. Retrying...
2023-12-25T01:01:05.5520247Z A path returned 202. Retrying...
2023-12-25T01:01:05.5520687Z A path returned 202. Retrying...
2023-12-25T01:01:05.5521385Z A path returned 202. Retrying...
2023-12-25T01:01:05.5521840Z A path returned 202. Retrying...
2023-12-25T01:01:05.5522275Z A path returned 202. Retrying...
2023-12-25T01:01:05.5522706Z A path returned 202. Retrying...
2023-12-25T01:01:05.5523119Z A path returned 202. Retrying...
2023-12-25T01:01:05.5523862Z A path returned 202. Retrying...
2023-12-25T01:01:05.5524161Z A path returned 202. Retrying...
2023-12-25T01:01:05.5524459Z A path returned 202. Retrying...
2023-12-25T01:01:05.5524761Z A path returned 202. Retrying...
2023-12-25T01:01:05.5525059Z A path returned 202. Retrying...
2023-12-25T01:01:05.5525359Z A path returned 202. Retrying...
2023-12-25T01:01:05.5525652Z A path returned 202. Retrying...
2023-12-25T01:01:05.5525948Z A path returned 202. Retrying...
2023-12-25T01:01:05.5526242Z A path returned 202. Retrying...
2023-12-25T01:01:05.5526534Z A path returned 202. Retrying...
2023-12-25T01:01:05.5526824Z A path returned 202. Retrying...
2023-12-25T01:01:05.5527119Z A path returned 202. Retrying...
2023-12-25T01:01:05.5527413Z A path returned 202. Retrying...
2023-12-25T01:01:05.5527707Z A path returned 202. Retrying...
2023-12-25T01:01:05.5528006Z A path returned 202. Retrying...
2023-12-25T01:01:05.5528314Z A path returned 202. Retrying...
2023-12-25T01:01:05.5528616Z A path returned 202. Retrying...
2023-12-25T01:01:05.5528917Z A path returned 202. Retrying...
2023-12-25T01:01:05.5529224Z A path returned 202. Retrying...
2023-12-25T01:01:05.5529521Z A path returned 202. Retrying...
2023-12-25T01:01:05.5530003Z A path returned 202. Retrying...
2023-12-25T01:01:05.5530313Z A path returned 202. Retrying...
2023-12-25T01:01:05.5530608Z A path returned 202. Retrying...
2023-12-25T01:01:05.5530902Z A path returned 202. Retrying...
2023-12-25T01:01:05.5531192Z A path returned 202. Retrying...
2023-12-25T01:01:05.5531498Z A path returned 202. Retrying...
2023-12-25T01:01:05.5531803Z A path returned 202. Retrying...
2023-12-25T01:01:05.5532106Z A path returned 202. Retrying...
2023-12-25T01:01:05.5532407Z A path returned 202. Retrying...
2023-12-25T01:01:05.5532702Z A path returned 202. Retrying...
2023-12-25T01:01:05.5532997Z A path returned 202. Retrying...
2023-12-25T01:01:05.5533288Z A path returned 202. Retrying...
2023-12-25T01:01:05.5533587Z A path returned 202. Retrying...
2023-12-25T01:01:05.5533888Z A path returned 202. Retrying...
2023-12-25T01:01:05.5534186Z A path returned 202. Retrying...
2023-12-25T01:01:05.5534482Z A path returned 202. Retrying...
2023-12-25T01:01:05.5534783Z A path returned 202. Retrying...
2023-12-25T01:01:05.5535079Z A path returned 202. Retrying...
2023-12-25T01:01:05.5535371Z A path returned 202. Retrying...
2023-12-25T01:01:05.5535668Z A path returned 202. Retrying...
2023-12-25T01:01:05.5535964Z A path returned 202. Retrying...
2023-12-25T01:01:05.5536258Z A path returned 202. Retrying...
2023-12-25T01:01:05.5536553Z A path returned 202. Retrying...
2023-12-25T01:01:05.5536856Z A path returned 202. Retrying...
2023-12-25T01:01:05.5537156Z A path returned 202. Retrying...
2023-12-25T01:01:05.5537448Z A path returned 202. Retrying...
2023-12-25T01:01:05.5537745Z A path returned 202. Retrying...
2023-12-25T01:01:05.5538043Z A path returned 202. Retrying...
2023-12-25T01:01:05.5538342Z A path returned 202. Retrying...
2023-12-25T01:01:05.5538639Z A path returned 202. Retrying...
2023-12-25T01:01:05.5538938Z A path returned 202. Retrying...
2023-12-25T01:01:05.5539235Z A path returned 202. Retrying...
2023-12-25T01:01:05.5539526Z A path returned 202. Retrying...
2023-12-25T01:01:05.5539826Z A path returned 202. Retrying...
2023-12-25T01:01:05.5540123Z A path returned 202. Retrying...
2023-12-25T01:01:05.5540417Z A path returned 202. Retrying...
2023-12-25T01:01:05.5540712Z A path returned 202. Retrying...
2023-12-25T01:01:05.5541007Z A path returned 202. Retrying...
2023-12-25T01:01:05.5541303Z A path returned 202. Retrying...
2023-12-25T01:01:05.5541595Z A path returned 202. Retrying...
2023-12-25T01:01:05.5541893Z A path returned 202. Retrying...
2023-12-25T01:01:05.5542188Z A path returned 202. Retrying...
2023-12-25T01:01:05.5542484Z A path returned 202. Retrying...
2023-12-25T01:01:05.5542781Z A path returned 202. Retrying...
2023-12-25T01:01:05.5543076Z A path returned 202. Retrying...
2023-12-25T01:01:05.5543374Z A path returned 202. Retrying...
2023-12-25T01:01:05.5543800Z A path returned 202. Retrying...
2023-12-25T01:01:05.5544116Z A path returned 202. Retrying...
2023-12-25T01:01:05.5544423Z A path returned 202. Retrying...
2023-12-25T01:01:05.5544726Z A path returned 202. Retrying...
2023-12-25T01:01:05.5545026Z A path returned 202. Retrying...
2023-12-25T01:01:05.5545323Z A path returned 202. Retrying...
2023-12-25T01:01:05.5545620Z A path returned 202. Retrying...
2023-12-25T01:01:05.5545910Z A path returned 202. Retrying...
2023-12-25T01:01:05.5546211Z A path returned 202. Retrying...
2023-12-25T01:01:05.5546513Z A path returned 202. Retrying...
2023-12-25T01:01:05.5546811Z A path returned 202. Retrying...
2023-12-25T01:01:05.5547108Z A path returned 202. Retrying...
2023-12-25T01:01:05.5547404Z A path returned 202. Retrying...
2023-12-25T01:01:05.5547699Z A path returned 202. Retrying...
2023-12-25T01:01:05.5547994Z A path returned 202. Retrying...
2023-12-25T01:01:05.5548301Z A path returned 202. Retrying...
2023-12-25T01:01:05.5548606Z A path returned 202. Retrying...
2023-12-25T01:01:05.5548910Z A path returned 202. Retrying...
2023-12-25T01:01:05.5549209Z A path returned 202. Retrying...
2023-12-25T01:01:05.5549506Z A path returned 202. Retrying...
2023-12-25T01:01:05.5549921Z A path returned 202. Retrying...
2023-12-25T01:01:05.5550218Z A path returned 202. Retrying...
2023-12-25T01:01:05.5550524Z A path returned 202. Retrying...
2023-12-25T01:01:05.5550829Z A path returned 202. Retrying...
2023-12-25T01:01:05.5551127Z A path returned 202. Retrying...
2023-12-25T01:01:05.5551465Z A path returned 202. Retrying...
2023-12-25T01:01:05.5551761Z A path returned 202. Retrying...
2023-12-25T01:01:05.5552057Z A path returned 202. Retrying...
2023-12-25T01:01:05.5552346Z A path returned 202. Retrying...
2023-12-25T01:01:05.5552653Z A path returned 202. Retrying...
2023-12-25T01:01:05.5552946Z A path returned 202. Retrying...
2023-12-25T01:01:05.5553243Z A path returned 202. Retrying...
2023-12-25T01:01:05.5553537Z A path returned 202. Retrying...
2023-12-25T01:01:05.5553837Z A path returned 202. Retrying...
2023-12-25T01:01:05.5554137Z A path returned 202. Retrying...
2023-12-25T01:01:05.5554426Z A path returned 202. Retrying...
2023-12-25T01:01:05.5554728Z A path returned 202. Retrying...
2023-12-25T01:01:05.5555026Z A path returned 202. Retrying...
2023-12-25T01:01:05.5555321Z A path returned 202. Retrying...
2023-12-25T01:01:05.5555617Z A path returned 202. Retrying...
2023-12-25T01:01:05.5555910Z A path returned 202. Retrying...
2023-12-25T01:01:05.5556206Z A path returned 202. Retrying...
2023-12-25T01:01:05.5556497Z A path returned 202. Retrying...
2023-12-25T01:01:05.5556793Z A path returned 202. Retrying...
2023-12-25T01:01:05.5557087Z A path returned 202. Retrying...
2023-12-25T01:01:05.5557381Z A path returned 202. Retrying...
2023-12-25T01:01:05.5557677Z A path returned 202. Retrying...
2023-12-25T01:01:05.5557970Z A path returned 202. Retrying...
2023-12-25T01:01:05.5558266Z A path returned 202. Retrying...
2023-12-25T01:01:05.5558554Z A path returned 202. Retrying...
2023-12-25T01:01:05.5558856Z A path returned 202. Retrying...
2023-12-25T01:01:05.5559152Z A path returned 202. Retrying...
2023-12-25T01:01:05.5559446Z A path returned 202. Retrying...
2023-12-25T01:01:05.5559748Z A path returned 202. Retrying...
2023-12-25T01:01:05.5560042Z A path returned 202. Retrying...
2023-12-25T01:01:05.5560342Z A path returned 202. Retrying...
2023-12-25T01:01:05.5560635Z A path returned 202. Retrying...
2023-12-25T01:01:05.5560928Z A path returned 202. Retrying...
2023-12-25T01:01:05.5561353Z A path returned 202. Retrying...
2023-12-25T01:01:05.5561650Z A path returned 202. Retrying...
2023-12-25T01:01:05.5561944Z A path returned 202. Retrying...
2023-12-25T01:01:05.5562242Z A path returned 202. Retrying...
2023-12-25T01:01:05.5562542Z A path returned 202. Retrying...
2023-12-25T01:01:05.5562834Z A path returned 202. Retrying...
2023-12-25T01:01:05.5563134Z A path returned 202. Retrying...
2023-12-25T01:01:05.5563430Z A path returned 202. Retrying...
2023-12-25T01:01:05.5563881Z A path returned 202. Retrying...
2023-12-25T01:01:05.5564179Z A path returned 202. Retrying...
2023-12-25T01:01:05.5564475Z A path returned 202. Retrying...
2023-12-25T01:01:05.5564771Z A path returned 202. Retrying...
2023-12-25T01:01:05.5565062Z A path returned 202. Retrying...
2023-12-25T01:01:05.5565356Z A path returned 202. Retrying...
2023-12-25T01:01:05.5565652Z A path returned 202. Retrying...
2023-12-25T01:01:05.5565944Z A path returned 202. Retrying...
2023-12-25T01:01:05.5566240Z A path returned 202. Retrying...
2023-12-25T01:01:05.5566533Z A path returned 202. Retrying...
2023-12-25T01:01:05.5566827Z A path returned 202. Retrying...
2023-12-25T01:01:05.5567118Z A path returned 202. Retrying...
2023-12-25T01:01:05.5567413Z A path returned 202. Retrying...
2023-12-25T01:01:05.5567712Z A path returned 202. Retrying...
2023-12-25T01:01:05.5568006Z A path returned 202. Retrying...
2023-12-25T01:01:05.5568301Z A path returned 202. Retrying...
2023-12-25T01:01:05.5568599Z A path returned 202. Retrying...
2023-12-25T01:01:05.5568903Z A path returned 202. Retrying...
2023-12-25T01:01:05.5569192Z A path returned 202. Retrying...
2023-12-25T01:01:05.5569486Z A path returned 202. Retrying...
2023-12-25T01:01:05.5569918Z A path returned 202. Retrying...
2023-12-25T01:01:05.5570219Z A path returned 202. Retrying...
2023-12-25T01:01:05.5570514Z A path returned 202. Retrying...
2023-12-25T01:01:05.5570809Z A path returned 202. Retrying...
2023-12-25T01:01:05.5571102Z A path returned 202. Retrying...
2023-12-25T01:01:05.5571394Z A path returned 202. Retrying...
2023-12-25T01:01:05.5571689Z A path returned 202. Retrying...
2023-12-25T01:01:05.5571983Z A path returned 202. Retrying...
2023-12-25T01:01:05.5572276Z A path returned 202. Retrying...
2023-12-25T01:01:05.5572570Z A path returned 202. Retrying...
2023-12-25T01:01:05.5572864Z A path returned 202. Retrying...
2023-12-25T01:01:05.5573160Z A path returned 202. Retrying...
2023-12-25T01:01:05.5573449Z A path returned 202. Retrying...
2023-12-25T01:01:05.5573750Z A path returned 202. Retrying...
2023-12-25T01:01:05.5574045Z A path returned 202. Retrying...
2023-12-25T01:01:05.5574343Z A path returned 202. Retrying...
2023-12-25T01:01:05.5574643Z A path returned 202. Retrying...
2023-12-25T01:01:05.5574937Z A path returned 202. Retrying...
2023-12-25T01:01:05.5575231Z A path returned 202. Retrying...
2023-12-25T01:01:05.5575519Z A path returned 202. Retrying...
2023-12-25T01:01:05.5575815Z A path returned 202. Retrying...
2023-12-25T01:01:05.5576109Z A path returned 202. Retrying...
2023-12-25T01:01:05.5576402Z A path returned 202. Retrying...
2023-12-25T01:01:05.5576698Z A path returned 202. Retrying...
2023-12-25T01:01:05.5576992Z A path returned 202. Retrying...
2023-12-25T01:01:05.5577288Z A path returned 202. Retrying...
2023-12-25T01:01:05.5577577Z A path returned 202. Retrying...
2023-12-25T01:01:05.5577874Z A path returned 202. Retrying...
2023-12-25T01:01:05.5578168Z A path returned 202. Retrying...
2023-12-25T01:01:05.5578467Z A path returned 202. Retrying...
2023-12-25T01:01:05.5578764Z A path returned 202. Retrying...
2023-12-25T01:01:05.5579059Z A path returned 202. Retrying...
2023-12-25T01:01:05.5579355Z A path returned 202. Retrying...
2023-12-25T01:01:05.5579650Z A path returned 202. Retrying...
2023-12-25T01:01:05.5579948Z A path returned 202. Retrying...
2023-12-25T01:01:05.5580244Z A path returned 202. Retrying...
2023-12-25T01:01:05.5580540Z A path returned 202. Retrying...
2023-12-25T01:01:05.5580836Z A path returned 202. Retrying...
2023-12-25T01:01:05.5581132Z A path returned 202. Retrying...
2023-12-25T01:01:05.5581428Z A path returned 202. Retrying...
2023-12-25T01:01:05.5581720Z A path returned 202. Retrying...
2023-12-25T01:01:05.5582015Z A path returned 202. Retrying...
2023-12-25T01:01:05.5582311Z A path returned 202. Retrying...
2023-12-25T01:01:05.5582605Z A path returned 202. Retrying...
2023-12-25T01:01:05.5582900Z A path returned 202. Retrying...
2023-12-25T01:01:05.5583202Z A path returned 202. Retrying...
2023-12-25T01:01:05.5583689Z A path returned 202. Retrying...
2023-12-25T01:01:05.5583980Z A path returned 202. Retrying...
2023-12-25T01:01:05.5584277Z A path returned 202. Retrying...
2023-12-25T01:01:05.5584577Z A path returned 202. Retrying...
2023-12-25T01:01:05.5584871Z A path returned 202. Retrying...
2023-12-25T01:01:05.5585169Z A path returned 202. Retrying...
2023-12-25T01:01:05.5585466Z A path returned 202. Retrying...
2023-12-25T01:01:05.5585760Z A path returned 202. Retrying...
2023-12-25T01:01:05.5586050Z A path returned 202. Retrying...
2023-12-25T01:01:05.5586346Z A path returned 202. Retrying...
2023-12-25T01:01:05.5586640Z A path returned 202. Retrying...
2023-12-25T01:01:05.5586941Z A path returned 202. Retrying...
2023-12-25T01:01:05.5587236Z A path returned 202. Retrying...
2023-12-25T01:01:05.5587535Z A path returned 202. Retrying...
2023-12-25T01:01:05.5587830Z A path returned 202. Retrying...
2023-12-25T01:01:05.5588121Z A path returned 202. Retrying...
2023-12-25T01:01:05.5588417Z A path returned 202. Retrying...
2023-12-25T01:01:05.5588720Z A path returned 202. Retrying...
2023-12-25T01:01:05.5589015Z A path returned 202. Retrying...
2023-12-25T01:01:05.5589311Z A path returned 202. Retrying...
2023-12-25T01:01:05.5589749Z A path returned 202. Retrying...
2023-12-25T01:01:05.5590051Z A path returned 202. Retrying...
2023-12-25T01:01:05.5590342Z A path returned 202. Retrying...
2023-12-25T01:01:05.5590639Z A path returned 202. Retrying...
2023-12-25T01:01:05.5590935Z A path returned 202. Retrying...
2023-12-25T01:01:05.5591228Z A path returned 202. Retrying...
2023-12-25T01:01:05.5591522Z A path returned 202. Retrying...
2023-12-25T01:01:05.5591816Z A path returned 202. Retrying...
2023-12-25T01:01:05.5592109Z A path returned 202. Retrying...
2023-12-25T01:01:05.5592397Z A path returned 202. Retrying...
2023-12-25T01:01:05.5592693Z A path returned 202. Retrying...
2023-12-25T01:01:05.5592987Z A path returned 202. Retrying...
2023-12-25T01:01:05.5593281Z A path returned 202. Retrying...
2023-12-25T01:01:05.5593580Z A path returned 202. Retrying...
2023-12-25T01:01:05.5593878Z A path returned 202. Retrying...
2023-12-25T01:01:05.5594172Z A path returned 202. Retrying...
2023-12-25T01:01:05.5594473Z A path returned 202. Retrying...
2023-12-25T01:01:05.5594771Z A path returned 202. Retrying...
2023-12-25T01:01:05.5595065Z A path returned 202. Retrying...
2023-12-25T01:01:05.5595364Z A path returned 202. Retrying...
2023-12-25T01:08:11.2975603Z A path returned 202. Retrying...
2023-12-25T01:08:11.2976169Z A path returned 202. Retrying...
2023-12-25T01:08:11.2976541Z A path returned 202. Retrying...
2023-12-25T01:08:11.2976894Z A path returned 202. Retrying...
2023-12-25T01:08:11.2977307Z A path returned 202. Retrying...
2023-12-25T01:08:11.2977673Z A path returned 202. Retrying...
2023-12-25T01:08:11.2978014Z A path returned 202. Retrying...
2023-12-25T01:08:11.2978360Z A path returned 202. Retrying...
2023-12-25T01:08:11.2978705Z A path returned 202. Retrying...
2023-12-25T01:08:11.2979052Z A path returned 202. Retrying...
2023-12-25T01:08:11.2979421Z A path returned 202. Retrying...
2023-12-25T01:08:11.2979729Z A path returned 202. Retrying...
2023-12-25T01:08:11.2980030Z A path returned 202. Retrying...
2023-12-25T01:08:11.2980333Z A path returned 202. Retrying...
2023-12-25T01:08:11.2980631Z A path returned 202. Retrying...
2023-12-25T01:08:11.2980934Z A path returned 202. Retrying...
2023-12-25T01:08:11.2981239Z A path returned 202. Retrying...
2023-12-25T01:08:11.2981553Z A path returned 202. Retrying...
2023-12-25T01:08:11.2981861Z A path returned 202. Retrying...
2023-12-25T01:08:11.2982164Z A path returned 202. Retrying...
2023-12-25T01:08:11.2982458Z A path returned 202. Retrying...
2023-12-25T01:08:11.2982756Z A path returned 202. Retrying...
2023-12-25T01:08:11.2983059Z A path returned 202. Retrying...
2023-12-25T01:08:11.2983359Z A path returned 202. Retrying...
2023-12-25T01:08:11.2983658Z A path returned 202. Retrying...
2023-12-25T01:08:11.2983960Z A path returned 202. Retrying...
2023-12-25T01:08:11.2984708Z A path returned 202. Retrying...
2023-12-25T01:08:11.2985004Z A path returned 202. Retrying...
2023-12-25T01:08:11.2985299Z A path returned 202. Retrying...
2023-12-25T01:08:11.2985597Z A path returned 202. Retrying...
2023-12-25T01:08:11.2985898Z A path returned 202. Retrying...
2023-12-25T01:08:11.2986198Z A path returned 202. Retrying...
2023-12-25T01:08:11.2986492Z A path returned 202. Retrying...
2023-12-25T01:08:11.2986786Z A path returned 202. Retrying...
2023-12-25T01:08:11.2987076Z A path returned 202. Retrying...
2023-12-25T01:08:11.2987373Z A path returned 202. Retrying...
2023-12-25T01:08:11.2987668Z A path returned 202. Retrying...
2023-12-25T01:08:11.2987963Z A path returned 202. Retrying...
2023-12-25T01:08:11.2988258Z A path returned 202. Retrying...
2023-12-25T01:08:11.2988553Z A path returned 202. Retrying...
2023-12-25T01:08:11.2988846Z A path returned 202. Retrying...
2023-12-25T01:08:11.2989137Z A path returned 202. Retrying...
2023-12-25T01:08:11.2989431Z A path returned 202. Retrying...
2023-12-25T01:08:11.2989734Z A path returned 202. Retrying...
2023-12-25T01:08:11.2990030Z A path returned 202. Retrying...
2023-12-25T01:08:11.2990324Z A path returned 202. Retrying...
2023-12-25T01:08:11.2990810Z A path returned 202. Retrying...
2023-12-25T01:08:11.2991118Z A path returned 202. Retrying...
2023-12-25T01:08:11.2991408Z A path returned 202. Retrying...
2023-12-25T01:08:11.2991705Z A path returned 202. Retrying...
2023-12-25T01:08:11.2991999Z A path returned 202. Retrying...
2023-12-25T01:08:11.2992299Z A path returned 202. Retrying...
2023-12-25T01:08:11.2992598Z A path returned 202. Retrying...
2023-12-25T01:08:11.2992892Z A path returned 202. Retrying...
2023-12-25T01:08:11.2993199Z A path returned 202. Retrying...
2023-12-25T01:08:11.2993493Z A path returned 202. Retrying...
2023-12-25T01:08:11.2993797Z A path returned 202. Retrying...
2023-12-25T01:08:11.2994096Z A path returned 202. Retrying...
2023-12-25T01:08:11.2994391Z A path returned 202. Retrying...
2023-12-25T01:08:11.2994692Z A path returned 202. Retrying...
2023-12-25T01:08:11.2994988Z A path returned 202. Retrying...
2023-12-25T01:08:11.2995284Z A path returned 202. Retrying...
2023-12-25T01:08:11.2995576Z A path returned 202. Retrying...
2023-12-25T01:08:11.2995876Z A path returned 202. Retrying...
2023-12-25T01:08:11.2996174Z A path returned 202. Retrying...
2023-12-25T01:08:11.2996471Z A path returned 202. Retrying...
2023-12-25T01:08:11.2996765Z A path returned 202. Retrying...
2023-12-25T01:08:11.2997059Z A path returned 202. Retrying...
2023-12-25T01:08:11.2997357Z A path returned 202. Retrying...
2023-12-25T01:08:11.2997647Z A path returned 202. Retrying...
2023-12-25T01:08:11.2997942Z A path returned 202. Retrying...
2023-12-25T01:08:11.2998239Z A path returned 202. Retrying...
2023-12-25T01:08:11.2998535Z A path returned 202. Retrying...
2023-12-25T01:08:11.2998841Z A path returned 202. Retrying...
2023-12-25T01:08:11.2999144Z A path returned 202. Retrying...
2023-12-25T01:08:11.2999440Z A path returned 202. Retrying...
2023-12-25T01:08:11.2999737Z A path returned 202. Retrying...
2023-12-25T01:08:11.3000032Z A path returned 202. Retrying...
2023-12-25T01:08:11.3000327Z A path returned 202. Retrying...
2023-12-25T01:08:11.3000626Z A path returned 202. Retrying...
2023-12-25T01:08:11.3000921Z A path returned 202. Retrying...
2023-12-25T01:08:11.3001536Z A path returned 202. Retrying...
2023-12-25T01:08:11.3001850Z A path returned 202. Retrying...
2023-12-25T01:08:11.3002143Z A path returned 202. Retrying...
2023-12-25T01:08:11.3002440Z A path returned 202. Retrying...
2023-12-25T01:08:11.3002739Z A path returned 202. Retrying...
2023-12-25T01:08:11.3003035Z A path returned 202. Retrying...
2023-12-25T01:08:11.3003331Z A path returned 202. Retrying...
2023-12-25T01:08:11.3003625Z A path returned 202. Retrying...
2023-12-25T01:08:11.3003920Z A path returned 202. Retrying...
2023-12-25T01:08:11.3004212Z A path returned 202. Retrying...
2023-12-25T01:08:11.3004512Z A path returned 202. Retrying...
2023-12-25T01:08:11.3005004Z A path returned 202. Retrying...
2023-12-25T01:08:11.3005303Z A path returned 202. Retrying...
2023-12-25T01:08:11.3005598Z A path returned 202. Retrying...
2023-12-25T01:08:11.3005893Z A path returned 202. Retrying...
2023-12-25T01:08:11.3006192Z A path returned 202. Retrying...
2023-12-25T01:08:11.3006484Z A path returned 202. Retrying...
2023-12-25T01:08:11.3006782Z A path returned 202. Retrying...
2023-12-25T01:08:11.3007078Z A path returned 202. Retrying...
2023-12-25T01:08:11.3007378Z A path returned 202. Retrying...
2023-12-25T01:08:11.3007674Z A path returned 202. Retrying...
2023-12-25T01:08:11.3007970Z A path returned 202. Retrying...
2023-12-25T01:08:11.3008268Z A path returned 202. Retrying...
2023-12-25T01:08:11.3008559Z A path returned 202. Retrying...
2023-12-25T01:08:11.3008854Z A path returned 202. Retrying...
2023-12-25T01:08:11.3009157Z A path returned 202. Retrying...
2023-12-25T01:08:11.3009453Z A path returned 202. Retrying...
2023-12-25T01:08:11.3009749Z A path returned 202. Retrying...
2023-12-25T01:08:11.3010051Z A path returned 202. Retrying...
2023-12-25T01:08:11.3010349Z A path returned 202. Retrying...
2023-12-25T01:08:11.3010656Z A path returned 202. Retrying...
2023-12-25T01:08:11.3011107Z A path returned 202. Retrying...
2023-12-25T01:08:11.3011418Z A path returned 202. Retrying...
2023-12-25T01:08:11.3011724Z A path returned 202. Retrying...
2023-12-25T01:08:11.3012037Z aiohttp failed for rest query
2023-12-25T01:08:11.3012348Z A path returned 202. Retrying...
2023-12-25T01:08:11.3012657Z aiohttp failed for rest query
2023-12-25T01:08:11.3012952Z A path returned 202. Retrying...
2023-12-25T01:08:11.3013254Z aiohttp failed for rest query
2023-12-25T01:08:11.3013544Z aiohttp failed for rest query
2023-12-25T01:08:11.3013836Z aiohttp failed for rest query
2023-12-25T01:08:11.3014132Z aiohttp failed for rest query
2023-12-25T01:08:11.3014425Z aiohttp failed for rest query
2023-12-25T01:08:11.3014711Z aiohttp failed for rest query
2023-12-25T01:08:11.3014994Z aiohttp failed for rest query
2023-12-25T01:08:11.3015286Z aiohttp failed for rest query
2023-12-25T01:08:11.3015572Z aiohttp failed for rest query
2023-12-25T01:08:11.3015859Z aiohttp failed for rest query
2023-12-25T01:08:11.3016154Z aiohttp failed for rest query
2023-12-25T01:08:11.3016446Z aiohttp failed for rest query
2023-12-25T01:08:11.3016733Z aiohttp failed for rest query
2023-12-25T01:08:11.3017014Z aiohttp failed for rest query
2023-12-25T01:08:11.3017300Z aiohttp failed for rest query
2023-12-25T01:08:11.3017586Z aiohttp failed for rest query
2023-12-25T01:08:11.3017872Z aiohttp failed for rest query
2023-12-25T01:08:11.3018157Z aiohttp failed for rest query
2023-12-25T01:08:11.3018445Z aiohttp failed for rest query
2023-12-25T01:08:11.3018734Z aiohttp failed for rest query
2023-12-25T01:08:11.3019016Z aiohttp failed for rest query
2023-12-25T01:08:11.3019341Z aiohttp failed for rest query
2023-12-25T01:08:11.3019634Z aiohttp failed for rest query
2023-12-25T01:08:11.3019926Z aiohttp failed for rest query
2023-12-25T01:08:11.3020219Z aiohttp failed for rest query
2023-12-25T01:08:11.3020508Z aiohttp failed for rest query
2023-12-25T01:08:11.3020792Z aiohttp failed for rest query
2023-12-25T01:08:11.3021071Z aiohttp failed for rest query
2023-12-25T01:08:11.3021362Z aiohttp failed for rest query
2023-12-25T01:08:11.3021649Z aiohttp failed for rest query
2023-12-25T01:08:11.3021934Z aiohttp failed for rest query
2023-12-25T01:08:11.3022222Z aiohttp failed for rest query
2023-12-25T01:08:11.3022510Z aiohttp failed for rest query
2023-12-25T01:08:11.3022794Z aiohttp failed for rest query
2023-12-25T01:08:11.3023075Z aiohttp failed for rest query
2023-12-25T01:08:11.3023360Z aiohttp failed for rest query
2023-12-25T01:08:11.3023644Z aiohttp failed for rest query
2023-12-25T01:08:11.3023930Z aiohttp failed for rest query
2023-12-25T01:08:11.3024214Z aiohttp failed for rest query
2023-12-25T01:08:11.3024500Z aiohttp failed for rest query
2023-12-25T01:08:11.3024785Z aiohttp failed for rest query
2023-12-25T01:08:11.3025196Z aiohttp failed for rest query
2023-12-25T01:08:11.3025482Z aiohttp failed for rest query
2023-12-25T01:08:11.3025766Z aiohttp failed for rest query
2023-12-25T01:08:11.3026051Z aiohttp failed for rest query
2023-12-25T01:08:11.3026340Z aiohttp failed for rest query
2023-12-25T01:08:11.3026626Z aiohttp failed for rest query
2023-12-25T01:08:11.3026913Z aiohttp failed for rest query
2023-12-25T01:08:11.3027193Z aiohttp failed for rest query
2023-12-25T01:08:11.3027477Z aiohttp failed for rest query
2023-12-25T01:08:11.3027761Z aiohttp failed for rest query
2023-12-25T01:08:11.3028047Z aiohttp failed for rest query
2023-12-25T01:08:11.3028331Z aiohttp failed for rest query
2023-12-25T01:08:11.3028619Z aiohttp failed for rest query
2023-12-25T01:08:11.3028902Z aiohttp failed for rest query
2023-12-25T01:08:11.3029335Z There were too many 202s. Data for this repository will be incomplete.
2023-12-25T01:08:11.3029813Z A path returned 202. Retrying...
2023-12-25T01:08:11.3030126Z A path returned 202. Retrying...
2023-12-25T01:08:11.3030441Z A path returned 202. Retrying...
2023-12-25T01:08:11.3030743Z A path returned 202. Retrying...
2023-12-25T01:08:11.3031045Z A path returned 202. Retrying...
2023-12-25T01:08:11.3031463Z A path returned 202. Retrying...
2023-12-25T01:08:11.3031763Z A path returned 202. Retrying...
2023-12-25T01:08:11.3032071Z A path returned 202. Retrying...
2023-12-25T01:08:11.3032382Z A path returned 202. Retrying...
2023-12-25T01:08:11.3032683Z A path returned 202. Retrying...
2023-12-25T01:08:11.3032984Z A path returned 202. Retrying...
2023-12-25T01:08:11.3033281Z A path returned 202. Retrying...
2023-12-25T01:08:11.3033579Z A path returned 202. Retrying...
2023-12-25T01:08:11.3033869Z A path returned 202. Retrying...
2023-12-25T01:08:11.3034170Z A path returned 202. Retrying...
2023-12-25T01:08:11.3034470Z A path returned 202. Retrying...
2023-12-25T01:08:11.3034768Z A path returned 202. Retrying...
2023-12-25T01:08:11.3035064Z A path returned 202. Retrying...
2023-12-25T01:08:11.3035361Z A path returned 202. Retrying...
2023-12-25T01:08:11.3035662Z A path returned 202. Retrying...
2023-12-25T01:08:11.3035953Z A path returned 202. Retrying...
2023-12-25T01:08:11.3036249Z A path returned 202. Retrying...
2023-12-25T01:08:11.3036550Z A path returned 202. Retrying...
2023-12-25T01:08:11.3036848Z A path returned 202. Retrying...
2023-12-25T01:08:11.3037144Z A path returned 202. Retrying...
2023-12-25T01:08:11.3037452Z A path returned 202. Retrying...
2023-12-25T01:08:11.3037747Z A path returned 202. Retrying...
2023-12-25T01:08:11.3038039Z A path returned 202. Retrying...
2023-12-25T01:08:11.3038338Z A path returned 202. Retrying...
2023-12-25T01:08:11.3038635Z A path returned 202. Retrying...
2023-12-25T01:08:11.3038929Z A path returned 202. Retrying...
2023-12-25T01:08:11.3039225Z A path returned 202. Retrying...
2023-12-25T01:08:11.3039522Z A path returned 202. Retrying...
2023-12-25T01:08:11.3039818Z A path returned 202. Retrying...
2023-12-25T01:08:11.3040110Z A path returned 202. Retrying...
2023-12-25T01:08:11.3040409Z A path returned 202. Retrying...
2023-12-25T01:08:11.3040704Z A path returned 202. Retrying...
2023-12-25T01:08:11.3041000Z A path returned 202. Retrying...
2023-12-25T01:08:11.3041420Z A path returned 202. Retrying...
2023-12-25T01:08:11.3041718Z A path returned 202. Retrying...
2023-12-25T01:08:11.3042012Z A path returned 202. Retrying...
2023-12-25T01:08:11.3042302Z A path returned 202. Retrying...
2023-12-25T01:08:11.3042601Z A path returned 202. Retrying...
2023-12-25T01:08:11.3042907Z A path returned 202. Retrying...
2023-12-25T01:08:11.3043202Z A path returned 202. Retrying...
2023-12-25T01:08:11.3043497Z A path returned 202. Retrying...
2023-12-25T01:08:11.3043794Z A path returned 202. Retrying...
2023-12-25T01:08:11.3044087Z A path returned 202. Retrying...
2023-12-25T01:08:11.3044378Z A path returned 202. Retrying...
2023-12-25T01:08:11.3044678Z A path returned 202. Retrying...
2023-12-25T01:08:11.3044975Z A path returned 202. Retrying...
2023-12-25T01:08:11.3045273Z A path returned 202. Retrying...
2023-12-25T01:08:11.3045725Z A path returned 202. Retrying...
2023-12-25T01:08:11.3046020Z A path returned 202. Retrying...
2023-12-25T01:08:11.3046313Z A path returned 202. Retrying...
2023-12-25T01:08:11.3046605Z A path returned 202. Retrying...
2023-12-25T01:08:11.3046901Z A path returned 202. Retrying...
2023-12-25T01:08:11.3047196Z A path returned 202. Retrying...
2023-12-25T01:08:11.3047491Z A path returned 202. Retrying...
2023-12-25T01:08:11.3047787Z A path returned 202. Retrying...
2023-12-25T01:08:11.3048085Z A path returned 202. Retrying...
2023-12-25T01:08:11.3048380Z A path returned 202. Retrying...
2023-12-25T01:08:11.3048675Z A path returned 202. Retrying...
2023-12-25T01:08:11.3048975Z A path returned 202. Retrying...
2023-12-25T01:08:11.3049270Z A path returned 202. Retrying...
2023-12-25T01:08:11.3049565Z A path returned 202. Retrying...
2023-12-25T01:08:11.3049862Z A path returned 202. Retrying...
2023-12-25T01:08:11.3050156Z A path returned 202. Retrying...
2023-12-25T01:08:11.3050458Z A path returned 202. Retrying...
2023-12-25T01:08:11.3050749Z A path returned 202. Retrying...
2023-12-25T01:08:11.3051048Z A path returned 202. Retrying...
2023-12-25T01:08:11.3051520Z A path returned 202. Retrying...
2023-12-25T01:08:11.3051823Z A path returned 202. Retrying...
2023-12-25T01:08:11.3052120Z A path returned 202. Retrying...
2023-12-25T01:08:11.3052419Z A path returned 202. Retrying...
2023-12-25T01:08:11.3052714Z A path returned 202. Retrying...
2023-12-25T01:08:11.3053004Z A path returned 202. Retrying...
2023-12-25T01:17:01.8992997Z A path returned 202. Retrying...
2023-12-25T01:17:01.8993565Z A path returned 202. Retrying...
2023-12-25T01:17:01.8993960Z A path returned 202. Retrying...
2023-12-25T01:17:01.8994351Z A path returned 202. Retrying...
2023-12-25T01:17:01.8994737Z A path returned 202. Retrying...
2023-12-25T01:17:01.8995115Z A path returned 202. Retrying...
2023-12-25T01:17:01.8995491Z A path returned 202. Retrying...
2023-12-25T01:17:01.8995875Z A path returned 202. Retrying...
2023-12-25T01:17:01.8996270Z A path returned 202. Retrying...
2023-12-25T01:17:01.8996640Z A path returned 202. Retrying...
2023-12-25T01:17:01.8997009Z A path returned 202. Retrying...
2023-12-25T01:17:01.8997396Z A path returned 202. Retrying...
2023-12-25T01:17:01.8997770Z A path returned 202. Retrying...
2023-12-25T01:17:01.8998142Z A path returned 202. Retrying...
2023-12-25T01:17:01.8998514Z A path returned 202. Retrying...
2023-12-25T01:17:01.8998884Z A path returned 202. Retrying...
2023-12-25T01:17:01.8999245Z A path returned 202. Retrying...
2023-12-25T01:17:01.8999617Z A path returned 202. Retrying...
2023-12-25T01:17:01.8999991Z A path returned 202. Retrying...
2023-12-25T01:17:01.9000358Z A path returned 202. Retrying...
2023-12-25T01:17:01.9000727Z A path returned 202. Retrying...
2023-12-25T01:17:01.9001344Z A path returned 202. Retrying...
2023-12-25T01:17:01.9001724Z A path returned 202. Retrying...
2023-12-25T01:17:01.9002090Z A path returned 202. Retrying...
2023-12-25T01:17:01.9002446Z A path returned 202. Retrying...
2023-12-25T01:17:01.9002751Z A path returned 202. Retrying...
2023-12-25T01:17:01.9003058Z A path returned 202. Retrying...
2023-12-25T01:17:01.9003363Z A path returned 202. Retrying...
2023-12-25T01:17:01.9003663Z A path returned 202. Retrying...
2023-12-25T01:17:01.9003967Z A path returned 202. Retrying...
2023-12-25T01:17:01.9004264Z A path returned 202. Retrying...
2023-12-25T01:17:01.9004564Z A path returned 202. Retrying...
2023-12-25T01:17:01.9004868Z A path returned 202. Retrying...
2023-12-25T01:17:01.9005171Z A path returned 202. Retrying...
2023-12-25T01:17:01.9005470Z A path returned 202. Retrying...
2023-12-25T01:17:01.9005771Z A path returned 202. Retrying...
2023-12-25T01:17:01.9006067Z A path returned 202. Retrying...
2023-12-25T01:17:01.9006364Z A path returned 202. Retrying...
2023-12-25T01:17:01.9006667Z A path returned 202. Retrying...
2023-12-25T01:17:01.9006970Z A path returned 202. Retrying...
2023-12-25T01:17:01.9007273Z A path returned 202. Retrying...
2023-12-25T01:17:01.9008003Z A path returned 202. Retrying...
2023-12-25T01:17:01.9008309Z A path returned 202. Retrying...
2023-12-25T01:17:01.9008610Z A path returned 202. Retrying...
2023-12-25T01:17:01.9008918Z A path returned 202. Retrying...
2023-12-25T01:17:01.9009234Z A path returned 202. Retrying...
2023-12-25T01:17:01.9009544Z A path returned 202. Retrying...
2023-12-25T01:17:01.9009852Z A path returned 202. Retrying...
2023-12-25T01:17:01.9010165Z A path returned 202. Retrying...
2023-12-25T01:17:01.9010467Z A path returned 202. Retrying...
2023-12-25T01:17:01.9010766Z A path returned 202. Retrying...
2023-12-25T01:17:01.9011062Z A path returned 202. Retrying...
2023-12-25T01:17:01.9011362Z A path returned 202. Retrying...
2023-12-25T01:17:01.9011662Z A path returned 202. Retrying...
2023-12-25T01:17:01.9011969Z A path returned 202. Retrying...
2023-12-25T01:17:01.9012275Z A path returned 202. Retrying...
2023-12-25T01:17:01.9012574Z A path returned 202. Retrying...
2023-12-25T01:17:01.9012882Z A path returned 202. Retrying...
2023-12-25T01:17:01.9013174Z A path returned 202. Retrying...
2023-12-25T01:17:01.9013472Z A path returned 202. Retrying...
2023-12-25T01:17:01.9013973Z A path returned 202. Retrying...
2023-12-25T01:17:01.9014281Z A path returned 202. Retrying...
2023-12-25T01:17:01.9014581Z A path returned 202. Retrying...
2023-12-25T01:17:01.9014882Z A path returned 202. Retrying...
2023-12-25T01:17:01.9015179Z A path returned 202. Retrying...
2023-12-25T01:17:01.9015469Z A path returned 202. Retrying...
2023-12-25T01:17:01.9015765Z A path returned 202. Retrying...
2023-12-25T01:17:01.9016063Z A path returned 202. Retrying...
2023-12-25T01:17:01.9016365Z A path returned 202. Retrying...
2023-12-25T01:17:01.9016667Z A path returned 202. Retrying...
2023-12-25T01:17:01.9016967Z A path returned 202. Retrying...
2023-12-25T01:17:01.9017267Z A path returned 202. Retrying...
2023-12-25T01:17:01.9017560Z A path returned 202. Retrying...
2023-12-25T01:17:01.9017856Z A path returned 202. Retrying...
2023-12-25T01:17:01.9018159Z A path returned 202. Retrying...
2023-12-25T01:17:01.9018457Z A path returned 202. Retrying...
2023-12-25T01:17:01.9018755Z A path returned 202. Retrying...
2023-12-25T01:17:01.9019059Z A path returned 202. Retrying...
2023-12-25T01:17:01.9019355Z A path returned 202. Retrying...
2023-12-25T01:17:01.9019646Z A path returned 202. Retrying...
2023-12-25T01:17:01.9019945Z A path returned 202. Retrying...
2023-12-25T01:17:01.9020243Z A path returned 202. Retrying...
2023-12-25T01:17:01.9020545Z A path returned 202. Retrying...
2023-12-25T01:17:01.9020845Z A path returned 202. Retrying...
2023-12-25T01:17:01.9021146Z A path returned 202. Retrying...
2023-12-25T01:17:01.9021441Z A path returned 202. Retrying...
2023-12-25T01:17:01.9021736Z A path returned 202. Retrying...
2023-12-25T01:17:01.9022038Z A path returned 202. Retrying...
2023-12-25T01:17:01.9022343Z A path returned 202. Retrying...
2023-12-25T01:17:01.9022645Z A path returned 202. Retrying...
2023-12-25T01:17:01.9022951Z A path returned 202. Retrying...
2023-12-25T01:17:01.9023251Z A path returned 202. Retrying...
2023-12-25T01:17:01.9023548Z A path returned 202. Retrying...
2023-12-25T01:17:01.9023847Z A path returned 202. Retrying...
2023-12-25T01:17:01.9024150Z A path returned 202. Retrying...
2023-12-25T01:17:01.9024456Z A path returned 202. Retrying...
2023-12-25T01:17:01.9024763Z A path returned 202. Retrying...
2023-12-25T01:17:01.9025068Z A path returned 202. Retrying...
2023-12-25T01:17:01.9025367Z A path returned 202. Retrying...
2023-12-25T01:17:01.9025664Z A path returned 202. Retrying...
2023-12-25T01:17:01.9025954Z A path returned 202. Retrying...
2023-12-25T01:17:01.9026258Z A path returned 202. Retrying...
2023-12-25T01:17:01.9026561Z A path returned 202. Retrying...
2023-12-25T01:17:01.9026862Z A path returned 202. Retrying...
2023-12-25T01:17:01.9027159Z A path returned 202. Retrying...
2023-12-25T01:17:01.9027457Z A path returned 202. Retrying...
2023-12-25T01:17:01.9027757Z A path returned 202. Retrying...
2023-12-25T01:17:01.9028179Z A path returned 202. Retrying...
2023-12-25T01:17:01.9028479Z A path returned 202. Retrying...
2023-12-25T01:17:01.9028778Z A path returned 202. Retrying...
2023-12-25T01:17:01.9029080Z A path returned 202. Retrying...
2023-12-25T01:17:01.9029377Z A path returned 202. Retrying...
2023-12-25T01:17:01.9029675Z A path returned 202. Retrying...
2023-12-25T01:17:01.9029971Z A path returned 202. Retrying...
2023-12-25T01:17:01.9030264Z A path returned 202. Retrying...
2023-12-25T01:17:01.9030565Z A path returned 202. Retrying...
2023-12-25T01:17:01.9030863Z A path returned 202. Retrying...
2023-12-25T01:17:01.9031166Z A path returned 202. Retrying...
2023-12-25T01:17:01.9031470Z A path returned 202. Retrying...
2023-12-25T01:17:01.9031791Z A path returned 202. Retrying...
2023-12-25T01:17:01.9032113Z A path returned 202. Retrying...
2023-12-25T01:17:01.9032423Z A path returned 202. Retrying...
2023-12-25T01:17:01.9032729Z A path returned 202. Retrying...
2023-12-25T01:17:01.9033043Z A path returned 202. Retrying...
2023-12-25T01:17:01.9033345Z A path returned 202. Retrying...
2023-12-25T01:17:01.9033648Z A path returned 202. Retrying...
2023-12-25T01:17:01.9034073Z A path returned 202. Retrying...
2023-12-25T01:17:01.9034378Z A path returned 202. Retrying...
2023-12-25T01:17:01.9034672Z A path returned 202. Retrying...
2023-12-25T01:17:01.9034971Z A path returned 202. Retrying...
2023-12-25T01:17:01.9035273Z A path returned 202. Retrying...
2023-12-25T01:17:01.9035573Z A path returned 202. Retrying...
2023-12-25T01:17:01.9035871Z A path returned 202. Retrying...
2023-12-25T01:17:01.9036169Z A path returned 202. Retrying...
2023-12-25T01:17:01.9036469Z A path returned 202. Retrying...
2023-12-25T01:17:01.9036760Z A path returned 202. Retrying...
2023-12-25T01:17:01.9037059Z A path returned 202. Retrying...
2023-12-25T01:17:01.9037363Z A path returned 202. Retrying...
2023-12-25T01:17:01.9037666Z A path returned 202. Retrying...
2023-12-25T01:17:01.9037971Z A path returned 202. Retrying...
2023-12-25T01:17:01.9038274Z A path returned 202. Retrying...
2023-12-25T01:17:01.9038573Z A path returned 202. Retrying...
2023-12-25T01:17:01.9038866Z A path returned 202. Retrying...
2023-12-25T01:17:01.9039175Z A path returned 202. Retrying...
2023-12-25T01:17:01.9039476Z A path returned 202. Retrying...
2023-12-25T01:17:01.9039777Z A path returned 202. Retrying...
2023-12-25T01:17:01.9040079Z A path returned 202. Retrying...
2023-12-25T01:17:01.9040381Z A path returned 202. Retrying...
2023-12-25T01:17:01.9040677Z A path returned 202. Retrying...
2023-12-25T01:17:01.9040972Z A path returned 202. Retrying...
2023-12-25T01:17:01.9041404Z A path returned 202. Retrying...
2023-12-25T01:17:01.9041703Z A path returned 202. Retrying...
2023-12-25T01:17:01.9042003Z A path returned 202. Retrying...
2023-12-25T01:17:01.9042303Z A path returned 202. Retrying...
2023-12-25T01:17:01.9042598Z A path returned 202. Retrying...
2023-12-25T01:17:01.9042894Z A path returned 202. Retrying...
2023-12-25T01:17:01.9043191Z A path returned 202. Retrying...
2023-12-25T01:17:01.9043486Z A path returned 202. Retrying...
2023-12-25T01:17:01.9043786Z A path returned 202. Retrying...
2023-12-25T01:17:01.9044084Z A path returned 202. Retrying...
2023-12-25T01:17:01.9044391Z A path returned 202. Retrying...
2023-12-25T01:17:01.9044691Z A path returned 202. Retrying...
2023-12-25T01:17:01.9044991Z A path returned 202. Retrying...
2023-12-25T01:17:01.9045283Z A path returned 202. Retrying...
2023-12-25T01:17:01.9045584Z A path returned 202. Retrying...
2023-12-25T01:17:01.9045884Z A path returned 202. Retrying...
2023-12-25T01:17:01.9046180Z A path returned 202. Retrying...
2023-12-25T01:17:01.9046478Z A path returned 202. Retrying...
2023-12-25T01:17:01.9046780Z A path returned 202. Retrying...
2023-12-25T01:17:01.9047081Z A path returned 202. Retrying...
2023-12-25T01:17:01.9047373Z A path returned 202. Retrying...
2023-12-25T01:17:01.9047669Z A path returned 202. Retrying...
2023-12-25T01:17:01.9047968Z A path returned 202. Retrying...
2023-12-25T01:17:01.9048429Z A path returned 202. Retrying...
2023-12-25T01:17:01.9048736Z A path returned 202. Retrying...
2023-12-25T01:17:01.9049032Z A path returned 202. Retrying...
2023-12-25T01:17:01.9049331Z A path returned 202. Retrying...
2023-12-25T01:17:01.9049630Z A path returned 202. Retrying...
2023-12-25T01:17:01.9049930Z A path returned 202. Retrying...
2023-12-25T01:17:01.9050224Z A path returned 202. Retrying...
2023-12-25T01:17:01.9050529Z A path returned 202. Retrying...
2023-12-25T01:17:01.9050826Z A path returned 202. Retrying...
2023-12-25T01:17:01.9051126Z A path returned 202. Retrying...
2023-12-25T01:17:01.9051424Z A path returned 202. Retrying...
2023-12-25T01:17:01.9051715Z A path returned 202. Retrying...
2023-12-25T01:17:01.9052012Z A path returned 202. Retrying...
2023-12-25T01:17:01.9052308Z A path returned 202. Retrying...
2023-12-25T01:17:01.9052604Z A path returned 202. Retrying...
2023-12-25T01:17:01.9052900Z A path returned 202. Retrying...
2023-12-25T01:17:01.9053204Z A path returned 202. Retrying...
2023-12-25T01:17:01.9053534Z A path returned 202. Retrying...
2023-12-25T01:17:01.9053831Z A path returned 202. Retrying...
2023-12-25T01:17:01.9054130Z A path returned 202. Retrying...
2023-12-25T01:17:01.9054570Z A path returned 202. Retrying...
2023-12-25T01:17:01.9054875Z A path returned 202. Retrying...
2023-12-25T01:17:01.9055174Z A path returned 202. Retrying...
2023-12-25T01:17:01.9055469Z A path returned 202. Retrying...
2023-12-25T01:17:01.9055765Z A path returned 202. Retrying...
2023-12-25T01:17:01.9056061Z A path returned 202. Retrying...
2023-12-25T01:17:01.9056362Z A path returned 202. Retrying...
2023-12-25T01:17:01.9056663Z A path returned 202. Retrying...
2023-12-25T01:17:01.9056963Z A path returned 202. Retrying...
2023-12-25T01:17:01.9057259Z A path returned 202. Retrying...
2023-12-25T01:17:01.9057555Z A path returned 202. Retrying...
2023-12-25T01:17:01.9057850Z A path returned 202. Retrying...
2023-12-25T01:17:01.9058142Z A path returned 202. Retrying...
2023-12-25T01:17:01.9058446Z A path returned 202. Retrying...
2023-12-25T01:17:01.9058742Z A path returned 202. Retrying...
2023-12-25T01:17:01.9059042Z A path returned 202. Retrying...
2023-12-25T01:17:01.9059349Z A path returned 202. Retrying...
2023-12-25T01:17:01.9059646Z A path returned 202. Retrying...
2023-12-25T01:17:01.9059942Z A path returned 202. Retrying...
2023-12-25T01:17:01.9060232Z A path returned 202. Retrying...
2023-12-25T01:17:01.9060526Z A path returned 202. Retrying...
2023-12-25T01:17:01.9060824Z A path returned 202. Retrying...
2023-12-25T01:17:01.9061121Z A path returned 202. Retrying...
2023-12-25T01:17:01.9061418Z A path returned 202. Retrying...
2023-12-25T01:17:01.9061719Z A path returned 202. Retrying...
2023-12-25T01:17:01.9062015Z A path returned 202. Retrying...
2023-12-25T01:17:01.9062305Z A path returned 202. Retrying...
2023-12-25T01:17:01.9062608Z A path returned 202. Retrying...
2023-12-25T01:17:01.9062909Z A path returned 202. Retrying...
2023-12-25T01:17:01.9063215Z A path returned 202. Retrying...
2023-12-25T01:17:01.9063519Z A path returned 202. Retrying...
2023-12-25T01:17:01.9063817Z A path returned 202. Retrying...
2023-12-25T01:17:01.9064114Z A path returned 202. Retrying...
2023-12-25T01:17:01.9064415Z A path returned 202. Retrying...
2023-12-25T01:17:01.9064716Z A path returned 202. Retrying...
2023-12-25T01:17:01.9065018Z A path returned 202. Retrying...
2023-12-25T01:17:01.9065314Z A path returned 202. Retrying...
2023-12-25T01:17:01.9065616Z A path returned 202. Retrying...
2023-12-25T01:17:01.9065915Z A path returned 202. Retrying...
2023-12-25T01:17:01.9066215Z A path returned 202. Retrying...
2023-12-25T01:17:01.9066506Z A path returned 202. Retrying...
2023-12-25T01:17:01.9066801Z A path returned 202. Retrying...
2023-12-25T01:17:01.9067099Z A path returned 202. Retrying...
2023-12-25T01:17:01.9067397Z A path returned 202. Retrying...
2023-12-25T01:17:01.9067694Z A path returned 202. Retrying...
2023-12-25T01:17:01.9067994Z A path returned 202. Retrying...
2023-12-25T01:17:01.9068417Z A path returned 202. Retrying...
2023-12-25T01:17:01.9068710Z A path returned 202. Retrying...
2023-12-25T01:17:01.9069014Z A path returned 202. Retrying...
2023-12-25T01:17:01.9069316Z A path returned 202. Retrying...
2023-12-25T01:17:01.9069623Z A path returned 202. Retrying...
2023-12-25T01:17:01.9069926Z A path returned 202. Retrying...
2023-12-25T01:17:01.9070229Z A path returned 202. Retrying...
2023-12-25T01:17:01.9070525Z A path returned 202. Retrying...
2023-12-25T01:17:01.9070817Z A path returned 202. Retrying...
2023-12-25T01:25:50.8032883Z A path returned 202. Retrying...
2023-12-25T01:25:50.8033874Z A path returned 202. Retrying...
2023-12-25T01:25:50.8034555Z A path returned 202. Retrying...
2023-12-25T01:25:50.8035025Z A path returned 202. Retrying...
2023-12-25T01:25:50.8035490Z A path returned 202. Retrying...
2023-12-25T01:25:50.8035963Z A path returned 202. Retrying...
2023-12-25T01:25:50.8036418Z A path returned 202. Retrying...
2023-12-25T01:25:50.8036898Z A path returned 202. Retrying...
2023-12-25T01:25:50.8037363Z A path returned 202. Retrying...
2023-12-25T01:25:50.8037730Z A path returned 202. Retrying...
2023-12-25T01:25:50.8038042Z A path returned 202. Retrying...
2023-12-25T01:25:50.8038637Z A path returned 202. Retrying...
2023-12-25T01:25:50.8038952Z A path returned 202. Retrying...
2023-12-25T01:25:50.8039259Z A path returned 202. Retrying...
2023-12-25T01:25:50.8039577Z A path returned 202. Retrying...
2023-12-25T01:25:50.8039884Z A path returned 202. Retrying...
2023-12-25T01:25:50.8040188Z A path returned 202. Retrying...
2023-12-25T01:25:50.8040474Z A path returned 202. Retrying...
2023-12-25T01:25:50.8040766Z A path returned 202. Retrying...
2023-12-25T01:25:50.8041262Z A path returned 202. Retrying...
2023-12-25T01:25:50.8041561Z A path returned 202. Retrying...
2023-12-25T01:25:50.8041855Z A path returned 202. Retrying...
2023-12-25T01:25:50.8042174Z A path returned 202. Retrying...
2023-12-25T01:25:50.8042482Z A path returned 202. Retrying...
2023-12-25T01:25:50.8042793Z A path returned 202. Retrying...
2023-12-25T01:25:50.8043098Z A path returned 202. Retrying...
2023-12-25T01:25:50.8043400Z A path returned 202. Retrying...
2023-12-25T01:25:50.8043710Z A path returned 202. Retrying...
2023-12-25T01:25:50.8044010Z A path returned 202. Retrying...
2023-12-25T01:25:50.8044307Z A path returned 202. Retrying...
2023-12-25T01:25:50.8044597Z A path returned 202. Retrying...
2023-12-25T01:25:50.8044893Z A path returned 202. Retrying...
2023-12-25T01:25:50.8045192Z A path returned 202. Retrying...
2023-12-25T01:25:50.8045488Z A path returned 202. Retrying...
2023-12-25T01:25:50.8045783Z A path returned 202. Retrying...
2023-12-25T01:25:50.8046078Z A path returned 202. Retrying...
2023-12-25T01:25:50.8046372Z A path returned 202. Retrying...
2023-12-25T01:25:50.8046660Z A path returned 202. Retrying...
2023-12-25T01:25:50.8046955Z A path returned 202. Retrying...
2023-12-25T01:25:50.8047250Z A path returned 202. Retrying...
2023-12-25T01:25:50.8047550Z A path returned 202. Retrying...
2023-12-25T01:25:50.8047847Z A path returned 202. Retrying...
2023-12-25T01:25:50.8048142Z A path returned 202. Retrying...
2023-12-25T01:25:50.8048437Z A path returned 202. Retrying...
2023-12-25T01:25:50.8048734Z A path returned 202. Retrying...
2023-12-25T01:25:50.8049035Z A path returned 202. Retrying...
2023-12-25T01:25:50.8049332Z A path returned 202. Retrying...
2023-12-25T01:25:50.8049630Z A path returned 202. Retrying...
2023-12-25T01:25:50.8049925Z A path returned 202. Retrying...
2023-12-25T01:25:50.8050218Z A path returned 202. Retrying...
2023-12-25T01:25:50.8050513Z A path returned 202. Retrying...
2023-12-25T01:25:50.8050805Z A path returned 202. Retrying...
2023-12-25T01:25:50.8051110Z A path returned 202. Retrying...
2023-12-25T01:25:50.8051415Z A path returned 202. Retrying...
2023-12-25T01:25:50.8051718Z A path returned 202. Retrying...
2023-12-25T01:25:50.8052017Z A path returned 202. Retrying...
2023-12-25T01:25:50.8052321Z A path returned 202. Retrying...
2023-12-25T01:25:50.8052827Z A path returned 202. Retrying...
2023-12-25T01:25:50.8053123Z A path returned 202. Retrying...
2023-12-25T01:25:50.8053419Z A path returned 202. Retrying...
2023-12-25T01:25:50.8053724Z A path returned 202. Retrying...
2023-12-25T01:25:50.8054023Z A path returned 202. Retrying...
2023-12-25T01:25:50.8054320Z A path returned 202. Retrying...
2023-12-25T01:25:50.8054616Z A path returned 202. Retrying...
2023-12-25T01:25:50.8054912Z A path returned 202. Retrying...
2023-12-25T01:25:50.8055202Z A path returned 202. Retrying...
2023-12-25T01:25:50.8055499Z A path returned 202. Retrying...
2023-12-25T01:25:50.8055796Z A path returned 202. Retrying...
2023-12-25T01:25:50.8056089Z A path returned 202. Retrying...
2023-12-25T01:25:50.8056383Z A path returned 202. Retrying...
2023-12-25T01:25:50.8056678Z A path returned 202. Retrying...
2023-12-25T01:25:50.8056975Z A path returned 202. Retrying...
2023-12-25T01:25:50.8057266Z A path returned 202. Retrying...
2023-12-25T01:25:50.8057570Z A path returned 202. Retrying...
2023-12-25T01:25:50.8057866Z A path returned 202. Retrying...
2023-12-25T01:25:50.8058160Z A path returned 202. Retrying...
2023-12-25T01:25:50.8058452Z A path returned 202. Retrying...
2023-12-25T01:25:50.8058896Z A path returned 202. Retrying...
2023-12-25T01:25:50.8059201Z A path returned 202. Retrying...
2023-12-25T01:25:50.8059490Z A path returned 202. Retrying...
2023-12-25T01:25:50.8059787Z A path returned 202. Retrying...
2023-12-25T01:25:50.8060084Z A path returned 202. Retrying...
2023-12-25T01:25:50.8060380Z A path returned 202. Retrying...
2023-12-25T01:25:50.8060678Z A path returned 202. Retrying...
2023-12-25T01:25:50.8060974Z A path returned 202. Retrying...
2023-12-25T01:25:50.8061267Z A path returned 202. Retrying...
2023-12-25T01:25:50.8061562Z A path returned 202. Retrying...
2023-12-25T01:25:50.8061855Z A path returned 202. Retrying...
2023-12-25T01:25:50.8062150Z A path returned 202. Retrying...
2023-12-25T01:25:50.8062445Z A path returned 202. Retrying...
2023-12-25T01:25:50.8062750Z A path returned 202. Retrying...
2023-12-25T01:25:50.8063046Z A path returned 202. Retrying...
2023-12-25T01:25:50.8063340Z A path returned 202. Retrying...
2023-12-25T01:25:50.8063631Z A path returned 202. Retrying...
2023-12-25T01:25:50.8063926Z A path returned 202. Retrying...
2023-12-25T01:25:50.8064222Z A path returned 202. Retrying...
2023-12-25T01:25:50.8064517Z A path returned 202. Retrying...
2023-12-25T01:25:50.8064812Z A path returned 202. Retrying...
2023-12-25T01:25:50.8065106Z A path returned 202. Retrying...
2023-12-25T01:25:50.8065398Z A path returned 202. Retrying...
2023-12-25T01:25:50.8065694Z A path returned 202. Retrying...
2023-12-25T01:25:50.8065991Z A path returned 202. Retrying...
2023-12-25T01:25:50.8066287Z A path returned 202. Retrying...
2023-12-25T01:25:50.8066581Z A path returned 202. Retrying...
2023-12-25T01:25:50.8066874Z A path returned 202. Retrying...
2023-12-25T01:25:50.8067168Z A path returned 202. Retrying...
2023-12-25T01:25:50.8067474Z A path returned 202. Retrying...
2023-12-25T01:25:50.8067761Z A path returned 202. Retrying...
2023-12-25T01:25:50.8068054Z A path returned 202. Retrying...
2023-12-25T01:25:50.8068351Z A path returned 202. Retrying...
2023-12-25T01:25:50.8068655Z A path returned 202. Retrying...
2023-12-25T01:25:50.8068952Z A path returned 202. Retrying...
2023-12-25T01:25:50.8069246Z A path returned 202. Retrying...
2023-12-25T01:25:50.8069544Z A path returned 202. Retrying...
2023-12-25T01:25:50.8069848Z A path returned 202. Retrying...
2023-12-25T01:25:50.8070154Z A path returned 202. Retrying...
2023-12-25T01:25:50.8070450Z A path returned 202. Retrying...
2023-12-25T01:25:50.8070747Z A path returned 202. Retrying...
2023-12-25T01:25:50.8071040Z A path returned 202. Retrying...
2023-12-25T01:25:50.8071339Z A path returned 202. Retrying...
2023-12-25T01:25:50.8071632Z A path returned 202. Retrying...
2023-12-25T01:25:50.8071924Z A path returned 202. Retrying...
2023-12-25T01:25:50.8072242Z A path returned 202. Retrying...
2023-12-25T01:25:50.8072679Z A path returned 202. Retrying...
2023-12-25T01:25:50.8072983Z A path returned 202. Retrying...
2023-12-25T01:25:50.8073282Z A path returned 202. Retrying...
2023-12-25T01:25:50.8073588Z A path returned 202. Retrying...
2023-12-25T01:25:50.8073888Z A path returned 202. Retrying...
2023-12-25T01:25:50.8074183Z A path returned 202. Retrying...
2023-12-25T01:25:50.8074479Z A path returned 202. Retrying...
2023-12-25T01:25:50.8074782Z A path returned 202. Retrying...
2023-12-25T01:25:50.8075083Z A path returned 202. Retrying...
2023-12-25T01:25:50.8075383Z A path returned 202. Retrying...
2023-12-25T01:25:50.8075680Z A path returned 202. Retrying...
2023-12-25T01:25:50.8075979Z A path returned 202. Retrying...
2023-12-25T01:25:50.8076269Z A path returned 202. Retrying...
2023-12-25T01:25:50.8076566Z A path returned 202. Retrying...
2023-12-25T01:25:50.8076866Z A path returned 202. Retrying...
2023-12-25T01:25:50.8077169Z A path returned 202. Retrying...
2023-12-25T01:25:50.8077464Z A path returned 202. Retrying...
2023-12-25T01:25:50.8077768Z A path returned 202. Retrying...
2023-12-25T01:25:50.8078067Z A path returned 202. Retrying...
2023-12-25T01:25:50.8078361Z A path returned 202. Retrying...
2023-12-25T01:25:50.8078778Z A path returned 202. Retrying...
2023-12-25T01:25:50.8079081Z A path returned 202. Retrying...
2023-12-25T01:25:50.8079405Z A path returned 202. Retrying...
2023-12-25T01:25:50.8079699Z A path returned 202. Retrying...
2023-12-25T01:25:50.8079995Z A path returned 202. Retrying...
2023-12-25T01:25:50.8080290Z A path returned 202. Retrying...
2023-12-25T01:25:50.8080579Z A path returned 202. Retrying...
2023-12-25T01:25:50.8080874Z A path returned 202. Retrying...
2023-12-25T01:25:50.8081286Z A path returned 202. Retrying...
2023-12-25T01:25:50.8081590Z A path returned 202. Retrying...
2023-12-25T01:25:50.8081902Z A path returned 202. Retrying...
2023-12-25T01:25:50.8082209Z A path returned 202. Retrying...
2023-12-25T01:25:50.8082513Z A path returned 202. Retrying...
2023-12-25T01:25:50.8082818Z A path returned 202. Retrying...
2023-12-25T01:25:50.8083118Z A path returned 202. Retrying...
2023-12-25T01:25:50.8083425Z A path returned 202. Retrying...
2023-12-25T01:25:50.8083735Z A path returned 202. Retrying...
2023-12-25T01:25:50.8084040Z A path returned 202. Retrying...
2023-12-25T01:25:50.8084350Z A path returned 202. Retrying...
2023-12-25T01:25:50.8084655Z A path returned 202. Retrying...
2023-12-25T01:25:50.8084947Z A path returned 202. Retrying...
2023-12-25T01:25:50.8085244Z A path returned 202. Retrying...
2023-12-25T01:25:50.8085542Z A path returned 202. Retrying...
2023-12-25T01:25:50.8085840Z A path returned 202. Retrying...
2023-12-25T01:25:50.8086136Z A path returned 202. Retrying...
2023-12-25T01:25:50.8086434Z A path returned 202. Retrying...
2023-12-25T01:25:50.8086732Z A path returned 202. Retrying...
2023-12-25T01:25:50.8087024Z A path returned 202. Retrying...
2023-12-25T01:25:50.8087320Z A path returned 202. Retrying...
2023-12-25T01:25:50.8087624Z A path returned 202. Retrying...
2023-12-25T01:25:50.8087929Z A path returned 202. Retrying...
2023-12-25T01:25:50.8088224Z A path returned 202. Retrying...
2023-12-25T01:25:50.8088522Z A path returned 202. Retrying...
2023-12-25T01:25:50.8088820Z A path returned 202. Retrying...
2023-12-25T01:25:50.8089112Z A path returned 202. Retrying...
2023-12-25T01:25:50.8089408Z A path returned 202. Retrying...
2023-12-25T01:25:50.8089707Z A path returned 202. Retrying...
2023-12-25T01:25:50.8090004Z A path returned 202. Retrying...
2023-12-25T01:25:50.8090301Z A path returned 202. Retrying...
2023-12-25T01:25:50.8090599Z A path returned 202. Retrying...
2023-12-25T01:25:50.8090894Z A path returned 202. Retrying...
2023-12-25T01:25:50.8091187Z A path returned 202. Retrying...
2023-12-25T01:25:50.8091485Z A path returned 202. Retrying...
2023-12-25T01:25:50.8091784Z A path returned 202. Retrying...
2023-12-25T01:25:50.8092085Z A path returned 202. Retrying...
2023-12-25T01:25:50.8092382Z A path returned 202. Retrying...
2023-12-25T01:25:50.8092842Z A path returned 202. Retrying...
2023-12-25T01:25:50.8093138Z A path returned 202. Retrying...
2023-12-25T01:25:50.8093429Z A path returned 202. Retrying...
2023-12-25T01:25:50.8093730Z A path returned 202. Retrying...
2023-12-25T01:25:50.8094033Z A path returned 202. Retrying...
2023-12-25T01:25:50.8094329Z A path returned 202. Retrying...
2023-12-25T01:25:50.8094624Z A path returned 202. Retrying...
2023-12-25T01:25:50.8094923Z A path returned 202. Retrying...
2023-12-25T01:25:50.8095218Z A path returned 202. Retrying...
2023-12-25T01:25:50.8095508Z A path returned 202. Retrying...
2023-12-25T01:25:50.8095808Z A path returned 202. Retrying...
2023-12-25T01:25:50.8096105Z A path returned 202. Retrying...
2023-12-25T01:25:50.8096402Z A path returned 202. Retrying...
2023-12-25T01:25:50.8096699Z A path returned 202. Retrying...
2023-12-25T01:25:50.8096998Z A path returned 202. Retrying...
2023-12-25T01:25:50.8097295Z A path returned 202. Retrying...
2023-12-25T01:25:50.8097586Z A path returned 202. Retrying...
2023-12-25T01:25:50.8097889Z A path returned 202. Retrying...
2023-12-25T01:25:50.8098185Z A path returned 202. Retrying...
2023-12-25T01:25:50.8098481Z A path returned 202. Retrying...
2023-12-25T01:25:50.8098925Z A path returned 202. Retrying...
2023-12-25T01:25:50.8099236Z A path returned 202. Retrying...
2023-12-25T01:25:50.8099534Z A path returned 202. Retrying...
2023-12-25T01:25:50.8099829Z A path returned 202. Retrying...
2023-12-25T01:25:50.8100124Z A path returned 202. Retrying...
2023-12-25T01:25:50.8100419Z A path returned 202. Retrying...
2023-12-25T01:25:50.8100715Z A path returned 202. Retrying...
2023-12-25T01:25:50.8101011Z A path returned 202. Retrying...
2023-12-25T01:25:50.8101309Z A path returned 202. Retrying...
2023-12-25T01:25:50.8101607Z A path returned 202. Retrying...
2023-12-25T01:25:50.8101900Z A path returned 202. Retrying...
2023-12-25T01:25:50.8102197Z A path returned 202. Retrying...
2023-12-25T01:25:50.8102493Z A path returned 202. Retrying...
2023-12-25T01:25:50.8102795Z A path returned 202. Retrying...
2023-12-25T01:25:50.8103093Z A path returned 202. Retrying...
2023-12-25T01:25:50.8103393Z A path returned 202. Retrying...
2023-12-25T01:25:50.8103693Z A path returned 202. Retrying...
2023-12-25T01:25:50.8103988Z A path returned 202. Retrying...
2023-12-25T01:25:50.8104284Z A path returned 202. Retrying...
2023-12-25T01:25:50.8104580Z A path returned 202. Retrying...
2023-12-25T01:25:50.8104914Z A path returned 202. Retrying...
2023-12-25T01:25:50.8105215Z A path returned 202. Retrying...
2023-12-25T01:25:50.8105510Z A path returned 202. Retrying...
2023-12-25T01:25:50.8105804Z A path returned 202. Retrying...
2023-12-25T01:25:50.8106098Z A path returned 202. Retrying...
2023-12-25T01:25:50.8106392Z A path returned 202. Retrying...
2023-12-25T01:25:50.8106688Z A path returned 202. Retrying...
2023-12-25T01:25:50.8106986Z A path returned 202. Retrying...
2023-12-25T01:25:50.8107281Z A path returned 202. Retrying...
2023-12-25T01:25:50.8107577Z A path returned 202. Retrying...
2023-12-25T01:25:50.8107878Z A path returned 202. Retrying...
2023-12-25T01:25:50.8108169Z A path returned 202. Retrying...
2023-12-25T01:25:50.8108467Z A path returned 202. Retrying...
2023-12-25T01:25:50.8108767Z A path returned 202. Retrying...
2023-12-25T01:25:50.8109068Z A path returned 202. Retrying...
2023-12-25T01:25:50.8109363Z A path returned 202. Retrying...
2023-12-25T01:25:50.8109659Z A path returned 202. Retrying...
2023-12-25T01:25:50.8109957Z A path returned 202. Retrying...
2023-12-25T01:25:50.8110247Z A path returned 202. Retrying...
2023-12-25T01:34:42.9414420Z A path returned 202. Retrying...
2023-12-25T01:34:42.9415398Z A path returned 202. Retrying...
2023-12-25T01:34:42.9416144Z A path returned 202. Retrying...
2023-12-25T01:34:42.9416660Z A path returned 202. Retrying...
2023-12-25T01:34:42.9417136Z A path returned 202. Retrying...
2023-12-25T01:34:42.9417601Z A path returned 202. Retrying...
2023-12-25T01:34:42.9418068Z A path returned 202. Retrying...
2023-12-25T01:34:42.9419018Z A path returned 202. Retrying...
2023-12-25T01:34:42.9419474Z A path returned 202. Retrying...
2023-12-25T01:34:42.9419927Z A path returned 202. Retrying...
2023-12-25T01:34:42.9420386Z A path returned 202. Retrying...
2023-12-25T01:34:42.9420839Z A path returned 202. Retrying...
2023-12-25T01:34:42.9421279Z A path returned 202. Retrying...
2023-12-25T01:34:42.9421625Z A path returned 202. Retrying...
2023-12-25T01:34:42.9421941Z A path returned 202. Retrying...
2023-12-25T01:34:42.9422244Z A path returned 202. Retrying...
2023-12-25T01:34:42.9422542Z A path returned 202. Retrying...
2023-12-25T01:34:42.9422834Z A path returned 202. Retrying...
2023-12-25T01:34:42.9423130Z A path returned 202. Retrying...
2023-12-25T01:34:42.9423427Z A path returned 202. Retrying...
2023-12-25T01:34:42.9423723Z A path returned 202. Retrying...
2023-12-25T01:34:42.9424024Z A path returned 202. Retrying...
2023-12-25T01:34:42.9424319Z A path returned 202. Retrying...
2023-12-25T01:34:42.9424615Z A path returned 202. Retrying...
2023-12-25T01:34:42.9424918Z A path returned 202. Retrying...
2023-12-25T01:34:42.9425215Z A path returned 202. Retrying...
2023-12-25T01:34:42.9425525Z A path returned 202. Retrying...
2023-12-25T01:34:42.9426019Z A path returned 202. Retrying...
2023-12-25T01:34:42.9426327Z A path returned 202. Retrying...
2023-12-25T01:34:42.9426629Z A path returned 202. Retrying...
2023-12-25T01:34:42.9426924Z A path returned 202. Retrying...
2023-12-25T01:34:42.9427212Z A path returned 202. Retrying...
2023-12-25T01:34:42.9427509Z A path returned 202. Retrying...
2023-12-25T01:34:42.9427806Z A path returned 202. Retrying...
2023-12-25T01:34:42.9428100Z A path returned 202. Retrying...
2023-12-25T01:34:42.9428401Z A path returned 202. Retrying...
2023-12-25T01:34:42.9428697Z A path returned 202. Retrying...
2023-12-25T01:34:42.9428995Z A path returned 202. Retrying...
2023-12-25T01:34:42.9429288Z A path returned 202. Retrying...
2023-12-25T01:34:42.9429583Z A path returned 202. Retrying...
2023-12-25T01:34:42.9429883Z A path returned 202. Retrying...
2023-12-25T01:34:42.9430177Z A path returned 202. Retrying...
2023-12-25T01:34:42.9430474Z A path returned 202. Retrying...
2023-12-25T01:34:42.9430774Z A path returned 202. Retrying...
2023-12-25T01:34:42.9431067Z A path returned 202. Retrying...
2023-12-25T01:34:42.9431356Z A path returned 202. Retrying...
2023-12-25T01:34:42.9431653Z A path returned 202. Retrying...
2023-12-25T01:34:42.9431951Z A path returned 202. Retrying...
2023-12-25T01:34:42.9432246Z A path returned 202. Retrying...
2023-12-25T01:34:42.9432541Z A path returned 202. Retrying...
2023-12-25T01:34:42.9432837Z A path returned 202. Retrying...
2023-12-25T01:34:42.9433135Z A path returned 202. Retrying...
2023-12-25T01:34:42.9433427Z A path returned 202. Retrying...
2023-12-25T01:34:42.9433722Z A path returned 202. Retrying...
2023-12-25T01:34:42.9434015Z A path returned 202. Retrying...
2023-12-25T01:34:42.9434315Z A path returned 202. Retrying...
2023-12-25T01:34:42.9434610Z A path returned 202. Retrying...
2023-12-25T01:34:42.9434908Z A path returned 202. Retrying...
2023-12-25T01:34:42.9435203Z A path returned 202. Retrying...
2023-12-25T01:34:42.9435493Z A path returned 202. Retrying...
2023-12-25T01:34:42.9435793Z A path returned 202. Retrying...
2023-12-25T01:34:42.9436094Z A path returned 202. Retrying...
2023-12-25T01:34:42.9436388Z A path returned 202. Retrying...
2023-12-25T01:34:42.9436684Z A path returned 202. Retrying...
2023-12-25T01:34:42.9436979Z A path returned 202. Retrying...
2023-12-25T01:34:42.9437287Z A path returned 202. Retrying...
2023-12-25T01:34:42.9437584Z A path returned 202. Retrying...
2023-12-25T01:34:42.9437881Z A path returned 202. Retrying...
2023-12-25T01:34:42.9438176Z A path returned 202. Retrying...
2023-12-25T01:34:42.9438470Z A path returned 202. Retrying...
2023-12-25T01:34:42.9438778Z A path returned 202. Retrying...
2023-12-25T01:34:42.9439080Z A path returned 202. Retrying...
2023-12-25T01:34:42.9439390Z A path returned 202. Retrying...
2023-12-25T01:34:42.9439819Z A path returned 202. Retrying...
2023-12-25T01:34:42.9440125Z A path returned 202. Retrying...
2023-12-25T01:34:42.9440419Z A path returned 202. Retrying...
2023-12-25T01:34:42.9440715Z A path returned 202. Retrying...
2023-12-25T01:34:42.9441002Z A path returned 202. Retrying...
2023-12-25T01:34:42.9441498Z A path returned 202. Retrying...
2023-12-25T01:34:42.9441801Z A path returned 202. Retrying...
2023-12-25T01:34:42.9442100Z A path returned 202. Retrying...
2023-12-25T01:34:42.9442406Z A path returned 202. Retrying...
2023-12-25T01:34:42.9442701Z A path returned 202. Retrying...
2023-12-25T01:34:42.9442995Z A path returned 202. Retrying...
2023-12-25T01:34:42.9443286Z A path returned 202. Retrying...
2023-12-25T01:34:42.9443581Z A path returned 202. Retrying...
2023-12-25T01:34:42.9443873Z A path returned 202. Retrying...
2023-12-25T01:34:42.9444166Z A path returned 202. Retrying...
2023-12-25T01:34:42.9444460Z A path returned 202. Retrying...
2023-12-25T01:34:42.9444754Z A path returned 202. Retrying...
2023-12-25T01:34:42.9445054Z A path returned 202. Retrying...
2023-12-25T01:34:42.9445342Z A path returned 202. Retrying...
2023-12-25T01:34:42.9445637Z A path returned 202. Retrying...
2023-12-25T01:34:42.9446062Z A path returned 202. Retrying...
2023-12-25T01:34:42.9446361Z A path returned 202. Retrying...
2023-12-25T01:34:42.9446654Z A path returned 202. Retrying...
2023-12-25T01:34:42.9446947Z A path returned 202. Retrying...
2023-12-25T01:34:42.9447240Z A path returned 202. Retrying...
2023-12-25T01:34:42.9447531Z A path returned 202. Retrying...
2023-12-25T01:34:42.9447824Z A path returned 202. Retrying...
2023-12-25T01:34:42.9448116Z A path returned 202. Retrying...
2023-12-25T01:34:42.9448408Z A path returned 202. Retrying...
2023-12-25T01:34:42.9448700Z A path returned 202. Retrying...
2023-12-25T01:34:42.9448995Z A path returned 202. Retrying...
2023-12-25T01:34:42.9449289Z A path returned 202. Retrying...
2023-12-25T01:34:42.9449578Z A path returned 202. Retrying...
2023-12-25T01:34:42.9449877Z A path returned 202. Retrying...
2023-12-25T01:34:42.9450171Z A path returned 202. Retrying...
2023-12-25T01:34:42.9450462Z A path returned 202. Retrying...
2023-12-25T01:34:42.9450759Z A path returned 202. Retrying...
2023-12-25T01:34:42.9451053Z A path returned 202. Retrying...
2023-12-25T01:34:42.9451346Z A path returned 202. Retrying...
2023-12-25T01:34:42.9451636Z A path returned 202. Retrying...
2023-12-25T01:34:42.9451929Z A path returned 202. Retrying...
2023-12-25T01:34:42.9452220Z A path returned 202. Retrying...
2023-12-25T01:34:42.9452512Z A path returned 202. Retrying...
2023-12-25T01:34:42.9452806Z A path returned 202. Retrying...
2023-12-25T01:34:42.9453098Z A path returned 202. Retrying...
2023-12-25T01:34:42.9453388Z A path returned 202. Retrying...
2023-12-25T01:34:42.9453676Z A path returned 202. Retrying...
2023-12-25T01:34:42.9453974Z A path returned 202. Retrying...
2023-12-25T01:34:42.9454270Z A path returned 202. Retrying...
2023-12-25T01:34:42.9454563Z A path returned 202. Retrying...
2023-12-25T01:34:42.9454864Z A path returned 202. Retrying...
2023-12-25T01:34:42.9455165Z A path returned 202. Retrying...
2023-12-25T01:34:42.9455470Z A path returned 202. Retrying...
2023-12-25T01:34:42.9455765Z A path returned 202. Retrying...
2023-12-25T01:34:42.9456067Z A path returned 202. Retrying...
2023-12-25T01:34:42.9456363Z A path returned 202. Retrying...
2023-12-25T01:34:42.9456657Z A path returned 202. Retrying...
2023-12-25T01:34:42.9456951Z A path returned 202. Retrying...
2023-12-25T01:34:42.9457244Z A path returned 202. Retrying...
2023-12-25T01:34:42.9457537Z A path returned 202. Retrying...
2023-12-25T01:34:42.9457827Z A path returned 202. Retrying...
2023-12-25T01:34:42.9458122Z A path returned 202. Retrying...
2023-12-25T01:34:42.9458417Z A path returned 202. Retrying...
2023-12-25T01:34:42.9458710Z A path returned 202. Retrying...
2023-12-25T01:34:42.9459006Z A path returned 202. Retrying...
2023-12-25T01:34:42.9459303Z A path returned 202. Retrying...
2023-12-25T01:34:42.9459723Z A path returned 202. Retrying...
2023-12-25T01:34:42.9460012Z A path returned 202. Retrying...
2023-12-25T01:34:42.9460306Z A path returned 202. Retrying...
2023-12-25T01:34:42.9460604Z A path returned 202. Retrying...
2023-12-25T01:34:42.9460897Z A path returned 202. Retrying...
2023-12-25T01:34:42.9461192Z A path returned 202. Retrying...
2023-12-25T01:34:42.9461485Z A path returned 202. Retrying...
2023-12-25T01:34:42.9461777Z A path returned 202. Retrying...
2023-12-25T01:34:42.9462064Z A path returned 202. Retrying...
2023-12-25T01:34:42.9462358Z A path returned 202. Retrying...
2023-12-25T01:34:42.9462653Z A path returned 202. Retrying...
2023-12-25T01:34:42.9462945Z A path returned 202. Retrying...
2023-12-25T01:34:42.9463239Z A path returned 202. Retrying...
2023-12-25T01:34:42.9463532Z A path returned 202. Retrying...
2023-12-25T01:34:42.9463824Z A path returned 202. Retrying...
2023-12-25T01:34:42.9464114Z A path returned 202. Retrying...
2023-12-25T01:34:42.9464408Z A path returned 202. Retrying...
2023-12-25T01:34:42.9464707Z A path returned 202. Retrying...
2023-12-25T01:34:42.9465003Z A path returned 202. Retrying...
2023-12-25T01:34:42.9465296Z A path returned 202. Retrying...
2023-12-25T01:34:42.9465707Z A path returned 202. Retrying...
2023-12-25T01:34:42.9466006Z A path returned 202. Retrying...
2023-12-25T01:34:42.9466294Z A path returned 202. Retrying...
2023-12-25T01:34:42.9466588Z A path returned 202. Retrying...
2023-12-25T01:34:42.9466881Z A path returned 202. Retrying...
2023-12-25T01:34:42.9467176Z A path returned 202. Retrying...
2023-12-25T01:34:42.9467471Z A path returned 202. Retrying...
2023-12-25T01:34:42.9467766Z A path returned 202. Retrying...
2023-12-25T01:34:42.9468058Z A path returned 202. Retrying...
2023-12-25T01:34:42.9468345Z A path returned 202. Retrying...
2023-12-25T01:34:42.9468637Z A path returned 202. Retrying...
2023-12-25T01:34:42.9468929Z A path returned 202. Retrying...
2023-12-25T01:34:42.9469223Z A path returned 202. Retrying...
2023-12-25T01:34:42.9469521Z A path returned 202. Retrying...
2023-12-25T01:34:42.9469814Z A path returned 202. Retrying...
2023-12-25T01:34:42.9470109Z A path returned 202. Retrying...
2023-12-25T01:34:42.9470400Z A path returned 202. Retrying...
2023-12-25T01:34:42.9470700Z A path returned 202. Retrying...
2023-12-25T01:34:42.9470997Z A path returned 202. Retrying...
2023-12-25T01:34:42.9471290Z A path returned 202. Retrying...
2023-12-25T01:34:42.9471584Z A path returned 202. Retrying...
2023-12-25T01:34:42.9471877Z A path returned 202. Retrying...
2023-12-25T01:34:42.9472168Z A path returned 202. Retrying...
2023-12-25T01:34:42.9472457Z A path returned 202. Retrying...
2023-12-25T01:34:42.9472750Z A path returned 202. Retrying...
2023-12-25T01:34:42.9473045Z A path returned 202. Retrying...
2023-12-25T01:34:42.9473337Z A path returned 202. Retrying...
2023-12-25T01:34:42.9473631Z A path returned 202. Retrying...
2023-12-25T01:34:42.9473922Z A path returned 202. Retrying...
2023-12-25T01:34:42.9474214Z A path returned 202. Retrying...
2023-12-25T01:34:42.9474506Z A path returned 202. Retrying...
2023-12-25T01:34:42.9474799Z A path returned 202. Retrying...
2023-12-25T01:34:42.9475091Z A path returned 202. Retrying...
2023-12-25T01:34:42.9475389Z A path returned 202. Retrying...
2023-12-25T01:34:42.9475684Z A path returned 202. Retrying...
2023-12-25T01:34:42.9475978Z A path returned 202. Retrying...
2023-12-25T01:34:42.9476269Z A path returned 202. Retrying...
2023-12-25T01:34:42.9476558Z A path returned 202. Retrying...
2023-12-25T01:34:42.9476895Z A path returned 202. Retrying...
2023-12-25T01:34:42.9477189Z A path returned 202. Retrying...
2023-12-25T01:34:42.9477482Z A path returned 202. Retrying...
2023-12-25T01:34:42.9477775Z A path returned 202. Retrying...
2023-12-25T01:34:42.9478070Z A path returned 202. Retrying...
2023-12-25T01:34:42.9478365Z A path returned 202. Retrying...
2023-12-25T01:34:42.9478652Z A path returned 202. Retrying...
2023-12-25T01:34:42.9478946Z A path returned 202. Retrying...
2023-12-25T01:34:42.9479365Z A path returned 202. Retrying...
2023-12-25T01:34:42.9479659Z A path returned 202. Retrying...
2023-12-25T01:34:42.9479954Z A path returned 202. Retrying...
2023-12-25T01:34:42.9480250Z A path returned 202. Retrying...
2023-12-25T01:34:42.9480546Z A path returned 202. Retrying...
2023-12-25T01:34:42.9480842Z A path returned 202. Retrying...
2023-12-25T01:34:42.9481246Z A path returned 202. Retrying...
2023-12-25T01:34:42.9481542Z A path returned 202. Retrying...
2023-12-25T01:34:42.9481835Z A path returned 202. Retrying...
2023-12-25T01:34:42.9482132Z A path returned 202. Retrying...
2023-12-25T01:34:42.9482429Z A path returned 202. Retrying...
2023-12-25T01:34:42.9482722Z A path returned 202. Retrying...
2023-12-25T01:34:42.9483010Z A path returned 202. Retrying...
2023-12-25T01:34:42.9483303Z A path returned 202. Retrying...
2023-12-25T01:34:42.9483597Z A path returned 202. Retrying...
2023-12-25T01:34:42.9483890Z A path returned 202. Retrying...
2023-12-25T01:34:42.9484182Z A path returned 202. Retrying...
2023-12-25T01:34:42.9484483Z A path returned 202. Retrying...
2023-12-25T01:34:42.9484775Z A path returned 202. Retrying...
2023-12-25T01:34:42.9485062Z A path returned 202. Retrying...
2023-12-25T01:34:42.9485531Z A path returned 202. Retrying...
2023-12-25T01:34:42.9485834Z A path returned 202. Retrying...
2023-12-25T01:34:42.9486126Z A path returned 202. Retrying...
2023-12-25T01:34:42.9486419Z A path returned 202. Retrying...
2023-12-25T01:34:42.9486711Z A path returned 202. Retrying...
2023-12-25T01:34:42.9487002Z A path returned 202. Retrying...
2023-12-25T01:34:42.9487290Z A path returned 202. Retrying...
2023-12-25T01:34:42.9487583Z A path returned 202. Retrying...
2023-12-25T01:34:42.9487877Z A path returned 202. Retrying...
2023-12-25T01:34:42.9488171Z A path returned 202. Retrying...
2023-12-25T01:34:42.9488464Z A path returned 202. Retrying...
2023-12-25T01:34:42.9488758Z A path returned 202. Retrying...
2023-12-25T01:34:42.9489051Z A path returned 202. Retrying...
2023-12-25T01:34:42.9489345Z A path returned 202. Retrying...
2023-12-25T01:34:42.9489638Z A path returned 202. Retrying...
2023-12-25T01:34:42.9489931Z A path returned 202. Retrying...
2023-12-25T01:34:42.9490226Z A path returned 202. Retrying...
2023-12-25T01:34:42.9490525Z A path returned 202. Retrying...
2023-12-25T01:34:42.9490817Z A path returned 202. Retrying...
2023-12-25T01:34:42.9491109Z A path returned 202. Retrying...
2023-12-25T01:34:42.9491397Z A path returned 202. Retrying...
2023-12-25T01:34:42.9491691Z A path returned 202. Retrying...
2023-12-25T01:34:42.9491985Z A path returned 202. Retrying...
2023-12-25T01:42:13.0228371Z A path returned 202. Retrying...
2023-12-25T01:42:13.0229138Z A path returned 202. Retrying...
2023-12-25T01:42:13.0229700Z A path returned 202. Retrying...
2023-12-25T01:42:13.0230115Z A path returned 202. Retrying...
2023-12-25T01:42:13.0230459Z A path returned 202. Retrying...
2023-12-25T01:42:13.0230799Z A path returned 202. Retrying...
2023-12-25T01:42:13.0231156Z A path returned 202. Retrying...
2023-12-25T01:42:13.0231524Z A path returned 202. Retrying...
2023-12-25T01:42:13.0231865Z A path returned 202. Retrying...
2023-12-25T01:42:13.0232214Z A path returned 202. Retrying...
2023-12-25T01:42:13.0232573Z A path returned 202. Retrying...
2023-12-25T01:42:13.0232918Z A path returned 202. Retrying...
2023-12-25T01:42:13.0233257Z A path returned 202. Retrying...
2023-12-25T01:42:13.0233597Z A path returned 202. Retrying...
2023-12-25T01:42:13.0233936Z A path returned 202. Retrying...
2023-12-25T01:42:13.0234277Z A path returned 202. Retrying...
2023-12-25T01:42:13.0234612Z A path returned 202. Retrying...
2023-12-25T01:42:13.0234957Z A path returned 202. Retrying...
2023-12-25T01:42:13.0235298Z A path returned 202. Retrying...
2023-12-25T01:42:13.0235641Z A path returned 202. Retrying...
2023-12-25T01:42:13.0235980Z A path returned 202. Retrying...
2023-12-25T01:42:13.0236320Z A path returned 202. Retrying...
2023-12-25T01:42:13.0236658Z A path returned 202. Retrying...
2023-12-25T01:42:13.0237281Z A path returned 202. Retrying...
2023-12-25T01:42:13.0237619Z A path returned 202. Retrying...
2023-12-25T01:42:13.0237956Z A path returned 202. Retrying...
2023-12-25T01:42:13.0238258Z A path returned 202. Retrying...
2023-12-25T01:42:13.0238565Z A path returned 202. Retrying...
2023-12-25T01:42:13.0238867Z A path returned 202. Retrying...
2023-12-25T01:42:13.0239166Z A path returned 202. Retrying...
2023-12-25T01:42:13.0239462Z A path returned 202. Retrying...
2023-12-25T01:42:13.0239766Z A path returned 202. Retrying...
2023-12-25T01:42:13.0240076Z A path returned 202. Retrying...
2023-12-25T01:42:13.0240383Z A path returned 202. Retrying...
2023-12-25T01:42:13.0240688Z A path returned 202. Retrying...
2023-12-25T01:42:13.0240994Z A path returned 202. Retrying...
2023-12-25T01:42:13.0241650Z A path returned 202. Retrying...
2023-12-25T01:42:13.0241953Z A path returned 202. Retrying...
2023-12-25T01:42:13.0242265Z A path returned 202. Retrying...
2023-12-25T01:42:13.0242591Z A path returned 202. Retrying...
2023-12-25T01:42:13.0242923Z A path returned 202. Retrying...
2023-12-25T01:42:13.0243235Z A path returned 202. Retrying...
2023-12-25T01:42:13.0243543Z A path returned 202. Retrying...
2023-12-25T01:42:13.0244054Z A path returned 202. Retrying...
2023-12-25T01:42:13.0244369Z A path returned 202. Retrying...
2023-12-25T01:42:13.0244681Z A path returned 202. Retrying...
2023-12-25T01:42:13.0244993Z A path returned 202. Retrying...
2023-12-25T01:42:13.0245300Z A path returned 202. Retrying...
2023-12-25T01:42:13.0245632Z A path returned 202. Retrying...
2023-12-25T01:42:13.0245938Z A path returned 202. Retrying...
2023-12-25T01:42:13.0246241Z A path returned 202. Retrying...
2023-12-25T01:42:13.0246540Z A path returned 202. Retrying...
2023-12-25T01:42:13.0246846Z A path returned 202. Retrying...
2023-12-25T01:42:13.0247154Z A path returned 202. Retrying...
2023-12-25T01:42:13.0247466Z A path returned 202. Retrying...
2023-12-25T01:42:13.0247770Z A path returned 202. Retrying...
2023-12-25T01:42:13.0248078Z A path returned 202. Retrying...
2023-12-25T01:42:13.0248373Z A path returned 202. Retrying...
2023-12-25T01:42:13.0248663Z A path returned 202. Retrying...
2023-12-25T01:42:13.0248959Z A path returned 202. Retrying...
2023-12-25T01:42:13.0249260Z A path returned 202. Retrying...
2023-12-25T01:42:13.0249559Z A path returned 202. Retrying...
2023-12-25T01:42:13.0249859Z A path returned 202. Retrying...
2023-12-25T01:42:13.0250154Z A path returned 202. Retrying...
2023-12-25T01:42:13.0250452Z A path returned 202. Retrying...
2023-12-25T01:42:13.0250742Z A path returned 202. Retrying...
2023-12-25T01:42:13.0251039Z A path returned 202. Retrying...
2023-12-25T01:42:13.0251334Z A path returned 202. Retrying...
2023-12-25T01:42:13.0251631Z A path returned 202. Retrying...
2023-12-25T01:42:13.0251935Z A path returned 202. Retrying...
2023-12-25T01:42:13.0252235Z A path returned 202. Retrying...
2023-12-25T01:42:13.0252536Z A path returned 202. Retrying...
2023-12-25T01:42:13.0252827Z A path returned 202. Retrying...
2023-12-25T01:42:13.0253128Z A path returned 202. Retrying...
2023-12-25T01:42:13.0253424Z A path returned 202. Retrying...
2023-12-25T01:42:13.0253721Z A path returned 202. Retrying...
2023-12-25T01:42:13.0254021Z A path returned 202. Retrying...
2023-12-25T01:42:13.0254318Z A path returned 202. Retrying...
2023-12-25T01:42:13.0254613Z A path returned 202. Retrying...
2023-12-25T01:42:13.0254903Z A path returned 202. Retrying...
2023-12-25T01:42:13.0255198Z A path returned 202. Retrying...
2023-12-25T01:42:13.0255491Z A path returned 202. Retrying...
2023-12-25T01:42:13.0255787Z A path returned 202. Retrying...
2023-12-25T01:42:13.0256086Z A path returned 202. Retrying...
2023-12-25T01:42:13.0256380Z A path returned 202. Retrying...
2023-12-25T01:42:13.0256675Z A path returned 202. Retrying...
2023-12-25T01:42:13.0256965Z A path returned 202. Retrying...
2023-12-25T01:42:13.0257261Z A path returned 202. Retrying...
2023-12-25T01:42:13.0257558Z A path returned 202. Retrying...
2023-12-25T01:42:13.0258050Z A path returned 202. Retrying...
2023-12-25T01:42:13.0258348Z A path returned 202. Retrying...
2023-12-25T01:42:13.0258644Z A path returned 202. Retrying...
2023-12-25T01:42:13.0258948Z A path returned 202. Retrying...
2023-12-25T01:42:13.0259245Z A path returned 202. Retrying...
2023-12-25T01:42:13.0259542Z A path returned 202. Retrying...
2023-12-25T01:42:13.0259839Z A path returned 202. Retrying...
2023-12-25T01:42:13.0260135Z A path returned 202. Retrying...
2023-12-25T01:42:13.0260429Z A path returned 202. Retrying...
2023-12-25T01:42:13.0260726Z A path returned 202. Retrying...
2023-12-25T01:42:13.0261019Z A path returned 202. Retrying...
2023-12-25T01:42:13.0261309Z A path returned 202. Retrying...
2023-12-25T01:42:13.0261606Z A path returned 202. Retrying...
2023-12-25T01:42:13.0261902Z A path returned 202. Retrying...
2023-12-25T01:42:13.0262199Z A path returned 202. Retrying...
2023-12-25T01:42:13.0262497Z A path returned 202. Retrying...
2023-12-25T01:42:13.0262790Z A path returned 202. Retrying...
2023-12-25T01:42:13.0263092Z A path returned 202. Retrying...
2023-12-25T01:42:13.0263384Z A path returned 202. Retrying...
2023-12-25T01:42:13.0263682Z A path returned 202. Retrying...
2023-12-25T01:42:13.0264117Z A path returned 202. Retrying...
2023-12-25T01:42:13.0264420Z A path returned 202. Retrying...
2023-12-25T01:42:13.0264717Z A path returned 202. Retrying...
2023-12-25T01:42:13.0265008Z A path returned 202. Retrying...
2023-12-25T01:42:13.0265301Z A path returned 202. Retrying...
2023-12-25T01:42:13.0265591Z A path returned 202. Retrying...
2023-12-25T01:42:13.0265883Z A path returned 202. Retrying...
2023-12-25T01:42:13.0266179Z A path returned 202. Retrying...
2023-12-25T01:42:13.0266474Z A path returned 202. Retrying...
2023-12-25T01:42:13.0266767Z A path returned 202. Retrying...
2023-12-25T01:42:13.0267061Z A path returned 202. Retrying...
2023-12-25T01:42:13.0267355Z A path returned 202. Retrying...
2023-12-25T01:42:13.0267644Z A path returned 202. Retrying...
2023-12-25T01:42:13.0267946Z A path returned 202. Retrying...
2023-12-25T01:42:13.0268240Z A path returned 202. Retrying...
2023-12-25T01:42:13.0268539Z A path returned 202. Retrying...
2023-12-25T01:42:13.0268836Z A path returned 202. Retrying...
2023-12-25T01:42:13.0269136Z A path returned 202. Retrying...
2023-12-25T01:42:13.0269434Z A path returned 202. Retrying...
2023-12-25T01:42:13.0269724Z A path returned 202. Retrying...
2023-12-25T01:42:13.0270020Z A path returned 202. Retrying...
2023-12-25T01:42:13.0270315Z A path returned 202. Retrying...
2023-12-25T01:42:13.0270610Z A path returned 202. Retrying...
2023-12-25T01:42:13.0270905Z A path returned 202. Retrying...
2023-12-25T01:42:13.0271199Z A path returned 202. Retrying...
2023-12-25T01:42:13.0271492Z A path returned 202. Retrying...
2023-12-25T01:42:13.0271781Z A path returned 202. Retrying...
2023-12-25T01:42:13.0272073Z A path returned 202. Retrying...
2023-12-25T01:42:13.0272367Z A path returned 202. Retrying...
2023-12-25T01:42:13.0272664Z A path returned 202. Retrying...
2023-12-25T01:42:13.0272966Z A path returned 202. Retrying...
2023-12-25T01:42:13.0273259Z A path returned 202. Retrying...
2023-12-25T01:42:13.0273554Z A path returned 202. Retrying...
2023-12-25T01:42:13.0273846Z A path returned 202. Retrying...
2023-12-25T01:42:13.0274139Z A path returned 202. Retrying...
2023-12-25T01:42:13.0274434Z A path returned 202. Retrying...
2023-12-25T01:42:13.0274730Z A path returned 202. Retrying...
2023-12-25T01:42:13.0275025Z A path returned 202. Retrying...
2023-12-25T01:42:13.0275322Z A path returned 202. Retrying...
2023-12-25T01:42:13.0275617Z A path returned 202. Retrying...
2023-12-25T01:42:13.0275911Z A path returned 202. Retrying...
2023-12-25T01:42:13.0276209Z A path returned 202. Retrying...
2023-12-25T01:42:13.0276502Z A path returned 202. Retrying...
2023-12-25T01:42:13.0276796Z A path returned 202. Retrying...
2023-12-25T01:42:13.0277090Z A path returned 202. Retrying...
2023-12-25T01:42:13.0277385Z A path returned 202. Retrying...
2023-12-25T01:42:13.0277683Z A path returned 202. Retrying...
2023-12-25T01:42:13.0278113Z A path returned 202. Retrying...
2023-12-25T01:42:13.0278409Z A path returned 202. Retrying...
2023-12-25T01:42:13.0278708Z A path returned 202. Retrying...
2023-12-25T01:42:13.0279006Z A path returned 202. Retrying...
2023-12-25T01:42:13.0279305Z A path returned 202. Retrying...
2023-12-25T01:42:13.0279603Z A path returned 202. Retrying...
2023-12-25T01:42:13.0279902Z A path returned 202. Retrying...
2023-12-25T01:42:13.0280191Z A path returned 202. Retrying...
2023-12-25T01:42:13.0280491Z A path returned 202. Retrying...
2023-12-25T01:42:13.0280789Z A path returned 202. Retrying...
2023-12-25T01:42:13.0281389Z A path returned 202. Retrying...
2023-12-25T01:42:13.0281726Z A path returned 202. Retrying...
2023-12-25T01:42:13.0282022Z A path returned 202. Retrying...
2023-12-25T01:42:13.0282318Z A path returned 202. Retrying...
2023-12-25T01:42:13.0282607Z A path returned 202. Retrying...
2023-12-25T01:42:13.0282906Z A path returned 202. Retrying...
2023-12-25T01:42:13.0283215Z A path returned 202. Retrying...
2023-12-25T01:42:13.0283518Z A path returned 202. Retrying...
2023-12-25T01:42:13.0283814Z A path returned 202. Retrying...
2023-12-25T01:42:13.0284331Z A path returned 202. Retrying...
2023-12-25T01:42:13.0284646Z A path returned 202. Retrying...
2023-12-25T01:42:13.0284938Z A path returned 202. Retrying...
2023-12-25T01:42:13.0468601Z ##[group]Run git config --global user.name "jstrieb/github-stats"
2023-12-25T01:42:13.0469191Z [36;1mgit config --global user.name "jstrieb/github-stats"[0m
2023-12-25T01:42:13.0469769Z [36;1mgit config --global user.email "github-stats[bot]@jstrieb.github.io"[0m
2023-12-25T01:42:13.0470236Z [36;1mgit add .[0m
2023-12-25T01:42:13.0470614Z [36;1m# Force the build to succeed, even if no files were changed[0m
2023-12-25T01:42:13.0471129Z [36;1mgit commit -m 'Update generated files' || true[0m
2023-12-25T01:42:13.0471506Z [36;1mgit push[0m
2023-12-25T01:42:13.0522283Z shell: /usr/bin/bash -e {0}
2023-12-25T01:42:13.0522587Z env:
2023-12-25T01:42:13.0522896Z   pythonLocation: /opt/hostedtoolcache/Python/3.8.18/x64
2023-12-25T01:42:13.0523443Z   PKG_CONFIG_PATH: /opt/hostedtoolcache/Python/3.8.18/x64/lib/pkgconfig
2023-12-25T01:42:13.0523980Z   Python_ROOT_DIR: /opt/hostedtoolcache/Python/3.8.18/x64
2023-12-25T01:42:13.0524475Z   Python2_ROOT_DIR: /opt/hostedtoolcache/Python/3.8.18/x64
2023-12-25T01:42:13.0524958Z   Python3_ROOT_DIR: /opt/hostedtoolcache/Python/3.8.18/x64
2023-12-25T01:42:13.0525454Z   LD_LIBRARY_PATH: /opt/hostedtoolcache/Python/3.8.18/x64/lib
2023-12-25T01:42:13.0525852Z ##[endgroup]
2023-12-25T01:42:14.0326470Z [master 5c34bf3] Update generated files
2023-12-25T01:42:14.0327510Z  2 files changed, 251 insertions(+), 251 deletions(-)
2023-12-25T01:42:14.7198529Z To https://github.com/seanpm2001/GitHub_Stats_A
2023-12-25T01:42:14.7199687Z    b8f131c..5c34bf3  master -> master
2023-12-25T01:42:14.7284482Z Post job cleanup.
2023-12-25T01:42:14.8516310Z Cache hit occurred on the primary key setup-python-Linux-22.04-Ubuntu-python-3.8.18-pip-60f2a6c0212a9b74a155cd81b58dd07fd8b180833132566260d95f4de42fe218, not saving cache.
2023-12-25T01:42:14.8628389Z Post job cleanup.
2023-12-25T01:42:14.9493006Z [command]/usr/bin/git version
2023-12-25T01:42:14.9541572Z git version 2.43.0
2023-12-25T01:42:14.9576592Z Copying '/home/runner/.gitconfig' to '/home/runner/work/_temp/41883007-696b-4c66-bd8b-100ae1686f37/.gitconfig'
2023-12-25T01:42:14.9587517Z Temporarily overriding HOME='/home/runner/work/_temp/41883007-696b-4c66-bd8b-100ae1686f37' before making global git config changes
2023-12-25T01:42:14.9588838Z Adding repository directory to the temporary git global config as a safe directory
2023-12-25T01:42:14.9593147Z [command]/usr/bin/git config --global --add safe.directory /home/runner/work/GitHub_Stats_A/GitHub_Stats_A
2023-12-25T01:42:14.9640820Z [command]/usr/bin/git config --local --name-only --get-regexp core\.sshCommand
2023-12-25T01:42:14.9685202Z [command]/usr/bin/git submodule foreach --recursive sh -c "git config --local --name-only --get-regexp 'core\.sshCommand' && git config --local --unset-all 'core.sshCommand' || :"
2023-12-25T01:42:14.9968411Z [command]/usr/bin/git config --local --name-only --get-regexp http\.https\:\/\/github\.com\/\.extraheader
2023-12-25T01:42:15.0003682Z http.https://github.com/.extraheader
2023-12-25T01:42:15.0014925Z [command]/usr/bin/git config --local --unset-all http.https://github.com/.extraheader
2023-12-25T01:42:15.0057464Z [command]/usr/bin/git submodule foreach --recursive sh -c "git config --local --name-only --get-regexp 'http\.https\:\/\/github\.com\/\.extraheader' && git config --local --unset-all 'http.https://github.com/.extraheader' || :"
2023-12-25T01:42:15.0565628Z Cleaning up orphan processes
