2022-10-02T03:04:15.3079057Z Requested labels: ubuntu-latest
2022-10-02T03:04:15.3079112Z Job defined at: seanpm2001/GitHub_Stats_A/.github/workflows/main.yml@refs/heads/master
2022-10-02T03:04:15.3079131Z Waiting for a runner to pick up this job...
2022-10-02T03:04:19.0166397Z Job is waiting for a hosted runner to come online.
2022-10-02T03:04:23.0268232Z Job is about to start running on the hosted runner: Hosted Agent (hosted)
2022-10-02T03:04:25.7900277Z Current runner version: '2.297.0'
2022-10-02T03:04:25.7936876Z ##[group]Operating System
2022-10-02T03:04:25.7937680Z Ubuntu
2022-10-02T03:04:25.7938025Z 20.04.5
2022-10-02T03:04:25.7938286Z LTS
2022-10-02T03:04:25.7938649Z ##[endgroup]
2022-10-02T03:04:25.7939074Z ##[group]Runner Image
2022-10-02T03:04:25.7939652Z Image: ubuntu-20.04
2022-10-02T03:04:25.7939990Z Version: 20220922.2
2022-10-02T03:04:25.7940602Z Included Software: https://github.com/actions/runner-images/blob/ubuntu20/20220922.2/images/linux/Ubuntu2004-Readme.md
2022-10-02T03:04:25.7941351Z Image Release: https://github.com/actions/runner-images/releases/tag/ubuntu20%2F20220922.2
2022-10-02T03:04:25.7941923Z ##[endgroup]
2022-10-02T03:04:25.7942328Z ##[group]Runner Image Provisioner
2022-10-02T03:04:25.7942733Z 1.0.0.0-main-20220916-1
2022-10-02T03:04:25.7943131Z ##[endgroup]
2022-10-02T03:04:25.7944909Z ##[group]GITHUB_TOKEN Permissions
2022-10-02T03:04:25.7945708Z Contents: write
2022-10-02T03:04:25.7946325Z Metadata: read
2022-10-02T03:04:25.7947102Z ##[endgroup]
2022-10-02T03:04:25.7951546Z Secret source: Actions
2022-10-02T03:04:25.7952125Z Prepare workflow directory
2022-10-02T03:04:25.9034818Z Prepare all required actions
2022-10-02T03:04:25.9277307Z Getting action download info
2022-10-02T03:04:26.4211525Z Download action repository 'actions/checkout@v2' (SHA:7884fcad6b5d53d10323aee724dc68d8b9096a2e)
2022-10-02T03:04:27.7412087Z Download action repository 'actions/setup-python@v2' (SHA:7f80679172b057fc5e90d70d197929d454754a5a)
2022-10-02T03:04:29.1265731Z Download action repository 'actions/cache@v2' (SHA:937d24475381cd9c75ae6db12cb4e79714b926ed)
2022-10-02T03:04:30.6074815Z ##[group]Run actions/checkout@v2
2022-10-02T03:04:30.6075620Z with:
2022-10-02T03:04:30.6076070Z   repository: seanpm2001/GitHub_Stats_A
2022-10-02T03:04:30.6076806Z   token: ***
2022-10-02T03:04:30.6077210Z   ssh-strict: true
2022-10-02T03:04:30.6077526Z   persist-credentials: true
2022-10-02T03:04:30.6077797Z   clean: true
2022-10-02T03:04:30.6078234Z   fetch-depth: 1
2022-10-02T03:04:30.6078738Z   lfs: false
2022-10-02T03:04:30.6079230Z   submodules: false
2022-10-02T03:04:30.6079479Z   set-safe-directory: true
2022-10-02T03:04:30.6079983Z ##[endgroup]
2022-10-02T03:04:30.9758231Z Syncing repository: seanpm2001/GitHub_Stats_A
2022-10-02T03:04:30.9760391Z ##[group]Getting Git version info
2022-10-02T03:04:30.9761070Z Working directory is '/home/runner/work/GitHub_Stats_A/GitHub_Stats_A'
2022-10-02T03:04:30.9761825Z [command]/usr/bin/git version
2022-10-02T03:04:30.9916887Z git version 2.37.3
2022-10-02T03:04:30.9937503Z ##[endgroup]
2022-10-02T03:04:30.9961783Z Temporarily overriding HOME='/home/runner/work/_temp/1c4d52f9-c760-46fe-a903-89b66c0f7f91' before making global git config changes
2022-10-02T03:04:30.9962798Z Adding repository directory to the temporary git global config as a safe directory
2022-10-02T03:04:30.9963535Z [command]/usr/bin/git config --global --add safe.directory /home/runner/work/GitHub_Stats_A/GitHub_Stats_A
2022-10-02T03:04:31.0316630Z Deleting the contents of '/home/runner/work/GitHub_Stats_A/GitHub_Stats_A'
2022-10-02T03:04:31.0317813Z ##[group]Initializing the repository
2022-10-02T03:04:31.0318209Z [command]/usr/bin/git init /home/runner/work/GitHub_Stats_A/GitHub_Stats_A
2022-10-02T03:04:31.0318754Z hint: Using 'master' as the name for the initial branch. This default branch name
2022-10-02T03:04:31.0319189Z hint: is subject to change. To configure the initial branch name to use in all
2022-10-02T03:04:31.0319791Z hint: of your new repositories, which will suppress this warning, call:
2022-10-02T03:04:31.0320142Z hint: 
2022-10-02T03:04:31.0320518Z hint: 	git config --global init.defaultBranch <name>
2022-10-02T03:04:31.0320792Z hint: 
2022-10-02T03:04:31.0321176Z hint: Names commonly chosen instead of 'master' are 'main', 'trunk' and
2022-10-02T03:04:31.0321683Z hint: 'development'. The just-created branch can be renamed via this command:
2022-10-02T03:04:31.0321979Z hint: 
2022-10-02T03:04:31.0322270Z hint: 	git branch -m <name>
2022-10-02T03:04:31.0322955Z Initialized empty Git repository in /home/runner/work/GitHub_Stats_A/GitHub_Stats_A/.git/
2022-10-02T03:04:31.0323433Z [command]/usr/bin/git remote add origin https://github.com/seanpm2001/GitHub_Stats_A
2022-10-02T03:04:31.0323974Z ##[endgroup]
2022-10-02T03:04:31.0387082Z ##[group]Disabling automatic garbage collection
2022-10-02T03:04:31.0393491Z [command]/usr/bin/git config --local gc.auto 0
2022-10-02T03:04:31.0431561Z ##[endgroup]
2022-10-02T03:04:31.0432452Z ##[group]Setting up auth
2022-10-02T03:04:31.0444411Z [command]/usr/bin/git config --local --name-only --get-regexp core\.sshCommand
2022-10-02T03:04:31.0485391Z [command]/usr/bin/git submodule foreach --recursive git config --local --name-only --get-regexp 'core\.sshCommand' && git config --local --unset-all 'core.sshCommand' || :
2022-10-02T03:04:31.1053636Z [command]/usr/bin/git config --local --name-only --get-regexp http\.https\:\/\/github\.com\/\.extraheader
2022-10-02T03:04:31.1097108Z [command]/usr/bin/git submodule foreach --recursive git config --local --name-only --get-regexp 'http\.https\:\/\/github\.com\/\.extraheader' && git config --local --unset-all 'http.https://github.com/.extraheader' || :
2022-10-02T03:04:31.1488757Z [command]/usr/bin/git config --local http.https://github.com/.extraheader AUTHORIZATION: basic ***
2022-10-02T03:04:31.1539992Z ##[endgroup]
2022-10-02T03:04:31.1541314Z ##[group]Fetching the repository
2022-10-02T03:04:31.1550882Z [command]/usr/bin/git -c protocol.version=2 fetch --no-tags --prune --progress --no-recurse-submodules --depth=1 origin +3c15ba7bdcdcdfc1b89e9cb3418b1e296b1201dc:refs/remotes/origin/master
2022-10-02T03:04:31.8099812Z remote: Enumerating objects: 997, done.        
2022-10-02T03:04:31.8123728Z remote: Counting objects:   0% (1/997)        
2022-10-02T03:04:31.8134358Z remote: Counting objects:   1% (10/997)        
2022-10-02T03:04:31.8137653Z remote: Counting objects:   2% (20/997)        
2022-10-02T03:04:31.8140191Z remote: Counting objects:   3% (30/997)        
2022-10-02T03:04:31.8142780Z remote: Counting objects:   4% (40/997)        
2022-10-02T03:04:31.8578505Z remote: Counting objects:   5% (50/997)        
2022-10-02T03:04:31.8579303Z remote: Counting objects:   6% (60/997)        
2022-10-02T03:04:31.8579828Z remote: Counting objects:   7% (70/997)        
2022-10-02T03:04:31.8580239Z remote: Counting objects:   8% (80/997)        
2022-10-02T03:04:31.8580610Z remote: Counting objects:   9% (90/997)        
2022-10-02T03:04:31.8580968Z remote: Counting objects:  10% (100/997)        
2022-10-02T03:04:31.8581279Z remote: Counting objects:  11% (110/997)        
2022-10-02T03:04:31.8581608Z remote: Counting objects:  12% (120/997)        
2022-10-02T03:04:31.8581948Z remote: Counting objects:  13% (130/997)        
2022-10-02T03:04:31.8582242Z remote: Counting objects:  14% (140/997)        
2022-10-02T03:04:31.8582783Z remote: Counting objects:  15% (150/997)        
2022-10-02T03:04:31.8583085Z remote: Counting objects:  16% (160/997)        
2022-10-02T03:04:31.8583390Z remote: Counting objects:  17% (170/997)        
2022-10-02T03:04:31.8583666Z remote: Counting objects:  18% (180/997)        
2022-10-02T03:04:31.8583955Z remote: Counting objects:  19% (190/997)        
2022-10-02T03:04:31.8584251Z remote: Counting objects:  20% (200/997)        
2022-10-02T03:04:31.8584545Z remote: Counting objects:  21% (210/997)        
2022-10-02T03:04:31.8584821Z remote: Counting objects:  22% (220/997)        
2022-10-02T03:04:31.8585109Z remote: Counting objects:  23% (230/997)        
2022-10-02T03:04:31.8585400Z remote: Counting objects:  24% (240/997)        
2022-10-02T03:04:31.8585970Z remote: Counting objects:  25% (250/997)        
2022-10-02T03:04:31.8586510Z remote: Counting objects:  26% (260/997)        
2022-10-02T03:04:31.8586821Z remote: Counting objects:  27% (270/997)        
2022-10-02T03:04:31.8587124Z remote: Counting objects:  28% (280/997)        
2022-10-02T03:04:31.8587656Z remote: Counting objects:  29% (290/997)        
2022-10-02T03:04:31.8588018Z remote: Counting objects:  30% (300/997)        
2022-10-02T03:04:31.8588820Z remote: Counting objects:  31% (310/997)        
2022-10-02T03:04:31.8589124Z remote: Counting objects:  32% (320/997)        
2022-10-02T03:04:31.8589427Z remote: Counting objects:  33% (330/997)        
2022-10-02T03:04:31.8589716Z remote: Counting objects:  34% (339/997)        
2022-10-02T03:04:31.8590016Z remote: Counting objects:  35% (349/997)        
2022-10-02T03:04:31.8590319Z remote: Counting objects:  36% (359/997)        
2022-10-02T03:04:31.8590620Z remote: Counting objects:  37% (369/997)        
2022-10-02T03:04:31.8590913Z remote: Counting objects:  38% (379/997)        
2022-10-02T03:04:31.8591211Z remote: Counting objects:  39% (389/997)        
2022-10-02T03:04:31.8591511Z remote: Counting objects:  40% (399/997)        
2022-10-02T03:04:31.8591812Z remote: Counting objects:  41% (409/997)        
2022-10-02T03:04:31.8592099Z remote: Counting objects:  42% (419/997)        
2022-10-02T03:04:31.8592407Z remote: Counting objects:  43% (429/997)        
2022-10-02T03:04:31.8592713Z remote: Counting objects:  44% (439/997)        
2022-10-02T03:04:31.8593016Z remote: Counting objects:  45% (449/997)        
2022-10-02T03:04:31.8593306Z remote: Counting objects:  46% (459/997)        
2022-10-02T03:04:31.8593612Z remote: Counting objects:  47% (469/997)        
2022-10-02T03:04:31.8593910Z remote: Counting objects:  48% (479/997)        
2022-10-02T03:04:31.8594211Z remote: Counting objects:  49% (489/997)        
2022-10-02T03:04:31.8594721Z remote: Counting objects:  50% (499/997)        
2022-10-02T03:04:31.8595154Z remote: Counting objects:  51% (509/997)        
2022-10-02T03:04:31.8595471Z remote: Counting objects:  52% (519/997)        
2022-10-02T03:04:31.8595774Z remote: Counting objects:  53% (529/997)        
2022-10-02T03:04:31.8596072Z remote: Counting objects:  54% (539/997)        
2022-10-02T03:04:31.8596353Z remote: Counting objects:  55% (549/997)        
2022-10-02T03:04:31.8596649Z remote: Counting objects:  56% (559/997)        
2022-10-02T03:04:31.8596953Z remote: Counting objects:  57% (569/997)        
2022-10-02T03:04:31.8597253Z remote: Counting objects:  58% (579/997)        
2022-10-02T03:04:31.8597540Z remote: Counting objects:  59% (589/997)        
2022-10-02T03:04:31.8597843Z remote: Counting objects:  60% (599/997)        
2022-10-02T03:04:31.8598140Z remote: Counting objects:  61% (609/997)        
2022-10-02T03:04:31.8598438Z remote: Counting objects:  62% (619/997)        
2022-10-02T03:04:31.8598768Z remote: Counting objects:  63% (629/997)        
2022-10-02T03:04:31.8599098Z remote: Counting objects:  64% (639/997)        
2022-10-02T03:04:31.8599400Z remote: Counting objects:  65% (649/997)        
2022-10-02T03:04:31.8599856Z remote: Counting objects:  66% (659/997)        
2022-10-02T03:04:31.8600330Z remote: Counting objects:  67% (668/997)        
2022-10-02T03:04:31.8600616Z remote: Counting objects:  68% (678/997)        
2022-10-02T03:04:31.8614428Z remote: Counting objects:  69% (688/997)        
2022-10-02T03:04:31.8614800Z remote: Counting objects:  70% (698/997)        
2022-10-02T03:04:31.8615994Z remote: Counting objects:  71% (708/997)        
2022-10-02T03:04:31.8616294Z remote: Counting objects:  72% (718/997)        
2022-10-02T03:04:31.8617401Z remote: Counting objects:  73% (728/997)        
2022-10-02T03:04:31.8617712Z remote: Counting objects:  74% (738/997)        
2022-10-02T03:04:31.8618890Z remote: Counting objects:  75% (748/997)        
2022-10-02T03:04:31.8619847Z remote: Counting objects:  76% (758/997)        
2022-10-02T03:04:31.8620159Z remote: Counting objects:  77% (768/997)        
2022-10-02T03:04:31.8620462Z remote: Counting objects:  78% (778/997)        
2022-10-02T03:04:31.8620766Z remote: Counting objects:  79% (788/997)        
2022-10-02T03:04:31.8621076Z remote: Counting objects:  80% (798/997)        
2022-10-02T03:04:31.8621368Z remote: Counting objects:  81% (808/997)        
2022-10-02T03:04:31.8621668Z remote: Counting objects:  82% (818/997)        
2022-10-02T03:04:31.8625534Z remote: Counting objects:  83% (828/997)        
2022-10-02T03:04:31.8625942Z remote: Counting objects:  84% (838/997)        
2022-10-02T03:04:31.8626408Z remote: Counting objects:  85% (848/997)        
2022-10-02T03:04:31.8626687Z remote: Counting objects:  86% (858/997)        
2022-10-02T03:04:31.8626979Z remote: Counting objects:  87% (868/997)        
2022-10-02T03:04:31.8627263Z remote: Counting objects:  88% (878/997)        
2022-10-02T03:04:31.8627552Z remote: Counting objects:  89% (888/997)        
2022-10-02T03:04:31.8627847Z remote: Counting objects:  90% (898/997)        
2022-10-02T03:04:31.8628116Z remote: Counting objects:  91% (908/997)        
2022-10-02T03:04:31.8628400Z remote: Counting objects:  92% (918/997)        
2022-10-02T03:04:31.8628681Z remote: Counting objects:  93% (928/997)        
2022-10-02T03:04:31.8629146Z remote: Counting objects:  94% (938/997)        
2022-10-02T03:04:31.8629423Z remote: Counting objects:  95% (948/997)        
2022-10-02T03:04:31.8629719Z remote: Counting objects:  96% (958/997)        
2022-10-02T03:04:31.8630009Z remote: Counting objects:  97% (968/997)        
2022-10-02T03:04:31.8630298Z remote: Counting objects:  98% (978/997)        
2022-10-02T03:04:31.8630573Z remote: Counting objects:  99% (988/997)        
2022-10-02T03:04:31.8631036Z remote: Counting objects: 100% (997/997)        
2022-10-02T03:04:31.8631355Z remote: Counting objects: 100% (997/997), done.        
2022-10-02T03:04:31.8631697Z remote: Compressing objects:   0% (1/349)        
2022-10-02T03:04:31.8632193Z remote: Compressing objects:   1% (4/349)        
2022-10-02T03:04:31.8632544Z remote: Compressing objects:   2% (7/349)        
2022-10-02T03:04:31.8632865Z remote: Compressing objects:   3% (11/349)        
2022-10-02T03:04:31.8633187Z remote: Compressing objects:   4% (14/349)        
2022-10-02T03:04:31.8633495Z remote: Compressing objects:   5% (18/349)        
2022-10-02T03:04:31.8633817Z remote: Compressing objects:   6% (21/349)        
2022-10-02T03:04:31.8634142Z remote: Compressing objects:   7% (25/349)        
2022-10-02T03:04:31.8634978Z remote: Compressing objects:   8% (28/349)        
2022-10-02T03:04:31.8635278Z remote: Compressing objects:   9% (32/349)        
2022-10-02T03:04:31.8635576Z remote: Compressing objects:  10% (35/349)        
2022-10-02T03:04:31.8635872Z remote: Compressing objects:  11% (39/349)        
2022-10-02T03:04:31.8636169Z remote: Compressing objects:  12% (42/349)        
2022-10-02T03:04:31.8636449Z remote: Compressing objects:  13% (46/349)        
2022-10-02T03:04:31.8636749Z remote: Compressing objects:  14% (49/349)        
2022-10-02T03:04:31.8637045Z remote: Compressing objects:  15% (53/349)        
2022-10-02T03:04:31.8637551Z remote: Compressing objects:  16% (56/349)        
2022-10-02T03:04:31.8637957Z remote: Compressing objects:  17% (60/349)        
2022-10-02T03:04:31.8638275Z remote: Compressing objects:  18% (63/349)        
2022-10-02T03:04:31.8638589Z remote: Compressing objects:  19% (67/349)        
2022-10-02T03:04:31.8638907Z remote: Compressing objects:  20% (70/349)        
2022-10-02T03:04:31.8639222Z remote: Compressing objects:  21% (74/349)        
2022-10-02T03:04:31.8639519Z remote: Compressing objects:  22% (77/349)        
2022-10-02T03:04:31.8639832Z remote: Compressing objects:  23% (81/349)        
2022-10-02T03:04:31.8640149Z remote: Compressing objects:  24% (84/349)        
2022-10-02T03:04:31.8640464Z remote: Compressing objects:  25% (88/349)        
2022-10-02T03:04:31.8640910Z remote: Compressing objects:  26% (91/349)        
2022-10-02T03:04:31.8641204Z remote: Compressing objects:  27% (95/349)        
2022-10-02T03:04:31.8641636Z remote: Compressing objects:  28% (98/349)        
2022-10-02T03:04:31.8641930Z remote: Compressing objects:  29% (102/349)        
2022-10-02T03:04:31.8642218Z remote: Compressing objects:  30% (105/349)        
2022-10-02T03:04:31.8642699Z remote: Compressing objects:  31% (109/349)        
2022-10-02T03:04:31.8643013Z remote: Compressing objects:  32% (112/349)        
2022-10-02T03:04:31.8643465Z remote: Compressing objects:  33% (116/349)        
2022-10-02T03:04:31.8643764Z remote: Compressing objects:  34% (119/349)        
2022-10-02T03:04:31.8644072Z remote: Compressing objects:  35% (123/349)        
2022-10-02T03:04:31.8644384Z remote: Compressing objects:  36% (126/349)        
2022-10-02T03:04:31.8644693Z remote: Compressing objects:  37% (130/349)        
2022-10-02T03:04:31.8644982Z remote: Compressing objects:  38% (133/349)        
2022-10-02T03:04:31.8645448Z remote: Compressing objects:  39% (137/349)        
2022-10-02T03:04:31.8645750Z remote: Compressing objects:  40% (140/349)        
2022-10-02T03:04:31.8646043Z remote: Compressing objects:  41% (144/349)        
2022-10-02T03:04:31.8646322Z remote: Compressing objects:  42% (147/349)        
2022-10-02T03:04:31.8646614Z remote: Compressing objects:  43% (151/349)        
2022-10-02T03:04:31.8646909Z remote: Compressing objects:  44% (154/349)        
2022-10-02T03:04:31.8647208Z remote: Compressing objects:  45% (158/349)        
2022-10-02T03:04:31.8647508Z remote: Compressing objects:  46% (161/349)        
2022-10-02T03:04:31.8647786Z remote: Compressing objects:  47% (165/349)        
2022-10-02T03:04:31.8648078Z remote: Compressing objects:  48% (168/349)        
2022-10-02T03:04:31.8648381Z remote: Compressing objects:  49% (172/349)        
2022-10-02T03:04:31.8648725Z remote: Compressing objects:  50% (175/349)        
2022-10-02T03:04:31.8649003Z remote: Compressing objects:  51% (178/349)        
2022-10-02T03:04:31.8649387Z remote: Compressing objects:  52% (182/349)        
2022-10-02T03:04:31.8649700Z remote: Compressing objects:  53% (185/349)        
2022-10-02T03:04:31.8650172Z remote: Compressing objects:  54% (189/349)        
2022-10-02T03:04:31.8650462Z remote: Compressing objects:  55% (192/349)        
2022-10-02T03:04:31.8650766Z remote: Compressing objects:  56% (196/349)        
2022-10-02T03:04:31.8651070Z remote: Compressing objects:  57% (199/349)        
2022-10-02T03:04:31.8651378Z remote: Compressing objects:  58% (203/349)        
2022-10-02T03:04:31.8651831Z remote: Compressing objects:  59% (206/349)        
2022-10-02T03:04:31.8652145Z remote: Compressing objects:  60% (210/349)        
2022-10-02T03:04:31.8652458Z remote: Compressing objects:  61% (213/349)        
2022-10-02T03:04:31.8652772Z remote: Compressing objects:  62% (217/349)        
2022-10-02T03:04:31.8653068Z remote: Compressing objects:  63% (220/349)        
2022-10-02T03:04:31.8653524Z remote: Compressing objects:  64% (224/349)        
2022-10-02T03:04:31.8653840Z remote: Compressing objects:  65% (227/349)        
2022-10-02T03:04:31.8654133Z remote: Compressing objects:  66% (231/349)        
2022-10-02T03:04:31.8654749Z remote: Compressing objects:  67% (234/349)        
2022-10-02T03:04:31.8655041Z remote: Compressing objects:  68% (238/349)        
2022-10-02T03:04:31.8655384Z remote: Compressing objects:  69% (241/349)        
2022-10-02T03:04:31.8655679Z remote: Compressing objects:  70% (245/349)        
2022-10-02T03:04:31.8655960Z remote: Compressing objects:  71% (248/349)        
2022-10-02T03:04:31.8656251Z remote: Compressing objects:  72% (252/349)        
2022-10-02T03:04:31.8656543Z remote: Compressing objects:  73% (255/349)        
2022-10-02T03:04:31.8657389Z remote: Compressing objects:  74% (259/349)        
2022-10-02T03:04:31.8657705Z remote: Compressing objects:  75% (262/349)        
2022-10-02T03:04:31.8657981Z remote: Compressing objects:  76% (266/349)        
2022-10-02T03:04:31.8658368Z remote: Compressing objects:  77% (269/349)        
2022-10-02T03:04:31.8658666Z remote: Compressing objects:  78% (273/349)        
2022-10-02T03:04:31.8875420Z remote: Compressing objects:  79% (276/349)        
2022-10-02T03:04:31.8875750Z remote: Compressing objects:  80% (280/349)        
2022-10-02T03:04:31.8877200Z remote: Compressing objects:  81% (283/349)        
2022-10-02T03:04:31.8877537Z remote: Compressing objects:  82% (287/349)        
2022-10-02T03:04:31.8878261Z remote: Compressing objects:  83% (290/349)        
2022-10-02T03:04:31.8878751Z remote: Compressing objects:  84% (294/349)        
2022-10-02T03:04:31.8879062Z remote: Compressing objects:  85% (297/349)        
2022-10-02T03:04:31.8879530Z remote: Compressing objects:  86% (301/349)        
2022-10-02T03:04:31.8880010Z remote: Compressing objects:  87% (304/349)        
2022-10-02T03:04:31.8880459Z remote: Compressing objects:  88% (308/349)        
2022-10-02T03:04:31.8880757Z remote: Compressing objects:  89% (311/349)        
2022-10-02T03:04:31.8881129Z remote: Compressing objects:  90% (315/349)        
2022-10-02T03:04:31.8881434Z remote: Compressing objects:  91% (318/349)        
2022-10-02T03:04:31.8881748Z remote: Compressing objects:  92% (322/349)        
2022-10-02T03:04:31.8882063Z remote: Compressing objects:  93% (325/349)        
2022-10-02T03:04:31.8882374Z remote: Compressing objects:  94% (329/349)        
2022-10-02T03:04:31.8882672Z remote: Compressing objects:  95% (332/349)        
2022-10-02T03:04:31.8882992Z remote: Compressing objects:  96% (336/349)        
2022-10-02T03:04:31.8883304Z remote: Compressing objects:  97% (339/349)        
2022-10-02T03:04:31.8883616Z remote: Compressing objects:  98% (343/349)        
2022-10-02T03:04:31.8884244Z remote: Compressing objects:  99% (346/349)        
2022-10-02T03:04:31.8884594Z remote: Compressing objects: 100% (349/349)        
2022-10-02T03:04:31.8886662Z remote: Compressing objects: 100% (349/349), done.        
2022-10-02T03:04:31.8953274Z Receiving objects:   0% (1/997)
2022-10-02T03:04:31.8957341Z Receiving objects:   1% (10/997)
2022-10-02T03:04:32.0461231Z Receiving objects:   2% (20/997)
2022-10-02T03:04:32.0482424Z Receiving objects:   3% (30/997)
2022-10-02T03:04:32.0482746Z Receiving objects:   4% (40/997)
2022-10-02T03:04:32.0906588Z Receiving objects:   5% (50/997)
2022-10-02T03:04:32.0909625Z Receiving objects:   6% (60/997)
2022-10-02T03:04:32.0911251Z Receiving objects:   7% (70/997)
2022-10-02T03:04:32.0935751Z Receiving objects:   8% (80/997)
2022-10-02T03:04:32.0938272Z Receiving objects:   9% (90/997)
2022-10-02T03:04:32.1340819Z Receiving objects:  10% (100/997)
2022-10-02T03:04:32.1343413Z Receiving objects:  11% (110/997)
2022-10-02T03:04:32.1348656Z Receiving objects:  12% (120/997)
2022-10-02T03:04:32.1355595Z Receiving objects:  13% (130/997)
2022-10-02T03:04:32.1360064Z Receiving objects:  14% (140/997)
2022-10-02T03:04:32.1362844Z Receiving objects:  15% (150/997)
2022-10-02T03:04:32.1364361Z Receiving objects:  16% (160/997)
2022-10-02T03:04:32.1368914Z Receiving objects:  17% (170/997)
2022-10-02T03:04:32.1373585Z Receiving objects:  18% (180/997)
2022-10-02T03:04:32.1374038Z Receiving objects:  19% (190/997)
2022-10-02T03:04:32.1374293Z Receiving objects:  20% (200/997)
2022-10-02T03:04:32.1381247Z Receiving objects:  21% (210/997)
2022-10-02T03:04:32.1381518Z Receiving objects:  22% (220/997)
2022-10-02T03:04:32.1381746Z Receiving objects:  23% (230/997)
2022-10-02T03:04:32.1381993Z Receiving objects:  24% (240/997)
2022-10-02T03:04:32.1382249Z Receiving objects:  25% (250/997)
2022-10-02T03:04:32.1382471Z Receiving objects:  26% (260/997)
2022-10-02T03:04:32.1382710Z Receiving objects:  27% (270/997)
2022-10-02T03:04:32.1382947Z Receiving objects:  28% (280/997)
2022-10-02T03:04:32.1420381Z Receiving objects:  29% (290/997)
2022-10-02T03:04:32.1420652Z Receiving objects:  30% (300/997)
2022-10-02T03:04:32.1420878Z Receiving objects:  31% (310/997)
2022-10-02T03:04:32.1421117Z Receiving objects:  32% (320/997)
2022-10-02T03:04:32.1421353Z Receiving objects:  33% (330/997)
2022-10-02T03:04:32.1421597Z Receiving objects:  34% (339/997)
2022-10-02T03:04:32.1421816Z Receiving objects:  35% (349/997)
2022-10-02T03:04:32.1422050Z Receiving objects:  36% (359/997)
2022-10-02T03:04:32.1422282Z Receiving objects:  37% (369/997)
2022-10-02T03:04:32.1422518Z Receiving objects:  38% (379/997)
2022-10-02T03:04:32.1422737Z Receiving objects:  39% (389/997)
2022-10-02T03:04:32.1422965Z Receiving objects:  40% (399/997)
2022-10-02T03:04:32.1423489Z Receiving objects:  41% (409/997)
2022-10-02T03:04:32.1423723Z Receiving objects:  42% (419/997)
2022-10-02T03:04:32.1423940Z Receiving objects:  43% (429/997)
2022-10-02T03:04:32.1424172Z Receiving objects:  44% (439/997)
2022-10-02T03:04:32.1424404Z Receiving objects:  45% (449/997)
2022-10-02T03:04:32.1424639Z Receiving objects:  46% (459/997)
2022-10-02T03:04:32.1425211Z Receiving objects:  47% (469/997)
2022-10-02T03:04:32.1720791Z Receiving objects:  48% (479/997)
2022-10-02T03:04:32.1721079Z Receiving objects:  49% (489/997)
2022-10-02T03:04:32.1721347Z Receiving objects:  50% (499/997)
2022-10-02T03:04:32.2123199Z Receiving objects:  51% (509/997)
2022-10-02T03:04:32.2161457Z Receiving objects:  52% (519/997)
2022-10-02T03:04:32.2164485Z Receiving objects:  53% (529/997)
2022-10-02T03:04:32.2179141Z Receiving objects:  54% (539/997)
2022-10-02T03:04:32.2462374Z Receiving objects:  55% (549/997)
2022-10-02T03:04:32.2465090Z Receiving objects:  56% (559/997)
2022-10-02T03:04:32.2899329Z Receiving objects:  57% (569/997)
2022-10-02T03:04:32.2923443Z Receiving objects:  58% (579/997)
2022-10-02T03:04:32.2932139Z Receiving objects:  59% (589/997)
2022-10-02T03:04:32.2940389Z Receiving objects:  60% (599/997)
2022-10-02T03:04:32.2947202Z Receiving objects:  61% (609/997)
2022-10-02T03:04:32.2971582Z Receiving objects:  62% (619/997)
2022-10-02T03:04:32.2978886Z Receiving objects:  63% (629/997)
2022-10-02T03:04:32.2990968Z Receiving objects:  64% (639/997)
2022-10-02T03:04:32.3016416Z Receiving objects:  65% (649/997)
2022-10-02T03:04:32.3016932Z Receiving objects:  66% (659/997)
2022-10-02T03:04:32.3031290Z Receiving objects:  67% (668/997)
2022-10-02T03:04:32.3042483Z Receiving objects:  68% (678/997)
2022-10-02T03:04:32.3051898Z Receiving objects:  69% (688/997)
2022-10-02T03:04:32.3073622Z Receiving objects:  70% (698/997)
2022-10-02T03:04:32.3084621Z Receiving objects:  71% (708/997)
2022-10-02T03:04:32.3096286Z Receiving objects:  72% (718/997)
2022-10-02T03:04:32.3096610Z Receiving objects:  73% (728/997)
2022-10-02T03:04:32.3262757Z Receiving objects:  74% (738/997)
2022-10-02T03:04:32.3270450Z Receiving objects:  75% (748/997)
2022-10-02T03:04:32.3281415Z Receiving objects:  76% (758/997)
2022-10-02T03:04:32.3293741Z Receiving objects:  77% (768/997)
2022-10-02T03:04:32.3671032Z Receiving objects:  78% (778/997)
2022-10-02T03:04:32.3679881Z Receiving objects:  79% (788/997)
2022-10-02T03:04:32.3691054Z Receiving objects:  80% (798/997)
2022-10-02T03:04:32.3709257Z Receiving objects:  81% (808/997)
2022-10-02T03:04:32.3719404Z Receiving objects:  82% (818/997)
2022-10-02T03:04:32.3725224Z Receiving objects:  83% (828/997)
2022-10-02T03:04:32.3727684Z Receiving objects:  84% (838/997)
2022-10-02T03:04:32.3729260Z Receiving objects:  85% (848/997)
2022-10-02T03:04:32.3732788Z Receiving objects:  86% (858/997)
2022-10-02T03:04:32.3734314Z Receiving objects:  87% (868/997)
2022-10-02T03:04:32.3739517Z Receiving objects:  88% (878/997)
2022-10-02T03:04:32.3762438Z Receiving objects:  89% (888/997)
2022-10-02T03:04:32.3768162Z Receiving objects:  90% (898/997)
2022-10-02T03:04:32.3770110Z Receiving objects:  91% (908/997)
2022-10-02T03:04:32.3771012Z Receiving objects:  92% (918/997)
2022-10-02T03:04:32.3771585Z Receiving objects:  93% (928/997)
2022-10-02T03:04:32.3772593Z Receiving objects:  94% (938/997)
2022-10-02T03:04:32.3820989Z Receiving objects:  95% (948/997)
2022-10-02T03:04:32.3831223Z Receiving objects:  96% (958/997)
2022-10-02T03:04:32.3832131Z Receiving objects:  97% (968/997)
2022-10-02T03:04:32.3835065Z Receiving objects:  98% (978/997)
2022-10-02T03:04:32.3859815Z Receiving objects:  99% (988/997)
2022-10-02T03:04:32.3860834Z remote: Total 997 (delta 447), reused 930 (delta 428), pack-reused 0        
2022-10-02T03:04:32.3876732Z Receiving objects: 100% (997/997)
2022-10-02T03:04:32.3877307Z Receiving objects: 100% (997/997), 2.38 MiB | 4.83 MiB/s, done.
2022-10-02T03:04:32.3894948Z Resolving deltas:   0% (0/447)
2022-10-02T03:04:32.3922252Z Resolving deltas:   1% (5/447)
2022-10-02T03:04:32.3939905Z Resolving deltas:   2% (9/447)
2022-10-02T03:04:32.3950944Z Resolving deltas:   3% (14/447)
2022-10-02T03:04:32.3967111Z Resolving deltas:   4% (18/447)
2022-10-02T03:04:32.3978734Z Resolving deltas:   5% (23/447)
2022-10-02T03:04:32.3993556Z Resolving deltas:   6% (27/447)
2022-10-02T03:04:32.4010244Z Resolving deltas:   7% (32/447)
2022-10-02T03:04:32.4022604Z Resolving deltas:   8% (36/447)
2022-10-02T03:04:32.4047093Z Resolving deltas:   9% (41/447)
2022-10-02T03:04:32.4059247Z Resolving deltas:  10% (45/447)
2022-10-02T03:04:32.4060911Z Resolving deltas:  11% (50/447)
2022-10-02T03:04:32.4062898Z Resolving deltas:  12% (54/447)
2022-10-02T03:04:32.4066845Z Resolving deltas:  13% (59/447)
2022-10-02T03:04:32.4100735Z Resolving deltas:  14% (63/447)
2022-10-02T03:04:32.4101602Z Resolving deltas:  15% (68/447)
2022-10-02T03:04:32.4104241Z Resolving deltas:  16% (72/447)
2022-10-02T03:04:32.4111066Z Resolving deltas:  17% (76/447)
2022-10-02T03:04:32.4112285Z Resolving deltas:  18% (81/447)
2022-10-02T03:04:32.4113179Z Resolving deltas:  19% (85/447)
2022-10-02T03:04:32.4113657Z Resolving deltas:  20% (90/447)
2022-10-02T03:04:32.4114297Z Resolving deltas:  21% (94/447)
2022-10-02T03:04:32.4114985Z Resolving deltas:  22% (99/447)
2022-10-02T03:04:32.4115707Z Resolving deltas:  23% (103/447)
2022-10-02T03:04:32.4116192Z Resolving deltas:  24% (108/447)
2022-10-02T03:04:32.4116818Z Resolving deltas:  25% (112/447)
2022-10-02T03:04:32.4117488Z Resolving deltas:  26% (117/447)
2022-10-02T03:04:32.4118323Z Resolving deltas:  27% (121/447)
2022-10-02T03:04:32.4119212Z Resolving deltas:  28% (126/447)
2022-10-02T03:04:32.4119958Z Resolving deltas:  29% (130/447)
2022-10-02T03:04:32.4120648Z Resolving deltas:  30% (135/447)
2022-10-02T03:04:32.4121924Z Resolving deltas:  31% (139/447)
2022-10-02T03:04:32.4122418Z Resolving deltas:  32% (144/447)
2022-10-02T03:04:32.4132254Z Resolving deltas:  33% (148/447)
2022-10-02T03:04:32.4132826Z Resolving deltas:  34% (152/447)
2022-10-02T03:04:32.4133522Z Resolving deltas:  35% (157/447)
2022-10-02T03:04:32.4134010Z Resolving deltas:  36% (161/447)
2022-10-02T03:04:32.4134860Z Resolving deltas:  37% (166/447)
2022-10-02T03:04:32.4143489Z Resolving deltas:  38% (170/447)
2022-10-02T03:04:32.4192746Z Resolving deltas:  39% (175/447)
2022-10-02T03:04:32.4216263Z Resolving deltas:  40% (179/447)
2022-10-02T03:04:32.4221099Z Resolving deltas:  41% (184/447)
2022-10-02T03:04:32.4225456Z Resolving deltas:  42% (188/447)
2022-10-02T03:04:32.4248933Z Resolving deltas:  43% (193/447)
2022-10-02T03:04:32.4278779Z Resolving deltas:  44% (197/447)
2022-10-02T03:04:32.4287786Z Resolving deltas:  45% (202/447)
2022-10-02T03:04:32.4295722Z Resolving deltas:  46% (206/447)
2022-10-02T03:04:32.4330652Z Resolving deltas:  47% (211/447)
2022-10-02T03:04:32.4364978Z Resolving deltas:  48% (215/447)
2022-10-02T03:04:32.4368683Z Resolving deltas:  49% (220/447)
2022-10-02T03:04:32.4371343Z Resolving deltas:  50% (224/447)
2022-10-02T03:04:32.4387932Z Resolving deltas:  51% (228/447)
2022-10-02T03:04:32.4424847Z Resolving deltas:  52% (233/447)
2022-10-02T03:04:32.4455769Z Resolving deltas:  53% (237/447)
2022-10-02T03:04:32.4477354Z Resolving deltas:  54% (242/447)
2022-10-02T03:04:32.4480859Z Resolving deltas:  55% (246/447)
2022-10-02T03:04:32.4501867Z Resolving deltas:  56% (251/447)
2022-10-02T03:04:32.4512488Z Resolving deltas:  57% (255/447)
2022-10-02T03:04:32.4536490Z Resolving deltas:  58% (260/447)
2022-10-02T03:04:32.4540979Z Resolving deltas:  59% (264/447)
2022-10-02T03:04:32.4543776Z Resolving deltas:  60% (269/447)
2022-10-02T03:04:32.4548593Z Resolving deltas:  61% (273/447)
2022-10-02T03:04:32.4552552Z Resolving deltas:  62% (278/447)
2022-10-02T03:04:32.4556785Z Resolving deltas:  63% (282/447)
2022-10-02T03:04:32.4560455Z Resolving deltas:  64% (287/447)
2022-10-02T03:04:32.4565637Z Resolving deltas:  65% (291/447)
2022-10-02T03:04:32.4620774Z Resolving deltas:  66% (296/447)
2022-10-02T03:04:32.4621602Z Resolving deltas:  67% (300/447)
2022-10-02T03:04:32.4622314Z Resolving deltas:  68% (304/447)
2022-10-02T03:04:32.4622592Z Resolving deltas:  69% (309/447)
2022-10-02T03:04:32.4622879Z Resolving deltas:  70% (313/447)
2022-10-02T03:04:32.4623167Z Resolving deltas:  71% (318/447)
2022-10-02T03:04:32.4623419Z Resolving deltas:  72% (322/447)
2022-10-02T03:04:32.4623686Z Resolving deltas:  73% (327/447)
2022-10-02T03:04:32.4623960Z Resolving deltas:  74% (331/447)
2022-10-02T03:04:32.4624212Z Resolving deltas:  75% (336/447)
2022-10-02T03:04:32.4630990Z Resolving deltas:  76% (340/447)
2022-10-02T03:04:32.4649324Z Resolving deltas:  77% (345/447)
2022-10-02T03:04:32.4656063Z Resolving deltas:  78% (349/447)
2022-10-02T03:04:32.4658551Z Resolving deltas:  79% (354/447)
2022-10-02T03:04:32.4666020Z Resolving deltas:  80% (358/447)
2022-10-02T03:04:32.4668197Z Resolving deltas:  81% (363/447)
2022-10-02T03:04:32.4673898Z Resolving deltas:  82% (367/447)
2022-10-02T03:04:32.4686528Z Resolving deltas:  83% (372/447)
2022-10-02T03:04:32.4686832Z Resolving deltas:  84% (376/447)
2022-10-02T03:04:32.4693514Z Resolving deltas:  85% (380/447)
2022-10-02T03:04:32.4697559Z Resolving deltas:  86% (385/447)
2022-10-02T03:04:32.4708764Z Resolving deltas:  87% (389/447)
2022-10-02T03:04:32.4722319Z Resolving deltas:  88% (394/447)
2022-10-02T03:04:32.4723639Z Resolving deltas:  89% (398/447)
2022-10-02T03:04:32.4728452Z Resolving deltas:  90% (403/447)
2022-10-02T03:04:32.4736166Z Resolving deltas:  91% (407/447)
2022-10-02T03:04:32.4739903Z Resolving deltas:  92% (412/447)
2022-10-02T03:04:32.4747565Z Resolving deltas:  93% (416/447)
2022-10-02T03:04:32.4754674Z Resolving deltas:  94% (421/447)
2022-10-02T03:04:32.4762811Z Resolving deltas:  95% (425/447)
2022-10-02T03:04:32.4773614Z Resolving deltas:  96% (430/447)
2022-10-02T03:04:32.4789123Z Resolving deltas:  97% (434/447)
2022-10-02T03:04:32.4796459Z Resolving deltas:  98% (439/447)
2022-10-02T03:04:32.4807722Z Resolving deltas:  99% (443/447)
2022-10-02T03:04:32.4816138Z Resolving deltas: 100% (447/447)
2022-10-02T03:04:32.4816459Z Resolving deltas: 100% (447/447), done.
2022-10-02T03:04:32.4958554Z From https://github.com/seanpm2001/GitHub_Stats_A
2022-10-02T03:04:32.4959730Z  * [new ref]         3c15ba7bdcdcdfc1b89e9cb3418b1e296b1201dc -> origin/master
2022-10-02T03:04:32.4983102Z ##[endgroup]
2022-10-02T03:04:32.4984111Z ##[group]Determining the checkout info
2022-10-02T03:04:32.4989479Z ##[endgroup]
2022-10-02T03:04:32.4990317Z ##[group]Checking out the ref
2022-10-02T03:04:32.5004033Z [command]/usr/bin/git checkout --progress --force -B master refs/remotes/origin/master
2022-10-02T03:04:32.6469701Z Reset branch 'master'
2022-10-02T03:04:32.6470960Z branch 'master' set up to track 'origin/master'.
2022-10-02T03:04:32.6499890Z ##[endgroup]
2022-10-02T03:04:32.6540172Z [command]/usr/bin/git log -1 --format='%H'
2022-10-02T03:04:32.6572523Z '3c15ba7bdcdcdfc1b89e9cb3418b1e296b1201dc'
2022-10-02T03:04:32.7011865Z ##[group]Run actions/setup-python@v2
2022-10-02T03:04:32.7012192Z with:
2022-10-02T03:04:32.7012593Z   python-version: 3.8
2022-10-02T03:04:32.7013022Z   architecture: x64
2022-10-02T03:04:32.7013372Z   token: ***
2022-10-02T03:04:32.7013586Z ##[endgroup]
2022-10-02T03:04:32.8827891Z Successfully setup CPython (3.8.14)
2022-10-02T03:04:33.4522898Z ##[group]Run actions/cache@v2
2022-10-02T03:04:33.4523181Z with:
2022-10-02T03:04:33.4523374Z   path: ~/.cache/pip
2022-10-02T03:04:33.4524426Z   key: Linux-pip-60f2a6c0212a9b74a155cd81b58dd07fd8b180833132566260d95f4de42fe218
2022-10-02T03:04:33.4524864Z   restore-keys: Linux-pip-

2022-10-02T03:04:33.4525147Z env:
2022-10-02T03:04:33.4525433Z   pythonLocation: /opt/hostedtoolcache/Python/3.8.14/x64
2022-10-02T03:04:33.4525815Z   LD_LIBRARY_PATH: /opt/hostedtoolcache/Python/3.8.14/x64/lib
2022-10-02T03:04:33.4526120Z ##[endgroup]
2022-10-02T03:04:35.5122237Z Received 0 of 4175495 (0.0%), 0.0 MBs/sec
2022-10-02T03:04:35.7397375Z Received 4175495 of 4175495 (100.0%), 3.2 MBs/sec
2022-10-02T03:04:35.7398482Z Cache Size: ~4 MB (4175495 B)
2022-10-02T03:04:35.7432886Z [command]/usr/bin/tar --use-compress-program zstd -d -xf /home/runner/work/_temp/f221be1c-f8d3-4615-bbdf-5ec513481361/cache.tzst -P -C /home/runner/work/GitHub_Stats_A/GitHub_Stats_A
2022-10-02T03:04:35.7665224Z Cache restored successfully
2022-10-02T03:04:35.7723145Z 
2022-10-02T03:04:35.7725093Z Cache restored from key: Linux-pip-60f2a6c0212a9b74a155cd81b58dd07fd8b180833132566260d95f4de42fe218
2022-10-02T03:04:35.8004502Z ##[group]Run python3 -m pip install --upgrade pip setuptools wheel
2022-10-02T03:04:35.8004987Z [36;1mpython3 -m pip install --upgrade pip setuptools wheel[0m
2022-10-02T03:04:35.8005328Z [36;1mpython3 -m pip install -r requirements.txt[0m
2022-10-02T03:04:35.8072280Z shell: /usr/bin/bash -e {0}
2022-10-02T03:04:35.8072524Z env:
2022-10-02T03:04:35.8072816Z   pythonLocation: /opt/hostedtoolcache/Python/3.8.14/x64
2022-10-02T03:04:35.8073149Z   LD_LIBRARY_PATH: /opt/hostedtoolcache/Python/3.8.14/x64/lib
2022-10-02T03:04:35.8073426Z ##[endgroup]
2022-10-02T03:04:42.7066783Z Requirement already satisfied: pip in /opt/hostedtoolcache/Python/3.8.14/x64/lib/python3.8/site-packages (22.2.2)
2022-10-02T03:04:42.8868836Z Requirement already satisfied: setuptools in /opt/hostedtoolcache/Python/3.8.14/x64/lib/python3.8/site-packages (56.0.0)
2022-10-02T03:04:43.2976595Z Collecting setuptools
2022-10-02T03:04:43.3242144Z   Downloading setuptools-65.4.1-py3-none-any.whl (1.2 MB)
2022-10-02T03:04:43.3576240Z      ━━━━━━━━━━━━━━━━━━━━━━━━━━━━━━━━━━━━━━━━ 1.2/1.2 MB 43.9 MB/s eta 0:00:00
2022-10-02T03:04:43.4331821Z Collecting wheel
2022-10-02T03:04:43.4358534Z   Using cached wheel-0.37.1-py2.py3-none-any.whl (35 kB)
2022-10-02T03:04:43.6256882Z Installing collected packages: wheel, setuptools
2022-10-02T03:04:43.6680162Z   Attempting uninstall: setuptools
2022-10-02T03:04:43.6688221Z     Found existing installation: setuptools 56.0.0
2022-10-02T03:04:43.7494679Z     Uninstalling setuptools-56.0.0:
2022-10-02T03:04:43.7665637Z       Successfully uninstalled setuptools-56.0.0
2022-10-02T03:04:44.5070810Z Successfully installed setuptools-65.4.1 wheel-0.37.1
2022-10-02T03:04:46.4437695Z Collecting requests
2022-10-02T03:04:46.4465636Z   Using cached requests-2.28.1-py3-none-any.whl (62 kB)
2022-10-02T03:04:47.0429139Z Collecting aiohttp
2022-10-02T03:04:47.0677499Z   Downloading aiohttp-3.8.3-cp38-cp38-manylinux_2_17_x86_64.manylinux2014_x86_64.whl (1.0 MB)
2022-10-02T03:04:47.1000278Z      ━━━━━━━━━━━━━━━━━━━━━━━━━━━━━━━━━━━━━━━━ 1.0/1.0 MB 38.2 MB/s eta 0:00:00
2022-10-02T03:04:47.1905671Z Collecting urllib3<1.27,>=1.21.1
2022-10-02T03:04:47.1939271Z   Using cached urllib3-1.26.12-py2.py3-none-any.whl (140 kB)
2022-10-02T03:04:47.2709114Z Collecting charset-normalizer<3,>=2
2022-10-02T03:04:47.2739881Z   Using cached charset_normalizer-2.1.1-py3-none-any.whl (39 kB)
2022-10-02T03:04:47.3112718Z Collecting idna<4,>=2.5
2022-10-02T03:04:47.3171738Z   Downloading idna-3.4-py3-none-any.whl (61 kB)
2022-10-02T03:04:47.3240427Z      ━━━━━━━━━━━━━━━━━━━━━━━━━━━━━━━━━━━━━━━━ 61.5/61.5 kB 13.9 MB/s eta 0:00:00
2022-10-02T03:04:47.3634794Z Collecting certifi>=2017.4.17
2022-10-02T03:04:47.3746264Z   Downloading certifi-2022.9.24-py3-none-any.whl (161 kB)
2022-10-02T03:04:47.3831439Z      ━━━━━━━━━━━━━━━━━━━━━━━━━━━━━━━━━━━━━━ 161.1/161.1 kB 32.7 MB/s eta 0:00:00
2022-10-02T03:04:47.4387145Z Collecting async-timeout<5.0,>=4.0.0a3
2022-10-02T03:04:47.4416048Z   Using cached async_timeout-4.0.2-py3-none-any.whl (5.8 kB)
2022-10-02T03:04:47.7259460Z Collecting yarl<2.0,>=1.0
2022-10-02T03:04:47.7302398Z   Using cached yarl-1.8.1-cp38-cp38-manylinux_2_17_x86_64.manylinux2014_x86_64.whl (262 kB)
2022-10-02T03:04:48.2343005Z Collecting multidict<7.0,>=4.5
2022-10-02T03:04:48.2373218Z   Using cached multidict-6.0.2-cp38-cp38-manylinux_2_17_x86_64.manylinux2014_x86_64.whl (121 kB)
2022-10-02T03:04:48.2747028Z Collecting attrs>=17.3.0
2022-10-02T03:04:48.2775482Z   Using cached attrs-22.1.0-py2.py3-none-any.whl (58 kB)
2022-10-02T03:04:48.3163311Z Collecting aiosignal>=1.1.2
2022-10-02T03:04:48.3188665Z   Using cached aiosignal-1.2.0-py3-none-any.whl (8.2 kB)
2022-10-02T03:04:48.4269355Z Collecting frozenlist>=1.1.1
2022-10-02T03:04:48.4304618Z   Using cached frozenlist-1.3.1-cp38-cp38-manylinux_2_5_x86_64.manylinux1_x86_64.manylinux_2_17_x86_64.manylinux2014_x86_64.whl (161 kB)
2022-10-02T03:04:48.7418074Z Installing collected packages: urllib3, multidict, idna, frozenlist, charset-normalizer, certifi, attrs, async-timeout, yarl, requests, aiosignal, aiohttp
2022-10-02T03:04:49.3752635Z Successfully installed aiohttp-3.8.3 aiosignal-1.2.0 async-timeout-4.0.2 attrs-22.1.0 certifi-2022.9.24 charset-normalizer-2.1.1 frozenlist-1.3.1 idna-3.4 multidict-6.0.2 requests-2.28.1 urllib3-1.26.12 yarl-1.8.1
2022-10-02T03:04:50.1270678Z ##[group]Run python3 --version
2022-10-02T03:04:50.1271207Z [36;1mpython3 --version[0m
2022-10-02T03:04:50.1271499Z [36;1mpython3 generate_images.py[0m
2022-10-02T03:04:50.1335544Z shell: /usr/bin/bash -e {0}
2022-10-02T03:04:50.1335798Z env:
2022-10-02T03:04:50.1336110Z   pythonLocation: /opt/hostedtoolcache/Python/3.8.14/x64
2022-10-02T03:04:50.1336511Z   LD_LIBRARY_PATH: /opt/hostedtoolcache/Python/3.8.14/x64/lib
2022-10-02T03:04:50.1337013Z   ACCESS_TOKEN: ***
2022-10-02T03:04:50.1337373Z   GITHUB_TOKEN: ***
2022-10-02T03:04:50.1337611Z   EXCLUDED: 
2022-10-02T03:04:50.1337844Z   EXCLUDED_LANGS: 
2022-10-02T03:04:50.1338079Z   EXCLUDE_FORKED_REPOS: true
2022-10-02T03:04:50.1338332Z ##[endgroup]
2022-10-02T03:04:50.1446535Z Python 3.8.14
2022-10-02T03:14:58.5989320Z A path returned 202. Retrying...
2022-10-02T03:14:58.5989815Z A path returned 202. Retrying...
2022-10-02T03:14:58.5990244Z A path returned 202. Retrying...
2022-10-02T03:14:58.5990756Z A path returned 202. Retrying...
2022-10-02T03:14:58.5991001Z A path returned 202. Retrying...
2022-10-02T03:14:58.5991262Z A path returned 202. Retrying...
2022-10-02T03:14:58.5991518Z A path returned 202. Retrying...
2022-10-02T03:14:58.5991780Z A path returned 202. Retrying...
2022-10-02T03:14:58.5992038Z A path returned 202. Retrying...
2022-10-02T03:14:58.5992298Z A path returned 202. Retrying...
2022-10-02T03:14:58.5992818Z A path returned 202. Retrying...
2022-10-02T03:14:58.5993070Z A path returned 202. Retrying...
2022-10-02T03:14:58.5993633Z A path returned 202. Retrying...
2022-10-02T03:14:58.5993870Z A path returned 202. Retrying...
2022-10-02T03:14:58.5994106Z A path returned 202. Retrying...
2022-10-02T03:14:58.5994344Z A path returned 202. Retrying...
2022-10-02T03:14:58.5994755Z A path returned 202. Retrying...
2022-10-02T03:14:58.5994995Z A path returned 202. Retrying...
2022-10-02T03:14:58.5995228Z A path returned 202. Retrying...
2022-10-02T03:14:58.5995466Z A path returned 202. Retrying...
2022-10-02T03:14:58.5995706Z A path returned 202. Retrying...
2022-10-02T03:14:58.5995941Z A path returned 202. Retrying...
2022-10-02T03:14:58.5996173Z A path returned 202. Retrying...
2022-10-02T03:14:58.5996408Z A path returned 202. Retrying...
2022-10-02T03:14:58.5996627Z A path returned 202. Retrying...
2022-10-02T03:14:58.5997032Z A path returned 202. Retrying...
2022-10-02T03:14:58.5997277Z A path returned 202. Retrying...
2022-10-02T03:14:58.5997516Z A path returned 202. Retrying...
2022-10-02T03:14:58.5997758Z A path returned 202. Retrying...
2022-10-02T03:14:58.5998000Z A path returned 202. Retrying...
2022-10-02T03:14:58.5998242Z A path returned 202. Retrying...
2022-10-02T03:14:58.5998482Z A path returned 202. Retrying...
2022-10-02T03:14:58.5998708Z A path returned 202. Retrying...
2022-10-02T03:14:58.5998948Z A path returned 202. Retrying...
2022-10-02T03:14:58.5999188Z A path returned 202. Retrying...
2022-10-02T03:14:58.5999427Z A path returned 202. Retrying...
2022-10-02T03:14:58.5999670Z A path returned 202. Retrying...
2022-10-02T03:14:58.5999912Z A path returned 202. Retrying...
2022-10-02T03:14:58.6000151Z A path returned 202. Retrying...
2022-10-02T03:14:58.6000376Z A path returned 202. Retrying...
2022-10-02T03:14:58.6000617Z A path returned 202. Retrying...
2022-10-02T03:14:58.6000854Z A path returned 202. Retrying...
2022-10-02T03:14:58.6001092Z A path returned 202. Retrying...
2022-10-02T03:14:58.6001775Z A path returned 202. Retrying...
2022-10-02T03:14:58.6002397Z A path returned 202. Retrying...
2022-10-02T03:14:58.6002680Z A path returned 202. Retrying...
2022-10-02T03:14:58.6002962Z A path returned 202. Retrying...
2022-10-02T03:14:58.6003228Z A path returned 202. Retrying...
2022-10-02T03:14:58.6003506Z A path returned 202. Retrying...
2022-10-02T03:14:58.6003787Z A path returned 202. Retrying...
2022-10-02T03:14:58.6004066Z A path returned 202. Retrying...
2022-10-02T03:14:58.6004348Z A path returned 202. Retrying...
2022-10-02T03:14:58.6004626Z A path returned 202. Retrying...
2022-10-02T03:14:58.6005100Z A path returned 202. Retrying...
2022-10-02T03:14:58.6005405Z A path returned 202. Retrying...
2022-10-02T03:14:58.6005827Z A path returned 202. Retrying...
2022-10-02T03:14:58.6006236Z A path returned 202. Retrying...
2022-10-02T03:14:58.6006476Z A path returned 202. Retrying...
2022-10-02T03:14:58.6006806Z A path returned 202. Retrying...
2022-10-02T03:14:58.6007052Z A path returned 202. Retrying...
2022-10-02T03:14:58.6007292Z A path returned 202. Retrying...
2022-10-02T03:14:58.6007532Z A path returned 202. Retrying...
2022-10-02T03:14:58.6007757Z A path returned 202. Retrying...
2022-10-02T03:14:58.6007997Z A path returned 202. Retrying...
2022-10-02T03:14:58.6008244Z A path returned 202. Retrying...
2022-10-02T03:14:58.6008485Z A path returned 202. Retrying...
2022-10-02T03:14:58.6008724Z A path returned 202. Retrying...
2022-10-02T03:14:58.6008963Z A path returned 202. Retrying...
2022-10-02T03:14:58.6009201Z A path returned 202. Retrying...
2022-10-02T03:14:58.6009444Z A path returned 202. Retrying...
2022-10-02T03:14:58.6009668Z A path returned 202. Retrying...
2022-10-02T03:14:58.6009920Z A path returned 202. Retrying...
2022-10-02T03:14:58.6010170Z A path returned 202. Retrying...
2022-10-02T03:14:58.6010409Z A path returned 202. Retrying...
2022-10-02T03:14:58.6010633Z A path returned 202. Retrying...
2022-10-02T03:14:58.6010872Z A path returned 202. Retrying...
2022-10-02T03:14:58.6011115Z A path returned 202. Retrying...
2022-10-02T03:14:58.6011354Z A path returned 202. Retrying...
2022-10-02T03:14:58.6011591Z A path returned 202. Retrying...
2022-10-02T03:14:58.6011828Z A path returned 202. Retrying...
2022-10-02T03:14:58.6012066Z A path returned 202. Retrying...
2022-10-02T03:14:58.6012290Z A path returned 202. Retrying...
2022-10-02T03:14:58.6012528Z A path returned 202. Retrying...
2022-10-02T03:14:58.6012766Z A path returned 202. Retrying...
2022-10-02T03:14:58.6013004Z A path returned 202. Retrying...
2022-10-02T03:14:58.6013245Z A path returned 202. Retrying...
2022-10-02T03:14:58.6013486Z A path returned 202. Retrying...
2022-10-02T03:14:58.6013724Z A path returned 202. Retrying...
2022-10-02T03:14:58.6013961Z A path returned 202. Retrying...
2022-10-02T03:14:58.6014184Z A path returned 202. Retrying...
2022-10-02T03:14:58.6014420Z A path returned 202. Retrying...
2022-10-02T03:14:58.6014660Z A path returned 202. Retrying...
2022-10-02T03:14:58.6014901Z A path returned 202. Retrying...
2022-10-02T03:14:58.6015140Z A path returned 202. Retrying...
2022-10-02T03:14:58.6015378Z A path returned 202. Retrying...
2022-10-02T03:14:58.6015616Z A path returned 202. Retrying...
2022-10-02T03:14:58.6015854Z A path returned 202. Retrying...
2022-10-02T03:14:58.6016077Z A path returned 202. Retrying...
2022-10-02T03:14:58.6016313Z A path returned 202. Retrying...
2022-10-02T03:14:58.6016551Z A path returned 202. Retrying...
2022-10-02T03:14:58.6016791Z A path returned 202. Retrying...
2022-10-02T03:14:58.6017028Z A path returned 202. Retrying...
2022-10-02T03:14:58.6017267Z A path returned 202. Retrying...
2022-10-02T03:14:58.6017505Z A path returned 202. Retrying...
2022-10-02T03:14:58.6017730Z A path returned 202. Retrying...
2022-10-02T03:14:58.6017968Z A path returned 202. Retrying...
2022-10-02T03:14:58.6018206Z A path returned 202. Retrying...
2022-10-02T03:14:58.6018443Z A path returned 202. Retrying...
2022-10-02T03:14:58.6018680Z A path returned 202. Retrying...
2022-10-02T03:14:58.6019023Z A path returned 202. Retrying...
2022-10-02T03:14:58.6019261Z A path returned 202. Retrying...
2022-10-02T03:14:58.6019500Z A path returned 202. Retrying...
2022-10-02T03:14:58.6019724Z A path returned 202. Retrying...
2022-10-02T03:14:58.6019961Z A path returned 202. Retrying...
2022-10-02T03:14:58.6020203Z A path returned 202. Retrying...
2022-10-02T03:14:58.6020441Z A path returned 202. Retrying...
2022-10-02T03:14:58.6020682Z A path returned 202. Retrying...
2022-10-02T03:14:58.6020919Z A path returned 202. Retrying...
2022-10-02T03:14:58.6021157Z A path returned 202. Retrying...
2022-10-02T03:14:58.6021479Z A path returned 202. Retrying...
2022-10-02T03:14:58.6021720Z A path returned 202. Retrying...
2022-10-02T03:14:58.6021959Z A path returned 202. Retrying...
2022-10-02T03:14:58.6022198Z A path returned 202. Retrying...
2022-10-02T03:14:58.6022438Z A path returned 202. Retrying...
2022-10-02T03:14:58.6022678Z A path returned 202. Retrying...
2022-10-02T03:14:58.6022922Z A path returned 202. Retrying...
2022-10-02T03:14:58.6023159Z A path returned 202. Retrying...
2022-10-02T03:14:58.6023384Z A path returned 202. Retrying...
2022-10-02T03:14:58.6023623Z A path returned 202. Retrying...
2022-10-02T03:14:58.6023862Z A path returned 202. Retrying...
2022-10-02T03:14:58.6024101Z A path returned 202. Retrying...
2022-10-02T03:14:58.6024339Z A path returned 202. Retrying...
2022-10-02T03:14:58.6024577Z A path returned 202. Retrying...
2022-10-02T03:14:58.6024816Z A path returned 202. Retrying...
2022-10-02T03:14:58.6025054Z A path returned 202. Retrying...
2022-10-02T03:14:58.6025277Z A path returned 202. Retrying...
2022-10-02T03:14:58.6025517Z A path returned 202. Retrying...
2022-10-02T03:14:58.6025757Z A path returned 202. Retrying...
2022-10-02T03:14:58.6027028Z A path returned 202. Retrying...
2022-10-02T03:14:58.6028166Z A path returned 202. Retrying...
2022-10-02T03:14:58.6028496Z A path returned 202. Retrying...
2022-10-02T03:14:58.6029078Z A path returned 202. Retrying...
2022-10-02T03:14:58.6029537Z A path returned 202. Retrying...
2022-10-02T03:14:58.6029888Z A path returned 202. Retrying...
2022-10-02T03:14:58.6030582Z A path returned 202. Retrying...
2022-10-02T03:14:58.6031814Z A path returned 202. Retrying...
2022-10-02T03:14:58.6032273Z A path returned 202. Retrying...
2022-10-02T03:14:58.6032663Z A path returned 202. Retrying...
2022-10-02T03:14:58.6033042Z A path returned 202. Retrying...
2022-10-02T03:14:58.6033489Z A path returned 202. Retrying...
2022-10-02T03:14:58.6033907Z A path returned 202. Retrying...
2022-10-02T03:14:58.6034298Z A path returned 202. Retrying...
2022-10-02T03:14:58.6035362Z A path returned 202. Retrying...
2022-10-02T03:14:58.6035723Z A path returned 202. Retrying...
2022-10-02T03:14:58.6036116Z A path returned 202. Retrying...
2022-10-02T03:14:58.6036818Z A path returned 202. Retrying...
2022-10-02T03:14:58.6037143Z A path returned 202. Retrying...
2022-10-02T03:14:58.6037420Z A path returned 202. Retrying...
2022-10-02T03:14:58.6038098Z A path returned 202. Retrying...
2022-10-02T03:14:58.6038479Z A path returned 202. Retrying...
2022-10-02T03:14:58.6038838Z A path returned 202. Retrying...
2022-10-02T03:14:58.6039200Z A path returned 202. Retrying...
2022-10-02T03:14:58.6039595Z A path returned 202. Retrying...
2022-10-02T03:14:58.6039980Z A path returned 202. Retrying...
2022-10-02T03:14:58.6040285Z A path returned 202. Retrying...
2022-10-02T03:14:58.6040648Z A path returned 202. Retrying...
2022-10-02T03:14:58.6041003Z A path returned 202. Retrying...
2022-10-02T03:14:58.6041599Z A path returned 202. Retrying...
2022-10-02T03:14:58.6042246Z A path returned 202. Retrying...
2022-10-02T03:14:58.6042578Z A path returned 202. Retrying...
2022-10-02T03:14:58.6042893Z A path returned 202. Retrying...
2022-10-02T03:14:58.6043267Z A path returned 202. Retrying...
2022-10-02T03:14:58.6043537Z A path returned 202. Retrying...
2022-10-02T03:14:58.6043856Z A path returned 202. Retrying...
2022-10-02T03:14:58.6044171Z A path returned 202. Retrying...
2022-10-02T03:14:58.6044767Z A path returned 202. Retrying...
2022-10-02T03:14:58.6045094Z A path returned 202. Retrying...
2022-10-02T03:14:58.6045414Z A path returned 202. Retrying...
2022-10-02T03:14:58.6045736Z A path returned 202. Retrying...
2022-10-02T03:14:58.6046109Z A path returned 202. Retrying...
2022-10-02T03:14:58.6046541Z A path returned 202. Retrying...
2022-10-02T03:14:58.6046849Z A path returned 202. Retrying...
2022-10-02T03:14:58.6047160Z A path returned 202. Retrying...
2022-10-02T03:14:58.6047480Z A path returned 202. Retrying...
2022-10-02T03:14:58.6047828Z A path returned 202. Retrying...
2022-10-02T03:14:58.6048402Z A path returned 202. Retrying...
2022-10-02T03:14:58.6048743Z A path returned 202. Retrying...
2022-10-02T03:14:58.6049203Z A path returned 202. Retrying...
2022-10-02T03:14:58.6049813Z A path returned 202. Retrying...
2022-10-02T03:14:58.6050335Z A path returned 202. Retrying...
2022-10-02T03:14:58.6050847Z A path returned 202. Retrying...
2022-10-02T03:14:58.6051444Z A path returned 202. Retrying...
2022-10-02T03:14:58.6051856Z A path returned 202. Retrying...
2022-10-02T03:14:58.6052542Z A path returned 202. Retrying...
2022-10-02T03:14:58.6053068Z A path returned 202. Retrying...
2022-10-02T03:14:58.6053701Z A path returned 202. Retrying...
2022-10-02T03:14:58.6054284Z A path returned 202. Retrying...
2022-10-02T03:14:58.6054830Z A path returned 202. Retrying...
2022-10-02T03:14:58.6055159Z A path returned 202. Retrying...
2022-10-02T03:14:58.6055501Z A path returned 202. Retrying...
2022-10-02T03:14:58.6055827Z A path returned 202. Retrying...
2022-10-02T03:14:58.6056194Z A path returned 202. Retrying...
2022-10-02T03:14:58.6056683Z A path returned 202. Retrying...
2022-10-02T03:14:58.6056966Z A path returned 202. Retrying...
2022-10-02T03:14:58.6057281Z A path returned 202. Retrying...
2022-10-02T03:14:58.6057635Z A path returned 202. Retrying...
2022-10-02T03:14:58.6057960Z A path returned 202. Retrying...
2022-10-02T03:14:58.6058290Z A path returned 202. Retrying...
2022-10-02T03:14:58.6058614Z A path returned 202. Retrying...
2022-10-02T03:14:58.6058989Z A path returned 202. Retrying...
2022-10-02T03:14:58.6059319Z A path returned 202. Retrying...
2022-10-02T03:14:58.6059608Z A path returned 202. Retrying...
2022-10-02T03:14:58.6059919Z A path returned 202. Retrying...
2022-10-02T03:14:58.6060234Z A path returned 202. Retrying...
2022-10-02T03:14:58.6060592Z A path returned 202. Retrying...
2022-10-02T03:14:58.6060923Z A path returned 202. Retrying...
2022-10-02T03:14:58.6061242Z A path returned 202. Retrying...
2022-10-02T03:14:58.6061564Z A path returned 202. Retrying...
2022-10-02T03:14:58.6061874Z A path returned 202. Retrying...
2022-10-02T03:14:58.6062203Z A path returned 202. Retrying...
2022-10-02T03:14:58.6062521Z A path returned 202. Retrying...
2022-10-02T03:14:58.6062835Z A path returned 202. Retrying...
2022-10-02T03:14:58.6063185Z A path returned 202. Retrying...
2022-10-02T03:14:58.6063913Z A path returned 202. Retrying...
2022-10-02T03:14:58.6064401Z A path returned 202. Retrying...
2022-10-02T03:14:58.6064727Z A path returned 202. Retrying...
2022-10-02T03:14:58.6065003Z A path returned 202. Retrying...
2022-10-02T03:14:58.6065378Z A path returned 202. Retrying...
2022-10-02T03:14:58.6065860Z A path returned 202. Retrying...
2022-10-02T03:14:58.6066177Z A path returned 202. Retrying...
2022-10-02T03:14:58.6066492Z A path returned 202. Retrying...
2022-10-02T03:14:58.6066855Z A path returned 202. Retrying...
2022-10-02T03:14:58.6067174Z A path returned 202. Retrying...
2022-10-02T03:14:58.6067490Z A path returned 202. Retrying...
2022-10-02T03:14:58.6067763Z A path returned 202. Retrying...
2022-10-02T03:14:58.6068128Z A path returned 202. Retrying...
2022-10-02T03:14:58.6068450Z A path returned 202. Retrying...
2022-10-02T03:14:58.6068771Z A path returned 202. Retrying...
2022-10-02T03:14:58.6069091Z A path returned 202. Retrying...
2022-10-02T03:14:58.6069455Z A path returned 202. Retrying...
2022-10-02T03:14:58.6069779Z A path returned 202. Retrying...
2022-10-02T03:14:58.6070158Z A path returned 202. Retrying...
2022-10-02T03:14:58.6070481Z A path returned 202. Retrying...
2022-10-02T03:14:58.6070814Z A path returned 202. Retrying...
2022-10-02T03:14:58.6071173Z A path returned 202. Retrying...
2022-10-02T03:14:58.6071493Z A path returned 202. Retrying...
2022-10-02T03:14:58.6071809Z A path returned 202. Retrying...
2022-10-02T03:14:58.6072136Z A path returned 202. Retrying...
2022-10-02T03:24:46.2454203Z A path returned 202. Retrying...
2022-10-02T03:24:46.2454583Z A path returned 202. Retrying...
2022-10-02T03:24:46.2455033Z A path returned 202. Retrying...
2022-10-02T03:24:46.2462817Z A path returned 202. Retrying...
2022-10-02T03:24:46.2463273Z A path returned 202. Retrying...
2022-10-02T03:24:46.2463576Z A path returned 202. Retrying...
2022-10-02T03:24:46.2463855Z A path returned 202. Retrying...
2022-10-02T03:24:46.2464292Z A path returned 202. Retrying...
2022-10-02T03:24:46.2464563Z A path returned 202. Retrying...
2022-10-02T03:24:46.2464852Z A path returned 202. Retrying...
2022-10-02T03:24:46.2465126Z A path returned 202. Retrying...
2022-10-02T03:24:46.2465394Z A path returned 202. Retrying...
2022-10-02T03:24:46.2465664Z A path returned 202. Retrying...
2022-10-02T03:24:46.2465916Z A path returned 202. Retrying...
2022-10-02T03:24:46.2466186Z A path returned 202. Retrying...
2022-10-02T03:24:46.2466453Z A path returned 202. Retrying...
2022-10-02T03:24:46.2466719Z A path returned 202. Retrying...
2022-10-02T03:24:46.2466987Z A path returned 202. Retrying...
2022-10-02T03:24:46.2467253Z A path returned 202. Retrying...
2022-10-02T03:24:46.2467519Z A path returned 202. Retrying...
2022-10-02T03:24:46.2467791Z A path returned 202. Retrying...
2022-10-02T03:24:46.2468150Z A path returned 202. Retrying...
2022-10-02T03:24:46.2468418Z A path returned 202. Retrying...
2022-10-02T03:24:46.2468685Z A path returned 202. Retrying...
2022-10-02T03:24:46.2468954Z A path returned 202. Retrying...
2022-10-02T03:24:46.2469203Z A path returned 202. Retrying...
2022-10-02T03:24:46.2469533Z A path returned 202. Retrying...
2022-10-02T03:24:46.2469801Z A path returned 202. Retrying...
2022-10-02T03:24:46.2470067Z A path returned 202. Retrying...
2022-10-02T03:24:46.2470334Z A path returned 202. Retrying...
2022-10-02T03:24:46.2470599Z A path returned 202. Retrying...
2022-10-02T03:24:46.2470866Z A path returned 202. Retrying...
2022-10-02T03:24:46.2471134Z A path returned 202. Retrying...
2022-10-02T03:24:46.2471383Z A path returned 202. Retrying...
2022-10-02T03:24:46.2471647Z A path returned 202. Retrying...
2022-10-02T03:24:46.2471915Z A path returned 202. Retrying...
2022-10-02T03:24:46.2472188Z A path returned 202. Retrying...
2022-10-02T03:24:46.2472459Z A path returned 202. Retrying...
2022-10-02T03:24:46.2472723Z A path returned 202. Retrying...
2022-10-02T03:24:46.2472989Z A path returned 202. Retrying...
2022-10-02T03:24:46.2473240Z A path returned 202. Retrying...
2022-10-02T03:24:46.2473506Z A path returned 202. Retrying...
2022-10-02T03:24:46.2473775Z A path returned 202. Retrying...
2022-10-02T03:24:46.2474042Z A path returned 202. Retrying...
2022-10-02T03:24:46.2474307Z A path returned 202. Retrying...
2022-10-02T03:24:46.2474780Z A path returned 202. Retrying...
2022-10-02T03:24:46.2475049Z A path returned 202. Retrying...
2022-10-02T03:24:46.2475316Z A path returned 202. Retrying...
2022-10-02T03:24:46.2475564Z A path returned 202. Retrying...
2022-10-02T03:24:46.2475829Z A path returned 202. Retrying...
2022-10-02T03:24:46.2476096Z A path returned 202. Retrying...
2022-10-02T03:24:46.2476365Z A path returned 202. Retrying...
2022-10-02T03:24:46.2476633Z A path returned 202. Retrying...
2022-10-02T03:24:46.2476904Z A path returned 202. Retrying...
2022-10-02T03:24:46.2477173Z A path returned 202. Retrying...
2022-10-02T03:24:46.2477439Z A path returned 202. Retrying...
2022-10-02T03:24:46.2477688Z A path returned 202. Retrying...
2022-10-02T03:24:46.2477953Z A path returned 202. Retrying...
2022-10-02T03:24:46.2478217Z A path returned 202. Retrying...
2022-10-02T03:24:46.2478721Z A path returned 202. Retrying...
2022-10-02T03:24:46.2478991Z A path returned 202. Retrying...
2022-10-02T03:24:46.2479259Z A path returned 202. Retrying...
2022-10-02T03:24:46.2479527Z A path returned 202. Retrying...
2022-10-02T03:24:46.2479777Z A path returned 202. Retrying...
2022-10-02T03:24:46.2480045Z A path returned 202. Retrying...
2022-10-02T03:24:46.2480310Z A path returned 202. Retrying...
2022-10-02T03:24:46.2480577Z A path returned 202. Retrying...
2022-10-02T03:24:46.2480843Z A path returned 202. Retrying...
2022-10-02T03:24:46.2481110Z A path returned 202. Retrying...
2022-10-02T03:24:46.2481462Z A path returned 202. Retrying...
2022-10-02T03:24:46.2481747Z A path returned 202. Retrying...
2022-10-02T03:24:46.2481996Z A path returned 202. Retrying...
2022-10-02T03:24:46.2482265Z A path returned 202. Retrying...
2022-10-02T03:24:46.2482529Z A path returned 202. Retrying...
2022-10-02T03:24:46.2482794Z A path returned 202. Retrying...
2022-10-02T03:24:46.2483065Z A path returned 202. Retrying...
2022-10-02T03:24:46.2483330Z A path returned 202. Retrying...
2022-10-02T03:24:46.2483596Z A path returned 202. Retrying...
2022-10-02T03:24:46.2483864Z A path returned 202. Retrying...
2022-10-02T03:24:46.2484113Z A path returned 202. Retrying...
2022-10-02T03:24:46.2484377Z A path returned 202. Retrying...
2022-10-02T03:24:46.2484641Z A path returned 202. Retrying...
2022-10-02T03:24:46.2484907Z A path returned 202. Retrying...
2022-10-02T03:24:46.2485172Z A path returned 202. Retrying...
2022-10-02T03:24:46.2485436Z A path returned 202. Retrying...
2022-10-02T03:24:46.2485700Z A path returned 202. Retrying...
2022-10-02T03:24:46.2485952Z A path returned 202. Retrying...
2022-10-02T03:24:46.2486221Z A path returned 202. Retrying...
2022-10-02T03:24:46.2486485Z A path returned 202. Retrying...
2022-10-02T03:24:46.2486751Z A path returned 202. Retrying...
2022-10-02T03:24:46.2487016Z A path returned 202. Retrying...
2022-10-02T03:24:46.2487282Z A path returned 202. Retrying...
2022-10-02T03:24:46.2487550Z A path returned 202. Retrying...
2022-10-02T03:24:46.2487818Z A path returned 202. Retrying...
2022-10-02T03:24:46.2488067Z A path returned 202. Retrying...
2022-10-02T03:24:46.2488341Z A path returned 202. Retrying...
2022-10-02T03:24:46.2488606Z A path returned 202. Retrying...
2022-10-02T03:24:46.2488870Z A path returned 202. Retrying...
2022-10-02T03:24:46.2489134Z A path returned 202. Retrying...
2022-10-02T03:24:46.2489398Z A path returned 202. Retrying...
2022-10-02T03:24:46.2489663Z A path returned 202. Retrying...
2022-10-02T03:24:46.2489931Z A path returned 202. Retrying...
2022-10-02T03:24:46.2490182Z A path returned 202. Retrying...
2022-10-02T03:24:46.2490447Z A path returned 202. Retrying...
2022-10-02T03:24:46.2490715Z A path returned 202. Retrying...
2022-10-02T03:24:46.2490980Z A path returned 202. Retrying...
2022-10-02T03:24:46.2491246Z A path returned 202. Retrying...
2022-10-02T03:24:46.2491510Z A path returned 202. Retrying...
2022-10-02T03:24:46.2491780Z A path returned 202. Retrying...
2022-10-02T03:24:46.2492046Z A path returned 202. Retrying...
2022-10-02T03:24:46.2492295Z A path returned 202. Retrying...
2022-10-02T03:24:46.2492560Z A path returned 202. Retrying...
2022-10-02T03:24:46.2492827Z A path returned 202. Retrying...
2022-10-02T03:24:46.2493258Z A path returned 202. Retrying...
2022-10-02T03:24:46.2493520Z A path returned 202. Retrying...
2022-10-02T03:24:46.2493778Z A path returned 202. Retrying...
2022-10-02T03:24:46.2494034Z A path returned 202. Retrying...
2022-10-02T03:24:46.2494275Z A path returned 202. Retrying...
2022-10-02T03:24:46.2494532Z A path returned 202. Retrying...
2022-10-02T03:24:46.2494791Z A path returned 202. Retrying...
2022-10-02T03:24:46.2495049Z A path returned 202. Retrying...
2022-10-02T03:24:46.2495305Z A path returned 202. Retrying...
2022-10-02T03:24:46.2495561Z A path returned 202. Retrying...
2022-10-02T03:24:46.2495818Z A path returned 202. Retrying...
2022-10-02T03:24:46.2496076Z A path returned 202. Retrying...
2022-10-02T03:24:46.2496411Z A path returned 202. Retrying...
2022-10-02T03:24:46.2496670Z A path returned 202. Retrying...
2022-10-02T03:24:46.2496928Z A path returned 202. Retrying...
2022-10-02T03:24:46.2497189Z A path returned 202. Retrying...
2022-10-02T03:24:46.2497448Z A path returned 202. Retrying...
2022-10-02T03:24:46.2497704Z A path returned 202. Retrying...
2022-10-02T03:24:46.2497961Z A path returned 202. Retrying...
2022-10-02T03:24:46.2498218Z A path returned 202. Retrying...
2022-10-02T03:24:46.2498460Z A path returned 202. Retrying...
2022-10-02T03:24:46.2498716Z A path returned 202. Retrying...
2022-10-02T03:24:46.2499041Z A path returned 202. Retrying...
2022-10-02T03:24:46.2499313Z A path returned 202. Retrying...
2022-10-02T03:24:46.2499572Z A path returned 202. Retrying...
2022-10-02T03:24:46.2499830Z A path returned 202. Retrying...
2022-10-02T03:24:46.2500088Z A path returned 202. Retrying...
2022-10-02T03:24:46.2500327Z A path returned 202. Retrying...
2022-10-02T03:24:46.2500585Z A path returned 202. Retrying...
2022-10-02T03:24:46.2500845Z A path returned 202. Retrying...
2022-10-02T03:24:46.2501104Z A path returned 202. Retrying...
2022-10-02T03:24:46.2501363Z A path returned 202. Retrying...
2022-10-02T03:24:46.2501620Z A path returned 202. Retrying...
2022-10-02T03:24:46.2501879Z A path returned 202. Retrying...
2022-10-02T03:24:46.2502138Z A path returned 202. Retrying...
2022-10-02T03:24:46.2502378Z A path returned 202. Retrying...
2022-10-02T03:24:46.2502633Z A path returned 202. Retrying...
2022-10-02T03:24:46.2502889Z A path returned 202. Retrying...
2022-10-02T03:24:46.2503146Z A path returned 202. Retrying...
2022-10-02T03:24:46.2503407Z A path returned 202. Retrying...
2022-10-02T03:24:46.2503664Z A path returned 202. Retrying...
2022-10-02T03:24:46.2503924Z A path returned 202. Retrying...
2022-10-02T03:24:46.2504182Z A path returned 202. Retrying...
2022-10-02T03:24:46.2504425Z A path returned 202. Retrying...
2022-10-02T03:24:46.2504681Z A path returned 202. Retrying...
2022-10-02T03:24:46.2504941Z A path returned 202. Retrying...
2022-10-02T03:24:46.2505199Z A path returned 202. Retrying...
2022-10-02T03:24:46.2505456Z A path returned 202. Retrying...
2022-10-02T03:24:46.2505712Z A path returned 202. Retrying...
2022-10-02T03:24:46.2505967Z A path returned 202. Retrying...
2022-10-02T03:24:46.2506208Z A path returned 202. Retrying...
2022-10-02T03:24:46.2506475Z A path returned 202. Retrying...
2022-10-02T03:24:46.2506731Z A path returned 202. Retrying...
2022-10-02T03:24:46.2506987Z A path returned 202. Retrying...
2022-10-02T03:24:46.2507243Z A path returned 202. Retrying...
2022-10-02T03:24:46.2507502Z A path returned 202. Retrying...
2022-10-02T03:24:46.2507760Z A path returned 202. Retrying...
2022-10-02T03:24:46.2508017Z A path returned 202. Retrying...
2022-10-02T03:24:46.2508257Z A path returned 202. Retrying...
2022-10-02T03:24:46.2508513Z A path returned 202. Retrying...
2022-10-02T03:24:46.2508770Z A path returned 202. Retrying...
2022-10-02T03:24:46.2509026Z A path returned 202. Retrying...
2022-10-02T03:24:46.2509287Z A path returned 202. Retrying...
2022-10-02T03:24:46.2509543Z A path returned 202. Retrying...
2022-10-02T03:24:46.2509801Z A path returned 202. Retrying...
2022-10-02T03:24:46.2510060Z A path returned 202. Retrying...
2022-10-02T03:24:46.2510301Z A path returned 202. Retrying...
2022-10-02T03:24:46.2510557Z A path returned 202. Retrying...
2022-10-02T03:24:46.2510814Z A path returned 202. Retrying...
2022-10-02T03:24:46.2511072Z A path returned 202. Retrying...
2022-10-02T03:24:46.2511331Z A path returned 202. Retrying...
2022-10-02T03:24:46.2511589Z A path returned 202. Retrying...
2022-10-02T03:24:46.2511851Z A path returned 202. Retrying...
2022-10-02T03:24:46.2512093Z A path returned 202. Retrying...
2022-10-02T03:24:46.2512426Z A path returned 202. Retrying...
2022-10-02T03:24:46.2512792Z A path returned 202. Retrying...
2022-10-02T03:24:46.2513041Z A path returned 202. Retrying...
2022-10-02T03:24:46.2513291Z A path returned 202. Retrying...
2022-10-02T03:24:46.2513631Z A path returned 202. Retrying...
2022-10-02T03:24:46.2513884Z A path returned 202. Retrying...
2022-10-02T03:24:46.2514136Z A path returned 202. Retrying...
2022-10-02T03:24:46.2514370Z A path returned 202. Retrying...
2022-10-02T03:24:46.2514733Z A path returned 202. Retrying...
2022-10-02T03:24:46.2514987Z A path returned 202. Retrying...
2022-10-02T03:24:46.2515238Z A path returned 202. Retrying...
2022-10-02T03:24:46.2515489Z A path returned 202. Retrying...
2022-10-02T03:24:46.2515742Z A path returned 202. Retrying...
2022-10-02T03:24:46.2515993Z A path returned 202. Retrying...
2022-10-02T03:24:46.2516339Z A path returned 202. Retrying...
2022-10-02T03:24:46.2516592Z A path returned 202. Retrying...
2022-10-02T03:24:46.2516843Z A path returned 202. Retrying...
2022-10-02T03:24:46.2517097Z A path returned 202. Retrying...
2022-10-02T03:24:46.2517351Z A path returned 202. Retrying...
2022-10-02T03:24:46.2517604Z A path returned 202. Retrying...
2022-10-02T03:24:46.2517856Z A path returned 202. Retrying...
2022-10-02T03:24:46.2518111Z A path returned 202. Retrying...
2022-10-02T03:24:46.2518345Z A path returned 202. Retrying...
2022-10-02T03:24:46.2518596Z A path returned 202. Retrying...
2022-10-02T03:24:46.2518847Z A path returned 202. Retrying...
2022-10-02T03:24:46.2519095Z A path returned 202. Retrying...
2022-10-02T03:24:46.2519344Z A path returned 202. Retrying...
2022-10-02T03:24:46.2519595Z A path returned 202. Retrying...
2022-10-02T03:24:46.2519844Z A path returned 202. Retrying...
2022-10-02T03:24:46.2520094Z A path returned 202. Retrying...
2022-10-02T03:24:46.2520329Z A path returned 202. Retrying...
2022-10-02T03:24:46.2520580Z A path returned 202. Retrying...
2022-10-02T03:24:46.2520831Z A path returned 202. Retrying...
2022-10-02T03:24:46.2521081Z A path returned 202. Retrying...
2022-10-02T03:24:46.2521330Z A path returned 202. Retrying...
2022-10-02T03:24:46.2521579Z A path returned 202. Retrying...
2022-10-02T03:24:46.2521829Z A path returned 202. Retrying...
2022-10-02T03:24:46.2522082Z A path returned 202. Retrying...
2022-10-02T03:24:46.2522315Z A path returned 202. Retrying...
2022-10-02T03:24:46.2522565Z A path returned 202. Retrying...
2022-10-02T03:24:46.2522816Z A path returned 202. Retrying...
2022-10-02T03:24:46.2523066Z A path returned 202. Retrying...
2022-10-02T03:24:46.2523316Z A path returned 202. Retrying...
2022-10-02T03:24:46.2523564Z A path returned 202. Retrying...
2022-10-02T03:24:46.2523814Z A path returned 202. Retrying...
2022-10-02T03:24:46.2524046Z A path returned 202. Retrying...
2022-10-02T03:24:46.2524299Z A path returned 202. Retrying...
2022-10-02T03:24:46.2525720Z A path returned 202. Retrying...
2022-10-02T03:24:46.2526047Z A path returned 202. Retrying...
2022-10-02T03:24:46.2526339Z A path returned 202. Retrying...
2022-10-02T03:24:46.2526629Z A path returned 202. Retrying...
2022-10-02T03:24:46.2526917Z A path returned 202. Retrying...
2022-10-02T03:24:46.2527204Z A path returned 202. Retrying...
2022-10-02T03:24:46.2527476Z A path returned 202. Retrying...
2022-10-02T03:24:46.2527770Z A path returned 202. Retrying...
2022-10-02T03:24:46.2528056Z A path returned 202. Retrying...
2022-10-02T03:24:46.2528487Z A path returned 202. Retrying...
2022-10-02T03:24:46.2528737Z A path returned 202. Retrying...
2022-10-02T03:24:46.2528986Z A path returned 202. Retrying...
2022-10-02T03:24:46.2529237Z A path returned 202. Retrying...
2022-10-02T03:24:46.2529491Z A path returned 202. Retrying...
2022-10-02T03:34:29.4568218Z A path returned 202. Retrying...
2022-10-02T03:34:29.4568774Z A path returned 202. Retrying...
2022-10-02T03:34:29.4569026Z A path returned 202. Retrying...
2022-10-02T03:34:29.4569303Z A path returned 202. Retrying...
2022-10-02T03:34:29.4569554Z A path returned 202. Retrying...
2022-10-02T03:34:29.4569799Z A path returned 202. Retrying...
2022-10-02T03:34:29.4570044Z A path returned 202. Retrying...
2022-10-02T03:34:29.4570296Z A path returned 202. Retrying...
2022-10-02T03:34:29.4570525Z A path returned 202. Retrying...
2022-10-02T03:34:29.4571231Z A path returned 202. Retrying...
2022-10-02T03:34:29.4571474Z A path returned 202. Retrying...
2022-10-02T03:34:29.4571717Z A path returned 202. Retrying...
2022-10-02T03:34:29.4571961Z A path returned 202. Retrying...
2022-10-02T03:34:29.4572204Z A path returned 202. Retrying...
2022-10-02T03:34:29.4572631Z A path returned 202. Retrying...
2022-10-02T03:34:29.4572888Z A path returned 202. Retrying...
2022-10-02T03:34:29.4573121Z A path returned 202. Retrying...
2022-10-02T03:34:29.4573368Z A path returned 202. Retrying...
2022-10-02T03:34:29.4573616Z A path returned 202. Retrying...
2022-10-02T03:34:29.4574147Z A path returned 202. Retrying...
2022-10-02T03:34:29.4574411Z A path returned 202. Retrying...
2022-10-02T03:34:29.4574654Z A path returned 202. Retrying...
2022-10-02T03:34:29.4574896Z A path returned 202. Retrying...
2022-10-02T03:34:29.4575139Z A path returned 202. Retrying...
2022-10-02T03:34:29.4575365Z A path returned 202. Retrying...
2022-10-02T03:34:29.4575603Z A path returned 202. Retrying...
2022-10-02T03:34:29.4575851Z A path returned 202. Retrying...
2022-10-02T03:34:29.4576092Z A path returned 202. Retrying...
2022-10-02T03:34:29.4576335Z A path returned 202. Retrying...
2022-10-02T03:34:29.4576577Z A path returned 202. Retrying...
2022-10-02T03:34:29.4576819Z A path returned 202. Retrying...
2022-10-02T03:34:29.4577044Z A path returned 202. Retrying...
2022-10-02T03:34:29.4577288Z A path returned 202. Retrying...
2022-10-02T03:34:29.4577525Z A path returned 202. Retrying...
2022-10-02T03:34:29.4577952Z A path returned 202. Retrying...
2022-10-02T03:34:29.4578440Z A path returned 202. Retrying...
2022-10-02T03:34:29.4578705Z A path returned 202. Retrying...
2022-10-02T03:34:29.4579234Z A path returned 202. Retrying...
2022-10-02T03:34:29.4579507Z A path returned 202. Retrying...
2022-10-02T03:34:29.4579763Z A path returned 202. Retrying...
2022-10-02T03:34:29.4580037Z A path returned 202. Retrying...
2022-10-02T03:34:29.4580313Z A path returned 202. Retrying...
2022-10-02T03:34:29.4580590Z A path returned 202. Retrying...
2022-10-02T03:34:29.4580864Z A path returned 202. Retrying...
2022-10-02T03:34:29.4581288Z A path returned 202. Retrying...
2022-10-02T03:34:29.4581552Z A path returned 202. Retrying...
2022-10-02T03:34:29.4581892Z A path returned 202. Retrying...
2022-10-02T03:34:29.4582341Z A path returned 202. Retrying...
2022-10-02T03:34:29.4582760Z A path returned 202. Retrying...
2022-10-02T03:34:29.4583007Z A path returned 202. Retrying...
2022-10-02T03:34:29.4583255Z A path returned 202. Retrying...
2022-10-02T03:34:29.4583502Z A path returned 202. Retrying...
2022-10-02T03:34:29.4583752Z A path returned 202. Retrying...
2022-10-02T03:34:29.4584002Z A path returned 202. Retrying...
2022-10-02T03:34:29.4584233Z A path returned 202. Retrying...
2022-10-02T03:34:29.4584484Z A path returned 202. Retrying...
2022-10-02T03:34:29.4584730Z A path returned 202. Retrying...
2022-10-02T03:34:29.4584979Z A path returned 202. Retrying...
2022-10-02T03:34:29.4585226Z A path returned 202. Retrying...
2022-10-02T03:34:29.4585480Z A path returned 202. Retrying...
2022-10-02T03:34:29.4585726Z A path returned 202. Retrying...
2022-10-02T03:34:29.4585972Z A path returned 202. Retrying...
2022-10-02T03:34:29.4586204Z A path returned 202. Retrying...
2022-10-02T03:34:29.4586453Z A path returned 202. Retrying...
2022-10-02T03:34:29.4586701Z A path returned 202. Retrying...
2022-10-02T03:34:29.4586944Z A path returned 202. Retrying...
2022-10-02T03:34:29.4587194Z A path returned 202. Retrying...
2022-10-02T03:34:29.4587441Z A path returned 202. Retrying...
2022-10-02T03:34:29.4587687Z A path returned 202. Retrying...
2022-10-02T03:34:29.4587940Z A path returned 202. Retrying...
2022-10-02T03:34:29.4588175Z A path returned 202. Retrying...
2022-10-02T03:34:29.4588423Z A path returned 202. Retrying...
2022-10-02T03:34:29.4588672Z A path returned 202. Retrying...
2022-10-02T03:34:29.4588918Z A path returned 202. Retrying...
2022-10-02T03:34:29.4589168Z A path returned 202. Retrying...
2022-10-02T03:34:29.4589521Z A path returned 202. Retrying...
2022-10-02T03:34:29.4589771Z A path returned 202. Retrying...
2022-10-02T03:34:29.4590004Z A path returned 202. Retrying...
2022-10-02T03:34:29.4590253Z A path returned 202. Retrying...
2022-10-02T03:34:29.4590500Z A path returned 202. Retrying...
2022-10-02T03:34:29.4590747Z A path returned 202. Retrying...
2022-10-02T03:34:29.4590996Z A path returned 202. Retrying...
2022-10-02T03:34:29.4591245Z A path returned 202. Retrying...
2022-10-02T03:34:29.4591492Z A path returned 202. Retrying...
2022-10-02T03:34:29.4591737Z A path returned 202. Retrying...
2022-10-02T03:34:29.4592049Z A path returned 202. Retrying...
2022-10-02T03:34:29.4592316Z A path returned 202. Retrying...
2022-10-02T03:34:29.4592930Z A path returned 202. Retrying...
2022-10-02T03:34:29.4593187Z A path returned 202. Retrying...
2022-10-02T03:34:29.4593442Z A path returned 202. Retrying...
2022-10-02T03:34:29.4593911Z A path returned 202. Retrying...
2022-10-02T03:34:29.4594176Z A path returned 202. Retrying...
2022-10-02T03:34:29.4594679Z A path returned 202. Retrying...
2022-10-02T03:34:29.4594953Z A path returned 202. Retrying...
2022-10-02T03:34:29.4595219Z A path returned 202. Retrying...
2022-10-02T03:34:29.4595483Z A path returned 202. Retrying...
2022-10-02T03:34:29.4595925Z A path returned 202. Retrying...
2022-10-02T03:34:29.4596356Z A path returned 202. Retrying...
2022-10-02T03:34:29.4596611Z A path returned 202. Retrying...
2022-10-02T03:34:29.4596871Z A path returned 202. Retrying...
2022-10-02T03:34:29.4597438Z A path returned 202. Retrying...
2022-10-02T03:34:29.4597858Z A path returned 202. Retrying...
2022-10-02T03:34:29.4598118Z A path returned 202. Retrying...
2022-10-02T03:34:29.4598376Z A path returned 202. Retrying...
2022-10-02T03:34:29.4598631Z A path returned 202. Retrying...
2022-10-02T03:34:29.4598887Z A path returned 202. Retrying...
2022-10-02T03:34:29.4599142Z A path returned 202. Retrying...
2022-10-02T03:34:29.4599396Z A path returned 202. Retrying...
2022-10-02T03:34:29.4599639Z A path returned 202. Retrying...
2022-10-02T03:34:29.4599894Z A path returned 202. Retrying...
2022-10-02T03:34:29.4600327Z A path returned 202. Retrying...
2022-10-02T03:34:29.4600930Z A path returned 202. Retrying...
2022-10-02T03:34:29.4601178Z A path returned 202. Retrying...
2022-10-02T03:34:29.4601583Z A path returned 202. Retrying...
2022-10-02T03:34:29.4601823Z A path returned 202. Retrying...
2022-10-02T03:34:29.4602066Z A path returned 202. Retrying...
2022-10-02T03:34:29.4602290Z A path returned 202. Retrying...
2022-10-02T03:34:29.4602531Z A path returned 202. Retrying...
2022-10-02T03:34:29.4602777Z A path returned 202. Retrying...
2022-10-02T03:34:29.4603019Z A path returned 202. Retrying...
2022-10-02T03:34:29.4603414Z A path returned 202. Retrying...
2022-10-02T03:34:29.4603660Z A path returned 202. Retrying...
2022-10-02T03:34:29.4603909Z A path returned 202. Retrying...
2022-10-02T03:34:29.4604139Z A path returned 202. Retrying...
2022-10-02T03:34:29.4604389Z A path returned 202. Retrying...
2022-10-02T03:34:29.4604642Z A path returned 202. Retrying...
2022-10-02T03:34:29.4604885Z A path returned 202. Retrying...
2022-10-02T03:34:29.4605671Z A path returned 202. Retrying...
2022-10-02T03:34:29.4606063Z A path returned 202. Retrying...
2022-10-02T03:34:29.4606324Z A path returned 202. Retrying...
2022-10-02T03:34:29.4606581Z A path returned 202. Retrying...
2022-10-02T03:34:29.4606820Z A path returned 202. Retrying...
2022-10-02T03:34:29.4607073Z A path returned 202. Retrying...
2022-10-02T03:34:29.4607326Z A path returned 202. Retrying...
2022-10-02T03:34:29.4607577Z A path returned 202. Retrying...
2022-10-02T03:34:29.4607840Z A path returned 202. Retrying...
2022-10-02T03:34:29.4608094Z A path returned 202. Retrying...
2022-10-02T03:34:29.4608345Z A path returned 202. Retrying...
2022-10-02T03:34:29.4608595Z A path returned 202. Retrying...
2022-10-02T03:34:29.4608828Z A path returned 202. Retrying...
2022-10-02T03:34:29.4609077Z A path returned 202. Retrying...
2022-10-02T03:34:29.4609567Z A path returned 202. Retrying...
2022-10-02T03:34:29.4609826Z A path returned 202. Retrying...
2022-10-02T03:34:29.4610079Z A path returned 202. Retrying...
2022-10-02T03:34:29.4610330Z A path returned 202. Retrying...
2022-10-02T03:34:29.4610582Z A path returned 202. Retrying...
2022-10-02T03:34:29.4610816Z A path returned 202. Retrying...
2022-10-02T03:34:29.4611066Z A path returned 202. Retrying...
2022-10-02T03:34:29.4611313Z A path returned 202. Retrying...
2022-10-02T03:34:29.4611561Z A path returned 202. Retrying...
2022-10-02T03:34:29.4611812Z A path returned 202. Retrying...
2022-10-02T03:34:29.4612064Z A path returned 202. Retrying...
2022-10-02T03:34:29.4612399Z A path returned 202. Retrying...
2022-10-02T03:34:29.4612666Z A path returned 202. Retrying...
2022-10-02T03:34:29.4612902Z A path returned 202. Retrying...
2022-10-02T03:34:29.4613152Z A path returned 202. Retrying...
2022-10-02T03:34:29.4613554Z A path returned 202. Retrying...
2022-10-02T03:34:29.4613796Z A path returned 202. Retrying...
2022-10-02T03:34:29.4614044Z A path returned 202. Retrying...
2022-10-02T03:34:29.4614288Z A path returned 202. Retrying...
2022-10-02T03:34:29.4614531Z A path returned 202. Retrying...
2022-10-02T03:34:29.4614772Z A path returned 202. Retrying...
2022-10-02T03:34:29.4615000Z A path returned 202. Retrying...
2022-10-02T03:34:29.4615243Z A path returned 202. Retrying...
2022-10-02T03:34:29.4615482Z A path returned 202. Retrying...
2022-10-02T03:34:29.4615765Z A path returned 202. Retrying...
2022-10-02T03:34:29.4616009Z A path returned 202. Retrying...
2022-10-02T03:34:29.4616252Z A path returned 202. Retrying...
2022-10-02T03:34:29.4616501Z A path returned 202. Retrying...
2022-10-02T03:34:29.4616747Z A path returned 202. Retrying...
2022-10-02T03:34:29.4616989Z A path returned 202. Retrying...
2022-10-02T03:34:29.4617231Z A path returned 202. Retrying...
2022-10-02T03:34:29.4617457Z A path returned 202. Retrying...
2022-10-02T03:34:29.4617696Z A path returned 202. Retrying...
2022-10-02T03:34:29.4617943Z A path returned 202. Retrying...
2022-10-02T03:34:29.4618185Z A path returned 202. Retrying...
2022-10-02T03:34:29.4618428Z A path returned 202. Retrying...
2022-10-02T03:34:29.4618670Z A path returned 202. Retrying...
2022-10-02T03:34:29.4618913Z A path returned 202. Retrying...
2022-10-02T03:34:29.4619140Z A path returned 202. Retrying...
2022-10-02T03:34:29.4619383Z A path returned 202. Retrying...
2022-10-02T03:34:29.4619624Z A path returned 202. Retrying...
2022-10-02T03:34:29.4619868Z A path returned 202. Retrying...
2022-10-02T03:34:29.4620109Z A path returned 202. Retrying...
2022-10-02T03:34:29.4620352Z A path returned 202. Retrying...
2022-10-02T03:34:29.4620599Z A path returned 202. Retrying...
2022-10-02T03:34:29.4620842Z A path returned 202. Retrying...
2022-10-02T03:34:29.4621068Z A path returned 202. Retrying...
2022-10-02T03:34:29.4621311Z A path returned 202. Retrying...
2022-10-02T03:34:29.4621554Z A path returned 202. Retrying...
2022-10-02T03:34:29.4621797Z A path returned 202. Retrying...
2022-10-02T03:34:29.4622043Z A path returned 202. Retrying...
2022-10-02T03:34:29.4622283Z A path returned 202. Retrying...
2022-10-02T03:34:29.4622693Z A path returned 202. Retrying...
2022-10-02T03:34:29.4622943Z A path returned 202. Retrying...
2022-10-02T03:34:29.4623176Z A path returned 202. Retrying...
2022-10-02T03:34:29.4623424Z A path returned 202. Retrying...
2022-10-02T03:34:29.4623674Z A path returned 202. Retrying...
2022-10-02T03:34:29.4623923Z A path returned 202. Retrying...
2022-10-02T03:34:29.4624171Z A path returned 202. Retrying...
2022-10-02T03:34:29.4624596Z A path returned 202. Retrying...
2022-10-02T03:34:29.4624855Z A path returned 202. Retrying...
2022-10-02T03:34:29.4625277Z A path returned 202. Retrying...
2022-10-02T03:34:29.4625770Z A path returned 202. Retrying...
2022-10-02T03:34:29.4626349Z A path returned 202. Retrying...
2022-10-02T03:34:29.4626605Z A path returned 202. Retrying...
2022-10-02T03:34:29.4626859Z A path returned 202. Retrying...
2022-10-02T03:34:29.4627387Z A path returned 202. Retrying...
2022-10-02T03:34:29.4627652Z A path returned 202. Retrying...
2022-10-02T03:34:29.4627915Z A path returned 202. Retrying...
2022-10-02T03:34:29.4628339Z A path returned 202. Retrying...
2022-10-02T03:34:29.4628596Z A path returned 202. Retrying...
2022-10-02T03:34:29.4628857Z A path returned 202. Retrying...
2022-10-02T03:34:29.4629112Z A path returned 202. Retrying...
2022-10-02T03:34:29.4629368Z A path returned 202. Retrying...
2022-10-02T03:34:29.4629624Z A path returned 202. Retrying...
2022-10-02T03:34:29.4629881Z A path returned 202. Retrying...
2022-10-02T03:34:29.4630137Z A path returned 202. Retrying...
2022-10-02T03:34:29.4630446Z A path returned 202. Retrying...
2022-10-02T03:34:29.4631036Z A path returned 202. Retrying...
2022-10-02T03:34:29.4631282Z A path returned 202. Retrying...
2022-10-02T03:34:29.4631526Z A path returned 202. Retrying...
2022-10-02T03:34:29.4631770Z A path returned 202. Retrying...
2022-10-02T03:34:29.4632012Z A path returned 202. Retrying...
2022-10-02T03:34:29.4632260Z A path returned 202. Retrying...
2022-10-02T03:34:29.4632486Z A path returned 202. Retrying...
2022-10-02T03:34:29.4632733Z A path returned 202. Retrying...
2022-10-02T03:34:29.4632977Z A path returned 202. Retrying...
2022-10-02T03:34:29.4633217Z A path returned 202. Retrying...
2022-10-02T03:34:29.4633457Z A path returned 202. Retrying...
2022-10-02T03:34:29.4633701Z A path returned 202. Retrying...
2022-10-02T03:34:29.4633943Z A path returned 202. Retrying...
2022-10-02T03:34:29.4634181Z A path returned 202. Retrying...
2022-10-02T03:34:29.4634407Z A path returned 202. Retrying...
2022-10-02T03:34:29.4635003Z A path returned 202. Retrying...
2022-10-02T03:34:29.4635270Z A path returned 202. Retrying...
2022-10-02T03:34:29.4635681Z A path returned 202. Retrying...
2022-10-02T03:34:29.4635924Z A path returned 202. Retrying...
2022-10-02T03:34:29.4636164Z A path returned 202. Retrying...
2022-10-02T03:34:29.4636407Z A path returned 202. Retrying...
2022-10-02T03:34:29.4636653Z A path returned 202. Retrying...
2022-10-02T03:34:29.4636880Z A path returned 202. Retrying...
2022-10-02T03:34:29.4637306Z A path returned 202. Retrying...
2022-10-02T03:34:29.4637717Z A path returned 202. Retrying...
2022-10-02T03:34:29.4637962Z A path returned 202. Retrying...
2022-10-02T03:34:29.4638205Z A path returned 202. Retrying...
2022-10-02T03:34:29.4638450Z A path returned 202. Retrying...
2022-10-02T03:34:29.4638692Z A path returned 202. Retrying...
2022-10-02T03:44:12.6849117Z A path returned 202. Retrying...
2022-10-02T03:44:12.6849446Z A path returned 202. Retrying...
2022-10-02T03:44:12.6849685Z A path returned 202. Retrying...
2022-10-02T03:44:12.6849968Z A path returned 202. Retrying...
2022-10-02T03:44:12.6850218Z A path returned 202. Retrying...
2022-10-02T03:44:12.6850468Z A path returned 202. Retrying...
2022-10-02T03:44:12.6850713Z A path returned 202. Retrying...
2022-10-02T03:44:12.6850955Z A path returned 202. Retrying...
2022-10-02T03:44:12.6851198Z A path returned 202. Retrying...
2022-10-02T03:44:12.6851629Z A path returned 202. Retrying...
2022-10-02T03:44:12.6851864Z A path returned 202. Retrying...
2022-10-02T03:44:12.6852112Z A path returned 202. Retrying...
2022-10-02T03:44:12.6852366Z A path returned 202. Retrying...
2022-10-02T03:44:12.6852614Z A path returned 202. Retrying...
2022-10-02T03:44:12.6852862Z A path returned 202. Retrying...
2022-10-02T03:44:12.6853110Z A path returned 202. Retrying...
2022-10-02T03:44:12.6853358Z A path returned 202. Retrying...
2022-10-02T03:44:12.6853591Z A path returned 202. Retrying...
2022-10-02T03:44:12.6853842Z A path returned 202. Retrying...
2022-10-02T03:44:12.6854434Z A path returned 202. Retrying...
2022-10-02T03:44:12.6854724Z A path returned 202. Retrying...
2022-10-02T03:44:12.6855005Z A path returned 202. Retrying...
2022-10-02T03:44:12.6855286Z A path returned 202. Retrying...
2022-10-02T03:44:12.6855567Z A path returned 202. Retrying...
2022-10-02T03:44:12.6855848Z A path returned 202. Retrying...
2022-10-02T03:44:12.6856590Z A path returned 202. Retrying...
2022-10-02T03:44:12.6856880Z A path returned 202. Retrying...
2022-10-02T03:44:12.6857161Z A path returned 202. Retrying...
2022-10-02T03:44:12.6857441Z A path returned 202. Retrying...
2022-10-02T03:44:12.6857726Z A path returned 202. Retrying...
2022-10-02T03:44:12.6858351Z A path returned 202. Retrying...
2022-10-02T03:44:12.6858613Z A path returned 202. Retrying...
2022-10-02T03:44:12.6859029Z A path returned 202. Retrying...
2022-10-02T03:44:12.6859270Z A path returned 202. Retrying...
2022-10-02T03:44:12.6859891Z A path returned 202. Retrying...
2022-10-02T03:44:12.6861000Z A path returned 202. Retrying...
2022-10-02T03:44:12.6861954Z A path returned 202. Retrying...
2022-10-02T03:44:12.6862602Z A path returned 202. Retrying...
2022-10-02T03:44:12.6863218Z A path returned 202. Retrying...
2022-10-02T03:44:12.6864441Z A path returned 202. Retrying...
2022-10-02T03:44:12.6864734Z A path returned 202. Retrying...
2022-10-02T03:44:12.6865006Z A path returned 202. Retrying...
2022-10-02T03:44:12.6865300Z A path returned 202. Retrying...
2022-10-02T03:44:12.6865936Z A path returned 202. Retrying...
2022-10-02T03:44:12.6866372Z A path returned 202. Retrying...
2022-10-02T03:44:12.6866648Z A path returned 202. Retrying...
2022-10-02T03:44:12.6866921Z A path returned 202. Retrying...
2022-10-02T03:44:12.6867193Z A path returned 202. Retrying...
2022-10-02T03:44:12.6867622Z A path returned 202. Retrying...
2022-10-02T03:44:12.6868183Z A path returned 202. Retrying...
2022-10-02T03:44:12.6868424Z A path returned 202. Retrying...
2022-10-02T03:44:12.6868783Z A path returned 202. Retrying...
2022-10-02T03:44:12.6869292Z A path returned 202. Retrying...
2022-10-02T03:44:12.6869538Z A path returned 202. Retrying...
2022-10-02T03:44:12.6869782Z A path returned 202. Retrying...
2022-10-02T03:44:12.6870026Z A path returned 202. Retrying...
2022-10-02T03:44:12.6870383Z A path returned 202. Retrying...
2022-10-02T03:44:12.6870611Z A path returned 202. Retrying...
2022-10-02T03:44:12.6870960Z A path returned 202. Retrying...
2022-10-02T03:44:12.6871259Z A path returned 202. Retrying...
2022-10-02T03:44:12.6871610Z A path returned 202. Retrying...
2022-10-02T03:44:12.6871958Z A path returned 202. Retrying...
2022-10-02T03:44:12.6872289Z A path returned 202. Retrying...
2022-10-02T03:44:12.6872621Z A path returned 202. Retrying...
2022-10-02T03:44:12.6872951Z A path returned 202. Retrying...
2022-10-02T03:44:12.6873285Z A path returned 202. Retrying...
2022-10-02T03:44:12.6873617Z A path returned 202. Retrying...
2022-10-02T03:44:12.6873948Z A path returned 202. Retrying...
2022-10-02T03:44:12.6874278Z A path returned 202. Retrying...
2022-10-02T03:44:12.6874790Z A path returned 202. Retrying...
2022-10-02T03:44:12.6875528Z A path returned 202. Retrying...
2022-10-02T03:44:12.6875889Z A path returned 202. Retrying...
2022-10-02T03:44:12.6876241Z A path returned 202. Retrying...
2022-10-02T03:44:12.6876747Z A path returned 202. Retrying...
2022-10-02T03:44:12.6877086Z A path returned 202. Retrying...
2022-10-02T03:44:12.6877436Z A path returned 202. Retrying...
2022-10-02T03:44:12.6878106Z A path returned 202. Retrying...
2022-10-02T03:44:12.6878599Z A path returned 202. Retrying...
2022-10-02T03:44:12.6879113Z A path returned 202. Retrying...
2022-10-02T03:44:12.6879456Z A path returned 202. Retrying...
2022-10-02T03:44:12.6879798Z A path returned 202. Retrying...
2022-10-02T03:44:12.6880140Z A path returned 202. Retrying...
2022-10-02T03:44:12.6880467Z A path returned 202. Retrying...
2022-10-02T03:44:12.6880810Z A path returned 202. Retrying...
2022-10-02T03:44:12.6881147Z A path returned 202. Retrying...
2022-10-02T03:44:12.6881494Z A path returned 202. Retrying...
2022-10-02T03:44:12.6881996Z A path returned 202. Retrying...
2022-10-02T03:44:12.6882298Z A path returned 202. Retrying...
2022-10-02T03:44:12.6882631Z A path returned 202. Retrying...
2022-10-02T03:44:12.6882961Z A path returned 202. Retrying...
2022-10-02T03:44:12.6883294Z A path returned 202. Retrying...
2022-10-02T03:44:12.6883966Z A path returned 202. Retrying...
2022-10-02T03:44:12.6884284Z A path returned 202. Retrying...
2022-10-02T03:44:12.6884623Z A path returned 202. Retrying...
2022-10-02T03:44:12.6884949Z A path returned 202. Retrying...
2022-10-02T03:44:12.6885293Z A path returned 202. Retrying...
2022-10-02T03:44:12.6885638Z A path returned 202. Retrying...
2022-10-02T03:44:12.6885979Z A path returned 202. Retrying...
2022-10-02T03:44:12.6886316Z A path returned 202. Retrying...
2022-10-02T03:44:12.6886652Z A path returned 202. Retrying...
2022-10-02T03:44:12.6886986Z A path returned 202. Retrying...
2022-10-02T03:44:12.6887321Z A path returned 202. Retrying...
2022-10-02T03:44:12.6887754Z A path returned 202. Retrying...
2022-10-02T03:44:12.6888131Z A path returned 202. Retrying...
2022-10-02T03:44:12.6888477Z A path returned 202. Retrying...
2022-10-02T03:44:12.6888748Z A path returned 202. Retrying...
2022-10-02T03:44:12.6889081Z A path returned 202. Retrying...
2022-10-02T03:44:12.6889429Z A path returned 202. Retrying...
2022-10-02T03:44:12.6889715Z A path returned 202. Retrying...
2022-10-02T03:44:12.6889966Z A path returned 202. Retrying...
2022-10-02T03:44:12.6890216Z A path returned 202. Retrying...
2022-10-02T03:44:12.6890467Z A path returned 202. Retrying...
2022-10-02T03:44:12.6890718Z A path returned 202. Retrying...
2022-10-02T03:44:12.6890966Z A path returned 202. Retrying...
2022-10-02T03:44:12.6891214Z A path returned 202. Retrying...
2022-10-02T03:44:12.6891448Z A path returned 202. Retrying...
2022-10-02T03:44:12.6891694Z A path returned 202. Retrying...
2022-10-02T03:44:12.6891943Z A path returned 202. Retrying...
2022-10-02T03:44:12.6892316Z A path returned 202. Retrying...
2022-10-02T03:44:12.6892660Z A path returned 202. Retrying...
2022-10-02T03:44:12.6893002Z A path returned 202. Retrying...
2022-10-02T03:44:12.6893267Z A path returned 202. Retrying...
2022-10-02T03:44:12.6893937Z A path returned 202. Retrying...
2022-10-02T03:44:12.6894281Z A path returned 202. Retrying...
2022-10-02T03:44:12.6894740Z A path returned 202. Retrying...
2022-10-02T03:44:12.6895143Z A path returned 202. Retrying...
2022-10-02T03:44:12.6895491Z A path returned 202. Retrying...
2022-10-02T03:44:12.6895835Z A path returned 202. Retrying...
2022-10-02T03:44:12.6896175Z A path returned 202. Retrying...
2022-10-02T03:44:12.6896664Z A path returned 202. Retrying...
2022-10-02T03:44:12.6896994Z A path returned 202. Retrying...
2022-10-02T03:44:12.6897860Z A path returned 202. Retrying...
2022-10-02T03:44:12.6898105Z A path returned 202. Retrying...
2022-10-02T03:44:12.6898346Z A path returned 202. Retrying...
2022-10-02T03:44:12.6898692Z A path returned 202. Retrying...
2022-10-02T03:44:12.6899016Z A path returned 202. Retrying...
2022-10-02T03:44:12.6899277Z A path returned 202. Retrying...
2022-10-02T03:44:12.6899615Z A path returned 202. Retrying...
2022-10-02T03:44:12.6899947Z A path returned 202. Retrying...
2022-10-02T03:44:12.6900206Z A path returned 202. Retrying...
2022-10-02T03:44:12.6900448Z A path returned 202. Retrying...
2022-10-02T03:44:12.6900786Z A path returned 202. Retrying...
2022-10-02T03:44:12.6901117Z A path returned 202. Retrying...
2022-10-02T03:44:12.6901372Z A path returned 202. Retrying...
2022-10-02T03:44:12.6901702Z A path returned 202. Retrying...
2022-10-02T03:44:12.6902033Z A path returned 202. Retrying...
2022-10-02T03:44:12.6902274Z A path returned 202. Retrying...
2022-10-02T03:44:12.6902519Z A path returned 202. Retrying...
2022-10-02T03:44:12.6902851Z A path returned 202. Retrying...
2022-10-02T03:44:12.6903107Z A path returned 202. Retrying...
2022-10-02T03:44:12.6903435Z A path returned 202. Retrying...
2022-10-02T03:44:12.6903705Z A path returned 202. Retrying...
2022-10-02T03:44:12.6903949Z A path returned 202. Retrying...
2022-10-02T03:44:12.6904190Z A path returned 202. Retrying...
2022-10-02T03:44:12.6904432Z A path returned 202. Retrying...
2022-10-02T03:44:12.6904766Z A path returned 202. Retrying...
2022-10-02T03:44:12.6905018Z A path returned 202. Retrying...
2022-10-02T03:44:12.6905264Z A path returned 202. Retrying...
2022-10-02T03:44:12.6905607Z A path returned 202. Retrying...
2022-10-02T03:44:12.6906182Z A path returned 202. Retrying...
2022-10-02T03:44:12.6906424Z A path returned 202. Retrying...
2022-10-02T03:44:12.6906846Z A path returned 202. Retrying...
2022-10-02T03:44:12.6907094Z A path returned 202. Retrying...
2022-10-02T03:44:12.6907342Z A path returned 202. Retrying...
2022-10-02T03:44:12.6907573Z A path returned 202. Retrying...
2022-10-02T03:44:12.6907819Z A path returned 202. Retrying...
2022-10-02T03:44:12.6908229Z A path returned 202. Retrying...
2022-10-02T03:44:12.6908473Z A path returned 202. Retrying...
2022-10-02T03:44:12.6908782Z A path returned 202. Retrying...
2022-10-02T03:44:12.6909038Z A path returned 202. Retrying...
2022-10-02T03:44:12.6909284Z A path returned 202. Retrying...
2022-10-02T03:44:12.6909527Z A path returned 202. Retrying...
2022-10-02T03:44:12.6909881Z A path returned 202. Retrying...
2022-10-02T03:44:12.6910417Z A path returned 202. Retrying...
2022-10-02T03:44:12.6910668Z A path returned 202. Retrying...
2022-10-02T03:44:12.6911011Z A path returned 202. Retrying...
2022-10-02T03:44:12.6911341Z A path returned 202. Retrying...
2022-10-02T03:44:12.6911671Z A path returned 202. Retrying...
2022-10-02T03:44:12.6912005Z A path returned 202. Retrying...
2022-10-02T03:44:12.6912262Z A path returned 202. Retrying...
2022-10-02T03:44:12.6912504Z A path returned 202. Retrying...
2022-10-02T03:44:12.6912836Z A path returned 202. Retrying...
2022-10-02T03:44:12.6913081Z A path returned 202. Retrying...
2022-10-02T03:44:12.6913416Z A path returned 202. Retrying...
2022-10-02T03:44:12.6913754Z A path returned 202. Retrying...
2022-10-02T03:44:12.6914090Z A path returned 202. Retrying...
2022-10-02T03:44:12.6914742Z A path returned 202. Retrying...
2022-10-02T03:44:12.6915073Z A path returned 202. Retrying...
2022-10-02T03:44:12.6915398Z A path returned 202. Retrying...
2022-10-02T03:44:12.6915719Z A path returned 202. Retrying...
2022-10-02T03:44:12.6916039Z A path returned 202. Retrying...
2022-10-02T03:44:12.6916372Z A path returned 202. Retrying...
2022-10-02T03:44:12.6916825Z A path returned 202. Retrying...
2022-10-02T03:44:12.6917260Z A path returned 202. Retrying...
2022-10-02T03:44:12.6917735Z A path returned 202. Retrying...
2022-10-02T03:44:12.6918025Z A path returned 202. Retrying...
2022-10-02T03:44:12.6918460Z A path returned 202. Retrying...
2022-10-02T03:44:12.6918830Z A path returned 202. Retrying...
2022-10-02T03:44:12.6919192Z A path returned 202. Retrying...
2022-10-02T03:44:12.6919474Z A path returned 202. Retrying...
2022-10-02T03:44:12.6920049Z A path returned 202. Retrying...
2022-10-02T03:44:12.6920559Z A path returned 202. Retrying...
2022-10-02T03:44:12.6921087Z A path returned 202. Retrying...
2022-10-02T03:44:12.6921590Z A path returned 202. Retrying...
2022-10-02T03:44:12.6922113Z A path returned 202. Retrying...
2022-10-02T03:44:12.6922433Z A path returned 202. Retrying...
2022-10-02T03:44:12.6922761Z A path returned 202. Retrying...
2022-10-02T03:44:12.6923278Z A path returned 202. Retrying...
2022-10-02T03:44:12.6923795Z A path returned 202. Retrying...
2022-10-02T03:44:12.6924132Z A path returned 202. Retrying...
2022-10-02T03:44:12.6924811Z A path returned 202. Retrying...
2022-10-02T03:44:12.6925153Z A path returned 202. Retrying...
2022-10-02T03:44:12.6925881Z A path returned 202. Retrying...
2022-10-02T03:44:12.6926262Z A path returned 202. Retrying...
2022-10-02T03:44:12.6926933Z A path returned 202. Retrying...
2022-10-02T03:44:12.6927271Z A path returned 202. Retrying...
2022-10-02T03:44:12.6927535Z A path returned 202. Retrying...
2022-10-02T03:44:12.6927875Z A path returned 202. Retrying...
2022-10-02T03:44:12.6928226Z A path returned 202. Retrying...
2022-10-02T03:44:12.6928955Z A path returned 202. Retrying...
2022-10-02T03:44:12.6929361Z A path returned 202. Retrying...
2022-10-02T03:44:12.6929603Z A path returned 202. Retrying...
2022-10-02T03:44:12.6929941Z A path returned 202. Retrying...
2022-10-02T03:44:12.6930342Z A path returned 202. Retrying...
2022-10-02T03:44:12.6930808Z A path returned 202. Retrying...
2022-10-02T03:44:12.6931353Z A path returned 202. Retrying...
2022-10-02T03:44:12.6931598Z A path returned 202. Retrying...
2022-10-02T03:44:12.6931823Z A path returned 202. Retrying...
2022-10-02T03:44:12.6932166Z A path returned 202. Retrying...
2022-10-02T03:44:12.6932501Z A path returned 202. Retrying...
2022-10-02T03:44:12.6932833Z A path returned 202. Retrying...
2022-10-02T03:44:12.6933162Z A path returned 202. Retrying...
2022-10-02T03:44:12.6933492Z A path returned 202. Retrying...
2022-10-02T03:44:12.6933826Z A path returned 202. Retrying...
2022-10-02T03:44:12.6934255Z A path returned 202. Retrying...
2022-10-02T03:44:12.6934622Z A path returned 202. Retrying...
2022-10-02T03:44:12.6934955Z A path returned 202. Retrying...
2022-10-02T03:44:12.6935292Z A path returned 202. Retrying...
2022-10-02T03:44:12.6935628Z A path returned 202. Retrying...
2022-10-02T03:44:12.6935946Z A path returned 202. Retrying...
2022-10-02T03:44:12.6936290Z A path returned 202. Retrying...
2022-10-02T03:44:12.6936622Z A path returned 202. Retrying...
2022-10-02T03:44:12.6936952Z A path returned 202. Retrying...
2022-10-02T03:44:12.6937283Z A path returned 202. Retrying...
2022-10-02T03:44:12.6937612Z A path returned 202. Retrying...
2022-10-02T03:44:12.6937942Z A path returned 202. Retrying...
2022-10-02T03:44:12.6938276Z A path returned 202. Retrying...
2022-10-02T03:44:12.6938609Z A path returned 202. Retrying...
2022-10-02T03:55:58.8386350Z A path returned 202. Retrying...
2022-10-02T03:55:58.8387021Z A path returned 202. Retrying...
2022-10-02T03:55:58.8387709Z A path returned 202. Retrying...
2022-10-02T03:55:58.8388177Z A path returned 202. Retrying...
2022-10-02T03:55:58.8388674Z A path returned 202. Retrying...
2022-10-02T03:55:58.8389006Z A path returned 202. Retrying...
2022-10-02T03:55:58.8389270Z A path returned 202. Retrying...
2022-10-02T03:55:58.8389520Z A path returned 202. Retrying...
2022-10-02T03:55:58.8389811Z A path returned 202. Retrying...
2022-10-02T03:55:58.8390094Z A path returned 202. Retrying...
2022-10-02T03:55:58.8390360Z A path returned 202. Retrying...
2022-10-02T03:55:58.8390622Z A path returned 202. Retrying...
2022-10-02T03:55:58.8390884Z A path returned 202. Retrying...
2022-10-02T03:55:58.8391146Z A path returned 202. Retrying...
2022-10-02T03:55:58.8391407Z A path returned 202. Retrying...
2022-10-02T03:55:58.8391652Z A path returned 202. Retrying...
2022-10-02T03:55:58.8392061Z A path returned 202. Retrying...
2022-10-02T03:55:58.8392314Z A path returned 202. Retrying...
2022-10-02T03:55:58.8392743Z A path returned 202. Retrying...
2022-10-02T03:55:58.8393183Z A path returned 202. Retrying...
2022-10-02T03:55:58.8393451Z A path returned 202. Retrying...
2022-10-02T03:55:58.8393718Z A path returned 202. Retrying...
2022-10-02T03:55:58.8393967Z A path returned 202. Retrying...
2022-10-02T03:55:58.8394237Z A path returned 202. Retrying...
2022-10-02T03:55:58.8401301Z A path returned 202. Retrying...
2022-10-02T03:55:58.8401981Z A path returned 202. Retrying...
2022-10-02T03:55:58.8402400Z A path returned 202. Retrying...
2022-10-02T03:55:58.8402656Z A path returned 202. Retrying...
2022-10-02T03:55:58.8402909Z A path returned 202. Retrying...
2022-10-02T03:55:58.8403161Z A path returned 202. Retrying...
2022-10-02T03:55:58.8403397Z A path returned 202. Retrying...
2022-10-02T03:55:58.8403645Z A path returned 202. Retrying...
2022-10-02T03:55:58.8403895Z A path returned 202. Retrying...
2022-10-02T03:55:58.8404146Z A path returned 202. Retrying...
2022-10-02T03:55:58.8404398Z A path returned 202. Retrying...
2022-10-02T03:55:58.8404654Z A path returned 202. Retrying...
2022-10-02T03:55:58.8404909Z A path returned 202. Retrying...
2022-10-02T03:55:58.8405162Z A path returned 202. Retrying...
2022-10-02T03:55:58.8405398Z A path returned 202. Retrying...
2022-10-02T03:55:58.8405647Z A path returned 202. Retrying...
2022-10-02T03:55:58.8405897Z A path returned 202. Retrying...
2022-10-02T03:55:58.8406149Z A path returned 202. Retrying...
2022-10-02T03:55:58.8406651Z A path returned 202. Retrying...
2022-10-02T03:55:58.8406991Z A path returned 202. Retrying...
2022-10-02T03:55:58.8407237Z A path returned 202. Retrying...
2022-10-02T03:55:58.8407488Z A path returned 202. Retrying...
2022-10-02T03:55:58.8407738Z A path returned 202. Retrying...
2022-10-02T03:55:58.8408155Z A path returned 202. Retrying...
2022-10-02T03:55:58.8408584Z A path returned 202. Retrying...
2022-10-02T03:55:58.8409063Z A path returned 202. Retrying...
2022-10-02T03:55:58.8409343Z A path returned 202. Retrying...
2022-10-02T03:55:58.8409625Z A path returned 202. Retrying...
2022-10-02T03:55:58.8410031Z A path returned 202. Retrying...
2022-10-02T03:55:58.8410328Z A path returned 202. Retrying...
2022-10-02T03:55:58.8410766Z A path returned 202. Retrying...
2022-10-02T03:55:58.8411040Z A path returned 202. Retrying...
2022-10-02T03:55:58.8411295Z A path returned 202. Retrying...
2022-10-02T03:55:58.8411566Z A path returned 202. Retrying...
2022-10-02T03:55:58.8411842Z A path returned 202. Retrying...
2022-10-02T03:55:58.8412413Z A path returned 202. Retrying...
2022-10-02T03:55:58.8412658Z A path returned 202. Retrying...
2022-10-02T03:55:58.8412906Z A path returned 202. Retrying...
2022-10-02T03:55:58.8413151Z A path returned 202. Retrying...
2022-10-02T03:55:58.8413398Z A path returned 202. Retrying...
2022-10-02T03:55:58.8413630Z A path returned 202. Retrying...
2022-10-02T03:55:58.8413877Z A path returned 202. Retrying...
2022-10-02T03:55:58.8414124Z A path returned 202. Retrying...
2022-10-02T03:55:58.8414367Z A path returned 202. Retrying...
2022-10-02T03:55:58.8414617Z A path returned 202. Retrying...
2022-10-02T03:55:58.8414864Z A path returned 202. Retrying...
2022-10-02T03:55:58.8415109Z A path returned 202. Retrying...
2022-10-02T03:55:58.8415354Z A path returned 202. Retrying...
2022-10-02T03:55:58.8415584Z A path returned 202. Retrying...
2022-10-02T03:55:58.8415829Z A path returned 202. Retrying...
2022-10-02T03:55:58.8416074Z A path returned 202. Retrying...
2022-10-02T03:55:58.8416323Z A path returned 202. Retrying...
2022-10-02T03:55:58.8416567Z A path returned 202. Retrying...
2022-10-02T03:55:58.8416814Z A path returned 202. Retrying...
2022-10-02T03:55:58.8417061Z A path returned 202. Retrying...
2022-10-02T03:55:58.8417308Z A path returned 202. Retrying...
2022-10-02T03:55:58.8417538Z A path returned 202. Retrying...
2022-10-02T03:55:58.8417786Z A path returned 202. Retrying...
2022-10-02T03:55:58.8418032Z A path returned 202. Retrying...
2022-10-02T03:55:58.8418725Z A path returned 202. Retrying...
2022-10-02T03:55:58.8418989Z A path returned 202. Retrying...
2022-10-02T03:55:58.8419254Z A path returned 202. Retrying...
2022-10-02T03:55:58.8419696Z A path returned 202. Retrying...
2022-10-02T03:55:58.8419951Z A path returned 202. Retrying...
2022-10-02T03:55:58.8420222Z A path returned 202. Retrying...
2022-10-02T03:55:58.8420492Z A path returned 202. Retrying...
2022-10-02T03:55:58.8420763Z A path returned 202. Retrying...
2022-10-02T03:55:58.8421038Z A path returned 202. Retrying...
2022-10-02T03:55:58.8421309Z A path returned 202. Retrying...
2022-10-02T03:55:58.8421578Z A path returned 202. Retrying...
2022-10-02T03:55:58.8421997Z A path returned 202. Retrying...
2022-10-02T03:55:58.8422245Z A path returned 202. Retrying...
2022-10-02T03:55:58.8422505Z A path returned 202. Retrying...
2022-10-02T03:55:58.8423090Z A path returned 202. Retrying...
2022-10-02T03:55:58.8423337Z A path returned 202. Retrying...
2022-10-02T03:55:58.8423581Z A path returned 202. Retrying...
2022-10-02T03:55:58.8423828Z A path returned 202. Retrying...
2022-10-02T03:55:58.8424254Z A path returned 202. Retrying...
2022-10-02T03:55:58.8424507Z A path returned 202. Retrying...
2022-10-02T03:55:58.8424745Z A path returned 202. Retrying...
2022-10-02T03:55:58.8424998Z A path returned 202. Retrying...
2022-10-02T03:55:58.8425427Z A path returned 202. Retrying...
2022-10-02T03:55:58.8425689Z A path returned 202. Retrying...
2022-10-02T03:55:58.8425952Z A path returned 202. Retrying...
2022-10-02T03:55:58.8426532Z A path returned 202. Retrying...
2022-10-02T03:55:58.8426805Z A path returned 202. Retrying...
2022-10-02T03:55:58.8427369Z A path returned 202. Retrying...
2022-10-02T03:55:58.8427625Z A path returned 202. Retrying...
2022-10-02T03:55:58.8428237Z A path returned 202. Retrying...
2022-10-02T03:55:58.8428504Z A path returned 202. Retrying...
2022-10-02T03:55:58.8428773Z A path returned 202. Retrying...
2022-10-02T03:55:58.8429224Z A path returned 202. Retrying...
2022-10-02T03:55:58.8429574Z A path returned 202. Retrying...
2022-10-02T03:55:58.8429853Z A path returned 202. Retrying...
2022-10-02T03:55:58.8430196Z A path returned 202. Retrying...
2022-10-02T03:55:58.8430492Z A path returned 202. Retrying...
2022-10-02T03:55:58.8430771Z A path returned 202. Retrying...
2022-10-02T03:55:58.8431052Z A path returned 202. Retrying...
2022-10-02T03:55:58.8431479Z A path returned 202. Retrying...
2022-10-02T03:55:58.8431750Z A path returned 202. Retrying...
2022-10-02T03:55:58.8432275Z A path returned 202. Retrying...
2022-10-02T03:55:58.8432687Z A path returned 202. Retrying...
2022-10-02T03:55:58.8432934Z A path returned 202. Retrying...
2022-10-02T03:55:58.8433181Z A path returned 202. Retrying...
2022-10-02T03:55:58.8433413Z A path returned 202. Retrying...
2022-10-02T03:55:58.8433660Z A path returned 202. Retrying...
2022-10-02T03:55:58.8433918Z A path returned 202. Retrying...
2022-10-02T03:55:58.8434165Z A path returned 202. Retrying...
2022-10-02T03:55:58.8434414Z A path returned 202. Retrying...
2022-10-02T03:55:58.8434829Z A path returned 202. Retrying...
2022-10-02T03:55:58.8435086Z A path returned 202. Retrying...
2022-10-02T03:55:58.8435509Z A path returned 202. Retrying...
2022-10-02T03:55:58.8435746Z A path returned 202. Retrying...
2022-10-02T03:55:58.8435999Z A path returned 202. Retrying...
2022-10-02T03:55:58.8436253Z A path returned 202. Retrying...
2022-10-02T03:55:58.8436506Z A path returned 202. Retrying...
2022-10-02T03:55:58.8436760Z A path returned 202. Retrying...
2022-10-02T03:55:58.8437168Z A path returned 202. Retrying...
2022-10-02T03:55:58.8437417Z A path returned 202. Retrying...
2022-10-02T03:55:58.8437647Z A path returned 202. Retrying...
2022-10-02T03:55:58.8438059Z A path returned 202. Retrying...
2022-10-02T03:55:58.8438464Z A path returned 202. Retrying...
2022-10-02T03:55:58.8438901Z A path returned 202. Retrying...
2022-10-02T03:55:58.8439154Z A path returned 202. Retrying...
2022-10-02T03:55:58.8439406Z A path returned 202. Retrying...
2022-10-02T03:55:58.8439657Z A path returned 202. Retrying...
2022-10-02T03:55:58.8439909Z A path returned 202. Retrying...
2022-10-02T03:55:58.8440153Z A path returned 202. Retrying...
2022-10-02T03:55:58.8440406Z A path returned 202. Retrying...
2022-10-02T03:55:58.8441750Z A path returned 202. Retrying...
2022-10-02T03:55:58.8450297Z A path returned 202. Retrying...
2022-10-02T03:55:58.8450599Z A path returned 202. Retrying...
2022-10-02T03:55:58.8450879Z A path returned 202. Retrying...
2022-10-02T03:55:58.8451167Z A path returned 202. Retrying...
2022-10-02T03:55:58.8451446Z A path returned 202. Retrying...
2022-10-02T03:55:58.8451712Z A path returned 202. Retrying...
2022-10-02T03:55:58.8451990Z A path returned 202. Retrying...
2022-10-02T03:55:58.8452269Z A path returned 202. Retrying...
2022-10-02T03:55:58.8452548Z A path returned 202. Retrying...
2022-10-02T03:55:58.8452827Z A path returned 202. Retrying...
2022-10-02T03:55:58.8453104Z A path returned 202. Retrying...
2022-10-02T03:55:58.8453381Z A path returned 202. Retrying...
2022-10-02T03:55:58.8453642Z A path returned 202. Retrying...
2022-10-02T03:55:58.8453921Z A path returned 202. Retrying...
2022-10-02T03:55:58.8454358Z A path returned 202. Retrying...
2022-10-02T03:55:58.8454626Z A path returned 202. Retrying...
2022-10-02T03:55:58.8455051Z A path returned 202. Retrying...
2022-10-02T03:55:58.8455310Z A path returned 202. Retrying...
2022-10-02T03:55:58.8455568Z A path returned 202. Retrying...
2022-10-02T03:55:58.8455827Z A path returned 202. Retrying...
2022-10-02T03:55:58.8456319Z A path returned 202. Retrying...
2022-10-02T03:55:58.8456582Z A path returned 202. Retrying...
2022-10-02T03:55:58.8456842Z A path returned 202. Retrying...
2022-10-02T03:55:58.8457103Z A path returned 202. Retrying...
2022-10-02T03:55:58.8457363Z A path returned 202. Retrying...
2022-10-02T03:55:58.8457622Z A path returned 202. Retrying...
2022-10-02T03:55:58.8457884Z A path returned 202. Retrying...
2022-10-02T03:55:58.8458478Z A path returned 202. Retrying...
2022-10-02T03:55:58.8458725Z A path returned 202. Retrying...
2022-10-02T03:55:58.8458985Z A path returned 202. Retrying...
2022-10-02T03:55:58.8459341Z A path returned 202. Retrying...
2022-10-02T03:55:58.8459618Z A path returned 202. Retrying...
2022-10-02T03:55:58.8459878Z A path returned 202. Retrying...
2022-10-02T03:55:58.8460141Z A path returned 202. Retrying...
2022-10-02T03:55:58.8460401Z A path returned 202. Retrying...
2022-10-02T03:55:58.8460644Z A path returned 202. Retrying...
2022-10-02T03:55:58.8461091Z A path returned 202. Retrying...
2022-10-02T03:55:58.8461517Z A path returned 202. Retrying...
2022-10-02T03:55:58.8461770Z A path returned 202. Retrying...
2022-10-02T03:55:58.8462193Z A path returned 202. Retrying...
2022-10-02T03:55:58.8462452Z A path returned 202. Retrying...
2022-10-02T03:55:58.8462711Z A path returned 202. Retrying...
2022-10-02T03:55:58.8462969Z A path returned 202. Retrying...
2022-10-02T03:55:58.8463216Z A path returned 202. Retrying...
2022-10-02T03:55:58.8463474Z A path returned 202. Retrying...
2022-10-02T03:55:58.8463732Z A path returned 202. Retrying...
2022-10-02T03:55:58.8463991Z A path returned 202. Retrying...
2022-10-02T03:55:58.8464252Z A path returned 202. Retrying...
2022-10-02T03:55:58.8464511Z A path returned 202. Retrying...
2022-10-02T03:55:58.8464769Z A path returned 202. Retrying...
2022-10-02T03:55:58.8465030Z A path returned 202. Retrying...
2022-10-02T03:55:58.8465275Z A path returned 202. Retrying...
2022-10-02T03:55:58.8465533Z A path returned 202. Retrying...
2022-10-02T03:55:58.8465955Z A path returned 202. Retrying...
2022-10-02T03:55:58.8466365Z A path returned 202. Retrying...
2022-10-02T03:55:58.8466612Z A path returned 202. Retrying...
2022-10-02T03:55:58.8466854Z A path returned 202. Retrying...
2022-10-02T03:55:58.8467097Z A path returned 202. Retrying...
2022-10-02T03:55:58.8467324Z A path returned 202. Retrying...
2022-10-02T03:55:58.8467573Z A path returned 202. Retrying...
2022-10-02T03:55:58.8467817Z A path returned 202. Retrying...
2022-10-02T03:55:58.8468237Z A path returned 202. Retrying...
2022-10-02T03:55:58.8468715Z A path returned 202. Retrying...
2022-10-02T03:55:58.8468977Z A path returned 202. Retrying...
2022-10-02T03:55:58.8469237Z A path returned 202. Retrying...
2022-10-02T03:55:58.8469495Z A path returned 202. Retrying...
2022-10-02T03:55:58.8469740Z A path returned 202. Retrying...
2022-10-02T03:55:58.8469997Z A path returned 202. Retrying...
2022-10-02T03:55:58.8470260Z A path returned 202. Retrying...
2022-10-02T03:55:58.8470522Z A path returned 202. Retrying...
2022-10-02T03:55:58.8470780Z A path returned 202. Retrying...
2022-10-02T03:55:58.8471038Z A path returned 202. Retrying...
2022-10-02T03:55:58.8471295Z A path returned 202. Retrying...
2022-10-02T03:55:58.8471554Z A path returned 202. Retrying...
2022-10-02T03:55:58.8472145Z A path returned 202. Retrying...
2022-10-02T03:55:58.8472388Z A path returned 202. Retrying...
2022-10-02T03:55:58.8472810Z A path returned 202. Retrying...
2022-10-02T03:55:58.8473063Z A path returned 202. Retrying...
2022-10-02T03:55:58.8473315Z A path returned 202. Retrying...
2022-10-02T03:55:58.8473565Z A path returned 202. Retrying...
2022-10-02T03:55:58.8473818Z A path returned 202. Retrying...
2022-10-02T03:55:58.8474055Z A path returned 202. Retrying...
2022-10-02T03:55:58.8474305Z A path returned 202. Retrying...
2022-10-02T03:55:58.8474932Z A path returned 202. Retrying...
2022-10-02T03:55:58.8475187Z A path returned 202. Retrying...
2022-10-02T03:55:58.8475439Z A path returned 202. Retrying...
2022-10-02T03:55:58.8475817Z A path returned 202. Retrying...
2022-10-02T03:55:58.8476112Z A path returned 202. Retrying...
2022-10-02T03:55:58.8476526Z A path returned 202. Retrying...
2022-10-02T03:55:58.8476757Z A path returned 202. Retrying...
2022-10-02T03:55:58.8477000Z A path returned 202. Retrying...
2022-10-02T03:55:58.8477244Z A path returned 202. Retrying...
2022-10-02T03:55:58.8477489Z A path returned 202. Retrying...
2022-10-02T03:55:58.8477733Z A path returned 202. Retrying...
2022-10-02T03:55:58.8720414Z ##[group]Run git config --global user.name "jstrieb/github-stats"
2022-10-02T03:55:58.8720885Z [36;1mgit config --global user.name "jstrieb/github-stats"[0m
2022-10-02T03:55:58.8721452Z [36;1mgit config --global user.email "github-stats[bot]@jstrieb.github.io"[0m
2022-10-02T03:55:58.8721783Z [36;1mgit add .[0m
2022-10-02T03:55:58.8722246Z [36;1m# Force the build to succeed, even if no files were changed[0m
2022-10-02T03:55:58.8722581Z [36;1mgit commit -m 'Update generated files' || true[0m
2022-10-02T03:55:58.8722857Z [36;1mgit push[0m
2022-10-02T03:55:58.8787481Z shell: /usr/bin/bash -e {0}
2022-10-02T03:55:58.8787717Z env:
2022-10-02T03:55:58.8788113Z   pythonLocation: /opt/hostedtoolcache/Python/3.8.14/x64
2022-10-02T03:55:58.8788454Z   LD_LIBRARY_PATH: /opt/hostedtoolcache/Python/3.8.14/x64/lib
2022-10-02T03:55:58.8788734Z ##[endgroup]
2022-10-02T03:55:59.0936858Z [master d01e3cb] Update generated files
2022-10-02T03:55:59.0940627Z  2 files changed, 289 insertions(+), 226 deletions(-)
2022-10-02T03:56:00.1326985Z To https://github.com/seanpm2001/GitHub_Stats_A
2022-10-02T03:56:00.1328400Z    3c15ba7..d01e3cb  master -> master
2022-10-02T03:56:00.4287389Z Post job cleanup.
2022-10-02T03:56:00.6085470Z Cache hit occurred on the primary key Linux-pip-60f2a6c0212a9b74a155cd81b58dd07fd8b180833132566260d95f4de42fe218, not saving cache.
2022-10-02T03:56:00.6211665Z Post job cleanup.
2022-10-02T03:56:00.8175570Z Post job cleanup.
2022-10-02T03:56:00.9762933Z [command]/usr/bin/git version
2022-10-02T03:56:00.9820983Z git version 2.37.3
2022-10-02T03:56:00.9876539Z Copying '/home/runner/.gitconfig' to '/home/runner/work/_temp/e25ec665-364a-410f-99b5-430fe23e2448/.gitconfig'
2022-10-02T03:56:00.9895298Z Temporarily overriding HOME='/home/runner/work/_temp/e25ec665-364a-410f-99b5-430fe23e2448' before making global git config changes
2022-10-02T03:56:00.9896347Z Adding repository directory to the temporary git global config as a safe directory
2022-10-02T03:56:00.9899469Z [command]/usr/bin/git config --global --add safe.directory /home/runner/work/GitHub_Stats_A/GitHub_Stats_A
2022-10-02T03:56:00.9949561Z [command]/usr/bin/git config --local --name-only --get-regexp core\.sshCommand
2022-10-02T03:56:00.9991530Z [command]/usr/bin/git submodule foreach --recursive git config --local --name-only --get-regexp 'core\.sshCommand' && git config --local --unset-all 'core.sshCommand' || :
2022-10-02T03:56:01.0382420Z [command]/usr/bin/git config --local --name-only --get-regexp http\.https\:\/\/github\.com\/\.extraheader
2022-10-02T03:56:01.0410967Z http.https://github.com/.extraheader
2022-10-02T03:56:01.0421940Z [command]/usr/bin/git config --local --unset-all http.https://github.com/.extraheader
2022-10-02T03:56:01.0496917Z [command]/usr/bin/git submodule foreach --recursive git config --local --name-only --get-regexp 'http\.https\:\/\/github\.com\/\.extraheader' && git config --local --unset-all 'http.https://github.com/.extraheader' || :
2022-10-02T03:56:01.1198282Z Cleaning up orphan processes
