2022-11-10T02:05:05.8037133Z Requested labels: ubuntu-latest
2022-11-10T02:05:05.8037187Z Job defined at: seanpm2001/GitHub_Stats_A/.github/workflows/main.yml@refs/heads/master
2022-11-10T02:05:05.8037212Z Waiting for a runner to pick up this job...
2022-11-10T02:05:06.5616859Z Job is waiting for a hosted runner to come online.
2022-11-10T02:05:09.7362088Z Job is about to start running on the hosted runner: Hosted Agent (hosted)
2022-11-10T02:05:11.9401251Z Current runner version: '2.299.1'
2022-11-10T02:05:11.9432488Z ##[group]Operating System
2022-11-10T02:05:11.9433078Z Ubuntu
2022-11-10T02:05:11.9433541Z 20.04.5
2022-11-10T02:05:11.9433882Z LTS
2022-11-10T02:05:11.9434238Z ##[endgroup]
2022-11-10T02:05:11.9434586Z ##[group]Runner Image
2022-11-10T02:05:11.9435054Z Image: ubuntu-20.04
2022-11-10T02:05:11.9435445Z Version: 20221027.1
2022-11-10T02:05:11.9436064Z Included Software: https://github.com/actions/runner-images/blob/ubuntu20/20221027.1/images/linux/Ubuntu2004-Readme.md
2022-11-10T02:05:11.9436804Z Image Release: https://github.com/actions/runner-images/releases/tag/ubuntu20%2F20221027.1
2022-11-10T02:05:11.9437347Z ##[endgroup]
2022-11-10T02:05:11.9437795Z ##[group]Runner Image Provisioner
2022-11-10T02:05:11.9438202Z 2.0.91.1
2022-11-10T02:05:11.9438526Z ##[endgroup]
2022-11-10T02:05:11.9439334Z ##[group]GITHUB_TOKEN Permissions
2022-11-10T02:05:11.9439994Z Contents: write
2022-11-10T02:05:11.9440384Z Metadata: read
2022-11-10T02:05:11.9440892Z ##[endgroup]
2022-11-10T02:05:11.9445470Z Secret source: Actions
2022-11-10T02:05:11.9446073Z Prepare workflow directory
2022-11-10T02:05:12.0441017Z Prepare all required actions
2022-11-10T02:05:12.0660311Z Getting action download info
2022-11-10T02:05:12.3391159Z Download action repository 'actions/checkout@v2' (SHA:e2f20e631ae6d7dd3b768f56a5d2af784dd54791)
2022-11-10T02:05:12.7044454Z Download action repository 'actions/setup-python@v2' (SHA:7f80679172b057fc5e90d70d197929d454754a5a)
2022-11-10T02:05:12.9357501Z Download action repository 'actions/cache@v2' (SHA:937d24475381cd9c75ae6db12cb4e79714b926ed)
2022-11-10T02:05:13.5049910Z ##[group]Run actions/checkout@v2
2022-11-10T02:05:13.5050277Z with:
2022-11-10T02:05:13.5050756Z   repository: seanpm2001/GitHub_Stats_A
2022-11-10T02:05:13.5051587Z   token: ***
2022-11-10T02:05:13.5051897Z   ssh-strict: true
2022-11-10T02:05:13.5052187Z   persist-credentials: true
2022-11-10T02:05:13.5052531Z   clean: true
2022-11-10T02:05:13.5052777Z   fetch-depth: 1
2022-11-10T02:05:13.5053023Z   lfs: false
2022-11-10T02:05:13.5053266Z   submodules: false
2022-11-10T02:05:13.5053552Z   set-safe-directory: true
2022-11-10T02:05:13.5053828Z ##[endgroup]
2022-11-10T02:05:13.9189666Z Syncing repository: seanpm2001/GitHub_Stats_A
2022-11-10T02:05:13.9191634Z ##[group]Getting Git version info
2022-11-10T02:05:13.9192362Z Working directory is '/home/runner/work/GitHub_Stats_A/GitHub_Stats_A'
2022-11-10T02:05:13.9192988Z [command]/usr/bin/git version
2022-11-10T02:05:13.9382244Z git version 2.38.1
2022-11-10T02:05:13.9414196Z ##[endgroup]
2022-11-10T02:05:13.9468444Z Temporarily overriding HOME='/home/runner/work/_temp/85a11589-e764-4d18-a0c5-abe0752d2aa8' before making global git config changes
2022-11-10T02:05:13.9472133Z Adding repository directory to the temporary git global config as a safe directory
2022-11-10T02:05:13.9480022Z [command]/usr/bin/git config --global --add safe.directory /home/runner/work/GitHub_Stats_A/GitHub_Stats_A
2022-11-10T02:05:13.9538476Z Deleting the contents of '/home/runner/work/GitHub_Stats_A/GitHub_Stats_A'
2022-11-10T02:05:13.9550115Z ##[group]Initializing the repository
2022-11-10T02:05:13.9554678Z [command]/usr/bin/git init /home/runner/work/GitHub_Stats_A/GitHub_Stats_A
2022-11-10T02:05:13.9675547Z hint: Using 'master' as the name for the initial branch. This default branch name
2022-11-10T02:05:13.9677111Z hint: is subject to change. To configure the initial branch name to use in all
2022-11-10T02:05:13.9678074Z hint: of your new repositories, which will suppress this warning, call:
2022-11-10T02:05:13.9678529Z hint: 
2022-11-10T02:05:13.9679092Z hint: 	git config --global init.defaultBranch <name>
2022-11-10T02:05:13.9679615Z hint: 
2022-11-10T02:05:13.9680044Z hint: Names commonly chosen instead of 'master' are 'main', 'trunk' and
2022-11-10T02:05:13.9680604Z hint: 'development'. The just-created branch can be renamed via this command:
2022-11-10T02:05:13.9680940Z hint: 
2022-11-10T02:05:13.9681256Z hint: 	git branch -m <name>
2022-11-10T02:05:13.9698184Z Initialized empty Git repository in /home/runner/work/GitHub_Stats_A/GitHub_Stats_A/.git/
2022-11-10T02:05:13.9713764Z [command]/usr/bin/git remote add origin https://github.com/seanpm2001/GitHub_Stats_A
2022-11-10T02:05:13.9838974Z ##[endgroup]
2022-11-10T02:05:13.9839971Z ##[group]Disabling automatic garbage collection
2022-11-10T02:05:13.9914622Z [command]/usr/bin/git config --local gc.auto 0
2022-11-10T02:05:13.9915335Z ##[endgroup]
2022-11-10T02:05:13.9915802Z ##[group]Setting up auth
2022-11-10T02:05:13.9916301Z [command]/usr/bin/git config --local --name-only --get-regexp core\.sshCommand
2022-11-10T02:05:13.9917166Z [command]/usr/bin/git submodule foreach --recursive git config --local --name-only --get-regexp 'core\.sshCommand' && git config --local --unset-all 'core.sshCommand' || :
2022-11-10T02:05:14.0462487Z [command]/usr/bin/git config --local --name-only --get-regexp http\.https\:\/\/github\.com\/\.extraheader
2022-11-10T02:05:14.0504038Z [command]/usr/bin/git submodule foreach --recursive git config --local --name-only --get-regexp 'http\.https\:\/\/github\.com\/\.extraheader' && git config --local --unset-all 'http.https://github.com/.extraheader' || :
2022-11-10T02:05:14.0798049Z [command]/usr/bin/git config --local http.https://github.com/.extraheader AUTHORIZATION: basic ***
2022-11-10T02:05:14.0845174Z ##[endgroup]
2022-11-10T02:05:14.0846150Z ##[group]Fetching the repository
2022-11-10T02:05:14.0855870Z [command]/usr/bin/git -c protocol.version=2 fetch --no-tags --prune --progress --no-recurse-submodules --depth=1 origin +86f0e6b2ac0a9817bd87d9a62c5af0b2a1bf5a24:refs/remotes/origin/master
2022-11-10T02:05:14.3343249Z remote: Enumerating objects: 1888, done.        
2022-11-10T02:05:14.3390369Z remote: Counting objects:   0% (1/1888)        
2022-11-10T02:05:14.3448382Z remote: Counting objects:   1% (19/1888)        
2022-11-10T02:05:14.3449020Z remote: Counting objects:   2% (38/1888)        
2022-11-10T02:05:14.3450400Z remote: Counting objects:   3% (57/1888)        
2022-11-10T02:05:14.3451940Z remote: Counting objects:   4% (76/1888)        
2022-11-10T02:05:14.3452495Z remote: Counting objects:   5% (95/1888)        
2022-11-10T02:05:14.3453193Z remote: Counting objects:   6% (114/1888)        
2022-11-10T02:05:14.3453847Z remote: Counting objects:   7% (133/1888)        
2022-11-10T02:05:14.3454483Z remote: Counting objects:   8% (152/1888)        
2022-11-10T02:05:14.3455423Z remote: Counting objects:   9% (170/1888)        
2022-11-10T02:05:14.3456173Z remote: Counting objects:  10% (189/1888)        
2022-11-10T02:05:14.3456863Z remote: Counting objects:  11% (208/1888)        
2022-11-10T02:05:14.3457281Z remote: Counting objects:  12% (227/1888)        
2022-11-10T02:05:14.3457945Z remote: Counting objects:  13% (246/1888)        
2022-11-10T02:05:14.3497249Z remote: Counting objects:  14% (265/1888)        
2022-11-10T02:05:14.3497776Z remote: Counting objects:  15% (284/1888)        
2022-11-10T02:05:14.3503224Z remote: Counting objects:  16% (303/1888)        
2022-11-10T02:05:14.3503782Z remote: Counting objects:  17% (321/1888)        
2022-11-10T02:05:14.3504712Z remote: Counting objects:  18% (340/1888)        
2022-11-10T02:05:14.3505629Z remote: Counting objects:  19% (359/1888)        
2022-11-10T02:05:14.3506336Z remote: Counting objects:  20% (378/1888)        
2022-11-10T02:05:14.3507205Z remote: Counting objects:  21% (397/1888)        
2022-11-10T02:05:14.3508083Z remote: Counting objects:  22% (416/1888)        
2022-11-10T02:05:14.3508862Z remote: Counting objects:  23% (435/1888)        
2022-11-10T02:05:14.3509768Z remote: Counting objects:  24% (454/1888)        
2022-11-10T02:05:14.3510467Z remote: Counting objects:  25% (472/1888)        
2022-11-10T02:05:14.3511256Z remote: Counting objects:  26% (491/1888)        
2022-11-10T02:05:14.3512187Z remote: Counting objects:  27% (510/1888)        
2022-11-10T02:05:14.3513122Z remote: Counting objects:  28% (529/1888)        
2022-11-10T02:05:14.3514013Z remote: Counting objects:  29% (548/1888)        
2022-11-10T02:05:14.3514889Z remote: Counting objects:  30% (567/1888)        
2022-11-10T02:05:14.3515715Z remote: Counting objects:  31% (586/1888)        
2022-11-10T02:05:14.3516562Z remote: Counting objects:  32% (605/1888)        
2022-11-10T02:05:14.3517410Z remote: Counting objects:  33% (624/1888)        
2022-11-10T02:05:14.3518375Z remote: Counting objects:  34% (642/1888)        
2022-11-10T02:05:14.3519240Z remote: Counting objects:  35% (661/1888)        
2022-11-10T02:05:14.3520148Z remote: Counting objects:  36% (680/1888)        
2022-11-10T02:05:14.3521085Z remote: Counting objects:  37% (699/1888)        
2022-11-10T02:05:14.3521962Z remote: Counting objects:  38% (718/1888)        
2022-11-10T02:05:14.3522678Z remote: Counting objects:  39% (737/1888)        
2022-11-10T02:05:14.3523555Z remote: Counting objects:  40% (756/1888)        
2022-11-10T02:05:14.3524480Z remote: Counting objects:  41% (775/1888)        
2022-11-10T02:05:14.3525265Z remote: Counting objects:  42% (793/1888)        
2022-11-10T02:05:14.3525947Z remote: Counting objects:  43% (812/1888)        
2022-11-10T02:05:14.3526829Z remote: Counting objects:  44% (831/1888)        
2022-11-10T02:05:14.3527704Z remote: Counting objects:  45% (850/1888)        
2022-11-10T02:05:14.3528406Z remote: Counting objects:  46% (869/1888)        
2022-11-10T02:05:14.3529233Z remote: Counting objects:  47% (888/1888)        
2022-11-10T02:05:14.3530141Z remote: Counting objects:  48% (907/1888)        
2022-11-10T02:05:14.3530937Z remote: Counting objects:  49% (926/1888)        
2022-11-10T02:05:14.3532124Z remote: Counting objects:  50% (944/1888)        
2022-11-10T02:05:14.3532597Z remote: Counting objects:  51% (963/1888)        
2022-11-10T02:05:14.3533422Z remote: Counting objects:  52% (982/1888)        
2022-11-10T02:05:14.3534336Z remote: Counting objects:  53% (1001/1888)        
2022-11-10T02:05:14.3535248Z remote: Counting objects:  54% (1020/1888)        
2022-11-10T02:05:14.3536041Z remote: Counting objects:  55% (1039/1888)        
2022-11-10T02:05:14.3536977Z remote: Counting objects:  56% (1058/1888)        
2022-11-10T02:05:14.3537849Z remote: Counting objects:  57% (1077/1888)        
2022-11-10T02:05:14.3538836Z remote: Counting objects:  58% (1096/1888)        
2022-11-10T02:05:14.3539716Z remote: Counting objects:  59% (1114/1888)        
2022-11-10T02:05:14.3540590Z remote: Counting objects:  60% (1133/1888)        
2022-11-10T02:05:14.3541531Z remote: Counting objects:  61% (1152/1888)        
2022-11-10T02:05:14.3544138Z remote: Counting objects:  62% (1171/1888)        
2022-11-10T02:05:14.3545196Z remote: Counting objects:  63% (1190/1888)        
2022-11-10T02:05:14.3545694Z remote: Counting objects:  64% (1209/1888)        
2022-11-10T02:05:14.3546369Z remote: Counting objects:  65% (1228/1888)        
2022-11-10T02:05:14.3547294Z remote: Counting objects:  66% (1247/1888)        
2022-11-10T02:05:14.3548172Z remote: Counting objects:  67% (1265/1888)        
2022-11-10T02:05:14.3549077Z remote: Counting objects:  68% (1284/1888)        
2022-11-10T02:05:14.3549948Z remote: Counting objects:  69% (1303/1888)        
2022-11-10T02:05:14.3550861Z remote: Counting objects:  70% (1322/1888)        
2022-11-10T02:05:14.3551528Z remote: Counting objects:  71% (1341/1888)        
2022-11-10T02:05:14.3552415Z remote: Counting objects:  72% (1360/1888)        
2022-11-10T02:05:14.3553281Z remote: Counting objects:  73% (1379/1888)        
2022-11-10T02:05:14.3554062Z remote: Counting objects:  74% (1398/1888)        
2022-11-10T02:05:14.3554860Z remote: Counting objects:  75% (1416/1888)        
2022-11-10T02:05:14.3555781Z remote: Counting objects:  76% (1435/1888)        
2022-11-10T02:05:14.3556574Z remote: Counting objects:  77% (1454/1888)        
2022-11-10T02:05:14.3557442Z remote: Counting objects:  78% (1473/1888)        
2022-11-10T02:05:14.3558497Z remote: Counting objects:  79% (1492/1888)        
2022-11-10T02:05:14.3560930Z remote: Counting objects:  80% (1511/1888)        
2022-11-10T02:05:14.3562302Z remote: Counting objects:  81% (1530/1888)        
2022-11-10T02:05:14.3563026Z remote: Counting objects:  82% (1549/1888)        
2022-11-10T02:05:14.3563962Z remote: Counting objects:  83% (1568/1888)        
2022-11-10T02:05:14.3564825Z remote: Counting objects:  84% (1586/1888)        
2022-11-10T02:05:14.3565286Z remote: Counting objects:  85% (1605/1888)        
2022-11-10T02:05:14.3565955Z remote: Counting objects:  86% (1624/1888)        
2022-11-10T02:05:14.3566842Z remote: Counting objects:  87% (1643/1888)        
2022-11-10T02:05:14.3567729Z remote: Counting objects:  88% (1662/1888)        
2022-11-10T02:05:14.3568627Z remote: Counting objects:  89% (1681/1888)        
2022-11-10T02:05:14.3569573Z remote: Counting objects:  90% (1700/1888)        
2022-11-10T02:05:14.3570453Z remote: Counting objects:  91% (1719/1888)        
2022-11-10T02:05:14.3571335Z remote: Counting objects:  92% (1737/1888)        
2022-11-10T02:05:14.3572214Z remote: Counting objects:  93% (1756/1888)        
2022-11-10T02:05:14.3573101Z remote: Counting objects:  94% (1775/1888)        
2022-11-10T02:05:14.3573993Z remote: Counting objects:  95% (1794/1888)        
2022-11-10T02:05:14.3574907Z remote: Counting objects:  96% (1813/1888)        
2022-11-10T02:05:14.3575786Z remote: Counting objects:  97% (1832/1888)        
2022-11-10T02:05:14.3576650Z remote: Counting objects:  98% (1851/1888)        
2022-11-10T02:05:14.3577416Z remote: Counting objects:  99% (1870/1888)        
2022-11-10T02:05:14.3578355Z remote: Counting objects: 100% (1888/1888)        
2022-11-10T02:05:14.3579147Z remote: Counting objects: 100% (1888/1888), done.        
2022-11-10T02:05:14.3579996Z remote: Compressing objects:   0% (1/688)        
2022-11-10T02:05:14.3580403Z remote: Compressing objects:   1% (7/688)        
2022-11-10T02:05:14.3666299Z remote: Compressing objects:   2% (14/688)        
2022-11-10T02:05:14.3914138Z remote: Compressing objects:   3% (21/688)        
2022-11-10T02:05:14.3914960Z remote: Compressing objects:   4% (28/688)        
2022-11-10T02:05:14.3916669Z remote: Compressing objects:   5% (35/688)        
2022-11-10T02:05:14.3917413Z remote: Compressing objects:   6% (42/688)        
2022-11-10T02:05:14.3918004Z remote: Compressing objects:   7% (49/688)        
2022-11-10T02:05:14.3918574Z remote: Compressing objects:   8% (56/688)        
2022-11-10T02:05:14.3919184Z remote: Compressing objects:   9% (62/688)        
2022-11-10T02:05:14.3919757Z remote: Compressing objects:  10% (69/688)        
2022-11-10T02:05:14.3920343Z remote: Compressing objects:  11% (76/688)        
2022-11-10T02:05:14.3923811Z remote: Compressing objects:  12% (83/688)        
2022-11-10T02:05:14.3933889Z remote: Compressing objects:  13% (90/688)        
2022-11-10T02:05:14.3934434Z remote: Compressing objects:  14% (97/688)        
2022-11-10T02:05:14.3950318Z remote: Compressing objects:  15% (104/688)        
2022-11-10T02:05:14.3950862Z remote: Compressing objects:  16% (111/688)        
2022-11-10T02:05:14.3952078Z remote: Compressing objects:  17% (117/688)        
2022-11-10T02:05:14.3952651Z remote: Compressing objects:  18% (124/688)        
2022-11-10T02:05:14.3957246Z remote: Compressing objects:  19% (131/688)        
2022-11-10T02:05:14.3957767Z remote: Compressing objects:  20% (138/688)        
2022-11-10T02:05:14.3958440Z remote: Compressing objects:  21% (145/688)        
2022-11-10T02:05:14.3959231Z remote: Compressing objects:  22% (152/688)        
2022-11-10T02:05:14.3960139Z remote: Compressing objects:  23% (159/688)        
2022-11-10T02:05:14.4008955Z remote: Compressing objects:  24% (166/688)        
2022-11-10T02:05:14.4132435Z remote: Compressing objects:  25% (172/688)        
2022-11-10T02:05:14.4281205Z remote: Compressing objects:  26% (179/688)        
2022-11-10T02:05:14.4424132Z remote: Compressing objects:  27% (186/688)        
2022-11-10T02:05:14.4605461Z remote: Compressing objects:  28% (193/688)        
2022-11-10T02:05:14.4807930Z remote: Compressing objects:  29% (200/688)        
2022-11-10T02:05:14.4813949Z remote: Compressing objects:  30% (207/688)        
2022-11-10T02:05:14.4815431Z remote: Compressing objects:  31% (214/688)        
2022-11-10T02:05:14.4825517Z remote: Compressing objects:  32% (221/688)        
2022-11-10T02:05:14.4890763Z remote: Compressing objects:  33% (228/688)        
2022-11-10T02:05:14.4970062Z remote: Compressing objects:  34% (234/688)        
2022-11-10T02:05:14.5018407Z remote: Compressing objects:  35% (241/688)        
2022-11-10T02:05:14.5061256Z remote: Compressing objects:  36% (248/688)        
2022-11-10T02:05:14.5061950Z remote: Compressing objects:  37% (255/688)        
2022-11-10T02:05:14.5062986Z remote: Compressing objects:  38% (262/688)        
2022-11-10T02:05:14.5071600Z remote: Compressing objects:  39% (269/688)        
2022-11-10T02:05:14.5075550Z remote: Compressing objects:  40% (276/688)        
2022-11-10T02:05:14.5075938Z remote: Compressing objects:  41% (283/688)        
2022-11-10T02:05:14.5101865Z remote: Compressing objects:  42% (289/688)        
2022-11-10T02:05:14.5102698Z remote: Compressing objects:  43% (296/688)        
2022-11-10T02:05:14.5104675Z remote: Compressing objects:  44% (303/688)        
2022-11-10T02:05:14.5105084Z remote: Compressing objects:  45% (310/688)        
2022-11-10T02:05:14.5105431Z remote: Compressing objects:  46% (317/688)        
2022-11-10T02:05:14.5105759Z remote: Compressing objects:  47% (324/688)        
2022-11-10T02:05:14.5106102Z remote: Compressing objects:  48% (331/688)        
2022-11-10T02:05:14.5106443Z remote: Compressing objects:  49% (338/688)        
2022-11-10T02:05:14.5107100Z remote: Compressing objects:  50% (344/688)        
2022-11-10T02:05:14.5111006Z remote: Compressing objects:  51% (351/688)        
2022-11-10T02:05:14.5112673Z remote: Compressing objects:  52% (358/688)        
2022-11-10T02:05:14.5113056Z remote: Compressing objects:  53% (365/688)        
2022-11-10T02:05:14.5119391Z remote: Compressing objects:  54% (372/688)        
2022-11-10T02:05:14.5119757Z remote: Compressing objects:  55% (379/688)        
2022-11-10T02:05:14.5120101Z remote: Compressing objects:  56% (386/688)        
2022-11-10T02:05:14.5122428Z remote: Compressing objects:  57% (393/688)        
2022-11-10T02:05:14.5129644Z remote: Compressing objects:  58% (400/688)        
2022-11-10T02:05:14.5133853Z remote: Compressing objects:  59% (406/688)        
2022-11-10T02:05:14.5134490Z remote: Compressing objects:  60% (413/688)        
2022-11-10T02:05:14.5135126Z remote: Compressing objects:  61% (420/688)        
2022-11-10T02:05:14.5136389Z remote: Compressing objects:  62% (427/688)        
2022-11-10T02:05:14.5136949Z remote: Compressing objects:  63% (434/688)        
2022-11-10T02:05:14.5137453Z remote: Compressing objects:  64% (441/688)        
2022-11-10T02:05:14.5137825Z remote: Compressing objects:  65% (448/688)        
2022-11-10T02:05:14.5138407Z remote: Compressing objects:  66% (455/688)        
2022-11-10T02:05:14.5138748Z remote: Compressing objects:  67% (461/688)        
2022-11-10T02:05:14.5139331Z remote: Compressing objects:  68% (468/688)        
2022-11-10T02:05:14.5139666Z remote: Compressing objects:  69% (475/688)        
2022-11-10T02:05:14.5140257Z remote: Compressing objects:  70% (482/688)        
2022-11-10T02:05:14.5140595Z remote: Compressing objects:  71% (489/688)        
2022-11-10T02:05:14.5144394Z remote: Compressing objects:  72% (496/688)        
2022-11-10T02:05:14.5145886Z remote: Compressing objects:  73% (503/688)        
2022-11-10T02:05:14.5147224Z remote: Compressing objects:  74% (510/688)        
2022-11-10T02:05:14.5148530Z remote: Compressing objects:  75% (516/688)        
2022-11-10T02:05:14.5149952Z remote: Compressing objects:  76% (523/688)        
2022-11-10T02:05:14.5152553Z remote: Compressing objects:  77% (530/688)        
2022-11-10T02:05:14.5153996Z remote: Compressing objects:  78% (537/688)        
2022-11-10T02:05:14.5155327Z remote: Compressing objects:  79% (544/688)        
2022-11-10T02:05:14.5156632Z remote: Compressing objects:  80% (551/688)        
2022-11-10T02:05:14.5158351Z remote: Compressing objects:  81% (558/688)        
2022-11-10T02:05:14.5161611Z remote: Compressing objects:  82% (565/688)        
2022-11-10T02:05:14.5162266Z remote: Compressing objects:  83% (572/688)        
2022-11-10T02:05:14.5163020Z remote: Compressing objects:  84% (578/688)        
2022-11-10T02:05:14.5163408Z remote: Compressing objects:  85% (585/688)        
2022-11-10T02:05:14.5163757Z remote: Compressing objects:  86% (592/688)        
2022-11-10T02:05:14.5165314Z remote: Compressing objects:  87% (599/688)        
2022-11-10T02:05:14.5165854Z remote: Compressing objects:  88% (606/688)        
2022-11-10T02:05:14.5166201Z remote: Compressing objects:  89% (613/688)        
2022-11-10T02:05:14.5170589Z remote: Compressing objects:  90% (620/688)        
2022-11-10T02:05:14.5171275Z remote: Compressing objects:  91% (627/688)        
2022-11-10T02:05:14.5171944Z remote: Compressing objects:  92% (633/688)        
2022-11-10T02:05:14.5172329Z remote: Compressing objects:  93% (640/688)        
2022-11-10T02:05:14.5172671Z remote: Compressing objects:  94% (647/688)        
2022-11-10T02:05:14.5178011Z remote: Compressing objects:  95% (654/688)        
2022-11-10T02:05:14.5178616Z remote: Compressing objects:  96% (661/688)        
2022-11-10T02:05:14.5179246Z remote: Compressing objects:  97% (668/688)        
2022-11-10T02:05:14.5179609Z remote: Compressing objects:  98% (675/688)        
2022-11-10T02:05:14.5179961Z remote: Compressing objects:  99% (682/688)        
2022-11-10T02:05:14.5182828Z remote: Compressing objects: 100% (688/688)        
2022-11-10T02:05:14.5183617Z remote: Compressing objects: 100% (688/688), done.        
2022-11-10T02:05:14.5193896Z Receiving objects:   0% (1/1888)
2022-11-10T02:05:14.5198441Z Receiving objects:   1% (19/1888)
2022-11-10T02:05:14.5266789Z Receiving objects:   2% (38/1888)
2022-11-10T02:05:14.5285088Z Receiving objects:   3% (57/1888)
2022-11-10T02:05:14.5291457Z Receiving objects:   4% (76/1888)
2022-11-10T02:05:14.5294748Z Receiving objects:   5% (95/1888)
2022-11-10T02:05:14.5302554Z Receiving objects:   6% (114/1888)
2022-11-10T02:05:14.5306706Z Receiving objects:   7% (133/1888)
2022-11-10T02:05:14.5324239Z Receiving objects:   8% (152/1888)
2022-11-10T02:05:14.5332726Z Receiving objects:   9% (170/1888)
2022-11-10T02:05:14.5343267Z Receiving objects:  10% (189/1888)
2022-11-10T02:05:14.5356546Z Receiving objects:  11% (208/1888)
2022-11-10T02:05:14.5382572Z Receiving objects:  12% (227/1888)
2022-11-10T02:05:14.5407230Z Receiving objects:  13% (246/1888)
2022-11-10T02:05:14.5407896Z Receiving objects:  14% (265/1888)
2022-11-10T02:05:14.5408585Z Receiving objects:  15% (284/1888)
2022-11-10T02:05:14.5408944Z Receiving objects:  16% (303/1888)
2022-11-10T02:05:14.5465594Z Receiving objects:  17% (321/1888)
2022-11-10T02:05:14.5478037Z Receiving objects:  18% (340/1888)
2022-11-10T02:05:14.5482203Z Receiving objects:  19% (359/1888)
2022-11-10T02:05:14.5482771Z Receiving objects:  20% (378/1888)
2022-11-10T02:05:14.5487583Z Receiving objects:  21% (397/1888)
2022-11-10T02:05:14.5492382Z Receiving objects:  22% (416/1888)
2022-11-10T02:05:14.5493464Z Receiving objects:  23% (435/1888)
2022-11-10T02:05:14.5498237Z Receiving objects:  24% (454/1888)
2022-11-10T02:05:14.5498792Z Receiving objects:  25% (472/1888)
2022-11-10T02:05:14.5509466Z Receiving objects:  26% (491/1888)
2022-11-10T02:05:14.5510142Z Receiving objects:  27% (510/1888)
2022-11-10T02:05:14.5513944Z Receiving objects:  28% (529/1888)
2022-11-10T02:05:14.5516866Z Receiving objects:  29% (548/1888)
2022-11-10T02:05:14.5522474Z Receiving objects:  30% (567/1888)
2022-11-10T02:05:14.5526245Z Receiving objects:  31% (586/1888)
2022-11-10T02:05:14.5695925Z Receiving objects:  32% (605/1888)
2022-11-10T02:05:14.5700391Z Receiving objects:  33% (624/1888)
2022-11-10T02:05:14.5770607Z Receiving objects:  34% (642/1888)
2022-11-10T02:05:14.5825154Z Receiving objects:  35% (661/1888)
2022-11-10T02:05:14.5868393Z Receiving objects:  36% (680/1888)
2022-11-10T02:05:14.5901264Z Receiving objects:  37% (699/1888)
2022-11-10T02:05:14.5932577Z Receiving objects:  38% (718/1888)
2022-11-10T02:05:14.5949404Z Receiving objects:  39% (737/1888)
2022-11-10T02:05:14.5985362Z Receiving objects:  40% (756/1888)
2022-11-10T02:05:14.6010454Z Receiving objects:  41% (775/1888)
2022-11-10T02:05:14.6036814Z Receiving objects:  42% (793/1888)
2022-11-10T02:05:14.6061219Z Receiving objects:  43% (812/1888)
2022-11-10T02:05:14.6105650Z Receiving objects:  44% (831/1888)
2022-11-10T02:05:14.6119314Z Receiving objects:  45% (850/1888)
2022-11-10T02:05:14.6153656Z Receiving objects:  46% (869/1888)
2022-11-10T02:05:14.6175552Z Receiving objects:  47% (888/1888)
2022-11-10T02:05:14.6201337Z Receiving objects:  48% (907/1888)
2022-11-10T02:05:14.6216248Z Receiving objects:  49% (926/1888)
2022-11-10T02:05:14.6266016Z Receiving objects:  50% (944/1888)
2022-11-10T02:05:14.6293832Z Receiving objects:  51% (963/1888)
2022-11-10T02:05:14.6308797Z Receiving objects:  52% (982/1888)
2022-11-10T02:05:14.6334779Z Receiving objects:  53% (1001/1888)
2022-11-10T02:05:14.6352857Z Receiving objects:  54% (1020/1888)
2022-11-10T02:05:14.6384196Z Receiving objects:  55% (1039/1888)
2022-11-10T02:05:14.6407901Z Receiving objects:  56% (1058/1888)
2022-11-10T02:05:14.6423794Z Receiving objects:  57% (1077/1888)
2022-11-10T02:05:14.6447620Z Receiving objects:  58% (1096/1888)
2022-11-10T02:05:14.6473934Z Receiving objects:  59% (1114/1888)
2022-11-10T02:05:14.6499494Z Receiving objects:  60% (1133/1888)
2022-11-10T02:05:14.6516641Z Receiving objects:  61% (1152/1888)
2022-11-10T02:05:14.6531085Z Receiving objects:  62% (1171/1888)
2022-11-10T02:05:14.6555358Z Receiving objects:  63% (1190/1888)
2022-11-10T02:05:14.6604077Z Receiving objects:  64% (1209/1888)
2022-11-10T02:05:14.6616007Z Receiving objects:  65% (1228/1888)
2022-11-10T02:05:14.6628561Z Receiving objects:  66% (1247/1888)
2022-11-10T02:05:14.6643470Z Receiving objects:  67% (1265/1888)
2022-11-10T02:05:14.6656489Z Receiving objects:  68% (1284/1888)
2022-11-10T02:05:14.6680332Z Receiving objects:  69% (1303/1888)
2022-11-10T02:05:14.6695417Z Receiving objects:  70% (1322/1888)
2022-11-10T02:05:14.6719958Z Receiving objects:  71% (1341/1888)
2022-11-10T02:05:14.6746072Z Receiving objects:  72% (1360/1888)
2022-11-10T02:05:14.6770782Z Receiving objects:  73% (1379/1888)
2022-11-10T02:05:14.6779535Z Receiving objects:  74% (1398/1888)
2022-11-10T02:05:14.6790912Z Receiving objects:  75% (1416/1888)
2022-11-10T02:05:14.6807814Z Receiving objects:  76% (1435/1888)
2022-11-10T02:05:14.6855392Z Receiving objects:  77% (1454/1888)
2022-11-10T02:05:14.6880930Z Receiving objects:  78% (1473/1888)
2022-11-10T02:05:14.6904829Z Receiving objects:  79% (1492/1888)
2022-11-10T02:05:14.6930671Z Receiving objects:  80% (1511/1888)
2022-11-10T02:05:14.6948376Z Receiving objects:  81% (1530/1888)
2022-11-10T02:05:14.6967288Z Receiving objects:  82% (1549/1888)
2022-11-10T02:05:14.6986832Z Receiving objects:  83% (1568/1888)
2022-11-10T02:05:14.7028785Z Receiving objects:  84% (1586/1888)
2022-11-10T02:05:14.7046086Z Receiving objects:  85% (1605/1888)
2022-11-10T02:05:14.7053598Z Receiving objects:  86% (1624/1888)
2022-11-10T02:05:14.7059759Z Receiving objects:  87% (1643/1888)
2022-11-10T02:05:14.7060414Z Receiving objects:  88% (1662/1888)
2022-11-10T02:05:14.7064560Z Receiving objects:  89% (1681/1888)
2022-11-10T02:05:14.7068434Z Receiving objects:  90% (1700/1888)
2022-11-10T02:05:14.7068979Z Receiving objects:  91% (1719/1888)
2022-11-10T02:05:14.7093080Z Receiving objects:  92% (1737/1888)
2022-11-10T02:05:14.7093688Z Receiving objects:  93% (1756/1888)
2022-11-10T02:05:14.7098890Z Receiving objects:  94% (1775/1888)
2022-11-10T02:05:14.7101777Z Receiving objects:  95% (1794/1888)
2022-11-10T02:05:14.7104766Z Receiving objects:  96% (1813/1888)
2022-11-10T02:05:14.7106936Z Receiving objects:  97% (1832/1888)
2022-11-10T02:05:14.7146328Z Receiving objects:  98% (1851/1888)
2022-11-10T02:05:14.7181904Z Receiving objects:  99% (1870/1888)
2022-11-10T02:05:14.7182940Z remote: Total 1888 (delta 976), reused 1745 (delta 912), pack-reused 0        
2022-11-10T02:05:14.7195449Z Receiving objects: 100% (1888/1888)
2022-11-10T02:05:14.7196091Z Receiving objects: 100% (1888/1888), 5.99 MiB | 29.79 MiB/s, done.
2022-11-10T02:05:14.7201691Z Resolving deltas:   0% (0/976)
2022-11-10T02:05:14.7260183Z Resolving deltas:   1% (10/976)
2022-11-10T02:05:14.7283801Z Resolving deltas:   2% (20/976)
2022-11-10T02:05:14.7314255Z Resolving deltas:   3% (30/976)
2022-11-10T02:05:14.7347025Z Resolving deltas:   4% (40/976)
2022-11-10T02:05:14.7375281Z Resolving deltas:   5% (49/976)
2022-11-10T02:05:14.7402355Z Resolving deltas:   6% (59/976)
2022-11-10T02:05:14.7434409Z Resolving deltas:   7% (69/976)
2022-11-10T02:05:14.7440845Z Resolving deltas:   8% (79/976)
2022-11-10T02:05:14.7443835Z Resolving deltas:   9% (88/976)
2022-11-10T02:05:14.7460512Z Resolving deltas:  10% (98/976)
2022-11-10T02:05:14.7468874Z Resolving deltas:  11% (108/976)
2022-11-10T02:05:14.7474176Z Resolving deltas:  12% (118/976)
2022-11-10T02:05:14.7477270Z Resolving deltas:  13% (127/976)
2022-11-10T02:05:14.7481222Z Resolving deltas:  14% (137/976)
2022-11-10T02:05:14.7484360Z Resolving deltas:  15% (147/976)
2022-11-10T02:05:14.7487507Z Resolving deltas:  16% (157/976)
2022-11-10T02:05:14.7490975Z Resolving deltas:  17% (166/976)
2022-11-10T02:05:14.7499938Z Resolving deltas:  18% (176/976)
2022-11-10T02:05:14.7500376Z Resolving deltas:  19% (186/976)
2022-11-10T02:05:14.7501274Z Resolving deltas:  20% (196/976)
2022-11-10T02:05:14.7501669Z Resolving deltas:  21% (205/976)
2022-11-10T02:05:14.7503943Z Resolving deltas:  22% (215/976)
2022-11-10T02:05:14.7505147Z Resolving deltas:  23% (225/976)
2022-11-10T02:05:14.7505728Z Resolving deltas:  24% (235/976)
2022-11-10T02:05:14.7594340Z Resolving deltas:  25% (244/976)
2022-11-10T02:05:14.7637195Z Resolving deltas:  26% (254/976)
2022-11-10T02:05:14.7676377Z Resolving deltas:  27% (264/976)
2022-11-10T02:05:14.7707557Z Resolving deltas:  28% (274/976)
2022-11-10T02:05:14.7743912Z Resolving deltas:  29% (284/976)
2022-11-10T02:05:14.7782054Z Resolving deltas:  30% (293/976)
2022-11-10T02:05:14.7819524Z Resolving deltas:  31% (303/976)
2022-11-10T02:05:14.7878163Z Resolving deltas:  32% (313/976)
2022-11-10T02:05:14.7968314Z Resolving deltas:  33% (323/976)
2022-11-10T02:05:14.8087385Z Resolving deltas:  34% (332/976)
2022-11-10T02:05:14.8142898Z Resolving deltas:  35% (342/976)
2022-11-10T02:05:14.8192556Z Resolving deltas:  36% (352/976)
2022-11-10T02:05:14.8238040Z Resolving deltas:  37% (362/976)
2022-11-10T02:05:14.8339420Z Resolving deltas:  38% (371/976)
2022-11-10T02:05:14.8396472Z Resolving deltas:  39% (381/976)
2022-11-10T02:05:14.8413053Z Resolving deltas:  40% (391/976)
2022-11-10T02:05:14.8413598Z Resolving deltas:  41% (401/976)
2022-11-10T02:05:14.8441115Z Resolving deltas:  42% (410/976)
2022-11-10T02:05:14.8503088Z Resolving deltas:  43% (420/976)
2022-11-10T02:05:14.8547955Z Resolving deltas:  44% (430/976)
2022-11-10T02:05:14.8566395Z Resolving deltas:  45% (440/976)
2022-11-10T02:05:14.8569853Z Resolving deltas:  46% (449/976)
2022-11-10T02:05:14.8573628Z Resolving deltas:  47% (459/976)
2022-11-10T02:05:14.8576092Z Resolving deltas:  48% (469/976)
2022-11-10T02:05:14.8579351Z Resolving deltas:  49% (479/976)
2022-11-10T02:05:14.8581976Z Resolving deltas:  50% (488/976)
2022-11-10T02:05:14.8586193Z Resolving deltas:  51% (498/976)
2022-11-10T02:05:14.8590391Z Resolving deltas:  52% (508/976)
2022-11-10T02:05:14.8595742Z Resolving deltas:  53% (518/976)
2022-11-10T02:05:14.8600567Z Resolving deltas:  54% (528/976)
2022-11-10T02:05:14.8601281Z Resolving deltas:  55% (537/976)
2022-11-10T02:05:14.8601940Z Resolving deltas:  56% (547/976)
2022-11-10T02:05:14.8602548Z Resolving deltas:  57% (557/976)
2022-11-10T02:05:14.8603173Z Resolving deltas:  58% (567/976)
2022-11-10T02:05:14.8605924Z Resolving deltas:  59% (576/976)
2022-11-10T02:05:14.8608887Z Resolving deltas:  60% (586/976)
2022-11-10T02:05:14.8609596Z Resolving deltas:  61% (596/976)
2022-11-10T02:05:14.8617647Z Resolving deltas:  62% (606/976)
2022-11-10T02:05:14.8622420Z Resolving deltas:  63% (615/976)
2022-11-10T02:05:14.8625968Z Resolving deltas:  64% (625/976)
2022-11-10T02:05:14.8628097Z Resolving deltas:  65% (635/976)
2022-11-10T02:05:14.8631349Z Resolving deltas:  66% (645/976)
2022-11-10T02:05:14.8636760Z Resolving deltas:  67% (654/976)
2022-11-10T02:05:14.8637335Z Resolving deltas:  68% (664/976)
2022-11-10T02:05:14.8643259Z Resolving deltas:  69% (674/976)
2022-11-10T02:05:14.8643974Z Resolving deltas:  70% (684/976)
2022-11-10T02:05:14.8651422Z Resolving deltas:  71% (693/976)
2022-11-10T02:05:14.8654321Z Resolving deltas:  72% (703/976)
2022-11-10T02:05:14.8657456Z Resolving deltas:  73% (713/976)
2022-11-10T02:05:14.8665027Z Resolving deltas:  74% (723/976)
2022-11-10T02:05:14.8667954Z Resolving deltas:  75% (732/976)
2022-11-10T02:05:14.8672124Z Resolving deltas:  76% (742/976)
2022-11-10T02:05:14.8675656Z Resolving deltas:  77% (752/976)
2022-11-10T02:05:14.8677161Z Resolving deltas:  78% (763/976)
2022-11-10T02:05:14.8681986Z Resolving deltas:  79% (772/976)
2022-11-10T02:05:14.8686335Z Resolving deltas:  80% (781/976)
2022-11-10T02:05:14.8762638Z Resolving deltas:  81% (791/976)
2022-11-10T02:05:14.8837123Z Resolving deltas:  82% (801/976)
2022-11-10T02:05:14.8872045Z Resolving deltas:  83% (811/976)
2022-11-10T02:05:14.8880049Z Resolving deltas:  84% (820/976)
2022-11-10T02:05:14.8884696Z Resolving deltas:  85% (830/976)
2022-11-10T02:05:14.8893220Z Resolving deltas:  86% (840/976)
2022-11-10T02:05:14.8898828Z Resolving deltas:  87% (850/976)
2022-11-10T02:05:14.8905051Z Resolving deltas:  88% (859/976)
2022-11-10T02:05:14.8913110Z Resolving deltas:  89% (869/976)
2022-11-10T02:05:14.8928878Z Resolving deltas:  90% (879/976)
2022-11-10T02:05:14.8949209Z Resolving deltas:  91% (889/976)
2022-11-10T02:05:14.8967998Z Resolving deltas:  92% (898/976)
2022-11-10T02:05:14.8976479Z Resolving deltas:  93% (908/976)
2022-11-10T02:05:14.8986176Z Resolving deltas:  94% (918/976)
2022-11-10T02:05:14.8996503Z Resolving deltas:  95% (928/976)
2022-11-10T02:05:14.9003816Z Resolving deltas:  96% (937/976)
2022-11-10T02:05:14.9012819Z Resolving deltas:  97% (947/976)
2022-11-10T02:05:14.9032336Z Resolving deltas:  98% (957/976)
2022-11-10T02:05:14.9049088Z Resolving deltas:  99% (967/976)
2022-11-10T02:05:14.9049687Z Resolving deltas: 100% (976/976)
2022-11-10T02:05:14.9050247Z Resolving deltas: 100% (976/976), done.
2022-11-10T02:05:14.9310286Z From https://github.com/seanpm2001/GitHub_Stats_A
2022-11-10T02:05:14.9311671Z  * [new ref]         86f0e6b2ac0a9817bd87d9a62c5af0b2a1bf5a24 -> origin/master
2022-11-10T02:05:14.9346406Z ##[endgroup]
2022-11-10T02:05:14.9347355Z ##[group]Determining the checkout info
2022-11-10T02:05:14.9348145Z ##[endgroup]
2022-11-10T02:05:14.9348752Z ##[group]Checking out the ref
2022-11-10T02:05:14.9354205Z [command]/usr/bin/git checkout --progress --force -B master refs/remotes/origin/master
2022-11-10T02:05:15.2249731Z Reset branch 'master'
2022-11-10T02:05:15.2253842Z branch 'master' set up to track 'origin/master'.
2022-11-10T02:05:15.2266849Z ##[endgroup]
2022-11-10T02:05:15.2317405Z [command]/usr/bin/git log -1 --format='%H'
2022-11-10T02:05:15.2353170Z '86f0e6b2ac0a9817bd87d9a62c5af0b2a1bf5a24'
2022-11-10T02:05:15.2741816Z ##[group]Run actions/setup-python@v2
2022-11-10T02:05:15.2742119Z with:
2022-11-10T02:05:15.2742365Z   python-version: 3.8
2022-11-10T02:05:15.2742635Z   architecture: x64
2022-11-10T02:05:15.2743101Z   token: ***
2022-11-10T02:05:15.2743328Z ##[endgroup]
2022-11-10T02:05:15.4563090Z ##[warning]The `set-output` command is deprecated and will be disabled soon. Please upgrade to using Environment Files. For more information see: https://github.blog/changelog/2022-10-11-github-actions-deprecating-save-state-and-set-output-commands/
2022-11-10T02:05:15.4578574Z Successfully setup CPython (3.8.14)
2022-11-10T02:05:16.0502824Z ##[group]Run actions/cache@v2
2022-11-10T02:05:16.0503129Z with:
2022-11-10T02:05:16.0503354Z   path: ~/.cache/pip
2022-11-10T02:05:16.0503766Z   key: Linux-pip-60f2a6c0212a9b74a155cd81b58dd07fd8b180833132566260d95f4de42fe218
2022-11-10T02:05:16.0504351Z   restore-keys: Linux-pip-

2022-11-10T02:05:16.0504635Z env:
2022-11-10T02:05:16.0504937Z   pythonLocation: /opt/hostedtoolcache/Python/3.8.14/x64
2022-11-10T02:05:16.0505341Z   LD_LIBRARY_PATH: /opt/hostedtoolcache/Python/3.8.14/x64/lib
2022-11-10T02:05:16.0505662Z ##[endgroup]
2022-11-10T02:05:16.2177935Z ##[warning]The `save-state` command is deprecated and will be disabled soon. Please upgrade to using Environment Files. For more information see: https://github.blog/changelog/2022-10-11-github-actions-deprecating-save-state-and-set-output-commands/
2022-11-10T02:05:16.6269636Z Received 4175495 of 4175495 (100.0%), 25.4 MBs/sec
2022-11-10T02:05:16.6274654Z Cache Size: ~4 MB (4175495 B)
2022-11-10T02:05:16.6304266Z [command]/usr/bin/tar --use-compress-program zstd -d -xf /home/runner/work/_temp/98bf6446-e5a5-42f6-b5ad-90c718e2ef4b/cache.tzst -P -C /home/runner/work/GitHub_Stats_A/GitHub_Stats_A
2022-11-10T02:05:16.6589415Z Cache restored successfully
2022-11-10T02:05:16.6592649Z ##[warning]The `save-state` command is deprecated and will be disabled soon. Please upgrade to using Environment Files. For more information see: https://github.blog/changelog/2022-10-11-github-actions-deprecating-save-state-and-set-output-commands/
2022-11-10T02:05:16.6656057Z 
2022-11-10T02:05:16.6659861Z ##[warning]The `set-output` command is deprecated and will be disabled soon. Please upgrade to using Environment Files. For more information see: https://github.blog/changelog/2022-10-11-github-actions-deprecating-save-state-and-set-output-commands/
2022-11-10T02:05:16.6663473Z Cache restored from key: Linux-pip-60f2a6c0212a9b74a155cd81b58dd07fd8b180833132566260d95f4de42fe218
2022-11-10T02:05:16.6863275Z ##[group]Run python3 -m pip install --upgrade pip setuptools wheel
2022-11-10T02:05:16.6863834Z [36;1mpython3 -m pip install --upgrade pip setuptools wheel[0m
2022-11-10T02:05:16.6864249Z [36;1mpython3 -m pip install -r requirements.txt[0m
2022-11-10T02:05:16.6927447Z shell: /usr/bin/bash -e {0}
2022-11-10T02:05:16.6927762Z env:
2022-11-10T02:05:16.6928100Z   pythonLocation: /opt/hostedtoolcache/Python/3.8.14/x64
2022-11-10T02:05:16.6928524Z   LD_LIBRARY_PATH: /opt/hostedtoolcache/Python/3.8.14/x64/lib
2022-11-10T02:05:16.6928841Z ##[endgroup]
2022-11-10T02:05:17.8524748Z Requirement already satisfied: pip in /opt/hostedtoolcache/Python/3.8.14/x64/lib/python3.8/site-packages (22.3)
2022-11-10T02:05:17.9959895Z Collecting pip
2022-11-10T02:05:18.0222435Z   Downloading pip-22.3.1-py3-none-any.whl (2.1 MB)
2022-11-10T02:05:18.0557751Z      ━━━━━━━━━━━━━━━━━━━━━━━━━━━━━━━━━━━━━━━━ 2.1/2.1 MB 69.7 MB/s eta 0:00:00
2022-11-10T02:05:18.0728991Z Requirement already satisfied: setuptools in /opt/hostedtoolcache/Python/3.8.14/x64/lib/python3.8/site-packages (56.0.0)
2022-11-10T02:05:18.4659204Z Collecting setuptools
2022-11-10T02:05:18.4718741Z   Downloading setuptools-65.5.1-py3-none-any.whl (1.2 MB)
2022-11-10T02:05:18.4904365Z      ━━━━━━━━━━━━━━━━━━━━━━━━━━━━━━━━━━━━━━━━ 1.2/1.2 MB 80.6 MB/s eta 0:00:00
2022-11-10T02:05:18.5502855Z Collecting wheel
2022-11-10T02:05:18.5554847Z   Downloading wheel-0.38.4-py3-none-any.whl (36 kB)
2022-11-10T02:05:18.6993766Z Installing collected packages: wheel, setuptools, pip
2022-11-10T02:05:18.7349513Z   Attempting uninstall: setuptools
2022-11-10T02:05:18.7369106Z     Found existing installation: setuptools 56.0.0
2022-11-10T02:05:18.8033473Z     Uninstalling setuptools-56.0.0:
2022-11-10T02:05:18.8178249Z       Successfully uninstalled setuptools-56.0.0
2022-11-10T02:05:19.4792262Z   Attempting uninstall: pip
2022-11-10T02:05:19.4803494Z     Found existing installation: pip 22.3
2022-11-10T02:05:19.7179240Z     Uninstalling pip-22.3:
2022-11-10T02:05:19.7904903Z       Successfully uninstalled pip-22.3
2022-11-10T02:05:21.2396586Z Successfully installed pip-22.3.1 setuptools-65.5.1 wheel-0.38.4
2022-11-10T02:05:22.2074342Z Collecting requests
2022-11-10T02:05:22.2102513Z   Using cached requests-2.28.1-py3-none-any.whl (62 kB)
2022-11-10T02:05:22.6979667Z Collecting aiohttp
2022-11-10T02:05:22.7270988Z   Downloading aiohttp-3.8.3-cp38-cp38-manylinux_2_17_x86_64.manylinux2014_x86_64.whl (1.0 MB)
2022-11-10T02:05:22.7491637Z      ━━━━━━━━━━━━━━━━━━━━━━━━━━━━━━━━━━━━━━━━ 1.0/1.0 MB 56.8 MB/s eta 0:00:00
2022-11-10T02:05:22.7932515Z Collecting idna<4,>=2.5
2022-11-10T02:05:22.7984011Z   Downloading idna-3.4-py3-none-any.whl (61 kB)
2022-11-10T02:05:22.8059749Z      ━━━━━━━━━━━━━━━━━━━━━━━━━━━━━━━━━━━━━━━━ 61.5/61.5 kB 15.6 MB/s eta 0:00:00
2022-11-10T02:05:22.8799140Z Collecting urllib3<1.27,>=1.21.1
2022-11-10T02:05:22.8832680Z   Using cached urllib3-1.26.12-py2.py3-none-any.whl (140 kB)
2022-11-10T02:05:22.9339536Z Collecting certifi>=2017.4.17
2022-11-10T02:05:22.9390618Z   Downloading certifi-2022.9.24-py3-none-any.whl (161 kB)
2022-11-10T02:05:22.9472699Z      ━━━━━━━━━━━━━━━━━━━━━━━━━━━━━━━━━━━━━━ 161.1/161.1 kB 31.9 MB/s eta 0:00:00
2022-11-10T02:05:23.0487629Z Collecting charset-normalizer<3,>=2
2022-11-10T02:05:23.0521687Z   Using cached charset_normalizer-2.1.1-py3-none-any.whl (39 kB)
2022-11-10T02:05:23.3199562Z Collecting yarl<2.0,>=1.0
2022-11-10T02:05:23.3229929Z   Using cached yarl-1.8.1-cp38-cp38-manylinux_2_17_x86_64.manylinux2014_x86_64.whl (262 kB)
2022-11-10T02:05:23.3556803Z Collecting attrs>=17.3.0
2022-11-10T02:05:23.3582581Z   Using cached attrs-22.1.0-py2.py3-none-any.whl (58 kB)
2022-11-10T02:05:23.3939415Z Collecting aiosignal>=1.1.2
2022-11-10T02:05:23.3997651Z   Downloading aiosignal-1.3.1-py3-none-any.whl (7.6 kB)
2022-11-10T02:05:23.4262369Z Collecting async-timeout<5.0,>=4.0.0a3
2022-11-10T02:05:23.4286873Z   Using cached async_timeout-4.0.2-py3-none-any.whl (5.8 kB)
2022-11-10T02:05:23.5407977Z Collecting frozenlist>=1.1.1
2022-11-10T02:05:23.5494720Z   Downloading frozenlist-1.3.3-cp38-cp38-manylinux_2_5_x86_64.manylinux1_x86_64.manylinux_2_17_x86_64.manylinux2014_x86_64.whl (161 kB)
2022-11-10T02:05:23.5622506Z      ━━━━━━━━━━━━━━━━━━━━━━━━━━━━━━━━━━━━━━ 161.3/161.3 kB 23.5 MB/s eta 0:00:00
2022-11-10T02:05:24.0034075Z Collecting multidict<7.0,>=4.5
2022-11-10T02:05:24.0061755Z   Using cached multidict-6.0.2-cp38-cp38-manylinux_2_17_x86_64.manylinux2014_x86_64.whl (121 kB)
2022-11-10T02:05:24.2690156Z Installing collected packages: urllib3, multidict, idna, frozenlist, charset-normalizer, certifi, attrs, async-timeout, yarl, requests, aiosignal, aiohttp
2022-11-10T02:05:24.8869087Z Successfully installed aiohttp-3.8.3 aiosignal-1.3.1 async-timeout-4.0.2 attrs-22.1.0 certifi-2022.9.24 charset-normalizer-2.1.1 frozenlist-1.3.3 idna-3.4 multidict-6.0.2 requests-2.28.1 urllib3-1.26.12 yarl-1.8.1
2022-11-10T02:05:25.1239597Z ##[group]Run python3 --version
2022-11-10T02:05:25.1240047Z [36;1mpython3 --version[0m
2022-11-10T02:05:25.1240439Z [36;1mpython3 generate_images.py[0m
2022-11-10T02:05:25.1337900Z shell: /usr/bin/bash -e {0}
2022-11-10T02:05:25.1338282Z env:
2022-11-10T02:05:25.1338701Z   pythonLocation: /opt/hostedtoolcache/Python/3.8.14/x64
2022-11-10T02:05:25.1339234Z   LD_LIBRARY_PATH: /opt/hostedtoolcache/Python/3.8.14/x64/lib
2022-11-10T02:05:25.1340213Z   ACCESS_TOKEN: ***
2022-11-10T02:05:25.1340721Z   GITHUB_TOKEN: ***
2022-11-10T02:05:25.1341291Z   EXCLUDED: 
2022-11-10T02:05:25.1341623Z   EXCLUDED_LANGS: 
2022-11-10T02:05:25.1341929Z   EXCLUDE_FORKED_REPOS: true
2022-11-10T02:05:25.1342336Z ##[endgroup]
2022-11-10T02:05:25.1509537Z Python 3.8.14
2022-11-10T02:14:54.4957328Z A path returned 202. Retrying...
2022-11-10T02:14:54.4957719Z A path returned 202. Retrying...
2022-11-10T02:14:54.4958029Z A path returned 202. Retrying...
2022-11-10T02:14:54.4958406Z A path returned 202. Retrying...
2022-11-10T02:14:54.4958710Z A path returned 202. Retrying...
2022-11-10T02:14:54.4958990Z A path returned 202. Retrying...
2022-11-10T02:14:54.4959287Z A path returned 202. Retrying...
2022-11-10T02:14:54.4959590Z A path returned 202. Retrying...
2022-11-10T02:14:54.4959900Z A path returned 202. Retrying...
2022-11-10T02:14:54.4960200Z A path returned 202. Retrying...
2022-11-10T02:14:54.4960494Z A path returned 202. Retrying...
2022-11-10T02:14:54.4961193Z A path returned 202. Retrying...
2022-11-10T02:14:54.4961482Z A path returned 202. Retrying...
2022-11-10T02:14:54.4961779Z A path returned 202. Retrying...
2022-11-10T02:14:54.4962074Z A path returned 202. Retrying...
2022-11-10T02:14:54.4962370Z A path returned 202. Retrying...
2022-11-10T02:14:54.4962666Z A path returned 202. Retrying...
2022-11-10T02:14:54.4962963Z A path returned 202. Retrying...
2022-11-10T02:14:54.4963256Z A path returned 202. Retrying...
2022-11-10T02:14:54.4963549Z A path returned 202. Retrying...
2022-11-10T02:14:54.4963835Z A path returned 202. Retrying...
2022-11-10T02:14:54.4964127Z A path returned 202. Retrying...
2022-11-10T02:14:54.4964637Z A path returned 202. Retrying...
2022-11-10T02:14:54.4964941Z A path returned 202. Retrying...
2022-11-10T02:14:54.4965239Z A path returned 202. Retrying...
2022-11-10T02:14:54.4965535Z A path returned 202. Retrying...
2022-11-10T02:14:54.4965831Z A path returned 202. Retrying...
2022-11-10T02:14:54.4966131Z A path returned 202. Retrying...
2022-11-10T02:14:54.4966411Z A path returned 202. Retrying...
2022-11-10T02:14:54.4966708Z A path returned 202. Retrying...
2022-11-10T02:14:54.4967003Z A path returned 202. Retrying...
2022-11-10T02:14:54.4967298Z A path returned 202. Retrying...
2022-11-10T02:14:54.4967595Z A path returned 202. Retrying...
2022-11-10T02:14:54.4968001Z A path returned 202. Retrying...
2022-11-10T02:14:54.4972086Z A path returned 202. Retrying...
2022-11-10T02:14:54.4972526Z A path returned 202. Retrying...
2022-11-10T02:14:54.4972813Z A path returned 202. Retrying...
2022-11-10T02:14:54.4973125Z A path returned 202. Retrying...
2022-11-10T02:14:54.4973418Z A path returned 202. Retrying...
2022-11-10T02:14:54.4973708Z A path returned 202. Retrying...
2022-11-10T02:14:54.4974004Z A path returned 202. Retrying...
2022-11-10T02:14:54.4974308Z A path returned 202. Retrying...
2022-11-10T02:14:54.4974774Z A path returned 202. Retrying...
2022-11-10T02:14:54.4975051Z A path returned 202. Retrying...
2022-11-10T02:14:54.4975334Z A path returned 202. Retrying...
2022-11-10T02:14:54.4975922Z A path returned 202. Retrying...
2022-11-10T02:14:54.4976220Z A path returned 202. Retrying...
2022-11-10T02:14:54.4976566Z A path returned 202. Retrying...
2022-11-10T02:14:54.4976862Z A path returned 202. Retrying...
2022-11-10T02:14:54.4977157Z A path returned 202. Retrying...
2022-11-10T02:14:54.4977451Z A path returned 202. Retrying...
2022-11-10T02:14:54.4977750Z A path returned 202. Retrying...
2022-11-10T02:14:54.4978042Z A path returned 202. Retrying...
2022-11-10T02:14:54.4978618Z A path returned 202. Retrying...
2022-11-10T02:14:54.4979018Z A path returned 202. Retrying...
2022-11-10T02:14:54.4979333Z A path returned 202. Retrying...
2022-11-10T02:14:54.4979904Z A path returned 202. Retrying...
2022-11-10T02:14:54.4980220Z A path returned 202. Retrying...
2022-11-10T02:14:54.4980630Z A path returned 202. Retrying...
2022-11-10T02:14:54.4981219Z A path returned 202. Retrying...
2022-11-10T02:14:54.4981552Z A path returned 202. Retrying...
2022-11-10T02:14:54.4981977Z A path returned 202. Retrying...
2022-11-10T02:14:54.4982293Z A path returned 202. Retrying...
2022-11-10T02:14:54.4982663Z A path returned 202. Retrying...
2022-11-10T02:14:54.4982973Z A path returned 202. Retrying...
2022-11-10T02:14:54.4983520Z A path returned 202. Retrying...
2022-11-10T02:14:54.4983819Z A path returned 202. Retrying...
2022-11-10T02:14:54.4984153Z A path returned 202. Retrying...
2022-11-10T02:14:54.4984822Z A path returned 202. Retrying...
2022-11-10T02:14:54.4985130Z A path returned 202. Retrying...
2022-11-10T02:14:54.4985428Z A path returned 202. Retrying...
2022-11-10T02:14:54.4985727Z A path returned 202. Retrying...
2022-11-10T02:14:54.4986019Z A path returned 202. Retrying...
2022-11-10T02:14:54.4986317Z A path returned 202. Retrying...
2022-11-10T02:14:54.4986715Z A path returned 202. Retrying...
2022-11-10T02:14:54.4987030Z A path returned 202. Retrying...
2022-11-10T02:14:54.4987327Z A path returned 202. Retrying...
2022-11-10T02:14:54.4987904Z A path returned 202. Retrying...
2022-11-10T02:14:54.4988227Z A path returned 202. Retrying...
2022-11-10T02:14:54.4988526Z A path returned 202. Retrying...
2022-11-10T02:14:54.4988819Z A path returned 202. Retrying...
2022-11-10T02:14:54.4989214Z A path returned 202. Retrying...
2022-11-10T02:14:54.4989525Z A path returned 202. Retrying...
2022-11-10T02:14:54.4989895Z A path returned 202. Retrying...
2022-11-10T02:14:54.4990189Z A path returned 202. Retrying...
2022-11-10T02:14:54.4990504Z A path returned 202. Retrying...
2022-11-10T02:14:54.4990862Z A path returned 202. Retrying...
2022-11-10T02:14:54.4991170Z A path returned 202. Retrying...
2022-11-10T02:14:54.4991547Z A path returned 202. Retrying...
2022-11-10T02:14:54.4991858Z A path returned 202. Retrying...
2022-11-10T02:14:54.4992249Z A path returned 202. Retrying...
2022-11-10T02:14:54.4992560Z A path returned 202. Retrying...
2022-11-10T02:14:54.4992926Z A path returned 202. Retrying...
2022-11-10T02:14:54.4993239Z A path returned 202. Retrying...
2022-11-10T02:14:54.4993585Z A path returned 202. Retrying...
2022-11-10T02:14:54.4993966Z A path returned 202. Retrying...
2022-11-10T02:14:54.4994278Z A path returned 202. Retrying...
2022-11-10T02:14:54.4994642Z A path returned 202. Retrying...
2022-11-10T02:14:54.4994955Z A path returned 202. Retrying...
2022-11-10T02:14:54.4995322Z A path returned 202. Retrying...
2022-11-10T02:14:54.4995634Z A path returned 202. Retrying...
2022-11-10T02:14:54.4996008Z A path returned 202. Retrying...
2022-11-10T02:14:54.4996333Z A path returned 202. Retrying...
2022-11-10T02:14:54.4996726Z A path returned 202. Retrying...
2022-11-10T02:14:54.4997036Z A path returned 202. Retrying...
2022-11-10T02:14:54.4997410Z A path returned 202. Retrying...
2022-11-10T02:14:54.4997722Z A path returned 202. Retrying...
2022-11-10T02:14:54.4998034Z A path returned 202. Retrying...
2022-11-10T02:14:54.4998344Z A path returned 202. Retrying...
2022-11-10T02:14:54.4998635Z A path returned 202. Retrying...
2022-11-10T02:14:54.4998939Z A path returned 202. Retrying...
2022-11-10T02:14:54.4999235Z A path returned 202. Retrying...
2022-11-10T02:14:54.4999529Z A path returned 202. Retrying...
2022-11-10T02:14:54.4999818Z A path returned 202. Retrying...
2022-11-10T02:14:54.5000142Z A path returned 202. Retrying...
2022-11-10T02:14:54.5000420Z A path returned 202. Retrying...
2022-11-10T02:14:54.5000712Z A path returned 202. Retrying...
2022-11-10T02:14:54.5001119Z A path returned 202. Retrying...
2022-11-10T02:14:54.5001439Z A path returned 202. Retrying...
2022-11-10T02:14:54.5002063Z A path returned 202. Retrying...
2022-11-10T02:14:54.5002634Z A path returned 202. Retrying...
2022-11-10T02:14:54.5002925Z A path returned 202. Retrying...
2022-11-10T02:14:54.5003218Z A path returned 202. Retrying...
2022-11-10T02:14:54.5003511Z A path returned 202. Retrying...
2022-11-10T02:14:54.5004058Z A path returned 202. Retrying...
2022-11-10T02:14:54.5004336Z A path returned 202. Retrying...
2022-11-10T02:14:54.5004639Z A path returned 202. Retrying...
2022-11-10T02:14:54.5005038Z A path returned 202. Retrying...
2022-11-10T02:14:54.5005349Z A path returned 202. Retrying...
2022-11-10T02:14:54.5005719Z A path returned 202. Retrying...
2022-11-10T02:14:54.5006031Z A path returned 202. Retrying...
2022-11-10T02:14:54.5006388Z A path returned 202. Retrying...
2022-11-10T02:14:54.5006708Z A path returned 202. Retrying...
2022-11-10T02:14:54.5007003Z A path returned 202. Retrying...
2022-11-10T02:14:54.5007294Z A path returned 202. Retrying...
2022-11-10T02:14:54.5007670Z A path returned 202. Retrying...
2022-11-10T02:14:54.5007982Z A path returned 202. Retrying...
2022-11-10T02:14:54.5008350Z A path returned 202. Retrying...
2022-11-10T02:14:54.5008660Z A path returned 202. Retrying...
2022-11-10T02:14:54.5009034Z A path returned 202. Retrying...
2022-11-10T02:14:54.5009346Z A path returned 202. Retrying...
2022-11-10T02:14:54.5009723Z A path returned 202. Retrying...
2022-11-10T02:14:54.5010032Z A path returned 202. Retrying...
2022-11-10T02:14:54.5010537Z A path returned 202. Retrying...
2022-11-10T02:14:54.5010855Z A path returned 202. Retrying...
2022-11-10T02:14:54.5011223Z A path returned 202. Retrying...
2022-11-10T02:14:54.5011514Z A path returned 202. Retrying...
2022-11-10T02:14:54.5011824Z A path returned 202. Retrying...
2022-11-10T02:14:54.5012216Z A path returned 202. Retrying...
2022-11-10T02:14:54.5012529Z A path returned 202. Retrying...
2022-11-10T02:14:54.5012918Z A path returned 202. Retrying...
2022-11-10T02:14:54.5013233Z A path returned 202. Retrying...
2022-11-10T02:14:54.5013537Z A path returned 202. Retrying...
2022-11-10T02:14:54.5013930Z A path returned 202. Retrying...
2022-11-10T02:14:54.5014238Z A path returned 202. Retrying...
2022-11-10T02:14:54.5014603Z A path returned 202. Retrying...
2022-11-10T02:14:54.5014918Z A path returned 202. Retrying...
2022-11-10T02:14:54.5015273Z A path returned 202. Retrying...
2022-11-10T02:14:54.5015585Z A path returned 202. Retrying...
2022-11-10T02:14:54.5015939Z A path returned 202. Retrying...
2022-11-10T02:14:54.5016251Z A path returned 202. Retrying...
2022-11-10T02:14:54.5016600Z A path returned 202. Retrying...
2022-11-10T02:14:54.5016913Z A path returned 202. Retrying...
2022-11-10T02:14:54.5017228Z A path returned 202. Retrying...
2022-11-10T02:14:54.5017525Z A path returned 202. Retrying...
2022-11-10T02:14:54.5017909Z A path returned 202. Retrying...
2022-11-10T02:14:54.5018220Z A path returned 202. Retrying...
2022-11-10T02:14:54.5018588Z A path returned 202. Retrying...
2022-11-10T02:14:54.5018881Z A path returned 202. Retrying...
2022-11-10T02:14:54.5019238Z A path returned 202. Retrying...
2022-11-10T02:14:54.5019781Z A path returned 202. Retrying...
2022-11-10T02:14:54.5020096Z A path returned 202. Retrying...
2022-11-10T02:14:54.5020464Z A path returned 202. Retrying...
2022-11-10T02:14:54.5020777Z A path returned 202. Retrying...
2022-11-10T02:14:54.5021381Z A path returned 202. Retrying...
2022-11-10T02:14:54.5021681Z A path returned 202. Retrying...
2022-11-10T02:14:54.5021980Z A path returned 202. Retrying...
2022-11-10T02:14:54.5022275Z A path returned 202. Retrying...
2022-11-10T02:14:54.5022573Z A path returned 202. Retrying...
2022-11-10T02:14:54.5022852Z A path returned 202. Retrying...
2022-11-10T02:14:54.5023143Z A path returned 202. Retrying...
2022-11-10T02:14:54.5023438Z A path returned 202. Retrying...
2022-11-10T02:14:54.5023731Z A path returned 202. Retrying...
2022-11-10T02:14:54.5024029Z A path returned 202. Retrying...
2022-11-10T02:14:54.5024320Z A path returned 202. Retrying...
2022-11-10T02:14:54.5024731Z A path returned 202. Retrying...
2022-11-10T02:14:54.5025031Z A path returned 202. Retrying...
2022-11-10T02:14:54.5025409Z A path returned 202. Retrying...
2022-11-10T02:14:54.5025713Z A path returned 202. Retrying...
2022-11-10T02:14:54.5025985Z A path returned 202. Retrying...
2022-11-10T02:14:54.5026430Z A path returned 202. Retrying...
2022-11-10T02:14:54.5026725Z A path returned 202. Retrying...
2022-11-10T02:14:54.5027022Z A path returned 202. Retrying...
2022-11-10T02:14:54.5027316Z A path returned 202. Retrying...
2022-11-10T02:14:54.5027595Z A path returned 202. Retrying...
2022-11-10T02:14:54.5027891Z A path returned 202. Retrying...
2022-11-10T02:14:54.5028184Z A path returned 202. Retrying...
2022-11-10T02:14:54.5028475Z A path returned 202. Retrying...
2022-11-10T02:14:54.5028769Z A path returned 202. Retrying...
2022-11-10T02:14:54.5029063Z A path returned 202. Retrying...
2022-11-10T02:14:54.5029356Z A path returned 202. Retrying...
2022-11-10T02:14:54.5029648Z A path returned 202. Retrying...
2022-11-10T02:14:54.5029929Z A path returned 202. Retrying...
2022-11-10T02:14:54.5030223Z A path returned 202. Retrying...
2022-11-10T02:14:54.5030517Z A path returned 202. Retrying...
2022-11-10T02:14:54.5030811Z A path returned 202. Retrying...
2022-11-10T02:14:54.5031106Z A path returned 202. Retrying...
2022-11-10T02:14:54.5031576Z A path returned 202. Retrying...
2022-11-10T02:14:54.5031898Z A path returned 202. Retrying...
2022-11-10T02:14:54.5032291Z A path returned 202. Retrying...
2022-11-10T02:14:54.5032573Z A path returned 202. Retrying...
2022-11-10T02:14:54.5032973Z A path returned 202. Retrying...
2022-11-10T02:14:54.5033286Z A path returned 202. Retrying...
2022-11-10T02:14:54.5033737Z A path returned 202. Retrying...
2022-11-10T02:14:54.5034053Z A path returned 202. Retrying...
2022-11-10T02:14:54.5034425Z A path returned 202. Retrying...
2022-11-10T02:14:54.5034737Z A path returned 202. Retrying...
2022-11-10T02:14:54.5035106Z A path returned 202. Retrying...
2022-11-10T02:14:54.5035425Z A path returned 202. Retrying...
2022-11-10T02:14:54.5035795Z A path returned 202. Retrying...
2022-11-10T02:14:54.5036114Z A path returned 202. Retrying...
2022-11-10T02:14:54.5036482Z A path returned 202. Retrying...
2022-11-10T02:14:54.5036776Z A path returned 202. Retrying...
2022-11-10T02:14:54.5037139Z A path returned 202. Retrying...
2022-11-10T02:14:54.5037449Z A path returned 202. Retrying...
2022-11-10T02:14:54.5037810Z A path returned 202. Retrying...
2022-11-10T02:14:54.5038126Z A path returned 202. Retrying...
2022-11-10T02:14:54.5038476Z A path returned 202. Retrying...
2022-11-10T02:14:54.5038789Z A path returned 202. Retrying...
2022-11-10T02:14:54.5039185Z A path returned 202. Retrying...
2022-11-10T02:14:54.5039494Z A path returned 202. Retrying...
2022-11-10T02:14:54.5039863Z A path returned 202. Retrying...
2022-11-10T02:14:54.5040176Z A path returned 202. Retrying...
2022-11-10T02:14:54.5040459Z A path returned 202. Retrying...
2022-11-10T02:14:54.5040843Z A path returned 202. Retrying...
2022-11-10T02:14:54.5041155Z A path returned 202. Retrying...
2022-11-10T02:14:54.5041522Z A path returned 202. Retrying...
2022-11-10T02:14:54.5041839Z A path returned 202. Retrying...
2022-11-10T02:14:54.5042207Z A path returned 202. Retrying...
2022-11-10T02:14:54.5042521Z A path returned 202. Retrying...
2022-11-10T02:14:54.5042874Z A path returned 202. Retrying...
2022-11-10T02:14:54.5043186Z A path returned 202. Retrying...
2022-11-10T02:14:54.5043584Z A path returned 202. Retrying...
2022-11-10T02:14:54.5043892Z A path returned 202. Retrying...
2022-11-10T02:14:54.5044189Z A path returned 202. Retrying...
2022-11-10T02:14:54.5044481Z A path returned 202. Retrying...
2022-11-10T02:23:48.6378470Z A path returned 202. Retrying...
2022-11-10T02:23:48.6379088Z A path returned 202. Retrying...
2022-11-10T02:23:48.6379608Z A path returned 202. Retrying...
2022-11-10T02:23:48.6380126Z A path returned 202. Retrying...
2022-11-10T02:23:48.6380655Z A path returned 202. Retrying...
2022-11-10T02:23:48.6382047Z A path returned 202. Retrying...
2022-11-10T02:23:48.6382592Z A path returned 202. Retrying...
2022-11-10T02:23:48.6383081Z A path returned 202. Retrying...
2022-11-10T02:23:48.6383584Z A path returned 202. Retrying...
2022-11-10T02:23:48.6384091Z A path returned 202. Retrying...
2022-11-10T02:23:48.6384595Z A path returned 202. Retrying...
2022-11-10T02:23:48.6385109Z A path returned 202. Retrying...
2022-11-10T02:23:48.6385606Z A path returned 202. Retrying...
2022-11-10T02:23:48.6386121Z A path returned 202. Retrying...
2022-11-10T02:23:48.6386603Z A path returned 202. Retrying...
2022-11-10T02:23:48.6387108Z A path returned 202. Retrying...
2022-11-10T02:23:48.6387603Z A path returned 202. Retrying...
2022-11-10T02:23:48.6388103Z A path returned 202. Retrying...
2022-11-10T02:23:48.6388602Z A path returned 202. Retrying...
2022-11-10T02:23:48.6389103Z A path returned 202. Retrying...
2022-11-10T02:23:48.6389599Z A path returned 202. Retrying...
2022-11-10T02:23:48.6390098Z A path returned 202. Retrying...
2022-11-10T02:23:48.6390583Z A path returned 202. Retrying...
2022-11-10T02:23:48.6391078Z A path returned 202. Retrying...
2022-11-10T02:23:48.6391573Z A path returned 202. Retrying...
2022-11-10T02:23:48.6392068Z A path returned 202. Retrying...
2022-11-10T02:23:48.6392567Z A path returned 202. Retrying...
2022-11-10T02:23:48.6393065Z A path returned 202. Retrying...
2022-11-10T02:23:48.6393561Z A path returned 202. Retrying...
2022-11-10T02:23:48.6394242Z A path returned 202. Retrying...
2022-11-10T02:23:48.6394724Z A path returned 202. Retrying...
2022-11-10T02:23:48.6395219Z A path returned 202. Retrying...
2022-11-10T02:23:48.6395718Z A path returned 202. Retrying...
2022-11-10T02:23:48.6396220Z A path returned 202. Retrying...
2022-11-10T02:23:48.6396719Z A path returned 202. Retrying...
2022-11-10T02:23:48.6397223Z A path returned 202. Retrying...
2022-11-10T02:23:48.6397719Z A path returned 202. Retrying...
2022-11-10T02:23:48.6398199Z A path returned 202. Retrying...
2022-11-10T02:23:48.6398700Z A path returned 202. Retrying...
2022-11-10T02:23:48.6399192Z A path returned 202. Retrying...
2022-11-10T02:23:48.6399692Z A path returned 202. Retrying...
2022-11-10T02:23:48.6400190Z A path returned 202. Retrying...
2022-11-10T02:23:48.6400688Z A path returned 202. Retrying...
2022-11-10T02:23:48.6401180Z A path returned 202. Retrying...
2022-11-10T02:23:48.6401675Z A path returned 202. Retrying...
2022-11-10T02:23:48.6402151Z A path returned 202. Retrying...
2022-11-10T02:23:48.6402653Z A path returned 202. Retrying...
2022-11-10T02:23:48.6403146Z A path returned 202. Retrying...
2022-11-10T02:23:48.6403642Z A path returned 202. Retrying...
2022-11-10T02:23:48.6404141Z A path returned 202. Retrying...
2022-11-10T02:23:48.6404636Z A path returned 202. Retrying...
2022-11-10T02:23:48.6405135Z A path returned 202. Retrying...
2022-11-10T02:23:48.6405631Z A path returned 202. Retrying...
2022-11-10T02:23:48.6406115Z A path returned 202. Retrying...
2022-11-10T02:23:48.6406605Z A path returned 202. Retrying...
2022-11-10T02:23:48.6407106Z A path returned 202. Retrying...
2022-11-10T02:23:48.6407606Z A path returned 202. Retrying...
2022-11-10T02:23:48.6408102Z A path returned 202. Retrying...
2022-11-10T02:23:48.6408604Z A path returned 202. Retrying...
2022-11-10T02:23:48.6409098Z A path returned 202. Retrying...
2022-11-10T02:23:48.6409592Z A path returned 202. Retrying...
2022-11-10T02:23:48.6410073Z A path returned 202. Retrying...
2022-11-10T02:23:48.6410573Z A path returned 202. Retrying...
2022-11-10T02:23:48.6411073Z A path returned 202. Retrying...
2022-11-10T02:23:48.6411567Z A path returned 202. Retrying...
2022-11-10T02:23:48.6412067Z A path returned 202. Retrying...
2022-11-10T02:23:48.6412560Z A path returned 202. Retrying...
2022-11-10T02:23:48.6413053Z A path returned 202. Retrying...
2022-11-10T02:23:48.6413527Z A path returned 202. Retrying...
2022-11-10T02:23:48.6414020Z A path returned 202. Retrying...
2022-11-10T02:23:48.6414516Z A path returned 202. Retrying...
2022-11-10T02:23:48.6415127Z A path returned 202. Retrying...
2022-11-10T02:23:48.6415637Z A path returned 202. Retrying...
2022-11-10T02:23:48.6416138Z A path returned 202. Retrying...
2022-11-10T02:23:48.6416636Z A path returned 202. Retrying...
2022-11-10T02:23:48.6417132Z A path returned 202. Retrying...
2022-11-10T02:23:48.6417613Z A path returned 202. Retrying...
2022-11-10T02:23:48.6418105Z A path returned 202. Retrying...
2022-11-10T02:23:48.6418602Z A path returned 202. Retrying...
2022-11-10T02:23:48.6419106Z A path returned 202. Retrying...
2022-11-10T02:23:48.6419612Z A path returned 202. Retrying...
2022-11-10T02:23:48.6420110Z A path returned 202. Retrying...
2022-11-10T02:23:48.6420607Z A path returned 202. Retrying...
2022-11-10T02:23:48.6421400Z A path returned 202. Retrying...
2022-11-10T02:23:48.6421880Z A path returned 202. Retrying...
2022-11-10T02:23:48.6422372Z A path returned 202. Retrying...
2022-11-10T02:23:48.6422866Z A path returned 202. Retrying...
2022-11-10T02:23:48.6423362Z A path returned 202. Retrying...
2022-11-10T02:23:48.6423874Z A path returned 202. Retrying...
2022-11-10T02:23:48.6424465Z A path returned 202. Retrying...
2022-11-10T02:23:48.6424962Z A path returned 202. Retrying...
2022-11-10T02:23:48.6425442Z A path returned 202. Retrying...
2022-11-10T02:23:48.6425934Z A path returned 202. Retrying...
2022-11-10T02:23:48.6426426Z A path returned 202. Retrying...
2022-11-10T02:23:48.6426923Z A path returned 202. Retrying...
2022-11-10T02:23:48.6427577Z A path returned 202. Retrying...
2022-11-10T02:23:48.6428201Z A path returned 202. Retrying...
2022-11-10T02:23:48.6428497Z A path returned 202. Retrying...
2022-11-10T02:23:48.6428787Z A path returned 202. Retrying...
2022-11-10T02:23:48.6429062Z A path returned 202. Retrying...
2022-11-10T02:23:48.6429348Z A path returned 202. Retrying...
2022-11-10T02:23:48.6429639Z A path returned 202. Retrying...
2022-11-10T02:23:48.6429928Z A path returned 202. Retrying...
2022-11-10T02:23:48.6430217Z A path returned 202. Retrying...
2022-11-10T02:23:48.6430609Z A path returned 202. Retrying...
2022-11-10T02:23:48.6430898Z A path returned 202. Retrying...
2022-11-10T02:23:48.6431186Z A path returned 202. Retrying...
2022-11-10T02:23:48.6431462Z A path returned 202. Retrying...
2022-11-10T02:23:48.6431749Z A path returned 202. Retrying...
2022-11-10T02:23:48.6432038Z A path returned 202. Retrying...
2022-11-10T02:23:48.6432326Z A path returned 202. Retrying...
2022-11-10T02:23:48.6432614Z A path returned 202. Retrying...
2022-11-10T02:23:48.6432903Z A path returned 202. Retrying...
2022-11-10T02:23:48.6433190Z A path returned 202. Retrying...
2022-11-10T02:23:48.6433465Z A path returned 202. Retrying...
2022-11-10T02:23:48.6433752Z A path returned 202. Retrying...
2022-11-10T02:23:48.6434041Z A path returned 202. Retrying...
2022-11-10T02:23:48.6434332Z A path returned 202. Retrying...
2022-11-10T02:23:48.6434621Z A path returned 202. Retrying...
2022-11-10T02:23:48.6434908Z A path returned 202. Retrying...
2022-11-10T02:23:48.6435196Z A path returned 202. Retrying...
2022-11-10T02:23:48.6435484Z A path returned 202. Retrying...
2022-11-10T02:23:48.6435760Z A path returned 202. Retrying...
2022-11-10T02:23:48.6436045Z A path returned 202. Retrying...
2022-11-10T02:23:48.6436334Z A path returned 202. Retrying...
2022-11-10T02:23:48.6436626Z A path returned 202. Retrying...
2022-11-10T02:23:48.6436915Z A path returned 202. Retrying...
2022-11-10T02:23:48.6437204Z A path returned 202. Retrying...
2022-11-10T02:23:48.6437495Z A path returned 202. Retrying...
2022-11-10T02:23:48.6437781Z A path returned 202. Retrying...
2022-11-10T02:23:48.6438054Z A path returned 202. Retrying...
2022-11-10T02:23:48.6438341Z A path returned 202. Retrying...
2022-11-10T02:23:48.6438627Z A path returned 202. Retrying...
2022-11-10T02:23:48.6438915Z A path returned 202. Retrying...
2022-11-10T02:23:48.6439202Z A path returned 202. Retrying...
2022-11-10T02:23:48.6439490Z A path returned 202. Retrying...
2022-11-10T02:23:48.6439777Z A path returned 202. Retrying...
2022-11-10T02:23:48.6440136Z A path returned 202. Retrying...
2022-11-10T02:23:48.6440430Z A path returned 202. Retrying...
2022-11-10T02:23:48.6440719Z A path returned 202. Retrying...
2022-11-10T02:23:48.6441013Z A path returned 202. Retrying...
2022-11-10T02:23:48.6441307Z A path returned 202. Retrying...
2022-11-10T02:23:48.6441598Z A path returned 202. Retrying...
2022-11-10T02:23:48.6441888Z A path returned 202. Retrying...
2022-11-10T02:23:48.6442178Z A path returned 202. Retrying...
2022-11-10T02:23:48.6442457Z A path returned 202. Retrying...
2022-11-10T02:23:48.6442746Z A path returned 202. Retrying...
2022-11-10T02:23:48.6443035Z A path returned 202. Retrying...
2022-11-10T02:23:48.6443324Z A path returned 202. Retrying...
2022-11-10T02:23:48.6443614Z A path returned 202. Retrying...
2022-11-10T02:23:48.6443903Z A path returned 202. Retrying...
2022-11-10T02:23:48.6444195Z A path returned 202. Retrying...
2022-11-10T02:23:48.6444484Z A path returned 202. Retrying...
2022-11-10T02:23:48.6444760Z A path returned 202. Retrying...
2022-11-10T02:23:48.6445052Z A path returned 202. Retrying...
2022-11-10T02:23:48.6445340Z A path returned 202. Retrying...
2022-11-10T02:23:48.6445627Z A path returned 202. Retrying...
2022-11-10T02:23:48.6445916Z A path returned 202. Retrying...
2022-11-10T02:23:48.6446204Z A path returned 202. Retrying...
2022-11-10T02:23:48.6446495Z A path returned 202. Retrying...
2022-11-10T02:23:48.6446768Z A path returned 202. Retrying...
2022-11-10T02:23:48.6447127Z A path returned 202. Retrying...
2022-11-10T02:23:48.6447413Z A path returned 202. Retrying...
2022-11-10T02:23:48.6447704Z A path returned 202. Retrying...
2022-11-10T02:23:48.6448004Z A path returned 202. Retrying...
2022-11-10T02:23:48.6448288Z A path returned 202. Retrying...
2022-11-10T02:23:48.6448576Z A path returned 202. Retrying...
2022-11-10T02:23:48.6448868Z A path returned 202. Retrying...
2022-11-10T02:23:48.6449156Z A path returned 202. Retrying...
2022-11-10T02:23:48.6449446Z A path returned 202. Retrying...
2022-11-10T02:23:48.6449734Z A path returned 202. Retrying...
2022-11-10T02:23:48.6450020Z A path returned 202. Retrying...
2022-11-10T02:23:48.6450295Z A path returned 202. Retrying...
2022-11-10T02:23:48.6450585Z A path returned 202. Retrying...
2022-11-10T02:23:48.6450872Z A path returned 202. Retrying...
2022-11-10T02:23:48.6451161Z A path returned 202. Retrying...
2022-11-10T02:23:48.6451450Z A path returned 202. Retrying...
2022-11-10T02:23:48.6451738Z A path returned 202. Retrying...
2022-11-10T02:23:48.6452028Z A path returned 202. Retrying...
2022-11-10T02:23:48.6452313Z A path returned 202. Retrying...
2022-11-10T02:23:48.6452630Z A path returned 202. Retrying...
2022-11-10T02:23:48.6452921Z A path returned 202. Retrying...
2022-11-10T02:23:48.6453213Z A path returned 202. Retrying...
2022-11-10T02:23:48.6453646Z A path returned 202. Retrying...
2022-11-10T02:23:48.6453936Z A path returned 202. Retrying...
2022-11-10T02:23:48.6454226Z A path returned 202. Retrying...
2022-11-10T02:23:48.6454511Z A path returned 202. Retrying...
2022-11-10T02:23:48.6454804Z A path returned 202. Retrying...
2022-11-10T02:23:48.6455076Z A path returned 202. Retrying...
2022-11-10T02:23:48.6455364Z A path returned 202. Retrying...
2022-11-10T02:23:48.6455652Z A path returned 202. Retrying...
2022-11-10T02:23:48.6455940Z A path returned 202. Retrying...
2022-11-10T02:23:48.6456228Z A path returned 202. Retrying...
2022-11-10T02:23:48.6456514Z A path returned 202. Retrying...
2022-11-10T02:23:48.6456806Z A path returned 202. Retrying...
2022-11-10T02:23:48.6457083Z A path returned 202. Retrying...
2022-11-10T02:23:48.6457372Z A path returned 202. Retrying...
2022-11-10T02:23:48.6457663Z A path returned 202. Retrying...
2022-11-10T02:23:48.6457953Z A path returned 202. Retrying...
2022-11-10T02:23:48.6458243Z A path returned 202. Retrying...
2022-11-10T02:23:48.6458530Z A path returned 202. Retrying...
2022-11-10T02:23:48.6458815Z A path returned 202. Retrying...
2022-11-10T02:23:48.6459105Z A path returned 202. Retrying...
2022-11-10T02:23:48.6459456Z A path returned 202. Retrying...
2022-11-10T02:23:48.6459749Z A path returned 202. Retrying...
2022-11-10T02:23:48.6460038Z A path returned 202. Retrying...
2022-11-10T02:23:48.6460325Z A path returned 202. Retrying...
2022-11-10T02:23:48.6460611Z A path returned 202. Retrying...
2022-11-10T02:23:48.6460999Z A path returned 202. Retrying...
2022-11-10T02:23:48.6461288Z A path returned 202. Retrying...
2022-11-10T02:23:48.6461576Z A path returned 202. Retrying...
2022-11-10T02:23:48.6461854Z A path returned 202. Retrying...
2022-11-10T02:23:48.6462141Z A path returned 202. Retrying...
2022-11-10T02:23:48.6462431Z A path returned 202. Retrying...
2022-11-10T02:23:48.6462716Z A path returned 202. Retrying...
2022-11-10T02:23:48.6463003Z A path returned 202. Retrying...
2022-11-10T02:23:48.6463292Z A path returned 202. Retrying...
2022-11-10T02:23:48.6463580Z A path returned 202. Retrying...
2022-11-10T02:23:48.6463866Z A path returned 202. Retrying...
2022-11-10T02:23:48.6464139Z A path returned 202. Retrying...
2022-11-10T02:23:48.6464431Z A path returned 202. Retrying...
2022-11-10T02:23:48.6464722Z A path returned 202. Retrying...
2022-11-10T02:23:48.6465008Z A path returned 202. Retrying...
2022-11-10T02:23:48.6465297Z A path returned 202. Retrying...
2022-11-10T02:23:48.6465583Z A path returned 202. Retrying...
2022-11-10T02:23:48.6465872Z A path returned 202. Retrying...
2022-11-10T02:23:48.6466144Z A path returned 202. Retrying...
2022-11-10T02:23:48.6466512Z A path returned 202. Retrying...
2022-11-10T02:23:48.6466802Z A path returned 202. Retrying...
2022-11-10T02:23:48.6467090Z A path returned 202. Retrying...
2022-11-10T02:23:48.6467377Z A path returned 202. Retrying...
2022-11-10T02:23:48.6467665Z A path returned 202. Retrying...
2022-11-10T02:23:48.6467950Z A path returned 202. Retrying...
2022-11-10T02:23:48.6468236Z A path returned 202. Retrying...
2022-11-10T02:23:48.6468511Z A path returned 202. Retrying...
2022-11-10T02:23:48.6468796Z A path returned 202. Retrying...
2022-11-10T02:23:48.6469090Z A path returned 202. Retrying...
2022-11-10T02:23:48.6469376Z A path returned 202. Retrying...
2022-11-10T02:23:48.6469664Z A path returned 202. Retrying...
2022-11-10T02:23:48.6469951Z A path returned 202. Retrying...
2022-11-10T02:23:48.6470240Z A path returned 202. Retrying...
2022-11-10T02:23:48.6470529Z A path returned 202. Retrying...
2022-11-10T02:23:48.6470805Z A path returned 202. Retrying...
2022-11-10T02:23:48.6471090Z A path returned 202. Retrying...
2022-11-10T02:23:48.6471384Z A path returned 202. Retrying...
2022-11-10T02:23:48.6471677Z A path returned 202. Retrying...
2022-11-10T02:23:48.6471964Z A path returned 202. Retrying...
2022-11-10T02:23:48.6472248Z A path returned 202. Retrying...
2022-11-10T02:23:48.6472536Z A path returned 202. Retrying...
2022-11-10T02:23:48.6472812Z A path returned 202. Retrying...
2022-11-10T02:32:40.4128750Z A path returned 202. Retrying...
2022-11-10T02:32:40.4129362Z A path returned 202. Retrying...
2022-11-10T02:32:40.4129882Z A path returned 202. Retrying...
2022-11-10T02:32:40.4130579Z A path returned 202. Retrying...
2022-11-10T02:32:40.4131092Z A path returned 202. Retrying...
2022-11-10T02:32:40.4131581Z A path returned 202. Retrying...
2022-11-10T02:32:40.4132081Z A path returned 202. Retrying...
2022-11-10T02:32:40.4132594Z A path returned 202. Retrying...
2022-11-10T02:32:40.4133095Z A path returned 202. Retrying...
2022-11-10T02:32:40.4133596Z A path returned 202. Retrying...
2022-11-10T02:32:40.4134112Z A path returned 202. Retrying...
2022-11-10T02:32:40.4134614Z A path returned 202. Retrying...
2022-11-10T02:32:40.4135114Z A path returned 202. Retrying...
2022-11-10T02:32:40.4135600Z A path returned 202. Retrying...
2022-11-10T02:32:40.4136106Z A path returned 202. Retrying...
2022-11-10T02:32:40.4136607Z A path returned 202. Retrying...
2022-11-10T02:32:40.4137111Z A path returned 202. Retrying...
2022-11-10T02:32:40.4137611Z A path returned 202. Retrying...
2022-11-10T02:32:40.4138111Z A path returned 202. Retrying...
2022-11-10T02:32:40.4139152Z A path returned 202. Retrying...
2022-11-10T02:32:40.4139656Z A path returned 202. Retrying...
2022-11-10T02:32:40.4140169Z A path returned 202. Retrying...
2022-11-10T02:32:40.4140668Z A path returned 202. Retrying...
2022-11-10T02:32:40.4141472Z A path returned 202. Retrying...
2022-11-10T02:32:40.4141976Z A path returned 202. Retrying...
2022-11-10T02:32:40.4142483Z A path returned 202. Retrying...
2022-11-10T02:32:40.4142986Z A path returned 202. Retrying...
2022-11-10T02:32:40.4143496Z A path returned 202. Retrying...
2022-11-10T02:32:40.4143979Z A path returned 202. Retrying...
2022-11-10T02:32:40.4144473Z A path returned 202. Retrying...
2022-11-10T02:32:40.4144979Z A path returned 202. Retrying...
2022-11-10T02:32:40.4145481Z A path returned 202. Retrying...
2022-11-10T02:32:40.4145979Z A path returned 202. Retrying...
2022-11-10T02:32:40.4146477Z A path returned 202. Retrying...
2022-11-10T02:32:40.4146984Z A path returned 202. Retrying...
2022-11-10T02:32:40.4147482Z A path returned 202. Retrying...
2022-11-10T02:32:40.4147972Z A path returned 202. Retrying...
2022-11-10T02:32:40.4148470Z A path returned 202. Retrying...
2022-11-10T02:32:40.4148969Z A path returned 202. Retrying...
2022-11-10T02:32:40.4149470Z A path returned 202. Retrying...
2022-11-10T02:32:40.4149972Z A path returned 202. Retrying...
2022-11-10T02:32:40.4150468Z A path returned 202. Retrying...
2022-11-10T02:32:40.4150969Z A path returned 202. Retrying...
2022-11-10T02:32:40.4151636Z A path returned 202. Retrying...
2022-11-10T02:32:40.4152132Z A path returned 202. Retrying...
2022-11-10T02:32:40.4152628Z A path returned 202. Retrying...
2022-11-10T02:32:40.4153135Z A path returned 202. Retrying...
2022-11-10T02:32:40.4153637Z A path returned 202. Retrying...
2022-11-10T02:32:40.4154140Z A path returned 202. Retrying...
2022-11-10T02:32:40.4154640Z A path returned 202. Retrying...
2022-11-10T02:32:40.4155146Z A path returned 202. Retrying...
2022-11-10T02:32:40.4155630Z A path returned 202. Retrying...
2022-11-10T02:32:40.4156130Z A path returned 202. Retrying...
2022-11-10T02:32:40.4156637Z A path returned 202. Retrying...
2022-11-10T02:32:40.4157135Z A path returned 202. Retrying...
2022-11-10T02:32:40.4157635Z A path returned 202. Retrying...
2022-11-10T02:32:40.4158131Z A path returned 202. Retrying...
2022-11-10T02:32:40.4158630Z A path returned 202. Retrying...
2022-11-10T02:32:40.4159129Z A path returned 202. Retrying...
2022-11-10T02:32:40.4159610Z A path returned 202. Retrying...
2022-11-10T02:32:40.4160111Z A path returned 202. Retrying...
2022-11-10T02:32:40.4160607Z A path returned 202. Retrying...
2022-11-10T02:32:40.4161105Z A path returned 202. Retrying...
2022-11-10T02:32:40.4161600Z A path returned 202. Retrying...
2022-11-10T02:32:40.4162093Z A path returned 202. Retrying...
2022-11-10T02:32:40.4162593Z A path returned 202. Retrying...
2022-11-10T02:32:40.4163074Z A path returned 202. Retrying...
2022-11-10T02:32:40.4163570Z A path returned 202. Retrying...
2022-11-10T02:32:40.4164064Z A path returned 202. Retrying...
2022-11-10T02:32:40.4164578Z A path returned 202. Retrying...
2022-11-10T02:32:40.4165075Z A path returned 202. Retrying...
2022-11-10T02:32:40.4165571Z A path returned 202. Retrying...
2022-11-10T02:32:40.4166063Z A path returned 202. Retrying...
2022-11-10T02:32:40.4166566Z A path returned 202. Retrying...
2022-11-10T02:32:40.4167043Z A path returned 202. Retrying...
2022-11-10T02:32:40.4167535Z A path returned 202. Retrying...
2022-11-10T02:32:40.4168037Z A path returned 202. Retrying...
2022-11-10T02:32:40.4168534Z A path returned 202. Retrying...
2022-11-10T02:32:40.4169034Z A path returned 202. Retrying...
2022-11-10T02:32:40.4169532Z A path returned 202. Retrying...
2022-11-10T02:32:40.4170034Z A path returned 202. Retrying...
2022-11-10T02:32:40.4170529Z A path returned 202. Retrying...
2022-11-10T02:32:40.4171011Z A path returned 202. Retrying...
2022-11-10T02:32:40.4171511Z A path returned 202. Retrying...
2022-11-10T02:32:40.4172009Z A path returned 202. Retrying...
2022-11-10T02:32:40.4172616Z A path returned 202. Retrying...
2022-11-10T02:32:40.4173124Z A path returned 202. Retrying...
2022-11-10T02:32:40.4173624Z A path returned 202. Retrying...
2022-11-10T02:32:40.4174117Z A path returned 202. Retrying...
2022-11-10T02:32:40.4174597Z A path returned 202. Retrying...
2022-11-10T02:32:40.4175100Z A path returned 202. Retrying...
2022-11-10T02:32:40.4175597Z A path returned 202. Retrying...
2022-11-10T02:32:40.4176097Z A path returned 202. Retrying...
2022-11-10T02:32:40.4176607Z A path returned 202. Retrying...
2022-11-10T02:32:40.4177109Z A path returned 202. Retrying...
2022-11-10T02:32:40.4177605Z A path returned 202. Retrying...
2022-11-10T02:32:40.4178102Z A path returned 202. Retrying...
2022-11-10T02:32:40.4178591Z A path returned 202. Retrying...
2022-11-10T02:32:40.4179083Z A path returned 202. Retrying...
2022-11-10T02:32:40.4179582Z A path returned 202. Retrying...
2022-11-10T02:32:40.4180076Z A path returned 202. Retrying...
2022-11-10T02:32:40.4180584Z A path returned 202. Retrying...
2022-11-10T02:32:40.4181268Z A path returned 202. Retrying...
2022-11-10T02:32:40.4181779Z A path returned 202. Retrying...
2022-11-10T02:32:40.4182279Z A path returned 202. Retrying...
2022-11-10T02:32:40.4182763Z A path returned 202. Retrying...
2022-11-10T02:32:40.4183262Z A path returned 202. Retrying...
2022-11-10T02:32:40.4183769Z A path returned 202. Retrying...
2022-11-10T02:32:40.4184271Z A path returned 202. Retrying...
2022-11-10T02:32:40.4184910Z A path returned 202. Retrying...
2022-11-10T02:32:40.4185413Z A path returned 202. Retrying...
2022-11-10T02:32:40.4185917Z A path returned 202. Retrying...
2022-11-10T02:32:40.4186400Z A path returned 202. Retrying...
2022-11-10T02:32:40.4186905Z A path returned 202. Retrying...
2022-11-10T02:32:40.4187401Z A path returned 202. Retrying...
2022-11-10T02:32:40.4187907Z A path returned 202. Retrying...
2022-11-10T02:32:40.4188408Z A path returned 202. Retrying...
2022-11-10T02:32:40.4188913Z A path returned 202. Retrying...
2022-11-10T02:32:40.4189421Z A path returned 202. Retrying...
2022-11-10T02:32:40.4189924Z A path returned 202. Retrying...
2022-11-10T02:32:40.4190423Z A path returned 202. Retrying...
2022-11-10T02:32:40.4190916Z A path returned 202. Retrying...
2022-11-10T02:32:40.4191420Z A path returned 202. Retrying...
2022-11-10T02:32:40.4191919Z A path returned 202. Retrying...
2022-11-10T02:32:40.4192423Z A path returned 202. Retrying...
2022-11-10T02:32:40.4192925Z A path returned 202. Retrying...
2022-11-10T02:32:40.4193436Z A path returned 202. Retrying...
2022-11-10T02:32:40.4193934Z A path returned 202. Retrying...
2022-11-10T02:32:40.4194416Z A path returned 202. Retrying...
2022-11-10T02:32:40.4194926Z A path returned 202. Retrying...
2022-11-10T02:32:40.4195429Z A path returned 202. Retrying...
2022-11-10T02:32:40.4195937Z A path returned 202. Retrying...
2022-11-10T02:32:40.4196439Z A path returned 202. Retrying...
2022-11-10T02:32:40.4196936Z A path returned 202. Retrying...
2022-11-10T02:32:40.4197434Z A path returned 202. Retrying...
2022-11-10T02:32:40.4197923Z A path returned 202. Retrying...
2022-11-10T02:32:40.4198418Z A path returned 202. Retrying...
2022-11-10T02:32:40.4198911Z A path returned 202. Retrying...
2022-11-10T02:32:40.4199410Z A path returned 202. Retrying...
2022-11-10T02:32:40.4199910Z A path returned 202. Retrying...
2022-11-10T02:32:40.4200408Z A path returned 202. Retrying...
2022-11-10T02:32:40.4200908Z A path returned 202. Retrying...
2022-11-10T02:32:40.4201417Z A path returned 202. Retrying...
2022-11-10T02:32:40.4201895Z A path returned 202. Retrying...
2022-11-10T02:32:40.4202398Z A path returned 202. Retrying...
2022-11-10T02:32:40.4202891Z A path returned 202. Retrying...
2022-11-10T02:32:40.4203389Z A path returned 202. Retrying...
2022-11-10T02:32:40.4203888Z A path returned 202. Retrying...
2022-11-10T02:32:40.4204394Z A path returned 202. Retrying...
2022-11-10T02:32:40.4204892Z A path returned 202. Retrying...
2022-11-10T02:32:40.4205392Z A path returned 202. Retrying...
2022-11-10T02:32:40.4205875Z A path returned 202. Retrying...
2022-11-10T02:32:40.4206484Z A path returned 202. Retrying...
2022-11-10T02:32:40.4206996Z A path returned 202. Retrying...
2022-11-10T02:32:40.4207493Z A path returned 202. Retrying...
2022-11-10T02:32:40.4207991Z A path returned 202. Retrying...
2022-11-10T02:32:40.4208488Z A path returned 202. Retrying...
2022-11-10T02:32:40.4208989Z A path returned 202. Retrying...
2022-11-10T02:32:40.4209474Z A path returned 202. Retrying...
2022-11-10T02:32:40.4209979Z A path returned 202. Retrying...
2022-11-10T02:32:40.4210477Z A path returned 202. Retrying...
2022-11-10T02:32:40.4210977Z A path returned 202. Retrying...
2022-11-10T02:32:40.4211480Z A path returned 202. Retrying...
2022-11-10T02:32:40.4211980Z A path returned 202. Retrying...
2022-11-10T02:32:40.4212472Z A path returned 202. Retrying...
2022-11-10T02:32:40.4212973Z A path returned 202. Retrying...
2022-11-10T02:32:40.4213454Z A path returned 202. Retrying...
2022-11-10T02:32:40.4213949Z A path returned 202. Retrying...
2022-11-10T02:32:40.4214449Z A path returned 202. Retrying...
2022-11-10T02:32:40.4214942Z A path returned 202. Retrying...
2022-11-10T02:32:40.4215441Z A path returned 202. Retrying...
2022-11-10T02:32:40.4215935Z A path returned 202. Retrying...
2022-11-10T02:32:40.4216429Z A path returned 202. Retrying...
2022-11-10T02:32:40.4216923Z A path returned 202. Retrying...
2022-11-10T02:32:40.4217464Z A path returned 202. Retrying...
2022-11-10T02:32:40.4218076Z A path returned 202. Retrying...
2022-11-10T02:32:40.4218575Z A path returned 202. Retrying...
2022-11-10T02:32:40.4219070Z A path returned 202. Retrying...
2022-11-10T02:32:40.4219564Z A path returned 202. Retrying...
2022-11-10T02:32:40.4220061Z A path returned 202. Retrying...
2022-11-10T02:32:40.4220560Z A path returned 202. Retrying...
2022-11-10T02:32:40.4221211Z A path returned 202. Retrying...
2022-11-10T02:32:40.4221698Z A path returned 202. Retrying...
2022-11-10T02:32:40.4222201Z A path returned 202. Retrying...
2022-11-10T02:32:40.4222701Z A path returned 202. Retrying...
2022-11-10T02:32:40.4223209Z A path returned 202. Retrying...
2022-11-10T02:32:40.4223707Z A path returned 202. Retrying...
2022-11-10T02:32:40.4224205Z A path returned 202. Retrying...
2022-11-10T02:32:40.4224705Z A path returned 202. Retrying...
2022-11-10T02:32:40.4225191Z A path returned 202. Retrying...
2022-11-10T02:32:40.4225633Z A path returned 202. Retrying...
2022-11-10T02:32:40.4225902Z A path returned 202. Retrying...
2022-11-10T02:32:40.4226180Z A path returned 202. Retrying...
2022-11-10T02:32:40.4226447Z A path returned 202. Retrying...
2022-11-10T02:32:40.4226905Z A path returned 202. Retrying...
2022-11-10T02:32:40.4227195Z A path returned 202. Retrying...
2022-11-10T02:32:40.4227498Z A path returned 202. Retrying...
2022-11-10T02:32:40.4227776Z A path returned 202. Retrying...
2022-11-10T02:32:40.4228065Z A path returned 202. Retrying...
2022-11-10T02:32:40.4228356Z A path returned 202. Retrying...
2022-11-10T02:32:40.4228645Z A path returned 202. Retrying...
2022-11-10T02:32:40.4228941Z A path returned 202. Retrying...
2022-11-10T02:32:40.4229231Z A path returned 202. Retrying...
2022-11-10T02:32:40.4229522Z A path returned 202. Retrying...
2022-11-10T02:32:40.4229815Z A path returned 202. Retrying...
2022-11-10T02:32:40.4230091Z A path returned 202. Retrying...
2022-11-10T02:32:40.4230380Z A path returned 202. Retrying...
2022-11-10T02:32:40.4230670Z A path returned 202. Retrying...
2022-11-10T02:32:40.4230964Z A path returned 202. Retrying...
2022-11-10T02:32:40.4231254Z A path returned 202. Retrying...
2022-11-10T02:32:40.4231542Z A path returned 202. Retrying...
2022-11-10T02:32:40.4231828Z A path returned 202. Retrying...
2022-11-10T02:32:40.4232103Z A path returned 202. Retrying...
2022-11-10T02:32:40.4232391Z A path returned 202. Retrying...
2022-11-10T02:32:40.4232679Z A path returned 202. Retrying...
2022-11-10T02:32:40.4232966Z A path returned 202. Retrying...
2022-11-10T02:32:40.4233255Z A path returned 202. Retrying...
2022-11-10T02:32:40.4233546Z A path returned 202. Retrying...
2022-11-10T02:32:40.4233920Z A path returned 202. Retrying...
2022-11-10T02:32:40.4234212Z A path returned 202. Retrying...
2022-11-10T02:32:40.4234490Z A path returned 202. Retrying...
2022-11-10T02:32:40.4234779Z A path returned 202. Retrying...
2022-11-10T02:32:40.4235069Z A path returned 202. Retrying...
2022-11-10T02:32:40.4235360Z A path returned 202. Retrying...
2022-11-10T02:32:40.4235650Z A path returned 202. Retrying...
2022-11-10T02:32:40.4235944Z A path returned 202. Retrying...
2022-11-10T02:32:40.4236237Z A path returned 202. Retrying...
2022-11-10T02:32:40.4236527Z A path returned 202. Retrying...
2022-11-10T02:32:40.4236803Z A path returned 202. Retrying...
2022-11-10T02:32:40.4237091Z A path returned 202. Retrying...
2022-11-10T02:32:40.4237382Z A path returned 202. Retrying...
2022-11-10T02:32:40.4237673Z A path returned 202. Retrying...
2022-11-10T02:32:40.4237966Z A path returned 202. Retrying...
2022-11-10T02:32:40.4238255Z A path returned 202. Retrying...
2022-11-10T02:32:40.4238549Z A path returned 202. Retrying...
2022-11-10T02:32:40.4238827Z A path returned 202. Retrying...
2022-11-10T02:32:40.4239117Z A path returned 202. Retrying...
2022-11-10T02:32:40.4239404Z A path returned 202. Retrying...
2022-11-10T02:32:40.4239697Z A path returned 202. Retrying...
2022-11-10T02:32:40.4239986Z A path returned 202. Retrying...
2022-11-10T02:32:40.4240276Z A path returned 202. Retrying...
2022-11-10T02:32:40.4240566Z A path returned 202. Retrying...
2022-11-10T02:32:40.4240933Z A path returned 202. Retrying...
2022-11-10T02:32:40.4241209Z A path returned 202. Retrying...
2022-11-10T02:32:40.4241497Z A path returned 202. Retrying...
2022-11-10T02:32:40.4241784Z A path returned 202. Retrying...
2022-11-10T02:32:40.4242074Z A path returned 202. Retrying...
2022-11-10T02:32:40.4242367Z A path returned 202. Retrying...
2022-11-10T02:41:30.9167002Z A path returned 202. Retrying...
2022-11-10T02:41:30.9167558Z A path returned 202. Retrying...
2022-11-10T02:41:30.9167955Z A path returned 202. Retrying...
2022-11-10T02:41:30.9168352Z A path returned 202. Retrying...
2022-11-10T02:41:30.9168744Z A path returned 202. Retrying...
2022-11-10T02:41:30.9169107Z A path returned 202. Retrying...
2022-11-10T02:41:30.9169479Z A path returned 202. Retrying...
2022-11-10T02:41:30.9169846Z A path returned 202. Retrying...
2022-11-10T02:41:30.9170195Z A path returned 202. Retrying...
2022-11-10T02:41:30.9170572Z A path returned 202. Retrying...
2022-11-10T02:41:30.9171387Z A path returned 202. Retrying...
2022-11-10T02:41:30.9171827Z A path returned 202. Retrying...
2022-11-10T02:41:30.9172136Z A path returned 202. Retrying...
2022-11-10T02:41:30.9172491Z A path returned 202. Retrying...
2022-11-10T02:41:30.9172861Z A path returned 202. Retrying...
2022-11-10T02:41:30.9173166Z A path returned 202. Retrying...
2022-11-10T02:41:30.9173525Z A path returned 202. Retrying...
2022-11-10T02:41:30.9173830Z A path returned 202. Retrying...
2022-11-10T02:41:30.9174198Z A path returned 202. Retrying...
2022-11-10T02:41:30.9174530Z A path returned 202. Retrying...
2022-11-10T02:41:30.9174824Z A path returned 202. Retrying...
2022-11-10T02:41:30.9175211Z A path returned 202. Retrying...
2022-11-10T02:41:30.9175520Z A path returned 202. Retrying...
2022-11-10T02:41:30.9175904Z A path returned 202. Retrying...
2022-11-10T02:41:30.9176206Z A path returned 202. Retrying...
2022-11-10T02:41:30.9176569Z A path returned 202. Retrying...
2022-11-10T02:41:30.9176877Z A path returned 202. Retrying...
2022-11-10T02:41:30.9177172Z A path returned 202. Retrying...
2022-11-10T02:41:30.9177551Z A path returned 202. Retrying...
2022-11-10T02:41:30.9177854Z A path returned 202. Retrying...
2022-11-10T02:41:30.9178199Z A path returned 202. Retrying...
2022-11-10T02:41:30.9178506Z A path returned 202. Retrying...
2022-11-10T02:41:30.9178890Z A path returned 202. Retrying...
2022-11-10T02:41:30.9179198Z A path returned 202. Retrying...
2022-11-10T02:41:30.9179581Z A path returned 202. Retrying...
2022-11-10T02:41:30.9179887Z A path returned 202. Retrying...
2022-11-10T02:41:30.9180623Z A path returned 202. Retrying...
2022-11-10T02:41:30.9181280Z A path returned 202. Retrying...
2022-11-10T02:41:30.9181589Z A path returned 202. Retrying...
2022-11-10T02:41:30.9181986Z A path returned 202. Retrying...
2022-11-10T02:41:30.9182294Z A path returned 202. Retrying...
2022-11-10T02:41:30.9182656Z A path returned 202. Retrying...
2022-11-10T02:41:30.9182963Z A path returned 202. Retrying...
2022-11-10T02:41:30.9183348Z A path returned 202. Retrying...
2022-11-10T02:41:30.9183663Z A path returned 202. Retrying...
2022-11-10T02:41:30.9183955Z A path returned 202. Retrying...
2022-11-10T02:41:30.9184240Z A path returned 202. Retrying...
2022-11-10T02:41:30.9184716Z A path returned 202. Retrying...
2022-11-10T02:41:30.9185008Z A path returned 202. Retrying...
2022-11-10T02:41:30.9185389Z A path returned 202. Retrying...
2022-11-10T02:41:30.9185693Z A path returned 202. Retrying...
2022-11-10T02:41:30.9186039Z A path returned 202. Retrying...
2022-11-10T02:41:30.9186347Z A path returned 202. Retrying...
2022-11-10T02:41:30.9186729Z A path returned 202. Retrying...
2022-11-10T02:41:30.9187040Z A path returned 202. Retrying...
2022-11-10T02:41:30.9187333Z A path returned 202. Retrying...
2022-11-10T02:41:30.9187718Z A path returned 202. Retrying...
2022-11-10T02:41:30.9188022Z A path returned 202. Retrying...
2022-11-10T02:41:30.9188395Z A path returned 202. Retrying...
2022-11-10T02:41:30.9188699Z A path returned 202. Retrying...
2022-11-10T02:41:30.9189236Z A path returned 202. Retrying...
2022-11-10T02:41:30.9189540Z A path returned 202. Retrying...
2022-11-10T02:41:30.9189890Z A path returned 202. Retrying...
2022-11-10T02:41:30.9190196Z A path returned 202. Retrying...
2022-11-10T02:41:30.9190584Z A path returned 202. Retrying...
2022-11-10T02:41:30.9190891Z A path returned 202. Retrying...
2022-11-10T02:41:30.9191181Z A path returned 202. Retrying...
2022-11-10T02:41:30.9191560Z A path returned 202. Retrying...
2022-11-10T02:41:30.9191865Z A path returned 202. Retrying...
2022-11-10T02:41:30.9192249Z A path returned 202. Retrying...
2022-11-10T02:41:30.9192553Z A path returned 202. Retrying...
2022-11-10T02:41:30.9192911Z A path returned 202. Retrying...
2022-11-10T02:41:30.9193213Z A path returned 202. Retrying...
2022-11-10T02:41:30.9193578Z A path returned 202. Retrying...
2022-11-10T02:41:30.9193885Z A path returned 202. Retrying...
2022-11-10T02:41:30.9194262Z A path returned 202. Retrying...
2022-11-10T02:41:30.9194570Z A path returned 202. Retrying...
2022-11-10T02:41:30.9194932Z A path returned 202. Retrying...
2022-11-10T02:41:30.9195241Z A path returned 202. Retrying...
2022-11-10T02:41:30.9195534Z A path returned 202. Retrying...
2022-11-10T02:41:30.9195917Z A path returned 202. Retrying...
2022-11-10T02:41:30.9196222Z A path returned 202. Retrying...
2022-11-10T02:41:30.9196605Z A path returned 202. Retrying...
2022-11-10T02:41:30.9196910Z A path returned 202. Retrying...
2022-11-10T02:41:30.9197271Z A path returned 202. Retrying...
2022-11-10T02:41:30.9199713Z A path returned 202. Retrying...
2022-11-10T02:41:30.9200529Z A path returned 202. Retrying...
2022-11-10T02:41:30.9201211Z A path returned 202. Retrying...
2022-11-10T02:41:30.9201855Z A path returned 202. Retrying...
2022-11-10T02:41:30.9202502Z A path returned 202. Retrying...
2022-11-10T02:41:30.9203156Z A path returned 202. Retrying...
2022-11-10T02:41:30.9203794Z A path returned 202. Retrying...
2022-11-10T02:41:30.9204427Z A path returned 202. Retrying...
2022-11-10T02:41:30.9205073Z A path returned 202. Retrying...
2022-11-10T02:41:30.9205701Z A path returned 202. Retrying...
2022-11-10T02:41:30.9206330Z A path returned 202. Retrying...
2022-11-10T02:41:30.9206940Z A path returned 202. Retrying...
2022-11-10T02:41:30.9207571Z A path returned 202. Retrying...
2022-11-10T02:41:30.9208210Z A path returned 202. Retrying...
2022-11-10T02:41:30.9208844Z A path returned 202. Retrying...
2022-11-10T02:41:30.9209475Z A path returned 202. Retrying...
2022-11-10T02:41:30.9210106Z A path returned 202. Retrying...
2022-11-10T02:41:30.9211112Z A path returned 202. Retrying...
2022-11-10T02:41:30.9211786Z A path returned 202. Retrying...
2022-11-10T02:41:30.9213247Z A path returned 202. Retrying...
2022-11-10T02:41:30.9213896Z A path returned 202. Retrying...
2022-11-10T02:41:30.9214539Z A path returned 202. Retrying...
2022-11-10T02:41:30.9215174Z A path returned 202. Retrying...
2022-11-10T02:41:30.9215785Z A path returned 202. Retrying...
2022-11-10T02:41:30.9216428Z A path returned 202. Retrying...
2022-11-10T02:41:30.9217084Z A path returned 202. Retrying...
2022-11-10T02:41:30.9217729Z A path returned 202. Retrying...
2022-11-10T02:41:30.9218373Z A path returned 202. Retrying...
2022-11-10T02:41:30.9219009Z A path returned 202. Retrying...
2022-11-10T02:41:30.9219644Z A path returned 202. Retrying...
2022-11-10T02:41:30.9220276Z A path returned 202. Retrying...
2022-11-10T02:41:30.9221149Z A path returned 202. Retrying...
2022-11-10T02:41:30.9221805Z A path returned 202. Retrying...
2022-11-10T02:41:30.9222447Z A path returned 202. Retrying...
2022-11-10T02:41:30.9223075Z A path returned 202. Retrying...
2022-11-10T02:41:30.9223692Z A path returned 202. Retrying...
2022-11-10T02:41:30.9224333Z A path returned 202. Retrying...
2022-11-10T02:41:30.9224975Z A path returned 202. Retrying...
2022-11-10T02:41:30.9225612Z A path returned 202. Retrying...
2022-11-10T02:41:30.9226187Z A path returned 202. Retrying...
2022-11-10T02:41:30.9226685Z A path returned 202. Retrying...
2022-11-10T02:41:30.9227462Z A path returned 202. Retrying...
2022-11-10T02:41:30.9227960Z A path returned 202. Retrying...
2022-11-10T02:41:30.9228460Z A path returned 202. Retrying...
2022-11-10T02:41:30.9228958Z A path returned 202. Retrying...
2022-11-10T02:41:30.9229437Z A path returned 202. Retrying...
2022-11-10T02:41:30.9229927Z A path returned 202. Retrying...
2022-11-10T02:41:30.9230424Z A path returned 202. Retrying...
2022-11-10T02:41:30.9230926Z A path returned 202. Retrying...
2022-11-10T02:41:30.9231423Z A path returned 202. Retrying...
2022-11-10T02:41:30.9231924Z A path returned 202. Retrying...
2022-11-10T02:41:30.9232615Z A path returned 202. Retrying...
2022-11-10T02:41:30.9233112Z A path returned 202. Retrying...
2022-11-10T02:41:30.9233740Z A path returned 202. Retrying...
2022-11-10T02:41:30.9234373Z A path returned 202. Retrying...
2022-11-10T02:41:30.9235008Z A path returned 202. Retrying...
2022-11-10T02:41:30.9235826Z A path returned 202. Retrying...
2022-11-10T02:41:30.9236636Z A path returned 202. Retrying...
2022-11-10T02:41:30.9237664Z A path returned 202. Retrying...
2022-11-10T02:41:30.9238514Z A path returned 202. Retrying...
2022-11-10T02:41:30.9239306Z A path returned 202. Retrying...
2022-11-10T02:41:30.9240096Z A path returned 202. Retrying...
2022-11-10T02:41:30.9240978Z A path returned 202. Retrying...
2022-11-10T02:41:30.9241796Z A path returned 202. Retrying...
2022-11-10T02:41:30.9242490Z A path returned 202. Retrying...
2022-11-10T02:41:30.9243297Z A path returned 202. Retrying...
2022-11-10T02:41:30.9244097Z A path returned 202. Retrying...
2022-11-10T02:41:30.9244992Z A path returned 202. Retrying...
2022-11-10T02:41:30.9245787Z A path returned 202. Retrying...
2022-11-10T02:41:30.9246570Z A path returned 202. Retrying...
2022-11-10T02:41:30.9247458Z A path returned 202. Retrying...
2022-11-10T02:41:30.9248328Z A path returned 202. Retrying...
2022-11-10T02:41:30.9249122Z A path returned 202. Retrying...
2022-11-10T02:41:30.9249907Z A path returned 202. Retrying...
2022-11-10T02:41:30.9250730Z A path returned 202. Retrying...
2022-11-10T02:41:30.9293627Z A path returned 202. Retrying...
2022-11-10T02:41:30.9294114Z A path returned 202. Retrying...
2022-11-10T02:41:30.9295501Z A path returned 202. Retrying...
2022-11-10T02:41:30.9295876Z A path returned 202. Retrying...
2022-11-10T02:41:30.9296248Z A path returned 202. Retrying...
2022-11-10T02:41:30.9296618Z A path returned 202. Retrying...
2022-11-10T02:41:30.9296973Z A path returned 202. Retrying...
2022-11-10T02:41:30.9297318Z A path returned 202. Retrying...
2022-11-10T02:41:30.9297856Z A path returned 202. Retrying...
2022-11-10T02:41:30.9298225Z A path returned 202. Retrying...
2022-11-10T02:41:30.9298582Z A path returned 202. Retrying...
2022-11-10T02:41:30.9298933Z A path returned 202. Retrying...
2022-11-10T02:41:30.9299298Z A path returned 202. Retrying...
2022-11-10T02:41:30.9299654Z A path returned 202. Retrying...
2022-11-10T02:41:30.9299997Z A path returned 202. Retrying...
2022-11-10T02:41:30.9300350Z A path returned 202. Retrying...
2022-11-10T02:41:30.9300700Z A path returned 202. Retrying...
2022-11-10T02:41:30.9301228Z A path returned 202. Retrying...
2022-11-10T02:41:30.9302637Z A path returned 202. Retrying...
2022-11-10T02:41:30.9305057Z A path returned 202. Retrying...
2022-11-10T02:41:30.9307438Z A path returned 202. Retrying...
2022-11-10T02:41:30.9309794Z A path returned 202. Retrying...
2022-11-10T02:41:30.9312174Z A path returned 202. Retrying...
2022-11-10T02:41:30.9315131Z A path returned 202. Retrying...
2022-11-10T02:41:30.9317930Z A path returned 202. Retrying...
2022-11-10T02:41:30.9318462Z A path returned 202. Retrying...
2022-11-10T02:41:30.9319232Z A path returned 202. Retrying...
2022-11-10T02:41:30.9320005Z A path returned 202. Retrying...
2022-11-10T02:41:30.9320778Z A path returned 202. Retrying...
2022-11-10T02:41:30.9321550Z A path returned 202. Retrying...
2022-11-10T02:41:30.9322324Z A path returned 202. Retrying...
2022-11-10T02:41:30.9323106Z A path returned 202. Retrying...
2022-11-10T02:41:30.9324756Z A path returned 202. Retrying...
2022-11-10T02:41:30.9325058Z A path returned 202. Retrying...
2022-11-10T02:41:30.9325572Z A path returned 202. Retrying...
2022-11-10T02:41:30.9325868Z A path returned 202. Retrying...
2022-11-10T02:41:30.9326337Z A path returned 202. Retrying...
2022-11-10T02:41:30.9326630Z A path returned 202. Retrying...
2022-11-10T02:41:30.9327132Z A path returned 202. Retrying...
2022-11-10T02:41:30.9327424Z A path returned 202. Retrying...
2022-11-10T02:41:30.9327909Z A path returned 202. Retrying...
2022-11-10T02:41:30.9328203Z A path returned 202. Retrying...
2022-11-10T02:41:30.9328679Z A path returned 202. Retrying...
2022-11-10T02:41:30.9328967Z A path returned 202. Retrying...
2022-11-10T02:41:30.9329455Z A path returned 202. Retrying...
2022-11-10T02:41:30.9329729Z A path returned 202. Retrying...
2022-11-10T02:41:30.9330226Z A path returned 202. Retrying...
2022-11-10T02:41:30.9330516Z A path returned 202. Retrying...
2022-11-10T02:41:30.9331004Z A path returned 202. Retrying...
2022-11-10T02:41:30.9331295Z A path returned 202. Retrying...
2022-11-10T02:41:30.9331776Z A path returned 202. Retrying...
2022-11-10T02:41:30.9332063Z A path returned 202. Retrying...
2022-11-10T02:41:30.9332577Z A path returned 202. Retrying...
2022-11-10T02:41:30.9332866Z A path returned 202. Retrying...
2022-11-10T02:41:30.9333333Z A path returned 202. Retrying...
2022-11-10T02:41:30.9333621Z A path returned 202. Retrying...
2022-11-10T02:41:30.9334118Z A path returned 202. Retrying...
2022-11-10T02:41:30.9334411Z A path returned 202. Retrying...
2022-11-10T02:41:30.9334894Z A path returned 202. Retrying...
2022-11-10T02:41:30.9335179Z A path returned 202. Retrying...
2022-11-10T02:41:30.9335664Z A path returned 202. Retrying...
2022-11-10T02:41:30.9335951Z A path returned 202. Retrying...
2022-11-10T02:41:30.9336433Z A path returned 202. Retrying...
2022-11-10T02:41:30.9336709Z A path returned 202. Retrying...
2022-11-10T02:41:30.9337203Z A path returned 202. Retrying...
2022-11-10T02:41:30.9337497Z A path returned 202. Retrying...
2022-11-10T02:41:30.9337979Z A path returned 202. Retrying...
2022-11-10T02:41:30.9338265Z A path returned 202. Retrying...
2022-11-10T02:41:30.9338750Z A path returned 202. Retrying...
2022-11-10T02:41:30.9339039Z A path returned 202. Retrying...
2022-11-10T02:41:30.9339522Z A path returned 202. Retrying...
2022-11-10T02:41:30.9339810Z A path returned 202. Retrying...
2022-11-10T02:41:30.9340279Z A path returned 202. Retrying...
2022-11-10T02:41:30.9340571Z A path returned 202. Retrying...
2022-11-10T02:41:30.9341438Z A path returned 202. Retrying...
2022-11-10T02:41:30.9341735Z A path returned 202. Retrying...
2022-11-10T02:41:30.9342051Z A path returned 202. Retrying...
2022-11-10T02:41:30.9342342Z A path returned 202. Retrying...
2022-11-10T02:41:30.9342811Z A path returned 202. Retrying...
2022-11-10T02:41:30.9343086Z A path returned 202. Retrying...
2022-11-10T02:41:30.9343583Z A path returned 202. Retrying...
2022-11-10T02:41:30.9343856Z A path returned 202. Retrying...
2022-11-10T02:41:30.9344364Z A path returned 202. Retrying...
2022-11-10T02:41:30.9344657Z A path returned 202. Retrying...
2022-11-10T02:41:30.9345132Z A path returned 202. Retrying...
2022-11-10T02:41:30.9345423Z A path returned 202. Retrying...
2022-11-10T02:41:30.9345907Z A path returned 202. Retrying...
2022-11-10T02:41:30.9346194Z A path returned 202. Retrying...
2022-11-10T02:50:22.2291595Z A path returned 202. Retrying...
2022-11-10T02:50:22.2291983Z A path returned 202. Retrying...
2022-11-10T02:50:22.2292300Z A path returned 202. Retrying...
2022-11-10T02:50:22.2292602Z A path returned 202. Retrying...
2022-11-10T02:50:22.2292898Z A path returned 202. Retrying...
2022-11-10T02:50:22.2293193Z A path returned 202. Retrying...
2022-11-10T02:50:22.2293490Z A path returned 202. Retrying...
2022-11-10T02:50:22.2293786Z A path returned 202. Retrying...
2022-11-10T02:50:22.2294080Z A path returned 202. Retrying...
2022-11-10T02:50:22.2294377Z A path returned 202. Retrying...
2022-11-10T02:50:22.2295067Z A path returned 202. Retrying...
2022-11-10T02:50:22.2295576Z A path returned 202. Retrying...
2022-11-10T02:50:22.2295876Z A path returned 202. Retrying...
2022-11-10T02:50:22.2296170Z A path returned 202. Retrying...
2022-11-10T02:50:22.2296468Z A path returned 202. Retrying...
2022-11-10T02:50:22.2296836Z A path returned 202. Retrying...
2022-11-10T02:50:22.2297131Z A path returned 202. Retrying...
2022-11-10T02:50:22.2297424Z A path returned 202. Retrying...
2022-11-10T02:50:22.2297707Z A path returned 202. Retrying...
2022-11-10T02:50:22.2298002Z A path returned 202. Retrying...
2022-11-10T02:50:22.2298292Z A path returned 202. Retrying...
2022-11-10T02:50:22.2298583Z A path returned 202. Retrying...
2022-11-10T02:50:22.2298871Z A path returned 202. Retrying...
2022-11-10T02:50:22.2299159Z A path returned 202. Retrying...
2022-11-10T02:50:22.2299446Z A path returned 202. Retrying...
2022-11-10T02:50:22.2299766Z A path returned 202. Retrying...
2022-11-10T02:50:22.2300062Z A path returned 202. Retrying...
2022-11-10T02:50:22.2300346Z A path returned 202. Retrying...
2022-11-10T02:50:22.2300634Z A path returned 202. Retrying...
2022-11-10T02:50:22.2301103Z A path returned 202. Retrying...
2022-11-10T02:50:22.2301402Z A path returned 202. Retrying...
2022-11-10T02:50:22.2301692Z A path returned 202. Retrying...
2022-11-10T02:50:22.2301987Z A path returned 202. Retrying...
2022-11-10T02:50:22.2302260Z A path returned 202. Retrying...
2022-11-10T02:50:22.2302550Z A path returned 202. Retrying...
2022-11-10T02:50:22.2302849Z A path returned 202. Retrying...
2022-11-10T02:50:22.2303248Z A path returned 202. Retrying...
2022-11-10T02:50:22.2303522Z A path returned 202. Retrying...
2022-11-10T02:50:22.2303812Z A path returned 202. Retrying...
2022-11-10T02:50:22.2304101Z A path returned 202. Retrying...
2022-11-10T02:50:22.2304389Z A path returned 202. Retrying...
2022-11-10T02:50:22.2304678Z A path returned 202. Retrying...
2022-11-10T02:50:22.2304967Z A path returned 202. Retrying...
2022-11-10T02:50:22.2305261Z A path returned 202. Retrying...
2022-11-10T02:50:22.2305698Z A path returned 202. Retrying...
2022-11-10T02:50:22.2305978Z A path returned 202. Retrying...
2022-11-10T02:50:22.2306272Z A path returned 202. Retrying...
2022-11-10T02:50:22.2306560Z A path returned 202. Retrying...
2022-11-10T02:50:22.2306855Z A path returned 202. Retrying...
2022-11-10T02:50:22.2307146Z A path returned 202. Retrying...
2022-11-10T02:50:22.2307438Z A path returned 202. Retrying...
2022-11-10T02:50:22.2307729Z A path returned 202. Retrying...
2022-11-10T02:50:22.2308189Z A path returned 202. Retrying...
2022-11-10T02:50:22.2308472Z A path returned 202. Retrying...
2022-11-10T02:50:22.2308763Z A path returned 202. Retrying...
2022-11-10T02:50:22.2309056Z A path returned 202. Retrying...
2022-11-10T02:50:22.2309346Z A path returned 202. Retrying...
2022-11-10T02:50:22.2309638Z A path returned 202. Retrying...
2022-11-10T02:50:22.2309926Z A path returned 202. Retrying...
2022-11-10T02:50:22.2310222Z A path returned 202. Retrying...
2022-11-10T02:50:22.2310498Z A path returned 202. Retrying...
2022-11-10T02:50:22.2310789Z A path returned 202. Retrying...
2022-11-10T02:50:22.2311077Z A path returned 202. Retrying...
2022-11-10T02:50:22.2311365Z A path returned 202. Retrying...
2022-11-10T02:50:22.2311656Z A path returned 202. Retrying...
2022-11-10T02:50:22.2311944Z A path returned 202. Retrying...
2022-11-10T02:50:22.2312235Z A path returned 202. Retrying...
2022-11-10T02:50:22.2312527Z A path returned 202. Retrying...
2022-11-10T02:50:22.2312806Z A path returned 202. Retrying...
2022-11-10T02:50:22.2313094Z A path returned 202. Retrying...
2022-11-10T02:50:22.2313383Z A path returned 202. Retrying...
2022-11-10T02:50:22.2313671Z A path returned 202. Retrying...
2022-11-10T02:50:22.2313962Z A path returned 202. Retrying...
2022-11-10T02:50:22.2314252Z A path returned 202. Retrying...
2022-11-10T02:50:22.2314538Z A path returned 202. Retrying...
2022-11-10T02:50:22.2314828Z A path returned 202. Retrying...
2022-11-10T02:50:22.2315177Z A path returned 202. Retrying...
2022-11-10T02:50:22.2315598Z A path returned 202. Retrying...
2022-11-10T02:50:22.2315891Z A path returned 202. Retrying...
2022-11-10T02:50:22.2316179Z A path returned 202. Retrying...
2022-11-10T02:50:22.2316468Z A path returned 202. Retrying...
2022-11-10T02:50:22.2316758Z A path returned 202. Retrying...
2022-11-10T02:50:22.2317049Z A path returned 202. Retrying...
2022-11-10T02:50:22.2317323Z A path returned 202. Retrying...
2022-11-10T02:50:22.2317616Z A path returned 202. Retrying...
2022-11-10T02:50:22.2317915Z A path returned 202. Retrying...
2022-11-10T02:50:22.2318205Z A path returned 202. Retrying...
2022-11-10T02:50:22.2318494Z A path returned 202. Retrying...
2022-11-10T02:50:22.2318785Z A path returned 202. Retrying...
2022-11-10T02:50:22.2319074Z A path returned 202. Retrying...
2022-11-10T02:50:22.2319363Z A path returned 202. Retrying...
2022-11-10T02:50:22.2319638Z A path returned 202. Retrying...
2022-11-10T02:50:22.2319927Z A path returned 202. Retrying...
2022-11-10T02:50:22.2320217Z A path returned 202. Retrying...
2022-11-10T02:50:22.2320507Z A path returned 202. Retrying...
2022-11-10T02:50:22.2320795Z A path returned 202. Retrying...
2022-11-10T02:50:22.2321083Z A path returned 202. Retrying...
2022-11-10T02:50:22.2321371Z A path returned 202. Retrying...
2022-11-10T02:50:22.2321659Z A path returned 202. Retrying...
2022-11-10T02:50:22.2321934Z A path returned 202. Retrying...
2022-11-10T02:50:22.2322220Z A path returned 202. Retrying...
2022-11-10T02:50:22.2322515Z A path returned 202. Retrying...
2022-11-10T02:50:22.2322805Z A path returned 202. Retrying...
2022-11-10T02:50:22.2323096Z A path returned 202. Retrying...
2022-11-10T02:50:22.2323386Z A path returned 202. Retrying...
2022-11-10T02:50:22.2323679Z A path returned 202. Retrying...
2022-11-10T02:50:22.2323952Z A path returned 202. Retrying...
2022-11-10T02:50:22.2324244Z A path returned 202. Retrying...
2022-11-10T02:50:22.2324529Z A path returned 202. Retrying...
2022-11-10T02:50:22.2324821Z A path returned 202. Retrying...
2022-11-10T02:50:22.2325114Z A path returned 202. Retrying...
2022-11-10T02:50:22.2325519Z A path returned 202. Retrying...
2022-11-10T02:50:22.2325809Z A path returned 202. Retrying...
2022-11-10T02:50:22.2326098Z A path returned 202. Retrying...
2022-11-10T02:50:22.2326375Z A path returned 202. Retrying...
2022-11-10T02:50:22.2326688Z A path returned 202. Retrying...
2022-11-10T02:50:22.2326981Z A path returned 202. Retrying...
2022-11-10T02:50:22.2327272Z A path returned 202. Retrying...
2022-11-10T02:50:22.2327658Z A path returned 202. Retrying...
2022-11-10T02:50:22.2327956Z A path returned 202. Retrying...
2022-11-10T02:50:22.2328251Z A path returned 202. Retrying...
2022-11-10T02:50:22.2328543Z A path returned 202. Retrying...
2022-11-10T02:50:22.2328818Z A path returned 202. Retrying...
2022-11-10T02:50:22.2329109Z A path returned 202. Retrying...
2022-11-10T02:50:22.2329405Z A path returned 202. Retrying...
2022-11-10T02:50:22.2329702Z A path returned 202. Retrying...
2022-11-10T02:50:22.2329993Z A path returned 202. Retrying...
2022-11-10T02:50:22.2330282Z A path returned 202. Retrying...
2022-11-10T02:50:22.2330574Z A path returned 202. Retrying...
2022-11-10T02:50:22.2330853Z A path returned 202. Retrying...
2022-11-10T02:50:22.2331142Z A path returned 202. Retrying...
2022-11-10T02:50:22.2331427Z A path returned 202. Retrying...
2022-11-10T02:50:22.2331716Z A path returned 202. Retrying...
2022-11-10T02:50:22.2332005Z A path returned 202. Retrying...
2022-11-10T02:50:22.2332297Z A path returned 202. Retrying...
2022-11-10T02:50:22.2332586Z A path returned 202. Retrying...
2022-11-10T02:50:22.2332876Z A path returned 202. Retrying...
2022-11-10T02:50:22.2333152Z A path returned 202. Retrying...
2022-11-10T02:50:22.2333438Z A path returned 202. Retrying...
2022-11-10T02:50:22.2333723Z A path returned 202. Retrying...
2022-11-10T02:50:22.2334014Z A path returned 202. Retrying...
2022-11-10T02:50:22.2334302Z A path returned 202. Retrying...
2022-11-10T02:50:22.2334665Z A path returned 202. Retrying...
2022-11-10T02:50:22.2334956Z A path returned 202. Retrying...
2022-11-10T02:50:22.2335247Z A path returned 202. Retrying...
2022-11-10T02:50:22.2335652Z A path returned 202. Retrying...
2022-11-10T02:50:22.2335942Z A path returned 202. Retrying...
2022-11-10T02:50:22.2336230Z A path returned 202. Retrying...
2022-11-10T02:50:22.2336521Z A path returned 202. Retrying...
2022-11-10T02:50:22.2336811Z A path returned 202. Retrying...
2022-11-10T02:50:22.2337101Z A path returned 202. Retrying...
2022-11-10T02:50:22.2337397Z A path returned 202. Retrying...
2022-11-10T02:50:22.2337673Z A path returned 202. Retrying...
2022-11-10T02:50:22.2337964Z A path returned 202. Retrying...
2022-11-10T02:50:22.2338254Z A path returned 202. Retrying...
2022-11-10T02:50:22.2338542Z A path returned 202. Retrying...
2022-11-10T02:50:22.2338831Z A path returned 202. Retrying...
2022-11-10T02:50:22.2339123Z A path returned 202. Retrying...
2022-11-10T02:50:22.2339414Z A path returned 202. Retrying...
2022-11-10T02:50:22.2339702Z A path returned 202. Retrying...
2022-11-10T02:50:22.2339978Z A path returned 202. Retrying...
2022-11-10T02:50:22.2340263Z A path returned 202. Retrying...
2022-11-10T02:50:22.2340554Z A path returned 202. Retrying...
2022-11-10T02:50:22.2340845Z A path returned 202. Retrying...
2022-11-10T02:50:22.2341412Z A path returned 202. Retrying...
2022-11-10T02:50:22.2341705Z A path returned 202. Retrying...
2022-11-10T02:50:22.2341998Z A path returned 202. Retrying...
2022-11-10T02:50:22.2342292Z A path returned 202. Retrying...
2022-11-10T02:50:22.2342571Z A path returned 202. Retrying...
2022-11-10T02:50:22.2342864Z A path returned 202. Retrying...
2022-11-10T02:50:22.2343158Z A path returned 202. Retrying...
2022-11-10T02:50:22.2343452Z A path returned 202. Retrying...
2022-11-10T02:50:22.2343745Z A path returned 202. Retrying...
2022-11-10T02:50:22.2344034Z A path returned 202. Retrying...
2022-11-10T02:50:22.2344329Z A path returned 202. Retrying...
2022-11-10T02:50:22.2344608Z A path returned 202. Retrying...
2022-11-10T02:50:22.2344897Z A path returned 202. Retrying...
2022-11-10T02:50:22.2345183Z A path returned 202. Retrying...
2022-11-10T02:50:22.2345611Z A path returned 202. Retrying...
2022-11-10T02:50:22.2345906Z A path returned 202. Retrying...
2022-11-10T02:50:22.2346197Z A path returned 202. Retrying...
2022-11-10T02:50:22.2346487Z A path returned 202. Retrying...
2022-11-10T02:50:22.2346780Z A path returned 202. Retrying...
2022-11-10T02:50:22.2347055Z A path returned 202. Retrying...
2022-11-10T02:50:22.2347467Z A path returned 202. Retrying...
2022-11-10T02:50:22.2347765Z A path returned 202. Retrying...
2022-11-10T02:50:22.2348057Z A path returned 202. Retrying...
2022-11-10T02:50:22.2348349Z A path returned 202. Retrying...
2022-11-10T02:50:22.2348641Z A path returned 202. Retrying...
2022-11-10T02:50:22.2348933Z A path returned 202. Retrying...
2022-11-10T02:50:22.2349268Z A path returned 202. Retrying...
2022-11-10T02:50:22.2349549Z A path returned 202. Retrying...
2022-11-10T02:50:22.2349835Z A path returned 202. Retrying...
2022-11-10T02:50:22.2350130Z A path returned 202. Retrying...
2022-11-10T02:50:22.2350421Z A path returned 202. Retrying...
2022-11-10T02:50:22.2350710Z A path returned 202. Retrying...
2022-11-10T02:50:22.2350997Z A path returned 202. Retrying...
2022-11-10T02:50:22.2351287Z A path returned 202. Retrying...
2022-11-10T02:50:22.2351562Z A path returned 202. Retrying...
2022-11-10T02:50:22.2351852Z A path returned 202. Retrying...
2022-11-10T02:50:22.2352141Z A path returned 202. Retrying...
2022-11-10T02:50:22.2352436Z A path returned 202. Retrying...
2022-11-10T02:50:22.2352725Z A path returned 202. Retrying...
2022-11-10T02:50:22.2353018Z A path returned 202. Retrying...
2022-11-10T02:50:22.2353309Z A path returned 202. Retrying...
2022-11-10T02:50:22.2353604Z A path returned 202. Retrying...
2022-11-10T02:50:22.2353879Z A path returned 202. Retrying...
2022-11-10T02:50:22.2354170Z A path returned 202. Retrying...
2022-11-10T02:50:22.2354541Z A path returned 202. Retrying...
2022-11-10T02:50:22.2354829Z A path returned 202. Retrying...
2022-11-10T02:50:22.2355118Z A path returned 202. Retrying...
2022-11-10T02:50:22.2355533Z A path returned 202. Retrying...
2022-11-10T02:50:22.2355827Z A path returned 202. Retrying...
2022-11-10T02:50:22.2356116Z A path returned 202. Retrying...
2022-11-10T02:50:22.2356388Z A path returned 202. Retrying...
2022-11-10T02:50:22.2356673Z A path returned 202. Retrying...
2022-11-10T02:50:22.2356964Z A path returned 202. Retrying...
2022-11-10T02:50:22.2357258Z A path returned 202. Retrying...
2022-11-10T02:50:22.2357552Z A path returned 202. Retrying...
2022-11-10T02:50:22.2357948Z A path returned 202. Retrying...
2022-11-10T02:50:22.2358219Z A path returned 202. Retrying...
2022-11-10T02:50:22.2358473Z A path returned 202. Retrying...
2022-11-10T02:50:22.2358744Z A path returned 202. Retrying...
2022-11-10T02:50:22.2359011Z A path returned 202. Retrying...
2022-11-10T02:50:22.2359282Z A path returned 202. Retrying...
2022-11-10T02:50:22.2359552Z A path returned 202. Retrying...
2022-11-10T02:50:22.2359820Z A path returned 202. Retrying...
2022-11-10T02:50:22.2360089Z A path returned 202. Retrying...
2022-11-10T02:50:22.2360361Z A path returned 202. Retrying...
2022-11-10T02:50:22.2360783Z A path returned 202. Retrying...
2022-11-10T02:50:22.2361196Z A path returned 202. Retrying...
2022-11-10T02:50:22.2361465Z A path returned 202. Retrying...
2022-11-10T02:50:22.2361917Z A path returned 202. Retrying...
2022-11-10T02:50:22.2362226Z A path returned 202. Retrying...
2022-11-10T02:50:22.2362518Z A path returned 202. Retrying...
2022-11-10T02:50:22.2362806Z A path returned 202. Retrying...
2022-11-10T02:50:22.2363099Z A path returned 202. Retrying...
2022-11-10T02:50:22.2363372Z A path returned 202. Retrying...
2022-11-10T02:50:22.2363656Z A path returned 202. Retrying...
2022-11-10T02:50:22.2363945Z A path returned 202. Retrying...
2022-11-10T02:50:22.2364231Z A path returned 202. Retrying...
2022-11-10T02:50:22.2364526Z A path returned 202. Retrying...
2022-11-10T02:50:22.2364812Z A path returned 202. Retrying...
2022-11-10T02:50:22.2365101Z A path returned 202. Retrying...
2022-11-10T02:50:22.2365484Z A path returned 202. Retrying...
2022-11-10T02:50:22.2365780Z A path returned 202. Retrying...
2022-11-10T02:50:22.2366070Z A path returned 202. Retrying...
2022-11-10T02:50:22.2366356Z A path returned 202. Retrying...
2022-11-10T02:59:11.6675504Z A path returned 202. Retrying...
2022-11-10T02:59:11.6676177Z A path returned 202. Retrying...
2022-11-10T02:59:11.6677226Z A path returned 202. Retrying...
2022-11-10T02:59:11.6677764Z A path returned 202. Retrying...
2022-11-10T02:59:11.6678283Z A path returned 202. Retrying...
2022-11-10T02:59:11.6678794Z A path returned 202. Retrying...
2022-11-10T02:59:11.6679303Z A path returned 202. Retrying...
2022-11-10T02:59:11.6679813Z A path returned 202. Retrying...
2022-11-10T02:59:11.6680327Z A path returned 202. Retrying...
2022-11-10T02:59:11.6680814Z A path returned 202. Retrying...
2022-11-10T02:59:11.6681329Z A path returned 202. Retrying...
2022-11-10T02:59:11.6681830Z A path returned 202. Retrying...
2022-11-10T02:59:11.6682335Z A path returned 202. Retrying...
2022-11-10T02:59:11.6682839Z A path returned 202. Retrying...
2022-11-10T02:59:11.6683338Z A path returned 202. Retrying...
2022-11-10T02:59:11.6683839Z A path returned 202. Retrying...
2022-11-10T02:59:11.6684323Z A path returned 202. Retrying...
2022-11-10T02:59:11.6684825Z A path returned 202. Retrying...
2022-11-10T02:59:11.6685318Z A path returned 202. Retrying...
2022-11-10T02:59:11.6685826Z A path returned 202. Retrying...
2022-11-10T02:59:11.6686320Z A path returned 202. Retrying...
2022-11-10T02:59:11.6686818Z A path returned 202. Retrying...
2022-11-10T02:59:11.6687310Z A path returned 202. Retrying...
2022-11-10T02:59:11.6687806Z A path returned 202. Retrying...
2022-11-10T02:59:11.6688284Z A path returned 202. Retrying...
2022-11-10T02:59:11.6688774Z A path returned 202. Retrying...
2022-11-10T02:59:11.6689456Z A path returned 202. Retrying...
2022-11-10T02:59:11.6689949Z A path returned 202. Retrying...
2022-11-10T02:59:11.6690448Z A path returned 202. Retrying...
2022-11-10T02:59:11.6690946Z A path returned 202. Retrying...
2022-11-10T02:59:11.6691444Z A path returned 202. Retrying...
2022-11-10T02:59:11.6691942Z A path returned 202. Retrying...
2022-11-10T02:59:11.6692501Z A path returned 202. Retrying...
2022-11-10T02:59:11.6693051Z A path returned 202. Retrying...
2022-11-10T02:59:11.6693549Z A path returned 202. Retrying...
2022-11-10T02:59:11.6694052Z A path returned 202. Retrying...
2022-11-10T02:59:11.6694549Z A path returned 202. Retrying...
2022-11-10T02:59:11.6695045Z A path returned 202. Retrying...
2022-11-10T02:59:11.6695539Z A path returned 202. Retrying...
2022-11-10T02:59:11.6696015Z A path returned 202. Retrying...
2022-11-10T02:59:11.6696509Z A path returned 202. Retrying...
2022-11-10T02:59:11.6697000Z A path returned 202. Retrying...
2022-11-10T02:59:11.6697498Z A path returned 202. Retrying...
2022-11-10T02:59:11.6697998Z A path returned 202. Retrying...
2022-11-10T02:59:11.6698499Z A path returned 202. Retrying...
2022-11-10T02:59:11.6698990Z A path returned 202. Retrying...
2022-11-10T02:59:11.6699490Z A path returned 202. Retrying...
2022-11-10T02:59:11.6699966Z A path returned 202. Retrying...
2022-11-10T02:59:11.6700455Z A path returned 202. Retrying...
2022-11-10T02:59:11.6701229Z A path returned 202. Retrying...
2022-11-10T02:59:11.6701861Z A path returned 202. Retrying...
2022-11-10T02:59:11.6702336Z A path returned 202. Retrying...
2022-11-10T02:59:11.6702844Z A path returned 202. Retrying...
2022-11-10T02:59:11.6703343Z A path returned 202. Retrying...
2022-11-10T02:59:11.6703838Z A path returned 202. Retrying...
2022-11-10T02:59:11.6704342Z A path returned 202. Retrying...
2022-11-10T02:59:11.6704833Z A path returned 202. Retrying...
2022-11-10T02:59:11.6705329Z A path returned 202. Retrying...
2022-11-10T02:59:11.6705825Z A path returned 202. Retrying...
2022-11-10T02:59:11.6706309Z A path returned 202. Retrying...
2022-11-10T02:59:11.6706802Z A path returned 202. Retrying...
2022-11-10T02:59:11.6707297Z A path returned 202. Retrying...
2022-11-10T02:59:11.6707800Z A path returned 202. Retrying...
2022-11-10T02:59:11.6708292Z A path returned 202. Retrying...
2022-11-10T02:59:11.6708787Z A path returned 202. Retrying...
2022-11-10T02:59:11.6709276Z A path returned 202. Retrying...
2022-11-10T02:59:11.6709773Z A path returned 202. Retrying...
2022-11-10T02:59:11.6710254Z A path returned 202. Retrying...
2022-11-10T02:59:11.6710914Z A path returned 202. Retrying...
2022-11-10T02:59:11.6711423Z A path returned 202. Retrying...
2022-11-10T02:59:11.6711922Z A path returned 202. Retrying...
2022-11-10T02:59:11.6713327Z A path returned 202. Retrying...
2022-11-10T02:59:11.6714049Z A path returned 202. Retrying...
2022-11-10T02:59:11.6714366Z A path returned 202. Retrying...
2022-11-10T02:59:11.6714655Z A path returned 202. Retrying...
2022-11-10T02:59:11.6714961Z A path returned 202. Retrying...
2022-11-10T02:59:11.6715272Z A path returned 202. Retrying...
2022-11-10T02:59:11.6715567Z A path returned 202. Retrying...
2022-11-10T02:59:11.6715866Z A path returned 202. Retrying...
2022-11-10T02:59:11.6716162Z A path returned 202. Retrying...
2022-11-10T02:59:11.6716456Z A path returned 202. Retrying...
2022-11-10T02:59:11.6716747Z A path returned 202. Retrying...
2022-11-10T02:59:11.6717026Z A path returned 202. Retrying...
2022-11-10T02:59:11.6717315Z A path returned 202. Retrying...
2022-11-10T02:59:11.6717604Z A path returned 202. Retrying...
2022-11-10T02:59:11.6717901Z A path returned 202. Retrying...
2022-11-10T02:59:11.6718194Z A path returned 202. Retrying...
2022-11-10T02:59:11.6718484Z A path returned 202. Retrying...
2022-11-10T02:59:11.6718776Z A path returned 202. Retrying...
2022-11-10T02:59:11.6719066Z A path returned 202. Retrying...
2022-11-10T02:59:11.6719343Z A path returned 202. Retrying...
2022-11-10T02:59:11.6719630Z A path returned 202. Retrying...
2022-11-10T02:59:11.6720279Z A path returned 202. Retrying...
2022-11-10T02:59:11.6720575Z A path returned 202. Retrying...
2022-11-10T02:59:11.6720872Z A path returned 202. Retrying...
2022-11-10T02:59:11.6721164Z A path returned 202. Retrying...
2022-11-10T02:59:11.6721459Z A path returned 202. Retrying...
2022-11-10T02:59:11.6721733Z A path returned 202. Retrying...
2022-11-10T02:59:11.6722026Z A path returned 202. Retrying...
2022-11-10T02:59:11.6722310Z A path returned 202. Retrying...
2022-11-10T02:59:11.6722601Z A path returned 202. Retrying...
2022-11-10T02:59:11.6722895Z A path returned 202. Retrying...
2022-11-10T02:59:11.6723186Z A path returned 202. Retrying...
2022-11-10T02:59:11.6723474Z A path returned 202. Retrying...
2022-11-10T02:59:11.6723759Z A path returned 202. Retrying...
2022-11-10T02:59:11.6724033Z A path returned 202. Retrying...
2022-11-10T02:59:11.6724319Z A path returned 202. Retrying...
2022-11-10T02:59:11.6724609Z A path returned 202. Retrying...
2022-11-10T02:59:11.6724895Z A path returned 202. Retrying...
2022-11-10T02:59:11.6725190Z A path returned 202. Retrying...
2022-11-10T02:59:11.6725482Z A path returned 202. Retrying...
2022-11-10T02:59:11.6725771Z A path returned 202. Retrying...
2022-11-10T02:59:11.6726060Z A path returned 202. Retrying...
2022-11-10T02:59:11.6726431Z A path returned 202. Retrying...
2022-11-10T02:59:11.6726698Z A path returned 202. Retrying...
2022-11-10T02:59:11.6726967Z A path returned 202. Retrying...
2022-11-10T02:59:11.6727233Z A path returned 202. Retrying...
2022-11-10T02:59:11.6727503Z A path returned 202. Retrying...
2022-11-10T02:59:11.6727774Z A path returned 202. Retrying...
2022-11-10T02:59:11.6728042Z A path returned 202. Retrying...
2022-11-10T02:59:11.6728293Z A path returned 202. Retrying...
2022-11-10T02:59:11.6728565Z A path returned 202. Retrying...
2022-11-10T02:59:11.6728830Z A path returned 202. Retrying...
2022-11-10T02:59:11.6729099Z A path returned 202. Retrying...
2022-11-10T02:59:11.6729370Z A path returned 202. Retrying...
2022-11-10T02:59:11.6729643Z A path returned 202. Retrying...
2022-11-10T02:59:11.6729912Z A path returned 202. Retrying...
2022-11-10T02:59:11.6730182Z A path returned 202. Retrying...
2022-11-10T02:59:11.6730438Z A path returned 202. Retrying...
2022-11-10T02:59:11.6730705Z A path returned 202. Retrying...
2022-11-10T02:59:11.6730972Z A path returned 202. Retrying...
2022-11-10T02:59:11.6731243Z A path returned 202. Retrying...
2022-11-10T02:59:11.6731514Z A path returned 202. Retrying...
2022-11-10T02:59:11.6731781Z A path returned 202. Retrying...
2022-11-10T02:59:11.6732147Z A path returned 202. Retrying...
2022-11-10T02:59:11.6732429Z A path returned 202. Retrying...
2022-11-10T02:59:11.6732685Z A path returned 202. Retrying...
2022-11-10T02:59:11.6732953Z A path returned 202. Retrying...
2022-11-10T02:59:11.6733226Z A path returned 202. Retrying...
2022-11-10T02:59:11.6733497Z A path returned 202. Retrying...
2022-11-10T02:59:11.6733771Z A path returned 202. Retrying...
2022-11-10T02:59:11.6734042Z A path returned 202. Retrying...
2022-11-10T02:59:11.6734356Z A path returned 202. Retrying...
2022-11-10T02:59:11.6734629Z A path returned 202. Retrying...
2022-11-10T02:59:11.6734899Z A path returned 202. Retrying...
2022-11-10T02:59:11.6735331Z A path returned 202. Retrying...
2022-11-10T02:59:11.6735619Z A path returned 202. Retrying...
2022-11-10T02:59:11.6735907Z A path returned 202. Retrying...
2022-11-10T02:59:11.6736289Z A path returned 202. Retrying...
2022-11-10T02:59:11.6736555Z A path returned 202. Retrying...
2022-11-10T02:59:11.6736995Z A path returned 202. Retrying...
2022-11-10T02:59:11.6737279Z A path returned 202. Retrying...
2022-11-10T02:59:11.6737565Z A path returned 202. Retrying...
2022-11-10T02:59:11.6737855Z A path returned 202. Retrying...
2022-11-10T02:59:11.6738143Z A path returned 202. Retrying...
2022-11-10T02:59:11.6738430Z A path returned 202. Retrying...
2022-11-10T02:59:11.6738719Z A path returned 202. Retrying...
2022-11-10T02:59:11.6739004Z A path returned 202. Retrying...
2022-11-10T02:59:11.6739371Z A path returned 202. Retrying...
2022-11-10T02:59:11.6739648Z A path returned 202. Retrying...
2022-11-10T02:59:11.6739939Z A path returned 202. Retrying...
2022-11-10T02:59:11.6740231Z A path returned 202. Retrying...
2022-11-10T02:59:11.6740522Z A path returned 202. Retrying...
2022-11-10T02:59:11.6740814Z A path returned 202. Retrying...
2022-11-10T02:59:11.6741278Z A path returned 202. Retrying...
2022-11-10T02:59:11.6741574Z A path returned 202. Retrying...
2022-11-10T02:59:11.6741849Z A path returned 202. Retrying...
2022-11-10T02:59:11.6742145Z A path returned 202. Retrying...
2022-11-10T02:59:11.6742438Z A path returned 202. Retrying...
2022-11-10T02:59:11.6742727Z A path returned 202. Retrying...
2022-11-10T02:59:11.6743019Z A path returned 202. Retrying...
2022-11-10T02:59:11.6743311Z A path returned 202. Retrying...
2022-11-10T02:59:11.6743601Z A path returned 202. Retrying...
2022-11-10T02:59:11.6743887Z A path returned 202. Retrying...
2022-11-10T02:59:11.6744163Z A path returned 202. Retrying...
2022-11-10T02:59:11.6744453Z A path returned 202. Retrying...
2022-11-10T02:59:11.6744739Z A path returned 202. Retrying...
2022-11-10T02:59:11.6745028Z A path returned 202. Retrying...
2022-11-10T02:59:11.6745316Z A path returned 202. Retrying...
2022-11-10T02:59:11.6745606Z A path returned 202. Retrying...
2022-11-10T02:59:11.6745900Z A path returned 202. Retrying...
2022-11-10T02:59:11.6746188Z A path returned 202. Retrying...
2022-11-10T02:59:11.6746460Z A path returned 202. Retrying...
2022-11-10T02:59:11.6746746Z A path returned 202. Retrying...
2022-11-10T02:59:11.6747038Z A path returned 202. Retrying...
2022-11-10T02:59:11.6747323Z A path returned 202. Retrying...
2022-11-10T02:59:11.6747611Z A path returned 202. Retrying...
2022-11-10T02:59:11.6747898Z A path returned 202. Retrying...
2022-11-10T02:59:11.6748186Z A path returned 202. Retrying...
2022-11-10T02:59:11.6748456Z A path returned 202. Retrying...
2022-11-10T02:59:11.6748742Z A path returned 202. Retrying...
2022-11-10T02:59:11.6749029Z A path returned 202. Retrying...
2022-11-10T02:59:11.6749317Z A path returned 202. Retrying...
2022-11-10T02:59:11.6749605Z A path returned 202. Retrying...
2022-11-10T02:59:11.6749893Z A path returned 202. Retrying...
2022-11-10T02:59:11.6750181Z A path returned 202. Retrying...
2022-11-10T02:59:11.6750468Z A path returned 202. Retrying...
2022-11-10T02:59:11.6750744Z A path returned 202. Retrying...
2022-11-10T02:59:11.6751030Z A path returned 202. Retrying...
2022-11-10T02:59:11.6751319Z A path returned 202. Retrying...
2022-11-10T02:59:11.6751694Z A path returned 202. Retrying...
2022-11-10T02:59:11.6751989Z A path returned 202. Retrying...
2022-11-10T02:59:11.6752279Z A path returned 202. Retrying...
2022-11-10T02:59:11.6752568Z A path returned 202. Retrying...
2022-11-10T02:59:11.6752860Z A path returned 202. Retrying...
2022-11-10T02:59:11.6753135Z A path returned 202. Retrying...
2022-11-10T02:59:11.6753426Z A path returned 202. Retrying...
2022-11-10T02:59:11.6753717Z A path returned 202. Retrying...
2022-11-10T02:59:11.6754012Z A path returned 202. Retrying...
2022-11-10T02:59:11.6754306Z A path returned 202. Retrying...
2022-11-10T02:59:11.6754598Z A path returned 202. Retrying...
2022-11-10T02:59:11.6754886Z A path returned 202. Retrying...
2022-11-10T02:59:11.6755159Z A path returned 202. Retrying...
2022-11-10T02:59:11.6755448Z A path returned 202. Retrying...
2022-11-10T02:59:11.6755735Z A path returned 202. Retrying...
2022-11-10T02:59:11.6756021Z A path returned 202. Retrying...
2022-11-10T02:59:11.6756308Z A path returned 202. Retrying...
2022-11-10T02:59:11.6756598Z A path returned 202. Retrying...
2022-11-10T02:59:11.6756886Z A path returned 202. Retrying...
2022-11-10T02:59:11.6757172Z A path returned 202. Retrying...
2022-11-10T02:59:11.6757446Z A path returned 202. Retrying...
2022-11-10T02:59:11.6757732Z A path returned 202. Retrying...
2022-11-10T02:59:11.6758018Z A path returned 202. Retrying...
2022-11-10T02:59:11.6758306Z A path returned 202. Retrying...
2022-11-10T02:59:11.6758673Z A path returned 202. Retrying...
2022-11-10T02:59:11.6758963Z A path returned 202. Retrying...
2022-11-10T02:59:11.6759261Z A path returned 202. Retrying...
2022-11-10T02:59:11.6759554Z A path returned 202. Retrying...
2022-11-10T02:59:11.6759830Z A path returned 202. Retrying...
2022-11-10T02:59:11.6760119Z A path returned 202. Retrying...
2022-11-10T02:59:11.6760413Z A path returned 202. Retrying...
2022-11-10T02:59:11.6760704Z A path returned 202. Retrying...
2022-11-10T02:59:11.6760994Z A path returned 202. Retrying...
2022-11-10T02:59:11.6761286Z A path returned 202. Retrying...
2022-11-10T02:59:11.6761575Z A path returned 202. Retrying...
2022-11-10T02:59:11.6761848Z A path returned 202. Retrying...
2022-11-10T02:59:11.6762134Z A path returned 202. Retrying...
2022-11-10T02:59:11.6762419Z A path returned 202. Retrying...
2022-11-10T02:59:11.6762707Z A path returned 202. Retrying...
2022-11-10T02:59:11.6762995Z A path returned 202. Retrying...
2022-11-10T02:59:11.6763284Z A path returned 202. Retrying...
2022-11-10T02:59:11.6763575Z A path returned 202. Retrying...
2022-11-10T02:59:11.6764124Z A path returned 202. Retrying...
2022-11-10T02:59:11.6764507Z A path returned 202. Retrying...
2022-11-10T02:59:11.6764774Z A path returned 202. Retrying...
2022-11-10T02:59:11.6765041Z A path returned 202. Retrying...
2022-11-10T02:59:11.6765311Z A path returned 202. Retrying...
2022-11-10T02:59:11.6765579Z A path returned 202. Retrying...
2022-11-10T03:08:02.2416145Z A path returned 202. Retrying...
2022-11-10T03:08:02.2416517Z A path returned 202. Retrying...
2022-11-10T03:08:02.2418777Z A path returned 202. Retrying...
2022-11-10T03:08:02.2419256Z A path returned 202. Retrying...
2022-11-10T03:08:02.2419671Z A path returned 202. Retrying...
2022-11-10T03:08:02.2420061Z A path returned 202. Retrying...
2022-11-10T03:08:02.2420461Z A path returned 202. Retrying...
2022-11-10T03:08:02.2420854Z A path returned 202. Retrying...
2022-11-10T03:08:02.2421486Z A path returned 202. Retrying...
2022-11-10T03:08:02.2421898Z A path returned 202. Retrying...
2022-11-10T03:08:02.2422423Z A path returned 202. Retrying...
2022-11-10T03:08:02.2422819Z A path returned 202. Retrying...
2022-11-10T03:08:02.2423215Z A path returned 202. Retrying...
2022-11-10T03:08:02.2423600Z A path returned 202. Retrying...
2022-11-10T03:08:02.2423988Z A path returned 202. Retrying...
2022-11-10T03:08:02.2424382Z A path returned 202. Retrying...
2022-11-10T03:08:02.2424779Z A path returned 202. Retrying...
2022-11-10T03:08:02.2425176Z A path returned 202. Retrying...
2022-11-10T03:08:02.2425995Z A path returned 202. Retrying...
2022-11-10T03:08:02.2426404Z A path returned 202. Retrying...
2022-11-10T03:08:02.2426801Z A path returned 202. Retrying...
2022-11-10T03:08:02.2427180Z A path returned 202. Retrying...
2022-11-10T03:08:02.2427570Z A path returned 202. Retrying...
2022-11-10T03:08:02.2427963Z A path returned 202. Retrying...
2022-11-10T03:08:02.2428359Z A path returned 202. Retrying...
2022-11-10T03:08:02.2428754Z A path returned 202. Retrying...
2022-11-10T03:08:02.2429159Z A path returned 202. Retrying...
2022-11-10T03:08:02.2429551Z A path returned 202. Retrying...
2022-11-10T03:08:02.2429929Z A path returned 202. Retrying...
2022-11-10T03:08:02.2430319Z A path returned 202. Retrying...
2022-11-10T03:08:02.2430708Z A path returned 202. Retrying...
2022-11-10T03:08:02.2431100Z A path returned 202. Retrying...
2022-11-10T03:08:02.2431490Z A path returned 202. Retrying...
2022-11-10T03:08:02.2431883Z A path returned 202. Retrying...
2022-11-10T03:08:02.2432275Z A path returned 202. Retrying...
2022-11-10T03:08:02.2432673Z A path returned 202. Retrying...
2022-11-10T03:08:02.2433049Z A path returned 202. Retrying...
2022-11-10T03:08:02.2433441Z A path returned 202. Retrying...
2022-11-10T03:08:02.2433829Z A path returned 202. Retrying...
2022-11-10T03:08:02.2434218Z A path returned 202. Retrying...
2022-11-10T03:08:02.2434608Z A path returned 202. Retrying...
2022-11-10T03:08:02.2434999Z A path returned 202. Retrying...
2022-11-10T03:08:02.2435565Z A path returned 202. Retrying...
2022-11-10T03:08:02.2435940Z A path returned 202. Retrying...
2022-11-10T03:08:02.2436330Z A path returned 202. Retrying...
2022-11-10T03:08:02.2436725Z A path returned 202. Retrying...
2022-11-10T03:08:02.2437116Z A path returned 202. Retrying...
2022-11-10T03:08:02.2437504Z A path returned 202. Retrying...
2022-11-10T03:08:02.2437893Z A path returned 202. Retrying...
2022-11-10T03:08:02.2438281Z A path returned 202. Retrying...
2022-11-10T03:08:02.2438656Z A path returned 202. Retrying...
2022-11-10T03:08:02.2439050Z A path returned 202. Retrying...
2022-11-10T03:08:02.2439439Z A path returned 202. Retrying...
2022-11-10T03:08:02.2439836Z A path returned 202. Retrying...
2022-11-10T03:08:02.2440226Z A path returned 202. Retrying...
2022-11-10T03:08:02.2440620Z A path returned 202. Retrying...
2022-11-10T03:08:02.2441011Z A path returned 202. Retrying...
2022-11-10T03:08:02.2441402Z A path returned 202. Retrying...
2022-11-10T03:08:02.2441774Z A path returned 202. Retrying...
2022-11-10T03:08:02.2442166Z A path returned 202. Retrying...
2022-11-10T03:08:02.2442560Z A path returned 202. Retrying...
2022-11-10T03:08:02.2442953Z A path returned 202. Retrying...
2022-11-10T03:08:02.2443345Z A path returned 202. Retrying...
2022-11-10T03:08:02.2443736Z A path returned 202. Retrying...
2022-11-10T03:08:02.2444128Z A path returned 202. Retrying...
2022-11-10T03:08:02.2444525Z A path returned 202. Retrying...
2022-11-10T03:08:02.2444901Z A path returned 202. Retrying...
2022-11-10T03:08:02.2445287Z A path returned 202. Retrying...
2022-11-10T03:08:02.2445680Z A path returned 202. Retrying...
2022-11-10T03:08:02.2446073Z A path returned 202. Retrying...
2022-11-10T03:08:02.2446464Z A path returned 202. Retrying...
2022-11-10T03:08:02.2446857Z A path returned 202. Retrying...
2022-11-10T03:08:02.2447250Z A path returned 202. Retrying...
2022-11-10T03:08:02.2447625Z A path returned 202. Retrying...
2022-11-10T03:08:02.2448016Z A path returned 202. Retrying...
2022-11-10T03:08:02.2448410Z A path returned 202. Retrying...
2022-11-10T03:08:02.2448808Z A path returned 202. Retrying...
2022-11-10T03:08:02.2449203Z A path returned 202. Retrying...
2022-11-10T03:08:02.2449596Z A path returned 202. Retrying...
2022-11-10T03:08:02.2449985Z A path returned 202. Retrying...
2022-11-10T03:08:02.2450376Z A path returned 202. Retrying...
2022-11-10T03:08:02.2450759Z A path returned 202. Retrying...
2022-11-10T03:08:02.2451146Z A path returned 202. Retrying...
2022-11-10T03:08:02.2451539Z A path returned 202. Retrying...
2022-11-10T03:08:02.2452023Z A path returned 202. Retrying...
2022-11-10T03:08:02.2452423Z A path returned 202. Retrying...
2022-11-10T03:08:02.2452811Z A path returned 202. Retrying...
2022-11-10T03:08:02.2453206Z A path returned 202. Retrying...
2022-11-10T03:08:02.2453598Z A path returned 202. Retrying...
2022-11-10T03:08:02.2453973Z A path returned 202. Retrying...
2022-11-10T03:08:02.2454369Z A path returned 202. Retrying...
2022-11-10T03:08:02.2454761Z A path returned 202. Retrying...
2022-11-10T03:08:02.2455160Z A path returned 202. Retrying...
2022-11-10T03:08:02.2455552Z A path returned 202. Retrying...
2022-11-10T03:08:02.2455943Z A path returned 202. Retrying...
2022-11-10T03:08:02.2456334Z A path returned 202. Retrying...
2022-11-10T03:08:02.2456710Z A path returned 202. Retrying...
2022-11-10T03:08:02.2457100Z A path returned 202. Retrying...
2022-11-10T03:08:02.2457489Z A path returned 202. Retrying...
2022-11-10T03:08:02.2457878Z A path returned 202. Retrying...
2022-11-10T03:08:02.2458270Z A path returned 202. Retrying...
2022-11-10T03:08:02.2458668Z A path returned 202. Retrying...
2022-11-10T03:08:02.2459057Z A path returned 202. Retrying...
2022-11-10T03:08:02.2459446Z A path returned 202. Retrying...
2022-11-10T03:08:02.2459819Z A path returned 202. Retrying...
2022-11-10T03:08:02.2460206Z A path returned 202. Retrying...
2022-11-10T03:08:02.2460600Z A path returned 202. Retrying...
2022-11-10T03:08:02.2461155Z A path returned 202. Retrying...
2022-11-10T03:08:02.2461670Z A path returned 202. Retrying...
2022-11-10T03:08:02.2462061Z A path returned 202. Retrying...
2022-11-10T03:08:02.2462458Z A path returned 202. Retrying...
2022-11-10T03:08:02.2462853Z A path returned 202. Retrying...
2022-11-10T03:08:02.2463229Z A path returned 202. Retrying...
2022-11-10T03:08:02.2463620Z A path returned 202. Retrying...
2022-11-10T03:08:02.2464014Z A path returned 202. Retrying...
2022-11-10T03:08:02.2464405Z A path returned 202. Retrying...
2022-11-10T03:08:02.2464795Z A path returned 202. Retrying...
2022-11-10T03:08:02.2465192Z A path returned 202. Retrying...
2022-11-10T03:08:02.2465585Z A path returned 202. Retrying...
2022-11-10T03:08:02.2465964Z A path returned 202. Retrying...
2022-11-10T03:08:02.2466356Z A path returned 202. Retrying...
2022-11-10T03:08:02.2466748Z A path returned 202. Retrying...
2022-11-10T03:08:02.2467148Z A path returned 202. Retrying...
2022-11-10T03:08:02.2467538Z A path returned 202. Retrying...
2022-11-10T03:08:02.2467933Z A path returned 202. Retrying...
2022-11-10T03:08:02.2468326Z A path returned 202. Retrying...
2022-11-10T03:08:02.2468717Z A path returned 202. Retrying...
2022-11-10T03:08:02.2469094Z A path returned 202. Retrying...
2022-11-10T03:08:02.2469479Z A path returned 202. Retrying...
2022-11-10T03:08:02.2469876Z A path returned 202. Retrying...
2022-11-10T03:08:02.2470264Z A path returned 202. Retrying...
2022-11-10T03:08:02.2470654Z A path returned 202. Retrying...
2022-11-10T03:08:02.2471320Z A path returned 202. Retrying...
2022-11-10T03:08:02.2471809Z A path returned 202. Retrying...
2022-11-10T03:08:02.2472168Z A path returned 202. Retrying...
2022-11-10T03:08:02.2472455Z A path returned 202. Retrying...
2022-11-10T03:08:02.2472749Z A path returned 202. Retrying...
2022-11-10T03:08:02.2473044Z A path returned 202. Retrying...
2022-11-10T03:08:02.2473338Z A path returned 202. Retrying...
2022-11-10T03:08:02.2473632Z A path returned 202. Retrying...
2022-11-10T03:08:02.2473925Z A path returned 202. Retrying...
2022-11-10T03:08:02.2474224Z A path returned 202. Retrying...
2022-11-10T03:08:02.2474498Z A path returned 202. Retrying...
2022-11-10T03:08:02.2474789Z A path returned 202. Retrying...
2022-11-10T03:08:02.2475077Z A path returned 202. Retrying...
2022-11-10T03:08:02.2475369Z A path returned 202. Retrying...
2022-11-10T03:08:02.2475659Z A path returned 202. Retrying...
2022-11-10T03:08:02.2475949Z A path returned 202. Retrying...
2022-11-10T03:08:02.2476242Z A path returned 202. Retrying...
2022-11-10T03:08:02.2476530Z A path returned 202. Retrying...
2022-11-10T03:08:02.2477122Z A path returned 202. Retrying...
2022-11-10T03:08:02.2477424Z A path returned 202. Retrying...
2022-11-10T03:08:02.2477719Z A path returned 202. Retrying...
2022-11-10T03:08:02.2478009Z A path returned 202. Retrying...
2022-11-10T03:08:02.2478305Z A path returned 202. Retrying...
2022-11-10T03:08:02.2478591Z A path returned 202. Retrying...
2022-11-10T03:08:02.2478878Z A path returned 202. Retrying...
2022-11-10T03:08:02.2479168Z A path returned 202. Retrying...
2022-11-10T03:08:02.2479447Z A path returned 202. Retrying...
2022-11-10T03:08:02.2479735Z A path returned 202. Retrying...
2022-11-10T03:08:02.2480023Z A path returned 202. Retrying...
2022-11-10T03:08:02.2480313Z A path returned 202. Retrying...
2022-11-10T03:08:02.2480603Z A path returned 202. Retrying...
2022-11-10T03:08:02.2480889Z A path returned 202. Retrying...
2022-11-10T03:08:02.2481176Z A path returned 202. Retrying...
2022-11-10T03:08:02.2481450Z A path returned 202. Retrying...
2022-11-10T03:08:02.2481738Z A path returned 202. Retrying...
2022-11-10T03:08:02.2482028Z A path returned 202. Retrying...
2022-11-10T03:08:02.2482316Z A path returned 202. Retrying...
2022-11-10T03:08:02.2482601Z A path returned 202. Retrying...
2022-11-10T03:08:02.2482888Z A path returned 202. Retrying...
2022-11-10T03:08:02.2483174Z A path returned 202. Retrying...
2022-11-10T03:08:02.2483461Z A path returned 202. Retrying...
2022-11-10T03:08:02.2483733Z A path returned 202. Retrying...
2022-11-10T03:08:02.2484108Z A path returned 202. Retrying...
2022-11-10T03:08:02.2484400Z A path returned 202. Retrying...
2022-11-10T03:08:02.2484688Z A path returned 202. Retrying...
2022-11-10T03:08:02.2484978Z A path returned 202. Retrying...
2022-11-10T03:08:02.2485264Z A path returned 202. Retrying...
2022-11-10T03:08:02.2485556Z A path returned 202. Retrying...
2022-11-10T03:08:02.2485843Z A path returned 202. Retrying...
2022-11-10T03:08:02.2486115Z A path returned 202. Retrying...
2022-11-10T03:08:02.2486401Z A path returned 202. Retrying...
2022-11-10T03:08:02.2486732Z A path returned 202. Retrying...
2022-11-10T03:08:02.2487027Z A path returned 202. Retrying...
2022-11-10T03:08:02.2487316Z A path returned 202. Retrying...
2022-11-10T03:08:02.2487603Z A path returned 202. Retrying...
2022-11-10T03:08:02.2487890Z A path returned 202. Retrying...
2022-11-10T03:08:02.2488165Z A path returned 202. Retrying...
2022-11-10T03:08:02.2488451Z A path returned 202. Retrying...
2022-11-10T03:08:02.2488737Z A path returned 202. Retrying...
2022-11-10T03:08:02.2489031Z A path returned 202. Retrying...
2022-11-10T03:08:02.2489317Z A path returned 202. Retrying...
2022-11-10T03:08:02.2489603Z A path returned 202. Retrying...
2022-11-10T03:08:02.2490001Z A path returned 202. Retrying...
2022-11-10T03:08:02.2490271Z A path returned 202. Retrying...
2022-11-10T03:08:02.2490523Z A path returned 202. Retrying...
2022-11-10T03:08:02.2490789Z A path returned 202. Retrying...
2022-11-10T03:08:02.2491059Z A path returned 202. Retrying...
2022-11-10T03:08:02.2491325Z A path returned 202. Retrying...
2022-11-10T03:08:02.2491596Z A path returned 202. Retrying...
2022-11-10T03:08:02.2491862Z A path returned 202. Retrying...
2022-11-10T03:08:02.2492306Z A path returned 202. Retrying...
2022-11-10T03:08:02.2492629Z A path returned 202. Retrying...
2022-11-10T03:08:02.2492903Z A path returned 202. Retrying...
2022-11-10T03:08:02.2493193Z A path returned 202. Retrying...
2022-11-10T03:08:02.2493482Z A path returned 202. Retrying...
2022-11-10T03:08:02.2493776Z A path returned 202. Retrying...
2022-11-10T03:08:02.2494064Z A path returned 202. Retrying...
2022-11-10T03:08:02.2494350Z A path returned 202. Retrying...
2022-11-10T03:08:02.2494634Z A path returned 202. Retrying...
2022-11-10T03:08:02.2494924Z A path returned 202. Retrying...
2022-11-10T03:08:02.2495197Z A path returned 202. Retrying...
2022-11-10T03:08:02.2495483Z A path returned 202. Retrying...
2022-11-10T03:08:02.2495772Z A path returned 202. Retrying...
2022-11-10T03:08:02.2496165Z A path returned 202. Retrying...
2022-11-10T03:08:02.2496435Z A path returned 202. Retrying...
2022-11-10T03:08:02.2496769Z A path returned 202. Retrying...
2022-11-10T03:08:02.2497043Z A path returned 202. Retrying...
2022-11-10T03:08:02.2497295Z A path returned 202. Retrying...
2022-11-10T03:08:02.2497561Z A path returned 202. Retrying...
2022-11-10T03:08:02.2497828Z A path returned 202. Retrying...
2022-11-10T03:08:02.2498101Z A path returned 202. Retrying...
2022-11-10T03:08:02.2498374Z A path returned 202. Retrying...
2022-11-10T03:08:02.2498647Z A path returned 202. Retrying...
2022-11-10T03:08:02.2498917Z A path returned 202. Retrying...
2022-11-10T03:08:02.2499185Z A path returned 202. Retrying...
2022-11-10T03:08:02.2499439Z A path returned 202. Retrying...
2022-11-10T03:08:02.2499706Z A path returned 202. Retrying...
2022-11-10T03:08:02.2499976Z A path returned 202. Retrying...
2022-11-10T03:08:02.2500249Z A path returned 202. Retrying...
2022-11-10T03:08:02.2500520Z A path returned 202. Retrying...
2022-11-10T03:08:02.2500787Z A path returned 202. Retrying...
2022-11-10T03:08:02.2501060Z A path returned 202. Retrying...
2022-11-10T03:08:02.2501495Z A path returned 202. Retrying...
2022-11-10T03:08:02.2501944Z A path returned 202. Retrying...
2022-11-10T03:08:02.2502234Z A path returned 202. Retrying...
2022-11-10T03:08:02.2502526Z A path returned 202. Retrying...
2022-11-10T03:08:02.2502919Z A path returned 202. Retrying...
2022-11-10T03:08:02.2503187Z A path returned 202. Retrying...
2022-11-10T03:08:02.2503535Z A path returned 202. Retrying...
2022-11-10T03:08:02.2503802Z A path returned 202. Retrying...
2022-11-10T03:08:02.2504055Z A path returned 202. Retrying...
2022-11-10T03:08:02.2504323Z A path returned 202. Retrying...
2022-11-10T03:08:02.2504594Z A path returned 202. Retrying...
2022-11-10T03:08:02.2504861Z A path returned 202. Retrying...
2022-11-10T03:08:02.2505131Z A path returned 202. Retrying...
2022-11-10T03:08:02.2505398Z A path returned 202. Retrying...
2022-11-10T03:16:54.6867158Z A path returned 202. Retrying...
2022-11-10T03:16:54.6867590Z A path returned 202. Retrying...
2022-11-10T03:16:54.6867976Z A path returned 202. Retrying...
2022-11-10T03:16:54.6868329Z A path returned 202. Retrying...
2022-11-10T03:16:54.6868833Z A path returned 202. Retrying...
2022-11-10T03:16:54.6869155Z A path returned 202. Retrying...
2022-11-10T03:16:54.6869491Z A path returned 202. Retrying...
2022-11-10T03:16:54.6869838Z A path returned 202. Retrying...
2022-11-10T03:16:54.6870181Z A path returned 202. Retrying...
2022-11-10T03:16:54.6870533Z A path returned 202. Retrying...
2022-11-10T03:16:54.6870872Z A path returned 202. Retrying...
2022-11-10T03:16:54.6871217Z A path returned 202. Retrying...
2022-11-10T03:16:54.6871596Z A path returned 202. Retrying...
2022-11-10T03:16:54.6871922Z A path returned 202. Retrying...
2022-11-10T03:16:54.6872337Z A path returned 202. Retrying...
2022-11-10T03:16:54.6872679Z A path returned 202. Retrying...
2022-11-10T03:16:54.6873022Z A path returned 202. Retrying...
2022-11-10T03:16:54.6873363Z A path returned 202. Retrying...
2022-11-10T03:16:54.6873705Z A path returned 202. Retrying...
2022-11-10T03:16:54.6874046Z A path returned 202. Retrying...
2022-11-10T03:16:54.6874375Z A path returned 202. Retrying...
2022-11-10T03:16:54.6874715Z A path returned 202. Retrying...
2022-11-10T03:16:54.6875054Z A path returned 202. Retrying...
2022-11-10T03:16:54.6875391Z A path returned 202. Retrying...
2022-11-10T03:16:54.6875733Z A path returned 202. Retrying...
2022-11-10T03:16:54.6876074Z A path returned 202. Retrying...
2022-11-10T03:16:54.6876417Z A path returned 202. Retrying...
2022-11-10T03:16:54.6876752Z A path returned 202. Retrying...
2022-11-10T03:16:54.6877078Z A path returned 202. Retrying...
2022-11-10T03:16:54.6877414Z A path returned 202. Retrying...
2022-11-10T03:16:54.6877749Z A path returned 202. Retrying...
2022-11-10T03:16:54.6878090Z A path returned 202. Retrying...
2022-11-10T03:16:54.6878428Z A path returned 202. Retrying...
2022-11-10T03:16:54.6878767Z A path returned 202. Retrying...
2022-11-10T03:16:54.6879106Z A path returned 202. Retrying...
2022-11-10T03:16:54.6879875Z A path returned 202. Retrying...
2022-11-10T03:16:54.6880211Z A path returned 202. Retrying...
2022-11-10T03:16:54.6880550Z A path returned 202. Retrying...
2022-11-10T03:16:54.6880891Z A path returned 202. Retrying...
2022-11-10T03:16:54.6881232Z A path returned 202. Retrying...
2022-11-10T03:16:54.6881573Z A path returned 202. Retrying...
2022-11-10T03:16:54.6881911Z A path returned 202. Retrying...
2022-11-10T03:16:54.6882255Z A path returned 202. Retrying...
2022-11-10T03:16:54.6882576Z A path returned 202. Retrying...
2022-11-10T03:16:54.6882915Z A path returned 202. Retrying...
2022-11-10T03:16:54.6883252Z A path returned 202. Retrying...
2022-11-10T03:16:54.6883613Z A path returned 202. Retrying...
2022-11-10T03:16:54.6883963Z A path returned 202. Retrying...
2022-11-10T03:16:54.6884303Z A path returned 202. Retrying...
2022-11-10T03:16:54.6884640Z A path returned 202. Retrying...
2022-11-10T03:16:54.6884979Z A path returned 202. Retrying...
2022-11-10T03:16:54.6885309Z A path returned 202. Retrying...
2022-11-10T03:16:54.6885665Z A path returned 202. Retrying...
2022-11-10T03:16:54.6886004Z A path returned 202. Retrying...
2022-11-10T03:16:54.6886341Z A path returned 202. Retrying...
2022-11-10T03:16:54.6886680Z A path returned 202. Retrying...
2022-11-10T03:16:54.6887018Z A path returned 202. Retrying...
2022-11-10T03:16:54.6887356Z A path returned 202. Retrying...
2022-11-10T03:16:54.6887692Z A path returned 202. Retrying...
2022-11-10T03:16:54.6888144Z A path returned 202. Retrying...
2022-11-10T03:16:54.6888486Z A path returned 202. Retrying...
2022-11-10T03:16:54.6888825Z A path returned 202. Retrying...
2022-11-10T03:16:54.6889165Z A path returned 202. Retrying...
2022-11-10T03:16:54.6889506Z A path returned 202. Retrying...
2022-11-10T03:16:54.6889842Z A path returned 202. Retrying...
2022-11-10T03:16:54.6890216Z A path returned 202. Retrying...
2022-11-10T03:16:54.6890538Z A path returned 202. Retrying...
2022-11-10T03:16:54.6890880Z A path returned 202. Retrying...
2022-11-10T03:16:54.6891222Z A path returned 202. Retrying...
2022-11-10T03:16:54.6891561Z A path returned 202. Retrying...
2022-11-10T03:16:54.6891901Z A path returned 202. Retrying...
2022-11-10T03:16:54.6892240Z A path returned 202. Retrying...
2022-11-10T03:16:54.6892581Z A path returned 202. Retrying...
2022-11-10T03:16:54.6892917Z A path returned 202. Retrying...
2022-11-10T03:16:54.6893241Z A path returned 202. Retrying...
2022-11-10T03:16:54.6893586Z A path returned 202. Retrying...
2022-11-10T03:16:54.6893925Z A path returned 202. Retrying...
2022-11-10T03:16:54.6894263Z A path returned 202. Retrying...
2022-11-10T03:16:54.6894603Z A path returned 202. Retrying...
2022-11-10T03:16:54.6895017Z A path returned 202. Retrying...
2022-11-10T03:16:54.6895305Z A path returned 202. Retrying...
2022-11-10T03:16:54.6895593Z A path returned 202. Retrying...
2022-11-10T03:16:54.6895864Z A path returned 202. Retrying...
2022-11-10T03:16:54.6896150Z A path returned 202. Retrying...
2022-11-10T03:16:54.6896446Z A path returned 202. Retrying...
2022-11-10T03:16:54.6896736Z A path returned 202. Retrying...
2022-11-10T03:16:54.6897023Z A path returned 202. Retrying...
2022-11-10T03:16:54.6897337Z A path returned 202. Retrying...
2022-11-10T03:16:54.6897647Z A path returned 202. Retrying...
2022-11-10T03:16:54.6897920Z A path returned 202. Retrying...
2022-11-10T03:16:54.6898207Z A path returned 202. Retrying...
2022-11-10T03:16:54.6898494Z A path returned 202. Retrying...
2022-11-10T03:16:54.6898789Z A path returned 202. Retrying...
2022-11-10T03:16:54.6899079Z A path returned 202. Retrying...
2022-11-10T03:16:54.6899366Z A path returned 202. Retrying...
2022-11-10T03:16:54.6899654Z A path returned 202. Retrying...
2022-11-10T03:16:54.6899942Z A path returned 202. Retrying...
2022-11-10T03:16:54.6900216Z A path returned 202. Retrying...
2022-11-10T03:16:54.6900501Z A path returned 202. Retrying...
2022-11-10T03:16:54.6900788Z A path returned 202. Retrying...
2022-11-10T03:16:54.6901243Z A path returned 202. Retrying...
2022-11-10T03:16:54.6901638Z A path returned 202. Retrying...
2022-11-10T03:16:54.6901930Z A path returned 202. Retrying...
2022-11-10T03:16:54.6902219Z A path returned 202. Retrying...
2022-11-10T03:16:54.6902510Z A path returned 202. Retrying...
2022-11-10T03:16:54.6902780Z A path returned 202. Retrying...
2022-11-10T03:16:54.6903071Z A path returned 202. Retrying...
2022-11-10T03:16:54.6903362Z A path returned 202. Retrying...
2022-11-10T03:16:54.6903654Z A path returned 202. Retrying...
2022-11-10T03:16:54.6903947Z A path returned 202. Retrying...
2022-11-10T03:16:54.6904238Z A path returned 202. Retrying...
2022-11-10T03:16:54.6904527Z A path returned 202. Retrying...
2022-11-10T03:16:54.6904799Z A path returned 202. Retrying...
2022-11-10T03:16:54.6905086Z A path returned 202. Retrying...
2022-11-10T03:16:54.6905375Z A path returned 202. Retrying...
2022-11-10T03:16:54.6905664Z A path returned 202. Retrying...
2022-11-10T03:16:54.6905950Z A path returned 202. Retrying...
2022-11-10T03:16:54.6906239Z A path returned 202. Retrying...
2022-11-10T03:16:54.6906528Z A path returned 202. Retrying...
2022-11-10T03:16:54.6906817Z A path returned 202. Retrying...
2022-11-10T03:16:54.6907089Z A path returned 202. Retrying...
2022-11-10T03:16:54.6907379Z A path returned 202. Retrying...
2022-11-10T03:16:54.6907668Z A path returned 202. Retrying...
2022-11-10T03:16:54.6907959Z A path returned 202. Retrying...
2022-11-10T03:16:54.6908247Z A path returned 202. Retrying...
2022-11-10T03:16:54.6908613Z A path returned 202. Retrying...
2022-11-10T03:16:54.6908904Z A path returned 202. Retrying...
2022-11-10T03:16:54.6909193Z A path returned 202. Retrying...
2022-11-10T03:16:54.6909462Z A path returned 202. Retrying...
2022-11-10T03:16:54.6909749Z A path returned 202. Retrying...
2022-11-10T03:16:54.6910039Z A path returned 202. Retrying...
2022-11-10T03:16:54.6910327Z A path returned 202. Retrying...
2022-11-10T03:16:54.6910617Z A path returned 202. Retrying...
2022-11-10T03:16:54.6910900Z A path returned 202. Retrying...
2022-11-10T03:16:54.6911192Z A path returned 202. Retrying...
2022-11-10T03:16:54.6911465Z A path returned 202. Retrying...
2022-11-10T03:16:54.6911755Z A path returned 202. Retrying...
2022-11-10T03:16:54.6912041Z A path returned 202. Retrying...
2022-11-10T03:16:54.6912327Z A path returned 202. Retrying...
2022-11-10T03:16:54.6912617Z A path returned 202. Retrying...
2022-11-10T03:16:54.6912904Z A path returned 202. Retrying...
2022-11-10T03:16:54.6913196Z A path returned 202. Retrying...
2022-11-10T03:16:54.6913484Z A path returned 202. Retrying...
2022-11-10T03:16:54.6913758Z A path returned 202. Retrying...
2022-11-10T03:16:54.6914046Z A path returned 202. Retrying...
2022-11-10T03:16:54.6914334Z A path returned 202. Retrying...
2022-11-10T03:16:54.6914620Z A path returned 202. Retrying...
2022-11-10T03:16:54.6914904Z A path returned 202. Retrying...
2022-11-10T03:16:54.6915191Z A path returned 202. Retrying...
2022-11-10T03:16:54.6915477Z A path returned 202. Retrying...
2022-11-10T03:16:54.6915768Z A path returned 202. Retrying...
2022-11-10T03:16:54.6916041Z A path returned 202. Retrying...
2022-11-10T03:16:54.6916435Z A path returned 202. Retrying...
2022-11-10T03:16:54.6916709Z A path returned 202. Retrying...
2022-11-10T03:16:54.6916978Z A path returned 202. Retrying...
2022-11-10T03:16:54.6917245Z A path returned 202. Retrying...
2022-11-10T03:16:54.6917513Z A path returned 202. Retrying...
2022-11-10T03:16:54.6917783Z A path returned 202. Retrying...
2022-11-10T03:16:54.6918040Z A path returned 202. Retrying...
2022-11-10T03:16:54.6918477Z A path returned 202. Retrying...
2022-11-10T03:16:54.6918786Z A path returned 202. Retrying...
2022-11-10T03:16:54.6919071Z A path returned 202. Retrying...
2022-11-10T03:16:54.6919359Z A path returned 202. Retrying...
2022-11-10T03:16:54.6919646Z A path returned 202. Retrying...
2022-11-10T03:16:54.6919934Z A path returned 202. Retrying...
2022-11-10T03:16:54.6920216Z A path returned 202. Retrying...
2022-11-10T03:16:54.6920487Z A path returned 202. Retrying...
2022-11-10T03:16:54.6920839Z A path returned 202. Retrying...
2022-11-10T03:16:54.6921132Z A path returned 202. Retrying...
2022-11-10T03:16:54.6921423Z A path returned 202. Retrying...
2022-11-10T03:16:54.6921712Z A path returned 202. Retrying...
2022-11-10T03:16:54.6922000Z A path returned 202. Retrying...
2022-11-10T03:16:54.6922285Z A path returned 202. Retrying...
2022-11-10T03:16:54.6922572Z A path returned 202. Retrying...
2022-11-10T03:16:54.6922849Z A path returned 202. Retrying...
2022-11-10T03:16:54.6923139Z A path returned 202. Retrying...
2022-11-10T03:16:54.6923428Z A path returned 202. Retrying...
2022-11-10T03:16:54.6923721Z A path returned 202. Retrying...
2022-11-10T03:16:54.6924010Z A path returned 202. Retrying...
2022-11-10T03:16:54.6924295Z A path returned 202. Retrying...
2022-11-10T03:16:54.6924584Z A path returned 202. Retrying...
2022-11-10T03:16:54.6924855Z A path returned 202. Retrying...
2022-11-10T03:16:54.6925148Z A path returned 202. Retrying...
2022-11-10T03:16:54.6925436Z A path returned 202. Retrying...
2022-11-10T03:16:54.6925722Z A path returned 202. Retrying...
2022-11-10T03:16:54.6926010Z A path returned 202. Retrying...
2022-11-10T03:16:54.6926301Z A path returned 202. Retrying...
2022-11-10T03:16:54.6926585Z A path returned 202. Retrying...
2022-11-10T03:16:54.6926871Z A path returned 202. Retrying...
2022-11-10T03:16:54.6927142Z A path returned 202. Retrying...
2022-11-10T03:16:54.6927428Z A path returned 202. Retrying...
2022-11-10T03:16:54.6927787Z A path returned 202. Retrying...
2022-11-10T03:16:54.6928075Z A path returned 202. Retrying...
2022-11-10T03:16:54.6928360Z A path returned 202. Retrying...
2022-11-10T03:16:54.6928649Z A path returned 202. Retrying...
2022-11-10T03:16:54.6928934Z A path returned 202. Retrying...
2022-11-10T03:16:54.6929221Z A path returned 202. Retrying...
2022-11-10T03:16:54.6929494Z A path returned 202. Retrying...
2022-11-10T03:16:54.6929780Z A path returned 202. Retrying...
2022-11-10T03:16:54.6930069Z A path returned 202. Retrying...
2022-11-10T03:16:54.6930362Z A path returned 202. Retrying...
2022-11-10T03:16:54.6930650Z A path returned 202. Retrying...
2022-11-10T03:16:54.6930936Z A path returned 202. Retrying...
2022-11-10T03:16:54.6931223Z A path returned 202. Retrying...
2022-11-10T03:16:54.6931495Z A path returned 202. Retrying...
2022-11-10T03:16:54.6931781Z A path returned 202. Retrying...
2022-11-10T03:16:54.6932068Z A path returned 202. Retrying...
2022-11-10T03:16:54.6932355Z A path returned 202. Retrying...
2022-11-10T03:16:54.6932644Z A path returned 202. Retrying...
2022-11-10T03:16:54.6932929Z A path returned 202. Retrying...
2022-11-10T03:16:54.6933216Z A path returned 202. Retrying...
2022-11-10T03:16:54.6933502Z A path returned 202. Retrying...
2022-11-10T03:16:54.6933773Z A path returned 202. Retrying...
2022-11-10T03:16:54.6934062Z A path returned 202. Retrying...
2022-11-10T03:16:54.6934346Z A path returned 202. Retrying...
2022-11-10T03:16:54.6934634Z A path returned 202. Retrying...
2022-11-10T03:16:54.6934924Z A path returned 202. Retrying...
2022-11-10T03:16:54.6935212Z A path returned 202. Retrying...
2022-11-10T03:16:54.6935497Z A path returned 202. Retrying...
2022-11-10T03:16:54.6935783Z A path returned 202. Retrying...
2022-11-10T03:16:54.6936055Z A path returned 202. Retrying...
2022-11-10T03:16:54.6936341Z A path returned 202. Retrying...
2022-11-10T03:16:54.6936629Z A path returned 202. Retrying...
2022-11-10T03:16:54.6936913Z A path returned 202. Retrying...
2022-11-10T03:16:54.6937204Z A path returned 202. Retrying...
2022-11-10T03:16:54.6937489Z A path returned 202. Retrying...
2022-11-10T03:16:54.6937779Z A path returned 202. Retrying...
2022-11-10T03:16:54.6938050Z A path returned 202. Retrying...
2022-11-10T03:16:54.6938336Z A path returned 202. Retrying...
2022-11-10T03:16:54.6938620Z A path returned 202. Retrying...
2022-11-10T03:16:54.6938913Z A path returned 202. Retrying...
2022-11-10T03:16:54.6939200Z A path returned 202. Retrying...
2022-11-10T03:16:54.6939489Z A path returned 202. Retrying...
2022-11-10T03:16:54.6939843Z A path returned 202. Retrying...
2022-11-10T03:16:54.6940135Z A path returned 202. Retrying...
2022-11-10T03:16:54.6940409Z A path returned 202. Retrying...
2022-11-10T03:16:54.6940698Z A path returned 202. Retrying...
2022-11-10T03:16:54.6941092Z A path returned 202. Retrying...
2022-11-10T03:16:54.6941388Z A path returned 202. Retrying...
2022-11-10T03:16:54.6941677Z A path returned 202. Retrying...
2022-11-10T03:16:54.6941970Z A path returned 202. Retrying...
2022-11-10T03:16:54.6942256Z A path returned 202. Retrying...
2022-11-10T03:16:54.6942605Z A path returned 202. Retrying...
2022-11-10T03:16:54.6942878Z A path returned 202. Retrying...
2022-11-10T03:16:54.6943168Z A path returned 202. Retrying...
2022-11-10T03:16:54.6943461Z A path returned 202. Retrying...
2022-11-10T03:16:54.6943749Z A path returned 202. Retrying...
2022-11-10T03:16:54.6944040Z A path returned 202. Retrying...
2022-11-10T03:24:23.7458674Z A path returned 202. Retrying...
2022-11-10T03:24:23.7459811Z A path returned 202. Retrying...
2022-11-10T03:24:23.7460227Z A path returned 202. Retrying...
2022-11-10T03:24:23.7460590Z A path returned 202. Retrying...
2022-11-10T03:24:23.7461163Z A path returned 202. Retrying...
2022-11-10T03:24:23.7461556Z A path returned 202. Retrying...
2022-11-10T03:24:23.7461933Z A path returned 202. Retrying...
2022-11-10T03:24:23.7462307Z A path returned 202. Retrying...
2022-11-10T03:24:23.7462679Z A path returned 202. Retrying...
2022-11-10T03:24:23.7463286Z A path returned 202. Retrying...
2022-11-10T03:24:23.7463654Z A path returned 202. Retrying...
2022-11-10T03:24:23.7464022Z A path returned 202. Retrying...
2022-11-10T03:24:23.7464388Z A path returned 202. Retrying...
2022-11-10T03:24:23.7464742Z A path returned 202. Retrying...
2022-11-10T03:24:23.7465107Z A path returned 202. Retrying...
2022-11-10T03:24:23.7465464Z A path returned 202. Retrying...
2022-11-10T03:24:23.7465828Z A path returned 202. Retrying...
2022-11-10T03:24:23.7466190Z A path returned 202. Retrying...
2022-11-10T03:24:23.7466561Z A path returned 202. Retrying...
2022-11-10T03:24:23.7466920Z A path returned 202. Retrying...
2022-11-10T03:24:23.7468398Z A path returned 202. Retrying...
2022-11-10T03:24:23.7469232Z A path returned 202. Retrying...
2022-11-10T03:24:23.7469554Z A path returned 202. Retrying...
2022-11-10T03:24:23.7469848Z A path returned 202. Retrying...
2022-11-10T03:24:23.7470237Z A path returned 202. Retrying...
2022-11-10T03:24:23.7470555Z A path returned 202. Retrying...
2022-11-10T03:24:23.7470955Z A path returned 202. Retrying...
2022-11-10T03:24:23.7471322Z A path returned 202. Retrying...
2022-11-10T03:24:23.7471866Z A path returned 202. Retrying...
2022-11-10T03:24:23.7472159Z A path returned 202. Retrying...
2022-11-10T03:24:23.7472542Z A path returned 202. Retrying...
2022-11-10T03:24:23.7472846Z A path returned 202. Retrying...
2022-11-10T03:24:23.7473220Z A path returned 202. Retrying...
2022-11-10T03:24:23.7473526Z A path returned 202. Retrying...
2022-11-10T03:24:23.7473904Z A path returned 202. Retrying...
2022-11-10T03:24:23.7474196Z A path returned 202. Retrying...
2022-11-10T03:24:23.7474585Z A path returned 202. Retrying...
2022-11-10T03:24:23.7474873Z A path returned 202. Retrying...
2022-11-10T03:24:23.7475160Z A path returned 202. Retrying...
2022-11-10T03:24:23.7475448Z A path returned 202. Retrying...
2022-11-10T03:24:23.7475738Z A path returned 202. Retrying...
2022-11-10T03:24:23.7476029Z A path returned 202. Retrying...
2022-11-10T03:24:23.7476321Z A path returned 202. Retrying...
2022-11-10T03:24:23.7476596Z A path returned 202. Retrying...
2022-11-10T03:24:23.7476968Z A path returned 202. Retrying...
2022-11-10T03:24:23.7477271Z A path returned 202. Retrying...
2022-11-10T03:24:23.7477560Z A path returned 202. Retrying...
2022-11-10T03:24:23.7482309Z A path returned 202. Retrying...
2022-11-10T03:24:23.7482747Z A path returned 202. Retrying...
2022-11-10T03:24:23.7483114Z A path returned 202. Retrying...
2022-11-10T03:24:23.7483422Z A path returned 202. Retrying...
2022-11-10T03:24:23.7483963Z A path returned 202. Retrying...
2022-11-10T03:24:23.7484361Z A path returned 202. Retrying...
2022-11-10T03:24:23.7484654Z A path returned 202. Retrying...
2022-11-10T03:24:23.7485034Z A path returned 202. Retrying...
2022-11-10T03:24:23.7485342Z A path returned 202. Retrying...
2022-11-10T03:24:23.7485722Z A path returned 202. Retrying...
2022-11-10T03:24:23.7486028Z A path returned 202. Retrying...
2022-11-10T03:24:23.7486407Z A path returned 202. Retrying...
2022-11-10T03:24:23.7486709Z A path returned 202. Retrying...
2022-11-10T03:24:23.7487086Z A path returned 202. Retrying...
2022-11-10T03:24:23.7487390Z A path returned 202. Retrying...
2022-11-10T03:24:23.7487768Z A path returned 202. Retrying...
2022-11-10T03:24:23.7491349Z A path returned 202. Retrying...
2022-11-10T03:24:23.7491898Z A path returned 202. Retrying...
2022-11-10T03:24:23.7492549Z A path returned 202. Retrying...
2022-11-10T03:24:23.7492924Z A path returned 202. Retrying...
2022-11-10T03:24:23.7493741Z A path returned 202. Retrying...
2022-11-10T03:24:23.7494129Z A path returned 202. Retrying...
2022-11-10T03:24:23.7494497Z A path returned 202. Retrying...
2022-11-10T03:24:23.7494809Z A path returned 202. Retrying...
2022-11-10T03:24:23.7495103Z A path returned 202. Retrying...
2022-11-10T03:24:23.7495390Z A path returned 202. Retrying...
2022-11-10T03:24:23.7495682Z A path returned 202. Retrying...
2022-11-10T03:24:23.7496503Z A path returned 202. Retrying...
2022-11-10T03:24:23.7497116Z A path returned 202. Retrying...
2022-11-10T03:24:23.7497427Z A path returned 202. Retrying...
2022-11-10T03:24:23.7497718Z A path returned 202. Retrying...
2022-11-10T03:24:23.7498097Z A path returned 202. Retrying...
2022-11-10T03:24:23.7498470Z A path returned 202. Retrying...
2022-11-10T03:24:23.7498845Z A path returned 202. Retrying...
2022-11-10T03:24:23.7499218Z A path returned 202. Retrying...
2022-11-10T03:24:23.7499593Z A path returned 202. Retrying...
2022-11-10T03:24:23.7499970Z A path returned 202. Retrying...
2022-11-10T03:24:23.7500342Z A path returned 202. Retrying...
2022-11-10T03:24:23.7500710Z A path returned 202. Retrying...
2022-11-10T03:24:23.7501339Z A path returned 202. Retrying...
2022-11-10T03:24:23.7501698Z A path returned 202. Retrying...
2022-11-10T03:24:23.7502102Z A path returned 202. Retrying...
2022-11-10T03:24:23.7502472Z A path returned 202. Retrying...
2022-11-10T03:24:23.7502845Z A path returned 202. Retrying...
2022-11-10T03:24:23.7503224Z A path returned 202. Retrying...
2022-11-10T03:24:23.7503596Z A path returned 202. Retrying...
2022-11-10T03:24:23.7503966Z A path returned 202. Retrying...
2022-11-10T03:24:23.7504336Z A path returned 202. Retrying...
2022-11-10T03:24:23.7504700Z A path returned 202. Retrying...
2022-11-10T03:24:23.7505069Z A path returned 202. Retrying...
2022-11-10T03:24:23.7505437Z A path returned 202. Retrying...
2022-11-10T03:24:23.7505806Z A path returned 202. Retrying...
2022-11-10T03:24:23.7506162Z A path returned 202. Retrying...
2022-11-10T03:24:23.7506540Z A path returned 202. Retrying...
2022-11-10T03:24:23.7506912Z A path returned 202. Retrying...
2022-11-10T03:24:23.7507284Z A path returned 202. Retrying...
2022-11-10T03:24:23.7507654Z A path returned 202. Retrying...
2022-11-10T03:24:23.7508027Z A path returned 202. Retrying...
2022-11-10T03:24:23.7508396Z A path returned 202. Retrying...
2022-11-10T03:24:23.7508765Z A path returned 202. Retrying...
2022-11-10T03:24:23.7509137Z A path returned 202. Retrying...
2022-11-10T03:24:23.7509508Z A path returned 202. Retrying...
2022-11-10T03:24:23.7509874Z A path returned 202. Retrying...
2022-11-10T03:24:23.7510243Z A path returned 202. Retrying...
2022-11-10T03:24:23.7510593Z A path returned 202. Retrying...
2022-11-10T03:24:23.7510961Z A path returned 202. Retrying...
2022-11-10T03:24:23.7511337Z A path returned 202. Retrying...
2022-11-10T03:24:23.7511708Z A path returned 202. Retrying...
2022-11-10T03:24:23.7512077Z A path returned 202. Retrying...
2022-11-10T03:24:23.7512447Z A path returned 202. Retrying...
2022-11-10T03:24:23.7512952Z A path returned 202. Retrying...
2022-11-10T03:24:23.7513334Z A path returned 202. Retrying...
2022-11-10T03:24:23.7513706Z A path returned 202. Retrying...
2022-11-10T03:24:23.7514077Z A path returned 202. Retrying...
2022-11-10T03:24:23.7514443Z A path returned 202. Retrying...
2022-11-10T03:24:23.7514809Z A path returned 202. Retrying...
2022-11-10T03:24:23.7515156Z A path returned 202. Retrying...
2022-11-10T03:24:23.7515465Z A path returned 202. Retrying...
2022-11-10T03:24:23.7515840Z A path returned 202. Retrying...
2022-11-10T03:24:23.7516210Z A path returned 202. Retrying...
2022-11-10T03:24:23.7516577Z A path returned 202. Retrying...
2022-11-10T03:24:23.7516949Z A path returned 202. Retrying...
2022-11-10T03:24:23.7517316Z A path returned 202. Retrying...
2022-11-10T03:24:23.7517682Z A path returned 202. Retrying...
2022-11-10T03:24:23.7518048Z A path returned 202. Retrying...
2022-11-10T03:24:23.7518418Z A path returned 202. Retrying...
2022-11-10T03:24:23.7518792Z A path returned 202. Retrying...
2022-11-10T03:24:23.7519159Z A path returned 202. Retrying...
2022-11-10T03:24:23.7519511Z A path returned 202. Retrying...
2022-11-10T03:24:23.7519878Z A path returned 202. Retrying...
2022-11-10T03:24:23.7520247Z A path returned 202. Retrying...
2022-11-10T03:24:23.7520619Z A path returned 202. Retrying...
2022-11-10T03:24:23.7520990Z A path returned 202. Retrying...
2022-11-10T03:24:23.7521360Z A path returned 202. Retrying...
2022-11-10T03:24:23.7521828Z A path returned 202. Retrying...
2022-11-10T03:24:23.7522197Z A path returned 202. Retrying...
2022-11-10T03:24:23.7522564Z A path returned 202. Retrying...
2022-11-10T03:24:23.7533324Z A path returned 202. Retrying...
2022-11-10T03:24:23.7533772Z A path returned 202. Retrying...
2022-11-10T03:24:23.7534185Z A path returned 202. Retrying...
2022-11-10T03:24:23.7534550Z A path returned 202. Retrying...
2022-11-10T03:24:23.7534926Z A path returned 202. Retrying...
2022-11-10T03:24:23.7539496Z A path returned 202. Retrying...
2022-11-10T03:24:23.7539907Z A path returned 202. Retrying...
2022-11-10T03:24:23.7540285Z A path returned 202. Retrying...
2022-11-10T03:24:23.7540663Z A path returned 202. Retrying...
2022-11-10T03:24:23.7541327Z A path returned 202. Retrying...
2022-11-10T03:24:23.7559093Z A path returned 202. Retrying...
2022-11-10T03:24:23.7559419Z A path returned 202. Retrying...
2022-11-10T03:24:23.7559839Z A path returned 202. Retrying...
2022-11-10T03:24:23.7560281Z A path returned 202. Retrying...
2022-11-10T03:24:23.7560653Z A path returned 202. Retrying...
2022-11-10T03:24:23.7561032Z A path returned 202. Retrying...
2022-11-10T03:24:23.7561407Z A path returned 202. Retrying...
2022-11-10T03:24:23.7561776Z A path returned 202. Retrying...
2022-11-10T03:24:23.7562147Z A path returned 202. Retrying...
2022-11-10T03:24:23.7562518Z A path returned 202. Retrying...
2022-11-10T03:24:23.7562894Z A path returned 202. Retrying...
2022-11-10T03:24:23.7563267Z A path returned 202. Retrying...
2022-11-10T03:24:23.7563643Z A path returned 202. Retrying...
2022-11-10T03:24:23.7564013Z A path returned 202. Retrying...
2022-11-10T03:24:23.7564379Z A path returned 202. Retrying...
2022-11-10T03:24:23.7564746Z A path returned 202. Retrying...
2022-11-10T03:24:23.7565101Z A path returned 202. Retrying...
2022-11-10T03:24:23.7565470Z A path returned 202. Retrying...
2022-11-10T03:24:23.7565844Z A path returned 202. Retrying...
2022-11-10T03:24:23.7566217Z A path returned 202. Retrying...
2022-11-10T03:24:23.7566594Z A path returned 202. Retrying...
2022-11-10T03:24:23.7566968Z A path returned 202. Retrying...
2022-11-10T03:24:23.7567337Z A path returned 202. Retrying...
2022-11-10T03:24:23.7567707Z A path returned 202. Retrying...
2022-11-10T03:24:23.7568076Z A path returned 202. Retrying...
2022-11-10T03:24:23.7568444Z A path returned 202. Retrying...
2022-11-10T03:24:23.7569113Z A path returned 202. Retrying...
2022-11-10T03:24:23.7570156Z A path returned 202. Retrying...
2022-11-10T03:24:23.7570595Z A path returned 202. Retrying...
2022-11-10T03:24:23.7571178Z A path returned 202. Retrying...
2022-11-10T03:24:23.7816630Z ##[group]Run git config --global user.name "jstrieb/github-stats"
2022-11-10T03:24:23.7817100Z [36;1mgit config --global user.name "jstrieb/github-stats"[0m
2022-11-10T03:24:23.7817554Z [36;1mgit config --global user.email "github-stats[bot]@jstrieb.github.io"[0m
2022-11-10T03:24:23.7817920Z [36;1mgit add .[0m
2022-11-10T03:24:23.7818254Z [36;1m# Force the build to succeed, even if no files were changed[0m
2022-11-10T03:24:23.7818642Z [36;1mgit commit -m 'Update generated files' || true[0m
2022-11-10T03:24:23.7818950Z [36;1mgit push[0m
2022-11-10T03:24:23.7876948Z shell: /usr/bin/bash -e {0}
2022-11-10T03:24:23.7877221Z env:
2022-11-10T03:24:23.7877562Z   pythonLocation: /opt/hostedtoolcache/Python/3.8.14/x64
2022-11-10T03:24:23.7877978Z   LD_LIBRARY_PATH: /opt/hostedtoolcache/Python/3.8.14/x64/lib
2022-11-10T03:24:23.7878287Z ##[endgroup]
2022-11-10T03:24:24.1410615Z [master b08bfbf] Update generated files
2022-11-10T03:24:24.1412285Z  2 files changed, 503 insertions(+), 746 deletions(-)
2022-11-10T03:24:24.7608982Z To https://github.com/seanpm2001/GitHub_Stats_A
2022-11-10T03:24:24.7610515Z    86f0e6b..b08bfbf  master -> master
2022-11-10T03:24:25.1435742Z Post job cleanup.
2022-11-10T03:24:25.3096952Z Cache hit occurred on the primary key Linux-pip-60f2a6c0212a9b74a155cd81b58dd07fd8b180833132566260d95f4de42fe218, not saving cache.
2022-11-10T03:24:25.3196137Z Post job cleanup.
2022-11-10T03:24:25.4891225Z Post job cleanup.
2022-11-10T03:24:25.6442526Z [command]/usr/bin/git version
2022-11-10T03:24:25.6521855Z git version 2.38.1
2022-11-10T03:24:25.6574928Z Copying '/home/runner/.gitconfig' to '/home/runner/work/_temp/79357f26-baa1-4f8b-9690-44487b90be65/.gitconfig'
2022-11-10T03:24:25.6589615Z Temporarily overriding HOME='/home/runner/work/_temp/79357f26-baa1-4f8b-9690-44487b90be65' before making global git config changes
2022-11-10T03:24:25.6592288Z Adding repository directory to the temporary git global config as a safe directory
2022-11-10T03:24:25.6599688Z [command]/usr/bin/git config --global --add safe.directory /home/runner/work/GitHub_Stats_A/GitHub_Stats_A
2022-11-10T03:24:25.6668195Z [command]/usr/bin/git config --local --name-only --get-regexp core\.sshCommand
2022-11-10T03:24:25.6717431Z [command]/usr/bin/git submodule foreach --recursive git config --local --name-only --get-regexp 'core\.sshCommand' && git config --local --unset-all 'core.sshCommand' || :
2022-11-10T03:24:25.7001061Z [command]/usr/bin/git config --local --name-only --get-regexp http\.https\:\/\/github\.com\/\.extraheader
2022-11-10T03:24:25.7037109Z http.https://github.com/.extraheader
2022-11-10T03:24:25.7045959Z [command]/usr/bin/git config --local --unset-all http.https://github.com/.extraheader
2022-11-10T03:24:25.7092047Z [command]/usr/bin/git submodule foreach --recursive git config --local --name-only --get-regexp 'http\.https\:\/\/github\.com\/\.extraheader' && git config --local --unset-all 'http.https://github.com/.extraheader' || :
2022-11-10T03:24:25.7659489Z Cleaning up orphan processes
