2023-12-28T00:23:54.8549709Z Requested labels: ubuntu-latest
2023-12-28T00:23:54.8550043Z Job defined at: seanpm2001/GitHub_Stats_A/.github/workflows/main.yml@refs/heads/master
2023-12-28T00:23:54.8550137Z Waiting for a runner to pick up this job...
2023-12-28T00:23:55.5229947Z Job is waiting for a hosted runner to come online.
2023-12-28T00:23:58.9903075Z Job is about to start running on the hosted runner: GitHub Actions 2 (hosted)
2023-12-28T00:24:00.8848323Z Current runner version: '2.311.0'
2023-12-28T00:24:00.8869290Z ##[group]Operating System
2023-12-28T00:24:00.8869914Z Ubuntu
2023-12-28T00:24:00.8870365Z 22.04.3
2023-12-28T00:24:00.8870674Z LTS
2023-12-28T00:24:00.8871032Z ##[endgroup]
2023-12-28T00:24:00.8871480Z ##[group]Runner Image
2023-12-28T00:24:00.8871938Z Image: ubuntu-22.04
2023-12-28T00:24:00.8872306Z Version: 20231217.2.0
2023-12-28T00:24:00.8873384Z Included Software: https://github.com/actions/runner-images/blob/ubuntu22/20231217.2/images/ubuntu/Ubuntu2204-Readme.md
2023-12-28T00:24:00.8875291Z Image Release: https://github.com/actions/runner-images/releases/tag/ubuntu22%2F20231217.2
2023-12-28T00:24:00.8876255Z ##[endgroup]
2023-12-28T00:24:00.8876653Z ##[group]Runner Image Provisioner
2023-12-28T00:24:00.8877152Z 2.0.321.1
2023-12-28T00:24:00.8877556Z ##[endgroup]
2023-12-28T00:24:00.8878428Z ##[group]GITHUB_TOKEN Permissions
2023-12-28T00:24:00.8879988Z Contents: write
2023-12-28T00:24:00.8880552Z Metadata: read
2023-12-28T00:24:00.8881072Z ##[endgroup]
2023-12-28T00:24:00.8884092Z Secret source: Actions
2023-12-28T00:24:00.8884637Z Prepare workflow directory
2023-12-28T00:24:00.9491772Z Prepare all required actions
2023-12-28T00:24:00.9646039Z Getting action download info
2023-12-28T00:24:01.1948581Z Download action repository 'actions/checkout@v3' (SHA:f43a0e5ff2bd294095638e18286ca9a3d1956744)
2023-12-28T00:24:01.3525458Z Download action repository 'actions/setup-python@v4' (SHA:65d7f2d534ac1bc67fcd62888c5f4f3d2cb2b236)
2023-12-28T00:24:01.6617792Z Complete job name: build
2023-12-28T00:24:01.7513266Z ##[group]Run actions/checkout@v3
2023-12-28T00:24:01.7513827Z with:
2023-12-28T00:24:01.7514483Z   repository: seanpm2001/GitHub_Stats_A
2023-12-28T00:24:01.7515364Z   token: ***
2023-12-28T00:24:01.7515773Z   ssh-strict: true
2023-12-28T00:24:01.7516168Z   persist-credentials: true
2023-12-28T00:24:01.7516713Z   clean: true
2023-12-28T00:24:01.7517153Z   sparse-checkout-cone-mode: true
2023-12-28T00:24:01.7517668Z   fetch-depth: 1
2023-12-28T00:24:01.7518102Z   fetch-tags: false
2023-12-28T00:24:01.7518498Z   lfs: false
2023-12-28T00:24:01.7518871Z   submodules: false
2023-12-28T00:24:01.7519337Z   set-safe-directory: true
2023-12-28T00:24:01.7519750Z ##[endgroup]
2023-12-28T00:24:03.6972917Z Syncing repository: seanpm2001/GitHub_Stats_A
2023-12-28T00:24:03.6974990Z ##[group]Getting Git version info
2023-12-28T00:24:03.6976111Z Working directory is '/home/runner/work/GitHub_Stats_A/GitHub_Stats_A'
2023-12-28T00:24:03.6977363Z [command]/usr/bin/git version
2023-12-28T00:24:03.7056302Z git version 2.43.0
2023-12-28T00:24:03.7079679Z ##[endgroup]
2023-12-28T00:24:03.7094007Z Temporarily overriding HOME='/home/runner/work/_temp/89f2bbad-9db8-453c-96ae-82b078b69fcd' before making global git config changes
2023-12-28T00:24:03.7095879Z Adding repository directory to the temporary git global config as a safe directory
2023-12-28T00:24:03.7098246Z [command]/usr/bin/git config --global --add safe.directory /home/runner/work/GitHub_Stats_A/GitHub_Stats_A
2023-12-28T00:24:03.7142334Z Deleting the contents of '/home/runner/work/GitHub_Stats_A/GitHub_Stats_A'
2023-12-28T00:24:03.7145833Z ##[group]Initializing the repository
2023-12-28T00:24:03.7148906Z [command]/usr/bin/git init /home/runner/work/GitHub_Stats_A/GitHub_Stats_A
2023-12-28T00:24:03.7208818Z hint: Using 'master' as the name for the initial branch. This default branch name
2023-12-28T00:24:03.7210091Z hint: is subject to change. To configure the initial branch name to use in all
2023-12-28T00:24:03.7211374Z hint: of your new repositories, which will suppress this warning, call:
2023-12-28T00:24:03.7212466Z hint: 
2023-12-28T00:24:03.7213307Z hint: 	git config --global init.defaultBranch <name>
2023-12-28T00:24:03.7214295Z hint: 
2023-12-28T00:24:03.7215001Z hint: Names commonly chosen instead of 'master' are 'main', 'trunk' and
2023-12-28T00:24:03.7216644Z hint: 'development'. The just-created branch can be renamed via this command:
2023-12-28T00:24:03.7217933Z hint: 
2023-12-28T00:24:03.7218385Z hint: 	git branch -m <name>
2023-12-28T00:24:03.7219617Z Initialized empty Git repository in /home/runner/work/GitHub_Stats_A/GitHub_Stats_A/.git/
2023-12-28T00:24:03.7225492Z [command]/usr/bin/git remote add origin https://github.com/seanpm2001/GitHub_Stats_A
2023-12-28T00:24:03.7265079Z ##[endgroup]
2023-12-28T00:24:03.7265967Z ##[group]Disabling automatic garbage collection
2023-12-28T00:24:03.7268072Z [command]/usr/bin/git config --local gc.auto 0
2023-12-28T00:24:03.7304127Z ##[endgroup]
2023-12-28T00:24:03.7304879Z ##[group]Setting up auth
2023-12-28T00:24:03.7309669Z [command]/usr/bin/git config --local --name-only --get-regexp core\.sshCommand
2023-12-28T00:24:03.7346414Z [command]/usr/bin/git submodule foreach --recursive sh -c "git config --local --name-only --get-regexp 'core\.sshCommand' && git config --local --unset-all 'core.sshCommand' || :"
2023-12-28T00:24:03.7632127Z [command]/usr/bin/git config --local --name-only --get-regexp http\.https\:\/\/github\.com\/\.extraheader
2023-12-28T00:24:03.7667601Z [command]/usr/bin/git submodule foreach --recursive sh -c "git config --local --name-only --get-regexp 'http\.https\:\/\/github\.com\/\.extraheader' && git config --local --unset-all 'http.https://github.com/.extraheader' || :"
2023-12-28T00:24:03.7903838Z [command]/usr/bin/git config --local http.https://github.com/.extraheader AUTHORIZATION: basic ***
2023-12-28T00:24:03.7946431Z ##[endgroup]
2023-12-28T00:24:03.7947369Z ##[group]Fetching the repository
2023-12-28T00:24:03.7955362Z [command]/usr/bin/git -c protocol.version=2 fetch --no-tags --prune --progress --no-recurse-submodules --depth=1 origin +88227035e4814c9896fa49fdb42cc313f8ed00c6:refs/remotes/origin/master
2023-12-28T00:24:04.0874571Z remote: Enumerating objects: 9722, done.        
2023-12-28T00:24:04.0936845Z remote: Counting objects:   0% (1/9722)        
2023-12-28T00:24:04.0938175Z remote: Counting objects:   1% (98/9722)        
2023-12-28T00:24:04.0939600Z remote: Counting objects:   2% (195/9722)        
2023-12-28T00:24:04.0940655Z remote: Counting objects:   3% (292/9722)        
2023-12-28T00:24:04.0941551Z remote: Counting objects:   4% (389/9722)        
2023-12-28T00:24:04.0942395Z remote: Counting objects:   5% (487/9722)        
2023-12-28T00:24:04.0942919Z remote: Counting objects:   6% (584/9722)        
2023-12-28T00:24:04.0943357Z remote: Counting objects:   7% (681/9722)        
2023-12-28T00:24:04.0943982Z remote: Counting objects:   8% (778/9722)        
2023-12-28T00:24:04.0944639Z remote: Counting objects:   9% (875/9722)        
2023-12-28T00:24:04.0945384Z remote: Counting objects:  10% (973/9722)        
2023-12-28T00:24:04.0945991Z remote: Counting objects:  11% (1070/9722)        
2023-12-28T00:24:04.0946678Z remote: Counting objects:  12% (1167/9722)        
2023-12-28T00:24:04.0947409Z remote: Counting objects:  13% (1264/9722)        
2023-12-28T00:24:04.0948103Z remote: Counting objects:  14% (1362/9722)        
2023-12-28T00:24:04.0948704Z remote: Counting objects:  15% (1459/9722)        
2023-12-28T00:24:04.0949456Z remote: Counting objects:  16% (1556/9722)        
2023-12-28T00:24:04.1061818Z remote: Counting objects:  17% (1653/9722)        
2023-12-28T00:24:04.1063186Z remote: Counting objects:  18% (1750/9722)        
2023-12-28T00:24:04.1064682Z remote: Counting objects:  19% (1848/9722)        
2023-12-28T00:24:04.1065916Z remote: Counting objects:  20% (1945/9722)        
2023-12-28T00:24:04.1067059Z remote: Counting objects:  21% (2042/9722)        
2023-12-28T00:24:04.1067742Z remote: Counting objects:  22% (2139/9722)        
2023-12-28T00:24:04.1068376Z remote: Counting objects:  23% (2237/9722)        
2023-12-28T00:24:04.1068948Z remote: Counting objects:  24% (2334/9722)        
2023-12-28T00:24:04.1069598Z remote: Counting objects:  25% (2431/9722)        
2023-12-28T00:24:04.1070117Z remote: Counting objects:  26% (2528/9722)        
2023-12-28T00:24:04.1070762Z remote: Counting objects:  27% (2625/9722)        
2023-12-28T00:24:04.1071251Z remote: Counting objects:  28% (2723/9722)        
2023-12-28T00:24:04.1072066Z remote: Counting objects:  29% (2820/9722)        
2023-12-28T00:24:04.1072651Z remote: Counting objects:  30% (2917/9722)        
2023-12-28T00:24:04.1073174Z remote: Counting objects:  31% (3014/9722)        
2023-12-28T00:24:04.1073668Z remote: Counting objects:  32% (3112/9722)        
2023-12-28T00:24:04.1074496Z remote: Counting objects:  33% (3209/9722)        
2023-12-28T00:24:04.1075038Z remote: Counting objects:  34% (3306/9722)        
2023-12-28T00:24:04.1075586Z remote: Counting objects:  35% (3403/9722)        
2023-12-28T00:24:04.1076177Z remote: Counting objects:  36% (3500/9722)        
2023-12-28T00:24:04.1076695Z remote: Counting objects:  37% (3598/9722)        
2023-12-28T00:24:04.1077194Z remote: Counting objects:  38% (3695/9722)        
2023-12-28T00:24:04.1077766Z remote: Counting objects:  39% (3792/9722)        
2023-12-28T00:24:04.1078257Z remote: Counting objects:  40% (3889/9722)        
2023-12-28T00:24:04.1078763Z remote: Counting objects:  41% (3987/9722)        
2023-12-28T00:24:04.1079323Z remote: Counting objects:  42% (4084/9722)        
2023-12-28T00:24:04.1079824Z remote: Counting objects:  43% (4181/9722)        
2023-12-28T00:24:04.1080274Z remote: Counting objects:  44% (4278/9722)        
2023-12-28T00:24:04.1080818Z remote: Counting objects:  45% (4375/9722)        
2023-12-28T00:24:04.1081315Z remote: Counting objects:  46% (4473/9722)        
2023-12-28T00:24:04.1081876Z remote: Counting objects:  47% (4570/9722)        
2023-12-28T00:24:04.1082555Z remote: Counting objects:  48% (4667/9722)        
2023-12-28T00:24:04.1083066Z remote: Counting objects:  49% (4764/9722)        
2023-12-28T00:24:04.1083634Z remote: Counting objects:  50% (4861/9722)        
2023-12-28T00:24:04.1084151Z remote: Counting objects:  51% (4959/9722)        
2023-12-28T00:24:04.1084602Z remote: Counting objects:  52% (5056/9722)        
2023-12-28T00:24:04.1085152Z remote: Counting objects:  53% (5153/9722)        
2023-12-28T00:24:04.1085631Z remote: Counting objects:  54% (5250/9722)        
2023-12-28T00:24:04.1086119Z remote: Counting objects:  55% (5348/9722)        
2023-12-28T00:24:04.1086642Z remote: Counting objects:  56% (5445/9722)        
2023-12-28T00:24:04.1087136Z remote: Counting objects:  57% (5542/9722)        
2023-12-28T00:24:04.1087610Z remote: Counting objects:  58% (5639/9722)        
2023-12-28T00:24:04.1088189Z remote: Counting objects:  59% (5736/9722)        
2023-12-28T00:24:04.1088632Z remote: Counting objects:  60% (5834/9722)        
2023-12-28T00:24:04.1089109Z remote: Counting objects:  61% (5931/9722)        
2023-12-28T00:24:04.1089659Z remote: Counting objects:  62% (6028/9722)        
2023-12-28T00:24:04.1090291Z remote: Counting objects:  63% (6125/9722)        
2023-12-28T00:24:04.1090807Z remote: Counting objects:  64% (6223/9722)        
2023-12-28T00:24:04.1091327Z remote: Counting objects:  65% (6320/9722)        
2023-12-28T00:24:04.1091799Z remote: Counting objects:  66% (6417/9722)        
2023-12-28T00:24:04.1092284Z remote: Counting objects:  67% (6514/9722)        
2023-12-28T00:24:04.1092830Z remote: Counting objects:  68% (6611/9722)        
2023-12-28T00:24:04.1093266Z remote: Counting objects:  69% (6709/9722)        
2023-12-28T00:24:04.1093778Z remote: Counting objects:  70% (6806/9722)        
2023-12-28T00:24:04.1094325Z remote: Counting objects:  71% (6903/9722)        
2023-12-28T00:24:04.1094809Z remote: Counting objects:  72% (7000/9722)        
2023-12-28T00:24:04.1095247Z remote: Counting objects:  73% (7098/9722)        
2023-12-28T00:24:04.1095811Z remote: Counting objects:  74% (7195/9722)        
2023-12-28T00:24:04.1096309Z remote: Counting objects:  75% (7292/9722)        
2023-12-28T00:24:04.1096849Z remote: Counting objects:  76% (7389/9722)        
2023-12-28T00:24:04.1097300Z remote: Counting objects:  77% (7486/9722)        
2023-12-28T00:24:04.1097795Z remote: Counting objects:  78% (7584/9722)        
2023-12-28T00:24:04.1098331Z remote: Counting objects:  79% (7681/9722)        
2023-12-28T00:24:04.1099006Z remote: Counting objects:  80% (7778/9722)        
2023-12-28T00:24:04.1099485Z remote: Counting objects:  81% (7875/9722)        
2023-12-28T00:24:04.1100027Z remote: Counting objects:  82% (7973/9722)        
2023-12-28T00:24:04.1100521Z remote: Counting objects:  83% (8070/9722)        
2023-12-28T00:24:04.1100996Z remote: Counting objects:  84% (8167/9722)        
2023-12-28T00:24:04.1101500Z remote: Counting objects:  85% (8264/9722)        
2023-12-28T00:24:04.1101993Z remote: Counting objects:  86% (8361/9722)        
2023-12-28T00:24:04.1102474Z remote: Counting objects:  87% (8459/9722)        
2023-12-28T00:24:04.1103019Z remote: Counting objects:  88% (8556/9722)        
2023-12-28T00:24:04.1103465Z remote: Counting objects:  89% (8653/9722)        
2023-12-28T00:24:04.1103938Z remote: Counting objects:  90% (8750/9722)        
2023-12-28T00:24:04.1104485Z remote: Counting objects:  91% (8848/9722)        
2023-12-28T00:24:04.1104987Z remote: Counting objects:  92% (8945/9722)        
2023-12-28T00:24:04.1105434Z remote: Counting objects:  93% (9042/9722)        
2023-12-28T00:24:04.1105991Z remote: Counting objects:  94% (9139/9722)        
2023-12-28T00:24:04.1106464Z remote: Counting objects:  95% (9236/9722)        
2023-12-28T00:24:04.1106952Z remote: Counting objects:  96% (9334/9722)        
2023-12-28T00:24:04.1107455Z remote: Counting objects:  97% (9431/9722)        
2023-12-28T00:24:04.1107924Z remote: Counting objects:  98% (9528/9722)        
2023-12-28T00:24:04.1108527Z remote: Counting objects:  99% (9625/9722)        
2023-12-28T00:24:04.1109076Z remote: Counting objects: 100% (9722/9722)        
2023-12-28T00:24:04.1109552Z remote: Counting objects: 100% (9722/9722), done.        
2023-12-28T00:24:04.1164273Z remote: Compressing objects:   0% (1/3770)        
2023-12-28T00:24:04.1165266Z remote: Compressing objects:   1% (38/3770)        
2023-12-28T00:24:04.1168375Z remote: Compressing objects:   2% (76/3770)        
2023-12-28T00:24:04.2194843Z remote: Compressing objects:   3% (114/3770)        
2023-12-28T00:24:04.2219506Z remote: Compressing objects:   4% (151/3770)        
2023-12-28T00:24:04.2237009Z remote: Compressing objects:   5% (189/3770)        
2023-12-28T00:24:04.2238630Z remote: Compressing objects:   6% (227/3770)        
2023-12-28T00:24:04.2239538Z remote: Compressing objects:   7% (264/3770)        
2023-12-28T00:24:04.2240573Z remote: Compressing objects:   8% (302/3770)        
2023-12-28T00:24:04.2241508Z remote: Compressing objects:   9% (340/3770)        
2023-12-28T00:24:04.2242114Z remote: Compressing objects:  10% (377/3770)        
2023-12-28T00:24:04.2242639Z remote: Compressing objects:  11% (415/3770)        
2023-12-28T00:24:04.2243245Z remote: Compressing objects:  12% (453/3770)        
2023-12-28T00:24:04.2243785Z remote: Compressing objects:  13% (491/3770)        
2023-12-28T00:24:04.2244345Z remote: Compressing objects:  14% (528/3770)        
2023-12-28T00:24:04.2244918Z remote: Compressing objects:  15% (566/3770)        
2023-12-28T00:24:04.2245456Z remote: Compressing objects:  16% (604/3770)        
2023-12-28T00:24:04.2246000Z remote: Compressing objects:  17% (641/3770)        
2023-12-28T00:24:04.2364689Z remote: Compressing objects:  18% (679/3770)        
2023-12-28T00:24:04.2396754Z remote: Compressing objects:  19% (717/3770)        
2023-12-28T00:24:04.2397927Z remote: Compressing objects:  20% (754/3770)        
2023-12-28T00:24:04.2398912Z remote: Compressing objects:  21% (792/3770)        
2023-12-28T00:24:04.2399635Z remote: Compressing objects:  22% (830/3770)        
2023-12-28T00:24:04.2400332Z remote: Compressing objects:  23% (868/3770)        
2023-12-28T00:24:04.2401015Z remote: Compressing objects:  24% (905/3770)        
2023-12-28T00:24:04.2401537Z remote: Compressing objects:  25% (943/3770)        
2023-12-28T00:24:04.2402157Z remote: Compressing objects:  26% (981/3770)        
2023-12-28T00:24:04.2402656Z remote: Compressing objects:  27% (1018/3770)        
2023-12-28T00:24:04.2403193Z remote: Compressing objects:  28% (1056/3770)        
2023-12-28T00:24:04.2404032Z remote: Compressing objects:  29% (1094/3770)        
2023-12-28T00:24:04.2596828Z remote: Compressing objects:  30% (1131/3770)        
2023-12-28T00:24:04.3029524Z remote: Compressing objects:  31% (1169/3770)        
2023-12-28T00:24:04.3515072Z remote: Compressing objects:  32% (1207/3770)        
2023-12-28T00:24:04.4084246Z remote: Compressing objects:  33% (1245/3770)        
2023-12-28T00:24:04.4671400Z remote: Compressing objects:  34% (1282/3770)        
2023-12-28T00:24:04.5134299Z remote: Compressing objects:  35% (1320/3770)        
2023-12-28T00:24:04.5503581Z remote: Compressing objects:  36% (1358/3770)        
2023-12-28T00:24:04.5926787Z remote: Compressing objects:  37% (1395/3770)        
2023-12-28T00:24:04.6463934Z remote: Compressing objects:  38% (1433/3770)        
2023-12-28T00:24:04.6868285Z remote: Compressing objects:  39% (1471/3770)        
2023-12-28T00:24:04.7391185Z remote: Compressing objects:  40% (1508/3770)        
2023-12-28T00:24:04.7845649Z remote: Compressing objects:  41% (1546/3770)        
2023-12-28T00:24:04.8163262Z remote: Compressing objects:  42% (1584/3770)        
2023-12-28T00:24:04.8407762Z remote: Compressing objects:  43% (1622/3770)        
2023-12-28T00:24:04.9259875Z remote: Compressing objects:  44% (1659/3770)        
2023-12-28T00:24:04.9728055Z remote: Compressing objects:  45% (1697/3770)        
2023-12-28T00:24:04.9743106Z remote: Compressing objects:  46% (1735/3770)        
2023-12-28T00:24:04.9792444Z remote: Compressing objects:  47% (1772/3770)        
2023-12-28T00:24:04.9799460Z remote: Compressing objects:  48% (1810/3770)        
2023-12-28T00:24:04.9803205Z remote: Compressing objects:  49% (1848/3770)        
2023-12-28T00:24:04.9809925Z remote: Compressing objects:  50% (1885/3770)        
2023-12-28T00:24:04.9819204Z remote: Compressing objects:  51% (1923/3770)        
2023-12-28T00:24:04.9834811Z remote: Compressing objects:  52% (1961/3770)        
2023-12-28T00:24:04.9838669Z remote: Compressing objects:  53% (1999/3770)        
2023-12-28T00:24:04.9841023Z remote: Compressing objects:  54% (2036/3770)        
2023-12-28T00:24:04.9845343Z remote: Compressing objects:  55% (2074/3770)        
2023-12-28T00:24:04.9850729Z remote: Compressing objects:  56% (2112/3770)        
2023-12-28T00:24:04.9857719Z remote: Compressing objects:  57% (2149/3770)        
2023-12-28T00:24:04.9863884Z remote: Compressing objects:  58% (2187/3770)        
2023-12-28T00:24:04.9872453Z remote: Compressing objects:  59% (2225/3770)        
2023-12-28T00:24:04.9878828Z remote: Compressing objects:  60% (2262/3770)        
2023-12-28T00:24:04.9886108Z remote: Compressing objects:  61% (2300/3770)        
2023-12-28T00:24:04.9887408Z remote: Compressing objects:  62% (2338/3770)        
2023-12-28T00:24:04.9913052Z remote: Compressing objects:  63% (2376/3770)        
2023-12-28T00:24:04.9917557Z remote: Compressing objects:  64% (2413/3770)        
2023-12-28T00:24:04.9919551Z remote: Compressing objects:  65% (2451/3770)        
2023-12-28T00:24:04.9921068Z remote: Compressing objects:  66% (2489/3770)        
2023-12-28T00:24:04.9922528Z remote: Compressing objects:  67% (2526/3770)        
2023-12-28T00:24:04.9925275Z remote: Compressing objects:  68% (2564/3770)        
2023-12-28T00:24:04.9932631Z remote: Compressing objects:  69% (2602/3770)        
2023-12-28T00:24:04.9933303Z remote: Compressing objects:  70% (2639/3770)        
2023-12-28T00:24:04.9933948Z remote: Compressing objects:  71% (2677/3770)        
2023-12-28T00:24:04.9934448Z remote: Compressing objects:  72% (2715/3770)        
2023-12-28T00:24:04.9934971Z remote: Compressing objects:  73% (2753/3770)        
2023-12-28T00:24:04.9935557Z remote: Compressing objects:  74% (2790/3770)        
2023-12-28T00:24:04.9980313Z remote: Compressing objects:  75% (2828/3770)        
2023-12-28T00:24:04.9981644Z remote: Compressing objects:  76% (2866/3770)        
2023-12-28T00:24:04.9982526Z remote: Compressing objects:  77% (2903/3770)        
2023-12-28T00:24:04.9983555Z remote: Compressing objects:  78% (2941/3770)        
2023-12-28T00:24:04.9984277Z remote: Compressing objects:  79% (2979/3770)        
2023-12-28T00:24:04.9984958Z remote: Compressing objects:  80% (3016/3770)        
2023-12-28T00:24:04.9985478Z remote: Compressing objects:  81% (3054/3770)        
2023-12-28T00:24:04.9986229Z remote: Compressing objects:  82% (3092/3770)        
2023-12-28T00:24:04.9986819Z remote: Compressing objects:  83% (3130/3770)        
2023-12-28T00:24:04.9987322Z remote: Compressing objects:  84% (3167/3770)        
2023-12-28T00:24:04.9987822Z remote: Compressing objects:  85% (3205/3770)        
2023-12-28T00:24:04.9988392Z remote: Compressing objects:  86% (3243/3770)        
2023-12-28T00:24:04.9988934Z remote: Compressing objects:  87% (3280/3770)        
2023-12-28T00:24:04.9989397Z remote: Compressing objects:  88% (3318/3770)        
2023-12-28T00:24:04.9990228Z remote: Compressing objects:  89% (3356/3770)        
2023-12-28T00:24:04.9990758Z remote: Compressing objects:  90% (3393/3770)        
2023-12-28T00:24:04.9991343Z remote: Compressing objects:  91% (3431/3770)        
2023-12-28T00:24:04.9991825Z remote: Compressing objects:  92% (3469/3770)        
2023-12-28T00:24:04.9992329Z remote: Compressing objects:  93% (3507/3770)        
2023-12-28T00:24:04.9992923Z remote: Compressing objects:  94% (3544/3770)        
2023-12-28T00:24:04.9993452Z remote: Compressing objects:  95% (3582/3770)        
2023-12-28T00:24:04.9994104Z remote: Compressing objects:  96% (3620/3770)        
2023-12-28T00:24:04.9995047Z remote: Compressing objects:  97% (3657/3770)        
2023-12-28T00:24:04.9995601Z remote: Compressing objects:  98% (3695/3770)        
2023-12-28T00:24:04.9996107Z remote: Compressing objects:  99% (3733/3770)        
2023-12-28T00:24:04.9996968Z remote: Compressing objects: 100% (3770/3770)        
2023-12-28T00:24:04.9997874Z remote: Compressing objects: 100% (3770/3770), done.        
2023-12-28T00:24:05.0419350Z Receiving objects:   0% (1/9722)
2023-12-28T00:24:05.0493590Z Receiving objects:   1% (98/9722)
2023-12-28T00:24:05.0592810Z Receiving objects:   2% (195/9722)
2023-12-28T00:24:05.0647020Z Receiving objects:   3% (292/9722)
2023-12-28T00:24:05.0691296Z Receiving objects:   4% (389/9722)
2023-12-28T00:24:05.0707391Z Receiving objects:   5% (487/9722)
2023-12-28T00:24:05.0741828Z Receiving objects:   6% (584/9722)
2023-12-28T00:24:05.0785746Z Receiving objects:   7% (681/9722)
2023-12-28T00:24:05.0805196Z Receiving objects:   8% (778/9722)
2023-12-28T00:24:05.0820004Z Receiving objects:   9% (875/9722)
2023-12-28T00:24:05.0845850Z Receiving objects:  10% (973/9722)
2023-12-28T00:24:05.0879749Z Receiving objects:  11% (1070/9722)
2023-12-28T00:24:05.0882952Z Receiving objects:  12% (1167/9722)
2023-12-28T00:24:05.0884967Z Receiving objects:  13% (1264/9722)
2023-12-28T00:24:05.0978344Z Receiving objects:  14% (1362/9722)
2023-12-28T00:24:05.1077818Z Receiving objects:  15% (1459/9722)
2023-12-28T00:24:05.1147161Z Receiving objects:  16% (1556/9722)
2023-12-28T00:24:05.1229433Z Receiving objects:  17% (1653/9722)
2023-12-28T00:24:05.1298937Z Receiving objects:  18% (1750/9722)
2023-12-28T00:24:05.1380706Z Receiving objects:  19% (1848/9722)
2023-12-28T00:24:05.1473090Z Receiving objects:  20% (1945/9722)
2023-12-28T00:24:05.1545386Z Receiving objects:  21% (2042/9722)
2023-12-28T00:24:05.1617945Z Receiving objects:  22% (2139/9722)
2023-12-28T00:24:05.1711642Z Receiving objects:  23% (2237/9722)
2023-12-28T00:24:05.1815342Z Receiving objects:  24% (2334/9722)
2023-12-28T00:24:05.1913309Z Receiving objects:  25% (2431/9722)
2023-12-28T00:24:05.2008526Z Receiving objects:  26% (2528/9722)
2023-12-28T00:24:05.2084847Z Receiving objects:  27% (2625/9722)
2023-12-28T00:24:05.2160814Z Receiving objects:  28% (2723/9722)
2023-12-28T00:24:05.2268378Z Receiving objects:  29% (2820/9722)
2023-12-28T00:24:05.2328058Z Receiving objects:  30% (2917/9722)
2023-12-28T00:24:05.2448657Z Receiving objects:  31% (3014/9722)
2023-12-28T00:24:05.2546966Z Receiving objects:  32% (3112/9722)
2023-12-28T00:24:05.2658337Z Receiving objects:  33% (3209/9722)
2023-12-28T00:24:05.2712948Z Receiving objects:  34% (3306/9722)
2023-12-28T00:24:05.2748136Z Receiving objects:  35% (3403/9722)
2023-12-28T00:24:05.2790349Z Receiving objects:  36% (3500/9722)
2023-12-28T00:24:05.2829356Z Receiving objects:  37% (3598/9722)
2023-12-28T00:24:05.2876020Z Receiving objects:  38% (3695/9722)
2023-12-28T00:24:05.2920088Z Receiving objects:  39% (3792/9722)
2023-12-28T00:24:05.3011001Z Receiving objects:  40% (3889/9722)
2023-12-28T00:24:05.3148966Z Receiving objects:  41% (3987/9722)
2023-12-28T00:24:05.3263831Z Receiving objects:  42% (4084/9722)
2023-12-28T00:24:05.3399561Z Receiving objects:  43% (4181/9722)
2023-12-28T00:24:05.3505629Z Receiving objects:  44% (4278/9722)
2023-12-28T00:24:05.3606931Z Receiving objects:  45% (4375/9722)
2023-12-28T00:24:05.3728200Z Receiving objects:  46% (4473/9722)
2023-12-28T00:24:05.3854290Z Receiving objects:  47% (4570/9722)
2023-12-28T00:24:05.3983896Z Receiving objects:  48% (4667/9722)
2023-12-28T00:24:05.4128310Z Receiving objects:  49% (4764/9722)
2023-12-28T00:24:05.4182125Z Receiving objects:  50% (4861/9722)
2023-12-28T00:24:05.4302306Z Receiving objects:  51% (4959/9722)
2023-12-28T00:24:05.4404927Z Receiving objects:  52% (5056/9722)
2023-12-28T00:24:05.4534038Z Receiving objects:  53% (5153/9722)
2023-12-28T00:24:05.4633341Z Receiving objects:  54% (5250/9722)
2023-12-28T00:24:05.4780039Z Receiving objects:  55% (5348/9722)
2023-12-28T00:24:05.4895250Z Receiving objects:  56% (5445/9722)
2023-12-28T00:24:05.4995476Z Receiving objects:  57% (5542/9722)
2023-12-28T00:24:05.5107176Z Receiving objects:  58% (5639/9722)
2023-12-28T00:24:05.5240423Z Receiving objects:  59% (5736/9722), 23.82 MiB | 47.62 MiB/s
2023-12-28T00:24:05.5387798Z Receiving objects:  60% (5834/9722), 23.82 MiB | 47.62 MiB/s
2023-12-28T00:24:05.5523262Z Receiving objects:  61% (5931/9722), 23.82 MiB | 47.62 MiB/s
2023-12-28T00:24:05.5630074Z Receiving objects:  62% (6028/9722), 23.82 MiB | 47.62 MiB/s
2023-12-28T00:24:05.5718959Z Receiving objects:  63% (6125/9722), 23.82 MiB | 47.62 MiB/s
2023-12-28T00:24:05.5835925Z Receiving objects:  64% (6223/9722), 23.82 MiB | 47.62 MiB/s
2023-12-28T00:24:05.5929772Z Receiving objects:  65% (6320/9722), 23.82 MiB | 47.62 MiB/s
2023-12-28T00:24:05.6069133Z Receiving objects:  66% (6417/9722), 23.82 MiB | 47.62 MiB/s
2023-12-28T00:24:05.6202317Z Receiving objects:  67% (6514/9722), 23.82 MiB | 47.62 MiB/s
2023-12-28T00:24:05.6310253Z Receiving objects:  68% (6611/9722), 23.82 MiB | 47.62 MiB/s
2023-12-28T00:24:05.6461838Z Receiving objects:  69% (6709/9722), 23.82 MiB | 47.62 MiB/s
2023-12-28T00:24:05.6564847Z Receiving objects:  70% (6806/9722), 23.82 MiB | 47.62 MiB/s
2023-12-28T00:24:05.6672995Z Receiving objects:  71% (6903/9722), 23.82 MiB | 47.62 MiB/s
2023-12-28T00:24:05.6737262Z Receiving objects:  72% (7000/9722), 23.82 MiB | 47.62 MiB/s
2023-12-28T00:24:05.6850750Z Receiving objects:  73% (7098/9722), 23.82 MiB | 47.62 MiB/s
2023-12-28T00:24:05.6986412Z Receiving objects:  74% (7195/9722), 23.82 MiB | 47.62 MiB/s
2023-12-28T00:24:05.7087798Z Receiving objects:  75% (7292/9722), 23.82 MiB | 47.62 MiB/s
2023-12-28T00:24:05.7189275Z Receiving objects:  76% (7389/9722), 23.82 MiB | 47.62 MiB/s
2023-12-28T00:24:05.7322626Z Receiving objects:  77% (7486/9722), 23.82 MiB | 47.62 MiB/s
2023-12-28T00:24:05.7453523Z Receiving objects:  78% (7584/9722), 23.82 MiB | 47.62 MiB/s
2023-12-28T00:24:05.7599698Z Receiving objects:  79% (7681/9722), 23.82 MiB | 47.62 MiB/s
2023-12-28T00:24:05.7670126Z Receiving objects:  80% (7778/9722), 23.82 MiB | 47.62 MiB/s
2023-12-28T00:24:05.7767488Z Receiving objects:  81% (7875/9722), 23.82 MiB | 47.62 MiB/s
2023-12-28T00:24:05.7886550Z Receiving objects:  82% (7973/9722), 23.82 MiB | 47.62 MiB/s
2023-12-28T00:24:05.7996103Z Receiving objects:  83% (8070/9722), 23.82 MiB | 47.62 MiB/s
2023-12-28T00:24:05.8102918Z Receiving objects:  84% (8167/9722), 23.82 MiB | 47.62 MiB/s
2023-12-28T00:24:05.8189758Z Receiving objects:  85% (8264/9722), 23.82 MiB | 47.62 MiB/s
2023-12-28T00:24:05.8282669Z Receiving objects:  86% (8361/9722), 23.82 MiB | 47.62 MiB/s
2023-12-28T00:24:05.8366029Z Receiving objects:  87% (8459/9722), 23.82 MiB | 47.62 MiB/s
2023-12-28T00:24:05.8486874Z Receiving objects:  88% (8556/9722), 23.82 MiB | 47.62 MiB/s
2023-12-28T00:24:05.8532957Z Receiving objects:  89% (8653/9722), 23.82 MiB | 47.62 MiB/s
2023-12-28T00:24:05.8559976Z Receiving objects:  90% (8750/9722), 23.82 MiB | 47.62 MiB/s
2023-12-28T00:24:05.8567824Z Receiving objects:  91% (8848/9722), 23.82 MiB | 47.62 MiB/s
2023-12-28T00:24:05.8571057Z Receiving objects:  92% (8945/9722), 23.82 MiB | 47.62 MiB/s
2023-12-28T00:24:05.8577781Z Receiving objects:  93% (9042/9722), 23.82 MiB | 47.62 MiB/s
2023-12-28T00:24:05.8588418Z Receiving objects:  94% (9139/9722), 23.82 MiB | 47.62 MiB/s
2023-12-28T00:24:05.8683914Z Receiving objects:  95% (9236/9722), 23.82 MiB | 47.62 MiB/s
2023-12-28T00:24:05.8863708Z Receiving objects:  96% (9334/9722), 23.82 MiB | 47.62 MiB/s
2023-12-28T00:24:05.9140599Z Receiving objects:  97% (9431/9722), 23.82 MiB | 47.62 MiB/s
2023-12-28T00:24:05.9177997Z Receiving objects:  98% (9528/9722), 23.82 MiB | 47.62 MiB/s
2023-12-28T00:24:05.9340295Z Receiving objects:  99% (9625/9722), 23.82 MiB | 47.62 MiB/s
2023-12-28T00:24:05.9342149Z remote: Total 9722 (delta 5662), reused 9303 (delta 5550), pack-reused 0        
2023-12-28T00:24:05.9352068Z Receiving objects: 100% (9722/9722), 23.82 MiB | 47.62 MiB/s
2023-12-28T00:24:05.9353615Z Receiving objects: 100% (9722/9722), 47.35 MiB | 50.77 MiB/s, done.
2023-12-28T00:24:05.9404911Z Resolving deltas:   0% (0/5662)
2023-12-28T00:24:05.9498226Z Resolving deltas:   1% (57/5662)
2023-12-28T00:24:05.9598171Z Resolving deltas:   2% (114/5662)
2023-12-28T00:24:05.9678399Z Resolving deltas:   3% (170/5662)
2023-12-28T00:24:05.9722760Z Resolving deltas:   4% (227/5662)
2023-12-28T00:24:05.9790583Z Resolving deltas:   5% (284/5662)
2023-12-28T00:24:05.9835645Z Resolving deltas:   6% (340/5662)
2023-12-28T00:24:05.9841703Z Resolving deltas:   7% (397/5662)
2023-12-28T00:24:05.9847379Z Resolving deltas:   8% (453/5662)
2023-12-28T00:24:05.9852805Z Resolving deltas:   9% (510/5662)
2023-12-28T00:24:05.9858662Z Resolving deltas:  10% (567/5662)
2023-12-28T00:24:05.9865899Z Resolving deltas:  11% (623/5662)
2023-12-28T00:24:05.9869309Z Resolving deltas:  12% (681/5662)
2023-12-28T00:24:05.9888914Z Resolving deltas:  13% (737/5662)
2023-12-28T00:24:06.0028792Z Resolving deltas:  14% (793/5662)
2023-12-28T00:24:06.0184888Z Resolving deltas:  15% (850/5662)
2023-12-28T00:24:06.0368431Z Resolving deltas:  16% (907/5662)
2023-12-28T00:24:06.0449350Z Resolving deltas:  17% (964/5662)
2023-12-28T00:24:06.0624985Z Resolving deltas:  18% (1020/5662)
2023-12-28T00:24:06.0770422Z Resolving deltas:  19% (1076/5662)
2023-12-28T00:24:06.0913488Z Resolving deltas:  20% (1133/5662)
2023-12-28T00:24:06.1056040Z Resolving deltas:  21% (1190/5662)
2023-12-28T00:24:06.1089355Z Resolving deltas:  22% (1246/5662)
2023-12-28T00:24:06.1101124Z Resolving deltas:  23% (1303/5662)
2023-12-28T00:24:06.1104963Z Resolving deltas:  24% (1359/5662)
2023-12-28T00:24:06.1178620Z Resolving deltas:  25% (1417/5662)
2023-12-28T00:24:06.1190527Z Resolving deltas:  26% (1473/5662)
2023-12-28T00:24:06.1196368Z Resolving deltas:  27% (1529/5662)
2023-12-28T00:24:06.1207959Z Resolving deltas:  28% (1586/5662)
2023-12-28T00:24:06.1216388Z Resolving deltas:  29% (1642/5662)
2023-12-28T00:24:06.1224849Z Resolving deltas:  30% (1699/5662)
2023-12-28T00:24:06.1236355Z Resolving deltas:  31% (1756/5662)
2023-12-28T00:24:06.1241668Z Resolving deltas:  32% (1812/5662)
2023-12-28T00:24:06.1263226Z Resolving deltas:  33% (1869/5662)
2023-12-28T00:24:06.1267820Z Resolving deltas:  34% (1926/5662)
2023-12-28T00:24:06.1272515Z Resolving deltas:  35% (1982/5662)
2023-12-28T00:24:06.1275769Z Resolving deltas:  36% (2039/5662)
2023-12-28T00:24:06.1295287Z Resolving deltas:  37% (2095/5662)
2023-12-28T00:24:06.1319345Z Resolving deltas:  38% (2152/5662)
2023-12-28T00:24:06.1344414Z Resolving deltas:  39% (2209/5662)
2023-12-28T00:24:06.1370801Z Resolving deltas:  40% (2265/5662)
2023-12-28T00:24:06.1400069Z Resolving deltas:  41% (2322/5662)
2023-12-28T00:24:06.1414930Z Resolving deltas:  42% (2379/5662)
2023-12-28T00:24:06.1418343Z Resolving deltas:  43% (2435/5662)
2023-12-28T00:24:06.1425808Z Resolving deltas:  44% (2493/5662)
2023-12-28T00:24:06.1619237Z Resolving deltas:  45% (2548/5662)
2023-12-28T00:24:06.1771022Z Resolving deltas:  46% (2605/5662)
2023-12-28T00:24:06.1892576Z Resolving deltas:  47% (2662/5662)
2023-12-28T00:24:06.2057070Z Resolving deltas:  48% (2718/5662)
2023-12-28T00:24:06.2165021Z Resolving deltas:  49% (2775/5662)
2023-12-28T00:24:06.2343666Z Resolving deltas:  50% (2831/5662)
2023-12-28T00:24:06.2523247Z Resolving deltas:  51% (2888/5662)
2023-12-28T00:24:06.2681990Z Resolving deltas:  52% (2945/5662)
2023-12-28T00:24:06.2863287Z Resolving deltas:  53% (3001/5662)
2023-12-28T00:24:06.3107533Z Resolving deltas:  54% (3058/5662)
2023-12-28T00:24:06.3288058Z Resolving deltas:  55% (3115/5662)
2023-12-28T00:24:06.3315828Z Resolving deltas:  56% (3171/5662)
2023-12-28T00:24:06.3329896Z Resolving deltas:  57% (3228/5662)
2023-12-28T00:24:06.3348770Z Resolving deltas:  58% (3284/5662)
2023-12-28T00:24:06.3511134Z Resolving deltas:  59% (3341/5662)
2023-12-28T00:24:06.3690931Z Resolving deltas:  60% (3398/5662)
2023-12-28T00:24:06.3767402Z Resolving deltas:  61% (3454/5662)
2023-12-28T00:24:06.3862985Z Resolving deltas:  62% (3512/5662)
2023-12-28T00:24:06.3923079Z Resolving deltas:  63% (3568/5662)
2023-12-28T00:24:06.3956832Z Resolving deltas:  64% (3624/5662)
2023-12-28T00:24:06.3968924Z Resolving deltas:  65% (3682/5662)
2023-12-28T00:24:06.3972151Z Resolving deltas:  66% (3737/5662)
2023-12-28T00:24:06.3980010Z Resolving deltas:  67% (3794/5662)
2023-12-28T00:24:06.3987085Z Resolving deltas:  68% (3851/5662)
2023-12-28T00:24:06.3991097Z Resolving deltas:  69% (3907/5662)
2023-12-28T00:24:06.3998525Z Resolving deltas:  70% (3965/5662)
2023-12-28T00:24:06.4006067Z Resolving deltas:  71% (4021/5662)
2023-12-28T00:24:06.4016427Z Resolving deltas:  72% (4077/5662)
2023-12-28T00:24:06.4031186Z Resolving deltas:  73% (4134/5662)
2023-12-28T00:24:06.4050590Z Resolving deltas:  74% (4190/5662)
2023-12-28T00:24:06.4064491Z Resolving deltas:  75% (4247/5662)
2023-12-28T00:24:06.4073229Z Resolving deltas:  76% (4305/5662)
2023-12-28T00:24:06.4081399Z Resolving deltas:  77% (4360/5662)
2023-12-28T00:24:06.4088189Z Resolving deltas:  78% (4417/5662)
2023-12-28T00:24:06.4150803Z Resolving deltas:  79% (4473/5662)
2023-12-28T00:24:06.4279385Z Resolving deltas:  80% (4530/5662)
2023-12-28T00:24:06.4382814Z Resolving deltas:  81% (4588/5662)
2023-12-28T00:24:06.4490022Z Resolving deltas:  82% (4643/5662)
2023-12-28T00:24:06.4593728Z Resolving deltas:  83% (4700/5662)
2023-12-28T00:24:06.4707592Z Resolving deltas:  84% (4757/5662)
2023-12-28T00:24:06.4729093Z Resolving deltas:  85% (4813/5662)
2023-12-28T00:24:06.4757803Z Resolving deltas:  86% (4870/5662)
2023-12-28T00:24:06.4791915Z Resolving deltas:  87% (4926/5662)
2023-12-28T00:24:06.4829347Z Resolving deltas:  88% (4983/5662)
2023-12-28T00:24:06.4862435Z Resolving deltas:  89% (5040/5662)
2023-12-28T00:24:06.4899400Z Resolving deltas:  90% (5096/5662)
2023-12-28T00:24:06.4968465Z Resolving deltas:  91% (5153/5662)
2023-12-28T00:24:06.5041629Z Resolving deltas:  92% (5210/5662)
2023-12-28T00:24:06.5149900Z Resolving deltas:  93% (5266/5662)
2023-12-28T00:24:06.5195908Z Resolving deltas:  94% (5323/5662)
2023-12-28T00:24:06.5240168Z Resolving deltas:  95% (5379/5662)
2023-12-28T00:24:06.5281940Z Resolving deltas:  96% (5436/5662)
2023-12-28T00:24:06.5324463Z Resolving deltas:  97% (5493/5662)
2023-12-28T00:24:06.5392720Z Resolving deltas:  98% (5549/5662)
2023-12-28T00:24:06.5434130Z Resolving deltas:  99% (5606/5662)
2023-12-28T00:24:06.5437137Z Resolving deltas: 100% (5662/5662)
2023-12-28T00:24:06.5437814Z Resolving deltas: 100% (5662/5662), done.
2023-12-28T00:24:06.6089166Z From https://github.com/seanpm2001/GitHub_Stats_A
2023-12-28T00:24:06.6090578Z  * [new ref]         88227035e4814c9896fa49fdb42cc313f8ed00c6 -> origin/master
2023-12-28T00:24:06.6116223Z ##[endgroup]
2023-12-28T00:24:06.6116960Z ##[group]Determining the checkout info
2023-12-28T00:24:06.6118133Z ##[endgroup]
2023-12-28T00:24:06.6118829Z ##[group]Checking out the ref
2023-12-28T00:24:06.6122656Z [command]/usr/bin/git checkout --progress --force -B master refs/remotes/origin/master
2023-12-28T00:24:07.6348099Z Updating files:  65% (6619/10122)
2023-12-28T00:24:07.6504709Z Updating files:  66% (6681/10122)
2023-12-28T00:24:07.6699989Z Updating files:  67% (6782/10122)
2023-12-28T00:24:07.6916472Z Updating files:  68% (6883/10122)
2023-12-28T00:24:07.7050239Z Updating files:  69% (6985/10122)
2023-12-28T00:24:07.7204861Z Updating files:  70% (7086/10122)
2023-12-28T00:24:07.7356092Z Updating files:  71% (7187/10122)
2023-12-28T00:24:07.7513782Z Updating files:  72% (7288/10122)
2023-12-28T00:24:07.7643964Z Updating files:  73% (7390/10122)
2023-12-28T00:24:07.7776022Z Updating files:  74% (7491/10122)
2023-12-28T00:24:07.7925963Z Updating files:  75% (7592/10122)
2023-12-28T00:24:07.8079693Z Updating files:  76% (7693/10122)
2023-12-28T00:24:07.8171882Z Updating files:  77% (7794/10122)
2023-12-28T00:24:07.8290140Z Updating files:  78% (7896/10122)
2023-12-28T00:24:07.8466121Z Updating files:  79% (7997/10122)
2023-12-28T00:24:07.8513352Z Updating files:  80% (8098/10122)
2023-12-28T00:24:07.8703071Z Updating files:  81% (8199/10122)
2023-12-28T00:24:07.8876403Z Updating files:  82% (8301/10122)
2023-12-28T00:24:07.8915099Z Updating files:  83% (8402/10122)
2023-12-28T00:24:07.8966828Z Updating files:  84% (8503/10122)
2023-12-28T00:24:07.9062385Z Updating files:  85% (8604/10122)
2023-12-28T00:24:07.9152155Z Updating files:  86% (8705/10122)
2023-12-28T00:24:07.9267739Z Updating files:  87% (8807/10122)
2023-12-28T00:24:07.9366230Z Updating files:  88% (8908/10122)
2023-12-28T00:24:07.9519988Z Updating files:  89% (9009/10122)
2023-12-28T00:24:07.9667870Z Updating files:  90% (9110/10122)
2023-12-28T00:24:07.9824233Z Updating files:  91% (9212/10122)
2023-12-28T00:24:08.0021882Z Updating files:  92% (9313/10122)
2023-12-28T00:24:08.0230139Z Updating files:  93% (9414/10122)
2023-12-28T00:24:08.0405401Z Updating files:  94% (9515/10122)
2023-12-28T00:24:08.0487895Z Updating files:  95% (9616/10122)
2023-12-28T00:24:08.0600716Z Updating files:  96% (9718/10122)
2023-12-28T00:24:08.0738675Z Updating files:  97% (9819/10122)
2023-12-28T00:24:08.0880682Z Updating files:  98% (9920/10122)
2023-12-28T00:24:08.1021504Z Updating files:  99% (10021/10122)
2023-12-28T00:24:08.1023375Z Updating files: 100% (10122/10122)
2023-12-28T00:24:08.1024179Z Updating files: 100% (10122/10122), done.
2023-12-28T00:24:08.1147751Z Reset branch 'master'
2023-12-28T00:24:08.1148946Z branch 'master' set up to track 'origin/master'.
2023-12-28T00:24:08.1254690Z ##[endgroup]
2023-12-28T00:24:08.1301205Z [command]/usr/bin/git log -1 --format='%H'
2023-12-28T00:24:08.1334129Z '88227035e4814c9896fa49fdb42cc313f8ed00c6'
2023-12-28T00:24:08.1721943Z ##[group]Run actions/setup-python@v4
2023-12-28T00:24:08.1722515Z with:
2023-12-28T00:24:08.1722808Z   python-version: 3.8
2023-12-28T00:24:08.1723177Z   architecture: x64
2023-12-28T00:24:08.1723601Z   cache: pip
2023-12-28T00:24:08.1723900Z   check-latest: false
2023-12-28T00:24:08.1724434Z   token: ***
2023-12-28T00:24:08.1724842Z   update-environment: true
2023-12-28T00:24:08.1725249Z   allow-prereleases: false
2023-12-28T00:24:08.1725630Z ##[endgroup]
2023-12-28T00:24:08.3069994Z ##[group]Installed versions
2023-12-28T00:24:08.3143749Z Successfully set up CPython (3.8.18)
2023-12-28T00:24:08.3145143Z ##[endgroup]
2023-12-28T00:24:09.3656879Z [command]/opt/hostedtoolcache/Python/3.8.18/x64/bin/pip cache dir
2023-12-28T00:24:12.7344518Z /home/runner/.cache/pip
2023-12-28T00:24:13.5198787Z Received 6245959 of 6245959 (100.0%), 14.8 MBs/sec
2023-12-28T00:24:13.5199756Z Cache Size: ~6 MB (6245959 B)
2023-12-28T00:24:13.5226633Z [command]/usr/bin/tar -xf /home/runner/work/_temp/7785072e-64ef-48fe-ad1d-3c51a162ea89/cache.tzst -P -C /home/runner/work/GitHub_Stats_A/GitHub_Stats_A --use-compress-program unzstd
2023-12-28T00:24:13.5485094Z Cache restored successfully
2023-12-28T00:24:13.5505878Z Cache restored from key: setup-python-Linux-22.04-Ubuntu-python-3.8.18-pip-60f2a6c0212a9b74a155cd81b58dd07fd8b180833132566260d95f4de42fe218
2023-12-28T00:24:13.5695193Z ##[group]Run python3 -m pip install --upgrade pip setuptools wheel
2023-12-28T00:24:13.5696003Z [36;1mpython3 -m pip install --upgrade pip setuptools wheel[0m
2023-12-28T00:24:13.5696597Z [36;1mpython3 -m pip install -r requirements.txt[0m
2023-12-28T00:24:13.5764023Z shell: /usr/bin/bash -e {0}
2023-12-28T00:24:13.5764470Z env:
2023-12-28T00:24:13.5764884Z   pythonLocation: /opt/hostedtoolcache/Python/3.8.18/x64
2023-12-28T00:24:13.5765580Z   PKG_CONFIG_PATH: /opt/hostedtoolcache/Python/3.8.18/x64/lib/pkgconfig
2023-12-28T00:24:13.5766244Z   Python_ROOT_DIR: /opt/hostedtoolcache/Python/3.8.18/x64
2023-12-28T00:24:13.5766828Z   Python2_ROOT_DIR: /opt/hostedtoolcache/Python/3.8.18/x64
2023-12-28T00:24:13.5767452Z   Python3_ROOT_DIR: /opt/hostedtoolcache/Python/3.8.18/x64
2023-12-28T00:24:13.5768038Z   LD_LIBRARY_PATH: /opt/hostedtoolcache/Python/3.8.18/x64/lib
2023-12-28T00:24:13.5768533Z ##[endgroup]
2023-12-28T00:24:14.9086884Z Requirement already satisfied: pip in /opt/hostedtoolcache/Python/3.8.18/x64/lib/python3.8/site-packages (23.0.1)
2023-12-28T00:24:15.0531215Z Collecting pip
2023-12-28T00:24:15.1336734Z   Downloading pip-23.3.2-py3-none-any.whl.metadata (3.5 kB)
2023-12-28T00:24:15.1365285Z Requirement already satisfied: setuptools in /opt/hostedtoolcache/Python/3.8.18/x64/lib/python3.8/site-packages (56.0.0)
2023-12-28T00:24:15.3522244Z Collecting setuptools
2023-12-28T00:24:15.3669484Z   Downloading setuptools-69.0.3-py3-none-any.whl.metadata (6.3 kB)
2023-12-28T00:24:15.4047390Z Collecting wheel
2023-12-28T00:24:15.4191781Z   Downloading wheel-0.42.0-py3-none-any.whl.metadata (2.2 kB)
2023-12-28T00:24:15.4767849Z Downloading pip-23.3.2-py3-none-any.whl (2.1 MB)
2023-12-28T00:24:15.5576100Z    â”â”â”â”â”â”â”â”â”â”â”â”â”â”â”â”â”â”â”â”â”â”â”â”â”â”â”â”â”â”â”â”â”â”â”â”â”â”â”â” 2.1/2.1 MB 27.7 MB/s eta 0:00:00
2023-12-28T00:24:15.5718669Z Downloading setuptools-69.0.3-py3-none-any.whl (819 kB)
2023-12-28T00:24:15.5827399Z    â”â”â”â”â”â”â”â”â”â”â”â”â”â”â”â”â”â”â”â”â”â”â”â”â”â”â”â”â”â”â”â”â”â”â”â”â”â”â”â” 819.5/819.5 kB 93.9 MB/s eta 0:00:00
2023-12-28T00:24:15.5969269Z Downloading wheel-0.42.0-py3-none-any.whl (65 kB)
2023-12-28T00:24:15.6014583Z    â”â”â”â”â”â”â”â”â”â”â”â”â”â”â”â”â”â”â”â”â”â”â”â”â”â”â”â”â”â”â”â”â”â”â”â”â”â”â”â” 65.4/65.4 kB 22.3 MB/s eta 0:00:00
2023-12-28T00:24:15.7258375Z Installing collected packages: wheel, setuptools, pip
2023-12-28T00:24:15.7632198Z   Attempting uninstall: setuptools
2023-12-28T00:24:15.7638845Z     Found existing installation: setuptools 56.0.0
2023-12-28T00:24:15.8020031Z     Uninstalling setuptools-56.0.0:
2023-12-28T00:24:15.8116066Z       Successfully uninstalled setuptools-56.0.0
2023-12-28T00:24:16.1854816Z   Attempting uninstall: pip
2023-12-28T00:24:16.1861263Z     Found existing installation: pip 23.0.1
2023-12-28T00:24:16.2679214Z     Uninstalling pip-23.0.1:
2023-12-28T00:24:16.3308515Z       Successfully uninstalled pip-23.0.1
2023-12-28T00:24:17.2853229Z Successfully installed pip-23.3.2 setuptools-69.0.3 wheel-0.42.0
2023-12-28T00:24:18.8955647Z Collecting requests (from -r requirements.txt (line 1))
2023-12-28T00:24:18.9898910Z   Downloading requests-2.31.0-py3-none-any.whl.metadata (4.6 kB)
2023-12-28T00:24:19.2476293Z Collecting aiohttp (from -r requirements.txt (line 2))
2023-12-28T00:24:19.2682273Z   Downloading aiohttp-3.9.1-cp38-cp38-manylinux_2_17_x86_64.manylinux2014_x86_64.whl.metadata (7.4 kB)
2023-12-28T00:24:19.3650523Z Collecting charset-normalizer<4,>=2 (from requests->-r requirements.txt (line 1))
2023-12-28T00:24:19.3855992Z   Downloading charset_normalizer-3.3.2-cp38-cp38-manylinux_2_17_x86_64.manylinux2014_x86_64.whl.metadata (33 kB)
2023-12-28T00:24:19.4200072Z Collecting idna<4,>=2.5 (from requests->-r requirements.txt (line 1))
2023-12-28T00:24:19.4401294Z   Downloading idna-3.6-py3-none-any.whl.metadata (9.9 kB)
2023-12-28T00:24:19.4909602Z Collecting urllib3<3,>=1.21.1 (from requests->-r requirements.txt (line 1))
2023-12-28T00:24:19.5111247Z   Downloading urllib3-2.1.0-py3-none-any.whl.metadata (6.4 kB)
2023-12-28T00:24:19.5402335Z Collecting certifi>=2017.4.17 (from requests->-r requirements.txt (line 1))
2023-12-28T00:24:19.5606660Z   Downloading certifi-2023.11.17-py3-none-any.whl.metadata (2.2 kB)
2023-12-28T00:24:19.5944687Z Collecting attrs>=17.3.0 (from aiohttp->-r requirements.txt (line 2))
2023-12-28T00:24:19.6145310Z   Downloading attrs-23.1.0-py3-none-any.whl (61 kB)
2023-12-28T00:24:19.6247545Z      â”â”â”â”â”â”â”â”â”â”â”â”â”â”â”â”â”â”â”â”â”â”â”â”â”â”â”â”â”â”â”â”â”â”â”â”â”â”â”â” 61.2/61.2 kB 6.7 MB/s eta 0:00:00
2023-12-28T00:24:19.8095755Z Collecting multidict<7.0,>=4.5 (from aiohttp->-r requirements.txt (line 2))
2023-12-28T00:24:19.8297602Z   Downloading multidict-6.0.4-cp38-cp38-manylinux_2_17_x86_64.manylinux2014_x86_64.whl (121 kB)
2023-12-28T00:24:19.8409076Z      â”â”â”â”â”â”â”â”â”â”â”â”â”â”â”â”â”â”â”â”â”â”â”â”â”â”â”â”â”â”â”â”â”â”â”â”â”â” 121.3/121.3 kB 12.6 MB/s eta 0:00:00
2023-12-28T00:24:19.9724644Z Collecting yarl<2.0,>=1.0 (from aiohttp->-r requirements.txt (line 2))
2023-12-28T00:24:19.9925293Z   Downloading yarl-1.9.4-cp38-cp38-manylinux_2_17_x86_64.manylinux2014_x86_64.whl.metadata (31 kB)
2023-12-28T00:24:20.0724159Z Collecting frozenlist>=1.1.1 (from aiohttp->-r requirements.txt (line 2))
2023-12-28T00:24:20.0930639Z   Downloading frozenlist-1.4.1-cp38-cp38-manylinux_2_5_x86_64.manylinux1_x86_64.manylinux_2_17_x86_64.manylinux2014_x86_64.whl.metadata (12 kB)
2023-12-28T00:24:20.1106873Z Collecting aiosignal>=1.1.2 (from aiohttp->-r requirements.txt (line 2))
2023-12-28T00:24:20.1307625Z   Downloading aiosignal-1.3.1-py3-none-any.whl (7.6 kB)
2023-12-28T00:24:20.1505979Z Collecting async-timeout<5.0,>=4.0 (from aiohttp->-r requirements.txt (line 2))
2023-12-28T00:24:20.1706323Z   Downloading async_timeout-4.0.3-py3-none-any.whl.metadata (4.2 kB)
2023-12-28T00:24:20.2468803Z Downloading requests-2.31.0-py3-none-any.whl (62 kB)
2023-12-28T00:24:20.2522784Z    â”â”â”â”â”â”â”â”â”â”â”â”â”â”â”â”â”â”â”â”â”â”â”â”â”â”â”â”â”â”â”â”â”â”â”â”â”â”â”â” 62.6/62.6 kB 15.9 MB/s eta 0:00:00
2023-12-28T00:24:20.2724903Z Downloading aiohttp-3.9.1-cp38-cp38-manylinux_2_17_x86_64.manylinux2014_x86_64.whl (1.3 MB)
2023-12-28T00:24:20.3205076Z    â”â”â”â”â”â”â”â”â”â”â”â”â”â”â”â”â”â”â”â”â”â”â”â”â”â”â”â”â”â”â”â”â”â”â”â”â”â”â”â” 1.3/1.3 MB 27.0 MB/s eta 0:00:00
2023-12-28T00:24:20.3405647Z Downloading async_timeout-4.0.3-py3-none-any.whl (5.7 kB)
2023-12-28T00:24:20.3628385Z Downloading certifi-2023.11.17-py3-none-any.whl (162 kB)
2023-12-28T00:24:20.3680700Z    â”â”â”â”â”â”â”â”â”â”â”â”â”â”â”â”â”â”â”â”â”â”â”â”â”â”â”â”â”â”â”â”â”â”â”â”â”â”â”â” 162.5/162.5 kB 47.3 MB/s eta 0:00:00
2023-12-28T00:24:20.3882566Z Downloading charset_normalizer-3.3.2-cp38-cp38-manylinux_2_17_x86_64.manylinux2014_x86_64.whl (141 kB)
2023-12-28T00:24:20.3942716Z    â”â”â”â”â”â”â”â”â”â”â”â”â”â”â”â”â”â”â”â”â”â”â”â”â”â”â”â”â”â”â”â”â”â”â”â”â”â”â”â” 141.1/141.1 kB 35.1 MB/s eta 0:00:00
2023-12-28T00:24:20.4142781Z Downloading frozenlist-1.4.1-cp38-cp38-manylinux_2_5_x86_64.manylinux1_x86_64.manylinux_2_17_x86_64.manylinux2014_x86_64.whl (240 kB)
2023-12-28T00:24:20.4201441Z    â”â”â”â”â”â”â”â”â”â”â”â”â”â”â”â”â”â”â”â”â”â”â”â”â”â”â”â”â”â”â”â”â”â”â”â”â”â”â”â” 240.9/240.9 kB 60.0 MB/s eta 0:00:00
2023-12-28T00:24:20.4400515Z Downloading idna-3.6-py3-none-any.whl (61 kB)
2023-12-28T00:24:20.4445336Z    â”â”â”â”â”â”â”â”â”â”â”â”â”â”â”â”â”â”â”â”â”â”â”â”â”â”â”â”â”â”â”â”â”â”â”â”â”â”â”â” 61.6/61.6 kB 20.7 MB/s eta 0:00:00
2023-12-28T00:24:20.4644097Z Downloading urllib3-2.1.0-py3-none-any.whl (104 kB)
2023-12-28T00:24:20.4693092Z    â”â”â”â”â”â”â”â”â”â”â”â”â”â”â”â”â”â”â”â”â”â”â”â”â”â”â”â”â”â”â”â”â”â”â”â”â”â”â”â” 104.6/104.6 kB 32.0 MB/s eta 0:00:00
2023-12-28T00:24:20.4893095Z Downloading yarl-1.9.4-cp38-cp38-manylinux_2_17_x86_64.manylinux2014_x86_64.whl (308 kB)
2023-12-28T00:24:20.4958836Z    â”â”â”â”â”â”â”â”â”â”â”â”â”â”â”â”â”â”â”â”â”â”â”â”â”â”â”â”â”â”â”â”â”â”â”â”â”â”â”â” 308.8/308.8 kB 65.8 MB/s eta 0:00:00
2023-12-28T00:24:20.5894060Z Installing collected packages: urllib3, multidict, idna, frozenlist, charset-normalizer, certifi, attrs, async-timeout, yarl, requests, aiosignal, aiohttp
2023-12-28T00:24:20.9686639Z Successfully installed aiohttp-3.9.1 aiosignal-1.3.1 async-timeout-4.0.3 attrs-23.1.0 certifi-2023.11.17 charset-normalizer-3.3.2 frozenlist-1.4.1 idna-3.6 multidict-6.0.4 requests-2.31.0 urllib3-2.1.0 yarl-1.9.4
2023-12-28T00:24:21.5710155Z ##[group]Run python3 --version
2023-12-28T00:24:21.5710634Z [36;1mpython3 --version[0m
2023-12-28T00:24:21.5711162Z [36;1mpython3 generate_images.py[0m
2023-12-28T00:24:21.5762221Z shell: /usr/bin/bash -e {0}
2023-12-28T00:24:21.5762638Z env:
2023-12-28T00:24:21.5763050Z   pythonLocation: /opt/hostedtoolcache/Python/3.8.18/x64
2023-12-28T00:24:21.5763783Z   PKG_CONFIG_PATH: /opt/hostedtoolcache/Python/3.8.18/x64/lib/pkgconfig
2023-12-28T00:24:21.5764417Z   Python_ROOT_DIR: /opt/hostedtoolcache/Python/3.8.18/x64
2023-12-28T00:24:21.5765059Z   Python2_ROOT_DIR: /opt/hostedtoolcache/Python/3.8.18/x64
2023-12-28T00:24:21.5765608Z   Python3_ROOT_DIR: /opt/hostedtoolcache/Python/3.8.18/x64
2023-12-28T00:24:21.5766184Z   LD_LIBRARY_PATH: /opt/hostedtoolcache/Python/3.8.18/x64/lib
2023-12-28T00:24:21.5767011Z   ACCESS_TOKEN: ***
2023-12-28T00:24:21.5767532Z   GITHUB_TOKEN: ***
2023-12-28T00:24:21.5767867Z   EXCLUDED: 
2023-12-28T00:24:21.5768279Z   EXCLUDED_LANGS: 
2023-12-28T00:24:21.5768718Z   EXCLUDE_FORKED_REPOS: true
2023-12-28T00:24:21.5769135Z ##[endgroup]
2023-12-28T00:24:21.5856975Z Python 3.8.18
2023-12-28T00:25:06.9413556Z A path returned 202. Retrying...
2023-12-28T00:25:06.9415389Z A path returned 202. Retrying...
2023-12-28T00:25:06.9416551Z A path returned 202. Retrying...
2023-12-28T00:25:06.9420747Z A path returned 202. Retrying...
2023-12-28T00:25:06.9421748Z A path returned 202. Retrying...
2023-12-28T00:25:06.9823582Z Traceback (most recent call last):
2023-12-28T00:25:06.9897119Z   File "generate_images.py", line 136, in <module>
2023-12-28T00:25:06.9897836Z     asyncio.run(main())
2023-12-28T00:25:06.9898549Z   File "/opt/hostedtoolcache/Python/3.8.18/x64/lib/python3.8/asyncio/runners.py", line 44, in run
2023-12-28T00:25:06.9899274Z     return loop.run_until_complete(main)
2023-12-28T00:25:06.9900206Z   File "/opt/hostedtoolcache/Python/3.8.18/x64/lib/python3.8/asyncio/base_events.py", line 616, in run_until_complete
2023-12-28T00:25:06.9901010Z     return future.result()
2023-12-28T00:25:06.9901561Z   File "generate_images.py", line 132, in main
2023-12-28T00:25:06.9902157Z     await asyncio.gather(generate_languages(s), generate_overview(s))
2023-12-28T00:25:06.9902811Z   File "generate_images.py", line 42, in generate_overview
2023-12-28T00:25:06.9903509Z     changed = (await s.lines_changed)[0] + (await s.lines_changed)[1]
2023-12-28T00:25:06.9904319Z   File "/home/runner/work/GitHub_Stats_A/GitHub_Stats_A/github_stats.py", line 486, in lines_changed
2023-12-28T00:25:06.9904989Z     for repo in await self.repos:
2023-12-28T00:25:06.9905523Z RuntimeError: Set changed size during iteration
2023-12-28T00:25:07.0029518Z ##[error]Process completed with exit code 1.
2023-12-28T00:25:07.0123495Z Post job cleanup.
2023-12-28T00:25:07.0947080Z [command]/usr/bin/git version
2023-12-28T00:25:07.0991106Z git version 2.43.0
2023-12-28T00:25:07.1031170Z Temporarily overriding HOME='/home/runner/work/_temp/594d6f16-656c-4c3c-92a8-f59f672a5a0a' before making global git config changes
2023-12-28T00:25:07.1033084Z Adding repository directory to the temporary git global config as a safe directory
2023-12-28T00:25:07.1038344Z [command]/usr/bin/git config --global --add safe.directory /home/runner/work/GitHub_Stats_A/GitHub_Stats_A
2023-12-28T00:25:07.1080373Z [command]/usr/bin/git config --local --name-only --get-regexp core\.sshCommand
2023-12-28T00:25:07.1120499Z [command]/usr/bin/git submodule foreach --recursive sh -c "git config --local --name-only --get-regexp 'core\.sshCommand' && git config --local --unset-all 'core.sshCommand' || :"
2023-12-28T00:25:07.1386677Z [command]/usr/bin/git config --local --name-only --get-regexp http\.https\:\/\/github\.com\/\.extraheader
2023-12-28T00:25:07.1416133Z http.https://github.com/.extraheader
2023-12-28T00:25:07.1427760Z [command]/usr/bin/git config --local --unset-all http.https://github.com/.extraheader
2023-12-28T00:25:07.1467187Z [command]/usr/bin/git submodule foreach --recursive sh -c "git config --local --name-only --get-regexp 'http\.https\:\/\/github\.com\/\.extraheader' && git config --local --unset-all 'http.https://github.com/.extraheader' || :"
2023-12-28T00:25:07.1942617Z Cleaning up orphan processes
