2022-10-05T02:27:19.8824324Z Requested labels: ubuntu-latest
2022-10-05T02:27:19.8824403Z Job defined at: seanpm2001/GitHub_Stats_A/.github/workflows/main.yml@refs/heads/master
2022-10-05T02:27:19.8824441Z Waiting for a runner to pick up this job...
2022-10-05T02:27:21.2888411Z Job is waiting for a hosted runner to come online.
2022-10-05T02:27:26.5983013Z Job is about to start running on the hosted runner: GitHub Actions 6 (hosted)
2022-10-05T02:27:29.1219949Z Current runner version: '2.297.0'
2022-10-05T02:27:29.1246177Z ##[group]Operating System
2022-10-05T02:27:29.1246860Z Ubuntu
2022-10-05T02:27:29.1247182Z 20.04.5
2022-10-05T02:27:29.1247438Z LTS
2022-10-05T02:27:29.1247749Z ##[endgroup]
2022-10-05T02:27:29.1248079Z ##[group]Runner Image
2022-10-05T02:27:29.1248490Z Image: ubuntu-20.04
2022-10-05T02:27:29.1248783Z Version: 20221002.2
2022-10-05T02:27:29.1249320Z Included Software: https://github.com/actions/runner-images/blob/ubuntu20/20221002.2/images/linux/Ubuntu2004-Readme.md
2022-10-05T02:27:29.1250009Z Image Release: https://github.com/actions/runner-images/releases/tag/ubuntu20%2F20221002.2
2022-10-05T02:27:29.1250508Z ##[endgroup]
2022-10-05T02:27:29.1250865Z ##[group]Runner Image Provisioner
2022-10-05T02:27:29.1251192Z 1.0.0.0-main-20220916-1
2022-10-05T02:27:29.1251519Z ##[endgroup]
2022-10-05T02:27:29.1252241Z ##[group]GITHUB_TOKEN Permissions
2022-10-05T02:27:29.1252780Z Contents: write
2022-10-05T02:27:29.1253248Z Metadata: read
2022-10-05T02:27:29.1253602Z ##[endgroup]
2022-10-05T02:27:29.1257311Z Secret source: Actions
2022-10-05T02:27:29.1257777Z Prepare workflow directory
2022-10-05T02:27:29.2082833Z Prepare all required actions
2022-10-05T02:27:29.2262576Z Getting action download info
2022-10-05T02:27:29.4146398Z Download action repository 'actions/checkout@v2' (SHA:7884fcad6b5d53d10323aee724dc68d8b9096a2e)
2022-10-05T02:27:29.6819060Z Download action repository 'actions/setup-python@v2' (SHA:7f80679172b057fc5e90d70d197929d454754a5a)
2022-10-05T02:27:29.8684452Z Download action repository 'actions/cache@v2' (SHA:937d24475381cd9c75ae6db12cb4e79714b926ed)
2022-10-05T02:27:30.2817097Z ##[group]Run actions/checkout@v2
2022-10-05T02:27:30.2817424Z with:
2022-10-05T02:27:30.2817670Z   repository: seanpm2001/GitHub_Stats_A
2022-10-05T02:27:30.2818159Z   token: ***
2022-10-05T02:27:30.2818364Z   ssh-strict: true
2022-10-05T02:27:30.2818611Z   persist-credentials: true
2022-10-05T02:27:30.2818846Z   clean: true
2022-10-05T02:27:30.2819056Z   fetch-depth: 1
2022-10-05T02:27:30.2819263Z   lfs: false
2022-10-05T02:27:30.2819473Z   submodules: false
2022-10-05T02:27:30.2819709Z   set-safe-directory: true
2022-10-05T02:27:30.2819934Z ##[endgroup]
2022-10-05T02:27:30.5488977Z Syncing repository: seanpm2001/GitHub_Stats_A
2022-10-05T02:27:30.5490792Z ##[group]Getting Git version info
2022-10-05T02:27:30.5491393Z Working directory is '/home/runner/work/GitHub_Stats_A/GitHub_Stats_A'
2022-10-05T02:27:30.5491953Z [command]/usr/bin/git version
2022-10-05T02:27:30.5609075Z git version 2.37.3
2022-10-05T02:27:30.5638399Z ##[endgroup]
2022-10-05T02:27:30.5654336Z Temporarily overriding HOME='/home/runner/work/_temp/c6743861-41cd-4938-86bd-67c35c8bdf00' before making global git config changes
2022-10-05T02:27:30.5654858Z Adding repository directory to the temporary git global config as a safe directory
2022-10-05T02:27:30.5655430Z [command]/usr/bin/git config --global --add safe.directory /home/runner/work/GitHub_Stats_A/GitHub_Stats_A
2022-10-05T02:27:30.5707036Z Deleting the contents of '/home/runner/work/GitHub_Stats_A/GitHub_Stats_A'
2022-10-05T02:27:30.5720496Z ##[group]Initializing the repository
2022-10-05T02:27:30.5720896Z [command]/usr/bin/git init /home/runner/work/GitHub_Stats_A/GitHub_Stats_A
2022-10-05T02:27:30.5777344Z hint: Using 'master' as the name for the initial branch. This default branch name
2022-10-05T02:27:30.5777784Z hint: is subject to change. To configure the initial branch name to use in all
2022-10-05T02:27:30.5778187Z hint: of your new repositories, which will suppress this warning, call:
2022-10-05T02:27:30.5778464Z hint: 
2022-10-05T02:27:30.5778836Z hint: 	git config --global init.defaultBranch <name>
2022-10-05T02:27:30.5779118Z hint: 
2022-10-05T02:27:30.5779523Z hint: Names commonly chosen instead of 'master' are 'main', 'trunk' and
2022-10-05T02:27:30.5779981Z hint: 'development'. The just-created branch can be renamed via this command:
2022-10-05T02:27:30.5780418Z hint: 
2022-10-05T02:27:30.5780684Z hint: 	git branch -m <name>
2022-10-05T02:27:30.5784961Z Initialized empty Git repository in /home/runner/work/GitHub_Stats_A/GitHub_Stats_A/.git/
2022-10-05T02:27:30.5800753Z [command]/usr/bin/git remote add origin https://github.com/seanpm2001/GitHub_Stats_A
2022-10-05T02:27:30.5829803Z ##[endgroup]
2022-10-05T02:27:30.5830288Z ##[group]Disabling automatic garbage collection
2022-10-05T02:27:30.5875494Z [command]/usr/bin/git config --local gc.auto 0
2022-10-05T02:27:30.5904657Z ##[endgroup]
2022-10-05T02:27:30.5905477Z ##[group]Setting up auth
2022-10-05T02:27:30.5912870Z [command]/usr/bin/git config --local --name-only --get-regexp core\.sshCommand
2022-10-05T02:27:30.5946006Z [command]/usr/bin/git submodule foreach --recursive git config --local --name-only --get-regexp 'core\.sshCommand' && git config --local --unset-all 'core.sshCommand' || :
2022-10-05T02:27:30.6298141Z [command]/usr/bin/git config --local --name-only --get-regexp http\.https\:\/\/github\.com\/\.extraheader
2022-10-05T02:27:30.6323059Z [command]/usr/bin/git submodule foreach --recursive git config --local --name-only --get-regexp 'http\.https\:\/\/github\.com\/\.extraheader' && git config --local --unset-all 'http.https://github.com/.extraheader' || :
2022-10-05T02:27:30.6543726Z [command]/usr/bin/git config --local http.https://github.com/.extraheader AUTHORIZATION: basic ***
2022-10-05T02:27:30.6602389Z ##[endgroup]
2022-10-05T02:27:30.6603307Z ##[group]Fetching the repository
2022-10-05T02:27:30.6604702Z [command]/usr/bin/git -c protocol.version=2 fetch --no-tags --prune --progress --no-recurse-submodules --depth=1 origin +750e7244dcfbc529bc61ba7b9e9a12de0592de57:refs/remotes/origin/master
2022-10-05T02:27:30.8774907Z remote: Enumerating objects: 1045, done.        
2022-10-05T02:27:30.8777759Z remote: Counting objects:   0% (1/1045)        
2022-10-05T02:27:30.8778417Z remote: Counting objects:   1% (11/1045)        
2022-10-05T02:27:30.8779046Z remote: Counting objects:   2% (21/1045)        
2022-10-05T02:27:30.8779989Z remote: Counting objects:   3% (32/1045)        
2022-10-05T02:27:30.8780409Z remote: Counting objects:   4% (42/1045)        
2022-10-05T02:27:30.8780718Z remote: Counting objects:   5% (53/1045)        
2022-10-05T02:27:30.8781025Z remote: Counting objects:   6% (63/1045)        
2022-10-05T02:27:30.8786504Z remote: Counting objects:   7% (74/1045)        
2022-10-05T02:27:30.8786877Z remote: Counting objects:   8% (84/1045)        
2022-10-05T02:27:30.8787199Z remote: Counting objects:   9% (95/1045)        
2022-10-05T02:27:30.8787508Z remote: Counting objects:  10% (105/1045)        
2022-10-05T02:27:30.8787832Z remote: Counting objects:  11% (115/1045)        
2022-10-05T02:27:30.8788164Z remote: Counting objects:  12% (126/1045)        
2022-10-05T02:27:30.8788483Z remote: Counting objects:  13% (136/1045)        
2022-10-05T02:27:30.8788929Z remote: Counting objects:  14% (147/1045)        
2022-10-05T02:27:30.8875005Z remote: Counting objects:  15% (157/1045)        
2022-10-05T02:27:30.8875307Z remote: Counting objects:  16% (168/1045)        
2022-10-05T02:27:30.8875601Z remote: Counting objects:  17% (178/1045)        
2022-10-05T02:27:30.8875879Z remote: Counting objects:  18% (189/1045)        
2022-10-05T02:27:30.8876157Z remote: Counting objects:  19% (199/1045)        
2022-10-05T02:27:30.8876416Z remote: Counting objects:  20% (209/1045)        
2022-10-05T02:27:30.8876689Z remote: Counting objects:  21% (220/1045)        
2022-10-05T02:27:30.8876959Z remote: Counting objects:  22% (230/1045)        
2022-10-05T02:27:30.8877230Z remote: Counting objects:  23% (241/1045)        
2022-10-05T02:27:30.8877484Z remote: Counting objects:  24% (251/1045)        
2022-10-05T02:27:30.8877758Z remote: Counting objects:  25% (262/1045)        
2022-10-05T02:27:30.8878026Z remote: Counting objects:  26% (272/1045)        
2022-10-05T02:27:30.8878296Z remote: Counting objects:  27% (283/1045)        
2022-10-05T02:27:30.8878555Z remote: Counting objects:  28% (293/1045)        
2022-10-05T02:27:30.8878827Z remote: Counting objects:  29% (304/1045)        
2022-10-05T02:27:30.8879349Z remote: Counting objects:  30% (314/1045)        
2022-10-05T02:27:30.8879619Z remote: Counting objects:  31% (324/1045)        
2022-10-05T02:27:30.8879872Z remote: Counting objects:  32% (335/1045)        
2022-10-05T02:27:30.8880140Z remote: Counting objects:  33% (345/1045)        
2022-10-05T02:27:30.8880409Z remote: Counting objects:  34% (356/1045)        
2022-10-05T02:27:30.8880677Z remote: Counting objects:  35% (366/1045)        
2022-10-05T02:27:30.8880946Z remote: Counting objects:  36% (377/1045)        
2022-10-05T02:27:30.8881205Z remote: Counting objects:  37% (387/1045)        
2022-10-05T02:27:30.8881587Z remote: Counting objects:  38% (398/1045)        
2022-10-05T02:27:30.8881856Z remote: Counting objects:  39% (408/1045)        
2022-10-05T02:27:30.8882125Z remote: Counting objects:  40% (418/1045)        
2022-10-05T02:27:30.8882380Z remote: Counting objects:  41% (429/1045)        
2022-10-05T02:27:30.8882645Z remote: Counting objects:  42% (439/1045)        
2022-10-05T02:27:30.8882918Z remote: Counting objects:  43% (450/1045)        
2022-10-05T02:27:30.8883190Z remote: Counting objects:  44% (460/1045)        
2022-10-05T02:27:30.8883444Z remote: Counting objects:  45% (471/1045)        
2022-10-05T02:27:30.8883713Z remote: Counting objects:  46% (481/1045)        
2022-10-05T02:27:30.8883981Z remote: Counting objects:  47% (492/1045)        
2022-10-05T02:27:30.8884246Z remote: Counting objects:  48% (502/1045)        
2022-10-05T02:27:30.8884505Z remote: Counting objects:  49% (513/1045)        
2022-10-05T02:27:30.8884856Z remote: Counting objects:  50% (523/1045)        
2022-10-05T02:27:30.9216026Z remote: Counting objects:  51% (533/1045)        
2022-10-05T02:27:30.9216354Z remote: Counting objects:  52% (544/1045)        
2022-10-05T02:27:30.9216626Z remote: Counting objects:  53% (554/1045)        
2022-10-05T02:27:30.9216906Z remote: Counting objects:  54% (565/1045)        
2022-10-05T02:27:30.9217181Z remote: Counting objects:  55% (575/1045)        
2022-10-05T02:27:30.9217471Z remote: Counting objects:  56% (586/1045)        
2022-10-05T02:27:30.9217735Z remote: Counting objects:  57% (596/1045)        
2022-10-05T02:27:30.9218005Z remote: Counting objects:  58% (607/1045)        
2022-10-05T02:27:30.9218278Z remote: Counting objects:  59% (617/1045)        
2022-10-05T02:27:30.9218550Z remote: Counting objects:  60% (627/1045)        
2022-10-05T02:27:30.9218807Z remote: Counting objects:  61% (638/1045)        
2022-10-05T02:27:30.9219079Z remote: Counting objects:  62% (648/1045)        
2022-10-05T02:27:30.9219355Z remote: Counting objects:  63% (659/1045)        
2022-10-05T02:27:30.9219636Z remote: Counting objects:  64% (669/1045)        
2022-10-05T02:27:30.9219907Z remote: Counting objects:  65% (680/1045)        
2022-10-05T02:27:30.9220166Z remote: Counting objects:  66% (690/1045)        
2022-10-05T02:27:30.9220438Z remote: Counting objects:  67% (701/1045)        
2022-10-05T02:27:30.9220705Z remote: Counting objects:  68% (711/1045)        
2022-10-05T02:27:30.9220978Z remote: Counting objects:  69% (722/1045)        
2022-10-05T02:27:30.9221230Z remote: Counting objects:  70% (732/1045)        
2022-10-05T02:27:30.9221502Z remote: Counting objects:  71% (742/1045)        
2022-10-05T02:27:30.9221770Z remote: Counting objects:  72% (753/1045)        
2022-10-05T02:27:30.9222036Z remote: Counting objects:  73% (763/1045)        
2022-10-05T02:27:30.9222307Z remote: Counting objects:  74% (774/1045)        
2022-10-05T02:27:30.9222562Z remote: Counting objects:  75% (784/1045)        
2022-10-05T02:27:30.9222831Z remote: Counting objects:  76% (795/1045)        
2022-10-05T02:27:30.9223128Z remote: Counting objects:  77% (805/1045)        
2022-10-05T02:27:30.9223397Z remote: Counting objects:  78% (816/1045)        
2022-10-05T02:27:30.9223657Z remote: Counting objects:  79% (826/1045)        
2022-10-05T02:27:30.9223925Z remote: Counting objects:  80% (836/1045)        
2022-10-05T02:27:30.9224195Z remote: Counting objects:  81% (847/1045)        
2022-10-05T02:27:30.9224686Z remote: Counting objects:  82% (857/1045)        
2022-10-05T02:27:30.9224945Z remote: Counting objects:  83% (868/1045)        
2022-10-05T02:27:30.9225216Z remote: Counting objects:  84% (878/1045)        
2022-10-05T02:27:30.9225485Z remote: Counting objects:  85% (889/1045)        
2022-10-05T02:27:30.9225752Z remote: Counting objects:  86% (899/1045)        
2022-10-05T02:27:30.9226008Z remote: Counting objects:  87% (910/1045)        
2022-10-05T02:27:30.9226278Z remote: Counting objects:  88% (920/1045)        
2022-10-05T02:27:30.9226550Z remote: Counting objects:  89% (931/1045)        
2022-10-05T02:27:30.9226823Z remote: Counting objects:  90% (941/1045)        
2022-10-05T02:27:30.9227081Z remote: Counting objects:  91% (951/1045)        
2022-10-05T02:27:30.9227351Z remote: Counting objects:  92% (962/1045)        
2022-10-05T02:27:30.9227620Z remote: Counting objects:  93% (972/1045)        
2022-10-05T02:27:30.9227889Z remote: Counting objects:  94% (983/1045)        
2022-10-05T02:27:30.9228147Z remote: Counting objects:  95% (993/1045)        
2022-10-05T02:27:30.9228423Z remote: Counting objects:  96% (1004/1045)        
2022-10-05T02:27:30.9228705Z remote: Counting objects:  97% (1014/1045)        
2022-10-05T02:27:30.9228985Z remote: Counting objects:  98% (1025/1045)        
2022-10-05T02:27:30.9229251Z remote: Counting objects:  99% (1035/1045)        
2022-10-05T02:27:30.9229526Z remote: Counting objects: 100% (1045/1045)        
2022-10-05T02:27:30.9229821Z remote: Counting objects: 100% (1045/1045), done.        
2022-10-05T02:27:30.9230201Z remote: Compressing objects:   0% (1/377)        
2022-10-05T02:27:30.9230494Z remote: Compressing objects:   1% (4/377)        
2022-10-05T02:27:30.9230764Z remote: Compressing objects:   2% (8/377)        
2022-10-05T02:27:30.9231051Z remote: Compressing objects:   3% (12/377)        
2022-10-05T02:27:30.9231339Z remote: Compressing objects:   4% (16/377)        
2022-10-05T02:27:30.9231624Z remote: Compressing objects:   5% (19/377)        
2022-10-05T02:27:30.9231898Z remote: Compressing objects:   6% (23/377)        
2022-10-05T02:27:30.9232183Z remote: Compressing objects:   7% (27/377)        
2022-10-05T02:27:30.9232469Z remote: Compressing objects:   8% (31/377)        
2022-10-05T02:27:30.9232756Z remote: Compressing objects:   9% (34/377)        
2022-10-05T02:27:30.9233027Z remote: Compressing objects:  10% (38/377)        
2022-10-05T02:27:30.9233308Z remote: Compressing objects:  11% (42/377)        
2022-10-05T02:27:30.9233594Z remote: Compressing objects:  12% (46/377)        
2022-10-05T02:27:30.9233881Z remote: Compressing objects:  13% (50/377)        
2022-10-05T02:27:30.9234149Z remote: Compressing objects:  14% (53/377)        
2022-10-05T02:27:30.9234433Z remote: Compressing objects:  15% (57/377)        
2022-10-05T02:27:30.9234716Z remote: Compressing objects:  16% (61/377)        
2022-10-05T02:27:30.9234998Z remote: Compressing objects:  17% (65/377)        
2022-10-05T02:27:30.9235266Z remote: Compressing objects:  18% (68/377)        
2022-10-05T02:27:30.9235553Z remote: Compressing objects:  19% (72/377)        
2022-10-05T02:27:30.9235833Z remote: Compressing objects:  20% (76/377)        
2022-10-05T02:27:30.9236115Z remote: Compressing objects:  21% (80/377)        
2022-10-05T02:27:30.9236385Z remote: Compressing objects:  22% (83/377)        
2022-10-05T02:27:30.9493606Z remote: Compressing objects:  23% (87/377)        
2022-10-05T02:27:30.9493988Z remote: Compressing objects:  24% (91/377)        
2022-10-05T02:27:30.9494324Z remote: Compressing objects:  25% (95/377)        
2022-10-05T02:27:30.9494674Z remote: Compressing objects:  26% (99/377)        
2022-10-05T02:27:30.9495006Z remote: Compressing objects:  27% (102/377)        
2022-10-05T02:27:30.9495324Z remote: Compressing objects:  28% (106/377)        
2022-10-05T02:27:30.9497261Z remote: Compressing objects:  29% (110/377)        
2022-10-05T02:27:30.9499606Z remote: Compressing objects:  30% (114/377)        
2022-10-05T02:27:30.9500214Z remote: Compressing objects:  31% (117/377)        
2022-10-05T02:27:30.9500530Z remote: Compressing objects:  32% (121/377)        
2022-10-05T02:27:30.9500864Z remote: Compressing objects:  33% (125/377)        
2022-10-05T02:27:30.9501195Z remote: Compressing objects:  34% (129/377)        
2022-10-05T02:27:30.9501519Z remote: Compressing objects:  35% (132/377)        
2022-10-05T02:27:30.9501831Z remote: Compressing objects:  36% (136/377)        
2022-10-05T02:27:30.9502156Z remote: Compressing objects:  37% (140/377)        
2022-10-05T02:27:30.9502485Z remote: Compressing objects:  38% (144/377)        
2022-10-05T02:27:30.9502806Z remote: Compressing objects:  39% (148/377)        
2022-10-05T02:27:30.9503116Z remote: Compressing objects:  40% (151/377)        
2022-10-05T02:27:30.9503437Z remote: Compressing objects:  41% (155/377)        
2022-10-05T02:27:30.9503762Z remote: Compressing objects:  42% (159/377)        
2022-10-05T02:27:30.9505069Z remote: Compressing objects:  43% (163/377)        
2022-10-05T02:27:30.9505411Z remote: Compressing objects:  44% (166/377)        
2022-10-05T02:27:30.9505721Z remote: Compressing objects:  45% (170/377)        
2022-10-05T02:27:30.9506044Z remote: Compressing objects:  46% (174/377)        
2022-10-05T02:27:30.9506364Z remote: Compressing objects:  47% (178/377)        
2022-10-05T02:27:30.9508438Z remote: Compressing objects:  48% (181/377)        
2022-10-05T02:27:30.9508797Z remote: Compressing objects:  49% (185/377)        
2022-10-05T02:27:30.9509123Z remote: Compressing objects:  50% (189/377)        
2022-10-05T02:27:30.9509596Z remote: Compressing objects:  51% (193/377)        
2022-10-05T02:27:30.9509929Z remote: Compressing objects:  52% (197/377)        
2022-10-05T02:27:30.9510236Z remote: Compressing objects:  53% (200/377)        
2022-10-05T02:27:30.9510559Z remote: Compressing objects:  54% (204/377)        
2022-10-05T02:27:30.9510880Z remote: Compressing objects:  55% (208/377)        
2022-10-05T02:27:30.9511203Z remote: Compressing objects:  56% (212/377)        
2022-10-05T02:27:30.9511517Z remote: Compressing objects:  57% (215/377)        
2022-10-05T02:27:30.9511927Z remote: Compressing objects:  58% (219/377)        
2022-10-05T02:27:30.9512207Z remote: Compressing objects:  59% (223/377)        
2022-10-05T02:27:30.9512489Z remote: Compressing objects:  60% (227/377)        
2022-10-05T02:27:30.9512758Z remote: Compressing objects:  61% (230/377)        
2022-10-05T02:27:30.9513039Z remote: Compressing objects:  62% (234/377)        
2022-10-05T02:27:30.9513323Z remote: Compressing objects:  63% (238/377)        
2022-10-05T02:27:30.9513608Z remote: Compressing objects:  64% (242/377)        
2022-10-05T02:27:30.9514331Z remote: Compressing objects:  65% (246/377)        
2022-10-05T02:27:30.9514618Z remote: Compressing objects:  66% (249/377)        
2022-10-05T02:27:30.9514903Z remote: Compressing objects:  67% (253/377)        
2022-10-05T02:27:30.9517082Z remote: Compressing objects:  68% (257/377)        
2022-10-05T02:27:30.9517382Z remote: Compressing objects:  69% (261/377)        
2022-10-05T02:27:30.9517668Z remote: Compressing objects:  70% (264/377)        
2022-10-05T02:27:30.9517953Z remote: Compressing objects:  71% (268/377)        
2022-10-05T02:27:30.9518278Z remote: Compressing objects:  72% (272/377)        
2022-10-05T02:27:30.9518563Z remote: Compressing objects:  73% (276/377)        
2022-10-05T02:27:30.9518839Z remote: Compressing objects:  74% (279/377)        
2022-10-05T02:27:30.9519122Z remote: Compressing objects:  75% (283/377)        
2022-10-05T02:27:30.9519413Z remote: Compressing objects:  76% (287/377)        
2022-10-05T02:27:30.9519696Z remote: Compressing objects:  77% (291/377)        
2022-10-05T02:27:30.9519964Z remote: Compressing objects:  78% (295/377)        
2022-10-05T02:27:30.9520246Z remote: Compressing objects:  79% (298/377)        
2022-10-05T02:27:30.9520526Z remote: Compressing objects:  80% (302/377)        
2022-10-05T02:27:30.9520807Z remote: Compressing objects:  81% (306/377)        
2022-10-05T02:27:30.9521223Z remote: Compressing objects:  82% (310/377)        
2022-10-05T02:27:30.9521611Z remote: Compressing objects:  83% (313/377)        
2022-10-05T02:27:30.9521897Z remote: Compressing objects:  84% (317/377)        
2022-10-05T02:27:30.9522179Z remote: Compressing objects:  85% (321/377)        
2022-10-05T02:27:30.9523288Z remote: Compressing objects:  86% (325/377)        
2022-10-05T02:27:30.9523580Z remote: Compressing objects:  87% (328/377)        
2022-10-05T02:27:30.9523863Z remote: Compressing objects:  88% (332/377)        
2022-10-05T02:27:30.9524204Z remote: Compressing objects:  89% (336/377)        
2022-10-05T02:27:30.9524509Z remote: Compressing objects:  90% (340/377)        
2022-10-05T02:27:30.9524790Z remote: Compressing objects:  91% (344/377)        
2022-10-05T02:27:30.9525057Z remote: Compressing objects:  92% (347/377)        
2022-10-05T02:27:30.9525337Z remote: Compressing objects:  93% (351/377)        
2022-10-05T02:27:30.9525622Z remote: Compressing objects:  94% (355/377)        
2022-10-05T02:27:30.9525910Z remote: Compressing objects:  95% (359/377)        
2022-10-05T02:27:30.9526195Z remote: Compressing objects:  96% (362/377)        
2022-10-05T02:27:30.9526464Z remote: Compressing objects:  97% (366/377)        
2022-10-05T02:27:30.9526750Z remote: Compressing objects:  98% (370/377)        
2022-10-05T02:27:30.9527034Z remote: Compressing objects:  99% (374/377)        
2022-10-05T02:27:30.9527318Z remote: Compressing objects: 100% (377/377)        
2022-10-05T02:27:30.9527604Z remote: Compressing objects: 100% (377/377), done.        
2022-10-05T02:27:30.9574063Z Receiving objects:   0% (1/1045)
2022-10-05T02:27:30.9581556Z Receiving objects:   1% (11/1045)
2022-10-05T02:27:30.9620421Z Receiving objects:   2% (21/1045)
2022-10-05T02:27:30.9635454Z Receiving objects:   3% (32/1045)
2022-10-05T02:27:30.9643571Z Receiving objects:   4% (42/1045)
2022-10-05T02:27:30.9650603Z Receiving objects:   5% (53/1045)
2022-10-05T02:27:30.9657479Z Receiving objects:   6% (63/1045)
2022-10-05T02:27:30.9664342Z Receiving objects:   7% (74/1045)
2022-10-05T02:27:30.9671228Z Receiving objects:   8% (84/1045)
2022-10-05T02:27:30.9676874Z Receiving objects:   9% (95/1045)
2022-10-05T02:27:30.9685834Z Receiving objects:  10% (105/1045)
2022-10-05T02:27:30.9694351Z Receiving objects:  11% (115/1045)
2022-10-05T02:27:30.9701982Z Receiving objects:  12% (126/1045)
2022-10-05T02:27:30.9711236Z Receiving objects:  13% (136/1045)
2022-10-05T02:27:30.9718278Z Receiving objects:  14% (147/1045)
2022-10-05T02:27:30.9726752Z Receiving objects:  15% (157/1045)
2022-10-05T02:27:30.9733752Z Receiving objects:  16% (168/1045)
2022-10-05T02:27:30.9741051Z Receiving objects:  17% (178/1045)
2022-10-05T02:27:30.9745658Z Receiving objects:  18% (189/1045)
2022-10-05T02:27:30.9750880Z Receiving objects:  19% (199/1045)
2022-10-05T02:27:30.9759460Z Receiving objects:  20% (209/1045)
2022-10-05T02:27:30.9763753Z Receiving objects:  21% (220/1045)
2022-10-05T02:27:30.9768147Z Receiving objects:  22% (230/1045)
2022-10-05T02:27:30.9772100Z Receiving objects:  23% (241/1045)
2022-10-05T02:27:30.9775799Z Receiving objects:  24% (251/1045)
2022-10-05T02:27:30.9779516Z Receiving objects:  25% (262/1045)
2022-10-05T02:27:30.9783326Z Receiving objects:  26% (272/1045)
2022-10-05T02:27:30.9787058Z Receiving objects:  27% (283/1045)
2022-10-05T02:27:30.9791690Z Receiving objects:  28% (293/1045)
2022-10-05T02:27:30.9796922Z Receiving objects:  29% (304/1045)
2022-10-05T02:27:30.9797598Z Receiving objects:  30% (314/1045)
2022-10-05T02:27:30.9797893Z Receiving objects:  31% (324/1045)
2022-10-05T02:27:30.9798156Z Receiving objects:  32% (335/1045)
2022-10-05T02:27:30.9798389Z Receiving objects:  33% (345/1045)
2022-10-05T02:27:30.9798649Z Receiving objects:  34% (356/1045)
2022-10-05T02:27:30.9798891Z Receiving objects:  35% (366/1045)
2022-10-05T02:27:30.9799130Z Receiving objects:  36% (377/1045)
2022-10-05T02:27:30.9799375Z Receiving objects:  37% (387/1045)
2022-10-05T02:27:30.9799725Z Receiving objects:  38% (398/1045)
2022-10-05T02:27:30.9799970Z Receiving objects:  39% (408/1045)
2022-10-05T02:27:30.9800214Z Receiving objects:  40% (418/1045)
2022-10-05T02:27:30.9800444Z Receiving objects:  41% (429/1045)
2022-10-05T02:27:30.9804336Z Receiving objects:  42% (439/1045)
2022-10-05T02:27:30.9804850Z Receiving objects:  43% (450/1045)
2022-10-05T02:27:30.9806583Z Receiving objects:  44% (460/1045)
2022-10-05T02:27:30.9807042Z Receiving objects:  45% (471/1045)
2022-10-05T02:27:30.9871365Z Receiving objects:  46% (481/1045)
2022-10-05T02:27:30.9871863Z Receiving objects:  47% (492/1045)
2022-10-05T02:27:30.9873473Z Receiving objects:  48% (502/1045)
2022-10-05T02:27:30.9877736Z Receiving objects:  49% (513/1045)
2022-10-05T02:27:30.9903167Z Receiving objects:  50% (523/1045)
2022-10-05T02:27:30.9916807Z Receiving objects:  51% (533/1045)
2022-10-05T02:27:30.9929981Z Receiving objects:  52% (544/1045)
2022-10-05T02:27:30.9952236Z Receiving objects:  53% (554/1045)
2022-10-05T02:27:30.9953466Z Receiving objects:  54% (565/1045)
2022-10-05T02:27:30.9970667Z Receiving objects:  55% (575/1045)
2022-10-05T02:27:30.9982436Z Receiving objects:  56% (586/1045)
2022-10-05T02:27:30.9991282Z Receiving objects:  57% (596/1045)
2022-10-05T02:27:30.9998821Z Receiving objects:  58% (607/1045)
2022-10-05T02:27:31.0008053Z Receiving objects:  59% (617/1045)
2022-10-05T02:27:31.0025310Z Receiving objects:  60% (627/1045)
2022-10-05T02:27:31.0026562Z Receiving objects:  61% (638/1045)
2022-10-05T02:27:31.0037576Z Receiving objects:  62% (648/1045)
2022-10-05T02:27:31.0049655Z Receiving objects:  63% (659/1045)
2022-10-05T02:27:31.0058731Z Receiving objects:  64% (669/1045)
2022-10-05T02:27:31.0060073Z Receiving objects:  65% (680/1045)
2022-10-05T02:27:31.0076539Z Receiving objects:  66% (690/1045)
2022-10-05T02:27:31.0089443Z Receiving objects:  67% (701/1045)
2022-10-05T02:27:31.0103597Z Receiving objects:  68% (711/1045)
2022-10-05T02:27:31.0111048Z Receiving objects:  69% (722/1045)
2022-10-05T02:27:31.0112252Z Receiving objects:  70% (732/1045)
2022-10-05T02:27:31.0136531Z Receiving objects:  71% (742/1045)
2022-10-05T02:27:31.0142249Z Receiving objects:  72% (753/1045)
2022-10-05T02:27:31.0153328Z Receiving objects:  73% (763/1045)
2022-10-05T02:27:31.0169581Z Receiving objects:  74% (774/1045)
2022-10-05T02:27:31.0171246Z Receiving objects:  75% (784/1045)
2022-10-05T02:27:31.0179644Z Receiving objects:  76% (795/1045)
2022-10-05T02:27:31.0201080Z Receiving objects:  77% (805/1045)
2022-10-05T02:27:31.0202605Z Receiving objects:  78% (816/1045)
2022-10-05T02:27:31.0214650Z Receiving objects:  79% (826/1045)
2022-10-05T02:27:31.0215932Z Receiving objects:  80% (836/1045)
2022-10-05T02:27:31.0224049Z Receiving objects:  81% (847/1045)
2022-10-05T02:27:31.0227361Z Receiving objects:  82% (857/1045)
2022-10-05T02:27:31.0231581Z Receiving objects:  83% (868/1045)
2022-10-05T02:27:31.0232805Z Receiving objects:  84% (878/1045)
2022-10-05T02:27:31.0234138Z Receiving objects:  85% (889/1045)
2022-10-05T02:27:31.0237486Z Receiving objects:  86% (899/1045)
2022-10-05T02:27:31.0238631Z Receiving objects:  87% (910/1045)
2022-10-05T02:27:31.0239396Z Receiving objects:  88% (920/1045)
2022-10-05T02:27:31.0257310Z Receiving objects:  89% (931/1045)
2022-10-05T02:27:31.0259553Z Receiving objects:  90% (941/1045)
2022-10-05T02:27:31.0260599Z Receiving objects:  91% (951/1045)
2022-10-05T02:27:31.0261350Z Receiving objects:  92% (962/1045)
2022-10-05T02:27:31.0262395Z Receiving objects:  93% (972/1045)
2022-10-05T02:27:31.0263156Z Receiving objects:  94% (983/1045)
2022-10-05T02:27:31.0269568Z Receiving objects:  95% (993/1045)
2022-10-05T02:27:31.0270106Z Receiving objects:  96% (1004/1045)
2022-10-05T02:27:31.0270847Z Receiving objects:  97% (1014/1045)
2022-10-05T02:27:31.0291488Z Receiving objects:  98% (1025/1045)
2022-10-05T02:27:31.0292760Z remote: Total 1045 (delta 475), reused 966 (delta 446), pack-reused 0        
2022-10-05T02:27:31.0306144Z Receiving objects:  99% (1035/1045)
2022-10-05T02:27:31.0306705Z Receiving objects: 100% (1045/1045)
2022-10-05T02:27:31.0307908Z Receiving objects: 100% (1045/1045), 2.51 MiB | 33.78 MiB/s, done.
2022-10-05T02:27:31.0328207Z Resolving deltas:   0% (0/475)
2022-10-05T02:27:31.0339869Z Resolving deltas:   1% (5/475)
2022-10-05T02:27:31.0351126Z Resolving deltas:   2% (10/475)
2022-10-05T02:27:31.0364986Z Resolving deltas:   3% (15/475)
2022-10-05T02:27:31.0375478Z Resolving deltas:   4% (19/475)
2022-10-05T02:27:31.0384622Z Resolving deltas:   5% (24/475)
2022-10-05T02:27:31.0396289Z Resolving deltas:   6% (29/475)
2022-10-05T02:27:31.0407646Z Resolving deltas:   7% (34/475)
2022-10-05T02:27:31.0417477Z Resolving deltas:   8% (38/475)
2022-10-05T02:27:31.0428177Z Resolving deltas:   9% (43/475)
2022-10-05T02:27:31.0442311Z Resolving deltas:  10% (48/475)
2022-10-05T02:27:31.0451490Z Resolving deltas:  11% (53/475)
2022-10-05T02:27:31.0455256Z Resolving deltas:  12% (57/475)
2022-10-05T02:27:31.0458138Z Resolving deltas:  13% (62/475)
2022-10-05T02:27:31.0460848Z Resolving deltas:  14% (67/475)
2022-10-05T02:27:31.0461959Z Resolving deltas:  15% (72/475)
2022-10-05T02:27:31.0463527Z Resolving deltas:  16% (76/475)
2022-10-05T02:27:31.0464687Z Resolving deltas:  17% (81/475)
2022-10-05T02:27:31.0466199Z Resolving deltas:  18% (86/475)
2022-10-05T02:27:31.0467287Z Resolving deltas:  19% (91/475)
2022-10-05T02:27:31.0468212Z Resolving deltas:  20% (95/475)
2022-10-05T02:27:31.0473322Z Resolving deltas:  21% (100/475)
2022-10-05T02:27:31.0473876Z Resolving deltas:  22% (105/475)
2022-10-05T02:27:31.0474714Z Resolving deltas:  23% (110/475)
2022-10-05T02:27:31.0475163Z Resolving deltas:  24% (114/475)
2022-10-05T02:27:31.0476135Z Resolving deltas:  25% (119/475)
2022-10-05T02:27:31.0476596Z Resolving deltas:  26% (124/475)
2022-10-05T02:27:31.0477404Z Resolving deltas:  27% (129/475)
2022-10-05T02:27:31.0477825Z Resolving deltas:  28% (133/475)
2022-10-05T02:27:31.0478603Z Resolving deltas:  29% (138/475)
2022-10-05T02:27:31.0479040Z Resolving deltas:  30% (143/475)
2022-10-05T02:27:31.0479819Z Resolving deltas:  31% (148/475)
2022-10-05T02:27:31.0480244Z Resolving deltas:  32% (152/475)
2022-10-05T02:27:31.0481034Z Resolving deltas:  33% (157/475)
2022-10-05T02:27:31.0484213Z Resolving deltas:  34% (162/475)
2022-10-05T02:27:31.0487785Z Resolving deltas:  35% (167/475)
2022-10-05T02:27:31.0545226Z Resolving deltas:  36% (171/475)
2022-10-05T02:27:31.0549508Z Resolving deltas:  37% (176/475)
2022-10-05T02:27:31.0571961Z Resolving deltas:  38% (181/475)
2022-10-05T02:27:31.0578248Z Resolving deltas:  39% (186/475)
2022-10-05T02:27:31.0607009Z Resolving deltas:  40% (190/475)
2022-10-05T02:27:31.0631528Z Resolving deltas:  41% (195/475)
2022-10-05T02:27:31.0640446Z Resolving deltas:  42% (200/475)
2022-10-05T02:27:31.0643764Z Resolving deltas:  43% (205/475)
2022-10-05T02:27:31.0685320Z Resolving deltas:  44% (209/475)
2022-10-05T02:27:31.0695306Z Resolving deltas:  45% (214/475)
2022-10-05T02:27:31.0701218Z Resolving deltas:  46% (219/475)
2022-10-05T02:27:31.0711003Z Resolving deltas:  47% (224/475)
2022-10-05T02:27:31.0794368Z Resolving deltas:  48% (228/475)
2022-10-05T02:27:31.0794678Z Resolving deltas:  49% (233/475)
2022-10-05T02:27:31.0818970Z Resolving deltas:  50% (238/475)
2022-10-05T02:27:31.0823041Z Resolving deltas:  51% (243/475)
2022-10-05T02:27:31.0823318Z Resolving deltas:  52% (247/475)
2022-10-05T02:27:31.0823947Z Resolving deltas:  53% (252/475)
2022-10-05T02:27:31.0828280Z Resolving deltas:  54% (257/475)
2022-10-05T02:27:31.0828557Z Resolving deltas:  55% (262/475)
2022-10-05T02:27:31.0832880Z Resolving deltas:  56% (266/475)
2022-10-05T02:27:31.0834597Z Resolving deltas:  57% (271/475)
2022-10-05T02:27:31.0836438Z Resolving deltas:  58% (276/475)
2022-10-05T02:27:31.0836701Z Resolving deltas:  59% (281/475)
2022-10-05T02:27:31.0836946Z Resolving deltas:  60% (285/475)
2022-10-05T02:27:31.0837502Z Resolving deltas:  61% (290/475)
2022-10-05T02:27:31.0838089Z Resolving deltas:  62% (295/475)
2022-10-05T02:27:31.0841547Z Resolving deltas:  63% (300/475)
2022-10-05T02:27:31.0843690Z Resolving deltas:  64% (304/475)
2022-10-05T02:27:31.0845068Z Resolving deltas:  65% (309/475)
2022-10-05T02:27:31.0846260Z Resolving deltas:  66% (314/475)
2022-10-05T02:27:31.0848084Z Resolving deltas:  67% (319/475)
2022-10-05T02:27:31.0849880Z Resolving deltas:  68% (323/475)
2022-10-05T02:27:31.0851566Z Resolving deltas:  69% (328/475)
2022-10-05T02:27:31.0853021Z Resolving deltas:  70% (333/475)
2022-10-05T02:27:31.0854274Z Resolving deltas:  71% (338/475)
2022-10-05T02:27:31.0860488Z Resolving deltas:  72% (342/475)
2022-10-05T02:27:31.0864381Z Resolving deltas:  73% (347/475)
2022-10-05T02:27:31.0867403Z Resolving deltas:  74% (352/475)
2022-10-05T02:27:31.0874738Z Resolving deltas:  75% (357/475)
2022-10-05T02:27:31.0888288Z Resolving deltas:  76% (361/475)
2022-10-05T02:27:31.0896469Z Resolving deltas:  77% (366/475)
2022-10-05T02:27:31.0978597Z Resolving deltas:  78% (371/475)
2022-10-05T02:27:31.0987879Z Resolving deltas:  79% (376/475)
2022-10-05T02:27:31.0988164Z Resolving deltas:  80% (380/475)
2022-10-05T02:27:31.0988428Z Resolving deltas:  81% (385/475)
2022-10-05T02:27:31.0988658Z Resolving deltas:  82% (390/475)
2022-10-05T02:27:31.0988898Z Resolving deltas:  83% (395/475)
2022-10-05T02:27:31.0989138Z Resolving deltas:  84% (399/475)
2022-10-05T02:27:31.0989380Z Resolving deltas:  85% (404/475)
2022-10-05T02:27:31.0989605Z Resolving deltas:  86% (409/475)
2022-10-05T02:27:31.0989841Z Resolving deltas:  87% (414/475)
2022-10-05T02:27:31.0990081Z Resolving deltas:  88% (418/475)
2022-10-05T02:27:31.0990322Z Resolving deltas:  89% (423/475)
2022-10-05T02:27:31.0990544Z Resolving deltas:  90% (428/475)
2022-10-05T02:27:31.0990989Z Resolving deltas:  91% (433/475)
2022-10-05T02:27:31.0991232Z Resolving deltas:  92% (437/475)
2022-10-05T02:27:31.0991472Z Resolving deltas:  93% (442/475)
2022-10-05T02:27:31.0991696Z Resolving deltas:  94% (447/475)
2022-10-05T02:27:31.0995297Z Resolving deltas:  95% (452/475)
2022-10-05T02:27:31.0998780Z Resolving deltas:  96% (456/475)
2022-10-05T02:27:31.1018788Z Resolving deltas:  97% (461/475)
2022-10-05T02:27:31.1037676Z Resolving deltas:  98% (466/475)
2022-10-05T02:27:31.1052326Z Resolving deltas:  99% (471/475)
2022-10-05T02:27:31.1052931Z Resolving deltas: 100% (475/475)
2022-10-05T02:27:31.1053836Z Resolving deltas: 100% (475/475), done.
2022-10-05T02:27:31.1218829Z From https://github.com/seanpm2001/GitHub_Stats_A
2022-10-05T02:27:31.1219824Z  * [new ref]         750e7244dcfbc529bc61ba7b9e9a12de0592de57 -> origin/master
2022-10-05T02:27:31.1242592Z ##[endgroup]
2022-10-05T02:27:31.1243401Z ##[group]Determining the checkout info
2022-10-05T02:27:31.1244288Z ##[endgroup]
2022-10-05T02:27:31.1244949Z ##[group]Checking out the ref
2022-10-05T02:27:31.1249195Z [command]/usr/bin/git checkout --progress --force -B master refs/remotes/origin/master
2022-10-05T02:27:31.2457038Z Reset branch 'master'
2022-10-05T02:27:31.2469197Z branch 'master' set up to track 'origin/master'.
2022-10-05T02:27:31.2469801Z ##[endgroup]
2022-10-05T02:27:31.2520510Z [command]/usr/bin/git log -1 --format='%H'
2022-10-05T02:27:31.2550595Z '750e7244dcfbc529bc61ba7b9e9a12de0592de57'
2022-10-05T02:27:31.2869491Z ##[group]Run actions/setup-python@v2
2022-10-05T02:27:31.2870080Z with:
2022-10-05T02:27:31.2870379Z   python-version: 3.8
2022-10-05T02:27:31.2870727Z   architecture: x64
2022-10-05T02:27:31.2871208Z   token: ***
2022-10-05T02:27:31.2871437Z ##[endgroup]
2022-10-05T02:27:31.4346832Z Successfully setup CPython (3.8.14)
2022-10-05T02:27:31.7873915Z ##[group]Run actions/cache@v2
2022-10-05T02:27:31.7874305Z with:
2022-10-05T02:27:31.7874532Z   path: ~/.cache/pip
2022-10-05T02:27:31.7874952Z   key: Linux-pip-60f2a6c0212a9b74a155cd81b58dd07fd8b180833132566260d95f4de42fe218
2022-10-05T02:27:31.7875390Z   restore-keys: Linux-pip-

2022-10-05T02:27:31.7875722Z env:
2022-10-05T02:27:31.7876015Z   pythonLocation: /opt/hostedtoolcache/Python/3.8.14/x64
2022-10-05T02:27:31.7876420Z   LD_LIBRARY_PATH: /opt/hostedtoolcache/Python/3.8.14/x64/lib
2022-10-05T02:27:31.7876766Z ##[endgroup]
2022-10-05T02:27:32.2743778Z Received 4175495 of 4175495 (100.0%), 26.7 MBs/sec
2022-10-05T02:27:32.2752322Z Cache Size: ~4 MB (4175495 B)
2022-10-05T02:27:32.2773477Z [command]/usr/bin/tar --use-compress-program zstd -d -xf /home/runner/work/_temp/22ba4c6f-22d7-436e-8402-0a24745901bb/cache.tzst -P -C /home/runner/work/GitHub_Stats_A/GitHub_Stats_A
2022-10-05T02:27:32.2973638Z Cache restored successfully
2022-10-05T02:27:32.3010988Z 
2022-10-05T02:27:32.3013320Z Cache restored from key: Linux-pip-60f2a6c0212a9b74a155cd81b58dd07fd8b180833132566260d95f4de42fe218
2022-10-05T02:27:32.3253641Z ##[group]Run python3 -m pip install --upgrade pip setuptools wheel
2022-10-05T02:27:32.3254082Z [36;1mpython3 -m pip install --upgrade pip setuptools wheel[0m
2022-10-05T02:27:32.3254416Z [36;1mpython3 -m pip install -r requirements.txt[0m
2022-10-05T02:27:32.3308399Z shell: /usr/bin/bash -e {0}
2022-10-05T02:27:32.3308658Z env:
2022-10-05T02:27:32.3308941Z   pythonLocation: /opt/hostedtoolcache/Python/3.8.14/x64
2022-10-05T02:27:32.3309285Z   LD_LIBRARY_PATH: /opt/hostedtoolcache/Python/3.8.14/x64/lib
2022-10-05T02:27:32.3309565Z ##[endgroup]
2022-10-05T02:27:33.1547705Z Requirement already satisfied: pip in /opt/hostedtoolcache/Python/3.8.14/x64/lib/python3.8/site-packages (22.2.2)
2022-10-05T02:27:33.2502071Z Requirement already satisfied: setuptools in /opt/hostedtoolcache/Python/3.8.14/x64/lib/python3.8/site-packages (56.0.0)
2022-10-05T02:27:33.5220590Z Collecting setuptools
2022-10-05T02:27:33.5412524Z   Downloading setuptools-65.4.1-py3-none-any.whl (1.2 MB)
2022-10-05T02:27:33.5669976Z      ━━━━━━━━━━━━━━━━━━━━━━━━━━━━━━━━━━━━━━━━ 1.2/1.2 MB 60.6 MB/s eta 0:00:00
2022-10-05T02:27:33.6134993Z Collecting wheel
2022-10-05T02:27:33.6155800Z   Using cached wheel-0.37.1-py2.py3-none-any.whl (35 kB)
2022-10-05T02:27:33.7324914Z Installing collected packages: wheel, setuptools
2022-10-05T02:27:33.7611222Z   Attempting uninstall: setuptools
2022-10-05T02:27:33.7619206Z     Found existing installation: setuptools 56.0.0
2022-10-05T02:27:33.8122799Z     Uninstalling setuptools-56.0.0:
2022-10-05T02:27:33.8231830Z       Successfully uninstalled setuptools-56.0.0
2022-10-05T02:27:34.3486421Z Successfully installed setuptools-65.4.1 wheel-0.37.1
2022-10-05T02:27:35.1041883Z Collecting requests
2022-10-05T02:27:35.1066553Z   Using cached requests-2.28.1-py3-none-any.whl (62 kB)
2022-10-05T02:27:35.5056153Z Collecting aiohttp
2022-10-05T02:27:35.5897877Z   Downloading aiohttp-3.8.3-cp38-cp38-manylinux_2_17_x86_64.manylinux2014_x86_64.whl (1.0 MB)
2022-10-05T02:27:35.6069851Z      ━━━━━━━━━━━━━━━━━━━━━━━━━━━━━━━━━━━━━━━━ 1.0/1.0 MB 75.0 MB/s eta 0:00:00
2022-10-05T02:27:35.6513240Z Collecting certifi>=2017.4.17
2022-10-05T02:27:35.6555565Z   Downloading certifi-2022.9.24-py3-none-any.whl (161 kB)
2022-10-05T02:27:35.6625188Z      ━━━━━━━━━━━━━━━━━━━━━━━━━━━━━━━━━━━━━━ 161.1/161.1 kB 36.6 MB/s eta 0:00:00
2022-10-05T02:27:35.7146688Z Collecting urllib3<1.27,>=1.21.1
2022-10-05T02:27:35.7174377Z   Using cached urllib3-1.26.12-py2.py3-none-any.whl (140 kB)
2022-10-05T02:27:35.7698837Z Collecting charset-normalizer<3,>=2
2022-10-05T02:27:35.7720605Z   Using cached charset_normalizer-2.1.1-py3-none-any.whl (39 kB)
2022-10-05T02:27:35.7946159Z Collecting idna<4,>=2.5
2022-10-05T02:27:35.7985463Z   Downloading idna-3.4-py3-none-any.whl (61 kB)
2022-10-05T02:27:35.8040423Z      ━━━━━━━━━━━━━━━━━━━━━━━━━━━━━━━━━━━━━━━━ 61.5/61.5 kB 20.5 MB/s eta 0:00:00
2022-10-05T02:27:36.1752086Z Collecting multidict<7.0,>=4.5
2022-10-05T02:27:36.1777321Z   Using cached multidict-6.0.2-cp38-cp38-manylinux_2_17_x86_64.manylinux2014_x86_64.whl (121 kB)
2022-10-05T02:27:36.2071634Z Collecting attrs>=17.3.0
2022-10-05T02:27:36.2094158Z   Using cached attrs-22.1.0-py2.py3-none-any.whl (58 kB)
2022-10-05T02:27:36.2322425Z Collecting async-timeout<5.0,>=4.0.0a3
2022-10-05T02:27:36.2341567Z   Using cached async_timeout-4.0.2-py3-none-any.whl (5.8 kB)
2022-10-05T02:27:36.3139973Z Collecting frozenlist>=1.1.1
2022-10-05T02:27:36.3166448Z   Using cached frozenlist-1.3.1-cp38-cp38-manylinux_2_5_x86_64.manylinux1_x86_64.manylinux_2_17_x86_64.manylinux2014_x86_64.whl (161 kB)
2022-10-05T02:27:36.3331060Z Collecting aiosignal>=1.1.2
2022-10-05T02:27:36.3352940Z   Using cached aiosignal-1.2.0-py3-none-any.whl (8.2 kB)
2022-10-05T02:27:36.5340739Z Collecting yarl<2.0,>=1.0
2022-10-05T02:27:36.5368119Z   Using cached yarl-1.8.1-cp38-cp38-manylinux_2_17_x86_64.manylinux2014_x86_64.whl (262 kB)
2022-10-05T02:27:36.7586595Z Installing collected packages: urllib3, multidict, idna, frozenlist, charset-normalizer, certifi, attrs, async-timeout, yarl, requests, aiosignal, aiohttp
2022-10-05T02:27:37.2431291Z Successfully installed aiohttp-3.8.3 aiosignal-1.2.0 async-timeout-4.0.2 attrs-22.1.0 certifi-2022.9.24 charset-normalizer-2.1.1 frozenlist-1.3.1 idna-3.4 multidict-6.0.2 requests-2.28.1 urllib3-1.26.12 yarl-1.8.1
2022-10-05T02:27:37.4368427Z ##[group]Run python3 --version
2022-10-05T02:27:37.4368715Z [36;1mpython3 --version[0m
2022-10-05T02:27:37.4368971Z [36;1mpython3 generate_images.py[0m
2022-10-05T02:27:37.4419005Z shell: /usr/bin/bash -e {0}
2022-10-05T02:27:37.4419227Z env:
2022-10-05T02:27:37.4419507Z   pythonLocation: /opt/hostedtoolcache/Python/3.8.14/x64
2022-10-05T02:27:37.4419854Z   LD_LIBRARY_PATH: /opt/hostedtoolcache/Python/3.8.14/x64/lib
2022-10-05T02:27:37.4420444Z   ACCESS_TOKEN: ***
2022-10-05T02:27:37.4420781Z   GITHUB_TOKEN: ***
2022-10-05T02:27:37.4420995Z   EXCLUDED: 
2022-10-05T02:27:37.4421226Z   EXCLUDED_LANGS: 
2022-10-05T02:27:37.4421455Z   EXCLUDE_FORKED_REPOS: true
2022-10-05T02:27:37.4421683Z ##[endgroup]
2022-10-05T02:27:37.4511385Z Python 3.8.14
2022-10-05T02:36:37.1209778Z A path returned 202. Retrying...
2022-10-05T02:36:37.1210173Z A path returned 202. Retrying...
2022-10-05T02:36:37.1210466Z A path returned 202. Retrying...
2022-10-05T02:36:37.1210825Z A path returned 202. Retrying...
2022-10-05T02:36:37.1211120Z A path returned 202. Retrying...
2022-10-05T02:36:37.1211388Z A path returned 202. Retrying...
2022-10-05T02:36:37.1211668Z A path returned 202. Retrying...
2022-10-05T02:36:37.1211965Z A path returned 202. Retrying...
2022-10-05T02:36:37.1212253Z A path returned 202. Retrying...
2022-10-05T02:36:37.1212536Z A path returned 202. Retrying...
2022-10-05T02:36:37.1212814Z A path returned 202. Retrying...
2022-10-05T02:36:37.1213099Z A path returned 202. Retrying...
2022-10-05T02:36:37.1213371Z A path returned 202. Retrying...
2022-10-05T02:36:37.1213652Z A path returned 202. Retrying...
2022-10-05T02:36:37.1213932Z A path returned 202. Retrying...
2022-10-05T02:36:37.1214215Z A path returned 202. Retrying...
2022-10-05T02:36:37.1214496Z A path returned 202. Retrying...
2022-10-05T02:36:37.1214778Z A path returned 202. Retrying...
2022-10-05T02:36:37.1215060Z A path returned 202. Retrying...
2022-10-05T02:36:37.1215339Z A path returned 202. Retrying...
2022-10-05T02:36:37.1215609Z A path returned 202. Retrying...
2022-10-05T02:36:37.1215887Z A path returned 202. Retrying...
2022-10-05T02:36:37.1216167Z A path returned 202. Retrying...
2022-10-05T02:36:37.1216450Z A path returned 202. Retrying...
2022-10-05T02:36:37.1216736Z A path returned 202. Retrying...
2022-10-05T02:36:37.1217015Z A path returned 202. Retrying...
2022-10-05T02:36:37.1217295Z A path returned 202. Retrying...
2022-10-05T02:36:37.1217575Z A path returned 202. Retrying...
2022-10-05T02:36:37.1217841Z A path returned 202. Retrying...
2022-10-05T02:36:37.1218121Z A path returned 202. Retrying...
2022-10-05T02:36:37.1218406Z A path returned 202. Retrying...
2022-10-05T02:36:37.1218684Z A path returned 202. Retrying...
2022-10-05T02:36:37.1219164Z A path returned 202. Retrying...
2022-10-05T02:36:37.1219464Z A path returned 202. Retrying...
2022-10-05T02:36:37.1219761Z A path returned 202. Retrying...
2022-10-05T02:36:37.1220077Z A path returned 202. Retrying...
2022-10-05T02:36:37.1220361Z A path returned 202. Retrying...
2022-10-05T02:36:37.1220627Z A path returned 202. Retrying...
2022-10-05T02:36:37.1220906Z A path returned 202. Retrying...
2022-10-05T02:36:37.1221186Z A path returned 202. Retrying...
2022-10-05T02:36:37.1221849Z A path returned 202. Retrying...
2022-10-05T02:36:37.1222229Z A path returned 202. Retrying...
2022-10-05T02:36:37.1222541Z A path returned 202. Retrying...
2022-10-05T02:36:37.1222820Z A path returned 202. Retrying...
2022-10-05T02:36:37.1223100Z A path returned 202. Retrying...
2022-10-05T02:36:37.1223367Z A path returned 202. Retrying...
2022-10-05T02:36:37.1223644Z A path returned 202. Retrying...
2022-10-05T02:36:37.1223923Z A path returned 202. Retrying...
2022-10-05T02:36:37.1224281Z A path returned 202. Retrying...
2022-10-05T02:36:37.1224579Z A path returned 202. Retrying...
2022-10-05T02:36:37.1224876Z A path returned 202. Retrying...
2022-10-05T02:36:37.1225170Z A path returned 202. Retrying...
2022-10-05T02:36:37.1225466Z A path returned 202. Retrying...
2022-10-05T02:36:37.1225917Z A path returned 202. Retrying...
2022-10-05T02:36:37.1226292Z A path returned 202. Retrying...
2022-10-05T02:36:37.1226578Z A path returned 202. Retrying...
2022-10-05T02:36:37.1226878Z A path returned 202. Retrying...
2022-10-05T02:36:37.1227177Z A path returned 202. Retrying...
2022-10-05T02:36:37.1227473Z A path returned 202. Retrying...
2022-10-05T02:36:37.1227770Z A path returned 202. Retrying...
2022-10-05T02:36:37.1228066Z A path returned 202. Retrying...
2022-10-05T02:36:37.1228360Z A path returned 202. Retrying...
2022-10-05T02:36:37.1228654Z A path returned 202. Retrying...
2022-10-05T02:36:37.1228947Z A path returned 202. Retrying...
2022-10-05T02:36:37.1229243Z A path returned 202. Retrying...
2022-10-05T02:36:37.1229535Z A path returned 202. Retrying...
2022-10-05T02:36:37.1229819Z A path returned 202. Retrying...
2022-10-05T02:36:37.1230114Z A path returned 202. Retrying...
2022-10-05T02:36:37.1230408Z A path returned 202. Retrying...
2022-10-05T02:36:37.1230704Z A path returned 202. Retrying...
2022-10-05T02:36:37.1230998Z A path returned 202. Retrying...
2022-10-05T02:36:37.1231294Z A path returned 202. Retrying...
2022-10-05T02:36:37.1231585Z A path returned 202. Retrying...
2022-10-05T02:36:37.1231885Z A path returned 202. Retrying...
2022-10-05T02:36:37.1232180Z A path returned 202. Retrying...
2022-10-05T02:36:37.1232475Z A path returned 202. Retrying...
2022-10-05T02:36:37.1232767Z A path returned 202. Retrying...
2022-10-05T02:36:37.1233050Z A path returned 202. Retrying...
2022-10-05T02:36:37.1233345Z A path returned 202. Retrying...
2022-10-05T02:36:37.1233644Z A path returned 202. Retrying...
2022-10-05T02:36:37.1233945Z A path returned 202. Retrying...
2022-10-05T02:36:37.1234241Z A path returned 202. Retrying...
2022-10-05T02:36:37.1234541Z A path returned 202. Retrying...
2022-10-05T02:36:37.1234820Z A path returned 202. Retrying...
2022-10-05T02:36:37.1235177Z A path returned 202. Retrying...
2022-10-05T02:36:37.1235471Z A path returned 202. Retrying...
2022-10-05T02:36:37.1235768Z A path returned 202. Retrying...
2022-10-05T02:36:37.1236051Z A path returned 202. Retrying...
2022-10-05T02:36:37.1236350Z A path returned 202. Retrying...
2022-10-05T02:36:37.1236627Z A path returned 202. Retrying...
2022-10-05T02:36:37.1236982Z A path returned 202. Retrying...
2022-10-05T02:36:37.1237281Z A path returned 202. Retrying...
2022-10-05T02:36:37.1237573Z A path returned 202. Retrying...
2022-10-05T02:36:37.1237870Z A path returned 202. Retrying...
2022-10-05T02:36:37.1238167Z A path returned 202. Retrying...
2022-10-05T02:36:37.1238467Z A path returned 202. Retrying...
2022-10-05T02:36:37.1238745Z A path returned 202. Retrying...
2022-10-05T02:36:37.1239008Z A path returned 202. Retrying...
2022-10-05T02:36:37.1239364Z A path returned 202. Retrying...
2022-10-05T02:36:37.1239659Z A path returned 202. Retrying...
2022-10-05T02:36:37.1240057Z A path returned 202. Retrying...
2022-10-05T02:36:37.1240341Z A path returned 202. Retrying...
2022-10-05T02:36:37.1240626Z A path returned 202. Retrying...
2022-10-05T02:36:37.1240907Z A path returned 202. Retrying...
2022-10-05T02:36:37.1241185Z A path returned 202. Retrying...
2022-10-05T02:36:37.1241660Z A path returned 202. Retrying...
2022-10-05T02:36:37.1242076Z A path returned 202. Retrying...
2022-10-05T02:36:37.1242354Z A path returned 202. Retrying...
2022-10-05T02:36:37.1242641Z A path returned 202. Retrying...
2022-10-05T02:36:37.1242921Z A path returned 202. Retrying...
2022-10-05T02:36:37.1243239Z A path returned 202. Retrying...
2022-10-05T02:36:37.1243518Z A path returned 202. Retrying...
2022-10-05T02:36:37.1243798Z A path returned 202. Retrying...
2022-10-05T02:36:37.1244077Z A path returned 202. Retrying...
2022-10-05T02:36:37.1244346Z A path returned 202. Retrying...
2022-10-05T02:36:37.1244625Z A path returned 202. Retrying...
2022-10-05T02:36:37.1244908Z A path returned 202. Retrying...
2022-10-05T02:36:37.1245189Z A path returned 202. Retrying...
2022-10-05T02:36:37.1245467Z A path returned 202. Retrying...
2022-10-05T02:36:37.1245825Z A path returned 202. Retrying...
2022-10-05T02:36:37.1246114Z A path returned 202. Retrying...
2022-10-05T02:36:37.1246379Z A path returned 202. Retrying...
2022-10-05T02:36:37.1246658Z A path returned 202. Retrying...
2022-10-05T02:36:37.1246939Z A path returned 202. Retrying...
2022-10-05T02:36:37.1247353Z A path returned 202. Retrying...
2022-10-05T02:36:37.1247651Z A path returned 202. Retrying...
2022-10-05T02:36:37.1247944Z A path returned 202. Retrying...
2022-10-05T02:36:37.1248242Z A path returned 202. Retrying...
2022-10-05T02:36:37.1248536Z A path returned 202. Retrying...
2022-10-05T02:36:37.1248829Z A path returned 202. Retrying...
2022-10-05T02:36:37.1249125Z A path returned 202. Retrying...
2022-10-05T02:36:37.1249393Z A path returned 202. Retrying...
2022-10-05T02:36:37.1249753Z A path returned 202. Retrying...
2022-10-05T02:36:37.1250052Z A path returned 202. Retrying...
2022-10-05T02:36:37.1250350Z A path returned 202. Retrying...
2022-10-05T02:36:37.1250645Z A path returned 202. Retrying...
2022-10-05T02:36:37.1250945Z A path returned 202. Retrying...
2022-10-05T02:36:37.1251241Z A path returned 202. Retrying...
2022-10-05T02:36:37.1251537Z A path returned 202. Retrying...
2022-10-05T02:36:37.1251844Z A path returned 202. Retrying...
2022-10-05T02:36:37.1252138Z A path returned 202. Retrying...
2022-10-05T02:36:37.1252419Z A path returned 202. Retrying...
2022-10-05T02:36:37.1252764Z A path returned 202. Retrying...
2022-10-05T02:36:37.1253066Z A path returned 202. Retrying...
2022-10-05T02:36:37.1253368Z A path returned 202. Retrying...
2022-10-05T02:36:37.1253666Z A path returned 202. Retrying...
2022-10-05T02:36:37.1253964Z A path returned 202. Retrying...
2022-10-05T02:36:37.1254259Z A path returned 202. Retrying...
2022-10-05T02:36:37.1254540Z A path returned 202. Retrying...
2022-10-05T02:36:37.1254893Z A path returned 202. Retrying...
2022-10-05T02:36:37.1255189Z A path returned 202. Retrying...
2022-10-05T02:36:37.1255486Z A path returned 202. Retrying...
2022-10-05T02:36:37.1255774Z A path returned 202. Retrying...
2022-10-05T02:36:37.1256075Z A path returned 202. Retrying...
2022-10-05T02:36:37.1256353Z A path returned 202. Retrying...
2022-10-05T02:36:37.1256629Z A path returned 202. Retrying...
2022-10-05T02:36:37.1256987Z A path returned 202. Retrying...
2022-10-05T02:36:37.1257289Z A path returned 202. Retrying...
2022-10-05T02:36:37.1257585Z A path returned 202. Retrying...
2022-10-05T02:36:37.1257882Z A path returned 202. Retrying...
2022-10-05T02:36:37.1258161Z A path returned 202. Retrying...
2022-10-05T02:36:37.1258521Z A path returned 202. Retrying...
2022-10-05T02:36:37.1258804Z A path returned 202. Retrying...
2022-10-05T02:36:37.1259097Z A path returned 202. Retrying...
2022-10-05T02:36:37.1259391Z A path returned 202. Retrying...
2022-10-05T02:36:37.1259692Z A path returned 202. Retrying...
2022-10-05T02:36:37.1259972Z A path returned 202. Retrying...
2022-10-05T02:36:37.1260325Z A path returned 202. Retrying...
2022-10-05T02:36:37.1260622Z A path returned 202. Retrying...
2022-10-05T02:36:37.1260924Z A path returned 202. Retrying...
2022-10-05T02:36:37.1261201Z A path returned 202. Retrying...
2022-10-05T02:36:37.1261551Z A path returned 202. Retrying...
2022-10-05T02:36:37.1261944Z A path returned 202. Retrying...
2022-10-05T02:36:37.1262244Z A path returned 202. Retrying...
2022-10-05T02:36:37.1262540Z A path returned 202. Retrying...
2022-10-05T02:36:37.1262837Z A path returned 202. Retrying...
2022-10-05T02:36:37.1263135Z A path returned 202. Retrying...
2022-10-05T02:36:37.1263428Z A path returned 202. Retrying...
2022-10-05T02:36:37.1263727Z A path returned 202. Retrying...
2022-10-05T02:36:37.1264024Z A path returned 202. Retrying...
2022-10-05T02:36:37.1264325Z A path returned 202. Retrying...
2022-10-05T02:36:37.1264603Z A path returned 202. Retrying...
2022-10-05T02:36:37.1264958Z A path returned 202. Retrying...
2022-10-05T02:36:37.1265240Z A path returned 202. Retrying...
2022-10-05T02:36:37.1265536Z A path returned 202. Retrying...
2022-10-05T02:36:37.1265910Z A path returned 202. Retrying...
2022-10-05T02:36:37.1266238Z A path returned 202. Retrying...
2022-10-05T02:36:37.1266521Z A path returned 202. Retrying...
2022-10-05T02:36:37.1266797Z A path returned 202. Retrying...
2022-10-05T02:36:37.1267082Z A path returned 202. Retrying...
2022-10-05T02:36:37.1267361Z A path returned 202. Retrying...
2022-10-05T02:36:37.1267627Z A path returned 202. Retrying...
2022-10-05T02:36:37.1267990Z A path returned 202. Retrying...
2022-10-05T02:36:37.1268286Z A path returned 202. Retrying...
2022-10-05T02:36:37.1268584Z A path returned 202. Retrying...
2022-10-05T02:36:37.1268888Z A path returned 202. Retrying...
2022-10-05T02:36:37.1269167Z A path returned 202. Retrying...
2022-10-05T02:36:37.1269445Z A path returned 202. Retrying...
2022-10-05T02:36:37.1269797Z A path returned 202. Retrying...
2022-10-05T02:36:37.1270099Z A path returned 202. Retrying...
2022-10-05T02:36:37.1270397Z A path returned 202. Retrying...
2022-10-05T02:36:37.1270692Z A path returned 202. Retrying...
2022-10-05T02:36:37.1270961Z A path returned 202. Retrying...
2022-10-05T02:36:37.1271318Z A path returned 202. Retrying...
2022-10-05T02:36:37.1271622Z A path returned 202. Retrying...
2022-10-05T02:36:37.1271922Z A path returned 202. Retrying...
2022-10-05T02:36:37.1272219Z A path returned 202. Retrying...
2022-10-05T02:36:37.1272515Z A path returned 202. Retrying...
2022-10-05T02:36:37.1272810Z A path returned 202. Retrying...
2022-10-05T02:36:37.1273105Z A path returned 202. Retrying...
2022-10-05T02:36:37.1273401Z A path returned 202. Retrying...
2022-10-05T02:36:37.1273694Z A path returned 202. Retrying...
2022-10-05T02:36:37.1273959Z A path returned 202. Retrying...
2022-10-05T02:36:37.1274313Z A path returned 202. Retrying...
2022-10-05T02:36:37.1274613Z A path returned 202. Retrying...
2022-10-05T02:36:37.1274912Z A path returned 202. Retrying...
2022-10-05T02:36:37.1275212Z A path returned 202. Retrying...
2022-10-05T02:36:37.1275508Z A path returned 202. Retrying...
2022-10-05T02:36:37.1275806Z A path returned 202. Retrying...
2022-10-05T02:36:37.1276100Z A path returned 202. Retrying...
2022-10-05T02:36:37.1276394Z A path returned 202. Retrying...
2022-10-05T02:36:37.1276686Z A path returned 202. Retrying...
2022-10-05T02:36:37.1276985Z A path returned 202. Retrying...
2022-10-05T02:36:37.1277265Z A path returned 202. Retrying...
2022-10-05T02:36:37.1277563Z A path returned 202. Retrying...
2022-10-05T02:36:37.1277861Z A path returned 202. Retrying...
2022-10-05T02:36:37.1278160Z A path returned 202. Retrying...
2022-10-05T02:36:37.1278455Z A path returned 202. Retrying...
2022-10-05T02:36:37.1278749Z A path returned 202. Retrying...
2022-10-05T02:36:37.1279028Z A path returned 202. Retrying...
2022-10-05T02:36:37.1279379Z A path returned 202. Retrying...
2022-10-05T02:36:37.1279673Z A path returned 202. Retrying...
2022-10-05T02:36:37.1279966Z A path returned 202. Retrying...
2022-10-05T02:36:37.1280231Z A path returned 202. Retrying...
2022-10-05T02:36:37.1280584Z A path returned 202. Retrying...
2022-10-05T02:36:37.1280885Z A path returned 202. Retrying...
2022-10-05T02:36:37.1281186Z A path returned 202. Retrying...
2022-10-05T02:36:37.1281612Z A path returned 202. Retrying...
2022-10-05T02:36:37.1282129Z A path returned 202. Retrying...
2022-10-05T02:36:37.1282426Z A path returned 202. Retrying...
2022-10-05T02:36:37.1282725Z A path returned 202. Retrying...
2022-10-05T02:36:37.1283022Z A path returned 202. Retrying...
2022-10-05T02:36:37.1283317Z A path returned 202. Retrying...
2022-10-05T02:36:37.1283610Z A path returned 202. Retrying...
2022-10-05T02:36:37.1283893Z A path returned 202. Retrying...
2022-10-05T02:36:37.1284188Z A path returned 202. Retrying...
2022-10-05T02:36:37.1284466Z A path returned 202. Retrying...
2022-10-05T02:36:37.1284834Z A path returned 202. Retrying...
2022-10-05T02:45:10.1691985Z A path returned 202. Retrying...
2022-10-05T02:45:10.1758141Z A path returned 202. Retrying...
2022-10-05T02:45:10.1758580Z A path returned 202. Retrying...
2022-10-05T02:45:10.1759419Z A path returned 202. Retrying...
2022-10-05T02:45:10.1759675Z A path returned 202. Retrying...
2022-10-05T02:45:10.1759903Z A path returned 202. Retrying...
2022-10-05T02:45:10.1760137Z A path returned 202. Retrying...
2022-10-05T02:45:10.1760380Z A path returned 202. Retrying...
2022-10-05T02:45:10.1760611Z A path returned 202. Retrying...
2022-10-05T02:45:10.1760845Z A path returned 202. Retrying...
2022-10-05T02:45:10.1761076Z A path returned 202. Retrying...
2022-10-05T02:45:10.1761309Z A path returned 202. Retrying...
2022-10-05T02:45:10.1801979Z A path returned 202. Retrying...
2022-10-05T02:45:10.1802255Z A path returned 202. Retrying...
2022-10-05T02:45:10.1802525Z A path returned 202. Retrying...
2022-10-05T02:45:10.1802808Z A path returned 202. Retrying...
2022-10-05T02:45:10.1803078Z A path returned 202. Retrying...
2022-10-05T02:45:10.1803350Z A path returned 202. Retrying...
2022-10-05T02:45:10.1803625Z A path returned 202. Retrying...
2022-10-05T02:45:10.1803892Z A path returned 202. Retrying...
2022-10-05T02:45:10.1804151Z A path returned 202. Retrying...
2022-10-05T02:45:10.1804423Z A path returned 202. Retrying...
2022-10-05T02:45:10.1804690Z A path returned 202. Retrying...
2022-10-05T02:45:10.1804965Z A path returned 202. Retrying...
2022-10-05T02:45:10.1805235Z A path returned 202. Retrying...
2022-10-05T02:45:10.1805489Z A path returned 202. Retrying...
2022-10-05T02:45:10.1805758Z A path returned 202. Retrying...
2022-10-05T02:45:10.1806025Z A path returned 202. Retrying...
2022-10-05T02:45:10.1806274Z A path returned 202. Retrying...
2022-10-05T02:45:10.1806535Z A path returned 202. Retrying...
2022-10-05T02:45:10.1806802Z A path returned 202. Retrying...
2022-10-05T02:45:10.1807062Z A path returned 202. Retrying...
2022-10-05T02:45:10.1807327Z A path returned 202. Retrying...
2022-10-05T02:45:10.1807594Z A path returned 202. Retrying...
2022-10-05T02:45:10.1807855Z A path returned 202. Retrying...
2022-10-05T02:45:10.1808117Z A path returned 202. Retrying...
2022-10-05T02:45:10.1808376Z A path returned 202. Retrying...
2022-10-05T02:45:10.1808681Z A path returned 202. Retrying...
2022-10-05T02:45:10.1808941Z A path returned 202. Retrying...
2022-10-05T02:45:10.1809205Z A path returned 202. Retrying...
2022-10-05T02:45:10.1809479Z A path returned 202. Retrying...
2022-10-05T02:45:10.1809739Z A path returned 202. Retrying...
2022-10-05T02:45:10.1810002Z A path returned 202. Retrying...
2022-10-05T02:45:10.1810272Z A path returned 202. Retrying...
2022-10-05T02:45:10.1810521Z A path returned 202. Retrying...
2022-10-05T02:45:10.1810787Z A path returned 202. Retrying...
2022-10-05T02:45:10.1811056Z A path returned 202. Retrying...
2022-10-05T02:45:10.1811317Z A path returned 202. Retrying...
2022-10-05T02:45:10.1811578Z A path returned 202. Retrying...
2022-10-05T02:45:10.1811844Z A path returned 202. Retrying...
2022-10-05T02:45:10.1812103Z A path returned 202. Retrying...
2022-10-05T02:45:10.1812352Z A path returned 202. Retrying...
2022-10-05T02:45:10.1812617Z A path returned 202. Retrying...
2022-10-05T02:45:10.1812886Z A path returned 202. Retrying...
2022-10-05T02:45:10.1813155Z A path returned 202. Retrying...
2022-10-05T02:45:10.1813416Z A path returned 202. Retrying...
2022-10-05T02:45:10.1813865Z A path returned 202. Retrying...
2022-10-05T02:45:10.1814123Z A path returned 202. Retrying...
2022-10-05T02:45:10.1814386Z A path returned 202. Retrying...
2022-10-05T02:45:10.1814641Z A path returned 202. Retrying...
2022-10-05T02:45:10.1814910Z A path returned 202. Retrying...
2022-10-05T02:45:10.1815177Z A path returned 202. Retrying...
2022-10-05T02:45:10.1815443Z A path returned 202. Retrying...
2022-10-05T02:45:10.1815703Z A path returned 202. Retrying...
2022-10-05T02:45:10.1815961Z A path returned 202. Retrying...
2022-10-05T02:45:10.1816222Z A path returned 202. Retrying...
2022-10-05T02:45:10.1816485Z A path returned 202. Retrying...
2022-10-05T02:45:10.1816739Z A path returned 202. Retrying...
2022-10-05T02:45:10.1817011Z A path returned 202. Retrying...
2022-10-05T02:45:10.1817354Z A path returned 202. Retrying...
2022-10-05T02:45:10.1817620Z A path returned 202. Retrying...
2022-10-05T02:45:10.1817885Z A path returned 202. Retrying...
2022-10-05T02:45:10.1818146Z A path returned 202. Retrying...
2022-10-05T02:45:10.1818416Z A path returned 202. Retrying...
2022-10-05T02:45:10.1818673Z A path returned 202. Retrying...
2022-10-05T02:45:10.1818941Z A path returned 202. Retrying...
2022-10-05T02:45:10.1819202Z A path returned 202. Retrying...
2022-10-05T02:45:10.1819464Z A path returned 202. Retrying...
2022-10-05T02:45:10.1819731Z A path returned 202. Retrying...
2022-10-05T02:45:10.1819993Z A path returned 202. Retrying...
2022-10-05T02:45:10.1820259Z A path returned 202. Retrying...
2022-10-05T02:45:10.1820526Z A path returned 202. Retrying...
2022-10-05T02:45:10.1820777Z A path returned 202. Retrying...
2022-10-05T02:45:10.1821039Z A path returned 202. Retrying...
2022-10-05T02:45:10.1821305Z A path returned 202. Retrying...
2022-10-05T02:45:10.1821569Z A path returned 202. Retrying...
2022-10-05T02:45:10.1821835Z A path returned 202. Retrying...
2022-10-05T02:45:10.1822103Z A path returned 202. Retrying...
2022-10-05T02:45:10.1822373Z A path returned 202. Retrying...
2022-10-05T02:45:10.1822711Z There were too many 202s. Data for this repository will be incomplete.
2022-10-05T02:45:10.1823031Z A path returned 202. Retrying...
2022-10-05T02:45:10.1823300Z A path returned 202. Retrying...
2022-10-05T02:45:10.1823566Z A path returned 202. Retrying...
2022-10-05T02:45:10.1823834Z A path returned 202. Retrying...
2022-10-05T02:45:10.1824102Z A path returned 202. Retrying...
2022-10-05T02:45:10.1824370Z A path returned 202. Retrying...
2022-10-05T02:45:10.1824637Z A path returned 202. Retrying...
2022-10-05T02:45:10.1824893Z A path returned 202. Retrying...
2022-10-05T02:45:10.1825162Z A path returned 202. Retrying...
2022-10-05T02:45:10.1825427Z A path returned 202. Retrying...
2022-10-05T02:45:10.1825698Z A path returned 202. Retrying...
2022-10-05T02:45:10.1825967Z A path returned 202. Retrying...
2022-10-05T02:45:10.1826235Z A path returned 202. Retrying...
2022-10-05T02:45:10.1826500Z A path returned 202. Retrying...
2022-10-05T02:45:10.1826766Z A path returned 202. Retrying...
2022-10-05T02:45:10.1827024Z A path returned 202. Retrying...
2022-10-05T02:45:10.1827290Z A path returned 202. Retrying...
2022-10-05T02:45:10.1827553Z A path returned 202. Retrying...
2022-10-05T02:45:10.1827822Z A path returned 202. Retrying...
2022-10-05T02:45:10.1828086Z A path returned 202. Retrying...
2022-10-05T02:45:10.1828348Z A path returned 202. Retrying...
2022-10-05T02:45:10.1828612Z A path returned 202. Retrying...
2022-10-05T02:45:10.1828875Z A path returned 202. Retrying...
2022-10-05T02:45:10.1829126Z A path returned 202. Retrying...
2022-10-05T02:45:10.1829389Z A path returned 202. Retrying...
2022-10-05T02:45:10.1829654Z A path returned 202. Retrying...
2022-10-05T02:45:10.1829916Z A path returned 202. Retrying...
2022-10-05T02:45:10.1830180Z A path returned 202. Retrying...
2022-10-05T02:45:10.1830446Z A path returned 202. Retrying...
2022-10-05T02:45:10.1830711Z A path returned 202. Retrying...
2022-10-05T02:45:10.1830977Z A path returned 202. Retrying...
2022-10-05T02:45:10.1831229Z A path returned 202. Retrying...
2022-10-05T02:45:10.1831572Z A path returned 202. Retrying...
2022-10-05T02:45:10.1831840Z A path returned 202. Retrying...
2022-10-05T02:45:10.1832104Z A path returned 202. Retrying...
2022-10-05T02:45:10.1832366Z A path returned 202. Retrying...
2022-10-05T02:45:10.1832633Z A path returned 202. Retrying...
2022-10-05T02:45:10.1832900Z A path returned 202. Retrying...
2022-10-05T02:45:10.1833155Z A path returned 202. Retrying...
2022-10-05T02:45:10.1833420Z A path returned 202. Retrying...
2022-10-05T02:45:10.1833684Z A path returned 202. Retrying...
2022-10-05T02:45:10.1833952Z A path returned 202. Retrying...
2022-10-05T02:45:10.1834208Z A path returned 202. Retrying...
2022-10-05T02:45:10.1834475Z A path returned 202. Retrying...
2022-10-05T02:45:10.1834743Z A path returned 202. Retrying...
2022-10-05T02:45:10.1835063Z A path returned 202. Retrying...
2022-10-05T02:45:10.1835317Z A path returned 202. Retrying...
2022-10-05T02:45:10.1835581Z A path returned 202. Retrying...
2022-10-05T02:45:10.1835849Z A path returned 202. Retrying...
2022-10-05T02:45:10.1836114Z A path returned 202. Retrying...
2022-10-05T02:45:10.1836380Z A path returned 202. Retrying...
2022-10-05T02:45:10.1836643Z A path returned 202. Retrying...
2022-10-05T02:45:10.1836914Z A path returned 202. Retrying...
2022-10-05T02:45:10.1837180Z A path returned 202. Retrying...
2022-10-05T02:45:10.1837436Z A path returned 202. Retrying...
2022-10-05T02:45:10.1837700Z A path returned 202. Retrying...
2022-10-05T02:45:10.1837971Z A path returned 202. Retrying...
2022-10-05T02:45:10.1838238Z A path returned 202. Retrying...
2022-10-05T02:45:10.1838502Z A path returned 202. Retrying...
2022-10-05T02:45:10.1838765Z A path returned 202. Retrying...
2022-10-05T02:45:10.1839034Z A path returned 202. Retrying...
2022-10-05T02:45:10.1839287Z A path returned 202. Retrying...
2022-10-05T02:45:10.1839556Z A path returned 202. Retrying...
2022-10-05T02:45:10.1839823Z A path returned 202. Retrying...
2022-10-05T02:45:10.1840091Z A path returned 202. Retrying...
2022-10-05T02:45:10.1840364Z A path returned 202. Retrying...
2022-10-05T02:45:10.1840629Z A path returned 202. Retrying...
2022-10-05T02:45:10.1840895Z A path returned 202. Retrying...
2022-10-05T02:45:10.1841166Z A path returned 202. Retrying...
2022-10-05T02:45:10.1854783Z A path returned 202. Retrying...
2022-10-05T02:45:10.1855092Z A path returned 202. Retrying...
2022-10-05T02:45:10.1855368Z A path returned 202. Retrying...
2022-10-05T02:45:10.1855637Z A path returned 202. Retrying...
2022-10-05T02:45:10.1855911Z A path returned 202. Retrying...
2022-10-05T02:45:10.1856183Z A path returned 202. Retrying...
2022-10-05T02:45:10.1856459Z A path returned 202. Retrying...
2022-10-05T02:45:10.1856734Z A path returned 202. Retrying...
2022-10-05T02:45:10.1856995Z A path returned 202. Retrying...
2022-10-05T02:45:10.1857269Z A path returned 202. Retrying...
2022-10-05T02:45:10.1857537Z A path returned 202. Retrying...
2022-10-05T02:45:10.1857805Z A path returned 202. Retrying...
2022-10-05T02:45:10.1858083Z A path returned 202. Retrying...
2022-10-05T02:45:10.1858340Z A path returned 202. Retrying...
2022-10-05T02:45:10.1858615Z A path returned 202. Retrying...
2022-10-05T02:45:10.1858886Z A path returned 202. Retrying...
2022-10-05T02:45:10.1859215Z A path returned 202. Retrying...
2022-10-05T02:45:10.1859483Z A path returned 202. Retrying...
2022-10-05T02:45:10.1859757Z A path returned 202. Retrying...
2022-10-05T02:45:10.1860009Z A path returned 202. Retrying...
2022-10-05T02:45:10.1860283Z A path returned 202. Retrying...
2022-10-05T02:45:10.1860551Z A path returned 202. Retrying...
2022-10-05T02:45:10.1860826Z A path returned 202. Retrying...
2022-10-05T02:45:10.1861098Z A path returned 202. Retrying...
2022-10-05T02:45:10.1861371Z A path returned 202. Retrying...
2022-10-05T02:45:10.1861650Z A path returned 202. Retrying...
2022-10-05T02:45:10.1861915Z A path returned 202. Retrying...
2022-10-05T02:45:10.1862173Z A path returned 202. Retrying...
2022-10-05T02:45:10.1862440Z A path returned 202. Retrying...
2022-10-05T02:45:10.1862806Z A path returned 202. Retrying...
2022-10-05T02:45:10.1863072Z A path returned 202. Retrying...
2022-10-05T02:45:10.1863345Z A path returned 202. Retrying...
2022-10-05T02:45:10.1863616Z A path returned 202. Retrying...
2022-10-05T02:45:10.1863886Z A path returned 202. Retrying...
2022-10-05T02:45:10.1864143Z A path returned 202. Retrying...
2022-10-05T02:45:10.1864412Z A path returned 202. Retrying...
2022-10-05T02:45:10.1864686Z A path returned 202. Retrying...
2022-10-05T02:45:10.1864956Z A path returned 202. Retrying...
2022-10-05T02:45:10.1865231Z A path returned 202. Retrying...
2022-10-05T02:45:10.1865500Z A path returned 202. Retrying...
2022-10-05T02:45:10.1865764Z A path returned 202. Retrying...
2022-10-05T02:45:10.1866031Z A path returned 202. Retrying...
2022-10-05T02:45:10.1866351Z A path returned 202. Retrying...
2022-10-05T02:45:10.1866624Z A path returned 202. Retrying...
2022-10-05T02:45:10.1866892Z A path returned 202. Retrying...
2022-10-05T02:45:10.1867163Z A path returned 202. Retrying...
2022-10-05T02:45:10.1867434Z A path returned 202. Retrying...
2022-10-05T02:45:10.1867707Z A path returned 202. Retrying...
2022-10-05T02:45:10.1867976Z A path returned 202. Retrying...
2022-10-05T02:45:10.1868249Z A path returned 202. Retrying...
2022-10-05T02:45:10.1868504Z A path returned 202. Retrying...
2022-10-05T02:45:10.1868766Z A path returned 202. Retrying...
2022-10-05T02:45:10.1869037Z A path returned 202. Retrying...
2022-10-05T02:45:10.1869305Z A path returned 202. Retrying...
2022-10-05T02:45:10.1869568Z A path returned 202. Retrying...
2022-10-05T02:45:10.1869829Z A path returned 202. Retrying...
2022-10-05T02:45:10.1870097Z A path returned 202. Retrying...
2022-10-05T02:45:10.1870368Z A path returned 202. Retrying...
2022-10-05T02:45:10.1870628Z A path returned 202. Retrying...
2022-10-05T02:45:10.1870894Z A path returned 202. Retrying...
2022-10-05T02:45:10.1871161Z A path returned 202. Retrying...
2022-10-05T02:45:10.1871431Z A path returned 202. Retrying...
2022-10-05T02:45:10.1871701Z A path returned 202. Retrying...
2022-10-05T02:45:10.1871969Z A path returned 202. Retrying...
2022-10-05T02:45:10.1872231Z A path returned 202. Retrying...
2022-10-05T02:45:10.1872488Z A path returned 202. Retrying...
2022-10-05T02:45:10.1872753Z A path returned 202. Retrying...
2022-10-05T02:45:10.1873017Z A path returned 202. Retrying...
2022-10-05T02:45:10.1873283Z A path returned 202. Retrying...
2022-10-05T02:45:10.1873554Z A path returned 202. Retrying...
2022-10-05T02:45:10.1873827Z A path returned 202. Retrying...
2022-10-05T02:45:10.1874087Z A path returned 202. Retrying...
2022-10-05T02:45:10.1874350Z A path returned 202. Retrying...
2022-10-05T02:45:10.1874606Z A path returned 202. Retrying...
2022-10-05T02:45:10.1874867Z A path returned 202. Retrying...
2022-10-05T02:45:10.1875141Z A path returned 202. Retrying...
2022-10-05T02:45:10.1875411Z A path returned 202. Retrying...
2022-10-05T02:45:10.1875676Z A path returned 202. Retrying...
2022-10-05T02:45:10.1875943Z A path returned 202. Retrying...
2022-10-05T02:45:10.1876219Z A path returned 202. Retrying...
2022-10-05T02:45:10.1876488Z A path returned 202. Retrying...
2022-10-05T02:45:10.1876739Z A path returned 202. Retrying...
2022-10-05T02:45:10.1876999Z A path returned 202. Retrying...
2022-10-05T02:45:10.1877260Z A path returned 202. Retrying...
2022-10-05T02:45:10.1877523Z A path returned 202. Retrying...
2022-10-05T02:45:10.1877789Z A path returned 202. Retrying...
2022-10-05T02:45:10.1878046Z A path returned 202. Retrying...
2022-10-05T02:45:10.1878307Z A path returned 202. Retrying...
2022-10-05T02:53:56.9528711Z A path returned 202. Retrying...
2022-10-05T02:53:56.9529345Z A path returned 202. Retrying...
2022-10-05T02:53:56.9530134Z A path returned 202. Retrying...
2022-10-05T02:53:56.9530530Z A path returned 202. Retrying...
2022-10-05T02:53:56.9530848Z A path returned 202. Retrying...
2022-10-05T02:53:56.9531169Z A path returned 202. Retrying...
2022-10-05T02:53:56.9531475Z A path returned 202. Retrying...
2022-10-05T02:53:56.9534722Z A path returned 202. Retrying...
2022-10-05T02:53:56.9535012Z A path returned 202. Retrying...
2022-10-05T02:53:56.9535294Z A path returned 202. Retrying...
2022-10-05T02:53:56.9535559Z A path returned 202. Retrying...
2022-10-05T02:53:56.9535838Z A path returned 202. Retrying...
2022-10-05T02:53:56.9536229Z A path returned 202. Retrying...
2022-10-05T02:53:56.9536519Z A path returned 202. Retrying...
2022-10-05T02:53:56.9536802Z A path returned 202. Retrying...
2022-10-05T02:53:56.9537196Z A path returned 202. Retrying...
2022-10-05T02:53:56.9537485Z A path returned 202. Retrying...
2022-10-05T02:53:56.9537770Z A path returned 202. Retrying...
2022-10-05T02:53:56.9538037Z A path returned 202. Retrying...
2022-10-05T02:53:56.9538314Z A path returned 202. Retrying...
2022-10-05T02:53:56.9538740Z A path returned 202. Retrying...
2022-10-05T02:53:56.9539028Z A path returned 202. Retrying...
2022-10-05T02:53:56.9539309Z A path returned 202. Retrying...
2022-10-05T02:53:56.9539585Z A path returned 202. Retrying...
2022-10-05T02:53:56.9539872Z A path returned 202. Retrying...
2022-10-05T02:53:56.9540137Z A path returned 202. Retrying...
2022-10-05T02:53:56.9540418Z A path returned 202. Retrying...
2022-10-05T02:53:56.9540695Z A path returned 202. Retrying...
2022-10-05T02:53:56.9540980Z A path returned 202. Retrying...
2022-10-05T02:53:56.9541263Z A path returned 202. Retrying...
2022-10-05T02:53:56.9541541Z A path returned 202. Retrying...
2022-10-05T02:53:56.9541904Z A path returned 202. Retrying...
2022-10-05T02:53:56.9542183Z A path returned 202. Retrying...
2022-10-05T02:53:56.9542462Z A path returned 202. Retrying...
2022-10-05T02:53:56.9542742Z A path returned 202. Retrying...
2022-10-05T02:53:56.9543022Z A path returned 202. Retrying...
2022-10-05T02:53:56.9543305Z A path returned 202. Retrying...
2022-10-05T02:53:56.9543569Z A path returned 202. Retrying...
2022-10-05T02:53:56.9543847Z A path returned 202. Retrying...
2022-10-05T02:53:56.9544123Z A path returned 202. Retrying...
2022-10-05T02:53:56.9544413Z A path returned 202. Retrying...
2022-10-05T02:53:56.9544690Z A path returned 202. Retrying...
2022-10-05T02:53:56.9544971Z A path returned 202. Retrying...
2022-10-05T02:53:56.9545247Z A path returned 202. Retrying...
2022-10-05T02:53:56.9545527Z A path returned 202. Retrying...
2022-10-05T02:53:56.9545789Z A path returned 202. Retrying...
2022-10-05T02:53:56.9546065Z A path returned 202. Retrying...
2022-10-05T02:53:56.9546345Z A path returned 202. Retrying...
2022-10-05T02:53:56.9546623Z A path returned 202. Retrying...
2022-10-05T02:53:56.9546904Z A path returned 202. Retrying...
2022-10-05T02:53:56.9547181Z A path returned 202. Retrying...
2022-10-05T02:53:56.9547462Z A path returned 202. Retrying...
2022-10-05T02:53:56.9547739Z A path returned 202. Retrying...
2022-10-05T02:53:56.9548006Z A path returned 202. Retrying...
2022-10-05T02:53:56.9548286Z A path returned 202. Retrying...
2022-10-05T02:53:56.9548564Z A path returned 202. Retrying...
2022-10-05T02:53:56.9548841Z A path returned 202. Retrying...
2022-10-05T02:53:56.9549125Z A path returned 202. Retrying...
2022-10-05T02:53:56.9549402Z A path returned 202. Retrying...
2022-10-05T02:53:56.9549681Z A path returned 202. Retrying...
2022-10-05T02:53:56.9549946Z A path returned 202. Retrying...
2022-10-05T02:53:56.9550224Z A path returned 202. Retrying...
2022-10-05T02:53:56.9550501Z A path returned 202. Retrying...
2022-10-05T02:53:56.9550781Z A path returned 202. Retrying...
2022-10-05T02:53:56.9551059Z A path returned 202. Retrying...
2022-10-05T02:53:56.9551340Z A path returned 202. Retrying...
2022-10-05T02:53:56.9551618Z A path returned 202. Retrying...
2022-10-05T02:53:56.9551899Z A path returned 202. Retrying...
2022-10-05T02:53:56.9552162Z A path returned 202. Retrying...
2022-10-05T02:53:56.9552443Z A path returned 202. Retrying...
2022-10-05T02:53:56.9552725Z A path returned 202. Retrying...
2022-10-05T02:53:56.9553006Z A path returned 202. Retrying...
2022-10-05T02:53:56.9553287Z A path returned 202. Retrying...
2022-10-05T02:53:56.9553660Z A path returned 202. Retrying...
2022-10-05T02:53:56.9553938Z A path returned 202. Retrying...
2022-10-05T02:53:56.9554216Z A path returned 202. Retrying...
2022-10-05T02:53:56.9554481Z A path returned 202. Retrying...
2022-10-05T02:53:56.9554761Z A path returned 202. Retrying...
2022-10-05T02:53:56.9555038Z A path returned 202. Retrying...
2022-10-05T02:53:56.9555318Z A path returned 202. Retrying...
2022-10-05T02:53:56.9555596Z A path returned 202. Retrying...
2022-10-05T02:53:56.9555879Z A path returned 202. Retrying...
2022-10-05T02:53:56.9556160Z A path returned 202. Retrying...
2022-10-05T02:53:56.9556424Z A path returned 202. Retrying...
2022-10-05T02:53:56.9556702Z A path returned 202. Retrying...
2022-10-05T02:53:56.9556978Z A path returned 202. Retrying...
2022-10-05T02:53:56.9557324Z A path returned 202. Retrying...
2022-10-05T02:53:56.9557612Z A path returned 202. Retrying...
2022-10-05T02:53:56.9557893Z A path returned 202. Retrying...
2022-10-05T02:53:56.9558173Z A path returned 202. Retrying...
2022-10-05T02:53:56.9558455Z A path returned 202. Retrying...
2022-10-05T02:53:56.9558720Z A path returned 202. Retrying...
2022-10-05T02:53:56.9558994Z A path returned 202. Retrying...
2022-10-05T02:53:56.9559272Z A path returned 202. Retrying...
2022-10-05T02:53:56.9559557Z A path returned 202. Retrying...
2022-10-05T02:53:56.9559837Z A path returned 202. Retrying...
2022-10-05T02:53:56.9560114Z A path returned 202. Retrying...
2022-10-05T02:53:56.9560391Z A path returned 202. Retrying...
2022-10-05T02:53:56.9560668Z A path returned 202. Retrying...
2022-10-05T02:53:56.9560933Z A path returned 202. Retrying...
2022-10-05T02:53:56.9561210Z A path returned 202. Retrying...
2022-10-05T02:53:56.9561649Z A path returned 202. Retrying...
2022-10-05T02:53:56.9561932Z A path returned 202. Retrying...
2022-10-05T02:53:56.9562211Z A path returned 202. Retrying...
2022-10-05T02:53:56.9562489Z A path returned 202. Retrying...
2022-10-05T02:53:56.9562768Z A path returned 202. Retrying...
2022-10-05T02:53:56.9563036Z A path returned 202. Retrying...
2022-10-05T02:53:56.9563314Z A path returned 202. Retrying...
2022-10-05T02:53:56.9563589Z A path returned 202. Retrying...
2022-10-05T02:53:56.9563870Z A path returned 202. Retrying...
2022-10-05T02:53:56.9564149Z A path returned 202. Retrying...
2022-10-05T02:53:56.9564426Z A path returned 202. Retrying...
2022-10-05T02:53:56.9564705Z A path returned 202. Retrying...
2022-10-05T02:53:56.9564986Z A path returned 202. Retrying...
2022-10-05T02:53:56.9565253Z A path returned 202. Retrying...
2022-10-05T02:53:56.9565527Z A path returned 202. Retrying...
2022-10-05T02:53:56.9565808Z A path returned 202. Retrying...
2022-10-05T02:53:56.9566083Z A path returned 202. Retrying...
2022-10-05T02:53:56.9566365Z A path returned 202. Retrying...
2022-10-05T02:53:56.9566645Z A path returned 202. Retrying...
2022-10-05T02:53:56.9566926Z A path returned 202. Retrying...
2022-10-05T02:53:56.9567200Z A path returned 202. Retrying...
2022-10-05T02:53:56.9567467Z A path returned 202. Retrying...
2022-10-05T02:53:56.9567748Z A path returned 202. Retrying...
2022-10-05T02:53:56.9568027Z A path returned 202. Retrying...
2022-10-05T02:53:56.9568305Z A path returned 202. Retrying...
2022-10-05T02:53:56.9568582Z A path returned 202. Retrying...
2022-10-05T02:53:56.9568859Z A path returned 202. Retrying...
2022-10-05T02:53:56.9569138Z A path returned 202. Retrying...
2022-10-05T02:53:56.9569437Z A path returned 202. Retrying...
2022-10-05T02:53:56.9569712Z A path returned 202. Retrying...
2022-10-05T02:53:56.9569988Z A path returned 202. Retrying...
2022-10-05T02:53:56.9570265Z A path returned 202. Retrying...
2022-10-05T02:53:56.9570548Z A path returned 202. Retrying...
2022-10-05T02:53:56.9570826Z A path returned 202. Retrying...
2022-10-05T02:53:56.9571105Z A path returned 202. Retrying...
2022-10-05T02:53:56.9571385Z A path returned 202. Retrying...
2022-10-05T02:53:56.9571651Z A path returned 202. Retrying...
2022-10-05T02:53:56.9571926Z A path returned 202. Retrying...
2022-10-05T02:53:56.9572310Z A path returned 202. Retrying...
2022-10-05T02:53:56.9572588Z A path returned 202. Retrying...
2022-10-05T02:53:56.9572869Z A path returned 202. Retrying...
2022-10-05T02:53:56.9573147Z A path returned 202. Retrying...
2022-10-05T02:53:56.9573425Z A path returned 202. Retrying...
2022-10-05T02:53:56.9573705Z A path returned 202. Retrying...
2022-10-05T02:53:56.9573970Z A path returned 202. Retrying...
2022-10-05T02:53:56.9574250Z A path returned 202. Retrying...
2022-10-05T02:53:56.9574531Z A path returned 202. Retrying...
2022-10-05T02:53:56.9574812Z A path returned 202. Retrying...
2022-10-05T02:53:56.9575094Z A path returned 202. Retrying...
2022-10-05T02:53:56.9575370Z A path returned 202. Retrying...
2022-10-05T02:53:56.9575648Z A path returned 202. Retrying...
2022-10-05T02:53:56.9575981Z A path returned 202. Retrying...
2022-10-05T02:53:56.9576266Z A path returned 202. Retrying...
2022-10-05T02:53:56.9576543Z A path returned 202. Retrying...
2022-10-05T02:53:56.9576823Z A path returned 202. Retrying...
2022-10-05T02:53:56.9577108Z A path returned 202. Retrying...
2022-10-05T02:53:56.9577386Z A path returned 202. Retrying...
2022-10-05T02:53:56.9577665Z A path returned 202. Retrying...
2022-10-05T02:53:56.9577944Z A path returned 202. Retrying...
2022-10-05T02:53:56.9578207Z A path returned 202. Retrying...
2022-10-05T02:53:56.9578484Z A path returned 202. Retrying...
2022-10-05T02:53:56.9578763Z A path returned 202. Retrying...
2022-10-05T02:53:56.9579045Z A path returned 202. Retrying...
2022-10-05T02:53:56.9579324Z A path returned 202. Retrying...
2022-10-05T02:53:56.9579601Z A path returned 202. Retrying...
2022-10-05T02:53:56.9579877Z A path returned 202. Retrying...
2022-10-05T02:53:56.9580154Z A path returned 202. Retrying...
2022-10-05T02:53:56.9580422Z A path returned 202. Retrying...
2022-10-05T02:53:56.9580699Z A path returned 202. Retrying...
2022-10-05T02:53:56.9580976Z A path returned 202. Retrying...
2022-10-05T02:53:56.9581255Z A path returned 202. Retrying...
2022-10-05T02:53:56.9581538Z A path returned 202. Retrying...
2022-10-05T02:53:56.9581816Z A path returned 202. Retrying...
2022-10-05T02:53:56.9582094Z A path returned 202. Retrying...
2022-10-05T02:53:56.9582357Z A path returned 202. Retrying...
2022-10-05T02:53:56.9582634Z A path returned 202. Retrying...
2022-10-05T02:53:56.9582909Z A path returned 202. Retrying...
2022-10-05T02:53:56.9583189Z A path returned 202. Retrying...
2022-10-05T02:53:56.9583473Z A path returned 202. Retrying...
2022-10-05T02:53:56.9583751Z A path returned 202. Retrying...
2022-10-05T02:53:56.9584028Z A path returned 202. Retrying...
2022-10-05T02:53:56.9584309Z A path returned 202. Retrying...
2022-10-05T02:53:56.9584577Z A path returned 202. Retrying...
2022-10-05T02:53:56.9584890Z A path returned 202. Retrying...
2022-10-05T02:53:56.9585175Z A path returned 202. Retrying...
2022-10-05T02:53:56.9585455Z A path returned 202. Retrying...
2022-10-05T02:53:56.9585736Z A path returned 202. Retrying...
2022-10-05T02:53:56.9586015Z A path returned 202. Retrying...
2022-10-05T02:53:56.9586295Z A path returned 202. Retrying...
2022-10-05T02:53:56.9586575Z A path returned 202. Retrying...
2022-10-05T02:53:56.9586838Z A path returned 202. Retrying...
2022-10-05T02:53:56.9587118Z A path returned 202. Retrying...
2022-10-05T02:53:56.9587398Z A path returned 202. Retrying...
2022-10-05T02:53:56.9587679Z A path returned 202. Retrying...
2022-10-05T02:53:56.9587959Z A path returned 202. Retrying...
2022-10-05T02:53:56.9588237Z A path returned 202. Retrying...
2022-10-05T02:53:56.9588520Z A path returned 202. Retrying...
2022-10-05T02:53:56.9588782Z A path returned 202. Retrying...
2022-10-05T02:53:56.9589059Z A path returned 202. Retrying...
2022-10-05T02:53:56.9589338Z A path returned 202. Retrying...
2022-10-05T02:53:56.9589622Z A path returned 202. Retrying...
2022-10-05T02:53:56.9589900Z A path returned 202. Retrying...
2022-10-05T02:53:56.9590181Z A path returned 202. Retrying...
2022-10-05T02:53:56.9590458Z A path returned 202. Retrying...
2022-10-05T02:53:56.9590808Z A path returned 202. Retrying...
2022-10-05T02:53:56.9591072Z A path returned 202. Retrying...
2022-10-05T02:53:56.9591351Z A path returned 202. Retrying...
2022-10-05T02:53:56.9591633Z A path returned 202. Retrying...
2022-10-05T02:53:56.9591910Z A path returned 202. Retrying...
2022-10-05T02:53:56.9592191Z A path returned 202. Retrying...
2022-10-05T02:53:56.9592469Z A path returned 202. Retrying...
2022-10-05T02:53:56.9592748Z A path returned 202. Retrying...
2022-10-05T02:53:56.9593028Z A path returned 202. Retrying...
2022-10-05T02:53:56.9593294Z A path returned 202. Retrying...
2022-10-05T02:53:56.9593571Z A path returned 202. Retrying...
2022-10-05T02:53:56.9593852Z A path returned 202. Retrying...
2022-10-05T02:53:56.9594133Z A path returned 202. Retrying...
2022-10-05T02:53:56.9594481Z A path returned 202. Retrying...
2022-10-05T02:53:56.9594766Z A path returned 202. Retrying...
2022-10-05T02:53:56.9595045Z A path returned 202. Retrying...
2022-10-05T02:53:56.9595307Z A path returned 202. Retrying...
2022-10-05T02:53:56.9595592Z A path returned 202. Retrying...
2022-10-05T02:53:56.9595867Z A path returned 202. Retrying...
2022-10-05T02:53:56.9596148Z A path returned 202. Retrying...
2022-10-05T02:53:56.9596427Z A path returned 202. Retrying...
2022-10-05T02:53:56.9596707Z A path returned 202. Retrying...
2022-10-05T02:53:56.9596986Z A path returned 202. Retrying...
2022-10-05T02:53:56.9597267Z A path returned 202. Retrying...
2022-10-05T02:53:56.9597530Z A path returned 202. Retrying...
2022-10-05T02:53:56.9597808Z A path returned 202. Retrying...
2022-10-05T02:53:56.9598086Z A path returned 202. Retrying...
2022-10-05T02:53:56.9598362Z A path returned 202. Retrying...
2022-10-05T02:53:56.9598642Z A path returned 202. Retrying...
2022-10-05T02:53:56.9598924Z A path returned 202. Retrying...
2022-10-05T02:53:56.9599201Z A path returned 202. Retrying...
2022-10-05T02:53:56.9599478Z A path returned 202. Retrying...
2022-10-05T02:53:56.9599743Z A path returned 202. Retrying...
2022-10-05T02:53:56.9600023Z A path returned 202. Retrying...
2022-10-05T02:53:56.9600303Z A path returned 202. Retrying...
2022-10-05T02:53:56.9600586Z A path returned 202. Retrying...
2022-10-05T02:53:56.9600865Z A path returned 202. Retrying...
2022-10-05T02:53:56.9601145Z A path returned 202. Retrying...
2022-10-05T02:53:56.9601524Z A path returned 202. Retrying...
2022-10-05T02:53:56.9601791Z A path returned 202. Retrying...
2022-10-05T02:53:56.9602070Z A path returned 202. Retrying...
2022-10-05T02:53:56.9602345Z A path returned 202. Retrying...
2022-10-05T02:53:56.9602623Z A path returned 202. Retrying...
2022-10-05T03:02:43.3489974Z A path returned 202. Retrying...
2022-10-05T03:02:43.3490334Z A path returned 202. Retrying...
2022-10-05T03:02:43.3490614Z A path returned 202. Retrying...
2022-10-05T03:02:43.3490916Z A path returned 202. Retrying...
2022-10-05T03:02:43.3491201Z A path returned 202. Retrying...
2022-10-05T03:02:43.3491481Z A path returned 202. Retrying...
2022-10-05T03:02:43.3491764Z A path returned 202. Retrying...
2022-10-05T03:02:43.3492053Z A path returned 202. Retrying...
2022-10-05T03:02:43.3492334Z A path returned 202. Retrying...
2022-10-05T03:02:43.3492597Z A path returned 202. Retrying...
2022-10-05T03:02:43.3492875Z A path returned 202. Retrying...
2022-10-05T03:02:43.3493150Z A path returned 202. Retrying...
2022-10-05T03:02:43.3493429Z A path returned 202. Retrying...
2022-10-05T03:02:43.3493708Z A path returned 202. Retrying...
2022-10-05T03:02:43.3493985Z A path returned 202. Retrying...
2022-10-05T03:02:43.3494260Z A path returned 202. Retrying...
2022-10-05T03:02:43.3494538Z A path returned 202. Retrying...
2022-10-05T03:02:43.3494799Z A path returned 202. Retrying...
2022-10-05T03:02:43.3495073Z A path returned 202. Retrying...
2022-10-05T03:02:43.3495350Z A path returned 202. Retrying...
2022-10-05T03:02:43.3495630Z A path returned 202. Retrying...
2022-10-05T03:02:43.3495910Z A path returned 202. Retrying...
2022-10-05T03:02:43.3496184Z A path returned 202. Retrying...
2022-10-05T03:02:43.3496835Z A path returned 202. Retrying...
2022-10-05T03:02:43.3497114Z A path returned 202. Retrying...
2022-10-05T03:02:43.3497379Z A path returned 202. Retrying...
2022-10-05T03:02:43.3497751Z A path returned 202. Retrying...
2022-10-05T03:02:43.3498027Z A path returned 202. Retrying...
2022-10-05T03:02:43.3498302Z A path returned 202. Retrying...
2022-10-05T03:02:43.3498567Z A path returned 202. Retrying...
2022-10-05T03:02:43.3498840Z A path returned 202. Retrying...
2022-10-05T03:02:43.3499116Z A path returned 202. Retrying...
2022-10-05T03:02:43.3499393Z A path returned 202. Retrying...
2022-10-05T03:02:43.3499668Z A path returned 202. Retrying...
2022-10-05T03:02:43.3499945Z A path returned 202. Retrying...
2022-10-05T03:02:43.3500221Z A path returned 202. Retrying...
2022-10-05T03:02:43.3500600Z A path returned 202. Retrying...
2022-10-05T03:02:43.3500871Z A path returned 202. Retrying...
2022-10-05T03:02:43.3501145Z A path returned 202. Retrying...
2022-10-05T03:02:43.3501425Z A path returned 202. Retrying...
2022-10-05T03:02:43.3501708Z A path returned 202. Retrying...
2022-10-05T03:02:43.3501986Z A path returned 202. Retrying...
2022-10-05T03:02:43.3502263Z A path returned 202. Retrying...
2022-10-05T03:02:43.3502541Z A path returned 202. Retrying...
2022-10-05T03:02:43.3502805Z A path returned 202. Retrying...
2022-10-05T03:02:43.3503086Z A path returned 202. Retrying...
2022-10-05T03:02:43.3503362Z A path returned 202. Retrying...
2022-10-05T03:02:43.3503640Z A path returned 202. Retrying...
2022-10-05T03:02:43.3503919Z A path returned 202. Retrying...
2022-10-05T03:02:43.3504195Z A path returned 202. Retrying...
2022-10-05T03:02:43.3504474Z A path returned 202. Retrying...
2022-10-05T03:02:43.3504751Z A path returned 202. Retrying...
2022-10-05T03:02:43.3505015Z A path returned 202. Retrying...
2022-10-05T03:02:43.3505295Z A path returned 202. Retrying...
2022-10-05T03:02:43.3505572Z A path returned 202. Retrying...
2022-10-05T03:02:43.3505849Z A path returned 202. Retrying...
2022-10-05T03:02:43.3506130Z A path returned 202. Retrying...
2022-10-05T03:02:43.3506408Z A path returned 202. Retrying...
2022-10-05T03:02:43.3506683Z A path returned 202. Retrying...
2022-10-05T03:02:43.3506959Z A path returned 202. Retrying...
2022-10-05T03:02:43.3507222Z A path returned 202. Retrying...
2022-10-05T03:02:43.3507496Z A path returned 202. Retrying...
2022-10-05T03:02:43.3507774Z A path returned 202. Retrying...
2022-10-05T03:02:43.3508054Z A path returned 202. Retrying...
2022-10-05T03:02:43.3508330Z A path returned 202. Retrying...
2022-10-05T03:02:43.3508605Z A path returned 202. Retrying...
2022-10-05T03:02:43.3508881Z A path returned 202. Retrying...
2022-10-05T03:02:43.3509146Z A path returned 202. Retrying...
2022-10-05T03:02:43.3509424Z A path returned 202. Retrying...
2022-10-05T03:02:43.3509701Z A path returned 202. Retrying...
2022-10-05T03:02:43.3509978Z A path returned 202. Retrying...
2022-10-05T03:02:43.3510257Z A path returned 202. Retrying...
2022-10-05T03:02:43.3510531Z A path returned 202. Retrying...
2022-10-05T03:02:43.3510810Z A path returned 202. Retrying...
2022-10-05T03:02:43.3511085Z A path returned 202. Retrying...
2022-10-05T03:02:43.3511348Z A path returned 202. Retrying...
2022-10-05T03:02:43.3511621Z A path returned 202. Retrying...
2022-10-05T03:02:43.3511896Z A path returned 202. Retrying...
2022-10-05T03:02:43.3512177Z A path returned 202. Retrying...
2022-10-05T03:02:43.3512452Z A path returned 202. Retrying...
2022-10-05T03:02:43.3512727Z A path returned 202. Retrying...
2022-10-05T03:02:43.3513001Z A path returned 202. Retrying...
2022-10-05T03:02:43.3513279Z A path returned 202. Retrying...
2022-10-05T03:02:43.3513540Z A path returned 202. Retrying...
2022-10-05T03:02:43.3513813Z A path returned 202. Retrying...
2022-10-05T03:02:43.3514091Z A path returned 202. Retrying...
2022-10-05T03:02:43.3514370Z A path returned 202. Retrying...
2022-10-05T03:02:43.3514652Z A path returned 202. Retrying...
2022-10-05T03:02:43.3514929Z A path returned 202. Retrying...
2022-10-05T03:02:43.3515298Z A path returned 202. Retrying...
2022-10-05T03:02:43.3515559Z A path returned 202. Retrying...
2022-10-05T03:02:43.3515839Z A path returned 202. Retrying...
2022-10-05T03:02:43.3516115Z A path returned 202. Retrying...
2022-10-05T03:02:43.3516390Z A path returned 202. Retrying...
2022-10-05T03:02:43.3516670Z A path returned 202. Retrying...
2022-10-05T03:02:43.3516947Z A path returned 202. Retrying...
2022-10-05T03:02:43.3517225Z A path returned 202. Retrying...
2022-10-05T03:02:43.3517501Z A path returned 202. Retrying...
2022-10-05T03:02:43.3517763Z A path returned 202. Retrying...
2022-10-05T03:02:43.3518037Z A path returned 202. Retrying...
2022-10-05T03:02:43.3518313Z A path returned 202. Retrying...
2022-10-05T03:02:43.3518590Z A path returned 202. Retrying...
2022-10-05T03:02:43.3518926Z A path returned 202. Retrying...
2022-10-05T03:02:43.3519208Z A path returned 202. Retrying...
2022-10-05T03:02:43.3519482Z A path returned 202. Retrying...
2022-10-05T03:02:43.3519759Z A path returned 202. Retrying...
2022-10-05T03:02:43.3520070Z A path returned 202. Retrying...
2022-10-05T03:02:43.3520348Z A path returned 202. Retrying...
2022-10-05T03:02:43.3520627Z A path returned 202. Retrying...
2022-10-05T03:02:43.3520904Z A path returned 202. Retrying...
2022-10-05T03:02:43.3521181Z A path returned 202. Retrying...
2022-10-05T03:02:43.3521623Z A path returned 202. Retrying...
2022-10-05T03:02:43.3521902Z A path returned 202. Retrying...
2022-10-05T03:02:43.3522164Z A path returned 202. Retrying...
2022-10-05T03:02:43.3522440Z A path returned 202. Retrying...
2022-10-05T03:02:43.3522715Z A path returned 202. Retrying...
2022-10-05T03:02:43.3522991Z A path returned 202. Retrying...
2022-10-05T03:02:43.3523270Z A path returned 202. Retrying...
2022-10-05T03:02:43.3523546Z A path returned 202. Retrying...
2022-10-05T03:02:43.3523826Z A path returned 202. Retrying...
2022-10-05T03:02:43.3524099Z A path returned 202. Retrying...
2022-10-05T03:02:43.3524362Z A path returned 202. Retrying...
2022-10-05T03:02:43.3524640Z A path returned 202. Retrying...
2022-10-05T03:02:43.3524916Z A path returned 202. Retrying...
2022-10-05T03:02:43.3525193Z A path returned 202. Retrying...
2022-10-05T03:02:43.3525472Z A path returned 202. Retrying...
2022-10-05T03:02:43.3525747Z A path returned 202. Retrying...
2022-10-05T03:02:43.3526023Z A path returned 202. Retrying...
2022-10-05T03:02:43.3526298Z A path returned 202. Retrying...
2022-10-05T03:02:43.3526559Z A path returned 202. Retrying...
2022-10-05T03:02:43.3526833Z A path returned 202. Retrying...
2022-10-05T03:02:43.3527109Z A path returned 202. Retrying...
2022-10-05T03:02:43.3527383Z A path returned 202. Retrying...
2022-10-05T03:02:43.3527661Z A path returned 202. Retrying...
2022-10-05T03:02:43.3527934Z A path returned 202. Retrying...
2022-10-05T03:02:43.3528212Z A path returned 202. Retrying...
2022-10-05T03:02:43.3528472Z A path returned 202. Retrying...
2022-10-05T03:02:43.3528747Z A path returned 202. Retrying...
2022-10-05T03:02:43.3529021Z A path returned 202. Retrying...
2022-10-05T03:02:43.3529301Z A path returned 202. Retrying...
2022-10-05T03:02:43.3529578Z A path returned 202. Retrying...
2022-10-05T03:02:43.3529852Z A path returned 202. Retrying...
2022-10-05T03:02:43.3530129Z A path returned 202. Retrying...
2022-10-05T03:02:43.3530403Z A path returned 202. Retrying...
2022-10-05T03:02:43.3530666Z A path returned 202. Retrying...
2022-10-05T03:02:43.3530937Z A path returned 202. Retrying...
2022-10-05T03:02:43.3531212Z A path returned 202. Retrying...
2022-10-05T03:02:43.3531487Z A path returned 202. Retrying...
2022-10-05T03:02:43.3531760Z A path returned 202. Retrying...
2022-10-05T03:02:43.3532036Z A path returned 202. Retrying...
2022-10-05T03:02:43.3532311Z A path returned 202. Retrying...
2022-10-05T03:02:43.3532587Z A path returned 202. Retrying...
2022-10-05T03:02:43.3532851Z A path returned 202. Retrying...
2022-10-05T03:02:43.3533125Z A path returned 202. Retrying...
2022-10-05T03:02:43.3533401Z A path returned 202. Retrying...
2022-10-05T03:02:43.3533783Z A path returned 202. Retrying...
2022-10-05T03:02:43.3534062Z A path returned 202. Retrying...
2022-10-05T03:02:43.3534337Z A path returned 202. Retrying...
2022-10-05T03:02:43.3534615Z A path returned 202. Retrying...
2022-10-05T03:02:43.3534879Z A path returned 202. Retrying...
2022-10-05T03:02:43.3535157Z A path returned 202. Retrying...
2022-10-05T03:02:43.3535433Z A path returned 202. Retrying...
2022-10-05T03:02:43.3535710Z A path returned 202. Retrying...
2022-10-05T03:02:43.3535988Z A path returned 202. Retrying...
2022-10-05T03:02:43.3536264Z A path returned 202. Retrying...
2022-10-05T03:02:43.3536541Z A path returned 202. Retrying...
2022-10-05T03:02:43.3536817Z A path returned 202. Retrying...
2022-10-05T03:02:43.3537079Z A path returned 202. Retrying...
2022-10-05T03:02:43.3537419Z A path returned 202. Retrying...
2022-10-05T03:02:43.3537699Z A path returned 202. Retrying...
2022-10-05T03:02:43.3537975Z A path returned 202. Retrying...
2022-10-05T03:02:43.3538253Z A path returned 202. Retrying...
2022-10-05T03:02:43.3538534Z A path returned 202. Retrying...
2022-10-05T03:02:43.3538809Z A path returned 202. Retrying...
2022-10-05T03:02:43.3539084Z A path returned 202. Retrying...
2022-10-05T03:02:43.3539347Z A path returned 202. Retrying...
2022-10-05T03:02:43.3539619Z A path returned 202. Retrying...
2022-10-05T03:02:43.3539898Z A path returned 202. Retrying...
2022-10-05T03:02:43.3540174Z A path returned 202. Retrying...
2022-10-05T03:02:43.3540452Z A path returned 202. Retrying...
2022-10-05T03:02:43.3540728Z A path returned 202. Retrying...
2022-10-05T03:02:43.3541005Z A path returned 202. Retrying...
2022-10-05T03:02:43.3541266Z A path returned 202. Retrying...
2022-10-05T03:02:43.3541543Z A path returned 202. Retrying...
2022-10-05T03:02:43.3541817Z A path returned 202. Retrying...
2022-10-05T03:02:43.3542097Z A path returned 202. Retrying...
2022-10-05T03:02:43.3542372Z A path returned 202. Retrying...
2022-10-05T03:02:43.3542648Z A path returned 202. Retrying...
2022-10-05T03:02:43.3542928Z A path returned 202. Retrying...
2022-10-05T03:02:43.3543206Z A path returned 202. Retrying...
2022-10-05T03:02:43.3543468Z A path returned 202. Retrying...
2022-10-05T03:02:43.3543742Z A path returned 202. Retrying...
2022-10-05T03:02:43.3544017Z A path returned 202. Retrying...
2022-10-05T03:02:43.3544292Z A path returned 202. Retrying...
2022-10-05T03:02:43.3544566Z A path returned 202. Retrying...
2022-10-05T03:02:43.3544843Z A path returned 202. Retrying...
2022-10-05T03:02:43.3545118Z A path returned 202. Retrying...
2022-10-05T03:02:43.3545395Z A path returned 202. Retrying...
2022-10-05T03:02:43.3545657Z A path returned 202. Retrying...
2022-10-05T03:02:43.3545933Z A path returned 202. Retrying...
2022-10-05T03:02:43.3546208Z A path returned 202. Retrying...
2022-10-05T03:02:43.3546488Z A path returned 202. Retrying...
2022-10-05T03:02:43.3546765Z A path returned 202. Retrying...
2022-10-05T03:02:43.3547042Z A path returned 202. Retrying...
2022-10-05T03:02:43.3547318Z A path returned 202. Retrying...
2022-10-05T03:02:43.3547583Z A path returned 202. Retrying...
2022-10-05T03:02:43.3547861Z A path returned 202. Retrying...
2022-10-05T03:02:43.3548135Z A path returned 202. Retrying...
2022-10-05T03:02:43.3548410Z A path returned 202. Retrying...
2022-10-05T03:02:43.3548685Z A path returned 202. Retrying...
2022-10-05T03:02:43.3548960Z A path returned 202. Retrying...
2022-10-05T03:02:43.3549238Z A path returned 202. Retrying...
2022-10-05T03:02:43.3549511Z A path returned 202. Retrying...
2022-10-05T03:02:43.3549772Z A path returned 202. Retrying...
2022-10-05T03:02:43.3550047Z A path returned 202. Retrying...
2022-10-05T03:02:43.3550320Z A path returned 202. Retrying...
2022-10-05T03:02:43.3550598Z A path returned 202. Retrying...
2022-10-05T03:02:43.3550873Z A path returned 202. Retrying...
2022-10-05T03:02:43.3551152Z A path returned 202. Retrying...
2022-10-05T03:02:43.3551428Z A path returned 202. Retrying...
2022-10-05T03:02:43.3551703Z A path returned 202. Retrying...
2022-10-05T03:02:43.3552039Z A path returned 202. Retrying...
2022-10-05T03:02:43.3552310Z A path returned 202. Retrying...
2022-10-05T03:02:43.3552586Z A path returned 202. Retrying...
2022-10-05T03:02:43.3552863Z A path returned 202. Retrying...
2022-10-05T03:02:43.3553141Z A path returned 202. Retrying...
2022-10-05T03:02:43.3553417Z A path returned 202. Retrying...
2022-10-05T03:02:43.3553694Z A path returned 202. Retrying...
2022-10-05T03:02:43.3553957Z A path returned 202. Retrying...
2022-10-05T03:02:43.3554234Z A path returned 202. Retrying...
2022-10-05T03:02:43.3554507Z A path returned 202. Retrying...
2022-10-05T03:02:43.3554782Z A path returned 202. Retrying...
2022-10-05T03:02:43.3555056Z A path returned 202. Retrying...
2022-10-05T03:02:43.3555332Z A path returned 202. Retrying...
2022-10-05T03:02:43.3555663Z A path returned 202. Retrying...
2022-10-05T03:02:43.3555943Z A path returned 202. Retrying...
2022-10-05T03:02:43.3556205Z A path returned 202. Retrying...
2022-10-05T03:02:43.3556481Z A path returned 202. Retrying...
2022-10-05T03:02:43.3556757Z A path returned 202. Retrying...
2022-10-05T03:02:43.3557035Z A path returned 202. Retrying...
2022-10-05T03:02:43.3557311Z A path returned 202. Retrying...
2022-10-05T03:02:43.3557589Z A path returned 202. Retrying...
2022-10-05T03:02:43.3557864Z A path returned 202. Retrying...
2022-10-05T03:02:43.3558141Z A path returned 202. Retrying...
2022-10-05T03:02:43.3558402Z A path returned 202. Retrying...
2022-10-05T03:02:43.3558675Z A path returned 202. Retrying...
2022-10-05T03:02:43.3558952Z A path returned 202. Retrying...
2022-10-05T03:02:43.3559230Z A path returned 202. Retrying...
2022-10-05T03:11:28.1408687Z A path returned 202. Retrying...
2022-10-05T03:11:28.1409323Z A path returned 202. Retrying...
2022-10-05T03:11:28.1409731Z A path returned 202. Retrying...
2022-10-05T03:11:28.1410155Z A path returned 202. Retrying...
2022-10-05T03:11:28.1410591Z A path returned 202. Retrying...
2022-10-05T03:11:28.1410977Z A path returned 202. Retrying...
2022-10-05T03:11:28.1411368Z A path returned 202. Retrying...
2022-10-05T03:11:28.1411772Z A path returned 202. Retrying...
2022-10-05T03:11:28.1412622Z A path returned 202. Retrying...
2022-10-05T03:11:28.1412956Z A path returned 202. Retrying...
2022-10-05T03:11:28.1413253Z A path returned 202. Retrying...
2022-10-05T03:11:28.1413661Z A path returned 202. Retrying...
2022-10-05T03:11:28.1414065Z A path returned 202. Retrying...
2022-10-05T03:11:28.1414462Z A path returned 202. Retrying...
2022-10-05T03:11:28.1414858Z A path returned 202. Retrying...
2022-10-05T03:11:28.1415248Z A path returned 202. Retrying...
2022-10-05T03:11:28.1415642Z A path returned 202. Retrying...
2022-10-05T03:11:28.1416034Z A path returned 202. Retrying...
2022-10-05T03:11:28.1416414Z A path returned 202. Retrying...
2022-10-05T03:11:28.1416813Z A path returned 202. Retrying...
2022-10-05T03:11:28.1417200Z A path returned 202. Retrying...
2022-10-05T03:11:28.1417587Z A path returned 202. Retrying...
2022-10-05T03:11:28.1417965Z A path returned 202. Retrying...
2022-10-05T03:11:28.1418356Z A path returned 202. Retrying...
2022-10-05T03:11:28.1418752Z A path returned 202. Retrying...
2022-10-05T03:11:28.1419150Z A path returned 202. Retrying...
2022-10-05T03:11:28.1419535Z A path returned 202. Retrying...
2022-10-05T03:11:28.1419929Z A path returned 202. Retrying...
2022-10-05T03:11:28.1420324Z A path returned 202. Retrying...
2022-10-05T03:11:28.1420715Z A path returned 202. Retrying...
2022-10-05T03:11:28.1421105Z A path returned 202. Retrying...
2022-10-05T03:11:28.1421488Z A path returned 202. Retrying...
2022-10-05T03:11:28.1421877Z A path returned 202. Retrying...
2022-10-05T03:11:28.1422262Z A path returned 202. Retrying...
2022-10-05T03:11:28.1422644Z A path returned 202. Retrying...
2022-10-05T03:11:28.1423020Z A path returned 202. Retrying...
2022-10-05T03:11:28.1423416Z A path returned 202. Retrying...
2022-10-05T03:11:28.1423818Z A path returned 202. Retrying...
2022-10-05T03:11:28.1424212Z A path returned 202. Retrying...
2022-10-05T03:11:28.1424607Z A path returned 202. Retrying...
2022-10-05T03:11:28.1425417Z A path returned 202. Retrying...
2022-10-05T03:11:28.1425807Z A path returned 202. Retrying...
2022-10-05T03:11:28.1426206Z A path returned 202. Retrying...
2022-10-05T03:11:28.1426606Z A path returned 202. Retrying...
2022-10-05T03:11:28.1426995Z A path returned 202. Retrying...
2022-10-05T03:11:28.1427378Z A path returned 202. Retrying...
2022-10-05T03:11:28.1427768Z A path returned 202. Retrying...
2022-10-05T03:11:28.1428144Z A path returned 202. Retrying...
2022-10-05T03:11:28.1428540Z A path returned 202. Retrying...
2022-10-05T03:11:28.1428936Z A path returned 202. Retrying...
2022-10-05T03:11:28.1429324Z A path returned 202. Retrying...
2022-10-05T03:11:28.1429724Z A path returned 202. Retrying...
2022-10-05T03:11:28.1430247Z A path returned 202. Retrying...
2022-10-05T03:11:28.1430661Z A path returned 202. Retrying...
2022-10-05T03:11:28.1431049Z A path returned 202. Retrying...
2022-10-05T03:11:28.1431433Z A path returned 202. Retrying...
2022-10-05T03:11:28.1431821Z A path returned 202. Retrying...
2022-10-05T03:11:28.1432206Z A path returned 202. Retrying...
2022-10-05T03:11:28.1432597Z A path returned 202. Retrying...
2022-10-05T03:11:28.1432972Z A path returned 202. Retrying...
2022-10-05T03:11:28.1433366Z A path returned 202. Retrying...
2022-10-05T03:11:28.1433767Z A path returned 202. Retrying...
2022-10-05T03:11:28.1434153Z A path returned 202. Retrying...
2022-10-05T03:11:28.1434547Z A path returned 202. Retrying...
2022-10-05T03:11:28.1434940Z A path returned 202. Retrying...
2022-10-05T03:11:28.1435328Z A path returned 202. Retrying...
2022-10-05T03:11:28.1435796Z A path returned 202. Retrying...
2022-10-05T03:11:28.1436141Z A path returned 202. Retrying...
2022-10-05T03:11:28.1436490Z A path returned 202. Retrying...
2022-10-05T03:11:28.1436831Z A path returned 202. Retrying...
2022-10-05T03:11:28.1437173Z A path returned 202. Retrying...
2022-10-05T03:11:28.1437505Z A path returned 202. Retrying...
2022-10-05T03:11:28.1437848Z A path returned 202. Retrying...
2022-10-05T03:11:28.1438204Z A path returned 202. Retrying...
2022-10-05T03:11:28.1438557Z A path returned 202. Retrying...
2022-10-05T03:11:28.1438904Z A path returned 202. Retrying...
2022-10-05T03:11:28.1439311Z A path returned 202. Retrying...
2022-10-05T03:11:28.1439658Z A path returned 202. Retrying...
2022-10-05T03:11:28.1440001Z A path returned 202. Retrying...
2022-10-05T03:11:28.1440349Z A path returned 202. Retrying...
2022-10-05T03:11:28.1440689Z A path returned 202. Retrying...
2022-10-05T03:11:28.1441037Z A path returned 202. Retrying...
2022-10-05T03:11:28.1441574Z A path returned 202. Retrying...
2022-10-05T03:11:28.1441913Z A path returned 202. Retrying...
2022-10-05T03:11:28.1442258Z A path returned 202. Retrying...
2022-10-05T03:11:28.1442608Z A path returned 202. Retrying...
2022-10-05T03:11:28.1442949Z A path returned 202. Retrying...
2022-10-05T03:11:28.1443301Z A path returned 202. Retrying...
2022-10-05T03:11:28.1443646Z A path returned 202. Retrying...
2022-10-05T03:11:28.1443990Z A path returned 202. Retrying...
2022-10-05T03:11:28.1444331Z A path returned 202. Retrying...
2022-10-05T03:11:28.1444673Z A path returned 202. Retrying...
2022-10-05T03:11:28.1445015Z A path returned 202. Retrying...
2022-10-05T03:11:28.1445366Z A path returned 202. Retrying...
2022-10-05T03:11:28.1445714Z A path returned 202. Retrying...
2022-10-05T03:11:28.1446042Z A path returned 202. Retrying...
2022-10-05T03:11:28.1446389Z A path returned 202. Retrying...
2022-10-05T03:11:28.1446739Z A path returned 202. Retrying...
2022-10-05T03:11:28.1447079Z A path returned 202. Retrying...
2022-10-05T03:11:28.1447424Z A path returned 202. Retrying...
2022-10-05T03:11:28.1447771Z A path returned 202. Retrying...
2022-10-05T03:11:28.1448118Z A path returned 202. Retrying...
2022-10-05T03:11:28.1448467Z A path returned 202. Retrying...
2022-10-05T03:11:28.1448816Z A path returned 202. Retrying...
2022-10-05T03:11:28.1449163Z A path returned 202. Retrying...
2022-10-05T03:11:28.1449510Z A path returned 202. Retrying...
2022-10-05T03:11:28.1449965Z A path returned 202. Retrying...
2022-10-05T03:11:28.1450311Z A path returned 202. Retrying...
2022-10-05T03:11:28.1450646Z A path returned 202. Retrying...
2022-10-05T03:11:28.1450991Z A path returned 202. Retrying...
2022-10-05T03:11:28.1451336Z A path returned 202. Retrying...
2022-10-05T03:11:28.1451681Z A path returned 202. Retrying...
2022-10-05T03:11:28.1452030Z A path returned 202. Retrying...
2022-10-05T03:11:28.1452375Z A path returned 202. Retrying...
2022-10-05T03:11:28.1452713Z A path returned 202. Retrying...
2022-10-05T03:11:28.1453060Z A path returned 202. Retrying...
2022-10-05T03:11:28.1453409Z A path returned 202. Retrying...
2022-10-05T03:11:28.1453754Z A path returned 202. Retrying...
2022-10-05T03:11:28.1454174Z A path returned 202. Retrying...
2022-10-05T03:11:28.1454538Z A path returned 202. Retrying...
2022-10-05T03:11:28.1454868Z A path returned 202. Retrying...
2022-10-05T03:11:28.1455215Z A path returned 202. Retrying...
2022-10-05T03:11:28.1455565Z A path returned 202. Retrying...
2022-10-05T03:11:28.1455918Z A path returned 202. Retrying...
2022-10-05T03:11:28.1456214Z A path returned 202. Retrying...
2022-10-05T03:11:28.1456479Z A path returned 202. Retrying...
2022-10-05T03:11:28.1456752Z A path returned 202. Retrying...
2022-10-05T03:11:28.1457020Z A path returned 202. Retrying...
2022-10-05T03:11:28.1457287Z A path returned 202. Retrying...
2022-10-05T03:11:28.1457543Z A path returned 202. Retrying...
2022-10-05T03:11:28.1457813Z A path returned 202. Retrying...
2022-10-05T03:11:28.1458172Z A path returned 202. Retrying...
2022-10-05T03:11:28.1458513Z A path returned 202. Retrying...
2022-10-05T03:11:28.1458866Z A path returned 202. Retrying...
2022-10-05T03:11:28.1459206Z A path returned 202. Retrying...
2022-10-05T03:11:28.1459552Z A path returned 202. Retrying...
2022-10-05T03:11:28.1459897Z A path returned 202. Retrying...
2022-10-05T03:11:28.1460235Z A path returned 202. Retrying...
2022-10-05T03:11:28.1460574Z A path returned 202. Retrying...
2022-10-05T03:11:28.1460929Z A path returned 202. Retrying...
2022-10-05T03:11:28.1461271Z A path returned 202. Retrying...
2022-10-05T03:11:28.1461595Z A path returned 202. Retrying...
2022-10-05T03:11:28.1461937Z A path returned 202. Retrying...
2022-10-05T03:11:28.1462288Z A path returned 202. Retrying...
2022-10-05T03:11:28.1462630Z A path returned 202. Retrying...
2022-10-05T03:11:28.1462976Z A path returned 202. Retrying...
2022-10-05T03:11:28.1463317Z A path returned 202. Retrying...
2022-10-05T03:11:28.1463675Z A path returned 202. Retrying...
2022-10-05T03:11:28.1464016Z A path returned 202. Retrying...
2022-10-05T03:11:28.1464359Z A path returned 202. Retrying...
2022-10-05T03:11:28.1464709Z A path returned 202. Retrying...
2022-10-05T03:11:28.1465055Z A path returned 202. Retrying...
2022-10-05T03:11:28.1465400Z A path returned 202. Retrying...
2022-10-05T03:11:28.1465734Z A path returned 202. Retrying...
2022-10-05T03:11:28.1466082Z A path returned 202. Retrying...
2022-10-05T03:11:28.1466437Z A path returned 202. Retrying...
2022-10-05T03:11:28.1466785Z A path returned 202. Retrying...
2022-10-05T03:11:28.1467129Z A path returned 202. Retrying...
2022-10-05T03:11:28.1467469Z A path returned 202. Retrying...
2022-10-05T03:11:28.1467813Z A path returned 202. Retrying...
2022-10-05T03:11:28.1468161Z A path returned 202. Retrying...
2022-10-05T03:11:28.1468510Z A path returned 202. Retrying...
2022-10-05T03:11:28.1468855Z A path returned 202. Retrying...
2022-10-05T03:11:28.1469200Z A path returned 202. Retrying...
2022-10-05T03:11:28.1469537Z A path returned 202. Retrying...
2022-10-05T03:11:28.1469868Z A path returned 202. Retrying...
2022-10-05T03:11:28.1470205Z A path returned 202. Retrying...
2022-10-05T03:11:28.1470549Z A path returned 202. Retrying...
2022-10-05T03:11:28.1470901Z A path returned 202. Retrying...
2022-10-05T03:11:28.1471244Z A path returned 202. Retrying...
2022-10-05T03:11:28.1471588Z A path returned 202. Retrying...
2022-10-05T03:11:28.1471939Z A path returned 202. Retrying...
2022-10-05T03:11:28.1472378Z A path returned 202. Retrying...
2022-10-05T03:11:28.1472724Z A path returned 202. Retrying...
2022-10-05T03:11:28.1473070Z A path returned 202. Retrying...
2022-10-05T03:11:28.1473416Z A path returned 202. Retrying...
2022-10-05T03:11:28.1473764Z A path returned 202. Retrying...
2022-10-05T03:11:28.1474088Z A path returned 202. Retrying...
2022-10-05T03:11:28.1474431Z A path returned 202. Retrying...
2022-10-05T03:11:28.1474772Z A path returned 202. Retrying...
2022-10-05T03:11:28.1475117Z A path returned 202. Retrying...
2022-10-05T03:11:28.1475462Z A path returned 202. Retrying...
2022-10-05T03:11:28.1475812Z A path returned 202. Retrying...
2022-10-05T03:11:28.1476156Z A path returned 202. Retrying...
2022-10-05T03:11:28.1476569Z A path returned 202. Retrying...
2022-10-05T03:11:28.1476922Z A path returned 202. Retrying...
2022-10-05T03:11:28.1477271Z A path returned 202. Retrying...
2022-10-05T03:11:28.1477625Z A path returned 202. Retrying...
2022-10-05T03:11:28.1477973Z A path returned 202. Retrying...
2022-10-05T03:11:28.1478305Z A path returned 202. Retrying...
2022-10-05T03:11:28.1478641Z A path returned 202. Retrying...
2022-10-05T03:11:28.1478993Z A path returned 202. Retrying...
2022-10-05T03:11:28.1479341Z A path returned 202. Retrying...
2022-10-05T03:11:28.1479691Z A path returned 202. Retrying...
2022-10-05T03:11:28.1480034Z A path returned 202. Retrying...
2022-10-05T03:11:28.1480386Z A path returned 202. Retrying...
2022-10-05T03:11:28.1480738Z A path returned 202. Retrying...
2022-10-05T03:11:28.1481091Z A path returned 202. Retrying...
2022-10-05T03:11:28.1481541Z A path returned 202. Retrying...
2022-10-05T03:11:28.1481903Z A path returned 202. Retrying...
2022-10-05T03:11:28.1482241Z A path returned 202. Retrying...
2022-10-05T03:11:28.1482571Z A path returned 202. Retrying...
2022-10-05T03:11:28.1482918Z A path returned 202. Retrying...
2022-10-05T03:11:28.1483273Z A path returned 202. Retrying...
2022-10-05T03:11:28.1483624Z A path returned 202. Retrying...
2022-10-05T03:11:28.1483975Z A path returned 202. Retrying...
2022-10-05T03:11:28.1484323Z A path returned 202. Retrying...
2022-10-05T03:11:28.1484673Z A path returned 202. Retrying...
2022-10-05T03:11:28.1485020Z A path returned 202. Retrying...
2022-10-05T03:11:28.1485366Z A path returned 202. Retrying...
2022-10-05T03:11:28.1485714Z A path returned 202. Retrying...
2022-10-05T03:11:28.1486069Z A path returned 202. Retrying...
2022-10-05T03:11:28.1486416Z A path returned 202. Retrying...
2022-10-05T03:11:28.1486754Z A path returned 202. Retrying...
2022-10-05T03:11:28.1487086Z A path returned 202. Retrying...
2022-10-05T03:11:28.1487438Z A path returned 202. Retrying...
2022-10-05T03:11:28.1487787Z A path returned 202. Retrying...
2022-10-05T03:11:28.1488143Z A path returned 202. Retrying...
2022-10-05T03:11:28.1488503Z A path returned 202. Retrying...
2022-10-05T03:11:28.1488851Z A path returned 202. Retrying...
2022-10-05T03:11:28.1489198Z A path returned 202. Retrying...
2022-10-05T03:11:28.1489546Z A path returned 202. Retrying...
2022-10-05T03:11:28.1489898Z A path returned 202. Retrying...
2022-10-05T03:11:28.1490252Z A path returned 202. Retrying...
2022-10-05T03:11:28.1490604Z A path returned 202. Retrying...
2022-10-05T03:11:28.1490986Z A path returned 202. Retrying...
2022-10-05T03:11:28.1491325Z A path returned 202. Retrying...
2022-10-05T03:11:28.1491682Z A path returned 202. Retrying...
2022-10-05T03:11:28.1492031Z A path returned 202. Retrying...
2022-10-05T03:11:28.1492734Z A path returned 202. Retrying...
2022-10-05T03:11:28.1493268Z A path returned 202. Retrying...
2022-10-05T03:11:28.1505396Z A path returned 202. Retrying...
2022-10-05T03:11:28.1505873Z A path returned 202. Retrying...
2022-10-05T03:11:28.1558157Z A path returned 202. Retrying...
2022-10-05T03:11:28.1600522Z A path returned 202. Retrying...
2022-10-05T03:11:28.1601631Z A path returned 202. Retrying...
2022-10-05T03:11:28.1602878Z A path returned 202. Retrying...
2022-10-05T03:11:28.1603401Z A path returned 202. Retrying...
2022-10-05T03:11:28.1603861Z A path returned 202. Retrying...
2022-10-05T03:11:28.1604116Z A path returned 202. Retrying...
2022-10-05T03:11:28.1604363Z A path returned 202. Retrying...
2022-10-05T03:11:28.1605237Z A path returned 202. Retrying...
2022-10-05T03:11:28.1605728Z A path returned 202. Retrying...
2022-10-05T03:11:28.1606102Z A path returned 202. Retrying...
2022-10-05T03:11:28.1606355Z A path returned 202. Retrying...
2022-10-05T03:11:28.1606863Z A path returned 202. Retrying...
2022-10-05T03:11:28.1607109Z A path returned 202. Retrying...
2022-10-05T03:11:28.1607642Z A path returned 202. Retrying...
2022-10-05T03:20:16.2303874Z A path returned 202. Retrying...
2022-10-05T03:20:16.2304342Z A path returned 202. Retrying...
2022-10-05T03:20:16.2305033Z A path returned 202. Retrying...
2022-10-05T03:20:16.2305323Z A path returned 202. Retrying...
2022-10-05T03:20:16.2305601Z A path returned 202. Retrying...
2022-10-05T03:20:16.2305885Z A path returned 202. Retrying...
2022-10-05T03:20:16.2306177Z A path returned 202. Retrying...
2022-10-05T03:20:16.2306460Z A path returned 202. Retrying...
2022-10-05T03:20:16.2306736Z A path returned 202. Retrying...
2022-10-05T03:20:16.2307014Z A path returned 202. Retrying...
2022-10-05T03:20:16.2307295Z A path returned 202. Retrying...
2022-10-05T03:20:16.2307561Z A path returned 202. Retrying...
2022-10-05T03:20:16.2307839Z A path returned 202. Retrying...
2022-10-05T03:20:16.2308116Z A path returned 202. Retrying...
2022-10-05T03:20:16.2308393Z A path returned 202. Retrying...
2022-10-05T03:20:16.2308670Z A path returned 202. Retrying...
2022-10-05T03:20:16.2308944Z A path returned 202. Retrying...
2022-10-05T03:20:16.2309219Z A path returned 202. Retrying...
2022-10-05T03:20:16.2309480Z A path returned 202. Retrying...
2022-10-05T03:20:16.2309759Z A path returned 202. Retrying...
2022-10-05T03:20:16.2310034Z A path returned 202. Retrying...
2022-10-05T03:20:16.2310308Z A path returned 202. Retrying...
2022-10-05T03:20:16.2310582Z A path returned 202. Retrying...
2022-10-05T03:20:16.2310867Z A path returned 202. Retrying...
2022-10-05T03:20:16.2311144Z A path returned 202. Retrying...
2022-10-05T03:20:16.2311419Z A path returned 202. Retrying...
2022-10-05T03:20:16.2311678Z A path returned 202. Retrying...
2022-10-05T03:20:16.2311951Z A path returned 202. Retrying...
2022-10-05T03:20:16.2312227Z A path returned 202. Retrying...
2022-10-05T03:20:16.2312503Z A path returned 202. Retrying...
2022-10-05T03:20:16.2312777Z A path returned 202. Retrying...
2022-10-05T03:20:16.2313051Z A path returned 202. Retrying...
2022-10-05T03:20:16.2313325Z A path returned 202. Retrying...
2022-10-05T03:20:16.2313595Z A path returned 202. Retrying...
2022-10-05T03:20:16.2313856Z A path returned 202. Retrying...
2022-10-05T03:20:16.2314133Z A path returned 202. Retrying...
2022-10-05T03:20:16.2314414Z A path returned 202. Retrying...
2022-10-05T03:20:16.2314691Z A path returned 202. Retrying...
2022-10-05T03:20:16.2314965Z A path returned 202. Retrying...
2022-10-05T03:20:16.2315246Z A path returned 202. Retrying...
2022-10-05T03:20:16.2315519Z A path returned 202. Retrying...
2022-10-05T03:20:16.2315782Z A path returned 202. Retrying...
2022-10-05T03:20:16.2316056Z A path returned 202. Retrying...
2022-10-05T03:20:16.2316329Z A path returned 202. Retrying...
2022-10-05T03:20:16.2316604Z A path returned 202. Retrying...
2022-10-05T03:20:16.2316876Z A path returned 202. Retrying...
2022-10-05T03:20:16.2317150Z A path returned 202. Retrying...
2022-10-05T03:20:16.2317423Z A path returned 202. Retrying...
2022-10-05T03:20:16.2317696Z A path returned 202. Retrying...
2022-10-05T03:20:16.2317957Z A path returned 202. Retrying...
2022-10-05T03:20:16.2318233Z A path returned 202. Retrying...
2022-10-05T03:20:16.2318508Z A path returned 202. Retrying...
2022-10-05T03:20:16.2318788Z A path returned 202. Retrying...
2022-10-05T03:20:16.2319067Z A path returned 202. Retrying...
2022-10-05T03:20:16.2319339Z A path returned 202. Retrying...
2022-10-05T03:20:16.2319612Z A path returned 202. Retrying...
2022-10-05T03:20:16.2320050Z A path returned 202. Retrying...
2022-10-05T03:20:16.2320312Z A path returned 202. Retrying...
2022-10-05T03:20:16.2320585Z A path returned 202. Retrying...
2022-10-05T03:20:16.2320858Z A path returned 202. Retrying...
2022-10-05T03:20:16.2321134Z A path returned 202. Retrying...
2022-10-05T03:20:16.2321641Z A path returned 202. Retrying...
2022-10-05T03:20:16.2321921Z A path returned 202. Retrying...
2022-10-05T03:20:16.2322194Z A path returned 202. Retrying...
2022-10-05T03:20:16.2322455Z A path returned 202. Retrying...
2022-10-05T03:20:16.2322730Z A path returned 202. Retrying...
2022-10-05T03:20:16.2323003Z A path returned 202. Retrying...
2022-10-05T03:20:16.2323276Z A path returned 202. Retrying...
2022-10-05T03:20:16.2323552Z A path returned 202. Retrying...
2022-10-05T03:20:16.2323915Z A path returned 202. Retrying...
2022-10-05T03:20:16.2324193Z A path returned 202. Retrying...
2022-10-05T03:20:16.2324467Z A path returned 202. Retrying...
2022-10-05T03:20:16.2324733Z A path returned 202. Retrying...
2022-10-05T03:20:16.2325006Z A path returned 202. Retrying...
2022-10-05T03:20:16.2325282Z A path returned 202. Retrying...
2022-10-05T03:20:16.2325561Z A path returned 202. Retrying...
2022-10-05T03:20:16.2325839Z A path returned 202. Retrying...
2022-10-05T03:20:16.2326113Z A path returned 202. Retrying...
2022-10-05T03:20:16.2326432Z A path returned 202. Retrying...
2022-10-05T03:20:16.2326708Z A path returned 202. Retrying...
2022-10-05T03:20:16.2326970Z A path returned 202. Retrying...
2022-10-05T03:20:16.2327246Z A path returned 202. Retrying...
2022-10-05T03:20:16.2327523Z A path returned 202. Retrying...
2022-10-05T03:20:16.2327798Z A path returned 202. Retrying...
2022-10-05T03:20:16.2328078Z A path returned 202. Retrying...
2022-10-05T03:20:16.2328359Z A path returned 202. Retrying...
2022-10-05T03:20:16.2328634Z A path returned 202. Retrying...
2022-10-05T03:20:16.2328898Z A path returned 202. Retrying...
2022-10-05T03:20:16.2329173Z A path returned 202. Retrying...
2022-10-05T03:20:16.2329453Z A path returned 202. Retrying...
2022-10-05T03:20:16.2329728Z A path returned 202. Retrying...
2022-10-05T03:20:16.2330001Z A path returned 202. Retrying...
2022-10-05T03:20:16.2330276Z A path returned 202. Retrying...
2022-10-05T03:20:16.2330547Z A path returned 202. Retrying...
2022-10-05T03:20:16.2330821Z A path returned 202. Retrying...
2022-10-05T03:20:16.2331086Z A path returned 202. Retrying...
2022-10-05T03:20:16.2331359Z A path returned 202. Retrying...
2022-10-05T03:20:16.2331644Z A path returned 202. Retrying...
2022-10-05T03:20:16.2331922Z A path returned 202. Retrying...
2022-10-05T03:20:16.2332197Z A path returned 202. Retrying...
2022-10-05T03:20:16.2332472Z A path returned 202. Retrying...
2022-10-05T03:20:16.2332747Z A path returned 202. Retrying...
2022-10-05T03:20:16.2333026Z A path returned 202. Retrying...
2022-10-05T03:20:16.2333290Z A path returned 202. Retrying...
2022-10-05T03:20:16.2333565Z A path returned 202. Retrying...
2022-10-05T03:20:16.2333842Z A path returned 202. Retrying...
2022-10-05T03:20:16.2334116Z A path returned 202. Retrying...
2022-10-05T03:20:16.2334391Z A path returned 202. Retrying...
2022-10-05T03:20:16.2334665Z A path returned 202. Retrying...
2022-10-05T03:20:16.2334938Z A path returned 202. Retrying...
2022-10-05T03:20:16.2335200Z A path returned 202. Retrying...
2022-10-05T03:20:16.2335476Z A path returned 202. Retrying...
2022-10-05T03:20:16.2335751Z A path returned 202. Retrying...
2022-10-05T03:20:16.2336025Z A path returned 202. Retrying...
2022-10-05T03:20:16.2336297Z A path returned 202. Retrying...
2022-10-05T03:20:16.2336571Z A path returned 202. Retrying...
2022-10-05T03:20:16.2336848Z A path returned 202. Retrying...
2022-10-05T03:20:16.2337121Z A path returned 202. Retrying...
2022-10-05T03:20:16.2337385Z A path returned 202. Retrying...
2022-10-05T03:20:16.2337658Z A path returned 202. Retrying...
2022-10-05T03:20:16.2337937Z A path returned 202. Retrying...
2022-10-05T03:20:16.2338208Z A path returned 202. Retrying...
2022-10-05T03:20:16.2338582Z A path returned 202. Retrying...
2022-10-05T03:20:16.2338855Z A path returned 202. Retrying...
2022-10-05T03:20:16.2339185Z A path returned 202. Retrying...
2022-10-05T03:20:16.2339459Z A path returned 202. Retrying...
2022-10-05T03:20:16.2339732Z A path returned 202. Retrying...
2022-10-05T03:20:16.2340008Z A path returned 202. Retrying...
2022-10-05T03:20:16.2340268Z A path returned 202. Retrying...
2022-10-05T03:20:16.2340540Z A path returned 202. Retrying...
2022-10-05T03:20:16.2340817Z A path returned 202. Retrying...
2022-10-05T03:20:16.2341090Z A path returned 202. Retrying...
2022-10-05T03:20:16.2341364Z A path returned 202. Retrying...
2022-10-05T03:20:16.2341641Z A path returned 202. Retrying...
2022-10-05T03:20:16.2341916Z A path returned 202. Retrying...
2022-10-05T03:20:16.2342335Z A path returned 202. Retrying...
2022-10-05T03:20:16.2342569Z A path returned 202. Retrying...
2022-10-05T03:20:16.2342809Z A path returned 202. Retrying...
2022-10-05T03:20:16.2343057Z A path returned 202. Retrying...
2022-10-05T03:20:16.2343298Z A path returned 202. Retrying...
2022-10-05T03:20:16.2343539Z A path returned 202. Retrying...
2022-10-05T03:20:16.2343778Z A path returned 202. Retrying...
2022-10-05T03:20:16.2344019Z A path returned 202. Retrying...
2022-10-05T03:20:16.2344247Z A path returned 202. Retrying...
2022-10-05T03:20:16.2344487Z A path returned 202. Retrying...
2022-10-05T03:20:16.2344727Z A path returned 202. Retrying...
2022-10-05T03:20:16.2344970Z A path returned 202. Retrying...
2022-10-05T03:20:16.2345211Z A path returned 202. Retrying...
2022-10-05T03:20:16.2345452Z A path returned 202. Retrying...
2022-10-05T03:20:16.2345692Z A path returned 202. Retrying...
2022-10-05T03:20:16.2345933Z A path returned 202. Retrying...
2022-10-05T03:20:16.2346164Z A path returned 202. Retrying...
2022-10-05T03:20:16.2346403Z A path returned 202. Retrying...
2022-10-05T03:20:16.2346648Z A path returned 202. Retrying...
2022-10-05T03:20:16.2346886Z A path returned 202. Retrying...
2022-10-05T03:20:16.2347132Z A path returned 202. Retrying...
2022-10-05T03:20:16.2347372Z A path returned 202. Retrying...
2022-10-05T03:20:16.2347611Z A path returned 202. Retrying...
2022-10-05T03:20:16.2347849Z A path returned 202. Retrying...
2022-10-05T03:20:16.2348077Z A path returned 202. Retrying...
2022-10-05T03:20:16.2348316Z A path returned 202. Retrying...
2022-10-05T03:20:16.2348559Z A path returned 202. Retrying...
2022-10-05T03:20:16.2348801Z A path returned 202. Retrying...
2022-10-05T03:20:16.2349040Z A path returned 202. Retrying...
2022-10-05T03:20:16.2349283Z A path returned 202. Retrying...
2022-10-05T03:20:16.2349521Z A path returned 202. Retrying...
2022-10-05T03:20:16.2349749Z A path returned 202. Retrying...
2022-10-05T03:20:16.2349992Z A path returned 202. Retrying...
2022-10-05T03:20:16.2350237Z A path returned 202. Retrying...
2022-10-05T03:20:16.2350477Z A path returned 202. Retrying...
2022-10-05T03:20:16.2350719Z A path returned 202. Retrying...
2022-10-05T03:20:16.2350962Z A path returned 202. Retrying...
2022-10-05T03:20:16.2351201Z A path returned 202. Retrying...
2022-10-05T03:20:16.2351441Z A path returned 202. Retrying...
2022-10-05T03:20:16.2351666Z A path returned 202. Retrying...
2022-10-05T03:20:16.2351904Z A path returned 202. Retrying...
2022-10-05T03:20:16.2352146Z A path returned 202. Retrying...
2022-10-05T03:20:16.2352389Z A path returned 202. Retrying...
2022-10-05T03:20:16.2352630Z A path returned 202. Retrying...
2022-10-05T03:20:16.2352871Z A path returned 202. Retrying...
2022-10-05T03:20:16.2353113Z A path returned 202. Retrying...
2022-10-05T03:20:16.2353352Z A path returned 202. Retrying...
2022-10-05T03:20:16.2353579Z A path returned 202. Retrying...
2022-10-05T03:20:16.2353822Z A path returned 202. Retrying...
2022-10-05T03:20:16.2354065Z A path returned 202. Retrying...
2022-10-05T03:20:16.2354306Z A path returned 202. Retrying...
2022-10-05T03:20:16.2354548Z A path returned 202. Retrying...
2022-10-05T03:20:16.2354787Z A path returned 202. Retrying...
2022-10-05T03:20:16.2355105Z A path returned 202. Retrying...
2022-10-05T03:20:16.2355334Z A path returned 202. Retrying...
2022-10-05T03:20:16.2355577Z A path returned 202. Retrying...
2022-10-05T03:20:16.2355816Z A path returned 202. Retrying...
2022-10-05T03:20:16.2356057Z A path returned 202. Retrying...
2022-10-05T03:20:16.2356296Z A path returned 202. Retrying...
2022-10-05T03:20:16.2356536Z A path returned 202. Retrying...
2022-10-05T03:20:16.2356774Z A path returned 202. Retrying...
2022-10-05T03:20:16.2357013Z A path returned 202. Retrying...
2022-10-05T03:20:16.2357240Z A path returned 202. Retrying...
2022-10-05T03:20:16.2357478Z A path returned 202. Retrying...
2022-10-05T03:20:16.2357719Z A path returned 202. Retrying...
2022-10-05T03:20:16.2357958Z A path returned 202. Retrying...
2022-10-05T03:20:16.2358250Z A path returned 202. Retrying...
2022-10-05T03:20:16.2358542Z A path returned 202. Retrying...
2022-10-05T03:20:16.2358782Z A path returned 202. Retrying...
2022-10-05T03:20:16.2359025Z A path returned 202. Retrying...
2022-10-05T03:20:16.2359254Z A path returned 202. Retrying...
2022-10-05T03:20:16.2359494Z A path returned 202. Retrying...
2022-10-05T03:20:16.2359734Z A path returned 202. Retrying...
2022-10-05T03:20:16.2359972Z A path returned 202. Retrying...
2022-10-05T03:20:16.2360209Z A path returned 202. Retrying...
2022-10-05T03:20:16.2360448Z A path returned 202. Retrying...
2022-10-05T03:20:16.2360687Z A path returned 202. Retrying...
2022-10-05T03:20:16.2360915Z A path returned 202. Retrying...
2022-10-05T03:20:16.2361154Z A path returned 202. Retrying...
2022-10-05T03:20:16.2361506Z A path returned 202. Retrying...
2022-10-05T03:20:16.2361752Z A path returned 202. Retrying...
2022-10-05T03:20:16.2361991Z A path returned 202. Retrying...
2022-10-05T03:20:16.2362236Z A path returned 202. Retrying...
2022-10-05T03:20:16.2362476Z A path returned 202. Retrying...
2022-10-05T03:20:16.2362716Z A path returned 202. Retrying...
2022-10-05T03:20:16.2362943Z A path returned 202. Retrying...
2022-10-05T03:20:16.2363182Z A path returned 202. Retrying...
2022-10-05T03:20:16.2363423Z A path returned 202. Retrying...
2022-10-05T03:20:16.2363663Z A path returned 202. Retrying...
2022-10-05T03:20:16.2363905Z A path returned 202. Retrying...
2022-10-05T03:20:16.2364144Z A path returned 202. Retrying...
2022-10-05T03:20:16.2364384Z A path returned 202. Retrying...
2022-10-05T03:20:16.2364623Z A path returned 202. Retrying...
2022-10-05T03:20:16.2364852Z A path returned 202. Retrying...
2022-10-05T03:20:16.2365092Z A path returned 202. Retrying...
2022-10-05T03:20:16.2365330Z A path returned 202. Retrying...
2022-10-05T03:20:16.2365570Z A path returned 202. Retrying...
2022-10-05T03:20:16.2365809Z A path returned 202. Retrying...
2022-10-05T03:20:16.2366049Z A path returned 202. Retrying...
2022-10-05T03:20:16.2366293Z A path returned 202. Retrying...
2022-10-05T03:20:16.2366522Z A path returned 202. Retrying...
2022-10-05T03:20:16.2366760Z A path returned 202. Retrying...
2022-10-05T03:20:16.2367005Z A path returned 202. Retrying...
2022-10-05T03:20:16.2367247Z A path returned 202. Retrying...
2022-10-05T03:20:16.2367490Z A path returned 202. Retrying...
2022-10-05T03:20:16.2367730Z A path returned 202. Retrying...
2022-10-05T03:20:16.2367969Z A path returned 202. Retrying...
2022-10-05T03:20:16.2368211Z A path returned 202. Retrying...
2022-10-05T03:20:16.2368436Z A path returned 202. Retrying...
2022-10-05T03:20:16.2368673Z A path returned 202. Retrying...
2022-10-05T03:20:16.2368916Z A path returned 202. Retrying...
2022-10-05T03:20:16.2369154Z A path returned 202. Retrying...
2022-10-05T03:20:16.2369396Z A path returned 202. Retrying...
2022-10-05T03:29:02.0365554Z A path returned 202. Retrying...
2022-10-05T03:29:02.0365909Z A path returned 202. Retrying...
2022-10-05T03:29:02.0366225Z A path returned 202. Retrying...
2022-10-05T03:29:02.0366516Z A path returned 202. Retrying...
2022-10-05T03:29:02.0366804Z A path returned 202. Retrying...
2022-10-05T03:29:02.0367088Z A path returned 202. Retrying...
2022-10-05T03:29:02.0367759Z A path returned 202. Retrying...
2022-10-05T03:29:02.0368029Z A path returned 202. Retrying...
2022-10-05T03:29:02.0368308Z A path returned 202. Retrying...
2022-10-05T03:29:02.0368593Z A path returned 202. Retrying...
2022-10-05T03:29:02.0368877Z A path returned 202. Retrying...
2022-10-05T03:29:02.0369161Z A path returned 202. Retrying...
2022-10-05T03:29:02.0369439Z A path returned 202. Retrying...
2022-10-05T03:29:02.0369719Z A path returned 202. Retrying...
2022-10-05T03:29:02.0370001Z A path returned 202. Retrying...
2022-10-05T03:29:02.0370269Z A path returned 202. Retrying...
2022-10-05T03:29:02.0370547Z A path returned 202. Retrying...
2022-10-05T03:29:02.0370827Z A path returned 202. Retrying...
2022-10-05T03:29:02.0371108Z A path returned 202. Retrying...
2022-10-05T03:29:02.0371501Z A path returned 202. Retrying...
2022-10-05T03:29:02.0371786Z A path returned 202. Retrying...
2022-10-05T03:29:02.0372066Z A path returned 202. Retrying...
2022-10-05T03:29:02.0372332Z A path returned 202. Retrying...
2022-10-05T03:29:02.0372621Z A path returned 202. Retrying...
2022-10-05T03:29:02.0372899Z A path returned 202. Retrying...
2022-10-05T03:29:02.0373180Z A path returned 202. Retrying...
2022-10-05T03:29:02.0373460Z A path returned 202. Retrying...
2022-10-05T03:29:02.0373744Z A path returned 202. Retrying...
2022-10-05T03:29:02.0374023Z A path returned 202. Retrying...
2022-10-05T03:29:02.0374302Z A path returned 202. Retrying...
2022-10-05T03:29:02.0374566Z A path returned 202. Retrying...
2022-10-05T03:29:02.0374847Z A path returned 202. Retrying...
2022-10-05T03:29:02.0375127Z A path returned 202. Retrying...
2022-10-05T03:29:02.0375404Z A path returned 202. Retrying...
2022-10-05T03:29:02.0375682Z A path returned 202. Retrying...
2022-10-05T03:29:02.0375965Z A path returned 202. Retrying...
2022-10-05T03:29:02.0376245Z A path returned 202. Retrying...
2022-10-05T03:29:02.0376526Z A path returned 202. Retrying...
2022-10-05T03:29:02.0376791Z A path returned 202. Retrying...
2022-10-05T03:29:02.0377074Z A path returned 202. Retrying...
2022-10-05T03:29:02.0377356Z A path returned 202. Retrying...
2022-10-05T03:29:02.0377635Z A path returned 202. Retrying...
2022-10-05T03:29:02.0377915Z A path returned 202. Retrying...
2022-10-05T03:29:02.0378194Z A path returned 202. Retrying...
2022-10-05T03:29:02.0378478Z A path returned 202. Retrying...
2022-10-05T03:29:02.0378744Z A path returned 202. Retrying...
2022-10-05T03:29:02.0379033Z A path returned 202. Retrying...
2022-10-05T03:29:02.0379312Z A path returned 202. Retrying...
2022-10-05T03:29:02.0379593Z A path returned 202. Retrying...
2022-10-05T03:29:02.0379872Z A path returned 202. Retrying...
2022-10-05T03:29:02.0380154Z A path returned 202. Retrying...
2022-10-05T03:29:02.0380438Z A path returned 202. Retrying...
2022-10-05T03:29:02.0380723Z A path returned 202. Retrying...
2022-10-05T03:29:02.0380990Z A path returned 202. Retrying...
2022-10-05T03:29:02.0381268Z A path returned 202. Retrying...
2022-10-05T03:29:02.0381549Z A path returned 202. Retrying...
2022-10-05T03:29:02.0381828Z A path returned 202. Retrying...
2022-10-05T03:29:02.0382113Z A path returned 202. Retrying...
2022-10-05T03:29:02.0382392Z A path returned 202. Retrying...
2022-10-05T03:29:02.0382674Z A path returned 202. Retrying...
2022-10-05T03:29:02.0382955Z A path returned 202. Retrying...
2022-10-05T03:29:02.0383220Z A path returned 202. Retrying...
2022-10-05T03:29:02.0383500Z A path returned 202. Retrying...
2022-10-05T03:29:02.0383781Z A path returned 202. Retrying...
2022-10-05T03:29:02.0384063Z A path returned 202. Retrying...
2022-10-05T03:29:02.0384344Z A path returned 202. Retrying...
2022-10-05T03:29:02.0384624Z A path returned 202. Retrying...
2022-10-05T03:29:02.0384904Z A path returned 202. Retrying...
2022-10-05T03:29:02.0385172Z A path returned 202. Retrying...
2022-10-05T03:29:02.0385456Z A path returned 202. Retrying...
2022-10-05T03:29:02.0385735Z A path returned 202. Retrying...
2022-10-05T03:29:02.0386017Z A path returned 202. Retrying...
2022-10-05T03:29:02.0386392Z A path returned 202. Retrying...
2022-10-05T03:29:02.0386672Z A path returned 202. Retrying...
2022-10-05T03:29:02.0386952Z A path returned 202. Retrying...
2022-10-05T03:29:02.0387235Z A path returned 202. Retrying...
2022-10-05T03:29:02.0387499Z A path returned 202. Retrying...
2022-10-05T03:29:02.0387776Z A path returned 202. Retrying...
2022-10-05T03:29:02.0388057Z A path returned 202. Retrying...
2022-10-05T03:29:02.0388341Z A path returned 202. Retrying...
2022-10-05T03:29:02.0388621Z A path returned 202. Retrying...
2022-10-05T03:29:02.0388899Z A path returned 202. Retrying...
2022-10-05T03:29:02.0389177Z A path returned 202. Retrying...
2022-10-05T03:29:02.0389457Z A path returned 202. Retrying...
2022-10-05T03:29:02.0389724Z A path returned 202. Retrying...
2022-10-05T03:29:02.0390082Z A path returned 202. Retrying...
2022-10-05T03:29:02.0390367Z A path returned 202. Retrying...
2022-10-05T03:29:02.0390648Z A path returned 202. Retrying...
2022-10-05T03:29:02.0390927Z A path returned 202. Retrying...
2022-10-05T03:29:02.0391211Z A path returned 202. Retrying...
2022-10-05T03:29:02.0391488Z A path returned 202. Retrying...
2022-10-05T03:29:02.0391755Z A path returned 202. Retrying...
2022-10-05T03:29:02.0392035Z A path returned 202. Retrying...
2022-10-05T03:29:02.0392318Z A path returned 202. Retrying...
2022-10-05T03:29:02.0392599Z A path returned 202. Retrying...
2022-10-05T03:29:02.0392876Z A path returned 202. Retrying...
2022-10-05T03:29:02.0393161Z A path returned 202. Retrying...
2022-10-05T03:29:02.0393438Z A path returned 202. Retrying...
2022-10-05T03:29:02.0394171Z A path returned 202. Retrying...
2022-10-05T03:29:02.0394441Z A path returned 202. Retrying...
2022-10-05T03:29:02.0395058Z A path returned 202. Retrying...
2022-10-05T03:29:02.0395343Z A path returned 202. Retrying...
2022-10-05T03:29:02.0395624Z A path returned 202. Retrying...
2022-10-05T03:29:02.0395902Z A path returned 202. Retrying...
2022-10-05T03:29:02.0396302Z A path returned 202. Retrying...
2022-10-05T03:29:02.0396658Z A path returned 202. Retrying...
2022-10-05T03:29:02.0397025Z A path returned 202. Retrying...
2022-10-05T03:29:02.0397390Z A path returned 202. Retrying...
2022-10-05T03:29:02.0397759Z A path returned 202. Retrying...
2022-10-05T03:29:02.0398120Z A path returned 202. Retrying...
2022-10-05T03:29:02.0398470Z A path returned 202. Retrying...
2022-10-05T03:29:02.0398838Z A path returned 202. Retrying...
2022-10-05T03:29:02.0399202Z A path returned 202. Retrying...
2022-10-05T03:29:02.0399563Z A path returned 202. Retrying...
2022-10-05T03:29:02.0399930Z A path returned 202. Retrying...
2022-10-05T03:29:02.0400291Z A path returned 202. Retrying...
2022-10-05T03:29:02.0400654Z A path returned 202. Retrying...
2022-10-05T03:29:02.0401015Z A path returned 202. Retrying...
2022-10-05T03:29:02.0401554Z A path returned 202. Retrying...
2022-10-05T03:29:02.0401930Z A path returned 202. Retrying...
2022-10-05T03:29:02.0402299Z A path returned 202. Retrying...
2022-10-05T03:29:02.0402657Z A path returned 202. Retrying...
2022-10-05T03:29:02.0403012Z A path returned 202. Retrying...
2022-10-05T03:29:02.0403378Z A path returned 202. Retrying...
2022-10-05T03:29:02.0403683Z A path returned 202. Retrying...
2022-10-05T03:29:02.0403964Z A path returned 202. Retrying...
2022-10-05T03:29:02.0404247Z A path returned 202. Retrying...
2022-10-05T03:29:02.0404613Z A path returned 202. Retrying...
2022-10-05T03:29:02.0404973Z A path returned 202. Retrying...
2022-10-05T03:29:02.0405334Z A path returned 202. Retrying...
2022-10-05T03:29:02.0405699Z A path returned 202. Retrying...
2022-10-05T03:29:02.0406059Z A path returned 202. Retrying...
2022-10-05T03:29:02.0406419Z A path returned 202. Retrying...
2022-10-05T03:29:02.0406769Z A path returned 202. Retrying...
2022-10-05T03:29:02.0407137Z A path returned 202. Retrying...
2022-10-05T03:29:02.0407502Z A path returned 202. Retrying...
2022-10-05T03:29:02.0407867Z A path returned 202. Retrying...
2022-10-05T03:29:02.0408236Z A path returned 202. Retrying...
2022-10-05T03:29:02.0408746Z A path returned 202. Retrying...
2022-10-05T03:29:02.0409112Z A path returned 202. Retrying...
2022-10-05T03:29:02.0409476Z A path returned 202. Retrying...
2022-10-05T03:29:02.0409844Z A path returned 202. Retrying...
2022-10-05T03:29:02.0410207Z A path returned 202. Retrying...
2022-10-05T03:29:02.0410570Z A path returned 202. Retrying...
2022-10-05T03:29:02.0410933Z A path returned 202. Retrying...
2022-10-05T03:29:02.0411284Z A path returned 202. Retrying...
2022-10-05T03:29:02.0411653Z A path returned 202. Retrying...
2022-10-05T03:29:02.0412018Z A path returned 202. Retrying...
2022-10-05T03:29:02.0412379Z A path returned 202. Retrying...
2022-10-05T03:29:02.0412742Z A path returned 202. Retrying...
2022-10-05T03:29:02.0413103Z A path returned 202. Retrying...
2022-10-05T03:29:02.0413550Z A path returned 202. Retrying...
2022-10-05T03:29:02.0413924Z A path returned 202. Retrying...
2022-10-05T03:29:02.0414287Z A path returned 202. Retrying...
2022-10-05T03:29:02.0414648Z A path returned 202. Retrying...
2022-10-05T03:29:02.0415013Z A path returned 202. Retrying...
2022-10-05T03:29:02.0415374Z A path returned 202. Retrying...
2022-10-05T03:29:02.0415724Z A path returned 202. Retrying...
2022-10-05T03:29:02.0416086Z A path returned 202. Retrying...
2022-10-05T03:29:02.0416451Z A path returned 202. Retrying...
2022-10-05T03:29:02.0416816Z A path returned 202. Retrying...
2022-10-05T03:29:02.0417179Z A path returned 202. Retrying...
2022-10-05T03:29:02.0417542Z A path returned 202. Retrying...
2022-10-05T03:29:02.0417901Z A path returned 202. Retrying...
2022-10-05T03:29:02.0418262Z A path returned 202. Retrying...
2022-10-05T03:29:02.0418620Z A path returned 202. Retrying...
2022-10-05T03:29:02.0418984Z A path returned 202. Retrying...
2022-10-05T03:29:02.0419349Z A path returned 202. Retrying...
2022-10-05T03:29:02.0419710Z A path returned 202. Retrying...
2022-10-05T03:29:02.0420057Z A path returned 202. Retrying...
2022-10-05T03:29:02.0420419Z A path returned 202. Retrying...
2022-10-05T03:29:02.0420790Z A path returned 202. Retrying...
2022-10-05T03:29:02.0421154Z A path returned 202. Retrying...
2022-10-05T03:29:02.0421518Z A path returned 202. Retrying...
2022-10-05T03:29:02.0421886Z A path returned 202. Retrying...
2022-10-05T03:29:02.0422253Z A path returned 202. Retrying...
2022-10-05T03:29:02.0422618Z A path returned 202. Retrying...
2022-10-05T03:29:02.0422983Z A path returned 202. Retrying...
2022-10-05T03:29:02.0423345Z A path returned 202. Retrying...
2022-10-05T03:29:02.0423708Z A path returned 202. Retrying...
2022-10-05T03:29:02.0424068Z A path returned 202. Retrying...
2022-10-05T03:29:02.0424416Z A path returned 202. Retrying...
2022-10-05T03:29:02.0424780Z A path returned 202. Retrying...
2022-10-05T03:29:02.0425143Z A path returned 202. Retrying...
2022-10-05T03:29:02.0425510Z A path returned 202. Retrying...
2022-10-05T03:29:02.0425877Z A path returned 202. Retrying...
2022-10-05T03:29:02.0426245Z A path returned 202. Retrying...
2022-10-05T03:29:02.0426609Z A path returned 202. Retrying...
2022-10-05T03:29:02.0427010Z A path returned 202. Retrying...
2022-10-05T03:29:02.0427378Z A path returned 202. Retrying...
2022-10-05T03:29:02.0427740Z A path returned 202. Retrying...
2022-10-05T03:29:02.0428104Z A path returned 202. Retrying...
2022-10-05T03:29:02.0428465Z A path returned 202. Retrying...
2022-10-05T03:29:02.0428818Z A path returned 202. Retrying...
2022-10-05T03:29:02.0429181Z A path returned 202. Retrying...
2022-10-05T03:29:02.0429546Z A path returned 202. Retrying...
2022-10-05T03:29:02.0429913Z A path returned 202. Retrying...
2022-10-05T03:29:02.0430279Z A path returned 202. Retrying...
2022-10-05T03:29:02.0430643Z A path returned 202. Retrying...
2022-10-05T03:29:02.0431007Z A path returned 202. Retrying...
2022-10-05T03:29:02.0431376Z A path returned 202. Retrying...
2022-10-05T03:29:02.0431746Z A path returned 202. Retrying...
2022-10-05T03:29:02.0432111Z A path returned 202. Retrying...
2022-10-05T03:29:02.0432477Z A path returned 202. Retrying...
2022-10-05T03:29:02.0432941Z A path returned 202. Retrying...
2022-10-05T03:29:02.0433309Z A path returned 202. Retrying...
2022-10-05T03:29:02.0433659Z A path returned 202. Retrying...
2022-10-05T03:29:02.0434030Z A path returned 202. Retrying...
2022-10-05T03:29:02.0434393Z A path returned 202. Retrying...
2022-10-05T03:29:02.0434761Z A path returned 202. Retrying...
2022-10-05T03:29:02.0435129Z A path returned 202. Retrying...
2022-10-05T03:29:02.0435497Z A path returned 202. Retrying...
2022-10-05T03:29:02.0435861Z A path returned 202. Retrying...
2022-10-05T03:29:02.0436228Z A path returned 202. Retrying...
2022-10-05T03:29:02.0436595Z A path returned 202. Retrying...
2022-10-05T03:29:02.0436963Z A path returned 202. Retrying...
2022-10-05T03:29:02.0437326Z A path returned 202. Retrying...
2022-10-05T03:29:02.0437767Z A path returned 202. Retrying...
2022-10-05T03:29:02.0438132Z A path returned 202. Retrying...
2022-10-05T03:29:02.0438506Z A path returned 202. Retrying...
2022-10-05T03:29:02.0438872Z A path returned 202. Retrying...
2022-10-05T03:29:02.0439241Z A path returned 202. Retrying...
2022-10-05T03:29:02.0439608Z A path returned 202. Retrying...
2022-10-05T03:29:02.0439975Z A path returned 202. Retrying...
2022-10-05T03:29:02.0440340Z A path returned 202. Retrying...
2022-10-05T03:29:02.0440704Z A path returned 202. Retrying...
2022-10-05T03:29:02.0441072Z A path returned 202. Retrying...
2022-10-05T03:29:02.0441547Z A path returned 202. Retrying...
2022-10-05T03:29:02.0441918Z A path returned 202. Retrying...
2022-10-05T03:29:02.0442282Z A path returned 202. Retrying...
2022-10-05T03:29:02.0442634Z A path returned 202. Retrying...
2022-10-05T03:29:02.0443000Z A path returned 202. Retrying...
2022-10-05T03:29:02.0443365Z A path returned 202. Retrying...
2022-10-05T03:29:02.0443736Z A path returned 202. Retrying...
2022-10-05T03:29:02.0444104Z A path returned 202. Retrying...
2022-10-05T03:29:02.0444471Z A path returned 202. Retrying...
2022-10-05T03:29:02.0444837Z A path returned 202. Retrying...
2022-10-05T03:29:02.0445206Z A path returned 202. Retrying...
2022-10-05T03:29:02.0445573Z A path returned 202. Retrying...
2022-10-05T03:29:02.0445936Z A path returned 202. Retrying...
2022-10-05T03:29:02.0446298Z A path returned 202. Retrying...
2022-10-05T03:29:02.0446660Z A path returned 202. Retrying...
2022-10-05T03:29:02.0447012Z A path returned 202. Retrying...
2022-10-05T03:29:02.0447379Z A path returned 202. Retrying...
2022-10-05T03:29:02.0447749Z A path returned 202. Retrying...
2022-10-05T03:29:02.0448117Z A path returned 202. Retrying...
2022-10-05T03:29:02.0448492Z A path returned 202. Retrying...
2022-10-05T03:29:02.0448858Z A path returned 202. Retrying...
2022-10-05T03:37:48.7675216Z A path returned 202. Retrying...
2022-10-05T03:37:48.7675578Z A path returned 202. Retrying...
2022-10-05T03:37:48.7675891Z A path returned 202. Retrying...
2022-10-05T03:37:48.7676268Z A path returned 202. Retrying...
2022-10-05T03:37:48.7676553Z A path returned 202. Retrying...
2022-10-05T03:37:48.7676832Z A path returned 202. Retrying...
2022-10-05T03:37:48.7677117Z A path returned 202. Retrying...
2022-10-05T03:37:48.7677400Z A path returned 202. Retrying...
2022-10-05T03:37:48.7677678Z A path returned 202. Retrying...
2022-10-05T03:37:48.7677956Z A path returned 202. Retrying...
2022-10-05T03:37:48.7678220Z A path returned 202. Retrying...
2022-10-05T03:37:48.7678497Z A path returned 202. Retrying...
2022-10-05T03:37:48.7678775Z A path returned 202. Retrying...
2022-10-05T03:37:48.7679054Z A path returned 202. Retrying...
2022-10-05T03:37:48.7679329Z A path returned 202. Retrying...
2022-10-05T03:37:48.7679605Z A path returned 202. Retrying...
2022-10-05T03:37:48.7679882Z A path returned 202. Retrying...
2022-10-05T03:37:48.7680146Z A path returned 202. Retrying...
2022-10-05T03:37:48.7680428Z A path returned 202. Retrying...
2022-10-05T03:37:48.7680700Z A path returned 202. Retrying...
2022-10-05T03:37:48.7680976Z A path returned 202. Retrying...
2022-10-05T03:37:48.7681252Z A path returned 202. Retrying...
2022-10-05T03:37:48.7682126Z A path returned 202. Retrying...
2022-10-05T03:37:48.7682403Z A path returned 202. Retrying...
2022-10-05T03:37:48.7682682Z A path returned 202. Retrying...
2022-10-05T03:37:48.7682946Z A path returned 202. Retrying...
2022-10-05T03:37:48.7683227Z A path returned 202. Retrying...
2022-10-05T03:37:48.7683505Z A path returned 202. Retrying...
2022-10-05T03:37:48.7683781Z A path returned 202. Retrying...
2022-10-05T03:37:48.7684056Z A path returned 202. Retrying...
2022-10-05T03:37:48.7684329Z A path returned 202. Retrying...
2022-10-05T03:37:48.7684607Z A path returned 202. Retrying...
2022-10-05T03:37:48.7684880Z A path returned 202. Retrying...
2022-10-05T03:37:48.7685140Z A path returned 202. Retrying...
2022-10-05T03:37:48.7685413Z A path returned 202. Retrying...
2022-10-05T03:37:48.7685796Z A path returned 202. Retrying...
2022-10-05T03:37:48.7686079Z A path returned 202. Retrying...
2022-10-05T03:37:48.7686357Z A path returned 202. Retrying...
2022-10-05T03:37:48.7686635Z A path returned 202. Retrying...
2022-10-05T03:37:48.7686917Z A path returned 202. Retrying...
2022-10-05T03:37:48.7687180Z A path returned 202. Retrying...
2022-10-05T03:37:48.7687457Z A path returned 202. Retrying...
2022-10-05T03:37:48.7687731Z A path returned 202. Retrying...
2022-10-05T03:37:48.7688008Z A path returned 202. Retrying...
2022-10-05T03:37:48.7688284Z A path returned 202. Retrying...
2022-10-05T03:37:48.7688559Z A path returned 202. Retrying...
2022-10-05T03:37:48.7688834Z A path returned 202. Retrying...
2022-10-05T03:37:48.7689108Z A path returned 202. Retrying...
2022-10-05T03:37:48.7689370Z A path returned 202. Retrying...
2022-10-05T03:37:48.7689646Z A path returned 202. Retrying...
2022-10-05T03:37:48.7689921Z A path returned 202. Retrying...
2022-10-05T03:37:48.7690194Z A path returned 202. Retrying...
2022-10-05T03:37:48.7690472Z A path returned 202. Retrying...
2022-10-05T03:37:48.7690747Z A path returned 202. Retrying...
2022-10-05T03:37:48.7691019Z A path returned 202. Retrying...
2022-10-05T03:37:48.7691297Z A path returned 202. Retrying...
2022-10-05T03:37:48.7691558Z A path returned 202. Retrying...
2022-10-05T03:37:48.7691830Z A path returned 202. Retrying...
2022-10-05T03:37:48.7692105Z A path returned 202. Retrying...
2022-10-05T03:37:48.7692380Z A path returned 202. Retrying...
2022-10-05T03:37:48.7692655Z A path returned 202. Retrying...
2022-10-05T03:37:48.7692931Z A path returned 202. Retrying...
2022-10-05T03:37:48.7693203Z A path returned 202. Retrying...
2022-10-05T03:37:48.7693479Z A path returned 202. Retrying...
2022-10-05T03:37:48.7693740Z A path returned 202. Retrying...
2022-10-05T03:37:48.7694012Z A path returned 202. Retrying...
2022-10-05T03:37:48.7694288Z A path returned 202. Retrying...
2022-10-05T03:37:48.7694563Z A path returned 202. Retrying...
2022-10-05T03:37:48.7694841Z A path returned 202. Retrying...
2022-10-05T03:37:48.7695116Z A path returned 202. Retrying...
2022-10-05T03:37:48.7695387Z A path returned 202. Retrying...
2022-10-05T03:37:48.7695648Z A path returned 202. Retrying...
2022-10-05T03:37:48.7695925Z A path returned 202. Retrying...
2022-10-05T03:37:48.7696199Z A path returned 202. Retrying...
2022-10-05T03:37:48.7696473Z A path returned 202. Retrying...
2022-10-05T03:37:48.7696747Z A path returned 202. Retrying...
2022-10-05T03:37:48.7697019Z A path returned 202. Retrying...
2022-10-05T03:37:48.7697292Z A path returned 202. Retrying...
2022-10-05T03:37:48.7697563Z A path returned 202. Retrying...
2022-10-05T03:37:48.7697824Z A path returned 202. Retrying...
2022-10-05T03:37:48.7698100Z A path returned 202. Retrying...
2022-10-05T03:37:48.7698374Z A path returned 202. Retrying...
2022-10-05T03:37:48.7698646Z A path returned 202. Retrying...
2022-10-05T03:37:48.7698920Z A path returned 202. Retrying...
2022-10-05T03:37:48.7699196Z A path returned 202. Retrying...
2022-10-05T03:37:48.7699473Z A path returned 202. Retrying...
2022-10-05T03:37:48.7699748Z A path returned 202. Retrying...
2022-10-05T03:37:48.7700100Z A path returned 202. Retrying...
2022-10-05T03:37:48.7700432Z A path returned 202. Retrying...
2022-10-05T03:37:48.7700675Z A path returned 202. Retrying...
2022-10-05T03:37:48.7700916Z A path returned 202. Retrying...
2022-10-05T03:37:48.7701159Z A path returned 202. Retrying...
2022-10-05T03:37:48.7701401Z A path returned 202. Retrying...
2022-10-05T03:37:48.7701644Z A path returned 202. Retrying...
2022-10-05T03:37:48.7701874Z A path returned 202. Retrying...
2022-10-05T03:37:48.7702115Z A path returned 202. Retrying...
2022-10-05T03:37:48.7702358Z A path returned 202. Retrying...
2022-10-05T03:37:48.7702599Z A path returned 202. Retrying...
2022-10-05T03:37:48.7702837Z A path returned 202. Retrying...
2022-10-05T03:37:48.7703078Z A path returned 202. Retrying...
2022-10-05T03:37:48.7703317Z A path returned 202. Retrying...
2022-10-05T03:37:48.7703615Z A path returned 202. Retrying...
2022-10-05T03:37:48.7703848Z A path returned 202. Retrying...
2022-10-05T03:37:48.7704088Z A path returned 202. Retrying...
2022-10-05T03:37:48.7704329Z A path returned 202. Retrying...
2022-10-05T03:37:48.7704572Z A path returned 202. Retrying...
2022-10-05T03:37:48.7704813Z A path returned 202. Retrying...
2022-10-05T03:37:48.7705053Z A path returned 202. Retrying...
2022-10-05T03:37:48.7705292Z A path returned 202. Retrying...
2022-10-05T03:37:48.7705531Z A path returned 202. Retrying...
2022-10-05T03:37:48.7705758Z A path returned 202. Retrying...
2022-10-05T03:37:48.7706000Z A path returned 202. Retrying...
2022-10-05T03:37:48.7706240Z A path returned 202. Retrying...
2022-10-05T03:37:48.7706480Z A path returned 202. Retrying...
2022-10-05T03:37:48.7706723Z A path returned 202. Retrying...
2022-10-05T03:37:48.7706964Z A path returned 202. Retrying...
2022-10-05T03:37:48.7707203Z A path returned 202. Retrying...
2022-10-05T03:37:48.7707435Z A path returned 202. Retrying...
2022-10-05T03:37:48.7707679Z A path returned 202. Retrying...
2022-10-05T03:37:48.7707918Z A path returned 202. Retrying...
2022-10-05T03:37:48.7708158Z A path returned 202. Retrying...
2022-10-05T03:37:48.7708403Z A path returned 202. Retrying...
2022-10-05T03:37:48.7708642Z A path returned 202. Retrying...
2022-10-05T03:37:48.7708882Z A path returned 202. Retrying...
2022-10-05T03:37:48.7709122Z A path returned 202. Retrying...
2022-10-05T03:37:48.7709351Z A path returned 202. Retrying...
2022-10-05T03:37:48.7709590Z A path returned 202. Retrying...
2022-10-05T03:37:48.7709830Z A path returned 202. Retrying...
2022-10-05T03:37:48.7710070Z A path returned 202. Retrying...
2022-10-05T03:37:48.7710310Z A path returned 202. Retrying...
2022-10-05T03:37:48.7710553Z A path returned 202. Retrying...
2022-10-05T03:37:48.7710793Z A path returned 202. Retrying...
2022-10-05T03:37:48.7711033Z A path returned 202. Retrying...
2022-10-05T03:37:48.7711263Z A path returned 202. Retrying...
2022-10-05T03:37:48.7711506Z A path returned 202. Retrying...
2022-10-05T03:37:48.7711747Z A path returned 202. Retrying...
2022-10-05T03:37:48.7711987Z A path returned 202. Retrying...
2022-10-05T03:37:48.7712228Z A path returned 202. Retrying...
2022-10-05T03:37:48.7712472Z A path returned 202. Retrying...
2022-10-05T03:37:48.7712711Z A path returned 202. Retrying...
2022-10-05T03:37:48.7712938Z A path returned 202. Retrying...
2022-10-05T03:37:48.7713181Z A path returned 202. Retrying...
2022-10-05T03:37:48.7713419Z A path returned 202. Retrying...
2022-10-05T03:37:48.7713660Z A path returned 202. Retrying...
2022-10-05T03:37:48.7713900Z A path returned 202. Retrying...
2022-10-05T03:37:48.7714143Z A path returned 202. Retrying...
2022-10-05T03:37:48.7714386Z A path returned 202. Retrying...
2022-10-05T03:37:48.7714626Z A path returned 202. Retrying...
2022-10-05T03:37:48.7714857Z A path returned 202. Retrying...
2022-10-05T03:37:48.7715097Z A path returned 202. Retrying...
2022-10-05T03:37:48.7715336Z A path returned 202. Retrying...
2022-10-05T03:37:48.7715579Z A path returned 202. Retrying...
2022-10-05T03:37:48.7715820Z A path returned 202. Retrying...
2022-10-05T03:37:48.7716059Z A path returned 202. Retrying...
2022-10-05T03:37:48.7716383Z A path returned 202. Retrying...
2022-10-05T03:37:48.7716625Z A path returned 202. Retrying...
2022-10-05T03:37:48.7716854Z A path returned 202. Retrying...
2022-10-05T03:37:48.7717095Z A path returned 202. Retrying...
2022-10-05T03:37:48.7717338Z A path returned 202. Retrying...
2022-10-05T03:37:48.7717578Z A path returned 202. Retrying...
2022-10-05T03:37:48.7717821Z A path returned 202. Retrying...
2022-10-05T03:37:48.7718060Z A path returned 202. Retrying...
2022-10-05T03:37:48.7718301Z A path returned 202. Retrying...
2022-10-05T03:37:48.7718529Z A path returned 202. Retrying...
2022-10-05T03:37:48.7718771Z A path returned 202. Retrying...
2022-10-05T03:37:48.7719011Z A path returned 202. Retrying...
2022-10-05T03:37:48.7719249Z A path returned 202. Retrying...
2022-10-05T03:37:48.7719544Z A path returned 202. Retrying...
2022-10-05T03:37:48.7719788Z A path returned 202. Retrying...
2022-10-05T03:37:48.7720028Z A path returned 202. Retrying...
2022-10-05T03:37:48.7720269Z A path returned 202. Retrying...
2022-10-05T03:37:48.7720500Z A path returned 202. Retrying...
2022-10-05T03:37:48.7720738Z A path returned 202. Retrying...
2022-10-05T03:37:48.7720977Z A path returned 202. Retrying...
2022-10-05T03:37:48.7721216Z A path returned 202. Retrying...
2022-10-05T03:37:48.7721579Z A path returned 202. Retrying...
2022-10-05T03:37:48.7721822Z A path returned 202. Retrying...
2022-10-05T03:37:48.7722064Z A path returned 202. Retrying...
2022-10-05T03:37:48.7722307Z A path returned 202. Retrying...
2022-10-05T03:37:48.7722536Z A path returned 202. Retrying...
2022-10-05T03:37:48.7722777Z A path returned 202. Retrying...
2022-10-05T03:37:48.7723024Z A path returned 202. Retrying...
2022-10-05T03:37:48.7723271Z A path returned 202. Retrying...
2022-10-05T03:37:48.7723519Z A path returned 202. Retrying...
2022-10-05T03:37:48.7723765Z A path returned 202. Retrying...
2022-10-05T03:37:48.7724007Z A path returned 202. Retrying...
2022-10-05T03:37:48.7724233Z A path returned 202. Retrying...
2022-10-05T03:37:48.7724482Z A path returned 202. Retrying...
2022-10-05T03:37:48.7724727Z A path returned 202. Retrying...
2022-10-05T03:37:48.7724975Z A path returned 202. Retrying...
2022-10-05T03:37:48.7725215Z A path returned 202. Retrying...
2022-10-05T03:37:48.7725458Z A path returned 202. Retrying...
2022-10-05T03:37:48.7725700Z A path returned 202. Retrying...
2022-10-05T03:37:48.7725942Z A path returned 202. Retrying...
2022-10-05T03:37:48.7726176Z A path returned 202. Retrying...
2022-10-05T03:37:48.7726418Z A path returned 202. Retrying...
2022-10-05T03:37:48.7726659Z A path returned 202. Retrying...
2022-10-05T03:37:48.7726900Z A path returned 202. Retrying...
2022-10-05T03:37:48.7727141Z A path returned 202. Retrying...
2022-10-05T03:37:48.7727382Z A path returned 202. Retrying...
2022-10-05T03:37:48.7727627Z A path returned 202. Retrying...
2022-10-05T03:37:48.7727870Z A path returned 202. Retrying...
2022-10-05T03:37:48.7728098Z A path returned 202. Retrying...
2022-10-05T03:37:48.7728341Z A path returned 202. Retrying...
2022-10-05T03:37:48.7728585Z A path returned 202. Retrying...
2022-10-05T03:37:48.7728828Z A path returned 202. Retrying...
2022-10-05T03:37:48.7729075Z A path returned 202. Retrying...
2022-10-05T03:37:48.7729317Z A path returned 202. Retrying...
2022-10-05T03:37:48.7729560Z A path returned 202. Retrying...
2022-10-05T03:37:48.7729787Z A path returned 202. Retrying...
2022-10-05T03:37:48.7730030Z A path returned 202. Retrying...
2022-10-05T03:37:48.7730270Z A path returned 202. Retrying...
2022-10-05T03:37:48.7730521Z A path returned 202. Retrying...
2022-10-05T03:37:48.7730765Z A path returned 202. Retrying...
2022-10-05T03:37:48.7731004Z A path returned 202. Retrying...
2022-10-05T03:37:48.7731245Z A path returned 202. Retrying...
2022-10-05T03:37:48.7731483Z A path returned 202. Retrying...
2022-10-05T03:37:48.7731714Z A path returned 202. Retrying...
2022-10-05T03:37:48.7731953Z A path returned 202. Retrying...
2022-10-05T03:37:48.7732193Z A path returned 202. Retrying...
2022-10-05T03:37:48.7732528Z A path returned 202. Retrying...
2022-10-05T03:37:48.7732771Z A path returned 202. Retrying...
2022-10-05T03:37:48.7733015Z A path returned 202. Retrying...
2022-10-05T03:37:48.7733260Z A path returned 202. Retrying...
2022-10-05T03:37:48.7733505Z A path returned 202. Retrying...
2022-10-05T03:37:48.7733734Z A path returned 202. Retrying...
2022-10-05T03:37:48.7733978Z A path returned 202. Retrying...
2022-10-05T03:37:48.7734223Z A path returned 202. Retrying...
2022-10-05T03:37:48.7734468Z A path returned 202. Retrying...
2022-10-05T03:37:48.7734707Z A path returned 202. Retrying...
2022-10-05T03:37:48.7734946Z A path returned 202. Retrying...
2022-10-05T03:37:48.7735187Z A path returned 202. Retrying...
2022-10-05T03:37:48.7735416Z A path returned 202. Retrying...
2022-10-05T03:37:48.7735721Z A path returned 202. Retrying...
2022-10-05T03:37:48.7735968Z A path returned 202. Retrying...
2022-10-05T03:37:48.7736209Z A path returned 202. Retrying...
2022-10-05T03:37:48.7736452Z A path returned 202. Retrying...
2022-10-05T03:37:48.7736695Z A path returned 202. Retrying...
2022-10-05T03:37:48.7736938Z A path returned 202. Retrying...
2022-10-05T03:37:48.7737187Z A path returned 202. Retrying...
2022-10-05T03:37:48.7737417Z A path returned 202. Retrying...
2022-10-05T03:37:48.7737661Z A path returned 202. Retrying...
2022-10-05T03:37:48.7738006Z A path returned 202. Retrying...
2022-10-05T03:37:48.7748446Z A path returned 202. Retrying...
2022-10-05T03:37:48.7748763Z A path returned 202. Retrying...
2022-10-05T03:37:48.7749028Z A path returned 202. Retrying...
2022-10-05T03:37:48.7749295Z A path returned 202. Retrying...
2022-10-05T03:37:48.7749566Z A path returned 202. Retrying...
2022-10-05T03:46:33.1774194Z A path returned 202. Retrying...
2022-10-05T03:46:33.1776405Z A path returned 202. Retrying...
2022-10-05T03:46:33.1776734Z A path returned 202. Retrying...
2022-10-05T03:46:33.1777024Z A path returned 202. Retrying...
2022-10-05T03:46:33.1777298Z A path returned 202. Retrying...
2022-10-05T03:46:33.1777590Z A path returned 202. Retrying...
2022-10-05T03:46:33.1777875Z A path returned 202. Retrying...
2022-10-05T03:46:33.1778158Z A path returned 202. Retrying...
2022-10-05T03:46:33.1778441Z A path returned 202. Retrying...
2022-10-05T03:46:33.1778722Z A path returned 202. Retrying...
2022-10-05T03:46:33.1779004Z A path returned 202. Retrying...
2022-10-05T03:46:33.1779285Z A path returned 202. Retrying...
2022-10-05T03:46:33.1779553Z A path returned 202. Retrying...
2022-10-05T03:46:33.1779832Z A path returned 202. Retrying...
2022-10-05T03:46:33.1780114Z A path returned 202. Retrying...
2022-10-05T03:46:33.1780394Z A path returned 202. Retrying...
2022-10-05T03:46:33.1780675Z A path returned 202. Retrying...
2022-10-05T03:46:33.1780955Z A path returned 202. Retrying...
2022-10-05T03:46:33.1781239Z A path returned 202. Retrying...
2022-10-05T03:46:33.1781506Z A path returned 202. Retrying...
2022-10-05T03:46:33.1781787Z A path returned 202. Retrying...
2022-10-05T03:46:33.1782066Z A path returned 202. Retrying...
2022-10-05T03:46:33.1782348Z A path returned 202. Retrying...
2022-10-05T03:46:33.1782629Z A path returned 202. Retrying...
2022-10-05T03:46:33.1782907Z A path returned 202. Retrying...
2022-10-05T03:46:33.1783184Z A path returned 202. Retrying...
2022-10-05T03:46:33.1783462Z A path returned 202. Retrying...
2022-10-05T03:46:33.1783729Z A path returned 202. Retrying...
2022-10-05T03:46:33.1784007Z A path returned 202. Retrying...
2022-10-05T03:46:33.1784288Z A path returned 202. Retrying...
2022-10-05T03:46:33.1784571Z A path returned 202. Retrying...
2022-10-05T03:46:33.1784852Z A path returned 202. Retrying...
2022-10-05T03:46:33.1785129Z A path returned 202. Retrying...
2022-10-05T03:46:33.1785406Z A path returned 202. Retrying...
2022-10-05T03:46:33.1785684Z A path returned 202. Retrying...
2022-10-05T03:46:33.1785952Z A path returned 202. Retrying...
2022-10-05T03:46:33.1786230Z A path returned 202. Retrying...
2022-10-05T03:46:33.1786509Z A path returned 202. Retrying...
2022-10-05T03:46:33.1786787Z A path returned 202. Retrying...
2022-10-05T03:46:33.1787463Z A path returned 202. Retrying...
2022-10-05T03:46:33.1787740Z A path returned 202. Retrying...
2022-10-05T03:46:33.1788019Z A path returned 202. Retrying...
2022-10-05T03:46:33.1788284Z A path returned 202. Retrying...
2022-10-05T03:46:33.1788567Z A path returned 202. Retrying...
2022-10-05T03:46:33.1788845Z A path returned 202. Retrying...
2022-10-05T03:46:33.1789124Z A path returned 202. Retrying...
2022-10-05T03:46:33.1789404Z A path returned 202. Retrying...
2022-10-05T03:46:33.1789682Z A path returned 202. Retrying...
2022-10-05T03:46:33.1789960Z A path returned 202. Retrying...
2022-10-05T03:46:33.1790239Z A path returned 202. Retrying...
2022-10-05T03:46:33.1790509Z A path returned 202. Retrying...
2022-10-05T03:46:33.1790894Z A path returned 202. Retrying...
2022-10-05T03:46:33.1791184Z A path returned 202. Retrying...
2022-10-05T03:46:33.1791465Z A path returned 202. Retrying...
2022-10-05T03:46:33.1791745Z A path returned 202. Retrying...
2022-10-05T03:46:33.1792030Z A path returned 202. Retrying...
2022-10-05T03:46:33.1792310Z A path returned 202. Retrying...
2022-10-05T03:46:33.1792589Z A path returned 202. Retrying...
2022-10-05T03:46:33.1792855Z A path returned 202. Retrying...
2022-10-05T03:46:33.1793138Z A path returned 202. Retrying...
2022-10-05T03:46:33.1793419Z A path returned 202. Retrying...
2022-10-05T03:46:33.1793698Z A path returned 202. Retrying...
2022-10-05T03:46:33.1793978Z A path returned 202. Retrying...
2022-10-05T03:46:33.1794258Z A path returned 202. Retrying...
2022-10-05T03:46:33.1794537Z A path returned 202. Retrying...
2022-10-05T03:46:33.1794805Z A path returned 202. Retrying...
2022-10-05T03:46:33.1795084Z A path returned 202. Retrying...
2022-10-05T03:46:33.1795362Z A path returned 202. Retrying...
2022-10-05T03:46:33.1795647Z A path returned 202. Retrying...
2022-10-05T03:46:33.1795926Z A path returned 202. Retrying...
2022-10-05T03:46:33.1796205Z A path returned 202. Retrying...
2022-10-05T03:46:33.1796484Z A path returned 202. Retrying...
2022-10-05T03:46:33.1796764Z A path returned 202. Retrying...
2022-10-05T03:46:33.1797030Z A path returned 202. Retrying...
2022-10-05T03:46:33.1797308Z A path returned 202. Retrying...
2022-10-05T03:46:33.1797589Z A path returned 202. Retrying...
2022-10-05T03:46:33.1797870Z A path returned 202. Retrying...
2022-10-05T03:46:33.1798195Z A path returned 202. Retrying...
2022-10-05T03:46:33.1798474Z A path returned 202. Retrying...
2022-10-05T03:46:33.1798754Z A path returned 202. Retrying...
2022-10-05T03:46:33.1799032Z A path returned 202. Retrying...
2022-10-05T03:46:33.1799296Z A path returned 202. Retrying...
2022-10-05T03:46:33.1799574Z A path returned 202. Retrying...
2022-10-05T03:46:33.1799855Z A path returned 202. Retrying...
2022-10-05T03:46:33.1800142Z A path returned 202. Retrying...
2022-10-05T03:46:33.1800422Z A path returned 202. Retrying...
2022-10-05T03:46:33.1800701Z A path returned 202. Retrying...
2022-10-05T03:46:33.1800979Z A path returned 202. Retrying...
2022-10-05T03:46:33.1801250Z A path returned 202. Retrying...
2022-10-05T03:46:33.1801877Z A path returned 202. Retrying...
2022-10-05T03:46:33.1802159Z A path returned 202. Retrying...
2022-10-05T03:46:33.1802441Z A path returned 202. Retrying...
2022-10-05T03:46:33.1802720Z A path returned 202. Retrying...
2022-10-05T03:46:33.1803001Z A path returned 202. Retrying...
2022-10-05T03:46:33.1803277Z A path returned 202. Retrying...
2022-10-05T03:46:33.1803556Z A path returned 202. Retrying...
2022-10-05T03:46:33.1803823Z A path returned 202. Retrying...
2022-10-05T03:46:33.1804100Z A path returned 202. Retrying...
2022-10-05T03:46:33.1804383Z A path returned 202. Retrying...
2022-10-05T03:46:33.1804669Z A path returned 202. Retrying...
2022-10-05T03:46:33.1804949Z A path returned 202. Retrying...
2022-10-05T03:46:33.1805232Z A path returned 202. Retrying...
2022-10-05T03:46:33.1805512Z A path returned 202. Retrying...
2022-10-05T03:46:33.1805791Z A path returned 202. Retrying...
2022-10-05T03:46:33.1806057Z A path returned 202. Retrying...
2022-10-05T03:46:33.1806453Z A path returned 202. Retrying...
2022-10-05T03:46:33.1806735Z A path returned 202. Retrying...
2022-10-05T03:46:33.1807017Z A path returned 202. Retrying...
2022-10-05T03:46:33.1807299Z A path returned 202. Retrying...
2022-10-05T03:46:33.1807576Z A path returned 202. Retrying...
2022-10-05T03:46:33.1807854Z A path returned 202. Retrying...
2022-10-05T03:46:33.1808119Z A path returned 202. Retrying...
2022-10-05T03:46:33.1808397Z A path returned 202. Retrying...
2022-10-05T03:46:33.1808675Z A path returned 202. Retrying...
2022-10-05T03:46:33.1808954Z A path returned 202. Retrying...
2022-10-05T03:46:33.1809234Z A path returned 202. Retrying...
2022-10-05T03:46:33.1809513Z A path returned 202. Retrying...
2022-10-05T03:46:33.1809864Z A path returned 202. Retrying...
2022-10-05T03:46:33.1810150Z A path returned 202. Retrying...
2022-10-05T03:46:33.1810413Z A path returned 202. Retrying...
2022-10-05T03:46:33.1810692Z A path returned 202. Retrying...
2022-10-05T03:46:33.1810976Z A path returned 202. Retrying...
2022-10-05T03:46:33.1811256Z A path returned 202. Retrying...
2022-10-05T03:46:33.1811534Z A path returned 202. Retrying...
2022-10-05T03:46:33.1811814Z A path returned 202. Retrying...
2022-10-05T03:46:33.1812093Z A path returned 202. Retrying...
2022-10-05T03:46:33.1812372Z A path returned 202. Retrying...
2022-10-05T03:46:33.1812639Z A path returned 202. Retrying...
2022-10-05T03:46:33.1812917Z A path returned 202. Retrying...
2022-10-05T03:46:33.1813197Z A path returned 202. Retrying...
2022-10-05T03:46:33.1813476Z A path returned 202. Retrying...
2022-10-05T03:46:33.1813754Z A path returned 202. Retrying...
2022-10-05T03:46:33.1814030Z A path returned 202. Retrying...
2022-10-05T03:46:33.1814310Z A path returned 202. Retrying...
2022-10-05T03:46:33.1814577Z A path returned 202. Retrying...
2022-10-05T03:46:33.1814857Z A path returned 202. Retrying...
2022-10-05T03:46:33.1815137Z A path returned 202. Retrying...
2022-10-05T03:46:33.1815414Z A path returned 202. Retrying...
2022-10-05T03:46:33.1815698Z A path returned 202. Retrying...
2022-10-05T03:46:33.1815977Z A path returned 202. Retrying...
2022-10-05T03:46:33.1816254Z A path returned 202. Retrying...
2022-10-05T03:46:33.1816531Z A path returned 202. Retrying...
2022-10-05T03:46:33.1816798Z A path returned 202. Retrying...
2022-10-05T03:46:33.1817075Z A path returned 202. Retrying...
2022-10-05T03:46:33.1817355Z A path returned 202. Retrying...
2022-10-05T03:46:33.1817632Z A path returned 202. Retrying...
2022-10-05T03:46:33.1817911Z A path returned 202. Retrying...
2022-10-05T03:46:33.1818188Z A path returned 202. Retrying...
2022-10-05T03:46:33.1818465Z A path returned 202. Retrying...
2022-10-05T03:46:33.1818743Z A path returned 202. Retrying...
2022-10-05T03:46:33.1819011Z A path returned 202. Retrying...
2022-10-05T03:46:33.1819290Z A path returned 202. Retrying...
2022-10-05T03:46:33.1819571Z A path returned 202. Retrying...
2022-10-05T03:46:33.1819851Z A path returned 202. Retrying...
2022-10-05T03:46:33.1820137Z A path returned 202. Retrying...
2022-10-05T03:46:33.1820417Z A path returned 202. Retrying...
2022-10-05T03:46:33.1820694Z A path returned 202. Retrying...
2022-10-05T03:46:33.1821033Z A path returned 202. Retrying...
2022-10-05T03:46:33.1821279Z A path returned 202. Retrying...
2022-10-05T03:46:33.1821524Z A path returned 202. Retrying...
2022-10-05T03:46:33.1821771Z A path returned 202. Retrying...
2022-10-05T03:46:33.1822016Z A path returned 202. Retrying...
2022-10-05T03:46:33.1822262Z A path returned 202. Retrying...
2022-10-05T03:46:33.1822506Z A path returned 202. Retrying...
2022-10-05T03:46:33.1822749Z A path returned 202. Retrying...
2022-10-05T03:46:33.1822979Z A path returned 202. Retrying...
2022-10-05T03:46:33.1823226Z A path returned 202. Retrying...
2022-10-05T03:46:33.1823478Z A path returned 202. Retrying...
2022-10-05T03:46:33.1823727Z A path returned 202. Retrying...
2022-10-05T03:46:33.1823974Z A path returned 202. Retrying...
2022-10-05T03:46:33.1824218Z A path returned 202. Retrying...
2022-10-05T03:46:33.1824533Z A path returned 202. Retrying...
2022-10-05T03:46:33.1824779Z A path returned 202. Retrying...
2022-10-05T03:46:33.1825012Z A path returned 202. Retrying...
2022-10-05T03:46:33.1825255Z A path returned 202. Retrying...
2022-10-05T03:46:33.1825500Z A path returned 202. Retrying...
2022-10-05T03:46:33.1825745Z A path returned 202. Retrying...
2022-10-05T03:46:33.1825991Z A path returned 202. Retrying...
2022-10-05T03:46:33.1826236Z A path returned 202. Retrying...
2022-10-05T03:46:33.1826480Z A path returned 202. Retrying...
2022-10-05T03:46:33.1826712Z A path returned 202. Retrying...
2022-10-05T03:46:33.1826959Z A path returned 202. Retrying...
2022-10-05T03:46:33.1827204Z A path returned 202. Retrying...
2022-10-05T03:46:33.1827504Z A path returned 202. Retrying...
2022-10-05T03:46:33.1827756Z A path returned 202. Retrying...
2022-10-05T03:46:33.1828001Z A path returned 202. Retrying...
2022-10-05T03:46:33.1828245Z A path returned 202. Retrying...
2022-10-05T03:46:33.1828493Z A path returned 202. Retrying...
2022-10-05T03:46:33.1828724Z A path returned 202. Retrying...
2022-10-05T03:46:33.1828969Z A path returned 202. Retrying...
2022-10-05T03:46:33.1829214Z A path returned 202. Retrying...
2022-10-05T03:46:33.1829459Z A path returned 202. Retrying...
2022-10-05T03:46:33.1829705Z A path returned 202. Retrying...
2022-10-05T03:46:33.1829950Z A path returned 202. Retrying...
2022-10-05T03:46:33.1830194Z A path returned 202. Retrying...
2022-10-05T03:46:33.1830440Z A path returned 202. Retrying...
2022-10-05T03:46:33.1830672Z A path returned 202. Retrying...
2022-10-05T03:46:33.1830916Z A path returned 202. Retrying...
2022-10-05T03:46:33.1831167Z A path returned 202. Retrying...
2022-10-05T03:46:33.1831412Z A path returned 202. Retrying...
2022-10-05T03:46:33.1831661Z A path returned 202. Retrying...
2022-10-05T03:46:33.1831906Z A path returned 202. Retrying...
2022-10-05T03:46:33.1832150Z A path returned 202. Retrying...
2022-10-05T03:46:33.1832396Z A path returned 202. Retrying...
2022-10-05T03:46:33.1832633Z A path returned 202. Retrying...
2022-10-05T03:46:33.1832881Z A path returned 202. Retrying...
2022-10-05T03:46:33.1833125Z A path returned 202. Retrying...
2022-10-05T03:46:33.1833374Z A path returned 202. Retrying...
2022-10-05T03:46:33.1833618Z A path returned 202. Retrying...
2022-10-05T03:46:33.1833862Z A path returned 202. Retrying...
2022-10-05T03:46:33.1834106Z A path returned 202. Retrying...
2022-10-05T03:46:33.1834338Z A path returned 202. Retrying...
2022-10-05T03:46:33.1834586Z A path returned 202. Retrying...
2022-10-05T03:46:33.1834830Z A path returned 202. Retrying...
2022-10-05T03:46:33.1835079Z A path returned 202. Retrying...
2022-10-05T03:46:33.1835326Z A path returned 202. Retrying...
2022-10-05T03:46:33.1835576Z A path returned 202. Retrying...
2022-10-05T03:46:33.1835820Z A path returned 202. Retrying...
2022-10-05T03:46:33.1836065Z A path returned 202. Retrying...
2022-10-05T03:46:33.1836298Z A path returned 202. Retrying...
2022-10-05T03:46:33.1836544Z A path returned 202. Retrying...
2022-10-05T03:46:33.1836791Z A path returned 202. Retrying...
2022-10-05T03:46:33.1837037Z A path returned 202. Retrying...
2022-10-05T03:46:33.1837283Z A path returned 202. Retrying...
2022-10-05T03:46:33.1837529Z A path returned 202. Retrying...
2022-10-05T03:46:33.1837773Z A path returned 202. Retrying...
2022-10-05T03:46:33.1838016Z A path returned 202. Retrying...
2022-10-05T03:46:33.1838248Z A path returned 202. Retrying...
2022-10-05T03:46:33.1838491Z A path returned 202. Retrying...
2022-10-05T03:46:33.1838735Z A path returned 202. Retrying...
2022-10-05T03:46:33.1838980Z A path returned 202. Retrying...
2022-10-05T03:46:33.1839226Z A path returned 202. Retrying...
2022-10-05T03:46:33.1839470Z A path returned 202. Retrying...
2022-10-05T03:46:33.1839716Z A path returned 202. Retrying...
2022-10-05T03:46:33.1839947Z A path returned 202. Retrying...
2022-10-05T03:46:33.1840194Z A path returned 202. Retrying...
2022-10-05T03:46:33.1840440Z A path returned 202. Retrying...
2022-10-05T03:46:33.1840747Z A path returned 202. Retrying...
2022-10-05T03:46:33.1840992Z A path returned 202. Retrying...
2022-10-05T03:46:33.1841240Z A path returned 202. Retrying...
2022-10-05T03:46:33.1841611Z A path returned 202. Retrying...
2022-10-05T03:46:33.1841856Z A path returned 202. Retrying...
2022-10-05T03:46:33.1842087Z A path returned 202. Retrying...
2022-10-05T03:46:33.1842331Z A path returned 202. Retrying...
2022-10-05T03:46:33.1842577Z A path returned 202. Retrying...
2022-10-05T03:46:33.1842823Z A path returned 202. Retrying...
2022-10-05T03:46:33.1843068Z A path returned 202. Retrying...
2022-10-05T03:46:33.1843315Z A path returned 202. Retrying...
2022-10-05T03:49:14.1548546Z A path returned 202. Retrying...
2022-10-05T03:49:14.1549714Z A path returned 202. Retrying...
2022-10-05T03:49:14.1550108Z A path returned 202. Retrying...
2022-10-05T03:49:14.1550405Z A path returned 202. Retrying...
2022-10-05T03:49:14.1550697Z A path returned 202. Retrying...
2022-10-05T03:49:14.1550996Z A path returned 202. Retrying...
2022-10-05T03:49:14.1551290Z A path returned 202. Retrying...
2022-10-05T03:49:14.1551573Z A path returned 202. Retrying...
2022-10-05T03:49:14.1551853Z A path returned 202. Retrying...
2022-10-05T03:49:14.1552132Z A path returned 202. Retrying...
2022-10-05T03:49:14.1552404Z A path returned 202. Retrying...
2022-10-05T03:49:14.1552687Z A path returned 202. Retrying...
2022-10-05T03:49:14.1552967Z A path returned 202. Retrying...
2022-10-05T03:49:14.1553246Z A path returned 202. Retrying...
2022-10-05T03:49:14.1553528Z A path returned 202. Retrying...
2022-10-05T03:49:14.1553807Z A path returned 202. Retrying...
2022-10-05T03:49:14.1554086Z A path returned 202. Retrying...
2022-10-05T03:49:14.1554355Z A path returned 202. Retrying...
2022-10-05T03:49:14.1554639Z A path returned 202. Retrying...
2022-10-05T03:49:14.1554915Z A path returned 202. Retrying...
2022-10-05T03:49:14.1555196Z A path returned 202. Retrying...
2022-10-05T03:49:14.1555472Z A path returned 202. Retrying...
2022-10-05T03:49:14.1555752Z A path returned 202. Retrying...
2022-10-05T03:49:14.1556031Z A path returned 202. Retrying...
2022-10-05T03:49:14.1556314Z A path returned 202. Retrying...
2022-10-05T03:49:14.1556581Z A path returned 202. Retrying...
2022-10-05T03:49:14.1556861Z A path returned 202. Retrying...
2022-10-05T03:49:14.1557141Z A path returned 202. Retrying...
2022-10-05T03:49:14.1557421Z A path returned 202. Retrying...
2022-10-05T03:49:14.1557701Z A path returned 202. Retrying...
2022-10-05T03:49:14.1557976Z A path returned 202. Retrying...
2022-10-05T03:49:14.1558258Z A path returned 202. Retrying...
2022-10-05T03:49:14.1558537Z A path returned 202. Retrying...
2022-10-05T03:49:14.1558805Z A path returned 202. Retrying...
2022-10-05T03:49:14.1559091Z A path returned 202. Retrying...
2022-10-05T03:49:14.1559367Z A path returned 202. Retrying...
2022-10-05T03:49:14.1559645Z A path returned 202. Retrying...
2022-10-05T03:49:14.1559922Z A path returned 202. Retrying...
2022-10-05T03:49:14.1560205Z A path returned 202. Retrying...
2022-10-05T03:49:14.1560480Z A path returned 202. Retrying...
2022-10-05T03:49:14.1560743Z A path returned 202. Retrying...
2022-10-05T03:49:14.1561020Z A path returned 202. Retrying...
2022-10-05T03:49:14.1561296Z A path returned 202. Retrying...
2022-10-05T03:49:14.1563430Z A path returned 202. Retrying...
2022-10-05T03:49:14.1563718Z A path returned 202. Retrying...
2022-10-05T03:49:14.1563999Z A path returned 202. Retrying...
2022-10-05T03:49:14.1564278Z A path returned 202. Retrying...
2022-10-05T03:49:14.1564564Z A path returned 202. Retrying...
2022-10-05T03:49:14.1564831Z A path returned 202. Retrying...
2022-10-05T03:49:14.1565108Z A path returned 202. Retrying...
2022-10-05T03:49:14.1565386Z A path returned 202. Retrying...
2022-10-05T03:49:14.1565675Z A path returned 202. Retrying...
2022-10-05T03:49:14.1565955Z A path returned 202. Retrying...
2022-10-05T03:49:14.1566230Z A path returned 202. Retrying...
2022-10-05T03:49:14.1824930Z ##[group]Run git config --global user.name "jstrieb/github-stats"
2022-10-05T03:49:14.1825536Z [36;1mgit config --global user.name "jstrieb/github-stats"[0m
2022-10-05T03:49:14.1825967Z [36;1mgit config --global user.email "github-stats[bot]@jstrieb.github.io"[0m
2022-10-05T03:49:14.1826311Z [36;1mgit add .[0m
2022-10-05T03:49:14.1826620Z [36;1m# Force the build to succeed, even if no files were changed[0m
2022-10-05T03:49:14.1826993Z [36;1mgit commit -m 'Update generated files' || true[0m
2022-10-05T03:49:14.1827293Z [36;1mgit push[0m
2022-10-05T03:49:14.1880410Z shell: /usr/bin/bash -e {0}
2022-10-05T03:49:14.1880647Z env:
2022-10-05T03:49:14.1880930Z   pythonLocation: /opt/hostedtoolcache/Python/3.8.14/x64
2022-10-05T03:49:14.1881280Z   LD_LIBRARY_PATH: /opt/hostedtoolcache/Python/3.8.14/x64/lib
2022-10-05T03:49:14.1881736Z ##[endgroup]
2022-10-05T03:49:14.3661170Z [master 17c1b94] Update generated files
2022-10-05T03:49:14.3662126Z  2 files changed, 486 insertions(+), 450 deletions(-)
2022-10-05T03:49:14.9694003Z To https://github.com/seanpm2001/GitHub_Stats_A
2022-10-05T03:49:14.9694779Z    750e724..17c1b94  master -> master
2022-10-05T03:49:15.1968264Z Post job cleanup.
2022-10-05T03:49:15.3409052Z Cache hit occurred on the primary key Linux-pip-60f2a6c0212a9b74a155cd81b58dd07fd8b180833132566260d95f4de42fe218, not saving cache.
2022-10-05T03:49:15.3495002Z Post job cleanup.
2022-10-05T03:49:15.4971949Z Post job cleanup.
2022-10-05T03:49:15.6253275Z [command]/usr/bin/git version
2022-10-05T03:49:15.6303098Z git version 2.37.3
2022-10-05T03:49:15.6344755Z Copying '/home/runner/.gitconfig' to '/home/runner/work/_temp/acbc25cb-0d51-4be3-81f0-0c347e7c8ed6/.gitconfig'
2022-10-05T03:49:15.6356716Z Temporarily overriding HOME='/home/runner/work/_temp/acbc25cb-0d51-4be3-81f0-0c347e7c8ed6' before making global git config changes
2022-10-05T03:49:15.6359156Z Adding repository directory to the temporary git global config as a safe directory
2022-10-05T03:49:15.6365814Z [command]/usr/bin/git config --global --add safe.directory /home/runner/work/GitHub_Stats_A/GitHub_Stats_A
2022-10-05T03:49:15.6412484Z [command]/usr/bin/git config --local --name-only --get-regexp core\.sshCommand
2022-10-05T03:49:15.6452781Z [command]/usr/bin/git submodule foreach --recursive git config --local --name-only --get-regexp 'core\.sshCommand' && git config --local --unset-all 'core.sshCommand' || :
2022-10-05T03:49:15.6746397Z [command]/usr/bin/git config --local --name-only --get-regexp http\.https\:\/\/github\.com\/\.extraheader
2022-10-05T03:49:15.6790018Z http.https://github.com/.extraheader
2022-10-05T03:49:15.6799106Z [command]/usr/bin/git config --local --unset-all http.https://github.com/.extraheader
2022-10-05T03:49:15.6839099Z [command]/usr/bin/git submodule foreach --recursive git config --local --name-only --get-regexp 'http\.https\:\/\/github\.com\/\.extraheader' && git config --local --unset-all 'http.https://github.com/.extraheader' || :
2022-10-05T03:49:15.7349062Z Cleaning up orphan processes
