2023-11-04T00:22:08.3529876Z Requested labels: ubuntu-latest
2023-11-04T00:22:08.3530170Z Job defined at: seanpm2001/GitHub_Stats_A/.github/workflows/main.yml@refs/heads/master
2023-11-04T00:22:08.3530286Z Waiting for a runner to pick up this job...
2023-11-04T00:50:22.6961870Z Job is waiting for a hosted runner to come online.
2023-11-04T00:50:25.6951219Z Job is about to start running on the hosted runner: GitHub Actions 10 (hosted)
2023-11-04T00:50:29.7133523Z Current runner version: '2.311.0'
2023-11-04T00:50:29.7178311Z ##[group]Operating System
2023-11-04T00:50:29.7179367Z Ubuntu
2023-11-04T00:50:29.7179852Z 22.04.3
2023-11-04T00:50:29.7180516Z LTS
2023-11-04T00:50:29.7181569Z ##[endgroup]
2023-11-04T00:50:29.7182286Z ##[group]Runner Image
2023-11-04T00:50:29.7183397Z Image: ubuntu-22.04
2023-11-04T00:50:29.7184025Z Version: 20231030.2.0
2023-11-04T00:50:29.7185745Z Included Software: https://github.com/actions/runner-images/blob/ubuntu22/20231030.2/images/linux/Ubuntu2204-Readme.md
2023-11-04T00:50:29.7191749Z Image Release: https://github.com/actions/runner-images/releases/tag/ubuntu22%2F20231030.2
2023-11-04T00:50:29.7193393Z ##[endgroup]
2023-11-04T00:50:29.7194165Z ##[group]Runner Image Provisioner
2023-11-04T00:50:29.7194950Z 2.0.312.1
2023-11-04T00:50:29.7195465Z ##[endgroup]
2023-11-04T00:50:29.7196820Z ##[group]GITHUB_TOKEN Permissions
2023-11-04T00:50:29.7199356Z Contents: write
2023-11-04T00:50:29.7199920Z Metadata: read
2023-11-04T00:50:29.7200880Z ##[endgroup]
2023-11-04T00:50:29.7205231Z Secret source: Actions
2023-11-04T00:50:29.7206245Z Prepare workflow directory
2023-11-04T00:50:29.8206585Z Prepare all required actions
2023-11-04T00:50:29.8464264Z Getting action download info
2023-11-04T00:50:30.1120552Z Download action repository 'actions/checkout@v3' (SHA:f43a0e5ff2bd294095638e18286ca9a3d1956744)
2023-11-04T00:50:30.3064731Z Download action repository 'actions/setup-python@v4' (SHA:65d7f2d534ac1bc67fcd62888c5f4f3d2cb2b236)
2023-11-04T00:50:30.5763510Z Complete job name: build
2023-11-04T00:50:30.7147376Z ##[group]Run actions/checkout@v3
2023-11-04T00:50:30.7148028Z with:
2023-11-04T00:50:30.7148422Z   repository: seanpm2001/GitHub_Stats_A
2023-11-04T00:50:30.7149337Z   token: ***
2023-11-04T00:50:30.7149711Z   ssh-strict: true
2023-11-04T00:50:30.7150127Z   persist-credentials: true
2023-11-04T00:50:30.7150582Z   clean: true
2023-11-04T00:50:30.7150985Z   sparse-checkout-cone-mode: true
2023-11-04T00:50:30.7151465Z   fetch-depth: 1
2023-11-04T00:50:30.7151930Z   fetch-tags: false
2023-11-04T00:50:30.7152322Z   lfs: false
2023-11-04T00:50:30.7152680Z   submodules: false
2023-11-04T00:50:30.7153069Z   set-safe-directory: true
2023-11-04T00:50:30.7153517Z ##[endgroup]
2023-11-04T00:50:31.0619614Z Syncing repository: seanpm2001/GitHub_Stats_A
2023-11-04T00:50:31.0622689Z ##[group]Getting Git version info
2023-11-04T00:50:31.0624133Z Working directory is '/home/runner/work/GitHub_Stats_A/GitHub_Stats_A'
2023-11-04T00:50:31.0626707Z [command]/usr/bin/git version
2023-11-04T00:50:31.0686078Z git version 2.42.0
2023-11-04T00:50:31.0722084Z ##[endgroup]
2023-11-04T00:50:31.0746172Z Temporarily overriding HOME='/home/runner/work/_temp/40b286d6-6e81-417a-8c24-3d7847227ce9' before making global git config changes
2023-11-04T00:50:31.0748134Z Adding repository directory to the temporary git global config as a safe directory
2023-11-04T00:50:31.0752576Z [command]/usr/bin/git config --global --add safe.directory /home/runner/work/GitHub_Stats_A/GitHub_Stats_A
2023-11-04T00:50:31.0803314Z Deleting the contents of '/home/runner/work/GitHub_Stats_A/GitHub_Stats_A'
2023-11-04T00:50:31.0808903Z ##[group]Initializing the repository
2023-11-04T00:50:31.0813735Z [command]/usr/bin/git init /home/runner/work/GitHub_Stats_A/GitHub_Stats_A
2023-11-04T00:50:31.0935366Z hint: Using 'master' as the name for the initial branch. This default branch name
2023-11-04T00:50:31.0936652Z hint: is subject to change. To configure the initial branch name to use in all
2023-11-04T00:50:31.0938341Z hint: of your new repositories, which will suppress this warning, call:
2023-11-04T00:50:31.0939123Z hint: 
2023-11-04T00:50:31.0939924Z hint: 	git config --global init.defaultBranch <name>
2023-11-04T00:50:31.0940540Z hint: 
2023-11-04T00:50:31.0941266Z hint: Names commonly chosen instead of 'master' are 'main', 'trunk' and
2023-11-04T00:50:31.0943042Z hint: 'development'. The just-created branch can be renamed via this command:
2023-11-04T00:50:31.0943947Z hint: 
2023-11-04T00:50:31.0944449Z hint: 	git branch -m <name>
2023-11-04T00:50:31.0946074Z Initialized empty Git repository in /home/runner/work/GitHub_Stats_A/GitHub_Stats_A/.git/
2023-11-04T00:50:31.0948687Z [command]/usr/bin/git remote add origin https://github.com/seanpm2001/GitHub_Stats_A
2023-11-04T00:50:31.0995487Z ##[endgroup]
2023-11-04T00:50:31.0996510Z ##[group]Disabling automatic garbage collection
2023-11-04T00:50:31.0999781Z [command]/usr/bin/git config --local gc.auto 0
2023-11-04T00:50:31.1039077Z ##[endgroup]
2023-11-04T00:50:31.1040329Z ##[group]Setting up auth
2023-11-04T00:50:31.1045909Z [command]/usr/bin/git config --local --name-only --get-regexp core\.sshCommand
2023-11-04T00:50:31.1085488Z [command]/usr/bin/git submodule foreach --recursive sh -c "git config --local --name-only --get-regexp 'core\.sshCommand' && git config --local --unset-all 'core.sshCommand' || :"
2023-11-04T00:50:31.1514037Z [command]/usr/bin/git config --local --name-only --get-regexp http\.https\:\/\/github\.com\/\.extraheader
2023-11-04T00:50:31.1554338Z [command]/usr/bin/git submodule foreach --recursive sh -c "git config --local --name-only --get-regexp 'http\.https\:\/\/github\.com\/\.extraheader' && git config --local --unset-all 'http.https://github.com/.extraheader' || :"
2023-11-04T00:50:31.1925502Z [command]/usr/bin/git config --local http.https://github.com/.extraheader AUTHORIZATION: basic ***
2023-11-04T00:50:31.1979186Z ##[endgroup]
2023-11-04T00:50:31.1980781Z ##[group]Fetching the repository
2023-11-04T00:50:31.1995763Z [command]/usr/bin/git -c protocol.version=2 fetch --no-tags --prune --progress --no-recurse-submodules --depth=1 origin +0a4998956d356749261810242992fabb3b0b6491:refs/remotes/origin/master
2023-11-04T00:50:31.9623432Z remote: Enumerating objects: 8793, done.        
2023-11-04T00:50:31.9828291Z remote: Counting objects:   0% (1/8793)        
2023-11-04T00:50:31.9829857Z remote: Counting objects:   1% (88/8793)        
2023-11-04T00:50:31.9841082Z remote: Counting objects:   2% (176/8793)        
2023-11-04T00:50:31.9842283Z remote: Counting objects:   3% (264/8793)        
2023-11-04T00:50:31.9843253Z remote: Counting objects:   4% (352/8793)        
2023-11-04T00:50:31.9844563Z remote: Counting objects:   5% (440/8793)        
2023-11-04T00:50:31.9845381Z remote: Counting objects:   6% (528/8793)        
2023-11-04T00:50:31.9846161Z remote: Counting objects:   7% (616/8793)        
2023-11-04T00:50:31.9847260Z remote: Counting objects:   8% (704/8793)        
2023-11-04T00:50:31.9848250Z remote: Counting objects:   9% (792/8793)        
2023-11-04T00:50:31.9850677Z remote: Counting objects:  10% (880/8793)        
2023-11-04T00:50:31.9851770Z remote: Counting objects:  11% (968/8793)        
2023-11-04T00:50:31.9852869Z remote: Counting objects:  12% (1056/8793)        
2023-11-04T00:50:31.9854757Z remote: Counting objects:  13% (1144/8793)        
2023-11-04T00:50:31.9855736Z remote: Counting objects:  14% (1232/8793)        
2023-11-04T00:50:31.9856702Z remote: Counting objects:  15% (1319/8793)        
2023-11-04T00:50:31.9857936Z remote: Counting objects:  16% (1407/8793)        
2023-11-04T00:50:31.9859751Z remote: Counting objects:  17% (1495/8793)        
2023-11-04T00:50:31.9860510Z remote: Counting objects:  18% (1583/8793)        
2023-11-04T00:50:31.9861486Z remote: Counting objects:  19% (1671/8793)        
2023-11-04T00:50:31.9862146Z remote: Counting objects:  20% (1759/8793)        
2023-11-04T00:50:31.9862855Z remote: Counting objects:  21% (1847/8793)        
2023-11-04T00:50:31.9863903Z remote: Counting objects:  22% (1935/8793)        
2023-11-04T00:50:31.9864803Z remote: Counting objects:  23% (2023/8793)        
2023-11-04T00:50:31.9865813Z remote: Counting objects:  24% (2111/8793)        
2023-11-04T00:50:31.9891926Z remote: Counting objects:  25% (2199/8793)        
2023-11-04T00:50:31.9892753Z remote: Counting objects:  26% (2287/8793)        
2023-11-04T00:50:31.9904300Z remote: Counting objects:  27% (2375/8793)        
2023-11-04T00:50:31.9905208Z remote: Counting objects:  28% (2463/8793)        
2023-11-04T00:50:32.0016864Z remote: Counting objects:  29% (2550/8793)        
2023-11-04T00:50:32.0018653Z remote: Counting objects:  30% (2638/8793)        
2023-11-04T00:50:32.0019474Z remote: Counting objects:  31% (2726/8793)        
2023-11-04T00:50:32.0021784Z remote: Counting objects:  32% (2814/8793)        
2023-11-04T00:50:32.0022694Z remote: Counting objects:  33% (2902/8793)        
2023-11-04T00:50:32.0023415Z remote: Counting objects:  34% (2990/8793)        
2023-11-04T00:50:32.0024171Z remote: Counting objects:  35% (3078/8793)        
2023-11-04T00:50:32.0025000Z remote: Counting objects:  36% (3166/8793)        
2023-11-04T00:50:32.0026483Z remote: Counting objects:  37% (3254/8793)        
2023-11-04T00:50:32.0027605Z remote: Counting objects:  38% (3342/8793)        
2023-11-04T00:50:32.0028679Z remote: Counting objects:  39% (3430/8793)        
2023-11-04T00:50:32.0029732Z remote: Counting objects:  40% (3518/8793)        
2023-11-04T00:50:32.0030622Z remote: Counting objects:  41% (3606/8793)        
2023-11-04T00:50:32.0031520Z remote: Counting objects:  42% (3694/8793)        
2023-11-04T00:50:32.0032532Z remote: Counting objects:  43% (3781/8793)        
2023-11-04T00:50:32.0033375Z remote: Counting objects:  44% (3869/8793)        
2023-11-04T00:50:32.0035066Z remote: Counting objects:  45% (3957/8793)        
2023-11-04T00:50:32.0035914Z remote: Counting objects:  46% (4045/8793)        
2023-11-04T00:50:32.0036935Z remote: Counting objects:  47% (4133/8793)        
2023-11-04T00:50:32.0038041Z remote: Counting objects:  48% (4221/8793)        
2023-11-04T00:50:32.0038983Z remote: Counting objects:  49% (4309/8793)        
2023-11-04T00:50:32.0040085Z remote: Counting objects:  50% (4397/8793)        
2023-11-04T00:50:32.0040910Z remote: Counting objects:  51% (4485/8793)        
2023-11-04T00:50:32.0041702Z remote: Counting objects:  52% (4573/8793)        
2023-11-04T00:50:32.0042703Z remote: Counting objects:  53% (4661/8793)        
2023-11-04T00:50:32.0043516Z remote: Counting objects:  54% (4749/8793)        
2023-11-04T00:50:32.0045299Z remote: Counting objects:  55% (4837/8793)        
2023-11-04T00:50:32.0161412Z remote: Counting objects:  56% (4925/8793)        
2023-11-04T00:50:32.0162225Z remote: Counting objects:  57% (5013/8793)        
2023-11-04T00:50:32.0162809Z remote: Counting objects:  58% (5100/8793)        
2023-11-04T00:50:32.0163378Z remote: Counting objects:  59% (5188/8793)        
2023-11-04T00:50:32.0163932Z remote: Counting objects:  60% (5276/8793)        
2023-11-04T00:50:32.0164489Z remote: Counting objects:  61% (5364/8793)        
2023-11-04T00:50:32.0165047Z remote: Counting objects:  62% (5452/8793)        
2023-11-04T00:50:32.0165594Z remote: Counting objects:  63% (5540/8793)        
2023-11-04T00:50:32.0166142Z remote: Counting objects:  64% (5628/8793)        
2023-11-04T00:50:32.0166681Z remote: Counting objects:  65% (5716/8793)        
2023-11-04T00:50:32.0167228Z remote: Counting objects:  66% (5804/8793)        
2023-11-04T00:50:32.0167866Z remote: Counting objects:  67% (5892/8793)        
2023-11-04T00:50:32.0168425Z remote: Counting objects:  68% (5980/8793)        
2023-11-04T00:50:32.0169856Z remote: Counting objects:  69% (6068/8793)        
2023-11-04T00:50:32.0170573Z remote: Counting objects:  70% (6156/8793)        
2023-11-04T00:50:32.0171138Z remote: Counting objects:  71% (6244/8793)        
2023-11-04T00:50:32.0171700Z remote: Counting objects:  72% (6331/8793)        
2023-11-04T00:50:32.0172265Z remote: Counting objects:  73% (6419/8793)        
2023-11-04T00:50:32.0172829Z remote: Counting objects:  74% (6507/8793)        
2023-11-04T00:50:32.0173404Z remote: Counting objects:  75% (6595/8793)        
2023-11-04T00:50:32.0173971Z remote: Counting objects:  76% (6683/8793)        
2023-11-04T00:50:32.0174545Z remote: Counting objects:  77% (6771/8793)        
2023-11-04T00:50:32.0175101Z remote: Counting objects:  78% (6859/8793)        
2023-11-04T00:50:32.0175669Z remote: Counting objects:  79% (6947/8793)        
2023-11-04T00:50:32.0176545Z remote: Counting objects:  80% (7035/8793)        
2023-11-04T00:50:32.0177108Z remote: Counting objects:  81% (7123/8793)        
2023-11-04T00:50:32.0177664Z remote: Counting objects:  82% (7211/8793)        
2023-11-04T00:50:32.0178231Z remote: Counting objects:  83% (7299/8793)        
2023-11-04T00:50:32.0178794Z remote: Counting objects:  84% (7387/8793)        
2023-11-04T00:50:32.0179360Z remote: Counting objects:  85% (7475/8793)        
2023-11-04T00:50:32.0179916Z remote: Counting objects:  86% (7562/8793)        
2023-11-04T00:50:32.0180483Z remote: Counting objects:  87% (7650/8793)        
2023-11-04T00:50:32.0181047Z remote: Counting objects:  88% (7738/8793)        
2023-11-04T00:50:32.0181619Z remote: Counting objects:  89% (7826/8793)        
2023-11-04T00:50:32.0182170Z remote: Counting objects:  90% (7914/8793)        
2023-11-04T00:50:32.0182737Z remote: Counting objects:  91% (8002/8793)        
2023-11-04T00:50:32.0183284Z remote: Counting objects:  92% (8090/8793)        
2023-11-04T00:50:32.0183836Z remote: Counting objects:  93% (8178/8793)        
2023-11-04T00:50:32.0184386Z remote: Counting objects:  94% (8266/8793)        
2023-11-04T00:50:32.0184939Z remote: Counting objects:  95% (8354/8793)        
2023-11-04T00:50:32.0185615Z remote: Counting objects:  96% (8442/8793)        
2023-11-04T00:50:32.0186187Z remote: Counting objects:  97% (8530/8793)        
2023-11-04T00:50:32.0186755Z remote: Counting objects:  98% (8618/8793)        
2023-11-04T00:50:32.0187480Z remote: Counting objects:  99% (8706/8793)        
2023-11-04T00:50:32.0188072Z remote: Counting objects: 100% (8793/8793)        
2023-11-04T00:50:32.0188671Z remote: Counting objects: 100% (8793/8793), done.        
2023-11-04T00:50:32.0223767Z remote: Compressing objects:   0% (1/3327)        
2023-11-04T00:50:32.0224436Z remote: Compressing objects:   1% (34/3327)        
2023-11-04T00:50:32.0628664Z remote: Compressing objects:   2% (67/3327)        
2023-11-04T00:50:32.0652333Z remote: Compressing objects:   3% (100/3327)        
2023-11-04T00:50:32.0653304Z remote: Compressing objects:   4% (134/3327)        
2023-11-04T00:50:32.0654142Z remote: Compressing objects:   5% (167/3327)        
2023-11-04T00:50:32.0655313Z remote: Compressing objects:   6% (200/3327)        
2023-11-04T00:50:32.0656108Z remote: Compressing objects:   7% (233/3327)        
2023-11-04T00:50:32.0656900Z remote: Compressing objects:   8% (267/3327)        
2023-11-04T00:50:32.0657685Z remote: Compressing objects:   9% (300/3327)        
2023-11-04T00:50:32.0658591Z remote: Compressing objects:  10% (333/3327)        
2023-11-04T00:50:32.0659364Z remote: Compressing objects:  11% (366/3327)        
2023-11-04T00:50:32.0660136Z remote: Compressing objects:  12% (400/3327)        
2023-11-04T00:50:32.0660953Z remote: Compressing objects:  13% (433/3327)        
2023-11-04T00:50:32.0662816Z remote: Compressing objects:  14% (466/3327)        
2023-11-04T00:50:32.0663823Z remote: Compressing objects:  15% (500/3327)        
2023-11-04T00:50:32.0785490Z remote: Compressing objects:  16% (533/3327)        
2023-11-04T00:50:32.0806637Z remote: Compressing objects:  17% (566/3327)        
2023-11-04T00:50:32.0807587Z remote: Compressing objects:  18% (599/3327)        
2023-11-04T00:50:32.0808745Z remote: Compressing objects:  19% (633/3327)        
2023-11-04T00:50:32.0809798Z remote: Compressing objects:  20% (666/3327)        
2023-11-04T00:50:32.0810796Z remote: Compressing objects:  21% (699/3327)        
2023-11-04T00:50:32.0815024Z remote: Compressing objects:  22% (732/3327)        
2023-11-04T00:50:32.0857508Z remote: Compressing objects:  23% (766/3327)        
2023-11-04T00:50:32.0859040Z remote: Compressing objects:  24% (799/3327)        
2023-11-04T00:50:32.0859652Z remote: Compressing objects:  25% (832/3327)        
2023-11-04T00:50:32.0860247Z remote: Compressing objects:  26% (866/3327)        
2023-11-04T00:50:32.0860866Z remote: Compressing objects:  27% (899/3327)        
2023-11-04T00:50:32.0861465Z remote: Compressing objects:  28% (932/3327)        
2023-11-04T00:50:32.0862463Z remote: Compressing objects:  29% (965/3327)        
2023-11-04T00:50:32.0985716Z remote: Compressing objects:  30% (999/3327)        
2023-11-04T00:50:32.1186337Z remote: Compressing objects:  31% (1032/3327)        
2023-11-04T00:50:32.1408902Z remote: Compressing objects:  32% (1065/3327)        
2023-11-04T00:50:32.1643008Z remote: Compressing objects:  33% (1098/3327)        
2023-11-04T00:50:32.1817547Z remote: Compressing objects:  34% (1132/3327)        
2023-11-04T00:50:32.1984291Z remote: Compressing objects:  35% (1165/3327)        
2023-11-04T00:50:32.2158636Z remote: Compressing objects:  36% (1198/3327)        
2023-11-04T00:50:32.2503574Z remote: Compressing objects:  37% (1231/3327)        
2023-11-04T00:50:32.2801974Z remote: Compressing objects:  38% (1265/3327)        
2023-11-04T00:50:32.3043955Z remote: Compressing objects:  39% (1298/3327)        
2023-11-04T00:50:32.3193360Z remote: Compressing objects:  40% (1331/3327)        
2023-11-04T00:50:32.3246600Z remote: Compressing objects:  41% (1365/3327)        
2023-11-04T00:50:32.3283940Z remote: Compressing objects:  42% (1398/3327)        
2023-11-04T00:50:32.3627764Z remote: Compressing objects:  43% (1431/3327)        
2023-11-04T00:50:32.4494404Z remote: Compressing objects:  44% (1464/3327)        
2023-11-04T00:50:32.4506044Z remote: Compressing objects:  45% (1498/3327)        
2023-11-04T00:50:32.4510011Z remote: Compressing objects:  46% (1531/3327)        
2023-11-04T00:50:32.4513179Z remote: Compressing objects:  47% (1564/3327)        
2023-11-04T00:50:32.4517583Z remote: Compressing objects:  48% (1597/3327)        
2023-11-04T00:50:32.4520714Z remote: Compressing objects:  49% (1631/3327)        
2023-11-04T00:50:32.4525053Z remote: Compressing objects:  50% (1664/3327)        
2023-11-04T00:50:32.4527836Z remote: Compressing objects:  51% (1697/3327)        
2023-11-04T00:50:32.4531547Z remote: Compressing objects:  52% (1731/3327)        
2023-11-04T00:50:32.4532485Z remote: Compressing objects:  53% (1764/3327)        
2023-11-04T00:50:32.4535211Z remote: Compressing objects:  54% (1797/3327)        
2023-11-04T00:50:32.4539019Z remote: Compressing objects:  55% (1830/3327)        
2023-11-04T00:50:32.4540835Z remote: Compressing objects:  56% (1864/3327)        
2023-11-04T00:50:32.4544513Z remote: Compressing objects:  57% (1897/3327)        
2023-11-04T00:50:32.4545702Z remote: Compressing objects:  58% (1930/3327)        
2023-11-04T00:50:32.4550820Z remote: Compressing objects:  59% (1963/3327)        
2023-11-04T00:50:32.4552111Z remote: Compressing objects:  60% (1997/3327)        
2023-11-04T00:50:32.4553286Z remote: Compressing objects:  61% (2030/3327)        
2023-11-04T00:50:32.4574657Z remote: Compressing objects:  62% (2063/3327)        
2023-11-04T00:50:32.4575951Z remote: Compressing objects:  63% (2097/3327)        
2023-11-04T00:50:32.4614902Z remote: Compressing objects:  64% (2130/3327)        
2023-11-04T00:50:32.4615629Z remote: Compressing objects:  65% (2163/3327)        
2023-11-04T00:50:32.4616343Z remote: Compressing objects:  66% (2196/3327)        
2023-11-04T00:50:32.4617163Z remote: Compressing objects:  67% (2230/3327)        
2023-11-04T00:50:32.4617837Z remote: Compressing objects:  68% (2263/3327)        
2023-11-04T00:50:32.4618600Z remote: Compressing objects:  69% (2296/3327)        
2023-11-04T00:50:32.4619240Z remote: Compressing objects:  70% (2329/3327)        
2023-11-04T00:50:32.4619882Z remote: Compressing objects:  71% (2363/3327)        
2023-11-04T00:50:32.4621010Z remote: Compressing objects:  72% (2396/3327)        
2023-11-04T00:50:32.4892350Z remote: Compressing objects:  73% (2429/3327)        
2023-11-04T00:50:32.4893147Z remote: Compressing objects:  74% (2462/3327)        
2023-11-04T00:50:32.4893763Z remote: Compressing objects:  75% (2496/3327)        
2023-11-04T00:50:32.4894382Z remote: Compressing objects:  76% (2529/3327)        
2023-11-04T00:50:32.4894973Z remote: Compressing objects:  77% (2562/3327)        
2023-11-04T00:50:32.4896013Z remote: Compressing objects:  78% (2596/3327)        
2023-11-04T00:50:32.4896620Z remote: Compressing objects:  79% (2629/3327)        
2023-11-04T00:50:32.4897227Z remote: Compressing objects:  80% (2662/3327)        
2023-11-04T00:50:32.4897817Z remote: Compressing objects:  81% (2695/3327)        
2023-11-04T00:50:32.4899012Z remote: Compressing objects:  82% (2729/3327)        
2023-11-04T00:50:32.4899790Z remote: Compressing objects:  83% (2762/3327)        
2023-11-04T00:50:32.4900473Z remote: Compressing objects:  84% (2795/3327)        
2023-11-04T00:50:32.4901437Z remote: Compressing objects:  85% (2828/3327)        
2023-11-04T00:50:32.4902549Z remote: Compressing objects:  86% (2862/3327)        
2023-11-04T00:50:32.4903238Z remote: Compressing objects:  87% (2895/3327)        
2023-11-04T00:50:32.4903958Z remote: Compressing objects:  88% (2928/3327)        
2023-11-04T00:50:32.4904612Z remote: Compressing objects:  89% (2962/3327)        
2023-11-04T00:50:32.4906770Z remote: Compressing objects:  90% (2995/3327)        
2023-11-04T00:50:32.4907482Z remote: Compressing objects:  91% (3028/3327)        
2023-11-04T00:50:32.4909159Z remote: Compressing objects:  92% (3061/3327)        
2023-11-04T00:50:32.4910267Z remote: Compressing objects:  93% (3095/3327)        
2023-11-04T00:50:32.4911159Z remote: Compressing objects:  94% (3128/3327)        
2023-11-04T00:50:32.4911819Z remote: Compressing objects:  95% (3161/3327)        
2023-11-04T00:50:32.4912606Z remote: Compressing objects:  96% (3194/3327)        
2023-11-04T00:50:32.4914735Z remote: Compressing objects:  97% (3228/3327)        
2023-11-04T00:50:32.4915667Z remote: Compressing objects:  98% (3261/3327)        
2023-11-04T00:50:32.4916475Z remote: Compressing objects:  99% (3294/3327)        
2023-11-04T00:50:32.4917273Z remote: Compressing objects: 100% (3327/3327)        
2023-11-04T00:50:32.4919662Z remote: Compressing objects: 100% (3327/3327), done.        
2023-11-04T00:50:32.5733894Z Receiving objects:   0% (1/8793)
2023-11-04T00:50:32.5777239Z Receiving objects:   1% (88/8793)
2023-11-04T00:50:32.6130791Z Receiving objects:   2% (176/8793)
2023-11-04T00:50:32.6160987Z Receiving objects:   3% (264/8793)
2023-11-04T00:50:32.6183847Z Receiving objects:   4% (352/8793)
2023-11-04T00:50:32.6485234Z Receiving objects:   5% (440/8793)
2023-11-04T00:50:32.6520422Z Receiving objects:   6% (528/8793)
2023-11-04T00:50:32.6543022Z Receiving objects:   7% (616/8793)
2023-11-04T00:50:32.6558020Z Receiving objects:   8% (704/8793)
2023-11-04T00:50:32.6580082Z Receiving objects:   9% (792/8793)
2023-11-04T00:50:32.6598477Z Receiving objects:  10% (880/8793)
2023-11-04T00:50:32.6645020Z Receiving objects:  11% (968/8793)
2023-11-04T00:50:32.6646826Z Receiving objects:  12% (1056/8793)
2023-11-04T00:50:32.6650181Z Receiving objects:  13% (1144/8793)
2023-11-04T00:50:32.6726195Z Receiving objects:  14% (1232/8793)
2023-11-04T00:50:32.7003847Z Receiving objects:  15% (1319/8793)
2023-11-04T00:50:32.7095566Z Receiving objects:  16% (1407/8793)
2023-11-04T00:50:32.7275846Z Receiving objects:  17% (1495/8793)
2023-11-04T00:50:32.7395747Z Receiving objects:  18% (1583/8793)
2023-11-04T00:50:32.7485026Z Receiving objects:  19% (1671/8793)
2023-11-04T00:50:32.7576980Z Receiving objects:  20% (1759/8793)
2023-11-04T00:50:32.7679700Z Receiving objects:  21% (1847/8793)
2023-11-04T00:50:32.7760931Z Receiving objects:  22% (1935/8793)
2023-11-04T00:50:32.7850683Z Receiving objects:  23% (2023/8793)
2023-11-04T00:50:32.7962744Z Receiving objects:  24% (2111/8793)
2023-11-04T00:50:32.8076242Z Receiving objects:  25% (2199/8793)
2023-11-04T00:50:32.8277537Z Receiving objects:  26% (2287/8793)
2023-11-04T00:50:32.8415235Z Receiving objects:  27% (2375/8793)
2023-11-04T00:50:32.8589718Z Receiving objects:  28% (2463/8793)
2023-11-04T00:50:32.8734130Z Receiving objects:  29% (2550/8793)
2023-11-04T00:50:32.8930275Z Receiving objects:  30% (2638/8793)
2023-11-04T00:50:32.9067781Z Receiving objects:  31% (2726/8793)
2023-11-04T00:50:32.9217141Z Receiving objects:  32% (2814/8793)
2023-11-04T00:50:32.9377706Z Receiving objects:  33% (2902/8793)
2023-11-04T00:50:32.9576650Z Receiving objects:  34% (2990/8793)
2023-11-04T00:50:32.9750694Z Receiving objects:  35% (3078/8793)
2023-11-04T00:50:32.9875645Z Receiving objects:  36% (3166/8793)
2023-11-04T00:50:32.9932511Z Receiving objects:  37% (3254/8793)
2023-11-04T00:50:32.9997701Z Receiving objects:  38% (3342/8793)
2023-11-04T00:50:33.0058517Z Receiving objects:  39% (3430/8793), 11.11 MiB | 22.21 MiB/s
2023-11-04T00:50:33.0132400Z Receiving objects:  40% (3518/8793), 11.11 MiB | 22.21 MiB/s
2023-11-04T00:50:33.0201596Z Receiving objects:  41% (3606/8793), 11.11 MiB | 22.21 MiB/s
2023-11-04T00:50:33.0273693Z Receiving objects:  42% (3694/8793), 11.11 MiB | 22.21 MiB/s
2023-11-04T00:50:33.0347504Z Receiving objects:  43% (3781/8793), 11.11 MiB | 22.21 MiB/s
2023-11-04T00:50:33.0619852Z Receiving objects:  44% (3869/8793), 11.11 MiB | 22.21 MiB/s
2023-11-04T00:50:33.0905207Z Receiving objects:  45% (3957/8793), 11.11 MiB | 22.21 MiB/s
2023-11-04T00:50:33.1171589Z Receiving objects:  46% (4045/8793), 11.11 MiB | 22.21 MiB/s
2023-11-04T00:50:33.1327722Z Receiving objects:  47% (4133/8793), 11.11 MiB | 22.21 MiB/s
2023-11-04T00:50:33.1510971Z Receiving objects:  48% (4221/8793), 11.11 MiB | 22.21 MiB/s
2023-11-04T00:50:33.1652674Z Receiving objects:  49% (4309/8793), 11.11 MiB | 22.21 MiB/s
2023-11-04T00:50:33.1929928Z Receiving objects:  50% (4397/8793), 11.11 MiB | 22.21 MiB/s
2023-11-04T00:50:33.2147912Z Receiving objects:  51% (4485/8793), 11.11 MiB | 22.21 MiB/s
2023-11-04T00:50:33.2357589Z Receiving objects:  52% (4573/8793), 11.11 MiB | 22.21 MiB/s
2023-11-04T00:50:33.2547149Z Receiving objects:  53% (4661/8793), 11.11 MiB | 22.21 MiB/s
2023-11-04T00:50:33.2647933Z Receiving objects:  54% (4749/8793), 11.11 MiB | 22.21 MiB/s
2023-11-04T00:50:33.2775453Z Receiving objects:  55% (4837/8793), 11.11 MiB | 22.21 MiB/s
2023-11-04T00:50:33.2912202Z Receiving objects:  56% (4925/8793), 11.11 MiB | 22.21 MiB/s
2023-11-04T00:50:33.3075015Z Receiving objects:  57% (5013/8793), 11.11 MiB | 22.21 MiB/s
2023-11-04T00:50:33.3179047Z Receiving objects:  58% (5100/8793), 11.11 MiB | 22.21 MiB/s
2023-11-04T00:50:33.3359569Z Receiving objects:  59% (5188/8793), 11.11 MiB | 22.21 MiB/s
2023-11-04T00:50:33.3487557Z Receiving objects:  60% (5276/8793), 11.11 MiB | 22.21 MiB/s
2023-11-04T00:50:33.3649202Z Receiving objects:  61% (5364/8793), 11.11 MiB | 22.21 MiB/s
2023-11-04T00:50:33.3824433Z Receiving objects:  62% (5452/8793), 11.11 MiB | 22.21 MiB/s
2023-11-04T00:50:33.3952313Z Receiving objects:  63% (5540/8793), 11.11 MiB | 22.21 MiB/s
2023-11-04T00:50:33.4127196Z Receiving objects:  64% (5628/8793), 11.11 MiB | 22.21 MiB/s
2023-11-04T00:50:33.4288359Z Receiving objects:  65% (5716/8793), 11.11 MiB | 22.21 MiB/s
2023-11-04T00:50:33.4496942Z Receiving objects:  66% (5804/8793), 11.11 MiB | 22.21 MiB/s
2023-11-04T00:50:33.4636595Z Receiving objects:  67% (5892/8793), 11.11 MiB | 22.21 MiB/s
2023-11-04T00:50:33.4734974Z Receiving objects:  68% (5980/8793), 11.11 MiB | 22.21 MiB/s
2023-11-04T00:50:33.4849309Z Receiving objects:  69% (6068/8793), 11.11 MiB | 22.21 MiB/s
2023-11-04T00:50:33.4948385Z Receiving objects:  70% (6156/8793), 11.11 MiB | 22.21 MiB/s
2023-11-04T00:50:33.4991987Z Receiving objects:  70% (6205/8793), 28.12 MiB | 28.11 MiB/s
2023-11-04T00:50:33.5125803Z Receiving objects:  71% (6244/8793), 28.12 MiB | 28.11 MiB/s
2023-11-04T00:50:33.5282769Z Receiving objects:  72% (6331/8793), 28.12 MiB | 28.11 MiB/s
2023-11-04T00:50:33.5424746Z Receiving objects:  73% (6419/8793), 28.12 MiB | 28.11 MiB/s
2023-11-04T00:50:33.5539393Z Receiving objects:  74% (6507/8793), 28.12 MiB | 28.11 MiB/s
2023-11-04T00:50:33.5764412Z Receiving objects:  75% (6595/8793), 28.12 MiB | 28.11 MiB/s
2023-11-04T00:50:33.5922761Z Receiving objects:  76% (6683/8793), 28.12 MiB | 28.11 MiB/s
2023-11-04T00:50:33.6034278Z Receiving objects:  77% (6771/8793), 28.12 MiB | 28.11 MiB/s
2023-11-04T00:50:33.6150927Z Receiving objects:  78% (6859/8793), 28.12 MiB | 28.11 MiB/s
2023-11-04T00:50:33.6248509Z Receiving objects:  79% (6947/8793), 28.12 MiB | 28.11 MiB/s
2023-11-04T00:50:33.6381475Z Receiving objects:  80% (7035/8793), 28.12 MiB | 28.11 MiB/s
2023-11-04T00:50:33.6519958Z Receiving objects:  81% (7123/8793), 28.12 MiB | 28.11 MiB/s
2023-11-04T00:50:33.6632169Z Receiving objects:  82% (7211/8793), 28.12 MiB | 28.11 MiB/s
2023-11-04T00:50:33.6750011Z Receiving objects:  83% (7299/8793), 28.12 MiB | 28.11 MiB/s
2023-11-04T00:50:33.6892958Z Receiving objects:  84% (7387/8793), 28.12 MiB | 28.11 MiB/s
2023-11-04T00:50:33.7050266Z Receiving objects:  85% (7475/8793), 28.12 MiB | 28.11 MiB/s
2023-11-04T00:50:33.7296548Z Receiving objects:  86% (7562/8793), 28.12 MiB | 28.11 MiB/s
2023-11-04T00:50:33.7379190Z Receiving objects:  87% (7650/8793), 28.12 MiB | 28.11 MiB/s
2023-11-04T00:50:33.7460944Z Receiving objects:  88% (7738/8793), 28.12 MiB | 28.11 MiB/s
2023-11-04T00:50:33.7498221Z Receiving objects:  89% (7826/8793), 28.12 MiB | 28.11 MiB/s
2023-11-04T00:50:33.7526117Z Receiving objects:  90% (7914/8793), 28.12 MiB | 28.11 MiB/s
2023-11-04T00:50:33.7530682Z Receiving objects:  91% (8002/8793), 28.12 MiB | 28.11 MiB/s
2023-11-04T00:50:33.7539926Z Receiving objects:  92% (8090/8793), 28.12 MiB | 28.11 MiB/s
2023-11-04T00:50:33.7549287Z Receiving objects:  93% (8178/8793), 28.12 MiB | 28.11 MiB/s
2023-11-04T00:50:33.7602258Z Receiving objects:  94% (8266/8793), 28.12 MiB | 28.11 MiB/s
2023-11-04T00:50:33.7820824Z Receiving objects:  95% (8354/8793), 28.12 MiB | 28.11 MiB/s
2023-11-04T00:50:33.8205852Z Receiving objects:  96% (8442/8793), 28.12 MiB | 28.11 MiB/s
2023-11-04T00:50:33.8452705Z Receiving objects:  97% (8530/8793), 28.12 MiB | 28.11 MiB/s
2023-11-04T00:50:33.8500047Z Receiving objects:  98% (8618/8793), 28.12 MiB | 28.11 MiB/s
2023-11-04T00:50:33.8756777Z Receiving objects:  99% (8706/8793), 28.12 MiB | 28.11 MiB/s
2023-11-04T00:50:33.8758485Z remote: Total 8793 (delta 5134), reused 8485 (delta 5064), pack-reused 0        
2023-11-04T00:50:33.8761960Z Receiving objects: 100% (8793/8793), 28.12 MiB | 28.11 MiB/s
2023-11-04T00:50:33.8764316Z Receiving objects: 100% (8793/8793), 42.46 MiB | 30.75 MiB/s, done.
2023-11-04T00:50:33.8890954Z Resolving deltas:   0% (0/5134)
2023-11-04T00:50:33.9114021Z Resolving deltas:   1% (52/5134)
2023-11-04T00:50:33.9349900Z Resolving deltas:   2% (103/5134)
2023-11-04T00:50:33.9517602Z Resolving deltas:   3% (155/5134)
2023-11-04T00:50:33.9693842Z Resolving deltas:   4% (206/5134)
2023-11-04T00:50:33.9839948Z Resolving deltas:   5% (258/5134)
2023-11-04T00:50:33.9851652Z Resolving deltas:   6% (309/5134)
2023-11-04T00:50:33.9860996Z Resolving deltas:   7% (360/5134)
2023-11-04T00:50:33.9870850Z Resolving deltas:   8% (411/5134)
2023-11-04T00:50:33.9882117Z Resolving deltas:   9% (463/5134)
2023-11-04T00:50:33.9897409Z Resolving deltas:  10% (514/5134)
2023-11-04T00:50:33.9912963Z Resolving deltas:  11% (565/5134)
2023-11-04T00:50:33.9918452Z Resolving deltas:  12% (617/5134)
2023-11-04T00:50:34.0129873Z Resolving deltas:  13% (668/5134)
2023-11-04T00:50:34.0451501Z Resolving deltas:  14% (719/5134)
2023-11-04T00:50:34.0728374Z Resolving deltas:  15% (771/5134)
2023-11-04T00:50:34.1056640Z Resolving deltas:  16% (822/5134)
2023-11-04T00:50:34.1185197Z Resolving deltas:  17% (873/5134)
2023-11-04T00:50:34.1424157Z Resolving deltas:  18% (925/5134)
2023-11-04T00:50:34.1632949Z Resolving deltas:  19% (976/5134)
2023-11-04T00:50:34.1948329Z Resolving deltas:  20% (1027/5134)
2023-11-04T00:50:34.2089499Z Resolving deltas:  21% (1079/5134)
2023-11-04T00:50:34.2342581Z Resolving deltas:  22% (1130/5134)
2023-11-04T00:50:34.2360081Z Resolving deltas:  23% (1181/5134)
2023-11-04T00:50:34.2380981Z Resolving deltas:  24% (1233/5134)
2023-11-04T00:50:34.2387309Z Resolving deltas:  25% (1284/5134)
2023-11-04T00:50:34.2393685Z Resolving deltas:  26% (1336/5134)
2023-11-04T00:50:34.2404651Z Resolving deltas:  27% (1387/5134)
2023-11-04T00:50:34.2416192Z Resolving deltas:  28% (1438/5134)
2023-11-04T00:50:34.2434997Z Resolving deltas:  29% (1489/5134)
2023-11-04T00:50:34.2447755Z Resolving deltas:  30% (1541/5134)
2023-11-04T00:50:34.2457199Z Resolving deltas:  31% (1593/5134)
2023-11-04T00:50:34.2473671Z Resolving deltas:  32% (1643/5134)
2023-11-04T00:50:34.2487349Z Resolving deltas:  33% (1695/5134)
2023-11-04T00:50:34.2499573Z Resolving deltas:  34% (1746/5134)
2023-11-04T00:50:34.2541114Z Resolving deltas:  35% (1797/5134)
2023-11-04T00:50:34.2549525Z Resolving deltas:  36% (1849/5134)
2023-11-04T00:50:34.2552021Z Resolving deltas:  37% (1900/5134)
2023-11-04T00:50:34.2554681Z Resolving deltas:  38% (1951/5134)
2023-11-04T00:50:34.2577366Z Resolving deltas:  39% (2003/5134)
2023-11-04T00:50:34.2607485Z Resolving deltas:  40% (2054/5134)
2023-11-04T00:50:34.2625227Z Resolving deltas:  41% (2105/5134)
2023-11-04T00:50:34.2665932Z Resolving deltas:  42% (2157/5134)
2023-11-04T00:50:34.2705477Z Resolving deltas:  43% (2208/5134)
2023-11-04T00:50:34.2766675Z Resolving deltas:  44% (2259/5134)
2023-11-04T00:50:34.2793483Z Resolving deltas:  45% (2311/5134)
2023-11-04T00:50:34.2799303Z Resolving deltas:  46% (2362/5134)
2023-11-04T00:50:34.2807476Z Resolving deltas:  47% (2413/5134)
2023-11-04T00:50:34.3317739Z Resolving deltas:  48% (2465/5134)
2023-11-04T00:50:34.3446989Z Resolving deltas:  49% (2516/5134)
2023-11-04T00:50:34.3685176Z Resolving deltas:  50% (2567/5134)
2023-11-04T00:50:34.4067479Z Resolving deltas:  51% (2619/5134)
2023-11-04T00:50:34.4357508Z Resolving deltas:  52% (2670/5134)
2023-11-04T00:50:34.4729237Z Resolving deltas:  53% (2722/5134)
2023-11-04T00:50:34.4911079Z Resolving deltas:  54% (2773/5134)
2023-11-04T00:50:34.5178771Z Resolving deltas:  55% (2824/5134)
2023-11-04T00:50:34.5450178Z Resolving deltas:  56% (2876/5134)
2023-11-04T00:50:34.5657720Z Resolving deltas:  57% (2927/5134)
2023-11-04T00:50:34.5875652Z Resolving deltas:  58% (2978/5134)
2023-11-04T00:50:34.6049419Z Resolving deltas:  59% (3030/5134)
2023-11-04T00:50:34.6056384Z Resolving deltas:  60% (3081/5134)
2023-11-04T00:50:34.6072115Z Resolving deltas:  61% (3132/5134)
2023-11-04T00:50:34.6085187Z Resolving deltas:  62% (3184/5134)
2023-11-04T00:50:34.6203911Z Resolving deltas:  63% (3235/5134)
2023-11-04T00:50:34.6509640Z Resolving deltas:  64% (3286/5134)
2023-11-04T00:50:34.6770684Z Resolving deltas:  65% (3338/5134)
2023-11-04T00:50:34.7015594Z Resolving deltas:  66% (3389/5134)
2023-11-04T00:50:34.7129160Z Resolving deltas:  67% (3440/5134)
2023-11-04T00:50:34.7218744Z Resolving deltas:  68% (3492/5134)
2023-11-04T00:50:34.7239486Z Resolving deltas:  69% (3543/5134)
2023-11-04T00:50:34.7261984Z Resolving deltas:  70% (3594/5134)
2023-11-04T00:50:34.7265601Z Resolving deltas:  71% (3646/5134)
2023-11-04T00:50:34.7270175Z Resolving deltas:  72% (3697/5134)
2023-11-04T00:50:34.7289642Z Resolving deltas:  73% (3748/5134)
2023-11-04T00:50:34.7296184Z Resolving deltas:  74% (3800/5134)
2023-11-04T00:50:34.7300904Z Resolving deltas:  75% (3851/5134)
2023-11-04T00:50:34.7307746Z Resolving deltas:  76% (3902/5134)
2023-11-04T00:50:34.7317804Z Resolving deltas:  77% (3954/5134)
2023-11-04T00:50:34.7338364Z Resolving deltas:  78% (4005/5134)
2023-11-04T00:50:34.7353884Z Resolving deltas:  79% (4056/5134)
2023-11-04T00:50:34.7380323Z Resolving deltas:  80% (4108/5134)
2023-11-04T00:50:34.7407470Z Resolving deltas:  81% (4159/5134)
2023-11-04T00:50:34.7425907Z Resolving deltas:  82% (4210/5134)
2023-11-04T00:50:34.7433998Z Resolving deltas:  83% (4262/5134)
2023-11-04T00:50:34.7599921Z Resolving deltas:  84% (4313/5134)
2023-11-04T00:50:34.7748195Z Resolving deltas:  85% (4364/5134)
2023-11-04T00:50:34.7792168Z Resolving deltas:  86% (4416/5134)
2023-11-04T00:50:34.7862467Z Resolving deltas:  87% (4467/5134)
2023-11-04T00:50:34.7932944Z Resolving deltas:  88% (4518/5134)
2023-11-04T00:50:34.8017512Z Resolving deltas:  89% (4570/5134)
2023-11-04T00:50:34.8126328Z Resolving deltas:  90% (4621/5134)
2023-11-04T00:50:34.8287713Z Resolving deltas:  91% (4672/5134)
2023-11-04T00:50:34.8378105Z Resolving deltas:  92% (4724/5134)
2023-11-04T00:50:34.8436854Z Resolving deltas:  93% (4775/5134)
2023-11-04T00:50:34.8505711Z Resolving deltas:  94% (4826/5134)
2023-11-04T00:50:34.8584071Z Resolving deltas:  95% (4878/5134)
2023-11-04T00:50:34.8683308Z Resolving deltas:  96% (4929/5134)
2023-11-04T00:50:34.8765918Z Resolving deltas:  97% (4980/5134)
2023-11-04T00:50:34.8792354Z Resolving deltas:  97% (5021/5134)
2023-11-04T00:50:34.8861049Z Resolving deltas:  98% (5032/5134)
2023-11-04T00:50:34.8962656Z Resolving deltas:  99% (5083/5134)
2023-11-04T00:50:34.8971942Z Resolving deltas: 100% (5134/5134)
2023-11-04T00:50:34.8972761Z Resolving deltas: 100% (5134/5134), done.
2023-11-04T00:50:34.9988423Z From https://github.com/seanpm2001/GitHub_Stats_A
2023-11-04T00:50:34.9990082Z  * [new ref]         0a4998956d356749261810242992fabb3b0b6491 -> origin/master
2023-11-04T00:50:35.0019163Z ##[endgroup]
2023-11-04T00:50:35.0020720Z ##[group]Determining the checkout info
2023-11-04T00:50:35.0021723Z ##[endgroup]
2023-11-04T00:50:35.0022504Z ##[group]Checking out the ref
2023-11-04T00:50:35.0027060Z [command]/usr/bin/git checkout --progress --force -B master refs/remotes/origin/master
2023-11-04T00:50:36.0276296Z Updating files:  60% (5548/9129)
2023-11-04T00:50:36.0441513Z Updating files:  61% (5569/9129)
2023-11-04T00:50:36.0657455Z Updating files:  62% (5660/9129)
2023-11-04T00:50:36.0845186Z Updating files:  63% (5752/9129)
2023-11-04T00:50:36.1009668Z Updating files:  64% (5843/9129)
2023-11-04T00:50:36.1261730Z Updating files:  65% (5934/9129)
2023-11-04T00:50:36.1447510Z Updating files:  66% (6026/9129)
2023-11-04T00:50:36.1618890Z Updating files:  67% (6117/9129)
2023-11-04T00:50:36.1769147Z Updating files:  68% (6208/9129)
2023-11-04T00:50:36.1946021Z Updating files:  69% (6300/9129)
2023-11-04T00:50:36.2125184Z Updating files:  70% (6391/9129)
2023-11-04T00:50:36.2279936Z Updating files:  71% (6482/9129)
2023-11-04T00:50:36.2453552Z Updating files:  72% (6573/9129)
2023-11-04T00:50:36.2650396Z Updating files:  73% (6665/9129)
2023-11-04T00:50:36.2856861Z Updating files:  74% (6756/9129)
2023-11-04T00:50:36.3038655Z Updating files:  75% (6847/9129)
2023-11-04T00:50:36.3149657Z Updating files:  76% (6939/9129)
2023-11-04T00:50:36.3238195Z Updating files:  77% (7030/9129)
2023-11-04T00:50:36.3440458Z Updating files:  78% (7121/9129)
2023-11-04T00:50:36.3522457Z Updating files:  79% (7212/9129)
2023-11-04T00:50:36.3657772Z Updating files:  80% (7304/9129)
2023-11-04T00:50:36.3845647Z Updating files:  81% (7395/9129)
2023-11-04T00:50:36.3944895Z Updating files:  82% (7486/9129)
2023-11-04T00:50:36.3982104Z Updating files:  83% (7578/9129)
2023-11-04T00:50:36.4093374Z Updating files:  84% (7669/9129)
2023-11-04T00:50:36.4179705Z Updating files:  85% (7760/9129)
2023-11-04T00:50:36.4276958Z Updating files:  86% (7851/9129)
2023-11-04T00:50:36.4388774Z Updating files:  87% (7943/9129)
2023-11-04T00:50:36.4478858Z Updating files:  88% (8034/9129)
2023-11-04T00:50:36.4624534Z Updating files:  89% (8125/9129)
2023-11-04T00:50:36.4794683Z Updating files:  90% (8217/9129)
2023-11-04T00:50:36.4968106Z Updating files:  91% (8308/9129)
2023-11-04T00:50:36.5183981Z Updating files:  92% (8399/9129)
2023-11-04T00:50:36.5452284Z Updating files:  93% (8490/9129)
2023-11-04T00:50:36.5612754Z Updating files:  94% (8582/9129)
2023-11-04T00:50:36.5711287Z Updating files:  95% (8673/9129)
2023-11-04T00:50:36.5831248Z Updating files:  96% (8764/9129)
2023-11-04T00:50:36.5969312Z Updating files:  97% (8856/9129)
2023-11-04T00:50:36.6129777Z Updating files:  98% (8947/9129)
2023-11-04T00:50:36.6263933Z Updating files:  99% (9038/9129)
2023-11-04T00:50:36.6264512Z Updating files: 100% (9129/9129)
2023-11-04T00:50:36.6265052Z Updating files: 100% (9129/9129), done.
2023-11-04T00:50:36.6445188Z Reset branch 'master'
2023-11-04T00:50:36.6445824Z branch 'master' set up to track 'origin/master'.
2023-11-04T00:50:36.6513673Z ##[endgroup]
2023-11-04T00:50:36.6572155Z [command]/usr/bin/git log -1 --format='%H'
2023-11-04T00:50:36.6609715Z '0a4998956d356749261810242992fabb3b0b6491'
2023-11-04T00:50:36.7158376Z ##[group]Run actions/setup-python@v4
2023-11-04T00:50:36.7159159Z with:
2023-11-04T00:50:36.7159495Z   python-version: 3.8
2023-11-04T00:50:36.7159913Z   architecture: x64
2023-11-04T00:50:36.7160294Z   cache: pip
2023-11-04T00:50:36.7160649Z   check-latest: false
2023-11-04T00:50:36.7161222Z   token: ***
2023-11-04T00:50:36.7161576Z   update-environment: true
2023-11-04T00:50:36.7162032Z   allow-prereleases: false
2023-11-04T00:50:36.7162460Z ##[endgroup]
2023-11-04T00:50:36.9592793Z ##[group]Installed versions
2023-11-04T00:50:36.9718468Z Successfully set up CPython (3.8.18)
2023-11-04T00:50:36.9721351Z ##[endgroup]
2023-11-04T00:50:38.4111106Z [command]/opt/hostedtoolcache/Python/3.8.18/x64/bin/pip cache dir
2023-11-04T00:50:39.9591183Z /home/runner/.cache/pip
2023-11-04T00:50:40.9497582Z Received 6245959 of 6245959 (100.0%), 10.9 MBs/sec
2023-11-04T00:50:40.9498678Z Cache Size: ~6 MB (6245959 B)
2023-11-04T00:50:40.9542104Z [command]/usr/bin/tar -xf /home/runner/work/_temp/8edd1bc9-036a-423c-bc95-7c572044758e/cache.tzst -P -C /home/runner/work/GitHub_Stats_A/GitHub_Stats_A --use-compress-program unzstd
2023-11-04T00:50:40.9849531Z Cache restored successfully
2023-11-04T00:50:40.9882433Z Cache restored from key: setup-python-Linux-22.04-Ubuntu-python-3.8.18-pip-60f2a6c0212a9b74a155cd81b58dd07fd8b180833132566260d95f4de42fe218
2023-11-04T00:50:41.0189641Z ##[group]Run python3 -m pip install --upgrade pip setuptools wheel
2023-11-04T00:50:41.0191298Z [36;1mpython3 -m pip install --upgrade pip setuptools wheel[0m
2023-11-04T00:50:41.0192181Z [36;1mpython3 -m pip install -r requirements.txt[0m
2023-11-04T00:50:41.0330712Z shell: /usr/bin/bash -e {0}
2023-11-04T00:50:41.0331190Z env:
2023-11-04T00:50:41.0331678Z   pythonLocation: /opt/hostedtoolcache/Python/3.8.18/x64
2023-11-04T00:50:41.0332529Z   PKG_CONFIG_PATH: /opt/hostedtoolcache/Python/3.8.18/x64/lib/pkgconfig
2023-11-04T00:50:41.0333373Z   Python_ROOT_DIR: /opt/hostedtoolcache/Python/3.8.18/x64
2023-11-04T00:50:41.0334118Z   Python2_ROOT_DIR: /opt/hostedtoolcache/Python/3.8.18/x64
2023-11-04T00:50:41.0334888Z   Python3_ROOT_DIR: /opt/hostedtoolcache/Python/3.8.18/x64
2023-11-04T00:50:41.0335658Z   LD_LIBRARY_PATH: /opt/hostedtoolcache/Python/3.8.18/x64/lib
2023-11-04T00:50:41.0336273Z ##[endgroup]
2023-11-04T00:50:42.2662256Z Requirement already satisfied: pip in /opt/hostedtoolcache/Python/3.8.18/x64/lib/python3.8/site-packages (23.0.1)
2023-11-04T00:50:42.5116725Z Collecting pip
2023-11-04T00:50:42.6414433Z   Downloading pip-23.3.1-py3-none-any.whl.metadata (3.5 kB)
2023-11-04T00:50:42.6467777Z Requirement already satisfied: setuptools in /opt/hostedtoolcache/Python/3.8.18/x64/lib/python3.8/site-packages (56.0.0)
2023-11-04T00:50:43.0117014Z Collecting setuptools
2023-11-04T00:50:43.0271976Z   Downloading setuptools-68.2.2-py3-none-any.whl.metadata (6.3 kB)
2023-11-04T00:50:43.2466452Z Collecting wheel
2023-11-04T00:50:43.2598755Z   Downloading wheel-0.41.3-py3-none-any.whl.metadata (2.2 kB)
2023-11-04T00:50:43.3637971Z Downloading pip-23.3.1-py3-none-any.whl (2.1 MB)
2023-11-04T00:50:43.5910889Z    ━━━━━━━━━━━━━━━━━━━━━━━━━━━━━━━━━━━━━━━━ 2.1/2.1 MB 9.6 MB/s eta 0:00:00
2023-11-04T00:50:43.6045675Z Downloading setuptools-68.2.2-py3-none-any.whl (807 kB)
2023-11-04T00:50:43.6604457Z    ━━━━━━━━━━━━━━━━━━━━━━━━━━━━━━━━━━━━━━━━ 807.9/807.9 kB 15.5 MB/s eta 0:00:00
2023-11-04T00:50:43.6737190Z Downloading wheel-0.41.3-py3-none-any.whl (65 kB)
2023-11-04T00:50:43.6822188Z    ━━━━━━━━━━━━━━━━━━━━━━━━━━━━━━━━━━━━━━━━ 65.8/65.8 kB 11.8 MB/s eta 0:00:00
2023-11-04T00:50:43.8303490Z Installing collected packages: wheel, setuptools, pip
2023-11-04T00:50:43.9027582Z   Attempting uninstall: setuptools
2023-11-04T00:50:43.9037006Z     Found existing installation: setuptools 56.0.0
2023-11-04T00:50:43.9444238Z     Uninstalling setuptools-56.0.0:
2023-11-04T00:50:43.9588686Z       Successfully uninstalled setuptools-56.0.0
2023-11-04T00:50:44.5303887Z   Attempting uninstall: pip
2023-11-04T00:50:44.5311421Z     Found existing installation: pip 23.0.1
2023-11-04T00:50:44.6220697Z     Uninstalling pip-23.0.1:
2023-11-04T00:50:44.7011403Z       Successfully uninstalled pip-23.0.1
2023-11-04T00:50:46.1083172Z Successfully installed pip-23.3.1 setuptools-68.2.2 wheel-0.41.3
2023-11-04T00:50:48.1552224Z Collecting requests (from -r requirements.txt (line 1))
2023-11-04T00:50:48.3219399Z   Downloading requests-2.31.0-py3-none-any.whl.metadata (4.6 kB)
2023-11-04T00:50:48.7872310Z Collecting aiohttp (from -r requirements.txt (line 2))
2023-11-04T00:50:48.8098388Z   Downloading aiohttp-3.8.6-cp38-cp38-manylinux_2_17_x86_64.manylinux2014_x86_64.whl.metadata (7.7 kB)
2023-11-04T00:50:48.9802594Z Collecting charset-normalizer<4,>=2 (from requests->-r requirements.txt (line 1))
2023-11-04T00:50:48.9931650Z   Downloading charset_normalizer-3.3.2-cp38-cp38-manylinux_2_17_x86_64.manylinux2014_x86_64.whl.metadata (33 kB)
2023-11-04T00:50:49.0472203Z Collecting idna<4,>=2.5 (from requests->-r requirements.txt (line 1))
2023-11-04T00:50:49.0593972Z   Downloading idna-3.4-py3-none-any.whl (61 kB)
2023-11-04T00:50:49.0780990Z      ━━━━━━━━━━━━━━━━━━━━━━━━━━━━━━━━━━━━━━━━ 61.5/61.5 kB 3.5 MB/s eta 0:00:00
2023-11-04T00:50:49.1597233Z Collecting urllib3<3,>=1.21.1 (from requests->-r requirements.txt (line 1))
2023-11-04T00:50:49.1732719Z   Downloading urllib3-2.0.7-py3-none-any.whl.metadata (6.6 kB)
2023-11-04T00:50:49.2487368Z Collecting certifi>=2017.4.17 (from requests->-r requirements.txt (line 1))
2023-11-04T00:50:49.2609232Z   Downloading certifi-2023.7.22-py3-none-any.whl.metadata (2.2 kB)
2023-11-04T00:50:49.3284259Z Collecting attrs>=17.3.0 (from aiohttp->-r requirements.txt (line 2))
2023-11-04T00:50:49.3411581Z   Downloading attrs-23.1.0-py3-none-any.whl (61 kB)
2023-11-04T00:50:49.3552559Z      ━━━━━━━━━━━━━━━━━━━━━━━━━━━━━━━━━━━━━━━━ 61.2/61.2 kB 4.8 MB/s eta 0:00:00
2023-11-04T00:50:49.6801064Z Collecting multidict<7.0,>=4.5 (from aiohttp->-r requirements.txt (line 2))
2023-11-04T00:50:49.6942463Z   Downloading multidict-6.0.4-cp38-cp38-manylinux_2_17_x86_64.manylinux2014_x86_64.whl (121 kB)
2023-11-04T00:50:49.7172241Z      ━━━━━━━━━━━━━━━━━━━━━━━━━━━━━━━━━━━━━━━ 121.3/121.3 kB 6.0 MB/s eta 0:00:00
2023-11-04T00:50:49.7522418Z Collecting async-timeout<5.0,>=4.0.0a3 (from aiohttp->-r requirements.txt (line 2))
2023-11-04T00:50:49.7681940Z   Downloading async_timeout-4.0.3-py3-none-any.whl.metadata (4.2 kB)
2023-11-04T00:50:49.9807181Z Collecting yarl<2.0,>=1.0 (from aiohttp->-r requirements.txt (line 2))
2023-11-04T00:50:50.1340306Z   Downloading yarl-1.9.2-cp38-cp38-manylinux_2_17_x86_64.manylinux2014_x86_64.whl (266 kB)
2023-11-04T00:50:50.2504102Z      ━━━━━━━━━━━━━━━━━━━━━━━━━━━━━━━━━━━━━━━ 266.9/266.9 kB 2.3 MB/s eta 0:00:00
2023-11-04T00:50:50.3378588Z Collecting frozenlist>=1.1.1 (from aiohttp->-r requirements.txt (line 2))
2023-11-04T00:50:50.3617720Z   Downloading frozenlist-1.4.0-cp38-cp38-manylinux_2_5_x86_64.manylinux1_x86_64.manylinux_2_17_x86_64.manylinux2014_x86_64.whl.metadata (5.2 kB)
2023-11-04T00:50:50.3938216Z Collecting aiosignal>=1.1.2 (from aiohttp->-r requirements.txt (line 2))
2023-11-04T00:50:50.4238070Z   Downloading aiosignal-1.3.1-py3-none-any.whl (7.6 kB)
2023-11-04T00:50:50.5714978Z Downloading requests-2.31.0-py3-none-any.whl (62 kB)
2023-11-04T00:50:50.5819537Z    ━━━━━━━━━━━━━━━━━━━━━━━━━━━━━━━━━━━━━━━━ 62.6/62.6 kB 7.4 MB/s eta 0:00:00
2023-11-04T00:50:50.6038296Z Downloading aiohttp-3.8.6-cp38-cp38-manylinux_2_17_x86_64.manylinux2014_x86_64.whl (1.1 MB)
2023-11-04T00:50:50.7089043Z    ━━━━━━━━━━━━━━━━━━━━━━━━━━━━━━━━━━━━━━━━ 1.1/1.1 MB 10.5 MB/s eta 0:00:00
2023-11-04T00:50:50.7213929Z Downloading async_timeout-4.0.3-py3-none-any.whl (5.7 kB)
2023-11-04T00:50:50.7392555Z Downloading certifi-2023.7.22-py3-none-any.whl (158 kB)
2023-11-04T00:50:50.7575509Z    ━━━━━━━━━━━━━━━━━━━━━━━━━━━━━━━━━━━━━━━━ 158.3/158.3 kB 10.2 MB/s eta 0:00:00
2023-11-04T00:50:50.7724746Z Downloading charset_normalizer-3.3.2-cp38-cp38-manylinux_2_17_x86_64.manylinux2014_x86_64.whl (141 kB)
2023-11-04T00:50:50.7896813Z    ━━━━━━━━━━━━━━━━━━━━━━━━━━━━━━━━━━━━━━━━ 141.1/141.1 kB 10.3 MB/s eta 0:00:00
2023-11-04T00:50:50.9164584Z Downloading frozenlist-1.4.0-cp38-cp38-manylinux_2_5_x86_64.manylinux1_x86_64.manylinux_2_17_x86_64.manylinux2014_x86_64.whl (220 kB)
2023-11-04T00:50:50.9371685Z    ━━━━━━━━━━━━━━━━━━━━━━━━━━━━━━━━━━━━━━━━ 220.1/220.1 kB 12.8 MB/s eta 0:00:00
2023-11-04T00:50:50.9706470Z Downloading urllib3-2.0.7-py3-none-any.whl (124 kB)
2023-11-04T00:50:50.9965023Z    ━━━━━━━━━━━━━━━━━━━━━━━━━━━━━━━━━━━━━━━━ 124.2/124.2 kB 5.3 MB/s eta 0:00:00
2023-11-04T00:50:51.1704853Z Installing collected packages: urllib3, multidict, idna, frozenlist, charset-normalizer, certifi, attrs, async-timeout, yarl, requests, aiosignal, aiohttp
2023-11-04T00:50:51.8295564Z Successfully installed aiohttp-3.8.6 aiosignal-1.3.1 async-timeout-4.0.3 attrs-23.1.0 certifi-2023.7.22 charset-normalizer-3.3.2 frozenlist-1.4.0 idna-3.4 multidict-6.0.4 requests-2.31.0 urllib3-2.0.7 yarl-1.9.2
2023-11-04T00:50:52.2461898Z ##[group]Run python3 --version
2023-11-04T00:50:52.2462453Z [36;1mpython3 --version[0m
2023-11-04T00:50:52.2462916Z [36;1mpython3 generate_images.py[0m
2023-11-04T00:50:52.2504852Z shell: /usr/bin/bash -e {0}
2023-11-04T00:50:52.2505290Z env:
2023-11-04T00:50:52.2505758Z   pythonLocation: /opt/hostedtoolcache/Python/3.8.18/x64
2023-11-04T00:50:52.2506607Z   PKG_CONFIG_PATH: /opt/hostedtoolcache/Python/3.8.18/x64/lib/pkgconfig
2023-11-04T00:50:52.2507446Z   Python_ROOT_DIR: /opt/hostedtoolcache/Python/3.8.18/x64
2023-11-04T00:50:52.2508257Z   Python2_ROOT_DIR: /opt/hostedtoolcache/Python/3.8.18/x64
2023-11-04T00:50:52.2509005Z   Python3_ROOT_DIR: /opt/hostedtoolcache/Python/3.8.18/x64
2023-11-04T00:50:52.2509775Z   LD_LIBRARY_PATH: /opt/hostedtoolcache/Python/3.8.18/x64/lib
2023-11-04T00:50:52.2510780Z   ACCESS_TOKEN: ***
2023-11-04T00:50:52.2511438Z   GITHUB_TOKEN: ***
2023-11-04T00:50:52.2511799Z   EXCLUDED: 
2023-11-04T00:50:52.2512151Z   EXCLUDED_LANGS: 
2023-11-04T00:50:52.2512603Z   EXCLUDE_FORKED_REPOS: true
2023-11-04T00:50:52.2513046Z ##[endgroup]
2023-11-04T00:50:52.2602352Z Python 3.8.18
2023-11-04T01:00:19.5302405Z A path returned 202. Retrying...
2023-11-04T01:00:19.5303064Z A path returned 202. Retrying...
2023-11-04T01:00:19.5303836Z A path returned 202. Retrying...
2023-11-04T01:00:19.5304321Z A path returned 202. Retrying...
2023-11-04T01:00:19.5304995Z A path returned 202. Retrying...
2023-11-04T01:00:19.5305426Z A path returned 202. Retrying...
2023-11-04T01:00:19.5305845Z A path returned 202. Retrying...
2023-11-04T01:00:19.5306282Z A path returned 202. Retrying...
2023-11-04T01:00:19.5306720Z A path returned 202. Retrying...
2023-11-04T01:00:19.5307153Z A path returned 202. Retrying...
2023-11-04T01:00:19.5307588Z A path returned 202. Retrying...
2023-11-04T01:00:19.5308020Z A path returned 202. Retrying...
2023-11-04T01:00:19.5308450Z A path returned 202. Retrying...
2023-11-04T01:00:19.5308865Z A path returned 202. Retrying...
2023-11-04T01:00:19.5309309Z A path returned 202. Retrying...
2023-11-04T01:00:19.5309743Z A path returned 202. Retrying...
2023-11-04T01:00:19.5310171Z A path returned 202. Retrying...
2023-11-04T01:00:19.5311114Z A path returned 202. Retrying...
2023-11-04T01:00:19.5311547Z A path returned 202. Retrying...
2023-11-04T01:00:19.5312120Z A path returned 202. Retrying...
2023-11-04T01:00:19.5312559Z A path returned 202. Retrying...
2023-11-04T01:00:19.5313020Z A path returned 202. Retrying...
2023-11-04T01:00:19.5313480Z A path returned 202. Retrying...
2023-11-04T01:00:19.5313951Z A path returned 202. Retrying...
2023-11-04T01:00:19.5314410Z A path returned 202. Retrying...
2023-11-04T01:00:19.5314865Z A path returned 202. Retrying...
2023-11-04T01:00:19.5315427Z A path returned 202. Retrying...
2023-11-04T01:00:19.5315840Z A path returned 202. Retrying...
2023-11-04T01:00:19.5316269Z A path returned 202. Retrying...
2023-11-04T01:00:19.5316701Z A path returned 202. Retrying...
2023-11-04T01:00:19.5317130Z A path returned 202. Retrying...
2023-11-04T01:00:19.5317573Z A path returned 202. Retrying...
2023-11-04T01:00:19.5318003Z A path returned 202. Retrying...
2023-11-04T01:00:19.5318433Z A path returned 202. Retrying...
2023-11-04T01:00:19.5318855Z A path returned 202. Retrying...
2023-11-04T01:00:19.5319288Z A path returned 202. Retrying...
2023-11-04T01:00:19.5319720Z A path returned 202. Retrying...
2023-11-04T01:00:19.5320149Z A path returned 202. Retrying...
2023-11-04T01:00:19.5320583Z A path returned 202. Retrying...
2023-11-04T01:00:19.5321016Z A path returned 202. Retrying...
2023-11-04T01:00:19.5321445Z A path returned 202. Retrying...
2023-11-04T01:00:19.5321860Z A path returned 202. Retrying...
2023-11-04T01:00:19.5322291Z A path returned 202. Retrying...
2023-11-04T01:00:19.5322722Z A path returned 202. Retrying...
2023-11-04T01:00:19.5323151Z A path returned 202. Retrying...
2023-11-04T01:00:19.5323583Z A path returned 202. Retrying...
2023-11-04T01:00:19.5324015Z A path returned 202. Retrying...
2023-11-04T01:00:19.5324710Z A path returned 202. Retrying...
2023-11-04T01:00:19.5325172Z A path returned 202. Retrying...
2023-11-04T01:00:19.5325607Z A path returned 202. Retrying...
2023-11-04T01:00:19.5326049Z A path returned 202. Retrying...
2023-11-04T01:00:19.5326482Z A path returned 202. Retrying...
2023-11-04T01:00:19.5326917Z A path returned 202. Retrying...
2023-11-04T01:00:19.5327349Z A path returned 202. Retrying...
2023-11-04T01:00:19.5327780Z A path returned 202. Retrying...
2023-11-04T01:00:19.5328198Z A path returned 202. Retrying...
2023-11-04T01:00:19.5328631Z A path returned 202. Retrying...
2023-11-04T01:00:19.5329068Z A path returned 202. Retrying...
2023-11-04T01:00:19.5329499Z A path returned 202. Retrying...
2023-11-04T01:00:19.5329931Z A path returned 202. Retrying...
2023-11-04T01:00:19.5330926Z A path returned 202. Retrying...
2023-11-04T01:00:19.5331394Z A path returned 202. Retrying...
2023-11-04T01:00:19.5331924Z A path returned 202. Retrying...
2023-11-04T01:00:19.5332360Z A path returned 202. Retrying...
2023-11-04T01:00:19.5332801Z A path returned 202. Retrying...
2023-11-04T01:00:19.5333235Z A path returned 202. Retrying...
2023-11-04T01:00:19.5333670Z A path returned 202. Retrying...
2023-11-04T01:00:19.5334110Z A path returned 202. Retrying...
2023-11-04T01:00:19.5334541Z A path returned 202. Retrying...
2023-11-04T01:00:19.5334956Z A path returned 202. Retrying...
2023-11-04T01:00:19.5336154Z A path returned 202. Retrying...
2023-11-04T01:00:19.5336663Z A path returned 202. Retrying...
2023-11-04T01:00:19.5337145Z A path returned 202. Retrying...
2023-11-04T01:00:19.5337634Z A path returned 202. Retrying...
2023-11-04T01:00:19.5338118Z A path returned 202. Retrying...
2023-11-04T01:00:19.5338602Z A path returned 202. Retrying...
2023-11-04T01:00:19.5339169Z A path returned 202. Retrying...
2023-11-04T01:00:19.5339598Z A path returned 202. Retrying...
2023-11-04T01:00:19.5340025Z A path returned 202. Retrying...
2023-11-04T01:00:19.5340451Z A path returned 202. Retrying...
2023-11-04T01:00:19.5340890Z A path returned 202. Retrying...
2023-11-04T01:00:19.5341319Z A path returned 202. Retrying...
2023-11-04T01:00:19.5341746Z A path returned 202. Retrying...
2023-11-04T01:00:19.5342159Z A path returned 202. Retrying...
2023-11-04T01:00:19.5342842Z A path returned 202. Retrying...
2023-11-04T01:00:19.5343268Z A path returned 202. Retrying...
2023-11-04T01:00:19.5343696Z A path returned 202. Retrying...
2023-11-04T01:00:19.5344126Z A path returned 202. Retrying...
2023-11-04T01:00:19.5344552Z A path returned 202. Retrying...
2023-11-04T01:00:19.5344977Z A path returned 202. Retrying...
2023-11-04T01:00:19.5345388Z A path returned 202. Retrying...
2023-11-04T01:00:19.5345817Z A path returned 202. Retrying...
2023-11-04T01:00:19.5346246Z A path returned 202. Retrying...
2023-11-04T01:00:19.5346673Z A path returned 202. Retrying...
2023-11-04T01:00:19.5347101Z A path returned 202. Retrying...
2023-11-04T01:00:19.5347528Z A path returned 202. Retrying...
2023-11-04T01:00:19.5347956Z A path returned 202. Retrying...
2023-11-04T01:00:19.5348375Z A path returned 202. Retrying...
2023-11-04T01:00:19.5348803Z A path returned 202. Retrying...
2023-11-04T01:00:19.5349229Z A path returned 202. Retrying...
2023-11-04T01:00:19.5349663Z A path returned 202. Retrying...
2023-11-04T01:00:19.5350092Z A path returned 202. Retrying...
2023-11-04T01:00:19.5350576Z A path returned 202. Retrying...
2023-11-04T01:00:19.5351003Z A path returned 202. Retrying...
2023-11-04T01:00:19.5351416Z A path returned 202. Retrying...
2023-11-04T01:00:19.5351845Z A path returned 202. Retrying...
2023-11-04T01:00:19.5352271Z A path returned 202. Retrying...
2023-11-04T01:00:19.5352696Z A path returned 202. Retrying...
2023-11-04T01:00:19.5353123Z A path returned 202. Retrying...
2023-11-04T01:00:19.5353552Z A path returned 202. Retrying...
2023-11-04T01:00:19.5353979Z A path returned 202. Retrying...
2023-11-04T01:00:19.5354390Z A path returned 202. Retrying...
2023-11-04T01:00:19.5354818Z A path returned 202. Retrying...
2023-11-04T01:00:19.5355416Z A path returned 202. Retrying...
2023-11-04T01:00:19.5355881Z A path returned 202. Retrying...
2023-11-04T01:00:19.5356307Z A path returned 202. Retrying...
2023-11-04T01:00:19.5356734Z A path returned 202. Retrying...
2023-11-04T01:00:19.5357169Z A path returned 202. Retrying...
2023-11-04T01:00:19.5357585Z A path returned 202. Retrying...
2023-11-04T01:00:19.5358013Z A path returned 202. Retrying...
2023-11-04T01:00:19.5358440Z A path returned 202. Retrying...
2023-11-04T01:00:19.5358867Z A path returned 202. Retrying...
2023-11-04T01:00:19.5359293Z A path returned 202. Retrying...
2023-11-04T01:00:19.5359720Z A path returned 202. Retrying...
2023-11-04T01:00:19.5360146Z A path returned 202. Retrying...
2023-11-04T01:00:19.5360557Z A path returned 202. Retrying...
2023-11-04T01:00:19.5360983Z A path returned 202. Retrying...
2023-11-04T01:00:19.5361411Z A path returned 202. Retrying...
2023-11-04T01:00:19.5361839Z A path returned 202. Retrying...
2023-11-04T01:00:19.5362359Z A path returned 202. Retrying...
2023-11-04T01:00:19.5362797Z A path returned 202. Retrying...
2023-11-04T01:00:19.5363225Z A path returned 202. Retrying...
2023-11-04T01:00:19.5363650Z A path returned 202. Retrying...
2023-11-04T01:00:19.5364087Z A path returned 202. Retrying...
2023-11-04T01:00:19.5364513Z A path returned 202. Retrying...
2023-11-04T01:00:19.5364941Z A path returned 202. Retrying...
2023-11-04T01:00:19.5365356Z A path returned 202. Retrying...
2023-11-04T01:00:19.5365784Z A path returned 202. Retrying...
2023-11-04T01:00:19.5366215Z A path returned 202. Retrying...
2023-11-04T01:00:19.5366643Z A path returned 202. Retrying...
2023-11-04T01:00:19.5367069Z A path returned 202. Retrying...
2023-11-04T01:00:19.5367497Z A path returned 202. Retrying...
2023-11-04T01:00:19.5367921Z A path returned 202. Retrying...
2023-11-04T01:00:19.5368335Z A path returned 202. Retrying...
2023-11-04T01:00:19.5368765Z A path returned 202. Retrying...
2023-11-04T01:00:19.5369194Z A path returned 202. Retrying...
2023-11-04T01:00:19.5369628Z A path returned 202. Retrying...
2023-11-04T01:00:19.5370242Z A path returned 202. Retrying...
2023-11-04T01:00:19.5370699Z A path returned 202. Retrying...
2023-11-04T01:00:19.5371127Z A path returned 202. Retrying...
2023-11-04T01:00:19.5371742Z A path returned 202. Retrying...
2023-11-04T01:00:19.5372172Z A path returned 202. Retrying...
2023-11-04T01:00:19.5372601Z A path returned 202. Retrying...
2023-11-04T01:00:19.5373028Z A path returned 202. Retrying...
2023-11-04T01:00:19.5373453Z A path returned 202. Retrying...
2023-11-04T01:00:19.5373879Z A path returned 202. Retrying...
2023-11-04T01:00:19.5374302Z A path returned 202. Retrying...
2023-11-04T01:00:19.5374716Z A path returned 202. Retrying...
2023-11-04T01:00:19.5375145Z A path returned 202. Retrying...
2023-11-04T01:00:19.5375575Z A path returned 202. Retrying...
2023-11-04T01:00:19.5376003Z A path returned 202. Retrying...
2023-11-04T01:00:19.5376430Z A path returned 202. Retrying...
2023-11-04T01:00:19.5376854Z A path returned 202. Retrying...
2023-11-04T01:00:19.5377288Z A path returned 202. Retrying...
2023-11-04T01:00:19.5377701Z A path returned 202. Retrying...
2023-11-04T01:00:19.5378129Z A path returned 202. Retrying...
2023-11-04T01:00:19.5378561Z A path returned 202. Retrying...
2023-11-04T01:00:19.5378988Z A path returned 202. Retrying...
2023-11-04T01:00:19.5379419Z A path returned 202. Retrying...
2023-11-04T01:00:19.5379847Z A path returned 202. Retrying...
2023-11-04T01:00:19.5380274Z A path returned 202. Retrying...
2023-11-04T01:00:19.5380687Z A path returned 202. Retrying...
2023-11-04T01:00:19.5381114Z A path returned 202. Retrying...
2023-11-04T01:00:19.5381541Z A path returned 202. Retrying...
2023-11-04T01:00:19.5381969Z A path returned 202. Retrying...
2023-11-04T01:00:19.5382395Z A path returned 202. Retrying...
2023-11-04T01:00:19.5382822Z A path returned 202. Retrying...
2023-11-04T01:00:19.5383247Z A path returned 202. Retrying...
2023-11-04T01:00:19.5383660Z A path returned 202. Retrying...
2023-11-04T01:00:19.5384231Z A path returned 202. Retrying...
2023-11-04T01:00:19.5384696Z A path returned 202. Retrying...
2023-11-04T01:00:19.5385126Z A path returned 202. Retrying...
2023-11-04T01:00:19.5385554Z A path returned 202. Retrying...
2023-11-04T01:00:19.5385991Z A path returned 202. Retrying...
2023-11-04T01:00:19.5386419Z A path returned 202. Retrying...
2023-11-04T01:00:19.5386835Z A path returned 202. Retrying...
2023-11-04T01:00:19.5387263Z A path returned 202. Retrying...
2023-11-04T01:00:19.5387694Z A path returned 202. Retrying...
2023-11-04T01:00:19.5388122Z A path returned 202. Retrying...
2023-11-04T01:00:19.5388552Z A path returned 202. Retrying...
2023-11-04T01:00:19.5388983Z A path returned 202. Retrying...
2023-11-04T01:00:19.5389415Z A path returned 202. Retrying...
2023-11-04T01:00:19.5389827Z A path returned 202. Retrying...
2023-11-04T01:00:19.5390256Z A path returned 202. Retrying...
2023-11-04T01:00:19.5390683Z A path returned 202. Retrying...
2023-11-04T01:00:19.5391113Z A path returned 202. Retrying...
2023-11-04T01:00:19.5391547Z A path returned 202. Retrying...
2023-11-04T01:00:19.5391977Z A path returned 202. Retrying...
2023-11-04T01:00:19.5392404Z A path returned 202. Retrying...
2023-11-04T01:00:19.5392823Z A path returned 202. Retrying...
2023-11-04T01:00:19.5393252Z A path returned 202. Retrying...
2023-11-04T01:00:19.5393681Z A path returned 202. Retrying...
2023-11-04T01:00:19.5394108Z A path returned 202. Retrying...
2023-11-04T01:00:19.5394533Z A path returned 202. Retrying...
2023-11-04T01:00:19.5394960Z A path returned 202. Retrying...
2023-11-04T01:00:19.5395390Z A path returned 202. Retrying...
2023-11-04T01:00:19.5395806Z A path returned 202. Retrying...
2023-11-04T01:00:19.5396234Z A path returned 202. Retrying...
2023-11-04T01:00:19.5396660Z A path returned 202. Retrying...
2023-11-04T01:00:19.5397087Z A path returned 202. Retrying...
2023-11-04T01:00:19.5397515Z A path returned 202. Retrying...
2023-11-04T01:00:19.5397941Z A path returned 202. Retrying...
2023-11-04T01:00:19.5398376Z A path returned 202. Retrying...
2023-11-04T01:00:19.5398975Z A path returned 202. Retrying...
2023-11-04T01:00:19.5399859Z A path returned 202. Retrying...
2023-11-04T01:00:19.5400409Z A path returned 202. Retrying...
2023-11-04T01:00:19.5401095Z A path returned 202. Retrying...
2023-11-04T01:00:19.5401755Z A path returned 202. Retrying...
2023-11-04T01:00:19.5402318Z A path returned 202. Retrying...
2023-11-04T01:00:19.5402946Z A path returned 202. Retrying...
2023-11-04T01:00:19.5403500Z A path returned 202. Retrying...
2023-11-04T01:00:19.5404061Z A path returned 202. Retrying...
2023-11-04T01:00:19.5404692Z A path returned 202. Retrying...
2023-11-04T01:00:19.5405211Z A path returned 202. Retrying...
2023-11-04T01:00:19.5405759Z A path returned 202. Retrying...
2023-11-04T01:00:19.5406383Z A path returned 202. Retrying...
2023-11-04T01:00:19.5406940Z A path returned 202. Retrying...
2023-11-04T01:00:19.5407644Z A path returned 202. Retrying...
2023-11-04T01:00:19.5408274Z A path returned 202. Retrying...
2023-11-04T01:00:19.5408834Z A path returned 202. Retrying...
2023-11-04T01:00:19.5409329Z A path returned 202. Retrying...
2023-11-04T01:00:19.5409964Z A path returned 202. Retrying...
2023-11-04T01:00:19.5410726Z A path returned 202. Retrying...
2023-11-04T01:00:19.5411374Z A path returned 202. Retrying...
2023-11-04T01:00:19.5411946Z A path returned 202. Retrying...
2023-11-04T01:00:19.5412489Z A path returned 202. Retrying...
2023-11-04T01:00:19.5413375Z A path returned 202. Retrying...
2023-11-04T01:00:19.5413873Z A path returned 202. Retrying...
2023-11-04T01:00:19.5414555Z A path returned 202. Retrying...
2023-11-04T01:00:19.5415228Z A path returned 202. Retrying...
2023-11-04T01:00:19.5415812Z A path returned 202. Retrying...
2023-11-04T01:00:19.5416388Z A path returned 202. Retrying...
2023-11-04T01:00:19.5417104Z A path returned 202. Retrying...
2023-11-04T01:00:19.5515313Z A path returned 202. Retrying...
2023-11-04T01:00:19.5515894Z A path returned 202. Retrying...
2023-11-04T01:00:19.5516607Z A path returned 202. Retrying...
2023-11-04T01:00:19.5517208Z A path returned 202. Retrying...
2023-11-04T01:00:19.5517657Z A path returned 202. Retrying...
2023-11-04T01:09:14.2430675Z A path returned 202. Retrying...
2023-11-04T01:09:14.2431366Z A path returned 202. Retrying...
2023-11-04T01:09:14.2431864Z A path returned 202. Retrying...
2023-11-04T01:09:14.2432505Z A path returned 202. Retrying...
2023-11-04T01:09:14.2433281Z A path returned 202. Retrying...
2023-11-04T01:09:14.2433867Z A path returned 202. Retrying...
2023-11-04T01:09:14.2434330Z A path returned 202. Retrying...
2023-11-04T01:09:14.2434818Z A path returned 202. Retrying...
2023-11-04T01:09:14.2435309Z A path returned 202. Retrying...
2023-11-04T01:09:14.2435792Z A path returned 202. Retrying...
2023-11-04T01:09:14.2436405Z A path returned 202. Retrying...
2023-11-04T01:09:14.2436874Z A path returned 202. Retrying...
2023-11-04T01:09:14.2437429Z A path returned 202. Retrying...
2023-11-04T01:09:14.2437853Z A path returned 202. Retrying...
2023-11-04T01:09:14.2438308Z A path returned 202. Retrying...
2023-11-04T01:09:14.2438749Z A path returned 202. Retrying...
2023-11-04T01:09:14.2439187Z A path returned 202. Retrying...
2023-11-04T01:09:14.2439634Z A path returned 202. Retrying...
2023-11-04T01:09:14.2440073Z A path returned 202. Retrying...
2023-11-04T01:09:14.2440515Z A path returned 202. Retrying...
2023-11-04T01:09:14.2440937Z A path returned 202. Retrying...
2023-11-04T01:09:14.2441378Z A path returned 202. Retrying...
2023-11-04T01:09:14.2441819Z A path returned 202. Retrying...
2023-11-04T01:09:14.2442260Z A path returned 202. Retrying...
2023-11-04T01:09:14.2442700Z A path returned 202. Retrying...
2023-11-04T01:09:14.2443140Z A path returned 202. Retrying...
2023-11-04T01:09:14.2443581Z A path returned 202. Retrying...
2023-11-04T01:09:14.2444002Z A path returned 202. Retrying...
2023-11-04T01:09:14.2444441Z A path returned 202. Retrying...
2023-11-04T01:09:14.2444882Z A path returned 202. Retrying...
2023-11-04T01:09:14.2445327Z A path returned 202. Retrying...
2023-11-04T01:09:14.2445769Z A path returned 202. Retrying...
2023-11-04T01:09:14.2446209Z A path returned 202. Retrying...
2023-11-04T01:09:14.2446647Z A path returned 202. Retrying...
2023-11-04T01:09:14.2447623Z A path returned 202. Retrying...
2023-11-04T01:09:14.2448072Z A path returned 202. Retrying...
2023-11-04T01:09:14.2448519Z A path returned 202. Retrying...
2023-11-04T01:09:14.2448961Z A path returned 202. Retrying...
2023-11-04T01:09:14.2449404Z A path returned 202. Retrying...
2023-11-04T01:09:14.2449845Z A path returned 202. Retrying...
2023-11-04T01:09:14.2450735Z A path returned 202. Retrying...
2023-11-04T01:09:14.2451197Z A path returned 202. Retrying...
2023-11-04T01:09:14.2451676Z A path returned 202. Retrying...
2023-11-04T01:09:14.2452145Z A path returned 202. Retrying...
2023-11-04T01:09:14.2452613Z A path returned 202. Retrying...
2023-11-04T01:09:14.2453079Z A path returned 202. Retrying...
2023-11-04T01:09:14.2453643Z A path returned 202. Retrying...
2023-11-04T01:09:14.2454091Z A path returned 202. Retrying...
2023-11-04T01:09:14.2454558Z A path returned 202. Retrying...
2023-11-04T01:09:14.2455001Z A path returned 202. Retrying...
2023-11-04T01:09:14.2455454Z A path returned 202. Retrying...
2023-11-04T01:09:14.2455900Z A path returned 202. Retrying...
2023-11-04T01:09:14.2456340Z A path returned 202. Retrying...
2023-11-04T01:09:14.2456781Z A path returned 202. Retrying...
2023-11-04T01:09:14.2457223Z A path returned 202. Retrying...
2023-11-04T01:09:14.2457643Z A path returned 202. Retrying...
2023-11-04T01:09:14.2458082Z A path returned 202. Retrying...
2023-11-04T01:09:14.2458523Z A path returned 202. Retrying...
2023-11-04T01:09:14.2458963Z A path returned 202. Retrying...
2023-11-04T01:09:14.2459405Z A path returned 202. Retrying...
2023-11-04T01:09:14.2459846Z A path returned 202. Retrying...
2023-11-04T01:09:14.2460286Z A path returned 202. Retrying...
2023-11-04T01:09:14.2460708Z A path returned 202. Retrying...
2023-11-04T01:09:14.2461387Z A path returned 202. Retrying...
2023-11-04T01:09:14.2461871Z A path returned 202. Retrying...
2023-11-04T01:09:14.2462315Z A path returned 202. Retrying...
2023-11-04T01:09:14.2462758Z A path returned 202. Retrying...
2023-11-04T01:09:14.2463209Z A path returned 202. Retrying...
2023-11-04T01:09:14.2463652Z A path returned 202. Retrying...
2023-11-04T01:09:14.2464075Z A path returned 202. Retrying...
2023-11-04T01:09:14.2464520Z A path returned 202. Retrying...
2023-11-04T01:09:14.2464960Z A path returned 202. Retrying...
2023-11-04T01:09:14.2465395Z A path returned 202. Retrying...
2023-11-04T01:09:14.2465843Z A path returned 202. Retrying...
2023-11-04T01:09:14.2467140Z A path returned 202. Retrying...
2023-11-04T01:09:14.2467654Z A path returned 202. Retrying...
2023-11-04T01:09:14.2468147Z A path returned 202. Retrying...
2023-11-04T01:09:14.2468643Z A path returned 202. Retrying...
2023-11-04T01:09:14.2469118Z A path returned 202. Retrying...
2023-11-04T01:09:14.2469612Z A path returned 202. Retrying...
2023-11-04T01:09:14.2470349Z A path returned 202. Retrying...
2023-11-04T01:09:14.2470843Z A path returned 202. Retrying...
2023-11-04T01:09:14.2471334Z A path returned 202. Retrying...
2023-11-04T01:09:14.2471831Z A path returned 202. Retrying...
2023-11-04T01:09:14.2472321Z A path returned 202. Retrying...
2023-11-04T01:09:14.2472797Z A path returned 202. Retrying...
2023-11-04T01:09:14.2473520Z A path returned 202. Retrying...
2023-11-04T01:09:14.2473955Z A path returned 202. Retrying...
2023-11-04T01:09:14.2474391Z A path returned 202. Retrying...
2023-11-04T01:09:14.2474821Z A path returned 202. Retrying...
2023-11-04T01:09:14.2475257Z A path returned 202. Retrying...
2023-11-04T01:09:14.2475689Z A path returned 202. Retrying...
2023-11-04T01:09:14.2476105Z A path returned 202. Retrying...
2023-11-04T01:09:14.2476683Z A path returned 202. Retrying...
2023-11-04T01:09:14.2477146Z A path returned 202. Retrying...
2023-11-04T01:09:14.2477608Z A path returned 202. Retrying...
2023-11-04T01:09:14.2478075Z A path returned 202. Retrying...
2023-11-04T01:09:14.2478540Z A path returned 202. Retrying...
2023-11-04T01:09:14.2479001Z A path returned 202. Retrying...
2023-11-04T01:09:14.2479444Z A path returned 202. Retrying...
2023-11-04T01:09:14.2480414Z A path returned 202. Retrying...
2023-11-04T01:09:14.2480910Z A path returned 202. Retrying...
2023-11-04T01:09:14.2481406Z A path returned 202. Retrying...
2023-11-04T01:09:14.2481904Z A path returned 202. Retrying...
2023-11-04T01:09:14.2482401Z A path returned 202. Retrying...
2023-11-04T01:09:14.2482892Z A path returned 202. Retrying...
2023-11-04T01:09:14.2483489Z A path returned 202. Retrying...
2023-11-04T01:09:14.2484092Z A path returned 202. Retrying...
2023-11-04T01:09:14.2484643Z A path returned 202. Retrying...
2023-11-04T01:09:14.2485081Z A path returned 202. Retrying...
2023-11-04T01:09:14.2485511Z A path returned 202. Retrying...
2023-11-04T01:09:14.2485942Z A path returned 202. Retrying...
2023-11-04T01:09:14.2486373Z A path returned 202. Retrying...
2023-11-04T01:09:14.2486797Z A path returned 202. Retrying...
2023-11-04T01:09:14.2487232Z A path returned 202. Retrying...
2023-11-04T01:09:14.2487668Z A path returned 202. Retrying...
2023-11-04T01:09:14.2488112Z A path returned 202. Retrying...
2023-11-04T01:09:14.2488544Z A path returned 202. Retrying...
2023-11-04T01:09:14.2488977Z A path returned 202. Retrying...
2023-11-04T01:09:14.2489414Z A path returned 202. Retrying...
2023-11-04T01:09:14.2489832Z A path returned 202. Retrying...
2023-11-04T01:09:14.2490587Z A path returned 202. Retrying...
2023-11-04T01:09:14.2491055Z A path returned 202. Retrying...
2023-11-04T01:09:14.2491521Z A path returned 202. Retrying...
2023-11-04T01:09:14.2491984Z A path returned 202. Retrying...
2023-11-04T01:09:14.2493397Z A path returned 202. Retrying...
2023-11-04T01:09:14.2493908Z A path returned 202. Retrying...
2023-11-04T01:09:14.2494386Z A path returned 202. Retrying...
2023-11-04T01:09:14.2494886Z A path returned 202. Retrying...
2023-11-04T01:09:14.2495609Z A path returned 202. Retrying...
2023-11-04T01:09:14.2496138Z A path returned 202. Retrying...
2023-11-04T01:09:14.2496634Z A path returned 202. Retrying...
2023-11-04T01:09:14.2497130Z A path returned 202. Retrying...
2023-11-04T01:09:14.2497758Z A path returned 202. Retrying...
2023-11-04T01:09:14.2498221Z A path returned 202. Retrying...
2023-11-04T01:09:14.2498697Z A path returned 202. Retrying...
2023-11-04T01:09:14.2499177Z A path returned 202. Retrying...
2023-11-04T01:09:14.2499655Z A path returned 202. Retrying...
2023-11-04T01:09:14.2500138Z A path returned 202. Retrying...
2023-11-04T01:09:14.2500612Z A path returned 202. Retrying...
2023-11-04T01:09:14.2501088Z A path returned 202. Retrying...
2023-11-04T01:09:14.2501788Z A path returned 202. Retrying...
2023-11-04T01:09:14.2503906Z A path returned 202. Retrying...
2023-11-04T01:09:14.2504419Z A path returned 202. Retrying...
2023-11-04T01:09:14.2504916Z A path returned 202. Retrying...
2023-11-04T01:09:14.2505450Z A path returned 202. Retrying...
2023-11-04T01:09:14.2505962Z A path returned 202. Retrying...
2023-11-04T01:09:14.2506458Z A path returned 202. Retrying...
2023-11-04T01:09:14.2506936Z A path returned 202. Retrying...
2023-11-04T01:09:14.2507436Z A path returned 202. Retrying...
2023-11-04T01:09:14.2508577Z A path returned 202. Retrying...
2023-11-04T01:09:14.2509140Z A path returned 202. Retrying...
2023-11-04T01:09:14.2509631Z A path returned 202. Retrying...
2023-11-04T01:09:14.2510125Z A path returned 202. Retrying...
2023-11-04T01:09:14.2510617Z A path returned 202. Retrying...
2023-11-04T01:09:14.2511403Z A path returned 202. Retrying...
2023-11-04T01:09:14.2511908Z A path returned 202. Retrying...
2023-11-04T01:09:14.2513152Z A path returned 202. Retrying...
2023-11-04T01:09:14.2513658Z A path returned 202. Retrying...
2023-11-04T01:09:14.2514152Z A path returned 202. Retrying...
2023-11-04T01:09:14.2515419Z A path returned 202. Retrying...
2023-11-04T01:09:14.2515924Z A path returned 202. Retrying...
2023-11-04T01:09:14.2516534Z A path returned 202. Retrying...
2023-11-04T01:09:14.2517015Z A path returned 202. Retrying...
2023-11-04T01:09:14.2517495Z A path returned 202. Retrying...
2023-11-04T01:09:14.2518095Z A path returned 202. Retrying...
2023-11-04T01:09:14.2518815Z A path returned 202. Retrying...
2023-11-04T01:09:14.2519275Z A path returned 202. Retrying...
2023-11-04T01:09:14.2521379Z A path returned 202. Retrying...
2023-11-04T01:09:14.2521942Z A path returned 202. Retrying...
2023-11-04T01:09:14.2522439Z A path returned 202. Retrying...
2023-11-04T01:09:14.2522936Z A path returned 202. Retrying...
2023-11-04T01:09:14.2523432Z A path returned 202. Retrying...
2023-11-04T01:09:14.2523924Z A path returned 202. Retrying...
2023-11-04T01:09:14.2524548Z A path returned 202. Retrying...
2023-11-04T01:09:14.2525141Z A path returned 202. Retrying...
2023-11-04T01:09:14.2525591Z A path returned 202. Retrying...
2023-11-04T01:09:14.2526187Z A path returned 202. Retrying...
2023-11-04T01:09:14.2526666Z A path returned 202. Retrying...
2023-11-04T01:09:14.2527152Z A path returned 202. Retrying...
2023-11-04T01:09:14.2527627Z A path returned 202. Retrying...
2023-11-04T01:09:14.2528104Z A path returned 202. Retrying...
2023-11-04T01:09:14.2528712Z A path returned 202. Retrying...
2023-11-04T01:09:14.2529244Z A path returned 202. Retrying...
2023-11-04T01:09:14.2529678Z A path returned 202. Retrying...
2023-11-04T01:09:14.2530262Z A path returned 202. Retrying...
2023-11-04T01:09:14.2530710Z A path returned 202. Retrying...
2023-11-04T01:09:14.2531153Z A path returned 202. Retrying...
2023-11-04T01:09:14.2531590Z A path returned 202. Retrying...
2023-11-04T01:09:14.2532028Z A path returned 202. Retrying...
2023-11-04T01:09:14.2532447Z A path returned 202. Retrying...
2023-11-04T01:09:14.2532882Z A path returned 202. Retrying...
2023-11-04T01:09:14.2533318Z A path returned 202. Retrying...
2023-11-04T01:09:14.2533753Z A path returned 202. Retrying...
2023-11-04T01:09:14.2534188Z A path returned 202. Retrying...
2023-11-04T01:09:14.2534830Z A path returned 202. Retrying...
2023-11-04T01:09:14.2535293Z A path returned 202. Retrying...
2023-11-04T01:09:14.2535714Z A path returned 202. Retrying...
2023-11-04T01:09:14.2536151Z A path returned 202. Retrying...
2023-11-04T01:09:14.2536596Z A path returned 202. Retrying...
2023-11-04T01:09:14.2537031Z A path returned 202. Retrying...
2023-11-04T01:09:14.2537469Z A path returned 202. Retrying...
2023-11-04T01:09:14.2537904Z A path returned 202. Retrying...
2023-11-04T01:09:14.2538343Z A path returned 202. Retrying...
2023-11-04T01:09:14.2538761Z A path returned 202. Retrying...
2023-11-04T01:09:14.2539199Z A path returned 202. Retrying...
2023-11-04T01:09:14.2539634Z A path returned 202. Retrying...
2023-11-04T01:09:14.2540068Z A path returned 202. Retrying...
2023-11-04T01:09:14.2540502Z A path returned 202. Retrying...
2023-11-04T01:09:14.2540935Z A path returned 202. Retrying...
2023-11-04T01:09:14.2541371Z A path returned 202. Retrying...
2023-11-04T01:09:14.2541790Z A path returned 202. Retrying...
2023-11-04T01:09:14.2542229Z A path returned 202. Retrying...
2023-11-04T01:09:14.2542666Z A path returned 202. Retrying...
2023-11-04T01:09:14.2543105Z A path returned 202. Retrying...
2023-11-04T01:09:14.2543546Z A path returned 202. Retrying...
2023-11-04T01:09:14.2543983Z A path returned 202. Retrying...
2023-11-04T01:09:14.2544416Z A path returned 202. Retrying...
2023-11-04T01:09:14.2544834Z A path returned 202. Retrying...
2023-11-04T01:09:14.2545268Z A path returned 202. Retrying...
2023-11-04T01:09:14.2545699Z A path returned 202. Retrying...
2023-11-04T01:09:14.2546136Z A path returned 202. Retrying...
2023-11-04T01:09:14.2546573Z A path returned 202. Retrying...
2023-11-04T01:09:14.2547006Z A path returned 202. Retrying...
2023-11-04T01:09:14.2547439Z A path returned 202. Retrying...
2023-11-04T01:09:14.2547857Z A path returned 202. Retrying...
2023-11-04T01:09:14.2548291Z A path returned 202. Retrying...
2023-11-04T01:09:14.2548853Z A path returned 202. Retrying...
2023-11-04T01:09:14.2549322Z A path returned 202. Retrying...
2023-11-04T01:09:14.2549782Z A path returned 202. Retrying...
2023-11-04T01:09:14.2550242Z A path returned 202. Retrying...
2023-11-04T01:09:14.2550702Z A path returned 202. Retrying...
2023-11-04T01:09:14.2551309Z A path returned 202. Retrying...
2023-11-04T01:09:14.2551879Z A path returned 202. Retrying...
2023-11-04T01:09:14.2552315Z A path returned 202. Retrying...
2023-11-04T01:09:14.2552749Z A path returned 202. Retrying...
2023-11-04T01:09:14.2553185Z A path returned 202. Retrying...
2023-11-04T01:09:14.2553618Z A path returned 202. Retrying...
2023-11-04T01:09:14.2554052Z A path returned 202. Retrying...
2023-11-04T01:09:14.2554467Z A path returned 202. Retrying...
2023-11-04T01:09:14.2554904Z A path returned 202. Retrying...
2023-11-04T01:09:14.2555340Z A path returned 202. Retrying...
2023-11-04T01:09:14.2555774Z A path returned 202. Retrying...
2023-11-04T01:09:14.2556211Z A path returned 202. Retrying...
2023-11-04T01:09:14.2556648Z A path returned 202. Retrying...
2023-11-04T01:09:14.2557089Z A path returned 202. Retrying...
2023-11-04T01:09:14.2557553Z A path returned 202. Retrying...
2023-11-04T01:09:14.2557992Z A path returned 202. Retrying...
2023-11-04T01:18:07.0125603Z A path returned 202. Retrying...
2023-11-04T01:18:07.0126248Z A path returned 202. Retrying...
2023-11-04T01:18:07.0126764Z A path returned 202. Retrying...
2023-11-04T01:18:07.0127274Z A path returned 202. Retrying...
2023-11-04T01:18:07.0127863Z A path returned 202. Retrying...
2023-11-04T01:18:07.0128360Z A path returned 202. Retrying...
2023-11-04T01:18:07.0128864Z A path returned 202. Retrying...
2023-11-04T01:18:07.0129410Z A path returned 202. Retrying...
2023-11-04T01:18:07.0130392Z A path returned 202. Retrying...
2023-11-04T01:18:07.0130896Z A path returned 202. Retrying...
2023-11-04T01:18:07.0131398Z A path returned 202. Retrying...
2023-11-04T01:18:07.0131899Z A path returned 202. Retrying...
2023-11-04T01:18:07.0132397Z A path returned 202. Retrying...
2023-11-04T01:18:07.0132901Z A path returned 202. Retrying...
2023-11-04T01:18:07.0134065Z A path returned 202. Retrying...
2023-11-04T01:18:07.0134587Z A path returned 202. Retrying...
2023-11-04T01:18:07.0135049Z A path returned 202. Retrying...
2023-11-04T01:18:07.0135549Z A path returned 202. Retrying...
2023-11-04T01:18:07.0136026Z A path returned 202. Retrying...
2023-11-04T01:18:07.0136632Z A path returned 202. Retrying...
2023-11-04T01:18:07.0137123Z A path returned 202. Retrying...
2023-11-04T01:18:07.0137614Z A path returned 202. Retrying...
2023-11-04T01:18:07.0138106Z A path returned 202. Retrying...
2023-11-04T01:18:07.0138578Z A path returned 202. Retrying...
2023-11-04T01:18:07.0139073Z A path returned 202. Retrying...
2023-11-04T01:18:07.0139571Z A path returned 202. Retrying...
2023-11-04T01:18:07.0140066Z A path returned 202. Retrying...
2023-11-04T01:18:07.0140561Z A path returned 202. Retrying...
2023-11-04T01:18:07.0141057Z A path returned 202. Retrying...
2023-11-04T01:18:07.0141782Z A path returned 202. Retrying...
2023-11-04T01:18:07.0142233Z A path returned 202. Retrying...
2023-11-04T01:18:07.0142696Z A path returned 202. Retrying...
2023-11-04T01:18:07.0143155Z A path returned 202. Retrying...
2023-11-04T01:18:07.0143624Z A path returned 202. Retrying...
2023-11-04T01:18:07.0144086Z A path returned 202. Retrying...
2023-11-04T01:18:07.0144549Z A path returned 202. Retrying...
2023-11-04T01:18:07.0145010Z A path returned 202. Retrying...
2023-11-04T01:18:07.0145457Z A path returned 202. Retrying...
2023-11-04T01:18:07.0145918Z A path returned 202. Retrying...
2023-11-04T01:18:07.0146381Z A path returned 202. Retrying...
2023-11-04T01:18:07.0146844Z A path returned 202. Retrying...
2023-11-04T01:18:07.0147306Z A path returned 202. Retrying...
2023-11-04T01:18:07.0147769Z A path returned 202. Retrying...
2023-11-04T01:18:07.0148234Z A path returned 202. Retrying...
2023-11-04T01:18:07.0148808Z A path returned 202. Retrying...
2023-11-04T01:18:07.0149408Z A path returned 202. Retrying...
2023-11-04T01:18:07.0149899Z A path returned 202. Retrying...
2023-11-04T01:18:07.0150390Z A path returned 202. Retrying...
2023-11-04T01:18:07.0150886Z A path returned 202. Retrying...
2023-11-04T01:18:07.0151380Z A path returned 202. Retrying...
2023-11-04T01:18:07.0152107Z A path returned 202. Retrying...
2023-11-04T01:18:07.0152866Z A path returned 202. Retrying...
2023-11-04T01:18:07.0153334Z A path returned 202. Retrying...
2023-11-04T01:18:07.0153799Z A path returned 202. Retrying...
2023-11-04T01:18:07.0154265Z A path returned 202. Retrying...
2023-11-04T01:18:07.0154730Z A path returned 202. Retrying...
2023-11-04T01:18:07.0155193Z A path returned 202. Retrying...
2023-11-04T01:18:07.0155659Z A path returned 202. Retrying...
2023-11-04T01:18:07.0156105Z A path returned 202. Retrying...
2023-11-04T01:18:07.0156567Z A path returned 202. Retrying...
2023-11-04T01:18:07.0157027Z A path returned 202. Retrying...
2023-11-04T01:18:07.0157487Z A path returned 202. Retrying...
2023-11-04T01:18:07.0157951Z A path returned 202. Retrying...
2023-11-04T01:18:07.0158415Z A path returned 202. Retrying...
2023-11-04T01:18:07.0158874Z A path returned 202. Retrying...
2023-11-04T01:18:07.0159319Z A path returned 202. Retrying...
2023-11-04T01:18:07.0159788Z A path returned 202. Retrying...
2023-11-04T01:18:07.0160253Z A path returned 202. Retrying...
2023-11-04T01:18:07.0160713Z A path returned 202. Retrying...
2023-11-04T01:18:07.0161174Z A path returned 202. Retrying...
2023-11-04T01:18:07.0161637Z A path returned 202. Retrying...
2023-11-04T01:18:07.0162101Z A path returned 202. Retrying...
2023-11-04T01:18:07.0162545Z A path returned 202. Retrying...
2023-11-04T01:18:07.0163005Z A path returned 202. Retrying...
2023-11-04T01:18:07.0163467Z A path returned 202. Retrying...
2023-11-04T01:18:07.0163924Z A path returned 202. Retrying...
2023-11-04T01:18:07.0164381Z A path returned 202. Retrying...
2023-11-04T01:18:07.0164836Z A path returned 202. Retrying...
2023-11-04T01:18:07.0165296Z A path returned 202. Retrying...
2023-11-04T01:18:07.0165741Z A path returned 202. Retrying...
2023-11-04T01:18:07.0166323Z A path returned 202. Retrying...
2023-11-04T01:18:07.0166808Z A path returned 202. Retrying...
2023-11-04T01:18:07.0167268Z A path returned 202. Retrying...
2023-11-04T01:18:07.0167739Z A path returned 202. Retrying...
2023-11-04T01:18:07.0168202Z A path returned 202. Retrying...
2023-11-04T01:18:07.0168665Z A path returned 202. Retrying...
2023-11-04T01:18:07.0169110Z A path returned 202. Retrying...
2023-11-04T01:18:07.0169572Z A path returned 202. Retrying...
2023-11-04T01:18:07.0170284Z A path returned 202. Retrying...
2023-11-04T01:18:07.0170770Z A path returned 202. Retrying...
2023-11-04T01:18:07.0171245Z A path returned 202. Retrying...
2023-11-04T01:18:07.0171854Z A path returned 202. Retrying...
2023-11-04T01:18:07.0172328Z A path returned 202. Retrying...
2023-11-04T01:18:07.0172907Z A path returned 202. Retrying...
2023-11-04T01:18:07.0173401Z A path returned 202. Retrying...
2023-11-04T01:18:07.0173892Z A path returned 202. Retrying...
2023-11-04T01:18:07.0174510Z A path returned 202. Retrying...
2023-11-04T01:18:07.0174987Z A path returned 202. Retrying...
2023-11-04T01:18:07.0175464Z A path returned 202. Retrying...
2023-11-04T01:18:07.0176041Z A path returned 202. Retrying...
2023-11-04T01:18:07.0176512Z A path returned 202. Retrying...
2023-11-04T01:18:07.0176975Z A path returned 202. Retrying...
2023-11-04T01:18:07.0177440Z A path returned 202. Retrying...
2023-11-04T01:18:07.0198513Z A path returned 202. Retrying...
2023-11-04T01:18:07.0199063Z A path returned 202. Retrying...
2023-11-04T01:18:07.0199558Z A path returned 202. Retrying...
2023-11-04T01:18:07.0200051Z A path returned 202. Retrying...
2023-11-04T01:18:07.0200538Z A path returned 202. Retrying...
2023-11-04T01:18:07.0201004Z A path returned 202. Retrying...
2023-11-04T01:18:07.0201621Z A path returned 202. Retrying...
2023-11-04T01:18:07.0202124Z A path returned 202. Retrying...
2023-11-04T01:18:07.0202854Z A path returned 202. Retrying...
2023-11-04T01:18:07.0203351Z A path returned 202. Retrying...
2023-11-04T01:18:07.0203865Z A path returned 202. Retrying...
2023-11-04T01:18:07.0204366Z A path returned 202. Retrying...
2023-11-04T01:18:07.0204956Z A path returned 202. Retrying...
2023-11-04T01:18:07.0205950Z A path returned 202. Retrying...
2023-11-04T01:18:07.0206419Z A path returned 202. Retrying...
2023-11-04T01:18:07.0206887Z A path returned 202. Retrying...
2023-11-04T01:18:07.0207357Z A path returned 202. Retrying...
2023-11-04T01:18:07.0207943Z A path returned 202. Retrying...
2023-11-04T01:18:07.0208423Z A path returned 202. Retrying...
2023-11-04T01:18:07.0208884Z A path returned 202. Retrying...
2023-11-04T01:18:07.0210592Z A path returned 202. Retrying...
2023-11-04T01:18:07.0211174Z A path returned 202. Retrying...
2023-11-04T01:18:07.0211671Z A path returned 202. Retrying...
2023-11-04T01:18:07.0212164Z A path returned 202. Retrying...
2023-11-04T01:18:07.0212656Z A path returned 202. Retrying...
2023-11-04T01:18:07.0213150Z A path returned 202. Retrying...
2023-11-04T01:18:07.0213638Z A path returned 202. Retrying...
2023-11-04T01:18:07.0214140Z A path returned 202. Retrying...
2023-11-04T01:18:07.0214638Z A path returned 202. Retrying...
2023-11-04T01:18:07.0215132Z A path returned 202. Retrying...
2023-11-04T01:18:07.0215636Z A path returned 202. Retrying...
2023-11-04T01:18:07.0216130Z A path returned 202. Retrying...
2023-11-04T01:18:07.0216621Z A path returned 202. Retrying...
2023-11-04T01:18:07.0217097Z A path returned 202. Retrying...
2023-11-04T01:18:07.0217589Z A path returned 202. Retrying...
2023-11-04T01:18:07.0218083Z A path returned 202. Retrying...
2023-11-04T01:18:07.0218574Z A path returned 202. Retrying...
2023-11-04T01:18:07.0219066Z A path returned 202. Retrying...
2023-11-04T01:18:07.0219558Z A path returned 202. Retrying...
2023-11-04T01:18:07.0220050Z A path returned 202. Retrying...
2023-11-04T01:18:07.0220525Z A path returned 202. Retrying...
2023-11-04T01:18:07.0221021Z A path returned 202. Retrying...
2023-11-04T01:18:07.0221640Z A path returned 202. Retrying...
2023-11-04T01:18:07.0222472Z A path returned 202. Retrying...
2023-11-04T01:18:07.0222970Z A path returned 202. Retrying...
2023-11-04T01:18:07.0223435Z A path returned 202. Retrying...
2023-11-04T01:18:07.0223909Z A path returned 202. Retrying...
2023-11-04T01:18:07.0224356Z A path returned 202. Retrying...
2023-11-04T01:18:07.0224821Z A path returned 202. Retrying...
2023-11-04T01:18:07.0225398Z A path returned 202. Retrying...
2023-11-04T01:18:07.0225877Z A path returned 202. Retrying...
2023-11-04T01:18:07.0226352Z A path returned 202. Retrying...
2023-11-04T01:18:07.0226829Z A path returned 202. Retrying...
2023-11-04T01:18:07.0227303Z A path returned 202. Retrying...
2023-11-04T01:18:07.0227766Z A path returned 202. Retrying...
2023-11-04T01:18:07.0228243Z A path returned 202. Retrying...
2023-11-04T01:18:07.0228842Z A path returned 202. Retrying...
2023-11-04T01:18:07.0229304Z A path returned 202. Retrying...
2023-11-04T01:18:07.0229768Z A path returned 202. Retrying...
2023-11-04T01:18:07.0230365Z A path returned 202. Retrying...
2023-11-04T01:18:07.0230845Z A path returned 202. Retrying...
2023-11-04T01:18:07.0231304Z A path returned 202. Retrying...
2023-11-04T01:18:07.0231906Z A path returned 202. Retrying...
2023-11-04T01:18:07.0232406Z A path returned 202. Retrying...
2023-11-04T01:18:07.0232896Z A path returned 202. Retrying...
2023-11-04T01:18:07.0233389Z A path returned 202. Retrying...
2023-11-04T01:18:07.0233879Z A path returned 202. Retrying...
2023-11-04T01:18:07.0234369Z A path returned 202. Retrying...
2023-11-04T01:18:07.0234842Z A path returned 202. Retrying...
2023-11-04T01:18:07.0235336Z A path returned 202. Retrying...
2023-11-04T01:18:07.0236475Z A path returned 202. Retrying...
2023-11-04T01:18:07.0236984Z A path returned 202. Retrying...
2023-11-04T01:18:07.0237481Z A path returned 202. Retrying...
2023-11-04T01:18:07.0237974Z A path returned 202. Retrying...
2023-11-04T01:18:07.0238469Z A path returned 202. Retrying...
2023-11-04T01:18:07.0238946Z A path returned 202. Retrying...
2023-11-04T01:18:07.0239450Z A path returned 202. Retrying...
2023-11-04T01:18:07.0240178Z A path returned 202. Retrying...
2023-11-04T01:18:07.0240638Z A path returned 202. Retrying...
2023-11-04T01:18:07.0241591Z A path returned 202. Retrying...
2023-11-04T01:18:07.0242090Z A path returned 202. Retrying...
2023-11-04T01:18:07.0242585Z A path returned 202. Retrying...
2023-11-04T01:18:07.0243060Z A path returned 202. Retrying...
2023-11-04T01:18:07.0243555Z A path returned 202. Retrying...
2023-11-04T01:18:07.0244050Z A path returned 202. Retrying...
2023-11-04T01:18:07.0244544Z A path returned 202. Retrying...
2023-11-04T01:18:07.0245157Z A path returned 202. Retrying...
2023-11-04T01:18:07.0245931Z A path returned 202. Retrying...
2023-11-04T01:18:07.0246407Z A path returned 202. Retrying...
2023-11-04T01:18:07.0247001Z A path returned 202. Retrying...
2023-11-04T01:18:07.0247493Z A path returned 202. Retrying...
2023-11-04T01:18:07.0247989Z A path returned 202. Retrying...
2023-11-04T01:18:07.0248485Z A path returned 202. Retrying...
2023-11-04T01:18:07.0248980Z A path returned 202. Retrying...
2023-11-04T01:18:07.0249470Z A path returned 202. Retrying...
2023-11-04T01:18:07.0250354Z A path returned 202. Retrying...
2023-11-04T01:18:07.0250818Z A path returned 202. Retrying...
2023-11-04T01:18:07.0251288Z A path returned 202. Retrying...
2023-11-04T01:18:07.0251752Z A path returned 202. Retrying...
2023-11-04T01:18:07.0252213Z A path returned 202. Retrying...
2023-11-04T01:18:07.0252812Z A path returned 202. Retrying...
2023-11-04T01:18:07.0253290Z A path returned 202. Retrying...
2023-11-04T01:18:07.0253899Z A path returned 202. Retrying...
2023-11-04T01:18:07.0254374Z A path returned 202. Retrying...
2023-11-04T01:18:07.0254863Z A path returned 202. Retrying...
2023-11-04T01:18:07.0255353Z A path returned 202. Retrying...
2023-11-04T01:18:07.0255845Z A path returned 202. Retrying...
2023-11-04T01:18:07.0256335Z A path returned 202. Retrying...
2023-11-04T01:18:07.0256828Z A path returned 202. Retrying...
2023-11-04T01:18:07.0257742Z A path returned 202. Retrying...
2023-11-04T01:18:07.0258209Z A path returned 202. Retrying...
2023-11-04T01:18:07.0258678Z A path returned 202. Retrying...
2023-11-04T01:18:07.0259148Z A path returned 202. Retrying...
2023-11-04T01:18:07.0259657Z A path returned 202. Retrying...
2023-11-04T01:18:07.0260125Z A path returned 202. Retrying...
2023-11-04T01:18:07.0260589Z A path returned 202. Retrying...
2023-11-04T01:18:07.0261052Z A path returned 202. Retrying...
2023-11-04T01:18:07.0261496Z A path returned 202. Retrying...
2023-11-04T01:18:07.0261959Z A path returned 202. Retrying...
2023-11-04T01:18:07.0262420Z A path returned 202. Retrying...
2023-11-04T01:18:07.0262882Z A path returned 202. Retrying...
2023-11-04T01:18:07.0263346Z A path returned 202. Retrying...
2023-11-04T01:18:07.0263942Z A path returned 202. Retrying...
2023-11-04T01:18:07.0264422Z A path returned 202. Retrying...
2023-11-04T01:18:07.0264998Z A path returned 202. Retrying...
2023-11-04T01:18:07.0265497Z A path returned 202. Retrying...
2023-11-04T01:18:07.0265995Z A path returned 202. Retrying...
2023-11-04T01:18:07.0266487Z A path returned 202. Retrying...
2023-11-04T01:18:07.0267097Z A path returned 202. Retrying...
2023-11-04T01:18:07.0267580Z A path returned 202. Retrying...
2023-11-04T01:18:07.0268183Z A path returned 202. Retrying...
2023-11-04T01:18:07.0268629Z A path returned 202. Retrying...
2023-11-04T01:18:07.0269090Z A path returned 202. Retrying...
2023-11-04T01:18:07.0269664Z A path returned 202. Retrying...
2023-11-04T01:18:07.0270259Z A path returned 202. Retrying...
2023-11-04T01:18:07.0270749Z A path returned 202. Retrying...
2023-11-04T01:18:07.0271241Z A path returned 202. Retrying...
2023-11-04T01:18:07.0271734Z A path returned 202. Retrying...
2023-11-04T01:18:07.0272208Z A path returned 202. Retrying...
2023-11-04T01:18:07.0272704Z A path returned 202. Retrying...
2023-11-04T01:18:07.0273196Z A path returned 202. Retrying...
2023-11-04T01:18:07.0273691Z A path returned 202. Retrying...
2023-11-04T01:18:07.0274190Z A path returned 202. Retrying...
2023-11-04T01:18:07.0274805Z A path returned 202. Retrying...
2023-11-04T01:18:07.0275281Z A path returned 202. Retrying...
2023-11-04T01:27:03.5827737Z A path returned 202. Retrying...
2023-11-04T01:27:03.5828498Z A path returned 202. Retrying...
2023-11-04T01:27:03.5828993Z A path returned 202. Retrying...
2023-11-04T01:27:03.5829462Z A path returned 202. Retrying...
2023-11-04T01:27:03.5829948Z A path returned 202. Retrying...
2023-11-04T01:27:03.5830434Z A path returned 202. Retrying...
2023-11-04T01:27:03.5830916Z A path returned 202. Retrying...
2023-11-04T01:27:03.5831485Z A path returned 202. Retrying...
2023-11-04T01:27:03.5831934Z A path returned 202. Retrying...
2023-11-04T01:27:03.5832383Z A path returned 202. Retrying...
2023-11-04T01:27:03.5832817Z A path returned 202. Retrying...
2023-11-04T01:27:03.5833267Z A path returned 202. Retrying...
2023-11-04T01:27:03.5833714Z A path returned 202. Retrying...
2023-11-04T01:27:03.5834192Z A path returned 202. Retrying...
2023-11-04T01:27:03.5834645Z A path returned 202. Retrying...
2023-11-04T01:27:03.5835093Z A path returned 202. Retrying...
2023-11-04T01:27:03.5835550Z A path returned 202. Retrying...
2023-11-04T01:27:03.5835996Z A path returned 202. Retrying...
2023-11-04T01:27:03.5836444Z A path returned 202. Retrying...
2023-11-04T01:27:03.5836897Z A path returned 202. Retrying...
2023-11-04T01:27:03.5837345Z A path returned 202. Retrying...
2023-11-04T01:27:03.5837794Z A path returned 202. Retrying...
2023-11-04T01:27:03.5838244Z A path returned 202. Retrying...
2023-11-04T01:27:03.5838687Z A path returned 202. Retrying...
2023-11-04T01:27:03.5839110Z A path returned 202. Retrying...
2023-11-04T01:27:03.5839556Z A path returned 202. Retrying...
2023-11-04T01:27:03.5840003Z A path returned 202. Retrying...
2023-11-04T01:27:03.5840541Z A path returned 202. Retrying...
2023-11-04T01:27:03.5840970Z A path returned 202. Retrying...
2023-11-04T01:27:03.5841421Z A path returned 202. Retrying...
2023-11-04T01:27:03.5842460Z A path returned 202. Retrying...
2023-11-04T01:27:03.5842974Z A path returned 202. Retrying...
2023-11-04T01:27:03.5843425Z A path returned 202. Retrying...
2023-11-04T01:27:03.5843886Z A path returned 202. Retrying...
2023-11-04T01:27:03.5844334Z A path returned 202. Retrying...
2023-11-04T01:27:03.5844760Z A path returned 202. Retrying...
2023-11-04T01:27:03.5845211Z A path returned 202. Retrying...
2023-11-04T01:27:03.5845663Z A path returned 202. Retrying...
2023-11-04T01:27:03.5846116Z A path returned 202. Retrying...
2023-11-04T01:27:03.5846562Z A path returned 202. Retrying...
2023-11-04T01:27:03.5847010Z A path returned 202. Retrying...
2023-11-04T01:27:03.5847459Z A path returned 202. Retrying...
2023-11-04T01:27:03.5847889Z A path returned 202. Retrying...
2023-11-04T01:27:03.5848338Z A path returned 202. Retrying...
2023-11-04T01:27:03.5848785Z A path returned 202. Retrying...
2023-11-04T01:27:03.5849235Z A path returned 202. Retrying...
2023-11-04T01:27:03.5849690Z A path returned 202. Retrying...
2023-11-04T01:27:03.5850411Z A path returned 202. Retrying...
2023-11-04T01:27:03.5850885Z A path returned 202. Retrying...
2023-11-04T01:27:03.5851319Z A path returned 202. Retrying...
2023-11-04T01:27:03.5851780Z A path returned 202. Retrying...
2023-11-04T01:27:03.5852227Z A path returned 202. Retrying...
2023-11-04T01:27:03.5852677Z A path returned 202. Retrying...
2023-11-04T01:27:03.5853129Z A path returned 202. Retrying...
2023-11-04T01:27:03.5853574Z A path returned 202. Retrying...
2023-11-04T01:27:03.5854021Z A path returned 202. Retrying...
2023-11-04T01:27:03.5854449Z A path returned 202. Retrying...
2023-11-04T01:27:03.5854899Z A path returned 202. Retrying...
2023-11-04T01:27:03.5855342Z A path returned 202. Retrying...
2023-11-04T01:27:03.5855790Z A path returned 202. Retrying...
2023-11-04T01:27:03.5856245Z A path returned 202. Retrying...
2023-11-04T01:27:03.5856687Z A path returned 202. Retrying...
2023-11-04T01:27:03.5857133Z A path returned 202. Retrying...
2023-11-04T01:27:03.5857566Z A path returned 202. Retrying...
2023-11-04T01:27:03.5858014Z A path returned 202. Retrying...
2023-11-04T01:27:03.5858465Z A path returned 202. Retrying...
2023-11-04T01:27:03.5859257Z A path returned 202. Retrying...
2023-11-04T01:27:03.5859705Z A path returned 202. Retrying...
2023-11-04T01:27:03.5860158Z A path returned 202. Retrying...
2023-11-04T01:27:03.5860608Z A path returned 202. Retrying...
2023-11-04T01:27:03.5861040Z A path returned 202. Retrying...
2023-11-04T01:27:03.5861492Z A path returned 202. Retrying...
2023-11-04T01:27:03.5861938Z A path returned 202. Retrying...
2023-11-04T01:27:03.5862390Z A path returned 202. Retrying...
2023-11-04T01:27:03.5862835Z A path returned 202. Retrying...
2023-11-04T01:27:03.5863281Z A path returned 202. Retrying...
2023-11-04T01:27:03.5863730Z A path returned 202. Retrying...
2023-11-04T01:27:03.5864374Z A path returned 202. Retrying...
2023-11-04T01:27:03.5864882Z A path returned 202. Retrying...
2023-11-04T01:27:03.5865397Z A path returned 202. Retrying...
2023-11-04T01:27:03.5865904Z A path returned 202. Retrying...
2023-11-04T01:27:03.5866410Z A path returned 202. Retrying...
2023-11-04T01:27:03.5866919Z A path returned 202. Retrying...
2023-11-04T01:27:03.5867552Z A path returned 202. Retrying...
2023-11-04T01:27:03.5867978Z A path returned 202. Retrying...
2023-11-04T01:27:03.5869153Z A path returned 202. Retrying...
2023-11-04T01:27:03.5869660Z A path returned 202. Retrying...
2023-11-04T01:27:03.5870118Z A path returned 202. Retrying...
2023-11-04T01:27:03.5870573Z A path returned 202. Retrying...
2023-11-04T01:27:03.5871024Z A path returned 202. Retrying...
2023-11-04T01:27:03.5871469Z A path returned 202. Retrying...
2023-11-04T01:27:03.5871898Z A path returned 202. Retrying...
2023-11-04T01:27:03.5872346Z A path returned 202. Retrying...
2023-11-04T01:27:03.5872795Z A path returned 202. Retrying...
2023-11-04T01:27:03.5873248Z A path returned 202. Retrying...
2023-11-04T01:27:03.5873692Z A path returned 202. Retrying...
2023-11-04T01:27:03.5874416Z A path returned 202. Retrying...
2023-11-04T01:27:03.5874926Z A path returned 202. Retrying...
2023-11-04T01:27:03.5875356Z A path returned 202. Retrying...
2023-11-04T01:27:03.5875819Z A path returned 202. Retrying...
2023-11-04T01:27:03.5876270Z A path returned 202. Retrying...
2023-11-04T01:27:03.5876720Z A path returned 202. Retrying...
2023-11-04T01:27:03.5877168Z A path returned 202. Retrying...
2023-11-04T01:27:03.5877614Z A path returned 202. Retrying...
2023-11-04T01:27:03.5878063Z A path returned 202. Retrying...
2023-11-04T01:27:03.5878487Z A path returned 202. Retrying...
2023-11-04T01:27:03.5878929Z A path returned 202. Retrying...
2023-11-04T01:27:03.5879378Z A path returned 202. Retrying...
2023-11-04T01:27:03.5879828Z A path returned 202. Retrying...
2023-11-04T01:27:03.5880278Z A path returned 202. Retrying...
2023-11-04T01:27:03.5880725Z A path returned 202. Retrying...
2023-11-04T01:27:03.5881171Z A path returned 202. Retrying...
2023-11-04T01:27:03.5881602Z A path returned 202. Retrying...
2023-11-04T01:27:03.5882056Z A path returned 202. Retrying...
2023-11-04T01:27:03.5882501Z A path returned 202. Retrying...
2023-11-04T01:27:03.5882952Z A path returned 202. Retrying...
2023-11-04T01:27:03.5883412Z A path returned 202. Retrying...
2023-11-04T01:27:03.5883857Z A path returned 202. Retrying...
2023-11-04T01:27:03.5884300Z A path returned 202. Retrying...
2023-11-04T01:27:03.5884726Z A path returned 202. Retrying...
2023-11-04T01:27:03.5885172Z A path returned 202. Retrying...
2023-11-04T01:27:03.5885616Z A path returned 202. Retrying...
2023-11-04T01:27:03.5886068Z A path returned 202. Retrying...
2023-11-04T01:27:03.5886507Z A path returned 202. Retrying...
2023-11-04T01:27:03.5886960Z A path returned 202. Retrying...
2023-11-04T01:27:03.5887410Z A path returned 202. Retrying...
2023-11-04T01:27:03.5887836Z A path returned 202. Retrying...
2023-11-04T01:27:03.5888281Z A path returned 202. Retrying...
2023-11-04T01:27:03.5888725Z A path returned 202. Retrying...
2023-11-04T01:27:03.5889179Z A path returned 202. Retrying...
2023-11-04T01:27:03.5889626Z A path returned 202. Retrying...
2023-11-04T01:27:03.5890076Z A path returned 202. Retrying...
2023-11-04T01:27:03.5891097Z A path returned 202. Retrying...
2023-11-04T01:27:03.5891552Z A path returned 202. Retrying...
2023-11-04T01:27:03.5892032Z A path returned 202. Retrying...
2023-11-04T01:27:03.5892507Z A path returned 202. Retrying...
2023-11-04T01:27:03.5893084Z A path returned 202. Retrying...
2023-11-04T01:27:03.5893535Z A path returned 202. Retrying...
2023-11-04T01:27:03.5894123Z A path returned 202. Retrying...
2023-11-04T01:27:03.5894579Z A path returned 202. Retrying...
2023-11-04T01:27:03.5895006Z A path returned 202. Retrying...
2023-11-04T01:27:03.5895458Z A path returned 202. Retrying...
2023-11-04T01:27:03.5895904Z A path returned 202. Retrying...
2023-11-04T01:27:03.5896351Z A path returned 202. Retrying...
2023-11-04T01:27:03.5896796Z A path returned 202. Retrying...
2023-11-04T01:27:03.5897254Z A path returned 202. Retrying...
2023-11-04T01:27:03.5897704Z A path returned 202. Retrying...
2023-11-04T01:27:03.5898130Z A path returned 202. Retrying...
2023-11-04T01:27:03.5898583Z A path returned 202. Retrying...
2023-11-04T01:27:03.5899038Z A path returned 202. Retrying...
2023-11-04T01:27:03.5899492Z A path returned 202. Retrying...
2023-11-04T01:27:03.5899941Z A path returned 202. Retrying...
2023-11-04T01:27:03.5900387Z A path returned 202. Retrying...
2023-11-04T01:27:03.5900835Z A path returned 202. Retrying...
2023-11-04T01:27:03.5904759Z A path returned 202. Retrying...
2023-11-04T01:27:03.5905296Z A path returned 202. Retrying...
2023-11-04T01:27:03.5905800Z A path returned 202. Retrying...
2023-11-04T01:27:03.5907307Z A path returned 202. Retrying...
2023-11-04T01:27:03.5907824Z A path returned 202. Retrying...
2023-11-04T01:27:03.5908324Z A path returned 202. Retrying...
2023-11-04T01:27:03.5908955Z A path returned 202. Retrying...
2023-11-04T01:27:03.5909542Z A path returned 202. Retrying...
2023-11-04T01:27:03.5910426Z A path returned 202. Retrying...
2023-11-04T01:27:03.5910962Z A path returned 202. Retrying...
2023-11-04T01:27:03.5911571Z A path returned 202. Retrying...
2023-11-04T01:27:03.5912053Z A path returned 202. Retrying...
2023-11-04T01:27:03.5912523Z A path returned 202. Retrying...
2023-11-04T01:27:03.5913134Z A path returned 202. Retrying...
2023-11-04T01:27:03.5913599Z A path returned 202. Retrying...
2023-11-04T01:27:03.5914086Z A path returned 202. Retrying...
2023-11-04T01:27:03.5914708Z A path returned 202. Retrying...
2023-11-04T01:27:03.5915210Z A path returned 202. Retrying...
2023-11-04T01:27:03.5915716Z A path returned 202. Retrying...
2023-11-04T01:27:03.5916218Z A path returned 202. Retrying...
2023-11-04T01:27:03.5916717Z A path returned 202. Retrying...
2023-11-04T01:27:03.5917195Z A path returned 202. Retrying...
2023-11-04T01:27:03.5917700Z A path returned 202. Retrying...
2023-11-04T01:27:03.5918453Z A path returned 202. Retrying...
2023-11-04T01:27:03.5919027Z A path returned 202. Retrying...
2023-11-04T01:27:03.5919473Z A path returned 202. Retrying...
2023-11-04T01:27:03.5919915Z A path returned 202. Retrying...
2023-11-04T01:27:03.5920361Z A path returned 202. Retrying...
2023-11-04T01:27:03.5920793Z A path returned 202. Retrying...
2023-11-04T01:27:03.5921291Z A path returned 202. Retrying...
2023-11-04T01:27:03.5921739Z A path returned 202. Retrying...
2023-11-04T01:27:03.5922182Z A path returned 202. Retrying...
2023-11-04T01:27:03.5922623Z A path returned 202. Retrying...
2023-11-04T01:27:03.5923066Z A path returned 202. Retrying...
2023-11-04T01:27:03.5923506Z A path returned 202. Retrying...
2023-11-04T01:27:03.5923935Z A path returned 202. Retrying...
2023-11-04T01:27:03.5924380Z A path returned 202. Retrying...
2023-11-04T01:27:03.5924819Z A path returned 202. Retrying...
2023-11-04T01:27:03.5925263Z A path returned 202. Retrying...
2023-11-04T01:27:03.5925703Z A path returned 202. Retrying...
2023-11-04T01:27:03.5926141Z A path returned 202. Retrying...
2023-11-04T01:27:03.5926746Z A path returned 202. Retrying...
2023-11-04T01:27:03.5927166Z A path returned 202. Retrying...
2023-11-04T01:27:03.5927607Z A path returned 202. Retrying...
2023-11-04T01:27:03.5928224Z A path returned 202. Retrying...
2023-11-04T01:27:03.5928665Z A path returned 202. Retrying...
2023-11-04T01:27:03.5929107Z A path returned 202. Retrying...
2023-11-04T01:27:03.5929550Z A path returned 202. Retrying...
2023-11-04T01:27:03.5929991Z A path returned 202. Retrying...
2023-11-04T01:27:03.5930587Z A path returned 202. Retrying...
2023-11-04T01:27:03.5931039Z A path returned 202. Retrying...
2023-11-04T01:27:03.5931482Z A path returned 202. Retrying...
2023-11-04T01:27:03.5931923Z A path returned 202. Retrying...
2023-11-04T01:27:03.5932362Z A path returned 202. Retrying...
2023-11-04T01:27:03.5932803Z A path returned 202. Retrying...
2023-11-04T01:27:03.5933242Z A path returned 202. Retrying...
2023-11-04T01:27:03.5933662Z A path returned 202. Retrying...
2023-11-04T01:27:03.5934106Z A path returned 202. Retrying...
2023-11-04T01:27:03.5934551Z A path returned 202. Retrying...
2023-11-04T01:27:03.5934992Z A path returned 202. Retrying...
2023-11-04T01:27:03.5935429Z A path returned 202. Retrying...
2023-11-04T01:27:03.5935876Z A path returned 202. Retrying...
2023-11-04T01:27:03.5936316Z A path returned 202. Retrying...
2023-11-04T01:27:03.5936740Z A path returned 202. Retrying...
2023-11-04T01:27:03.5937182Z A path returned 202. Retrying...
2023-11-04T01:27:03.5937620Z A path returned 202. Retrying...
2023-11-04T01:27:03.5938059Z A path returned 202. Retrying...
2023-11-04T01:27:03.5938496Z A path returned 202. Retrying...
2023-11-04T01:27:03.5938933Z A path returned 202. Retrying...
2023-11-04T01:27:03.5939377Z A path returned 202. Retrying...
2023-11-04T01:27:03.5939802Z A path returned 202. Retrying...
2023-11-04T01:27:03.5940244Z A path returned 202. Retrying...
2023-11-04T01:27:03.5940685Z A path returned 202. Retrying...
2023-11-04T01:27:03.5941119Z A path returned 202. Retrying...
2023-11-04T01:27:03.5941721Z A path returned 202. Retrying...
2023-11-04T01:27:03.5942197Z A path returned 202. Retrying...
2023-11-04T01:27:03.5942639Z A path returned 202. Retrying...
2023-11-04T01:27:03.5943069Z A path returned 202. Retrying...
2023-11-04T01:27:03.5943515Z A path returned 202. Retrying...
2023-11-04T01:27:03.5943962Z A path returned 202. Retrying...
2023-11-04T01:27:03.5944406Z A path returned 202. Retrying...
2023-11-04T01:27:03.5944847Z A path returned 202. Retrying...
2023-11-04T01:27:03.5945290Z A path returned 202. Retrying...
2023-11-04T01:27:03.5945732Z A path returned 202. Retrying...
2023-11-04T01:27:03.5946157Z A path returned 202. Retrying...
2023-11-04T01:27:03.5946592Z A path returned 202. Retrying...
2023-11-04T01:27:03.5947035Z A path returned 202. Retrying...
2023-11-04T01:27:03.5947472Z A path returned 202. Retrying...
2023-11-04T01:27:03.5948488Z A path returned 202. Retrying...
2023-11-04T01:27:03.5949008Z A path returned 202. Retrying...
2023-11-04T01:27:03.5949513Z A path returned 202. Retrying...
2023-11-04T01:27:03.5949994Z A path returned 202. Retrying...
2023-11-04T01:27:03.5950496Z A path returned 202. Retrying...
2023-11-04T01:27:03.5950995Z A path returned 202. Retrying...
2023-11-04T01:35:57.3820998Z A path returned 202. Retrying...
2023-11-04T01:35:57.3821889Z A path returned 202. Retrying...
2023-11-04T01:35:57.3822519Z A path returned 202. Retrying...
2023-11-04T01:35:57.3823124Z A path returned 202. Retrying...
2023-11-04T01:35:57.3823746Z A path returned 202. Retrying...
2023-11-04T01:35:57.3824341Z A path returned 202. Retrying...
2023-11-04T01:35:57.3824954Z A path returned 202. Retrying...
2023-11-04T01:35:57.3825553Z A path returned 202. Retrying...
2023-11-04T01:35:57.3826129Z A path returned 202. Retrying...
2023-11-04T01:35:57.3826721Z A path returned 202. Retrying...
2023-11-04T01:35:57.3827310Z A path returned 202. Retrying...
2023-11-04T01:35:57.3827899Z A path returned 202. Retrying...
2023-11-04T01:35:57.3828484Z A path returned 202. Retrying...
2023-11-04T01:35:57.3829106Z A path returned 202. Retrying...
2023-11-04T01:35:57.3829707Z A path returned 202. Retrying...
2023-11-04T01:35:57.3830297Z A path returned 202. Retrying...
2023-11-04T01:35:57.3831664Z A path returned 202. Retrying...
2023-11-04T01:35:57.3832258Z A path returned 202. Retrying...
2023-11-04T01:35:57.3832825Z A path returned 202. Retrying...
2023-11-04T01:35:57.3833417Z A path returned 202. Retrying...
2023-11-04T01:35:57.3834007Z A path returned 202. Retrying...
2023-11-04T01:35:57.3834591Z A path returned 202. Retrying...
2023-11-04T01:35:57.3835172Z A path returned 202. Retrying...
2023-11-04T01:35:57.3835755Z A path returned 202. Retrying...
2023-11-04T01:35:57.3836348Z A path returned 202. Retrying...
2023-11-04T01:35:57.3836932Z A path returned 202. Retrying...
2023-11-04T01:35:57.3837509Z A path returned 202. Retrying...
2023-11-04T01:35:57.3838094Z A path returned 202. Retrying...
2023-11-04T01:35:57.3838680Z A path returned 202. Retrying...
2023-11-04T01:35:57.3839247Z A path returned 202. Retrying...
2023-11-04T01:35:57.3839847Z A path returned 202. Retrying...
2023-11-04T01:35:57.3840436Z A path returned 202. Retrying...
2023-11-04T01:35:57.3841021Z A path returned 202. Retrying...
2023-11-04T01:35:57.3841621Z A path returned 202. Retrying...
2023-11-04T01:35:57.3842206Z A path returned 202. Retrying...
2023-11-04T01:35:57.3842800Z A path returned 202. Retrying...
2023-11-04T01:35:57.3843385Z A path returned 202. Retrying...
2023-11-04T01:35:57.3843962Z A path returned 202. Retrying...
2023-11-04T01:35:57.3844544Z A path returned 202. Retrying...
2023-11-04T01:35:57.3845107Z A path returned 202. Retrying...
2023-11-04T01:35:57.3845697Z A path returned 202. Retrying...
2023-11-04T01:35:57.3846284Z A path returned 202. Retrying...
2023-11-04T01:35:57.3846991Z A path returned 202. Retrying...
2023-11-04T01:35:57.3847877Z A path returned 202. Retrying...
2023-11-04T01:35:57.3848510Z A path returned 202. Retrying...
2023-11-04T01:35:57.3849129Z A path returned 202. Retrying...
2023-11-04T01:35:57.3850647Z A path returned 202. Retrying...
2023-11-04T01:35:57.3851351Z A path returned 202. Retrying...
2023-11-04T01:35:57.3851915Z A path returned 202. Retrying...
2023-11-04T01:35:57.3852488Z A path returned 202. Retrying...
2023-11-04T01:35:57.3853023Z A path returned 202. Retrying...
2023-11-04T01:35:57.3853573Z A path returned 202. Retrying...
2023-11-04T01:35:57.3854129Z A path returned 202. Retrying...
2023-11-04T01:35:57.3854677Z A path returned 202. Retrying...
2023-11-04T01:35:57.3855229Z A path returned 202. Retrying...
2023-11-04T01:35:57.3855776Z A path returned 202. Retrying...
2023-11-04T01:35:57.3856329Z A path returned 202. Retrying...
2023-11-04T01:35:57.3856882Z A path returned 202. Retrying...
2023-11-04T01:35:57.3857429Z A path returned 202. Retrying...
2023-11-04T01:35:57.3857977Z A path returned 202. Retrying...
2023-11-04T01:35:57.3858513Z A path returned 202. Retrying...
2023-11-04T01:35:57.3859072Z A path returned 202. Retrying...
2023-11-04T01:35:57.3859623Z A path returned 202. Retrying...
2023-11-04T01:35:57.3860184Z A path returned 202. Retrying...
2023-11-04T01:35:57.3860738Z A path returned 202. Retrying...
2023-11-04T01:35:57.3861289Z A path returned 202. Retrying...
2023-11-04T01:35:57.3861852Z A path returned 202. Retrying...
2023-11-04T01:35:57.3862403Z A path returned 202. Retrying...
2023-11-04T01:35:57.3862952Z A path returned 202. Retrying...
2023-11-04T01:35:57.3863499Z A path returned 202. Retrying...
2023-11-04T01:35:57.3864051Z A path returned 202. Retrying...
2023-11-04T01:35:57.3864587Z A path returned 202. Retrying...
2023-11-04T01:35:57.3865142Z A path returned 202. Retrying...
2023-11-04T01:35:57.3865698Z A path returned 202. Retrying...
2023-11-04T01:35:57.3866252Z A path returned 202. Retrying...
2023-11-04T01:35:57.3866801Z A path returned 202. Retrying...
2023-11-04T01:35:57.3867354Z A path returned 202. Retrying...
2023-11-04T01:35:57.3868025Z A path returned 202. Retrying...
2023-11-04T01:35:57.3868609Z A path returned 202. Retrying...
2023-11-04T01:35:57.3869205Z A path returned 202. Retrying...
2023-11-04T01:35:57.3869792Z A path returned 202. Retrying...
2023-11-04T01:35:57.3870351Z A path returned 202. Retrying...
2023-11-04T01:35:57.3871209Z A path returned 202. Retrying...
2023-11-04T01:35:57.3871901Z A path returned 202. Retrying...
2023-11-04T01:35:57.3872455Z A path returned 202. Retrying...
2023-11-04T01:35:57.3873008Z A path returned 202. Retrying...
2023-11-04T01:35:57.3873554Z A path returned 202. Retrying...
2023-11-04T01:35:57.3874104Z A path returned 202. Retrying...
2023-11-04T01:35:57.3874657Z A path returned 202. Retrying...
2023-11-04T01:35:57.3875207Z A path returned 202. Retrying...
2023-11-04T01:35:57.3875759Z A path returned 202. Retrying...
2023-11-04T01:35:57.3876308Z A path returned 202. Retrying...
2023-11-04T01:35:57.3876840Z A path returned 202. Retrying...
2023-11-04T01:35:57.3877393Z A path returned 202. Retrying...
2023-11-04T01:35:57.3877950Z A path returned 202. Retrying...
2023-11-04T01:35:57.3878500Z A path returned 202. Retrying...
2023-11-04T01:35:57.3879067Z A path returned 202. Retrying...
2023-11-04T01:35:57.3879622Z A path returned 202. Retrying...
2023-11-04T01:35:57.3880174Z A path returned 202. Retrying...
2023-11-04T01:35:57.3880737Z A path returned 202. Retrying...
2023-11-04T01:35:57.3881291Z A path returned 202. Retrying...
2023-11-04T01:35:57.3881843Z A path returned 202. Retrying...
2023-11-04T01:35:57.3882376Z A path returned 202. Retrying...
2023-11-04T01:35:57.3882932Z A path returned 202. Retrying...
2023-11-04T01:35:57.3883492Z A path returned 202. Retrying...
2023-11-04T01:35:57.3884047Z A path returned 202. Retrying...
2023-11-04T01:35:57.3884595Z A path returned 202. Retrying...
2023-11-04T01:35:57.3885149Z A path returned 202. Retrying...
2023-11-04T01:35:57.3885708Z A path returned 202. Retrying...
2023-11-04T01:35:57.3886418Z A path returned 202. Retrying...
2023-11-04T01:35:57.3886967Z A path returned 202. Retrying...
2023-11-04T01:35:57.3887509Z A path returned 202. Retrying...
2023-11-04T01:35:57.3888220Z A path returned 202. Retrying...
2023-11-04T01:35:57.3888822Z A path returned 202. Retrying...
2023-11-04T01:35:57.3889374Z A path returned 202. Retrying...
2023-11-04T01:35:57.3889925Z A path returned 202. Retrying...
2023-11-04T01:35:57.3890652Z A path returned 202. Retrying...
2023-11-04T01:35:57.3891211Z A path returned 202. Retrying...
2023-11-04T01:35:57.3891758Z A path returned 202. Retrying...
2023-11-04T01:35:57.3892308Z A path returned 202. Retrying...
2023-11-04T01:35:57.3892855Z A path returned 202. Retrying...
2023-11-04T01:35:57.3893401Z A path returned 202. Retrying...
2023-11-04T01:35:57.3893949Z A path returned 202. Retrying...
2023-11-04T01:35:57.3894501Z A path returned 202. Retrying...
2023-11-04T01:35:57.3895036Z A path returned 202. Retrying...
2023-11-04T01:35:57.3895582Z A path returned 202. Retrying...
2023-11-04T01:35:57.3896132Z A path returned 202. Retrying...
2023-11-04T01:35:57.3896677Z A path returned 202. Retrying...
2023-11-04T01:35:57.3897227Z A path returned 202. Retrying...
2023-11-04T01:35:57.3897785Z A path returned 202. Retrying...
2023-11-04T01:35:57.3898342Z A path returned 202. Retrying...
2023-11-04T01:35:57.3898887Z A path returned 202. Retrying...
2023-11-04T01:35:57.3899444Z A path returned 202. Retrying...
2023-11-04T01:35:57.3899992Z A path returned 202. Retrying...
2023-11-04T01:35:57.3901326Z A path returned 202. Retrying...
2023-11-04T01:35:57.3901974Z A path returned 202. Retrying...
2023-11-04T01:35:57.3902595Z A path returned 202. Retrying...
2023-11-04T01:35:57.3903211Z A path returned 202. Retrying...
2023-11-04T01:35:57.3904101Z A path returned 202. Retrying...
2023-11-04T01:35:57.3904783Z A path returned 202. Retrying...
2023-11-04T01:35:57.3905332Z A path returned 202. Retrying...
2023-11-04T01:35:57.3905882Z A path returned 202. Retrying...
2023-11-04T01:35:57.3906431Z A path returned 202. Retrying...
2023-11-04T01:35:57.3906982Z A path returned 202. Retrying...
2023-11-04T01:35:57.3907528Z A path returned 202. Retrying...
2023-11-04T01:35:57.3908063Z A path returned 202. Retrying...
2023-11-04T01:35:57.3908612Z A path returned 202. Retrying...
2023-11-04T01:35:57.3909165Z A path returned 202. Retrying...
2023-11-04T01:35:57.3909712Z A path returned 202. Retrying...
2023-11-04T01:35:57.3910726Z A path returned 202. Retrying...
2023-11-04T01:35:57.3912556Z A path returned 202. Retrying...
2023-11-04T01:35:57.3913822Z A path returned 202. Retrying...
2023-11-04T01:35:57.3914349Z A path returned 202. Retrying...
2023-11-04T01:35:57.3914853Z A path returned 202. Retrying...
2023-11-04T01:35:57.3915353Z A path returned 202. Retrying...
2023-11-04T01:35:57.3915832Z A path returned 202. Retrying...
2023-11-04T01:35:57.3916328Z A path returned 202. Retrying...
2023-11-04T01:35:57.3917195Z A path returned 202. Retrying...
2023-11-04T01:35:57.3917640Z A path returned 202. Retrying...
2023-11-04T01:35:57.3918080Z A path returned 202. Retrying...
2023-11-04T01:35:57.3918521Z A path returned 202. Retrying...
2023-11-04T01:35:57.3918962Z A path returned 202. Retrying...
2023-11-04T01:35:57.3919397Z A path returned 202. Retrying...
2023-11-04T01:35:57.3919847Z A path returned 202. Retrying...
2023-11-04T01:35:57.3920287Z A path returned 202. Retrying...
2023-11-04T01:35:57.3920740Z A path returned 202. Retrying...
2023-11-04T01:35:57.3921183Z A path returned 202. Retrying...
2023-11-04T01:35:57.3921619Z A path returned 202. Retrying...
2023-11-04T01:35:57.3922062Z A path returned 202. Retrying...
2023-11-04T01:35:57.3922480Z A path returned 202. Retrying...
2023-11-04T01:35:57.3922922Z A path returned 202. Retrying...
2023-11-04T01:35:57.3923366Z A path returned 202. Retrying...
2023-11-04T01:35:57.3923806Z A path returned 202. Retrying...
2023-11-04T01:35:57.3924247Z A path returned 202. Retrying...
2023-11-04T01:35:57.3924685Z A path returned 202. Retrying...
2023-11-04T01:35:57.3925123Z A path returned 202. Retrying...
2023-11-04T01:35:57.3925544Z A path returned 202. Retrying...
2023-11-04T01:35:57.3925983Z A path returned 202. Retrying...
2023-11-04T01:35:57.3926657Z A path returned 202. Retrying...
2023-11-04T01:35:57.3927148Z A path returned 202. Retrying...
2023-11-04T01:35:57.3927591Z A path returned 202. Retrying...
2023-11-04T01:35:57.3928036Z A path returned 202. Retrying...
2023-11-04T01:35:57.3928496Z A path returned 202. Retrying...
2023-11-04T01:35:57.3928920Z A path returned 202. Retrying...
2023-11-04T01:35:57.3929359Z A path returned 202. Retrying...
2023-11-04T01:35:57.3929801Z A path returned 202. Retrying...
2023-11-04T01:35:57.3930474Z A path returned 202. Retrying...
2023-11-04T01:35:57.3930922Z A path returned 202. Retrying...
2023-11-04T01:35:57.3931367Z A path returned 202. Retrying...
2023-11-04T01:35:57.3931808Z A path returned 202. Retrying...
2023-11-04T01:35:57.3932225Z A path returned 202. Retrying...
2023-11-04T01:35:57.3932670Z A path returned 202. Retrying...
2023-11-04T01:35:57.3933456Z A path returned 202. Retrying...
2023-11-04T01:35:57.3933927Z A path returned 202. Retrying...
2023-11-04T01:35:57.3934477Z A path returned 202. Retrying...
2023-11-04T01:35:57.3935043Z A path returned 202. Retrying...
2023-11-04T01:35:57.3935594Z A path returned 202. Retrying...
2023-11-04T01:35:57.3936139Z A path returned 202. Retrying...
2023-11-04T01:35:57.3936700Z A path returned 202. Retrying...
2023-11-04T01:35:57.3937223Z A path returned 202. Retrying...
2023-11-04T01:35:57.3937777Z A path returned 202. Retrying...
2023-11-04T01:35:57.3938325Z A path returned 202. Retrying...
2023-11-04T01:35:57.3938868Z A path returned 202. Retrying...
2023-11-04T01:35:57.3939415Z A path returned 202. Retrying...
2023-11-04T01:35:57.3939959Z A path returned 202. Retrying...
2023-11-04T01:35:57.3940501Z A path returned 202. Retrying...
2023-11-04T01:35:57.3941054Z A path returned 202. Retrying...
2023-11-04T01:35:57.3941599Z A path returned 202. Retrying...
2023-11-04T01:35:57.3942149Z A path returned 202. Retrying...
2023-11-04T01:35:57.3942692Z A path returned 202. Retrying...
2023-11-04T01:35:57.3943215Z A path returned 202. Retrying...
2023-11-04T01:35:57.3943771Z A path returned 202. Retrying...
2023-11-04T01:35:57.3944325Z A path returned 202. Retrying...
2023-11-04T01:35:57.3944869Z A path returned 202. Retrying...
2023-11-04T01:35:57.3945414Z A path returned 202. Retrying...
2023-11-04T01:35:57.3946232Z A path returned 202. Retrying...
2023-11-04T01:35:57.3946789Z A path returned 202. Retrying...
2023-11-04T01:35:57.3947333Z A path returned 202. Retrying...
2023-11-04T01:35:57.3947878Z A path returned 202. Retrying...
2023-11-04T01:35:57.3948423Z A path returned 202. Retrying...
2023-11-04T01:35:57.3948948Z A path returned 202. Retrying...
2023-11-04T01:35:57.3949542Z A path returned 202. Retrying...
2023-11-04T01:35:57.3950093Z A path returned 202. Retrying...
2023-11-04T01:35:57.3950641Z A path returned 202. Retrying...
2023-11-04T01:35:57.3951186Z A path returned 202. Retrying...
2023-11-04T01:35:57.3951725Z A path returned 202. Retrying...
2023-11-04T01:35:57.3952269Z A path returned 202. Retrying...
2023-11-04T01:35:57.3952816Z A path returned 202. Retrying...
2023-11-04T01:35:57.3953376Z A path returned 202. Retrying...
2023-11-04T01:35:57.3953925Z A path returned 202. Retrying...
2023-11-04T01:35:57.3954470Z A path returned 202. Retrying...
2023-11-04T01:35:57.3955013Z A path returned 202. Retrying...
2023-11-04T01:35:57.3955557Z A path returned 202. Retrying...
2023-11-04T01:35:57.3956107Z A path returned 202. Retrying...
2023-11-04T01:35:57.3956646Z A path returned 202. Retrying...
2023-11-04T01:35:57.3957191Z A path returned 202. Retrying...
2023-11-04T01:35:57.3957737Z A path returned 202. Retrying...
2023-11-04T01:35:57.3958287Z A path returned 202. Retrying...
2023-11-04T01:35:57.3958832Z A path returned 202. Retrying...
2023-11-04T01:35:57.3959371Z A path returned 202. Retrying...
2023-11-04T01:35:57.3959912Z A path returned 202. Retrying...
2023-11-04T01:35:57.3960437Z A path returned 202. Retrying...
2023-11-04T01:35:57.3960990Z A path returned 202. Retrying...
2023-11-04T01:35:57.3961534Z A path returned 202. Retrying...
2023-11-04T01:35:57.3962286Z A path returned 202. Retrying...
2023-11-04T01:35:57.3962907Z A path returned 202. Retrying...
2023-11-04T01:35:57.3963457Z A path returned 202. Retrying...
2023-11-04T01:35:57.3964002Z A path returned 202. Retrying...
2023-11-04T01:44:52.2486033Z A path returned 202. Retrying...
2023-11-04T01:44:52.2486909Z A path returned 202. Retrying...
2023-11-04T01:44:52.2487428Z A path returned 202. Retrying...
2023-11-04T01:44:52.2487933Z A path returned 202. Retrying...
2023-11-04T01:44:52.2488441Z A path returned 202. Retrying...
2023-11-04T01:44:52.2488941Z A path returned 202. Retrying...
2023-11-04T01:44:52.2489421Z A path returned 202. Retrying...
2023-11-04T01:44:52.2505330Z A path returned 202. Retrying...
2023-11-04T01:44:52.2505981Z A path returned 202. Retrying...
2023-11-04T01:44:52.2506504Z A path returned 202. Retrying...
2023-11-04T01:44:52.2507016Z A path returned 202. Retrying...
2023-11-04T01:44:52.2507522Z A path returned 202. Retrying...
2023-11-04T01:44:52.2508009Z A path returned 202. Retrying...
2023-11-04T01:44:52.2508544Z A path returned 202. Retrying...
2023-11-04T01:44:52.2509052Z A path returned 202. Retrying...
2023-11-04T01:44:52.2509682Z A path returned 202. Retrying...
2023-11-04T01:44:52.2510185Z A path returned 202. Retrying...
2023-11-04T01:44:52.2510892Z A path returned 202. Retrying...
2023-11-04T01:44:52.2511332Z A path returned 202. Retrying...
2023-11-04T01:44:52.2511884Z A path returned 202. Retrying...
2023-11-04T01:44:52.2512348Z A path returned 202. Retrying...
2023-11-04T01:44:52.2512818Z A path returned 202. Retrying...
2023-11-04T01:44:52.2513285Z A path returned 202. Retrying...
2023-11-04T01:44:52.2513750Z A path returned 202. Retrying...
2023-11-04T01:44:52.2514219Z A path returned 202. Retrying...
2023-11-04T01:44:52.2514687Z A path returned 202. Retrying...
2023-11-04T01:44:52.2515231Z A path returned 202. Retrying...
2023-11-04T01:44:52.2515669Z A path returned 202. Retrying...
2023-11-04T01:44:52.2516112Z A path returned 202. Retrying...
2023-11-04T01:44:52.2516561Z A path returned 202. Retrying...
2023-11-04T01:44:52.2517002Z A path returned 202. Retrying...
2023-11-04T01:44:52.2517444Z A path returned 202. Retrying...
2023-11-04T01:44:52.2517882Z A path returned 202. Retrying...
2023-11-04T01:44:52.2519163Z A path returned 202. Retrying...
2023-11-04T01:44:52.2519646Z A path returned 202. Retrying...
2023-11-04T01:44:52.2520128Z A path returned 202. Retrying...
2023-11-04T01:44:52.2520611Z A path returned 202. Retrying...
2023-11-04T01:44:52.2521091Z A path returned 202. Retrying...
2023-11-04T01:44:52.2521563Z A path returned 202. Retrying...
2023-11-04T01:44:52.2523136Z A path returned 202. Retrying...
2023-11-04T01:44:52.2523662Z A path returned 202. Retrying...
2023-11-04T01:44:52.2524149Z A path returned 202. Retrying...
2023-11-04T01:44:52.2524644Z A path returned 202. Retrying...
2023-11-04T01:44:52.2525121Z A path returned 202. Retrying...
2023-11-04T01:44:52.2525620Z A path returned 202. Retrying...
2023-11-04T01:44:52.2526233Z A path returned 202. Retrying...
2023-11-04T01:44:52.2526723Z A path returned 202. Retrying...
2023-11-04T01:44:52.2527304Z A path returned 202. Retrying...
2023-11-04T01:44:52.2527767Z A path returned 202. Retrying...
2023-11-04T01:44:52.2528346Z A path returned 202. Retrying...
2023-11-04T01:44:52.2528784Z A path returned 202. Retrying...
2023-11-04T01:44:52.2529223Z A path returned 202. Retrying...
2023-11-04T01:44:52.2529660Z A path returned 202. Retrying...
2023-11-04T01:44:52.2530416Z A path returned 202. Retrying...
2023-11-04T01:44:52.2530882Z A path returned 202. Retrying...
2023-11-04T01:44:52.2531344Z A path returned 202. Retrying...
2023-11-04T01:44:52.2531810Z A path returned 202. Retrying...
2023-11-04T01:44:52.2532277Z A path returned 202. Retrying...
2023-11-04T01:44:52.2532742Z A path returned 202. Retrying...
2023-11-04T01:44:52.2533207Z A path returned 202. Retrying...
2023-11-04T01:44:52.2533764Z A path returned 202. Retrying...
2023-11-04T01:44:52.2534183Z A path returned 202. Retrying...
2023-11-04T01:44:52.2534889Z A path returned 202. Retrying...
2023-11-04T01:44:52.2535374Z A path returned 202. Retrying...
2023-11-04T01:44:52.2535815Z A path returned 202. Retrying...
2023-11-04T01:44:52.2536252Z A path returned 202. Retrying...
2023-11-04T01:44:52.2536703Z A path returned 202. Retrying...
2023-11-04T01:44:52.2537140Z A path returned 202. Retrying...
2023-11-04T01:44:52.2537560Z A path returned 202. Retrying...
2023-11-04T01:44:52.2537996Z A path returned 202. Retrying...
2023-11-04T01:44:52.2538436Z A path returned 202. Retrying...
2023-11-04T01:44:52.2538874Z A path returned 202. Retrying...
2023-11-04T01:44:52.2539312Z A path returned 202. Retrying...
2023-11-04T01:44:52.2539753Z A path returned 202. Retrying...
2023-11-04T01:44:52.2540189Z A path returned 202. Retrying...
2023-11-04T01:44:52.2540607Z A path returned 202. Retrying...
2023-11-04T01:44:52.2541044Z A path returned 202. Retrying...
2023-11-04T01:44:52.2541483Z A path returned 202. Retrying...
2023-11-04T01:44:52.2541919Z A path returned 202. Retrying...
2023-11-04T01:44:52.2542361Z A path returned 202. Retrying...
2023-11-04T01:44:52.2542798Z A path returned 202. Retrying...
2023-11-04T01:44:52.2543235Z A path returned 202. Retrying...
2023-11-04T01:44:52.2543659Z A path returned 202. Retrying...
2023-11-04T01:44:52.2544236Z A path returned 202. Retrying...
2023-11-04T01:44:52.2544699Z A path returned 202. Retrying...
2023-11-04T01:44:52.2545167Z A path returned 202. Retrying...
2023-11-04T01:44:52.2545762Z A path returned 202. Retrying...
2023-11-04T01:44:52.2546298Z A path returned 202. Retrying...
2023-11-04T01:44:52.2546886Z A path returned 202. Retrying...
2023-11-04T01:44:52.2547332Z A path returned 202. Retrying...
2023-11-04T01:44:52.2547797Z A path returned 202. Retrying...
2023-11-04T01:44:52.2548261Z A path returned 202. Retrying...
2023-11-04T01:44:52.2548813Z A path returned 202. Retrying...
2023-11-04T01:44:52.2549251Z A path returned 202. Retrying...
2023-11-04T01:44:52.2549690Z A path returned 202. Retrying...
2023-11-04T01:44:52.2550135Z A path returned 202. Retrying...
2023-11-04T01:44:52.2550555Z A path returned 202. Retrying...
2023-11-04T01:44:52.2550993Z A path returned 202. Retrying...
2023-11-04T01:44:52.2551432Z A path returned 202. Retrying...
2023-11-04T01:44:52.2552048Z A path returned 202. Retrying...
2023-11-04T01:44:52.2552491Z A path returned 202. Retrying...
2023-11-04T01:44:52.2552930Z A path returned 202. Retrying...
2023-11-04T01:44:52.2553367Z A path returned 202. Retrying...
2023-11-04T01:44:52.2553789Z A path returned 202. Retrying...
2023-11-04T01:44:52.2554228Z A path returned 202. Retrying...
2023-11-04T01:44:52.2554666Z A path returned 202. Retrying...
2023-11-04T01:44:52.2555101Z A path returned 202. Retrying...
2023-11-04T01:44:52.2555540Z A path returned 202. Retrying...
2023-11-04T01:44:52.2555979Z A path returned 202. Retrying...
2023-11-04T01:44:52.2556419Z A path returned 202. Retrying...
2023-11-04T01:44:52.2556838Z A path returned 202. Retrying...
2023-11-04T01:44:52.2557274Z A path returned 202. Retrying...
2023-11-04T01:44:52.2557720Z A path returned 202. Retrying...
2023-11-04T01:44:52.2558158Z A path returned 202. Retrying...
2023-11-04T01:44:52.2558599Z A path returned 202. Retrying...
2023-11-04T01:44:52.2559044Z A path returned 202. Retrying...
2023-11-04T01:44:52.2559481Z A path returned 202. Retrying...
2023-11-04T01:44:52.2559900Z A path returned 202. Retrying...
2023-11-04T01:44:52.2560339Z A path returned 202. Retrying...
2023-11-04T01:44:52.2560778Z A path returned 202. Retrying...
2023-11-04T01:44:52.2561215Z A path returned 202. Retrying...
2023-11-04T01:44:52.2561653Z A path returned 202. Retrying...
2023-11-04T01:44:52.2562090Z A path returned 202. Retrying...
2023-11-04T01:44:52.2562524Z A path returned 202. Retrying...
2023-11-04T01:44:52.2565338Z A path returned 202. Retrying...
2023-11-04T01:44:52.2565856Z A path returned 202. Retrying...
2023-11-04T01:44:52.2566357Z A path returned 202. Retrying...
2023-11-04T01:44:52.2566856Z A path returned 202. Retrying...
2023-11-04T01:44:52.2567608Z A path returned 202. Retrying...
2023-11-04T01:44:52.2568144Z A path returned 202. Retrying...
2023-11-04T01:44:52.2568642Z A path returned 202. Retrying...
2023-11-04T01:44:52.2569121Z A path returned 202. Retrying...
2023-11-04T01:44:52.2569628Z A path returned 202. Retrying...
2023-11-04T01:44:52.2570385Z A path returned 202. Retrying...
2023-11-04T01:44:52.2570903Z A path returned 202. Retrying...
2023-11-04T01:44:52.2571402Z A path returned 202. Retrying...
2023-11-04T01:44:52.2572018Z A path returned 202. Retrying...
2023-11-04T01:44:52.2572606Z A path returned 202. Retrying...
2023-11-04T01:44:52.2573051Z A path returned 202. Retrying...
2023-11-04T01:44:52.2573513Z A path returned 202. Retrying...
2023-11-04T01:44:52.2573978Z A path returned 202. Retrying...
2023-11-04T01:44:52.2574446Z A path returned 202. Retrying...
2023-11-04T01:44:52.2574911Z A path returned 202. Retrying...
2023-11-04T01:44:52.2575374Z A path returned 202. Retrying...
2023-11-04T01:44:52.2575840Z A path returned 202. Retrying...
2023-11-04T01:44:52.2576294Z A path returned 202. Retrying...
2023-11-04T01:44:52.2576759Z A path returned 202. Retrying...
2023-11-04T01:44:52.2577223Z A path returned 202. Retrying...
2023-11-04T01:44:52.2577694Z A path returned 202. Retrying...
2023-11-04T01:44:52.2578319Z A path returned 202. Retrying...
2023-11-04T01:44:52.2578799Z A path returned 202. Retrying...
2023-11-04T01:44:52.2579270Z A path returned 202. Retrying...
2023-11-04T01:44:52.2579728Z A path returned 202. Retrying...
2023-11-04T01:44:52.2580205Z A path returned 202. Retrying...
2023-11-04T01:44:52.2580685Z A path returned 202. Retrying...
2023-11-04T01:44:52.2581163Z A path returned 202. Retrying...
2023-11-04T01:44:52.2581639Z A path returned 202. Retrying...
2023-11-04T01:44:52.2582230Z A path returned 202. Retrying...
2023-11-04T01:44:52.2582692Z A path returned 202. Retrying...
2023-11-04T01:44:52.2583136Z A path returned 202. Retrying...
2023-11-04T01:44:52.2583599Z A path returned 202. Retrying...
2023-11-04T01:44:52.2584069Z A path returned 202. Retrying...
2023-11-04T01:44:52.2584666Z A path returned 202. Retrying...
2023-11-04T01:44:52.2585283Z A path returned 202. Retrying...
2023-11-04T01:44:52.2585781Z A path returned 202. Retrying...
2023-11-04T01:44:52.2586497Z A path returned 202. Retrying...
2023-11-04T01:44:52.2586973Z A path returned 202. Retrying...
2023-11-04T01:44:52.2587471Z A path returned 202. Retrying...
2023-11-04T01:44:52.2587969Z A path returned 202. Retrying...
2023-11-04T01:44:52.2588466Z A path returned 202. Retrying...
2023-11-04T01:44:52.2588964Z A path returned 202. Retrying...
2023-11-04T01:44:52.2589459Z A path returned 202. Retrying...
2023-11-04T01:44:52.2589954Z A path returned 202. Retrying...
2023-11-04T01:44:52.2590429Z A path returned 202. Retrying...
2023-11-04T01:44:52.2591041Z A path returned 202. Retrying...
2023-11-04T01:44:52.2591521Z A path returned 202. Retrying...
2023-11-04T01:44:52.2592000Z A path returned 202. Retrying...
2023-11-04T01:44:52.2592479Z A path returned 202. Retrying...
2023-11-04T01:44:52.2592964Z A path returned 202. Retrying...
2023-11-04T01:44:52.2593443Z A path returned 202. Retrying...
2023-11-04T01:44:52.2593903Z A path returned 202. Retrying...
2023-11-04T01:44:52.2594391Z A path returned 202. Retrying...
2023-11-04T01:44:52.2594871Z A path returned 202. Retrying...
2023-11-04T01:44:52.2595483Z A path returned 202. Retrying...
2023-11-04T01:44:52.2595979Z A path returned 202. Retrying...
2023-11-04T01:44:52.2596475Z A path returned 202. Retrying...
2023-11-04T01:44:52.2597024Z A path returned 202. Retrying...
2023-11-04T01:44:52.2597501Z A path returned 202. Retrying...
2023-11-04T01:44:52.2597998Z A path returned 202. Retrying...
2023-11-04T01:44:52.2598492Z A path returned 202. Retrying...
2023-11-04T01:44:52.2598987Z A path returned 202. Retrying...
2023-11-04T01:44:52.2599481Z A path returned 202. Retrying...
2023-11-04T01:44:52.2599975Z A path returned 202. Retrying...
2023-11-04T01:44:52.2600468Z A path returned 202. Retrying...
2023-11-04T01:44:52.2601101Z A path returned 202. Retrying...
2023-11-04T01:44:52.2601629Z A path returned 202. Retrying...
2023-11-04T01:44:52.2602141Z A path returned 202. Retrying...
2023-11-04T01:44:52.2602636Z A path returned 202. Retrying...
2023-11-04T01:44:52.2603139Z A path returned 202. Retrying...
2023-11-04T01:44:52.2603633Z A path returned 202. Retrying...
2023-11-04T01:44:52.2604255Z A path returned 202. Retrying...
2023-11-04T01:44:52.2604826Z A path returned 202. Retrying...
2023-11-04T01:44:52.2605290Z A path returned 202. Retrying...
2023-11-04T01:44:52.2605755Z A path returned 202. Retrying...
2023-11-04T01:44:52.2606218Z A path returned 202. Retrying...
2023-11-04T01:44:52.2606682Z A path returned 202. Retrying...
2023-11-04T01:44:52.2607145Z A path returned 202. Retrying...
2023-11-04T01:44:52.2607607Z A path returned 202. Retrying...
2023-11-04T01:44:52.2608053Z A path returned 202. Retrying...
2023-11-04T01:44:52.2608521Z A path returned 202. Retrying...
2023-11-04T01:44:52.2608985Z A path returned 202. Retrying...
2023-11-04T01:44:52.2609456Z A path returned 202. Retrying...
2023-11-04T01:44:52.2609922Z A path returned 202. Retrying...
2023-11-04T01:44:52.2610650Z A path returned 202. Retrying...
2023-11-04T01:44:52.2611144Z A path returned 202. Retrying...
2023-11-04T01:44:52.2611729Z A path returned 202. Retrying...
2023-11-04T01:44:52.2612225Z A path returned 202. Retrying...
2023-11-04T01:44:52.2612717Z A path returned 202. Retrying...
2023-11-04T01:44:52.2613211Z A path returned 202. Retrying...
2023-11-04T01:44:52.2613706Z A path returned 202. Retrying...
2023-11-04T01:44:52.2614201Z A path returned 202. Retrying...
2023-11-04T01:44:52.2614694Z A path returned 202. Retrying...
2023-11-04T01:44:52.2615165Z A path returned 202. Retrying...
2023-11-04T01:44:52.2615660Z A path returned 202. Retrying...
2023-11-04T01:44:52.2616392Z A path returned 202. Retrying...
2023-11-04T01:44:52.2616857Z A path returned 202. Retrying...
2023-11-04T01:44:52.2617322Z A path returned 202. Retrying...
2023-11-04T01:44:52.2617787Z A path returned 202. Retrying...
2023-11-04T01:44:52.2618255Z A path returned 202. Retrying...
2023-11-04T01:44:52.2618702Z A path returned 202. Retrying...
2023-11-04T01:44:52.2619169Z A path returned 202. Retrying...
2023-11-04T01:44:52.2620014Z A path returned 202. Retrying...
2023-11-04T01:44:52.2620488Z A path returned 202. Retrying...
2023-11-04T01:44:52.2620969Z A path returned 202. Retrying...
2023-11-04T01:44:52.2621444Z A path returned 202. Retrying...
2023-11-04T01:44:52.2621905Z A path returned 202. Retrying...
2023-11-04T01:44:52.2622673Z A path returned 202. Retrying...
2023-11-04T01:44:52.2623164Z A path returned 202. Retrying...
2023-11-04T01:44:52.2624285Z A path returned 202. Retrying...
2023-11-04T01:44:52.2624795Z A path returned 202. Retrying...
2023-11-04T01:44:52.2625287Z A path returned 202. Retrying...
2023-11-04T01:44:52.2625779Z A path returned 202. Retrying...
2023-11-04T01:44:52.2626254Z A path returned 202. Retrying...
2023-11-04T01:44:52.2626895Z A path returned 202. Retrying...
2023-11-04T01:44:52.2627593Z A path returned 202. Retrying...
2023-11-04T01:44:52.2628053Z A path returned 202. Retrying...
2023-11-04T01:44:52.2628512Z A path returned 202. Retrying...
2023-11-04T01:44:52.2629116Z A path returned 202. Retrying...
2023-11-04T01:53:46.3030145Z A path returned 202. Retrying...
2023-11-04T01:53:46.3030707Z A path returned 202. Retrying...
2023-11-04T01:53:46.3031156Z A path returned 202. Retrying...
2023-11-04T01:53:46.3031597Z A path returned 202. Retrying...
2023-11-04T01:53:46.3032014Z A path returned 202. Retrying...
2023-11-04T01:53:46.3032450Z A path returned 202. Retrying...
2023-11-04T01:53:46.3032883Z A path returned 202. Retrying...
2023-11-04T01:53:46.3033317Z A path returned 202. Retrying...
2023-11-04T01:53:46.3033751Z A path returned 202. Retrying...
2023-11-04T01:53:46.3034187Z A path returned 202. Retrying...
2023-11-04T01:53:46.3034616Z A path returned 202. Retrying...
2023-11-04T01:53:46.3035034Z A path returned 202. Retrying...
2023-11-04T01:53:46.3036004Z A path returned 202. Retrying...
2023-11-04T01:53:46.3036492Z A path returned 202. Retrying...
2023-11-04T01:53:46.3036923Z A path returned 202. Retrying...
2023-11-04T01:53:46.3037354Z A path returned 202. Retrying...
2023-11-04T01:53:46.3037799Z A path returned 202. Retrying...
2023-11-04T01:53:46.3038226Z A path returned 202. Retrying...
2023-11-04T01:53:46.3039750Z A path returned 202. Retrying...
2023-11-04T01:53:46.3040251Z A path returned 202. Retrying...
2023-11-04T01:53:46.3040782Z A path returned 202. Retrying...
2023-11-04T01:53:46.3041267Z A path returned 202. Retrying...
2023-11-04T01:53:46.3041747Z A path returned 202. Retrying...
2023-11-04T01:53:46.3042229Z A path returned 202. Retrying...
2023-11-04T01:53:46.3042709Z A path returned 202. Retrying...
2023-11-04T01:53:46.3043175Z A path returned 202. Retrying...
2023-11-04T01:53:46.3043818Z A path returned 202. Retrying...
2023-11-04T01:53:46.3044364Z A path returned 202. Retrying...
2023-11-04T01:53:46.3044788Z A path returned 202. Retrying...
2023-11-04T01:53:46.3045224Z A path returned 202. Retrying...
2023-11-04T01:53:46.3045648Z A path returned 202. Retrying...
2023-11-04T01:53:46.3046070Z A path returned 202. Retrying...
2023-11-04T01:53:46.3046490Z A path returned 202. Retrying...
2023-11-04T01:53:46.3046915Z A path returned 202. Retrying...
2023-11-04T01:53:46.3047337Z A path returned 202. Retrying...
2023-11-04T01:53:46.3047760Z A path returned 202. Retrying...
2023-11-04T01:53:46.3048184Z A path returned 202. Retrying...
2023-11-04T01:53:46.3048610Z A path returned 202. Retrying...
2023-11-04T01:53:46.3049032Z A path returned 202. Retrying...
2023-11-04T01:53:46.3049440Z A path returned 202. Retrying...
2023-11-04T01:53:46.3049864Z A path returned 202. Retrying...
2023-11-04T01:53:46.3050693Z A path returned 202. Retrying...
2023-11-04T01:53:46.3051152Z A path returned 202. Retrying...
2023-11-04T01:53:46.3051605Z A path returned 202. Retrying...
2023-11-04T01:53:46.3052058Z A path returned 202. Retrying...
2023-11-04T01:53:46.3052509Z A path returned 202. Retrying...
2023-11-04T01:53:46.3052954Z A path returned 202. Retrying...
2023-11-04T01:53:46.3053410Z A path returned 202. Retrying...
2023-11-04T01:53:46.3053952Z A path returned 202. Retrying...
2023-11-04T01:53:46.3054686Z A path returned 202. Retrying...
2023-11-04T01:53:46.3055172Z A path returned 202. Retrying...
2023-11-04T01:53:46.3055602Z A path returned 202. Retrying...
2023-11-04T01:53:46.3056033Z A path returned 202. Retrying...
2023-11-04T01:53:46.3056458Z A path returned 202. Retrying...
2023-11-04T01:53:46.3056881Z A path returned 202. Retrying...
2023-11-04T01:53:46.3057305Z A path returned 202. Retrying...
2023-11-04T01:53:46.3057728Z A path returned 202. Retrying...
2023-11-04T01:53:46.3058137Z A path returned 202. Retrying...
2023-11-04T01:53:46.3058567Z A path returned 202. Retrying...
2023-11-04T01:53:46.3058993Z A path returned 202. Retrying...
2023-11-04T01:53:46.3059418Z A path returned 202. Retrying...
2023-11-04T01:53:46.3059845Z A path returned 202. Retrying...
2023-11-04T01:53:46.3060276Z A path returned 202. Retrying...
2023-11-04T01:53:46.3060705Z A path returned 202. Retrying...
2023-11-04T01:53:46.3061116Z A path returned 202. Retrying...
2023-11-04T01:53:46.3061548Z A path returned 202. Retrying...
2023-11-04T01:53:46.3061971Z A path returned 202. Retrying...
2023-11-04T01:53:46.3062395Z A path returned 202. Retrying...
2023-11-04T01:53:46.3062818Z A path returned 202. Retrying...
2023-11-04T01:53:46.3063245Z A path returned 202. Retrying...
2023-11-04T01:53:46.3063667Z A path returned 202. Retrying...
2023-11-04T01:53:46.3064074Z A path returned 202. Retrying...
2023-11-04T01:53:46.3064500Z A path returned 202. Retrying...
2023-11-04T01:53:46.3064924Z A path returned 202. Retrying...
2023-11-04T01:53:46.3065374Z A path returned 202. Retrying...
2023-11-04T01:53:46.3065800Z A path returned 202. Retrying...
2023-11-04T01:53:46.3066225Z A path returned 202. Retrying...
2023-11-04T01:53:46.3066649Z A path returned 202. Retrying...
2023-11-04T01:53:46.3067062Z A path returned 202. Retrying...
2023-11-04T01:53:46.3067625Z A path returned 202. Retrying...
2023-11-04T01:53:46.3068079Z A path returned 202. Retrying...
2023-11-04T01:53:46.3068503Z A path returned 202. Retrying...
2023-11-04T01:53:46.3068934Z A path returned 202. Retrying...
2023-11-04T01:53:46.3069355Z A path returned 202. Retrying...
2023-11-04T01:53:46.3069778Z A path returned 202. Retrying...
2023-11-04T01:53:46.3070186Z A path returned 202. Retrying...
2023-11-04T01:53:46.3070612Z A path returned 202. Retrying...
2023-11-04T01:53:46.3071038Z A path returned 202. Retrying...
2023-11-04T01:53:46.3071461Z A path returned 202. Retrying...
2023-11-04T01:53:46.3071887Z A path returned 202. Retrying...
2023-11-04T01:53:46.3072311Z A path returned 202. Retrying...
2023-11-04T01:53:46.3072735Z A path returned 202. Retrying...
2023-11-04T01:53:46.3073147Z A path returned 202. Retrying...
2023-11-04T01:53:46.3073569Z A path returned 202. Retrying...
2023-11-04T01:53:46.3073990Z A path returned 202. Retrying...
2023-11-04T01:53:46.3074416Z A path returned 202. Retrying...
2023-11-04T01:53:46.3074842Z A path returned 202. Retrying...
2023-11-04T01:53:46.3075264Z A path returned 202. Retrying...
2023-11-04T01:53:46.3075694Z A path returned 202. Retrying...
2023-11-04T01:53:46.3076103Z A path returned 202. Retrying...
2023-11-04T01:53:46.3076528Z A path returned 202. Retrying...
2023-11-04T01:53:46.3076956Z A path returned 202. Retrying...
2023-11-04T01:53:46.3077384Z A path returned 202. Retrying...
2023-11-04T01:53:46.3077811Z A path returned 202. Retrying...
2023-11-04T01:53:46.3078239Z A path returned 202. Retrying...
2023-11-04T01:53:46.3078664Z A path returned 202. Retrying...
2023-11-04T01:53:46.3079073Z A path returned 202. Retrying...
2023-11-04T01:53:46.3079494Z A path returned 202. Retrying...
2023-11-04T01:53:46.3079918Z A path returned 202. Retrying...
2023-11-04T01:53:46.3080343Z A path returned 202. Retrying...
2023-11-04T01:53:46.3080769Z A path returned 202. Retrying...
2023-11-04T01:53:46.3081191Z A path returned 202. Retrying...
2023-11-04T01:53:46.3081619Z A path returned 202. Retrying...
2023-11-04T01:53:46.3082030Z A path returned 202. Retrying...
2023-11-04T01:53:46.3082456Z A path returned 202. Retrying...
2023-11-04T01:53:46.3083031Z A path returned 202. Retrying...
2023-11-04T01:53:46.3083460Z A path returned 202. Retrying...
2023-11-04T01:53:46.3083888Z A path returned 202. Retrying...
2023-11-04T01:53:46.3084314Z A path returned 202. Retrying...
2023-11-04T01:53:46.3084741Z A path returned 202. Retrying...
2023-11-04T01:53:46.3085152Z A path returned 202. Retrying...
2023-11-04T01:53:46.3085575Z A path returned 202. Retrying...
2023-11-04T01:53:46.3085998Z A path returned 202. Retrying...
2023-11-04T01:53:46.3086422Z A path returned 202. Retrying...
2023-11-04T01:53:46.3086848Z A path returned 202. Retrying...
2023-11-04T01:53:46.3087275Z A path returned 202. Retrying...
2023-11-04T01:53:46.3087698Z A path returned 202. Retrying...
2023-11-04T01:53:46.3088108Z A path returned 202. Retrying...
2023-11-04T01:53:46.3088540Z A path returned 202. Retrying...
2023-11-04T01:53:46.3088967Z A path returned 202. Retrying...
2023-11-04T01:53:46.3089394Z A path returned 202. Retrying...
2023-11-04T01:53:46.3089822Z A path returned 202. Retrying...
2023-11-04T01:53:46.3090376Z A path returned 202. Retrying...
2023-11-04T01:53:46.3090808Z A path returned 202. Retrying...
2023-11-04T01:53:46.3091219Z A path returned 202. Retrying...
2023-11-04T01:53:46.3091644Z A path returned 202. Retrying...
2023-11-04T01:53:46.3092072Z A path returned 202. Retrying...
2023-11-04T01:53:46.3092496Z A path returned 202. Retrying...
2023-11-04T01:53:46.3092922Z A path returned 202. Retrying...
2023-11-04T01:53:46.3093346Z A path returned 202. Retrying...
2023-11-04T01:53:46.3093775Z A path returned 202. Retrying...
2023-11-04T01:53:46.3094187Z A path returned 202. Retrying...
2023-11-04T01:53:46.3094614Z A path returned 202. Retrying...
2023-11-04T01:53:46.3095043Z A path returned 202. Retrying...
2023-11-04T01:53:46.3095468Z A path returned 202. Retrying...
2023-11-04T01:53:46.3096042Z A path returned 202. Retrying...
2023-11-04T01:53:46.3096496Z A path returned 202. Retrying...
2023-11-04T01:53:46.3096924Z A path returned 202. Retrying...
2023-11-04T01:53:46.3097345Z A path returned 202. Retrying...
2023-11-04T01:53:46.3097769Z A path returned 202. Retrying...
2023-11-04T01:53:46.3098193Z A path returned 202. Retrying...
2023-11-04T01:53:46.3098616Z A path returned 202. Retrying...
2023-11-04T01:53:46.3099040Z A path returned 202. Retrying...
2023-11-04T01:53:46.3099466Z A path returned 202. Retrying...
2023-11-04T01:53:46.3099890Z A path returned 202. Retrying...
2023-11-04T01:53:46.3100302Z A path returned 202. Retrying...
2023-11-04T01:53:46.3100727Z A path returned 202. Retrying...
2023-11-04T01:53:46.3101155Z A path returned 202. Retrying...
2023-11-04T01:53:46.3101582Z A path returned 202. Retrying...
2023-11-04T01:53:46.3102012Z A path returned 202. Retrying...
2023-11-04T01:53:46.3102439Z A path returned 202. Retrying...
2023-11-04T01:53:46.3102868Z A path returned 202. Retrying...
2023-11-04T01:53:46.3103280Z A path returned 202. Retrying...
2023-11-04T01:53:46.3103704Z A path returned 202. Retrying...
2023-11-04T01:53:46.3104132Z A path returned 202. Retrying...
2023-11-04T01:53:46.3104564Z A path returned 202. Retrying...
2023-11-04T01:53:46.3104988Z A path returned 202. Retrying...
2023-11-04T01:53:46.3105416Z A path returned 202. Retrying...
2023-11-04T01:53:46.3105840Z A path returned 202. Retrying...
2023-11-04T01:53:46.3106249Z A path returned 202. Retrying...
2023-11-04T01:53:46.3106676Z A path returned 202. Retrying...
2023-11-04T01:53:46.3107102Z A path returned 202. Retrying...
2023-11-04T01:53:46.3107529Z A path returned 202. Retrying...
2023-11-04T01:53:46.3107955Z A path returned 202. Retrying...
2023-11-04T01:53:46.3108379Z A path returned 202. Retrying...
2023-11-04T01:53:46.3108805Z A path returned 202. Retrying...
2023-11-04T01:53:46.3109213Z A path returned 202. Retrying...
2023-11-04T01:53:46.3109638Z A path returned 202. Retrying...
2023-11-04T01:53:46.3110068Z A path returned 202. Retrying...
2023-11-04T01:53:46.3110492Z A path returned 202. Retrying...
2023-11-04T01:53:46.3110916Z A path returned 202. Retrying...
2023-11-04T01:53:46.3111628Z A path returned 202. Retrying...
2023-11-04T01:53:46.3112084Z A path returned 202. Retrying...
2023-11-04T01:53:46.3112521Z A path returned 202. Retrying...
2023-11-04T01:53:46.3112974Z A path returned 202. Retrying...
2023-11-04T01:53:46.3113427Z A path returned 202. Retrying...
2023-11-04T01:53:46.3114579Z A path returned 202. Retrying...
2023-11-04T01:53:46.3115086Z A path returned 202. Retrying...
2023-11-04T01:53:46.3115570Z A path returned 202. Retrying...
2023-11-04T01:53:46.3116052Z A path returned 202. Retrying...
2023-11-04T01:53:46.3116520Z A path returned 202. Retrying...
2023-11-04T01:53:46.3117003Z A path returned 202. Retrying...
2023-11-04T01:53:46.3117691Z A path returned 202. Retrying...
2023-11-04T01:53:46.3118116Z A path returned 202. Retrying...
2023-11-04T01:53:46.3118551Z A path returned 202. Retrying...
2023-11-04T01:53:46.3118979Z A path returned 202. Retrying...
2023-11-04T01:53:46.3119402Z A path returned 202. Retrying...
2023-11-04T01:53:46.3119811Z A path returned 202. Retrying...
2023-11-04T01:53:46.3120244Z A path returned 202. Retrying...
2023-11-04T01:53:46.3120670Z A path returned 202. Retrying...
2023-11-04T01:53:46.3121095Z A path returned 202. Retrying...
2023-11-04T01:53:46.3121520Z A path returned 202. Retrying...
2023-11-04T01:53:46.3121949Z A path returned 202. Retrying...
2023-11-04T01:53:46.3122375Z A path returned 202. Retrying...
2023-11-04T01:53:46.3122787Z A path returned 202. Retrying...
2023-11-04T01:53:46.3123212Z A path returned 202. Retrying...
2023-11-04T01:53:46.3123635Z A path returned 202. Retrying...
2023-11-04T01:53:46.3124060Z A path returned 202. Retrying...
2023-11-04T01:53:46.3124486Z A path returned 202. Retrying...
2023-11-04T01:53:46.3124911Z A path returned 202. Retrying...
2023-11-04T01:53:46.3125333Z A path returned 202. Retrying...
2023-11-04T01:53:46.3125928Z A path returned 202. Retrying...
2023-11-04T01:53:46.3126390Z A path returned 202. Retrying...
2023-11-04T01:53:46.3126818Z A path returned 202. Retrying...
2023-11-04T01:53:46.3127253Z A path returned 202. Retrying...
2023-11-04T01:53:46.3127687Z A path returned 202. Retrying...
2023-11-04T01:53:46.3128116Z A path returned 202. Retrying...
2023-11-04T01:53:46.3128543Z A path returned 202. Retrying...
2023-11-04T01:53:46.3128954Z A path returned 202. Retrying...
2023-11-04T01:53:46.3129380Z A path returned 202. Retrying...
2023-11-04T01:53:46.3129807Z A path returned 202. Retrying...
2023-11-04T01:53:46.3130384Z A path returned 202. Retrying...
2023-11-04T01:53:46.3130818Z A path returned 202. Retrying...
2023-11-04T01:53:46.3131244Z A path returned 202. Retrying...
2023-11-04T01:53:46.3131667Z A path returned 202. Retrying...
2023-11-04T01:53:46.3132076Z A path returned 202. Retrying...
2023-11-04T01:53:46.3132503Z A path returned 202. Retrying...
2023-11-04T01:53:46.3132934Z A path returned 202. Retrying...
2023-11-04T01:53:46.3133359Z A path returned 202. Retrying...
2023-11-04T01:53:46.3133788Z A path returned 202. Retrying...
2023-11-04T01:53:46.3134213Z A path returned 202. Retrying...
2023-11-04T01:53:46.3134644Z A path returned 202. Retrying...
2023-11-04T01:53:46.3135053Z A path returned 202. Retrying...
2023-11-04T01:53:46.3135476Z A path returned 202. Retrying...
2023-11-04T01:53:46.3135900Z A path returned 202. Retrying...
2023-11-04T01:53:46.3136325Z A path returned 202. Retrying...
2023-11-04T01:53:46.3136748Z A path returned 202. Retrying...
2023-11-04T01:53:46.3137174Z A path returned 202. Retrying...
2023-11-04T01:53:46.3137597Z A path returned 202. Retrying...
2023-11-04T01:53:46.3138006Z A path returned 202. Retrying...
2023-11-04T01:53:46.3138430Z A path returned 202. Retrying...
2023-11-04T01:53:46.3138854Z A path returned 202. Retrying...
2023-11-04T01:53:46.3139279Z A path returned 202. Retrying...
2023-11-04T01:53:46.3139708Z A path returned 202. Retrying...
2023-11-04T01:53:46.3148726Z A path returned 202. Retrying...
2023-11-04T01:53:46.3149271Z A path returned 202. Retrying...
2023-11-04T01:53:46.3149773Z A path returned 202. Retrying...
2023-11-04T01:53:46.3150585Z A path returned 202. Retrying...
2023-11-04T02:02:42.5072172Z A path returned 202. Retrying...
2023-11-04T02:02:42.5072896Z A path returned 202. Retrying...
2023-11-04T02:02:42.5073405Z A path returned 202. Retrying...
2023-11-04T02:02:42.5073900Z A path returned 202. Retrying...
2023-11-04T02:02:42.5074389Z A path returned 202. Retrying...
2023-11-04T02:02:42.5074872Z A path returned 202. Retrying...
2023-11-04T02:02:42.5075342Z A path returned 202. Retrying...
2023-11-04T02:02:42.5075830Z A path returned 202. Retrying...
2023-11-04T02:02:42.5076318Z A path returned 202. Retrying...
2023-11-04T02:02:42.5076801Z A path returned 202. Retrying...
2023-11-04T02:02:42.5077283Z A path returned 202. Retrying...
2023-11-04T02:02:42.5077767Z A path returned 202. Retrying...
2023-11-04T02:02:42.5078273Z A path returned 202. Retrying...
2023-11-04T02:02:42.5078748Z A path returned 202. Retrying...
2023-11-04T02:02:42.5079232Z A path returned 202. Retrying...
2023-11-04T02:02:42.5079712Z A path returned 202. Retrying...
2023-11-04T02:02:42.5080214Z A path returned 202. Retrying...
2023-11-04T02:02:42.5080693Z A path returned 202. Retrying...
2023-11-04T02:02:42.5081172Z A path returned 202. Retrying...
2023-11-04T02:02:42.5081649Z A path returned 202. Retrying...
2023-11-04T02:02:42.5082113Z A path returned 202. Retrying...
2023-11-04T02:02:42.5082595Z A path returned 202. Retrying...
2023-11-04T02:02:42.5083086Z A path returned 202. Retrying...
2023-11-04T02:02:42.5083570Z A path returned 202. Retrying...
2023-11-04T02:02:42.5084055Z A path returned 202. Retrying...
2023-11-04T02:02:42.5084540Z A path returned 202. Retrying...
2023-11-04T02:02:42.5085007Z A path returned 202. Retrying...
2023-11-04T02:02:42.5085491Z A path returned 202. Retrying...
2023-11-04T02:02:42.5085976Z A path returned 202. Retrying...
2023-11-04T02:02:42.5086930Z A path returned 202. Retrying...
2023-11-04T02:02:42.5087466Z A path returned 202. Retrying...
2023-11-04T02:02:42.5087948Z A path returned 202. Retrying...
2023-11-04T02:02:42.5088440Z A path returned 202. Retrying...
2023-11-04T02:02:42.5088908Z A path returned 202. Retrying...
2023-11-04T02:02:42.5089390Z A path returned 202. Retrying...
2023-11-04T02:02:42.5089877Z A path returned 202. Retrying...
2023-11-04T02:02:42.5090679Z A path returned 202. Retrying...
2023-11-04T02:02:42.5091171Z A path returned 202. Retrying...
2023-11-04T02:02:42.5091696Z A path returned 202. Retrying...
2023-11-04T02:02:42.5092180Z A path returned 202. Retrying...
2023-11-04T02:02:42.5092651Z A path returned 202. Retrying...
2023-11-04T02:02:42.5093134Z A path returned 202. Retrying...
2023-11-04T02:02:42.5093617Z A path returned 202. Retrying...
2023-11-04T02:02:42.5094099Z A path returned 202. Retrying...
2023-11-04T02:02:42.5094580Z A path returned 202. Retrying...
2023-11-04T02:02:42.5095071Z A path returned 202. Retrying...
2023-11-04T02:02:42.5095561Z A path returned 202. Retrying...
2023-11-04T02:02:42.5096030Z A path returned 202. Retrying...
2023-11-04T02:02:42.5096514Z A path returned 202. Retrying...
2023-11-04T02:02:42.5097006Z A path returned 202. Retrying...
2023-11-04T02:02:42.5097491Z A path returned 202. Retrying...
2023-11-04T02:02:42.5097979Z A path returned 202. Retrying...
2023-11-04T02:02:42.5098466Z A path returned 202. Retrying...
2023-11-04T02:02:42.5098945Z A path returned 202. Retrying...
2023-11-04T02:02:42.5099415Z A path returned 202. Retrying...
2023-11-04T02:02:42.5099900Z A path returned 202. Retrying...
2023-11-04T02:02:42.5100383Z A path returned 202. Retrying...
2023-11-04T02:02:42.5100867Z A path returned 202. Retrying...
2023-11-04T02:02:42.5101347Z A path returned 202. Retrying...
2023-11-04T02:02:42.5101830Z A path returned 202. Retrying...
2023-11-04T02:02:42.5102315Z A path returned 202. Retrying...
2023-11-04T02:02:42.5102787Z A path returned 202. Retrying...
2023-11-04T02:02:42.5103277Z A path returned 202. Retrying...
2023-11-04T02:02:42.5103761Z A path returned 202. Retrying...
2023-11-04T02:02:42.5104247Z A path returned 202. Retrying...
2023-11-04T02:02:42.5105070Z A path returned 202. Retrying...
2023-11-04T02:02:42.5105555Z A path returned 202. Retrying...
2023-11-04T02:02:42.5106023Z A path returned 202. Retrying...
2023-11-04T02:02:42.5106506Z A path returned 202. Retrying...
2023-11-04T02:02:42.5106989Z A path returned 202. Retrying...
2023-11-04T02:02:42.5107475Z A path returned 202. Retrying...
2023-11-04T02:02:42.5107959Z A path returned 202. Retrying...
2023-11-04T02:02:42.5108447Z A path returned 202. Retrying...
2023-11-04T02:02:42.5108929Z A path returned 202. Retrying...
2023-11-04T02:02:42.5109398Z A path returned 202. Retrying...
2023-11-04T02:02:42.5109881Z A path returned 202. Retrying...
2023-11-04T02:02:42.5110365Z A path returned 202. Retrying...
2023-11-04T02:02:42.5110852Z A path returned 202. Retrying...
2023-11-04T02:02:42.5111341Z A path returned 202. Retrying...
2023-11-04T02:02:42.5111826Z A path returned 202. Retrying...
2023-11-04T02:02:42.5112315Z A path returned 202. Retrying...
2023-11-04T02:02:42.5112785Z A path returned 202. Retrying...
2023-11-04T02:02:42.5113277Z A path returned 202. Retrying...
2023-11-04T02:02:42.5113754Z A path returned 202. Retrying...
2023-11-04T02:02:42.5114235Z A path returned 202. Retrying...
2023-11-04T02:02:42.5114716Z A path returned 202. Retrying...
2023-11-04T02:02:42.5115202Z A path returned 202. Retrying...
2023-11-04T02:02:42.5115685Z A path returned 202. Retrying...
2023-11-04T02:02:42.5116153Z A path returned 202. Retrying...
2023-11-04T02:02:42.5116639Z A path returned 202. Retrying...
2023-11-04T02:02:42.5117127Z A path returned 202. Retrying...
2023-11-04T02:02:42.5117617Z A path returned 202. Retrying...
2023-11-04T02:02:42.5118101Z A path returned 202. Retrying...
2023-11-04T02:02:42.5118582Z A path returned 202. Retrying...
2023-11-04T02:02:42.5119067Z A path returned 202. Retrying...
2023-11-04T02:02:42.5119686Z A path returned 202. Retrying...
2023-11-04T02:02:42.5120179Z A path returned 202. Retrying...
2023-11-04T02:02:42.5120667Z A path returned 202. Retrying...
2023-11-04T02:02:42.5121157Z A path returned 202. Retrying...
2023-11-04T02:02:42.5121642Z A path returned 202. Retrying...
2023-11-04T02:02:42.5122124Z A path returned 202. Retrying...
2023-11-04T02:02:42.5122609Z A path returned 202. Retrying...
2023-11-04T02:02:42.5123093Z A path returned 202. Retrying...
2023-11-04T02:02:42.5123561Z A path returned 202. Retrying...
2023-11-04T02:02:42.5124045Z A path returned 202. Retrying...
2023-11-04T02:02:42.5124532Z A path returned 202. Retrying...
2023-11-04T02:02:42.5125016Z A path returned 202. Retrying...
2023-11-04T02:02:42.5125502Z A path returned 202. Retrying...
2023-11-04T02:02:42.5125986Z A path returned 202. Retrying...
2023-11-04T02:02:42.5126455Z A path returned 202. Retrying...
2023-11-04T02:02:42.5126939Z A path returned 202. Retrying...
2023-11-04T02:02:42.5127429Z A path returned 202. Retrying...
2023-11-04T02:02:42.5127915Z A path returned 202. Retrying...
2023-11-04T02:02:42.5128398Z A path returned 202. Retrying...
2023-11-04T02:02:42.5128879Z A path returned 202. Retrying...
2023-11-04T02:02:42.5129364Z A path returned 202. Retrying...
2023-11-04T02:02:42.5129834Z A path returned 202. Retrying...
2023-11-04T02:02:42.5130457Z A path returned 202. Retrying...
2023-11-04T02:02:42.5131078Z A path returned 202. Retrying...
2023-11-04T02:02:42.5131564Z A path returned 202. Retrying...
2023-11-04T02:02:42.5132052Z A path returned 202. Retrying...
2023-11-04T02:02:42.5132537Z A path returned 202. Retrying...
2023-11-04T02:02:42.5133022Z A path returned 202. Retrying...
2023-11-04T02:02:42.5133489Z A path returned 202. Retrying...
2023-11-04T02:02:42.5133973Z A path returned 202. Retrying...
2023-11-04T02:02:42.5134454Z A path returned 202. Retrying...
2023-11-04T02:02:42.5134938Z A path returned 202. Retrying...
2023-11-04T02:02:42.5135422Z A path returned 202. Retrying...
2023-11-04T02:02:42.5136086Z A path returned 202. Retrying...
2023-11-04T02:02:42.5136573Z A path returned 202. Retrying...
2023-11-04T02:02:42.5137040Z A path returned 202. Retrying...
2023-11-04T02:02:42.5137718Z A path returned 202. Retrying...
2023-11-04T02:02:42.5138201Z A path returned 202. Retrying...
2023-11-04T02:02:42.5138684Z A path returned 202. Retrying...
2023-11-04T02:02:42.5139165Z A path returned 202. Retrying...
2023-11-04T02:02:42.5139652Z A path returned 202. Retrying...
2023-11-04T02:02:42.5140136Z A path returned 202. Retrying...
2023-11-04T02:02:42.5140608Z A path returned 202. Retrying...
2023-11-04T02:02:42.5141092Z A path returned 202. Retrying...
2023-11-04T02:02:42.5141578Z A path returned 202. Retrying...
2023-11-04T02:02:42.5142062Z A path returned 202. Retrying...
2023-11-04T02:02:42.5142545Z A path returned 202. Retrying...
2023-11-04T02:02:42.5143025Z A path returned 202. Retrying...
2023-11-04T02:02:42.5143506Z A path returned 202. Retrying...
2023-11-04T02:02:42.5143984Z A path returned 202. Retrying...
2023-11-04T02:02:42.5144471Z A path returned 202. Retrying...
2023-11-04T02:02:42.5144954Z A path returned 202. Retrying...
2023-11-04T02:02:42.5145439Z A path returned 202. Retrying...
2023-11-04T02:02:42.5145925Z A path returned 202. Retrying...
2023-11-04T02:02:42.5146408Z A path returned 202. Retrying...
2023-11-04T02:02:42.5146890Z A path returned 202. Retrying...
2023-11-04T02:02:42.5147358Z A path returned 202. Retrying...
2023-11-04T02:02:42.5147839Z A path returned 202. Retrying...
2023-11-04T02:02:42.5148319Z A path returned 202. Retrying...
2023-11-04T02:02:42.5148803Z A path returned 202. Retrying...
2023-11-04T02:02:42.5149284Z A path returned 202. Retrying...
2023-11-04T02:02:42.5149765Z A path returned 202. Retrying...
2023-11-04T02:02:42.5150251Z A path returned 202. Retrying...
2023-11-04T02:02:42.5150721Z A path returned 202. Retrying...
2023-11-04T02:02:42.5151203Z A path returned 202. Retrying...
2023-11-04T02:02:42.5151689Z A path returned 202. Retrying...
2023-11-04T02:02:42.5152315Z A path returned 202. Retrying...
2023-11-04T02:02:42.5152821Z A path returned 202. Retrying...
2023-11-04T02:02:42.5153304Z A path returned 202. Retrying...
2023-11-04T02:02:42.5153795Z A path returned 202. Retrying...
2023-11-04T02:02:42.5154264Z A path returned 202. Retrying...
2023-11-04T02:02:42.5154750Z A path returned 202. Retrying...
2023-11-04T02:02:42.5155233Z A path returned 202. Retrying...
2023-11-04T02:02:42.5155716Z A path returned 202. Retrying...
2023-11-04T02:02:42.5156200Z A path returned 202. Retrying...
2023-11-04T02:02:42.5156683Z A path returned 202. Retrying...
2023-11-04T02:02:42.5157165Z A path returned 202. Retrying...
2023-11-04T02:02:42.5157634Z A path returned 202. Retrying...
2023-11-04T02:02:42.5158118Z A path returned 202. Retrying...
2023-11-04T02:02:42.5158601Z A path returned 202. Retrying...
2023-11-04T02:02:42.5159322Z A path returned 202. Retrying...
2023-11-04T02:02:42.5159808Z A path returned 202. Retrying...
2023-11-04T02:02:42.5160298Z A path returned 202. Retrying...
2023-11-04T02:02:42.5161020Z A path returned 202. Retrying...
2023-11-04T02:02:42.5161487Z A path returned 202. Retrying...
2023-11-04T02:02:42.5161969Z A path returned 202. Retrying...
2023-11-04T02:02:42.5162462Z A path returned 202. Retrying...
2023-11-04T02:02:42.5162946Z A path returned 202. Retrying...
2023-11-04T02:02:42.5163427Z A path returned 202. Retrying...
2023-11-04T02:02:42.5163909Z A path returned 202. Retrying...
2023-11-04T02:02:42.5164391Z A path returned 202. Retrying...
2023-11-04T02:02:42.5165095Z A path returned 202. Retrying...
2023-11-04T02:02:42.5165580Z A path returned 202. Retrying...
2023-11-04T02:02:42.5166064Z A path returned 202. Retrying...
2023-11-04T02:02:42.5166546Z A path returned 202. Retrying...
2023-11-04T02:02:42.5167030Z A path returned 202. Retrying...
2023-11-04T02:02:42.5167513Z A path returned 202. Retrying...
2023-11-04T02:02:42.5167997Z A path returned 202. Retrying...
2023-11-04T02:02:42.5168465Z A path returned 202. Retrying...
2023-11-04T02:02:42.5168954Z A path returned 202. Retrying...
2023-11-04T02:02:42.5169435Z A path returned 202. Retrying...
2023-11-04T02:02:42.5169922Z A path returned 202. Retrying...
2023-11-04T02:02:42.5170754Z A path returned 202. Retrying...
2023-11-04T02:02:42.5171239Z A path returned 202. Retrying...
2023-11-04T02:02:42.5172534Z A path returned 202. Retrying...
2023-11-04T02:02:42.5173062Z A path returned 202. Retrying...
2023-11-04T02:02:42.5174117Z A path returned 202. Retrying...
2023-11-04T02:02:42.5175712Z A path returned 202. Retrying...
2023-11-04T02:02:42.5176196Z A path returned 202. Retrying...
2023-11-04T02:02:42.5176772Z A path returned 202. Retrying...
2023-11-04T02:02:42.5177346Z A path returned 202. Retrying...
2023-11-04T02:02:42.5178032Z A path returned 202. Retrying...
2023-11-04T02:02:42.5178486Z A path returned 202. Retrying...
2023-11-04T02:02:42.5179130Z A path returned 202. Retrying...
2023-11-04T02:02:42.5179613Z A path returned 202. Retrying...
2023-11-04T02:02:42.5180108Z A path returned 202. Retrying...
2023-11-04T02:02:42.5180595Z A path returned 202. Retrying...
2023-11-04T02:02:42.5181078Z A path returned 202. Retrying...
2023-11-04T02:02:42.5181562Z A path returned 202. Retrying...
2023-11-04T02:02:42.5182035Z A path returned 202. Retrying...
2023-11-04T02:02:42.5182516Z A path returned 202. Retrying...
2023-11-04T02:02:42.5183239Z A path returned 202. Retrying...
2023-11-04T02:02:42.5183726Z A path returned 202. Retrying...
2023-11-04T02:02:42.5184207Z A path returned 202. Retrying...
2023-11-04T02:02:42.5184689Z A path returned 202. Retrying...
2023-11-04T02:02:42.5185170Z A path returned 202. Retrying...
2023-11-04T02:02:42.5185632Z A path returned 202. Retrying...
2023-11-04T02:02:42.5186116Z A path returned 202. Retrying...
2023-11-04T02:02:42.5186599Z A path returned 202. Retrying...
2023-11-04T02:02:42.5187200Z A path returned 202. Retrying...
2023-11-04T02:02:42.5187794Z A path returned 202. Retrying...
2023-11-04T02:02:42.5188274Z A path returned 202. Retrying...
2023-11-04T02:02:42.5189022Z A path returned 202. Retrying...
2023-11-04T02:02:42.5189522Z A path returned 202. Retrying...
2023-11-04T02:02:42.5190002Z A path returned 202. Retrying...
2023-11-04T02:02:42.5190496Z A path returned 202. Retrying...
2023-11-04T02:02:42.5190982Z A path returned 202. Retrying...
2023-11-04T02:02:42.5191693Z A path returned 202. Retrying...
2023-11-04T02:02:42.5193232Z A path returned 202. Retrying...
2023-11-04T02:02:42.5193783Z A path returned 202. Retrying...
2023-11-04T02:02:42.5194254Z A path returned 202. Retrying...
2023-11-04T02:02:42.5194741Z A path returned 202. Retrying...
2023-11-04T02:02:42.5195224Z A path returned 202. Retrying...
2023-11-04T02:02:42.5195702Z A path returned 202. Retrying...
2023-11-04T02:02:42.5196188Z A path returned 202. Retrying...
2023-11-04T02:02:42.5196672Z A path returned 202. Retrying...
2023-11-04T02:02:42.5197152Z A path returned 202. Retrying...
2023-11-04T02:02:42.5197618Z A path returned 202. Retrying...
2023-11-04T02:02:42.5198112Z A path returned 202. Retrying...
2023-11-04T02:02:42.5198601Z A path returned 202. Retrying...
2023-11-04T02:02:42.5199082Z A path returned 202. Retrying...
2023-11-04T02:02:42.5199567Z A path returned 202. Retrying...
2023-11-04T02:02:42.5200061Z A path returned 202. Retrying...
2023-11-04T02:10:46.3227890Z A path returned 202. Retrying...
2023-11-04T02:10:46.3228879Z A path returned 202. Retrying...
2023-11-04T02:10:46.3229550Z A path returned 202. Retrying...
2023-11-04T02:10:46.3238617Z A path returned 202. Retrying...
2023-11-04T02:10:46.3246745Z A path returned 202. Retrying...
2023-11-04T02:10:46.3247317Z A path returned 202. Retrying...
2023-11-04T02:10:46.3247836Z A path returned 202. Retrying...
2023-11-04T02:10:46.3248403Z A path returned 202. Retrying...
2023-11-04T02:10:46.3248904Z A path returned 202. Retrying...
2023-11-04T02:10:46.3249399Z A path returned 202. Retrying...
2023-11-04T02:10:46.3249892Z A path returned 202. Retrying...
2023-11-04T02:10:46.3250610Z A path returned 202. Retrying...
2023-11-04T02:10:46.3251120Z A path returned 202. Retrying...
2023-11-04T02:10:46.3251621Z A path returned 202. Retrying...
2023-11-04T02:10:46.3252120Z A path returned 202. Retrying...
2023-11-04T02:10:46.3253005Z A path returned 202. Retrying...
2023-11-04T02:10:46.3253500Z A path returned 202. Retrying...
2023-11-04T02:10:46.3253997Z A path returned 202. Retrying...
2023-11-04T02:10:46.3254490Z A path returned 202. Retrying...
2023-11-04T02:10:46.3254969Z A path returned 202. Retrying...
2023-11-04T02:10:46.3255461Z A path returned 202. Retrying...
2023-11-04T02:10:46.3255953Z A path returned 202. Retrying...
2023-11-04T02:10:46.3256444Z A path returned 202. Retrying...
2023-11-04T02:10:46.3257143Z A path returned 202. Retrying...
2023-11-04T02:10:46.3257805Z A path returned 202. Retrying...
2023-11-04T02:10:46.3258316Z A path returned 202. Retrying...
2023-11-04T02:10:46.3258797Z A path returned 202. Retrying...
2023-11-04T02:10:46.3259296Z A path returned 202. Retrying...
2023-11-04T02:10:46.3259805Z A path returned 202. Retrying...
2023-11-04T02:10:46.3260302Z A path returned 202. Retrying...
2023-11-04T02:10:46.3260794Z A path returned 202. Retrying...
2023-11-04T02:10:46.3261288Z A path returned 202. Retrying...
2023-11-04T02:10:46.3261789Z A path returned 202. Retrying...
2023-11-04T02:10:46.3262263Z A path returned 202. Retrying...
2023-11-04T02:10:46.3262756Z A path returned 202. Retrying...
2023-11-04T02:10:46.3263248Z A path returned 202. Retrying...
2023-11-04T02:10:46.3263735Z A path returned 202. Retrying...
2023-11-04T02:10:46.3264225Z A path returned 202. Retrying...
2023-11-04T02:10:46.3264712Z A path returned 202. Retrying...
2023-11-04T02:10:46.3265197Z A path returned 202. Retrying...
2023-11-04T02:10:46.3265668Z A path returned 202. Retrying...
2023-11-04T02:10:46.3266156Z A path returned 202. Retrying...
2023-11-04T02:10:46.3266644Z A path returned 202. Retrying...
2023-11-04T02:10:46.3267133Z A path returned 202. Retrying...
2023-11-04T02:10:46.3267624Z A path returned 202. Retrying...
2023-11-04T02:10:46.3268438Z A path returned 202. Retrying...
2023-11-04T02:10:46.3268974Z A path returned 202. Retrying...
2023-11-04T02:10:46.3269449Z A path returned 202. Retrying...
2023-11-04T02:10:46.3269952Z A path returned 202. Retrying...
2023-11-04T02:10:46.3270442Z A path returned 202. Retrying...
2023-11-04T02:10:46.3270932Z A path returned 202. Retrying...
2023-11-04T02:10:46.3271418Z A path returned 202. Retrying...
2023-11-04T02:10:46.3271907Z A path returned 202. Retrying...
2023-11-04T02:10:46.3272400Z A path returned 202. Retrying...
2023-11-04T02:10:46.3272872Z A path returned 202. Retrying...
2023-11-04T02:10:46.3273359Z A path returned 202. Retrying...
2023-11-04T02:10:46.3273849Z A path returned 202. Retrying...
2023-11-04T02:10:46.3274340Z A path returned 202. Retrying...
2023-11-04T02:10:46.3274827Z A path returned 202. Retrying...
2023-11-04T02:10:46.3275318Z A path returned 202. Retrying...
2023-11-04T02:10:46.3275804Z A path returned 202. Retrying...
2023-11-04T02:10:46.3276278Z A path returned 202. Retrying...
2023-11-04T02:10:46.3276771Z A path returned 202. Retrying...
2023-11-04T02:10:46.3277260Z A path returned 202. Retrying...
2023-11-04T02:10:46.3277749Z A path returned 202. Retrying...
2023-11-04T02:10:46.3278243Z A path returned 202. Retrying...
2023-11-04T02:10:46.3278733Z A path returned 202. Retrying...
2023-11-04T02:10:46.3279219Z A path returned 202. Retrying...
2023-11-04T02:10:46.3279691Z A path returned 202. Retrying...
2023-11-04T02:10:46.3280180Z A path returned 202. Retrying...
2023-11-04T02:10:46.3280667Z A path returned 202. Retrying...
2023-11-04T02:10:46.3281157Z A path returned 202. Retrying...
2023-11-04T02:10:46.3281645Z A path returned 202. Retrying...
2023-11-04T02:10:46.3282134Z A path returned 202. Retrying...
2023-11-04T02:10:46.3282621Z A path returned 202. Retrying...
2023-11-04T02:10:46.3283098Z A path returned 202. Retrying...
2023-11-04T02:10:46.3283589Z A path returned 202. Retrying...
2023-11-04T02:10:46.3284077Z A path returned 202. Retrying...
2023-11-04T02:10:46.3284574Z A path returned 202. Retrying...
2023-11-04T02:10:46.3285055Z A path returned 202. Retrying...
2023-11-04T02:10:46.3285538Z A path returned 202. Retrying...
2023-11-04T02:10:46.3286194Z A path returned 202. Retrying...
2023-11-04T02:10:46.3286667Z A path returned 202. Retrying...
2023-11-04T02:10:46.3287156Z A path returned 202. Retrying...
2023-11-04T02:10:46.3287647Z A path returned 202. Retrying...
2023-11-04T02:10:46.3288136Z A path returned 202. Retrying...
2023-11-04T02:10:46.3288625Z A path returned 202. Retrying...
2023-11-04T02:10:46.3289117Z A path returned 202. Retrying...
2023-11-04T02:10:46.3289607Z A path returned 202. Retrying...
2023-11-04T02:10:46.3290081Z A path returned 202. Retrying...
2023-11-04T02:10:46.3290758Z A path returned 202. Retrying...
2023-11-04T02:10:46.3291251Z A path returned 202. Retrying...
2023-11-04T02:10:46.3291738Z A path returned 202. Retrying...
2023-11-04T02:10:46.3292227Z A path returned 202. Retrying...
2023-11-04T02:10:46.3292716Z A path returned 202. Retrying...
2023-11-04T02:10:46.3293215Z A path returned 202. Retrying...
2023-11-04T02:10:46.3293686Z A path returned 202. Retrying...
2023-11-04T02:10:46.3294177Z A path returned 202. Retrying...
2023-11-04T02:10:46.3294671Z A path returned 202. Retrying...
2023-11-04T02:10:46.3295160Z A path returned 202. Retrying...
2023-11-04T02:10:46.3295646Z A path returned 202. Retrying...
2023-11-04T02:10:46.3296136Z A path returned 202. Retrying...
2023-11-04T02:10:46.3296620Z A path returned 202. Retrying...
2023-11-04T02:10:46.3300000Z A path returned 202. Retrying...
2023-11-04T02:10:46.3300587Z A path returned 202. Retrying...
2023-11-04T02:10:46.3301078Z A path returned 202. Retrying...
2023-11-04T02:10:46.3301564Z A path returned 202. Retrying...
2023-11-04T02:10:46.3302402Z A path returned 202. Retrying...
2023-11-04T02:10:46.3302907Z A path returned 202. Retrying...
2023-11-04T02:10:46.3303392Z A path returned 202. Retrying...
2023-11-04T02:10:46.3303862Z A path returned 202. Retrying...
2023-11-04T02:10:46.3304590Z A path returned 202. Retrying...
2023-11-04T02:10:46.3305108Z A path returned 202. Retrying...
2023-11-04T02:10:46.3305598Z A path returned 202. Retrying...
2023-11-04T02:10:46.3306144Z A path returned 202. Retrying...
2023-11-04T02:10:46.3306635Z A path returned 202. Retrying...
2023-11-04T02:10:46.3307125Z A path returned 202. Retrying...
2023-11-04T02:10:46.3307596Z A path returned 202. Retrying...
2023-11-04T02:10:46.3308086Z A path returned 202. Retrying...
2023-11-04T02:10:46.3308572Z A path returned 202. Retrying...
2023-11-04T02:10:46.3309062Z A path returned 202. Retrying...
2023-11-04T02:10:46.3309547Z A path returned 202. Retrying...
2023-11-04T02:10:46.3310035Z A path returned 202. Retrying...
2023-11-04T02:10:46.3311499Z A path returned 202. Retrying...
2023-11-04T02:10:46.3311988Z A path returned 202. Retrying...
2023-11-04T02:10:46.3312480Z A path returned 202. Retrying...
2023-11-04T02:10:46.3312972Z A path returned 202. Retrying...
2023-11-04T02:10:46.3313460Z A path returned 202. Retrying...
2023-11-04T02:10:46.3313958Z A path returned 202. Retrying...
2023-11-04T02:10:46.3314448Z A path returned 202. Retrying...
2023-11-04T02:10:46.3317436Z A path returned 202. Retrying...
2023-11-04T02:10:46.3317993Z A path returned 202. Retrying...
2023-11-04T02:10:46.3318486Z A path returned 202. Retrying...
2023-11-04T02:10:46.3318972Z A path returned 202. Retrying...
2023-11-04T02:10:46.3319460Z A path returned 202. Retrying...
2023-11-04T02:10:46.3319944Z A path returned 202. Retrying...
2023-11-04T02:10:46.3320430Z A path returned 202. Retrying...
2023-11-04T02:10:46.3320918Z A path returned 202. Retrying...
2023-11-04T02:10:46.3321387Z A path returned 202. Retrying...
2023-11-04T02:10:46.3321875Z A path returned 202. Retrying...
2023-11-04T02:10:46.3322362Z A path returned 202. Retrying...
2023-11-04T02:10:46.3323299Z A path returned 202. Retrying...
2023-11-04T02:10:46.3324217Z A path returned 202. Retrying...
2023-11-04T02:10:46.3324716Z A path returned 202. Retrying...
2023-11-04T02:10:46.3325216Z A path returned 202. Retrying...
2023-11-04T02:10:46.3325688Z A path returned 202. Retrying...
2023-11-04T02:10:46.3326172Z A path returned 202. Retrying...
2023-11-04T02:10:46.3326657Z A path returned 202. Retrying...
2023-11-04T02:10:46.3327434Z A path returned 202. Retrying...
2023-11-04T02:10:46.3327922Z A path returned 202. Retrying...
2023-11-04T02:10:46.3328412Z A path returned 202. Retrying...
2023-11-04T02:10:46.3328899Z A path returned 202. Retrying...
2023-11-04T02:10:46.3329371Z A path returned 202. Retrying...
2023-11-04T02:10:46.3329862Z A path returned 202. Retrying...
2023-11-04T02:10:46.3374358Z A path returned 202. Retrying...
2023-11-04T02:10:46.3374878Z A path returned 202. Retrying...
2023-11-04T02:10:46.3375375Z A path returned 202. Retrying...
2023-11-04T02:10:46.3375865Z A path returned 202. Retrying...
2023-11-04T02:10:46.3376351Z A path returned 202. Retrying...
2023-11-04T02:10:46.3376820Z A path returned 202. Retrying...
2023-11-04T02:10:46.3377313Z A path returned 202. Retrying...
2023-11-04T02:10:46.3377816Z A path returned 202. Retrying...
2023-11-04T02:10:46.3378304Z A path returned 202. Retrying...
2023-11-04T02:10:46.3378790Z A path returned 202. Retrying...
2023-11-04T02:10:46.3379293Z A path returned 202. Retrying...
2023-11-04T02:10:46.3379778Z A path returned 202. Retrying...
2023-11-04T02:10:46.3380249Z A path returned 202. Retrying...
2023-11-04T02:10:46.3380737Z A path returned 202. Retrying...
2023-11-04T02:10:46.3381223Z A path returned 202. Retrying...
2023-11-04T02:10:46.3381709Z A path returned 202. Retrying...
2023-11-04T02:10:46.3382200Z A path returned 202. Retrying...
2023-11-04T02:10:46.3382686Z A path returned 202. Retrying...
2023-11-04T02:10:46.3383170Z A path returned 202. Retrying...
2023-11-04T02:10:46.3383641Z A path returned 202. Retrying...
2023-11-04T02:10:46.3384127Z A path returned 202. Retrying...
2023-11-04T02:10:46.3384615Z A path returned 202. Retrying...
2023-11-04T02:10:46.3385100Z A path returned 202. Retrying...
2023-11-04T02:10:46.3385868Z A path returned 202. Retrying...
2023-11-04T02:10:46.3386390Z A path returned 202. Retrying...
2023-11-04T02:10:46.3386877Z A path returned 202. Retrying...
2023-11-04T02:10:46.3387343Z A path returned 202. Retrying...
2023-11-04T02:10:46.3387842Z A path returned 202. Retrying...
2023-11-04T02:10:46.3388330Z A path returned 202. Retrying...
2023-11-04T02:10:46.3388818Z A path returned 202. Retrying...
2023-11-04T02:10:46.3389302Z A path returned 202. Retrying...
2023-11-04T02:10:46.3389787Z A path returned 202. Retrying...
2023-11-04T02:10:46.3390277Z A path returned 202. Retrying...
2023-11-04T02:10:46.3390749Z A path returned 202. Retrying...
2023-11-04T02:10:46.3593788Z ##[group]Run git config --global user.name "jstrieb/github-stats"
2023-11-04T02:10:46.3594725Z [36;1mgit config --global user.name "jstrieb/github-stats"[0m
2023-11-04T02:10:46.3595722Z [36;1mgit config --global user.email "github-stats[bot]@jstrieb.github.io"[0m
2023-11-04T02:10:46.3596463Z [36;1mgit add .[0m
2023-11-04T02:10:46.3597064Z [36;1m# Force the build to succeed, even if no files were changed[0m
2023-11-04T02:10:46.3597883Z [36;1mgit commit -m 'Update generated files' || true[0m
2023-11-04T02:10:46.3598504Z [36;1mgit push[0m
2023-11-04T02:10:46.3651668Z shell: /usr/bin/bash -e {0}
2023-11-04T02:10:46.3652137Z env:
2023-11-04T02:10:46.3652618Z   pythonLocation: /opt/hostedtoolcache/Python/3.8.18/x64
2023-11-04T02:10:46.3653454Z   PKG_CONFIG_PATH: /opt/hostedtoolcache/Python/3.8.18/x64/lib/pkgconfig
2023-11-04T02:10:46.3654292Z   Python_ROOT_DIR: /opt/hostedtoolcache/Python/3.8.18/x64
2023-11-04T02:10:46.3655105Z   Python2_ROOT_DIR: /opt/hostedtoolcache/Python/3.8.18/x64
2023-11-04T02:10:46.3655854Z   Python3_ROOT_DIR: /opt/hostedtoolcache/Python/3.8.18/x64
2023-11-04T02:10:46.3656614Z   LD_LIBRARY_PATH: /opt/hostedtoolcache/Python/3.8.18/x64/lib
2023-11-04T02:10:46.3657219Z ##[endgroup]
2023-11-04T02:10:47.4629318Z [master 329b898] Update generated files
2023-11-04T02:10:47.4630788Z  2 files changed, 617 insertions(+), 419 deletions(-)
2023-11-04T02:10:48.4906460Z To https://github.com/seanpm2001/GitHub_Stats_A
2023-11-04T02:10:48.4907721Z    0a49989..329b898  master -> master
2023-11-04T02:10:48.5029291Z Post job cleanup.
2023-11-04T02:10:48.7005275Z Cache hit occurred on the primary key setup-python-Linux-22.04-Ubuntu-python-3.8.18-pip-60f2a6c0212a9b74a155cd81b58dd07fd8b180833132566260d95f4de42fe218, not saving cache.
2023-11-04T02:10:48.7160400Z Post job cleanup.
2023-11-04T02:10:48.8452173Z [command]/usr/bin/git version
2023-11-04T02:10:48.8515123Z git version 2.42.0
2023-11-04T02:10:48.8576863Z Copying '/home/runner/.gitconfig' to '/home/runner/work/_temp/4a0d9050-f7e3-46d2-9a7f-f2453b953957/.gitconfig'
2023-11-04T02:10:48.8596573Z Temporarily overriding HOME='/home/runner/work/_temp/4a0d9050-f7e3-46d2-9a7f-f2453b953957' before making global git config changes
2023-11-04T02:10:48.8602529Z Adding repository directory to the temporary git global config as a safe directory
2023-11-04T02:10:48.8617742Z [command]/usr/bin/git config --global --add safe.directory /home/runner/work/GitHub_Stats_A/GitHub_Stats_A
2023-11-04T02:10:48.8674027Z [command]/usr/bin/git config --local --name-only --get-regexp core\.sshCommand
2023-11-04T02:10:48.8727587Z [command]/usr/bin/git submodule foreach --recursive sh -c "git config --local --name-only --get-regexp 'core\.sshCommand' && git config --local --unset-all 'core.sshCommand' || :"
2023-11-04T02:10:48.9028229Z [command]/usr/bin/git config --local --name-only --get-regexp http\.https\:\/\/github\.com\/\.extraheader
2023-11-04T02:10:48.9058232Z http.https://github.com/.extraheader
2023-11-04T02:10:48.9076341Z [command]/usr/bin/git config --local --unset-all http.https://github.com/.extraheader
2023-11-04T02:10:48.9125518Z [command]/usr/bin/git submodule foreach --recursive sh -c "git config --local --name-only --get-regexp 'http\.https\:\/\/github\.com\/\.extraheader' && git config --local --unset-all 'http.https://github.com/.extraheader' || :"
2023-11-04T02:10:48.9773648Z Cleaning up orphan processes
