2023-10-22T00:24:20.3511436Z Requested labels: ubuntu-latest
2023-10-22T00:24:20.3511793Z Job defined at: seanpm2001/GitHub_Stats_A/.github/workflows/main.yml@refs/heads/master
2023-10-22T00:24:20.3511944Z Waiting for a runner to pick up this job...
2023-10-22T00:24:21.1439432Z Job is waiting for a hosted runner to come online.
2023-10-22T00:24:24.0542736Z Job is about to start running on the hosted runner: GitHub Actions 2 (hosted)
2023-10-22T00:24:26.1113487Z Current runner version: '2.310.2'
2023-10-22T00:24:26.1145254Z ##[group]Operating System
2023-10-22T00:24:26.1146068Z Ubuntu
2023-10-22T00:24:26.1146599Z 22.04.3
2023-10-22T00:24:26.1147043Z LTS
2023-10-22T00:24:26.1147471Z ##[endgroup]
2023-10-22T00:24:26.1148032Z ##[group]Runner Image
2023-10-22T00:24:26.1148546Z Image: ubuntu-22.04
2023-10-22T00:24:26.1149065Z Version: 20231016.1.0
2023-10-22T00:24:26.1150447Z Included Software: https://github.com/actions/runner-images/blob/ubuntu22/20231016.1/images/linux/Ubuntu2204-Readme.md
2023-10-22T00:24:26.1152314Z Image Release: https://github.com/actions/runner-images/releases/tag/ubuntu22%2F20231016.1
2023-10-22T00:24:26.1153390Z ##[endgroup]
2023-10-22T00:24:26.1153978Z ##[group]Runner Image Provisioner
2023-10-22T00:24:26.1154595Z 2.0.312.1
2023-10-22T00:24:26.1155106Z ##[endgroup]
2023-10-22T00:24:26.1156208Z ##[group]GITHUB_TOKEN Permissions
2023-10-22T00:24:26.1158186Z Contents: write
2023-10-22T00:24:26.1158774Z Metadata: read
2023-10-22T00:24:26.1159472Z ##[endgroup]
2023-10-22T00:24:26.1163311Z Secret source: Actions
2023-10-22T00:24:26.1164038Z Prepare workflow directory
2023-10-22T00:24:26.1932249Z Prepare all required actions
2023-10-22T00:24:26.2122545Z Getting action download info
2023-10-22T00:24:26.4444907Z Download action repository 'actions/checkout@v3' (SHA:f43a0e5ff2bd294095638e18286ca9a3d1956744)
2023-10-22T00:24:26.5689269Z Download action repository 'actions/setup-python@v4' (SHA:65d7f2d534ac1bc67fcd62888c5f4f3d2cb2b236)
2023-10-22T00:24:26.8262236Z Complete job name: build
2023-10-22T00:24:26.9456601Z ##[group]Run actions/checkout@v3
2023-10-22T00:24:26.9457204Z with:
2023-10-22T00:24:26.9457591Z   repository: seanpm2001/GitHub_Stats_A
2023-10-22T00:24:26.9458702Z   token: ***
2023-10-22T00:24:26.9459079Z   ssh-strict: true
2023-10-22T00:24:26.9459511Z   persist-credentials: true
2023-10-22T00:24:26.9459983Z   clean: true
2023-10-22T00:24:26.9460372Z   sparse-checkout-cone-mode: true
2023-10-22T00:24:26.9460906Z   fetch-depth: 1
2023-10-22T00:24:26.9461309Z   fetch-tags: false
2023-10-22T00:24:26.9461730Z   lfs: false
2023-10-22T00:24:26.9462076Z   submodules: false
2023-10-22T00:24:26.9462493Z   set-safe-directory: true
2023-10-22T00:24:26.9462949Z ##[endgroup]
2023-10-22T00:24:27.1680615Z Syncing repository: seanpm2001/GitHub_Stats_A
2023-10-22T00:24:27.1682887Z ##[group]Getting Git version info
2023-10-22T00:24:27.1683940Z Working directory is '/home/runner/work/GitHub_Stats_A/GitHub_Stats_A'
2023-10-22T00:24:27.1686079Z [command]/usr/bin/git version
2023-10-22T00:24:27.1705877Z git version 2.42.0
2023-10-22T00:24:27.1733215Z ##[endgroup]
2023-10-22T00:24:27.1751223Z Temporarily overriding HOME='/home/runner/work/_temp/86e7a916-29b7-4870-944c-226afca84a4a' before making global git config changes
2023-10-22T00:24:27.1753345Z Adding repository directory to the temporary git global config as a safe directory
2023-10-22T00:24:27.1755902Z [command]/usr/bin/git config --global --add safe.directory /home/runner/work/GitHub_Stats_A/GitHub_Stats_A
2023-10-22T00:24:27.1815356Z Deleting the contents of '/home/runner/work/GitHub_Stats_A/GitHub_Stats_A'
2023-10-22T00:24:27.1820085Z ##[group]Initializing the repository
2023-10-22T00:24:27.1823954Z [command]/usr/bin/git init /home/runner/work/GitHub_Stats_A/GitHub_Stats_A
2023-10-22T00:24:27.1894179Z hint: Using 'master' as the name for the initial branch. This default branch name
2023-10-22T00:24:27.1895683Z hint: is subject to change. To configure the initial branch name to use in all
2023-10-22T00:24:27.1897005Z hint: of your new repositories, which will suppress this warning, call:
2023-10-22T00:24:27.1898583Z hint: 
2023-10-22T00:24:27.1899261Z hint: 	git config --global init.defaultBranch <name>
2023-10-22T00:24:27.1900097Z hint: 
2023-10-22T00:24:27.1900879Z hint: Names commonly chosen instead of 'master' are 'main', 'trunk' and
2023-10-22T00:24:27.1902207Z hint: 'development'. The just-created branch can be renamed via this command:
2023-10-22T00:24:27.1903159Z hint: 
2023-10-22T00:24:27.1903659Z hint: 	git branch -m <name>
2023-10-22T00:24:27.1905146Z Initialized empty Git repository in /home/runner/work/GitHub_Stats_A/GitHub_Stats_A/.git/
2023-10-22T00:24:27.1914676Z [command]/usr/bin/git remote add origin https://github.com/seanpm2001/GitHub_Stats_A
2023-10-22T00:24:27.1954773Z ##[endgroup]
2023-10-22T00:24:27.1955688Z ##[group]Disabling automatic garbage collection
2023-10-22T00:24:27.1958363Z [command]/usr/bin/git config --local gc.auto 0
2023-10-22T00:24:27.1992157Z ##[endgroup]
2023-10-22T00:24:27.1992966Z ##[group]Setting up auth
2023-10-22T00:24:27.1998981Z [command]/usr/bin/git config --local --name-only --get-regexp core\.sshCommand
2023-10-22T00:24:27.2033738Z [command]/usr/bin/git submodule foreach --recursive sh -c "git config --local --name-only --get-regexp 'core\.sshCommand' && git config --local --unset-all 'core.sshCommand' || :"
2023-10-22T00:24:27.2386998Z [command]/usr/bin/git config --local --name-only --get-regexp http\.https\:\/\/github\.com\/\.extraheader
2023-10-22T00:24:27.2422779Z [command]/usr/bin/git submodule foreach --recursive sh -c "git config --local --name-only --get-regexp 'http\.https\:\/\/github\.com\/\.extraheader' && git config --local --unset-all 'http.https://github.com/.extraheader' || :"
2023-10-22T00:24:27.2667303Z [command]/usr/bin/git config --local http.https://github.com/.extraheader AUTHORIZATION: basic ***
2023-10-22T00:24:27.2707752Z ##[endgroup]
2023-10-22T00:24:27.2708698Z ##[group]Fetching the repository
2023-10-22T00:24:27.2718655Z [command]/usr/bin/git -c protocol.version=2 fetch --no-tags --prune --progress --no-recurse-submodules --depth=1 origin +0fa2b87ab8152bc4b5247bfe9e46e9ee97486f93:refs/remotes/origin/master
2023-10-22T00:24:27.5273518Z remote: Enumerating objects: 8390, done.        
2023-10-22T00:24:27.5393118Z remote: Counting objects:   0% (1/8390)        
2023-10-22T00:24:27.5394287Z remote: Counting objects:   1% (84/8390)        
2023-10-22T00:24:27.5396054Z remote: Counting objects:   2% (168/8390)        
2023-10-22T00:24:27.5396896Z remote: Counting objects:   3% (252/8390)        
2023-10-22T00:24:27.5398278Z remote: Counting objects:   4% (336/8390)        
2023-10-22T00:24:27.5399084Z remote: Counting objects:   5% (420/8390)        
2023-10-22T00:24:27.5400625Z remote: Counting objects:   6% (504/8390)        
2023-10-22T00:24:27.5401536Z remote: Counting objects:   7% (588/8390)        
2023-10-22T00:24:27.5403686Z remote: Counting objects:   8% (672/8390)        
2023-10-22T00:24:27.5404531Z remote: Counting objects:   9% (756/8390)        
2023-10-22T00:24:27.5405760Z remote: Counting objects:  10% (839/8390)        
2023-10-22T00:24:27.5406555Z remote: Counting objects:  11% (923/8390)        
2023-10-22T00:24:27.5407845Z remote: Counting objects:  12% (1007/8390)        
2023-10-22T00:24:27.5408693Z remote: Counting objects:  13% (1091/8390)        
2023-10-22T00:24:27.5410900Z remote: Counting objects:  14% (1175/8390)        
2023-10-22T00:24:27.5411717Z remote: Counting objects:  15% (1259/8390)        
2023-10-22T00:24:27.5413026Z remote: Counting objects:  16% (1343/8390)        
2023-10-22T00:24:27.5414189Z remote: Counting objects:  17% (1427/8390)        
2023-10-22T00:24:27.5414962Z remote: Counting objects:  18% (1511/8390)        
2023-10-22T00:24:27.5415693Z remote: Counting objects:  19% (1595/8390)        
2023-10-22T00:24:27.5416433Z remote: Counting objects:  20% (1678/8390)        
2023-10-22T00:24:27.5417179Z remote: Counting objects:  21% (1762/8390)        
2023-10-22T00:24:27.5418059Z remote: Counting objects:  22% (1846/8390)        
2023-10-22T00:24:27.5418813Z remote: Counting objects:  23% (1930/8390)        
2023-10-22T00:24:27.5419543Z remote: Counting objects:  24% (2014/8390)        
2023-10-22T00:24:27.5420271Z remote: Counting objects:  25% (2098/8390)        
2023-10-22T00:24:27.5421007Z remote: Counting objects:  26% (2182/8390)        
2023-10-22T00:24:27.5421738Z remote: Counting objects:  27% (2266/8390)        
2023-10-22T00:24:27.5422603Z remote: Counting objects:  28% (2350/8390)        
2023-10-22T00:24:27.5423864Z remote: Counting objects:  29% (2434/8390)        
2023-10-22T00:24:27.5424605Z remote: Counting objects:  30% (2517/8390)        
2023-10-22T00:24:27.5425346Z remote: Counting objects:  31% (2601/8390)        
2023-10-22T00:24:27.5426077Z remote: Counting objects:  32% (2685/8390)        
2023-10-22T00:24:27.5449076Z remote: Counting objects:  33% (2769/8390)        
2023-10-22T00:24:27.5449858Z remote: Counting objects:  34% (2853/8390)        
2023-10-22T00:24:27.5450618Z remote: Counting objects:  35% (2937/8390)        
2023-10-22T00:24:27.5451371Z remote: Counting objects:  36% (3021/8390)        
2023-10-22T00:24:27.5452105Z remote: Counting objects:  37% (3105/8390)        
2023-10-22T00:24:27.5452833Z remote: Counting objects:  38% (3189/8390)        
2023-10-22T00:24:27.5453560Z remote: Counting objects:  39% (3273/8390)        
2023-10-22T00:24:27.5454289Z remote: Counting objects:  40% (3356/8390)        
2023-10-22T00:24:27.5455026Z remote: Counting objects:  41% (3440/8390)        
2023-10-22T00:24:27.5455766Z remote: Counting objects:  42% (3524/8390)        
2023-10-22T00:24:27.5456498Z remote: Counting objects:  43% (3608/8390)        
2023-10-22T00:24:27.5457231Z remote: Counting objects:  44% (3692/8390)        
2023-10-22T00:24:27.5458117Z remote: Counting objects:  45% (3776/8390)        
2023-10-22T00:24:27.5458865Z remote: Counting objects:  46% (3860/8390)        
2023-10-22T00:24:27.5459600Z remote: Counting objects:  47% (3944/8390)        
2023-10-22T00:24:27.5460551Z remote: Counting objects:  48% (4028/8390)        
2023-10-22T00:24:27.5461287Z remote: Counting objects:  49% (4112/8390)        
2023-10-22T00:24:27.5462063Z remote: Counting objects:  50% (4195/8390)        
2023-10-22T00:24:27.5462798Z remote: Counting objects:  51% (4279/8390)        
2023-10-22T00:24:27.5463534Z remote: Counting objects:  52% (4363/8390)        
2023-10-22T00:24:27.5464263Z remote: Counting objects:  53% (4447/8390)        
2023-10-22T00:24:27.5464982Z remote: Counting objects:  54% (4531/8390)        
2023-10-22T00:24:27.5465725Z remote: Counting objects:  55% (4615/8390)        
2023-10-22T00:24:27.5466453Z remote: Counting objects:  56% (4699/8390)        
2023-10-22T00:24:27.5467183Z remote: Counting objects:  57% (4783/8390)        
2023-10-22T00:24:27.5467906Z remote: Counting objects:  58% (4867/8390)        
2023-10-22T00:24:27.5468628Z remote: Counting objects:  59% (4951/8390)        
2023-10-22T00:24:27.5469355Z remote: Counting objects:  60% (5034/8390)        
2023-10-22T00:24:27.5470085Z remote: Counting objects:  61% (5118/8390)        
2023-10-22T00:24:27.5470812Z remote: Counting objects:  62% (5202/8390)        
2023-10-22T00:24:27.5471535Z remote: Counting objects:  63% (5286/8390)        
2023-10-22T00:24:27.5472264Z remote: Counting objects:  64% (5370/8390)        
2023-10-22T00:24:27.5473172Z remote: Counting objects:  65% (5454/8390)        
2023-10-22T00:24:27.5473901Z remote: Counting objects:  66% (5538/8390)        
2023-10-22T00:24:27.5474630Z remote: Counting objects:  67% (5622/8390)        
2023-10-22T00:24:27.5475368Z remote: Counting objects:  68% (5706/8390)        
2023-10-22T00:24:27.5476094Z remote: Counting objects:  69% (5790/8390)        
2023-10-22T00:24:27.5476815Z remote: Counting objects:  70% (5873/8390)        
2023-10-22T00:24:27.5477544Z remote: Counting objects:  71% (5957/8390)        
2023-10-22T00:24:27.5478273Z remote: Counting objects:  72% (6041/8390)        
2023-10-22T00:24:27.5479002Z remote: Counting objects:  73% (6125/8390)        
2023-10-22T00:24:27.5479729Z remote: Counting objects:  74% (6209/8390)        
2023-10-22T00:24:27.5480462Z remote: Counting objects:  75% (6293/8390)        
2023-10-22T00:24:27.5481186Z remote: Counting objects:  76% (6377/8390)        
2023-10-22T00:24:27.5481919Z remote: Counting objects:  77% (6461/8390)        
2023-10-22T00:24:27.5482650Z remote: Counting objects:  78% (6545/8390)        
2023-10-22T00:24:27.5483369Z remote: Counting objects:  79% (6629/8390)        
2023-10-22T00:24:27.5484251Z remote: Counting objects:  80% (6712/8390)        
2023-10-22T00:24:27.5484985Z remote: Counting objects:  81% (6796/8390)        
2023-10-22T00:24:27.5485720Z remote: Counting objects:  82% (6880/8390)        
2023-10-22T00:24:27.5486450Z remote: Counting objects:  83% (6964/8390)        
2023-10-22T00:24:27.5487172Z remote: Counting objects:  84% (7048/8390)        
2023-10-22T00:24:27.5487901Z remote: Counting objects:  85% (7132/8390)        
2023-10-22T00:24:27.5488634Z remote: Counting objects:  86% (7216/8390)        
2023-10-22T00:24:27.5489366Z remote: Counting objects:  87% (7300/8390)        
2023-10-22T00:24:27.5490104Z remote: Counting objects:  88% (7384/8390)        
2023-10-22T00:24:27.5490828Z remote: Counting objects:  89% (7468/8390)        
2023-10-22T00:24:27.5491558Z remote: Counting objects:  90% (7551/8390)        
2023-10-22T00:24:27.5492292Z remote: Counting objects:  91% (7635/8390)        
2023-10-22T00:24:27.5493023Z remote: Counting objects:  92% (7719/8390)        
2023-10-22T00:24:27.5493761Z remote: Counting objects:  93% (7803/8390)        
2023-10-22T00:24:27.5494641Z remote: Counting objects:  94% (7887/8390)        
2023-10-22T00:24:27.5495378Z remote: Counting objects:  95% (7971/8390)        
2023-10-22T00:24:27.5496120Z remote: Counting objects:  96% (8055/8390)        
2023-10-22T00:24:27.5496855Z remote: Counting objects:  97% (8139/8390)        
2023-10-22T00:24:27.5497589Z remote: Counting objects:  98% (8223/8390)        
2023-10-22T00:24:27.5499049Z remote: Counting objects:  99% (8307/8390)        
2023-10-22T00:24:27.5499814Z remote: Counting objects: 100% (8390/8390)        
2023-10-22T00:24:27.5500618Z remote: Counting objects: 100% (8390/8390), done.        
2023-10-22T00:24:27.5678881Z remote: Compressing objects:   0% (1/3207)        
2023-10-22T00:24:27.6637405Z remote: Compressing objects:   1% (33/3207)        
2023-10-22T00:24:27.6671072Z remote: Compressing objects:   2% (65/3207)        
2023-10-22T00:24:27.6680228Z remote: Compressing objects:   3% (97/3207)        
2023-10-22T00:24:27.6681004Z remote: Compressing objects:   4% (129/3207)        
2023-10-22T00:24:27.6681715Z remote: Compressing objects:   5% (161/3207)        
2023-10-22T00:24:27.6682411Z remote: Compressing objects:   6% (193/3207)        
2023-10-22T00:24:27.6683114Z remote: Compressing objects:   7% (225/3207)        
2023-10-22T00:24:27.6683805Z remote: Compressing objects:   8% (257/3207)        
2023-10-22T00:24:27.6684500Z remote: Compressing objects:   9% (289/3207)        
2023-10-22T00:24:27.6685212Z remote: Compressing objects:  10% (321/3207)        
2023-10-22T00:24:27.6685902Z remote: Compressing objects:  11% (353/3207)        
2023-10-22T00:24:27.6686583Z remote: Compressing objects:  12% (385/3207)        
2023-10-22T00:24:27.6687270Z remote: Compressing objects:  13% (417/3207)        
2023-10-22T00:24:27.6687955Z remote: Compressing objects:  14% (449/3207)        
2023-10-22T00:24:27.6802466Z remote: Compressing objects:  15% (482/3207)        
2023-10-22T00:24:27.6869862Z remote: Compressing objects:  16% (514/3207)        
2023-10-22T00:24:27.6872167Z remote: Compressing objects:  17% (546/3207)        
2023-10-22T00:24:27.6873034Z remote: Compressing objects:  18% (578/3207)        
2023-10-22T00:24:27.6874380Z remote: Compressing objects:  19% (610/3207)        
2023-10-22T00:24:27.6875545Z remote: Compressing objects:  20% (642/3207)        
2023-10-22T00:24:27.6876950Z remote: Compressing objects:  21% (674/3207)        
2023-10-22T00:24:27.6877825Z remote: Compressing objects:  22% (706/3207)        
2023-10-22T00:24:27.6878611Z remote: Compressing objects:  23% (738/3207)        
2023-10-22T00:24:27.6879406Z remote: Compressing objects:  24% (770/3207)        
2023-10-22T00:24:27.6880179Z remote: Compressing objects:  25% (802/3207)        
2023-10-22T00:24:27.6880944Z remote: Compressing objects:  26% (834/3207)        
2023-10-22T00:24:27.6881713Z remote: Compressing objects:  27% (866/3207)        
2023-10-22T00:24:27.6882491Z remote: Compressing objects:  28% (898/3207)        
2023-10-22T00:24:27.6949774Z remote: Compressing objects:  29% (931/3207)        
2023-10-22T00:24:27.7230516Z remote: Compressing objects:  30% (963/3207)        
2023-10-22T00:24:27.7696850Z remote: Compressing objects:  31% (995/3207)        
2023-10-22T00:24:27.8047596Z remote: Compressing objects:  32% (1027/3207)        
2023-10-22T00:24:27.8422839Z remote: Compressing objects:  33% (1059/3207)        
2023-10-22T00:24:27.8888433Z remote: Compressing objects:  34% (1091/3207)        
2023-10-22T00:24:27.9258906Z remote: Compressing objects:  35% (1123/3207)        
2023-10-22T00:24:27.9683456Z remote: Compressing objects:  36% (1155/3207)        
2023-10-22T00:24:28.0214820Z remote: Compressing objects:  37% (1187/3207)        
2023-10-22T00:24:28.0654546Z remote: Compressing objects:  38% (1219/3207)        
2023-10-22T00:24:28.1015201Z remote: Compressing objects:  39% (1251/3207)        
2023-10-22T00:24:28.1399067Z remote: Compressing objects:  40% (1283/3207)        
2023-10-22T00:24:28.1776329Z remote: Compressing objects:  41% (1315/3207)        
2023-10-22T00:24:28.1996275Z remote: Compressing objects:  42% (1347/3207)        
2023-10-22T00:24:28.2888475Z remote: Compressing objects:  43% (1380/3207)        
2023-10-22T00:24:28.3525442Z remote: Compressing objects:  44% (1412/3207)        
2023-10-22T00:24:28.3540221Z remote: Compressing objects:  45% (1444/3207)        
2023-10-22T00:24:28.3673875Z remote: Compressing objects:  46% (1476/3207)        
2023-10-22T00:24:28.3759011Z remote: Compressing objects:  47% (1508/3207)        
2023-10-22T00:24:28.3759710Z remote: Compressing objects:  48% (1540/3207)        
2023-10-22T00:24:28.3763912Z remote: Compressing objects:  49% (1572/3207)        
2023-10-22T00:24:28.3764556Z remote: Compressing objects:  50% (1604/3207)        
2023-10-22T00:24:28.3772624Z remote: Compressing objects:  51% (1636/3207)        
2023-10-22T00:24:28.3777921Z remote: Compressing objects:  52% (1668/3207)        
2023-10-22T00:24:28.3786828Z remote: Compressing objects:  53% (1700/3207)        
2023-10-22T00:24:28.3793015Z remote: Compressing objects:  54% (1732/3207)        
2023-10-22T00:24:28.3802044Z remote: Compressing objects:  55% (1764/3207)        
2023-10-22T00:24:28.3810901Z remote: Compressing objects:  56% (1796/3207)        
2023-10-22T00:24:28.3822743Z remote: Compressing objects:  57% (1828/3207)        
2023-10-22T00:24:28.3829445Z remote: Compressing objects:  58% (1861/3207)        
2023-10-22T00:24:28.3838419Z remote: Compressing objects:  59% (1893/3207)        
2023-10-22T00:24:28.3843537Z remote: Compressing objects:  60% (1925/3207)        
2023-10-22T00:24:28.3855129Z remote: Compressing objects:  61% (1957/3207)        
2023-10-22T00:24:28.3855697Z remote: Compressing objects:  62% (1989/3207)        
2023-10-22T00:24:28.3888092Z remote: Compressing objects:  63% (2021/3207)        
2023-10-22T00:24:28.3888675Z remote: Compressing objects:  64% (2053/3207)        
2023-10-22T00:24:28.3889214Z remote: Compressing objects:  65% (2085/3207)        
2023-10-22T00:24:28.3889770Z remote: Compressing objects:  66% (2117/3207)        
2023-10-22T00:24:28.3890376Z remote: Compressing objects:  67% (2149/3207)        
2023-10-22T00:24:28.3892439Z remote: Compressing objects:  68% (2181/3207)        
2023-10-22T00:24:28.3894607Z remote: Compressing objects:  69% (2213/3207)        
2023-10-22T00:24:28.3896502Z remote: Compressing objects:  70% (2245/3207)        
2023-10-22T00:24:28.3897051Z remote: Compressing objects:  71% (2277/3207)        
2023-10-22T00:24:28.3900333Z remote: Compressing objects:  72% (2310/3207)        
2023-10-22T00:24:28.3900906Z remote: Compressing objects:  73% (2342/3207)        
2023-10-22T00:24:28.3902937Z remote: Compressing objects:  74% (2374/3207)        
2023-10-22T00:24:28.3905103Z remote: Compressing objects:  75% (2406/3207)        
2023-10-22T00:24:28.3905670Z remote: Compressing objects:  76% (2438/3207)        
2023-10-22T00:24:28.4004599Z remote: Compressing objects:  77% (2470/3207)        
2023-10-22T00:24:28.4005524Z remote: Compressing objects:  78% (2502/3207)        
2023-10-22T00:24:28.4006066Z remote: Compressing objects:  79% (2534/3207)        
2023-10-22T00:24:28.4006603Z remote: Compressing objects:  80% (2566/3207)        
2023-10-22T00:24:28.4007152Z remote: Compressing objects:  81% (2598/3207)        
2023-10-22T00:24:28.4007685Z remote: Compressing objects:  82% (2630/3207)        
2023-10-22T00:24:28.4008220Z remote: Compressing objects:  83% (2662/3207)        
2023-10-22T00:24:28.4008767Z remote: Compressing objects:  84% (2694/3207)        
2023-10-22T00:24:28.4009304Z remote: Compressing objects:  85% (2726/3207)        
2023-10-22T00:24:28.4009836Z remote: Compressing objects:  86% (2759/3207)        
2023-10-22T00:24:28.4010362Z remote: Compressing objects:  87% (2791/3207)        
2023-10-22T00:24:28.4010894Z remote: Compressing objects:  88% (2823/3207)        
2023-10-22T00:24:28.4011484Z remote: Compressing objects:  89% (2855/3207)        
2023-10-22T00:24:28.4012013Z remote: Compressing objects:  90% (2887/3207)        
2023-10-22T00:24:28.4012550Z remote: Compressing objects:  91% (2919/3207)        
2023-10-22T00:24:28.4013083Z remote: Compressing objects:  92% (2951/3207)        
2023-10-22T00:24:28.4013619Z remote: Compressing objects:  93% (2983/3207)        
2023-10-22T00:24:28.4014143Z remote: Compressing objects:  94% (3015/3207)        
2023-10-22T00:24:28.4014671Z remote: Compressing objects:  95% (3047/3207)        
2023-10-22T00:24:28.4015204Z remote: Compressing objects:  96% (3079/3207)        
2023-10-22T00:24:28.4015852Z remote: Compressing objects:  97% (3111/3207)        
2023-10-22T00:24:28.4016381Z remote: Compressing objects:  98% (3143/3207)        
2023-10-22T00:24:28.4019196Z remote: Compressing objects:  99% (3175/3207)        
2023-10-22T00:24:28.4019759Z remote: Compressing objects: 100% (3207/3207)        
2023-10-22T00:24:28.4020355Z remote: Compressing objects: 100% (3207/3207), done.        
2023-10-22T00:24:28.4130535Z Receiving objects:   0% (1/8390)
2023-10-22T00:24:28.4184847Z Receiving objects:   1% (84/8390)
2023-10-22T00:24:28.4281146Z Receiving objects:   2% (168/8390)
2023-10-22T00:24:28.4342084Z Receiving objects:   3% (252/8390)
2023-10-22T00:24:28.4406968Z Receiving objects:   4% (336/8390)
2023-10-22T00:24:28.4466222Z Receiving objects:   5% (420/8390)
2023-10-22T00:24:28.4507627Z Receiving objects:   6% (504/8390)
2023-10-22T00:24:28.4528679Z Receiving objects:   7% (588/8390)
2023-10-22T00:24:28.4583187Z Receiving objects:   8% (672/8390)
2023-10-22T00:24:28.4615802Z Receiving objects:   9% (756/8390)
2023-10-22T00:24:28.4647397Z Receiving objects:  10% (839/8390)
2023-10-22T00:24:28.4722503Z Receiving objects:  11% (923/8390)
2023-10-22T00:24:28.4726223Z Receiving objects:  12% (1007/8390)
2023-10-22T00:24:28.4727917Z Receiving objects:  13% (1091/8390)
2023-10-22T00:24:28.4804681Z Receiving objects:  14% (1175/8390)
2023-10-22T00:24:28.4986933Z Receiving objects:  15% (1259/8390)
2023-10-22T00:24:28.5140941Z Receiving objects:  16% (1343/8390)
2023-10-22T00:24:28.5285026Z Receiving objects:  17% (1427/8390)
2023-10-22T00:24:28.5398157Z Receiving objects:  18% (1511/8390)
2023-10-22T00:24:28.5504228Z Receiving objects:  19% (1595/8390)
2023-10-22T00:24:28.5607620Z Receiving objects:  20% (1678/8390)
2023-10-22T00:24:28.5688728Z Receiving objects:  21% (1762/8390)
2023-10-22T00:24:28.5800172Z Receiving objects:  22% (1846/8390)
2023-10-22T00:24:28.5877214Z Receiving objects:  23% (1930/8390)
2023-10-22T00:24:28.5963593Z Receiving objects:  24% (2014/8390)
2023-10-22T00:24:28.6089606Z Receiving objects:  25% (2098/8390)
2023-10-22T00:24:28.6194527Z Receiving objects:  26% (2182/8390)
2023-10-22T00:24:28.6297466Z Receiving objects:  27% (2266/8390)
2023-10-22T00:24:28.6406202Z Receiving objects:  28% (2350/8390)
2023-10-22T00:24:28.6524627Z Receiving objects:  29% (2434/8390)
2023-10-22T00:24:28.6605439Z Receiving objects:  30% (2517/8390)
2023-10-22T00:24:28.6706056Z Receiving objects:  31% (2601/8390)
2023-10-22T00:24:28.6825221Z Receiving objects:  32% (2685/8390)
2023-10-22T00:24:28.6892549Z Receiving objects:  33% (2769/8390)
2023-10-22T00:24:28.6958167Z Receiving objects:  34% (2853/8390)
2023-10-22T00:24:28.7095016Z Receiving objects:  35% (2937/8390)
2023-10-22T00:24:28.7255027Z Receiving objects:  36% (3021/8390)
2023-10-22T00:24:28.7360546Z Receiving objects:  37% (3105/8390)
2023-10-22T00:24:28.7409898Z Receiving objects:  38% (3189/8390)
2023-10-22T00:24:28.7454862Z Receiving objects:  39% (3273/8390)
2023-10-22T00:24:28.7498766Z Receiving objects:  40% (3356/8390)
2023-10-22T00:24:28.7548529Z Receiving objects:  41% (3440/8390)
2023-10-22T00:24:28.7617446Z Receiving objects:  42% (3524/8390)
2023-10-22T00:24:28.7668695Z Receiving objects:  43% (3608/8390)
2023-10-22T00:24:28.7718425Z Receiving objects:  44% (3692/8390)
2023-10-22T00:24:28.7867501Z Receiving objects:  45% (3776/8390)
2023-10-22T00:24:28.8006160Z Receiving objects:  46% (3860/8390)
2023-10-22T00:24:28.8142170Z Receiving objects:  47% (3944/8390)
2023-10-22T00:24:28.8302806Z Receiving objects:  48% (4028/8390)
2023-10-22T00:24:28.8398595Z Receiving objects:  49% (4112/8390)
2023-10-22T00:24:28.8520912Z Receiving objects:  50% (4195/8390)
2023-10-22T00:24:28.8616929Z Receiving objects:  51% (4279/8390)
2023-10-22T00:24:28.8756810Z Receiving objects:  52% (4363/8390)
2023-10-22T00:24:28.8879743Z Receiving objects:  53% (4447/8390)
2023-10-22T00:24:28.9042142Z Receiving objects:  54% (4531/8390)
2023-10-22T00:24:28.9203023Z Receiving objects:  55% (4615/8390), 17.74 MiB | 35.47 MiB/s
2023-10-22T00:24:28.9298142Z Receiving objects:  56% (4699/8390), 17.74 MiB | 35.47 MiB/s
2023-10-22T00:24:28.9398947Z Receiving objects:  57% (4783/8390), 17.74 MiB | 35.47 MiB/s
2023-10-22T00:24:28.9544049Z Receiving objects:  58% (4867/8390), 17.74 MiB | 35.47 MiB/s
2023-10-22T00:24:28.9676070Z Receiving objects:  59% (4951/8390), 17.74 MiB | 35.47 MiB/s
2023-10-22T00:24:28.9803363Z Receiving objects:  60% (5034/8390), 17.74 MiB | 35.47 MiB/s
2023-10-22T00:24:28.9931393Z Receiving objects:  61% (5118/8390), 17.74 MiB | 35.47 MiB/s
2023-10-22T00:24:29.0052849Z Receiving objects:  62% (5202/8390), 17.74 MiB | 35.47 MiB/s
2023-10-22T00:24:29.0195754Z Receiving objects:  63% (5286/8390), 17.74 MiB | 35.47 MiB/s
2023-10-22T00:24:29.0304605Z Receiving objects:  64% (5370/8390), 17.74 MiB | 35.47 MiB/s
2023-10-22T00:24:29.0423627Z Receiving objects:  65% (5454/8390), 17.74 MiB | 35.47 MiB/s
2023-10-22T00:24:29.0586021Z Receiving objects:  66% (5538/8390), 17.74 MiB | 35.47 MiB/s
2023-10-22T00:24:29.0693987Z Receiving objects:  67% (5622/8390), 17.74 MiB | 35.47 MiB/s
2023-10-22T00:24:29.0878765Z Receiving objects:  68% (5706/8390), 17.74 MiB | 35.47 MiB/s
2023-10-22T00:24:29.1048005Z Receiving objects:  69% (5790/8390), 17.74 MiB | 35.47 MiB/s
2023-10-22T00:24:29.1157385Z Receiving objects:  70% (5873/8390), 17.74 MiB | 35.47 MiB/s
2023-10-22T00:24:29.1252891Z Receiving objects:  71% (5957/8390), 17.74 MiB | 35.47 MiB/s
2023-10-22T00:24:29.1367449Z Receiving objects:  72% (6041/8390), 17.74 MiB | 35.47 MiB/s
2023-10-22T00:24:29.1470829Z Receiving objects:  73% (6125/8390), 17.74 MiB | 35.47 MiB/s
2023-10-22T00:24:29.1586605Z Receiving objects:  74% (6209/8390), 17.74 MiB | 35.47 MiB/s
2023-10-22T00:24:29.1739721Z Receiving objects:  75% (6293/8390), 17.74 MiB | 35.47 MiB/s
2023-10-22T00:24:29.1917728Z Receiving objects:  76% (6377/8390), 17.74 MiB | 35.47 MiB/s
2023-10-22T00:24:29.2028993Z Receiving objects:  77% (6461/8390), 17.74 MiB | 35.47 MiB/s
2023-10-22T00:24:29.2170624Z Receiving objects:  78% (6545/8390), 17.74 MiB | 35.47 MiB/s
2023-10-22T00:24:29.2328364Z Receiving objects:  79% (6629/8390), 17.74 MiB | 35.47 MiB/s
2023-10-22T00:24:29.2410976Z Receiving objects:  80% (6712/8390), 17.74 MiB | 35.47 MiB/s
2023-10-22T00:24:29.2526533Z Receiving objects:  81% (6796/8390), 17.74 MiB | 35.47 MiB/s
2023-10-22T00:24:29.2595619Z Receiving objects:  82% (6880/8390), 17.74 MiB | 35.47 MiB/s
2023-10-22T00:24:29.2727730Z Receiving objects:  83% (6964/8390), 17.74 MiB | 35.47 MiB/s
2023-10-22T00:24:29.2861695Z Receiving objects:  84% (7048/8390), 17.74 MiB | 35.47 MiB/s
2023-10-22T00:24:29.2958850Z Receiving objects:  85% (7132/8390), 17.74 MiB | 35.47 MiB/s
2023-10-22T00:24:29.3104033Z Receiving objects:  86% (7216/8390), 17.74 MiB | 35.47 MiB/s
2023-10-22T00:24:29.3191718Z Receiving objects:  87% (7300/8390), 17.74 MiB | 35.47 MiB/s
2023-10-22T00:24:29.3206403Z Receiving objects:  88% (7384/8390), 17.74 MiB | 35.47 MiB/s
2023-10-22T00:24:29.3247765Z Receiving objects:  89% (7468/8390), 17.74 MiB | 35.47 MiB/s
2023-10-22T00:24:29.3250215Z Receiving objects:  90% (7551/8390), 17.74 MiB | 35.47 MiB/s
2023-10-22T00:24:29.3252455Z Receiving objects:  91% (7635/8390), 17.74 MiB | 35.47 MiB/s
2023-10-22T00:24:29.3264831Z Receiving objects:  92% (7719/8390), 17.74 MiB | 35.47 MiB/s
2023-10-22T00:24:29.3270997Z Receiving objects:  93% (7803/8390), 17.74 MiB | 35.47 MiB/s
2023-10-22T00:24:29.3311088Z Receiving objects:  94% (7887/8390), 17.74 MiB | 35.47 MiB/s
2023-10-22T00:24:29.3494750Z Receiving objects:  95% (7971/8390), 17.74 MiB | 35.47 MiB/s
2023-10-22T00:24:29.3763626Z Receiving objects:  96% (8055/8390), 17.74 MiB | 35.47 MiB/s
2023-10-22T00:24:29.3831609Z Receiving objects:  97% (8139/8390), 17.74 MiB | 35.47 MiB/s
2023-10-22T00:24:29.3920424Z Receiving objects:  98% (8223/8390), 17.74 MiB | 35.47 MiB/s
2023-10-22T00:24:29.4017335Z Receiving objects:  99% (8307/8390), 17.74 MiB | 35.47 MiB/s
2023-10-22T00:24:29.4107577Z Receiving objects:  99% (8344/8390), 39.15 MiB | 39.15 MiB/s
2023-10-22T00:24:29.4109124Z remote: Total 8390 (delta 4906), reused 8042 (delta 4782), pack-reused 0        
2023-10-22T00:24:29.4120791Z Receiving objects: 100% (8390/8390), 39.15 MiB | 39.15 MiB/s
2023-10-22T00:24:29.4121715Z Receiving objects: 100% (8390/8390), 39.65 MiB | 39.27 MiB/s, done.
2023-10-22T00:24:29.4217940Z Resolving deltas:   0% (0/4906)
2023-10-22T00:24:29.4350497Z Resolving deltas:   1% (50/4906)
2023-10-22T00:24:29.4477330Z Resolving deltas:   2% (99/4906)
2023-10-22T00:24:29.4619108Z Resolving deltas:   3% (148/4906)
2023-10-22T00:24:29.4722930Z Resolving deltas:   4% (197/4906)
2023-10-22T00:24:29.4814871Z Resolving deltas:   5% (246/4906)
2023-10-22T00:24:29.4822498Z Resolving deltas:   6% (295/4906)
2023-10-22T00:24:29.4829774Z Resolving deltas:   7% (344/4906)
2023-10-22T00:24:29.4837127Z Resolving deltas:   8% (393/4906)
2023-10-22T00:24:29.4844345Z Resolving deltas:   9% (442/4906)
2023-10-22T00:24:29.4854002Z Resolving deltas:  10% (491/4906)
2023-10-22T00:24:29.4862476Z Resolving deltas:  11% (540/4906)
2023-10-22T00:24:29.4869198Z Resolving deltas:  12% (589/4906)
2023-10-22T00:24:29.4899961Z Resolving deltas:  13% (638/4906)
2023-10-22T00:24:29.4982223Z Resolving deltas:  14% (687/4906)
2023-10-22T00:24:29.5128257Z Resolving deltas:  15% (736/4906)
2023-10-22T00:24:29.5558504Z Resolving deltas:  16% (785/4906)
2023-10-22T00:24:29.5851453Z Resolving deltas:  17% (835/4906)
2023-10-22T00:24:29.6028312Z Resolving deltas:  18% (884/4906)
2023-10-22T00:24:29.6298657Z Resolving deltas:  19% (933/4906)
2023-10-22T00:24:29.6615968Z Resolving deltas:  20% (982/4906)
2023-10-22T00:24:29.6929161Z Resolving deltas:  21% (1031/4906)
2023-10-22T00:24:29.7111334Z Resolving deltas:  22% (1080/4906)
2023-10-22T00:24:29.7378300Z Resolving deltas:  23% (1130/4906)
2023-10-22T00:24:29.7445151Z Resolving deltas:  24% (1178/4906)
2023-10-22T00:24:29.7458433Z Resolving deltas:  25% (1227/4906)
2023-10-22T00:24:29.7460582Z Resolving deltas:  26% (1276/4906)
2023-10-22T00:24:29.7474377Z Resolving deltas:  27% (1325/4906)
2023-10-22T00:24:29.7488381Z Resolving deltas:  28% (1374/4906)
2023-10-22T00:24:29.7501751Z Resolving deltas:  29% (1423/4906)
2023-10-22T00:24:29.7523076Z Resolving deltas:  30% (1472/4906)
2023-10-22T00:24:29.7533439Z Resolving deltas:  31% (1521/4906)
2023-10-22T00:24:29.7745850Z Resolving deltas:  32% (1570/4906)
2023-10-22T00:24:29.7785232Z Resolving deltas:  33% (1619/4906)
2023-10-22T00:24:29.7815830Z Resolving deltas:  34% (1669/4906)
2023-10-22T00:24:29.7897002Z Resolving deltas:  35% (1718/4906)
2023-10-22T00:24:29.7935591Z Resolving deltas:  36% (1767/4906)
2023-10-22T00:24:29.7948337Z Resolving deltas:  37% (1816/4906)
2023-10-22T00:24:29.7987113Z Resolving deltas:  38% (1865/4906)
2023-10-22T00:24:29.7989039Z Resolving deltas:  39% (1914/4906)
2023-10-22T00:24:29.7991515Z Resolving deltas:  40% (1963/4906)
2023-10-22T00:24:29.7997900Z Resolving deltas:  41% (2012/4906)
2023-10-22T00:24:29.8074466Z Resolving deltas:  42% (2061/4906)
2023-10-22T00:24:29.8128475Z Resolving deltas:  43% (2110/4906)
2023-10-22T00:24:29.8180856Z Resolving deltas:  44% (2159/4906)
2023-10-22T00:24:29.8228018Z Resolving deltas:  45% (2208/4906)
2023-10-22T00:24:29.8277514Z Resolving deltas:  46% (2257/4906)
2023-10-22T00:24:29.8295421Z Resolving deltas:  47% (2306/4906)
2023-10-22T00:24:29.8297404Z Resolving deltas:  48% (2355/4906)
2023-10-22T00:24:29.8416556Z Resolving deltas:  49% (2404/4906)
2023-10-22T00:24:29.8522598Z Resolving deltas:  50% (2453/4906)
2023-10-22T00:24:29.8846810Z Resolving deltas:  51% (2503/4906)
2023-10-22T00:24:29.8985371Z Resolving deltas:  52% (2552/4906)
2023-10-22T00:24:29.9472299Z Resolving deltas:  53% (2601/4906)
2023-10-22T00:24:29.9832532Z Resolving deltas:  54% (2650/4906)
2023-10-22T00:24:30.0149853Z Resolving deltas:  55% (2699/4906)
2023-10-22T00:24:30.0523518Z Resolving deltas:  56% (2748/4906)
2023-10-22T00:24:30.0832072Z Resolving deltas:  57% (2797/4906)
2023-10-22T00:24:30.0958480Z Resolving deltas:  58% (2846/4906)
2023-10-22T00:24:30.0975181Z Resolving deltas:  59% (2895/4906)
2023-10-22T00:24:30.0990080Z Resolving deltas:  60% (2944/4906)
2023-10-22T00:24:30.1014258Z Resolving deltas:  61% (2993/4906)
2023-10-22T00:24:30.1382987Z Resolving deltas:  62% (3042/4906)
2023-10-22T00:24:30.1638281Z Resolving deltas:  63% (3091/4906)
2023-10-22T00:24:30.1847480Z Resolving deltas:  64% (3140/4906)
2023-10-22T00:24:30.1980961Z Resolving deltas:  65% (3189/4906)
2023-10-22T00:24:30.2086079Z Resolving deltas:  66% (3238/4906)
2023-10-22T00:24:30.2103823Z Resolving deltas:  67% (3288/4906)
2023-10-22T00:24:30.2124670Z Resolving deltas:  68% (3337/4906)
2023-10-22T00:24:30.2139965Z Resolving deltas:  69% (3386/4906)
2023-10-22T00:24:30.2141690Z Resolving deltas:  70% (3435/4906)
2023-10-22T00:24:30.2154370Z Resolving deltas:  71% (3484/4906)
2023-10-22T00:24:30.2165928Z Resolving deltas:  72% (3533/4906)
2023-10-22T00:24:30.2171683Z Resolving deltas:  73% (3582/4906)
2023-10-22T00:24:30.2179858Z Resolving deltas:  74% (3631/4906)
2023-10-22T00:24:30.2189632Z Resolving deltas:  75% (3680/4906)
2023-10-22T00:24:30.2206099Z Resolving deltas:  76% (3729/4906)
2023-10-22T00:24:30.2221072Z Resolving deltas:  77% (3778/4906)
2023-10-22T00:24:30.2246375Z Resolving deltas:  78% (3827/4906)
2023-10-22T00:24:30.2364211Z Resolving deltas:  79% (3876/4906)
2023-10-22T00:24:30.2649224Z Resolving deltas:  80% (3925/4906)
2023-10-22T00:24:30.2920333Z Resolving deltas:  81% (3974/4906)
2023-10-22T00:24:30.3094927Z Resolving deltas:  82% (4023/4906)
2023-10-22T00:24:30.3134836Z Resolving deltas:  83% (4072/4906)
2023-10-22T00:24:30.3155458Z Resolving deltas:  84% (4122/4906)
2023-10-22T00:24:30.3229379Z Resolving deltas:  85% (4171/4906)
2023-10-22T00:24:30.3272197Z Resolving deltas:  86% (4220/4906)
2023-10-22T00:24:30.3328918Z Resolving deltas:  87% (4269/4906)
2023-10-22T00:24:30.3406470Z Resolving deltas:  88% (4318/4906)
2023-10-22T00:24:30.3462169Z Resolving deltas:  89% (4367/4906)
2023-10-22T00:24:30.3573418Z Resolving deltas:  90% (4416/4906)
2023-10-22T00:24:30.3687820Z Resolving deltas:  91% (4465/4906)
2023-10-22T00:24:30.3794170Z Resolving deltas:  92% (4514/4906)
2023-10-22T00:24:30.3843820Z Resolving deltas:  93% (4563/4906)
2023-10-22T00:24:30.3898142Z Resolving deltas:  94% (4612/4906)
2023-10-22T00:24:30.3968146Z Resolving deltas:  95% (4661/4906)
2023-10-22T00:24:30.4031350Z Resolving deltas:  96% (4710/4906)
2023-10-22T00:24:30.4106880Z Resolving deltas:  97% (4759/4906)
2023-10-22T00:24:30.4125274Z Resolving deltas:  98% (4808/4906)
2023-10-22T00:24:30.4214041Z Resolving deltas:  98% (4822/4906)
2023-10-22T00:24:30.4298702Z Resolving deltas:  99% (4857/4906)
2023-10-22T00:24:30.4300643Z Resolving deltas: 100% (4906/4906)
2023-10-22T00:24:30.4301085Z Resolving deltas: 100% (4906/4906), done.
2023-10-22T00:24:30.4898595Z From https://github.com/seanpm2001/GitHub_Stats_A
2023-10-22T00:24:30.4899612Z  * [new ref]         0fa2b87ab8152bc4b5247bfe9e46e9ee97486f93 -> origin/master
2023-10-22T00:24:30.4940202Z ##[endgroup]
2023-10-22T00:24:30.4940937Z ##[group]Determining the checkout info
2023-10-22T00:24:30.4941757Z ##[endgroup]
2023-10-22T00:24:30.4942512Z ##[group]Checking out the ref
2023-10-22T00:24:30.4943485Z [command]/usr/bin/git checkout --progress --force -B master refs/remotes/origin/master
2023-10-22T00:24:31.5087491Z Updating files:  68% (6009/8713)
2023-10-22T00:24:31.5220596Z Updating files:  69% (6012/8713)
2023-10-22T00:24:31.5368695Z Updating files:  70% (6100/8713)
2023-10-22T00:24:31.5530085Z Updating files:  71% (6187/8713)
2023-10-22T00:24:31.5675284Z Updating files:  72% (6274/8713)
2023-10-22T00:24:31.5848658Z Updating files:  73% (6361/8713)
2023-10-22T00:24:31.5998915Z Updating files:  74% (6448/8713)
2023-10-22T00:24:31.6103574Z Updating files:  75% (6535/8713)
2023-10-22T00:24:31.6194206Z Updating files:  76% (6622/8713)
2023-10-22T00:24:31.6283090Z Updating files:  77% (6710/8713)
2023-10-22T00:24:31.6417281Z Updating files:  78% (6797/8713)
2023-10-22T00:24:31.6440576Z Updating files:  79% (6884/8713)
2023-10-22T00:24:31.6561932Z Updating files:  80% (6971/8713)
2023-10-22T00:24:31.6689164Z Updating files:  81% (7058/8713)
2023-10-22T00:24:31.6712221Z Updating files:  82% (7145/8713)
2023-10-22T00:24:31.6753362Z Updating files:  83% (7232/8713)
2023-10-22T00:24:31.6808967Z Updating files:  84% (7319/8713)
2023-10-22T00:24:31.6862064Z Updating files:  85% (7407/8713)
2023-10-22T00:24:31.6931299Z Updating files:  86% (7494/8713)
2023-10-22T00:24:31.7004506Z Updating files:  87% (7581/8713)
2023-10-22T00:24:31.7068913Z Updating files:  88% (7668/8713)
2023-10-22T00:24:31.7205380Z Updating files:  89% (7755/8713)
2023-10-22T00:24:31.7325702Z Updating files:  90% (7842/8713)
2023-10-22T00:24:31.7447078Z Updating files:  91% (7929/8713)
2023-10-22T00:24:31.7612104Z Updating files:  92% (8016/8713)
2023-10-22T00:24:31.7820288Z Updating files:  93% (8104/8713)
2023-10-22T00:24:31.7912920Z Updating files:  94% (8191/8713)
2023-10-22T00:24:31.7987311Z Updating files:  95% (8278/8713)
2023-10-22T00:24:31.8065265Z Updating files:  96% (8365/8713)
2023-10-22T00:24:31.8162217Z Updating files:  97% (8452/8713)
2023-10-22T00:24:31.8296990Z Updating files:  98% (8539/8713)
2023-10-22T00:24:31.8395247Z Updating files:  99% (8626/8713)
2023-10-22T00:24:31.8395652Z Updating files: 100% (8713/8713)
2023-10-22T00:24:31.8396052Z Updating files: 100% (8713/8713), done.
2023-10-22T00:24:31.8549335Z Reset branch 'master'
2023-10-22T00:24:31.8549808Z branch 'master' set up to track 'origin/master'.
2023-10-22T00:24:31.8602024Z ##[endgroup]
2023-10-22T00:24:31.8645055Z [command]/usr/bin/git log -1 --format='%H'
2023-10-22T00:24:31.8675381Z '0fa2b87ab8152bc4b5247bfe9e46e9ee97486f93'
2023-10-22T00:24:31.9051714Z ##[group]Run actions/setup-python@v4
2023-10-22T00:24:31.9052134Z with:
2023-10-22T00:24:31.9052406Z   python-version: 3.8
2023-10-22T00:24:31.9052740Z   architecture: x64
2023-10-22T00:24:31.9053038Z   cache: pip
2023-10-22T00:24:31.9053316Z   check-latest: false
2023-10-22T00:24:31.9053790Z   token: ***
2023-10-22T00:24:31.9054067Z   update-environment: true
2023-10-22T00:24:31.9054419Z   allow-prereleases: false
2023-10-22T00:24:31.9054746Z ##[endgroup]
2023-10-22T00:24:32.0805929Z ##[group]Installed versions
2023-10-22T00:24:32.0883503Z Successfully set up CPython (3.8.18)
2023-10-22T00:24:32.0884450Z ##[endgroup]
2023-10-22T00:24:32.8147194Z [command]/opt/hostedtoolcache/Python/3.8.18/x64/bin/pip cache dir
2023-10-22T00:24:34.6179444Z /home/runner/.cache/pip
2023-10-22T00:24:35.0256934Z Received 6245959 of 6245959 (100.0%), 32.9 MBs/sec
2023-10-22T00:24:35.0258624Z Cache Size: ~6 MB (6245959 B)
2023-10-22T00:24:35.0285780Z [command]/usr/bin/tar -xf /home/runner/work/_temp/8baece0c-ae9b-4d1c-9922-0e9c7b61018e/cache.tzst -P -C /home/runner/work/GitHub_Stats_A/GitHub_Stats_A --use-compress-program unzstd
2023-10-22T00:24:35.0512865Z Cache restored successfully
2023-10-22T00:24:35.0530556Z Cache restored from key: setup-python-Linux-22.04-Ubuntu-python-3.8.18-pip-60f2a6c0212a9b74a155cd81b58dd07fd8b180833132566260d95f4de42fe218
2023-10-22T00:24:35.0751075Z ##[group]Run python3 -m pip install --upgrade pip setuptools wheel
2023-10-22T00:24:35.0752038Z [36;1mpython3 -m pip install --upgrade pip setuptools wheel[0m
2023-10-22T00:24:35.0752926Z [36;1mpython3 -m pip install -r requirements.txt[0m
2023-10-22T00:24:35.0816851Z shell: /usr/bin/bash -e {0}
2023-10-22T00:24:35.0817369Z env:
2023-10-22T00:24:35.0818029Z   pythonLocation: /opt/hostedtoolcache/Python/3.8.18/x64
2023-10-22T00:24:35.0818992Z   PKG_CONFIG_PATH: /opt/hostedtoolcache/Python/3.8.18/x64/lib/pkgconfig
2023-10-22T00:24:35.0819829Z   Python_ROOT_DIR: /opt/hostedtoolcache/Python/3.8.18/x64
2023-10-22T00:24:35.0820640Z   Python2_ROOT_DIR: /opt/hostedtoolcache/Python/3.8.18/x64
2023-10-22T00:24:35.0821387Z   Python3_ROOT_DIR: /opt/hostedtoolcache/Python/3.8.18/x64
2023-10-22T00:24:35.0822138Z   LD_LIBRARY_PATH: /opt/hostedtoolcache/Python/3.8.18/x64/lib
2023-10-22T00:24:35.0822829Z ##[endgroup]
2023-10-22T00:24:36.3523294Z Requirement already satisfied: pip in /opt/hostedtoolcache/Python/3.8.18/x64/lib/python3.8/site-packages (23.0.1)
2023-10-22T00:24:36.5444672Z Collecting pip
2023-10-22T00:24:36.6548439Z   Downloading pip-23.3.1-py3-none-any.whl.metadata (3.5 kB)
2023-10-22T00:24:36.6584377Z Requirement already satisfied: setuptools in /opt/hostedtoolcache/Python/3.8.18/x64/lib/python3.8/site-packages (56.0.0)
2023-10-22T00:24:36.9284831Z Collecting setuptools
2023-10-22T00:24:36.9373637Z   Downloading setuptools-68.2.2-py3-none-any.whl.metadata (6.3 kB)
2023-10-22T00:24:36.9852310Z Collecting wheel
2023-10-22T00:24:36.9943801Z   Downloading wheel-0.41.2-py3-none-any.whl.metadata (2.2 kB)
2023-10-22T00:24:37.0627206Z Downloading pip-23.3.1-py3-none-any.whl (2.1 MB)
2023-10-22T00:24:37.2457153Z    ━━━━━━━━━━━━━━━━━━━━━━━━━━━━━━━━━━━━━━━━ 2.1/2.1 MB 11.8 MB/s eta 0:00:00
2023-10-22T00:24:37.2541587Z Downloading setuptools-68.2.2-py3-none-any.whl (807 kB)
2023-10-22T00:24:37.2867375Z    ━━━━━━━━━━━━━━━━━━━━━━━━━━━━━━━━━━━━━━━━ 807.9/807.9 kB 26.6 MB/s eta 0:00:00
2023-10-22T00:24:37.2965117Z Downloading wheel-0.41.2-py3-none-any.whl (64 kB)
2023-10-22T00:24:37.3023623Z    ━━━━━━━━━━━━━━━━━━━━━━━━━━━━━━━━━━━━━━━━ 64.8/64.8 kB 16.3 MB/s eta 0:00:00
2023-10-22T00:24:37.4147105Z Installing collected packages: wheel, setuptools, pip
2023-10-22T00:24:37.4599805Z   Attempting uninstall: setuptools
2023-10-22T00:24:37.4607216Z     Found existing installation: setuptools 56.0.0
2023-10-22T00:24:37.4857554Z     Uninstalling setuptools-56.0.0:
2023-10-22T00:24:37.4962288Z       Successfully uninstalled setuptools-56.0.0
2023-10-22T00:24:37.9502381Z   Attempting uninstall: pip
2023-10-22T00:24:37.9510131Z     Found existing installation: pip 23.0.1
2023-10-22T00:24:38.0057663Z     Uninstalling pip-23.0.1:
2023-10-22T00:24:38.0518894Z       Successfully uninstalled pip-23.0.1
2023-10-22T00:24:39.1922984Z Successfully installed pip-23.3.1 setuptools-68.2.2 wheel-0.41.2
2023-10-22T00:24:39.6436894Z WARNING: There was an error checking the latest version of pip.
2023-10-22T00:24:40.3476875Z Collecting requests (from -r requirements.txt (line 1))
2023-10-22T00:24:40.4455924Z   Downloading requests-2.31.0-py3-none-any.whl.metadata (4.6 kB)
2023-10-22T00:24:40.7598937Z Collecting aiohttp (from -r requirements.txt (line 2))
2023-10-22T00:24:40.7688871Z   Downloading aiohttp-3.8.6-cp38-cp38-manylinux_2_17_x86_64.manylinux2014_x86_64.whl.metadata (7.7 kB)
2023-10-22T00:24:40.8745147Z Collecting charset-normalizer<4,>=2 (from requests->-r requirements.txt (line 1))
2023-10-22T00:24:40.8832427Z   Downloading charset_normalizer-3.3.0-cp38-cp38-manylinux_2_17_x86_64.manylinux2014_x86_64.whl.metadata (32 kB)
2023-10-22T00:24:40.9238104Z Collecting idna<4,>=2.5 (from requests->-r requirements.txt (line 1))
2023-10-22T00:24:40.9323888Z   Downloading idna-3.4-py3-none-any.whl (61 kB)
2023-10-22T00:24:40.9494466Z      ━━━━━━━━━━━━━━━━━━━━━━━━━━━━━━━━━━━━━━━━ 61.5/61.5 kB 4.0 MB/s eta 0:00:00
2023-10-22T00:24:41.0135609Z Collecting urllib3<3,>=1.21.1 (from requests->-r requirements.txt (line 1))
2023-10-22T00:24:41.0226572Z   Downloading urllib3-2.0.7-py3-none-any.whl.metadata (6.6 kB)
2023-10-22T00:24:41.0582964Z Collecting certifi>=2017.4.17 (from requests->-r requirements.txt (line 1))
2023-10-22T00:24:41.0675374Z   Downloading certifi-2023.7.22-py3-none-any.whl.metadata (2.2 kB)
2023-10-22T00:24:41.1131391Z Collecting attrs>=17.3.0 (from aiohttp->-r requirements.txt (line 2))
2023-10-22T00:24:41.1220801Z   Downloading attrs-23.1.0-py3-none-any.whl (61 kB)
2023-10-22T00:24:41.1321069Z      ━━━━━━━━━━━━━━━━━━━━━━━━━━━━━━━━━━━━━━━━ 61.2/61.2 kB 7.1 MB/s eta 0:00:00
2023-10-22T00:24:41.3733603Z Collecting multidict<7.0,>=4.5 (from aiohttp->-r requirements.txt (line 2))
2023-10-22T00:24:41.3823840Z   Downloading multidict-6.0.4-cp38-cp38-manylinux_2_17_x86_64.manylinux2014_x86_64.whl (121 kB)
2023-10-22T00:24:41.3982594Z      ━━━━━━━━━━━━━━━━━━━━━━━━━━━━━━━━━━━━━━━ 121.3/121.3 kB 8.6 MB/s eta 0:00:00
2023-10-22T00:24:41.4235536Z Collecting async-timeout<5.0,>=4.0.0a3 (from aiohttp->-r requirements.txt (line 2))
2023-10-22T00:24:41.4324503Z   Downloading async_timeout-4.0.3-py3-none-any.whl.metadata (4.2 kB)
2023-10-22T00:24:41.5861355Z Collecting yarl<2.0,>=1.0 (from aiohttp->-r requirements.txt (line 2))
2023-10-22T00:24:41.5947365Z   Downloading yarl-1.9.2-cp38-cp38-manylinux_2_17_x86_64.manylinux2014_x86_64.whl (266 kB)
2023-10-22T00:24:41.6273799Z      ━━━━━━━━━━━━━━━━━━━━━━━━━━━━━━━━━━━━━━━ 266.9/266.9 kB 8.7 MB/s eta 0:00:00
2023-10-22T00:24:41.6960160Z Collecting frozenlist>=1.1.1 (from aiohttp->-r requirements.txt (line 2))
2023-10-22T00:24:41.7047775Z   Downloading frozenlist-1.4.0-cp38-cp38-manylinux_2_5_x86_64.manylinux1_x86_64.manylinux_2_17_x86_64.manylinux2014_x86_64.whl.metadata (5.2 kB)
2023-10-22T00:24:41.7274702Z Collecting aiosignal>=1.1.2 (from aiohttp->-r requirements.txt (line 2))
2023-10-22T00:24:41.7361436Z   Downloading aiosignal-1.3.1-py3-none-any.whl (7.6 kB)
2023-10-22T00:24:41.8403182Z Downloading requests-2.31.0-py3-none-any.whl (62 kB)
2023-10-22T00:24:41.8480305Z    ━━━━━━━━━━━━━━━━━━━━━━━━━━━━━━━━━━━━━━━━ 62.6/62.6 kB 11.0 MB/s eta 0:00:00
2023-10-22T00:24:41.8569617Z Downloading aiohttp-3.8.6-cp38-cp38-manylinux_2_17_x86_64.manylinux2014_x86_64.whl (1.1 MB)
2023-10-22T00:24:41.9310906Z    ━━━━━━━━━━━━━━━━━━━━━━━━━━━━━━━━━━━━━━━━ 1.1/1.1 MB 15.0 MB/s eta 0:00:00
2023-10-22T00:24:41.9401474Z Downloading async_timeout-4.0.3-py3-none-any.whl (5.7 kB)
2023-10-22T00:24:41.9514593Z Downloading certifi-2023.7.22-py3-none-any.whl (158 kB)
2023-10-22T00:24:41.9630232Z    ━━━━━━━━━━━━━━━━━━━━━━━━━━━━━━━━━━━━━━━━ 158.3/158.3 kB 17.1 MB/s eta 0:00:00
2023-10-22T00:24:41.9718102Z Downloading charset_normalizer-3.3.0-cp38-cp38-manylinux_2_17_x86_64.manylinux2014_x86_64.whl (137 kB)
2023-10-22T00:24:41.9808201Z    ━━━━━━━━━━━━━━━━━━━━━━━━━━━━━━━━━━━━━━━━ 137.9/137.9 kB 20.7 MB/s eta 0:00:00
2023-10-22T00:24:41.9903474Z Downloading frozenlist-1.4.0-cp38-cp38-manylinux_2_5_x86_64.manylinux1_x86_64.manylinux_2_17_x86_64.manylinux2014_x86_64.whl (220 kB)
2023-10-22T00:24:42.0022178Z    ━━━━━━━━━━━━━━━━━━━━━━━━━━━━━━━━━━━━━━━━ 220.1/220.1 kB 23.0 MB/s eta 0:00:00
2023-10-22T00:24:42.0108490Z Downloading urllib3-2.0.7-py3-none-any.whl (124 kB)
2023-10-22T00:24:42.0183255Z    ━━━━━━━━━━━━━━━━━━━━━━━━━━━━━━━━━━━━━━━━ 124.2/124.2 kB 23.3 MB/s eta 0:00:00
2023-10-22T00:24:42.1393754Z Installing collected packages: urllib3, multidict, idna, frozenlist, charset-normalizer, certifi, attrs, async-timeout, yarl, requests, aiosignal, aiohttp
2023-10-22T00:24:42.6320912Z Successfully installed aiohttp-3.8.6 aiosignal-1.3.1 async-timeout-4.0.3 attrs-23.1.0 certifi-2023.7.22 charset-normalizer-3.3.0 frozenlist-1.4.0 idna-3.4 multidict-6.0.4 requests-2.31.0 urllib3-2.0.7 yarl-1.9.2
2023-10-22T00:24:42.9783404Z ##[group]Run python3 --version
2023-10-22T00:24:42.9783836Z [36;1mpython3 --version[0m
2023-10-22T00:24:42.9784213Z [36;1mpython3 generate_images.py[0m
2023-10-22T00:24:42.9827790Z shell: /usr/bin/bash -e {0}
2023-10-22T00:24:42.9828148Z env:
2023-10-22T00:24:42.9828533Z   pythonLocation: /opt/hostedtoolcache/Python/3.8.18/x64
2023-10-22T00:24:42.9829251Z   PKG_CONFIG_PATH: /opt/hostedtoolcache/Python/3.8.18/x64/lib/pkgconfig
2023-10-22T00:24:42.9829966Z   Python_ROOT_DIR: /opt/hostedtoolcache/Python/3.8.18/x64
2023-10-22T00:24:42.9830587Z   Python2_ROOT_DIR: /opt/hostedtoolcache/Python/3.8.18/x64
2023-10-22T00:24:42.9831201Z   Python3_ROOT_DIR: /opt/hostedtoolcache/Python/3.8.18/x64
2023-10-22T00:24:42.9831831Z   LD_LIBRARY_PATH: /opt/hostedtoolcache/Python/3.8.18/x64/lib
2023-10-22T00:24:42.9832574Z   ACCESS_TOKEN: ***
2023-10-22T00:24:42.9833050Z   GITHUB_TOKEN: ***
2023-10-22T00:24:42.9833339Z   EXCLUDED: 
2023-10-22T00:24:42.9833627Z   EXCLUDED_LANGS: 
2023-10-22T00:24:42.9833982Z   EXCLUDE_FORKED_REPOS: true
2023-10-22T00:24:42.9834343Z ##[endgroup]
2023-10-22T00:24:42.9919217Z Python 3.8.18
2023-10-22T00:25:17.9593992Z A path returned 202. Retrying...
2023-10-22T00:25:18.0830258Z Traceback (most recent call last):
2023-10-22T00:25:18.0840911Z   File "generate_images.py", line 136, in <module>
2023-10-22T00:25:18.0841519Z     asyncio.run(main())
2023-10-22T00:25:18.0842289Z   File "/opt/hostedtoolcache/Python/3.8.18/x64/lib/python3.8/asyncio/runners.py", line 44, in run
2023-10-22T00:25:18.0843098Z     return loop.run_until_complete(main)
2023-10-22T00:25:18.0844038Z   File "/opt/hostedtoolcache/Python/3.8.18/x64/lib/python3.8/asyncio/base_events.py", line 616, in run_until_complete
2023-10-22T00:25:18.0844926Z     return future.result()
2023-10-22T00:25:18.0845372Z   File "generate_images.py", line 132, in main
2023-10-22T00:25:18.0846010Z     await asyncio.gather(generate_languages(s), generate_overview(s))
2023-10-22T00:25:18.0846777Z   File "generate_images.py", line 42, in generate_overview
2023-10-22T00:25:18.0847462Z     changed = (await s.lines_changed)[0] + (await s.lines_changed)[1]
2023-10-22T00:25:18.0848412Z   File "/home/runner/work/GitHub_Stats_A/GitHub_Stats_A/github_stats.py", line 486, in lines_changed
2023-10-22T00:25:18.0849189Z     for repo in await self.repos:
2023-10-22T00:25:18.0849657Z RuntimeError: Set changed size during iteration
2023-10-22T00:25:18.1080826Z ##[error]Process completed with exit code 1.
2023-10-22T00:25:18.1178127Z Post job cleanup.
2023-10-22T00:25:18.2247433Z [command]/usr/bin/git version
2023-10-22T00:25:18.2298554Z git version 2.42.0
2023-10-22T00:25:18.2352548Z Temporarily overriding HOME='/home/runner/work/_temp/a78140f9-393c-4dc6-ba37-da1696900a0e' before making global git config changes
2023-10-22T00:25:18.2356790Z Adding repository directory to the temporary git global config as a safe directory
2023-10-22T00:25:18.2365066Z [command]/usr/bin/git config --global --add safe.directory /home/runner/work/GitHub_Stats_A/GitHub_Stats_A
2023-10-22T00:25:18.2412251Z [command]/usr/bin/git config --local --name-only --get-regexp core\.sshCommand
2023-10-22T00:25:18.2454552Z [command]/usr/bin/git submodule foreach --recursive sh -c "git config --local --name-only --get-regexp 'core\.sshCommand' && git config --local --unset-all 'core.sshCommand' || :"
2023-10-22T00:25:18.2726319Z [command]/usr/bin/git config --local --name-only --get-regexp http\.https\:\/\/github\.com\/\.extraheader
2023-10-22T00:25:18.2753594Z http.https://github.com/.extraheader
2023-10-22T00:25:18.2768396Z [command]/usr/bin/git config --local --unset-all http.https://github.com/.extraheader
2023-10-22T00:25:18.2808883Z [command]/usr/bin/git submodule foreach --recursive sh -c "git config --local --name-only --get-regexp 'http\.https\:\/\/github\.com\/\.extraheader' && git config --local --unset-all 'http.https://github.com/.extraheader' || :"
2023-10-22T00:25:18.3378277Z Cleaning up orphan processes
