2023-12-01T00:26:36.0482516Z Requested labels: ubuntu-latest
2023-12-01T00:26:36.0482799Z Job defined at: seanpm2001/GitHub_Stats_A/.github/workflows/main.yml@refs/heads/master
2023-12-01T00:26:36.0482917Z Waiting for a runner to pick up this job...
2023-12-01T00:26:36.7357060Z Job is waiting for a hosted runner to come online.
2023-12-01T00:26:40.9641453Z Job is about to start running on the hosted runner: GitHub Actions 2 (hosted)
2023-12-01T00:26:43.2568144Z Current runner version: '2.311.0'
2023-12-01T00:26:43.2592525Z ##[group]Operating System
2023-12-01T00:26:43.2593266Z Ubuntu
2023-12-01T00:26:43.2593606Z 22.04.3
2023-12-01T00:26:43.2593914Z LTS
2023-12-01T00:26:43.2594359Z ##[endgroup]
2023-12-01T00:26:43.2594755Z ##[group]Runner Image
2023-12-01T00:26:43.2595185Z Image: ubuntu-22.04
2023-12-01T00:26:43.2595614Z Version: 20231126.1.0
2023-12-01T00:26:43.2596670Z Included Software: https://github.com/actions/runner-images/blob/ubuntu22/20231126.1/images/ubuntu/Ubuntu2204-Readme.md
2023-12-01T00:26:43.2598168Z Image Release: https://github.com/actions/runner-images/releases/tag/ubuntu22%2F20231126.1
2023-12-01T00:26:43.2599140Z ##[endgroup]
2023-12-01T00:26:43.2599524Z ##[group]Runner Image Provisioner
2023-12-01T00:26:43.2600012Z 2.0.321.1
2023-12-01T00:26:43.2600408Z ##[endgroup]
2023-12-01T00:26:43.2601286Z ##[group]GITHUB_TOKEN Permissions
2023-12-01T00:26:43.2602941Z Contents: write
2023-12-01T00:26:43.2603393Z Metadata: read
2023-12-01T00:26:43.2603906Z ##[endgroup]
2023-12-01T00:26:43.2606933Z Secret source: Actions
2023-12-01T00:26:43.2607520Z Prepare workflow directory
2023-12-01T00:26:43.3221313Z Prepare all required actions
2023-12-01T00:26:43.3376423Z Getting action download info
2023-12-01T00:26:43.6022598Z Download action repository 'actions/checkout@v3' (SHA:f43a0e5ff2bd294095638e18286ca9a3d1956744)
2023-12-01T00:26:43.7356551Z Download action repository 'actions/setup-python@v4' (SHA:65d7f2d534ac1bc67fcd62888c5f4f3d2cb2b236)
2023-12-01T00:26:43.9056435Z Complete job name: build
2023-12-01T00:26:43.9958672Z ##[group]Run actions/checkout@v3
2023-12-01T00:26:43.9959393Z with:
2023-12-01T00:26:43.9959800Z   repository: seanpm2001/GitHub_Stats_A
2023-12-01T00:26:43.9960577Z   token: ***
2023-12-01T00:26:43.9961059Z   ssh-strict: true
2023-12-01T00:26:43.9961512Z   persist-credentials: true
2023-12-01T00:26:43.9961946Z   clean: true
2023-12-01T00:26:43.9962423Z   sparse-checkout-cone-mode: true
2023-12-01T00:26:43.9962955Z   fetch-depth: 1
2023-12-01T00:26:43.9963329Z   fetch-tags: false
2023-12-01T00:26:43.9963805Z   lfs: false
2023-12-01T00:26:43.9964170Z   submodules: false
2023-12-01T00:26:43.9964583Z   set-safe-directory: true
2023-12-01T00:26:43.9965083Z ##[endgroup]
2023-12-01T00:26:44.1685525Z Syncing repository: seanpm2001/GitHub_Stats_A
2023-12-01T00:26:44.1688440Z ##[group]Getting Git version info
2023-12-01T00:26:44.1690303Z Working directory is '/home/runner/work/GitHub_Stats_A/GitHub_Stats_A'
2023-12-01T00:26:44.1692251Z [command]/usr/bin/git version
2023-12-01T00:26:44.1693370Z git version 2.43.0
2023-12-01T00:26:44.1714013Z ##[endgroup]
2023-12-01T00:26:44.1733579Z Temporarily overriding HOME='/home/runner/work/_temp/c86a13c8-4cac-4b5c-abff-2e81a7f802d5' before making global git config changes
2023-12-01T00:26:44.1736088Z Adding repository directory to the temporary git global config as a safe directory
2023-12-01T00:26:44.1738494Z [command]/usr/bin/git config --global --add safe.directory /home/runner/work/GitHub_Stats_A/GitHub_Stats_A
2023-12-01T00:26:44.1784018Z Deleting the contents of '/home/runner/work/GitHub_Stats_A/GitHub_Stats_A'
2023-12-01T00:26:44.1787053Z ##[group]Initializing the repository
2023-12-01T00:26:44.1792148Z [command]/usr/bin/git init /home/runner/work/GitHub_Stats_A/GitHub_Stats_A
2023-12-01T00:26:44.1872467Z hint: Using 'master' as the name for the initial branch. This default branch name
2023-12-01T00:26:44.1873855Z hint: is subject to change. To configure the initial branch name to use in all
2023-12-01T00:26:44.1875413Z hint: of your new repositories, which will suppress this warning, call:
2023-12-01T00:26:44.1876162Z hint: 
2023-12-01T00:26:44.1877110Z hint: 	git config --global init.defaultBranch <name>
2023-12-01T00:26:44.1877996Z hint: 
2023-12-01T00:26:44.1878695Z hint: Names commonly chosen instead of 'master' are 'main', 'trunk' and
2023-12-01T00:26:44.1880102Z hint: 'development'. The just-created branch can be renamed via this command:
2023-12-01T00:26:44.1881298Z hint: 
2023-12-01T00:26:44.1881985Z hint: 	git branch -m <name>
2023-12-01T00:26:44.1883311Z Initialized empty Git repository in /home/runner/work/GitHub_Stats_A/GitHub_Stats_A/.git/
2023-12-01T00:26:44.1891116Z [command]/usr/bin/git remote add origin https://github.com/seanpm2001/GitHub_Stats_A
2023-12-01T00:26:44.1934145Z ##[endgroup]
2023-12-01T00:26:44.1935043Z ##[group]Disabling automatic garbage collection
2023-12-01T00:26:44.1937517Z [command]/usr/bin/git config --local gc.auto 0
2023-12-01T00:26:44.1974449Z ##[endgroup]
2023-12-01T00:26:44.1975234Z ##[group]Setting up auth
2023-12-01T00:26:44.1981345Z [command]/usr/bin/git config --local --name-only --get-regexp core\.sshCommand
2023-12-01T00:26:44.2022730Z [command]/usr/bin/git submodule foreach --recursive sh -c "git config --local --name-only --get-regexp 'core\.sshCommand' && git config --local --unset-all 'core.sshCommand' || :"
2023-12-01T00:26:44.2363613Z [command]/usr/bin/git config --local --name-only --get-regexp http\.https\:\/\/github\.com\/\.extraheader
2023-12-01T00:26:44.2400615Z [command]/usr/bin/git submodule foreach --recursive sh -c "git config --local --name-only --get-regexp 'http\.https\:\/\/github\.com\/\.extraheader' && git config --local --unset-all 'http.https://github.com/.extraheader' || :"
2023-12-01T00:26:44.2638418Z [command]/usr/bin/git config --local http.https://github.com/.extraheader AUTHORIZATION: basic ***
2023-12-01T00:26:44.2688505Z ##[endgroup]
2023-12-01T00:26:44.2689350Z ##[group]Fetching the repository
2023-12-01T00:26:44.2698888Z [command]/usr/bin/git -c protocol.version=2 fetch --no-tags --prune --progress --no-recurse-submodules --depth=1 origin +76bdba531a8f39cf7724c778a0dc0c7427cff8fb:refs/remotes/origin/master
2023-12-01T00:26:44.7488110Z remote: Enumerating objects: 9253, done.        
2023-12-01T00:26:44.7494420Z remote: Counting objects:   0% (1/9253)        
2023-12-01T00:26:44.7497630Z remote: Counting objects:   1% (93/9253)        
2023-12-01T00:26:44.7498764Z remote: Counting objects:   2% (186/9253)        
2023-12-01T00:26:44.7500439Z remote: Counting objects:   3% (278/9253)        
2023-12-01T00:26:44.7502062Z remote: Counting objects:   4% (371/9253)        
2023-12-01T00:26:44.7503125Z remote: Counting objects:   5% (463/9253)        
2023-12-01T00:26:44.7503856Z remote: Counting objects:   6% (556/9253)        
2023-12-01T00:26:44.7504658Z remote: Counting objects:   7% (648/9253)        
2023-12-01T00:26:44.7505358Z remote: Counting objects:   8% (741/9253)        
2023-12-01T00:26:44.7505993Z remote: Counting objects:   9% (833/9253)        
2023-12-01T00:26:44.7506740Z remote: Counting objects:  10% (926/9253)        
2023-12-01T00:26:44.7507428Z remote: Counting objects:  11% (1018/9253)        
2023-12-01T00:26:44.7508181Z remote: Counting objects:  12% (1111/9253)        
2023-12-01T00:26:44.7508829Z remote: Counting objects:  13% (1203/9253)        
2023-12-01T00:26:44.7509537Z remote: Counting objects:  14% (1296/9253)        
2023-12-01T00:26:44.7510318Z remote: Counting objects:  15% (1388/9253)        
2023-12-01T00:26:44.8065368Z remote: Counting objects:  16% (1481/9253)        
2023-12-01T00:26:44.8066298Z remote: Counting objects:  17% (1574/9253)        
2023-12-01T00:26:44.8067312Z remote: Counting objects:  18% (1666/9253)        
2023-12-01T00:26:44.8068342Z remote: Counting objects:  19% (1759/9253)        
2023-12-01T00:26:44.8069541Z remote: Counting objects:  20% (1851/9253)        
2023-12-01T00:26:44.8070563Z remote: Counting objects:  21% (1944/9253)        
2023-12-01T00:26:44.8071725Z remote: Counting objects:  22% (2036/9253)        
2023-12-01T00:26:44.8072529Z remote: Counting objects:  23% (2129/9253)        
2023-12-01T00:26:44.8073226Z remote: Counting objects:  24% (2221/9253)        
2023-12-01T00:26:44.8073969Z remote: Counting objects:  25% (2314/9253)        
2023-12-01T00:26:44.8074692Z remote: Counting objects:  26% (2406/9253)        
2023-12-01T00:26:44.8075389Z remote: Counting objects:  27% (2499/9253)        
2023-12-01T00:26:44.8076181Z remote: Counting objects:  28% (2591/9253)        
2023-12-01T00:26:44.8077113Z remote: Counting objects:  29% (2684/9253)        
2023-12-01T00:26:44.8077808Z remote: Counting objects:  30% (2776/9253)        
2023-12-01T00:26:44.8078594Z remote: Counting objects:  31% (2869/9253)        
2023-12-01T00:26:44.8079282Z remote: Counting objects:  32% (2961/9253)        
2023-12-01T00:26:44.8079936Z remote: Counting objects:  33% (3054/9253)        
2023-12-01T00:26:44.8080707Z remote: Counting objects:  34% (3147/9253)        
2023-12-01T00:26:44.8081392Z remote: Counting objects:  35% (3239/9253)        
2023-12-01T00:26:44.8082105Z remote: Counting objects:  36% (3332/9253)        
2023-12-01T00:26:44.8082748Z remote: Counting objects:  37% (3424/9253)        
2023-12-01T00:26:44.8083394Z remote: Counting objects:  38% (3517/9253)        
2023-12-01T00:26:44.8084158Z remote: Counting objects:  39% (3609/9253)        
2023-12-01T00:26:44.8084809Z remote: Counting objects:  40% (3702/9253)        
2023-12-01T00:26:44.8085434Z remote: Counting objects:  41% (3794/9253)        
2023-12-01T00:26:44.8086197Z remote: Counting objects:  42% (3887/9253)        
2023-12-01T00:26:44.8086866Z remote: Counting objects:  43% (3979/9253)        
2023-12-01T00:26:44.8087521Z remote: Counting objects:  44% (4072/9253)        
2023-12-01T00:26:44.8088232Z remote: Counting objects:  45% (4164/9253)        
2023-12-01T00:26:44.8088890Z remote: Counting objects:  46% (4257/9253)        
2023-12-01T00:26:44.8089536Z remote: Counting objects:  47% (4349/9253)        
2023-12-01T00:26:44.8090799Z remote: Counting objects:  48% (4442/9253)        
2023-12-01T00:26:44.8091469Z remote: Counting objects:  49% (4534/9253)        
2023-12-01T00:26:44.8092175Z remote: Counting objects:  50% (4627/9253)        
2023-12-01T00:26:44.8092916Z remote: Counting objects:  51% (4720/9253)        
2023-12-01T00:26:44.8093573Z remote: Counting objects:  52% (4812/9253)        
2023-12-01T00:26:44.8094234Z remote: Counting objects:  53% (4905/9253)        
2023-12-01T00:26:44.8095042Z remote: Counting objects:  54% (4997/9253)        
2023-12-01T00:26:44.8096036Z remote: Counting objects:  55% (5090/9253)        
2023-12-01T00:26:44.8097071Z remote: Counting objects:  56% (5182/9253)        
2023-12-01T00:26:44.8097823Z remote: Counting objects:  57% (5275/9253)        
2023-12-01T00:26:44.8098502Z remote: Counting objects:  58% (5367/9253)        
2023-12-01T00:26:44.8099160Z remote: Counting objects:  59% (5460/9253)        
2023-12-01T00:26:44.8099892Z remote: Counting objects:  60% (5552/9253)        
2023-12-01T00:26:44.8100566Z remote: Counting objects:  61% (5645/9253)        
2023-12-01T00:26:44.8101224Z remote: Counting objects:  62% (5737/9253)        
2023-12-01T00:26:44.8101941Z remote: Counting objects:  63% (5830/9253)        
2023-12-01T00:26:44.8102723Z remote: Counting objects:  64% (5922/9253)        
2023-12-01T00:26:44.8103445Z remote: Counting objects:  65% (6015/9253)        
2023-12-01T00:26:44.8104076Z remote: Counting objects:  66% (6107/9253)        
2023-12-01T00:26:44.8104722Z remote: Counting objects:  67% (6200/9253)        
2023-12-01T00:26:44.8105489Z remote: Counting objects:  68% (6293/9253)        
2023-12-01T00:26:44.8106467Z remote: Counting objects:  69% (6385/9253)        
2023-12-01T00:26:44.8107292Z remote: Counting objects:  70% (6478/9253)        
2023-12-01T00:26:44.8108076Z remote: Counting objects:  71% (6570/9253)        
2023-12-01T00:26:44.8109071Z remote: Counting objects:  72% (6663/9253)        
2023-12-01T00:26:44.8110055Z remote: Counting objects:  73% (6755/9253)        
2023-12-01T00:26:44.8110923Z remote: Counting objects:  74% (6848/9253)        
2023-12-01T00:26:44.8111619Z remote: Counting objects:  75% (6940/9253)        
2023-12-01T00:26:44.8112284Z remote: Counting objects:  76% (7033/9253)        
2023-12-01T00:26:44.8113027Z remote: Counting objects:  77% (7125/9253)        
2023-12-01T00:26:44.8113653Z remote: Counting objects:  78% (7218/9253)        
2023-12-01T00:26:44.8114304Z remote: Counting objects:  79% (7310/9253)        
2023-12-01T00:26:44.8115255Z remote: Counting objects:  80% (7403/9253)        
2023-12-01T00:26:44.8115905Z remote: Counting objects:  81% (7495/9253)        
2023-12-01T00:26:44.8116541Z remote: Counting objects:  82% (7588/9253)        
2023-12-01T00:26:44.8117310Z remote: Counting objects:  83% (7680/9253)        
2023-12-01T00:26:44.8117977Z remote: Counting objects:  84% (7773/9253)        
2023-12-01T00:26:44.8118647Z remote: Counting objects:  85% (7866/9253)        
2023-12-01T00:26:44.8119328Z remote: Counting objects:  86% (7958/9253)        
2023-12-01T00:26:44.8119985Z remote: Counting objects:  87% (8051/9253)        
2023-12-01T00:26:44.8120653Z remote: Counting objects:  88% (8143/9253)        
2023-12-01T00:26:44.8121368Z remote: Counting objects:  89% (8236/9253)        
2023-12-01T00:26:44.8121984Z remote: Counting objects:  90% (8328/9253)        
2023-12-01T00:26:44.8122651Z remote: Counting objects:  91% (8421/9253)        
2023-12-01T00:26:44.8123361Z remote: Counting objects:  92% (8513/9253)        
2023-12-01T00:26:44.8124039Z remote: Counting objects:  93% (8606/9253)        
2023-12-01T00:26:44.8124664Z remote: Counting objects:  94% (8698/9253)        
2023-12-01T00:26:44.8125391Z remote: Counting objects:  95% (8791/9253)        
2023-12-01T00:26:44.8126058Z remote: Counting objects:  96% (8883/9253)        
2023-12-01T00:26:44.8126786Z remote: Counting objects:  97% (8976/9253)        
2023-12-01T00:26:44.8127413Z remote: Counting objects:  98% (9068/9253)        
2023-12-01T00:26:44.8128199Z remote: Counting objects:  99% (9161/9253)        
2023-12-01T00:26:44.8128927Z remote: Counting objects: 100% (9253/9253)        
2023-12-01T00:26:44.8129686Z remote: Counting objects: 100% (9253/9253), done.        
2023-12-01T00:26:44.8130543Z remote: Compressing objects:   0% (1/3522)        
2023-12-01T00:26:44.8131304Z remote: Compressing objects:   1% (36/3522)        
2023-12-01T00:26:44.8132006Z remote: Compressing objects:   2% (71/3522)        
2023-12-01T00:26:44.8132724Z remote: Compressing objects:   3% (106/3522)        
2023-12-01T00:26:44.8133577Z remote: Compressing objects:   4% (141/3522)        
2023-12-01T00:26:44.8134287Z remote: Compressing objects:   5% (177/3522)        
2023-12-01T00:26:44.8134974Z remote: Compressing objects:   6% (212/3522)        
2023-12-01T00:26:44.8135740Z remote: Compressing objects:   7% (247/3522)        
2023-12-01T00:26:44.8136397Z remote: Compressing objects:   8% (282/3522)        
2023-12-01T00:26:44.8137079Z remote: Compressing objects:   9% (317/3522)        
2023-12-01T00:26:44.8137854Z remote: Compressing objects:  10% (353/3522)        
2023-12-01T00:26:44.8138538Z remote: Compressing objects:  11% (388/3522)        
2023-12-01T00:26:44.8139562Z remote: Compressing objects:  12% (423/3522)        
2023-12-01T00:26:44.8140779Z remote: Compressing objects:  13% (458/3522)        
2023-12-01T00:26:44.8141502Z remote: Compressing objects:  14% (494/3522)        
2023-12-01T00:26:44.8142384Z remote: Compressing objects:  15% (529/3522)        
2023-12-01T00:26:44.8143597Z remote: Compressing objects:  16% (564/3522)        
2023-12-01T00:26:44.8144669Z remote: Compressing objects:  17% (599/3522)        
2023-12-01T00:26:44.8145438Z remote: Compressing objects:  18% (634/3522)        
2023-12-01T00:26:44.8146645Z remote: Compressing objects:  19% (670/3522)        
2023-12-01T00:26:44.8147499Z remote: Compressing objects:  20% (705/3522)        
2023-12-01T00:26:44.8148285Z remote: Compressing objects:  21% (740/3522)        
2023-12-01T00:26:44.8149000Z remote: Compressing objects:  22% (775/3522)        
2023-12-01T00:26:44.8149696Z remote: Compressing objects:  23% (811/3522)        
2023-12-01T00:26:44.8150412Z remote: Compressing objects:  24% (846/3522)        
2023-12-01T00:26:44.8151098Z remote: Compressing objects:  25% (881/3522)        
2023-12-01T00:26:44.8151795Z remote: Compressing objects:  26% (916/3522)        
2023-12-01T00:26:44.8152552Z remote: Compressing objects:  27% (951/3522)        
2023-12-01T00:26:44.8153205Z remote: Compressing objects:  28% (987/3522)        
2023-12-01T00:26:44.8154139Z remote: Compressing objects:  29% (1022/3522)        
2023-12-01T00:26:44.8519413Z remote: Compressing objects:  30% (1057/3522)        
2023-12-01T00:26:44.8818348Z remote: Compressing objects:  31% (1092/3522)        
2023-12-01T00:26:44.9130325Z remote: Compressing objects:  32% (1128/3522)        
2023-12-01T00:26:44.9433124Z remote: Compressing objects:  33% (1163/3522)        
2023-12-01T00:26:44.9785478Z remote: Compressing objects:  34% (1198/3522)        
2023-12-01T00:26:45.0078793Z remote: Compressing objects:  35% (1233/3522)        
2023-12-01T00:26:45.0385383Z remote: Compressing objects:  36% (1268/3522)        
2023-12-01T00:26:45.0743157Z remote: Compressing objects:  37% (1304/3522)        
2023-12-01T00:26:45.1183335Z remote: Compressing objects:  38% (1339/3522)        
2023-12-01T00:26:45.1444290Z remote: Compressing objects:  39% (1374/3522)        
2023-12-01T00:26:45.1803441Z remote: Compressing objects:  40% (1409/3522)        
2023-12-01T00:26:45.1945141Z remote: Compressing objects:  41% (1445/3522)        
2023-12-01T00:26:45.2067678Z remote: Compressing objects:  42% (1480/3522)        
2023-12-01T00:26:45.2355740Z remote: Compressing objects:  43% (1515/3522)        
2023-12-01T00:26:45.3024796Z remote: Compressing objects:  44% (1550/3522)        
2023-12-01T00:26:45.3036889Z remote: Compressing objects:  45% (1585/3522)        
2023-12-01T00:26:45.3082141Z remote: Compressing objects:  46% (1621/3522)        
2023-12-01T00:26:45.3091557Z remote: Compressing objects:  47% (1656/3522)        
2023-12-01T00:26:45.3092336Z remote: Compressing objects:  48% (1691/3522)        
2023-12-01T00:26:45.3093723Z remote: Compressing objects:  49% (1726/3522)        
2023-12-01T00:26:45.3099509Z remote: Compressing objects:  50% (1761/3522)        
2023-12-01T00:26:45.3103045Z remote: Compressing objects:  51% (1797/3522)        
2023-12-01T00:26:45.3107857Z remote: Compressing objects:  52% (1832/3522)        
2023-12-01T00:26:45.3113513Z remote: Compressing objects:  53% (1867/3522)        
2023-12-01T00:26:45.3118141Z remote: Compressing objects:  54% (1902/3522)        
2023-12-01T00:26:45.3122978Z remote: Compressing objects:  55% (1938/3522)        
2023-12-01T00:26:45.3125435Z remote: Compressing objects:  56% (1973/3522)        
2023-12-01T00:26:45.3131094Z remote: Compressing objects:  57% (2008/3522)        
2023-12-01T00:26:45.3135507Z remote: Compressing objects:  58% (2043/3522)        
2023-12-01T00:26:45.3141698Z remote: Compressing objects:  59% (2078/3522)        
2023-12-01T00:26:45.3147362Z remote: Compressing objects:  60% (2114/3522)        
2023-12-01T00:26:45.3149104Z remote: Compressing objects:  61% (2149/3522)        
2023-12-01T00:26:45.3167826Z remote: Compressing objects:  62% (2184/3522)        
2023-12-01T00:26:45.3172141Z remote: Compressing objects:  63% (2219/3522)        
2023-12-01T00:26:45.3173905Z remote: Compressing objects:  64% (2255/3522)        
2023-12-01T00:26:45.3175043Z remote: Compressing objects:  65% (2290/3522)        
2023-12-01T00:26:45.3175828Z remote: Compressing objects:  66% (2325/3522)        
2023-12-01T00:26:45.3177280Z remote: Compressing objects:  67% (2360/3522)        
2023-12-01T00:26:45.3178132Z remote: Compressing objects:  68% (2395/3522)        
2023-12-01T00:26:45.3178791Z remote: Compressing objects:  69% (2431/3522)        
2023-12-01T00:26:45.3179478Z remote: Compressing objects:  70% (2466/3522)        
2023-12-01T00:26:45.3603925Z remote: Compressing objects:  71% (2501/3522)        
2023-12-01T00:26:45.3605041Z remote: Compressing objects:  72% (2536/3522)        
2023-12-01T00:26:45.3605858Z remote: Compressing objects:  73% (2572/3522)        
2023-12-01T00:26:45.3606517Z remote: Compressing objects:  74% (2607/3522)        
2023-12-01T00:26:45.3607188Z remote: Compressing objects:  75% (2642/3522)        
2023-12-01T00:26:45.3607933Z remote: Compressing objects:  76% (2677/3522)        
2023-12-01T00:26:45.3608624Z remote: Compressing objects:  77% (2712/3522)        
2023-12-01T00:26:45.3609581Z remote: Compressing objects:  78% (2748/3522)        
2023-12-01T00:26:45.3611372Z remote: Compressing objects:  79% (2783/3522)        
2023-12-01T00:26:45.3611996Z remote: Compressing objects:  80% (2818/3522)        
2023-12-01T00:26:45.3612591Z remote: Compressing objects:  81% (2853/3522)        
2023-12-01T00:26:45.3613216Z remote: Compressing objects:  82% (2889/3522)        
2023-12-01T00:26:45.3613777Z remote: Compressing objects:  83% (2924/3522)        
2023-12-01T00:26:45.3614365Z remote: Compressing objects:  84% (2959/3522)        
2023-12-01T00:26:45.3614988Z remote: Compressing objects:  85% (2994/3522)        
2023-12-01T00:26:45.3615513Z remote: Compressing objects:  86% (3029/3522)        
2023-12-01T00:26:45.3616083Z remote: Compressing objects:  87% (3065/3522)        
2023-12-01T00:26:45.3616698Z remote: Compressing objects:  88% (3100/3522)        
2023-12-01T00:26:45.3617250Z remote: Compressing objects:  89% (3135/3522)        
2023-12-01T00:26:45.3617788Z remote: Compressing objects:  90% (3170/3522)        
2023-12-01T00:26:45.3618412Z remote: Compressing objects:  91% (3206/3522)        
2023-12-01T00:26:45.3618958Z remote: Compressing objects:  92% (3241/3522)        
2023-12-01T00:26:45.3619550Z remote: Compressing objects:  93% (3276/3522)        
2023-12-01T00:26:45.3620132Z remote: Compressing objects:  94% (3311/3522)        
2023-12-01T00:26:45.3620695Z remote: Compressing objects:  95% (3346/3522)        
2023-12-01T00:26:45.3621242Z remote: Compressing objects:  96% (3382/3522)        
2023-12-01T00:26:45.3622028Z remote: Compressing objects:  97% (3417/3522)        
2023-12-01T00:26:45.3622543Z remote: Compressing objects:  98% (3452/3522)        
2023-12-01T00:26:45.3623034Z remote: Compressing objects:  99% (3487/3522)        
2023-12-01T00:26:45.3623621Z remote: Compressing objects: 100% (3522/3522)        
2023-12-01T00:26:45.3624159Z remote: Compressing objects: 100% (3522/3522), done.        
2023-12-01T00:26:45.4843665Z Receiving objects:   0% (1/9253)
2023-12-01T00:26:45.4904255Z Receiving objects:   1% (93/9253)
2023-12-01T00:26:45.5416722Z Receiving objects:   2% (186/9253)
2023-12-01T00:26:45.5439341Z Receiving objects:   3% (278/9253)
2023-12-01T00:26:45.5480284Z Receiving objects:   4% (371/9253)
2023-12-01T00:26:45.5924717Z Receiving objects:   5% (463/9253)
2023-12-01T00:26:45.5985422Z Receiving objects:   6% (556/9253)
2023-12-01T00:26:45.6003943Z Receiving objects:   7% (648/9253)
2023-12-01T00:26:45.6021089Z Receiving objects:   8% (741/9253)
2023-12-01T00:26:45.6038562Z Receiving objects:   9% (833/9253)
2023-12-01T00:26:45.6057171Z Receiving objects:  10% (926/9253)
2023-12-01T00:26:45.6089426Z Receiving objects:  11% (1018/9253)
2023-12-01T00:26:45.6091727Z Receiving objects:  12% (1111/9253)
2023-12-01T00:26:45.6093956Z Receiving objects:  13% (1203/9253)
2023-12-01T00:26:45.6154762Z Receiving objects:  14% (1296/9253)
2023-12-01T00:26:45.6644640Z Receiving objects:  15% (1388/9253)
2023-12-01T00:26:45.6722548Z Receiving objects:  16% (1481/9253)
2023-12-01T00:26:45.7084806Z Receiving objects:  17% (1574/9253)
2023-12-01T00:26:45.7199053Z Receiving objects:  18% (1666/9253)
2023-12-01T00:26:45.7268116Z Receiving objects:  19% (1759/9253)
2023-12-01T00:26:45.7337699Z Receiving objects:  20% (1851/9253)
2023-12-01T00:26:45.7411570Z Receiving objects:  21% (1944/9253)
2023-12-01T00:26:45.7481110Z Receiving objects:  22% (2036/9253)
2023-12-01T00:26:45.7658722Z Receiving objects:  23% (2129/9253)
2023-12-01T00:26:45.7759179Z Receiving objects:  24% (2221/9253)
2023-12-01T00:26:45.7849274Z Receiving objects:  25% (2314/9253)
2023-12-01T00:26:45.7928924Z Receiving objects:  26% (2406/9253)
2023-12-01T00:26:45.8289402Z Receiving objects:  27% (2499/9253)
2023-12-01T00:26:45.8365321Z Receiving objects:  28% (2591/9253)
2023-12-01T00:26:45.8477725Z Receiving objects:  29% (2684/9253)
2023-12-01T00:26:45.8551546Z Receiving objects:  30% (2776/9253)
2023-12-01T00:26:45.8604592Z Receiving objects:  31% (2869/9253)
2023-12-01T00:26:45.8849141Z Receiving objects:  32% (2961/9253)
2023-12-01T00:26:45.8939278Z Receiving objects:  33% (3054/9253), 9.30 MiB | 18.20 MiB/s
2023-12-01T00:26:45.9034971Z Receiving objects:  34% (3147/9253), 9.30 MiB | 18.20 MiB/s
2023-12-01T00:26:45.9111470Z Receiving objects:  35% (3239/9253), 9.30 MiB | 18.20 MiB/s
2023-12-01T00:26:45.9145600Z Receiving objects:  36% (3332/9253), 9.30 MiB | 18.20 MiB/s
2023-12-01T00:26:45.9405186Z Receiving objects:  37% (3424/9253), 9.30 MiB | 18.20 MiB/s
2023-12-01T00:26:45.9448634Z Receiving objects:  38% (3517/9253), 9.30 MiB | 18.20 MiB/s
2023-12-01T00:26:45.9487489Z Receiving objects:  39% (3609/9253), 9.30 MiB | 18.20 MiB/s
2023-12-01T00:26:45.9525234Z Receiving objects:  40% (3702/9253), 9.30 MiB | 18.20 MiB/s
2023-12-01T00:26:45.9564579Z Receiving objects:  41% (3794/9253), 9.30 MiB | 18.20 MiB/s
2023-12-01T00:26:45.9703150Z Receiving objects:  42% (3887/9253), 9.30 MiB | 18.20 MiB/s
2023-12-01T00:26:46.0026722Z Receiving objects:  43% (3979/9253), 9.30 MiB | 18.20 MiB/s
2023-12-01T00:26:46.0134666Z Receiving objects:  44% (4072/9253), 9.30 MiB | 18.20 MiB/s
2023-12-01T00:26:46.0271662Z Receiving objects:  45% (4164/9253), 9.30 MiB | 18.20 MiB/s
2023-12-01T00:26:46.0372549Z Receiving objects:  46% (4257/9253), 9.30 MiB | 18.20 MiB/s
2023-12-01T00:26:46.0629681Z Receiving objects:  47% (4349/9253), 9.30 MiB | 18.20 MiB/s
2023-12-01T00:26:46.0756891Z Receiving objects:  48% (4442/9253), 9.30 MiB | 18.20 MiB/s
2023-12-01T00:26:46.0880675Z Receiving objects:  49% (4534/9253), 9.30 MiB | 18.20 MiB/s
2023-12-01T00:26:46.1184622Z Receiving objects:  50% (4627/9253), 9.30 MiB | 18.20 MiB/s
2023-12-01T00:26:46.1320891Z Receiving objects:  51% (4720/9253), 9.30 MiB | 18.20 MiB/s
2023-12-01T00:26:46.1371359Z Receiving objects:  52% (4812/9253), 9.30 MiB | 18.20 MiB/s
2023-12-01T00:26:46.1494445Z Receiving objects:  53% (4905/9253), 9.30 MiB | 18.20 MiB/s
2023-12-01T00:26:46.1788519Z Receiving objects:  54% (4997/9253), 9.30 MiB | 18.20 MiB/s
2023-12-01T00:26:46.1933971Z Receiving objects:  55% (5090/9253), 9.30 MiB | 18.20 MiB/s
2023-12-01T00:26:46.2030401Z Receiving objects:  56% (5182/9253), 9.30 MiB | 18.20 MiB/s
2023-12-01T00:26:46.2336858Z Receiving objects:  57% (5275/9253), 9.30 MiB | 18.20 MiB/s
2023-12-01T00:26:46.2448892Z Receiving objects:  58% (5367/9253), 9.30 MiB | 18.20 MiB/s
2023-12-01T00:26:46.2545898Z Receiving objects:  59% (5460/9253), 9.30 MiB | 18.20 MiB/s
2023-12-01T00:26:46.2649004Z Receiving objects:  60% (5552/9253), 9.30 MiB | 18.20 MiB/s
2023-12-01T00:26:46.2985204Z Receiving objects:  61% (5645/9253), 9.30 MiB | 18.20 MiB/s
2023-12-01T00:26:46.3108305Z Receiving objects:  62% (5737/9253), 9.30 MiB | 18.20 MiB/s
2023-12-01T00:26:46.3442004Z Receiving objects:  63% (5830/9253), 9.30 MiB | 18.20 MiB/s
2023-12-01T00:26:46.3552893Z Receiving objects:  64% (5922/9253), 9.30 MiB | 18.20 MiB/s
2023-12-01T00:26:46.3624160Z Receiving objects:  65% (6015/9253), 9.30 MiB | 18.20 MiB/s
2023-12-01T00:26:46.3691696Z Receiving objects:  66% (6107/9253), 9.30 MiB | 18.20 MiB/s
2023-12-01T00:26:46.3697129Z Receiving objects:  66% (6191/9253), 9.30 MiB | 18.20 MiB/s
2023-12-01T00:26:46.3801714Z Receiving objects:  67% (6200/9253), 9.30 MiB | 18.20 MiB/s
2023-12-01T00:26:46.4108371Z Receiving objects:  68% (6293/9253), 9.30 MiB | 18.20 MiB/s
2023-12-01T00:26:46.4267038Z Receiving objects:  69% (6385/9253), 28.33 MiB | 28.02 MiB/s
2023-12-01T00:26:46.4352856Z Receiving objects:  70% (6478/9253), 28.33 MiB | 28.02 MiB/s
2023-12-01T00:26:46.4631664Z Receiving objects:  71% (6570/9253), 28.33 MiB | 28.02 MiB/s
2023-12-01T00:26:46.4790532Z Receiving objects:  72% (6663/9253), 28.33 MiB | 28.02 MiB/s
2023-12-01T00:26:46.4878007Z Receiving objects:  73% (6755/9253), 28.33 MiB | 28.02 MiB/s
2023-12-01T00:26:46.4966330Z Receiving objects:  74% (6848/9253), 28.33 MiB | 28.02 MiB/s
2023-12-01T00:26:46.5234800Z Receiving objects:  75% (6940/9253), 28.33 MiB | 28.02 MiB/s
2023-12-01T00:26:46.5347120Z Receiving objects:  76% (7033/9253), 28.33 MiB | 28.02 MiB/s
2023-12-01T00:26:46.5463175Z Receiving objects:  77% (7125/9253), 28.33 MiB | 28.02 MiB/s
2023-12-01T00:26:46.5553889Z Receiving objects:  78% (7218/9253), 28.33 MiB | 28.02 MiB/s
2023-12-01T00:26:46.5781305Z Receiving objects:  79% (7310/9253), 28.33 MiB | 28.02 MiB/s
2023-12-01T00:26:46.5886987Z Receiving objects:  80% (7403/9253), 28.33 MiB | 28.02 MiB/s
2023-12-01T00:26:46.6006604Z Receiving objects:  81% (7495/9253), 28.33 MiB | 28.02 MiB/s
2023-12-01T00:26:46.6130964Z Receiving objects:  82% (7588/9253), 28.33 MiB | 28.02 MiB/s
2023-12-01T00:26:46.6415931Z Receiving objects:  83% (7680/9253), 28.33 MiB | 28.02 MiB/s
2023-12-01T00:26:46.6487018Z Receiving objects:  84% (7773/9253), 28.33 MiB | 28.02 MiB/s
2023-12-01T00:26:46.6601033Z Receiving objects:  85% (7866/9253), 28.33 MiB | 28.02 MiB/s
2023-12-01T00:26:46.6691071Z Receiving objects:  86% (7958/9253), 28.33 MiB | 28.02 MiB/s
2023-12-01T00:26:46.6951091Z Receiving objects:  87% (8051/9253), 28.33 MiB | 28.02 MiB/s
2023-12-01T00:26:46.7021952Z Receiving objects:  88% (8143/9253), 28.33 MiB | 28.02 MiB/s
2023-12-01T00:26:46.7036377Z Receiving objects:  89% (8236/9253), 28.33 MiB | 28.02 MiB/s
2023-12-01T00:26:46.7062569Z Receiving objects:  90% (8328/9253), 28.33 MiB | 28.02 MiB/s
2023-12-01T00:26:46.7066371Z Receiving objects:  91% (8421/9253), 28.33 MiB | 28.02 MiB/s
2023-12-01T00:26:46.7071320Z Receiving objects:  92% (8513/9253), 28.33 MiB | 28.02 MiB/s
2023-12-01T00:26:46.7075399Z Receiving objects:  93% (8606/9253), 28.33 MiB | 28.02 MiB/s
2023-12-01T00:26:46.7087083Z Receiving objects:  94% (8698/9253), 28.33 MiB | 28.02 MiB/s
2023-12-01T00:26:46.7202394Z Receiving objects:  95% (8791/9253), 28.33 MiB | 28.02 MiB/s
2023-12-01T00:26:46.7501022Z Receiving objects:  96% (8883/9253), 28.33 MiB | 28.02 MiB/s
2023-12-01T00:26:46.7729609Z Receiving objects:  97% (8976/9253), 28.33 MiB | 28.02 MiB/s
2023-12-01T00:26:46.7764637Z Receiving objects:  98% (9068/9253), 28.33 MiB | 28.02 MiB/s
2023-12-01T00:26:46.8146605Z Receiving objects:  99% (9161/9253), 28.33 MiB | 28.02 MiB/s
2023-12-01T00:26:46.8148023Z remote: Total 9253 (delta 5407), reused 8929 (delta 5329), pack-reused 0        
2023-12-01T00:26:46.8158067Z Receiving objects: 100% (9253/9253), 28.33 MiB | 28.02 MiB/s
2023-12-01T00:26:46.8159271Z Receiving objects: 100% (9253/9253), 44.90 MiB | 31.04 MiB/s, done.
2023-12-01T00:26:46.8203586Z Resolving deltas:   0% (0/5407)
2023-12-01T00:26:46.8288061Z Resolving deltas:   1% (55/5407)
2023-12-01T00:26:46.8381984Z Resolving deltas:   2% (109/5407)
2023-12-01T00:26:46.8459815Z Resolving deltas:   3% (163/5407)
2023-12-01T00:26:46.8511077Z Resolving deltas:   4% (217/5407)
2023-12-01T00:26:46.8582513Z Resolving deltas:   5% (271/5407)
2023-12-01T00:26:46.8619987Z Resolving deltas:   6% (325/5407)
2023-12-01T00:26:46.8627297Z Resolving deltas:   7% (379/5407)
2023-12-01T00:26:46.8632537Z Resolving deltas:   8% (433/5407)
2023-12-01T00:26:46.8637800Z Resolving deltas:   9% (488/5407)
2023-12-01T00:26:46.8643738Z Resolving deltas:  10% (541/5407)
2023-12-01T00:26:46.8652004Z Resolving deltas:  11% (595/5407)
2023-12-01T00:26:46.8654151Z Resolving deltas:  12% (649/5407)
2023-12-01T00:26:46.8664214Z Resolving deltas:  13% (703/5407)
2023-12-01T00:26:46.8770393Z Resolving deltas:  14% (757/5407)
2023-12-01T00:26:46.8920931Z Resolving deltas:  15% (812/5407)
2023-12-01T00:26:46.9060911Z Resolving deltas:  16% (866/5407)
2023-12-01T00:26:46.9153033Z Resolving deltas:  17% (920/5407)
2023-12-01T00:26:46.9318363Z Resolving deltas:  18% (974/5407)
2023-12-01T00:26:46.9498564Z Resolving deltas:  19% (1028/5407)
2023-12-01T00:26:46.9590663Z Resolving deltas:  20% (1082/5407)
2023-12-01T00:26:46.9711127Z Resolving deltas:  21% (1136/5407)
2023-12-01T00:26:46.9771590Z Resolving deltas:  22% (1190/5407)
2023-12-01T00:26:46.9786082Z Resolving deltas:  23% (1244/5407)
2023-12-01T00:26:46.9788268Z Resolving deltas:  24% (1298/5407)
2023-12-01T00:26:46.9797479Z Resolving deltas:  25% (1352/5407)
2023-12-01T00:26:46.9834727Z Resolving deltas:  26% (1406/5407)
2023-12-01T00:26:46.9965728Z Resolving deltas:  27% (1460/5407)
2023-12-01T00:26:46.9979192Z Resolving deltas:  28% (1514/5407)
2023-12-01T00:26:46.9987376Z Resolving deltas:  29% (1569/5407)
2023-12-01T00:26:46.9996174Z Resolving deltas:  30% (1623/5407)
2023-12-01T00:26:47.0012438Z Resolving deltas:  31% (1678/5407)
2023-12-01T00:26:47.0028507Z Resolving deltas:  32% (1731/5407)
2023-12-01T00:26:47.0039845Z Resolving deltas:  33% (1785/5407)
2023-12-01T00:26:47.0046197Z Resolving deltas:  34% (1839/5407)
2023-12-01T00:26:47.0048544Z Resolving deltas:  35% (1893/5407)
2023-12-01T00:26:47.0051067Z Resolving deltas:  36% (1947/5407)
2023-12-01T00:26:47.0053043Z Resolving deltas:  37% (2001/5407)
2023-12-01T00:26:47.0066457Z Resolving deltas:  38% (2055/5407)
2023-12-01T00:26:47.0094684Z Resolving deltas:  39% (2109/5407)
2023-12-01T00:26:47.0116528Z Resolving deltas:  40% (2163/5407)
2023-12-01T00:26:47.0143523Z Resolving deltas:  41% (2217/5407)
2023-12-01T00:26:47.0160798Z Resolving deltas:  42% (2271/5407)
2023-12-01T00:26:47.0174552Z Resolving deltas:  43% (2326/5407)
2023-12-01T00:26:47.0181448Z Resolving deltas:  44% (2380/5407)
2023-12-01T00:26:47.0200042Z Resolving deltas:  45% (2434/5407)
2023-12-01T00:26:47.0308912Z Resolving deltas:  46% (2488/5407)
2023-12-01T00:26:47.0404929Z Resolving deltas:  47% (2542/5407)
2023-12-01T00:26:47.0590947Z Resolving deltas:  48% (2596/5407)
2023-12-01T00:26:47.0693919Z Resolving deltas:  49% (2650/5407)
2023-12-01T00:26:47.0815626Z Resolving deltas:  50% (2704/5407)
2023-12-01T00:26:47.0957900Z Resolving deltas:  51% (2758/5407)
2023-12-01T00:26:47.1068907Z Resolving deltas:  52% (2812/5407)
2023-12-01T00:26:47.1276050Z Resolving deltas:  53% (2866/5407)
2023-12-01T00:26:47.1401553Z Resolving deltas:  54% (2920/5407)
2023-12-01T00:26:47.1624521Z Resolving deltas:  55% (2974/5407)
2023-12-01T00:26:47.1831431Z Resolving deltas:  56% (3028/5407)
2023-12-01T00:26:47.2029707Z Resolving deltas:  57% (3082/5407)
2023-12-01T00:26:47.2054556Z Resolving deltas:  58% (3137/5407)
2023-12-01T00:26:47.2074943Z Resolving deltas:  59% (3191/5407)
2023-12-01T00:26:47.2093095Z Resolving deltas:  60% (3245/5407)
2023-12-01T00:26:47.2232292Z Resolving deltas:  61% (3299/5407)
2023-12-01T00:26:47.2414592Z Resolving deltas:  62% (3353/5407)
2023-12-01T00:26:47.2513561Z Resolving deltas:  63% (3407/5407)
2023-12-01T00:26:47.2594674Z Resolving deltas:  64% (3462/5407)
2023-12-01T00:26:47.2655860Z Resolving deltas:  65% (3515/5407)
2023-12-01T00:26:47.2670211Z Resolving deltas:  66% (3569/5407)
2023-12-01T00:26:47.2683489Z Resolving deltas:  67% (3623/5407)
2023-12-01T00:26:47.2687339Z Resolving deltas:  68% (3677/5407)
2023-12-01T00:26:47.2690481Z Resolving deltas:  69% (3731/5407)
2023-12-01T00:26:47.2697985Z Resolving deltas:  70% (3785/5407)
2023-12-01T00:26:47.2703825Z Resolving deltas:  71% (3839/5407)
2023-12-01T00:26:47.2705870Z Resolving deltas:  72% (3894/5407)
2023-12-01T00:26:47.2710890Z Resolving deltas:  73% (3948/5407)
2023-12-01T00:26:47.2716970Z Resolving deltas:  74% (4002/5407)
2023-12-01T00:26:47.2724350Z Resolving deltas:  75% (4056/5407)
2023-12-01T00:26:47.2739032Z Resolving deltas:  76% (4110/5407)
2023-12-01T00:26:47.2756432Z Resolving deltas:  77% (4164/5407)
2023-12-01T00:26:47.2766357Z Resolving deltas:  78% (4218/5407)
2023-12-01T00:26:47.2774708Z Resolving deltas:  79% (4272/5407)
2023-12-01T00:26:47.2782298Z Resolving deltas:  80% (4326/5407)
2023-12-01T00:26:47.2835663Z Resolving deltas:  81% (4380/5407)
2023-12-01T00:26:47.2980125Z Resolving deltas:  82% (4434/5407)
2023-12-01T00:26:47.3081096Z Resolving deltas:  83% (4489/5407)
2023-12-01T00:26:47.3181192Z Resolving deltas:  84% (4542/5407)
2023-12-01T00:26:47.3235731Z Resolving deltas:  85% (4596/5407)
2023-12-01T00:26:47.3267852Z Resolving deltas:  86% (4651/5407)
2023-12-01T00:26:47.3303000Z Resolving deltas:  87% (4705/5407)
2023-12-01T00:26:47.3335826Z Resolving deltas:  88% (4759/5407)
2023-12-01T00:26:47.3371624Z Resolving deltas:  89% (4813/5407)
2023-12-01T00:26:47.3440911Z Resolving deltas:  90% (4867/5407)
2023-12-01T00:26:47.3509897Z Resolving deltas:  91% (4921/5407)
2023-12-01T00:26:47.3595701Z Resolving deltas:  92% (4975/5407)
2023-12-01T00:26:47.3630821Z Resolving deltas:  93% (5029/5407)
2023-12-01T00:26:47.3671581Z Resolving deltas:  94% (5083/5407)
2023-12-01T00:26:47.3717361Z Resolving deltas:  95% (5137/5407)
2023-12-01T00:26:47.3764831Z Resolving deltas:  96% (5191/5407)
2023-12-01T00:26:47.3792842Z Resolving deltas:  97% (5245/5407)
2023-12-01T00:26:47.3861432Z Resolving deltas:  98% (5299/5407)
2023-12-01T00:26:47.3898061Z Resolving deltas:  99% (5353/5407)
2023-12-01T00:26:47.3901507Z Resolving deltas: 100% (5407/5407)
2023-12-01T00:26:47.3901995Z Resolving deltas: 100% (5407/5407), done.
2023-12-01T00:26:47.4571578Z From https://github.com/seanpm2001/GitHub_Stats_A
2023-12-01T00:26:47.4572652Z  * [new ref]         76bdba531a8f39cf7724c778a0dc0c7427cff8fb -> origin/master
2023-12-01T00:26:47.4597985Z ##[endgroup]
2023-12-01T00:26:47.4598679Z ##[group]Determining the checkout info
2023-12-01T00:26:47.4600623Z ##[endgroup]
2023-12-01T00:26:47.4601306Z ##[group]Checking out the ref
2023-12-01T00:26:47.4605121Z [command]/usr/bin/git checkout --progress --force -B master refs/remotes/origin/master
2023-12-01T00:26:48.4834734Z Updating files:  70% (6777/9621)
2023-12-01T00:26:48.5050917Z Updating files:  71% (6831/9621)
2023-12-01T00:26:48.5173234Z Updating files:  72% (6928/9621)
2023-12-01T00:26:48.5324852Z Updating files:  73% (7024/9621)
2023-12-01T00:26:48.5467330Z Updating files:  74% (7120/9621)
2023-12-01T00:26:48.5619189Z Updating files:  75% (7216/9621)
2023-12-01T00:26:48.5728103Z Updating files:  76% (7312/9621)
2023-12-01T00:26:48.5819056Z Updating files:  77% (7409/9621)
2023-12-01T00:26:48.5960395Z Updating files:  78% (7505/9621)
2023-12-01T00:26:48.6081768Z Updating files:  79% (7601/9621)
2023-12-01T00:26:48.6160990Z Updating files:  80% (7697/9621)
2023-12-01T00:26:48.6335637Z Updating files:  81% (7794/9621)
2023-12-01T00:26:48.6463193Z Updating files:  82% (7890/9621)
2023-12-01T00:26:48.6499746Z Updating files:  83% (7986/9621)
2023-12-01T00:26:48.6561832Z Updating files:  84% (8082/9621)
2023-12-01T00:26:48.6635780Z Updating files:  85% (8178/9621)
2023-12-01T00:26:48.6728862Z Updating files:  86% (8275/9621)
2023-12-01T00:26:48.6839355Z Updating files:  87% (8371/9621)
2023-12-01T00:26:48.6927833Z Updating files:  88% (8467/9621)
2023-12-01T00:26:48.7068792Z Updating files:  89% (8563/9621)
2023-12-01T00:26:48.7208088Z Updating files:  90% (8659/9621)
2023-12-01T00:26:48.7358926Z Updating files:  91% (8756/9621)
2023-12-01T00:26:48.7548057Z Updating files:  92% (8852/9621)
2023-12-01T00:26:48.7759191Z Updating files:  93% (8948/9621)
2023-12-01T00:26:48.7910307Z Updating files:  94% (9044/9621)
2023-12-01T00:26:48.7994701Z Updating files:  95% (9140/9621)
2023-12-01T00:26:48.8105845Z Updating files:  96% (9237/9621)
2023-12-01T00:26:48.8231586Z Updating files:  97% (9333/9621)
2023-12-01T00:26:48.8363086Z Updating files:  98% (9429/9621)
2023-12-01T00:26:48.8496190Z Updating files:  99% (9525/9621)
2023-12-01T00:26:48.8496856Z Updating files: 100% (9621/9621)
2023-12-01T00:26:48.8497550Z Updating files: 100% (9621/9621), done.
2023-12-01T00:26:48.8633997Z Reset branch 'master'
2023-12-01T00:26:48.8635022Z branch 'master' set up to track 'origin/master'.
2023-12-01T00:26:48.8739408Z ##[endgroup]
2023-12-01T00:26:48.8786747Z [command]/usr/bin/git log -1 --format='%H'
2023-12-01T00:26:48.8820832Z '76bdba531a8f39cf7724c778a0dc0c7427cff8fb'
2023-12-01T00:26:48.9153705Z ##[group]Run actions/setup-python@v4
2023-12-01T00:26:48.9154125Z with:
2023-12-01T00:26:48.9154533Z   python-version: 3.8
2023-12-01T00:26:48.9154916Z   architecture: x64
2023-12-01T00:26:48.9155219Z   cache: pip
2023-12-01T00:26:48.9155602Z   check-latest: false
2023-12-01T00:26:48.9156129Z   token: ***
2023-12-01T00:26:48.9156532Z   update-environment: true
2023-12-01T00:26:48.9156883Z   allow-prereleases: false
2023-12-01T00:26:48.9157257Z ##[endgroup]
2023-12-01T00:26:49.0493742Z ##[group]Installed versions
2023-12-01T00:26:49.0568087Z Successfully set up CPython (3.8.18)
2023-12-01T00:26:49.0569514Z ##[endgroup]
2023-12-01T00:26:49.9544370Z [command]/opt/hostedtoolcache/Python/3.8.18/x64/bin/pip cache dir
2023-12-01T00:26:52.6041466Z /home/runner/.cache/pip
2023-12-01T00:26:54.1336843Z Received 6245959 of 6245959 (100.0%), 6.3 MBs/sec
2023-12-01T00:26:54.1338061Z Cache Size: ~6 MB (6245959 B)
2023-12-01T00:26:54.1364354Z [command]/usr/bin/tar -xf /home/runner/work/_temp/5ef4117d-1a07-4771-acbf-88d1be4237a0/cache.tzst -P -C /home/runner/work/GitHub_Stats_A/GitHub_Stats_A --use-compress-program unzstd
2023-12-01T00:26:54.1639263Z Cache restored successfully
2023-12-01T00:26:54.1660249Z Cache restored from key: setup-python-Linux-22.04-Ubuntu-python-3.8.18-pip-60f2a6c0212a9b74a155cd81b58dd07fd8b180833132566260d95f4de42fe218
2023-12-01T00:26:54.1854819Z ##[group]Run python3 -m pip install --upgrade pip setuptools wheel
2023-12-01T00:26:54.1855642Z [36;1mpython3 -m pip install --upgrade pip setuptools wheel[0m
2023-12-01T00:26:54.1856285Z [36;1mpython3 -m pip install -r requirements.txt[0m
2023-12-01T00:26:54.1933336Z shell: /usr/bin/bash -e {0}
2023-12-01T00:26:54.1933910Z env:
2023-12-01T00:26:54.1934326Z   pythonLocation: /opt/hostedtoolcache/Python/3.8.18/x64
2023-12-01T00:26:54.1935090Z   PKG_CONFIG_PATH: /opt/hostedtoolcache/Python/3.8.18/x64/lib/pkgconfig
2023-12-01T00:26:54.1935741Z   Python_ROOT_DIR: /opt/hostedtoolcache/Python/3.8.18/x64
2023-12-01T00:26:54.1936289Z   Python2_ROOT_DIR: /opt/hostedtoolcache/Python/3.8.18/x64
2023-12-01T00:26:54.1936945Z   Python3_ROOT_DIR: /opt/hostedtoolcache/Python/3.8.18/x64
2023-12-01T00:26:54.1937537Z   LD_LIBRARY_PATH: /opt/hostedtoolcache/Python/3.8.18/x64/lib
2023-12-01T00:26:54.1938031Z ##[endgroup]
2023-12-01T00:26:55.1405596Z Requirement already satisfied: pip in /opt/hostedtoolcache/Python/3.8.18/x64/lib/python3.8/site-packages (23.0.1)
2023-12-01T00:26:55.3206638Z Collecting pip
2023-12-01T00:26:55.3979592Z   Downloading pip-23.3.1-py3-none-any.whl.metadata (3.5 kB)
2023-12-01T00:26:55.4013971Z Requirement already satisfied: setuptools in /opt/hostedtoolcache/Python/3.8.18/x64/lib/python3.8/site-packages (56.0.0)
2023-12-01T00:26:55.6453261Z Collecting setuptools
2023-12-01T00:26:55.6586428Z   Downloading setuptools-69.0.2-py3-none-any.whl.metadata (6.3 kB)
2023-12-01T00:26:55.7033947Z Collecting wheel
2023-12-01T00:26:55.7139435Z   Downloading wheel-0.42.0-py3-none-any.whl.metadata (2.2 kB)
2023-12-01T00:26:55.7720622Z Downloading pip-23.3.1-py3-none-any.whl (2.1 MB)
2023-12-01T00:26:55.8359654Z    â”â”â”â”â”â”â”â”â”â”â”â”â”â”â”â”â”â”â”â”â”â”â”â”â”â”â”â”â”â”â”â”â”â”â”â”â”â”â”â” 2.1/2.1 MB 35.6 MB/s eta 0:00:00
2023-12-01T00:26:55.8500568Z Downloading setuptools-69.0.2-py3-none-any.whl (819 kB)
2023-12-01T00:26:55.8609845Z    â”â”â”â”â”â”â”â”â”â”â”â”â”â”â”â”â”â”â”â”â”â”â”â”â”â”â”â”â”â”â”â”â”â”â”â”â”â”â”â” 819.5/819.5 kB 91.2 MB/s eta 0:00:00
2023-12-01T00:26:55.8718018Z Downloading wheel-0.42.0-py3-none-any.whl (65 kB)
2023-12-01T00:26:55.8772550Z    â”â”â”â”â”â”â”â”â”â”â”â”â”â”â”â”â”â”â”â”â”â”â”â”â”â”â”â”â”â”â”â”â”â”â”â”â”â”â”â” 65.4/65.4 kB 17.0 MB/s eta 0:00:00
2023-12-01T00:26:56.0134262Z Installing collected packages: wheel, setuptools, pip
2023-12-01T00:26:56.0526774Z   Attempting uninstall: setuptools
2023-12-01T00:26:56.0533357Z     Found existing installation: setuptools 56.0.0
2023-12-01T00:26:56.0681785Z     Uninstalling setuptools-56.0.0:
2023-12-01T00:26:56.0778469Z       Successfully uninstalled setuptools-56.0.0
2023-12-01T00:26:56.4539998Z   Attempting uninstall: pip
2023-12-01T00:26:56.4545300Z     Found existing installation: pip 23.0.1
2023-12-01T00:26:56.5249275Z     Uninstalling pip-23.0.1:
2023-12-01T00:26:56.5710873Z       Successfully uninstalled pip-23.0.1
2023-12-01T00:26:57.5502187Z Successfully installed pip-23.3.1 setuptools-69.0.2 wheel-0.42.0
2023-12-01T00:26:58.2754689Z Collecting requests (from -r requirements.txt (line 1))
2023-12-01T00:26:58.3422214Z   Downloading requests-2.31.0-py3-none-any.whl.metadata (4.6 kB)
2023-12-01T00:26:58.6146852Z Collecting aiohttp (from -r requirements.txt (line 2))
2023-12-01T00:26:58.6279268Z   Downloading aiohttp-3.9.1-cp38-cp38-manylinux_2_17_x86_64.manylinux2014_x86_64.whl.metadata (7.4 kB)
2023-12-01T00:26:58.7286500Z Collecting charset-normalizer<4,>=2 (from requests->-r requirements.txt (line 1))
2023-12-01T00:26:58.7396610Z   Downloading charset_normalizer-3.3.2-cp38-cp38-manylinux_2_17_x86_64.manylinux2014_x86_64.whl.metadata (33 kB)
2023-12-01T00:26:58.7775642Z Collecting idna<4,>=2.5 (from requests->-r requirements.txt (line 1))
2023-12-01T00:26:58.7879913Z   Downloading idna-3.6-py3-none-any.whl.metadata (9.9 kB)
2023-12-01T00:26:58.8472408Z Collecting urllib3<3,>=1.21.1 (from requests->-r requirements.txt (line 1))
2023-12-01T00:26:58.8591061Z   Downloading urllib3-2.1.0-py3-none-any.whl.metadata (6.4 kB)
2023-12-01T00:26:58.8934160Z Collecting certifi>=2017.4.17 (from requests->-r requirements.txt (line 1))
2023-12-01T00:26:58.9039211Z   Downloading certifi-2023.11.17-py3-none-any.whl.metadata (2.2 kB)
2023-12-01T00:26:58.9444545Z Collecting attrs>=17.3.0 (from aiohttp->-r requirements.txt (line 2))
2023-12-01T00:26:58.9549824Z   Downloading attrs-23.1.0-py3-none-any.whl (61 kB)
2023-12-01T00:26:58.9651216Z      â”â”â”â”â”â”â”â”â”â”â”â”â”â”â”â”â”â”â”â”â”â”â”â”â”â”â”â”â”â”â”â”â”â”â”â”â”â”â”â” 61.2/61.2 kB 6.9 MB/s eta 0:00:00
2023-12-01T00:26:59.1605187Z Collecting multidict<7.0,>=4.5 (from aiohttp->-r requirements.txt (line 2))
2023-12-01T00:26:59.1714491Z   Downloading multidict-6.0.4-cp38-cp38-manylinux_2_17_x86_64.manylinux2014_x86_64.whl (121 kB)
2023-12-01T00:26:59.1873171Z      â”â”â”â”â”â”â”â”â”â”â”â”â”â”â”â”â”â”â”â”â”â”â”â”â”â”â”â”â”â”â”â”â”â”â”â”â”â”â” 121.3/121.3 kB 8.3 MB/s eta 0:00:00
2023-12-01T00:26:59.3182236Z Collecting yarl<2.0,>=1.0 (from aiohttp->-r requirements.txt (line 2))
2023-12-01T00:26:59.3289908Z   Downloading yarl-1.9.3-cp38-cp38-manylinux_2_17_x86_64.manylinux2014_x86_64.whl.metadata (28 kB)
2023-12-01T00:26:59.3926240Z Collecting frozenlist>=1.1.1 (from aiohttp->-r requirements.txt (line 2))
2023-12-01T00:26:59.4038148Z   Downloading frozenlist-1.4.0-cp38-cp38-manylinux_2_5_x86_64.manylinux1_x86_64.manylinux_2_17_x86_64.manylinux2014_x86_64.whl.metadata (5.2 kB)
2023-12-01T00:26:59.4446827Z Collecting aiosignal>=1.1.2 (from aiohttp->-r requirements.txt (line 2))
2023-12-01T00:26:59.4552649Z   Downloading aiosignal-1.3.1-py3-none-any.whl (7.6 kB)
2023-12-01T00:26:59.4824780Z Collecting async-timeout<5.0,>=4.0 (from aiohttp->-r requirements.txt (line 2))
2023-12-01T00:26:59.4934983Z   Downloading async_timeout-4.0.3-py3-none-any.whl.metadata (4.2 kB)
2023-12-01T00:26:59.5615204Z Downloading requests-2.31.0-py3-none-any.whl (62 kB)
2023-12-01T00:26:59.5701080Z    â”â”â”â”â”â”â”â”â”â”â”â”â”â”â”â”â”â”â”â”â”â”â”â”â”â”â”â”â”â”â”â”â”â”â”â”â”â”â”â” 62.6/62.6 kB 8.2 MB/s eta 0:00:00
2023-12-01T00:26:59.5805992Z Downloading aiohttp-3.9.1-cp38-cp38-manylinux_2_17_x86_64.manylinux2014_x86_64.whl (1.3 MB)
2023-12-01T00:26:59.6960995Z    â”â”â”â”â”â”â”â”â”â”â”â”â”â”â”â”â”â”â”â”â”â”â”â”â”â”â”â”â”â”â”â”â”â”â”â”â”â”â”â” 1.3/1.3 MB 11.0 MB/s eta 0:00:00
2023-12-01T00:26:59.7067468Z Downloading async_timeout-4.0.3-py3-none-any.whl (5.7 kB)
2023-12-01T00:26:59.7199344Z Downloading certifi-2023.11.17-py3-none-any.whl (162 kB)
2023-12-01T00:26:59.7338668Z    â”â”â”â”â”â”â”â”â”â”â”â”â”â”â”â”â”â”â”â”â”â”â”â”â”â”â”â”â”â”â”â”â”â”â”â”â”â”â”â” 162.5/162.5 kB 12.9 MB/s eta 0:00:00
2023-12-01T00:26:59.7461049Z Downloading charset_normalizer-3.3.2-cp38-cp38-manylinux_2_17_x86_64.manylinux2014_x86_64.whl (141 kB)
2023-12-01T00:26:59.7575454Z    â”â”â”â”â”â”â”â”â”â”â”â”â”â”â”â”â”â”â”â”â”â”â”â”â”â”â”â”â”â”â”â”â”â”â”â”â”â”â”â” 141.1/141.1 kB 14.2 MB/s eta 0:00:00
2023-12-01T00:26:59.7700630Z Downloading frozenlist-1.4.0-cp38-cp38-manylinux_2_5_x86_64.manylinux1_x86_64.manylinux_2_17_x86_64.manylinux2014_x86_64.whl (220 kB)
2023-12-01T00:26:59.7860595Z    â”â”â”â”â”â”â”â”â”â”â”â”â”â”â”â”â”â”â”â”â”â”â”â”â”â”â”â”â”â”â”â”â”â”â”â”â”â”â”â” 220.1/220.1 kB 15.0 MB/s eta 0:00:00
2023-12-01T00:26:59.7965360Z Downloading idna-3.6-py3-none-any.whl (61 kB)
2023-12-01T00:26:59.8016997Z    â”â”â”â”â”â”â”â”â”â”â”â”â”â”â”â”â”â”â”â”â”â”â”â”â”â”â”â”â”â”â”â”â”â”â”â”â”â”â”â” 61.6/61.6 kB 16.2 MB/s eta 0:00:00
2023-12-01T00:26:59.8122638Z Downloading urllib3-2.1.0-py3-none-any.whl (104 kB)
2023-12-01T00:26:59.8189863Z    â”â”â”â”â”â”â”â”â”â”â”â”â”â”â”â”â”â”â”â”â”â”â”â”â”â”â”â”â”â”â”â”â”â”â”â”â”â”â”â” 104.6/104.6 kB 19.8 MB/s eta 0:00:00
2023-12-01T00:26:59.8324551Z Downloading yarl-1.9.3-cp38-cp38-manylinux_2_17_x86_64.manylinux2014_x86_64.whl (307 kB)
2023-12-01T00:26:59.8522030Z    â”â”â”â”â”â”â”â”â”â”â”â”â”â”â”â”â”â”â”â”â”â”â”â”â”â”â”â”â”â”â”â”â”â”â”â”â”â”â”â” 307.9/307.9 kB 16.7 MB/s eta 0:00:00
2023-12-01T00:26:59.9464391Z Installing collected packages: urllib3, multidict, idna, frozenlist, charset-normalizer, certifi, attrs, async-timeout, yarl, requests, aiosignal, aiohttp
2023-12-01T00:27:00.3437650Z Successfully installed aiohttp-3.9.1 aiosignal-1.3.1 async-timeout-4.0.3 attrs-23.1.0 certifi-2023.11.17 charset-normalizer-3.3.2 frozenlist-1.4.0 idna-3.6 multidict-6.0.4 requests-2.31.0 urllib3-2.1.0 yarl-1.9.3
2023-12-01T00:27:00.4841577Z ##[group]Run python3 --version
2023-12-01T00:27:00.4842063Z [36;1mpython3 --version[0m
2023-12-01T00:27:00.4842494Z [36;1mpython3 generate_images.py[0m
2023-12-01T00:27:00.4903995Z shell: /usr/bin/bash -e {0}
2023-12-01T00:27:00.4904496Z env:
2023-12-01T00:27:00.4904922Z   pythonLocation: /opt/hostedtoolcache/Python/3.8.18/x64
2023-12-01T00:27:00.4905576Z   PKG_CONFIG_PATH: /opt/hostedtoolcache/Python/3.8.18/x64/lib/pkgconfig
2023-12-01T00:27:00.4906312Z   Python_ROOT_DIR: /opt/hostedtoolcache/Python/3.8.18/x64
2023-12-01T00:27:00.4906913Z   Python2_ROOT_DIR: /opt/hostedtoolcache/Python/3.8.18/x64
2023-12-01T00:27:00.4907450Z   Python3_ROOT_DIR: /opt/hostedtoolcache/Python/3.8.18/x64
2023-12-01T00:27:00.4908126Z   LD_LIBRARY_PATH: /opt/hostedtoolcache/Python/3.8.18/x64/lib
2023-12-01T00:27:00.4908870Z   ACCESS_TOKEN: ***
2023-12-01T00:27:00.4909437Z   GITHUB_TOKEN: ***
2023-12-01T00:27:00.4909808Z   EXCLUDED: 
2023-12-01T00:27:00.4910133Z   EXCLUDED_LANGS: 
2023-12-01T00:27:00.4910664Z   EXCLUDE_FORKED_REPOS: true
2023-12-01T00:27:00.4911013Z ##[endgroup]
2023-12-01T00:27:00.5008446Z Python 3.8.18
2023-12-01T00:36:40.4086802Z A path returned 202. Retrying...
2023-12-01T00:36:40.4088195Z A path returned 202. Retrying...
2023-12-01T00:36:40.4090549Z A path returned 202. Retrying...
2023-12-01T00:36:40.4093529Z A path returned 202. Retrying...
2023-12-01T00:36:40.4094698Z A path returned 202. Retrying...
2023-12-01T00:36:40.4095416Z A path returned 202. Retrying...
2023-12-01T00:36:40.4095840Z A path returned 202. Retrying...
2023-12-01T00:36:40.4096280Z A path returned 202. Retrying...
2023-12-01T00:36:40.4096753Z A path returned 202. Retrying...
2023-12-01T00:36:40.4097151Z A path returned 202. Retrying...
2023-12-01T00:36:40.4097637Z A path returned 202. Retrying...
2023-12-01T00:36:40.4098002Z A path returned 202. Retrying...
2023-12-01T00:36:40.4098405Z A path returned 202. Retrying...
2023-12-01T00:36:40.4098888Z A path returned 202. Retrying...
2023-12-01T00:36:40.4099296Z A path returned 202. Retrying...
2023-12-01T00:36:40.4099731Z A path returned 202. Retrying...
2023-12-01T00:36:40.4100193Z A path returned 202. Retrying...
2023-12-01T00:36:40.4100591Z A path returned 202. Retrying...
2023-12-01T00:36:40.4100963Z A path returned 202. Retrying...
2023-12-01T00:36:40.4101420Z A path returned 202. Retrying...
2023-12-01T00:36:40.4101809Z A path returned 202. Retrying...
2023-12-01T00:36:40.4102212Z A path returned 202. Retrying...
2023-12-01T00:36:40.4102661Z A path returned 202. Retrying...
2023-12-01T00:36:40.4103808Z A path returned 202. Retrying...
2023-12-01T00:36:40.4104330Z A path returned 202. Retrying...
2023-12-01T00:36:40.4104728Z A path returned 202. Retrying...
2023-12-01T00:36:40.4105144Z A path returned 202. Retrying...
2023-12-01T00:36:40.4105614Z A path returned 202. Retrying...
2023-12-01T00:36:40.4106025Z A path returned 202. Retrying...
2023-12-01T00:36:40.4106433Z A path returned 202. Retrying...
2023-12-01T00:36:40.4106900Z A path returned 202. Retrying...
2023-12-01T00:36:40.4107545Z A path returned 202. Retrying...
2023-12-01T00:36:40.4107968Z A path returned 202. Retrying...
2023-12-01T00:36:40.4108628Z A path returned 202. Retrying...
2023-12-01T00:36:40.4109050Z A path returned 202. Retrying...
2023-12-01T00:36:40.4109462Z A path returned 202. Retrying...
2023-12-01T00:36:40.4110084Z A path returned 202. Retrying...
2023-12-01T00:36:40.4110481Z A path returned 202. Retrying...
2023-12-01T00:36:40.4110965Z A path returned 202. Retrying...
2023-12-01T00:36:40.4111324Z A path returned 202. Retrying...
2023-12-01T00:36:40.4111721Z A path returned 202. Retrying...
2023-12-01T00:36:40.4112193Z A path returned 202. Retrying...
2023-12-01T00:36:40.4112590Z A path returned 202. Retrying...
2023-12-01T00:36:40.4112979Z A path returned 202. Retrying...
2023-12-01T00:36:40.4113451Z A path returned 202. Retrying...
2023-12-01T00:36:40.4113850Z A path returned 202. Retrying...
2023-12-01T00:36:40.4114204Z A path returned 202. Retrying...
2023-12-01T00:36:40.4114955Z A path returned 202. Retrying...
2023-12-01T00:36:40.4115379Z A path returned 202. Retrying...
2023-12-01T00:36:40.4115796Z A path returned 202. Retrying...
2023-12-01T00:36:40.4116261Z A path returned 202. Retrying...
2023-12-01T00:36:40.4116670Z A path returned 202. Retrying...
2023-12-01T00:36:40.4117123Z A path returned 202. Retrying...
2023-12-01T00:36:40.4117480Z A path returned 202. Retrying...
2023-12-01T00:36:40.4117885Z A path returned 202. Retrying...
2023-12-01T00:36:40.4118341Z A path returned 202. Retrying...
2023-12-01T00:36:40.4118734Z A path returned 202. Retrying...
2023-12-01T00:36:40.4119137Z A path returned 202. Retrying...
2023-12-01T00:36:40.4119615Z A path returned 202. Retrying...
2023-12-01T00:36:40.4120018Z A path returned 202. Retrying...
2023-12-01T00:36:40.4120372Z A path returned 202. Retrying...
2023-12-01T00:36:40.4120822Z A path returned 202. Retrying...
2023-12-01T00:36:40.4121226Z A path returned 202. Retrying...
2023-12-01T00:36:40.4121614Z A path returned 202. Retrying...
2023-12-01T00:36:40.4122086Z A path returned 202. Retrying...
2023-12-01T00:36:40.4122475Z A path returned 202. Retrying...
2023-12-01T00:36:40.4122924Z A path returned 202. Retrying...
2023-12-01T00:36:40.4123296Z A path returned 202. Retrying...
2023-12-01T00:36:40.4123688Z A path returned 202. Retrying...
2023-12-01T00:36:40.4124172Z A path returned 202. Retrying...
2023-12-01T00:36:40.4124576Z A path returned 202. Retrying...
2023-12-01T00:36:40.4124967Z A path returned 202. Retrying...
2023-12-01T00:36:40.4125431Z A path returned 202. Retrying...
2023-12-01T00:36:40.4125822Z A path returned 202. Retrying...
2023-12-01T00:36:40.4126176Z A path returned 202. Retrying...
2023-12-01T00:36:40.4126644Z A path returned 202. Retrying...
2023-12-01T00:36:40.4127034Z A path returned 202. Retrying...
2023-12-01T00:36:40.4127422Z A path returned 202. Retrying...
2023-12-01T00:36:40.4127895Z A path returned 202. Retrying...
2023-12-01T00:36:40.4128284Z A path returned 202. Retrying...
2023-12-01T00:36:40.4128783Z A path returned 202. Retrying...
2023-12-01T00:36:40.4129140Z A path returned 202. Retrying...
2023-12-01T00:36:40.4129527Z A path returned 202. Retrying...
2023-12-01T00:36:40.4130237Z A path returned 202. Retrying...
2023-12-01T00:36:40.4130659Z A path returned 202. Retrying...
2023-12-01T00:36:40.4131067Z A path returned 202. Retrying...
2023-12-01T00:36:40.4131571Z A path returned 202. Retrying...
2023-12-01T00:36:40.4131959Z A path returned 202. Retrying...
2023-12-01T00:36:40.4132332Z A path returned 202. Retrying...
2023-12-01T00:36:40.4133012Z A path returned 202. Retrying...
2023-12-01T00:36:40.4133418Z A path returned 202. Retrying...
2023-12-01T00:36:40.4133834Z A path returned 202. Retrying...
2023-12-01T00:36:40.4134301Z A path returned 202. Retrying...
2023-12-01T00:36:40.4134704Z A path returned 202. Retrying...
2023-12-01T00:36:40.4135255Z A path returned 202. Retrying...
2023-12-01T00:36:40.4135613Z A path returned 202. Retrying...
2023-12-01T00:36:40.4136016Z A path returned 202. Retrying...
2023-12-01T00:36:40.4136472Z A path returned 202. Retrying...
2023-12-01T00:36:40.4136879Z A path returned 202. Retrying...
2023-12-01T00:36:40.4137267Z A path returned 202. Retrying...
2023-12-01T00:36:40.4137733Z A path returned 202. Retrying...
2023-12-01T00:36:40.4138165Z A path returned 202. Retrying...
2023-12-01T00:36:40.4138519Z A path returned 202. Retrying...
2023-12-01T00:36:40.4138985Z A path returned 202. Retrying...
2023-12-01T00:36:40.4139372Z A path returned 202. Retrying...
2023-12-01T00:36:40.4139760Z A path returned 202. Retrying...
2023-12-01T00:36:40.4140235Z A path returned 202. Retrying...
2023-12-01T00:36:40.4140619Z A path returned 202. Retrying...
2023-12-01T00:36:40.4141079Z A path returned 202. Retrying...
2023-12-01T00:36:40.4141432Z A path returned 202. Retrying...
2023-12-01T00:36:40.4141817Z A path returned 202. Retrying...
2023-12-01T00:36:40.4142285Z A path returned 202. Retrying...
2023-12-01T00:36:40.4142670Z A path returned 202. Retrying...
2023-12-01T00:36:40.4143260Z A path returned 202. Retrying...
2023-12-01T00:36:40.4143751Z A path returned 202. Retrying...
2023-12-01T00:36:40.4144143Z A path returned 202. Retrying...
2023-12-01T00:36:40.4144513Z A path returned 202. Retrying...
2023-12-01T00:36:40.4144964Z A path returned 202. Retrying...
2023-12-01T00:36:40.4145350Z A path returned 202. Retrying...
2023-12-01T00:36:40.4145754Z A path returned 202. Retrying...
2023-12-01T00:36:40.4146207Z A path returned 202. Retrying...
2023-12-01T00:36:40.4146610Z A path returned 202. Retrying...
2023-12-01T00:36:40.4147068Z A path returned 202. Retrying...
2023-12-01T00:36:40.4147452Z A path returned 202. Retrying...
2023-12-01T00:36:40.4147856Z A path returned 202. Retrying...
2023-12-01T00:36:40.4148304Z A path returned 202. Retrying...
2023-12-01T00:36:40.4148691Z A path returned 202. Retrying...
2023-12-01T00:36:40.4149096Z A path returned 202. Retrying...
2023-12-01T00:36:40.4149547Z A path returned 202. Retrying...
2023-12-01T00:36:40.4149962Z A path returned 202. Retrying...
2023-12-01T00:36:40.4150353Z A path returned 202. Retrying...
2023-12-01T00:36:40.4150807Z A path returned 202. Retrying...
2023-12-01T00:36:40.4151210Z A path returned 202. Retrying...
2023-12-01T00:36:40.4151658Z A path returned 202. Retrying...
2023-12-01T00:36:40.4152056Z A path returned 202. Retrying...
2023-12-01T00:36:40.4152444Z A path returned 202. Retrying...
2023-12-01T00:36:40.4152891Z A path returned 202. Retrying...
2023-12-01T00:36:40.4153293Z A path returned 202. Retrying...
2023-12-01T00:36:40.4153682Z A path returned 202. Retrying...
2023-12-01T00:36:40.4154158Z A path returned 202. Retrying...
2023-12-01T00:36:40.4154547Z A path returned 202. Retrying...
2023-12-01T00:36:40.4154900Z A path returned 202. Retrying...
2023-12-01T00:36:40.4155370Z A path returned 202. Retrying...
2023-12-01T00:36:40.4155755Z A path returned 202. Retrying...
2023-12-01T00:36:40.4156143Z A path returned 202. Retrying...
2023-12-01T00:36:40.4156642Z A path returned 202. Retrying...
2023-12-01T00:36:40.4157032Z A path returned 202. Retrying...
2023-12-01T00:36:40.4157497Z A path returned 202. Retrying...
2023-12-01T00:36:40.4157851Z A path returned 202. Retrying...
2023-12-01T00:36:40.4158238Z A path returned 202. Retrying...
2023-12-01T00:36:40.4158701Z A path returned 202. Retrying...
2023-12-01T00:36:40.4159090Z A path returned 202. Retrying...
2023-12-01T00:36:40.4159476Z A path returned 202. Retrying...
2023-12-01T00:36:40.4159946Z A path returned 202. Retrying...
2023-12-01T00:36:40.4160331Z A path returned 202. Retrying...
2023-12-01T00:36:40.4160837Z A path returned 202. Retrying...
2023-12-01T00:36:40.4161330Z A path returned 202. Retrying...
2023-12-01T00:36:40.4161715Z A path returned 202. Retrying...
2023-12-01T00:36:40.4162118Z A path returned 202. Retrying...
2023-12-01T00:36:40.4162567Z A path returned 202. Retrying...
2023-12-01T00:36:40.4162972Z A path returned 202. Retrying...
2023-12-01T00:36:40.4163425Z A path returned 202. Retrying...
2023-12-01T00:36:40.4163777Z A path returned 202. Retrying...
2023-12-01T00:36:40.4164196Z A path returned 202. Retrying...
2023-12-01T00:36:40.4164644Z A path returned 202. Retrying...
2023-12-01T00:36:40.4165047Z A path returned 202. Retrying...
2023-12-01T00:36:40.4165436Z A path returned 202. Retrying...
2023-12-01T00:36:40.4165920Z A path returned 202. Retrying...
2023-12-01T00:36:40.4166323Z A path returned 202. Retrying...
2023-12-01T00:36:40.4166676Z A path returned 202. Retrying...
2023-12-01T00:36:40.4167131Z A path returned 202. Retrying...
2023-12-01T00:36:40.4167535Z A path returned 202. Retrying...
2023-12-01T00:36:40.4167924Z A path returned 202. Retrying...
2023-12-01T00:36:40.4168391Z A path returned 202. Retrying...
2023-12-01T00:36:40.4168781Z A path returned 202. Retrying...
2023-12-01T00:36:40.4169228Z A path returned 202. Retrying...
2023-12-01T00:36:40.4169598Z A path returned 202. Retrying...
2023-12-01T00:36:40.4170209Z A path returned 202. Retrying...
2023-12-01T00:36:40.4170746Z A path returned 202. Retrying...
2023-12-01T00:36:40.4171327Z A path returned 202. Retrying...
2023-12-01T00:36:40.4171737Z A path returned 202. Retrying...
2023-12-01T00:36:40.4172225Z A path returned 202. Retrying...
2023-12-01T00:36:40.4172617Z A path returned 202. Retrying...
2023-12-01T00:36:40.4172973Z A path returned 202. Retrying...
2023-12-01T00:36:40.4173451Z A path returned 202. Retrying...
2023-12-01T00:36:40.4173841Z A path returned 202. Retrying...
2023-12-01T00:36:40.4174244Z A path returned 202. Retrying...
2023-12-01T00:36:40.4174700Z A path returned 202. Retrying...
2023-12-01T00:36:40.4175118Z A path returned 202. Retrying...
2023-12-01T00:36:40.4175606Z A path returned 202. Retrying...
2023-12-01T00:36:40.4175961Z A path returned 202. Retrying...
2023-12-01T00:36:40.4176362Z A path returned 202. Retrying...
2023-12-01T00:36:40.4176807Z A path returned 202. Retrying...
2023-12-01T00:36:40.4177191Z A path returned 202. Retrying...
2023-12-01T00:36:40.4177592Z A path returned 202. Retrying...
2023-12-01T00:36:40.4178036Z A path returned 202. Retrying...
2023-12-01T00:36:40.4178441Z A path returned 202. Retrying...
2023-12-01T00:36:40.4178797Z A path returned 202. Retrying...
2023-12-01T00:36:40.4179248Z A path returned 202. Retrying...
2023-12-01T00:36:40.4179652Z A path returned 202. Retrying...
2023-12-01T00:36:40.4180070Z A path returned 202. Retrying...
2023-12-01T00:36:40.4180515Z A path returned 202. Retrying...
2023-12-01T00:36:40.4180915Z A path returned 202. Retrying...
2023-12-01T00:36:40.4181367Z A path returned 202. Retrying...
2023-12-01T00:36:40.4181718Z A path returned 202. Retrying...
2023-12-01T00:36:40.4182126Z A path returned 202. Retrying...
2023-12-01T00:36:40.4182574Z A path returned 202. Retrying...
2023-12-01T00:36:40.4182973Z A path returned 202. Retrying...
2023-12-01T00:36:40.4183380Z A path returned 202. Retrying...
2023-12-01T00:36:40.4183823Z A path returned 202. Retrying...
2023-12-01T00:36:40.4184271Z A path returned 202. Retrying...
2023-12-01T00:36:40.4184623Z A path returned 202. Retrying...
2023-12-01T00:36:40.4185096Z A path returned 202. Retrying...
2023-12-01T00:36:40.4185479Z A path returned 202. Retrying...
2023-12-01T00:36:40.4185861Z A path returned 202. Retrying...
2023-12-01T00:36:40.4186321Z A path returned 202. Retrying...
2023-12-01T00:36:40.4186704Z A path returned 202. Retrying...
2023-12-01T00:36:40.4187162Z A path returned 202. Retrying...
2023-12-01T00:36:40.4187513Z A path returned 202. Retrying...
2023-12-01T00:36:40.4187900Z A path returned 202. Retrying...
2023-12-01T00:36:40.4188366Z A path returned 202. Retrying...
2023-12-01T00:36:40.4188942Z A path returned 202. Retrying...
2023-12-01T00:36:40.4189348Z A path returned 202. Retrying...
2023-12-01T00:36:40.4189804Z A path returned 202. Retrying...
2023-12-01T00:36:40.4190187Z A path returned 202. Retrying...
2023-12-01T00:36:40.4190556Z A path returned 202. Retrying...
2023-12-01T00:36:40.4191006Z A path returned 202. Retrying...
2023-12-01T00:36:40.4191394Z A path returned 202. Retrying...
2023-12-01T00:36:40.4191791Z A path returned 202. Retrying...
2023-12-01T00:36:40.4192244Z A path returned 202. Retrying...
2023-12-01T00:36:40.4192648Z A path returned 202. Retrying...
2023-12-01T00:36:40.4193093Z A path returned 202. Retrying...
2023-12-01T00:36:40.4193475Z A path returned 202. Retrying...
2023-12-01T00:36:40.4193886Z A path returned 202. Retrying...
2023-12-01T00:36:40.4194331Z A path returned 202. Retrying...
2023-12-01T00:36:40.4194715Z A path returned 202. Retrying...
2023-12-01T00:36:40.4195116Z A path returned 202. Retrying...
2023-12-01T00:36:40.4195561Z A path returned 202. Retrying...
2023-12-01T00:36:40.4195967Z A path returned 202. Retrying...
2023-12-01T00:36:40.4196316Z A path returned 202. Retrying...
2023-12-01T00:36:40.4196764Z A path returned 202. Retrying...
2023-12-01T00:36:40.4197164Z A path returned 202. Retrying...
2023-12-01T00:36:40.4197546Z A path returned 202. Retrying...
2023-12-01T00:36:40.4198036Z A path returned 202. Retrying...
2023-12-01T00:36:40.4198419Z A path returned 202. Retrying...
2023-12-01T00:36:40.4198985Z A path returned 202. Retrying...
2023-12-01T00:36:40.4199363Z A path returned 202. Retrying...
2023-12-01T00:36:40.4199748Z A path returned 202. Retrying...
2023-12-01T00:45:53.3822274Z A path returned 202. Retrying...
2023-12-01T00:45:53.3823279Z A path returned 202. Retrying...
2023-12-01T00:45:53.3824688Z A path returned 202. Retrying...
2023-12-01T00:45:53.3825754Z A path returned 202. Retrying...
2023-12-01T00:45:53.3826683Z A path returned 202. Retrying...
2023-12-01T00:45:53.3827242Z A path returned 202. Retrying...
2023-12-01T00:45:53.3827932Z A path returned 202. Retrying...
2023-12-01T00:45:53.3828510Z A path returned 202. Retrying...
2023-12-01T00:45:53.3829057Z A path returned 202. Retrying...
2023-12-01T00:45:53.3829677Z A path returned 202. Retrying...
2023-12-01T00:45:53.3830064Z A path returned 202. Retrying...
2023-12-01T00:45:53.3830494Z A path returned 202. Retrying...
2023-12-01T00:45:53.3830988Z A path returned 202. Retrying...
2023-12-01T00:45:53.3831397Z A path returned 202. Retrying...
2023-12-01T00:45:53.3831900Z A path returned 202. Retrying...
2023-12-01T00:45:53.3832311Z A path returned 202. Retrying...
2023-12-01T00:45:53.3832719Z A path returned 202. Retrying...
2023-12-01T00:45:53.3833175Z A path returned 202. Retrying...
2023-12-01T00:45:53.3833585Z A path returned 202. Retrying...
2023-12-01T00:45:53.3833984Z A path returned 202. Retrying...
2023-12-01T00:45:53.3834477Z A path returned 202. Retrying...
2023-12-01T00:45:53.3834883Z A path returned 202. Retrying...
2023-12-01T00:45:53.3835307Z A path returned 202. Retrying...
2023-12-01T00:45:53.3835818Z A path returned 202. Retrying...
2023-12-01T00:45:53.3836187Z A path returned 202. Retrying...
2023-12-01T00:45:53.3836609Z A path returned 202. Retrying...
2023-12-01T00:45:53.3837086Z A path returned 202. Retrying...
2023-12-01T00:45:53.3837486Z A path returned 202. Retrying...
2023-12-01T00:45:53.3837968Z A path returned 202. Retrying...
2023-12-01T00:45:53.3838372Z A path returned 202. Retrying...
2023-12-01T00:45:53.3838794Z A path returned 202. Retrying...
2023-12-01T00:45:53.3839231Z A path returned 202. Retrying...
2023-12-01T00:45:53.3839649Z A path returned 202. Retrying...
2023-12-01T00:45:53.3840067Z A path returned 202. Retrying...
2023-12-01T00:45:53.3840531Z A path returned 202. Retrying...
2023-12-01T00:45:53.3840937Z A path returned 202. Retrying...
2023-12-01T00:45:53.3841440Z A path returned 202. Retrying...
2023-12-01T00:45:53.3841918Z A path returned 202. Retrying...
2023-12-01T00:45:53.3842297Z A path returned 202. Retrying...
2023-12-01T00:45:53.3843069Z A path returned 202. Retrying...
2023-12-01T00:45:53.3843580Z A path returned 202. Retrying...
2023-12-01T00:45:53.3843989Z A path returned 202. Retrying...
2023-12-01T00:45:53.3844481Z A path returned 202. Retrying...
2023-12-01T00:45:53.3844897Z A path returned 202. Retrying...
2023-12-01T00:45:53.3845286Z A path returned 202. Retrying...
2023-12-01T00:45:53.3845704Z A path returned 202. Retrying...
2023-12-01T00:45:53.3846135Z A path returned 202. Retrying...
2023-12-01T00:45:53.3846536Z A path returned 202. Retrying...
2023-12-01T00:45:53.3847014Z A path returned 202. Retrying...
2023-12-01T00:45:53.3847422Z A path returned 202. Retrying...
2023-12-01T00:45:53.3847822Z A path returned 202. Retrying...
2023-12-01T00:45:53.3848302Z A path returned 202. Retrying...
2023-12-01T00:45:53.3848664Z A path returned 202. Retrying...
2023-12-01T00:45:53.3849082Z A path returned 202. Retrying...
2023-12-01T00:45:53.3849552Z A path returned 202. Retrying...
2023-12-01T00:45:53.3850204Z A path returned 202. Retrying...
2023-12-01T00:45:53.3850802Z A path returned 202. Retrying...
2023-12-01T00:45:53.3851201Z A path returned 202. Retrying...
2023-12-01T00:45:53.3851613Z A path returned 202. Retrying...
2023-12-01T00:45:53.3852043Z A path returned 202. Retrying...
2023-12-01T00:45:53.3852441Z A path returned 202. Retrying...
2023-12-01T00:45:53.3852848Z A path returned 202. Retrying...
2023-12-01T00:45:53.3853298Z A path returned 202. Retrying...
2023-12-01T00:45:53.3853906Z A path returned 202. Retrying...
2023-12-01T00:45:53.3854311Z A path returned 202. Retrying...
2023-12-01T00:45:53.3854781Z A path returned 202. Retrying...
2023-12-01T00:45:53.3855153Z A path returned 202. Retrying...
2023-12-01T00:45:53.3855546Z A path returned 202. Retrying...
2023-12-01T00:45:53.3855996Z A path returned 202. Retrying...
2023-12-01T00:45:53.3856399Z A path returned 202. Retrying...
2023-12-01T00:45:53.3856855Z A path returned 202. Retrying...
2023-12-01T00:45:53.3857517Z A path returned 202. Retrying...
2023-12-01T00:45:53.3858152Z A path returned 202. Retrying...
2023-12-01T00:45:53.3858754Z A path returned 202. Retrying...
2023-12-01T00:45:53.3859207Z A path returned 202. Retrying...
2023-12-01T00:45:53.3859596Z A path returned 202. Retrying...
2023-12-01T00:45:53.3860077Z A path returned 202. Retrying...
2023-12-01T00:45:53.3860481Z A path returned 202. Retrying...
2023-12-01T00:45:53.3860872Z A path returned 202. Retrying...
2023-12-01T00:45:53.3861340Z A path returned 202. Retrying...
2023-12-01T00:45:53.3861701Z A path returned 202. Retrying...
2023-12-01T00:45:53.3862088Z A path returned 202. Retrying...
2023-12-01T00:45:53.3862567Z A path returned 202. Retrying...
2023-12-01T00:45:53.3862957Z A path returned 202. Retrying...
2023-12-01T00:45:53.3863422Z A path returned 202. Retrying...
2023-12-01T00:45:53.3863811Z A path returned 202. Retrying...
2023-12-01T00:45:53.3864194Z A path returned 202. Retrying...
2023-12-01T00:45:53.3864627Z A path returned 202. Retrying...
2023-12-01T00:45:53.3865018Z A path returned 202. Retrying...
2023-12-01T00:45:53.3865412Z A path returned 202. Retrying...
2023-12-01T00:45:53.3865887Z A path returned 202. Retrying...
2023-12-01T00:45:53.3866277Z A path returned 202. Retrying...
2023-12-01T00:45:53.3866679Z A path returned 202. Retrying...
2023-12-01T00:45:53.3867133Z A path returned 202. Retrying...
2023-12-01T00:45:53.3867488Z A path returned 202. Retrying...
2023-12-01T00:45:53.3867898Z A path returned 202. Retrying...
2023-12-01T00:45:53.3868359Z A path returned 202. Retrying...
2023-12-01T00:45:53.3868748Z A path returned 202. Retrying...
2023-12-01T00:45:53.3869222Z A path returned 202. Retrying...
2023-12-01T00:45:53.3869611Z A path returned 202. Retrying...
2023-12-01T00:45:53.3870014Z A path returned 202. Retrying...
2023-12-01T00:45:53.3870430Z A path returned 202. Retrying...
2023-12-01T00:45:53.3870823Z A path returned 202. Retrying...
2023-12-01T00:45:53.3871229Z A path returned 202. Retrying...
2023-12-01T00:45:53.3871684Z A path returned 202. Retrying...
2023-12-01T00:45:53.3872090Z A path returned 202. Retrying...
2023-12-01T00:45:53.3872687Z A path returned 202. Retrying...
2023-12-01T00:45:53.3873162Z A path returned 202. Retrying...
2023-12-01T00:45:53.3873543Z A path returned 202. Retrying...
2023-12-01T00:45:53.3873936Z A path returned 202. Retrying...
2023-12-01T00:45:53.3874430Z A path returned 202. Retrying...
2023-12-01T00:45:53.3874820Z A path returned 202. Retrying...
2023-12-01T00:45:53.3875273Z A path returned 202. Retrying...
2023-12-01T00:45:53.3875685Z A path returned 202. Retrying...
2023-12-01T00:45:53.3876075Z A path returned 202. Retrying...
2023-12-01T00:45:53.3876497Z A path returned 202. Retrying...
2023-12-01T00:45:53.3876910Z A path returned 202. Retrying...
2023-12-01T00:45:53.3877303Z A path returned 202. Retrying...
2023-12-01T00:45:53.3877770Z A path returned 202. Retrying...
2023-12-01T00:45:53.3878162Z A path returned 202. Retrying...
2023-12-01T00:45:53.3878558Z A path returned 202. Retrying...
2023-12-01T00:45:53.3879025Z A path returned 202. Retrying...
2023-12-01T00:45:53.3879382Z A path returned 202. Retrying...
2023-12-01T00:45:53.3879772Z A path returned 202. Retrying...
2023-12-01T00:45:53.3880270Z A path returned 202. Retrying...
2023-12-01T00:45:53.3880665Z A path returned 202. Retrying...
2023-12-01T00:45:53.3881138Z A path returned 202. Retrying...
2023-12-01T00:45:53.3881529Z A path returned 202. Retrying...
2023-12-01T00:45:53.3881919Z A path returned 202. Retrying...
2023-12-01T00:45:53.3882506Z A path returned 202. Retrying...
2023-12-01T00:45:53.3882907Z A path returned 202. Retrying...
2023-12-01T00:45:53.3883280Z A path returned 202. Retrying...
2023-12-01T00:45:53.3883752Z A path returned 202. Retrying...
2023-12-01T00:45:53.3884139Z A path returned 202. Retrying...
2023-12-01T00:45:53.3884558Z A path returned 202. Retrying...
2023-12-01T00:45:53.3885024Z A path returned 202. Retrying...
2023-12-01T00:45:53.3885431Z A path returned 202. Retrying...
2023-12-01T00:45:53.3885886Z A path returned 202. Retrying...
2023-12-01T00:45:53.3886243Z A path returned 202. Retrying...
2023-12-01T00:45:53.3886667Z A path returned 202. Retrying...
2023-12-01T00:45:53.3887145Z A path returned 202. Retrying...
2023-12-01T00:45:53.3887551Z A path returned 202. Retrying...
2023-12-01T00:45:53.3887939Z A path returned 202. Retrying...
2023-12-01T00:45:53.3888384Z A path returned 202. Retrying...
2023-12-01T00:45:53.3888789Z A path returned 202. Retrying...
2023-12-01T00:45:53.3889144Z A path returned 202. Retrying...
2023-12-01T00:45:53.3889601Z A path returned 202. Retrying...
2023-12-01T00:45:53.3890220Z A path returned 202. Retrying...
2023-12-01T00:45:53.3890624Z A path returned 202. Retrying...
2023-12-01T00:45:53.3891125Z A path returned 202. Retrying...
2023-12-01T00:45:53.3891512Z A path returned 202. Retrying...
2023-12-01T00:45:53.3891967Z A path returned 202. Retrying...
2023-12-01T00:45:53.3892339Z A path returned 202. Retrying...
2023-12-01T00:45:53.3892730Z A path returned 202. Retrying...
2023-12-01T00:45:53.3893191Z A path returned 202. Retrying...
2023-12-01T00:45:53.3893602Z A path returned 202. Retrying...
2023-12-01T00:45:53.3893992Z A path returned 202. Retrying...
2023-12-01T00:45:53.3894462Z A path returned 202. Retrying...
2023-12-01T00:45:53.3894852Z A path returned 202. Retrying...
2023-12-01T00:45:53.3895209Z A path returned 202. Retrying...
2023-12-01T00:45:53.3895680Z A path returned 202. Retrying...
2023-12-01T00:45:53.3896071Z A path returned 202. Retrying...
2023-12-01T00:45:53.3896481Z A path returned 202. Retrying...
2023-12-01T00:45:53.3896936Z A path returned 202. Retrying...
2023-12-01T00:45:53.3897326Z A path returned 202. Retrying...
2023-12-01T00:45:53.3897800Z A path returned 202. Retrying...
2023-12-01T00:45:53.3898158Z A path returned 202. Retrying...
2023-12-01T00:45:53.3898550Z A path returned 202. Retrying...
2023-12-01T00:45:53.3899028Z A path returned 202. Retrying...
2023-12-01T00:45:53.3899420Z A path returned 202. Retrying...
2023-12-01T00:45:53.3899825Z A path returned 202. Retrying...
2023-12-01T00:45:53.3900279Z A path returned 202. Retrying...
2023-12-01T00:45:53.3900877Z A path returned 202. Retrying...
2023-12-01T00:45:53.3901240Z A path returned 202. Retrying...
2023-12-01T00:45:53.3901704Z A path returned 202. Retrying...
2023-12-01T00:45:53.3902115Z A path returned 202. Retrying...
2023-12-01T00:45:53.3902504Z A path returned 202. Retrying...
2023-12-01T00:45:53.3902961Z A path returned 202. Retrying...
2023-12-01T00:45:53.3903366Z A path returned 202. Retrying...
2023-12-01T00:45:53.3903828Z A path returned 202. Retrying...
2023-12-01T00:45:53.3904185Z A path returned 202. Retrying...
2023-12-01T00:45:53.3904593Z A path returned 202. Retrying...
2023-12-01T00:45:53.3905050Z A path returned 202. Retrying...
2023-12-01T00:45:53.3905454Z A path returned 202. Retrying...
2023-12-01T00:45:53.3905846Z A path returned 202. Retrying...
2023-12-01T00:45:53.3906300Z A path returned 202. Retrying...
2023-12-01T00:45:53.3906709Z A path returned 202. Retrying...
2023-12-01T00:45:53.3907061Z A path returned 202. Retrying...
2023-12-01T00:45:53.3907537Z A path returned 202. Retrying...
2023-12-01T00:45:53.3907926Z A path returned 202. Retrying...
2023-12-01T00:45:53.3908313Z A path returned 202. Retrying...
2023-12-01T00:45:53.3908781Z A path returned 202. Retrying...
2023-12-01T00:45:53.3909168Z A path returned 202. Retrying...
2023-12-01T00:45:53.3909642Z A path returned 202. Retrying...
2023-12-01T00:45:53.3909999Z A path returned 202. Retrying...
2023-12-01T00:45:53.3910530Z A path returned 202. Retrying...
2023-12-01T00:45:53.3911025Z A path returned 202. Retrying...
2023-12-01T00:45:53.3911418Z A path returned 202. Retrying...
2023-12-01T00:45:53.3911820Z A path returned 202. Retrying...
2023-12-01T00:45:53.3912273Z A path returned 202. Retrying...
2023-12-01T00:45:53.3912657Z A path returned 202. Retrying...
2023-12-01T00:45:53.3913028Z A path returned 202. Retrying...
2023-12-01T00:45:53.3913480Z A path returned 202. Retrying...
2023-12-01T00:45:53.3913866Z A path returned 202. Retrying...
2023-12-01T00:45:53.3914270Z A path returned 202. Retrying...
2023-12-01T00:45:53.3914775Z A path returned 202. Retrying...
2023-12-01T00:45:53.3915179Z A path returned 202. Retrying...
2023-12-01T00:45:53.3915634Z A path returned 202. Retrying...
2023-12-01T00:45:53.3915988Z A path returned 202. Retrying...
2023-12-01T00:45:53.3916392Z A path returned 202. Retrying...
2023-12-01T00:45:53.3916847Z A path returned 202. Retrying...
2023-12-01T00:45:53.3917234Z A path returned 202. Retrying...
2023-12-01T00:45:53.3917646Z A path returned 202. Retrying...
2023-12-01T00:45:53.3918096Z A path returned 202. Retrying...
2023-12-01T00:45:53.3918497Z A path returned 202. Retrying...
2023-12-01T00:45:53.3918848Z A path returned 202. Retrying...
2023-12-01T00:45:53.3919298Z A path returned 202. Retrying...
2023-12-01T00:45:53.3919703Z A path returned 202. Retrying...
2023-12-01T00:45:53.3920088Z A path returned 202. Retrying...
2023-12-01T00:45:53.3920554Z A path returned 202. Retrying...
2023-12-01T00:45:53.3920940Z A path returned 202. Retrying...
2023-12-01T00:45:53.3921405Z A path returned 202. Retrying...
2023-12-01T00:45:53.3921775Z A path returned 202. Retrying...
2023-12-01T00:45:53.3922162Z A path returned 202. Retrying...
2023-12-01T00:45:53.3922611Z A path returned 202. Retrying...
2023-12-01T00:45:53.3923013Z A path returned 202. Retrying...
2023-12-01T00:45:53.3923420Z A path returned 202. Retrying...
2023-12-01T00:45:53.3923892Z A path returned 202. Retrying...
2023-12-01T00:45:53.3924283Z A path returned 202. Retrying...
2023-12-01T00:45:53.3924638Z A path returned 202. Retrying...
2023-12-01T00:45:53.3925106Z A path returned 202. Retrying...
2023-12-01T00:45:53.3925493Z A path returned 202. Retrying...
2023-12-01T00:45:53.3925883Z A path returned 202. Retrying...
2023-12-01T00:45:53.3926351Z A path returned 202. Retrying...
2023-12-01T00:45:53.3926735Z A path returned 202. Retrying...
2023-12-01T00:45:53.3927206Z A path returned 202. Retrying...
2023-12-01T00:45:53.3927562Z A path returned 202. Retrying...
2023-12-01T00:45:53.3927949Z A path returned 202. Retrying...
2023-12-01T00:45:53.3928558Z A path returned 202. Retrying...
2023-12-01T00:45:53.3928949Z A path returned 202. Retrying...
2023-12-01T00:45:53.3929364Z A path returned 202. Retrying...
2023-12-01T00:45:53.3929812Z A path returned 202. Retrying...
2023-12-01T00:45:53.3930441Z A path returned 202. Retrying...
2023-12-01T00:45:53.3930826Z A path returned 202. Retrying...
2023-12-01T00:45:53.3931302Z A path returned 202. Retrying...
2023-12-01T00:45:53.3931713Z A path returned 202. Retrying...
2023-12-01T00:45:53.3932101Z A path returned 202. Retrying...
2023-12-01T00:45:53.3932555Z A path returned 202. Retrying...
2023-12-01T00:54:59.1789740Z A path returned 202. Retrying...
2023-12-01T00:54:59.1791198Z A path returned 202. Retrying...
2023-12-01T00:54:59.1791956Z A path returned 202. Retrying...
2023-12-01T00:54:59.1792527Z A path returned 202. Retrying...
2023-12-01T00:54:59.1792986Z A path returned 202. Retrying...
2023-12-01T00:54:59.1793451Z A path returned 202. Retrying...
2023-12-01T00:54:59.1793955Z A path returned 202. Retrying...
2023-12-01T00:54:59.1794392Z A path returned 202. Retrying...
2023-12-01T00:54:59.1794847Z A path returned 202. Retrying...
2023-12-01T00:54:59.1795349Z A path returned 202. Retrying...
2023-12-01T00:54:59.1795803Z A path returned 202. Retrying...
2023-12-01T00:54:59.1796308Z A path returned 202. Retrying...
2023-12-01T00:54:59.1796748Z A path returned 202. Retrying...
2023-12-01T00:54:59.1797163Z A path returned 202. Retrying...
2023-12-01T00:54:59.1797922Z A path returned 202. Retrying...
2023-12-01T00:54:59.1798396Z A path returned 202. Retrying...
2023-12-01T00:54:59.1798826Z A path returned 202. Retrying...
2023-12-01T00:54:59.1799337Z A path returned 202. Retrying...
2023-12-01T00:54:59.1799784Z A path returned 202. Retrying...
2023-12-01T00:54:59.1800215Z A path returned 202. Retrying...
2023-12-01T00:54:59.1800694Z A path returned 202. Retrying...
2023-12-01T00:54:59.1801125Z A path returned 202. Retrying...
2023-12-01T00:54:59.1801560Z A path returned 202. Retrying...
2023-12-01T00:54:59.1802080Z A path returned 202. Retrying...
2023-12-01T00:54:59.1802510Z A path returned 202. Retrying...
2023-12-01T00:54:59.1803024Z A path returned 202. Retrying...
2023-12-01T00:54:59.1803453Z A path returned 202. Retrying...
2023-12-01T00:54:59.1803848Z A path returned 202. Retrying...
2023-12-01T00:54:59.1804356Z A path returned 202. Retrying...
2023-12-01T00:54:59.1804789Z A path returned 202. Retrying...
2023-12-01T00:54:59.1805227Z A path returned 202. Retrying...
2023-12-01T00:54:59.1805745Z A path returned 202. Retrying...
2023-12-01T00:54:59.1806174Z A path returned 202. Retrying...
2023-12-01T00:54:59.1806624Z A path returned 202. Retrying...
2023-12-01T00:54:59.1807094Z A path returned 202. Retrying...
2023-12-01T00:54:59.1807524Z A path returned 202. Retrying...
2023-12-01T00:54:59.1807974Z A path returned 202. Retrying...
2023-12-01T00:54:59.1808445Z A path returned 202. Retrying...
2023-12-01T00:54:59.1808836Z A path returned 202. Retrying...
2023-12-01T00:54:59.1809311Z A path returned 202. Retrying...
2023-12-01T00:54:59.1809722Z A path returned 202. Retrying...
2023-12-01T00:54:59.1810408Z A path returned 202. Retrying...
2023-12-01T00:54:59.1810909Z A path returned 202. Retrying...
2023-12-01T00:54:59.1811326Z A path returned 202. Retrying...
2023-12-01T00:54:59.1811746Z A path returned 202. Retrying...
2023-12-01T00:54:59.1812221Z A path returned 202. Retrying...
2023-12-01T00:54:59.1812635Z A path returned 202. Retrying...
2023-12-01T00:54:59.1813033Z A path returned 202. Retrying...
2023-12-01T00:54:59.1813459Z A path returned 202. Retrying...
2023-12-01T00:54:59.1813866Z A path returned 202. Retrying...
2023-12-01T00:54:59.1814264Z A path returned 202. Retrying...
2023-12-01T00:54:59.1814723Z A path returned 202. Retrying...
2023-12-01T00:54:59.1815134Z A path returned 202. Retrying...
2023-12-01T00:54:59.1815600Z A path returned 202. Retrying...
2023-12-01T00:54:59.1816007Z A path returned 202. Retrying...
2023-12-01T00:54:59.1816369Z A path returned 202. Retrying...
2023-12-01T00:54:59.1817044Z A path returned 202. Retrying...
2023-12-01T00:54:59.1817459Z A path returned 202. Retrying...
2023-12-01T00:54:59.1817852Z A path returned 202. Retrying...
2023-12-01T00:54:59.1818327Z A path returned 202. Retrying...
2023-12-01T00:54:59.1818718Z A path returned 202. Retrying...
2023-12-01T00:54:59.1819111Z A path returned 202. Retrying...
2023-12-01T00:54:59.1819550Z A path returned 202. Retrying...
2023-12-01T00:54:59.1819946Z A path returned 202. Retrying...
2023-12-01T00:54:59.1820337Z A path returned 202. Retrying...
2023-12-01T00:54:59.1820811Z A path returned 202. Retrying...
2023-12-01T00:54:59.1821202Z A path returned 202. Retrying...
2023-12-01T00:54:59.1821676Z A path returned 202. Retrying...
2023-12-01T00:54:59.1822064Z A path returned 202. Retrying...
2023-12-01T00:54:59.1822421Z A path returned 202. Retrying...
2023-12-01T00:54:59.1822922Z A path returned 202. Retrying...
2023-12-01T00:54:59.1823317Z A path returned 202. Retrying...
2023-12-01T00:54:59.1823736Z A path returned 202. Retrying...
2023-12-01T00:54:59.1824193Z A path returned 202. Retrying...
2023-12-01T00:54:59.1824586Z A path returned 202. Retrying...
2023-12-01T00:54:59.1824991Z A path returned 202. Retrying...
2023-12-01T00:54:59.1825411Z A path returned 202. Retrying...
2023-12-01T00:54:59.1825951Z A path returned 202. Retrying...
2023-12-01T00:54:59.1826480Z A path returned 202. Retrying...
2023-12-01T00:54:59.1826988Z A path returned 202. Retrying...
2023-12-01T00:54:59.1827545Z A path returned 202. Retrying...
2023-12-01T00:54:59.1828042Z A path returned 202. Retrying...
2023-12-01T00:54:59.1828453Z A path returned 202. Retrying...
2023-12-01T00:54:59.1828812Z A path returned 202. Retrying...
2023-12-01T00:54:59.1829265Z A path returned 202. Retrying...
2023-12-01T00:54:59.1829680Z A path returned 202. Retrying...
2023-12-01T00:54:59.1830085Z A path returned 202. Retrying...
2023-12-01T00:54:59.1830549Z A path returned 202. Retrying...
2023-12-01T00:54:59.1830965Z A path returned 202. Retrying...
2023-12-01T00:54:59.1831372Z A path returned 202. Retrying...
2023-12-01T00:54:59.1831796Z A path returned 202. Retrying...
2023-12-01T00:54:59.1832211Z A path returned 202. Retrying...
2023-12-01T00:54:59.1832604Z A path returned 202. Retrying...
2023-12-01T00:54:59.1833079Z A path returned 202. Retrying...
2023-12-01T00:54:59.1833470Z A path returned 202. Retrying...
2023-12-01T00:54:59.1833924Z A path returned 202. Retrying...
2023-12-01T00:54:59.1834337Z A path returned 202. Retrying...
2023-12-01T00:54:59.1834693Z A path returned 202. Retrying...
2023-12-01T00:54:59.1835172Z A path returned 202. Retrying...
2023-12-01T00:54:59.1835570Z A path returned 202. Retrying...
2023-12-01T00:54:59.1835962Z A path returned 202. Retrying...
2023-12-01T00:54:59.1836439Z A path returned 202. Retrying...
2023-12-01T00:54:59.1836831Z A path returned 202. Retrying...
2023-12-01T00:54:59.1837240Z A path returned 202. Retrying...
2023-12-01T00:54:59.1837660Z A path returned 202. Retrying...
2023-12-01T00:54:59.1838056Z A path returned 202. Retrying...
2023-12-01T00:54:59.1838463Z A path returned 202. Retrying...
2023-12-01T00:54:59.1838916Z A path returned 202. Retrying...
2023-12-01T00:54:59.1839309Z A path returned 202. Retrying...
2023-12-01T00:54:59.1839773Z A path returned 202. Retrying...
2023-12-01T00:54:59.1840161Z A path returned 202. Retrying...
2023-12-01T00:54:59.1840514Z A path returned 202. Retrying...
2023-12-01T00:54:59.1840982Z A path returned 202. Retrying...
2023-12-01T00:54:59.1841384Z A path returned 202. Retrying...
2023-12-01T00:54:59.1841792Z A path returned 202. Retrying...
2023-12-01T00:54:59.1842250Z A path returned 202. Retrying...
2023-12-01T00:54:59.1842635Z A path returned 202. Retrying...
2023-12-01T00:54:59.1843041Z A path returned 202. Retrying...
2023-12-01T00:54:59.1843486Z A path returned 202. Retrying...
2023-12-01T00:54:59.1843887Z A path returned 202. Retrying...
2023-12-01T00:54:59.1844276Z A path returned 202. Retrying...
2023-12-01T00:54:59.1844729Z A path returned 202. Retrying...
2023-12-01T00:54:59.1845266Z A path returned 202. Retrying...
2023-12-01T00:54:59.1845734Z A path returned 202. Retrying...
2023-12-01T00:54:59.1846138Z A path returned 202. Retrying...
2023-12-01T00:54:59.1846491Z A path returned 202. Retrying...
2023-12-01T00:54:59.1846943Z A path returned 202. Retrying...
2023-12-01T00:54:59.1847349Z A path returned 202. Retrying...
2023-12-01T00:54:59.1847736Z A path returned 202. Retrying...
2023-12-01T00:54:59.1848212Z A path returned 202. Retrying...
2023-12-01T00:54:59.1848604Z A path returned 202. Retrying...
2023-12-01T00:54:59.1848994Z A path returned 202. Retrying...
2023-12-01T00:54:59.1849448Z A path returned 202. Retrying...
2023-12-01T00:54:59.1849838Z A path returned 202. Retrying...
2023-12-01T00:54:59.1850443Z A path returned 202. Retrying...
2023-12-01T00:54:59.1850948Z A path returned 202. Retrying...
2023-12-01T00:54:59.1851340Z A path returned 202. Retrying...
2023-12-01T00:54:59.1851824Z A path returned 202. Retrying...
2023-12-01T00:54:59.1852221Z A path returned 202. Retrying...
2023-12-01T00:54:59.1852574Z A path returned 202. Retrying...
2023-12-01T00:54:59.1853041Z A path returned 202. Retrying...
2023-12-01T00:54:59.1853435Z A path returned 202. Retrying...
2023-12-01T00:54:59.1853822Z A path returned 202. Retrying...
2023-12-01T00:54:59.1854292Z A path returned 202. Retrying...
2023-12-01T00:54:59.1854684Z A path returned 202. Retrying...
2023-12-01T00:54:59.1855087Z A path returned 202. Retrying...
2023-12-01T00:54:59.1855686Z A path returned 202. Retrying...
2023-12-01T00:54:59.1856102Z A path returned 202. Retrying...
2023-12-01T00:54:59.1856514Z A path returned 202. Retrying...
2023-12-01T00:54:59.1856981Z A path returned 202. Retrying...
2023-12-01T00:54:59.1857392Z A path returned 202. Retrying...
2023-12-01T00:54:59.1857846Z A path returned 202. Retrying...
2023-12-01T00:54:59.1858235Z A path returned 202. Retrying...
2023-12-01T00:54:59.1858608Z A path returned 202. Retrying...
2023-12-01T00:54:59.1859070Z A path returned 202. Retrying...
2023-12-01T00:54:59.1859488Z A path returned 202. Retrying...
2023-12-01T00:54:59.1859878Z A path returned 202. Retrying...
2023-12-01T00:54:59.1860337Z A path returned 202. Retrying...
2023-12-01T00:54:59.1860741Z A path returned 202. Retrying...
2023-12-01T00:54:59.1861131Z A path returned 202. Retrying...
2023-12-01T00:54:59.1861566Z A path returned 202. Retrying...
2023-12-01T00:54:59.1861974Z A path returned 202. Retrying...
2023-12-01T00:54:59.1862368Z A path returned 202. Retrying...
2023-12-01T00:54:59.1862837Z A path returned 202. Retrying...
2023-12-01T00:54:59.1863227Z A path returned 202. Retrying...
2023-12-01T00:54:59.1863682Z A path returned 202. Retrying...
2023-12-01T00:54:59.1864093Z A path returned 202. Retrying...
2023-12-01T00:54:59.1864455Z A path returned 202. Retrying...
2023-12-01T00:54:59.1864920Z A path returned 202. Retrying...
2023-12-01T00:54:59.1865329Z A path returned 202. Retrying...
2023-12-01T00:54:59.1865720Z A path returned 202. Retrying...
2023-12-01T00:54:59.1866198Z A path returned 202. Retrying...
2023-12-01T00:54:59.1866588Z A path returned 202. Retrying...
2023-12-01T00:54:59.1866975Z A path returned 202. Retrying...
2023-12-01T00:54:59.1867425Z A path returned 202. Retrying...
2023-12-01T00:54:59.1867819Z A path returned 202. Retrying...
2023-12-01T00:54:59.1868226Z A path returned 202. Retrying...
2023-12-01T00:54:59.1868681Z A path returned 202. Retrying...
2023-12-01T00:54:59.1869070Z A path returned 202. Retrying...
2023-12-01T00:54:59.1869546Z A path returned 202. Retrying...
2023-12-01T00:54:59.1869938Z A path returned 202. Retrying...
2023-12-01T00:54:59.1870294Z A path returned 202. Retrying...
2023-12-01T00:54:59.1870769Z A path returned 202. Retrying...
2023-12-01T00:54:59.1871170Z A path returned 202. Retrying...
2023-12-01T00:54:59.1871580Z A path returned 202. Retrying...
2023-12-01T00:54:59.1872041Z A path returned 202. Retrying...
2023-12-01T00:54:59.1872451Z A path returned 202. Retrying...
2023-12-01T00:54:59.1872862Z A path returned 202. Retrying...
2023-12-01T00:54:59.1873489Z A path returned 202. Retrying...
2023-12-01T00:54:59.1873884Z A path returned 202. Retrying...
2023-12-01T00:54:59.1874286Z A path returned 202. Retrying...
2023-12-01T00:54:59.1874754Z A path returned 202. Retrying...
2023-12-01T00:54:59.1875171Z A path returned 202. Retrying...
2023-12-01T00:54:59.1875634Z A path returned 202. Retrying...
2023-12-01T00:54:59.1876047Z A path returned 202. Retrying...
2023-12-01T00:54:59.1876440Z A path returned 202. Retrying...
2023-12-01T00:54:59.1876867Z A path returned 202. Retrying...
2023-12-01T00:54:59.1877278Z A path returned 202. Retrying...
2023-12-01T00:54:59.1877672Z A path returned 202. Retrying...
2023-12-01T00:54:59.1878125Z A path returned 202. Retrying...
2023-12-01T00:54:59.1878536Z A path returned 202. Retrying...
2023-12-01T00:54:59.1878925Z A path returned 202. Retrying...
2023-12-01T00:54:59.1879393Z A path returned 202. Retrying...
2023-12-01T00:54:59.1879751Z A path returned 202. Retrying...
2023-12-01T00:54:59.1880150Z A path returned 202. Retrying...
2023-12-01T00:54:59.1880627Z A path returned 202. Retrying...
2023-12-01T00:54:59.1881020Z A path returned 202. Retrying...
2023-12-01T00:54:59.1881503Z A path returned 202. Retrying...
2023-12-01T00:54:59.1881893Z A path returned 202. Retrying...
2023-12-01T00:54:59.1882283Z A path returned 202. Retrying...
2023-12-01T00:54:59.1882720Z A path returned 202. Retrying...
2023-12-01T00:54:59.1883113Z A path returned 202. Retrying...
2023-12-01T00:54:59.1883638Z A path returned 202. Retrying...
2023-12-01T00:54:59.1884107Z A path returned 202. Retrying...
2023-12-01T00:54:59.1884507Z A path returned 202. Retrying...
2023-12-01T00:54:59.1884923Z A path returned 202. Retrying...
2023-12-01T00:54:59.1885384Z A path returned 202. Retrying...
2023-12-01T00:54:59.1885741Z A path returned 202. Retrying...
2023-12-01T00:54:59.1886159Z A path returned 202. Retrying...
2023-12-01T00:54:59.1886616Z A path returned 202. Retrying...
2023-12-01T00:54:59.1887024Z A path returned 202. Retrying...
2023-12-01T00:54:59.1887489Z A path returned 202. Retrying...
2023-12-01T00:54:59.1887878Z A path returned 202. Retrying...
2023-12-01T00:54:59.1888286Z A path returned 202. Retrying...
2023-12-01T00:54:59.1888711Z A path returned 202. Retrying...
2023-12-01T00:54:59.1889106Z A path returned 202. Retrying...
2023-12-01T00:54:59.1889515Z A path returned 202. Retrying...
2023-12-01T00:54:59.1890153Z A path returned 202. Retrying...
2023-12-01T00:54:59.1890608Z A path returned 202. Retrying...
2023-12-01T00:54:59.1891032Z A path returned 202. Retrying...
2023-12-01T00:54:59.1891505Z A path returned 202. Retrying...
2023-12-01T00:54:59.1891929Z A path returned 202. Retrying...
2023-12-01T00:54:59.1892322Z A path returned 202. Retrying...
2023-12-01T00:54:59.1892793Z A path returned 202. Retrying...
2023-12-01T00:54:59.1893186Z A path returned 202. Retrying...
2023-12-01T00:54:59.1893645Z A path returned 202. Retrying...
2023-12-01T00:54:59.1894049Z A path returned 202. Retrying...
2023-12-01T00:54:59.1894441Z A path returned 202. Retrying...
2023-12-01T00:54:59.1894859Z A path returned 202. Retrying...
2023-12-01T00:54:59.1895265Z A path returned 202. Retrying...
2023-12-01T00:54:59.1895657Z A path returned 202. Retrying...
2023-12-01T00:54:59.1896124Z A path returned 202. Retrying...
2023-12-01T00:54:59.1896514Z A path returned 202. Retrying...
2023-12-01T00:54:59.1896902Z A path returned 202. Retrying...
2023-12-01T00:54:59.1897377Z A path returned 202. Retrying...
2023-12-01T00:54:59.1897735Z A path returned 202. Retrying...
2023-12-01T00:54:59.1898126Z A path returned 202. Retrying...
2023-12-01T00:54:59.1898601Z A path returned 202. Retrying...
2023-12-01T01:04:02.7921934Z A path returned 202. Retrying...
2023-12-01T01:04:02.7922758Z A path returned 202. Retrying...
2023-12-01T01:04:02.7923444Z A path returned 202. Retrying...
2023-12-01T01:04:02.7923911Z A path returned 202. Retrying...
2023-12-01T01:04:02.7924339Z A path returned 202. Retrying...
2023-12-01T01:04:02.7924768Z A path returned 202. Retrying...
2023-12-01T01:04:02.7925651Z A path returned 202. Retrying...
2023-12-01T01:04:02.7926081Z A path returned 202. Retrying...
2023-12-01T01:04:02.7926500Z A path returned 202. Retrying...
2023-12-01T01:04:02.7926934Z A path returned 202. Retrying...
2023-12-01T01:04:02.7927362Z A path returned 202. Retrying...
2023-12-01T01:04:02.7927786Z A path returned 202. Retrying...
2023-12-01T01:04:02.7928207Z A path returned 202. Retrying...
2023-12-01T01:04:02.7928648Z A path returned 202. Retrying...
2023-12-01T01:04:02.7929068Z A path returned 202. Retrying...
2023-12-01T01:04:02.7929482Z A path returned 202. Retrying...
2023-12-01T01:04:02.7929901Z A path returned 202. Retrying...
2023-12-01T01:04:02.7930565Z A path returned 202. Retrying...
2023-12-01T01:04:02.7930984Z A path returned 202. Retrying...
2023-12-01T01:04:02.7931404Z A path returned 202. Retrying...
2023-12-01T01:04:02.7931821Z A path returned 202. Retrying...
2023-12-01T01:04:02.7932239Z A path returned 202. Retrying...
2023-12-01T01:04:02.7932660Z A path returned 202. Retrying...
2023-12-01T01:04:02.7933039Z A path returned 202. Retrying...
2023-12-01T01:04:02.7933373Z A path returned 202. Retrying...
2023-12-01T01:04:02.7933679Z A path returned 202. Retrying...
2023-12-01T01:04:02.7933988Z A path returned 202. Retrying...
2023-12-01T01:04:02.7934289Z A path returned 202. Retrying...
2023-12-01T01:04:02.7934589Z A path returned 202. Retrying...
2023-12-01T01:04:02.7934882Z A path returned 202. Retrying...
2023-12-01T01:04:02.7935385Z A path returned 202. Retrying...
2023-12-01T01:04:02.7935706Z A path returned 202. Retrying...
2023-12-01T01:04:02.7936014Z A path returned 202. Retrying...
2023-12-01T01:04:02.7936315Z A path returned 202. Retrying...
2023-12-01T01:04:02.7936650Z A path returned 202. Retrying...
2023-12-01T01:04:02.7936946Z A path returned 202. Retrying...
2023-12-01T01:04:02.7937245Z A path returned 202. Retrying...
2023-12-01T01:04:02.7937539Z A path returned 202. Retrying...
2023-12-01T01:04:02.7937834Z A path returned 202. Retrying...
2023-12-01T01:04:02.7938127Z A path returned 202. Retrying...
2023-12-01T01:04:02.7938422Z A path returned 202. Retrying...
2023-12-01T01:04:02.7938726Z A path returned 202. Retrying...
2023-12-01T01:04:02.7939028Z A path returned 202. Retrying...
2023-12-01T01:04:02.7939326Z A path returned 202. Retrying...
2023-12-01T01:04:02.7939623Z A path returned 202. Retrying...
2023-12-01T01:04:02.7939919Z A path returned 202. Retrying...
2023-12-01T01:04:02.7940214Z A path returned 202. Retrying...
2023-12-01T01:04:02.7940509Z A path returned 202. Retrying...
2023-12-01T01:04:02.7940804Z A path returned 202. Retrying...
2023-12-01T01:04:02.7941100Z A path returned 202. Retrying...
2023-12-01T01:04:02.7941394Z A path returned 202. Retrying...
2023-12-01T01:04:02.7941689Z A path returned 202. Retrying...
2023-12-01T01:04:02.7941985Z A path returned 202. Retrying...
2023-12-01T01:04:02.7942273Z A path returned 202. Retrying...
2023-12-01T01:04:02.7942570Z A path returned 202. Retrying...
2023-12-01T01:04:02.7942870Z A path returned 202. Retrying...
2023-12-01T01:04:02.7943167Z A path returned 202. Retrying...
2023-12-01T01:04:02.7943464Z A path returned 202. Retrying...
2023-12-01T01:04:02.7943760Z A path returned 202. Retrying...
2023-12-01T01:04:02.7944059Z A path returned 202. Retrying...
2023-12-01T01:04:02.7944348Z A path returned 202. Retrying...
2023-12-01T01:04:02.7944645Z A path returned 202. Retrying...
2023-12-01T01:04:02.7944939Z A path returned 202. Retrying...
2023-12-01T01:04:02.7945242Z A path returned 202. Retrying...
2023-12-01T01:04:02.7945540Z A path returned 202. Retrying...
2023-12-01T01:04:02.7945835Z A path returned 202. Retrying...
2023-12-01T01:04:02.7946129Z A path returned 202. Retrying...
2023-12-01T01:04:02.7946417Z A path returned 202. Retrying...
2023-12-01T01:04:02.7946713Z A path returned 202. Retrying...
2023-12-01T01:04:02.7947009Z A path returned 202. Retrying...
2023-12-01T01:04:02.7947303Z A path returned 202. Retrying...
2023-12-01T01:04:02.7947599Z A path returned 202. Retrying...
2023-12-01T01:04:02.7948072Z A path returned 202. Retrying...
2023-12-01T01:04:02.7948380Z A path returned 202. Retrying...
2023-12-01T01:04:02.7948673Z A path returned 202. Retrying...
2023-12-01T01:04:02.7948972Z A path returned 202. Retrying...
2023-12-01T01:04:02.7949267Z A path returned 202. Retrying...
2023-12-01T01:04:02.7949562Z A path returned 202. Retrying...
2023-12-01T01:04:02.7949859Z A path returned 202. Retrying...
2023-12-01T01:04:02.7950158Z A path returned 202. Retrying...
2023-12-01T01:04:02.7950455Z A path returned 202. Retrying...
2023-12-01T01:04:02.7950745Z A path returned 202. Retrying...
2023-12-01T01:04:02.7951038Z A path returned 202. Retrying...
2023-12-01T01:04:02.7951332Z A path returned 202. Retrying...
2023-12-01T01:04:02.7951628Z A path returned 202. Retrying...
2023-12-01T01:04:02.7951924Z A path returned 202. Retrying...
2023-12-01T01:04:02.7952218Z A path returned 202. Retrying...
2023-12-01T01:04:02.7952514Z A path returned 202. Retrying...
2023-12-01T01:04:02.7952817Z A path returned 202. Retrying...
2023-12-01T01:04:02.7953112Z A path returned 202. Retrying...
2023-12-01T01:04:02.7953406Z A path returned 202. Retrying...
2023-12-01T01:04:02.7953702Z A path returned 202. Retrying...
2023-12-01T01:04:02.7954000Z A path returned 202. Retrying...
2023-12-01T01:04:02.7954294Z A path returned 202. Retrying...
2023-12-01T01:04:02.7954590Z A path returned 202. Retrying...
2023-12-01T01:04:02.7954879Z A path returned 202. Retrying...
2023-12-01T01:04:02.7955321Z A path returned 202. Retrying...
2023-12-01T01:04:02.7955636Z A path returned 202. Retrying...
2023-12-01T01:04:02.7955933Z A path returned 202. Retrying...
2023-12-01T01:04:02.7956230Z A path returned 202. Retrying...
2023-12-01T01:04:02.7956525Z A path returned 202. Retrying...
2023-12-01T01:04:02.7956821Z A path returned 202. Retrying...
2023-12-01T01:04:02.7957111Z A path returned 202. Retrying...
2023-12-01T01:04:02.7957404Z A path returned 202. Retrying...
2023-12-01T01:04:02.7957698Z A path returned 202. Retrying...
2023-12-01T01:04:02.7957998Z A path returned 202. Retrying...
2023-12-01T01:04:02.7958297Z A path returned 202. Retrying...
2023-12-01T01:04:02.7958592Z A path returned 202. Retrying...
2023-12-01T01:04:02.7958888Z A path returned 202. Retrying...
2023-12-01T01:04:02.7959176Z A path returned 202. Retrying...
2023-12-01T01:04:02.7959470Z A path returned 202. Retrying...
2023-12-01T01:04:02.7959765Z A path returned 202. Retrying...
2023-12-01T01:04:02.7960066Z A path returned 202. Retrying...
2023-12-01T01:04:02.7960365Z A path returned 202. Retrying...
2023-12-01T01:04:02.7960660Z A path returned 202. Retrying...
2023-12-01T01:04:02.7960955Z A path returned 202. Retrying...
2023-12-01T01:04:02.7961244Z A path returned 202. Retrying...
2023-12-01T01:04:02.7961540Z A path returned 202. Retrying...
2023-12-01T01:04:02.7961832Z A path returned 202. Retrying...
2023-12-01T01:04:02.7962128Z A path returned 202. Retrying...
2023-12-01T01:04:02.7962422Z A path returned 202. Retrying...
2023-12-01T01:04:02.7962717Z A path returned 202. Retrying...
2023-12-01T01:04:02.7963013Z A path returned 202. Retrying...
2023-12-01T01:04:02.7963305Z A path returned 202. Retrying...
2023-12-01T01:04:02.7963600Z A path returned 202. Retrying...
2023-12-01T01:04:02.7963894Z A path returned 202. Retrying...
2023-12-01T01:04:02.7964190Z A path returned 202. Retrying...
2023-12-01T01:04:02.7964484Z A path returned 202. Retrying...
2023-12-01T01:04:02.7964781Z A path returned 202. Retrying...
2023-12-01T01:04:02.7965081Z A path returned 202. Retrying...
2023-12-01T01:04:02.7965371Z A path returned 202. Retrying...
2023-12-01T01:04:02.7965667Z A path returned 202. Retrying...
2023-12-01T01:04:02.7965961Z A path returned 202. Retrying...
2023-12-01T01:04:02.7966257Z A path returned 202. Retrying...
2023-12-01T01:04:02.7966558Z A path returned 202. Retrying...
2023-12-01T01:04:02.7966852Z A path returned 202. Retrying...
2023-12-01T01:04:02.7967145Z A path returned 202. Retrying...
2023-12-01T01:04:02.7967433Z A path returned 202. Retrying...
2023-12-01T01:04:02.7967860Z A path returned 202. Retrying...
2023-12-01T01:04:02.7968159Z A path returned 202. Retrying...
2023-12-01T01:04:02.7968455Z A path returned 202. Retrying...
2023-12-01T01:04:02.7968749Z A path returned 202. Retrying...
2023-12-01T01:04:02.7969045Z A path returned 202. Retrying...
2023-12-01T01:04:02.7969339Z A path returned 202. Retrying...
2023-12-01T01:04:02.7969631Z A path returned 202. Retrying...
2023-12-01T01:04:02.7969930Z A path returned 202. Retrying...
2023-12-01T01:04:02.7970344Z A path returned 202. Retrying...
2023-12-01T01:04:02.7970639Z A path returned 202. Retrying...
2023-12-01T01:04:02.7970935Z A path returned 202. Retrying...
2023-12-01T01:04:02.7971229Z A path returned 202. Retrying...
2023-12-01T01:04:02.7971521Z A path returned 202. Retrying...
2023-12-01T01:04:02.7971811Z A path returned 202. Retrying...
2023-12-01T01:04:02.7972104Z A path returned 202. Retrying...
2023-12-01T01:04:02.7972398Z A path returned 202. Retrying...
2023-12-01T01:04:02.7972693Z A path returned 202. Retrying...
2023-12-01T01:04:02.7972995Z A path returned 202. Retrying...
2023-12-01T01:04:02.7973290Z A path returned 202. Retrying...
2023-12-01T01:04:02.7973586Z A path returned 202. Retrying...
2023-12-01T01:04:02.7973878Z A path returned 202. Retrying...
2023-12-01T01:04:02.7974176Z A path returned 202. Retrying...
2023-12-01T01:04:02.7974481Z A path returned 202. Retrying...
2023-12-01T01:04:02.7974778Z A path returned 202. Retrying...
2023-12-01T01:04:02.7975217Z A path returned 202. Retrying...
2023-12-01T01:04:02.7975529Z A path returned 202. Retrying...
2023-12-01T01:04:02.7975825Z A path returned 202. Retrying...
2023-12-01T01:04:02.7976115Z A path returned 202. Retrying...
2023-12-01T01:04:02.7976409Z A path returned 202. Retrying...
2023-12-01T01:04:02.7976703Z A path returned 202. Retrying...
2023-12-01T01:04:02.7976996Z A path returned 202. Retrying...
2023-12-01T01:04:02.7977290Z A path returned 202. Retrying...
2023-12-01T01:04:02.7977588Z A path returned 202. Retrying...
2023-12-01T01:04:02.7977892Z A path returned 202. Retrying...
2023-12-01T01:04:02.7978180Z A path returned 202. Retrying...
2023-12-01T01:04:02.7978478Z A path returned 202. Retrying...
2023-12-01T01:04:02.7978774Z A path returned 202. Retrying...
2023-12-01T01:04:02.7979072Z A path returned 202. Retrying...
2023-12-01T01:04:02.7979365Z A path returned 202. Retrying...
2023-12-01T01:04:02.7979659Z A path returned 202. Retrying...
2023-12-01T01:04:02.7979959Z A path returned 202. Retrying...
2023-12-01T01:04:02.7980248Z A path returned 202. Retrying...
2023-12-01T01:04:02.7980554Z A path returned 202. Retrying...
2023-12-01T01:04:02.7980848Z A path returned 202. Retrying...
2023-12-01T01:04:02.7981144Z A path returned 202. Retrying...
2023-12-01T01:04:02.7981439Z A path returned 202. Retrying...
2023-12-01T01:04:02.7981735Z A path returned 202. Retrying...
2023-12-01T01:04:02.7982028Z A path returned 202. Retrying...
2023-12-01T01:04:02.7982321Z A path returned 202. Retrying...
2023-12-01T01:04:02.7982623Z A path returned 202. Retrying...
2023-12-01T01:04:02.7982925Z A path returned 202. Retrying...
2023-12-01T01:04:02.7983219Z A path returned 202. Retrying...
2023-12-01T01:04:02.7983516Z A path returned 202. Retrying...
2023-12-01T01:04:02.7983813Z A path returned 202. Retrying...
2023-12-01T01:04:02.7984107Z A path returned 202. Retrying...
2023-12-01T01:04:02.7984396Z A path returned 202. Retrying...
2023-12-01T01:04:02.7984690Z A path returned 202. Retrying...
2023-12-01T01:04:02.7984991Z A path returned 202. Retrying...
2023-12-01T01:04:02.7985286Z A path returned 202. Retrying...
2023-12-01T01:04:02.7985583Z A path returned 202. Retrying...
2023-12-01T01:04:02.7985875Z A path returned 202. Retrying...
2023-12-01T01:04:02.7986169Z A path returned 202. Retrying...
2023-12-01T01:04:02.7986456Z A path returned 202. Retrying...
2023-12-01T01:04:02.7986756Z A path returned 202. Retrying...
2023-12-01T01:04:02.7987057Z A path returned 202. Retrying...
2023-12-01T01:04:02.7987354Z A path returned 202. Retrying...
2023-12-01T01:04:02.7987801Z A path returned 202. Retrying...
2023-12-01T01:04:02.7988098Z A path returned 202. Retrying...
2023-12-01T01:04:02.7988393Z A path returned 202. Retrying...
2023-12-01T01:04:02.7988683Z A path returned 202. Retrying...
2023-12-01T01:04:02.7988976Z A path returned 202. Retrying...
2023-12-01T01:04:02.7989273Z A path returned 202. Retrying...
2023-12-01T01:04:02.7989569Z A path returned 202. Retrying...
2023-12-01T01:04:02.7989869Z A path returned 202. Retrying...
2023-12-01T01:04:02.7990164Z A path returned 202. Retrying...
2023-12-01T01:04:02.7990459Z A path returned 202. Retrying...
2023-12-01T01:04:02.7990747Z A path returned 202. Retrying...
2023-12-01T01:04:02.7991044Z A path returned 202. Retrying...
2023-12-01T01:04:02.7991340Z A path returned 202. Retrying...
2023-12-01T01:04:02.7991634Z A path returned 202. Retrying...
2023-12-01T01:04:02.7991928Z A path returned 202. Retrying...
2023-12-01T01:04:02.7992222Z A path returned 202. Retrying...
2023-12-01T01:04:02.7992517Z A path returned 202. Retrying...
2023-12-01T01:04:02.7992812Z A path returned 202. Retrying...
2023-12-01T01:04:02.7993104Z A path returned 202. Retrying...
2023-12-01T01:04:02.7993398Z A path returned 202. Retrying...
2023-12-01T01:04:02.7993693Z A path returned 202. Retrying...
2023-12-01T01:04:02.7993989Z A path returned 202. Retrying...
2023-12-01T01:04:02.7994282Z A path returned 202. Retrying...
2023-12-01T01:04:02.7994576Z A path returned 202. Retrying...
2023-12-01T01:04:02.7995015Z A path returned 202. Retrying...
2023-12-01T01:04:02.7995315Z A path returned 202. Retrying...
2023-12-01T01:04:02.7995607Z A path returned 202. Retrying...
2023-12-01T01:04:02.7995902Z A path returned 202. Retrying...
2023-12-01T01:04:02.7996194Z A path returned 202. Retrying...
2023-12-01T01:04:02.7996487Z A path returned 202. Retrying...
2023-12-01T01:04:02.7996781Z A path returned 202. Retrying...
2023-12-01T01:04:02.7997067Z A path returned 202. Retrying...
2023-12-01T01:04:02.7997365Z A path returned 202. Retrying...
2023-12-01T01:04:02.7997669Z A path returned 202. Retrying...
2023-12-01T01:04:02.7997965Z A path returned 202. Retrying...
2023-12-01T01:04:02.7998258Z A path returned 202. Retrying...
2023-12-01T01:04:02.7998551Z A path returned 202. Retrying...
2023-12-01T01:04:02.7998846Z A path returned 202. Retrying...
2023-12-01T01:04:02.7999137Z A path returned 202. Retrying...
2023-12-01T01:04:02.7999430Z A path returned 202. Retrying...
2023-12-01T01:04:02.7999729Z A path returned 202. Retrying...
2023-12-01T01:04:02.8000025Z A path returned 202. Retrying...
2023-12-01T01:04:02.8000318Z A path returned 202. Retrying...
2023-12-01T01:04:02.8000613Z A path returned 202. Retrying...
2023-12-01T01:12:37.5739204Z A path returned 202. Retrying...
2023-12-01T01:12:37.5740169Z A path returned 202. Retrying...
2023-12-01T01:12:37.5741021Z A path returned 202. Retrying...
2023-12-01T01:12:37.5741777Z A path returned 202. Retrying...
2023-12-01T01:12:37.5742515Z A path returned 202. Retrying...
2023-12-01T01:12:37.5743306Z A path returned 202. Retrying...
2023-12-01T01:12:37.5744086Z A path returned 202. Retrying...
2023-12-01T01:12:37.5744695Z A path returned 202. Retrying...
2023-12-01T01:12:37.5745254Z A path returned 202. Retrying...
2023-12-01T01:12:37.5745814Z A path returned 202. Retrying...
2023-12-01T01:12:37.5746377Z A path returned 202. Retrying...
2023-12-01T01:12:37.5746938Z A path returned 202. Retrying...
2023-12-01T01:12:37.5747492Z A path returned 202. Retrying...
2023-12-01T01:12:37.5748093Z A path returned 202. Retrying...
2023-12-01T01:12:37.5748651Z A path returned 202. Retrying...
2023-12-01T01:12:37.5749197Z A path returned 202. Retrying...
2023-12-01T01:12:37.5749753Z A path returned 202. Retrying...
2023-12-01T01:12:37.5750309Z A path returned 202. Retrying...
2023-12-01T01:12:37.5750861Z A path returned 202. Retrying...
2023-12-01T01:12:37.5751431Z A path returned 202. Retrying...
2023-12-01T01:12:37.5751982Z A path returned 202. Retrying...
2023-12-01T01:12:37.5752531Z A path returned 202. Retrying...
2023-12-01T01:12:37.5753791Z A path returned 202. Retrying...
2023-12-01T01:12:37.5754473Z A path returned 202. Retrying...
2023-12-01T01:12:37.5755034Z A path returned 202. Retrying...
2023-12-01T01:12:37.5755573Z A path returned 202. Retrying...
2023-12-01T01:12:37.5756124Z A path returned 202. Retrying...
2023-12-01T01:12:37.5756672Z A path returned 202. Retrying...
2023-12-01T01:12:37.5757234Z A path returned 202. Retrying...
2023-12-01T01:12:37.5757790Z A path returned 202. Retrying...
2023-12-01T01:12:37.5758355Z A path returned 202. Retrying...
2023-12-01T01:12:37.5758913Z A path returned 202. Retrying...
2023-12-01T01:12:37.5759454Z A path returned 202. Retrying...
2023-12-01T01:12:37.5759983Z A path returned 202. Retrying...
2023-12-01T01:12:37.5760423Z A path returned 202. Retrying...
2023-12-01T01:12:37.5760725Z A path returned 202. Retrying...
2023-12-01T01:12:37.5761015Z A path returned 202. Retrying...
2023-12-01T01:12:37.5761319Z A path returned 202. Retrying...
2023-12-01T01:12:37.5761617Z A path returned 202. Retrying...
2023-12-01T01:12:37.5761920Z A path returned 202. Retrying...
2023-12-01T01:12:37.5762214Z A path returned 202. Retrying...
2023-12-01T01:12:37.5762506Z A path returned 202. Retrying...
2023-12-01T01:12:37.5762802Z A path returned 202. Retrying...
2023-12-01T01:12:37.5763089Z A path returned 202. Retrying...
2023-12-01T01:12:37.5763381Z A path returned 202. Retrying...
2023-12-01T01:12:37.5763672Z A path returned 202. Retrying...
2023-12-01T01:12:37.5764207Z A path returned 202. Retrying...
2023-12-01T01:12:37.5764514Z A path returned 202. Retrying...
2023-12-01T01:12:37.5764810Z A path returned 202. Retrying...
2023-12-01T01:12:37.5765100Z A path returned 202. Retrying...
2023-12-01T01:12:37.5765388Z A path returned 202. Retrying...
2023-12-01T01:12:37.5765684Z A path returned 202. Retrying...
2023-12-01T01:12:37.5765974Z A path returned 202. Retrying...
2023-12-01T01:12:37.5766264Z A path returned 202. Retrying...
2023-12-01T01:12:37.5766555Z A path returned 202. Retrying...
2023-12-01T01:12:37.5766854Z A path returned 202. Retrying...
2023-12-01T01:12:37.5767195Z A path returned 202. Retrying...
2023-12-01T01:12:37.5767481Z A path returned 202. Retrying...
2023-12-01T01:12:37.5767772Z A path returned 202. Retrying...
2023-12-01T01:12:37.5768061Z A path returned 202. Retrying...
2023-12-01T01:12:37.5768352Z A path returned 202. Retrying...
2023-12-01T01:12:37.5768646Z A path returned 202. Retrying...
2023-12-01T01:12:37.5768937Z A path returned 202. Retrying...
2023-12-01T01:12:37.5769232Z A path returned 202. Retrying...
2023-12-01T01:12:37.5769519Z A path returned 202. Retrying...
2023-12-01T01:12:37.5769812Z A path returned 202. Retrying...
2023-12-01T01:12:37.5770396Z A path returned 202. Retrying...
2023-12-01T01:12:37.5770706Z A path returned 202. Retrying...
2023-12-01T01:12:37.5771013Z A path returned 202. Retrying...
2023-12-01T01:12:37.5771306Z A path returned 202. Retrying...
2023-12-01T01:12:37.5771599Z A path returned 202. Retrying...
2023-12-01T01:12:37.5771885Z A path returned 202. Retrying...
2023-12-01T01:12:37.5772186Z A path returned 202. Retrying...
2023-12-01T01:12:37.5772477Z A path returned 202. Retrying...
2023-12-01T01:12:37.5772770Z A path returned 202. Retrying...
2023-12-01T01:12:37.5773061Z A path returned 202. Retrying...
2023-12-01T01:12:37.5773353Z A path returned 202. Retrying...
2023-12-01T01:12:37.5773644Z A path returned 202. Retrying...
2023-12-01T01:12:37.5773932Z A path returned 202. Retrying...
2023-12-01T01:12:37.5774228Z A path returned 202. Retrying...
2023-12-01T01:12:37.5774525Z A path returned 202. Retrying...
2023-12-01T01:12:37.5774817Z A path returned 202. Retrying...
2023-12-01T01:12:37.5775108Z A path returned 202. Retrying...
2023-12-01T01:12:37.5775397Z A path returned 202. Retrying...
2023-12-01T01:12:37.5775689Z A path returned 202. Retrying...
2023-12-01T01:12:37.5775973Z A path returned 202. Retrying...
2023-12-01T01:12:37.5776264Z A path returned 202. Retrying...
2023-12-01T01:12:37.5776556Z A path returned 202. Retrying...
2023-12-01T01:12:37.5777030Z A path returned 202. Retrying...
2023-12-01T01:12:37.5777333Z A path returned 202. Retrying...
2023-12-01T01:12:37.5777627Z A path returned 202. Retrying...
2023-12-01T01:12:37.5777920Z A path returned 202. Retrying...
2023-12-01T01:12:37.5778208Z A path returned 202. Retrying...
2023-12-01T01:12:37.5778500Z A path returned 202. Retrying...
2023-12-01T01:12:37.5778790Z A path returned 202. Retrying...
2023-12-01T01:12:37.5779080Z A path returned 202. Retrying...
2023-12-01T01:12:37.5779374Z A path returned 202. Retrying...
2023-12-01T01:12:37.5779666Z A path returned 202. Retrying...
2023-12-01T01:12:37.5779963Z A path returned 202. Retrying...
2023-12-01T01:12:37.5780250Z A path returned 202. Retrying...
2023-12-01T01:12:37.5780544Z A path returned 202. Retrying...
2023-12-01T01:12:37.5780836Z A path returned 202. Retrying...
2023-12-01T01:12:37.5781129Z A path returned 202. Retrying...
2023-12-01T01:12:37.5781419Z A path returned 202. Retrying...
2023-12-01T01:12:37.5781709Z A path returned 202. Retrying...
2023-12-01T01:12:37.5782005Z A path returned 202. Retrying...
2023-12-01T01:12:37.5782292Z A path returned 202. Retrying...
2023-12-01T01:12:37.5782582Z A path returned 202. Retrying...
2023-12-01T01:12:37.5782873Z A path returned 202. Retrying...
2023-12-01T01:12:37.5783167Z A path returned 202. Retrying...
2023-12-01T01:12:37.5783458Z A path returned 202. Retrying...
2023-12-01T01:12:37.5783748Z A path returned 202. Retrying...
2023-12-01T01:12:37.5784185Z A path returned 202. Retrying...
2023-12-01T01:12:37.5784488Z A path returned 202. Retrying...
2023-12-01T01:12:37.5784780Z A path returned 202. Retrying...
2023-12-01T01:12:37.5785071Z A path returned 202. Retrying...
2023-12-01T01:12:37.5785363Z A path returned 202. Retrying...
2023-12-01T01:12:37.5785654Z A path returned 202. Retrying...
2023-12-01T01:12:37.5785943Z A path returned 202. Retrying...
2023-12-01T01:12:37.5786235Z A path returned 202. Retrying...
2023-12-01T01:12:37.5786530Z A path returned 202. Retrying...
2023-12-01T01:12:37.5786846Z A path returned 202. Retrying...
2023-12-01T01:12:37.5787136Z A path returned 202. Retrying...
2023-12-01T01:12:37.5787428Z A path returned 202. Retrying...
2023-12-01T01:12:37.5787721Z A path returned 202. Retrying...
2023-12-01T01:12:37.5788013Z A path returned 202. Retrying...
2023-12-01T01:12:37.5788317Z A path returned 202. Retrying...
2023-12-01T01:12:37.5788601Z A path returned 202. Retrying...
2023-12-01T01:12:37.5788892Z A path returned 202. Retrying...
2023-12-01T01:12:37.5789189Z A path returned 202. Retrying...
2023-12-01T01:12:37.5789480Z A path returned 202. Retrying...
2023-12-01T01:12:37.5789771Z A path returned 202. Retrying...
2023-12-01T01:12:37.5790061Z A path returned 202. Retrying...
2023-12-01T01:12:37.5790365Z A path returned 202. Retrying...
2023-12-01T01:12:37.5790655Z A path returned 202. Retrying...
2023-12-01T01:12:37.5790944Z A path returned 202. Retrying...
2023-12-01T01:12:37.5791233Z A path returned 202. Retrying...
2023-12-01T01:12:37.5791523Z A path returned 202. Retrying...
2023-12-01T01:12:37.5791817Z A path returned 202. Retrying...
2023-12-01T01:12:37.5792107Z A path returned 202. Retrying...
2023-12-01T01:12:37.5792397Z A path returned 202. Retrying...
2023-12-01T01:12:37.5792682Z A path returned 202. Retrying...
2023-12-01T01:12:37.5792975Z A path returned 202. Retrying...
2023-12-01T01:12:37.5793267Z A path returned 202. Retrying...
2023-12-01T01:12:37.5793565Z A path returned 202. Retrying...
2023-12-01T01:12:37.5793862Z A path returned 202. Retrying...
2023-12-01T01:12:37.5794152Z A path returned 202. Retrying...
2023-12-01T01:12:37.5794443Z A path returned 202. Retrying...
2023-12-01T01:12:37.5794729Z A path returned 202. Retrying...
2023-12-01T01:12:37.5795018Z A path returned 202. Retrying...
2023-12-01T01:12:37.5795308Z A path returned 202. Retrying...
2023-12-01T01:12:37.5795598Z A path returned 202. Retrying...
2023-12-01T01:12:37.5795887Z A path returned 202. Retrying...
2023-12-01T01:12:37.5796175Z A path returned 202. Retrying...
2023-12-01T01:12:37.5796606Z A path returned 202. Retrying...
2023-12-01T01:12:37.5796890Z A path returned 202. Retrying...
2023-12-01T01:12:37.5797180Z A path returned 202. Retrying...
2023-12-01T01:12:37.5797472Z A path returned 202. Retrying...
2023-12-01T01:12:37.5797761Z A path returned 202. Retrying...
2023-12-01T01:12:37.5798051Z A path returned 202. Retrying...
2023-12-01T01:12:37.5798343Z A path returned 202. Retrying...
2023-12-01T01:12:37.5798630Z A path returned 202. Retrying...
2023-12-01T01:12:37.5798926Z A path returned 202. Retrying...
2023-12-01T01:12:37.5799219Z A path returned 202. Retrying...
2023-12-01T01:12:37.5799511Z A path returned 202. Retrying...
2023-12-01T01:12:37.5799803Z A path returned 202. Retrying...
2023-12-01T01:12:37.5800095Z A path returned 202. Retrying...
2023-12-01T01:12:37.5800384Z A path returned 202. Retrying...
2023-12-01T01:12:37.5800670Z A path returned 202. Retrying...
2023-12-01T01:12:37.5800961Z A path returned 202. Retrying...
2023-12-01T01:12:37.5801262Z A path returned 202. Retrying...
2023-12-01T01:12:37.5801564Z A path returned 202. Retrying...
2023-12-01T01:12:37.5801860Z A path returned 202. Retrying...
2023-12-01T01:12:37.5802167Z A path returned 202. Retrying...
2023-12-01T01:12:37.5802459Z A path returned 202. Retrying...
2023-12-01T01:12:37.5802750Z A path returned 202. Retrying...
2023-12-01T01:12:37.5803043Z A path returned 202. Retrying...
2023-12-01T01:12:37.5803331Z A path returned 202. Retrying...
2023-12-01T01:12:37.5803743Z A path returned 202. Retrying...
2023-12-01T01:12:37.5804045Z A path returned 202. Retrying...
2023-12-01T01:12:37.5804335Z A path returned 202. Retrying...
2023-12-01T01:12:37.5804624Z A path returned 202. Retrying...
2023-12-01T01:12:37.5804911Z A path returned 202. Retrying...
2023-12-01T01:12:37.5805201Z A path returned 202. Retrying...
2023-12-01T01:12:37.5805490Z A path returned 202. Retrying...
2023-12-01T01:12:37.5805782Z A path returned 202. Retrying...
2023-12-01T01:12:37.5806078Z A path returned 202. Retrying...
2023-12-01T01:12:37.5806375Z A path returned 202. Retrying...
2023-12-01T01:12:37.5806667Z A path returned 202. Retrying...
2023-12-01T01:12:37.5806952Z A path returned 202. Retrying...
2023-12-01T01:12:37.5807244Z A path returned 202. Retrying...
2023-12-01T01:12:37.5807534Z A path returned 202. Retrying...
2023-12-01T01:12:37.5807825Z A path returned 202. Retrying...
2023-12-01T01:12:37.5808116Z A path returned 202. Retrying...
2023-12-01T01:12:37.5808406Z A path returned 202. Retrying...
2023-12-01T01:12:37.5808706Z A path returned 202. Retrying...
2023-12-01T01:12:37.5808994Z A path returned 202. Retrying...
2023-12-01T01:12:37.5809283Z A path returned 202. Retrying...
2023-12-01T01:12:37.5809574Z A path returned 202. Retrying...
2023-12-01T01:12:37.5809867Z A path returned 202. Retrying...
2023-12-01T01:12:37.5810354Z A path returned 202. Retrying...
2023-12-01T01:12:37.5810648Z A path returned 202. Retrying...
2023-12-01T01:12:37.5810938Z A path returned 202. Retrying...
2023-12-01T01:12:37.5811224Z A path returned 202. Retrying...
2023-12-01T01:12:37.5811520Z A path returned 202. Retrying...
2023-12-01T01:12:37.5811811Z A path returned 202. Retrying...
2023-12-01T01:12:37.5812104Z A path returned 202. Retrying...
2023-12-01T01:12:37.5812395Z A path returned 202. Retrying...
2023-12-01T01:12:37.5812685Z A path returned 202. Retrying...
2023-12-01T01:12:37.5812974Z A path returned 202. Retrying...
2023-12-01T01:12:37.5813258Z A path returned 202. Retrying...
2023-12-01T01:12:37.5813561Z A path returned 202. Retrying...
2023-12-01T01:12:37.5814018Z A path returned 202. Retrying...
2023-12-01T01:12:37.5814321Z A path returned 202. Retrying...
2023-12-01T01:12:37.5814615Z A path returned 202. Retrying...
2023-12-01T01:12:37.5814910Z A path returned 202. Retrying...
2023-12-01T01:12:37.5815210Z A path returned 202. Retrying...
2023-12-01T01:12:37.5815501Z A path returned 202. Retrying...
2023-12-01T01:12:37.5815836Z A path returned 202. Retrying...
2023-12-01T01:12:37.5816221Z A path returned 202. Retrying...
2023-12-01T01:12:37.5816729Z A path returned 202. Retrying...
2023-12-01T01:12:37.5817171Z A path returned 202. Retrying...
2023-12-01T01:12:37.5817703Z A path returned 202. Retrying...
2023-12-01T01:12:37.5818056Z A path returned 202. Retrying...
2023-12-01T01:12:37.5818466Z A path returned 202. Retrying...
2023-12-01T01:12:37.5818766Z A path returned 202. Retrying...
2023-12-01T01:12:37.5819095Z A path returned 202. Retrying...
2023-12-01T01:12:37.5819486Z A path returned 202. Retrying...
2023-12-01T01:12:37.5819864Z A path returned 202. Retrying...
2023-12-01T01:12:37.5820160Z A path returned 202. Retrying...
2023-12-01T01:12:37.5820450Z A path returned 202. Retrying...
2023-12-01T01:12:37.5820752Z aiohttp failed for rest query
2023-12-01T01:12:37.5821056Z aiohttp failed for rest query
2023-12-01T01:12:37.5821352Z aiohttp failed for rest query
2023-12-01T01:12:37.5821646Z aiohttp failed for rest query
2023-12-01T01:12:37.5821935Z aiohttp failed for rest query
2023-12-01T01:12:37.5822287Z aiohttp failed for rest query
2023-12-01T01:12:37.5822593Z aiohttp failed for rest query
2023-12-01T01:12:37.5822873Z aiohttp failed for rest query
2023-12-01T01:12:37.5823159Z aiohttp failed for rest query
2023-12-01T01:12:37.5823442Z aiohttp failed for rest query
2023-12-01T01:12:37.5823724Z aiohttp failed for rest query
2023-12-01T01:12:37.5824007Z aiohttp failed for rest query
2023-12-01T01:12:37.5824294Z aiohttp failed for rest query
2023-12-01T01:12:37.5824578Z aiohttp failed for rest query
2023-12-01T01:12:37.5825063Z aiohttp failed for rest query
2023-12-01T01:12:37.5825372Z aiohttp failed for rest query
2023-12-01T01:12:37.5825669Z aiohttp failed for rest query
2023-12-01T01:12:37.5825969Z aiohttp failed for rest query
2023-12-01T01:20:39.9674591Z aiohttp failed for rest query
2023-12-01T01:20:39.9675489Z aiohttp failed for rest query
2023-12-01T01:20:39.9676183Z aiohttp failed for rest query
2023-12-01T01:20:39.9676695Z aiohttp failed for rest query
2023-12-01T01:20:39.9677181Z aiohttp failed for rest query
2023-12-01T01:20:39.9677702Z aiohttp failed for rest query
2023-12-01T01:20:39.9678212Z aiohttp failed for rest query
2023-12-01T01:20:39.9678600Z aiohttp failed for rest query
2023-12-01T01:20:39.9678970Z aiohttp failed for rest query
2023-12-01T01:20:39.9679340Z aiohttp failed for rest query
2023-12-01T01:20:39.9679714Z aiohttp failed for rest query
2023-12-01T01:20:39.9680082Z aiohttp failed for rest query
2023-12-01T01:20:39.9680448Z aiohttp failed for rest query
2023-12-01T01:20:39.9680825Z aiohttp failed for rest query
2023-12-01T01:20:39.9681191Z aiohttp failed for rest query
2023-12-01T01:20:39.9681558Z aiohttp failed for rest query
2023-12-01T01:20:39.9681925Z aiohttp failed for rest query
2023-12-01T01:20:39.9682300Z aiohttp failed for rest query
2023-12-01T01:20:39.9682675Z aiohttp failed for rest query
2023-12-01T01:20:39.9683048Z aiohttp failed for rest query
2023-12-01T01:20:39.9683420Z aiohttp failed for rest query
2023-12-01T01:20:39.9683784Z aiohttp failed for rest query
2023-12-01T01:20:39.9684148Z aiohttp failed for rest query
2023-12-01T01:20:39.9684524Z aiohttp failed for rest query
2023-12-01T01:20:39.9684893Z aiohttp failed for rest query
2023-12-01T01:20:39.9685253Z aiohttp failed for rest query
2023-12-01T01:20:39.9685625Z aiohttp failed for rest query
2023-12-01T01:20:39.9685997Z aiohttp failed for rest query
2023-12-01T01:20:39.9686362Z aiohttp failed for rest query
2023-12-01T01:20:39.9686728Z aiohttp failed for rest query
2023-12-01T01:20:39.9687098Z aiohttp failed for rest query
2023-12-01T01:20:39.9687467Z aiohttp failed for rest query
2023-12-01T01:20:39.9687834Z aiohttp failed for rest query
2023-12-01T01:20:39.9688199Z aiohttp failed for rest query
2023-12-01T01:20:39.9688568Z aiohttp failed for rest query
2023-12-01T01:20:39.9688937Z aiohttp failed for rest query
2023-12-01T01:20:39.9689303Z aiohttp failed for rest query
2023-12-01T01:20:39.9689672Z aiohttp failed for rest query
2023-12-01T01:20:39.9690257Z aiohttp failed for rest query
2023-12-01T01:20:39.9690923Z There were too many 202s. Data for this repository will be incomplete.
2023-12-01T01:20:39.9691845Z A path returned 202. Retrying...
2023-12-01T01:20:39.9692248Z A path returned 202. Retrying...
2023-12-01T01:20:39.9692642Z A path returned 202. Retrying...
2023-12-01T01:20:39.9693019Z A path returned 202. Retrying...
2023-12-01T01:20:39.9693403Z A path returned 202. Retrying...
2023-12-01T01:20:39.9693790Z A path returned 202. Retrying...
2023-12-01T01:20:39.9694182Z A path returned 202. Retrying...
2023-12-01T01:20:39.9694572Z A path returned 202. Retrying...
2023-12-01T01:20:39.9694947Z A path returned 202. Retrying...
2023-12-01T01:20:39.9695291Z A path returned 202. Retrying...
2023-12-01T01:20:39.9695631Z A path returned 202. Retrying...
2023-12-01T01:20:39.9695983Z A path returned 202. Retrying...
2023-12-01T01:20:39.9696324Z A path returned 202. Retrying...
2023-12-01T01:20:39.9696673Z A path returned 202. Retrying...
2023-12-01T01:20:39.9697018Z A path returned 202. Retrying...
2023-12-01T01:20:39.9697370Z A path returned 202. Retrying...
2023-12-01T01:20:39.9697719Z A path returned 202. Retrying...
2023-12-01T01:20:39.9698055Z A path returned 202. Retrying...
2023-12-01T01:20:39.9698406Z A path returned 202. Retrying...
2023-12-01T01:20:39.9698760Z A path returned 202. Retrying...
2023-12-01T01:20:39.9699116Z A path returned 202. Retrying...
2023-12-01T01:20:39.9699481Z A path returned 202. Retrying...
2023-12-01T01:20:39.9699827Z A path returned 202. Retrying...
2023-12-01T01:20:39.9700358Z A path returned 202. Retrying...
2023-12-01T01:20:39.9700704Z A path returned 202. Retrying...
2023-12-01T01:20:39.9701050Z A path returned 202. Retrying...
2023-12-01T01:20:39.9701399Z A path returned 202. Retrying...
2023-12-01T01:20:39.9701742Z A path returned 202. Retrying...
2023-12-01T01:20:39.9702073Z A path returned 202. Retrying...
2023-12-01T01:20:39.9702420Z A path returned 202. Retrying...
2023-12-01T01:20:39.9702765Z A path returned 202. Retrying...
2023-12-01T01:20:39.9703101Z A path returned 202. Retrying...
2023-12-01T01:20:39.9703410Z A path returned 202. Retrying...
2023-12-01T01:20:39.9703759Z A path returned 202. Retrying...
2023-12-01T01:20:39.9704103Z A path returned 202. Retrying...
2023-12-01T01:20:39.9704450Z A path returned 202. Retrying...
2023-12-01T01:20:39.9704770Z A path returned 202. Retrying...
2023-12-01T01:20:39.9705115Z A path returned 202. Retrying...
2023-12-01T01:20:39.9705453Z A path returned 202. Retrying...
2023-12-01T01:20:39.9705802Z A path returned 202. Retrying...
2023-12-01T01:20:39.9706150Z A path returned 202. Retrying...
2023-12-01T01:20:39.9706495Z A path returned 202. Retrying...
2023-12-01T01:20:39.9706834Z A path returned 202. Retrying...
2023-12-01T01:20:39.9707180Z A path returned 202. Retrying...
2023-12-01T01:20:39.9707519Z A path returned 202. Retrying...
2023-12-01T01:20:39.9707850Z A path returned 202. Retrying...
2023-12-01T01:20:39.9708198Z A path returned 202. Retrying...
2023-12-01T01:20:39.9708545Z A path returned 202. Retrying...
2023-12-01T01:20:39.9708882Z A path returned 202. Retrying...
2023-12-01T01:20:39.9709199Z A path returned 202. Retrying...
2023-12-01T01:20:39.9709545Z A path returned 202. Retrying...
2023-12-01T01:20:39.9709889Z A path returned 202. Retrying...
2023-12-01T01:20:39.9710230Z A path returned 202. Retrying...
2023-12-01T01:20:39.9710568Z A path returned 202. Retrying...
2023-12-01T01:20:39.9710881Z A path returned 202. Retrying...
2023-12-01T01:20:39.9711214Z A path returned 202. Retrying...
2023-12-01T01:20:39.9711528Z A path returned 202. Retrying...
2023-12-01T01:20:39.9711869Z A path returned 202. Retrying...
2023-12-01T01:20:39.9712211Z A path returned 202. Retrying...
2023-12-01T01:20:39.9712555Z A path returned 202. Retrying...
2023-12-01T01:20:39.9712900Z A path returned 202. Retrying...
2023-12-01T01:20:39.9713242Z A path returned 202. Retrying...
2023-12-01T01:20:39.9713583Z A path returned 202. Retrying...
2023-12-01T01:20:39.9713934Z A path returned 202. Retrying...
2023-12-01T01:20:39.9714275Z A path returned 202. Retrying...
2023-12-01T01:20:39.9714614Z A path returned 202. Retrying...
2023-12-01T01:20:39.9715107Z A path returned 202. Retrying...
2023-12-01T01:20:39.9715462Z A path returned 202. Retrying...
2023-12-01T01:20:39.9715810Z A path returned 202. Retrying...
2023-12-01T01:20:39.9716152Z A path returned 202. Retrying...
2023-12-01T01:20:39.9716502Z A path returned 202. Retrying...
2023-12-01T01:20:39.9716836Z A path returned 202. Retrying...
2023-12-01T01:20:39.9717179Z A path returned 202. Retrying...
2023-12-01T01:20:39.9717524Z A path returned 202. Retrying...
2023-12-01T01:20:39.9717864Z A path returned 202. Retrying...
2023-12-01T01:20:39.9718212Z A path returned 202. Retrying...
2023-12-01T01:20:39.9718531Z A path returned 202. Retrying...
2023-12-01T01:20:39.9718875Z A path returned 202. Retrying...
2023-12-01T01:20:39.9719212Z A path returned 202. Retrying...
2023-12-01T01:20:39.9719550Z A path returned 202. Retrying...
2023-12-01T01:20:39.9719887Z A path returned 202. Retrying...
2023-12-01T01:20:39.9720234Z A path returned 202. Retrying...
2023-12-01T01:20:39.9720590Z A path returned 202. Retrying...
2023-12-01T01:20:39.9720932Z A path returned 202. Retrying...
2023-12-01T01:20:39.9721280Z A path returned 202. Retrying...
2023-12-01T01:20:39.9721624Z A path returned 202. Retrying...
2023-12-01T01:20:39.9721934Z A path returned 202. Retrying...
2023-12-01T01:20:39.9722274Z A path returned 202. Retrying...
2023-12-01T01:20:39.9722613Z A path returned 202. Retrying...
2023-12-01T01:20:39.9723078Z A path returned 202. Retrying...
2023-12-01T01:20:39.9723450Z A path returned 202. Retrying...
2023-12-01T01:20:39.9723797Z A path returned 202. Retrying...
2023-12-01T01:20:39.9724136Z A path returned 202. Retrying...
2023-12-01T01:20:39.9724484Z A path returned 202. Retrying...
2023-12-01T01:20:39.9724801Z A path returned 202. Retrying...
2023-12-01T01:20:39.9725148Z A path returned 202. Retrying...
2023-12-01T01:20:39.9725491Z A path returned 202. Retrying...
2023-12-01T01:20:39.9726018Z A path returned 202. Retrying...
2023-12-01T01:20:39.9726396Z A path returned 202. Retrying...
2023-12-01T01:20:39.9726755Z A path returned 202. Retrying...
2023-12-01T01:20:39.9727095Z A path returned 202. Retrying...
2023-12-01T01:20:39.9727431Z A path returned 202. Retrying...
2023-12-01T01:20:39.9727771Z A path returned 202. Retrying...
2023-12-01T01:20:39.9728114Z A path returned 202. Retrying...
2023-12-01T01:20:39.9728456Z A path returned 202. Retrying...
2023-12-01T01:20:39.9728801Z A path returned 202. Retrying...
2023-12-01T01:20:39.9729146Z A path returned 202. Retrying...
2023-12-01T01:20:39.9729491Z A path returned 202. Retrying...
2023-12-01T01:20:39.9729830Z A path returned 202. Retrying...
2023-12-01T01:20:39.9730366Z A path returned 202. Retrying...
2023-12-01T01:20:39.9730742Z A path returned 202. Retrying...
2023-12-01T01:20:39.9731100Z A path returned 202. Retrying...
2023-12-01T01:20:39.9731447Z A path returned 202. Retrying...
2023-12-01T01:20:39.9731792Z A path returned 202. Retrying...
2023-12-01T01:20:39.9732136Z A path returned 202. Retrying...
2023-12-01T01:20:39.9732485Z A path returned 202. Retrying...
2023-12-01T01:20:39.9732822Z A path returned 202. Retrying...
2023-12-01T01:20:39.9733160Z A path returned 202. Retrying...
2023-12-01T01:20:39.9733501Z A path returned 202. Retrying...
2023-12-01T01:20:39.9733846Z A path returned 202. Retrying...
2023-12-01T01:20:39.9734186Z A path returned 202. Retrying...
2023-12-01T01:20:39.9734530Z A path returned 202. Retrying...
2023-12-01T01:20:39.9734871Z A path returned 202. Retrying...
2023-12-01T01:20:39.9735223Z A path returned 202. Retrying...
2023-12-01T01:20:39.9735568Z A path returned 202. Retrying...
2023-12-01T01:20:39.9735900Z A path returned 202. Retrying...
2023-12-01T01:20:39.9736238Z A path returned 202. Retrying...
2023-12-01T01:20:39.9736573Z A path returned 202. Retrying...
2023-12-01T01:20:39.9736916Z A path returned 202. Retrying...
2023-12-01T01:20:39.9737254Z A path returned 202. Retrying...
2023-12-01T01:20:39.9737594Z A path returned 202. Retrying...
2023-12-01T01:20:39.9737951Z A path returned 202. Retrying...
2023-12-01T01:20:39.9738713Z A path returned 202. Retrying...
2023-12-01T01:20:39.9739059Z A path returned 202. Retrying...
2023-12-01T01:20:39.9739405Z A path returned 202. Retrying...
2023-12-01T01:20:39.9739750Z A path returned 202. Retrying...
2023-12-01T01:20:39.9740089Z A path returned 202. Retrying...
2023-12-01T01:20:39.9740435Z A path returned 202. Retrying...
2023-12-01T01:20:39.9740777Z A path returned 202. Retrying...
2023-12-01T01:20:39.9741123Z A path returned 202. Retrying...
2023-12-01T01:20:39.9741468Z A path returned 202. Retrying...
2023-12-01T01:20:39.9741813Z A path returned 202. Retrying...
2023-12-01T01:20:39.9742153Z A path returned 202. Retrying...
2023-12-01T01:20:39.9742492Z A path returned 202. Retrying...
2023-12-01T01:20:39.9742835Z A path returned 202. Retrying...
2023-12-01T01:20:39.9743181Z A path returned 202. Retrying...
2023-12-01T01:20:39.9743533Z A path returned 202. Retrying...
2023-12-01T01:20:39.9743879Z A path returned 202. Retrying...
2023-12-01T01:20:39.9744232Z A path returned 202. Retrying...
2023-12-01T01:20:39.9744576Z A path returned 202. Retrying...
2023-12-01T01:20:39.9744917Z A path returned 202. Retrying...
2023-12-01T01:20:39.9745254Z A path returned 202. Retrying...
2023-12-01T01:20:39.9745601Z A path returned 202. Retrying...
2023-12-01T01:20:39.9745928Z A path returned 202. Retrying...
2023-12-01T01:20:39.9746270Z A path returned 202. Retrying...
2023-12-01T01:20:39.9746611Z A path returned 202. Retrying...
2023-12-01T01:20:39.9747092Z A path returned 202. Retrying...
2023-12-01T01:20:39.9747419Z A path returned 202. Retrying...
2023-12-01T01:20:39.9747744Z A path returned 202. Retrying...
2023-12-01T01:20:39.9748087Z A path returned 202. Retrying...
2023-12-01T01:20:39.9748436Z A path returned 202. Retrying...
2023-12-01T01:20:39.9748786Z A path returned 202. Retrying...
2023-12-01T01:20:39.9749125Z A path returned 202. Retrying...
2023-12-01T01:20:39.9749464Z A path returned 202. Retrying...
2023-12-01T01:20:39.9749779Z A path returned 202. Retrying...
2023-12-01T01:20:39.9750133Z A path returned 202. Retrying...
2023-12-01T01:20:39.9750478Z A path returned 202. Retrying...
2023-12-01T01:20:39.9750823Z A path returned 202. Retrying...
2023-12-01T01:20:39.9751171Z A path returned 202. Retrying...
2023-12-01T01:20:39.9751514Z A path returned 202. Retrying...
2023-12-01T01:20:39.9751845Z A path returned 202. Retrying...
2023-12-01T01:20:39.9752170Z A path returned 202. Retrying...
2023-12-01T01:20:39.9752521Z A path returned 202. Retrying...
2023-12-01T01:20:39.9752870Z A path returned 202. Retrying...
2023-12-01T01:20:39.9753215Z A path returned 202. Retrying...
2023-12-01T01:20:39.9753533Z A path returned 202. Retrying...
2023-12-01T01:20:39.9753875Z A path returned 202. Retrying...
2023-12-01T01:20:39.9754222Z A path returned 202. Retrying...
2023-12-01T01:20:39.9754562Z A path returned 202. Retrying...
2023-12-01T01:20:39.9754904Z A path returned 202. Retrying...
2023-12-01T01:20:39.9755250Z A path returned 202. Retrying...
2023-12-01T01:20:39.9755592Z A path returned 202. Retrying...
2023-12-01T01:20:39.9755937Z A path returned 202. Retrying...
2023-12-01T01:20:39.9756276Z A path returned 202. Retrying...
2023-12-01T01:20:39.9756619Z A path returned 202. Retrying...
2023-12-01T01:20:39.9756957Z A path returned 202. Retrying...
2023-12-01T01:20:39.9757303Z A path returned 202. Retrying...
2023-12-01T01:20:39.9757645Z A path returned 202. Retrying...
2023-12-01T01:20:39.9757982Z A path returned 202. Retrying...
2023-12-01T01:20:39.9758335Z A path returned 202. Retrying...
2023-12-01T01:20:39.9758678Z A path returned 202. Retrying...
2023-12-01T01:20:39.9759016Z A path returned 202. Retrying...
2023-12-01T01:20:39.9759350Z A path returned 202. Retrying...
2023-12-01T01:20:39.9759693Z A path returned 202. Retrying...
2023-12-01T01:20:39.9760036Z A path returned 202. Retrying...
2023-12-01T01:20:39.9760380Z A path returned 202. Retrying...
2023-12-01T01:20:39.9760723Z A path returned 202. Retrying...
2023-12-01T01:20:39.9761072Z A path returned 202. Retrying...
2023-12-01T01:20:39.9761535Z A path returned 202. Retrying...
2023-12-01T01:20:39.9761861Z A path returned 202. Retrying...
2023-12-01T01:20:39.9762172Z A path returned 202. Retrying...
2023-12-01T01:20:39.9762515Z A path returned 202. Retrying...
2023-12-01T01:20:39.9762855Z A path returned 202. Retrying...
2023-12-01T01:20:39.9763198Z A path returned 202. Retrying...
2023-12-01T01:20:39.9763535Z A path returned 202. Retrying...
2023-12-01T01:20:39.9763885Z A path returned 202. Retrying...
2023-12-01T01:20:39.9764224Z A path returned 202. Retrying...
2023-12-01T01:20:39.9764564Z A path returned 202. Retrying...
2023-12-01T01:20:39.9764906Z A path returned 202. Retrying...
2023-12-01T01:20:39.9765250Z A path returned 202. Retrying...
2023-12-01T01:20:39.9765585Z A path returned 202. Retrying...
2023-12-01T01:28:56.1684214Z A path returned 202. Retrying...
2023-12-01T01:28:56.1684851Z A path returned 202. Retrying...
2023-12-01T01:28:56.1685393Z A path returned 202. Retrying...
2023-12-01T01:28:56.1685959Z A path returned 202. Retrying...
2023-12-01T01:28:56.1686499Z A path returned 202. Retrying...
2023-12-01T01:28:56.1690234Z A path returned 202. Retrying...
2023-12-01T01:28:56.1690839Z A path returned 202. Retrying...
2023-12-01T01:28:56.1691421Z A path returned 202. Retrying...
2023-12-01T01:28:56.1691993Z A path returned 202. Retrying...
2023-12-01T01:28:56.1692590Z A path returned 202. Retrying...
2023-12-01T01:28:56.1694912Z A path returned 202. Retrying...
2023-12-01T01:28:56.1695748Z A path returned 202. Retrying...
2023-12-01T01:28:56.1696245Z A path returned 202. Retrying...
2023-12-01T01:28:56.1696763Z A path returned 202. Retrying...
2023-12-01T01:28:56.1697209Z A path returned 202. Retrying...
2023-12-01T01:28:56.1697639Z A path returned 202. Retrying...
2023-12-01T01:28:56.1698093Z A path returned 202. Retrying...
2023-12-01T01:28:56.1698541Z A path returned 202. Retrying...
2023-12-01T01:28:56.1698978Z A path returned 202. Retrying...
2023-12-01T01:28:56.1699431Z A path returned 202. Retrying...
2023-12-01T01:28:56.1699879Z A path returned 202. Retrying...
2023-12-01T01:28:56.1700319Z A path returned 202. Retrying...
2023-12-01T01:28:56.1700782Z A path returned 202. Retrying...
2023-12-01T01:28:56.1701348Z A path returned 202. Retrying...
2023-12-01T01:28:56.1701880Z A path returned 202. Retrying...
2023-12-01T01:28:56.1702371Z A path returned 202. Retrying...
2023-12-01T01:28:56.1702880Z A path returned 202. Retrying...
2023-12-01T01:28:56.1703343Z A path returned 202. Retrying...
2023-12-01T01:28:56.1703817Z A path returned 202. Retrying...
2023-12-01T01:28:56.1704280Z A path returned 202. Retrying...
2023-12-01T01:28:56.1704738Z A path returned 202. Retrying...
2023-12-01T01:28:56.1705205Z A path returned 202. Retrying...
2023-12-01T01:28:56.1705677Z A path returned 202. Retrying...
2023-12-01T01:28:56.1706164Z A path returned 202. Retrying...
2023-12-01T01:28:56.1706639Z A path returned 202. Retrying...
2023-12-01T01:28:56.1707137Z A path returned 202. Retrying...
2023-12-01T01:28:56.1707613Z A path returned 202. Retrying...
2023-12-01T01:28:56.1708076Z A path returned 202. Retrying...
2023-12-01T01:28:56.1708541Z A path returned 202. Retrying...
2023-12-01T01:28:56.1709005Z A path returned 202. Retrying...
2023-12-01T01:28:56.1709469Z A path returned 202. Retrying...
2023-12-01T01:28:56.1709916Z A path returned 202. Retrying...
2023-12-01T01:28:56.1710396Z A path returned 202. Retrying...
2023-12-01T01:28:56.1710857Z A path returned 202. Retrying...
2023-12-01T01:28:56.1711331Z A path returned 202. Retrying...
2023-12-01T01:28:56.1711788Z A path returned 202. Retrying...
2023-12-01T01:28:56.1712254Z A path returned 202. Retrying...
2023-12-01T01:28:56.1712708Z A path returned 202. Retrying...
2023-12-01T01:28:56.1713171Z A path returned 202. Retrying...
2023-12-01T01:28:56.1713639Z A path returned 202. Retrying...
2023-12-01T01:28:56.1714091Z A path returned 202. Retrying...
2023-12-01T01:28:56.1714544Z A path returned 202. Retrying...
2023-12-01T01:28:56.1715004Z A path returned 202. Retrying...
2023-12-01T01:28:56.1715726Z A path returned 202. Retrying...
2023-12-01T01:28:56.1716190Z A path returned 202. Retrying...
2023-12-01T01:28:56.1716660Z A path returned 202. Retrying...
2023-12-01T01:28:56.1717130Z A path returned 202. Retrying...
2023-12-01T01:28:56.1717595Z A path returned 202. Retrying...
2023-12-01T01:28:56.1718068Z A path returned 202. Retrying...
2023-12-01T01:28:56.1718526Z A path returned 202. Retrying...
2023-12-01T01:28:56.1719007Z A path returned 202. Retrying...
2023-12-01T01:28:56.1719480Z A path returned 202. Retrying...
2023-12-01T01:28:56.1719935Z A path returned 202. Retrying...
2023-12-01T01:28:56.1720395Z A path returned 202. Retrying...
2023-12-01T01:28:56.1720858Z A path returned 202. Retrying...
2023-12-01T01:28:56.1721325Z A path returned 202. Retrying...
2023-12-01T01:28:56.1721789Z A path returned 202. Retrying...
2023-12-01T01:28:56.1722251Z A path returned 202. Retrying...
2023-12-01T01:28:56.1722705Z A path returned 202. Retrying...
2023-12-01T01:28:56.1723177Z A path returned 202. Retrying...
2023-12-01T01:28:56.1723643Z A path returned 202. Retrying...
2023-12-01T01:28:56.1724092Z A path returned 202. Retrying...
2023-12-01T01:28:56.1724547Z A path returned 202. Retrying...
2023-12-01T01:28:56.1725012Z A path returned 202. Retrying...
2023-12-01T01:28:56.1725513Z A path returned 202. Retrying...
2023-12-01T01:28:56.1726023Z A path returned 202. Retrying...
2023-12-01T01:28:56.1726532Z A path returned 202. Retrying...
2023-12-01T01:28:56.1727218Z A path returned 202. Retrying...
2023-12-01T01:28:56.1727746Z A path returned 202. Retrying...
2023-12-01T01:28:56.1728253Z A path returned 202. Retrying...
2023-12-01T01:28:56.1728748Z A path returned 202. Retrying...
2023-12-01T01:28:56.1729253Z A path returned 202. Retrying...
2023-12-01T01:28:56.1729774Z A path returned 202. Retrying...
2023-12-01T01:28:56.1730469Z A path returned 202. Retrying...
2023-12-01T01:28:56.1730963Z A path returned 202. Retrying...
2023-12-01T01:28:56.1731455Z A path returned 202. Retrying...
2023-12-01T01:28:56.1731965Z A path returned 202. Retrying...
2023-12-01T01:28:56.1732484Z A path returned 202. Retrying...
2023-12-01T01:28:56.1732993Z A path returned 202. Retrying...
2023-12-01T01:28:56.1733509Z A path returned 202. Retrying...
2023-12-01T01:28:56.1734036Z A path returned 202. Retrying...
2023-12-01T01:28:56.1734550Z A path returned 202. Retrying...
2023-12-01T01:28:56.1735060Z A path returned 202. Retrying...
2023-12-01T01:28:56.1735590Z A path returned 202. Retrying...
2023-12-01T01:28:56.1736123Z A path returned 202. Retrying...
2023-12-01T01:28:56.1736647Z A path returned 202. Retrying...
2023-12-01T01:28:56.1737172Z A path returned 202. Retrying...
2023-12-01T01:28:56.1737691Z A path returned 202. Retrying...
2023-12-01T01:28:56.1738216Z A path returned 202. Retrying...
2023-12-01T01:28:56.1738733Z A path returned 202. Retrying...
2023-12-01T01:28:56.1739262Z A path returned 202. Retrying...
2023-12-01T01:28:56.1739797Z A path returned 202. Retrying...
2023-12-01T01:28:56.1740325Z A path returned 202. Retrying...
2023-12-01T01:28:56.1740841Z A path returned 202. Retrying...
2023-12-01T01:28:56.1741352Z A path returned 202. Retrying...
2023-12-01T01:28:56.1741855Z A path returned 202. Retrying...
2023-12-01T01:28:56.1742358Z A path returned 202. Retrying...
2023-12-01T01:28:56.1742863Z A path returned 202. Retrying...
2023-12-01T01:28:56.1743396Z A path returned 202. Retrying...
2023-12-01T01:28:56.1743946Z A path returned 202. Retrying...
2023-12-01T01:28:56.1744486Z A path returned 202. Retrying...
2023-12-01T01:28:56.1745008Z A path returned 202. Retrying...
2023-12-01T01:28:56.1745536Z A path returned 202. Retrying...
2023-12-01T01:28:56.1746053Z A path returned 202. Retrying...
2023-12-01T01:28:56.1746571Z A path returned 202. Retrying...
2023-12-01T01:28:56.1747027Z A path returned 202. Retrying...
2023-12-01T01:28:56.1747471Z A path returned 202. Retrying...
2023-12-01T01:28:56.1747914Z A path returned 202. Retrying...
2023-12-01T01:28:56.1748353Z A path returned 202. Retrying...
2023-12-01T01:28:56.1749019Z A path returned 202. Retrying...
2023-12-01T01:28:56.1749486Z A path returned 202. Retrying...
2023-12-01T01:28:56.1750006Z A path returned 202. Retrying...
2023-12-01T01:28:56.1750477Z A path returned 202. Retrying...
2023-12-01T01:28:56.1751037Z A path returned 202. Retrying...
2023-12-01T01:28:56.1751527Z A path returned 202. Retrying...
2023-12-01T01:28:56.1752034Z A path returned 202. Retrying...
2023-12-01T01:28:56.1752536Z A path returned 202. Retrying...
2023-12-01T01:28:56.1753032Z A path returned 202. Retrying...
2023-12-01T01:28:56.1753533Z A path returned 202. Retrying...
2023-12-01T01:28:56.1754028Z A path returned 202. Retrying...
2023-12-01T01:28:56.1754523Z A path returned 202. Retrying...
2023-12-01T01:28:56.1755028Z A path returned 202. Retrying...
2023-12-01T01:28:56.1755510Z A path returned 202. Retrying...
2023-12-01T01:28:56.1755984Z A path returned 202. Retrying...
2023-12-01T01:28:56.1756481Z A path returned 202. Retrying...
2023-12-01T01:28:56.1757038Z A path returned 202. Retrying...
2023-12-01T01:28:56.1757592Z A path returned 202. Retrying...
2023-12-01T01:28:56.1758138Z A path returned 202. Retrying...
2023-12-01T01:28:56.1758687Z A path returned 202. Retrying...
2023-12-01T01:28:56.1759239Z A path returned 202. Retrying...
2023-12-01T01:28:56.1759787Z A path returned 202. Retrying...
2023-12-01T01:28:56.1760328Z A path returned 202. Retrying...
2023-12-01T01:28:56.1760879Z A path returned 202. Retrying...
2023-12-01T01:28:56.1761653Z A path returned 202. Retrying...
2023-12-01T01:28:56.1762232Z A path returned 202. Retrying...
2023-12-01T01:28:56.1762795Z A path returned 202. Retrying...
2023-12-01T01:28:56.1763337Z A path returned 202. Retrying...
2023-12-01T01:28:56.1763878Z A path returned 202. Retrying...
2023-12-01T01:28:56.1764410Z A path returned 202. Retrying...
2023-12-01T01:28:56.1764949Z A path returned 202. Retrying...
2023-12-01T01:28:56.1765488Z A path returned 202. Retrying...
2023-12-01T01:28:56.1766027Z A path returned 202. Retrying...
2023-12-01T01:28:56.1766575Z A path returned 202. Retrying...
2023-12-01T01:28:56.1767114Z A path returned 202. Retrying...
2023-12-01T01:28:56.1767647Z A path returned 202. Retrying...
2023-12-01T01:28:56.1768167Z A path returned 202. Retrying...
2023-12-01T01:28:56.1768697Z A path returned 202. Retrying...
2023-12-01T01:28:56.1769227Z A path returned 202. Retrying...
2023-12-01T01:28:56.1769761Z A path returned 202. Retrying...
2023-12-01T01:28:56.1770552Z A path returned 202. Retrying...
2023-12-01T01:28:56.1771092Z A path returned 202. Retrying...
2023-12-01T01:28:56.1771630Z A path returned 202. Retrying...
2023-12-01T01:28:56.1772150Z A path returned 202. Retrying...
2023-12-01T01:28:56.1772661Z A path returned 202. Retrying...
2023-12-01T01:28:56.1773180Z A path returned 202. Retrying...
2023-12-01T01:28:56.1773700Z A path returned 202. Retrying...
2023-12-01T01:28:56.1774221Z A path returned 202. Retrying...
2023-12-01T01:28:56.1774738Z A path returned 202. Retrying...
2023-12-01T01:28:56.1775280Z A path returned 202. Retrying...
2023-12-01T01:28:56.1775815Z A path returned 202. Retrying...
2023-12-01T01:28:56.1776365Z A path returned 202. Retrying...
2023-12-01T01:28:56.1776906Z A path returned 202. Retrying...
2023-12-01T01:28:56.1777448Z A path returned 202. Retrying...
2023-12-01T01:28:56.1777994Z A path returned 202. Retrying...
2023-12-01T01:28:56.1778532Z A path returned 202. Retrying...
2023-12-01T01:28:56.1779071Z A path returned 202. Retrying...
2023-12-01T01:28:56.1779602Z A path returned 202. Retrying...
2023-12-01T01:28:56.1780151Z A path returned 202. Retrying...
2023-12-01T01:28:56.1780692Z A path returned 202. Retrying...
2023-12-01T01:28:56.1781200Z A path returned 202. Retrying...
2023-12-01T01:28:56.1781705Z A path returned 202. Retrying...
2023-12-01T01:28:56.1782207Z A path returned 202. Retrying...
2023-12-01T01:28:56.1782695Z A path returned 202. Retrying...
2023-12-01T01:28:56.1783180Z A path returned 202. Retrying...
2023-12-01T01:28:56.1783698Z A path returned 202. Retrying...
2023-12-01T01:28:56.1784461Z A path returned 202. Retrying...
2023-12-01T01:28:56.1784984Z A path returned 202. Retrying...
2023-12-01T01:28:56.1785546Z A path returned 202. Retrying...
2023-12-01T01:28:56.1914324Z ##[group]Run git config --global user.name "jstrieb/github-stats"
2023-12-01T01:28:56.1914929Z [36;1mgit config --global user.name "jstrieb/github-stats"[0m
2023-12-01T01:28:56.1915519Z [36;1mgit config --global user.email "github-stats[bot]@jstrieb.github.io"[0m
2023-12-01T01:28:56.1915996Z [36;1mgit add .[0m
2023-12-01T01:28:56.1916385Z [36;1m# Force the build to succeed, even if no files were changed[0m
2023-12-01T01:28:56.1916915Z [36;1mgit commit -m 'Update generated files' || true[0m
2023-12-01T01:28:56.1917304Z [36;1mgit push[0m
2023-12-01T01:28:56.1978418Z shell: /usr/bin/bash -e {0}
2023-12-01T01:28:56.1978710Z env:
2023-12-01T01:28:56.1979020Z   pythonLocation: /opt/hostedtoolcache/Python/3.8.18/x64
2023-12-01T01:28:56.1979578Z   PKG_CONFIG_PATH: /opt/hostedtoolcache/Python/3.8.18/x64/lib/pkgconfig
2023-12-01T01:28:56.1980129Z   Python_ROOT_DIR: /opt/hostedtoolcache/Python/3.8.18/x64
2023-12-01T01:28:56.1980630Z   Python2_ROOT_DIR: /opt/hostedtoolcache/Python/3.8.18/x64
2023-12-01T01:28:56.1981102Z   Python3_ROOT_DIR: /opt/hostedtoolcache/Python/3.8.18/x64
2023-12-01T01:28:56.1981580Z   LD_LIBRARY_PATH: /opt/hostedtoolcache/Python/3.8.18/x64/lib
2023-12-01T01:28:56.1981982Z ##[endgroup]
2023-12-01T01:28:57.1040286Z [master c96be9f] Update generated files
2023-12-01T01:28:57.1041355Z  2 files changed, 386 insertions(+), 566 deletions(-)
2023-12-01T01:28:58.1272517Z To https://github.com/seanpm2001/GitHub_Stats_A
2023-12-01T01:28:58.1273377Z    76bdba5..c96be9f  master -> master
2023-12-01T01:28:58.1385861Z Post job cleanup.
2023-12-01T01:28:58.2567114Z Cache hit occurred on the primary key setup-python-Linux-22.04-Ubuntu-python-3.8.18-pip-60f2a6c0212a9b74a155cd81b58dd07fd8b180833132566260d95f4de42fe218, not saving cache.
2023-12-01T01:28:58.2674724Z Post job cleanup.
2023-12-01T01:28:58.3500514Z [command]/usr/bin/git version
2023-12-01T01:28:58.3543797Z git version 2.43.0
2023-12-01T01:28:58.3577567Z Copying '/home/runner/.gitconfig' to '/home/runner/work/_temp/35b3c2aa-f062-4b03-b775-6871c5f0f54d/.gitconfig'
2023-12-01T01:28:58.3588473Z Temporarily overriding HOME='/home/runner/work/_temp/35b3c2aa-f062-4b03-b775-6871c5f0f54d' before making global git config changes
2023-12-01T01:28:58.3590234Z Adding repository directory to the temporary git global config as a safe directory
2023-12-01T01:28:58.3594555Z [command]/usr/bin/git config --global --add safe.directory /home/runner/work/GitHub_Stats_A/GitHub_Stats_A
2023-12-01T01:28:58.3635690Z [command]/usr/bin/git config --local --name-only --get-regexp core\.sshCommand
2023-12-01T01:28:58.3673246Z [command]/usr/bin/git submodule foreach --recursive sh -c "git config --local --name-only --get-regexp 'core\.sshCommand' && git config --local --unset-all 'core.sshCommand' || :"
2023-12-01T01:28:58.3943535Z [command]/usr/bin/git config --local --name-only --get-regexp http\.https\:\/\/github\.com\/\.extraheader
2023-12-01T01:28:58.3972327Z http.https://github.com/.extraheader
2023-12-01T01:28:58.3983192Z [command]/usr/bin/git config --local --unset-all http.https://github.com/.extraheader
2023-12-01T01:28:58.4022536Z [command]/usr/bin/git submodule foreach --recursive sh -c "git config --local --name-only --get-regexp 'http\.https\:\/\/github\.com\/\.extraheader' && git config --local --unset-all 'http.https://github.com/.extraheader' || :"
2023-12-01T01:28:58.4491198Z Cleaning up orphan processes
