2023-10-19T00:22:22.2280621Z Requested labels: ubuntu-latest
2023-10-19T00:22:22.2281087Z Job defined at: seanpm2001/GitHub_Stats_A/.github/workflows/main.yml@refs/heads/master
2023-10-19T00:22:22.2281262Z Waiting for a runner to pick up this job...
2023-10-19T00:22:23.0086610Z Job is waiting for a hosted runner to come online.
2023-10-19T00:22:26.5523756Z Job is about to start running on the hosted runner: GitHub Actions 2 (hosted)
2023-10-19T00:22:29.0296798Z Current runner version: '2.310.2'
2023-10-19T00:22:29.0336633Z ##[group]Operating System
2023-10-19T00:22:29.0337670Z Ubuntu
2023-10-19T00:22:29.0338267Z 22.04.3
2023-10-19T00:22:29.0338936Z LTS
2023-10-19T00:22:29.0339443Z ##[endgroup]
2023-10-19T00:22:29.0340077Z ##[group]Runner Image
2023-10-19T00:22:29.0340888Z Image: ubuntu-22.04
2023-10-19T00:22:29.0341564Z Version: 20231016.1.0
2023-10-19T00:22:29.0343186Z Included Software: https://github.com/actions/runner-images/blob/ubuntu22/20231016.1/images/linux/Ubuntu2204-Readme.md
2023-10-19T00:22:29.0345669Z Image Release: https://github.com/actions/runner-images/releases/tag/ubuntu22%2F20231016.1
2023-10-19T00:22:29.0347156Z ##[endgroup]
2023-10-19T00:22:29.0347840Z ##[group]Runner Image Provisioner
2023-10-19T00:22:29.0348660Z 2.0.312.1
2023-10-19T00:22:29.0349289Z ##[endgroup]
2023-10-19T00:22:29.0350857Z ##[group]GITHUB_TOKEN Permissions
2023-10-19T00:22:29.0353367Z Contents: write
2023-10-19T00:22:29.0354079Z Metadata: read
2023-10-19T00:22:29.0355099Z ##[endgroup]
2023-10-19T00:22:29.0360174Z Secret source: Actions
2023-10-19T00:22:29.0361360Z Prepare workflow directory
2023-10-19T00:22:29.1292196Z Prepare all required actions
2023-10-19T00:22:29.1530859Z Getting action download info
2023-10-19T00:22:29.3941667Z Download action repository 'actions/checkout@v3' (SHA:f43a0e5ff2bd294095638e18286ca9a3d1956744)
2023-10-19T00:22:29.8143855Z Download action repository 'actions/setup-python@v4' (SHA:65d7f2d534ac1bc67fcd62888c5f4f3d2cb2b236)
2023-10-19T00:22:30.2847787Z Complete job name: build
2023-10-19T00:22:30.4270885Z ##[group]Run actions/checkout@v3
2023-10-19T00:22:30.4271650Z with:
2023-10-19T00:22:30.4272140Z   repository: seanpm2001/GitHub_Stats_A
2023-10-19T00:22:30.4273238Z   token: ***
2023-10-19T00:22:30.4273701Z   ssh-strict: true
2023-10-19T00:22:30.4274234Z   persist-credentials: true
2023-10-19T00:22:30.4274819Z   clean: true
2023-10-19T00:22:30.4275573Z   sparse-checkout-cone-mode: true
2023-10-19T00:22:30.4276239Z   fetch-depth: 1
2023-10-19T00:22:30.4276773Z   fetch-tags: false
2023-10-19T00:22:30.4277266Z   lfs: false
2023-10-19T00:22:30.4277704Z   submodules: false
2023-10-19T00:22:30.4278233Z   set-safe-directory: true
2023-10-19T00:22:30.4278801Z ##[endgroup]
2023-10-19T00:22:30.7822679Z Syncing repository: seanpm2001/GitHub_Stats_A
2023-10-19T00:22:30.7825246Z ##[group]Getting Git version info
2023-10-19T00:22:30.7826386Z Working directory is '/home/runner/work/GitHub_Stats_A/GitHub_Stats_A'
2023-10-19T00:22:30.7827620Z [command]/usr/bin/git version
2023-10-19T00:22:30.7964277Z git version 2.42.0
2023-10-19T00:22:30.8008912Z ##[endgroup]
2023-10-19T00:22:30.8036058Z Temporarily overriding HOME='/home/runner/work/_temp/d96fb50a-6da9-45a0-beae-4dd13c32f29e' before making global git config changes
2023-10-19T00:22:30.8047542Z Adding repository directory to the temporary git global config as a safe directory
2023-10-19T00:22:30.8093528Z [command]/usr/bin/git config --global --add safe.directory /home/runner/work/GitHub_Stats_A/GitHub_Stats_A
2023-10-19T00:22:30.8169877Z Deleting the contents of '/home/runner/work/GitHub_Stats_A/GitHub_Stats_A'
2023-10-19T00:22:30.8175354Z ##[group]Initializing the repository
2023-10-19T00:22:30.8180708Z [command]/usr/bin/git init /home/runner/work/GitHub_Stats_A/GitHub_Stats_A
2023-10-19T00:22:30.8332984Z hint: Using 'master' as the name for the initial branch. This default branch name
2023-10-19T00:22:30.8334785Z hint: is subject to change. To configure the initial branch name to use in all
2023-10-19T00:22:30.8336219Z hint: of your new repositories, which will suppress this warning, call:
2023-10-19T00:22:30.8381446Z hint: 
2023-10-19T00:22:30.8382244Z hint: 	git config --global init.defaultBranch <name>
2023-10-19T00:22:30.8382911Z hint: 
2023-10-19T00:22:30.8383630Z hint: Names commonly chosen instead of 'master' are 'main', 'trunk' and
2023-10-19T00:22:30.8384861Z hint: 'development'. The just-created branch can be renamed via this command:
2023-10-19T00:22:30.8385695Z hint: 
2023-10-19T00:22:30.8386118Z hint: 	git branch -m <name>
2023-10-19T00:22:30.8387427Z Initialized empty Git repository in /home/runner/work/GitHub_Stats_A/GitHub_Stats_A/.git/
2023-10-19T00:22:30.8389617Z [command]/usr/bin/git remote add origin https://github.com/seanpm2001/GitHub_Stats_A
2023-10-19T00:22:30.8445931Z ##[endgroup]
2023-10-19T00:22:30.8446732Z ##[group]Disabling automatic garbage collection
2023-10-19T00:22:30.8450084Z [command]/usr/bin/git config --local gc.auto 0
2023-10-19T00:22:30.8492513Z ##[endgroup]
2023-10-19T00:22:30.8493506Z ##[group]Setting up auth
2023-10-19T00:22:30.8499956Z [command]/usr/bin/git config --local --name-only --get-regexp core\.sshCommand
2023-10-19T00:22:30.8549102Z [command]/usr/bin/git submodule foreach --recursive sh -c "git config --local --name-only --get-regexp 'core\.sshCommand' && git config --local --unset-all 'core.sshCommand' || :"
2023-10-19T00:22:30.9081109Z [command]/usr/bin/git config --local --name-only --get-regexp http\.https\:\/\/github\.com\/\.extraheader
2023-10-19T00:22:30.9124318Z [command]/usr/bin/git submodule foreach --recursive sh -c "git config --local --name-only --get-regexp 'http\.https\:\/\/github\.com\/\.extraheader' && git config --local --unset-all 'http.https://github.com/.extraheader' || :"
2023-10-19T00:22:30.9477450Z [command]/usr/bin/git config --local http.https://github.com/.extraheader AUTHORIZATION: basic ***
2023-10-19T00:22:30.9514626Z ##[endgroup]
2023-10-19T00:22:30.9536684Z ##[group]Fetching the repository
2023-10-19T00:22:30.9539799Z [command]/usr/bin/git -c protocol.version=2 fetch --no-tags --prune --progress --no-recurse-submodules --depth=1 origin +8b1554565857451feb6f81e67a154d9fa035d411:refs/remotes/origin/master
2023-10-19T00:22:31.3248380Z remote: Enumerating objects: 8390, done.        
2023-10-19T00:22:31.3405849Z remote: Counting objects:   0% (1/8390)        
2023-10-19T00:22:31.3406709Z remote: Counting objects:   1% (84/8390)        
2023-10-19T00:22:31.3407422Z remote: Counting objects:   2% (168/8390)        
2023-10-19T00:22:31.3408140Z remote: Counting objects:   3% (252/8390)        
2023-10-19T00:22:31.3408917Z remote: Counting objects:   4% (336/8390)        
2023-10-19T00:22:31.3409619Z remote: Counting objects:   5% (420/8390)        
2023-10-19T00:22:31.3410297Z remote: Counting objects:   6% (504/8390)        
2023-10-19T00:22:31.3410997Z remote: Counting objects:   7% (588/8390)        
2023-10-19T00:22:31.3411698Z remote: Counting objects:   8% (672/8390)        
2023-10-19T00:22:31.3412392Z remote: Counting objects:   9% (756/8390)        
2023-10-19T00:22:31.3413086Z remote: Counting objects:  10% (839/8390)        
2023-10-19T00:22:31.3413788Z remote: Counting objects:  11% (923/8390)        
2023-10-19T00:22:31.3414502Z remote: Counting objects:  12% (1007/8390)        
2023-10-19T00:22:31.3415230Z remote: Counting objects:  13% (1091/8390)        
2023-10-19T00:22:31.3415945Z remote: Counting objects:  14% (1175/8390)        
2023-10-19T00:22:31.3416668Z remote: Counting objects:  15% (1259/8390)        
2023-10-19T00:22:31.3417395Z remote: Counting objects:  16% (1343/8390)        
2023-10-19T00:22:31.3418115Z remote: Counting objects:  17% (1427/8390)        
2023-10-19T00:22:31.3418820Z remote: Counting objects:  18% (1511/8390)        
2023-10-19T00:22:31.3419533Z remote: Counting objects:  19% (1595/8390)        
2023-10-19T00:22:31.3420248Z remote: Counting objects:  20% (1678/8390)        
2023-10-19T00:22:31.3420966Z remote: Counting objects:  21% (1762/8390)        
2023-10-19T00:22:31.3421674Z remote: Counting objects:  22% (1846/8390)        
2023-10-19T00:22:31.3422401Z remote: Counting objects:  23% (1930/8390)        
2023-10-19T00:22:31.3423400Z remote: Counting objects:  24% (2014/8390)        
2023-10-19T00:22:31.3424414Z remote: Counting objects:  25% (2098/8390)        
2023-10-19T00:22:31.3425147Z remote: Counting objects:  26% (2182/8390)        
2023-10-19T00:22:31.3425873Z remote: Counting objects:  27% (2266/8390)        
2023-10-19T00:22:31.3426613Z remote: Counting objects:  28% (2350/8390)        
2023-10-19T00:22:31.3427822Z remote: Counting objects:  29% (2434/8390)        
2023-10-19T00:22:31.3428530Z remote: Counting objects:  30% (2517/8390)        
2023-10-19T00:22:31.3445443Z remote: Counting objects:  31% (2601/8390)        
2023-10-19T00:22:31.3446518Z remote: Counting objects:  32% (2685/8390)        
2023-10-19T00:22:31.3447255Z remote: Counting objects:  33% (2769/8390)        
2023-10-19T00:22:31.3447973Z remote: Counting objects:  34% (2853/8390)        
2023-10-19T00:22:31.3448705Z remote: Counting objects:  35% (2937/8390)        
2023-10-19T00:22:31.3449428Z remote: Counting objects:  36% (3021/8390)        
2023-10-19T00:22:31.3450772Z remote: Counting objects:  37% (3105/8390)        
2023-10-19T00:22:31.3451556Z remote: Counting objects:  38% (3189/8390)        
2023-10-19T00:22:31.3452264Z remote: Counting objects:  39% (3273/8390)        
2023-10-19T00:22:31.3453236Z remote: Counting objects:  40% (3356/8390)        
2023-10-19T00:22:31.3454418Z remote: Counting objects:  41% (3440/8390)        
2023-10-19T00:22:31.3455609Z remote: Counting objects:  42% (3524/8390)        
2023-10-19T00:22:31.3456585Z remote: Counting objects:  43% (3608/8390)        
2023-10-19T00:22:31.3457353Z remote: Counting objects:  44% (3692/8390)        
2023-10-19T00:22:31.3458076Z remote: Counting objects:  45% (3776/8390)        
2023-10-19T00:22:31.3458784Z remote: Counting objects:  46% (3860/8390)        
2023-10-19T00:22:31.3459504Z remote: Counting objects:  47% (3944/8390)        
2023-10-19T00:22:31.3460622Z remote: Counting objects:  48% (4028/8390)        
2023-10-19T00:22:31.3461357Z remote: Counting objects:  49% (4112/8390)        
2023-10-19T00:22:31.3462063Z remote: Counting objects:  50% (4195/8390)        
2023-10-19T00:22:31.3462785Z remote: Counting objects:  51% (4279/8390)        
2023-10-19T00:22:31.3463506Z remote: Counting objects:  52% (4363/8390)        
2023-10-19T00:22:31.3464224Z remote: Counting objects:  53% (4447/8390)        
2023-10-19T00:22:31.3464923Z remote: Counting objects:  54% (4531/8390)        
2023-10-19T00:22:31.3465653Z remote: Counting objects:  55% (4615/8390)        
2023-10-19T00:22:31.3466634Z remote: Counting objects:  56% (4699/8390)        
2023-10-19T00:22:31.3467622Z remote: Counting objects:  57% (4783/8390)        
2023-10-19T00:22:31.3468334Z remote: Counting objects:  58% (4867/8390)        
2023-10-19T00:22:31.3469629Z remote: Counting objects:  59% (4951/8390)        
2023-10-19T00:22:31.3470374Z remote: Counting objects:  60% (5034/8390)        
2023-10-19T00:22:31.3471549Z remote: Counting objects:  61% (5118/8390)        
2023-10-19T00:22:31.3472267Z remote: Counting objects:  62% (5202/8390)        
2023-10-19T00:22:31.3472993Z remote: Counting objects:  63% (5286/8390)        
2023-10-19T00:22:31.3474048Z remote: Counting objects:  64% (5370/8390)        
2023-10-19T00:22:31.3475072Z remote: Counting objects:  65% (5454/8390)        
2023-10-19T00:22:31.3476012Z remote: Counting objects:  66% (5538/8390)        
2023-10-19T00:22:31.3476726Z remote: Counting objects:  67% (5622/8390)        
2023-10-19T00:22:31.3477856Z remote: Counting objects:  68% (5706/8390)        
2023-10-19T00:22:31.3480278Z remote: Counting objects:  69% (5790/8390)        
2023-10-19T00:22:31.3481622Z remote: Counting objects:  70% (5873/8390)        
2023-10-19T00:22:31.3482349Z remote: Counting objects:  71% (5957/8390)        
2023-10-19T00:22:31.3483064Z remote: Counting objects:  72% (6041/8390)        
2023-10-19T00:22:31.3483783Z remote: Counting objects:  73% (6125/8390)        
2023-10-19T00:22:31.3485043Z remote: Counting objects:  74% (6209/8390)        
2023-10-19T00:22:31.3485794Z remote: Counting objects:  75% (6293/8390)        
2023-10-19T00:22:31.3486515Z remote: Counting objects:  76% (6377/8390)        
2023-10-19T00:22:31.3487233Z remote: Counting objects:  77% (6461/8390)        
2023-10-19T00:22:31.3487952Z remote: Counting objects:  78% (6545/8390)        
2023-10-19T00:22:31.3488658Z remote: Counting objects:  79% (6629/8390)        
2023-10-19T00:22:31.3489760Z remote: Counting objects:  80% (6712/8390)        
2023-10-19T00:22:31.3490476Z remote: Counting objects:  81% (6796/8390)        
2023-10-19T00:22:31.3491236Z remote: Counting objects:  82% (6880/8390)        
2023-10-19T00:22:31.3491942Z remote: Counting objects:  83% (6964/8390)        
2023-10-19T00:22:31.3493131Z remote: Counting objects:  84% (7048/8390)        
2023-10-19T00:22:31.3493899Z remote: Counting objects:  85% (7132/8390)        
2023-10-19T00:22:31.3494618Z remote: Counting objects:  86% (7216/8390)        
2023-10-19T00:22:31.3495331Z remote: Counting objects:  87% (7300/8390)        
2023-10-19T00:22:31.3496048Z remote: Counting objects:  88% (7384/8390)        
2023-10-19T00:22:31.3496763Z remote: Counting objects:  89% (7468/8390)        
2023-10-19T00:22:31.3497480Z remote: Counting objects:  90% (7551/8390)        
2023-10-19T00:22:31.3498183Z remote: Counting objects:  91% (7635/8390)        
2023-10-19T00:22:31.3498897Z remote: Counting objects:  92% (7719/8390)        
2023-10-19T00:22:31.3499619Z remote: Counting objects:  93% (7803/8390)        
2023-10-19T00:22:31.3500335Z remote: Counting objects:  94% (7887/8390)        
2023-10-19T00:22:31.3501035Z remote: Counting objects:  95% (7971/8390)        
2023-10-19T00:22:31.3501744Z remote: Counting objects:  96% (8055/8390)        
2023-10-19T00:22:31.3502453Z remote: Counting objects:  97% (8139/8390)        
2023-10-19T00:22:31.3503162Z remote: Counting objects:  98% (8223/8390)        
2023-10-19T00:22:31.3504093Z remote: Counting objects:  99% (8307/8390)        
2023-10-19T00:22:31.3504824Z remote: Counting objects: 100% (8390/8390)        
2023-10-19T00:22:31.3505599Z remote: Counting objects: 100% (8390/8390), done.        
2023-10-19T00:22:31.3697455Z remote: Compressing objects:   0% (1/3207)        
2023-10-19T00:22:31.4659062Z remote: Compressing objects:   1% (33/3207)        
2023-10-19T00:22:31.4687542Z remote: Compressing objects:   2% (65/3207)        
2023-10-19T00:22:31.4698639Z remote: Compressing objects:   3% (97/3207)        
2023-10-19T00:22:31.4699511Z remote: Compressing objects:   4% (129/3207)        
2023-10-19T00:22:31.4700291Z remote: Compressing objects:   5% (161/3207)        
2023-10-19T00:22:31.4701038Z remote: Compressing objects:   6% (193/3207)        
2023-10-19T00:22:31.4701793Z remote: Compressing objects:   7% (225/3207)        
2023-10-19T00:22:31.4702549Z remote: Compressing objects:   8% (257/3207)        
2023-10-19T00:22:31.4703304Z remote: Compressing objects:   9% (289/3207)        
2023-10-19T00:22:31.4704065Z remote: Compressing objects:  10% (321/3207)        
2023-10-19T00:22:31.4704875Z remote: Compressing objects:  11% (353/3207)        
2023-10-19T00:22:31.4705637Z remote: Compressing objects:  12% (385/3207)        
2023-10-19T00:22:31.4706396Z remote: Compressing objects:  13% (417/3207)        
2023-10-19T00:22:31.4707138Z remote: Compressing objects:  14% (449/3207)        
2023-10-19T00:22:31.4815179Z remote: Compressing objects:  15% (482/3207)        
2023-10-19T00:22:31.4877312Z remote: Compressing objects:  16% (514/3207)        
2023-10-19T00:22:31.4878187Z remote: Compressing objects:  17% (546/3207)        
2023-10-19T00:22:31.4883545Z remote: Compressing objects:  18% (578/3207)        
2023-10-19T00:22:31.4885156Z remote: Compressing objects:  19% (610/3207)        
2023-10-19T00:22:31.4885941Z remote: Compressing objects:  20% (642/3207)        
2023-10-19T00:22:31.4886707Z remote: Compressing objects:  21% (674/3207)        
2023-10-19T00:22:31.4887495Z remote: Compressing objects:  22% (706/3207)        
2023-10-19T00:22:31.4888241Z remote: Compressing objects:  23% (738/3207)        
2023-10-19T00:22:31.4889001Z remote: Compressing objects:  24% (770/3207)        
2023-10-19T00:22:31.4889760Z remote: Compressing objects:  25% (802/3207)        
2023-10-19T00:22:31.4890502Z remote: Compressing objects:  26% (834/3207)        
2023-10-19T00:22:31.4891257Z remote: Compressing objects:  27% (866/3207)        
2023-10-19T00:22:31.4892002Z remote: Compressing objects:  28% (898/3207)        
2023-10-19T00:22:31.4968225Z remote: Compressing objects:  29% (931/3207)        
2023-10-19T00:22:31.5255037Z remote: Compressing objects:  30% (963/3207)        
2023-10-19T00:22:31.5712836Z remote: Compressing objects:  31% (995/3207)        
2023-10-19T00:22:31.6052359Z remote: Compressing objects:  32% (1027/3207)        
2023-10-19T00:22:31.6439838Z remote: Compressing objects:  33% (1059/3207)        
2023-10-19T00:22:31.6906346Z remote: Compressing objects:  34% (1091/3207)        
2023-10-19T00:22:31.7270750Z remote: Compressing objects:  35% (1123/3207)        
2023-10-19T00:22:31.7706349Z remote: Compressing objects:  36% (1155/3207)        
2023-10-19T00:22:31.8235691Z remote: Compressing objects:  37% (1187/3207)        
2023-10-19T00:22:31.8684301Z remote: Compressing objects:  38% (1219/3207)        
2023-10-19T00:22:31.9036446Z remote: Compressing objects:  39% (1251/3207)        
2023-10-19T00:22:31.9439468Z remote: Compressing objects:  40% (1283/3207)        
2023-10-19T00:22:31.9829508Z remote: Compressing objects:  41% (1315/3207)        
2023-10-19T00:22:32.0047242Z remote: Compressing objects:  42% (1347/3207)        
2023-10-19T00:22:32.0961548Z remote: Compressing objects:  43% (1380/3207)        
2023-10-19T00:22:32.1505225Z remote: Compressing objects:  44% (1412/3207)        
2023-10-19T00:22:32.1515110Z remote: Compressing objects:  45% (1444/3207)        
2023-10-19T00:22:32.1616084Z remote: Compressing objects:  46% (1476/3207)        
2023-10-19T00:22:32.1710254Z remote: Compressing objects:  47% (1508/3207)        
2023-10-19T00:22:32.1711564Z remote: Compressing objects:  48% (1540/3207)        
2023-10-19T00:22:32.1712739Z remote: Compressing objects:  49% (1572/3207)        
2023-10-19T00:22:32.1713637Z remote: Compressing objects:  50% (1604/3207)        
2023-10-19T00:22:32.1714586Z remote: Compressing objects:  51% (1636/3207)        
2023-10-19T00:22:32.1715719Z remote: Compressing objects:  52% (1668/3207)        
2023-10-19T00:22:32.1719165Z remote: Compressing objects:  53% (1700/3207)        
2023-10-19T00:22:32.1720478Z remote: Compressing objects:  54% (1732/3207)        
2023-10-19T00:22:32.1721324Z remote: Compressing objects:  55% (1764/3207)        
2023-10-19T00:22:32.1722247Z remote: Compressing objects:  56% (1796/3207)        
2023-10-19T00:22:32.1723237Z remote: Compressing objects:  57% (1828/3207)        
2023-10-19T00:22:32.1726698Z remote: Compressing objects:  58% (1861/3207)        
2023-10-19T00:22:32.1736159Z remote: Compressing objects:  59% (1893/3207)        
2023-10-19T00:22:32.1763381Z remote: Compressing objects:  60% (1925/3207)        
2023-10-19T00:22:32.1764355Z remote: Compressing objects:  61% (1957/3207)        
2023-10-19T00:22:32.1765477Z remote: Compressing objects:  62% (1989/3207)        
2023-10-19T00:22:32.1768038Z remote: Compressing objects:  63% (2021/3207)        
2023-10-19T00:22:32.1779333Z remote: Compressing objects:  64% (2053/3207)        
2023-10-19T00:22:32.1780325Z remote: Compressing objects:  65% (2085/3207)        
2023-10-19T00:22:32.1781458Z remote: Compressing objects:  66% (2117/3207)        
2023-10-19T00:22:32.1782359Z remote: Compressing objects:  67% (2149/3207)        
2023-10-19T00:22:32.1783197Z remote: Compressing objects:  68% (2181/3207)        
2023-10-19T00:22:32.1784189Z remote: Compressing objects:  69% (2213/3207)        
2023-10-19T00:22:32.1785074Z remote: Compressing objects:  70% (2245/3207)        
2023-10-19T00:22:32.1789172Z remote: Compressing objects:  71% (2277/3207)        
2023-10-19T00:22:32.1790048Z remote: Compressing objects:  72% (2310/3207)        
2023-10-19T00:22:32.1790950Z remote: Compressing objects:  73% (2342/3207)        
2023-10-19T00:22:32.1791960Z remote: Compressing objects:  74% (2374/3207)        
2023-10-19T00:22:32.1792851Z remote: Compressing objects:  75% (2406/3207)        
2023-10-19T00:22:32.1793686Z remote: Compressing objects:  76% (2438/3207)        
2023-10-19T00:22:32.1794650Z remote: Compressing objects:  77% (2470/3207)        
2023-10-19T00:22:32.1796076Z remote: Compressing objects:  78% (2502/3207)        
2023-10-19T00:22:32.1797045Z remote: Compressing objects:  79% (2534/3207)        
2023-10-19T00:22:32.1798021Z remote: Compressing objects:  80% (2566/3207)        
2023-10-19T00:22:32.1799110Z remote: Compressing objects:  81% (2598/3207)        
2023-10-19T00:22:32.1800015Z remote: Compressing objects:  82% (2630/3207)        
2023-10-19T00:22:32.1800983Z remote: Compressing objects:  83% (2662/3207)        
2023-10-19T00:22:32.1803001Z remote: Compressing objects:  84% (2694/3207)        
2023-10-19T00:22:32.1804232Z remote: Compressing objects:  85% (2726/3207)        
2023-10-19T00:22:32.1805849Z remote: Compressing objects:  86% (2759/3207)        
2023-10-19T00:22:32.1806778Z remote: Compressing objects:  87% (2791/3207)        
2023-10-19T00:22:32.1813561Z remote: Compressing objects:  88% (2823/3207)        
2023-10-19T00:22:32.1814506Z remote: Compressing objects:  89% (2855/3207)        
2023-10-19T00:22:32.1815430Z remote: Compressing objects:  90% (2887/3207)        
2023-10-19T00:22:32.1816488Z remote: Compressing objects:  91% (2919/3207)        
2023-10-19T00:22:32.1817396Z remote: Compressing objects:  92% (2951/3207)        
2023-10-19T00:22:32.1819256Z remote: Compressing objects:  93% (2983/3207)        
2023-10-19T00:22:32.1820342Z remote: Compressing objects:  94% (3015/3207)        
2023-10-19T00:22:32.1821709Z remote: Compressing objects:  95% (3047/3207)        
2023-10-19T00:22:32.1823032Z remote: Compressing objects:  96% (3079/3207)        
2023-10-19T00:22:32.1824340Z remote: Compressing objects:  97% (3111/3207)        
2023-10-19T00:22:32.1825199Z remote: Compressing objects:  98% (3143/3207)        
2023-10-19T00:22:32.1827724Z remote: Compressing objects:  99% (3175/3207)        
2023-10-19T00:22:32.1829117Z remote: Compressing objects: 100% (3207/3207)        
2023-10-19T00:22:32.1830248Z remote: Compressing objects: 100% (3207/3207), done.        
2023-10-19T00:22:32.2069050Z Receiving objects:   0% (1/8390)
2023-10-19T00:22:32.2128108Z Receiving objects:   1% (84/8390)
2023-10-19T00:22:32.2236629Z Receiving objects:   2% (168/8390)
2023-10-19T00:22:32.2372689Z Receiving objects:   3% (252/8390)
2023-10-19T00:22:32.2439253Z Receiving objects:   4% (336/8390)
2023-10-19T00:22:32.2500781Z Receiving objects:   5% (420/8390)
2023-10-19T00:22:32.2558489Z Receiving objects:   6% (504/8390)
2023-10-19T00:22:32.2614022Z Receiving objects:   7% (588/8390)
2023-10-19T00:22:32.2670419Z Receiving objects:   8% (672/8390)
2023-10-19T00:22:32.2724579Z Receiving objects:   9% (756/8390)
2023-10-19T00:22:32.2781541Z Receiving objects:  10% (839/8390)
2023-10-19T00:22:32.2857549Z Receiving objects:  11% (923/8390)
2023-10-19T00:22:32.2865734Z Receiving objects:  12% (1007/8390)
2023-10-19T00:22:32.2872868Z Receiving objects:  13% (1091/8390)
2023-10-19T00:22:32.2978127Z Receiving objects:  14% (1175/8390)
2023-10-19T00:22:32.3141927Z Receiving objects:  15% (1259/8390)
2023-10-19T00:22:32.3321429Z Receiving objects:  16% (1343/8390)
2023-10-19T00:22:32.3491417Z Receiving objects:  17% (1427/8390)
2023-10-19T00:22:32.3612479Z Receiving objects:  18% (1511/8390)
2023-10-19T00:22:32.3724172Z Receiving objects:  19% (1595/8390)
2023-10-19T00:22:32.3840776Z Receiving objects:  20% (1678/8390)
2023-10-19T00:22:32.3937754Z Receiving objects:  21% (1762/8390)
2023-10-19T00:22:32.4060992Z Receiving objects:  22% (1846/8390)
2023-10-19T00:22:32.4140526Z Receiving objects:  23% (1930/8390)
2023-10-19T00:22:32.4234173Z Receiving objects:  24% (2014/8390)
2023-10-19T00:22:32.4385226Z Receiving objects:  25% (2098/8390)
2023-10-19T00:22:32.4489455Z Receiving objects:  26% (2182/8390)
2023-10-19T00:22:32.4609886Z Receiving objects:  27% (2266/8390)
2023-10-19T00:22:32.4722750Z Receiving objects:  28% (2350/8390)
2023-10-19T00:22:32.4836302Z Receiving objects:  29% (2434/8390)
2023-10-19T00:22:32.4936741Z Receiving objects:  30% (2517/8390)
2023-10-19T00:22:32.5042945Z Receiving objects:  31% (2601/8390)
2023-10-19T00:22:32.5173184Z Receiving objects:  32% (2685/8390)
2023-10-19T00:22:32.5244752Z Receiving objects:  33% (2769/8390)
2023-10-19T00:22:32.5319751Z Receiving objects:  34% (2853/8390)
2023-10-19T00:22:32.5541446Z Receiving objects:  35% (2937/8390)
2023-10-19T00:22:32.5773470Z Receiving objects:  36% (3021/8390)
2023-10-19T00:22:32.5923966Z Receiving objects:  37% (3105/8390)
2023-10-19T00:22:32.5998363Z Receiving objects:  38% (3189/8390)
2023-10-19T00:22:32.6067554Z Receiving objects:  39% (3273/8390)
2023-10-19T00:22:32.6133981Z Receiving objects:  40% (3356/8390)
2023-10-19T00:22:32.6209689Z Receiving objects:  41% (3440/8390)
2023-10-19T00:22:32.6283068Z Receiving objects:  42% (3524/8390)
2023-10-19T00:22:32.6356736Z Receiving objects:  43% (3608/8390)
2023-10-19T00:22:32.6425488Z Receiving objects:  44% (3692/8390)
2023-10-19T00:22:32.6646477Z Receiving objects:  45% (3776/8390)
2023-10-19T00:22:32.6853248Z Receiving objects:  46% (3860/8390)
2023-10-19T00:22:32.7043113Z Receiving objects:  47% (3944/8390)
2023-10-19T00:22:32.7229676Z Receiving objects:  48% (4028/8390), 13.48 MiB | 26.95 MiB/s
2023-10-19T00:22:32.7339179Z Receiving objects:  49% (4112/8390), 13.48 MiB | 26.95 MiB/s
2023-10-19T00:22:32.7482511Z Receiving objects:  50% (4195/8390), 13.48 MiB | 26.95 MiB/s
2023-10-19T00:22:32.7583255Z Receiving objects:  51% (4279/8390), 13.48 MiB | 26.95 MiB/s
2023-10-19T00:22:32.7752321Z Receiving objects:  52% (4363/8390), 13.48 MiB | 26.95 MiB/s
2023-10-19T00:22:32.7892486Z Receiving objects:  53% (4447/8390), 13.48 MiB | 26.95 MiB/s
2023-10-19T00:22:32.8081160Z Receiving objects:  54% (4531/8390), 13.48 MiB | 26.95 MiB/s
2023-10-19T00:22:32.8240367Z Receiving objects:  55% (4615/8390), 13.48 MiB | 26.95 MiB/s
2023-10-19T00:22:32.8345974Z Receiving objects:  56% (4699/8390), 13.48 MiB | 26.95 MiB/s
2023-10-19T00:22:32.8462263Z Receiving objects:  57% (4783/8390), 13.48 MiB | 26.95 MiB/s
2023-10-19T00:22:32.8628734Z Receiving objects:  58% (4867/8390), 13.48 MiB | 26.95 MiB/s
2023-10-19T00:22:32.8765945Z Receiving objects:  59% (4951/8390), 13.48 MiB | 26.95 MiB/s
2023-10-19T00:22:32.8927559Z Receiving objects:  60% (5034/8390), 13.48 MiB | 26.95 MiB/s
2023-10-19T00:22:32.9063819Z Receiving objects:  61% (5118/8390), 13.48 MiB | 26.95 MiB/s
2023-10-19T00:22:32.9210321Z Receiving objects:  62% (5202/8390), 13.48 MiB | 26.95 MiB/s
2023-10-19T00:22:32.9367513Z Receiving objects:  63% (5286/8390), 13.48 MiB | 26.95 MiB/s
2023-10-19T00:22:32.9495153Z Receiving objects:  64% (5370/8390), 13.48 MiB | 26.95 MiB/s
2023-10-19T00:22:32.9630019Z Receiving objects:  65% (5454/8390), 13.48 MiB | 26.95 MiB/s
2023-10-19T00:22:32.9816473Z Receiving objects:  66% (5538/8390), 13.48 MiB | 26.95 MiB/s
2023-10-19T00:22:32.9942368Z Receiving objects:  67% (5622/8390), 13.48 MiB | 26.95 MiB/s
2023-10-19T00:22:33.0142670Z Receiving objects:  68% (5706/8390), 13.48 MiB | 26.95 MiB/s
2023-10-19T00:22:33.0324215Z Receiving objects:  69% (5790/8390), 13.48 MiB | 26.95 MiB/s
2023-10-19T00:22:33.0444260Z Receiving objects:  70% (5873/8390), 13.48 MiB | 26.95 MiB/s
2023-10-19T00:22:33.0550019Z Receiving objects:  71% (5957/8390), 13.48 MiB | 26.95 MiB/s
2023-10-19T00:22:33.0744896Z Receiving objects:  72% (6041/8390), 13.48 MiB | 26.95 MiB/s
2023-10-19T00:22:33.0897577Z Receiving objects:  73% (6125/8390), 13.48 MiB | 26.95 MiB/s
2023-10-19T00:22:33.1108337Z Receiving objects:  74% (6209/8390), 13.48 MiB | 26.95 MiB/s
2023-10-19T00:22:33.1290849Z Receiving objects:  75% (6293/8390), 13.48 MiB | 26.95 MiB/s
2023-10-19T00:22:33.1528667Z Receiving objects:  76% (6377/8390), 13.48 MiB | 26.95 MiB/s
2023-10-19T00:22:33.1686345Z Receiving objects:  77% (6461/8390), 13.48 MiB | 26.95 MiB/s
2023-10-19T00:22:33.1871816Z Receiving objects:  78% (6545/8390), 13.48 MiB | 26.95 MiB/s
2023-10-19T00:22:33.1897275Z Receiving objects:  78% (6608/8390), 30.92 MiB | 30.91 MiB/s
2023-10-19T00:22:33.2093819Z Receiving objects:  79% (6629/8390), 30.92 MiB | 30.91 MiB/s
2023-10-19T00:22:33.2194192Z Receiving objects:  80% (6712/8390), 30.92 MiB | 30.91 MiB/s
2023-10-19T00:22:33.2365508Z Receiving objects:  81% (6796/8390), 30.92 MiB | 30.91 MiB/s
2023-10-19T00:22:33.2462189Z Receiving objects:  82% (6880/8390), 30.92 MiB | 30.91 MiB/s
2023-10-19T00:22:33.2609474Z Receiving objects:  83% (6964/8390), 30.92 MiB | 30.91 MiB/s
2023-10-19T00:22:33.2758284Z Receiving objects:  84% (7048/8390), 30.92 MiB | 30.91 MiB/s
2023-10-19T00:22:33.2861498Z Receiving objects:  85% (7132/8390), 30.92 MiB | 30.91 MiB/s
2023-10-19T00:22:33.3095979Z Receiving objects:  86% (7216/8390), 30.92 MiB | 30.91 MiB/s
2023-10-19T00:22:33.3191207Z Receiving objects:  87% (7300/8390), 30.92 MiB | 30.91 MiB/s
2023-10-19T00:22:33.3208682Z Receiving objects:  88% (7384/8390), 30.92 MiB | 30.91 MiB/s
2023-10-19T00:22:33.3257977Z Receiving objects:  89% (7468/8390), 30.92 MiB | 30.91 MiB/s
2023-10-19T00:22:33.3262016Z Receiving objects:  90% (7551/8390), 30.92 MiB | 30.91 MiB/s
2023-10-19T00:22:33.3267070Z Receiving objects:  91% (7635/8390), 30.92 MiB | 30.91 MiB/s
2023-10-19T00:22:33.3280989Z Receiving objects:  92% (7719/8390), 30.92 MiB | 30.91 MiB/s
2023-10-19T00:22:33.3290666Z Receiving objects:  93% (7803/8390), 30.92 MiB | 30.91 MiB/s
2023-10-19T00:22:33.3347201Z Receiving objects:  94% (7887/8390), 30.92 MiB | 30.91 MiB/s
2023-10-19T00:22:33.3611079Z Receiving objects:  95% (7971/8390), 30.92 MiB | 30.91 MiB/s
2023-10-19T00:22:33.3918048Z Receiving objects:  96% (8055/8390), 30.92 MiB | 30.91 MiB/s
2023-10-19T00:22:33.4097494Z Receiving objects:  97% (8139/8390), 30.92 MiB | 30.91 MiB/s
2023-10-19T00:22:33.4177498Z Receiving objects:  98% (8223/8390), 30.92 MiB | 30.91 MiB/s
2023-10-19T00:22:33.4528571Z Receiving objects:  99% (8307/8390), 30.92 MiB | 30.91 MiB/s
2023-10-19T00:22:33.4530629Z remote: Total 8390 (delta 4906), reused 8042 (delta 4782), pack-reused 0        
2023-10-19T00:22:33.4545181Z Receiving objects: 100% (8390/8390), 30.92 MiB | 30.91 MiB/s
2023-10-19T00:22:33.4546559Z Receiving objects: 100% (8390/8390), 39.65 MiB | 31.28 MiB/s, done.
2023-10-19T00:22:33.4649750Z Resolving deltas:   0% (0/4906)
2023-10-19T00:22:33.4804093Z Resolving deltas:   1% (50/4906)
2023-10-19T00:22:33.4952977Z Resolving deltas:   2% (99/4906)
2023-10-19T00:22:33.5123237Z Resolving deltas:   3% (148/4906)
2023-10-19T00:22:33.5254119Z Resolving deltas:   4% (197/4906)
2023-10-19T00:22:33.5389495Z Resolving deltas:   5% (246/4906)
2023-10-19T00:22:33.5402574Z Resolving deltas:   6% (295/4906)
2023-10-19T00:22:33.5413164Z Resolving deltas:   7% (344/4906)
2023-10-19T00:22:33.5425436Z Resolving deltas:   8% (393/4906)
2023-10-19T00:22:33.5434379Z Resolving deltas:   9% (442/4906)
2023-10-19T00:22:33.5445076Z Resolving deltas:  10% (491/4906)
2023-10-19T00:22:33.5462054Z Resolving deltas:  11% (540/4906)
2023-10-19T00:22:33.5469749Z Resolving deltas:  12% (589/4906)
2023-10-19T00:22:33.5585343Z Resolving deltas:  13% (638/4906)
2023-10-19T00:22:33.5802812Z Resolving deltas:  14% (687/4906)
2023-10-19T00:22:33.6011652Z Resolving deltas:  15% (736/4906)
2023-10-19T00:22:33.6193041Z Resolving deltas:  16% (785/4906)
2023-10-19T00:22:33.6509628Z Resolving deltas:  17% (835/4906)
2023-10-19T00:22:33.6769282Z Resolving deltas:  18% (884/4906)
2023-10-19T00:22:33.7062692Z Resolving deltas:  19% (933/4906)
2023-10-19T00:22:33.7377978Z Resolving deltas:  20% (982/4906)
2023-10-19T00:22:33.7559971Z Resolving deltas:  21% (1031/4906)
2023-10-19T00:22:33.7783198Z Resolving deltas:  22% (1080/4906)
2023-10-19T00:22:33.7944775Z Resolving deltas:  23% (1129/4906)
2023-10-19T00:22:33.7961327Z Resolving deltas:  24% (1178/4906)
2023-10-19T00:22:33.7974690Z Resolving deltas:  25% (1227/4906)
2023-10-19T00:22:33.7980644Z Resolving deltas:  26% (1276/4906)
2023-10-19T00:22:33.7986044Z Resolving deltas:  27% (1325/4906)
2023-10-19T00:22:33.7999261Z Resolving deltas:  28% (1374/4906)
2023-10-19T00:22:33.8008935Z Resolving deltas:  29% (1423/4906)
2023-10-19T00:22:33.8024641Z Resolving deltas:  30% (1472/4906)
2023-10-19T00:22:33.8038138Z Resolving deltas:  31% (1521/4906)
2023-10-19T00:22:33.8050474Z Resolving deltas:  32% (1570/4906)
2023-10-19T00:22:33.8072770Z Resolving deltas:  33% (1619/4906)
2023-10-19T00:22:33.8091795Z Resolving deltas:  34% (1669/4906)
2023-10-19T00:22:33.8139715Z Resolving deltas:  35% (1718/4906)
2023-10-19T00:22:33.8156383Z Resolving deltas:  36% (1767/4906)
2023-10-19T00:22:33.8167235Z Resolving deltas:  37% (1816/4906)
2023-10-19T00:22:33.8171124Z Resolving deltas:  38% (1866/4906)
2023-10-19T00:22:33.8175257Z Resolving deltas:  39% (1914/4906)
2023-10-19T00:22:33.8179152Z Resolving deltas:  40% (1963/4906)
2023-10-19T00:22:33.8209939Z Resolving deltas:  41% (2012/4906)
2023-10-19T00:22:33.8249803Z Resolving deltas:  42% (2061/4906)
2023-10-19T00:22:33.8299329Z Resolving deltas:  43% (2110/4906)
2023-10-19T00:22:33.8330320Z Resolving deltas:  44% (2159/4906)
2023-10-19T00:22:33.8365375Z Resolving deltas:  45% (2208/4906)
2023-10-19T00:22:33.8428348Z Resolving deltas:  46% (2257/4906)
2023-10-19T00:22:33.8456207Z Resolving deltas:  47% (2306/4906)
2023-10-19T00:22:33.8461400Z Resolving deltas:  48% (2355/4906)
2023-10-19T00:22:33.8573825Z Resolving deltas:  49% (2404/4906)
2023-10-19T00:22:33.8805735Z Resolving deltas:  50% (2453/4906)
2023-10-19T00:22:33.8921060Z Resolving deltas:  51% (2503/4906)
2023-10-19T00:22:33.9186574Z Resolving deltas:  52% (2552/4906)
2023-10-19T00:22:33.9649039Z Resolving deltas:  53% (2601/4906)
2023-10-19T00:22:33.9872953Z Resolving deltas:  54% (2650/4906)
2023-10-19T00:22:34.0210004Z Resolving deltas:  55% (2699/4906)
2023-10-19T00:22:34.0591312Z Resolving deltas:  56% (2748/4906)
2023-10-19T00:22:34.0902726Z Resolving deltas:  57% (2797/4906)
2023-10-19T00:22:34.0983884Z Resolving deltas:  58% (2846/4906)
2023-10-19T00:22:34.0998178Z Resolving deltas:  59% (2895/4906)
2023-10-19T00:22:34.1022111Z Resolving deltas:  60% (2944/4906)
2023-10-19T00:22:34.1047631Z Resolving deltas:  61% (2993/4906)
2023-10-19T00:22:34.1311444Z Resolving deltas:  62% (3042/4906)
2023-10-19T00:22:34.1720510Z Resolving deltas:  63% (3091/4906)
2023-10-19T00:22:34.2021519Z Resolving deltas:  64% (3140/4906)
2023-10-19T00:22:34.2157056Z Resolving deltas:  65% (3189/4906)
2023-10-19T00:22:34.2315049Z Resolving deltas:  66% (3238/4906)
2023-10-19T00:22:34.2338689Z Resolving deltas:  67% (3288/4906)
2023-10-19T00:22:34.2353293Z Resolving deltas:  68% (3337/4906)
2023-10-19T00:22:34.2378265Z Resolving deltas:  69% (3386/4906)
2023-10-19T00:22:34.2380197Z Resolving deltas:  70% (3435/4906)
2023-10-19T00:22:34.2392887Z Resolving deltas:  71% (3484/4906)
2023-10-19T00:22:34.2402449Z Resolving deltas:  72% (3533/4906)
2023-10-19T00:22:34.2407455Z Resolving deltas:  73% (3582/4906)
2023-10-19T00:22:34.2423136Z Resolving deltas:  74% (3631/4906)
2023-10-19T00:22:34.2432432Z Resolving deltas:  75% (3680/4906)
2023-10-19T00:22:34.2451320Z Resolving deltas:  76% (3729/4906)
2023-10-19T00:22:34.2469887Z Resolving deltas:  77% (3778/4906)
2023-10-19T00:22:34.2497720Z Resolving deltas:  78% (3827/4906)
2023-10-19T00:22:34.2622886Z Resolving deltas:  79% (3876/4906)
2023-10-19T00:22:34.2915557Z Resolving deltas:  80% (3925/4906)
2023-10-19T00:22:34.3209434Z Resolving deltas:  81% (3974/4906)
2023-10-19T00:22:34.3400522Z Resolving deltas:  82% (4023/4906)
2023-10-19T00:22:34.3470719Z Resolving deltas:  83% (4072/4906)
2023-10-19T00:22:34.3527814Z Resolving deltas:  84% (4122/4906)
2023-10-19T00:22:34.3585528Z Resolving deltas:  85% (4171/4906)
2023-10-19T00:22:34.3653086Z Resolving deltas:  86% (4220/4906)
2023-10-19T00:22:34.3712667Z Resolving deltas:  87% (4269/4906)
2023-10-19T00:22:34.3821478Z Resolving deltas:  88% (4318/4906)
2023-10-19T00:22:34.3894814Z Resolving deltas:  89% (4367/4906)
2023-10-19T00:22:34.4016596Z Resolving deltas:  90% (4416/4906)
2023-10-19T00:22:34.4159468Z Resolving deltas:  91% (4465/4906)
2023-10-19T00:22:34.4293484Z Resolving deltas:  92% (4514/4906)
2023-10-19T00:22:34.4347829Z Resolving deltas:  93% (4563/4906)
2023-10-19T00:22:34.4410488Z Resolving deltas:  94% (4612/4906)
2023-10-19T00:22:34.4485860Z Resolving deltas:  95% (4661/4906)
2023-10-19T00:22:34.4549761Z Resolving deltas:  96% (4710/4906)
2023-10-19T00:22:34.4568352Z Resolving deltas:  96% (4749/4906)
2023-10-19T00:22:34.4652244Z Resolving deltas:  97% (4759/4906)
2023-10-19T00:22:34.4772381Z Resolving deltas:  98% (4808/4906)
2023-10-19T00:22:34.4840545Z Resolving deltas:  99% (4857/4906)
2023-10-19T00:22:34.4841498Z Resolving deltas: 100% (4906/4906)
2023-10-19T00:22:34.4842520Z Resolving deltas: 100% (4906/4906), done.
2023-10-19T00:22:34.5824014Z From https://github.com/seanpm2001/GitHub_Stats_A
2023-10-19T00:22:34.5826208Z  * [new ref]         8b1554565857451feb6f81e67a154d9fa035d411 -> origin/master
2023-10-19T00:22:34.5931181Z ##[endgroup]
2023-10-19T00:22:34.5982765Z ##[group]Determining the checkout info
2023-10-19T00:22:34.5983711Z ##[endgroup]
2023-10-19T00:22:34.5984431Z ##[group]Checking out the ref
2023-10-19T00:22:34.5985649Z [command]/usr/bin/git checkout --progress --force -B master refs/remotes/origin/master
2023-10-19T00:22:35.6246195Z Updating files:  60% (5258/8713)
2023-10-19T00:22:35.6434518Z Updating files:  61% (5315/8713)
2023-10-19T00:22:35.6572719Z Updating files:  62% (5403/8713)
2023-10-19T00:22:35.6764859Z Updating files:  63% (5490/8713)
2023-10-19T00:22:35.6929605Z Updating files:  64% (5577/8713)
2023-10-19T00:22:35.7184555Z Updating files:  65% (5664/8713)
2023-10-19T00:22:35.7349692Z Updating files:  66% (5751/8713)
2023-10-19T00:22:35.7573748Z Updating files:  67% (5838/8713)
2023-10-19T00:22:35.7806307Z Updating files:  68% (5925/8713)
2023-10-19T00:22:35.7956619Z Updating files:  69% (6012/8713)
2023-10-19T00:22:35.8116855Z Updating files:  70% (6100/8713)
2023-10-19T00:22:35.8295339Z Updating files:  71% (6187/8713)
2023-10-19T00:22:35.8452959Z Updating files:  72% (6274/8713)
2023-10-19T00:22:35.8637659Z Updating files:  73% (6361/8713)
2023-10-19T00:22:35.8802902Z Updating files:  74% (6448/8713)
2023-10-19T00:22:35.8921721Z Updating files:  75% (6535/8713)
2023-10-19T00:22:35.9032160Z Updating files:  76% (6622/8713)
2023-10-19T00:22:35.9144968Z Updating files:  77% (6710/8713)
2023-10-19T00:22:35.9308454Z Updating files:  78% (6797/8713)
2023-10-19T00:22:35.9337100Z Updating files:  79% (6884/8713)
2023-10-19T00:22:35.9492699Z Updating files:  80% (6971/8713)
2023-10-19T00:22:35.9651967Z Updating files:  81% (7058/8713)
2023-10-19T00:22:35.9679117Z Updating files:  82% (7145/8713)
2023-10-19T00:22:35.9730520Z Updating files:  83% (7232/8713)
2023-10-19T00:22:35.9802454Z Updating files:  84% (7319/8713)
2023-10-19T00:22:35.9874129Z Updating files:  85% (7407/8713)
2023-10-19T00:22:35.9964415Z Updating files:  86% (7494/8713)
2023-10-19T00:22:36.0058459Z Updating files:  87% (7581/8713)
2023-10-19T00:22:36.0137872Z Updating files:  88% (7668/8713)
2023-10-19T00:22:36.0304221Z Updating files:  89% (7755/8713)
2023-10-19T00:22:36.0445240Z Updating files:  90% (7842/8713)
2023-10-19T00:22:36.0592580Z Updating files:  91% (7929/8713)
2023-10-19T00:22:36.0787949Z Updating files:  92% (8016/8713)
2023-10-19T00:22:36.1023282Z Updating files:  93% (8104/8713)
2023-10-19T00:22:36.1131535Z Updating files:  94% (8191/8713)
2023-10-19T00:22:36.1225766Z Updating files:  95% (8278/8713)
2023-10-19T00:22:36.1320295Z Updating files:  96% (8365/8713)
2023-10-19T00:22:36.1440836Z Updating files:  97% (8452/8713)
2023-10-19T00:22:36.1599999Z Updating files:  98% (8539/8713)
2023-10-19T00:22:36.1714530Z Updating files:  99% (8626/8713)
2023-10-19T00:22:36.1715164Z Updating files: 100% (8713/8713)
2023-10-19T00:22:36.1715971Z Updating files: 100% (8713/8713), done.
2023-10-19T00:22:36.1892662Z Reset branch 'master'
2023-10-19T00:22:36.1893393Z branch 'master' set up to track 'origin/master'.
2023-10-19T00:22:36.1963937Z ##[endgroup]
2023-10-19T00:22:36.2016201Z [command]/usr/bin/git log -1 --format='%H'
2023-10-19T00:22:36.2056200Z '8b1554565857451feb6f81e67a154d9fa035d411'
2023-10-19T00:22:36.2586445Z ##[group]Run actions/setup-python@v4
2023-10-19T00:22:36.2586990Z with:
2023-10-19T00:22:36.2587358Z   python-version: 3.8
2023-10-19T00:22:36.2587818Z   architecture: x64
2023-10-19T00:22:36.2588228Z   cache: pip
2023-10-19T00:22:36.2588600Z   check-latest: false
2023-10-19T00:22:36.2589495Z   token: ***
2023-10-19T00:22:36.2589899Z   update-environment: true
2023-10-19T00:22:36.2590401Z   allow-prereleases: false
2023-10-19T00:22:36.2590853Z ##[endgroup]
2023-10-19T00:22:36.4669827Z ##[group]Installed versions
2023-10-19T00:22:36.4773201Z Successfully set up CPython (3.8.18)
2023-10-19T00:22:36.4774765Z ##[endgroup]
2023-10-19T00:22:37.6540213Z [command]/opt/hostedtoolcache/Python/3.8.18/x64/bin/pip cache dir
2023-10-19T00:22:39.9833630Z /home/runner/.cache/pip
2023-10-19T00:22:40.4470887Z Received 6245959 of 6245959 (100.0%), 27.0 MBs/sec
2023-10-19T00:22:40.4474128Z Cache Size: ~6 MB (6245959 B)
2023-10-19T00:22:40.4505704Z [command]/usr/bin/tar -xf /home/runner/work/_temp/db3b48a1-56d8-42a7-a2db-8b372b39b87b/cache.tzst -P -C /home/runner/work/GitHub_Stats_A/GitHub_Stats_A --use-compress-program unzstd
2023-10-19T00:22:40.4870374Z Cache restored successfully
2023-10-19T00:22:40.4891935Z Cache restored from key: setup-python-Linux-22.04-Ubuntu-python-3.8.18-pip-60f2a6c0212a9b74a155cd81b58dd07fd8b180833132566260d95f4de42fe218
2023-10-19T00:22:40.5163533Z ##[group]Run python3 -m pip install --upgrade pip setuptools wheel
2023-10-19T00:22:40.5164647Z [36;1mpython3 -m pip install --upgrade pip setuptools wheel[0m
2023-10-19T00:22:40.5165555Z [36;1mpython3 -m pip install -r requirements.txt[0m
2023-10-19T00:22:40.5244627Z shell: /usr/bin/bash -e {0}
2023-10-19T00:22:40.5245172Z env:
2023-10-19T00:22:40.5245716Z   pythonLocation: /opt/hostedtoolcache/Python/3.8.18/x64
2023-10-19T00:22:40.5246683Z   PKG_CONFIG_PATH: /opt/hostedtoolcache/Python/3.8.18/x64/lib/pkgconfig
2023-10-19T00:22:40.5247639Z   Python_ROOT_DIR: /opt/hostedtoolcache/Python/3.8.18/x64
2023-10-19T00:22:40.5248484Z   Python2_ROOT_DIR: /opt/hostedtoolcache/Python/3.8.18/x64
2023-10-19T00:22:40.5249326Z   Python3_ROOT_DIR: /opt/hostedtoolcache/Python/3.8.18/x64
2023-10-19T00:22:40.5250194Z   LD_LIBRARY_PATH: /opt/hostedtoolcache/Python/3.8.18/x64/lib
2023-10-19T00:22:40.5250894Z ##[endgroup]
2023-10-19T00:22:42.1528488Z Requirement already satisfied: pip in /opt/hostedtoolcache/Python/3.8.18/x64/lib/python3.8/site-packages (23.0.1)
2023-10-19T00:22:42.4343406Z Collecting pip
2023-10-19T00:22:42.5514954Z   Downloading pip-23.3-py3-none-any.whl.metadata (3.5 kB)
2023-10-19T00:22:42.5565744Z Requirement already satisfied: setuptools in /opt/hostedtoolcache/Python/3.8.18/x64/lib/python3.8/site-packages (56.0.0)
2023-10-19T00:22:42.9266990Z Collecting setuptools
2023-10-19T00:22:42.9364277Z   Downloading setuptools-68.2.2-py3-none-any.whl.metadata (6.3 kB)
2023-10-19T00:22:42.9996247Z Collecting wheel
2023-10-19T00:22:43.0089615Z   Downloading wheel-0.41.2-py3-none-any.whl.metadata (2.2 kB)
2023-10-19T00:22:43.0850244Z Downloading pip-23.3-py3-none-any.whl (2.1 MB)
2023-10-19T00:22:43.2399186Z    ━━━━━━━━━━━━━━━━━━━━━━━━━━━━━━━━━━━━━━━━ 2.1/2.1 MB 14.0 MB/s eta 0:00:00
2023-10-19T00:22:43.2501275Z Downloading setuptools-68.2.2-py3-none-any.whl (807 kB)
2023-10-19T00:22:43.2883307Z    ━━━━━━━━━━━━━━━━━━━━━━━━━━━━━━━━━━━━━━━━ 807.9/807.9 kB 23.3 MB/s eta 0:00:00
2023-10-19T00:22:43.2982809Z Downloading wheel-0.41.2-py3-none-any.whl (64 kB)
2023-10-19T00:22:43.3100236Z    ━━━━━━━━━━━━━━━━━━━━━━━━━━━━━━━━━━━━━━━━ 64.8/64.8 kB 6.7 MB/s eta 0:00:00
2023-10-19T00:22:43.4667487Z Installing collected packages: wheel, setuptools, pip
2023-10-19T00:22:43.5255324Z   Attempting uninstall: setuptools
2023-10-19T00:22:43.5265934Z     Found existing installation: setuptools 56.0.0
2023-10-19T00:22:43.5568516Z     Uninstalling setuptools-56.0.0:
2023-10-19T00:22:43.5699590Z       Successfully uninstalled setuptools-56.0.0
2023-10-19T00:22:44.1483015Z   Attempting uninstall: pip
2023-10-19T00:22:44.1491109Z     Found existing installation: pip 23.0.1
2023-10-19T00:22:44.2295621Z     Uninstalling pip-23.0.1:
2023-10-19T00:22:44.2899536Z       Successfully uninstalled pip-23.0.1
2023-10-19T00:22:45.7733246Z Successfully installed pip-23.3 setuptools-68.2.2 wheel-0.41.2
2023-10-19T00:22:46.2827624Z WARNING: There was an error checking the latest version of pip.
2023-10-19T00:22:47.6200580Z Collecting requests (from -r requirements.txt (line 1))
2023-10-19T00:22:47.7283903Z   Downloading requests-2.31.0-py3-none-any.whl.metadata (4.6 kB)
2023-10-19T00:22:48.1196262Z Collecting aiohttp (from -r requirements.txt (line 2))
2023-10-19T00:22:48.1293033Z   Downloading aiohttp-3.8.6-cp38-cp38-manylinux_2_17_x86_64.manylinux2014_x86_64.whl.metadata (7.7 kB)
2023-10-19T00:22:48.2680764Z Collecting charset-normalizer<4,>=2 (from requests->-r requirements.txt (line 1))
2023-10-19T00:22:48.2782918Z   Downloading charset_normalizer-3.3.0-cp38-cp38-manylinux_2_17_x86_64.manylinux2014_x86_64.whl.metadata (32 kB)
2023-10-19T00:22:48.3288995Z Collecting idna<4,>=2.5 (from requests->-r requirements.txt (line 1))
2023-10-19T00:22:48.3385876Z   Downloading idna-3.4-py3-none-any.whl (61 kB)
2023-10-19T00:22:48.3566905Z      ━━━━━━━━━━━━━━━━━━━━━━━━━━━━━━━━━━━━━━━━ 61.5/61.5 kB 3.8 MB/s eta 0:00:00
2023-10-19T00:22:48.4340460Z Collecting urllib3<3,>=1.21.1 (from requests->-r requirements.txt (line 1))
2023-10-19T00:22:48.4561180Z   Downloading urllib3-2.0.7-py3-none-any.whl.metadata (6.6 kB)
2023-10-19T00:22:48.5099117Z Collecting certifi>=2017.4.17 (from requests->-r requirements.txt (line 1))
2023-10-19T00:22:48.5319797Z   Downloading certifi-2023.7.22-py3-none-any.whl.metadata (2.2 kB)
2023-10-19T00:22:48.5928776Z Collecting attrs>=17.3.0 (from aiohttp->-r requirements.txt (line 2))
2023-10-19T00:22:48.6025877Z   Downloading attrs-23.1.0-py3-none-any.whl (61 kB)
2023-10-19T00:22:48.6140168Z      ━━━━━━━━━━━━━━━━━━━━━━━━━━━━━━━━━━━━━━━━ 61.2/61.2 kB 6.3 MB/s eta 0:00:00
2023-10-19T00:22:48.9098249Z Collecting multidict<7.0,>=4.5 (from aiohttp->-r requirements.txt (line 2))
2023-10-19T00:22:48.9192802Z   Downloading multidict-6.0.4-cp38-cp38-manylinux_2_17_x86_64.manylinux2014_x86_64.whl (121 kB)
2023-10-19T00:22:48.9392064Z      ━━━━━━━━━━━━━━━━━━━━━━━━━━━━━━━━━━━━━━━ 121.3/121.3 kB 6.8 MB/s eta 0:00:00
2023-10-19T00:22:48.9704521Z Collecting async-timeout<5.0,>=4.0.0a3 (from aiohttp->-r requirements.txt (line 2))
2023-10-19T00:22:48.9810571Z   Downloading async_timeout-4.0.3-py3-none-any.whl.metadata (4.2 kB)
2023-10-19T00:22:49.2029636Z Collecting yarl<2.0,>=1.0 (from aiohttp->-r requirements.txt (line 2))
2023-10-19T00:22:49.2128310Z   Downloading yarl-1.9.2-cp38-cp38-manylinux_2_17_x86_64.manylinux2014_x86_64.whl (266 kB)
2023-10-19T00:22:49.2447811Z      ━━━━━━━━━━━━━━━━━━━━━━━━━━━━━━━━━━━━━━━ 266.9/266.9 kB 9.1 MB/s eta 0:00:00
2023-10-19T00:22:49.3360659Z Collecting frozenlist>=1.1.1 (from aiohttp->-r requirements.txt (line 2))
2023-10-19T00:22:49.3459114Z   Downloading frozenlist-1.4.0-cp38-cp38-manylinux_2_5_x86_64.manylinux1_x86_64.manylinux_2_17_x86_64.manylinux2014_x86_64.whl.metadata (5.2 kB)
2023-10-19T00:22:49.4204597Z Collecting aiosignal>=1.1.2 (from aiohttp->-r requirements.txt (line 2))
2023-10-19T00:22:49.4303473Z   Downloading aiosignal-1.3.1-py3-none-any.whl (7.6 kB)
2023-10-19T00:22:49.5679935Z Downloading requests-2.31.0-py3-none-any.whl (62 kB)
2023-10-19T00:22:49.5761845Z    ━━━━━━━━━━━━━━━━━━━━━━━━━━━━━━━━━━━━━━━━ 62.6/62.6 kB 10.8 MB/s eta 0:00:00
2023-10-19T00:22:49.5865936Z Downloading aiohttp-3.8.6-cp38-cp38-manylinux_2_17_x86_64.manylinux2014_x86_64.whl (1.1 MB)
2023-10-19T00:22:49.6652743Z    ━━━━━━━━━━━━━━━━━━━━━━━━━━━━━━━━━━━━━━━━ 1.1/1.1 MB 14.2 MB/s eta 0:00:00
2023-10-19T00:22:49.6748216Z Downloading async_timeout-4.0.3-py3-none-any.whl (5.7 kB)
2023-10-19T00:22:49.6883103Z Downloading certifi-2023.7.22-py3-none-any.whl (158 kB)
2023-10-19T00:22:49.7020494Z    ━━━━━━━━━━━━━━━━━━━━━━━━━━━━━━━━━━━━━━━━ 158.3/158.3 kB 14.7 MB/s eta 0:00:00
2023-10-19T00:22:49.7121430Z Downloading charset_normalizer-3.3.0-cp38-cp38-manylinux_2_17_x86_64.manylinux2014_x86_64.whl (137 kB)
2023-10-19T00:22:49.7232098Z    ━━━━━━━━━━━━━━━━━━━━━━━━━━━━━━━━━━━━━━━━ 137.9/137.9 kB 17.2 MB/s eta 0:00:00
2023-10-19T00:22:49.7331350Z Downloading frozenlist-1.4.0-cp38-cp38-manylinux_2_5_x86_64.manylinux1_x86_64.manylinux_2_17_x86_64.manylinux2014_x86_64.whl (220 kB)
2023-10-19T00:22:49.7481505Z    ━━━━━━━━━━━━━━━━━━━━━━━━━━━━━━━━━━━━━━━━ 220.1/220.1 kB 18.6 MB/s eta 0:00:00
2023-10-19T00:22:49.7576936Z Downloading urllib3-2.0.7-py3-none-any.whl (124 kB)
2023-10-19T00:22:49.7665121Z    ━━━━━━━━━━━━━━━━━━━━━━━━━━━━━━━━━━━━━━━━ 124.2/124.2 kB 21.3 MB/s eta 0:00:00
2023-10-19T00:22:49.9163330Z Installing collected packages: urllib3, multidict, idna, frozenlist, charset-normalizer, certifi, attrs, async-timeout, yarl, requests, aiosignal, aiohttp
2023-10-19T00:22:50.5609357Z Successfully installed aiohttp-3.8.6 aiosignal-1.3.1 async-timeout-4.0.3 attrs-23.1.0 certifi-2023.7.22 charset-normalizer-3.3.0 frozenlist-1.4.0 idna-3.4 multidict-6.0.4 requests-2.31.0 urllib3-2.0.7 yarl-1.9.2
2023-10-19T00:22:51.0717980Z WARNING: There was an error checking the latest version of pip.
2023-10-19T00:22:51.2495897Z ##[group]Run python3 --version
2023-10-19T00:22:51.2496484Z [36;1mpython3 --version[0m
2023-10-19T00:22:51.2497019Z [36;1mpython3 generate_images.py[0m
2023-10-19T00:22:51.2560976Z shell: /usr/bin/bash -e {0}
2023-10-19T00:22:51.2561510Z env:
2023-10-19T00:22:51.2562036Z   pythonLocation: /opt/hostedtoolcache/Python/3.8.18/x64
2023-10-19T00:22:51.2563002Z   PKG_CONFIG_PATH: /opt/hostedtoolcache/Python/3.8.18/x64/lib/pkgconfig
2023-10-19T00:22:51.2563961Z   Python_ROOT_DIR: /opt/hostedtoolcache/Python/3.8.18/x64
2023-10-19T00:22:51.2564817Z   Python2_ROOT_DIR: /opt/hostedtoolcache/Python/3.8.18/x64
2023-10-19T00:22:51.2565664Z   Python3_ROOT_DIR: /opt/hostedtoolcache/Python/3.8.18/x64
2023-10-19T00:22:51.2566532Z   LD_LIBRARY_PATH: /opt/hostedtoolcache/Python/3.8.18/x64/lib
2023-10-19T00:22:51.2567546Z   ACCESS_TOKEN: ***
2023-10-19T00:22:51.2568178Z   GITHUB_TOKEN: ***
2023-10-19T00:22:51.2568583Z   EXCLUDED: 
2023-10-19T00:22:51.2568975Z   EXCLUDED_LANGS: 
2023-10-19T00:22:51.2569473Z   EXCLUDE_FORKED_REPOS: true
2023-10-19T00:22:51.2569964Z ##[endgroup]
2023-10-19T00:22:51.2690101Z Python 3.8.18
2023-10-19T00:32:09.9286669Z A path returned 202. Retrying...
2023-10-19T00:32:09.9287811Z A path returned 202. Retrying...
2023-10-19T00:32:09.9288836Z A path returned 202. Retrying...
2023-10-19T00:32:09.9289974Z A path returned 202. Retrying...
2023-10-19T00:32:09.9290932Z A path returned 202. Retrying...
2023-10-19T00:32:09.9291880Z A path returned 202. Retrying...
2023-10-19T00:32:09.9292825Z A path returned 202. Retrying...
2023-10-19T00:32:09.9293759Z A path returned 202. Retrying...
2023-10-19T00:32:09.9294713Z A path returned 202. Retrying...
2023-10-19T00:32:09.9295664Z A path returned 202. Retrying...
2023-10-19T00:32:09.9296610Z A path returned 202. Retrying...
2023-10-19T00:32:09.9297547Z A path returned 202. Retrying...
2023-10-19T00:32:09.9298636Z A path returned 202. Retrying...
2023-10-19T00:32:09.9299581Z A path returned 202. Retrying...
2023-10-19T00:32:09.9300522Z A path returned 202. Retrying...
2023-10-19T00:32:09.9301847Z A path returned 202. Retrying...
2023-10-19T00:32:09.9302650Z A path returned 202. Retrying...
2023-10-19T00:32:09.9303225Z A path returned 202. Retrying...
2023-10-19T00:32:09.9304314Z A path returned 202. Retrying...
2023-10-19T00:32:09.9304868Z A path returned 202. Retrying...
2023-10-19T00:32:09.9305417Z A path returned 202. Retrying...
2023-10-19T00:32:09.9305953Z A path returned 202. Retrying...
2023-10-19T00:32:09.9306505Z A path returned 202. Retrying...
2023-10-19T00:32:09.9307052Z A path returned 202. Retrying...
2023-10-19T00:32:09.9307597Z A path returned 202. Retrying...
2023-10-19T00:32:09.9308143Z A path returned 202. Retrying...
2023-10-19T00:32:09.9308684Z A path returned 202. Retrying...
2023-10-19T00:32:09.9309235Z A path returned 202. Retrying...
2023-10-19T00:32:09.9309760Z A path returned 202. Retrying...
2023-10-19T00:32:09.9310303Z A path returned 202. Retrying...
2023-10-19T00:32:09.9310848Z A path returned 202. Retrying...
2023-10-19T00:32:09.9311406Z A path returned 202. Retrying...
2023-10-19T00:32:09.9311951Z A path returned 202. Retrying...
2023-10-19T00:32:09.9312495Z A path returned 202. Retrying...
2023-10-19T00:32:09.9313038Z A path returned 202. Retrying...
2023-10-19T00:32:09.9313573Z A path returned 202. Retrying...
2023-10-19T00:32:09.9314117Z A path returned 202. Retrying...
2023-10-19T00:32:09.9314662Z A path returned 202. Retrying...
2023-10-19T00:32:09.9315201Z A path returned 202. Retrying...
2023-10-19T00:32:09.9315912Z A path returned 202. Retrying...
2023-10-19T00:32:09.9316458Z A path returned 202. Retrying...
2023-10-19T00:32:09.9316997Z A path returned 202. Retrying...
2023-10-19T00:32:09.9317525Z A path returned 202. Retrying...
2023-10-19T00:32:09.9318075Z A path returned 202. Retrying...
2023-10-19T00:32:09.9318617Z A path returned 202. Retrying...
2023-10-19T00:32:09.9319158Z A path returned 202. Retrying...
2023-10-19T00:32:09.9319701Z A path returned 202. Retrying...
2023-10-19T00:32:09.9320525Z A path returned 202. Retrying...
2023-10-19T00:32:09.9321080Z A path returned 202. Retrying...
2023-10-19T00:32:09.9321608Z A path returned 202. Retrying...
2023-10-19T00:32:09.9322158Z A path returned 202. Retrying...
2023-10-19T00:32:09.9322751Z A path returned 202. Retrying...
2023-10-19T00:32:09.9323291Z A path returned 202. Retrying...
2023-10-19T00:32:09.9323837Z A path returned 202. Retrying...
2023-10-19T00:32:09.9324378Z A path returned 202. Retrying...
2023-10-19T00:32:09.9324927Z A path returned 202. Retrying...
2023-10-19T00:32:09.9325459Z A path returned 202. Retrying...
2023-10-19T00:32:09.9326004Z A path returned 202. Retrying...
2023-10-19T00:32:09.9326555Z A path returned 202. Retrying...
2023-10-19T00:32:09.9327108Z A path returned 202. Retrying...
2023-10-19T00:32:09.9327761Z A path returned 202. Retrying...
2023-10-19T00:32:09.9328306Z A path returned 202. Retrying...
2023-10-19T00:32:09.9328864Z A path returned 202. Retrying...
2023-10-19T00:32:09.9329388Z A path returned 202. Retrying...
2023-10-19T00:32:09.9329942Z A path returned 202. Retrying...
2023-10-19T00:32:09.9330485Z A path returned 202. Retrying...
2023-10-19T00:32:09.9331027Z A path returned 202. Retrying...
2023-10-19T00:32:09.9331573Z A path returned 202. Retrying...
2023-10-19T00:32:09.9332125Z A path returned 202. Retrying...
2023-10-19T00:32:09.9332665Z A path returned 202. Retrying...
2023-10-19T00:32:09.9333192Z A path returned 202. Retrying...
2023-10-19T00:32:09.9333744Z A path returned 202. Retrying...
2023-10-19T00:32:09.9334314Z A path returned 202. Retrying...
2023-10-19T00:32:09.9334865Z A path returned 202. Retrying...
2023-10-19T00:32:09.9335408Z A path returned 202. Retrying...
2023-10-19T00:32:09.9335959Z A path returned 202. Retrying...
2023-10-19T00:32:09.9336501Z A path returned 202. Retrying...
2023-10-19T00:32:09.9337029Z A path returned 202. Retrying...
2023-10-19T00:32:09.9337573Z A path returned 202. Retrying...
2023-10-19T00:32:09.9338123Z A path returned 202. Retrying...
2023-10-19T00:32:09.9338676Z A path returned 202. Retrying...
2023-10-19T00:32:09.9339212Z A path returned 202. Retrying...
2023-10-19T00:32:09.9339755Z A path returned 202. Retrying...
2023-10-19T00:32:09.9340301Z A path returned 202. Retrying...
2023-10-19T00:32:09.9340989Z A path returned 202. Retrying...
2023-10-19T00:32:09.9341551Z A path returned 202. Retrying...
2023-10-19T00:32:09.9342100Z A path returned 202. Retrying...
2023-10-19T00:32:09.9342645Z A path returned 202. Retrying...
2023-10-19T00:32:09.9343194Z A path returned 202. Retrying...
2023-10-19T00:32:09.9343746Z A path returned 202. Retrying...
2023-10-19T00:32:09.9344398Z A path returned 202. Retrying...
2023-10-19T00:32:09.9344890Z A path returned 202. Retrying...
2023-10-19T00:32:09.9345570Z A path returned 202. Retrying...
2023-10-19T00:32:09.9346118Z A path returned 202. Retrying...
2023-10-19T00:32:09.9346662Z A path returned 202. Retrying...
2023-10-19T00:32:09.9347205Z A path returned 202. Retrying...
2023-10-19T00:32:09.9347748Z A path returned 202. Retrying...
2023-10-19T00:32:09.9348304Z A path returned 202. Retrying...
2023-10-19T00:32:09.9348832Z A path returned 202. Retrying...
2023-10-19T00:32:09.9349377Z A path returned 202. Retrying...
2023-10-19T00:32:09.9349925Z A path returned 202. Retrying...
2023-10-19T00:32:09.9350479Z A path returned 202. Retrying...
2023-10-19T00:32:09.9351025Z A path returned 202. Retrying...
2023-10-19T00:32:09.9351571Z A path returned 202. Retrying...
2023-10-19T00:32:09.9352121Z A path returned 202. Retrying...
2023-10-19T00:32:09.9352650Z A path returned 202. Retrying...
2023-10-19T00:32:09.9353196Z A path returned 202. Retrying...
2023-10-19T00:32:09.9353737Z A path returned 202. Retrying...
2023-10-19T00:32:09.9354281Z A path returned 202. Retrying...
2023-10-19T00:32:09.9354822Z A path returned 202. Retrying...
2023-10-19T00:32:09.9355482Z A path returned 202. Retrying...
2023-10-19T00:32:09.9356032Z A path returned 202. Retrying...
2023-10-19T00:32:09.9356558Z A path returned 202. Retrying...
2023-10-19T00:32:09.9357295Z A path returned 202. Retrying...
2023-10-19T00:32:09.9357855Z A path returned 202. Retrying...
2023-10-19T00:32:09.9358401Z A path returned 202. Retrying...
2023-10-19T00:32:09.9358946Z A path returned 202. Retrying...
2023-10-19T00:32:09.9359499Z A path returned 202. Retrying...
2023-10-19T00:32:09.9360039Z A path returned 202. Retrying...
2023-10-19T00:32:09.9360568Z A path returned 202. Retrying...
2023-10-19T00:32:09.9361110Z A path returned 202. Retrying...
2023-10-19T00:32:09.9361689Z A path returned 202. Retrying...
2023-10-19T00:32:09.9362227Z A path returned 202. Retrying...
2023-10-19T00:32:09.9362771Z A path returned 202. Retrying...
2023-10-19T00:32:09.9363308Z A path returned 202. Retrying...
2023-10-19T00:32:09.9363847Z A path returned 202. Retrying...
2023-10-19T00:32:09.9364371Z A path returned 202. Retrying...
2023-10-19T00:32:09.9364915Z A path returned 202. Retrying...
2023-10-19T00:32:09.9365469Z A path returned 202. Retrying...
2023-10-19T00:32:09.9366165Z A path returned 202. Retrying...
2023-10-19T00:32:09.9366816Z A path returned 202. Retrying...
2023-10-19T00:32:09.9367326Z A path returned 202. Retrying...
2023-10-19T00:32:09.9367839Z A path returned 202. Retrying...
2023-10-19T00:32:09.9368524Z A path returned 202. Retrying...
2023-10-19T00:32:09.9369073Z A path returned 202. Retrying...
2023-10-19T00:32:09.9369612Z A path returned 202. Retrying...
2023-10-19T00:32:09.9370150Z A path returned 202. Retrying...
2023-10-19T00:32:09.9370681Z A path returned 202. Retrying...
2023-10-19T00:32:09.9371224Z A path returned 202. Retrying...
2023-10-19T00:32:09.9371765Z A path returned 202. Retrying...
2023-10-19T00:32:09.9372308Z A path returned 202. Retrying...
2023-10-19T00:32:09.9372857Z A path returned 202. Retrying...
2023-10-19T00:32:09.9373404Z A path returned 202. Retrying...
2023-10-19T00:32:09.9373944Z A path returned 202. Retrying...
2023-10-19T00:32:09.9374469Z A path returned 202. Retrying...
2023-10-19T00:32:09.9375016Z A path returned 202. Retrying...
2023-10-19T00:32:09.9375565Z A path returned 202. Retrying...
2023-10-19T00:32:09.9376116Z A path returned 202. Retrying...
2023-10-19T00:32:09.9376660Z A path returned 202. Retrying...
2023-10-19T00:32:09.9377204Z A path returned 202. Retrying...
2023-10-19T00:32:09.9377906Z A path returned 202. Retrying...
2023-10-19T00:32:09.9378437Z A path returned 202. Retrying...
2023-10-19T00:32:09.9378982Z A path returned 202. Retrying...
2023-10-19T00:32:09.9379532Z A path returned 202. Retrying...
2023-10-19T00:32:09.9380079Z A path returned 202. Retrying...
2023-10-19T00:32:09.9380626Z A path returned 202. Retrying...
2023-10-19T00:32:09.9381173Z A path returned 202. Retrying...
2023-10-19T00:32:09.9381716Z A path returned 202. Retrying...
2023-10-19T00:32:09.9382240Z A path returned 202. Retrying...
2023-10-19T00:32:09.9382784Z A path returned 202. Retrying...
2023-10-19T00:32:09.9383328Z A path returned 202. Retrying...
2023-10-19T00:32:09.9383867Z A path returned 202. Retrying...
2023-10-19T00:32:09.9384410Z A path returned 202. Retrying...
2023-10-19T00:32:09.9384967Z A path returned 202. Retrying...
2023-10-19T00:32:09.9385510Z A path returned 202. Retrying...
2023-10-19T00:32:09.9386033Z A path returned 202. Retrying...
2023-10-19T00:32:09.9386574Z A path returned 202. Retrying...
2023-10-19T00:32:09.9387125Z A path returned 202. Retrying...
2023-10-19T00:32:09.9387666Z A path returned 202. Retrying...
2023-10-19T00:32:09.9388217Z A path returned 202. Retrying...
2023-10-19T00:32:09.9388858Z A path returned 202. Retrying...
2023-10-19T00:32:09.9389366Z A path returned 202. Retrying...
2023-10-19T00:32:09.9389858Z A path returned 202. Retrying...
2023-10-19T00:32:09.9390365Z A path returned 202. Retrying...
2023-10-19T00:32:09.9390869Z A path returned 202. Retrying...
2023-10-19T00:32:09.9391378Z A path returned 202. Retrying...
2023-10-19T00:32:09.9391881Z A path returned 202. Retrying...
2023-10-19T00:32:09.9392390Z A path returned 202. Retrying...
2023-10-19T00:32:09.9392900Z A path returned 202. Retrying...
2023-10-19T00:32:09.9393512Z A path returned 202. Retrying...
2023-10-19T00:32:09.9394022Z A path returned 202. Retrying...
2023-10-19T00:32:09.9394531Z A path returned 202. Retrying...
2023-10-19T00:32:09.9395222Z A path returned 202. Retrying...
2023-10-19T00:32:09.9395908Z A path returned 202. Retrying...
2023-10-19T00:32:09.9396454Z A path returned 202. Retrying...
2023-10-19T00:32:09.9397003Z A path returned 202. Retrying...
2023-10-19T00:32:09.9397538Z A path returned 202. Retrying...
2023-10-19T00:32:09.9398085Z A path returned 202. Retrying...
2023-10-19T00:32:09.9398625Z A path returned 202. Retrying...
2023-10-19T00:32:09.9399296Z A path returned 202. Retrying...
2023-10-19T00:32:09.9399851Z A path returned 202. Retrying...
2023-10-19T00:32:09.9400456Z A path returned 202. Retrying...
2023-10-19T00:32:09.9401006Z A path returned 202. Retrying...
2023-10-19T00:32:09.9401573Z A path returned 202. Retrying...
2023-10-19T00:32:09.9402116Z A path returned 202. Retrying...
2023-10-19T00:32:09.9402663Z A path returned 202. Retrying...
2023-10-19T00:32:09.9403212Z A path returned 202. Retrying...
2023-10-19T00:32:09.9403755Z A path returned 202. Retrying...
2023-10-19T00:32:09.9404297Z A path returned 202. Retrying...
2023-10-19T00:32:09.9404845Z A path returned 202. Retrying...
2023-10-19T00:32:09.9405387Z A path returned 202. Retrying...
2023-10-19T00:32:09.9405941Z A path returned 202. Retrying...
2023-10-19T00:32:09.9406491Z A path returned 202. Retrying...
2023-10-19T00:32:09.9407031Z A path returned 202. Retrying...
2023-10-19T00:32:09.9407576Z A path returned 202. Retrying...
2023-10-19T00:32:09.9408118Z A path returned 202. Retrying...
2023-10-19T00:32:09.9408660Z A path returned 202. Retrying...
2023-10-19T00:32:09.9409193Z A path returned 202. Retrying...
2023-10-19T00:32:09.9409737Z A path returned 202. Retrying...
2023-10-19T00:32:09.9410278Z A path returned 202. Retrying...
2023-10-19T00:32:09.9410816Z A path returned 202. Retrying...
2023-10-19T00:32:09.9411360Z A path returned 202. Retrying...
2023-10-19T00:32:09.9411917Z A path returned 202. Retrying...
2023-10-19T00:32:09.9412461Z A path returned 202. Retrying...
2023-10-19T00:32:09.9412987Z A path returned 202. Retrying...
2023-10-19T00:32:09.9413536Z A path returned 202. Retrying...
2023-10-19T00:32:09.9414270Z A path returned 202. Retrying...
2023-10-19T00:32:09.9414816Z A path returned 202. Retrying...
2023-10-19T00:32:09.9415368Z A path returned 202. Retrying...
2023-10-19T00:32:09.9415968Z A path returned 202. Retrying...
2023-10-19T00:32:09.9416532Z A path returned 202. Retrying...
2023-10-19T00:32:09.9417058Z A path returned 202. Retrying...
2023-10-19T00:32:09.9417601Z A path returned 202. Retrying...
2023-10-19T00:32:09.9418146Z A path returned 202. Retrying...
2023-10-19T00:32:09.9418688Z A path returned 202. Retrying...
2023-10-19T00:32:09.9419230Z A path returned 202. Retrying...
2023-10-19T00:32:09.9419769Z A path returned 202. Retrying...
2023-10-19T00:32:09.9420313Z A path returned 202. Retrying...
2023-10-19T00:32:09.9420843Z A path returned 202. Retrying...
2023-10-19T00:32:09.9421395Z A path returned 202. Retrying...
2023-10-19T00:32:09.9421940Z A path returned 202. Retrying...
2023-10-19T00:32:09.9422482Z A path returned 202. Retrying...
2023-10-19T00:32:09.9423027Z A path returned 202. Retrying...
2023-10-19T00:32:09.9423641Z A path returned 202. Retrying...
2023-10-19T00:32:09.9424228Z A path returned 202. Retrying...
2023-10-19T00:32:09.9424762Z A path returned 202. Retrying...
2023-10-19T00:32:09.9425310Z A path returned 202. Retrying...
2023-10-19T00:32:09.9425851Z A path returned 202. Retrying...
2023-10-19T00:32:09.9426396Z A path returned 202. Retrying...
2023-10-19T00:32:09.9426943Z A path returned 202. Retrying...
2023-10-19T00:32:09.9427487Z A path returned 202. Retrying...
2023-10-19T00:32:09.9428033Z A path returned 202. Retrying...
2023-10-19T00:32:09.9428564Z A path returned 202. Retrying...
2023-10-19T00:32:09.9429102Z A path returned 202. Retrying...
2023-10-19T00:32:09.9429643Z A path returned 202. Retrying...
2023-10-19T00:32:09.9430367Z A path returned 202. Retrying...
2023-10-19T00:32:09.9430918Z A path returned 202. Retrying...
2023-10-19T00:32:09.9431464Z A path returned 202. Retrying...
2023-10-19T00:40:54.1274218Z A path returned 202. Retrying...
2023-10-19T00:40:54.1275029Z A path returned 202. Retrying...
2023-10-19T00:40:54.1275738Z A path returned 202. Retrying...
2023-10-19T00:40:54.1276293Z A path returned 202. Retrying...
2023-10-19T00:40:54.1276840Z A path returned 202. Retrying...
2023-10-19T00:40:54.1277383Z A path returned 202. Retrying...
2023-10-19T00:40:54.1277921Z A path returned 202. Retrying...
2023-10-19T00:40:54.1278459Z A path returned 202. Retrying...
2023-10-19T00:40:54.1278995Z A path returned 202. Retrying...
2023-10-19T00:40:54.1279518Z A path returned 202. Retrying...
2023-10-19T00:40:54.1280057Z A path returned 202. Retrying...
2023-10-19T00:40:54.1280597Z A path returned 202. Retrying...
2023-10-19T00:40:54.1281135Z A path returned 202. Retrying...
2023-10-19T00:40:54.1281668Z A path returned 202. Retrying...
2023-10-19T00:40:54.1282216Z A path returned 202. Retrying...
2023-10-19T00:40:54.1282752Z A path returned 202. Retrying...
2023-10-19T00:40:54.1283270Z A path returned 202. Retrying...
2023-10-19T00:40:54.1283801Z A path returned 202. Retrying...
2023-10-19T00:40:54.1284341Z A path returned 202. Retrying...
2023-10-19T00:40:54.1284876Z A path returned 202. Retrying...
2023-10-19T00:40:54.1285412Z A path returned 202. Retrying...
2023-10-19T00:40:54.1285953Z A path returned 202. Retrying...
2023-10-19T00:40:54.1286491Z A path returned 202. Retrying...
2023-10-19T00:40:54.1287013Z A path returned 202. Retrying...
2023-10-19T00:40:54.1287548Z A path returned 202. Retrying...
2023-10-19T00:40:54.1288082Z A path returned 202. Retrying...
2023-10-19T00:40:54.1288611Z A path returned 202. Retrying...
2023-10-19T00:40:54.1289145Z A path returned 202. Retrying...
2023-10-19T00:40:54.1289697Z A path returned 202. Retrying...
2023-10-19T00:40:54.1290233Z A path returned 202. Retrying...
2023-10-19T00:40:54.1290759Z A path returned 202. Retrying...
2023-10-19T00:40:54.1291294Z A path returned 202. Retrying...
2023-10-19T00:40:54.1291833Z A path returned 202. Retrying...
2023-10-19T00:40:54.1292374Z A path returned 202. Retrying...
2023-10-19T00:40:54.1293449Z A path returned 202. Retrying...
2023-10-19T00:40:54.1293991Z A path returned 202. Retrying...
2023-10-19T00:40:54.1294533Z A path returned 202. Retrying...
2023-10-19T00:40:54.1295056Z A path returned 202. Retrying...
2023-10-19T00:40:54.1295598Z A path returned 202. Retrying...
2023-10-19T00:40:54.1296139Z A path returned 202. Retrying...
2023-10-19T00:40:54.1296675Z A path returned 202. Retrying...
2023-10-19T00:40:54.1297208Z A path returned 202. Retrying...
2023-10-19T00:40:54.1297743Z A path returned 202. Retrying...
2023-10-19T00:40:54.1298274Z A path returned 202. Retrying...
2023-10-19T00:40:54.1298794Z A path returned 202. Retrying...
2023-10-19T00:40:54.1299329Z A path returned 202. Retrying...
2023-10-19T00:40:54.1299866Z A path returned 202. Retrying...
2023-10-19T00:40:54.1300407Z A path returned 202. Retrying...
2023-10-19T00:40:54.1300943Z A path returned 202. Retrying...
2023-10-19T00:40:54.1301477Z A path returned 202. Retrying...
2023-10-19T00:40:54.1302014Z A path returned 202. Retrying...
2023-10-19T00:40:54.1302546Z A path returned 202. Retrying...
2023-10-19T00:40:54.1303084Z A path returned 202. Retrying...
2023-10-19T00:40:54.1303623Z A path returned 202. Retrying...
2023-10-19T00:40:54.1304158Z A path returned 202. Retrying...
2023-10-19T00:40:54.1304694Z A path returned 202. Retrying...
2023-10-19T00:40:54.1305234Z A path returned 202. Retrying...
2023-10-19T00:40:54.1305771Z A path returned 202. Retrying...
2023-10-19T00:40:54.1306288Z A path returned 202. Retrying...
2023-10-19T00:40:54.1306826Z A path returned 202. Retrying...
2023-10-19T00:40:54.1307366Z A path returned 202. Retrying...
2023-10-19T00:40:54.1307901Z A path returned 202. Retrying...
2023-10-19T00:40:54.1308440Z A path returned 202. Retrying...
2023-10-19T00:40:54.1309188Z A path returned 202. Retrying...
2023-10-19T00:40:54.1309736Z A path returned 202. Retrying...
2023-10-19T00:40:54.1310261Z A path returned 202. Retrying...
2023-10-19T00:40:54.1310798Z A path returned 202. Retrying...
2023-10-19T00:40:54.1311339Z A path returned 202. Retrying...
2023-10-19T00:40:54.1311883Z A path returned 202. Retrying...
2023-10-19T00:40:54.1312416Z A path returned 202. Retrying...
2023-10-19T00:40:54.1312951Z A path returned 202. Retrying...
2023-10-19T00:40:54.1313485Z A path returned 202. Retrying...
2023-10-19T00:40:54.1314004Z A path returned 202. Retrying...
2023-10-19T00:40:54.1314538Z A path returned 202. Retrying...
2023-10-19T00:40:54.1315076Z A path returned 202. Retrying...
2023-10-19T00:40:54.1315848Z A path returned 202. Retrying...
2023-10-19T00:40:54.1316395Z A path returned 202. Retrying...
2023-10-19T00:40:54.1316938Z A path returned 202. Retrying...
2023-10-19T00:40:54.1317480Z A path returned 202. Retrying...
2023-10-19T00:40:54.1318004Z A path returned 202. Retrying...
2023-10-19T00:40:54.1318561Z A path returned 202. Retrying...
2023-10-19T00:40:54.1319098Z A path returned 202. Retrying...
2023-10-19T00:40:54.1319630Z A path returned 202. Retrying...
2023-10-19T00:40:54.1320168Z A path returned 202. Retrying...
2023-10-19T00:40:54.1320714Z A path returned 202. Retrying...
2023-10-19T00:40:54.1321255Z A path returned 202. Retrying...
2023-10-19T00:40:54.1321773Z A path returned 202. Retrying...
2023-10-19T00:40:54.1322314Z A path returned 202. Retrying...
2023-10-19T00:40:54.1322858Z A path returned 202. Retrying...
2023-10-19T00:40:54.1323395Z A path returned 202. Retrying...
2023-10-19T00:40:54.1323932Z A path returned 202. Retrying...
2023-10-19T00:40:54.1324466Z A path returned 202. Retrying...
2023-10-19T00:40:54.1325004Z A path returned 202. Retrying...
2023-10-19T00:40:54.1325527Z A path returned 202. Retrying...
2023-10-19T00:40:54.1326067Z A path returned 202. Retrying...
2023-10-19T00:40:54.1326601Z A path returned 202. Retrying...
2023-10-19T00:40:54.1327141Z A path returned 202. Retrying...
2023-10-19T00:40:54.1327675Z A path returned 202. Retrying...
2023-10-19T00:40:54.1328205Z A path returned 202. Retrying...
2023-10-19T00:40:54.1328778Z A path returned 202. Retrying...
2023-10-19T00:40:54.1329304Z A path returned 202. Retrying...
2023-10-19T00:40:54.1330060Z A path returned 202. Retrying...
2023-10-19T00:40:54.1330605Z A path returned 202. Retrying...
2023-10-19T00:40:54.1331150Z A path returned 202. Retrying...
2023-10-19T00:40:54.1331692Z A path returned 202. Retrying...
2023-10-19T00:40:54.1332233Z A path returned 202. Retrying...
2023-10-19T00:40:54.1332773Z A path returned 202. Retrying...
2023-10-19T00:40:54.1333295Z A path returned 202. Retrying...
2023-10-19T00:40:54.1333829Z A path returned 202. Retrying...
2023-10-19T00:40:54.1334370Z A path returned 202. Retrying...
2023-10-19T00:40:54.1334903Z A path returned 202. Retrying...
2023-10-19T00:40:54.1335442Z A path returned 202. Retrying...
2023-10-19T00:40:54.1335979Z A path returned 202. Retrying...
2023-10-19T00:40:54.1336523Z A path returned 202. Retrying...
2023-10-19T00:40:54.1337041Z A path returned 202. Retrying...
2023-10-19T00:40:54.1337581Z A path returned 202. Retrying...
2023-10-19T00:40:54.1338117Z A path returned 202. Retrying...
2023-10-19T00:40:54.1338674Z A path returned 202. Retrying...
2023-10-19T00:40:54.1339208Z A path returned 202. Retrying...
2023-10-19T00:40:54.1339743Z A path returned 202. Retrying...
2023-10-19T00:40:54.1340279Z A path returned 202. Retrying...
2023-10-19T00:40:54.1340799Z A path returned 202. Retrying...
2023-10-19T00:40:54.1341333Z A path returned 202. Retrying...
2023-10-19T00:40:54.1341865Z A path returned 202. Retrying...
2023-10-19T00:40:54.1342400Z A path returned 202. Retrying...
2023-10-19T00:40:54.1342933Z A path returned 202. Retrying...
2023-10-19T00:40:54.1343473Z A path returned 202. Retrying...
2023-10-19T00:40:54.1344007Z A path returned 202. Retrying...
2023-10-19T00:40:54.1344526Z A path returned 202. Retrying...
2023-10-19T00:40:54.1345228Z A path returned 202. Retrying...
2023-10-19T00:40:54.1345774Z A path returned 202. Retrying...
2023-10-19T00:40:54.1346316Z A path returned 202. Retrying...
2023-10-19T00:40:54.1346854Z A path returned 202. Retrying...
2023-10-19T00:40:54.1347398Z A path returned 202. Retrying...
2023-10-19T00:40:54.1347942Z A path returned 202. Retrying...
2023-10-19T00:40:54.1348464Z A path returned 202. Retrying...
2023-10-19T00:40:54.1348998Z A path returned 202. Retrying...
2023-10-19T00:40:54.1349540Z A path returned 202. Retrying...
2023-10-19T00:40:54.1350077Z A path returned 202. Retrying...
2023-10-19T00:40:54.1350613Z A path returned 202. Retrying...
2023-10-19T00:40:54.1351148Z A path returned 202. Retrying...
2023-10-19T00:40:54.1351760Z A path returned 202. Retrying...
2023-10-19T00:40:54.1352281Z A path returned 202. Retrying...
2023-10-19T00:40:54.1352822Z A path returned 202. Retrying...
2023-10-19T00:40:54.1353358Z A path returned 202. Retrying...
2023-10-19T00:40:54.1353893Z A path returned 202. Retrying...
2023-10-19T00:40:54.1354434Z A path returned 202. Retrying...
2023-10-19T00:40:54.1354970Z A path returned 202. Retrying...
2023-10-19T00:40:54.1355645Z A path returned 202. Retrying...
2023-10-19T00:40:54.1356177Z A path returned 202. Retrying...
2023-10-19T00:40:54.1356728Z A path returned 202. Retrying...
2023-10-19T00:40:54.1357265Z A path returned 202. Retrying...
2023-10-19T00:40:54.1357802Z A path returned 202. Retrying...
2023-10-19T00:40:54.1358346Z A path returned 202. Retrying...
2023-10-19T00:40:54.1358882Z A path returned 202. Retrying...
2023-10-19T00:40:54.1359416Z A path returned 202. Retrying...
2023-10-19T00:40:54.1359940Z A path returned 202. Retrying...
2023-10-19T00:40:54.1360475Z A path returned 202. Retrying...
2023-10-19T00:40:54.1361014Z A path returned 202. Retrying...
2023-10-19T00:40:54.1361549Z A path returned 202. Retrying...
2023-10-19T00:40:54.1362088Z A path returned 202. Retrying...
2023-10-19T00:40:54.1362623Z A path returned 202. Retrying...
2023-10-19T00:40:54.1363168Z A path returned 202. Retrying...
2023-10-19T00:40:54.1363689Z A path returned 202. Retrying...
2023-10-19T00:40:54.1364221Z A path returned 202. Retrying...
2023-10-19T00:40:54.1364761Z A path returned 202. Retrying...
2023-10-19T00:40:54.1365296Z A path returned 202. Retrying...
2023-10-19T00:40:54.1366020Z A path returned 202. Retrying...
2023-10-19T00:40:54.1366556Z A path returned 202. Retrying...
2023-10-19T00:40:54.1367084Z A path returned 202. Retrying...
2023-10-19T00:40:54.1367644Z A path returned 202. Retrying...
2023-10-19T00:40:54.1368181Z A path returned 202. Retrying...
2023-10-19T00:40:54.1368718Z A path returned 202. Retrying...
2023-10-19T00:40:54.1369256Z A path returned 202. Retrying...
2023-10-19T00:40:54.1369778Z A path returned 202. Retrying...
2023-10-19T00:40:54.1370314Z A path returned 202. Retrying...
2023-10-19T00:40:54.1370853Z A path returned 202. Retrying...
2023-10-19T00:40:54.1371391Z A path returned 202. Retrying...
2023-10-19T00:40:54.1371935Z A path returned 202. Retrying...
2023-10-19T00:40:54.1372479Z A path returned 202. Retrying...
2023-10-19T00:40:54.1373017Z A path returned 202. Retrying...
2023-10-19T00:40:54.1373538Z A path returned 202. Retrying...
2023-10-19T00:40:54.1374076Z A path returned 202. Retrying...
2023-10-19T00:40:54.1374623Z A path returned 202. Retrying...
2023-10-19T00:40:54.1375158Z A path returned 202. Retrying...
2023-10-19T00:40:54.1375697Z A path returned 202. Retrying...
2023-10-19T00:40:54.1376238Z A path returned 202. Retrying...
2023-10-19T00:40:54.1376775Z A path returned 202. Retrying...
2023-10-19T00:40:54.1377297Z A path returned 202. Retrying...
2023-10-19T00:40:54.1377836Z A path returned 202. Retrying...
2023-10-19T00:40:54.1378383Z A path returned 202. Retrying...
2023-10-19T00:40:54.1378920Z A path returned 202. Retrying...
2023-10-19T00:40:54.1379460Z A path returned 202. Retrying...
2023-10-19T00:40:54.1379999Z A path returned 202. Retrying...
2023-10-19T00:40:54.1380533Z A path returned 202. Retrying...
2023-10-19T00:40:54.1381192Z A path returned 202. Retrying...
2023-10-19T00:40:54.1381732Z A path returned 202. Retrying...
2023-10-19T00:40:54.1382275Z A path returned 202. Retrying...
2023-10-19T00:40:54.1382828Z A path returned 202. Retrying...
2023-10-19T00:40:54.1383366Z A path returned 202. Retrying...
2023-10-19T00:40:54.1383911Z A path returned 202. Retrying...
2023-10-19T00:40:54.1384454Z A path returned 202. Retrying...
2023-10-19T00:40:54.1384973Z A path returned 202. Retrying...
2023-10-19T00:40:54.1385514Z A path returned 202. Retrying...
2023-10-19T00:40:54.1386054Z A path returned 202. Retrying...
2023-10-19T00:40:54.1386589Z A path returned 202. Retrying...
2023-10-19T00:40:54.1387131Z A path returned 202. Retrying...
2023-10-19T00:40:54.1387669Z A path returned 202. Retrying...
2023-10-19T00:40:54.1388204Z A path returned 202. Retrying...
2023-10-19T00:40:54.1388725Z A path returned 202. Retrying...
2023-10-19T00:40:54.1389265Z A path returned 202. Retrying...
2023-10-19T00:40:54.1389803Z A path returned 202. Retrying...
2023-10-19T00:40:54.1390346Z A path returned 202. Retrying...
2023-10-19T00:40:54.1390885Z A path returned 202. Retrying...
2023-10-19T00:40:54.1391420Z A path returned 202. Retrying...
2023-10-19T00:40:54.1391955Z A path returned 202. Retrying...
2023-10-19T00:40:54.1392479Z A path returned 202. Retrying...
2023-10-19T00:40:54.1393017Z A path returned 202. Retrying...
2023-10-19T00:40:54.1393563Z A path returned 202. Retrying...
2023-10-19T00:40:54.1394097Z A path returned 202. Retrying...
2023-10-19T00:40:54.1394639Z A path returned 202. Retrying...
2023-10-19T00:40:54.1395181Z A path returned 202. Retrying...
2023-10-19T00:40:54.1395825Z A path returned 202. Retrying...
2023-10-19T00:40:54.1396344Z A path returned 202. Retrying...
2023-10-19T00:40:54.1396885Z A path returned 202. Retrying...
2023-10-19T00:40:54.1397426Z A path returned 202. Retrying...
2023-10-19T00:40:54.1397960Z A path returned 202. Retrying...
2023-10-19T00:40:54.1398493Z A path returned 202. Retrying...
2023-10-19T00:40:54.1399038Z A path returned 202. Retrying...
2023-10-19T00:40:54.1399580Z A path returned 202. Retrying...
2023-10-19T00:40:54.1400100Z A path returned 202. Retrying...
2023-10-19T00:40:54.1400639Z A path returned 202. Retrying...
2023-10-19T00:40:54.1401177Z A path returned 202. Retrying...
2023-10-19T00:40:54.1401890Z A path returned 202. Retrying...
2023-10-19T00:40:54.1402432Z A path returned 202. Retrying...
2023-10-19T00:40:54.1402971Z A path returned 202. Retrying...
2023-10-19T00:40:54.1403507Z A path returned 202. Retrying...
2023-10-19T00:40:54.1404026Z A path returned 202. Retrying...
2023-10-19T00:40:54.1404562Z A path returned 202. Retrying...
2023-10-19T00:40:54.1405103Z A path returned 202. Retrying...
2023-10-19T00:40:54.1405638Z A path returned 202. Retrying...
2023-10-19T00:40:54.1406175Z A path returned 202. Retrying...
2023-10-19T00:40:54.1406714Z A path returned 202. Retrying...
2023-10-19T00:40:54.1407249Z A path returned 202. Retrying...
2023-10-19T00:40:54.1407775Z A path returned 202. Retrying...
2023-10-19T00:40:54.1408316Z A path returned 202. Retrying...
2023-10-19T00:40:54.1408855Z A path returned 202. Retrying...
2023-10-19T00:40:54.1409391Z A path returned 202. Retrying...
2023-10-19T00:49:41.0866528Z A path returned 202. Retrying...
2023-10-19T00:49:41.0867268Z A path returned 202. Retrying...
2023-10-19T00:49:41.0867734Z A path returned 202. Retrying...
2023-10-19T00:49:41.0868191Z A path returned 202. Retrying...
2023-10-19T00:49:41.0868645Z A path returned 202. Retrying...
2023-10-19T00:49:41.0869079Z A path returned 202. Retrying...
2023-10-19T00:49:41.0869532Z A path returned 202. Retrying...
2023-10-19T00:49:41.0869985Z A path returned 202. Retrying...
2023-10-19T00:49:41.0870437Z A path returned 202. Retrying...
2023-10-19T00:49:41.0870886Z A path returned 202. Retrying...
2023-10-19T00:49:41.0871337Z A path returned 202. Retrying...
2023-10-19T00:49:41.0871781Z A path returned 202. Retrying...
2023-10-19T00:49:41.0872213Z A path returned 202. Retrying...
2023-10-19T00:49:41.0872659Z A path returned 202. Retrying...
2023-10-19T00:49:41.0873572Z A path returned 202. Retrying...
2023-10-19T00:49:41.0874029Z A path returned 202. Retrying...
2023-10-19T00:49:41.0874508Z A path returned 202. Retrying...
2023-10-19T00:49:41.0874952Z A path returned 202. Retrying...
2023-10-19T00:49:41.0875602Z A path returned 202. Retrying...
2023-10-19T00:49:41.0876039Z A path returned 202. Retrying...
2023-10-19T00:49:41.0876490Z A path returned 202. Retrying...
2023-10-19T00:49:41.0876941Z A path returned 202. Retrying...
2023-10-19T00:49:41.0877388Z A path returned 202. Retrying...
2023-10-19T00:49:41.0877833Z A path returned 202. Retrying...
2023-10-19T00:49:41.0878282Z A path returned 202. Retrying...
2023-10-19T00:49:41.0878726Z A path returned 202. Retrying...
2023-10-19T00:49:41.0879157Z A path returned 202. Retrying...
2023-10-19T00:49:41.0879598Z A path returned 202. Retrying...
2023-10-19T00:49:41.0880049Z A path returned 202. Retrying...
2023-10-19T00:49:41.0880499Z A path returned 202. Retrying...
2023-10-19T00:49:41.0880948Z A path returned 202. Retrying...
2023-10-19T00:49:41.0881393Z A path returned 202. Retrying...
2023-10-19T00:49:41.0881842Z A path returned 202. Retrying...
2023-10-19T00:49:41.0882273Z A path returned 202. Retrying...
2023-10-19T00:49:41.0882722Z A path returned 202. Retrying...
2023-10-19T00:49:41.0883172Z A path returned 202. Retrying...
2023-10-19T00:49:41.0883616Z A path returned 202. Retrying...
2023-10-19T00:49:41.0884062Z A path returned 202. Retrying...
2023-10-19T00:49:41.0884504Z A path returned 202. Retrying...
2023-10-19T00:49:41.0884949Z A path returned 202. Retrying...
2023-10-19T00:49:41.0885378Z A path returned 202. Retrying...
2023-10-19T00:49:41.0885825Z A path returned 202. Retrying...
2023-10-19T00:49:41.0886275Z A path returned 202. Retrying...
2023-10-19T00:49:41.0886823Z A path returned 202. Retrying...
2023-10-19T00:49:41.0887214Z A path returned 202. Retrying...
2023-10-19T00:49:41.0887605Z A path returned 202. Retrying...
2023-10-19T00:49:41.0887997Z A path returned 202. Retrying...
2023-10-19T00:49:41.0888378Z A path returned 202. Retrying...
2023-10-19T00:49:41.0888768Z A path returned 202. Retrying...
2023-10-19T00:49:41.0889160Z A path returned 202. Retrying...
2023-10-19T00:49:41.0889552Z A path returned 202. Retrying...
2023-10-19T00:49:41.0890131Z A path returned 202. Retrying...
2023-10-19T00:49:41.0890521Z A path returned 202. Retrying...
2023-10-19T00:49:41.0890912Z A path returned 202. Retrying...
2023-10-19T00:49:41.0891282Z A path returned 202. Retrying...
2023-10-19T00:49:41.0891670Z A path returned 202. Retrying...
2023-10-19T00:49:41.0892063Z A path returned 202. Retrying...
2023-10-19T00:49:41.0892456Z A path returned 202. Retrying...
2023-10-19T00:49:41.0892845Z A path returned 202. Retrying...
2023-10-19T00:49:41.0893238Z A path returned 202. Retrying...
2023-10-19T00:49:41.0893628Z A path returned 202. Retrying...
2023-10-19T00:49:41.0894004Z A path returned 202. Retrying...
2023-10-19T00:49:41.0894392Z A path returned 202. Retrying...
2023-10-19T00:49:41.0894788Z A path returned 202. Retrying...
2023-10-19T00:49:41.0895435Z A path returned 202. Retrying...
2023-10-19T00:49:41.0896043Z A path returned 202. Retrying...
2023-10-19T00:49:41.0896517Z A path returned 202. Retrying...
2023-10-19T00:49:41.0897035Z A path returned 202. Retrying...
2023-10-19T00:49:41.0897667Z A path returned 202. Retrying...
2023-10-19T00:49:41.0898382Z A path returned 202. Retrying...
2023-10-19T00:49:41.0898992Z A path returned 202. Retrying...
2023-10-19T00:49:41.0899611Z A path returned 202. Retrying...
2023-10-19T00:49:41.0900237Z A path returned 202. Retrying...
2023-10-19T00:49:41.0900858Z A path returned 202. Retrying...
2023-10-19T00:49:41.0901483Z A path returned 202. Retrying...
2023-10-19T00:49:41.0902103Z A path returned 202. Retrying...
2023-10-19T00:49:41.0902731Z A path returned 202. Retrying...
2023-10-19T00:49:41.0903357Z A path returned 202. Retrying...
2023-10-19T00:49:41.0903984Z A path returned 202. Retrying...
2023-10-19T00:49:41.0904605Z A path returned 202. Retrying...
2023-10-19T00:49:41.0905363Z A path returned 202. Retrying...
2023-10-19T00:49:41.0906001Z A path returned 202. Retrying...
2023-10-19T00:49:41.0906626Z A path returned 202. Retrying...
2023-10-19T00:49:41.0907254Z A path returned 202. Retrying...
2023-10-19T00:49:41.0907882Z A path returned 202. Retrying...
2023-10-19T00:49:41.0908503Z A path returned 202. Retrying...
2023-10-19T00:49:41.0909235Z A path returned 202. Retrying...
2023-10-19T00:49:41.0909816Z A path returned 202. Retrying...
2023-10-19T00:49:41.0910401Z A path returned 202. Retrying...
2023-10-19T00:49:41.0911092Z A path returned 202. Retrying...
2023-10-19T00:49:41.0911610Z A path returned 202. Retrying...
2023-10-19T00:49:41.0912064Z A path returned 202. Retrying...
2023-10-19T00:49:41.0912579Z A path returned 202. Retrying...
2023-10-19T00:49:41.0913053Z A path returned 202. Retrying...
2023-10-19T00:49:41.0913499Z A path returned 202. Retrying...
2023-10-19T00:49:41.0913945Z A path returned 202. Retrying...
2023-10-19T00:49:41.0914395Z A path returned 202. Retrying...
2023-10-19T00:49:41.0914914Z A path returned 202. Retrying...
2023-10-19T00:49:41.0915483Z A path returned 202. Retrying...
2023-10-19T00:49:41.0915918Z A path returned 202. Retrying...
2023-10-19T00:49:41.0916453Z A path returned 202. Retrying...
2023-10-19T00:49:41.0916914Z A path returned 202. Retrying...
2023-10-19T00:49:41.0917431Z A path returned 202. Retrying...
2023-10-19T00:49:41.0917893Z A path returned 202. Retrying...
2023-10-19T00:49:41.0918404Z A path returned 202. Retrying...
2023-10-19T00:49:41.0918864Z A path returned 202. Retrying...
2023-10-19T00:49:41.0919382Z A path returned 202. Retrying...
2023-10-19T00:49:41.0919841Z A path returned 202. Retrying...
2023-10-19T00:49:41.0920356Z A path returned 202. Retrying...
2023-10-19T00:49:41.0920808Z A path returned 202. Retrying...
2023-10-19T00:49:41.0921252Z A path returned 202. Retrying...
2023-10-19T00:49:41.0921766Z A path returned 202. Retrying...
2023-10-19T00:49:41.0922513Z A path returned 202. Retrying...
2023-10-19T00:49:41.0923206Z A path returned 202. Retrying...
2023-10-19T00:49:41.0923882Z A path returned 202. Retrying...
2023-10-19T00:49:41.0924396Z A path returned 202. Retrying...
2023-10-19T00:49:41.0924916Z A path returned 202. Retrying...
2023-10-19T00:49:41.0925624Z A path returned 202. Retrying...
2023-10-19T00:49:41.0926294Z A path returned 202. Retrying...
2023-10-19T00:49:41.0926796Z A path returned 202. Retrying...
2023-10-19T00:49:41.0927305Z A path returned 202. Retrying...
2023-10-19T00:49:41.0927812Z A path returned 202. Retrying...
2023-10-19T00:49:41.0928324Z A path returned 202. Retrying...
2023-10-19T00:49:41.0928789Z A path returned 202. Retrying...
2023-10-19T00:49:41.0929257Z A path returned 202. Retrying...
2023-10-19T00:49:41.0929705Z A path returned 202. Retrying...
2023-10-19T00:49:41.0930152Z A path returned 202. Retrying...
2023-10-19T00:49:41.0930673Z A path returned 202. Retrying...
2023-10-19T00:49:41.0931114Z A path returned 202. Retrying...
2023-10-19T00:49:41.0931635Z A path returned 202. Retrying...
2023-10-19T00:49:41.0932098Z A path returned 202. Retrying...
2023-10-19T00:49:41.0932613Z A path returned 202. Retrying...
2023-10-19T00:49:41.0933077Z A path returned 202. Retrying...
2023-10-19T00:49:41.0933591Z A path returned 202. Retrying...
2023-10-19T00:49:41.0934056Z A path returned 202. Retrying...
2023-10-19T00:49:41.0934571Z A path returned 202. Retrying...
2023-10-19T00:49:41.0935046Z A path returned 202. Retrying...
2023-10-19T00:49:41.0935560Z A path returned 202. Retrying...
2023-10-19T00:49:41.0936215Z A path returned 202. Retrying...
2023-10-19T00:49:41.0936730Z A path returned 202. Retrying...
2023-10-19T00:49:41.0937242Z A path returned 202. Retrying...
2023-10-19T00:49:41.0937715Z A path returned 202. Retrying...
2023-10-19T00:49:41.0938226Z A path returned 202. Retrying...
2023-10-19T00:49:41.0938883Z A path returned 202. Retrying...
2023-10-19T00:49:41.0939350Z A path returned 202. Retrying...
2023-10-19T00:49:41.0939867Z A path returned 202. Retrying...
2023-10-19T00:49:41.0940497Z A path returned 202. Retrying...
2023-10-19T00:49:41.0940950Z A path returned 202. Retrying...
2023-10-19T00:49:41.0941383Z A path returned 202. Retrying...
2023-10-19T00:49:41.0941903Z A path returned 202. Retrying...
2023-10-19T00:49:41.0942529Z A path returned 202. Retrying...
2023-10-19T00:49:41.0943188Z A path returned 202. Retrying...
2023-10-19T00:49:41.0943703Z A path returned 202. Retrying...
2023-10-19T00:49:41.0944221Z A path returned 202. Retrying...
2023-10-19T00:49:41.0944853Z A path returned 202. Retrying...
2023-10-19T00:49:41.0945318Z A path returned 202. Retrying...
2023-10-19T00:49:41.0945830Z A path returned 202. Retrying...
2023-10-19T00:49:41.0946447Z A path returned 202. Retrying...
2023-10-19T00:49:41.0946911Z A path returned 202. Retrying...
2023-10-19T00:49:41.0947426Z A path returned 202. Retrying...
2023-10-19T00:49:41.0948095Z A path returned 202. Retrying...
2023-10-19T00:49:41.0948709Z A path returned 202. Retrying...
2023-10-19T00:49:41.0949172Z A path returned 202. Retrying...
2023-10-19T00:49:41.0949688Z A path returned 202. Retrying...
2023-10-19T00:49:41.0950337Z A path returned 202. Retrying...
2023-10-19T00:49:41.0950862Z A path returned 202. Retrying...
2023-10-19T00:49:41.0951386Z A path returned 202. Retrying...
2023-10-19T00:49:41.0952083Z A path returned 202. Retrying...
2023-10-19T00:49:41.0952665Z A path returned 202. Retrying...
2023-10-19T00:49:41.0953352Z A path returned 202. Retrying...
2023-10-19T00:49:41.0953919Z A path returned 202. Retrying...
2023-10-19T00:49:41.0954468Z A path returned 202. Retrying...
2023-10-19T00:49:41.0955022Z A path returned 202. Retrying...
2023-10-19T00:49:41.0955776Z A path returned 202. Retrying...
2023-10-19T00:49:41.0956382Z A path returned 202. Retrying...
2023-10-19T00:49:41.0957042Z A path returned 202. Retrying...
2023-10-19T00:49:41.0957670Z A path returned 202. Retrying...
2023-10-19T00:49:41.0958272Z A path returned 202. Retrying...
2023-10-19T00:49:41.0958882Z A path returned 202. Retrying...
2023-10-19T00:49:41.0959517Z A path returned 202. Retrying...
2023-10-19T00:49:41.0960147Z A path returned 202. Retrying...
2023-10-19T00:49:41.0960768Z A path returned 202. Retrying...
2023-10-19T00:49:41.0961392Z A path returned 202. Retrying...
2023-10-19T00:49:41.0962229Z A path returned 202. Retrying...
2023-10-19T00:49:41.0962848Z A path returned 202. Retrying...
2023-10-19T00:49:41.0963473Z A path returned 202. Retrying...
2023-10-19T00:49:41.0964095Z A path returned 202. Retrying...
2023-10-19T00:49:41.0964720Z A path returned 202. Retrying...
2023-10-19T00:49:41.0965326Z A path returned 202. Retrying...
2023-10-19T00:49:41.0965951Z A path returned 202. Retrying...
2023-10-19T00:49:41.0966605Z A path returned 202. Retrying...
2023-10-19T00:49:41.0967226Z A path returned 202. Retrying...
2023-10-19T00:49:41.0967845Z A path returned 202. Retrying...
2023-10-19T00:49:41.0968466Z A path returned 202. Retrying...
2023-10-19T00:49:41.0969076Z A path returned 202. Retrying...
2023-10-19T00:49:41.0969708Z A path returned 202. Retrying...
2023-10-19T00:49:41.0970428Z A path returned 202. Retrying...
2023-10-19T00:49:41.0971009Z A path returned 202. Retrying...
2023-10-19T00:49:41.0971588Z A path returned 202. Retrying...
2023-10-19T00:49:41.0972157Z A path returned 202. Retrying...
2023-10-19T00:49:41.0972680Z A path returned 202. Retrying...
2023-10-19T00:49:41.0973253Z A path returned 202. Retrying...
2023-10-19T00:49:41.0973836Z A path returned 202. Retrying...
2023-10-19T00:49:41.0974419Z A path returned 202. Retrying...
2023-10-19T00:49:41.0974999Z A path returned 202. Retrying...
2023-10-19T00:49:41.0975642Z A path returned 202. Retrying...
2023-10-19T00:49:41.0976273Z A path returned 202. Retrying...
2023-10-19T00:49:41.0976880Z A path returned 202. Retrying...
2023-10-19T00:49:41.0977461Z A path returned 202. Retrying...
2023-10-19T00:49:41.0978005Z A path returned 202. Retrying...
2023-10-19T00:49:41.0978589Z A path returned 202. Retrying...
2023-10-19T00:49:41.0979179Z A path returned 202. Retrying...
2023-10-19T00:49:41.0979898Z A path returned 202. Retrying...
2023-10-19T00:49:41.0980500Z A path returned 202. Retrying...
2023-10-19T00:49:41.0981081Z A path returned 202. Retrying...
2023-10-19T00:49:41.0981666Z A path returned 202. Retrying...
2023-10-19T00:49:41.0982244Z A path returned 202. Retrying...
2023-10-19T00:49:41.0982830Z A path returned 202. Retrying...
2023-10-19T00:49:41.0983498Z A path returned 202. Retrying...
2023-10-19T00:49:41.0984060Z A path returned 202. Retrying...
2023-10-19T00:49:41.0984635Z A path returned 202. Retrying...
2023-10-19T00:49:41.0985209Z A path returned 202. Retrying...
2023-10-19T00:49:41.0985788Z A path returned 202. Retrying...
2023-10-19T00:49:41.0986362Z A path returned 202. Retrying...
2023-10-19T00:49:41.0986938Z A path returned 202. Retrying...
2023-10-19T00:49:41.0987515Z A path returned 202. Retrying...
2023-10-19T00:49:41.0988101Z A path returned 202. Retrying...
2023-10-19T00:49:41.0988693Z A path returned 202. Retrying...
2023-10-19T00:49:41.0989277Z A path returned 202. Retrying...
2023-10-19T00:49:41.0989850Z A path returned 202. Retrying...
2023-10-19T00:49:41.0990409Z A path returned 202. Retrying...
2023-10-19T00:49:41.0990986Z A path returned 202. Retrying...
2023-10-19T00:49:41.0991567Z A path returned 202. Retrying...
2023-10-19T00:49:41.0992207Z A path returned 202. Retrying...
2023-10-19T00:49:41.0992786Z A path returned 202. Retrying...
2023-10-19T00:49:41.0993364Z A path returned 202. Retrying...
2023-10-19T00:49:41.0993940Z A path returned 202. Retrying...
2023-10-19T00:49:41.0994519Z A path returned 202. Retrying...
2023-10-19T00:49:41.0995093Z A path returned 202. Retrying...
2023-10-19T00:49:41.0995929Z A path returned 202. Retrying...
2023-10-19T00:49:41.0996900Z A path returned 202. Retrying...
2023-10-19T00:49:41.0997706Z A path returned 202. Retrying...
2023-10-19T00:49:41.0998528Z A path returned 202. Retrying...
2023-10-19T00:49:41.0999596Z A path returned 202. Retrying...
2023-10-19T00:49:41.1000458Z A path returned 202. Retrying...
2023-10-19T00:49:41.1001319Z A path returned 202. Retrying...
2023-10-19T00:49:41.1002183Z A path returned 202. Retrying...
2023-10-19T00:49:41.1003032Z A path returned 202. Retrying...
2023-10-19T00:58:22.1147305Z A path returned 202. Retrying...
2023-10-19T00:58:22.1149661Z A path returned 202. Retrying...
2023-10-19T00:58:22.1150899Z A path returned 202. Retrying...
2023-10-19T00:58:22.1152161Z A path returned 202. Retrying...
2023-10-19T00:58:22.1153385Z A path returned 202. Retrying...
2023-10-19T00:58:22.1154599Z A path returned 202. Retrying...
2023-10-19T00:58:22.1156137Z A path returned 202. Retrying...
2023-10-19T00:58:22.1157360Z A path returned 202. Retrying...
2023-10-19T00:58:22.1158562Z A path returned 202. Retrying...
2023-10-19T00:58:22.1159767Z A path returned 202. Retrying...
2023-10-19T00:58:22.1160963Z A path returned 202. Retrying...
2023-10-19T00:58:22.1162155Z A path returned 202. Retrying...
2023-10-19T00:58:22.1163360Z A path returned 202. Retrying...
2023-10-19T00:58:22.1164606Z A path returned 202. Retrying...
2023-10-19T00:58:22.1165822Z A path returned 202. Retrying...
2023-10-19T00:58:22.1167166Z A path returned 202. Retrying...
2023-10-19T00:58:22.1168454Z A path returned 202. Retrying...
2023-10-19T00:58:22.1172109Z A path returned 202. Retrying...
2023-10-19T00:58:22.1173068Z A path returned 202. Retrying...
2023-10-19T00:58:22.1174004Z A path returned 202. Retrying...
2023-10-19T00:58:22.1174950Z A path returned 202. Retrying...
2023-10-19T00:58:22.1175876Z A path returned 202. Retrying...
2023-10-19T00:58:22.1176812Z A path returned 202. Retrying...
2023-10-19T00:58:22.1177745Z A path returned 202. Retrying...
2023-10-19T00:58:22.1178664Z A path returned 202. Retrying...
2023-10-19T00:58:22.1179618Z A path returned 202. Retrying...
2023-10-19T00:58:22.1180552Z A path returned 202. Retrying...
2023-10-19T00:58:22.1181497Z A path returned 202. Retrying...
2023-10-19T00:58:22.1182437Z A path returned 202. Retrying...
2023-10-19T00:58:22.1183374Z A path returned 202. Retrying...
2023-10-19T00:58:22.1184683Z A path returned 202. Retrying...
2023-10-19T00:58:22.1185621Z A path returned 202. Retrying...
2023-10-19T00:58:22.1186558Z A path returned 202. Retrying...
2023-10-19T00:58:22.1187497Z A path returned 202. Retrying...
2023-10-19T00:58:22.1188447Z A path returned 202. Retrying...
2023-10-19T00:58:22.1189378Z A path returned 202. Retrying...
2023-10-19T00:58:22.1190311Z A path returned 202. Retrying...
2023-10-19T00:58:22.1191385Z A path returned 202. Retrying...
2023-10-19T00:58:22.1192302Z A path returned 202. Retrying...
2023-10-19T00:58:22.1193246Z A path returned 202. Retrying...
2023-10-19T00:58:22.1194178Z A path returned 202. Retrying...
2023-10-19T00:58:22.1195629Z A path returned 202. Retrying...
2023-10-19T00:58:22.1196260Z A path returned 202. Retrying...
2023-10-19T00:58:22.1196814Z A path returned 202. Retrying...
2023-10-19T00:58:22.1197371Z A path returned 202. Retrying...
2023-10-19T00:58:22.1197906Z A path returned 202. Retrying...
2023-10-19T00:58:22.1198484Z A path returned 202. Retrying...
2023-10-19T00:58:22.1199037Z A path returned 202. Retrying...
2023-10-19T00:58:22.1199581Z A path returned 202. Retrying...
2023-10-19T00:58:22.1200131Z A path returned 202. Retrying...
2023-10-19T00:58:22.1200691Z A path returned 202. Retrying...
2023-10-19T00:58:22.1201233Z A path returned 202. Retrying...
2023-10-19T00:58:22.1201760Z A path returned 202. Retrying...
2023-10-19T00:58:22.1202304Z A path returned 202. Retrying...
2023-10-19T00:58:22.1202849Z A path returned 202. Retrying...
2023-10-19T00:58:22.1203388Z A path returned 202. Retrying...
2023-10-19T00:58:22.1203929Z A path returned 202. Retrying...
2023-10-19T00:58:22.1204465Z A path returned 202. Retrying...
2023-10-19T00:58:22.1205005Z A path returned 202. Retrying...
2023-10-19T00:58:22.1205530Z A path returned 202. Retrying...
2023-10-19T00:58:22.1206076Z A path returned 202. Retrying...
2023-10-19T00:58:22.1206621Z A path returned 202. Retrying...
2023-10-19T00:58:22.1207161Z A path returned 202. Retrying...
2023-10-19T00:58:22.1207708Z A path returned 202. Retrying...
2023-10-19T00:58:22.1208357Z A path returned 202. Retrying...
2023-10-19T00:58:22.1208859Z A path returned 202. Retrying...
2023-10-19T00:58:22.1209668Z A path returned 202. Retrying...
2023-10-19T00:58:22.1210685Z A path returned 202. Retrying...
2023-10-19T00:58:22.1211228Z A path returned 202. Retrying...
2023-10-19T00:58:22.1211772Z A path returned 202. Retrying...
2023-10-19T00:58:22.1212315Z A path returned 202. Retrying...
2023-10-19T00:58:22.1212911Z A path returned 202. Retrying...
2023-10-19T00:58:22.1213455Z A path returned 202. Retrying...
2023-10-19T00:58:22.1213980Z A path returned 202. Retrying...
2023-10-19T00:58:22.1214519Z A path returned 202. Retrying...
2023-10-19T00:58:22.1215059Z A path returned 202. Retrying...
2023-10-19T00:58:22.1215601Z A path returned 202. Retrying...
2023-10-19T00:58:22.1216141Z A path returned 202. Retrying...
2023-10-19T00:58:22.1216683Z A path returned 202. Retrying...
2023-10-19T00:58:22.1217230Z A path returned 202. Retrying...
2023-10-19T00:58:22.1217752Z A path returned 202. Retrying...
2023-10-19T00:58:22.1218292Z A path returned 202. Retrying...
2023-10-19T00:58:22.1218830Z A path returned 202. Retrying...
2023-10-19T00:58:22.1219368Z A path returned 202. Retrying...
2023-10-19T00:58:22.1219920Z A path returned 202. Retrying...
2023-10-19T00:58:22.1220456Z A path returned 202. Retrying...
2023-10-19T00:58:22.1221039Z A path returned 202. Retrying...
2023-10-19T00:58:22.1221564Z A path returned 202. Retrying...
2023-10-19T00:58:22.1222107Z A path returned 202. Retrying...
2023-10-19T00:58:22.1222644Z A path returned 202. Retrying...
2023-10-19T00:58:22.1223187Z A path returned 202. Retrying...
2023-10-19T00:58:22.1223727Z A path returned 202. Retrying...
2023-10-19T00:58:22.1224261Z A path returned 202. Retrying...
2023-10-19T00:58:22.1224800Z A path returned 202. Retrying...
2023-10-19T00:58:22.1225324Z A path returned 202. Retrying...
2023-10-19T00:58:22.1225874Z A path returned 202. Retrying...
2023-10-19T00:58:22.1226569Z A path returned 202. Retrying...
2023-10-19T00:58:22.1227124Z A path returned 202. Retrying...
2023-10-19T00:58:22.1227668Z A path returned 202. Retrying...
2023-10-19T00:58:22.1228214Z A path returned 202. Retrying...
2023-10-19T00:58:22.1228760Z A path returned 202. Retrying...
2023-10-19T00:58:22.1229290Z A path returned 202. Retrying...
2023-10-19T00:58:22.1229832Z A path returned 202. Retrying...
2023-10-19T00:58:22.1230376Z A path returned 202. Retrying...
2023-10-19T00:58:22.1230918Z A path returned 202. Retrying...
2023-10-19T00:58:22.1231463Z A path returned 202. Retrying...
2023-10-19T00:58:22.1232004Z A path returned 202. Retrying...
2023-10-19T00:58:22.1232544Z A path returned 202. Retrying...
2023-10-19T00:58:22.1233071Z A path returned 202. Retrying...
2023-10-19T00:58:22.1233614Z A path returned 202. Retrying...
2023-10-19T00:58:22.1234161Z A path returned 202. Retrying...
2023-10-19T00:58:22.1234702Z A path returned 202. Retrying...
2023-10-19T00:58:22.1235251Z A path returned 202. Retrying...
2023-10-19T00:58:22.1235914Z A path returned 202. Retrying...
2023-10-19T00:58:22.1236457Z A path returned 202. Retrying...
2023-10-19T00:58:22.1236987Z A path returned 202. Retrying...
2023-10-19T00:58:22.1237533Z A path returned 202. Retrying...
2023-10-19T00:58:22.1238251Z A path returned 202. Retrying...
2023-10-19T00:58:22.1239055Z A path returned 202. Retrying...
2023-10-19T00:58:22.1239761Z A path returned 202. Retrying...
2023-10-19T00:58:22.1240299Z A path returned 202. Retrying...
2023-10-19T00:58:22.1240837Z A path returned 202. Retrying...
2023-10-19T00:58:22.1241362Z A path returned 202. Retrying...
2023-10-19T00:58:22.1242013Z A path returned 202. Retrying...
2023-10-19T00:58:22.1242519Z A path returned 202. Retrying...
2023-10-19T00:58:22.1243026Z A path returned 202. Retrying...
2023-10-19T00:58:22.1243530Z A path returned 202. Retrying...
2023-10-19T00:58:22.1244035Z A path returned 202. Retrying...
2023-10-19T00:58:22.1244539Z A path returned 202. Retrying...
2023-10-19T00:58:22.1245036Z A path returned 202. Retrying...
2023-10-19T00:58:22.1245541Z A path returned 202. Retrying...
2023-10-19T00:58:22.1246048Z A path returned 202. Retrying...
2023-10-19T00:58:22.1246548Z A path returned 202. Retrying...
2023-10-19T00:58:22.1247203Z A path returned 202. Retrying...
2023-10-19T00:58:22.1247703Z A path returned 202. Retrying...
2023-10-19T00:58:22.1248213Z A path returned 202. Retrying...
2023-10-19T00:58:22.1248699Z A path returned 202. Retrying...
2023-10-19T00:58:22.1249205Z A path returned 202. Retrying...
2023-10-19T00:58:22.1249713Z A path returned 202. Retrying...
2023-10-19T00:58:22.1250217Z A path returned 202. Retrying...
2023-10-19T00:58:22.1250720Z A path returned 202. Retrying...
2023-10-19T00:58:22.1251221Z A path returned 202. Retrying...
2023-10-19T00:58:22.1251722Z A path returned 202. Retrying...
2023-10-19T00:58:22.1252237Z A path returned 202. Retrying...
2023-10-19T00:58:22.1252720Z A path returned 202. Retrying...
2023-10-19T00:58:22.1253229Z A path returned 202. Retrying...
2023-10-19T00:58:22.1253730Z A path returned 202. Retrying...
2023-10-19T00:58:22.1254239Z A path returned 202. Retrying...
2023-10-19T00:58:22.1254739Z A path returned 202. Retrying...
2023-10-19T00:58:22.1255239Z A path returned 202. Retrying...
2023-10-19T00:58:22.1255751Z A path returned 202. Retrying...
2023-10-19T00:58:22.1256244Z A path returned 202. Retrying...
2023-10-19T00:58:22.1256744Z A path returned 202. Retrying...
2023-10-19T00:58:22.1257246Z A path returned 202. Retrying...
2023-10-19T00:58:22.1257750Z A path returned 202. Retrying...
2023-10-19T00:58:22.1258251Z A path returned 202. Retrying...
2023-10-19T00:58:22.1258751Z A path returned 202. Retrying...
2023-10-19T00:58:22.1259249Z A path returned 202. Retrying...
2023-10-19T00:58:22.1259731Z A path returned 202. Retrying...
2023-10-19T00:58:22.1260230Z A path returned 202. Retrying...
2023-10-19T00:58:22.1260731Z A path returned 202. Retrying...
2023-10-19T00:58:22.1261232Z A path returned 202. Retrying...
2023-10-19T00:58:22.1261850Z A path returned 202. Retrying...
2023-10-19T00:58:22.1262362Z A path returned 202. Retrying...
2023-10-19T00:58:22.1262862Z A path returned 202. Retrying...
2023-10-19T00:58:22.1263346Z A path returned 202. Retrying...
2023-10-19T00:58:22.1263852Z A path returned 202. Retrying...
2023-10-19T00:58:22.1264355Z A path returned 202. Retrying...
2023-10-19T00:58:22.1264861Z A path returned 202. Retrying...
2023-10-19T00:58:22.1265360Z A path returned 202. Retrying...
2023-10-19T00:58:22.1265859Z A path returned 202. Retrying...
2023-10-19T00:58:22.1266365Z A path returned 202. Retrying...
2023-10-19T00:58:22.1266849Z A path returned 202. Retrying...
2023-10-19T00:58:22.1267350Z A path returned 202. Retrying...
2023-10-19T00:58:22.1267932Z A path returned 202. Retrying...
2023-10-19T00:58:22.1268374Z A path returned 202. Retrying...
2023-10-19T00:58:22.1269022Z A path returned 202. Retrying...
2023-10-19T00:58:22.1269784Z A path returned 202. Retrying...
2023-10-19T00:58:22.1270291Z A path returned 202. Retrying...
2023-10-19T00:58:22.1270774Z A path returned 202. Retrying...
2023-10-19T00:58:22.1271274Z A path returned 202. Retrying...
2023-10-19T00:58:22.1271778Z A path returned 202. Retrying...
2023-10-19T00:58:22.1272281Z A path returned 202. Retrying...
2023-10-19T00:58:22.1272786Z A path returned 202. Retrying...
2023-10-19T00:58:22.1273289Z A path returned 202. Retrying...
2023-10-19T00:58:22.1273790Z A path returned 202. Retrying...
2023-10-19T00:58:22.1274272Z A path returned 202. Retrying...
2023-10-19T00:58:22.1274768Z A path returned 202. Retrying...
2023-10-19T00:58:22.1275267Z A path returned 202. Retrying...
2023-10-19T00:58:22.1275854Z A path returned 202. Retrying...
2023-10-19T00:58:22.1276352Z A path returned 202. Retrying...
2023-10-19T00:58:22.1276854Z A path returned 202. Retrying...
2023-10-19T00:58:22.1277352Z A path returned 202. Retrying...
2023-10-19T00:58:22.1277833Z A path returned 202. Retrying...
2023-10-19T00:58:22.1278330Z A path returned 202. Retrying...
2023-10-19T00:58:22.1278837Z A path returned 202. Retrying...
2023-10-19T00:58:22.1279339Z A path returned 202. Retrying...
2023-10-19T00:58:22.1279841Z A path returned 202. Retrying...
2023-10-19T00:58:22.1280346Z A path returned 202. Retrying...
2023-10-19T00:58:22.1281199Z A path returned 202. Retrying...
2023-10-19T00:58:22.1281726Z A path returned 202. Retrying...
2023-10-19T00:58:22.1282267Z A path returned 202. Retrying...
2023-10-19T00:58:22.1282809Z A path returned 202. Retrying...
2023-10-19T00:58:22.1283348Z A path returned 202. Retrying...
2023-10-19T00:58:22.1283888Z A path returned 202. Retrying...
2023-10-19T00:58:22.1284427Z A path returned 202. Retrying...
2023-10-19T00:58:22.1284969Z A path returned 202. Retrying...
2023-10-19T00:58:22.1285497Z A path returned 202. Retrying...
2023-10-19T00:58:22.1286036Z A path returned 202. Retrying...
2023-10-19T00:58:22.1286578Z A path returned 202. Retrying...
2023-10-19T00:58:22.1287117Z A path returned 202. Retrying...
2023-10-19T00:58:22.1287661Z A path returned 202. Retrying...
2023-10-19T00:58:22.1288199Z A path returned 202. Retrying...
2023-10-19T00:58:22.1288734Z A path returned 202. Retrying...
2023-10-19T00:58:22.1289259Z A path returned 202. Retrying...
2023-10-19T00:58:22.1289796Z A path returned 202. Retrying...
2023-10-19T00:58:22.1290341Z A path returned 202. Retrying...
2023-10-19T00:58:22.1290881Z A path returned 202. Retrying...
2023-10-19T00:58:22.1291415Z A path returned 202. Retrying...
2023-10-19T00:58:22.1291953Z A path returned 202. Retrying...
2023-10-19T00:58:22.1292493Z A path returned 202. Retrying...
2023-10-19T00:58:22.1293010Z A path returned 202. Retrying...
2023-10-19T00:58:22.1293544Z A path returned 202. Retrying...
2023-10-19T00:58:22.1294084Z A path returned 202. Retrying...
2023-10-19T00:58:22.1294667Z A path returned 202. Retrying...
2023-10-19T00:58:22.1295200Z A path returned 202. Retrying...
2023-10-19T00:58:22.1295746Z A path returned 202. Retrying...
2023-10-19T00:58:22.1296284Z A path returned 202. Retrying...
2023-10-19T00:58:22.1296967Z A path returned 202. Retrying...
2023-10-19T00:58:22.1297517Z A path returned 202. Retrying...
2023-10-19T00:58:22.1298056Z A path returned 202. Retrying...
2023-10-19T00:58:22.1298606Z A path returned 202. Retrying...
2023-10-19T00:58:22.1299155Z A path returned 202. Retrying...
2023-10-19T00:58:22.1299694Z A path returned 202. Retrying...
2023-10-19T00:58:22.1300234Z A path returned 202. Retrying...
2023-10-19T00:58:22.1300770Z A path returned 202. Retrying...
2023-10-19T00:58:22.1301321Z A path returned 202. Retrying...
2023-10-19T00:58:22.1301866Z A path returned 202. Retrying...
2023-10-19T00:58:22.1302415Z A path returned 202. Retrying...
2023-10-19T00:58:22.1302956Z A path returned 202. Retrying...
2023-10-19T00:58:22.1303500Z A path returned 202. Retrying...
2023-10-19T00:58:22.1304040Z A path returned 202. Retrying...
2023-10-19T00:58:22.1304561Z A path returned 202. Retrying...
2023-10-19T00:58:22.1305096Z A path returned 202. Retrying...
2023-10-19T00:58:22.1305641Z A path returned 202. Retrying...
2023-10-19T00:58:22.1306182Z A path returned 202. Retrying...
2023-10-19T00:58:22.1306725Z A path returned 202. Retrying...
2023-10-19T00:58:22.1307522Z A path returned 202. Retrying...
2023-10-19T01:06:58.5516373Z A path returned 202. Retrying...
2023-10-19T01:06:58.5517320Z A path returned 202. Retrying...
2023-10-19T01:06:58.5517988Z A path returned 202. Retrying...
2023-10-19T01:06:58.5518625Z A path returned 202. Retrying...
2023-10-19T01:06:58.5519255Z A path returned 202. Retrying...
2023-10-19T01:06:58.5519893Z A path returned 202. Retrying...
2023-10-19T01:06:58.5520528Z A path returned 202. Retrying...
2023-10-19T01:06:58.5521156Z A path returned 202. Retrying...
2023-10-19T01:06:58.5521787Z A path returned 202. Retrying...
2023-10-19T01:06:58.5522419Z A path returned 202. Retrying...
2023-10-19T01:06:58.5523052Z A path returned 202. Retrying...
2023-10-19T01:06:58.5523779Z A path returned 202. Retrying...
2023-10-19T01:06:58.5524418Z A path returned 202. Retrying...
2023-10-19T01:06:58.5525065Z A path returned 202. Retrying...
2023-10-19T01:06:58.5525694Z A path returned 202. Retrying...
2023-10-19T01:06:58.5526327Z A path returned 202. Retrying...
2023-10-19T01:06:58.5526953Z A path returned 202. Retrying...
2023-10-19T01:06:58.5528096Z A path returned 202. Retrying...
2023-10-19T01:06:58.5528714Z A path returned 202. Retrying...
2023-10-19T01:06:58.5529348Z A path returned 202. Retrying...
2023-10-19T01:06:58.5529980Z A path returned 202. Retrying...
2023-10-19T01:06:58.5530611Z A path returned 202. Retrying...
2023-10-19T01:06:58.5531244Z A path returned 202. Retrying...
2023-10-19T01:06:58.5531871Z A path returned 202. Retrying...
2023-10-19T01:06:58.5532500Z A path returned 202. Retrying...
2023-10-19T01:06:58.5533112Z A path returned 202. Retrying...
2023-10-19T01:06:58.5533743Z A path returned 202. Retrying...
2023-10-19T01:06:58.5534369Z A path returned 202. Retrying...
2023-10-19T01:06:58.5534995Z A path returned 202. Retrying...
2023-10-19T01:06:58.5535624Z A path returned 202. Retrying...
2023-10-19T01:06:58.5536256Z A path returned 202. Retrying...
2023-10-19T01:06:58.5536879Z A path returned 202. Retrying...
2023-10-19T01:06:58.5537490Z A path returned 202. Retrying...
2023-10-19T01:06:58.5538117Z A path returned 202. Retrying...
2023-10-19T01:06:58.5538752Z A path returned 202. Retrying...
2023-10-19T01:06:58.5539377Z A path returned 202. Retrying...
2023-10-19T01:06:58.5540003Z A path returned 202. Retrying...
2023-10-19T01:06:58.5540627Z A path returned 202. Retrying...
2023-10-19T01:06:58.5541255Z A path returned 202. Retrying...
2023-10-19T01:06:58.5541871Z A path returned 202. Retrying...
2023-10-19T01:06:58.5542496Z A path returned 202. Retrying...
2023-10-19T01:06:58.5543120Z A path returned 202. Retrying...
2023-10-19T01:06:58.5543746Z A path returned 202. Retrying...
2023-10-19T01:06:58.5544372Z A path returned 202. Retrying...
2023-10-19T01:06:58.5544999Z A path returned 202. Retrying...
2023-10-19T01:06:58.5545619Z A path returned 202. Retrying...
2023-10-19T01:06:58.5546454Z A path returned 202. Retrying...
2023-10-19T01:06:58.5547096Z A path returned 202. Retrying...
2023-10-19T01:06:58.5547730Z A path returned 202. Retrying...
2023-10-19T01:06:58.5548361Z A path returned 202. Retrying...
2023-10-19T01:06:58.5549004Z A path returned 202. Retrying...
2023-10-19T01:06:58.5549632Z A path returned 202. Retrying...
2023-10-19T01:06:58.5550257Z A path returned 202. Retrying...
2023-10-19T01:06:58.5550870Z A path returned 202. Retrying...
2023-10-19T01:06:58.5551504Z A path returned 202. Retrying...
2023-10-19T01:06:58.5552130Z A path returned 202. Retrying...
2023-10-19T01:06:58.5552756Z A path returned 202. Retrying...
2023-10-19T01:06:58.5553380Z A path returned 202. Retrying...
2023-10-19T01:06:58.5554004Z A path returned 202. Retrying...
2023-10-19T01:06:58.5554631Z A path returned 202. Retrying...
2023-10-19T01:06:58.5555242Z A path returned 202. Retrying...
2023-10-19T01:06:58.5556053Z A path returned 202. Retrying...
2023-10-19T01:06:58.5556688Z A path returned 202. Retrying...
2023-10-19T01:06:58.5557323Z A path returned 202. Retrying...
2023-10-19T01:06:58.5557955Z A path returned 202. Retrying...
2023-10-19T01:06:58.5558590Z A path returned 202. Retrying...
2023-10-19T01:06:58.5559222Z A path returned 202. Retrying...
2023-10-19T01:06:58.5559844Z A path returned 202. Retrying...
2023-10-19T01:06:58.5560470Z A path returned 202. Retrying...
2023-10-19T01:06:58.5561098Z A path returned 202. Retrying...
2023-10-19T01:06:58.5561724Z A path returned 202. Retrying...
2023-10-19T01:06:58.5562351Z A path returned 202. Retrying...
2023-10-19T01:06:58.5562981Z A path returned 202. Retrying...
2023-10-19T01:06:58.5563604Z A path returned 202. Retrying...
2023-10-19T01:06:58.5564217Z A path returned 202. Retrying...
2023-10-19T01:06:58.5564850Z A path returned 202. Retrying...
2023-10-19T01:06:58.5565476Z A path returned 202. Retrying...
2023-10-19T01:06:58.5566104Z A path returned 202. Retrying...
2023-10-19T01:06:58.5566733Z A path returned 202. Retrying...
2023-10-19T01:06:58.5567368Z A path returned 202. Retrying...
2023-10-19T01:06:58.5567997Z A path returned 202. Retrying...
2023-10-19T01:06:58.5568614Z A path returned 202. Retrying...
2023-10-19T01:06:58.5569246Z A path returned 202. Retrying...
2023-10-19T01:06:58.5570136Z A path returned 202. Retrying...
2023-10-19T01:06:58.5570770Z A path returned 202. Retrying...
2023-10-19T01:06:58.5571404Z A path returned 202. Retrying...
2023-10-19T01:06:58.5572028Z A path returned 202. Retrying...
2023-10-19T01:06:58.5572655Z A path returned 202. Retrying...
2023-10-19T01:06:58.5573268Z A path returned 202. Retrying...
2023-10-19T01:06:58.5573899Z A path returned 202. Retrying...
2023-10-19T01:06:58.5574528Z A path returned 202. Retrying...
2023-10-19T01:06:58.5575154Z A path returned 202. Retrying...
2023-10-19T01:06:58.5575782Z A path returned 202. Retrying...
2023-10-19T01:06:58.5576409Z A path returned 202. Retrying...
2023-10-19T01:06:58.5577036Z A path returned 202. Retrying...
2023-10-19T01:06:58.5577644Z A path returned 202. Retrying...
2023-10-19T01:06:58.5578284Z A path returned 202. Retrying...
2023-10-19T01:06:58.5578912Z A path returned 202. Retrying...
2023-10-19T01:06:58.5579535Z A path returned 202. Retrying...
2023-10-19T01:06:58.5580166Z A path returned 202. Retrying...
2023-10-19T01:06:58.5580840Z A path returned 202. Retrying...
2023-10-19T01:06:58.5581372Z A path returned 202. Retrying...
2023-10-19T01:06:58.5581888Z A path returned 202. Retrying...
2023-10-19T01:06:58.5582421Z A path returned 202. Retrying...
2023-10-19T01:06:58.5582955Z A path returned 202. Retrying...
2023-10-19T01:06:58.5583487Z A path returned 202. Retrying...
2023-10-19T01:06:58.5584026Z A path returned 202. Retrying...
2023-10-19T01:06:58.5584560Z A path returned 202. Retrying...
2023-10-19T01:06:58.5585095Z A path returned 202. Retrying...
2023-10-19T01:06:58.5585613Z A path returned 202. Retrying...
2023-10-19T01:06:58.5586143Z A path returned 202. Retrying...
2023-10-19T01:06:58.5586778Z A path returned 202. Retrying...
2023-10-19T01:06:58.5587406Z A path returned 202. Retrying...
2023-10-19T01:06:58.5587913Z A path returned 202. Retrying...
2023-10-19T01:06:58.5588411Z A path returned 202. Retrying...
2023-10-19T01:06:58.5588958Z A path returned 202. Retrying...
2023-10-19T01:06:58.5589450Z A path returned 202. Retrying...
2023-10-19T01:06:58.5589951Z A path returned 202. Retrying...
2023-10-19T01:06:58.5590451Z A path returned 202. Retrying...
2023-10-19T01:06:58.5590952Z A path returned 202. Retrying...
2023-10-19T01:06:58.5591450Z A path returned 202. Retrying...
2023-10-19T01:06:58.5591945Z A path returned 202. Retrying...
2023-10-19T01:06:58.5592444Z A path returned 202. Retrying...
2023-10-19T01:06:58.5592925Z A path returned 202. Retrying...
2023-10-19T01:06:58.5593422Z A path returned 202. Retrying...
2023-10-19T01:06:58.5593921Z A path returned 202. Retrying...
2023-10-19T01:06:58.5594419Z A path returned 202. Retrying...
2023-10-19T01:06:58.5594913Z A path returned 202. Retrying...
2023-10-19T01:06:58.5595503Z A path returned 202. Retrying...
2023-10-19T01:06:58.5596011Z A path returned 202. Retrying...
2023-10-19T01:06:58.5596493Z A path returned 202. Retrying...
2023-10-19T01:06:58.5596991Z A path returned 202. Retrying...
2023-10-19T01:06:58.5597494Z A path returned 202. Retrying...
2023-10-19T01:06:58.5597995Z A path returned 202. Retrying...
2023-10-19T01:06:58.5598492Z A path returned 202. Retrying...
2023-10-19T01:06:58.5598989Z A path returned 202. Retrying...
2023-10-19T01:06:58.5599485Z A path returned 202. Retrying...
2023-10-19T01:06:58.5599969Z A path returned 202. Retrying...
2023-10-19T01:06:58.5600463Z A path returned 202. Retrying...
2023-10-19T01:06:58.5600956Z A path returned 202. Retrying...
2023-10-19T01:06:58.5601450Z A path returned 202. Retrying...
2023-10-19T01:06:58.5601943Z A path returned 202. Retrying...
2023-10-19T01:06:58.5602434Z A path returned 202. Retrying...
2023-10-19T01:06:58.5602931Z A path returned 202. Retrying...
2023-10-19T01:06:58.5603412Z A path returned 202. Retrying...
2023-10-19T01:06:58.5603918Z A path returned 202. Retrying...
2023-10-19T01:06:58.5604418Z A path returned 202. Retrying...
2023-10-19T01:06:58.5604909Z A path returned 202. Retrying...
2023-10-19T01:06:58.5605413Z A path returned 202. Retrying...
2023-10-19T01:06:58.5606065Z A path returned 202. Retrying...
2023-10-19T01:06:58.5606565Z A path returned 202. Retrying...
2023-10-19T01:06:58.5607051Z A path returned 202. Retrying...
2023-10-19T01:06:58.5607548Z A path returned 202. Retrying...
2023-10-19T01:06:58.5608048Z A path returned 202. Retrying...
2023-10-19T01:06:58.5608544Z A path returned 202. Retrying...
2023-10-19T01:06:58.5609043Z A path returned 202. Retrying...
2023-10-19T01:06:58.5609540Z A path returned 202. Retrying...
2023-10-19T01:06:58.5610033Z A path returned 202. Retrying...
2023-10-19T01:06:58.5610515Z A path returned 202. Retrying...
2023-10-19T01:06:58.5611012Z A path returned 202. Retrying...
2023-10-19T01:06:58.5611505Z A path returned 202. Retrying...
2023-10-19T01:06:58.5612001Z A path returned 202. Retrying...
2023-10-19T01:06:58.5612502Z A path returned 202. Retrying...
2023-10-19T01:06:58.5613002Z A path returned 202. Retrying...
2023-10-19T01:06:58.5613495Z A path returned 202. Retrying...
2023-10-19T01:06:58.5613980Z A path returned 202. Retrying...
2023-10-19T01:06:58.5614482Z A path returned 202. Retrying...
2023-10-19T01:06:58.5614975Z A path returned 202. Retrying...
2023-10-19T01:06:58.5615469Z A path returned 202. Retrying...
2023-10-19T01:06:58.5615962Z A path returned 202. Retrying...
2023-10-19T01:06:58.5616456Z A path returned 202. Retrying...
2023-10-19T01:06:58.5616950Z A path returned 202. Retrying...
2023-10-19T01:06:58.5617433Z A path returned 202. Retrying...
2023-10-19T01:06:58.5617932Z A path returned 202. Retrying...
2023-10-19T01:06:58.5618430Z A path returned 202. Retrying...
2023-10-19T01:06:58.5618923Z A path returned 202. Retrying...
2023-10-19T01:06:58.5619419Z A path returned 202. Retrying...
2023-10-19T01:06:58.5619917Z A path returned 202. Retrying...
2023-10-19T01:06:58.5620547Z A path returned 202. Retrying...
2023-10-19T01:06:58.5621040Z A path returned 202. Retrying...
2023-10-19T01:06:58.5621779Z There were too many 202s. Data for this repository will be incomplete.
2023-10-19T01:06:58.5622565Z A path returned 202. Retrying...
2023-10-19T01:06:58.5623070Z A path returned 202. Retrying...
2023-10-19T01:06:58.5623563Z A path returned 202. Retrying...
2023-10-19T01:06:58.5624061Z A path returned 202. Retrying...
2023-10-19T01:06:58.5624558Z A path returned 202. Retrying...
2023-10-19T01:06:58.5625214Z A path returned 202. Retrying...
2023-10-19T01:06:58.5625747Z A path returned 202. Retrying...
2023-10-19T01:06:58.5626281Z A path returned 202. Retrying...
2023-10-19T01:06:58.5626815Z A path returned 202. Retrying...
2023-10-19T01:06:58.5627389Z A path returned 202. Retrying...
2023-10-19T01:06:58.5627921Z A path returned 202. Retrying...
2023-10-19T01:06:58.5628454Z A path returned 202. Retrying...
2023-10-19T01:06:58.5628985Z A path returned 202. Retrying...
2023-10-19T01:06:58.5629510Z A path returned 202. Retrying...
2023-10-19T01:06:58.5630049Z A path returned 202. Retrying...
2023-10-19T01:06:58.5630586Z A path returned 202. Retrying...
2023-10-19T01:06:58.5631116Z A path returned 202. Retrying...
2023-10-19T01:06:58.5631658Z A path returned 202. Retrying...
2023-10-19T01:06:58.5632192Z A path returned 202. Retrying...
2023-10-19T01:06:58.5632722Z A path returned 202. Retrying...
2023-10-19T01:06:58.5633242Z A path returned 202. Retrying...
2023-10-19T01:06:58.5633775Z A path returned 202. Retrying...
2023-10-19T01:06:58.5634310Z A path returned 202. Retrying...
2023-10-19T01:06:58.5634847Z A path returned 202. Retrying...
2023-10-19T01:06:58.5635479Z A path returned 202. Retrying...
2023-10-19T01:06:58.5636021Z A path returned 202. Retrying...
2023-10-19T01:06:58.5636559Z A path returned 202. Retrying...
2023-10-19T01:06:58.5637187Z A path returned 202. Retrying...
2023-10-19T01:06:58.5637688Z A path returned 202. Retrying...
2023-10-19T01:06:58.5638187Z A path returned 202. Retrying...
2023-10-19T01:06:58.5638696Z A path returned 202. Retrying...
2023-10-19T01:06:58.5639194Z A path returned 202. Retrying...
2023-10-19T01:06:58.5639689Z A path returned 202. Retrying...
2023-10-19T01:06:58.5640184Z A path returned 202. Retrying...
2023-10-19T01:06:58.5640822Z A path returned 202. Retrying...
2023-10-19T01:06:58.5641323Z A path returned 202. Retrying...
2023-10-19T01:06:58.5641826Z A path returned 202. Retrying...
2023-10-19T01:06:58.5642330Z A path returned 202. Retrying...
2023-10-19T01:06:58.5642827Z A path returned 202. Retrying...
2023-10-19T01:06:58.5643331Z A path returned 202. Retrying...
2023-10-19T01:06:58.5643825Z A path returned 202. Retrying...
2023-10-19T01:06:58.5644304Z A path returned 202. Retrying...
2023-10-19T01:06:58.5644804Z A path returned 202. Retrying...
2023-10-19T01:06:58.5645300Z A path returned 202. Retrying...
2023-10-19T01:06:58.5645798Z A path returned 202. Retrying...
2023-10-19T01:06:58.5646295Z A path returned 202. Retrying...
2023-10-19T01:06:58.5646792Z A path returned 202. Retrying...
2023-10-19T01:06:58.5647287Z A path returned 202. Retrying...
2023-10-19T01:06:58.5647766Z A path returned 202. Retrying...
2023-10-19T01:06:58.5648376Z A path returned 202. Retrying...
2023-10-19T01:06:58.5648819Z A path returned 202. Retrying...
2023-10-19T01:06:58.5649255Z A path returned 202. Retrying...
2023-10-19T01:06:58.5649691Z A path returned 202. Retrying...
2023-10-19T01:06:58.5650130Z A path returned 202. Retrying...
2023-10-19T01:06:58.5650562Z A path returned 202. Retrying...
2023-10-19T01:06:58.5650986Z A path returned 202. Retrying...
2023-10-19T01:06:58.5651419Z A path returned 202. Retrying...
2023-10-19T01:06:58.5651854Z A path returned 202. Retrying...
2023-10-19T01:06:58.5652293Z A path returned 202. Retrying...
2023-10-19T01:06:58.5652730Z A path returned 202. Retrying...
2023-10-19T01:06:58.5653164Z A path returned 202. Retrying...
2023-10-19T01:06:58.5653598Z A path returned 202. Retrying...
2023-10-19T01:06:58.5654019Z A path returned 202. Retrying...
2023-10-19T01:06:58.5654605Z A path returned 202. Retrying...
2023-10-19T01:06:58.5655054Z A path returned 202. Retrying...
2023-10-19T01:06:58.5655493Z A path returned 202. Retrying...
2023-10-19T01:15:44.8086713Z A path returned 202. Retrying...
2023-10-19T01:15:44.8087571Z A path returned 202. Retrying...
2023-10-19T01:15:44.8088239Z A path returned 202. Retrying...
2023-10-19T01:15:44.8088867Z A path returned 202. Retrying...
2023-10-19T01:15:44.8089509Z A path returned 202. Retrying...
2023-10-19T01:15:44.8090139Z A path returned 202. Retrying...
2023-10-19T01:15:44.8090760Z A path returned 202. Retrying...
2023-10-19T01:15:44.8091384Z A path returned 202. Retrying...
2023-10-19T01:15:44.8092006Z A path returned 202. Retrying...
2023-10-19T01:15:44.8092627Z A path returned 202. Retrying...
2023-10-19T01:15:44.8093227Z A path returned 202. Retrying...
2023-10-19T01:15:44.8093843Z A path returned 202. Retrying...
2023-10-19T01:15:44.8094456Z A path returned 202. Retrying...
2023-10-19T01:15:44.8095087Z A path returned 202. Retrying...
2023-10-19T01:15:44.8095703Z A path returned 202. Retrying...
2023-10-19T01:15:44.8096316Z A path returned 202. Retrying...
2023-10-19T01:15:44.8096932Z A path returned 202. Retrying...
2023-10-19T01:15:44.8097557Z A path returned 202. Retrying...
2023-10-19T01:15:44.8098171Z A path returned 202. Retrying...
2023-10-19T01:15:44.8098787Z A path returned 202. Retrying...
2023-10-19T01:15:44.8099403Z A path returned 202. Retrying...
2023-10-19T01:15:44.8100002Z A path returned 202. Retrying...
2023-10-19T01:15:44.8100641Z A path returned 202. Retrying...
2023-10-19T01:15:44.8101258Z A path returned 202. Retrying...
2023-10-19T01:15:44.8101876Z A path returned 202. Retrying...
2023-10-19T01:15:44.8102494Z A path returned 202. Retrying...
2023-10-19T01:15:44.8103113Z A path returned 202. Retrying...
2023-10-19T01:15:44.8103711Z A path returned 202. Retrying...
2023-10-19T01:15:44.8104322Z A path returned 202. Retrying...
2023-10-19T01:15:44.8104935Z A path returned 202. Retrying...
2023-10-19T01:15:44.8105559Z A path returned 202. Retrying...
2023-10-19T01:15:44.8106170Z A path returned 202. Retrying...
2023-10-19T01:15:44.8106780Z A path returned 202. Retrying...
2023-10-19T01:15:44.8107392Z A path returned 202. Retrying...
2023-10-19T01:15:44.8108557Z A path returned 202. Retrying...
2023-10-19T01:15:44.8109177Z A path returned 202. Retrying...
2023-10-19T01:15:44.8109794Z A path returned 202. Retrying...
2023-10-19T01:15:44.8110404Z A path returned 202. Retrying...
2023-10-19T01:15:44.8111001Z A path returned 202. Retrying...
2023-10-19T01:15:44.8111617Z A path returned 202. Retrying...
2023-10-19T01:15:44.8112241Z A path returned 202. Retrying...
2023-10-19T01:15:44.8112874Z A path returned 202. Retrying...
2023-10-19T01:15:44.8113484Z A path returned 202. Retrying...
2023-10-19T01:15:44.8114095Z A path returned 202. Retrying...
2023-10-19T01:15:44.8114710Z A path returned 202. Retrying...
2023-10-19T01:15:44.8115534Z A path returned 202. Retrying...
2023-10-19T01:15:44.8116176Z A path returned 202. Retrying...
2023-10-19T01:15:44.8116797Z A path returned 202. Retrying...
2023-10-19T01:15:44.8117391Z A path returned 202. Retrying...
2023-10-19T01:15:44.8118008Z A path returned 202. Retrying...
2023-10-19T01:15:44.8118629Z A path returned 202. Retrying...
2023-10-19T01:15:44.8119241Z A path returned 202. Retrying...
2023-10-19T01:15:44.8119869Z A path returned 202. Retrying...
2023-10-19T01:15:44.8120480Z A path returned 202. Retrying...
2023-10-19T01:15:44.8121120Z A path returned 202. Retrying...
2023-10-19T01:15:44.8121731Z A path returned 202. Retrying...
2023-10-19T01:15:44.8122345Z A path returned 202. Retrying...
2023-10-19T01:15:44.8122970Z A path returned 202. Retrying...
2023-10-19T01:15:44.8123585Z A path returned 202. Retrying...
2023-10-19T01:15:44.8124184Z A path returned 202. Retrying...
2023-10-19T01:15:44.8124796Z A path returned 202. Retrying...
2023-10-19T01:15:44.8125411Z A path returned 202. Retrying...
2023-10-19T01:15:44.8126028Z A path returned 202. Retrying...
2023-10-19T01:15:44.8126872Z A path returned 202. Retrying...
2023-10-19T01:15:44.8127510Z A path returned 202. Retrying...
2023-10-19T01:15:44.8128124Z A path returned 202. Retrying...
2023-10-19T01:15:44.8128738Z A path returned 202. Retrying...
2023-10-19T01:15:44.8129415Z A path returned 202. Retrying...
2023-10-19T01:15:44.8130032Z A path returned 202. Retrying...
2023-10-19T01:15:44.8130630Z A path returned 202. Retrying...
2023-10-19T01:15:44.8131243Z A path returned 202. Retrying...
2023-10-19T01:15:44.8131864Z A path returned 202. Retrying...
2023-10-19T01:15:44.8132484Z A path returned 202. Retrying...
2023-10-19T01:15:44.8133103Z A path returned 202. Retrying...
2023-10-19T01:15:44.8133722Z A path returned 202. Retrying...
2023-10-19T01:15:44.8134341Z A path returned 202. Retrying...
2023-10-19T01:15:44.8134956Z A path returned 202. Retrying...
2023-10-19T01:15:44.8135577Z A path returned 202. Retrying...
2023-10-19T01:15:44.8136193Z A path returned 202. Retrying...
2023-10-19T01:15:44.8136822Z A path returned 202. Retrying...
2023-10-19T01:15:44.8137426Z A path returned 202. Retrying...
2023-10-19T01:15:44.8138052Z A path returned 202. Retrying...
2023-10-19T01:15:44.8138689Z A path returned 202. Retrying...
2023-10-19T01:15:44.8139319Z A path returned 202. Retrying...
2023-10-19T01:15:44.8139935Z A path returned 202. Retrying...
2023-10-19T01:15:44.8140556Z A path returned 202. Retrying...
2023-10-19T01:15:44.8141172Z A path returned 202. Retrying...
2023-10-19T01:15:44.8141793Z A path returned 202. Retrying...
2023-10-19T01:15:44.8142415Z A path returned 202. Retrying...
2023-10-19T01:15:44.8143029Z A path returned 202. Retrying...
2023-10-19T01:15:44.8143651Z A path returned 202. Retrying...
2023-10-19T01:15:44.8144251Z A path returned 202. Retrying...
2023-10-19T01:15:44.8144864Z A path returned 202. Retrying...
2023-10-19T01:15:44.8145490Z A path returned 202. Retrying...
2023-10-19T01:15:44.8146113Z A path returned 202. Retrying...
2023-10-19T01:15:44.8146738Z A path returned 202. Retrying...
2023-10-19T01:15:44.8147387Z A path returned 202. Retrying...
2023-10-19T01:15:44.8148014Z A path returned 202. Retrying...
2023-10-19T01:15:44.8148635Z A path returned 202. Retrying...
2023-10-19T01:15:44.8149260Z A path returned 202. Retrying...
2023-10-19T01:15:44.8150075Z A path returned 202. Retrying...
2023-10-19T01:15:44.8150676Z A path returned 202. Retrying...
2023-10-19T01:15:44.8151291Z A path returned 202. Retrying...
2023-10-19T01:15:44.8151907Z A path returned 202. Retrying...
2023-10-19T01:15:44.8152522Z A path returned 202. Retrying...
2023-10-19T01:15:44.8153134Z A path returned 202. Retrying...
2023-10-19T01:15:44.8153746Z A path returned 202. Retrying...
2023-10-19T01:15:44.8154359Z A path returned 202. Retrying...
2023-10-19T01:15:44.8154970Z A path returned 202. Retrying...
2023-10-19T01:15:44.8155748Z A path returned 202. Retrying...
2023-10-19T01:15:44.8156401Z A path returned 202. Retrying...
2023-10-19T01:15:44.8157015Z A path returned 202. Retrying...
2023-10-19T01:15:44.8157624Z A path returned 202. Retrying...
2023-10-19T01:15:44.8158237Z A path returned 202. Retrying...
2023-10-19T01:15:44.8158856Z A path returned 202. Retrying...
2023-10-19T01:15:44.8159470Z A path returned 202. Retrying...
2023-10-19T01:15:44.8160093Z A path returned 202. Retrying...
2023-10-19T01:15:44.8160728Z A path returned 202. Retrying...
2023-10-19T01:15:44.8161387Z A path returned 202. Retrying...
2023-10-19T01:15:44.8162007Z A path returned 202. Retrying...
2023-10-19T01:15:44.8162612Z A path returned 202. Retrying...
2023-10-19T01:15:44.8163225Z A path returned 202. Retrying...
2023-10-19T01:15:44.8163821Z A path returned 202. Retrying...
2023-10-19T01:15:44.8164436Z A path returned 202. Retrying...
2023-10-19T01:15:44.8165053Z A path returned 202. Retrying...
2023-10-19T01:15:44.8165670Z A path returned 202. Retrying...
2023-10-19T01:15:44.8166289Z A path returned 202. Retrying...
2023-10-19T01:15:44.8166912Z A path returned 202. Retrying...
2023-10-19T01:15:44.8167524Z A path returned 202. Retrying...
2023-10-19T01:15:44.8168313Z A path returned 202. Retrying...
2023-10-19T01:15:44.8168940Z A path returned 202. Retrying...
2023-10-19T01:15:44.8169554Z A path returned 202. Retrying...
2023-10-19T01:15:44.8170172Z A path returned 202. Retrying...
2023-10-19T01:15:44.8170776Z A path returned 202. Retrying...
2023-10-19T01:15:44.8171393Z A path returned 202. Retrying...
2023-10-19T01:15:44.8172015Z A path returned 202. Retrying...
2023-10-19T01:15:44.8172629Z A path returned 202. Retrying...
2023-10-19T01:15:44.8173242Z A path returned 202. Retrying...
2023-10-19T01:15:44.8173858Z A path returned 202. Retrying...
2023-10-19T01:15:44.8174568Z A path returned 202. Retrying...
2023-10-19T01:15:44.8175185Z A path returned 202. Retrying...
2023-10-19T01:15:44.8175797Z A path returned 202. Retrying...
2023-10-19T01:15:44.8176405Z A path returned 202. Retrying...
2023-10-19T01:15:44.8176998Z A path returned 202. Retrying...
2023-10-19T01:15:44.8177605Z A path returned 202. Retrying...
2023-10-19T01:15:44.8178234Z A path returned 202. Retrying...
2023-10-19T01:15:44.8178855Z A path returned 202. Retrying...
2023-10-19T01:15:44.8179470Z A path returned 202. Retrying...
2023-10-19T01:15:44.8180109Z A path returned 202. Retrying...
2023-10-19T01:15:44.8180730Z A path returned 202. Retrying...
2023-10-19T01:15:44.8181346Z A path returned 202. Retrying...
2023-10-19T01:15:44.8181955Z A path returned 202. Retrying...
2023-10-19T01:15:44.8182570Z A path returned 202. Retrying...
2023-10-19T01:15:44.8183188Z A path returned 202. Retrying...
2023-10-19T01:15:44.8183783Z A path returned 202. Retrying...
2023-10-19T01:15:44.8184407Z A path returned 202. Retrying...
2023-10-19T01:15:44.8185018Z A path returned 202. Retrying...
2023-10-19T01:15:44.8185631Z A path returned 202. Retrying...
2023-10-19T01:15:44.8186247Z A path returned 202. Retrying...
2023-10-19T01:15:44.8186861Z A path returned 202. Retrying...
2023-10-19T01:15:44.8187473Z A path returned 202. Retrying...
2023-10-19T01:15:44.8188148Z A path returned 202. Retrying...
2023-10-19T01:15:44.8188772Z A path returned 202. Retrying...
2023-10-19T01:15:44.8189383Z A path returned 202. Retrying...
2023-10-19T01:15:44.8189984Z A path returned 202. Retrying...
2023-10-19T01:15:44.8190600Z A path returned 202. Retrying...
2023-10-19T01:15:44.8191406Z A path returned 202. Retrying...
2023-10-19T01:15:44.8192026Z A path returned 202. Retrying...
2023-10-19T01:15:44.8192640Z A path returned 202. Retrying...
2023-10-19T01:15:44.8193254Z A path returned 202. Retrying...
2023-10-19T01:15:44.8193865Z A path returned 202. Retrying...
2023-10-19T01:15:44.8194478Z A path returned 202. Retrying...
2023-10-19T01:15:44.8195095Z A path returned 202. Retrying...
2023-10-19T01:15:44.8213140Z A path returned 202. Retrying...
2023-10-19T01:15:44.8213766Z A path returned 202. Retrying...
2023-10-19T01:15:44.8214573Z A path returned 202. Retrying...
2023-10-19T01:15:44.8215126Z A path returned 202. Retrying...
2023-10-19T01:15:44.8216675Z A path returned 202. Retrying...
2023-10-19T01:15:44.8217587Z A path returned 202. Retrying...
2023-10-19T01:15:44.8218273Z A path returned 202. Retrying...
2023-10-19T01:15:44.8218828Z A path returned 202. Retrying...
2023-10-19T01:15:44.8220062Z A path returned 202. Retrying...
2023-10-19T01:15:44.8220820Z A path returned 202. Retrying...
2023-10-19T01:15:44.8221485Z A path returned 202. Retrying...
2023-10-19T01:15:44.8222039Z A path returned 202. Retrying...
2023-10-19T01:15:44.8223219Z A path returned 202. Retrying...
2023-10-19T01:15:44.8223920Z A path returned 202. Retrying...
2023-10-19T01:15:44.8224616Z A path returned 202. Retrying...
2023-10-19T01:15:44.8225172Z A path returned 202. Retrying...
2023-10-19T01:15:44.8226321Z A path returned 202. Retrying...
2023-10-19T01:15:44.8227042Z A path returned 202. Retrying...
2023-10-19T01:15:44.8227717Z A path returned 202. Retrying...
2023-10-19T01:15:44.8228273Z A path returned 202. Retrying...
2023-10-19T01:15:44.8229493Z A path returned 202. Retrying...
2023-10-19T01:15:44.8230210Z A path returned 202. Retrying...
2023-10-19T01:15:44.8231225Z A path returned 202. Retrying...
2023-10-19T01:15:44.8231796Z A path returned 202. Retrying...
2023-10-19T01:15:44.8232622Z A path returned 202. Retrying...
2023-10-19T01:15:44.8233341Z A path returned 202. Retrying...
2023-10-19T01:15:44.8234019Z A path returned 202. Retrying...
2023-10-19T01:15:44.8234572Z A path returned 202. Retrying...
2023-10-19T01:15:44.8236079Z A path returned 202. Retrying...
2023-10-19T01:15:44.8236895Z A path returned 202. Retrying...
2023-10-19T01:15:44.8237578Z A path returned 202. Retrying...
2023-10-19T01:15:44.8238129Z A path returned 202. Retrying...
2023-10-19T01:15:44.8239285Z A path returned 202. Retrying...
2023-10-19T01:15:44.8239998Z A path returned 202. Retrying...
2023-10-19T01:15:44.8240691Z A path returned 202. Retrying...
2023-10-19T01:15:44.8241227Z A path returned 202. Retrying...
2023-10-19T01:15:44.8242398Z A path returned 202. Retrying...
2023-10-19T01:15:44.8243111Z A path returned 202. Retrying...
2023-10-19T01:15:44.8243802Z A path returned 202. Retrying...
2023-10-19T01:15:44.8244355Z A path returned 202. Retrying...
2023-10-19T01:15:44.8245503Z A path returned 202. Retrying...
2023-10-19T01:15:44.8246218Z A path returned 202. Retrying...
2023-10-19T01:15:44.8246894Z A path returned 202. Retrying...
2023-10-19T01:15:44.8247471Z A path returned 202. Retrying...
2023-10-19T01:15:44.8248627Z A path returned 202. Retrying...
2023-10-19T01:15:44.8249436Z A path returned 202. Retrying...
2023-10-19T01:15:44.8250071Z A path returned 202. Retrying...
2023-10-19T01:15:44.8250584Z A path returned 202. Retrying...
2023-10-19T01:15:44.8251676Z A path returned 202. Retrying...
2023-10-19T01:15:44.8252348Z A path returned 202. Retrying...
2023-10-19T01:15:44.8252990Z A path returned 202. Retrying...
2023-10-19T01:15:44.8253488Z A path returned 202. Retrying...
2023-10-19T01:15:44.8254577Z A path returned 202. Retrying...
2023-10-19T01:15:44.8255242Z A path returned 202. Retrying...
2023-10-19T01:15:44.8255881Z A path returned 202. Retrying...
2023-10-19T01:15:44.8256406Z A path returned 202. Retrying...
2023-10-19T01:15:44.8257484Z A path returned 202. Retrying...
2023-10-19T01:15:44.8258144Z A path returned 202. Retrying...
2023-10-19T01:15:44.8258772Z A path returned 202. Retrying...
2023-10-19T01:15:44.8259487Z A path returned 202. Retrying...
2023-10-19T01:15:44.8260370Z A path returned 202. Retrying...
2023-10-19T01:15:44.8261037Z A path returned 202. Retrying...
2023-10-19T01:15:44.8261672Z A path returned 202. Retrying...
2023-10-19T01:15:44.8262188Z A path returned 202. Retrying...
2023-10-19T01:15:44.8263755Z A path returned 202. Retrying...
2023-10-19T01:15:44.8264468Z A path returned 202. Retrying...
2023-10-19T01:15:44.8265147Z A path returned 202. Retrying...
2023-10-19T01:15:44.8265720Z A path returned 202. Retrying...
2023-10-19T01:15:44.8266858Z A path returned 202. Retrying...
2023-10-19T01:15:44.8267551Z A path returned 202. Retrying...
2023-10-19T01:15:44.8268231Z A path returned 202. Retrying...
2023-10-19T01:15:44.8268791Z A path returned 202. Retrying...
2023-10-19T01:15:44.8269949Z A path returned 202. Retrying...
2023-10-19T01:15:44.8270659Z A path returned 202. Retrying...
2023-10-19T01:15:44.8271339Z A path returned 202. Retrying...
2023-10-19T01:24:21.6036902Z A path returned 202. Retrying...
2023-10-19T01:24:21.6037926Z A path returned 202. Retrying...
2023-10-19T01:24:21.6038689Z A path returned 202. Retrying...
2023-10-19T01:24:21.6039441Z A path returned 202. Retrying...
2023-10-19T01:24:21.6040174Z A path returned 202. Retrying...
2023-10-19T01:24:21.6040887Z A path returned 202. Retrying...
2023-10-19T01:24:21.6041627Z A path returned 202. Retrying...
2023-10-19T01:24:21.6042359Z A path returned 202. Retrying...
2023-10-19T01:24:21.6043082Z A path returned 202. Retrying...
2023-10-19T01:24:21.6043802Z A path returned 202. Retrying...
2023-10-19T01:24:21.6044523Z A path returned 202. Retrying...
2023-10-19T01:24:21.6045249Z A path returned 202. Retrying...
2023-10-19T01:24:21.6045969Z A path returned 202. Retrying...
2023-10-19T01:24:21.6047291Z A path returned 202. Retrying...
2023-10-19T01:24:21.6048068Z A path returned 202. Retrying...
2023-10-19T01:24:21.6048808Z A path returned 202. Retrying...
2023-10-19T01:24:21.6049549Z A path returned 202. Retrying...
2023-10-19T01:24:21.6050290Z A path returned 202. Retrying...
2023-10-19T01:24:21.6051011Z A path returned 202. Retrying...
2023-10-19T01:24:21.6051731Z A path returned 202. Retrying...
2023-10-19T01:24:21.6052453Z A path returned 202. Retrying...
2023-10-19T01:24:21.6053172Z A path returned 202. Retrying...
2023-10-19T01:24:21.6053955Z A path returned 202. Retrying...
2023-10-19T01:24:21.6054939Z A path returned 202. Retrying...
2023-10-19T01:24:21.6055671Z A path returned 202. Retrying...
2023-10-19T01:24:21.6056403Z A path returned 202. Retrying...
2023-10-19T01:24:21.6057247Z A path returned 202. Retrying...
2023-10-19T01:24:21.6057989Z A path returned 202. Retrying...
2023-10-19T01:24:21.6058869Z A path returned 202. Retrying...
2023-10-19T01:24:21.6059621Z A path returned 202. Retrying...
2023-10-19T01:24:21.6060350Z A path returned 202. Retrying...
2023-10-19T01:24:21.6061551Z A path returned 202. Retrying...
2023-10-19T01:24:21.6062206Z A path returned 202. Retrying...
2023-10-19T01:24:21.6062916Z A path returned 202. Retrying...
2023-10-19T01:24:21.6063650Z A path returned 202. Retrying...
2023-10-19T01:24:21.6064375Z A path returned 202. Retrying...
2023-10-19T01:24:21.6065097Z A path returned 202. Retrying...
2023-10-19T01:24:21.6065830Z A path returned 202. Retrying...
2023-10-19T01:24:21.6066401Z A path returned 202. Retrying...
2023-10-19T01:24:21.6066977Z A path returned 202. Retrying...
2023-10-19T01:24:21.6067551Z A path returned 202. Retrying...
2023-10-19T01:24:21.6068122Z A path returned 202. Retrying...
2023-10-19T01:24:21.6068693Z A path returned 202. Retrying...
2023-10-19T01:24:21.6069246Z A path returned 202. Retrying...
2023-10-19T01:24:21.6069816Z A path returned 202. Retrying...
2023-10-19T01:24:21.6070382Z A path returned 202. Retrying...
2023-10-19T01:24:21.6070958Z A path returned 202. Retrying...
2023-10-19T01:24:21.6071559Z A path returned 202. Retrying...
2023-10-19T01:24:21.6072321Z A path returned 202. Retrying...
2023-10-19T01:24:21.6073484Z A path returned 202. Retrying...
2023-10-19T01:24:21.6074304Z A path returned 202. Retrying...
2023-10-19T01:24:21.6074842Z A path returned 202. Retrying...
2023-10-19T01:24:21.6075525Z A path returned 202. Retrying...
2023-10-19T01:24:21.6076643Z A path returned 202. Retrying...
2023-10-19T01:24:21.6077373Z A path returned 202. Retrying...
2023-10-19T01:24:21.6078033Z A path returned 202. Retrying...
2023-10-19T01:24:21.6078672Z A path returned 202. Retrying...
2023-10-19T01:24:21.6079306Z A path returned 202. Retrying...
2023-10-19T01:24:21.6079941Z A path returned 202. Retrying...
2023-10-19T01:24:21.6080571Z A path returned 202. Retrying...
2023-10-19T01:24:21.6081190Z A path returned 202. Retrying...
2023-10-19T01:24:21.6081827Z A path returned 202. Retrying...
2023-10-19T01:24:21.6082481Z A path returned 202. Retrying...
2023-10-19T01:24:21.6083113Z A path returned 202. Retrying...
2023-10-19T01:24:21.6083748Z A path returned 202. Retrying...
2023-10-19T01:24:21.6084384Z A path returned 202. Retrying...
2023-10-19T01:24:21.6085016Z A path returned 202. Retrying...
2023-10-19T01:24:21.6085652Z A path returned 202. Retrying...
2023-10-19T01:24:21.6086282Z A path returned 202. Retrying...
2023-10-19T01:24:21.6086919Z A path returned 202. Retrying...
2023-10-19T01:24:21.6087546Z A path returned 202. Retrying...
2023-10-19T01:24:21.6088172Z A path returned 202. Retrying...
2023-10-19T01:24:21.6089164Z A path returned 202. Retrying...
2023-10-19T01:24:21.6090079Z A path returned 202. Retrying...
2023-10-19T01:24:21.6090721Z A path returned 202. Retrying...
2023-10-19T01:24:21.6091343Z A path returned 202. Retrying...
2023-10-19T01:24:21.6091973Z A path returned 202. Retrying...
2023-10-19T01:24:21.6092608Z A path returned 202. Retrying...
2023-10-19T01:24:21.6093231Z A path returned 202. Retrying...
2023-10-19T01:24:21.6094233Z A path returned 202. Retrying...
2023-10-19T01:24:21.6094877Z A path returned 202. Retrying...
2023-10-19T01:24:21.6095550Z A path returned 202. Retrying...
2023-10-19T01:24:21.6096172Z A path returned 202. Retrying...
2023-10-19T01:24:21.6096830Z A path returned 202. Retrying...
2023-10-19T01:24:21.6097470Z A path returned 202. Retrying...
2023-10-19T01:24:21.6098246Z A path returned 202. Retrying...
2023-10-19T01:24:21.6098884Z A path returned 202. Retrying...
2023-10-19T01:24:21.6099608Z A path returned 202. Retrying...
2023-10-19T01:24:21.6100341Z A path returned 202. Retrying...
2023-10-19T01:24:21.6101058Z A path returned 202. Retrying...
2023-10-19T01:24:21.6101762Z A path returned 202. Retrying...
2023-10-19T01:24:21.6102475Z A path returned 202. Retrying...
2023-10-19T01:24:21.6103190Z A path returned 202. Retrying...
2023-10-19T01:24:21.6104024Z A path returned 202. Retrying...
2023-10-19T01:24:21.6104740Z A path returned 202. Retrying...
2023-10-19T01:24:21.6105463Z A path returned 202. Retrying...
2023-10-19T01:24:21.6106180Z A path returned 202. Retrying...
2023-10-19T01:24:21.6106913Z A path returned 202. Retrying...
2023-10-19T01:24:21.6119810Z There were too many 202s. Data for this repository will be incomplete.
2023-10-19T01:24:21.6120953Z A path returned 202. Retrying...
2023-10-19T01:24:21.6121685Z A path returned 202. Retrying...
2023-10-19T01:24:21.6122407Z A path returned 202. Retrying...
2023-10-19T01:24:21.6123126Z A path returned 202. Retrying...
2023-10-19T01:24:21.6123853Z A path returned 202. Retrying...
2023-10-19T01:24:21.6124575Z A path returned 202. Retrying...
2023-10-19T01:24:21.6125294Z A path returned 202. Retrying...
2023-10-19T01:24:21.6126013Z A path returned 202. Retrying...
2023-10-19T01:24:21.6126734Z A path returned 202. Retrying...
2023-10-19T01:24:21.6127455Z A path returned 202. Retrying...
2023-10-19T01:24:21.6128174Z A path returned 202. Retrying...
2023-10-19T01:24:21.6128894Z A path returned 202. Retrying...
2023-10-19T01:24:21.6129623Z A path returned 202. Retrying...
2023-10-19T01:24:21.6130320Z A path returned 202. Retrying...
2023-10-19T01:24:21.6131043Z A path returned 202. Retrying...
2023-10-19T01:24:21.6131770Z A path returned 202. Retrying...
2023-10-19T01:24:21.6132489Z A path returned 202. Retrying...
2023-10-19T01:24:21.6133554Z A path returned 202. Retrying...
2023-10-19T01:24:21.6134272Z A path returned 202. Retrying...
2023-10-19T01:24:21.6134996Z A path returned 202. Retrying...
2023-10-19T01:24:21.6135711Z A path returned 202. Retrying...
2023-10-19T01:24:21.6136476Z A path returned 202. Retrying...
2023-10-19T01:24:21.6137197Z A path returned 202. Retrying...
2023-10-19T01:24:21.6137904Z A path returned 202. Retrying...
2023-10-19T01:24:21.6138628Z A path returned 202. Retrying...
2023-10-19T01:24:21.6139342Z A path returned 202. Retrying...
2023-10-19T01:24:21.6140060Z A path returned 202. Retrying...
2023-10-19T01:24:21.6140773Z A path returned 202. Retrying...
2023-10-19T01:24:21.6141552Z A path returned 202. Retrying...
2023-10-19T01:24:21.6142273Z A path returned 202. Retrying...
2023-10-19T01:24:21.6142993Z A path returned 202. Retrying...
2023-10-19T01:24:21.6143702Z A path returned 202. Retrying...
2023-10-19T01:24:21.6144424Z A path returned 202. Retrying...
2023-10-19T01:24:21.6145160Z A path returned 202. Retrying...
2023-10-19T01:24:21.6145857Z A path returned 202. Retrying...
2023-10-19T01:24:21.6146571Z A path returned 202. Retrying...
2023-10-19T01:24:21.6147286Z A path returned 202. Retrying...
2023-10-19T01:24:21.6148003Z A path returned 202. Retrying...
2023-10-19T01:24:21.6148718Z A path returned 202. Retrying...
2023-10-19T01:24:21.6149452Z A path returned 202. Retrying...
2023-10-19T01:24:21.6150168Z A path returned 202. Retrying...
2023-10-19T01:24:21.6150886Z A path returned 202. Retrying...
2023-10-19T01:24:21.6151601Z A path returned 202. Retrying...
2023-10-19T01:24:21.6152313Z A path returned 202. Retrying...
2023-10-19T01:24:21.6153015Z A path returned 202. Retrying...
2023-10-19T01:24:21.6153924Z A path returned 202. Retrying...
2023-10-19T01:24:21.6154664Z A path returned 202. Retrying...
2023-10-19T01:24:21.6155520Z A path returned 202. Retrying...
2023-10-19T01:24:21.6156463Z A path returned 202. Retrying...
2023-10-19T01:24:21.6157742Z A path returned 202. Retrying...
2023-10-19T01:24:21.6158818Z A path returned 202. Retrying...
2023-10-19T01:24:21.6159871Z A path returned 202. Retrying...
2023-10-19T01:24:21.6160914Z A path returned 202. Retrying...
2023-10-19T01:24:21.6161962Z A path returned 202. Retrying...
2023-10-19T01:24:21.6162988Z A path returned 202. Retrying...
2023-10-19T01:24:21.6164024Z A path returned 202. Retrying...
2023-10-19T01:24:21.6165171Z A path returned 202. Retrying...
2023-10-19T01:24:21.6166061Z A path returned 202. Retrying...
2023-10-19T01:24:21.6166952Z A path returned 202. Retrying...
2023-10-19T01:24:21.6167851Z A path returned 202. Retrying...
2023-10-19T01:24:21.6168815Z A path returned 202. Retrying...
2023-10-19T01:24:21.6169631Z A path returned 202. Retrying...
2023-10-19T01:24:21.6170141Z A path returned 202. Retrying...
2023-10-19T01:24:21.6172574Z A path returned 202. Retrying...
2023-10-19T01:24:21.6174543Z A path returned 202. Retrying...
2023-10-19T01:24:21.6175111Z A path returned 202. Retrying...
2023-10-19T01:24:21.6175708Z A path returned 202. Retrying...
2023-10-19T01:24:21.6176239Z A path returned 202. Retrying...
2023-10-19T01:24:21.6176770Z A path returned 202. Retrying...
2023-10-19T01:24:21.6177305Z A path returned 202. Retrying...
2023-10-19T01:24:21.6177824Z A path returned 202. Retrying...
2023-10-19T01:24:21.6178358Z A path returned 202. Retrying...
2023-10-19T01:24:21.6178892Z A path returned 202. Retrying...
2023-10-19T01:24:21.6179425Z A path returned 202. Retrying...
2023-10-19T01:24:21.6179962Z A path returned 202. Retrying...
2023-10-19T01:24:21.6180492Z A path returned 202. Retrying...
2023-10-19T01:24:21.6181026Z A path returned 202. Retrying...
2023-10-19T01:24:21.6181546Z A path returned 202. Retrying...
2023-10-19T01:24:21.6182086Z A path returned 202. Retrying...
2023-10-19T01:24:21.6182617Z A path returned 202. Retrying...
2023-10-19T01:24:21.6183146Z A path returned 202. Retrying...
2023-10-19T01:24:21.6183676Z A path returned 202. Retrying...
2023-10-19T01:24:21.6184207Z A path returned 202. Retrying...
2023-10-19T01:24:21.6185058Z A path returned 202. Retrying...
2023-10-19T01:24:21.6185578Z A path returned 202. Retrying...
2023-10-19T01:24:21.6186114Z A path returned 202. Retrying...
2023-10-19T01:24:21.6186753Z A path returned 202. Retrying...
2023-10-19T01:24:21.6187248Z A path returned 202. Retrying...
2023-10-19T01:24:21.6187745Z A path returned 202. Retrying...
2023-10-19T01:24:21.6188242Z A path returned 202. Retrying...
2023-10-19T01:24:21.6188737Z A path returned 202. Retrying...
2023-10-19T01:24:21.6189218Z A path returned 202. Retrying...
2023-10-19T01:24:21.6189713Z A path returned 202. Retrying...
2023-10-19T01:24:21.6190206Z A path returned 202. Retrying...
2023-10-19T01:24:21.6190698Z A path returned 202. Retrying...
2023-10-19T01:24:21.6191203Z A path returned 202. Retrying...
2023-10-19T01:24:21.6191698Z A path returned 202. Retrying...
2023-10-19T01:24:21.6192191Z A path returned 202. Retrying...
2023-10-19T01:24:21.6192675Z A path returned 202. Retrying...
2023-10-19T01:24:21.6193179Z A path returned 202. Retrying...
2023-10-19T01:24:21.6193676Z A path returned 202. Retrying...
2023-10-19T01:24:21.6194173Z A path returned 202. Retrying...
2023-10-19T01:24:21.6194667Z A path returned 202. Retrying...
2023-10-19T01:24:21.6195164Z A path returned 202. Retrying...
2023-10-19T01:24:21.6196052Z A path returned 202. Retrying...
2023-10-19T01:24:21.6196577Z A path returned 202. Retrying...
2023-10-19T01:24:21.6197113Z A path returned 202. Retrying...
2023-10-19T01:24:21.6197759Z A path returned 202. Retrying...
2023-10-19T01:24:21.6198257Z A path returned 202. Retrying...
2023-10-19T01:24:21.6198749Z A path returned 202. Retrying...
2023-10-19T01:24:21.6199240Z A path returned 202. Retrying...
2023-10-19T01:24:21.6199879Z A path returned 202. Retrying...
2023-10-19T01:24:21.6200369Z A path returned 202. Retrying...
2023-10-19T01:24:21.6200870Z A path returned 202. Retrying...
2023-10-19T01:24:21.6201370Z A path returned 202. Retrying...
2023-10-19T01:24:21.6201866Z A path returned 202. Retrying...
2023-10-19T01:24:21.6202368Z A path returned 202. Retrying...
2023-10-19T01:24:21.6202864Z A path returned 202. Retrying...
2023-10-19T01:24:21.6203361Z A path returned 202. Retrying...
2023-10-19T01:24:21.6203844Z A path returned 202. Retrying...
2023-10-19T01:24:21.6204341Z A path returned 202. Retrying...
2023-10-19T01:24:21.6204840Z A path returned 202. Retrying...
2023-10-19T01:24:21.6205331Z A path returned 202. Retrying...
2023-10-19T01:24:21.6205826Z A path returned 202. Retrying...
2023-10-19T01:24:21.6206317Z A path returned 202. Retrying...
2023-10-19T01:24:21.6206809Z A path returned 202. Retrying...
2023-10-19T01:24:21.6207289Z A path returned 202. Retrying...
2023-10-19T01:24:21.6207784Z A path returned 202. Retrying...
2023-10-19T01:24:21.6208286Z A path returned 202. Retrying...
2023-10-19T01:24:21.6208779Z A path returned 202. Retrying...
2023-10-19T01:24:21.6209275Z A path returned 202. Retrying...
2023-10-19T01:24:21.6209769Z A path returned 202. Retrying...
2023-10-19T01:24:21.6210274Z A path returned 202. Retrying...
2023-10-19T01:24:21.6210757Z A path returned 202. Retrying...
2023-10-19T01:24:21.6211501Z A path returned 202. Retrying...
2023-10-19T01:24:21.6212012Z A path returned 202. Retrying...
2023-10-19T01:24:21.6212514Z A path returned 202. Retrying...
2023-10-19T01:24:21.6213012Z A path returned 202. Retrying...
2023-10-19T01:24:21.6213507Z A path returned 202. Retrying...
2023-10-19T01:24:21.6214005Z A path returned 202. Retrying...
2023-10-19T01:24:21.6214484Z A path returned 202. Retrying...
2023-10-19T01:24:21.6214985Z A path returned 202. Retrying...
2023-10-19T01:24:21.6215482Z A path returned 202. Retrying...
2023-10-19T01:24:21.6215975Z A path returned 202. Retrying...
2023-10-19T01:24:21.6216478Z A path returned 202. Retrying...
2023-10-19T01:24:21.6216973Z A path returned 202. Retrying...
2023-10-19T01:24:21.6217465Z A path returned 202. Retrying...
2023-10-19T01:24:21.6217947Z A path returned 202. Retrying...
2023-10-19T01:33:04.9435877Z A path returned 202. Retrying...
2023-10-19T01:33:04.9437640Z A path returned 202. Retrying...
2023-10-19T01:33:04.9438747Z A path returned 202. Retrying...
2023-10-19T01:33:04.9439698Z A path returned 202. Retrying...
2023-10-19T01:33:04.9441392Z A path returned 202. Retrying...
2023-10-19T01:33:04.9442949Z A path returned 202. Retrying...
2023-10-19T01:33:04.9443883Z A path returned 202. Retrying...
2023-10-19T01:33:04.9444848Z A path returned 202. Retrying...
2023-10-19T01:33:04.9446761Z A path returned 202. Retrying...
2023-10-19T01:33:04.9447738Z A path returned 202. Retrying...
2023-10-19T01:33:04.9448681Z A path returned 202. Retrying...
2023-10-19T01:33:04.9449628Z A path returned 202. Retrying...
2023-10-19T01:33:04.9450566Z A path returned 202. Retrying...
2023-10-19T01:33:04.9451526Z A path returned 202. Retrying...
2023-10-19T01:33:04.9452469Z A path returned 202. Retrying...
2023-10-19T01:33:04.9453407Z A path returned 202. Retrying...
2023-10-19T01:33:04.9454324Z A path returned 202. Retrying...
2023-10-19T01:33:04.9455267Z A path returned 202. Retrying...
2023-10-19T01:33:04.9456192Z A path returned 202. Retrying...
2023-10-19T01:33:04.9457117Z A path returned 202. Retrying...
2023-10-19T01:33:04.9458042Z A path returned 202. Retrying...
2023-10-19T01:33:04.9458968Z A path returned 202. Retrying...
2023-10-19T01:33:04.9459894Z A path returned 202. Retrying...
2023-10-19T01:33:04.9460804Z A path returned 202. Retrying...
2023-10-19T01:33:04.9461738Z A path returned 202. Retrying...
2023-10-19T01:33:04.9462666Z A path returned 202. Retrying...
2023-10-19T01:33:04.9463601Z A path returned 202. Retrying...
2023-10-19T01:33:04.9464529Z A path returned 202. Retrying...
2023-10-19T01:33:04.9465459Z A path returned 202. Retrying...
2023-10-19T01:33:04.9466385Z A path returned 202. Retrying...
2023-10-19T01:33:04.9467736Z A path returned 202. Retrying...
2023-10-19T01:33:04.9468691Z A path returned 202. Retrying...
2023-10-19T01:33:04.9469623Z A path returned 202. Retrying...
2023-10-19T01:33:04.9470616Z A path returned 202. Retrying...
2023-10-19T01:33:04.9471552Z A path returned 202. Retrying...
2023-10-19T01:33:04.9472576Z A path returned 202. Retrying...
2023-10-19T01:33:04.9472961Z A path returned 202. Retrying...
2023-10-19T01:33:04.9473326Z A path returned 202. Retrying...
2023-10-19T01:33:04.9473712Z A path returned 202. Retrying...
2023-10-19T01:33:04.9474098Z A path returned 202. Retrying...
2023-10-19T01:33:04.9474484Z A path returned 202. Retrying...
2023-10-19T01:33:04.9474864Z A path returned 202. Retrying...
2023-10-19T01:33:04.9475251Z A path returned 202. Retrying...
2023-10-19T01:33:04.9476530Z A path returned 202. Retrying...
2023-10-19T01:33:04.9476955Z A path returned 202. Retrying...
2023-10-19T01:33:04.9477395Z A path returned 202. Retrying...
2023-10-19T01:33:04.9477842Z A path returned 202. Retrying...
2023-10-19T01:33:04.9478285Z A path returned 202. Retrying...
2023-10-19T01:33:04.9478724Z A path returned 202. Retrying...
2023-10-19T01:33:04.9479163Z A path returned 202. Retrying...
2023-10-19T01:33:04.9479614Z A path returned 202. Retrying...
2023-10-19T01:33:04.9480034Z A path returned 202. Retrying...
2023-10-19T01:33:04.9480474Z A path returned 202. Retrying...
2023-10-19T01:33:04.9480919Z A path returned 202. Retrying...
2023-10-19T01:33:04.9481362Z A path returned 202. Retrying...
2023-10-19T01:33:04.9482024Z A path returned 202. Retrying...
2023-10-19T01:33:04.9482527Z A path returned 202. Retrying...
2023-10-19T01:33:04.9483028Z A path returned 202. Retrying...
2023-10-19T01:33:04.9483510Z A path returned 202. Retrying...
2023-10-19T01:33:04.9484007Z A path returned 202. Retrying...
2023-10-19T01:33:04.9484508Z A path returned 202. Retrying...
2023-10-19T01:33:04.9485057Z A path returned 202. Retrying...
2023-10-19T01:33:04.9485554Z A path returned 202. Retrying...
2023-10-19T01:33:04.9486069Z A path returned 202. Retrying...
2023-10-19T01:33:04.9486565Z A path returned 202. Retrying...
2023-10-19T01:33:04.9487045Z A path returned 202. Retrying...
2023-10-19T01:33:04.9487544Z A path returned 202. Retrying...
2023-10-19T01:33:04.9488217Z A path returned 202. Retrying...
2023-10-19T01:33:04.9488717Z A path returned 202. Retrying...
2023-10-19T01:33:04.9489214Z A path returned 202. Retrying...
2023-10-19T01:33:04.9489715Z A path returned 202. Retrying...
2023-10-19T01:33:04.9490213Z A path returned 202. Retrying...
2023-10-19T01:33:04.9490697Z A path returned 202. Retrying...
2023-10-19T01:33:04.9491196Z A path returned 202. Retrying...
2023-10-19T01:33:04.9491697Z A path returned 202. Retrying...
2023-10-19T01:33:04.9492195Z A path returned 202. Retrying...
2023-10-19T01:33:04.9492690Z A path returned 202. Retrying...
2023-10-19T01:33:04.9493192Z A path returned 202. Retrying...
2023-10-19T01:33:04.9493691Z A path returned 202. Retrying...
2023-10-19T01:33:04.9494179Z A path returned 202. Retrying...
2023-10-19T01:33:04.9494680Z A path returned 202. Retrying...
2023-10-19T01:33:04.9495179Z A path returned 202. Retrying...
2023-10-19T01:33:04.9495680Z A path returned 202. Retrying...
2023-10-19T01:33:04.9496184Z A path returned 202. Retrying...
2023-10-19T01:33:04.9496684Z A path returned 202. Retrying...
2023-10-19T01:33:04.9497181Z A path returned 202. Retrying...
2023-10-19T01:33:04.9497664Z A path returned 202. Retrying...
2023-10-19T01:33:04.9498161Z A path returned 202. Retrying...
2023-10-19T01:33:04.9498661Z A path returned 202. Retrying...
2023-10-19T01:33:04.9499240Z A path returned 202. Retrying...
2023-10-19T01:33:04.9499678Z A path returned 202. Retrying...
2023-10-19T01:33:04.9500239Z A path returned 202. Retrying...
2023-10-19T01:33:04.9500623Z A path returned 202. Retrying...
2023-10-19T01:33:04.9500991Z A path returned 202. Retrying...
2023-10-19T01:33:04.9501374Z A path returned 202. Retrying...
2023-10-19T01:33:04.9501762Z A path returned 202. Retrying...
2023-10-19T01:33:04.9502268Z A path returned 202. Retrying...
2023-10-19T01:33:04.9502664Z A path returned 202. Retrying...
2023-10-19T01:33:04.9503049Z A path returned 202. Retrying...
2023-10-19T01:33:04.9503431Z A path returned 202. Retrying...
2023-10-19T01:33:04.9503805Z A path returned 202. Retrying...
2023-10-19T01:33:04.9504188Z A path returned 202. Retrying...
2023-10-19T01:33:04.9504571Z A path returned 202. Retrying...
2023-10-19T01:33:04.9504953Z A path returned 202. Retrying...
2023-10-19T01:33:04.9505337Z A path returned 202. Retrying...
2023-10-19T01:33:04.9505723Z A path returned 202. Retrying...
2023-10-19T01:33:04.9506104Z A path returned 202. Retrying...
2023-10-19T01:33:04.9506470Z A path returned 202. Retrying...
2023-10-19T01:33:04.9506855Z A path returned 202. Retrying...
2023-10-19T01:33:04.9507240Z A path returned 202. Retrying...
2023-10-19T01:33:04.9507626Z A path returned 202. Retrying...
2023-10-19T01:33:04.9508006Z A path returned 202. Retrying...
2023-10-19T01:33:04.9508397Z A path returned 202. Retrying...
2023-10-19T01:33:04.9508780Z A path returned 202. Retrying...
2023-10-19T01:33:04.9509150Z A path returned 202. Retrying...
2023-10-19T01:33:04.9509532Z A path returned 202. Retrying...
2023-10-19T01:33:04.9510104Z A path returned 202. Retrying...
2023-10-19T01:33:04.9510541Z A path returned 202. Retrying...
2023-10-19T01:33:04.9510979Z A path returned 202. Retrying...
2023-10-19T01:33:04.9511420Z A path returned 202. Retrying...
2023-10-19T01:33:04.9512053Z A path returned 202. Retrying...
2023-10-19T01:33:04.9512534Z A path returned 202. Retrying...
2023-10-19T01:33:04.9513036Z A path returned 202. Retrying...
2023-10-19T01:33:04.9513542Z A path returned 202. Retrying...
2023-10-19T01:33:04.9514038Z A path returned 202. Retrying...
2023-10-19T01:33:04.9514538Z A path returned 202. Retrying...
2023-10-19T01:33:04.9515038Z A path returned 202. Retrying...
2023-10-19T01:33:04.9515651Z A path returned 202. Retrying...
2023-10-19T01:33:04.9516331Z A path returned 202. Retrying...
2023-10-19T01:33:04.9516871Z A path returned 202. Retrying...
2023-10-19T01:33:04.9517412Z A path returned 202. Retrying...
2023-10-19T01:33:04.9517945Z A path returned 202. Retrying...
2023-10-19T01:33:04.9518475Z A path returned 202. Retrying...
2023-10-19T01:33:04.9519165Z A path returned 202. Retrying...
2023-10-19T01:33:04.9519704Z A path returned 202. Retrying...
2023-10-19T01:33:04.9520224Z A path returned 202. Retrying...
2023-10-19T01:33:04.9520760Z A path returned 202. Retrying...
2023-10-19T01:33:04.9521297Z A path returned 202. Retrying...
2023-10-19T01:33:04.9521837Z A path returned 202. Retrying...
2023-10-19T01:33:04.9522371Z A path returned 202. Retrying...
2023-10-19T01:33:04.9522903Z A path returned 202. Retrying...
2023-10-19T01:33:04.9523437Z A path returned 202. Retrying...
2023-10-19T01:33:04.9523958Z A path returned 202. Retrying...
2023-10-19T01:33:04.9524496Z A path returned 202. Retrying...
2023-10-19T01:33:04.9525032Z A path returned 202. Retrying...
2023-10-19T01:33:04.9525570Z A path returned 202. Retrying...
2023-10-19T01:33:04.9526107Z A path returned 202. Retrying...
2023-10-19T01:33:04.9526643Z A path returned 202. Retrying...
2023-10-19T01:33:04.9527172Z A path returned 202. Retrying...
2023-10-19T01:33:04.9527801Z A path returned 202. Retrying...
2023-10-19T01:33:04.9528366Z A path returned 202. Retrying...
2023-10-19T01:33:04.9528806Z A path returned 202. Retrying...
2023-10-19T01:33:04.9529244Z A path returned 202. Retrying...
2023-10-19T01:33:04.9529679Z A path returned 202. Retrying...
2023-10-19T01:33:04.9530120Z A path returned 202. Retrying...
2023-10-19T01:33:04.9530564Z A path returned 202. Retrying...
2023-10-19T01:33:04.9530990Z A path returned 202. Retrying...
2023-10-19T01:33:04.9531429Z A path returned 202. Retrying...
2023-10-19T01:33:04.9531871Z A path returned 202. Retrying...
2023-10-19T01:33:04.9532308Z A path returned 202. Retrying...
2023-10-19T01:33:04.9532859Z A path returned 202. Retrying...
2023-10-19T01:33:04.9533248Z A path returned 202. Retrying...
2023-10-19T01:33:04.9533939Z A path returned 202. Retrying...
2023-10-19T01:33:04.9534367Z A path returned 202. Retrying...
2023-10-19T01:33:04.9534809Z A path returned 202. Retrying...
2023-10-19T01:33:04.9543340Z A path returned 202. Retrying...
2023-10-19T01:33:04.9544084Z A path returned 202. Retrying...
2023-10-19T01:33:04.9544611Z A path returned 202. Retrying...
2023-10-19T01:33:04.9545114Z A path returned 202. Retrying...
2023-10-19T01:33:04.9545632Z A path returned 202. Retrying...
2023-10-19T01:33:04.9546142Z A path returned 202. Retrying...
2023-10-19T01:33:04.9547321Z A path returned 202. Retrying...
2023-10-19T01:33:04.9547881Z A path returned 202. Retrying...
2023-10-19T01:33:04.9548428Z A path returned 202. Retrying...
2023-10-19T01:33:04.9548976Z A path returned 202. Retrying...
2023-10-19T01:33:04.9549505Z A path returned 202. Retrying...
2023-10-19T01:33:04.9550047Z A path returned 202. Retrying...
2023-10-19T01:33:04.9550589Z A path returned 202. Retrying...
2023-10-19T01:33:04.9551143Z A path returned 202. Retrying...
2023-10-19T01:33:04.9551684Z A path returned 202. Retrying...
2023-10-19T01:33:04.9552223Z A path returned 202. Retrying...
2023-10-19T01:33:04.9552761Z A path returned 202. Retrying...
2023-10-19T01:33:04.9553294Z A path returned 202. Retrying...
2023-10-19T01:33:04.9553838Z A path returned 202. Retrying...
2023-10-19T01:33:04.9554380Z A path returned 202. Retrying...
2023-10-19T01:33:04.9554922Z A path returned 202. Retrying...
2023-10-19T01:33:04.9555762Z A path returned 202. Retrying...
2023-10-19T01:33:04.9556314Z A path returned 202. Retrying...
2023-10-19T01:33:04.9556854Z A path returned 202. Retrying...
2023-10-19T01:33:04.9557380Z A path returned 202. Retrying...
2023-10-19T01:33:04.9557919Z A path returned 202. Retrying...
2023-10-19T01:33:04.9558560Z A path returned 202. Retrying...
2023-10-19T01:33:04.9559065Z A path returned 202. Retrying...
2023-10-19T01:33:04.9559569Z A path returned 202. Retrying...
2023-10-19T01:33:04.9560071Z A path returned 202. Retrying...
2023-10-19T01:33:04.9560660Z A path returned 202. Retrying...
2023-10-19T01:33:04.9561089Z A path returned 202. Retrying...
2023-10-19T01:33:04.9561533Z A path returned 202. Retrying...
2023-10-19T01:33:04.9561977Z A path returned 202. Retrying...
2023-10-19T01:33:04.9562666Z A path returned 202. Retrying...
2023-10-19T01:33:04.9563114Z A path returned 202. Retrying...
2023-10-19T01:33:04.9563754Z A path returned 202. Retrying...
2023-10-19T01:33:04.9564317Z A path returned 202. Retrying...
2023-10-19T01:33:04.9564803Z A path returned 202. Retrying...
2023-10-19T01:33:04.9565309Z A path returned 202. Retrying...
2023-10-19T01:33:04.9565813Z A path returned 202. Retrying...
2023-10-19T01:33:04.9566318Z A path returned 202. Retrying...
2023-10-19T01:33:04.9566820Z A path returned 202. Retrying...
2023-10-19T01:33:04.9567326Z A path returned 202. Retrying...
2023-10-19T01:33:04.9567828Z A path returned 202. Retrying...
2023-10-19T01:33:04.9568312Z A path returned 202. Retrying...
2023-10-19T01:33:04.9568822Z A path returned 202. Retrying...
2023-10-19T01:33:04.9569323Z A path returned 202. Retrying...
2023-10-19T01:33:04.9569829Z A path returned 202. Retrying...
2023-10-19T01:33:04.9570333Z A path returned 202. Retrying...
2023-10-19T01:33:04.9570841Z A path returned 202. Retrying...
2023-10-19T01:33:04.9571344Z A path returned 202. Retrying...
2023-10-19T01:33:04.9571832Z A path returned 202. Retrying...
2023-10-19T01:33:04.9572338Z A path returned 202. Retrying...
2023-10-19T01:33:04.9572841Z A path returned 202. Retrying...
2023-10-19T01:33:04.9573345Z A path returned 202. Retrying...
2023-10-19T01:33:04.9573850Z A path returned 202. Retrying...
2023-10-19T01:33:04.9574352Z A path returned 202. Retrying...
2023-10-19T01:33:04.9574850Z A path returned 202. Retrying...
2023-10-19T01:33:04.9575336Z A path returned 202. Retrying...
2023-10-19T01:33:04.9575844Z A path returned 202. Retrying...
2023-10-19T01:33:04.9576356Z A path returned 202. Retrying...
2023-10-19T01:33:04.9576859Z A path returned 202. Retrying...
2023-10-19T01:33:04.9577520Z A path returned 202. Retrying...
2023-10-19T01:33:04.9578111Z A path returned 202. Retrying...
2023-10-19T01:33:04.9578557Z A path returned 202. Retrying...
2023-10-19T01:33:04.9578986Z A path returned 202. Retrying...
2023-10-19T01:33:04.9579438Z A path returned 202. Retrying...
2023-10-19T01:33:04.9579878Z A path returned 202. Retrying...
2023-10-19T01:33:04.9580325Z A path returned 202. Retrying...
2023-10-19T01:33:04.9580770Z A path returned 202. Retrying...
2023-10-19T01:33:04.9581214Z A path returned 202. Retrying...
2023-10-19T01:33:04.9581655Z A path returned 202. Retrying...
2023-10-19T01:33:04.9582253Z A path returned 202. Retrying...
2023-10-19T01:33:04.9582757Z A path returned 202. Retrying...
2023-10-19T01:33:04.9583327Z A path returned 202. Retrying...
2023-10-19T01:33:04.9583772Z A path returned 202. Retrying...
2023-10-19T01:33:04.9584218Z A path returned 202. Retrying...
2023-10-19T01:33:04.9584665Z A path returned 202. Retrying...
2023-10-19T01:33:04.9585114Z A path returned 202. Retrying...
2023-10-19T01:33:04.9585545Z A path returned 202. Retrying...
2023-10-19T01:33:04.9585991Z A path returned 202. Retrying...
2023-10-19T01:33:04.9586435Z A path returned 202. Retrying...
2023-10-19T01:41:50.0208870Z A path returned 202. Retrying...
2023-10-19T01:41:50.0213119Z A path returned 202. Retrying...
2023-10-19T01:41:50.0214229Z A path returned 202. Retrying...
2023-10-19T01:41:50.0215194Z A path returned 202. Retrying...
2023-10-19T01:41:50.0216142Z A path returned 202. Retrying...
2023-10-19T01:41:50.0217094Z A path returned 202. Retrying...
2023-10-19T01:41:50.0218079Z A path returned 202. Retrying...
2023-10-19T01:41:50.0219013Z A path returned 202. Retrying...
2023-10-19T01:41:50.0219944Z A path returned 202. Retrying...
2023-10-19T01:41:50.0220871Z A path returned 202. Retrying...
2023-10-19T01:41:50.0238605Z A path returned 202. Retrying...
2023-10-19T01:41:50.0239662Z A path returned 202. Retrying...
2023-10-19T01:41:50.0240634Z A path returned 202. Retrying...
2023-10-19T01:41:50.0241706Z A path returned 202. Retrying...
2023-10-19T01:41:50.0242646Z A path returned 202. Retrying...
2023-10-19T01:41:50.0243577Z A path returned 202. Retrying...
2023-10-19T01:41:50.0244504Z A path returned 202. Retrying...
2023-10-19T01:41:50.0254104Z A path returned 202. Retrying...
2023-10-19T01:41:50.0255140Z A path returned 202. Retrying...
2023-10-19T01:41:50.0256077Z A path returned 202. Retrying...
2023-10-19T01:41:50.0257013Z A path returned 202. Retrying...
2023-10-19T01:41:50.0257944Z A path returned 202. Retrying...
2023-10-19T01:41:50.0258871Z A path returned 202. Retrying...
2023-10-19T01:41:50.0259801Z A path returned 202. Retrying...
2023-10-19T01:41:50.0260717Z A path returned 202. Retrying...
2023-10-19T01:41:50.0261648Z A path returned 202. Retrying...
2023-10-19T01:41:50.0262590Z A path returned 202. Retrying...
2023-10-19T01:41:50.0263527Z A path returned 202. Retrying...
2023-10-19T01:41:50.0264461Z A path returned 202. Retrying...
2023-10-19T01:41:50.0265409Z A path returned 202. Retrying...
2023-10-19T01:41:50.0266345Z A path returned 202. Retrying...
2023-10-19T01:41:50.0267255Z A path returned 202. Retrying...
2023-10-19T01:41:50.0268184Z A path returned 202. Retrying...
2023-10-19T01:41:50.0269768Z A path returned 202. Retrying...
2023-10-19T01:41:50.0270728Z A path returned 202. Retrying...
2023-10-19T01:41:50.0271664Z A path returned 202. Retrying...
2023-10-19T01:41:50.0272601Z A path returned 202. Retrying...
2023-10-19T01:41:50.0273533Z A path returned 202. Retrying...
2023-10-19T01:41:50.0274446Z A path returned 202. Retrying...
2023-10-19T01:41:50.0275643Z A path returned 202. Retrying...
2023-10-19T01:41:50.0276598Z A path returned 202. Retrying...
2023-10-19T01:41:50.0277539Z A path returned 202. Retrying...
2023-10-19T01:41:50.0278478Z A path returned 202. Retrying...
2023-10-19T01:41:50.0279422Z A path returned 202. Retrying...
2023-10-19T01:41:50.0280350Z A path returned 202. Retrying...
2023-10-19T01:41:50.0281264Z A path returned 202. Retrying...
2023-10-19T01:41:50.0282596Z A path returned 202. Retrying...
2023-10-19T01:41:50.0283551Z A path returned 202. Retrying...
2023-10-19T01:41:50.0284491Z A path returned 202. Retrying...
2023-10-19T01:41:50.0285422Z A path returned 202. Retrying...
2023-10-19T01:41:50.0286371Z A path returned 202. Retrying...
2023-10-19T01:41:50.0287388Z A path returned 202. Retrying...
2023-10-19T01:41:50.0288300Z A path returned 202. Retrying...
2023-10-19T01:41:50.0289230Z A path returned 202. Retrying...
2023-10-19T01:41:50.0290161Z A path returned 202. Retrying...
2023-10-19T01:41:50.0291093Z A path returned 202. Retrying...
2023-10-19T01:41:50.0292019Z A path returned 202. Retrying...
2023-10-19T01:41:50.0292949Z A path returned 202. Retrying...
2023-10-19T01:41:50.0293879Z A path returned 202. Retrying...
2023-10-19T01:41:50.0294790Z A path returned 202. Retrying...
2023-10-19T01:41:50.0295716Z A path returned 202. Retrying...
2023-10-19T01:41:50.0296645Z A path returned 202. Retrying...
2023-10-19T01:41:50.0297585Z A path returned 202. Retrying...
2023-10-19T01:41:50.0298509Z A path returned 202. Retrying...
2023-10-19T01:41:50.0299438Z A path returned 202. Retrying...
2023-10-19T01:41:50.0300394Z A path returned 202. Retrying...
2023-10-19T01:41:50.0301319Z A path returned 202. Retrying...
2023-10-19T01:41:50.0302245Z A path returned 202. Retrying...
2023-10-19T01:41:50.0303180Z A path returned 202. Retrying...
2023-10-19T01:41:50.0304163Z A path returned 202. Retrying...
2023-10-19T01:41:50.0307511Z A path returned 202. Retrying...
2023-10-19T01:41:50.0309841Z A path returned 202. Retrying...
2023-10-19T01:41:50.0310800Z A path returned 202. Retrying...
2023-10-19T01:41:50.0311610Z A path returned 202. Retrying...
2023-10-19T01:41:50.0312149Z A path returned 202. Retrying...
2023-10-19T01:41:50.0312685Z A path returned 202. Retrying...
2023-10-19T01:41:50.0313222Z A path returned 202. Retrying...
2023-10-19T01:41:50.0313758Z A path returned 202. Retrying...
2023-10-19T01:41:50.0314294Z A path returned 202. Retrying...
2023-10-19T01:41:50.0314841Z A path returned 202. Retrying...
2023-10-19T01:41:50.0315506Z A path returned 202. Retrying...
2023-10-19T01:41:50.0316052Z A path returned 202. Retrying...
2023-10-19T01:41:50.0316596Z A path returned 202. Retrying...
2023-10-19T01:41:50.0317458Z A path returned 202. Retrying...
2023-10-19T01:41:50.0318002Z A path returned 202. Retrying...
2023-10-19T01:41:50.0318546Z A path returned 202. Retrying...
2023-10-19T01:41:50.0319093Z A path returned 202. Retrying...
2023-10-19T01:41:50.0319617Z A path returned 202. Retrying...
2023-10-19T01:41:50.0320151Z A path returned 202. Retrying...
2023-10-19T01:41:50.0320688Z A path returned 202. Retrying...
2023-10-19T01:41:50.0321324Z A path returned 202. Retrying...
2023-10-19T01:41:50.0321820Z A path returned 202. Retrying...
2023-10-19T01:41:50.0322319Z A path returned 202. Retrying...
2023-10-19T01:41:50.0322816Z A path returned 202. Retrying...
2023-10-19T01:41:50.0323302Z A path returned 202. Retrying...
2023-10-19T01:41:50.0323807Z A path returned 202. Retrying...
2023-10-19T01:41:50.0324305Z A path returned 202. Retrying...
2023-10-19T01:41:50.0324804Z A path returned 202. Retrying...
2023-10-19T01:41:50.0325302Z A path returned 202. Retrying...
2023-10-19T01:41:50.0325800Z A path returned 202. Retrying...
2023-10-19T01:41:50.0326301Z A path returned 202. Retrying...
2023-10-19T01:41:50.0326786Z A path returned 202. Retrying...
2023-10-19T01:41:50.0327282Z A path returned 202. Retrying...
2023-10-19T01:41:50.0327780Z A path returned 202. Retrying...
2023-10-19T01:41:50.0328362Z A path returned 202. Retrying...
2023-10-19T01:41:50.0328798Z A path returned 202. Retrying...
2023-10-19T01:41:50.0329235Z A path returned 202. Retrying...
2023-10-19T01:41:50.0329672Z A path returned 202. Retrying...
2023-10-19T01:41:50.0330095Z A path returned 202. Retrying...
2023-10-19T01:41:50.0330533Z A path returned 202. Retrying...
2023-10-19T01:41:50.0331263Z A path returned 202. Retrying...
2023-10-19T01:41:50.0331700Z A path returned 202. Retrying...
2023-10-19T01:41:50.0332270Z A path returned 202. Retrying...
2023-10-19T01:41:50.0332722Z A path returned 202. Retrying...
2023-10-19T01:41:50.0333169Z A path returned 202. Retrying...
2023-10-19T01:41:50.0333597Z A path returned 202. Retrying...
2023-10-19T01:41:50.0334047Z A path returned 202. Retrying...
2023-10-19T01:41:50.0334489Z A path returned 202. Retrying...
2023-10-19T01:41:50.0334932Z A path returned 202. Retrying...
2023-10-19T01:41:50.0335367Z A path returned 202. Retrying...
2023-10-19T01:41:50.0335804Z A path returned 202. Retrying...
2023-10-19T01:41:50.0336241Z A path returned 202. Retrying...
2023-10-19T01:41:50.0336663Z A path returned 202. Retrying...
2023-10-19T01:41:50.0337101Z A path returned 202. Retrying...
2023-10-19T01:41:50.0337596Z A path returned 202. Retrying...
2023-10-19T01:41:50.0338038Z A path returned 202. Retrying...
2023-10-19T01:41:50.0338481Z A path returned 202. Retrying...
2023-10-19T01:41:50.0338925Z A path returned 202. Retrying...
2023-10-19T01:41:50.0339373Z A path returned 202. Retrying...
2023-10-19T01:41:50.0339811Z A path returned 202. Retrying...
2023-10-19T01:41:50.0340246Z A path returned 202. Retrying...
2023-10-19T01:41:50.0340669Z A path returned 202. Retrying...
2023-10-19T01:41:50.0341110Z A path returned 202. Retrying...
2023-10-19T01:41:50.0341552Z A path returned 202. Retrying...
2023-10-19T01:41:50.0341988Z A path returned 202. Retrying...
2023-10-19T01:41:50.0342424Z A path returned 202. Retrying...
2023-10-19T01:41:50.0342861Z A path returned 202. Retrying...
2023-10-19T01:41:50.0343298Z A path returned 202. Retrying...
2023-10-19T01:41:50.0343720Z A path returned 202. Retrying...
2023-10-19T01:41:50.0344160Z A path returned 202. Retrying...
2023-10-19T01:41:50.0344598Z A path returned 202. Retrying...
2023-10-19T01:41:50.0345034Z A path returned 202. Retrying...
2023-10-19T01:41:50.0345470Z A path returned 202. Retrying...
2023-10-19T01:41:50.0345910Z A path returned 202. Retrying...
2023-10-19T01:41:50.0346344Z A path returned 202. Retrying...
2023-10-19T01:41:50.0346771Z A path returned 202. Retrying...
2023-10-19T01:41:50.0347207Z A path returned 202. Retrying...
2023-10-19T01:41:50.0347646Z A path returned 202. Retrying...
2023-10-19T01:41:50.0348092Z A path returned 202. Retrying...
2023-10-19T01:41:50.0348651Z A path returned 202. Retrying...
2023-10-19T01:41:50.0349098Z A path returned 202. Retrying...
2023-10-19T01:41:50.0349543Z A path returned 202. Retrying...
2023-10-19T01:41:50.0349973Z A path returned 202. Retrying...
2023-10-19T01:41:50.0350420Z A path returned 202. Retrying...
2023-10-19T01:41:50.0350865Z A path returned 202. Retrying...
2023-10-19T01:41:50.0351310Z A path returned 202. Retrying...
2023-10-19T01:41:50.0351753Z A path returned 202. Retrying...
2023-10-19T01:41:50.0352192Z A path returned 202. Retrying...
2023-10-19T01:41:50.0352629Z A path returned 202. Retrying...
2023-10-19T01:41:50.0353054Z A path returned 202. Retrying...
2023-10-19T01:41:50.0353490Z A path returned 202. Retrying...
2023-10-19T01:41:50.0353934Z A path returned 202. Retrying...
2023-10-19T01:41:50.0354373Z A path returned 202. Retrying...
2023-10-19T01:41:50.0354812Z A path returned 202. Retrying...
2023-10-19T01:41:50.0355250Z A path returned 202. Retrying...
2023-10-19T01:41:50.0356065Z A path returned 202. Retrying...
2023-10-19T01:41:50.0356592Z A path returned 202. Retrying...
2023-10-19T01:41:50.0357095Z A path returned 202. Retrying...
2023-10-19T01:41:50.0357597Z A path returned 202. Retrying...
2023-10-19T01:41:50.0358094Z A path returned 202. Retrying...
2023-10-19T01:41:50.0358600Z A path returned 202. Retrying...
2023-10-19T01:41:50.0359107Z A path returned 202. Retrying...
2023-10-19T01:41:50.0359603Z A path returned 202. Retrying...
2023-10-19T01:41:50.0360087Z A path returned 202. Retrying...
2023-10-19T01:41:50.0360582Z A path returned 202. Retrying...
2023-10-19T01:41:50.0361080Z A path returned 202. Retrying...
2023-10-19T01:41:50.0361578Z A path returned 202. Retrying...
2023-10-19T01:41:50.0362074Z A path returned 202. Retrying...
2023-10-19T01:41:50.0362709Z A path returned 202. Retrying...
2023-10-19T01:41:50.0363217Z A path returned 202. Retrying...
2023-10-19T01:41:50.0363711Z A path returned 202. Retrying...
2023-10-19T01:41:50.0364221Z A path returned 202. Retrying...
2023-10-19T01:41:50.0364730Z A path returned 202. Retrying...
2023-10-19T01:41:50.0365223Z A path returned 202. Retrying...
2023-10-19T01:41:50.0365718Z A path returned 202. Retrying...
2023-10-19T01:41:50.0366208Z A path returned 202. Retrying...
2023-10-19T01:41:50.0366707Z A path returned 202. Retrying...
2023-10-19T01:41:50.0367192Z A path returned 202. Retrying...
2023-10-19T01:41:50.0367691Z A path returned 202. Retrying...
2023-10-19T01:41:50.0368189Z A path returned 202. Retrying...
2023-10-19T01:41:50.0369243Z A path returned 202. Retrying...
2023-10-19T01:41:50.0369754Z A path returned 202. Retrying...
2023-10-19T01:41:50.0370451Z A path returned 202. Retrying...
2023-10-19T01:41:50.0371408Z A path returned 202. Retrying...
2023-10-19T01:41:50.0372201Z A path returned 202. Retrying...
2023-10-19T01:41:50.0372752Z A path returned 202. Retrying...
2023-10-19T01:41:50.0373298Z A path returned 202. Retrying...
2023-10-19T01:41:50.0373839Z A path returned 202. Retrying...
2023-10-19T01:41:50.0374381Z A path returned 202. Retrying...
2023-10-19T01:41:50.0374923Z A path returned 202. Retrying...
2023-10-19T01:41:50.0375459Z A path returned 202. Retrying...
2023-10-19T01:41:50.0375983Z A path returned 202. Retrying...
2023-10-19T01:41:50.0376523Z A path returned 202. Retrying...
2023-10-19T01:41:50.0377059Z A path returned 202. Retrying...
2023-10-19T01:41:50.0377601Z A path returned 202. Retrying...
2023-10-19T01:41:50.0378138Z A path returned 202. Retrying...
2023-10-19T01:41:50.0378672Z A path returned 202. Retrying...
2023-10-19T01:41:50.0379208Z A path returned 202. Retrying...
2023-10-19T01:41:50.0379730Z A path returned 202. Retrying...
2023-10-19T01:41:50.0380270Z A path returned 202. Retrying...
2023-10-19T01:41:50.0380806Z A path returned 202. Retrying...
2023-10-19T01:41:50.0381347Z A path returned 202. Retrying...
2023-10-19T01:41:50.0381882Z A path returned 202. Retrying...
2023-10-19T01:41:50.0382421Z A path returned 202. Retrying...
2023-10-19T01:41:50.0382956Z A path returned 202. Retrying...
2023-10-19T01:41:50.0383757Z A path returned 202. Retrying...
2023-10-19T01:41:50.0384293Z A path returned 202. Retrying...
2023-10-19T01:41:50.0384837Z A path returned 202. Retrying...
2023-10-19T01:41:50.0385383Z A path returned 202. Retrying...
2023-10-19T01:41:50.0385920Z A path returned 202. Retrying...
2023-10-19T01:41:50.0386458Z A path returned 202. Retrying...
2023-10-19T01:41:50.0386993Z A path returned 202. Retrying...
2023-10-19T01:41:50.0387512Z A path returned 202. Retrying...
2023-10-19T01:41:50.0388048Z A path returned 202. Retrying...
2023-10-19T01:41:50.0388583Z A path returned 202. Retrying...
2023-10-19T01:41:50.0389117Z A path returned 202. Retrying...
2023-10-19T01:41:50.0389654Z A path returned 202. Retrying...
2023-10-19T01:41:50.0390193Z A path returned 202. Retrying...
2023-10-19T01:41:50.0390804Z A path returned 202. Retrying...
2023-10-19T01:41:50.0391308Z A path returned 202. Retrying...
2023-10-19T01:41:50.0391809Z A path returned 202. Retrying...
2023-10-19T01:41:50.0392297Z A path returned 202. Retrying...
2023-10-19T01:41:50.0392797Z A path returned 202. Retrying...
2023-10-19T01:41:50.0393296Z A path returned 202. Retrying...
2023-10-19T01:41:50.0393795Z A path returned 202. Retrying...
2023-10-19T01:41:50.0394295Z A path returned 202. Retrying...
2023-10-19T01:41:50.0394796Z A path returned 202. Retrying...
2023-10-19T01:41:50.0395469Z A path returned 202. Retrying...
2023-10-19T01:41:50.0395958Z A path returned 202. Retrying...
2023-10-19T01:41:50.0396462Z A path returned 202. Retrying...
2023-10-19T01:41:50.0396965Z A path returned 202. Retrying...
2023-10-19T01:41:50.0397467Z A path returned 202. Retrying...
2023-10-19T01:41:50.0397970Z A path returned 202. Retrying...
2023-10-19T01:41:50.0398474Z A path returned 202. Retrying...
2023-10-19T01:41:50.0399127Z A path returned 202. Retrying...
2023-10-19T01:41:50.0399617Z A path returned 202. Retrying...
2023-10-19T01:41:50.0400115Z A path returned 202. Retrying...
2023-10-19T01:41:50.0400619Z A path returned 202. Retrying...
2023-10-19T01:45:05.8758400Z A path returned 202. Retrying...
2023-10-19T01:45:05.8759754Z A path returned 202. Retrying...
2023-10-19T01:45:05.8760922Z A path returned 202. Retrying...
2023-10-19T01:45:05.8762006Z A path returned 202. Retrying...
2023-10-19T01:45:05.8763100Z A path returned 202. Retrying...
2023-10-19T01:45:05.8764180Z A path returned 202. Retrying...
2023-10-19T01:45:05.8765271Z A path returned 202. Retrying...
2023-10-19T01:45:05.8766347Z A path returned 202. Retrying...
2023-10-19T01:45:05.8767428Z A path returned 202. Retrying...
2023-10-19T01:45:05.8768492Z A path returned 202. Retrying...
2023-10-19T01:45:05.8769566Z A path returned 202. Retrying...
2023-10-19T01:45:05.8770632Z A path returned 202. Retrying...
2023-10-19T01:45:05.8771720Z A path returned 202. Retrying...
2023-10-19T01:45:05.8772798Z A path returned 202. Retrying...
2023-10-19T01:45:05.8773886Z A path returned 202. Retrying...
2023-10-19T01:45:05.8774972Z A path returned 202. Retrying...
2023-10-19T01:45:05.8776043Z A path returned 202. Retrying...
2023-10-19T01:45:05.8777132Z A path returned 202. Retrying...
2023-10-19T01:45:05.8778207Z A path returned 202. Retrying...
2023-10-19T01:45:05.8779267Z A path returned 202. Retrying...
2023-10-19T01:45:05.8780324Z A path returned 202. Retrying...
2023-10-19T01:45:05.8781384Z A path returned 202. Retrying...
2023-10-19T01:45:05.8783064Z A path returned 202. Retrying...
2023-10-19T01:45:05.8784140Z A path returned 202. Retrying...
2023-10-19T01:45:05.8785089Z A path returned 202. Retrying...
2023-10-19T01:45:05.8786036Z A path returned 202. Retrying...
2023-10-19T01:45:05.8786971Z A path returned 202. Retrying...
2023-10-19T01:45:05.8787910Z A path returned 202. Retrying...
2023-10-19T01:45:05.8788843Z A path returned 202. Retrying...
2023-10-19T01:45:05.8789774Z A path returned 202. Retrying...
2023-10-19T01:45:05.8790720Z A path returned 202. Retrying...
2023-10-19T01:45:05.8791661Z A path returned 202. Retrying...
2023-10-19T01:45:05.8792593Z A path returned 202. Retrying...
2023-10-19T01:45:05.8794254Z A path returned 202. Retrying...
2023-10-19T01:45:05.8795201Z A path returned 202. Retrying...
2023-10-19T01:45:05.8797207Z A path returned 202. Retrying...
2023-10-19T01:45:05.8798154Z A path returned 202. Retrying...
2023-10-19T01:45:05.8799082Z A path returned 202. Retrying...
2023-10-19T01:45:05.8800019Z A path returned 202. Retrying...
2023-10-19T01:45:05.8800956Z A path returned 202. Retrying...
2023-10-19T01:45:05.8801890Z A path returned 202. Retrying...
2023-10-19T01:45:05.8802829Z A path returned 202. Retrying...
2023-10-19T01:45:05.8803765Z A path returned 202. Retrying...
2023-10-19T01:45:05.8804696Z A path returned 202. Retrying...
2023-10-19T01:45:05.8805610Z A path returned 202. Retrying...
2023-10-19T01:45:05.8806549Z A path returned 202. Retrying...
2023-10-19T01:45:05.8807512Z A path returned 202. Retrying...
2023-10-19T01:45:05.8808446Z A path returned 202. Retrying...
2023-10-19T01:45:05.8809381Z A path returned 202. Retrying...
2023-10-19T01:45:05.8810309Z A path returned 202. Retrying...
2023-10-19T01:45:05.8811257Z A path returned 202. Retrying...
2023-10-19T01:45:05.8812177Z A path returned 202. Retrying...
2023-10-19T01:45:05.8813182Z A path returned 202. Retrying...
2023-10-19T01:45:05.8815047Z A path returned 202. Retrying...
2023-10-19T01:45:05.8816012Z A path returned 202. Retrying...
2023-10-19T01:45:05.8816954Z A path returned 202. Retrying...
2023-10-19T01:45:05.8817894Z A path returned 202. Retrying...
2023-10-19T01:45:05.8818835Z A path returned 202. Retrying...
2023-10-19T01:45:05.8819756Z A path returned 202. Retrying...
2023-10-19T01:45:05.8820700Z A path returned 202. Retrying...
2023-10-19T01:45:05.8821637Z A path returned 202. Retrying...
2023-10-19T01:45:05.8822573Z A path returned 202. Retrying...
2023-10-19T01:45:05.8823933Z A path returned 202. Retrying...
2023-10-19T01:45:05.9143373Z ##[group]Run git config --global user.name "jstrieb/github-stats"
2023-10-19T01:45:05.9144320Z [36;1mgit config --global user.name "jstrieb/github-stats"[0m
2023-10-19T01:45:05.9145311Z [36;1mgit config --global user.email "github-stats[bot]@jstrieb.github.io"[0m
2023-10-19T01:45:05.9146097Z [36;1mgit add .[0m
2023-10-19T01:45:05.9146885Z [36;1m# Force the build to succeed, even if no files were changed[0m
2023-10-19T01:45:05.9147646Z [36;1mgit commit -m 'Update generated files' || true[0m
2023-10-19T01:45:05.9148199Z [36;1mgit push[0m
2023-10-19T01:45:05.9209617Z shell: /usr/bin/bash -e {0}
2023-10-19T01:45:05.9210026Z env:
2023-10-19T01:45:05.9210463Z   pythonLocation: /opt/hostedtoolcache/Python/3.8.18/x64
2023-10-19T01:45:05.9211248Z   PKG_CONFIG_PATH: /opt/hostedtoolcache/Python/3.8.18/x64/lib/pkgconfig
2023-10-19T01:45:05.9212017Z   Python_ROOT_DIR: /opt/hostedtoolcache/Python/3.8.18/x64
2023-10-19T01:45:05.9212769Z   Python2_ROOT_DIR: /opt/hostedtoolcache/Python/3.8.18/x64
2023-10-19T01:45:05.9213455Z   Python3_ROOT_DIR: /opt/hostedtoolcache/Python/3.8.18/x64
2023-10-19T01:45:05.9214155Z   LD_LIBRARY_PATH: /opt/hostedtoolcache/Python/3.8.18/x64/lib
2023-10-19T01:45:05.9214723Z ##[endgroup]
2023-10-19T01:45:06.4316034Z [master cd582b5] Update generated files
2023-10-19T01:45:06.4317209Z  2 files changed, 270 insertions(+), 252 deletions(-)
2023-10-19T01:45:07.1639950Z To https://github.com/seanpm2001/GitHub_Stats_A
2023-10-19T01:45:07.1641139Z    8b15545..cd582b5  master -> master
2023-10-19T01:45:07.1774709Z Post job cleanup.
2023-10-19T01:45:07.3448422Z Cache hit occurred on the primary key setup-python-Linux-22.04-Ubuntu-python-3.8.18-pip-60f2a6c0212a9b74a155cd81b58dd07fd8b180833132566260d95f4de42fe218, not saving cache.
2023-10-19T01:45:07.3615352Z Post job cleanup.
2023-10-19T01:45:07.4732323Z [command]/usr/bin/git version
2023-10-19T01:45:07.4789866Z git version 2.42.0
2023-10-19T01:45:07.4835166Z Copying '/home/runner/.gitconfig' to '/home/runner/work/_temp/556277fa-fcef-46b1-9f02-11d82b1c6cbd/.gitconfig'
2023-10-19T01:45:07.4849005Z Temporarily overriding HOME='/home/runner/work/_temp/556277fa-fcef-46b1-9f02-11d82b1c6cbd' before making global git config changes
2023-10-19T01:45:07.4851379Z Adding repository directory to the temporary git global config as a safe directory
2023-10-19T01:45:07.4858754Z [command]/usr/bin/git config --global --add safe.directory /home/runner/work/GitHub_Stats_A/GitHub_Stats_A
2023-10-19T01:45:07.4911492Z [command]/usr/bin/git config --local --name-only --get-regexp core\.sshCommand
2023-10-19T01:45:07.4956199Z [command]/usr/bin/git submodule foreach --recursive sh -c "git config --local --name-only --get-regexp 'core\.sshCommand' && git config --local --unset-all 'core.sshCommand' || :"
2023-10-19T01:45:07.5278091Z [command]/usr/bin/git config --local --name-only --get-regexp http\.https\:\/\/github\.com\/\.extraheader
2023-10-19T01:45:07.5313040Z http.https://github.com/.extraheader
2023-10-19T01:45:07.5330253Z [command]/usr/bin/git config --local --unset-all http.https://github.com/.extraheader
2023-10-19T01:45:07.5374997Z [command]/usr/bin/git submodule foreach --recursive sh -c "git config --local --name-only --get-regexp 'http\.https\:\/\/github\.com\/\.extraheader' && git config --local --unset-all 'http.https://github.com/.extraheader' || :"
2023-10-19T01:45:07.5966820Z Cleaning up orphan processes
