2023-09-02T00:20:57.2940345Z Requested labels: ubuntu-latest
2023-09-02T00:20:57.2940644Z Job defined at: seanpm2001/GitHub_Stats_A/.github/workflows/main.yml@refs/heads/master
2023-09-02T00:20:57.2940754Z Waiting for a runner to pick up this job...
2023-09-02T00:20:57.7954325Z Job is waiting for a hosted runner to come online.
2023-09-02T00:21:00.9804982Z Job is about to start running on the hosted runner: GitHub Actions 2 (hosted)
2023-09-02T00:21:03.0988540Z Current runner version: '2.308.0'
2023-09-02T00:21:03.1016034Z ##[group]Operating System
2023-09-02T00:21:03.1016634Z Ubuntu
2023-09-02T00:21:03.1016943Z 22.04.3
2023-09-02T00:21:03.1017231Z LTS
2023-09-02T00:21:03.1017530Z ##[endgroup]
2023-09-02T00:21:03.1017831Z ##[group]Runner Image
2023-09-02T00:21:03.1018222Z Image: ubuntu-22.04
2023-09-02T00:21:03.1018562Z Version: 20230821.1.0
2023-09-02T00:21:03.1019110Z Included Software: https://github.com/actions/runner-images/blob/ubuntu22/20230821.1/images/linux/Ubuntu2204-Readme.md
2023-09-02T00:21:03.1019746Z Image Release: https://github.com/actions/runner-images/releases/tag/ubuntu22%2F20230821.1
2023-09-02T00:21:03.1020251Z ##[endgroup]
2023-09-02T00:21:03.1020613Z ##[group]Runner Image Provisioner
2023-09-02T00:21:03.1020969Z 2.0.264.1
2023-09-02T00:21:03.1021237Z ##[endgroup]
2023-09-02T00:21:03.1021946Z ##[group]GITHUB_TOKEN Permissions
2023-09-02T00:21:03.1022515Z Contents: write
2023-09-02T00:21:03.1022845Z Metadata: read
2023-09-02T00:21:03.1023325Z ##[endgroup]
2023-09-02T00:21:03.1026985Z Secret source: Actions
2023-09-02T00:21:03.1027528Z Prepare workflow directory
2023-09-02T00:21:03.1788493Z Prepare all required actions
2023-09-02T00:21:03.1979351Z Getting action download info
2023-09-02T00:21:03.4287117Z Download action repository 'actions/checkout@v3' (SHA:f43a0e5ff2bd294095638e18286ca9a3d1956744)
2023-09-02T00:21:03.9667004Z Download action repository 'actions/setup-python@v4' (SHA:61a6322f88396a6271a6ee3565807d608ecaddd1)
2023-09-02T00:21:04.6047497Z Complete job name: build
2023-09-02T00:21:04.7011257Z ##[group]Run actions/checkout@v3
2023-09-02T00:21:04.7011673Z with:
2023-09-02T00:21:04.7011955Z   repository: seanpm2001/GitHub_Stats_A
2023-09-02T00:21:04.7012568Z   token: ***
2023-09-02T00:21:04.7012866Z   ssh-strict: true
2023-09-02T00:21:04.7013233Z   persist-credentials: true
2023-09-02T00:21:04.7013548Z   clean: true
2023-09-02T00:21:04.7013822Z   sparse-checkout-cone-mode: true
2023-09-02T00:21:04.7014166Z   fetch-depth: 1
2023-09-02T00:21:04.7014519Z   fetch-tags: false
2023-09-02T00:21:04.7014770Z   lfs: false
2023-09-02T00:21:04.7015053Z   submodules: false
2023-09-02T00:21:04.7015380Z   set-safe-directory: true
2023-09-02T00:21:04.7015692Z ##[endgroup]
2023-09-02T00:21:04.9633452Z Syncing repository: seanpm2001/GitHub_Stats_A
2023-09-02T00:21:04.9636710Z ##[group]Getting Git version info
2023-09-02T00:21:04.9637326Z Working directory is '/home/runner/work/GitHub_Stats_A/GitHub_Stats_A'
2023-09-02T00:21:04.9637954Z [command]/usr/bin/git version
2023-09-02T00:21:04.9638274Z git version 2.41.0
2023-09-02T00:21:04.9639871Z ##[endgroup]
2023-09-02T00:21:04.9653677Z Temporarily overriding HOME='/home/runner/work/_temp/96ba90e3-95fb-47f8-8ee9-66ea4b80c1ee' before making global git config changes
2023-09-02T00:21:04.9654184Z Adding repository directory to the temporary git global config as a safe directory
2023-09-02T00:21:04.9654732Z [command]/usr/bin/git config --global --add safe.directory /home/runner/work/GitHub_Stats_A/GitHub_Stats_A
2023-09-02T00:21:04.9656449Z Deleting the contents of '/home/runner/work/GitHub_Stats_A/GitHub_Stats_A'
2023-09-02T00:21:04.9656987Z ##[group]Initializing the repository
2023-09-02T00:21:04.9660305Z [command]/usr/bin/git init /home/runner/work/GitHub_Stats_A/GitHub_Stats_A
2023-09-02T00:21:04.9760961Z hint: Using 'master' as the name for the initial branch. This default branch name
2023-09-02T00:21:04.9761920Z hint: is subject to change. To configure the initial branch name to use in all
2023-09-02T00:21:04.9763211Z hint: of your new repositories, which will suppress this warning, call:
2023-09-02T00:21:04.9763505Z hint: 
2023-09-02T00:21:04.9763843Z hint: 	git config --global init.defaultBranch <name>
2023-09-02T00:21:04.9764293Z hint: 
2023-09-02T00:21:04.9764652Z hint: Names commonly chosen instead of 'master' are 'main', 'trunk' and
2023-09-02T00:21:04.9765124Z hint: 'development'. The just-created branch can be renamed via this command:
2023-09-02T00:21:04.9765402Z hint: 
2023-09-02T00:21:04.9765656Z hint: 	git branch -m <name>
2023-09-02T00:21:04.9766264Z Initialized empty Git repository in /home/runner/work/GitHub_Stats_A/GitHub_Stats_A/.git/
2023-09-02T00:21:04.9767133Z [command]/usr/bin/git remote add origin https://github.com/seanpm2001/GitHub_Stats_A
2023-09-02T00:21:04.9800789Z ##[endgroup]
2023-09-02T00:21:04.9801444Z ##[group]Disabling automatic garbage collection
2023-09-02T00:21:04.9804090Z [command]/usr/bin/git config --local gc.auto 0
2023-09-02T00:21:04.9835306Z ##[endgroup]
2023-09-02T00:21:04.9835908Z ##[group]Setting up auth
2023-09-02T00:21:04.9841854Z [command]/usr/bin/git config --local --name-only --get-regexp core\.sshCommand
2023-09-02T00:21:04.9873475Z [command]/usr/bin/git submodule foreach --recursive sh -c "git config --local --name-only --get-regexp 'core\.sshCommand' && git config --local --unset-all 'core.sshCommand' || :"
2023-09-02T00:21:05.0232415Z [command]/usr/bin/git config --local --name-only --get-regexp http\.https\:\/\/github\.com\/\.extraheader
2023-09-02T00:21:05.0256605Z [command]/usr/bin/git submodule foreach --recursive sh -c "git config --local --name-only --get-regexp 'http\.https\:\/\/github\.com\/\.extraheader' && git config --local --unset-all 'http.https://github.com/.extraheader' || :"
2023-09-02T00:21:05.0540447Z [command]/usr/bin/git config --local http.https://github.com/.extraheader AUTHORIZATION: basic ***
2023-09-02T00:21:05.0640786Z ##[endgroup]
2023-09-02T00:21:05.0641246Z ##[group]Fetching the repository
2023-09-02T00:21:05.0642334Z [command]/usr/bin/git -c protocol.version=2 fetch --no-tags --prune --progress --no-recurse-submodules --depth=1 origin +c8a83682154cabd4f29f251ef23125f886ad4b58:refs/remotes/origin/master
2023-09-02T00:21:05.6471065Z remote: Enumerating objects: 7641, done.        
2023-09-02T00:21:05.6472727Z remote: Counting objects:   0% (1/7641)        
2023-09-02T00:21:05.6473193Z remote: Counting objects:   1% (77/7641)        
2023-09-02T00:21:05.6473798Z remote: Counting objects:   2% (153/7641)        
2023-09-02T00:21:05.6474389Z remote: Counting objects:   3% (230/7641)        
2023-09-02T00:21:05.6474985Z remote: Counting objects:   4% (306/7641)        
2023-09-02T00:21:05.6475774Z remote: Counting objects:   5% (383/7641)        
2023-09-02T00:21:05.6476205Z remote: Counting objects:   6% (459/7641)        
2023-09-02T00:21:05.6476835Z remote: Counting objects:   7% (535/7641)        
2023-09-02T00:21:05.6477452Z remote: Counting objects:   8% (612/7641)        
2023-09-02T00:21:05.6478060Z remote: Counting objects:   9% (688/7641)        
2023-09-02T00:21:05.6478737Z remote: Counting objects:  10% (765/7641)        
2023-09-02T00:21:05.6479284Z remote: Counting objects:  11% (841/7641)        
2023-09-02T00:21:05.6479884Z remote: Counting objects:  12% (917/7641)        
2023-09-02T00:21:05.6480548Z remote: Counting objects:  13% (994/7641)        
2023-09-02T00:21:05.6481188Z remote: Counting objects:  14% (1070/7641)        
2023-09-02T00:21:05.6481543Z remote: Counting objects:  15% (1147/7641)        
2023-09-02T00:21:05.6482083Z remote: Counting objects:  16% (1223/7641)        
2023-09-02T00:21:05.6482620Z remote: Counting objects:  17% (1299/7641)        
2023-09-02T00:21:05.6483304Z remote: Counting objects:  18% (1376/7641)        
2023-09-02T00:21:05.6483846Z remote: Counting objects:  19% (1452/7641)        
2023-09-02T00:21:05.6484467Z remote: Counting objects:  20% (1529/7641)        
2023-09-02T00:21:05.6485017Z remote: Counting objects:  21% (1605/7641)        
2023-09-02T00:21:05.6485610Z remote: Counting objects:  22% (1682/7641)        
2023-09-02T00:21:05.6486193Z remote: Counting objects:  23% (1758/7641)        
2023-09-02T00:21:05.6486757Z remote: Counting objects:  24% (1834/7641)        
2023-09-02T00:21:05.6487363Z remote: Counting objects:  25% (1911/7641)        
2023-09-02T00:21:05.6488059Z remote: Counting objects:  26% (1987/7641)        
2023-09-02T00:21:05.6488579Z remote: Counting objects:  27% (2064/7641)        
2023-09-02T00:21:05.6489282Z remote: Counting objects:  28% (2140/7641)        
2023-09-02T00:21:05.6490083Z remote: Counting objects:  29% (2216/7641)        
2023-09-02T00:21:05.6490633Z remote: Counting objects:  30% (2293/7641)        
2023-09-02T00:21:05.6491289Z remote: Counting objects:  31% (2369/7641)        
2023-09-02T00:21:05.6491894Z remote: Counting objects:  32% (2446/7641)        
2023-09-02T00:21:05.6492360Z remote: Counting objects:  33% (2522/7641)        
2023-09-02T00:21:05.6492888Z remote: Counting objects:  34% (2598/7641)        
2023-09-02T00:21:05.6493488Z remote: Counting objects:  35% (2675/7641)        
2023-09-02T00:21:05.6494013Z remote: Counting objects:  36% (2751/7641)        
2023-09-02T00:21:05.6494615Z remote: Counting objects:  37% (2828/7641)        
2023-09-02T00:21:05.6495261Z remote: Counting objects:  38% (2904/7641)        
2023-09-02T00:21:05.6495795Z remote: Counting objects:  39% (2980/7641)        
2023-09-02T00:21:05.6496400Z remote: Counting objects:  40% (3057/7641)        
2023-09-02T00:21:05.6496939Z remote: Counting objects:  41% (3133/7641)        
2023-09-02T00:21:05.6497583Z remote: Counting objects:  42% (3210/7641)        
2023-09-02T00:21:05.6498191Z remote: Counting objects:  43% (3286/7641)        
2023-09-02T00:21:05.6498722Z remote: Counting objects:  44% (3363/7641)        
2023-09-02T00:21:05.6499327Z remote: Counting objects:  45% (3439/7641)        
2023-09-02T00:21:05.6499923Z remote: Counting objects:  46% (3515/7641)        
2023-09-02T00:21:05.6500537Z remote: Counting objects:  47% (3592/7641)        
2023-09-02T00:21:05.6501276Z remote: Counting objects:  48% (3668/7641)        
2023-09-02T00:21:05.6501638Z remote: Counting objects:  49% (3745/7641)        
2023-09-02T00:21:05.6502279Z remote: Counting objects:  50% (3821/7641)        
2023-09-02T00:21:05.6502870Z remote: Counting objects:  51% (3897/7641)        
2023-09-02T00:21:05.6503501Z remote: Counting objects:  52% (3974/7641)        
2023-09-02T00:21:05.6504084Z remote: Counting objects:  53% (4050/7641)        
2023-09-02T00:21:05.6504614Z remote: Counting objects:  54% (4127/7641)        
2023-09-02T00:21:05.6505258Z remote: Counting objects:  55% (4203/7641)        
2023-09-02T00:21:05.6505850Z remote: Counting objects:  56% (4279/7641)        
2023-09-02T00:21:05.6506465Z remote: Counting objects:  57% (4356/7641)        
2023-09-02T00:21:05.6507067Z remote: Counting objects:  58% (4432/7641)        
2023-09-02T00:21:05.6507720Z remote: Counting objects:  59% (4509/7641)        
2023-09-02T00:21:05.6508312Z remote: Counting objects:  60% (4585/7641)        
2023-09-02T00:21:05.6508845Z remote: Counting objects:  61% (4662/7641)        
2023-09-02T00:21:05.6509371Z remote: Counting objects:  62% (4738/7641)        
2023-09-02T00:21:05.6510008Z remote: Counting objects:  63% (4814/7641)        
2023-09-02T00:21:05.6510540Z remote: Counting objects:  64% (4891/7641)        
2023-09-02T00:21:05.6511202Z remote: Counting objects:  65% (4967/7641)        
2023-09-02T00:21:05.6511754Z remote: Counting objects:  66% (5044/7641)        
2023-09-02T00:21:05.6512343Z remote: Counting objects:  67% (5120/7641)        
2023-09-02T00:21:05.6512932Z remote: Counting objects:  68% (5196/7641)        
2023-09-02T00:21:05.6513465Z remote: Counting objects:  69% (5273/7641)        
2023-09-02T00:21:05.6514065Z remote: Counting objects:  70% (5349/7641)        
2023-09-02T00:21:05.6514671Z remote: Counting objects:  71% (5426/7641)        
2023-09-02T00:21:05.6515295Z remote: Counting objects:  72% (5502/7641)        
2023-09-02T00:21:05.6515908Z remote: Counting objects:  73% (5578/7641)        
2023-09-02T00:21:05.6516559Z remote: Counting objects:  74% (5655/7641)        
2023-09-02T00:21:05.6517235Z remote: Counting objects:  75% (5731/7641)        
2023-09-02T00:21:05.6517570Z remote: Counting objects:  76% (5808/7641)        
2023-09-02T00:21:05.6518202Z remote: Counting objects:  77% (5884/7641)        
2023-09-02T00:21:05.6518794Z remote: Counting objects:  78% (5960/7641)        
2023-09-02T00:21:05.6519333Z remote: Counting objects:  79% (6037/7641)        
2023-09-02T00:21:05.6520085Z remote: Counting objects:  80% (6113/7641)        
2023-09-02T00:21:05.6520637Z remote: Counting objects:  81% (6190/7641)        
2023-09-02T00:21:05.6521265Z remote: Counting objects:  82% (6266/7641)        
2023-09-02T00:21:05.6521897Z remote: Counting objects:  83% (6343/7641)        
2023-09-02T00:21:05.6522485Z remote: Counting objects:  84% (6419/7641)        
2023-09-02T00:21:05.6523031Z remote: Counting objects:  85% (6495/7641)        
2023-09-02T00:21:05.6523658Z remote: Counting objects:  86% (6572/7641)        
2023-09-02T00:21:05.6524179Z remote: Counting objects:  87% (6648/7641)        
2023-09-02T00:21:05.6524823Z remote: Counting objects:  88% (6725/7641)        
2023-09-02T00:21:05.6525384Z remote: Counting objects:  89% (6801/7641)        
2023-09-02T00:21:05.6526096Z remote: Counting objects:  90% (6877/7641)        
2023-09-02T00:21:05.6526690Z remote: Counting objects:  91% (6954/7641)        
2023-09-02T00:21:05.6527205Z remote: Counting objects:  92% (7030/7641)        
2023-09-02T00:21:05.6527855Z remote: Counting objects:  93% (7107/7641)        
2023-09-02T00:21:05.6528438Z remote: Counting objects:  94% (7183/7641)        
2023-09-02T00:21:05.6529049Z remote: Counting objects:  95% (7259/7641)        
2023-09-02T00:21:05.6529503Z remote: Counting objects:  96% (7336/7641)        
2023-09-02T00:21:05.6530356Z remote: Counting objects:  97% (7412/7641)        
2023-09-02T00:21:05.6530865Z remote: Counting objects:  98% (7489/7641)        
2023-09-02T00:21:05.6531598Z remote: Counting objects:  99% (7565/7641)        
2023-09-02T00:21:05.6532039Z remote: Counting objects: 100% (7641/7641)        
2023-09-02T00:21:05.6532572Z remote: Counting objects: 100% (7641/7641), done.        
2023-09-02T00:21:05.6660119Z remote: Compressing objects:   0% (1/2886)        
2023-09-02T00:21:05.7443817Z remote: Compressing objects:   1% (29/2886)        
2023-09-02T00:21:05.7626575Z remote: Compressing objects:   2% (58/2886)        
2023-09-02T00:21:05.7626888Z remote: Compressing objects:   3% (87/2886)        
2023-09-02T00:21:05.7627355Z remote: Compressing objects:   4% (116/2886)        
2023-09-02T00:21:05.7628804Z remote: Compressing objects:   5% (145/2886)        
2023-09-02T00:21:05.7629268Z remote: Compressing objects:   6% (174/2886)        
2023-09-02T00:21:05.7629985Z remote: Compressing objects:   7% (203/2886)        
2023-09-02T00:21:05.7630726Z remote: Compressing objects:   8% (231/2886)        
2023-09-02T00:21:05.7631470Z remote: Compressing objects:   9% (260/2886)        
2023-09-02T00:21:05.7632237Z remote: Compressing objects:  10% (289/2886)        
2023-09-02T00:21:05.7632897Z remote: Compressing objects:  11% (318/2886)        
2023-09-02T00:21:05.7633610Z remote: Compressing objects:  12% (347/2886)        
2023-09-02T00:21:05.7634904Z remote: Compressing objects:  13% (376/2886)        
2023-09-02T00:21:05.7635751Z remote: Compressing objects:  14% (405/2886)        
2023-09-02T00:21:05.7796376Z remote: Compressing objects:  15% (433/2886)        
2023-09-02T00:21:05.7796856Z remote: Compressing objects:  16% (462/2886)        
2023-09-02T00:21:05.7797223Z remote: Compressing objects:  17% (491/2886)        
2023-09-02T00:21:05.7798208Z remote: Compressing objects:  18% (520/2886)        
2023-09-02T00:21:05.7798694Z remote: Compressing objects:  19% (549/2886)        
2023-09-02T00:21:05.7799465Z remote: Compressing objects:  20% (578/2886)        
2023-09-02T00:21:05.7811477Z remote: Compressing objects:  21% (607/2886)        
2023-09-02T00:21:05.7811795Z remote: Compressing objects:  22% (635/2886)        
2023-09-02T00:21:05.7812151Z remote: Compressing objects:  23% (664/2886)        
2023-09-02T00:21:05.7812583Z remote: Compressing objects:  24% (693/2886)        
2023-09-02T00:21:05.7813175Z remote: Compressing objects:  25% (722/2886)        
2023-09-02T00:21:05.7813520Z remote: Compressing objects:  26% (751/2886)        
2023-09-02T00:21:05.7814247Z remote: Compressing objects:  27% (780/2886)        
2023-09-02T00:21:05.7814813Z remote: Compressing objects:  28% (809/2886)        
2023-09-02T00:21:05.7885407Z remote: Compressing objects:  29% (837/2886)        
2023-09-02T00:21:05.8059250Z remote: Compressing objects:  30% (866/2886)        
2023-09-02T00:21:05.8313401Z remote: Compressing objects:  31% (895/2886)        
2023-09-02T00:21:05.8500638Z remote: Compressing objects:  32% (924/2886)        
2023-09-02T00:21:05.8806473Z remote: Compressing objects:  33% (953/2886)        
2023-09-02T00:21:05.9069594Z remote: Compressing objects:  34% (982/2886)        
2023-09-02T00:21:05.9353859Z remote: Compressing objects:  35% (1011/2886)        
2023-09-02T00:21:05.9431454Z remote: Compressing objects:  36% (1039/2886)        
2023-09-02T00:21:05.9834584Z remote: Compressing objects:  37% (1068/2886)        
2023-09-02T00:21:06.0151901Z remote: Compressing objects:  38% (1097/2886)        
2023-09-02T00:21:06.0408908Z remote: Compressing objects:  39% (1126/2886)        
2023-09-02T00:21:06.0538065Z remote: Compressing objects:  40% (1155/2886)        
2023-09-02T00:21:06.0746829Z remote: Compressing objects:  41% (1184/2886)        
2023-09-02T00:21:06.1053676Z remote: Compressing objects:  42% (1213/2886)        
2023-09-02T00:21:06.1128804Z remote: Compressing objects:  43% (1241/2886)        
2023-09-02T00:21:06.1134916Z remote: Compressing objects:  44% (1270/2886)        
2023-09-02T00:21:06.1184977Z remote: Compressing objects:  45% (1299/2886)        
2023-09-02T00:21:06.1249663Z remote: Compressing objects:  46% (1328/2886)        
2023-09-02T00:21:06.1254800Z remote: Compressing objects:  47% (1357/2886)        
2023-09-02T00:21:06.1259447Z remote: Compressing objects:  48% (1386/2886)        
2023-09-02T00:21:06.1266653Z remote: Compressing objects:  49% (1415/2886)        
2023-09-02T00:21:06.1267815Z remote: Compressing objects:  50% (1443/2886)        
2023-09-02T00:21:06.1268260Z remote: Compressing objects:  51% (1472/2886)        
2023-09-02T00:21:06.1271241Z remote: Compressing objects:  52% (1501/2886)        
2023-09-02T00:21:06.1272129Z remote: Compressing objects:  53% (1530/2886)        
2023-09-02T00:21:06.1274698Z remote: Compressing objects:  54% (1559/2886)        
2023-09-02T00:21:06.1278206Z remote: Compressing objects:  55% (1588/2886)        
2023-09-02T00:21:06.1280610Z remote: Compressing objects:  56% (1617/2886)        
2023-09-02T00:21:06.1285048Z remote: Compressing objects:  57% (1646/2886)        
2023-09-02T00:21:06.1296107Z remote: Compressing objects:  58% (1674/2886)        
2023-09-02T00:21:06.1296950Z remote: Compressing objects:  59% (1703/2886)        
2023-09-02T00:21:06.1304294Z remote: Compressing objects:  60% (1732/2886)        
2023-09-02T00:21:06.1304862Z remote: Compressing objects:  61% (1761/2886)        
2023-09-02T00:21:06.1315934Z remote: Compressing objects:  62% (1790/2886)        
2023-09-02T00:21:06.1319401Z remote: Compressing objects:  63% (1819/2886)        
2023-09-02T00:21:06.1320367Z remote: Compressing objects:  64% (1848/2886)        
2023-09-02T00:21:06.1322131Z remote: Compressing objects:  65% (1876/2886)        
2023-09-02T00:21:06.1322904Z remote: Compressing objects:  66% (1905/2886)        
2023-09-02T00:21:06.1325490Z remote: Compressing objects:  67% (1934/2886)        
2023-09-02T00:21:06.1326911Z remote: Compressing objects:  68% (1963/2886)        
2023-09-02T00:21:06.1327360Z remote: Compressing objects:  69% (1992/2886)        
2023-09-02T00:21:06.1328127Z remote: Compressing objects:  70% (2021/2886)        
2023-09-02T00:21:06.1410866Z remote: Compressing objects:  71% (2050/2886)        
2023-09-02T00:21:06.1411418Z remote: Compressing objects:  72% (2078/2886)        
2023-09-02T00:21:06.1412091Z remote: Compressing objects:  73% (2107/2886)        
2023-09-02T00:21:06.1412691Z remote: Compressing objects:  74% (2136/2886)        
2023-09-02T00:21:06.1413300Z remote: Compressing objects:  75% (2165/2886)        
2023-09-02T00:21:06.1413949Z remote: Compressing objects:  76% (2194/2886)        
2023-09-02T00:21:06.1414701Z remote: Compressing objects:  77% (2223/2886)        
2023-09-02T00:21:06.1415325Z remote: Compressing objects:  78% (2252/2886)        
2023-09-02T00:21:06.1415679Z remote: Compressing objects:  79% (2280/2886)        
2023-09-02T00:21:06.1415954Z remote: Compressing objects:  80% (2309/2886)        
2023-09-02T00:21:06.1416298Z remote: Compressing objects:  81% (2338/2886)        
2023-09-02T00:21:06.1416968Z remote: Compressing objects:  82% (2367/2886)        
2023-09-02T00:21:06.1417822Z remote: Compressing objects:  83% (2396/2886)        
2023-09-02T00:21:06.1418302Z remote: Compressing objects:  84% (2425/2886)        
2023-09-02T00:21:06.1419049Z remote: Compressing objects:  85% (2454/2886)        
2023-09-02T00:21:06.1419805Z remote: Compressing objects:  86% (2482/2886)        
2023-09-02T00:21:06.1420564Z remote: Compressing objects:  87% (2511/2886)        
2023-09-02T00:21:06.1421304Z remote: Compressing objects:  88% (2540/2886)        
2023-09-02T00:21:06.1422056Z remote: Compressing objects:  89% (2569/2886)        
2023-09-02T00:21:06.1422761Z remote: Compressing objects:  90% (2598/2886)        
2023-09-02T00:21:06.1423513Z remote: Compressing objects:  91% (2627/2886)        
2023-09-02T00:21:06.1424275Z remote: Compressing objects:  92% (2656/2886)        
2023-09-02T00:21:06.1425074Z remote: Compressing objects:  93% (2684/2886)        
2023-09-02T00:21:06.1425809Z remote: Compressing objects:  94% (2713/2886)        
2023-09-02T00:21:06.1426536Z remote: Compressing objects:  95% (2742/2886)        
2023-09-02T00:21:06.1427253Z remote: Compressing objects:  96% (2771/2886)        
2023-09-02T00:21:06.1428152Z remote: Compressing objects:  97% (2800/2886)        
2023-09-02T00:21:06.1428515Z remote: Compressing objects:  98% (2829/2886)        
2023-09-02T00:21:06.1429235Z remote: Compressing objects:  99% (2858/2886)        
2023-09-02T00:21:06.1429973Z remote: Compressing objects: 100% (2886/2886)        
2023-09-02T00:21:06.1430677Z remote: Compressing objects: 100% (2886/2886), done.        
2023-09-02T00:21:06.2035642Z Receiving objects:   0% (1/7641)
2023-09-02T00:21:06.2137223Z Receiving objects:   1% (77/7641)
2023-09-02T00:21:06.2198984Z Receiving objects:   2% (153/7641)
2023-09-02T00:21:06.2379828Z Receiving objects:   3% (230/7641)
2023-09-02T00:21:06.2409491Z Receiving objects:   4% (306/7641)
2023-09-02T00:21:06.2457045Z Receiving objects:   5% (383/7641)
2023-09-02T00:21:06.2478543Z Receiving objects:   6% (459/7641)
2023-09-02T00:21:06.2505871Z Receiving objects:   7% (535/7641)
2023-09-02T00:21:06.2525549Z Receiving objects:   8% (612/7641)
2023-09-02T00:21:06.2597877Z Receiving objects:   9% (688/7641)
2023-09-02T00:21:06.2658601Z Receiving objects:  10% (765/7641)
2023-09-02T00:21:06.2704164Z Receiving objects:  11% (841/7641)
2023-09-02T00:21:06.2705729Z Receiving objects:  12% (917/7641)
2023-09-02T00:21:06.2709969Z Receiving objects:  13% (994/7641)
2023-09-02T00:21:06.2710428Z Receiving objects:  14% (1070/7641)
2023-09-02T00:21:06.2796674Z Receiving objects:  15% (1147/7641)
2023-09-02T00:21:06.2914227Z Receiving objects:  16% (1223/7641)
2023-09-02T00:21:06.2993106Z Receiving objects:  17% (1299/7641)
2023-09-02T00:21:06.3072275Z Receiving objects:  18% (1376/7641)
2023-09-02T00:21:06.3168649Z Receiving objects:  19% (1452/7641)
2023-09-02T00:21:06.3226894Z Receiving objects:  20% (1529/7641)
2023-09-02T00:21:06.3310238Z Receiving objects:  21% (1605/7641)
2023-09-02T00:21:06.3379535Z Receiving objects:  22% (1682/7641)
2023-09-02T00:21:06.3476266Z Receiving objects:  23% (1758/7641)
2023-09-02T00:21:06.3596815Z Receiving objects:  24% (1834/7641)
2023-09-02T00:21:06.3727951Z Receiving objects:  25% (1911/7641)
2023-09-02T00:21:06.3843008Z Receiving objects:  26% (1987/7641)
2023-09-02T00:21:06.3955818Z Receiving objects:  27% (2064/7641)
2023-09-02T00:21:06.4095508Z Receiving objects:  28% (2140/7641)
2023-09-02T00:21:06.4211962Z Receiving objects:  29% (2216/7641)
2023-09-02T00:21:06.4315368Z Receiving objects:  30% (2293/7641)
2023-09-02T00:21:06.4470763Z Receiving objects:  31% (2369/7641)
2023-09-02T00:21:06.4559010Z Receiving objects:  32% (2446/7641)
2023-09-02T00:21:06.4671914Z Receiving objects:  33% (2522/7641)
2023-09-02T00:21:06.4773407Z Receiving objects:  34% (2598/7641)
2023-09-02T00:21:06.4884115Z Receiving objects:  35% (2675/7641)
2023-09-02T00:21:06.4964607Z Receiving objects:  36% (2751/7641)
2023-09-02T00:21:06.5139074Z Receiving objects:  37% (2828/7641)
2023-09-02T00:21:06.5264359Z Receiving objects:  38% (2904/7641)
2023-09-02T00:21:06.5384549Z Receiving objects:  39% (2980/7641)
2023-09-02T00:21:06.5465566Z Receiving objects:  40% (3057/7641)
2023-09-02T00:21:06.5504857Z Receiving objects:  41% (3133/7641)
2023-09-02T00:21:06.5542387Z Receiving objects:  42% (3210/7641)
2023-09-02T00:21:06.5581954Z Receiving objects:  43% (3286/7641)
2023-09-02T00:21:06.5621941Z Receiving objects:  44% (3363/7641)
2023-09-02T00:21:06.5659607Z Receiving objects:  45% (3439/7641)
2023-09-02T00:21:06.5701625Z Receiving objects:  46% (3515/7641)
2023-09-02T00:21:06.5739465Z Receiving objects:  47% (3592/7641)
2023-09-02T00:21:06.5783840Z Receiving objects:  48% (3668/7641)
2023-09-02T00:21:06.5965728Z Receiving objects:  49% (3745/7641)
2023-09-02T00:21:06.6170940Z Receiving objects:  50% (3821/7641)
2023-09-02T00:21:06.6350328Z Receiving objects:  51% (3897/7641)
2023-09-02T00:21:06.6502378Z Receiving objects:  52% (3974/7641)
2023-09-02T00:21:06.6619064Z Receiving objects:  53% (4050/7641)
2023-09-02T00:21:06.6769678Z Receiving objects:  54% (4127/7641), 14.72 MiB | 29.43 MiB/s
2023-09-02T00:21:06.6891827Z Receiving objects:  55% (4203/7641), 14.72 MiB | 29.43 MiB/s
2023-09-02T00:21:06.7045263Z Receiving objects:  56% (4279/7641), 14.72 MiB | 29.43 MiB/s
2023-09-02T00:21:06.7202206Z Receiving objects:  57% (4356/7641), 14.72 MiB | 29.43 MiB/s
2023-09-02T00:21:06.7387510Z Receiving objects:  58% (4432/7641), 14.72 MiB | 29.43 MiB/s
2023-09-02T00:21:06.7555874Z Receiving objects:  59% (4509/7641), 14.72 MiB | 29.43 MiB/s
2023-09-02T00:21:06.7698752Z Receiving objects:  60% (4585/7641), 14.72 MiB | 29.43 MiB/s
2023-09-02T00:21:06.7773795Z Receiving objects:  61% (4662/7641), 14.72 MiB | 29.43 MiB/s
2023-09-02T00:21:06.7924713Z Receiving objects:  62% (4738/7641), 14.72 MiB | 29.43 MiB/s
2023-09-02T00:21:06.8073408Z Receiving objects:  63% (4814/7641), 14.72 MiB | 29.43 MiB/s
2023-09-02T00:21:06.8238776Z Receiving objects:  64% (4891/7641), 14.72 MiB | 29.43 MiB/s
2023-09-02T00:21:06.8393534Z Receiving objects:  65% (4967/7641), 14.72 MiB | 29.43 MiB/s
2023-09-02T00:21:06.8483049Z Receiving objects:  66% (5044/7641), 14.72 MiB | 29.43 MiB/s
2023-09-02T00:21:06.8633498Z Receiving objects:  67% (5120/7641), 14.72 MiB | 29.43 MiB/s
2023-09-02T00:21:06.8724690Z Receiving objects:  68% (5196/7641), 14.72 MiB | 29.43 MiB/s
2023-09-02T00:21:06.8858189Z Receiving objects:  69% (5273/7641), 14.72 MiB | 29.43 MiB/s
2023-09-02T00:21:06.8992592Z Receiving objects:  70% (5349/7641), 14.72 MiB | 29.43 MiB/s
2023-09-02T00:21:06.9082724Z Receiving objects:  71% (5426/7641), 14.72 MiB | 29.43 MiB/s
2023-09-02T00:21:06.9227308Z Receiving objects:  72% (5502/7641), 14.72 MiB | 29.43 MiB/s
2023-09-02T00:21:06.9345029Z Receiving objects:  73% (5578/7641), 14.72 MiB | 29.43 MiB/s
2023-09-02T00:21:06.9546745Z Receiving objects:  74% (5655/7641), 14.72 MiB | 29.43 MiB/s
2023-09-02T00:21:06.9743199Z Receiving objects:  75% (5731/7641), 14.72 MiB | 29.43 MiB/s
2023-09-02T00:21:06.9867921Z Receiving objects:  76% (5808/7641), 14.72 MiB | 29.43 MiB/s
2023-09-02T00:21:06.9958096Z Receiving objects:  77% (5884/7641), 14.72 MiB | 29.43 MiB/s
2023-09-02T00:21:07.0087029Z Receiving objects:  78% (5960/7641), 14.72 MiB | 29.43 MiB/s
2023-09-02T00:21:07.0240350Z Receiving objects:  79% (6037/7641), 14.72 MiB | 29.43 MiB/s
2023-09-02T00:21:07.0359893Z Receiving objects:  80% (6113/7641), 14.72 MiB | 29.43 MiB/s
2023-09-02T00:21:07.0536615Z Receiving objects:  81% (6190/7641), 14.72 MiB | 29.43 MiB/s
2023-09-02T00:21:07.0686339Z Receiving objects:  82% (6266/7641), 14.72 MiB | 29.43 MiB/s
2023-09-02T00:21:07.0807025Z Receiving objects:  83% (6343/7641), 14.72 MiB | 29.43 MiB/s
2023-09-02T00:21:07.0912877Z Receiving objects:  84% (6419/7641), 14.72 MiB | 29.43 MiB/s
2023-09-02T00:21:07.1078426Z Receiving objects:  85% (6495/7641), 14.72 MiB | 29.43 MiB/s
2023-09-02T00:21:07.1196507Z Receiving objects:  86% (6572/7641), 14.72 MiB | 29.43 MiB/s
2023-09-02T00:21:07.1269626Z Receiving objects:  87% (6648/7641), 14.72 MiB | 29.43 MiB/s
2023-09-02T00:21:07.1283998Z Receiving objects:  88% (6725/7641), 14.72 MiB | 29.43 MiB/s
2023-09-02T00:21:07.1322228Z Receiving objects:  89% (6801/7641), 14.72 MiB | 29.43 MiB/s
2023-09-02T00:21:07.1327027Z Receiving objects:  90% (6877/7641), 14.72 MiB | 29.43 MiB/s
2023-09-02T00:21:07.1330346Z Receiving objects:  91% (6954/7641), 14.72 MiB | 29.43 MiB/s
2023-09-02T00:21:07.1335829Z Receiving objects:  92% (7030/7641), 14.72 MiB | 29.43 MiB/s
2023-09-02T00:21:07.1347201Z Receiving objects:  93% (7107/7641), 14.72 MiB | 29.43 MiB/s
2023-09-02T00:21:07.1385124Z Receiving objects:  94% (7183/7641), 14.72 MiB | 29.43 MiB/s
2023-09-02T00:21:07.1562961Z Receiving objects:  95% (7259/7641), 14.72 MiB | 29.43 MiB/s
2023-09-02T00:21:07.1573104Z Receiving objects:  95% (7333/7641), 33.14 MiB | 33.13 MiB/s
2023-09-02T00:21:07.1746124Z Receiving objects:  96% (7336/7641), 33.14 MiB | 33.13 MiB/s
2023-09-02T00:21:07.1754663Z Receiving objects:  97% (7412/7641), 33.14 MiB | 33.13 MiB/s
2023-09-02T00:21:07.1844094Z Receiving objects:  98% (7489/7641), 33.14 MiB | 33.13 MiB/s
2023-09-02T00:21:07.2041795Z Receiving objects:  99% (7565/7641), 33.14 MiB | 33.13 MiB/s
2023-09-02T00:21:07.2043018Z remote: Total 7641 (delta 4448), reused 7348 (delta 4360), pack-reused 0        
2023-09-02T00:21:07.2063210Z Receiving objects: 100% (7641/7641), 33.14 MiB | 33.13 MiB/s
2023-09-02T00:21:07.2063739Z Receiving objects: 100% (7641/7641), 35.37 MiB | 33.69 MiB/s, done.
2023-09-02T00:21:07.2151670Z Resolving deltas:   0% (0/4448)
2023-09-02T00:21:07.2272909Z Resolving deltas:   1% (45/4448)
2023-09-02T00:21:07.2407318Z Resolving deltas:   2% (89/4448)
2023-09-02T00:21:07.2516655Z Resolving deltas:   3% (134/4448)
2023-09-02T00:21:07.2619665Z Resolving deltas:   4% (178/4448)
2023-09-02T00:21:07.2703391Z Resolving deltas:   5% (223/4448)
2023-09-02T00:21:07.2710779Z Resolving deltas:   6% (267/4448)
2023-09-02T00:21:07.2717859Z Resolving deltas:   7% (312/4448)
2023-09-02T00:21:07.2725202Z Resolving deltas:   8% (356/4448)
2023-09-02T00:21:07.2731992Z Resolving deltas:   9% (401/4448)
2023-09-02T00:21:07.2740313Z Resolving deltas:  10% (445/4448)
2023-09-02T00:21:07.2747735Z Resolving deltas:  11% (490/4448)
2023-09-02T00:21:07.2752757Z Resolving deltas:  12% (535/4448)
2023-09-02T00:21:07.2763222Z Resolving deltas:  13% (579/4448)
2023-09-02T00:21:07.2792276Z Resolving deltas:  14% (623/4448)
2023-09-02T00:21:07.2935707Z Resolving deltas:  15% (668/4448)
2023-09-02T00:21:07.3154038Z Resolving deltas:  16% (712/4448)
2023-09-02T00:21:07.3315996Z Resolving deltas:  17% (757/4448)
2023-09-02T00:21:07.3474204Z Resolving deltas:  18% (801/4448)
2023-09-02T00:21:07.3690662Z Resolving deltas:  19% (846/4448)
2023-09-02T00:21:07.3951620Z Resolving deltas:  20% (890/4448)
2023-09-02T00:21:07.4333537Z Resolving deltas:  21% (935/4448)
2023-09-02T00:21:07.4771021Z Resolving deltas:  22% (980/4448)
2023-09-02T00:21:07.4985891Z Resolving deltas:  23% (1024/4448)
2023-09-02T00:21:07.5131211Z Resolving deltas:  24% (1068/4448)
2023-09-02T00:21:07.5322908Z Resolving deltas:  25% (1112/4448)
2023-09-02T00:21:07.5373962Z Resolving deltas:  26% (1157/4448)
2023-09-02T00:21:07.5383613Z Resolving deltas:  27% (1201/4448)
2023-09-02T00:21:07.5385399Z Resolving deltas:  28% (1246/4448)
2023-09-02T00:21:07.5390489Z Resolving deltas:  29% (1290/4448)
2023-09-02T00:21:07.5399634Z Resolving deltas:  30% (1335/4448)
2023-09-02T00:21:07.5406495Z Resolving deltas:  31% (1379/4448)
2023-09-02T00:21:07.5418666Z Resolving deltas:  32% (1424/4448)
2023-09-02T00:21:07.5429363Z Resolving deltas:  33% (1468/4448)
2023-09-02T00:21:07.5436896Z Resolving deltas:  34% (1513/4448)
2023-09-02T00:21:07.5444876Z Resolving deltas:  35% (1557/4448)
2023-09-02T00:21:07.5465800Z Resolving deltas:  36% (1602/4448)
2023-09-02T00:21:07.5475771Z Resolving deltas:  37% (1646/4448)
2023-09-02T00:21:07.5502625Z Resolving deltas:  38% (1691/4448)
2023-09-02T00:21:07.5521472Z Resolving deltas:  39% (1735/4448)
2023-09-02T00:21:07.5526696Z Resolving deltas:  40% (1780/4448)
2023-09-02T00:21:07.5528846Z Resolving deltas:  41% (1824/4448)
2023-09-02T00:21:07.5531154Z Resolving deltas:  42% (1869/4448)
2023-09-02T00:21:07.5533519Z Resolving deltas:  43% (1913/4448)
2023-09-02T00:21:07.5558066Z Resolving deltas:  44% (1958/4448)
2023-09-02T00:21:07.5591678Z Resolving deltas:  45% (2002/4448)
2023-09-02T00:21:07.5610978Z Resolving deltas:  46% (2047/4448)
2023-09-02T00:21:07.5649798Z Resolving deltas:  47% (2091/4448)
2023-09-02T00:21:07.5684255Z Resolving deltas:  48% (2136/4448)
2023-09-02T00:21:07.5721776Z Resolving deltas:  49% (2180/4448)
2023-09-02T00:21:07.5760343Z Resolving deltas:  50% (2224/4448)
2023-09-02T00:21:07.5774331Z Resolving deltas:  51% (2269/4448)
2023-09-02T00:21:07.5780882Z Resolving deltas:  52% (2313/4448)
2023-09-02T00:21:07.5856081Z Resolving deltas:  53% (2359/4448)
2023-09-02T00:21:07.6073500Z Resolving deltas:  54% (2402/4448)
2023-09-02T00:21:07.6453049Z Resolving deltas:  55% (2447/4448)
2023-09-02T00:21:07.6782846Z Resolving deltas:  56% (2491/4448)
2023-09-02T00:21:07.7153446Z Resolving deltas:  57% (2536/4448)
2023-09-02T00:21:07.7421093Z Resolving deltas:  58% (2580/4448)
2023-09-02T00:21:07.7723540Z Resolving deltas:  59% (2625/4448)
2023-09-02T00:21:07.8057477Z Resolving deltas:  60% (2669/4448)
2023-09-02T00:21:07.8276027Z Resolving deltas:  61% (2714/4448)
2023-09-02T00:21:07.8286720Z Resolving deltas:  62% (2758/4448)
2023-09-02T00:21:07.8393213Z Resolving deltas:  63% (2803/4448)
2023-09-02T00:21:07.8507723Z Resolving deltas:  64% (2848/4448)
2023-09-02T00:21:07.8521961Z Resolving deltas:  65% (2892/4448)
2023-09-02T00:21:07.8608153Z Resolving deltas:  66% (2936/4448)
2023-09-02T00:21:07.8898344Z Resolving deltas:  67% (2981/4448)
2023-09-02T00:21:07.9114694Z Resolving deltas:  68% (3025/4448)
2023-09-02T00:21:07.9377303Z Resolving deltas:  69% (3070/4448)
2023-09-02T00:21:07.9484594Z Resolving deltas:  70% (3114/4448)
2023-09-02T00:21:07.9496519Z Resolving deltas:  71% (3159/4448)
2023-09-02T00:21:07.9514818Z Resolving deltas:  72% (3203/4448)
2023-09-02T00:21:07.9519325Z Resolving deltas:  73% (3248/4448)
2023-09-02T00:21:07.9531759Z Resolving deltas:  74% (3292/4448)
2023-09-02T00:21:07.9543483Z Resolving deltas:  75% (3336/4448)
2023-09-02T00:21:07.9551469Z Resolving deltas:  76% (3381/4448)
2023-09-02T00:21:07.9555216Z Resolving deltas:  77% (3425/4448)
2023-09-02T00:21:07.9560981Z Resolving deltas:  78% (3470/4448)
2023-09-02T00:21:07.9572010Z Resolving deltas:  79% (3514/4448)
2023-09-02T00:21:07.9583172Z Resolving deltas:  80% (3559/4448)
2023-09-02T00:21:07.9604288Z Resolving deltas:  81% (3603/4448)
2023-09-02T00:21:07.9644137Z Resolving deltas:  82% (3648/4448)
2023-09-02T00:21:07.9839776Z Resolving deltas:  83% (3692/4448)
2023-09-02T00:21:08.0061359Z Resolving deltas:  84% (3737/4448)
2023-09-02T00:21:08.0119212Z Resolving deltas:  85% (3781/4448)
2023-09-02T00:21:08.0163182Z Resolving deltas:  86% (3826/4448)
2023-09-02T00:21:08.0213416Z Resolving deltas:  87% (3870/4448)
2023-09-02T00:21:08.0260032Z Resolving deltas:  88% (3915/4448)
2023-09-02T00:21:08.0313992Z Resolving deltas:  89% (3959/4448)
2023-09-02T00:21:08.0368342Z Resolving deltas:  90% (4004/4448)
2023-09-02T00:21:08.0473586Z Resolving deltas:  91% (4048/4448)
2023-09-02T00:21:08.0580348Z Resolving deltas:  92% (4093/4448)
2023-09-02T00:21:08.0682822Z Resolving deltas:  93% (4137/4448)
2023-09-02T00:21:08.0730687Z Resolving deltas:  94% (4182/4448)
2023-09-02T00:21:08.0783817Z Resolving deltas:  95% (4226/4448)
2023-09-02T00:21:08.0840870Z Resolving deltas:  96% (4271/4448)
2023-09-02T00:21:08.0905450Z Resolving deltas:  97% (4315/4448)
2023-09-02T00:21:08.0990645Z Resolving deltas:  98% (4360/4448)
2023-09-02T00:21:08.1036901Z Resolving deltas:  99% (4404/4448)
2023-09-02T00:21:08.1066354Z Resolving deltas: 100% (4448/4448)
2023-09-02T00:21:08.1066947Z Resolving deltas: 100% (4448/4448), done.
2023-09-02T00:21:08.1592865Z From https://github.com/seanpm2001/GitHub_Stats_A
2023-09-02T00:21:08.1593996Z  * [new ref]         c8a83682154cabd4f29f251ef23125f886ad4b58 -> origin/master
2023-09-02T00:21:08.1619996Z ##[endgroup]
2023-09-02T00:21:08.1620551Z ##[group]Determining the checkout info
2023-09-02T00:21:08.1621735Z ##[endgroup]
2023-09-02T00:21:08.1622268Z ##[group]Checking out the ref
2023-09-02T00:21:08.1626874Z [command]/usr/bin/git checkout --progress --force -B master refs/remotes/origin/master
2023-09-02T00:21:09.1808685Z Updating files:  75% (5980/7928)
2023-09-02T00:21:09.1882749Z Updating files:  76% (6026/7928)
2023-09-02T00:21:09.1960958Z Updating files:  77% (6105/7928)
2023-09-02T00:21:09.2106354Z Updating files:  78% (6184/7928)
2023-09-02T00:21:09.2128752Z Updating files:  79% (6264/7928)
2023-09-02T00:21:09.2212689Z Updating files:  80% (6343/7928)
2023-09-02T00:21:09.2331448Z Updating files:  81% (6422/7928)
2023-09-02T00:21:09.2368670Z Updating files:  82% (6501/7928)
2023-09-02T00:21:09.2394119Z Updating files:  83% (6581/7928)
2023-09-02T00:21:09.2458187Z Updating files:  84% (6660/7928)
2023-09-02T00:21:09.2506589Z Updating files:  85% (6739/7928)
2023-09-02T00:21:09.2566044Z Updating files:  86% (6819/7928)
2023-09-02T00:21:09.2632309Z Updating files:  87% (6898/7928)
2023-09-02T00:21:09.2690960Z Updating files:  88% (6977/7928)
2023-09-02T00:21:09.2814940Z Updating files:  89% (7056/7928)
2023-09-02T00:21:09.2926770Z Updating files:  90% (7136/7928)
2023-09-02T00:21:09.3054830Z Updating files:  91% (7215/7928)
2023-09-02T00:21:09.3202810Z Updating files:  92% (7294/7928)
2023-09-02T00:21:09.3325404Z Updating files:  93% (7374/7928)
2023-09-02T00:21:09.3376477Z Updating files:  94% (7453/7928)
2023-09-02T00:21:09.3440663Z Updating files:  95% (7532/7928)
2023-09-02T00:21:09.3520937Z Updating files:  96% (7611/7928)
2023-09-02T00:21:09.3609767Z Updating files:  97% (7691/7928)
2023-09-02T00:21:09.3745296Z Updating files:  98% (7770/7928)
2023-09-02T00:21:09.3838858Z Updating files:  99% (7849/7928)
2023-09-02T00:21:09.3839231Z Updating files: 100% (7928/7928)
2023-09-02T00:21:09.3839804Z Updating files: 100% (7928/7928), done.
2023-09-02T00:21:09.3975824Z Reset branch 'master'
2023-09-02T00:21:09.3976816Z branch 'master' set up to track 'origin/master'.
2023-09-02T00:21:09.4034343Z ##[endgroup]
2023-09-02T00:21:09.4074521Z [command]/usr/bin/git log -1 --format='%H'
2023-09-02T00:21:09.4102440Z 'c8a83682154cabd4f29f251ef23125f886ad4b58'
2023-09-02T00:21:09.4463937Z ##[group]Run actions/setup-python@v4
2023-09-02T00:21:09.4464180Z with:
2023-09-02T00:21:09.4464380Z   python-version: 3.8
2023-09-02T00:21:09.4464609Z   architecture: x64
2023-09-02T00:21:09.4464801Z   cache: pip
2023-09-02T00:21:09.4465003Z   check-latest: false
2023-09-02T00:21:09.4465344Z   token: ***
2023-09-02T00:21:09.4465552Z   update-environment: true
2023-09-02T00:21:09.4465778Z   allow-prereleases: false
2023-09-02T00:21:09.4465997Z ##[endgroup]
2023-09-02T00:21:09.6192141Z ##[group]Installed versions
2023-09-02T00:21:09.6268692Z Successfully set up CPython (3.8.17)
2023-09-02T00:21:09.6269169Z ##[endgroup]
2023-09-02T00:21:10.3528238Z [command]/opt/hostedtoolcache/Python/3.8.17/x64/bin/pip cache dir
2023-09-02T00:21:12.8502591Z /home/runner/.cache/pip
2023-09-02T00:21:13.7407097Z Received 6339595 of 6339595 (100.0%), 11.3 MBs/sec
2023-09-02T00:21:13.7414785Z Cache Size: ~6 MB (6339595 B)
2023-09-02T00:21:13.7434820Z [command]/usr/bin/tar -xf /home/runner/work/_temp/9b1b3e84-d12f-409a-91dc-34af5613e2bf/cache.tzst -P -C /home/runner/work/GitHub_Stats_A/GitHub_Stats_A --use-compress-program unzstd
2023-09-02T00:21:13.7687033Z Cache restored successfully
2023-09-02T00:21:13.7706172Z Cache restored from key: setup-python-Linux-22.04-Ubuntu-python-3.8.17-pip-60f2a6c0212a9b74a155cd81b58dd07fd8b180833132566260d95f4de42fe218
2023-09-02T00:21:13.7883611Z ##[group]Run python3 -m pip install --upgrade pip setuptools wheel
2023-09-02T00:21:13.7884234Z [36;1mpython3 -m pip install --upgrade pip setuptools wheel[0m
2023-09-02T00:21:13.7884575Z [36;1mpython3 -m pip install -r requirements.txt[0m
2023-09-02T00:21:13.7943494Z shell: /usr/bin/bash -e {0}
2023-09-02T00:21:13.7943738Z env:
2023-09-02T00:21:13.7944027Z   pythonLocation: /opt/hostedtoolcache/Python/3.8.17/x64
2023-09-02T00:21:13.7944379Z   PKG_CONFIG_PATH: /opt/hostedtoolcache/Python/3.8.17/x64/lib/pkgconfig
2023-09-02T00:21:13.7944731Z   Python_ROOT_DIR: /opt/hostedtoolcache/Python/3.8.17/x64
2023-09-02T00:21:13.7945061Z   Python2_ROOT_DIR: /opt/hostedtoolcache/Python/3.8.17/x64
2023-09-02T00:21:13.7945388Z   Python3_ROOT_DIR: /opt/hostedtoolcache/Python/3.8.17/x64
2023-09-02T00:21:13.7945721Z   LD_LIBRARY_PATH: /opt/hostedtoolcache/Python/3.8.17/x64/lib
2023-09-02T00:21:13.7945988Z ##[endgroup]
2023-09-02T00:21:15.0891350Z Requirement already satisfied: pip in /opt/hostedtoolcache/Python/3.8.17/x64/lib/python3.8/site-packages (23.0.1)
2023-09-02T00:21:15.3714317Z Collecting pip
2023-09-02T00:21:15.3718486Z   Obtaining dependency information for pip from https://files.pythonhosted.org/packages/50/c2/e06851e8cc28dcad7c155f4753da8833ac06a5c704c109313b8d5a62968a/pip-23.2.1-py3-none-any.whl.metadata
2023-09-02T00:21:15.5090203Z   Downloading pip-23.2.1-py3-none-any.whl.metadata (4.2 kB)
2023-09-02T00:21:15.5125369Z Requirement already satisfied: setuptools in /opt/hostedtoolcache/Python/3.8.17/x64/lib/python3.8/site-packages (56.0.0)
2023-09-02T00:21:15.8382669Z Collecting setuptools
2023-09-02T00:21:15.8386048Z   Obtaining dependency information for setuptools from https://files.pythonhosted.org/packages/4f/ab/0bcfebdfc3bfa8554b2b2c97a555569c4c1ebc74ea288741ea8326c51906/setuptools-68.1.2-py3-none-any.whl.metadata
2023-09-02T00:21:15.8557074Z   Downloading setuptools-68.1.2-py3-none-any.whl.metadata (6.2 kB)
2023-09-02T00:21:15.9156127Z Collecting wheel
2023-09-02T00:21:15.9161320Z   Obtaining dependency information for wheel from https://files.pythonhosted.org/packages/b8/8b/31273bf66016be6ad22bb7345c37ff350276cfd46e389a0c2ac5da9d9073/wheel-0.41.2-py3-none-any.whl.metadata
2023-09-02T00:21:15.9326417Z   Downloading wheel-0.41.2-py3-none-any.whl.metadata (2.2 kB)
2023-09-02T00:21:16.0008754Z Downloading pip-23.2.1-py3-none-any.whl (2.1 MB)
2023-09-02T00:21:16.2694587Z    ‚îÅ‚îÅ‚îÅ‚îÅ‚îÅ‚îÅ‚îÅ‚îÅ‚îÅ‚îÅ‚îÅ‚îÅ‚îÅ‚îÅ‚îÅ‚îÅ‚îÅ‚îÅ‚îÅ‚îÅ‚îÅ‚îÅ‚îÅ‚îÅ‚îÅ‚îÅ‚îÅ‚îÅ‚îÅ‚îÅ‚îÅ‚îÅ‚îÅ‚îÅ‚îÅ‚îÅ‚îÅ‚îÅ‚îÅ‚îÅ 2.1/2.1 MB 7.9 MB/s eta 0:00:00
2023-09-02T00:21:16.2885157Z Downloading setuptools-68.1.2-py3-none-any.whl (805 kB)
2023-09-02T00:21:16.3513601Z    ‚îÅ‚îÅ‚îÅ‚îÅ‚îÅ‚îÅ‚îÅ‚îÅ‚îÅ‚îÅ‚îÅ‚îÅ‚îÅ‚îÅ‚îÅ‚îÅ‚îÅ‚îÅ‚îÅ‚îÅ‚îÅ‚îÅ‚îÅ‚îÅ‚îÅ‚îÅ‚îÅ‚îÅ‚îÅ‚îÅ‚îÅ‚îÅ‚îÅ‚îÅ‚îÅ‚îÅ‚îÅ‚îÅ‚îÅ‚îÅ 805.1/805.1 kB 13.3 MB/s eta 0:00:00
2023-09-02T00:21:16.3712236Z Downloading wheel-0.41.2-py3-none-any.whl (64 kB)
2023-09-02T00:21:16.3762794Z    ‚îÅ‚îÅ‚îÅ‚îÅ‚îÅ‚îÅ‚îÅ‚îÅ‚îÅ‚îÅ‚îÅ‚îÅ‚îÅ‚îÅ‚îÅ‚îÅ‚îÅ‚îÅ‚îÅ‚îÅ‚îÅ‚îÅ‚îÅ‚îÅ‚îÅ‚îÅ‚îÅ‚îÅ‚îÅ‚îÅ‚îÅ‚îÅ‚îÅ‚îÅ‚îÅ‚îÅ‚îÅ‚îÅ‚îÅ‚îÅ 64.8/64.8 kB 23.8 MB/s eta 0:00:00
2023-09-02T00:21:16.5115831Z Installing collected packages: wheel, setuptools, pip
2023-09-02T00:21:16.5644045Z   Attempting uninstall: setuptools
2023-09-02T00:21:16.5652403Z     Found existing installation: setuptools 56.0.0
2023-09-02T00:21:16.5852886Z     Uninstalling setuptools-56.0.0:
2023-09-02T00:21:16.5958274Z       Successfully uninstalled setuptools-56.0.0
2023-09-02T00:21:17.0410162Z   Attempting uninstall: pip
2023-09-02T00:21:17.0416427Z     Found existing installation: pip 23.0.1
2023-09-02T00:21:17.1152474Z     Uninstalling pip-23.0.1:
2023-09-02T00:21:17.1614018Z       Successfully uninstalled pip-23.0.1
2023-09-02T00:21:18.2675865Z Successfully installed pip-23.2.1 setuptools-68.1.2 wheel-0.41.2
2023-09-02T00:21:20.2004363Z Collecting requests (from -r requirements.txt (line 1))
2023-09-02T00:21:20.2010506Z   Obtaining dependency information for requests from https://files.pythonhosted.org/packages/70/8e/0e2d847013cb52cd35b38c009bb167a1a26b2ce6cd6965bf26b47bc0bf44/requests-2.31.0-py3-none-any.whl.metadata
2023-09-02T00:21:20.3215215Z   Downloading requests-2.31.0-py3-none-any.whl.metadata (4.6 kB)
2023-09-02T00:21:20.8356492Z Collecting aiohttp (from -r requirements.txt (line 2))
2023-09-02T00:21:20.8363529Z   Obtaining dependency information for aiohttp from https://files.pythonhosted.org/packages/84/22/20c41a698eb5435ff7cd3bc6884542d2a40f3c91a221f713d77217facc39/aiohttp-3.8.5-cp38-cp38-manylinux_2_17_x86_64.manylinux2014_x86_64.whl.metadata
2023-09-02T00:21:20.8526923Z   Downloading aiohttp-3.8.5-cp38-cp38-manylinux_2_17_x86_64.manylinux2014_x86_64.whl.metadata (7.7 kB)
2023-09-02T00:21:21.0032433Z Collecting charset-normalizer<4,>=2 (from requests->-r requirements.txt (line 1))
2023-09-02T00:21:21.0034840Z   Obtaining dependency information for charset-normalizer<4,>=2 from https://files.pythonhosted.org/packages/cb/e7/5e43745003bf1f90668c7be23fc5952b3a2b9c2558f16749411c18039b36/charset_normalizer-3.2.0-cp38-cp38-manylinux_2_17_x86_64.manylinux2014_x86_64.whl.metadata
2023-09-02T00:21:21.0200971Z   Downloading charset_normalizer-3.2.0-cp38-cp38-manylinux_2_17_x86_64.manylinux2014_x86_64.whl.metadata (31 kB)
2023-09-02T00:21:21.0742103Z Collecting idna<4,>=2.5 (from requests->-r requirements.txt (line 1))
2023-09-02T00:21:21.0763934Z   Using cached idna-3.4-py3-none-any.whl (61 kB)
2023-09-02T00:21:21.1516458Z Collecting urllib3<3,>=1.21.1 (from requests->-r requirements.txt (line 1))
2023-09-02T00:21:21.1520169Z   Obtaining dependency information for urllib3<3,>=1.21.1 from https://files.pythonhosted.org/packages/9b/81/62fd61001fa4b9d0df6e31d47ff49cfa9de4af03adecf339c7bc30656b37/urllib3-2.0.4-py3-none-any.whl.metadata
2023-09-02T00:21:21.1685585Z   Downloading urllib3-2.0.4-py3-none-any.whl.metadata (6.6 kB)
2023-09-02T00:21:21.2208708Z Collecting certifi>=2017.4.17 (from requests->-r requirements.txt (line 1))
2023-09-02T00:21:21.2211211Z   Obtaining dependency information for certifi>=2017.4.17 from https://files.pythonhosted.org/packages/4c/dd/2234eab22353ffc7d94e8d13177aaa050113286e93e7b40eae01fbf7c3d9/certifi-2023.7.22-py3-none-any.whl.metadata
2023-09-02T00:21:21.2381871Z   Downloading certifi-2023.7.22-py3-none-any.whl.metadata (2.2 kB)
2023-09-02T00:21:21.2937028Z Collecting attrs>=17.3.0 (from aiohttp->-r requirements.txt (line 2))
2023-09-02T00:21:21.2958213Z   Using cached attrs-23.1.0-py3-none-any.whl (61 kB)
2023-09-02T00:21:21.7724100Z Collecting multidict<7.0,>=4.5 (from aiohttp->-r requirements.txt (line 2))
2023-09-02T00:21:21.7748944Z   Using cached multidict-6.0.4-cp38-cp38-manylinux_2_17_x86_64.manylinux2014_x86_64.whl (121 kB)
2023-09-02T00:21:21.8104290Z Collecting async-timeout<5.0,>=4.0.0a3 (from aiohttp->-r requirements.txt (line 2))
2023-09-02T00:21:21.8107364Z   Obtaining dependency information for async-timeout<5.0,>=4.0.0a3 from https://files.pythonhosted.org/packages/a7/fa/e01228c2938de91d47b307831c62ab9e4001e747789d0b05baf779a6488c/async_timeout-4.0.3-py3-none-any.whl.metadata
2023-09-02T00:21:21.8288188Z   Downloading async_timeout-4.0.3-py3-none-any.whl.metadata (4.2 kB)
2023-09-02T00:21:22.1041674Z Collecting yarl<2.0,>=1.0 (from aiohttp->-r requirements.txt (line 2))
2023-09-02T00:21:22.1064415Z   Using cached yarl-1.9.2-cp38-cp38-manylinux_2_17_x86_64.manylinux2014_x86_64.whl (266 kB)
2023-09-02T00:21:22.2343665Z Collecting frozenlist>=1.1.1 (from aiohttp->-r requirements.txt (line 2))
2023-09-02T00:21:22.2345468Z   Obtaining dependency information for frozenlist>=1.1.1 from https://files.pythonhosted.org/packages/0b/36/c276486f89bee9098332710af2207344f360c6c6f104a4931a7566039b1d/frozenlist-1.4.0-cp38-cp38-manylinux_2_5_x86_64.manylinux1_x86_64.manylinux_2_17_x86_64.manylinux2014_x86_64.whl.metadata
2023-09-02T00:21:22.2510949Z   Downloading frozenlist-1.4.0-cp38-cp38-manylinux_2_5_x86_64.manylinux1_x86_64.manylinux_2_17_x86_64.manylinux2014_x86_64.whl.metadata (5.2 kB)
2023-09-02T00:21:22.2831145Z Collecting aiosignal>=1.1.2 (from aiohttp->-r requirements.txt (line 2))
2023-09-02T00:21:22.2855790Z   Using cached aiosignal-1.3.1-py3-none-any.whl (7.6 kB)
2023-09-02T00:21:22.3793148Z Using cached requests-2.31.0-py3-none-any.whl (62 kB)
2023-09-02T00:21:22.4011098Z Downloading aiohttp-3.8.5-cp38-cp38-manylinux_2_17_x86_64.manylinux2014_x86_64.whl (1.1 MB)
2023-09-02T00:21:22.5659656Z    ‚îÅ‚îÅ‚îÅ‚îÅ‚îÅ‚îÅ‚îÅ‚îÅ‚îÅ‚îÅ‚îÅ‚îÅ‚îÅ‚îÅ‚îÅ‚îÅ‚îÅ‚îÅ‚îÅ‚îÅ‚îÅ‚îÅ‚îÅ‚îÅ‚îÅ‚îÅ‚îÅ‚îÅ‚îÅ‚îÅ‚îÅ‚îÅ‚îÅ‚îÅ‚îÅ‚îÅ‚îÅ‚îÅ‚îÅ‚îÅ 1.1/1.1 MB 6.5 MB/s eta 0:00:00
2023-09-02T00:21:22.5832779Z Downloading async_timeout-4.0.3-py3-none-any.whl (5.7 kB)
2023-09-02T00:21:22.6016272Z Downloading certifi-2023.7.22-py3-none-any.whl (158 kB)
2023-09-02T00:21:22.6217460Z    ‚îÅ‚îÅ‚îÅ‚îÅ‚îÅ‚îÅ‚îÅ‚îÅ‚îÅ‚îÅ‚îÅ‚îÅ‚îÅ‚îÅ‚îÅ‚îÅ‚îÅ‚îÅ‚îÅ‚îÅ‚îÅ‚îÅ‚îÅ‚îÅ‚îÅ‚îÅ‚îÅ‚îÅ‚îÅ‚îÅ‚îÅ‚îÅ‚îÅ‚îÅ‚îÅ‚îÅ‚îÅ‚îÅ‚îÅ‚îÅ 158.3/158.3 kB 8.5 MB/s eta 0:00:00
2023-09-02T00:21:22.6407932Z Downloading charset_normalizer-3.2.0-cp38-cp38-manylinux_2_17_x86_64.manylinux2014_x86_64.whl (199 kB)
2023-09-02T00:21:22.6632100Z    ‚îÅ‚îÅ‚îÅ‚îÅ‚îÅ‚îÅ‚îÅ‚îÅ‚îÅ‚îÅ‚îÅ‚îÅ‚îÅ‚îÅ‚îÅ‚îÅ‚îÅ‚îÅ‚îÅ‚îÅ‚îÅ‚îÅ‚îÅ‚îÅ‚îÅ‚îÅ‚îÅ‚îÅ‚îÅ‚îÅ‚îÅ‚îÅ‚îÅ‚îÅ‚îÅ‚îÅ‚îÅ‚îÅ‚îÅ‚îÅ 199.1/199.1 kB 9.7 MB/s eta 0:00:00
2023-09-02T00:21:22.6815516Z Downloading frozenlist-1.4.0-cp38-cp38-manylinux_2_5_x86_64.manylinux1_x86_64.manylinux_2_17_x86_64.manylinux2014_x86_64.whl (220 kB)
2023-09-02T00:21:22.7037719Z    ‚îÅ‚îÅ‚îÅ‚îÅ‚îÅ‚îÅ‚îÅ‚îÅ‚îÅ‚îÅ‚îÅ‚îÅ‚îÅ‚îÅ‚îÅ‚îÅ‚îÅ‚îÅ‚îÅ‚îÅ‚îÅ‚îÅ‚îÅ‚îÅ‚îÅ‚îÅ‚îÅ‚îÅ‚îÅ‚îÅ‚îÅ‚îÅ‚îÅ‚îÅ‚îÅ‚îÅ‚îÅ‚îÅ‚îÅ‚îÅ 220.1/220.1 kB 10.7 MB/s eta 0:00:00
2023-09-02T00:21:22.7203877Z Downloading urllib3-2.0.4-py3-none-any.whl (123 kB)
2023-09-02T00:21:22.7314421Z    ‚îÅ‚îÅ‚îÅ‚îÅ‚îÅ‚îÅ‚îÅ‚îÅ‚îÅ‚îÅ‚îÅ‚îÅ‚îÅ‚îÅ‚îÅ‚îÅ‚îÅ‚îÅ‚îÅ‚îÅ‚îÅ‚îÅ‚îÅ‚îÅ‚îÅ‚îÅ‚îÅ‚îÅ‚îÅ‚îÅ‚îÅ‚îÅ‚îÅ‚îÅ‚îÅ‚îÅ‚îÅ‚îÅ‚îÅ‚îÅ 123.9/123.9 kB 13.8 MB/s eta 0:00:00
2023-09-02T00:21:22.8538740Z Installing collected packages: urllib3, multidict, idna, frozenlist, charset-normalizer, certifi, attrs, async-timeout, yarl, requests, aiosignal, aiohttp
2023-09-02T00:21:23.3290498Z Successfully installed aiohttp-3.8.5 aiosignal-1.3.1 async-timeout-4.0.3 attrs-23.1.0 certifi-2023.7.22 charset-normalizer-3.2.0 frozenlist-1.4.0 idna-3.4 multidict-6.0.4 requests-2.31.0 urllib3-2.0.4 yarl-1.9.2
2023-09-02T00:21:23.9614848Z ##[group]Run python3 --version
2023-09-02T00:21:23.9615135Z [36;1mpython3 --version[0m
2023-09-02T00:21:23.9615382Z [36;1mpython3 generate_images.py[0m
2023-09-02T00:21:23.9668420Z shell: /usr/bin/bash -e {0}
2023-09-02T00:21:23.9668640Z env:
2023-09-02T00:21:23.9668918Z   pythonLocation: /opt/hostedtoolcache/Python/3.8.17/x64
2023-09-02T00:21:23.9669287Z   PKG_CONFIG_PATH: /opt/hostedtoolcache/Python/3.8.17/x64/lib/pkgconfig
2023-09-02T00:21:23.9669640Z   Python_ROOT_DIR: /opt/hostedtoolcache/Python/3.8.17/x64
2023-09-02T00:21:23.9669963Z   Python2_ROOT_DIR: /opt/hostedtoolcache/Python/3.8.17/x64
2023-09-02T00:21:23.9670289Z   Python3_ROOT_DIR: /opt/hostedtoolcache/Python/3.8.17/x64
2023-09-02T00:21:23.9670610Z   LD_LIBRARY_PATH: /opt/hostedtoolcache/Python/3.8.17/x64/lib
2023-09-02T00:21:23.9671037Z   ACCESS_TOKEN: ***
2023-09-02T00:21:23.9671353Z   GITHUB_TOKEN: ***
2023-09-02T00:21:23.9671555Z   EXCLUDED: 
2023-09-02T00:21:23.9671756Z   EXCLUDED_LANGS: 
2023-09-02T00:21:23.9672019Z   EXCLUDE_FORKED_REPOS: true
2023-09-02T00:21:23.9672241Z ##[endgroup]
2023-09-02T00:21:23.9760547Z Python 3.8.17
2023-09-02T00:30:51.0978569Z A path returned 202. Retrying...
2023-09-02T00:30:51.0978978Z A path returned 202. Retrying...
2023-09-02T00:30:51.0979531Z A path returned 202. Retrying...
2023-09-02T00:30:51.0979884Z A path returned 202. Retrying...
2023-09-02T00:30:51.0981752Z A path returned 202. Retrying...
2023-09-02T00:30:51.0982079Z A path returned 202. Retrying...
2023-09-02T00:30:51.0982441Z A path returned 202. Retrying...
2023-09-02T00:30:51.0982768Z A path returned 202. Retrying...
2023-09-02T00:30:51.0983103Z A path returned 202. Retrying...
2023-09-02T00:30:51.0983367Z A path returned 202. Retrying...
2023-09-02T00:30:51.0983700Z A path returned 202. Retrying...
2023-09-02T00:30:51.0984026Z A path returned 202. Retrying...
2023-09-02T00:30:51.0984336Z A path returned 202. Retrying...
2023-09-02T00:30:51.0984644Z A path returned 202. Retrying...
2023-09-02T00:30:51.0984990Z A path returned 202. Retrying...
2023-09-02T00:30:51.0985310Z A path returned 202. Retrying...
2023-09-02T00:30:51.0985615Z A path returned 202. Retrying...
2023-09-02T00:30:51.0985882Z A path returned 202. Retrying...
2023-09-02T00:30:51.0986183Z A path returned 202. Retrying...
2023-09-02T00:30:51.0986522Z A path returned 202. Retrying...
2023-09-02T00:30:51.0986829Z A path returned 202. Retrying...
2023-09-02T00:30:51.0987135Z A path returned 202. Retrying...
2023-09-02T00:30:51.0987443Z A path returned 202. Retrying...
2023-09-02T00:30:51.0987785Z A path returned 202. Retrying...
2023-09-02T00:30:51.0988404Z A path returned 202. Retrying...
2023-09-02T00:30:51.0988667Z A path returned 202. Retrying...
2023-09-02T00:30:51.0988985Z A path returned 202. Retrying...
2023-09-02T00:30:51.0989317Z A path returned 202. Retrying...
2023-09-02T00:30:51.0989623Z A path returned 202. Retrying...
2023-09-02T00:30:51.0989935Z A path returned 202. Retrying...
2023-09-02T00:30:51.0990248Z A path returned 202. Retrying...
2023-09-02T00:30:51.0990575Z A path returned 202. Retrying...
2023-09-02T00:30:51.0990835Z A path returned 202. Retrying...
2023-09-02T00:30:51.0991148Z A path returned 202. Retrying...
2023-09-02T00:30:51.0991460Z A path returned 202. Retrying...
2023-09-02T00:30:51.0991767Z A path returned 202. Retrying...
2023-09-02T00:30:51.0992091Z A path returned 202. Retrying...
2023-09-02T00:30:51.0992407Z A path returned 202. Retrying...
2023-09-02T00:30:51.0992722Z A path returned 202. Retrying...
2023-09-02T00:30:51.0993026Z A path returned 202. Retrying...
2023-09-02T00:30:51.0993311Z A path returned 202. Retrying...
2023-09-02T00:30:51.0993622Z A path returned 202. Retrying...
2023-09-02T00:30:51.0993936Z A path returned 202. Retrying...
2023-09-02T00:30:51.0994244Z A path returned 202. Retrying...
2023-09-02T00:30:51.0994583Z A path returned 202. Retrying...
2023-09-02T00:30:51.0994890Z A path returned 202. Retrying...
2023-09-02T00:30:51.0995207Z A path returned 202. Retrying...
2023-09-02T00:30:51.0995722Z A path returned 202. Retrying...
2023-09-02T00:30:51.0995991Z A path returned 202. Retrying...
2023-09-02T00:30:51.0996323Z A path returned 202. Retrying...
2023-09-02T00:30:51.0996645Z A path returned 202. Retrying...
2023-09-02T00:30:51.0996949Z A path returned 202. Retrying...
2023-09-02T00:30:51.0997254Z A path returned 202. Retrying...
2023-09-02T00:30:51.0997579Z A path returned 202. Retrying...
2023-09-02T00:30:51.0997899Z A path returned 202. Retrying...
2023-09-02T00:30:51.0998163Z A path returned 202. Retrying...
2023-09-02T00:30:51.0998465Z A path returned 202. Retrying...
2023-09-02T00:30:51.0998797Z A path returned 202. Retrying...
2023-09-02T00:30:51.0999115Z A path returned 202. Retrying...
2023-09-02T00:30:51.0999426Z A path returned 202. Retrying...
2023-09-02T00:30:51.0999732Z A path returned 202. Retrying...
2023-09-02T00:30:51.1000059Z A path returned 202. Retrying...
2023-09-02T00:30:51.1000380Z A path returned 202. Retrying...
2023-09-02T00:30:51.1000644Z A path returned 202. Retrying...
2023-09-02T00:30:51.1000951Z A path returned 202. Retrying...
2023-09-02T00:30:51.1001261Z A path returned 202. Retrying...
2023-09-02T00:30:51.1001602Z A path returned 202. Retrying...
2023-09-02T00:30:51.1001908Z A path returned 202. Retrying...
2023-09-02T00:30:51.1002211Z A path returned 202. Retrying...
2023-09-02T00:30:51.1002516Z A path returned 202. Retrying...
2023-09-02T00:30:51.1002859Z A path returned 202. Retrying...
2023-09-02T00:30:51.1003126Z A path returned 202. Retrying...
2023-09-02T00:30:51.1003431Z A path returned 202. Retrying...
2023-09-02T00:30:51.1003742Z A path returned 202. Retrying...
2023-09-02T00:30:51.1004087Z A path returned 202. Retrying...
2023-09-02T00:30:51.1004395Z A path returned 202. Retrying...
2023-09-02T00:30:51.1004699Z A path returned 202. Retrying...
2023-09-02T00:30:51.1005006Z A path returned 202. Retrying...
2023-09-02T00:30:51.1005280Z A path returned 202. Retrying...
2023-09-02T00:30:51.1005609Z A path returned 202. Retrying...
2023-09-02T00:30:51.1005917Z A path returned 202. Retrying...
2023-09-02T00:30:51.1006221Z A path returned 202. Retrying...
2023-09-02T00:30:51.1006542Z A path returned 202. Retrying...
2023-09-02T00:30:51.1006874Z A path returned 202. Retrying...
2023-09-02T00:30:51.1007180Z A path returned 202. Retrying...
2023-09-02T00:30:51.1007484Z A path returned 202. Retrying...
2023-09-02T00:30:51.1007757Z A path returned 202. Retrying...
2023-09-02T00:30:51.1008090Z A path returned 202. Retrying...
2023-09-02T00:30:51.1008396Z A path returned 202. Retrying...
2023-09-02T00:30:51.1008701Z A path returned 202. Retrying...
2023-09-02T00:30:51.1009130Z A path returned 202. Retrying...
2023-09-02T00:30:51.1009467Z A path returned 202. Retrying...
2023-09-02T00:30:51.1009778Z A path returned 202. Retrying...
2023-09-02T00:30:51.1010295Z A path returned 202. Retrying...
2023-09-02T00:30:51.1010556Z A path returned 202. Retrying...
2023-09-02T00:30:51.1010860Z A path returned 202. Retrying...
2023-09-02T00:30:51.1011193Z A path returned 202. Retrying...
2023-09-02T00:30:51.1011521Z A path returned 202. Retrying...
2023-09-02T00:30:51.1011827Z A path returned 202. Retrying...
2023-09-02T00:30:51.1012133Z A path returned 202. Retrying...
2023-09-02T00:30:51.1012464Z A path returned 202. Retrying...
2023-09-02T00:30:51.1012724Z A path returned 202. Retrying...
2023-09-02T00:30:51.1013040Z A path returned 202. Retrying...
2023-09-02T00:30:51.1013341Z A path returned 202. Retrying...
2023-09-02T00:30:51.1013674Z A path returned 202. Retrying...
2023-09-02T00:30:51.1013994Z A path returned 202. Retrying...
2023-09-02T00:30:51.1014299Z A path returned 202. Retrying...
2023-09-02T00:30:51.1014607Z A path returned 202. Retrying...
2023-09-02T00:30:51.1014934Z A path returned 202. Retrying...
2023-09-02T00:30:51.1015192Z A path returned 202. Retrying...
2023-09-02T00:30:51.1015505Z A path returned 202. Retrying...
2023-09-02T00:30:51.1015816Z A path returned 202. Retrying...
2023-09-02T00:30:51.1016120Z A path returned 202. Retrying...
2023-09-02T00:30:51.1016592Z A path returned 202. Retrying...
2023-09-02T00:30:51.1016904Z A path returned 202. Retrying...
2023-09-02T00:30:51.1017208Z A path returned 202. Retrying...
2023-09-02T00:30:51.1017510Z A path returned 202. Retrying...
2023-09-02T00:30:51.1017806Z A path returned 202. Retrying...
2023-09-02T00:30:51.1018111Z A path returned 202. Retrying...
2023-09-02T00:30:51.1018414Z A path returned 202. Retrying...
2023-09-02T00:30:51.1018721Z A path returned 202. Retrying...
2023-09-02T00:30:51.1019066Z A path returned 202. Retrying...
2023-09-02T00:30:51.1019372Z A path returned 202. Retrying...
2023-09-02T00:30:51.1019681Z A path returned 202. Retrying...
2023-09-02T00:30:51.1019940Z A path returned 202. Retrying...
2023-09-02T00:30:51.1020268Z A path returned 202. Retrying...
2023-09-02T00:30:51.1020595Z A path returned 202. Retrying...
2023-09-02T00:30:51.1020904Z A path returned 202. Retrying...
2023-09-02T00:30:51.1021208Z A path returned 202. Retrying...
2023-09-02T00:30:51.1021626Z A path returned 202. Retrying...
2023-09-02T00:30:51.1021962Z A path returned 202. Retrying...
2023-09-02T00:30:51.1022269Z A path returned 202. Retrying...
2023-09-02T00:30:51.1022578Z A path returned 202. Retrying...
2023-09-02T00:30:51.1022898Z A path returned 202. Retrying...
2023-09-02T00:30:51.1023232Z A path returned 202. Retrying...
2023-09-02T00:30:51.1023537Z A path returned 202. Retrying...
2023-09-02T00:30:51.1023796Z A path returned 202. Retrying...
2023-09-02T00:30:51.1024110Z A path returned 202. Retrying...
2023-09-02T00:30:51.1024438Z A path returned 202. Retrying...
2023-09-02T00:30:51.1024746Z A path returned 202. Retrying...
2023-09-02T00:30:51.1025062Z A path returned 202. Retrying...
2023-09-02T00:30:51.1025379Z A path returned 202. Retrying...
2023-09-02T00:30:51.1025703Z A path returned 202. Retrying...
2023-09-02T00:30:51.1026007Z A path returned 202. Retrying...
2023-09-02T00:30:51.1026270Z A path returned 202. Retrying...
2023-09-02T00:30:51.1026582Z A path returned 202. Retrying...
2023-09-02T00:30:51.1026889Z A path returned 202. Retrying...
2023-09-02T00:30:51.1027227Z A path returned 202. Retrying...
2023-09-02T00:30:51.1027530Z A path returned 202. Retrying...
2023-09-02T00:30:51.1027848Z A path returned 202. Retrying...
2023-09-02T00:30:51.1028151Z A path returned 202. Retrying...
2023-09-02T00:30:51.1028433Z A path returned 202. Retrying...
2023-09-02T00:30:51.1028735Z A path returned 202. Retrying...
2023-09-02T00:30:51.1029052Z A path returned 202. Retrying...
2023-09-02T00:30:51.1029361Z A path returned 202. Retrying...
2023-09-02T00:30:51.1029690Z A path returned 202. Retrying...
2023-09-02T00:30:51.1030119Z A path returned 202. Retrying...
2023-09-02T00:30:51.1030420Z A path returned 202. Retrying...
2023-09-02T00:30:51.1030720Z A path returned 202. Retrying...
2023-09-02T00:30:51.1030981Z A path returned 202. Retrying...
2023-09-02T00:30:51.1031321Z A path returned 202. Retrying...
2023-09-02T00:30:51.1031631Z A path returned 202. Retrying...
2023-09-02T00:30:51.1031934Z A path returned 202. Retrying...
2023-09-02T00:30:51.1032240Z A path returned 202. Retrying...
2023-09-02T00:30:51.1032580Z A path returned 202. Retrying...
2023-09-02T00:30:51.1032889Z A path returned 202. Retrying...
2023-09-02T00:30:51.1033190Z A path returned 202. Retrying...
2023-09-02T00:30:51.1033452Z A path returned 202. Retrying...
2023-09-02T00:30:51.1033794Z A path returned 202. Retrying...
2023-09-02T00:30:51.1034099Z A path returned 202. Retrying...
2023-09-02T00:30:51.1034408Z A path returned 202. Retrying...
2023-09-02T00:30:51.1034715Z A path returned 202. Retrying...
2023-09-02T00:30:51.1035050Z A path returned 202. Retrying...
2023-09-02T00:30:51.1035355Z A path returned 202. Retrying...
2023-09-02T00:30:51.1035614Z A path returned 202. Retrying...
2023-09-02T00:30:51.1035922Z A path returned 202. Retrying...
2023-09-02T00:30:51.1036238Z A path returned 202. Retrying...
2023-09-02T00:30:51.1036564Z A path returned 202. Retrying...
2023-09-02T00:30:51.1036865Z A path returned 202. Retrying...
2023-09-02T00:30:51.1037253Z A path returned 202. Retrying...
2023-09-02T00:30:51.1037570Z A path returned 202. Retrying...
2023-09-02T00:30:51.1037900Z A path returned 202. Retrying...
2023-09-02T00:30:51.1038161Z A path returned 202. Retrying...
2023-09-02T00:30:51.1038461Z A path returned 202. Retrying...
2023-09-02T00:30:51.1038787Z A path returned 202. Retrying...
2023-09-02T00:30:51.1039118Z A path returned 202. Retrying...
2023-09-02T00:30:51.1039421Z A path returned 202. Retrying...
2023-09-02T00:30:51.1039730Z A path returned 202. Retrying...
2023-09-02T00:30:51.1040044Z A path returned 202. Retrying...
2023-09-02T00:30:51.1040377Z A path returned 202. Retrying...
2023-09-02T00:30:51.1040641Z A path returned 202. Retrying...
2023-09-02T00:30:51.1040942Z A path returned 202. Retrying...
2023-09-02T00:30:51.1041255Z A path returned 202. Retrying...
2023-09-02T00:30:51.1041557Z A path returned 202. Retrying...
2023-09-02T00:30:51.1155304Z A path returned 202. Retrying...
2023-09-02T00:30:51.1155591Z A path returned 202. Retrying...
2023-09-02T00:30:51.1155860Z A path returned 202. Retrying...
2023-09-02T00:30:51.1156118Z A path returned 202. Retrying...
2023-09-02T00:30:51.1156366Z A path returned 202. Retrying...
2023-09-02T00:30:51.1156603Z A path returned 202. Retrying...
2023-09-02T00:30:51.1156833Z A path returned 202. Retrying...
2023-09-02T00:30:51.1157078Z A path returned 202. Retrying...
2023-09-02T00:30:51.1157316Z A path returned 202. Retrying...
2023-09-02T00:30:51.1157559Z A path returned 202. Retrying...
2023-09-02T00:30:51.1157797Z A path returned 202. Retrying...
2023-09-02T00:30:51.1158037Z A path returned 202. Retrying...
2023-09-02T00:30:51.1158286Z A path returned 202. Retrying...
2023-09-02T00:30:51.1158526Z A path returned 202. Retrying...
2023-09-02T00:30:51.1158750Z A path returned 202. Retrying...
2023-09-02T00:30:51.1158982Z A path returned 202. Retrying...
2023-09-02T00:30:51.1159218Z A path returned 202. Retrying...
2023-09-02T00:30:51.1159449Z A path returned 202. Retrying...
2023-09-02T00:30:51.1159692Z A path returned 202. Retrying...
2023-09-02T00:30:51.1159968Z A path returned 202. Retrying...
2023-09-02T00:30:51.1160202Z A path returned 202. Retrying...
2023-09-02T00:30:51.1160436Z A path returned 202. Retrying...
2023-09-02T00:30:51.1160665Z A path returned 202. Retrying...
2023-09-02T00:30:51.1160896Z A path returned 202. Retrying...
2023-09-02T00:30:51.1161126Z A path returned 202. Retrying...
2023-09-02T00:30:51.1161359Z A path returned 202. Retrying...
2023-09-02T00:30:51.1161591Z A path returned 202. Retrying...
2023-09-02T00:30:51.1161823Z A path returned 202. Retrying...
2023-09-02T00:30:51.1162322Z A path returned 202. Retrying...
2023-09-02T00:30:51.1162548Z A path returned 202. Retrying...
2023-09-02T00:30:51.1162780Z A path returned 202. Retrying...
2023-09-02T00:30:51.1163013Z A path returned 202. Retrying...
2023-09-02T00:30:51.1163248Z A path returned 202. Retrying...
2023-09-02T00:30:51.1163482Z A path returned 202. Retrying...
2023-09-02T00:30:51.1163719Z A path returned 202. Retrying...
2023-09-02T00:30:51.1163958Z A path returned 202. Retrying...
2023-09-02T00:30:51.1164189Z A path returned 202. Retrying...
2023-09-02T00:30:51.1164412Z A path returned 202. Retrying...
2023-09-02T00:30:51.1164638Z A path returned 202. Retrying...
2023-09-02T00:30:51.1164871Z A path returned 202. Retrying...
2023-09-02T00:30:51.1165104Z A path returned 202. Retrying...
2023-09-02T00:30:51.1165329Z A path returned 202. Retrying...
2023-09-02T00:30:51.1165558Z A path returned 202. Retrying...
2023-09-02T00:30:51.1165796Z A path returned 202. Retrying...
2023-09-02T00:30:51.1166024Z A path returned 202. Retrying...
2023-09-02T00:30:51.1166249Z A path returned 202. Retrying...
2023-09-02T00:30:51.1166474Z A path returned 202. Retrying...
2023-09-02T00:30:51.1166713Z A path returned 202. Retrying...
2023-09-02T00:30:51.1166950Z A path returned 202. Retrying...
2023-09-02T00:30:51.1167181Z A path returned 202. Retrying...
2023-09-02T00:30:51.1167412Z A path returned 202. Retrying...
2023-09-02T00:30:51.1167752Z A path returned 202. Retrying...
2023-09-02T00:30:51.1167979Z A path returned 202. Retrying...
2023-09-02T00:30:51.1168207Z A path returned 202. Retrying...
2023-09-02T00:39:47.1970969Z A path returned 202. Retrying...
2023-09-02T00:39:47.1971293Z A path returned 202. Retrying...
2023-09-02T00:39:47.1971537Z A path returned 202. Retrying...
2023-09-02T00:39:47.1971783Z A path returned 202. Retrying...
2023-09-02T00:39:47.1972020Z A path returned 202. Retrying...
2023-09-02T00:39:47.1972261Z A path returned 202. Retrying...
2023-09-02T00:39:47.1972493Z A path returned 202. Retrying...
2023-09-02T00:39:47.1972754Z A path returned 202. Retrying...
2023-09-02T00:39:47.1972988Z A path returned 202. Retrying...
2023-09-02T00:39:47.1973220Z A path returned 202. Retrying...
2023-09-02T00:39:47.1973445Z A path returned 202. Retrying...
2023-09-02T00:39:47.1973676Z A path returned 202. Retrying...
2023-09-02T00:39:47.1973904Z A path returned 202. Retrying...
2023-09-02T00:39:47.1974136Z A path returned 202. Retrying...
2023-09-02T00:39:47.1974376Z A path returned 202. Retrying...
2023-09-02T00:39:47.1974604Z A path returned 202. Retrying...
2023-09-02T00:39:47.1974836Z A path returned 202. Retrying...
2023-09-02T00:39:47.1975059Z A path returned 202. Retrying...
2023-09-02T00:39:47.1975291Z A path returned 202. Retrying...
2023-09-02T00:39:47.1975517Z A path returned 202. Retrying...
2023-09-02T00:39:47.1975748Z A path returned 202. Retrying...
2023-09-02T00:39:47.1975979Z A path returned 202. Retrying...
2023-09-02T00:39:47.1976214Z A path returned 202. Retrying...
2023-09-02T00:39:47.1976450Z A path returned 202. Retrying...
2023-09-02T00:39:47.1976689Z A path returned 202. Retrying...
2023-09-02T00:39:47.1976914Z A path returned 202. Retrying...
2023-09-02T00:39:47.1977140Z A path returned 202. Retrying...
2023-09-02T00:39:47.1977371Z A path returned 202. Retrying...
2023-09-02T00:39:47.1977605Z A path returned 202. Retrying...
2023-09-02T00:39:47.1977834Z A path returned 202. Retrying...
2023-09-02T00:39:47.1978066Z A path returned 202. Retrying...
2023-09-02T00:39:47.1978296Z A path returned 202. Retrying...
2023-09-02T00:39:47.1978524Z A path returned 202. Retrying...
2023-09-02T00:39:47.1978742Z A path returned 202. Retrying...
2023-09-02T00:39:47.1978974Z A path returned 202. Retrying...
2023-09-02T00:39:47.1979202Z A path returned 202. Retrying...
2023-09-02T00:39:47.1979434Z A path returned 202. Retrying...
2023-09-02T00:39:47.1979670Z A path returned 202. Retrying...
2023-09-02T00:39:47.1979903Z A path returned 202. Retrying...
2023-09-02T00:39:47.1980134Z A path returned 202. Retrying...
2023-09-02T00:39:47.1980748Z A path returned 202. Retrying...
2023-09-02T00:39:47.1980978Z A path returned 202. Retrying...
2023-09-02T00:39:47.1981211Z A path returned 202. Retrying...
2023-09-02T00:39:47.1981441Z A path returned 202. Retrying...
2023-09-02T00:39:47.1981671Z A path returned 202. Retrying...
2023-09-02T00:39:47.1981908Z A path returned 202. Retrying...
2023-09-02T00:39:47.1982140Z A path returned 202. Retrying...
2023-09-02T00:39:47.1982388Z A path returned 202. Retrying...
2023-09-02T00:39:47.1982611Z A path returned 202. Retrying...
2023-09-02T00:39:47.1982839Z A path returned 202. Retrying...
2023-09-02T00:39:47.1983071Z A path returned 202. Retrying...
2023-09-02T00:39:47.1983305Z A path returned 202. Retrying...
2023-09-02T00:39:47.1983537Z A path returned 202. Retrying...
2023-09-02T00:39:47.1983769Z A path returned 202. Retrying...
2023-09-02T00:39:47.1984002Z A path returned 202. Retrying...
2023-09-02T00:39:47.1984235Z A path returned 202. Retrying...
2023-09-02T00:39:47.1984457Z A path returned 202. Retrying...
2023-09-02T00:39:47.1984691Z A path returned 202. Retrying...
2023-09-02T00:39:47.1984927Z A path returned 202. Retrying...
2023-09-02T00:39:47.1985159Z A path returned 202. Retrying...
2023-09-02T00:39:47.1985388Z A path returned 202. Retrying...
2023-09-02T00:39:47.1985618Z A path returned 202. Retrying...
2023-09-02T00:39:47.1985849Z A path returned 202. Retrying...
2023-09-02T00:39:47.1986222Z A path returned 202. Retrying...
2023-09-02T00:39:47.1986454Z A path returned 202. Retrying...
2023-09-02T00:39:47.1986680Z A path returned 202. Retrying...
2023-09-02T00:39:47.1986905Z A path returned 202. Retrying...
2023-09-02T00:39:47.1987135Z A path returned 202. Retrying...
2023-09-02T00:39:47.1987361Z A path returned 202. Retrying...
2023-09-02T00:39:47.1987592Z A path returned 202. Retrying...
2023-09-02T00:39:47.1987821Z A path returned 202. Retrying...
2023-09-02T00:39:47.1988042Z A path returned 202. Retrying...
2023-09-02T00:39:47.1988273Z A path returned 202. Retrying...
2023-09-02T00:39:47.1988508Z A path returned 202. Retrying...
2023-09-02T00:39:47.1988739Z A path returned 202. Retrying...
2023-09-02T00:39:47.1988972Z A path returned 202. Retrying...
2023-09-02T00:39:47.1989204Z A path returned 202. Retrying...
2023-09-02T00:39:47.1989435Z A path returned 202. Retrying...
2023-09-02T00:39:47.1989666Z A path returned 202. Retrying...
2023-09-02T00:39:47.1989891Z A path returned 202. Retrying...
2023-09-02T00:39:47.1990122Z A path returned 202. Retrying...
2023-09-02T00:39:47.1990350Z A path returned 202. Retrying...
2023-09-02T00:39:47.1990577Z A path returned 202. Retrying...
2023-09-02T00:39:47.1990804Z A path returned 202. Retrying...
2023-09-02T00:39:47.1991029Z A path returned 202. Retrying...
2023-09-02T00:39:47.1991258Z A path returned 202. Retrying...
2023-09-02T00:39:47.1991482Z A path returned 202. Retrying...
2023-09-02T00:39:47.1991709Z A path returned 202. Retrying...
2023-09-02T00:39:47.1991940Z A path returned 202. Retrying...
2023-09-02T00:39:47.1992170Z A path returned 202. Retrying...
2023-09-02T00:39:47.1992407Z A path returned 202. Retrying...
2023-09-02T00:39:47.1992638Z A path returned 202. Retrying...
2023-09-02T00:39:47.1992876Z A path returned 202. Retrying...
2023-09-02T00:39:47.1993104Z A path returned 202. Retrying...
2023-09-02T00:39:47.1993325Z A path returned 202. Retrying...
2023-09-02T00:39:47.1993554Z A path returned 202. Retrying...
2023-09-02T00:39:47.1993792Z A path returned 202. Retrying...
2023-09-02T00:39:47.1994090Z A path returned 202. Retrying...
2023-09-02T00:39:47.1994310Z A path returned 202. Retrying...
2023-09-02T00:39:47.1994547Z A path returned 202. Retrying...
2023-09-02T00:39:47.1994776Z A path returned 202. Retrying...
2023-09-02T00:39:47.1995013Z A path returned 202. Retrying...
2023-09-02T00:39:47.1995245Z A path returned 202. Retrying...
2023-09-02T00:39:47.1995477Z A path returned 202. Retrying...
2023-09-02T00:39:47.1995706Z A path returned 202. Retrying...
2023-09-02T00:39:47.1995935Z A path returned 202. Retrying...
2023-09-02T00:39:47.1996266Z A path returned 202. Retrying...
2023-09-02T00:39:47.1996498Z A path returned 202. Retrying...
2023-09-02T00:39:47.1996726Z A path returned 202. Retrying...
2023-09-02T00:39:47.1996958Z A path returned 202. Retrying...
2023-09-02T00:39:47.1997193Z A path returned 202. Retrying...
2023-09-02T00:39:47.1997424Z A path returned 202. Retrying...
2023-09-02T00:39:47.1997659Z A path returned 202. Retrying...
2023-09-02T00:39:47.1997894Z A path returned 202. Retrying...
2023-09-02T00:39:47.1998116Z A path returned 202. Retrying...
2023-09-02T00:39:47.1998346Z A path returned 202. Retrying...
2023-09-02T00:39:47.1998579Z A path returned 202. Retrying...
2023-09-02T00:39:47.1998811Z A path returned 202. Retrying...
2023-09-02T00:39:47.1999039Z A path returned 202. Retrying...
2023-09-02T00:39:47.1999271Z A path returned 202. Retrying...
2023-09-02T00:39:47.1999511Z A path returned 202. Retrying...
2023-09-02T00:39:47.1999733Z A path returned 202. Retrying...
2023-09-02T00:39:47.1999968Z A path returned 202. Retrying...
2023-09-02T00:39:47.2000201Z A path returned 202. Retrying...
2023-09-02T00:39:47.2000430Z A path returned 202. Retrying...
2023-09-02T00:39:47.2000659Z A path returned 202. Retrying...
2023-09-02T00:39:47.2000888Z A path returned 202. Retrying...
2023-09-02T00:39:47.2001116Z A path returned 202. Retrying...
2023-09-02T00:39:47.2001345Z A path returned 202. Retrying...
2023-09-02T00:39:47.2001659Z A path returned 202. Retrying...
2023-09-02T00:39:47.2001891Z A path returned 202. Retrying...
2023-09-02T00:39:47.2002120Z A path returned 202. Retrying...
2023-09-02T00:39:47.2002351Z A path returned 202. Retrying...
2023-09-02T00:39:47.2002581Z A path returned 202. Retrying...
2023-09-02T00:39:47.2002815Z A path returned 202. Retrying...
2023-09-02T00:39:47.2003051Z A path returned 202. Retrying...
2023-09-02T00:39:47.2003285Z A path returned 202. Retrying...
2023-09-02T00:39:47.2003509Z A path returned 202. Retrying...
2023-09-02T00:39:47.2003740Z A path returned 202. Retrying...
2023-09-02T00:39:47.2003971Z A path returned 202. Retrying...
2023-09-02T00:39:47.2004206Z A path returned 202. Retrying...
2023-09-02T00:39:47.2004440Z A path returned 202. Retrying...
2023-09-02T00:39:47.2004673Z A path returned 202. Retrying...
2023-09-02T00:39:47.2004911Z A path returned 202. Retrying...
2023-09-02T00:39:47.2005131Z A path returned 202. Retrying...
2023-09-02T00:39:47.2005367Z A path returned 202. Retrying...
2023-09-02T00:39:47.2005602Z A path returned 202. Retrying...
2023-09-02T00:39:47.2005831Z A path returned 202. Retrying...
2023-09-02T00:39:47.2006060Z A path returned 202. Retrying...
2023-09-02T00:39:47.2006292Z A path returned 202. Retrying...
2023-09-02T00:39:47.2006518Z A path returned 202. Retrying...
2023-09-02T00:39:47.2006751Z A path returned 202. Retrying...
2023-09-02T00:39:47.2006975Z A path returned 202. Retrying...
2023-09-02T00:39:47.2007203Z A path returned 202. Retrying...
2023-09-02T00:39:47.2007435Z A path returned 202. Retrying...
2023-09-02T00:39:47.2007668Z A path returned 202. Retrying...
2023-09-02T00:39:47.2007903Z A path returned 202. Retrying...
2023-09-02T00:39:47.2008135Z A path returned 202. Retrying...
2023-09-02T00:39:47.2008365Z A path returned 202. Retrying...
2023-09-02T00:39:47.2008591Z A path returned 202. Retrying...
2023-09-02T00:39:47.2008812Z A path returned 202. Retrying...
2023-09-02T00:39:47.2009040Z A path returned 202. Retrying...
2023-09-02T00:39:47.2009278Z A path returned 202. Retrying...
2023-09-02T00:39:47.2009507Z A path returned 202. Retrying...
2023-09-02T00:39:47.2009738Z A path returned 202. Retrying...
2023-09-02T00:39:47.2010154Z A path returned 202. Retrying...
2023-09-02T00:39:47.2010390Z A path returned 202. Retrying...
2023-09-02T00:39:47.2010617Z A path returned 202. Retrying...
2023-09-02T00:39:47.2010851Z A path returned 202. Retrying...
2023-09-02T00:39:47.2011081Z A path returned 202. Retrying...
2023-09-02T00:39:47.2011315Z A path returned 202. Retrying...
2023-09-02T00:39:47.2011548Z A path returned 202. Retrying...
2023-09-02T00:39:47.2011779Z A path returned 202. Retrying...
2023-09-02T00:39:47.2012146Z A path returned 202. Retrying...
2023-09-02T00:39:47.2012376Z A path returned 202. Retrying...
2023-09-02T00:39:47.2012598Z A path returned 202. Retrying...
2023-09-02T00:39:47.2012825Z A path returned 202. Retrying...
2023-09-02T00:39:47.2013053Z A path returned 202. Retrying...
2023-09-02T00:39:47.2013281Z A path returned 202. Retrying...
2023-09-02T00:39:47.2013513Z A path returned 202. Retrying...
2023-09-02T00:39:47.2013740Z A path returned 202. Retrying...
2023-09-02T00:39:47.2013970Z A path returned 202. Retrying...
2023-09-02T00:39:47.2014199Z A path returned 202. Retrying...
2023-09-02T00:39:47.2014426Z A path returned 202. Retrying...
2023-09-02T00:39:47.2014657Z A path returned 202. Retrying...
2023-09-02T00:39:47.2014891Z A path returned 202. Retrying...
2023-09-02T00:39:47.2015121Z A path returned 202. Retrying...
2023-09-02T00:39:47.2015357Z A path returned 202. Retrying...
2023-09-02T00:39:47.2015582Z A path returned 202. Retrying...
2023-09-02T00:39:47.2015815Z A path returned 202. Retrying...
2023-09-02T00:39:47.2016035Z A path returned 202. Retrying...
2023-09-02T00:39:47.2016263Z A path returned 202. Retrying...
2023-09-02T00:39:47.2016492Z A path returned 202. Retrying...
2023-09-02T00:39:47.2016723Z A path returned 202. Retrying...
2023-09-02T00:39:47.2016950Z A path returned 202. Retrying...
2023-09-02T00:39:47.2017293Z A path returned 202. Retrying...
2023-09-02T00:39:47.2017530Z A path returned 202. Retrying...
2023-09-02T00:39:47.2017758Z A path returned 202. Retrying...
2023-09-02T00:39:47.2017981Z A path returned 202. Retrying...
2023-09-02T00:39:47.2018211Z A path returned 202. Retrying...
2023-09-02T00:39:47.2018443Z A path returned 202. Retrying...
2023-09-02T00:39:47.2018673Z A path returned 202. Retrying...
2023-09-02T00:39:47.2018903Z A path returned 202. Retrying...
2023-09-02T00:39:47.2019137Z A path returned 202. Retrying...
2023-09-02T00:39:47.2019371Z A path returned 202. Retrying...
2023-09-02T00:39:47.2019598Z A path returned 202. Retrying...
2023-09-02T00:39:47.2019824Z A path returned 202. Retrying...
2023-09-02T00:39:47.2020053Z A path returned 202. Retrying...
2023-09-02T00:39:47.2020285Z A path returned 202. Retrying...
2023-09-02T00:39:47.2020641Z A path returned 202. Retrying...
2023-09-02T00:39:47.2020875Z A path returned 202. Retrying...
2023-09-02T00:39:47.2021111Z A path returned 202. Retrying...
2023-09-02T00:39:47.2021349Z A path returned 202. Retrying...
2023-09-02T00:39:47.2021577Z A path returned 202. Retrying...
2023-09-02T00:39:47.2021807Z A path returned 202. Retrying...
2023-09-02T00:39:47.2022038Z A path returned 202. Retrying...
2023-09-02T00:39:47.2022271Z A path returned 202. Retrying...
2023-09-02T00:39:47.2022503Z A path returned 202. Retrying...
2023-09-02T00:39:47.2022738Z A path returned 202. Retrying...
2023-09-02T00:39:47.2022977Z A path returned 202. Retrying...
2023-09-02T00:39:47.2023213Z A path returned 202. Retrying...
2023-09-02T00:39:47.2023442Z A path returned 202. Retrying...
2023-09-02T00:39:47.2023673Z A path returned 202. Retrying...
2023-09-02T00:39:47.2023905Z A path returned 202. Retrying...
2023-09-02T00:39:47.2024137Z A path returned 202. Retrying...
2023-09-02T00:39:47.2024370Z A path returned 202. Retrying...
2023-09-02T00:39:47.2024608Z A path returned 202. Retrying...
2023-09-02T00:39:47.2024843Z A path returned 202. Retrying...
2023-09-02T00:39:47.2025082Z A path returned 202. Retrying...
2023-09-02T00:39:47.2025306Z A path returned 202. Retrying...
2023-09-02T00:39:47.2025536Z A path returned 202. Retrying...
2023-09-02T00:39:47.2025770Z A path returned 202. Retrying...
2023-09-02T00:39:47.2026001Z A path returned 202. Retrying...
2023-09-02T00:39:47.2026233Z A path returned 202. Retrying...
2023-09-02T00:39:47.2026464Z A path returned 202. Retrying...
2023-09-02T00:39:47.2026697Z A path returned 202. Retrying...
2023-09-02T00:39:47.2026918Z A path returned 202. Retrying...
2023-09-02T00:39:47.2027154Z A path returned 202. Retrying...
2023-09-02T00:39:47.2027387Z A path returned 202. Retrying...
2023-09-02T00:39:47.2027714Z A path returned 202. Retrying...
2023-09-02T00:39:47.2027947Z A path returned 202. Retrying...
2023-09-02T00:39:47.2028179Z A path returned 202. Retrying...
2023-09-02T00:39:47.2028411Z A path returned 202. Retrying...
2023-09-02T00:39:47.2028640Z A path returned 202. Retrying...
2023-09-02T00:39:47.2028863Z A path returned 202. Retrying...
2023-09-02T00:39:47.2029101Z A path returned 202. Retrying...
2023-09-02T00:39:47.2029335Z A path returned 202. Retrying...
2023-09-02T00:39:47.2029571Z A path returned 202. Retrying...
2023-09-02T00:48:41.1317058Z A path returned 202. Retrying...
2023-09-02T00:48:41.1317372Z A path returned 202. Retrying...
2023-09-02T00:48:41.1317622Z A path returned 202. Retrying...
2023-09-02T00:48:41.1317957Z A path returned 202. Retrying...
2023-09-02T00:48:41.1318198Z A path returned 202. Retrying...
2023-09-02T00:48:41.1318434Z A path returned 202. Retrying...
2023-09-02T00:48:41.1318675Z A path returned 202. Retrying...
2023-09-02T00:48:41.1318937Z A path returned 202. Retrying...
2023-09-02T00:48:41.1319169Z A path returned 202. Retrying...
2023-09-02T00:48:41.1319396Z A path returned 202. Retrying...
2023-09-02T00:48:41.1319630Z A path returned 202. Retrying...
2023-09-02T00:48:41.1319857Z A path returned 202. Retrying...
2023-09-02T00:48:41.1320084Z A path returned 202. Retrying...
2023-09-02T00:48:41.1320313Z A path returned 202. Retrying...
2023-09-02T00:48:41.1320955Z A path returned 202. Retrying...
2023-09-02T00:48:41.1321204Z A path returned 202. Retrying...
2023-09-02T00:48:41.1321436Z A path returned 202. Retrying...
2023-09-02T00:48:41.1321669Z A path returned 202. Retrying...
2023-09-02T00:48:41.1321938Z A path returned 202. Retrying...
2023-09-02T00:48:41.1322166Z A path returned 202. Retrying...
2023-09-02T00:48:41.1322399Z A path returned 202. Retrying...
2023-09-02T00:48:41.1322630Z A path returned 202. Retrying...
2023-09-02T00:48:41.1322860Z A path returned 202. Retrying...
2023-09-02T00:48:41.1323088Z A path returned 202. Retrying...
2023-09-02T00:48:41.1323319Z A path returned 202. Retrying...
2023-09-02T00:48:41.1323547Z A path returned 202. Retrying...
2023-09-02T00:48:41.1323767Z A path returned 202. Retrying...
2023-09-02T00:48:41.1323994Z A path returned 202. Retrying...
2023-09-02T00:48:41.1324226Z A path returned 202. Retrying...
2023-09-02T00:48:41.1324457Z A path returned 202. Retrying...
2023-09-02T00:48:41.1324692Z A path returned 202. Retrying...
2023-09-02T00:48:41.1324929Z A path returned 202. Retrying...
2023-09-02T00:48:41.1325160Z A path returned 202. Retrying...
2023-09-02T00:48:41.1325396Z A path returned 202. Retrying...
2023-09-02T00:48:41.1325623Z A path returned 202. Retrying...
2023-09-02T00:48:41.1325855Z A path returned 202. Retrying...
2023-09-02T00:48:41.1326089Z A path returned 202. Retrying...
2023-09-02T00:48:41.1326318Z A path returned 202. Retrying...
2023-09-02T00:48:41.1326547Z A path returned 202. Retrying...
2023-09-02T00:48:41.1326774Z A path returned 202. Retrying...
2023-09-02T00:48:41.1327008Z A path returned 202. Retrying...
2023-09-02T00:48:41.1327235Z A path returned 202. Retrying...
2023-09-02T00:48:41.1327453Z A path returned 202. Retrying...
2023-09-02T00:48:41.1327684Z A path returned 202. Retrying...
2023-09-02T00:48:41.1327911Z A path returned 202. Retrying...
2023-09-02T00:48:41.1328142Z A path returned 202. Retrying...
2023-09-02T00:48:41.1328370Z A path returned 202. Retrying...
2023-09-02T00:48:41.1328603Z A path returned 202. Retrying...
2023-09-02T00:48:41.1328832Z A path returned 202. Retrying...
2023-09-02T00:48:41.1329054Z A path returned 202. Retrying...
2023-09-02T00:48:41.1329281Z A path returned 202. Retrying...
2023-09-02T00:48:41.1329512Z A path returned 202. Retrying...
2023-09-02T00:48:41.1329742Z A path returned 202. Retrying...
2023-09-02T00:48:41.1330158Z A path returned 202. Retrying...
2023-09-02T00:48:41.1330396Z A path returned 202. Retrying...
2023-09-02T00:48:41.1330626Z A path returned 202. Retrying...
2023-09-02T00:48:41.1330855Z A path returned 202. Retrying...
2023-09-02T00:48:41.1331233Z A path returned 202. Retrying...
2023-09-02T00:48:41.1331462Z A path returned 202. Retrying...
2023-09-02T00:48:41.1331693Z A path returned 202. Retrying...
2023-09-02T00:48:41.1331925Z A path returned 202. Retrying...
2023-09-02T00:48:41.1332156Z A path returned 202. Retrying...
2023-09-02T00:48:41.1332388Z A path returned 202. Retrying...
2023-09-02T00:48:41.1332631Z A path returned 202. Retrying...
2023-09-02T00:48:41.1332863Z A path returned 202. Retrying...
2023-09-02T00:48:41.1333087Z A path returned 202. Retrying...
2023-09-02T00:48:41.1333323Z A path returned 202. Retrying...
2023-09-02T00:48:41.1333554Z A path returned 202. Retrying...
2023-09-02T00:48:41.1333787Z A path returned 202. Retrying...
2023-09-02T00:48:41.1334024Z A path returned 202. Retrying...
2023-09-02T00:48:41.1334261Z A path returned 202. Retrying...
2023-09-02T00:48:41.1334499Z A path returned 202. Retrying...
2023-09-02T00:48:41.1334725Z A path returned 202. Retrying...
2023-09-02T00:48:41.1334961Z A path returned 202. Retrying...
2023-09-02T00:48:41.1335188Z A path returned 202. Retrying...
2023-09-02T00:48:41.1335418Z A path returned 202. Retrying...
2023-09-02T00:48:41.1335650Z A path returned 202. Retrying...
2023-09-02T00:48:41.1335883Z A path returned 202. Retrying...
2023-09-02T00:48:41.1336115Z A path returned 202. Retrying...
2023-09-02T00:48:41.1336343Z A path returned 202. Retrying...
2023-09-02T00:48:41.1336646Z A path returned 202. Retrying...
2023-09-02T00:48:41.1336874Z A path returned 202. Retrying...
2023-09-02T00:48:41.1337100Z A path returned 202. Retrying...
2023-09-02T00:48:41.1337327Z A path returned 202. Retrying...
2023-09-02T00:48:41.1337554Z A path returned 202. Retrying...
2023-09-02T00:48:41.1337779Z A path returned 202. Retrying...
2023-09-02T00:48:41.1338005Z A path returned 202. Retrying...
2023-09-02T00:48:41.1338232Z A path returned 202. Retrying...
2023-09-02T00:48:41.1338453Z A path returned 202. Retrying...
2023-09-02T00:48:41.1338678Z A path returned 202. Retrying...
2023-09-02T00:48:41.1338910Z A path returned 202. Retrying...
2023-09-02T00:48:41.1339139Z A path returned 202. Retrying...
2023-09-02T00:48:41.1339366Z A path returned 202. Retrying...
2023-09-02T00:48:41.1339592Z A path returned 202. Retrying...
2023-09-02T00:48:41.1339817Z A path returned 202. Retrying...
2023-09-02T00:48:41.1340035Z A path returned 202. Retrying...
2023-09-02T00:48:41.1340266Z A path returned 202. Retrying...
2023-09-02T00:48:41.1340489Z A path returned 202. Retrying...
2023-09-02T00:48:41.1340715Z A path returned 202. Retrying...
2023-09-02T00:48:41.1340940Z A path returned 202. Retrying...
2023-09-02T00:48:41.1341164Z A path returned 202. Retrying...
2023-09-02T00:48:41.1341388Z A path returned 202. Retrying...
2023-09-02T00:48:41.1341611Z A path returned 202. Retrying...
2023-09-02T00:48:41.1341827Z A path returned 202. Retrying...
2023-09-02T00:48:41.1342051Z A path returned 202. Retrying...
2023-09-02T00:48:41.1342278Z A path returned 202. Retrying...
2023-09-02T00:48:41.1342511Z A path returned 202. Retrying...
2023-09-02T00:48:41.1342737Z A path returned 202. Retrying...
2023-09-02T00:48:41.1342961Z A path returned 202. Retrying...
2023-09-02T00:48:41.1343188Z A path returned 202. Retrying...
2023-09-02T00:48:41.1343411Z A path returned 202. Retrying...
2023-09-02T00:48:41.1343628Z A path returned 202. Retrying...
2023-09-02T00:48:41.1343852Z A path returned 202. Retrying...
2023-09-02T00:48:41.1344083Z A path returned 202. Retrying...
2023-09-02T00:48:41.1344311Z A path returned 202. Retrying...
2023-09-02T00:48:41.1344535Z A path returned 202. Retrying...
2023-09-02T00:48:41.1344763Z A path returned 202. Retrying...
2023-09-02T00:48:41.1344989Z A path returned 202. Retrying...
2023-09-02T00:48:41.1345209Z A path returned 202. Retrying...
2023-09-02T00:48:41.1345433Z A path returned 202. Retrying...
2023-09-02T00:48:41.1345657Z A path returned 202. Retrying...
2023-09-02T00:48:41.1345882Z A path returned 202. Retrying...
2023-09-02T00:48:41.1346114Z A path returned 202. Retrying...
2023-09-02T00:48:41.1346436Z A path returned 202. Retrying...
2023-09-02T00:48:41.1346664Z A path returned 202. Retrying...
2023-09-02T00:48:41.1346890Z A path returned 202. Retrying...
2023-09-02T00:48:41.1347364Z A path returned 202. Retrying...
2023-09-02T00:48:41.1347707Z A path returned 202. Retrying...
2023-09-02T00:48:41.1348014Z A path returned 202. Retrying...
2023-09-02T00:48:41.1348324Z A path returned 202. Retrying...
2023-09-02T00:48:41.1348584Z A path returned 202. Retrying...
2023-09-02T00:48:41.1348924Z A path returned 202. Retrying...
2023-09-02T00:48:41.1349250Z A path returned 202. Retrying...
2023-09-02T00:48:41.1349556Z A path returned 202. Retrying...
2023-09-02T00:48:41.1349858Z A path returned 202. Retrying...
2023-09-02T00:48:41.1350202Z A path returned 202. Retrying...
2023-09-02T00:48:41.1350509Z A path returned 202. Retrying...
2023-09-02T00:48:41.1350829Z A path returned 202. Retrying...
2023-09-02T00:48:41.1351102Z A path returned 202. Retrying...
2023-09-02T00:48:41.1351439Z A path returned 202. Retrying...
2023-09-02T00:48:41.1351765Z A path returned 202. Retrying...
2023-09-02T00:48:41.1352071Z A path returned 202. Retrying...
2023-09-02T00:48:41.1352378Z A path returned 202. Retrying...
2023-09-02T00:48:41.1352717Z A path returned 202. Retrying...
2023-09-02T00:48:41.1353023Z A path returned 202. Retrying...
2023-09-02T00:48:41.1353285Z A path returned 202. Retrying...
2023-09-02T00:48:41.1353685Z A path returned 202. Retrying...
2023-09-02T00:48:41.1354008Z A path returned 202. Retrying...
2023-09-02T00:48:41.1354340Z A path returned 202. Retrying...
2023-09-02T00:48:41.1354650Z A path returned 202. Retrying...
2023-09-02T00:48:41.1354957Z A path returned 202. Retrying...
2023-09-02T00:48:41.1355286Z A path returned 202. Retrying...
2023-09-02T00:48:41.1355615Z A path returned 202. Retrying...
2023-09-02T00:48:41.1355876Z A path returned 202. Retrying...
2023-09-02T00:48:41.1356178Z A path returned 202. Retrying...
2023-09-02T00:48:41.1356495Z A path returned 202. Retrying...
2023-09-02T00:48:41.1356830Z A path returned 202. Retrying...
2023-09-02T00:48:41.1357137Z A path returned 202. Retrying...
2023-09-02T00:48:41.1357443Z A path returned 202. Retrying...
2023-09-02T00:48:41.1357759Z A path returned 202. Retrying...
2023-09-02T00:48:41.1358085Z A path returned 202. Retrying...
2023-09-02T00:48:41.1358350Z A path returned 202. Retrying...
2023-09-02T00:48:41.1387760Z A path returned 202. Retrying...
2023-09-02T00:48:41.1388150Z A path returned 202. Retrying...
2023-09-02T00:48:41.1388411Z A path returned 202. Retrying...
2023-09-02T00:48:41.1388652Z A path returned 202. Retrying...
2023-09-02T00:48:41.1388897Z A path returned 202. Retrying...
2023-09-02T00:48:41.1389136Z A path returned 202. Retrying...
2023-09-02T00:48:41.1389372Z A path returned 202. Retrying...
2023-09-02T00:48:41.1389600Z A path returned 202. Retrying...
2023-09-02T00:48:41.1389830Z A path returned 202. Retrying...
2023-09-02T00:48:41.1390064Z A path returned 202. Retrying...
2023-09-02T00:48:41.1390311Z A path returned 202. Retrying...
2023-09-02T00:48:41.1390547Z A path returned 202. Retrying...
2023-09-02T00:48:41.1390779Z A path returned 202. Retrying...
2023-09-02T00:48:41.1391012Z A path returned 202. Retrying...
2023-09-02T00:48:41.1391234Z A path returned 202. Retrying...
2023-09-02T00:48:41.1391466Z A path returned 202. Retrying...
2023-09-02T00:48:41.1391697Z A path returned 202. Retrying...
2023-09-02T00:48:41.1391936Z A path returned 202. Retrying...
2023-09-02T00:48:41.1392170Z A path returned 202. Retrying...
2023-09-02T00:48:41.1392402Z A path returned 202. Retrying...
2023-09-02T00:48:41.1392636Z A path returned 202. Retrying...
2023-09-02T00:48:41.1392870Z A path returned 202. Retrying...
2023-09-02T00:48:41.1393098Z A path returned 202. Retrying...
2023-09-02T00:48:41.1393328Z A path returned 202. Retrying...
2023-09-02T00:48:41.1393564Z A path returned 202. Retrying...
2023-09-02T00:48:41.1393798Z A path returned 202. Retrying...
2023-09-02T00:48:41.1394026Z A path returned 202. Retrying...
2023-09-02T00:48:41.1394500Z A path returned 202. Retrying...
2023-09-02T00:48:41.1394734Z A path returned 202. Retrying...
2023-09-02T00:48:41.1394969Z A path returned 202. Retrying...
2023-09-02T00:48:41.1395198Z A path returned 202. Retrying...
2023-09-02T00:48:41.1395428Z A path returned 202. Retrying...
2023-09-02T00:48:41.1395663Z A path returned 202. Retrying...
2023-09-02T00:48:41.1395903Z A path returned 202. Retrying...
2023-09-02T00:48:41.1396134Z A path returned 202. Retrying...
2023-09-02T00:48:41.1396366Z A path returned 202. Retrying...
2023-09-02T00:48:41.1396599Z A path returned 202. Retrying...
2023-09-02T00:48:41.1396822Z A path returned 202. Retrying...
2023-09-02T00:48:41.1397061Z A path returned 202. Retrying...
2023-09-02T00:48:41.1397293Z A path returned 202. Retrying...
2023-09-02T00:48:41.1397530Z A path returned 202. Retrying...
2023-09-02T00:48:41.1397761Z A path returned 202. Retrying...
2023-09-02T00:48:41.1397998Z A path returned 202. Retrying...
2023-09-02T00:48:41.1398233Z A path returned 202. Retrying...
2023-09-02T00:48:41.1398462Z A path returned 202. Retrying...
2023-09-02T00:48:41.1398683Z A path returned 202. Retrying...
2023-09-02T00:48:41.1398914Z A path returned 202. Retrying...
2023-09-02T00:48:41.1399142Z A path returned 202. Retrying...
2023-09-02T00:48:41.1399372Z A path returned 202. Retrying...
2023-09-02T00:48:41.1399602Z A path returned 202. Retrying...
2023-09-02T00:48:41.1399935Z A path returned 202. Retrying...
2023-09-02T00:48:41.1400173Z A path returned 202. Retrying...
2023-09-02T00:48:41.1400407Z A path returned 202. Retrying...
2023-09-02T00:48:41.1400630Z A path returned 202. Retrying...
2023-09-02T00:48:41.1400856Z A path returned 202. Retrying...
2023-09-02T00:48:41.1401089Z A path returned 202. Retrying...
2023-09-02T00:48:41.1401320Z A path returned 202. Retrying...
2023-09-02T00:48:41.1401553Z A path returned 202. Retrying...
2023-09-02T00:48:41.1401783Z A path returned 202. Retrying...
2023-09-02T00:48:41.1402013Z A path returned 202. Retrying...
2023-09-02T00:48:41.1402243Z A path returned 202. Retrying...
2023-09-02T00:48:41.1402489Z A path returned 202. Retrying...
2023-09-02T00:48:41.1402724Z A path returned 202. Retrying...
2023-09-02T00:48:41.1402954Z A path returned 202. Retrying...
2023-09-02T00:48:41.1403184Z A path returned 202. Retrying...
2023-09-02T00:48:41.1403413Z A path returned 202. Retrying...
2023-09-02T00:48:41.1403644Z A path returned 202. Retrying...
2023-09-02T00:48:41.1403871Z A path returned 202. Retrying...
2023-09-02T00:48:41.1404095Z A path returned 202. Retrying...
2023-09-02T00:48:41.1404325Z A path returned 202. Retrying...
2023-09-02T00:48:41.1404557Z A path returned 202. Retrying...
2023-09-02T00:48:41.1404788Z A path returned 202. Retrying...
2023-09-02T00:48:41.1405021Z A path returned 202. Retrying...
2023-09-02T00:48:41.1405252Z A path returned 202. Retrying...
2023-09-02T00:48:41.1405478Z A path returned 202. Retrying...
2023-09-02T00:48:41.1405710Z A path returned 202. Retrying...
2023-09-02T00:48:41.1405937Z A path returned 202. Retrying...
2023-09-02T00:48:41.1406163Z A path returned 202. Retrying...
2023-09-02T00:48:41.1406394Z A path returned 202. Retrying...
2023-09-02T00:48:41.1406623Z A path returned 202. Retrying...
2023-09-02T00:48:41.1406854Z A path returned 202. Retrying...
2023-09-02T00:48:41.1407083Z A path returned 202. Retrying...
2023-09-02T00:48:41.1407311Z A path returned 202. Retrying...
2023-09-02T00:48:41.1407543Z A path returned 202. Retrying...
2023-09-02T00:48:41.1407765Z A path returned 202. Retrying...
2023-09-02T00:48:41.1407996Z A path returned 202. Retrying...
2023-09-02T00:57:37.2392638Z A path returned 202. Retrying...
2023-09-02T00:57:37.2393090Z A path returned 202. Retrying...
2023-09-02T00:57:37.2393413Z A path returned 202. Retrying...
2023-09-02T00:57:37.2393730Z A path returned 202. Retrying...
2023-09-02T00:57:37.2394011Z A path returned 202. Retrying...
2023-09-02T00:57:37.2394309Z A path returned 202. Retrying...
2023-09-02T00:57:37.2394588Z A path returned 202. Retrying...
2023-09-02T00:57:37.2395237Z A path returned 202. Retrying...
2023-09-02T00:57:37.2395478Z A path returned 202. Retrying...
2023-09-02T00:57:37.2395714Z A path returned 202. Retrying...
2023-09-02T00:57:37.2395951Z A path returned 202. Retrying...
2023-09-02T00:57:37.2396180Z A path returned 202. Retrying...
2023-09-02T00:57:37.2396416Z A path returned 202. Retrying...
2023-09-02T00:57:37.2396664Z A path returned 202. Retrying...
2023-09-02T00:57:37.2396903Z A path returned 202. Retrying...
2023-09-02T00:57:37.2397143Z A path returned 202. Retrying...
2023-09-02T00:57:37.2397381Z A path returned 202. Retrying...
2023-09-02T00:57:37.2397618Z A path returned 202. Retrying...
2023-09-02T00:57:37.2397855Z A path returned 202. Retrying...
2023-09-02T00:57:37.2398079Z A path returned 202. Retrying...
2023-09-02T00:57:37.2398311Z A path returned 202. Retrying...
2023-09-02T00:57:37.2398549Z A path returned 202. Retrying...
2023-09-02T00:57:37.2398782Z A path returned 202. Retrying...
2023-09-02T00:57:37.2399020Z A path returned 202. Retrying...
2023-09-02T00:57:37.2399251Z A path returned 202. Retrying...
2023-09-02T00:57:37.2399481Z A path returned 202. Retrying...
2023-09-02T00:57:37.2399814Z A path returned 202. Retrying...
2023-09-02T00:57:37.2400065Z A path returned 202. Retrying...
2023-09-02T00:57:37.2400295Z A path returned 202. Retrying...
2023-09-02T00:57:37.2400522Z A path returned 202. Retrying...
2023-09-02T00:57:37.2400894Z A path returned 202. Retrying...
2023-09-02T00:57:37.2401136Z A path returned 202. Retrying...
2023-09-02T00:57:37.2401370Z A path returned 202. Retrying...
2023-09-02T00:57:37.2401599Z A path returned 202. Retrying...
2023-09-02T00:57:37.2401827Z A path returned 202. Retrying...
2023-09-02T00:57:37.2402047Z A path returned 202. Retrying...
2023-09-02T00:57:37.2402278Z A path returned 202. Retrying...
2023-09-02T00:57:37.2402512Z A path returned 202. Retrying...
2023-09-02T00:57:37.2402747Z A path returned 202. Retrying...
2023-09-02T00:57:37.2402986Z A path returned 202. Retrying...
2023-09-02T00:57:37.2403224Z A path returned 202. Retrying...
2023-09-02T00:57:37.2403539Z A path returned 202. Retrying...
2023-09-02T00:57:37.2403785Z A path returned 202. Retrying...
2023-09-02T00:57:37.2404081Z A path returned 202. Retrying...
2023-09-02T00:57:37.2404324Z A path returned 202. Retrying...
2023-09-02T00:57:37.2404560Z A path returned 202. Retrying...
2023-09-02T00:57:37.2404872Z A path returned 202. Retrying...
2023-09-02T00:57:37.2405106Z A path returned 202. Retrying...
2023-09-02T00:57:37.2405406Z A path returned 202. Retrying...
2023-09-02T00:57:37.2405656Z A path returned 202. Retrying...
2023-09-02T00:57:37.2405884Z A path returned 202. Retrying...
2023-09-02T00:57:37.2406113Z A path returned 202. Retrying...
2023-09-02T00:57:37.2406413Z A path returned 202. Retrying...
2023-09-02T00:57:37.2406660Z A path returned 202. Retrying...
2023-09-02T00:57:37.2406893Z A path returned 202. Retrying...
2023-09-02T00:57:37.2407191Z A path returned 202. Retrying...
2023-09-02T00:57:37.2407448Z A path returned 202. Retrying...
2023-09-02T00:57:37.2407746Z A path returned 202. Retrying...
2023-09-02T00:57:37.2407994Z A path returned 202. Retrying...
2023-09-02T00:57:37.2408292Z A path returned 202. Retrying...
2023-09-02T00:57:37.2408545Z A path returned 202. Retrying...
2023-09-02T00:57:37.2408838Z A path returned 202. Retrying...
2023-09-02T00:57:37.2409088Z A path returned 202. Retrying...
2023-09-02T00:57:37.2409388Z A path returned 202. Retrying...
2023-09-02T00:57:37.2409631Z A path returned 202. Retrying...
2023-09-02T00:57:37.2410112Z A path returned 202. Retrying...
2023-09-02T00:57:37.2410428Z A path returned 202. Retrying...
2023-09-02T00:57:37.2410678Z A path returned 202. Retrying...
2023-09-02T00:57:37.2410975Z A path returned 202. Retrying...
2023-09-02T00:57:37.2411226Z A path returned 202. Retrying...
2023-09-02T00:57:37.2411524Z A path returned 202. Retrying...
2023-09-02T00:57:37.2411771Z A path returned 202. Retrying...
2023-09-02T00:57:37.2412069Z A path returned 202. Retrying...
2023-09-02T00:57:37.2412516Z A path returned 202. Retrying...
2023-09-02T00:57:37.2412763Z A path returned 202. Retrying...
2023-09-02T00:57:37.2413063Z A path returned 202. Retrying...
2023-09-02T00:57:37.2413309Z A path returned 202. Retrying...
2023-09-02T00:57:37.2413551Z A path returned 202. Retrying...
2023-09-02T00:57:37.2413867Z A path returned 202. Retrying...
2023-09-02T00:57:37.2414110Z A path returned 202. Retrying...
2023-09-02T00:57:37.2414342Z A path returned 202. Retrying...
2023-09-02T00:57:37.2414574Z A path returned 202. Retrying...
2023-09-02T00:57:37.2414807Z A path returned 202. Retrying...
2023-09-02T00:57:37.2415036Z A path returned 202. Retrying...
2023-09-02T00:57:37.2415259Z A path returned 202. Retrying...
2023-09-02T00:57:37.2415493Z A path returned 202. Retrying...
2023-09-02T00:57:37.2415729Z A path returned 202. Retrying...
2023-09-02T00:57:37.2416031Z A path returned 202. Retrying...
2023-09-02T00:57:37.2416280Z A path returned 202. Retrying...
2023-09-02T00:57:37.2416520Z A path returned 202. Retrying...
2023-09-02T00:57:37.2416825Z A path returned 202. Retrying...
2023-09-02T00:57:37.2417077Z A path returned 202. Retrying...
2023-09-02T00:57:37.2417374Z A path returned 202. Retrying...
2023-09-02T00:57:37.2417624Z A path returned 202. Retrying...
2023-09-02T00:57:37.2417845Z A path returned 202. Retrying...
2023-09-02T00:57:37.2418081Z A path returned 202. Retrying...
2023-09-02T00:57:37.2419713Z A path returned 202. Retrying...
2023-09-02T00:57:37.2420254Z A path returned 202. Retrying...
2023-09-02T00:57:37.2420496Z A path returned 202. Retrying...
2023-09-02T00:57:37.2420795Z A path returned 202. Retrying...
2023-09-02T00:57:37.2421029Z A path returned 202. Retrying...
2023-09-02T00:57:37.2421326Z A path returned 202. Retrying...
2023-09-02T00:57:37.2421571Z A path returned 202. Retrying...
2023-09-02T00:57:37.2421870Z A path returned 202. Retrying...
2023-09-02T00:57:37.2422138Z A path returned 202. Retrying...
2023-09-02T00:57:37.2422364Z A path returned 202. Retrying...
2023-09-02T00:57:37.2422601Z A path returned 202. Retrying...
2023-09-02T00:57:37.2422834Z A path returned 202. Retrying...
2023-09-02T00:57:37.2423065Z A path returned 202. Retrying...
2023-09-02T00:57:37.2423294Z A path returned 202. Retrying...
2023-09-02T00:57:37.2423525Z A path returned 202. Retrying...
2023-09-02T00:57:37.2423763Z A path returned 202. Retrying...
2023-09-02T00:57:37.2423990Z A path returned 202. Retrying...
2023-09-02T00:57:37.2424220Z A path returned 202. Retrying...
2023-09-02T00:57:37.2424447Z A path returned 202. Retrying...
2023-09-02T00:57:37.2424676Z A path returned 202. Retrying...
2023-09-02T00:57:37.2424909Z A path returned 202. Retrying...
2023-09-02T00:57:37.2425138Z A path returned 202. Retrying...
2023-09-02T00:57:37.2425364Z A path returned 202. Retrying...
2023-09-02T00:57:37.2425591Z A path returned 202. Retrying...
2023-09-02T00:57:37.2425811Z A path returned 202. Retrying...
2023-09-02T00:57:37.2426037Z A path returned 202. Retrying...
2023-09-02T00:57:37.2426274Z A path returned 202. Retrying...
2023-09-02T00:57:37.2426505Z A path returned 202. Retrying...
2023-09-02T00:57:37.2426820Z A path returned 202. Retrying...
2023-09-02T00:57:37.2427069Z A path returned 202. Retrying...
2023-09-02T00:57:37.2427366Z A path returned 202. Retrying...
2023-09-02T00:57:37.2427608Z A path returned 202. Retrying...
2023-09-02T00:57:37.2427906Z A path returned 202. Retrying...
2023-09-02T00:57:37.2428154Z A path returned 202. Retrying...
2023-09-02T00:57:37.2428445Z A path returned 202. Retrying...
2023-09-02T00:57:37.2428690Z A path returned 202. Retrying...
2023-09-02T00:57:37.2428918Z A path returned 202. Retrying...
2023-09-02T00:57:37.2429213Z A path returned 202. Retrying...
2023-09-02T00:57:37.2429465Z A path returned 202. Retrying...
2023-09-02T00:57:37.2429758Z A path returned 202. Retrying...
2023-09-02T00:57:37.2430010Z A path returned 202. Retrying...
2023-09-02T00:57:37.2430238Z A path returned 202. Retrying...
2023-09-02T00:57:37.2430525Z A path returned 202. Retrying...
2023-09-02T00:57:37.2430896Z A path returned 202. Retrying...
2023-09-02T00:57:37.2431183Z A path returned 202. Retrying...
2023-09-02T00:57:37.2431431Z A path returned 202. Retrying...
2023-09-02T00:57:37.2431727Z A path returned 202. Retrying...
2023-09-02T00:57:37.2431982Z A path returned 202. Retrying...
2023-09-02T00:57:37.2432280Z A path returned 202. Retrying...
2023-09-02T00:57:37.2432534Z A path returned 202. Retrying...
2023-09-02T00:57:37.2432764Z A path returned 202. Retrying...
2023-09-02T00:57:37.2433058Z A path returned 202. Retrying...
2023-09-02T00:57:37.2433307Z A path returned 202. Retrying...
2023-09-02T00:57:37.2433600Z A path returned 202. Retrying...
2023-09-02T00:57:37.2433841Z A path returned 202. Retrying...
2023-09-02T00:57:37.2434125Z A path returned 202. Retrying...
2023-09-02T00:57:37.2434375Z A path returned 202. Retrying...
2023-09-02T00:57:37.2434674Z A path returned 202. Retrying...
2023-09-02T00:57:37.2434917Z A path returned 202. Retrying...
2023-09-02T00:57:37.2435208Z A path returned 202. Retrying...
2023-09-02T00:57:37.2435460Z A path returned 202. Retrying...
2023-09-02T00:57:37.2435691Z A path returned 202. Retrying...
2023-09-02T00:57:37.2435990Z A path returned 202. Retrying...
2023-09-02T00:57:37.2436235Z A path returned 202. Retrying...
2023-09-02T00:57:37.2436526Z A path returned 202. Retrying...
2023-09-02T00:57:37.2436769Z A path returned 202. Retrying...
2023-09-02T00:57:37.2437146Z A path returned 202. Retrying...
2023-09-02T00:57:37.2437442Z A path returned 202. Retrying...
2023-09-02T00:57:37.2437697Z A path returned 202. Retrying...
2023-09-02T00:57:37.2437924Z A path returned 202. Retrying...
2023-09-02T00:57:37.2438153Z A path returned 202. Retrying...
2023-09-02T00:57:37.2438381Z A path returned 202. Retrying...
2023-09-02T00:57:37.2438685Z A path returned 202. Retrying...
2023-09-02T00:57:37.2438931Z A path returned 202. Retrying...
2023-09-02T00:57:37.2439228Z A path returned 202. Retrying...
2023-09-02T00:57:37.2439476Z A path returned 202. Retrying...
2023-09-02T00:57:37.2440325Z A path returned 202. Retrying...
2023-09-02T00:57:37.2440586Z A path returned 202. Retrying...
2023-09-02T00:57:37.2440838Z A path returned 202. Retrying...
2023-09-02T00:57:37.2441139Z A path returned 202. Retrying...
2023-09-02T00:57:37.2441508Z A path returned 202. Retrying...
2023-09-02T00:57:37.2441806Z A path returned 202. Retrying...
2023-09-02T00:57:37.2442064Z A path returned 202. Retrying...
2023-09-02T00:57:37.2442298Z A path returned 202. Retrying...
2023-09-02T00:57:37.2442597Z A path returned 202. Retrying...
2023-09-02T00:57:37.2442849Z A path returned 202. Retrying...
2023-09-02T00:57:37.2443141Z A path returned 202. Retrying...
2023-09-02T00:57:37.2443393Z A path returned 202. Retrying...
2023-09-02T00:57:37.2443621Z A path returned 202. Retrying...
2023-09-02T00:57:37.2443850Z A path returned 202. Retrying...
2023-09-02T00:57:37.2444081Z A path returned 202. Retrying...
2023-09-02T00:57:37.2444308Z A path returned 202. Retrying...
2023-09-02T00:57:37.2444540Z A path returned 202. Retrying...
2023-09-02T00:57:37.2444777Z A path returned 202. Retrying...
2023-09-02T00:57:37.2445007Z A path returned 202. Retrying...
2023-09-02T00:57:37.2445227Z A path returned 202. Retrying...
2023-09-02T00:57:37.2445454Z A path returned 202. Retrying...
2023-09-02T00:57:37.2445683Z A path returned 202. Retrying...
2023-09-02T00:57:37.2445916Z A path returned 202. Retrying...
2023-09-02T00:57:37.2446155Z A path returned 202. Retrying...
2023-09-02T00:57:37.2446388Z A path returned 202. Retrying...
2023-09-02T00:57:37.2446699Z A path returned 202. Retrying...
2023-09-02T00:57:37.2446946Z A path returned 202. Retrying...
2023-09-02T00:57:37.2447241Z A path returned 202. Retrying...
2023-09-02T00:57:37.2447480Z A path returned 202. Retrying...
2023-09-02T00:57:37.2447785Z A path returned 202. Retrying...
2023-09-02T00:57:37.2448017Z A path returned 202. Retrying...
2023-09-02T00:57:37.2448248Z A path returned 202. Retrying...
2023-09-02T00:57:37.2448484Z A path returned 202. Retrying...
2023-09-02T00:57:37.2448831Z A path returned 202. Retrying...
2023-09-02T00:57:37.2449062Z A path returned 202. Retrying...
2023-09-02T00:57:37.2449364Z A path returned 202. Retrying...
2023-09-02T00:57:37.2449612Z A path returned 202. Retrying...
2023-09-02T00:57:37.2449848Z A path returned 202. Retrying...
2023-09-02T00:57:37.2450305Z A path returned 202. Retrying...
2023-09-02T00:57:37.2450591Z A path returned 202. Retrying...
2023-09-02T00:57:37.2450840Z A path returned 202. Retrying...
2023-09-02T00:57:37.2451087Z A path returned 202. Retrying...
2023-09-02T00:57:37.2451389Z A path returned 202. Retrying...
2023-09-02T00:57:37.2451640Z A path returned 202. Retrying...
2023-09-02T00:57:37.2451942Z A path returned 202. Retrying...
2023-09-02T00:57:37.2452189Z A path returned 202. Retrying...
2023-09-02T00:57:37.2452487Z A path returned 202. Retrying...
2023-09-02T00:57:37.2452731Z A path returned 202. Retrying...
2023-09-02T00:57:37.2453018Z A path returned 202. Retrying...
2023-09-02T00:57:37.2453267Z A path returned 202. Retrying...
2023-09-02T00:57:37.2453569Z A path returned 202. Retrying...
2023-09-02T00:57:37.2453820Z A path returned 202. Retrying...
2023-09-02T00:57:37.2454115Z A path returned 202. Retrying...
2023-09-02T00:57:37.2454369Z A path returned 202. Retrying...
2023-09-02T00:57:37.2454597Z A path returned 202. Retrying...
2023-09-02T00:57:37.2454894Z A path returned 202. Retrying...
2023-09-02T00:57:37.2455283Z A path returned 202. Retrying...
2023-09-02T00:57:37.2455588Z A path returned 202. Retrying...
2023-09-02T00:57:37.2455837Z A path returned 202. Retrying...
2023-09-02T00:57:37.2456128Z A path returned 202. Retrying...
2023-09-02T00:57:37.2456378Z A path returned 202. Retrying...
2023-09-02T00:57:37.2456678Z A path returned 202. Retrying...
2023-09-02T00:57:37.2456927Z A path returned 202. Retrying...
2023-09-02T00:57:37.2457222Z A path returned 202. Retrying...
2023-09-02T00:57:37.2457478Z A path returned 202. Retrying...
2023-09-02T00:57:37.2457711Z A path returned 202. Retrying...
2023-09-02T00:57:37.2458020Z A path returned 202. Retrying...
2023-09-02T00:57:37.2458266Z A path returned 202. Retrying...
2023-09-02T00:57:37.2458568Z A path returned 202. Retrying...
2023-09-02T00:57:37.2458811Z A path returned 202. Retrying...
2023-09-02T00:57:37.2459097Z A path returned 202. Retrying...
2023-09-02T00:57:37.2459343Z A path returned 202. Retrying...
2023-09-02T00:57:37.2459643Z A path returned 202. Retrying...
2023-09-02T00:57:37.2459894Z A path returned 202. Retrying...
2023-09-02T00:57:37.2460126Z A path returned 202. Retrying...
2023-09-02T00:57:37.2460353Z A path returned 202. Retrying...
2023-09-02T01:06:31.5129754Z A path returned 202. Retrying...
2023-09-02T01:06:31.5130311Z A path returned 202. Retrying...
2023-09-02T01:06:31.5130570Z A path returned 202. Retrying...
2023-09-02T01:06:31.5130800Z A path returned 202. Retrying...
2023-09-02T01:06:31.5131034Z A path returned 202. Retrying...
2023-09-02T01:06:31.5131272Z A path returned 202. Retrying...
2023-09-02T01:06:31.5131508Z A path returned 202. Retrying...
2023-09-02T01:06:31.5131762Z A path returned 202. Retrying...
2023-09-02T01:06:31.5131992Z A path returned 202. Retrying...
2023-09-02T01:06:31.5132222Z A path returned 202. Retrying...
2023-09-02T01:06:31.5132452Z A path returned 202. Retrying...
2023-09-02T01:06:31.5132674Z A path returned 202. Retrying...
2023-09-02T01:06:31.5132898Z A path returned 202. Retrying...
2023-09-02T01:06:31.5133137Z A path returned 202. Retrying...
2023-09-02T01:06:31.5133368Z A path returned 202. Retrying...
2023-09-02T01:06:31.5133595Z A path returned 202. Retrying...
2023-09-02T01:06:31.5133825Z A path returned 202. Retrying...
2023-09-02T01:06:31.5134053Z A path returned 202. Retrying...
2023-09-02T01:06:31.5134273Z A path returned 202. Retrying...
2023-09-02T01:06:31.5134505Z A path returned 202. Retrying...
2023-09-02T01:06:31.5134734Z A path returned 202. Retrying...
2023-09-02T01:06:31.5134959Z A path returned 202. Retrying...
2023-09-02T01:06:31.5135189Z A path returned 202. Retrying...
2023-09-02T01:06:31.5135782Z A path returned 202. Retrying...
2023-09-02T01:06:31.5136010Z A path returned 202. Retrying...
2023-09-02T01:06:31.5136241Z A path returned 202. Retrying...
2023-09-02T01:06:31.5136460Z A path returned 202. Retrying...
2023-09-02T01:06:31.5136689Z A path returned 202. Retrying...
2023-09-02T01:06:31.5136920Z A path returned 202. Retrying...
2023-09-02T01:06:31.5137152Z A path returned 202. Retrying...
2023-09-02T01:06:31.5137389Z A path returned 202. Retrying...
2023-09-02T01:06:31.5137763Z A path returned 202. Retrying...
2023-09-02T01:06:31.5138076Z A path returned 202. Retrying...
2023-09-02T01:06:31.5138347Z A path returned 202. Retrying...
2023-09-02T01:06:31.5138823Z A path returned 202. Retrying...
2023-09-02T01:06:31.5139126Z A path returned 202. Retrying...
2023-09-02T01:06:31.5139434Z A path returned 202. Retrying...
2023-09-02T01:06:31.5139747Z A path returned 202. Retrying...
2023-09-02T01:06:31.5140105Z A path returned 202. Retrying...
2023-09-02T01:06:31.5140371Z A path returned 202. Retrying...
2023-09-02T01:06:31.5140692Z A path returned 202. Retrying...
2023-09-02T01:06:31.5140999Z A path returned 202. Retrying...
2023-09-02T01:06:31.5141345Z A path returned 202. Retrying...
2023-09-02T01:06:31.5154689Z A path returned 202. Retrying...
2023-09-02T01:06:31.5154971Z A path returned 202. Retrying...
2023-09-02T01:06:31.5155225Z A path returned 202. Retrying...
2023-09-02T01:06:31.5155741Z A path returned 202. Retrying...
2023-09-02T01:06:31.5155977Z A path returned 202. Retrying...
2023-09-02T01:06:31.5156220Z A path returned 202. Retrying...
2023-09-02T01:06:31.5156460Z A path returned 202. Retrying...
2023-09-02T01:06:31.5156698Z A path returned 202. Retrying...
2023-09-02T01:06:31.5156936Z A path returned 202. Retrying...
2023-09-02T01:06:31.5157180Z A path returned 202. Retrying...
2023-09-02T01:06:31.5157412Z A path returned 202. Retrying...
2023-09-02T01:06:31.5157638Z A path returned 202. Retrying...
2023-09-02T01:06:31.5157876Z A path returned 202. Retrying...
2023-09-02T01:06:31.5158118Z A path returned 202. Retrying...
2023-09-02T01:06:31.5158348Z A path returned 202. Retrying...
2023-09-02T01:06:31.5158580Z A path returned 202. Retrying...
2023-09-02T01:06:31.5158818Z A path returned 202. Retrying...
2023-09-02T01:06:31.5159047Z A path returned 202. Retrying...
2023-09-02T01:06:31.5159276Z A path returned 202. Retrying...
2023-09-02T01:06:31.5159497Z A path returned 202. Retrying...
2023-09-02T01:06:31.5159738Z A path returned 202. Retrying...
2023-09-02T01:06:31.5159970Z A path returned 202. Retrying...
2023-09-02T01:06:31.5160199Z A path returned 202. Retrying...
2023-09-02T01:06:31.5160434Z A path returned 202. Retrying...
2023-09-02T01:06:31.5160668Z A path returned 202. Retrying...
2023-09-02T01:06:31.5160899Z A path returned 202. Retrying...
2023-09-02T01:06:31.5161130Z A path returned 202. Retrying...
2023-09-02T01:06:31.5161356Z A path returned 202. Retrying...
2023-09-02T01:06:31.5161582Z A path returned 202. Retrying...
2023-09-02T01:06:31.5161817Z A path returned 202. Retrying...
2023-09-02T01:06:31.5162058Z A path returned 202. Retrying...
2023-09-02T01:06:31.5162289Z A path returned 202. Retrying...
2023-09-02T01:06:31.5162523Z A path returned 202. Retrying...
2023-09-02T01:06:31.5162802Z A path returned 202. Retrying...
2023-09-02T01:06:31.5163025Z A path returned 202. Retrying...
2023-09-02T01:06:31.5163259Z A path returned 202. Retrying...
2023-09-02T01:06:31.5163494Z A path returned 202. Retrying...
2023-09-02T01:06:31.5163726Z A path returned 202. Retrying...
2023-09-02T01:06:31.5163962Z A path returned 202. Retrying...
2023-09-02T01:06:31.5164194Z A path returned 202. Retrying...
2023-09-02T01:06:31.5164425Z A path returned 202. Retrying...
2023-09-02T01:06:31.5164659Z A path returned 202. Retrying...
2023-09-02T01:06:31.5164883Z A path returned 202. Retrying...
2023-09-02T01:06:31.5165116Z A path returned 202. Retrying...
2023-09-02T01:06:31.5165350Z A path returned 202. Retrying...
2023-09-02T01:06:31.5165583Z A path returned 202. Retrying...
2023-09-02T01:06:31.5165927Z A path returned 202. Retrying...
2023-09-02T01:06:31.5166164Z A path returned 202. Retrying...
2023-09-02T01:06:31.5166396Z A path returned 202. Retrying...
2023-09-02T01:06:31.5166629Z A path returned 202. Retrying...
2023-09-02T01:06:31.5166856Z A path returned 202. Retrying...
2023-09-02T01:06:31.5167085Z A path returned 202. Retrying...
2023-09-02T01:06:31.5167318Z A path returned 202. Retrying...
2023-09-02T01:06:31.5167559Z A path returned 202. Retrying...
2023-09-02T01:06:31.5167794Z A path returned 202. Retrying...
2023-09-02T01:06:31.5168024Z A path returned 202. Retrying...
2023-09-02T01:06:31.5168257Z A path returned 202. Retrying...
2023-09-02T01:06:31.5168478Z A path returned 202. Retrying...
2023-09-02T01:06:31.5168710Z A path returned 202. Retrying...
2023-09-02T01:06:31.5168943Z A path returned 202. Retrying...
2023-09-02T01:06:31.5169178Z A path returned 202. Retrying...
2023-09-02T01:06:31.5169410Z A path returned 202. Retrying...
2023-09-02T01:06:31.5169642Z A path returned 202. Retrying...
2023-09-02T01:06:31.5170126Z A path returned 202. Retrying...
2023-09-02T01:06:31.5170368Z A path returned 202. Retrying...
2023-09-02T01:06:31.5170592Z A path returned 202. Retrying...
2023-09-02T01:06:31.5170828Z A path returned 202. Retrying...
2023-09-02T01:06:31.5171062Z A path returned 202. Retrying...
2023-09-02T01:06:31.5171297Z A path returned 202. Retrying...
2023-09-02T01:06:31.5171823Z A path returned 202. Retrying...
2023-09-02T01:06:31.5172060Z A path returned 202. Retrying...
2023-09-02T01:06:31.5172297Z A path returned 202. Retrying...
2023-09-02T01:06:31.5172531Z A path returned 202. Retrying...
2023-09-02T01:06:31.5172759Z A path returned 202. Retrying...
2023-09-02T01:06:31.5172991Z A path returned 202. Retrying...
2023-09-02T01:06:31.5173229Z A path returned 202. Retrying...
2023-09-02T01:06:31.5173464Z A path returned 202. Retrying...
2023-09-02T01:06:31.5173693Z A path returned 202. Retrying...
2023-09-02T01:06:31.5173924Z A path returned 202. Retrying...
2023-09-02T01:06:31.5174172Z A path returned 202. Retrying...
2023-09-02T01:06:31.5174402Z A path returned 202. Retrying...
2023-09-02T01:06:31.5174635Z A path returned 202. Retrying...
2023-09-02T01:06:31.5174868Z A path returned 202. Retrying...
2023-09-02T01:06:31.5175102Z A path returned 202. Retrying...
2023-09-02T01:06:31.5175337Z A path returned 202. Retrying...
2023-09-02T01:06:31.5175568Z A path returned 202. Retrying...
2023-09-02T01:06:31.5175804Z A path returned 202. Retrying...
2023-09-02T01:06:31.5176035Z A path returned 202. Retrying...
2023-09-02T01:06:31.5176260Z A path returned 202. Retrying...
2023-09-02T01:06:31.5176490Z A path returned 202. Retrying...
2023-09-02T01:06:31.5176722Z A path returned 202. Retrying...
2023-09-02T01:06:31.5176952Z A path returned 202. Retrying...
2023-09-02T01:06:31.5177190Z A path returned 202. Retrying...
2023-09-02T01:06:31.5177420Z A path returned 202. Retrying...
2023-09-02T01:06:31.5177655Z A path returned 202. Retrying...
2023-09-02T01:06:31.5177888Z A path returned 202. Retrying...
2023-09-02T01:06:31.5178111Z A path returned 202. Retrying...
2023-09-02T01:06:31.5178347Z A path returned 202. Retrying...
2023-09-02T01:06:31.5178580Z A path returned 202. Retrying...
2023-09-02T01:06:31.5178805Z A path returned 202. Retrying...
2023-09-02T01:06:31.5179040Z A path returned 202. Retrying...
2023-09-02T01:06:31.5179277Z A path returned 202. Retrying...
2023-09-02T01:06:31.5179517Z A path returned 202. Retrying...
2023-09-02T01:06:31.5179745Z A path returned 202. Retrying...
2023-09-02T01:06:31.5179973Z A path returned 202. Retrying...
2023-09-02T01:06:31.5180207Z A path returned 202. Retrying...
2023-09-02T01:06:31.5180442Z A path returned 202. Retrying...
2023-09-02T01:06:31.5180673Z A path returned 202. Retrying...
2023-09-02T01:06:31.5180904Z A path returned 202. Retrying...
2023-09-02T01:06:31.5181138Z A path returned 202. Retrying...
2023-09-02T01:06:31.5181370Z A path returned 202. Retrying...
2023-09-02T01:06:31.5181593Z A path returned 202. Retrying...
2023-09-02T01:06:31.5181924Z A path returned 202. Retrying...
2023-09-02T01:06:31.5182155Z A path returned 202. Retrying...
2023-09-02T01:06:31.5182388Z A path returned 202. Retrying...
2023-09-02T01:06:31.5182619Z A path returned 202. Retrying...
2023-09-02T01:06:31.5182850Z A path returned 202. Retrying...
2023-09-02T01:06:31.5183082Z A path returned 202. Retrying...
2023-09-02T01:06:31.5183314Z A path returned 202. Retrying...
2023-09-02T01:06:31.5183542Z A path returned 202. Retrying...
2023-09-02T01:06:31.5183775Z A path returned 202. Retrying...
2023-09-02T01:06:31.5184010Z A path returned 202. Retrying...
2023-09-02T01:06:31.5184249Z A path returned 202. Retrying...
2023-09-02T01:06:31.5184484Z A path returned 202. Retrying...
2023-09-02T01:06:31.5184714Z A path returned 202. Retrying...
2023-09-02T01:06:31.5184952Z A path returned 202. Retrying...
2023-09-02T01:06:31.5185176Z A path returned 202. Retrying...
2023-09-02T01:06:31.5185413Z A path returned 202. Retrying...
2023-09-02T01:06:31.5185646Z A path returned 202. Retrying...
2023-09-02T01:06:31.5185880Z A path returned 202. Retrying...
2023-09-02T01:06:31.5186111Z A path returned 202. Retrying...
2023-09-02T01:06:31.5186343Z A path returned 202. Retrying...
2023-09-02T01:06:31.5186573Z A path returned 202. Retrying...
2023-09-02T01:06:31.5186804Z A path returned 202. Retrying...
2023-09-02T01:06:31.5187025Z A path returned 202. Retrying...
2023-09-02T01:06:31.5187338Z A path returned 202. Retrying...
2023-09-02T01:06:31.5187571Z A path returned 202. Retrying...
2023-09-02T01:06:31.5187802Z A path returned 202. Retrying...
2023-09-02T01:06:31.5188031Z A path returned 202. Retrying...
2023-09-02T01:06:31.5188263Z A path returned 202. Retrying...
2023-09-02T01:06:31.5188495Z A path returned 202. Retrying...
2023-09-02T01:06:31.5188731Z A path returned 202. Retrying...
2023-09-02T01:06:31.5188953Z A path returned 202. Retrying...
2023-09-02T01:06:31.5189184Z A path returned 202. Retrying...
2023-09-02T01:06:31.5189418Z A path returned 202. Retrying...
2023-09-02T01:06:31.5189654Z A path returned 202. Retrying...
2023-09-02T01:06:31.5189886Z A path returned 202. Retrying...
2023-09-02T01:06:31.5190119Z A path returned 202. Retrying...
2023-09-02T01:06:31.5190354Z A path returned 202. Retrying...
2023-09-02T01:06:31.5190589Z A path returned 202. Retrying...
2023-09-02T01:06:31.5190813Z A path returned 202. Retrying...
2023-09-02T01:06:31.5191043Z A path returned 202. Retrying...
2023-09-02T01:06:31.5191283Z A path returned 202. Retrying...
2023-09-02T01:06:31.5191512Z A path returned 202. Retrying...
2023-09-02T01:06:31.5191740Z A path returned 202. Retrying...
2023-09-02T01:06:31.5191975Z A path returned 202. Retrying...
2023-09-02T01:06:31.5192215Z A path returned 202. Retrying...
2023-09-02T01:06:31.5192437Z A path returned 202. Retrying...
2023-09-02T01:06:31.5192669Z A path returned 202. Retrying...
2023-09-02T01:06:31.5192904Z A path returned 202. Retrying...
2023-09-02T01:06:31.5193140Z A path returned 202. Retrying...
2023-09-02T01:06:31.5193374Z A path returned 202. Retrying...
2023-09-02T01:06:31.5193616Z A path returned 202. Retrying...
2023-09-02T01:06:31.5193843Z A path returned 202. Retrying...
2023-09-02T01:06:31.5194074Z A path returned 202. Retrying...
2023-09-02T01:06:31.5194297Z A path returned 202. Retrying...
2023-09-02T01:06:31.5194540Z A path returned 202. Retrying...
2023-09-02T01:06:31.5194773Z A path returned 202. Retrying...
2023-09-02T01:06:31.5195009Z A path returned 202. Retrying...
2023-09-02T01:06:31.5195244Z A path returned 202. Retrying...
2023-09-02T01:06:31.5195471Z A path returned 202. Retrying...
2023-09-02T01:06:31.5195704Z A path returned 202. Retrying...
2023-09-02T01:06:31.5195938Z A path returned 202. Retrying...
2023-09-02T01:06:31.5196162Z A path returned 202. Retrying...
2023-09-02T01:06:31.5196395Z A path returned 202. Retrying...
2023-09-02T01:06:31.5196629Z A path returned 202. Retrying...
2023-09-02T01:06:31.5196863Z A path returned 202. Retrying...
2023-09-02T01:06:31.5197095Z A path returned 202. Retrying...
2023-09-02T01:06:31.5197420Z A path returned 202. Retrying...
2023-09-02T01:06:31.5197653Z A path returned 202. Retrying...
2023-09-02T01:06:31.5197876Z A path returned 202. Retrying...
2023-09-02T01:06:31.5198107Z A path returned 202. Retrying...
2023-09-02T01:06:31.5198337Z A path returned 202. Retrying...
2023-09-02T01:06:31.5198565Z A path returned 202. Retrying...
2023-09-02T01:06:31.5198794Z A path returned 202. Retrying...
2023-09-02T01:06:31.5199025Z A path returned 202. Retrying...
2023-09-02T01:06:31.5199255Z A path returned 202. Retrying...
2023-09-02T01:06:31.5199487Z A path returned 202. Retrying...
2023-09-02T01:06:31.5199707Z A path returned 202. Retrying...
2023-09-02T01:06:31.5199940Z A path returned 202. Retrying...
2023-09-02T01:06:31.5200175Z A path returned 202. Retrying...
2023-09-02T01:06:31.5200413Z A path returned 202. Retrying...
2023-09-02T01:06:31.5200647Z A path returned 202. Retrying...
2023-09-02T01:06:31.5200878Z A path returned 202. Retrying...
2023-09-02T01:06:31.5201110Z A path returned 202. Retrying...
2023-09-02T01:06:31.5201345Z A path returned 202. Retrying...
2023-09-02T01:06:31.5201569Z A path returned 202. Retrying...
2023-09-02T01:06:31.5201809Z A path returned 202. Retrying...
2023-09-02T01:06:31.5202046Z A path returned 202. Retrying...
2023-09-02T01:06:31.5202277Z A path returned 202. Retrying...
2023-09-02T01:06:31.5202512Z A path returned 202. Retrying...
2023-09-02T01:06:31.5202849Z A path returned 202. Retrying...
2023-09-02T01:06:31.5203087Z A path returned 202. Retrying...
2023-09-02T01:06:31.5203312Z A path returned 202. Retrying...
2023-09-02T01:06:31.5203544Z A path returned 202. Retrying...
2023-09-02T01:15:24.6184508Z A path returned 202. Retrying...
2023-09-02T01:15:24.6184809Z A path returned 202. Retrying...
2023-09-02T01:15:24.6185177Z A path returned 202. Retrying...
2023-09-02T01:15:24.6185420Z A path returned 202. Retrying...
2023-09-02T01:15:24.6185655Z A path returned 202. Retrying...
2023-09-02T01:15:24.6185890Z A path returned 202. Retrying...
2023-09-02T01:15:24.6186154Z A path returned 202. Retrying...
2023-09-02T01:15:24.6186396Z A path returned 202. Retrying...
2023-09-02T01:15:24.6186630Z A path returned 202. Retrying...
2023-09-02T01:15:24.6186864Z A path returned 202. Retrying...
2023-09-02T01:15:24.6187100Z A path returned 202. Retrying...
2023-09-02T01:15:24.6187340Z A path returned 202. Retrying...
2023-09-02T01:15:24.6187568Z A path returned 202. Retrying...
2023-09-02T01:15:24.6187808Z A path returned 202. Retrying...
2023-09-02T01:15:24.6188042Z A path returned 202. Retrying...
2023-09-02T01:15:24.6188275Z A path returned 202. Retrying...
2023-09-02T01:15:24.6188507Z A path returned 202. Retrying...
2023-09-02T01:15:24.6188739Z A path returned 202. Retrying...
2023-09-02T01:15:24.6188970Z A path returned 202. Retrying...
2023-09-02T01:15:24.6189192Z A path returned 202. Retrying...
2023-09-02T01:15:24.6189424Z A path returned 202. Retrying...
2023-09-02T01:15:24.6189656Z A path returned 202. Retrying...
2023-09-02T01:15:24.6189891Z A path returned 202. Retrying...
2023-09-02T01:15:24.6190131Z A path returned 202. Retrying...
2023-09-02T01:15:24.6190363Z A path returned 202. Retrying...
2023-09-02T01:15:24.6190594Z A path returned 202. Retrying...
2023-09-02T01:15:24.6190827Z A path returned 202. Retrying...
2023-09-02T01:15:24.6191050Z A path returned 202. Retrying...
2023-09-02T01:15:24.6191284Z A path returned 202. Retrying...
2023-09-02T01:15:24.6191522Z A path returned 202. Retrying...
2023-09-02T01:15:24.6191752Z A path returned 202. Retrying...
2023-09-02T01:15:24.6191986Z A path returned 202. Retrying...
2023-09-02T01:15:24.6192222Z A path returned 202. Retrying...
2023-09-02T01:15:24.6192454Z A path returned 202. Retrying...
2023-09-02T01:15:24.6192685Z A path returned 202. Retrying...
2023-09-02T01:15:24.6192910Z A path returned 202. Retrying...
2023-09-02T01:15:24.6193142Z A path returned 202. Retrying...
2023-09-02T01:15:24.6193372Z A path returned 202. Retrying...
2023-09-02T01:15:24.6193604Z A path returned 202. Retrying...
2023-09-02T01:15:24.6194218Z A path returned 202. Retrying...
2023-09-02T01:15:24.6194505Z A path returned 202. Retrying...
2023-09-02T01:15:24.6194740Z A path returned 202. Retrying...
2023-09-02T01:15:24.6194965Z A path returned 202. Retrying...
2023-09-02T01:15:24.6195194Z A path returned 202. Retrying...
2023-09-02T01:15:24.6195425Z A path returned 202. Retrying...
2023-09-02T01:15:24.6195658Z A path returned 202. Retrying...
2023-09-02T01:15:24.6195899Z A path returned 202. Retrying...
2023-09-02T01:15:24.6196136Z A path returned 202. Retrying...
2023-09-02T01:15:24.6196372Z A path returned 202. Retrying...
2023-09-02T01:15:24.6196603Z A path returned 202. Retrying...
2023-09-02T01:15:24.6196836Z A path returned 202. Retrying...
2023-09-02T01:15:24.6197073Z A path returned 202. Retrying...
2023-09-02T01:15:24.6197310Z A path returned 202. Retrying...
2023-09-02T01:15:24.6197545Z A path returned 202. Retrying...
2023-09-02T01:15:24.6197781Z A path returned 202. Retrying...
2023-09-02T01:15:24.6198018Z A path returned 202. Retrying...
2023-09-02T01:15:24.6198259Z A path returned 202. Retrying...
2023-09-02T01:15:24.6198489Z A path returned 202. Retrying...
2023-09-02T01:15:24.6198711Z A path returned 202. Retrying...
2023-09-02T01:15:24.6198946Z A path returned 202. Retrying...
2023-09-02T01:15:24.6199177Z A path returned 202. Retrying...
2023-09-02T01:15:24.6199411Z A path returned 202. Retrying...
2023-09-02T01:15:24.6199799Z A path returned 202. Retrying...
2023-09-02T01:15:24.6200035Z A path returned 202. Retrying...
2023-09-02T01:15:24.6200269Z A path returned 202. Retrying...
2023-09-02T01:15:24.6200498Z A path returned 202. Retrying...
2023-09-02T01:15:24.6200728Z A path returned 202. Retrying...
2023-09-02T01:15:24.6200954Z A path returned 202. Retrying...
2023-09-02T01:15:24.6201184Z A path returned 202. Retrying...
2023-09-02T01:15:24.6201420Z A path returned 202. Retrying...
2023-09-02T01:15:24.6201651Z A path returned 202. Retrying...
2023-09-02T01:15:24.6201881Z A path returned 202. Retrying...
2023-09-02T01:15:24.6202122Z A path returned 202. Retrying...
2023-09-02T01:15:24.6202346Z A path returned 202. Retrying...
2023-09-02T01:15:24.6202579Z A path returned 202. Retrying...
2023-09-02T01:15:24.6202813Z A path returned 202. Retrying...
2023-09-02T01:15:24.6203045Z A path returned 202. Retrying...
2023-09-02T01:15:24.6203276Z A path returned 202. Retrying...
2023-09-02T01:15:24.6203505Z A path returned 202. Retrying...
2023-09-02T01:15:24.6203742Z A path returned 202. Retrying...
2023-09-02T01:15:24.6203972Z A path returned 202. Retrying...
2023-09-02T01:15:24.6204194Z A path returned 202. Retrying...
2023-09-02T01:15:24.6204424Z A path returned 202. Retrying...
2023-09-02T01:15:24.6204659Z A path returned 202. Retrying...
2023-09-02T01:15:24.6204892Z A path returned 202. Retrying...
2023-09-02T01:15:24.6205123Z A path returned 202. Retrying...
2023-09-02T01:15:24.6205358Z A path returned 202. Retrying...
2023-09-02T01:15:24.6205592Z A path returned 202. Retrying...
2023-09-02T01:15:24.6205817Z A path returned 202. Retrying...
2023-09-02T01:15:24.6206051Z A path returned 202. Retrying...
2023-09-02T01:15:24.6206279Z A path returned 202. Retrying...
2023-09-02T01:15:24.6206509Z A path returned 202. Retrying...
2023-09-02T01:15:24.6206740Z A path returned 202. Retrying...
2023-09-02T01:15:24.6206974Z A path returned 202. Retrying...
2023-09-02T01:15:24.6207207Z A path returned 202. Retrying...
2023-09-02T01:15:24.6207443Z A path returned 202. Retrying...
2023-09-02T01:15:24.6207665Z A path returned 202. Retrying...
2023-09-02T01:15:24.6207897Z A path returned 202. Retrying...
2023-09-02T01:15:24.6208128Z A path returned 202. Retrying...
2023-09-02T01:15:24.6208360Z A path returned 202. Retrying...
2023-09-02T01:15:24.6208594Z A path returned 202. Retrying...
2023-09-02T01:15:24.6208823Z A path returned 202. Retrying...
2023-09-02T01:15:24.6209054Z A path returned 202. Retrying...
2023-09-02T01:15:24.6209284Z A path returned 202. Retrying...
2023-09-02T01:15:24.6209507Z A path returned 202. Retrying...
2023-09-02T01:15:24.6209847Z A path returned 202. Retrying...
2023-09-02T01:15:24.6210245Z A path returned 202. Retrying...
2023-09-02T01:15:24.6210480Z A path returned 202. Retrying...
2023-09-02T01:15:24.6210715Z A path returned 202. Retrying...
2023-09-02T01:15:24.6210946Z A path returned 202. Retrying...
2023-09-02T01:15:24.6211178Z A path returned 202. Retrying...
2023-09-02T01:15:24.6211399Z A path returned 202. Retrying...
2023-09-02T01:15:24.6211639Z A path returned 202. Retrying...
2023-09-02T01:15:24.6211872Z A path returned 202. Retrying...
2023-09-02T01:15:24.6212113Z A path returned 202. Retrying...
2023-09-02T01:15:24.6212349Z A path returned 202. Retrying...
2023-09-02T01:15:24.6212586Z A path returned 202. Retrying...
2023-09-02T01:15:24.6212818Z A path returned 202. Retrying...
2023-09-02T01:15:24.6213051Z A path returned 202. Retrying...
2023-09-02T01:15:24.6213275Z A path returned 202. Retrying...
2023-09-02T01:15:24.6213510Z A path returned 202. Retrying...
2023-09-02T01:15:24.6213749Z A path returned 202. Retrying...
2023-09-02T01:15:24.6213985Z A path returned 202. Retrying...
2023-09-02T01:15:24.6214218Z A path returned 202. Retrying...
2023-09-02T01:15:24.6214452Z A path returned 202. Retrying...
2023-09-02T01:15:24.6214686Z A path returned 202. Retrying...
2023-09-02T01:15:24.6214919Z A path returned 202. Retrying...
2023-09-02T01:15:24.6215141Z A path returned 202. Retrying...
2023-09-02T01:15:24.6215486Z A path returned 202. Retrying...
2023-09-02T01:15:24.6215721Z A path returned 202. Retrying...
2023-09-02T01:15:24.6215953Z A path returned 202. Retrying...
2023-09-02T01:15:24.6216187Z A path returned 202. Retrying...
2023-09-02T01:15:24.6216418Z A path returned 202. Retrying...
2023-09-02T01:15:24.6216650Z A path returned 202. Retrying...
2023-09-02T01:15:24.6216873Z A path returned 202. Retrying...
2023-09-02T01:15:24.6217107Z A path returned 202. Retrying...
2023-09-02T01:15:24.6217340Z A path returned 202. Retrying...
2023-09-02T01:15:24.6217575Z A path returned 202. Retrying...
2023-09-02T01:15:24.6217818Z A path returned 202. Retrying...
2023-09-02T01:15:24.6218056Z A path returned 202. Retrying...
2023-09-02T01:15:24.6218287Z A path returned 202. Retrying...
2023-09-02T01:15:24.6218524Z A path returned 202. Retrying...
2023-09-02T01:15:24.6218748Z A path returned 202. Retrying...
2023-09-02T01:15:24.6218983Z A path returned 202. Retrying...
2023-09-02T01:15:24.6219214Z A path returned 202. Retrying...
2023-09-02T01:15:24.6219453Z A path returned 202. Retrying...
2023-09-02T01:15:24.6219688Z A path returned 202. Retrying...
2023-09-02T01:15:24.6219921Z A path returned 202. Retrying...
2023-09-02T01:15:24.6220155Z A path returned 202. Retrying...
2023-09-02T01:15:24.6220387Z A path returned 202. Retrying...
2023-09-02T01:15:24.6220611Z A path returned 202. Retrying...
2023-09-02T01:15:24.6220845Z A path returned 202. Retrying...
2023-09-02T01:15:24.6221080Z A path returned 202. Retrying...
2023-09-02T01:15:24.6221314Z A path returned 202. Retrying...
2023-09-02T01:15:24.6221549Z A path returned 202. Retrying...
2023-09-02T01:15:24.6221786Z A path returned 202. Retrying...
2023-09-02T01:15:24.6222020Z A path returned 202. Retrying...
2023-09-02T01:15:24.6222249Z A path returned 202. Retrying...
2023-09-02T01:15:24.6222472Z A path returned 202. Retrying...
2023-09-02T01:15:24.6222702Z A path returned 202. Retrying...
2023-09-02T01:15:24.6222933Z A path returned 202. Retrying...
2023-09-02T01:15:24.6223170Z A path returned 202. Retrying...
2023-09-02T01:15:24.6223402Z A path returned 202. Retrying...
2023-09-02T01:15:24.6223634Z A path returned 202. Retrying...
2023-09-02T01:15:24.6223864Z A path returned 202. Retrying...
2023-09-02T01:15:24.6224086Z A path returned 202. Retrying...
2023-09-02T01:15:24.6224318Z A path returned 202. Retrying...
2023-09-02T01:15:24.6224548Z A path returned 202. Retrying...
2023-09-02T01:15:24.6224779Z A path returned 202. Retrying...
2023-09-02T01:15:24.6225009Z A path returned 202. Retrying...
2023-09-02T01:15:24.6225238Z A path returned 202. Retrying...
2023-09-02T01:15:24.6225469Z A path returned 202. Retrying...
2023-09-02T01:15:24.6225806Z A path returned 202. Retrying...
2023-09-02T01:15:24.6226028Z A path returned 202. Retrying...
2023-09-02T01:15:24.6226263Z A path returned 202. Retrying...
2023-09-02T01:15:24.6226498Z A path returned 202. Retrying...
2023-09-02T01:15:24.6226732Z A path returned 202. Retrying...
2023-09-02T01:15:24.6226968Z A path returned 202. Retrying...
2023-09-02T01:15:24.6227202Z A path returned 202. Retrying...
2023-09-02T01:15:24.6227434Z A path returned 202. Retrying...
2023-09-02T01:15:24.6227666Z A path returned 202. Retrying...
2023-09-02T01:15:24.6227889Z A path returned 202. Retrying...
2023-09-02T01:15:24.6228122Z A path returned 202. Retrying...
2023-09-02T01:15:24.6228359Z A path returned 202. Retrying...
2023-09-02T01:15:24.6228594Z A path returned 202. Retrying...
2023-09-02T01:15:24.6228831Z A path returned 202. Retrying...
2023-09-02T01:15:24.6229063Z A path returned 202. Retrying...
2023-09-02T01:15:24.6229296Z A path returned 202. Retrying...
2023-09-02T01:15:24.6229524Z A path returned 202. Retrying...
2023-09-02T01:15:24.6229757Z A path returned 202. Retrying...
2023-09-02T01:15:24.6229989Z A path returned 202. Retrying...
2023-09-02T01:15:24.6230220Z A path returned 202. Retrying...
2023-09-02T01:15:24.6230455Z A path returned 202. Retrying...
2023-09-02T01:15:24.6230695Z A path returned 202. Retrying...
2023-09-02T01:15:24.6231023Z A path returned 202. Retrying...
2023-09-02T01:15:24.6231258Z A path returned 202. Retrying...
2023-09-02T01:15:24.6231480Z A path returned 202. Retrying...
2023-09-02T01:15:24.6231713Z A path returned 202. Retrying...
2023-09-02T01:15:24.6231947Z A path returned 202. Retrying...
2023-09-02T01:15:24.6232178Z A path returned 202. Retrying...
2023-09-02T01:15:24.6232412Z A path returned 202. Retrying...
2023-09-02T01:15:24.6232647Z A path returned 202. Retrying...
2023-09-02T01:15:24.6232882Z A path returned 202. Retrying...
2023-09-02T01:15:24.6233115Z A path returned 202. Retrying...
2023-09-02T01:15:24.6233338Z A path returned 202. Retrying...
2023-09-02T01:15:24.6233580Z A path returned 202. Retrying...
2023-09-02T01:15:24.6233813Z A path returned 202. Retrying...
2023-09-02T01:15:24.6234046Z A path returned 202. Retrying...
2023-09-02T01:15:24.6234278Z A path returned 202. Retrying...
2023-09-02T01:15:24.6234517Z A path returned 202. Retrying...
2023-09-02T01:15:24.6234754Z A path returned 202. Retrying...
2023-09-02T01:15:24.6234986Z A path returned 202. Retrying...
2023-09-02T01:15:24.6235220Z A path returned 202. Retrying...
2023-09-02T01:15:24.6235449Z A path returned 202. Retrying...
2023-09-02T01:15:24.6235682Z A path returned 202. Retrying...
2023-09-02T01:15:24.6235917Z A path returned 202. Retrying...
2023-09-02T01:15:24.6236148Z A path returned 202. Retrying...
2023-09-02T01:15:24.6236380Z A path returned 202. Retrying...
2023-09-02T01:15:24.6236618Z A path returned 202. Retrying...
2023-09-02T01:15:24.6236841Z A path returned 202. Retrying...
2023-09-02T01:15:24.6237075Z A path returned 202. Retrying...
2023-09-02T01:15:24.6237312Z A path returned 202. Retrying...
2023-09-02T01:15:24.6237545Z A path returned 202. Retrying...
2023-09-02T01:15:24.6237776Z A path returned 202. Retrying...
2023-09-02T01:15:24.6238009Z A path returned 202. Retrying...
2023-09-02T01:15:24.6238241Z A path returned 202. Retrying...
2023-09-02T01:15:24.6238474Z A path returned 202. Retrying...
2023-09-02T01:15:24.6238702Z A path returned 202. Retrying...
2023-09-02T01:15:24.6238936Z A path returned 202. Retrying...
2023-09-02T01:15:24.6239170Z A path returned 202. Retrying...
2023-09-02T01:15:24.6239403Z A path returned 202. Retrying...
2023-09-02T01:15:24.6239634Z A path returned 202. Retrying...
2023-09-02T01:15:24.6239865Z A path returned 202. Retrying...
2023-09-02T01:15:24.6240099Z A path returned 202. Retrying...
2023-09-02T01:15:24.6240345Z A path returned 202. Retrying...
2023-09-02T01:15:24.6240568Z A path returned 202. Retrying...
2023-09-02T01:15:24.6240806Z A path returned 202. Retrying...
2023-09-02T01:15:24.6241043Z A path returned 202. Retrying...
2023-09-02T01:15:24.6241364Z A path returned 202. Retrying...
2023-09-02T01:15:24.6241601Z A path returned 202. Retrying...
2023-09-02T01:15:24.6241833Z A path returned 202. Retrying...
2023-09-02T01:15:24.6242067Z A path returned 202. Retrying...
2023-09-02T01:15:24.6242290Z A path returned 202. Retrying...
2023-09-02T01:15:24.6242526Z A path returned 202. Retrying...
2023-09-02T01:15:24.6242769Z A path returned 202. Retrying...
2023-09-02T01:15:24.6243007Z A path returned 202. Retrying...
2023-09-02T01:15:24.6243241Z A path returned 202. Retrying...
2023-09-02T01:15:24.6243473Z A path returned 202. Retrying...
2023-09-02T01:24:19.7176323Z A path returned 202. Retrying...
2023-09-02T01:24:19.7176634Z A path returned 202. Retrying...
2023-09-02T01:24:19.7176910Z A path returned 202. Retrying...
2023-09-02T01:24:19.7177141Z A path returned 202. Retrying...
2023-09-02T01:24:19.7177381Z A path returned 202. Retrying...
2023-09-02T01:24:19.7177627Z A path returned 202. Retrying...
2023-09-02T01:24:19.7177930Z A path returned 202. Retrying...
2023-09-02T01:24:19.7178163Z A path returned 202. Retrying...
2023-09-02T01:24:19.7178400Z A path returned 202. Retrying...
2023-09-02T01:24:19.7178625Z A path returned 202. Retrying...
2023-09-02T01:24:19.7178865Z A path returned 202. Retrying...
2023-09-02T01:24:19.7179093Z A path returned 202. Retrying...
2023-09-02T01:24:19.7183416Z A path returned 202. Retrying...
2023-09-02T01:24:19.7183697Z A path returned 202. Retrying...
2023-09-02T01:24:19.7183938Z A path returned 202. Retrying...
2023-09-02T01:24:19.7184582Z A path returned 202. Retrying...
2023-09-02T01:24:19.7184906Z A path returned 202. Retrying...
2023-09-02T01:24:19.7185175Z A path returned 202. Retrying...
2023-09-02T01:24:19.7185589Z A path returned 202. Retrying...
2023-09-02T01:24:19.7186030Z A path returned 202. Retrying...
2023-09-02T01:24:19.7186336Z A path returned 202. Retrying...
2023-09-02T01:24:19.7186601Z A path returned 202. Retrying...
2023-09-02T01:24:19.7186934Z A path returned 202. Retrying...
2023-09-02T01:24:19.7187279Z A path returned 202. Retrying...
2023-09-02T01:24:19.7187589Z A path returned 202. Retrying...
2023-09-02T01:24:19.7187899Z A path returned 202. Retrying...
2023-09-02T01:24:19.7188226Z A path returned 202. Retrying...
2023-09-02T01:24:19.7188553Z A path returned 202. Retrying...
2023-09-02T01:24:19.7190612Z A path returned 202. Retrying...
2023-09-02T01:24:19.7191011Z A path returned 202. Retrying...
2023-09-02T01:24:19.7203366Z A path returned 202. Retrying...
2023-09-02T01:24:19.7203745Z A path returned 202. Retrying...
2023-09-02T01:24:19.7204049Z A path returned 202. Retrying...
2023-09-02T01:24:19.7204291Z A path returned 202. Retrying...
2023-09-02T01:24:19.7204538Z A path returned 202. Retrying...
2023-09-02T01:24:19.7204767Z A path returned 202. Retrying...
2023-09-02T01:24:19.7205008Z A path returned 202. Retrying...
2023-09-02T01:24:19.7205246Z A path returned 202. Retrying...
2023-09-02T01:24:19.7205483Z A path returned 202. Retrying...
2023-09-02T01:24:19.7205730Z A path returned 202. Retrying...
2023-09-02T01:24:19.7205964Z A path returned 202. Retrying...
2023-09-02T01:24:19.7206200Z A path returned 202. Retrying...
2023-09-02T01:24:19.7206439Z A path returned 202. Retrying...
2023-09-02T01:24:19.7206660Z A path returned 202. Retrying...
2023-09-02T01:24:19.7206888Z A path returned 202. Retrying...
2023-09-02T01:24:19.7207121Z A path returned 202. Retrying...
2023-09-02T01:24:19.7207362Z A path returned 202. Retrying...
2023-09-02T01:24:19.7207602Z A path returned 202. Retrying...
2023-09-02T01:24:19.7207833Z A path returned 202. Retrying...
2023-09-02T01:24:19.7208062Z A path returned 202. Retrying...
2023-09-02T01:24:19.7208285Z A path returned 202. Retrying...
2023-09-02T01:24:19.7208518Z A path returned 202. Retrying...
2023-09-02T01:24:19.7208748Z A path returned 202. Retrying...
2023-09-02T01:24:19.7208979Z A path returned 202. Retrying...
2023-09-02T01:24:19.7209210Z A path returned 202. Retrying...
2023-09-02T01:24:19.7209450Z A path returned 202. Retrying...
2023-09-02T01:24:19.7210211Z A path returned 202. Retrying...
2023-09-02T01:24:19.7210450Z A path returned 202. Retrying...
2023-09-02T01:24:19.7210674Z A path returned 202. Retrying...
2023-09-02T01:24:19.7210910Z A path returned 202. Retrying...
2023-09-02T01:24:19.7211148Z A path returned 202. Retrying...
2023-09-02T01:24:19.7211381Z A path returned 202. Retrying...
2023-09-02T01:24:19.7211622Z A path returned 202. Retrying...
2023-09-02T01:24:19.7211856Z A path returned 202. Retrying...
2023-09-02T01:24:19.7212088Z A path returned 202. Retrying...
2023-09-02T01:24:19.7212322Z A path returned 202. Retrying...
2023-09-02T01:24:19.7212547Z A path returned 202. Retrying...
2023-09-02T01:24:19.7212777Z A path returned 202. Retrying...
2023-09-02T01:24:19.7213009Z A path returned 202. Retrying...
2023-09-02T01:24:19.7213242Z A path returned 202. Retrying...
2023-09-02T01:24:19.7213474Z A path returned 202. Retrying...
2023-09-02T01:24:19.7213705Z A path returned 202. Retrying...
2023-09-02T01:24:19.7213941Z A path returned 202. Retrying...
2023-09-02T01:24:19.7214166Z A path returned 202. Retrying...
2023-09-02T01:24:19.7214398Z A path returned 202. Retrying...
2023-09-02T01:24:19.7214633Z A path returned 202. Retrying...
2023-09-02T01:24:19.7214867Z A path returned 202. Retrying...
2023-09-02T01:24:19.7215102Z A path returned 202. Retrying...
2023-09-02T01:24:19.7215334Z A path returned 202. Retrying...
2023-09-02T01:24:19.7215676Z A path returned 202. Retrying...
2023-09-02T01:24:19.7215913Z A path returned 202. Retrying...
2023-09-02T01:24:19.7216139Z A path returned 202. Retrying...
2023-09-02T01:24:19.7216373Z A path returned 202. Retrying...
2023-09-02T01:24:19.7216606Z A path returned 202. Retrying...
2023-09-02T01:24:19.7216840Z A path returned 202. Retrying...
2023-09-02T01:24:19.7217077Z A path returned 202. Retrying...
2023-09-02T01:24:19.7217307Z A path returned 202. Retrying...
2023-09-02T01:24:19.7217538Z A path returned 202. Retrying...
2023-09-02T01:24:19.7217774Z A path returned 202. Retrying...
2023-09-02T01:24:19.7218002Z A path returned 202. Retrying...
2023-09-02T01:24:19.7218241Z A path returned 202. Retrying...
2023-09-02T01:24:19.7218473Z A path returned 202. Retrying...
2023-09-02T01:24:19.7218710Z A path returned 202. Retrying...
2023-09-02T01:24:19.7218944Z A path returned 202. Retrying...
2023-09-02T01:24:19.7219174Z A path returned 202. Retrying...
2023-09-02T01:24:19.7219407Z A path returned 202. Retrying...
2023-09-02T01:24:19.7219628Z A path returned 202. Retrying...
2023-09-02T01:24:19.7219856Z A path returned 202. Retrying...
2023-09-02T01:24:19.7220085Z A path returned 202. Retrying...
2023-09-02T01:24:19.7220314Z A path returned 202. Retrying...
2023-09-02T01:24:19.7220544Z A path returned 202. Retrying...
2023-09-02T01:24:19.7220775Z A path returned 202. Retrying...
2023-09-02T01:24:19.7221007Z A path returned 202. Retrying...
2023-09-02T01:24:19.7221295Z A path returned 202. Retrying...
2023-09-02T01:24:19.7221524Z A path returned 202. Retrying...
2023-09-02T01:24:19.7221756Z A path returned 202. Retrying...
2023-09-02T01:24:19.7221985Z A path returned 202. Retrying...
2023-09-02T01:24:19.7222216Z A path returned 202. Retrying...
2023-09-02T01:24:19.7222434Z A path returned 202. Retrying...
2023-09-02T01:24:19.7222664Z A path returned 202. Retrying...
2023-09-02T01:24:19.7222891Z A path returned 202. Retrying...
2023-09-02T01:24:19.7223123Z A path returned 202. Retrying...
2023-09-02T01:24:19.7223358Z A path returned 202. Retrying...
2023-09-02T01:24:19.7223588Z A path returned 202. Retrying...
2023-09-02T01:24:19.7223816Z A path returned 202. Retrying...
2023-09-02T01:24:19.7224044Z A path returned 202. Retrying...
2023-09-02T01:24:19.7224263Z A path returned 202. Retrying...
2023-09-02T01:24:19.7224497Z A path returned 202. Retrying...
2023-09-02T01:24:19.7224727Z A path returned 202. Retrying...
2023-09-02T01:24:19.7224958Z A path returned 202. Retrying...
2023-09-02T01:24:19.7225189Z A path returned 202. Retrying...
2023-09-02T01:24:19.7225416Z A path returned 202. Retrying...
2023-09-02T01:24:19.7225764Z A path returned 202. Retrying...
2023-09-02T01:24:19.7225992Z A path returned 202. Retrying...
2023-09-02T01:24:19.7226216Z A path returned 202. Retrying...
2023-09-02T01:24:19.7226447Z A path returned 202. Retrying...
2023-09-02T01:24:19.7226678Z A path returned 202. Retrying...
2023-09-02T01:24:19.7226906Z A path returned 202. Retrying...
2023-09-02T01:24:19.7227143Z A path returned 202. Retrying...
2023-09-02T01:24:19.7227374Z A path returned 202. Retrying...
2023-09-02T01:24:19.7227603Z A path returned 202. Retrying...
2023-09-02T01:24:19.7227823Z A path returned 202. Retrying...
2023-09-02T01:24:19.7228054Z A path returned 202. Retrying...
2023-09-02T01:24:19.7228282Z A path returned 202. Retrying...
2023-09-02T01:24:19.7228512Z A path returned 202. Retrying...
2023-09-02T01:24:19.7228743Z A path returned 202. Retrying...
2023-09-02T01:24:19.7228975Z A path returned 202. Retrying...
2023-09-02T01:24:19.7229203Z A path returned 202. Retrying...
2023-09-02T01:24:19.7229440Z A path returned 202. Retrying...
2023-09-02T01:24:19.7229664Z A path returned 202. Retrying...
2023-09-02T01:24:19.7229892Z A path returned 202. Retrying...
2023-09-02T01:24:19.7230121Z A path returned 202. Retrying...
2023-09-02T01:24:19.7230351Z A path returned 202. Retrying...
2023-09-02T01:24:19.7230583Z A path returned 202. Retrying...
2023-09-02T01:24:19.7230816Z A path returned 202. Retrying...
2023-09-02T01:24:19.7231134Z A path returned 202. Retrying...
2023-09-02T01:24:19.7231366Z A path returned 202. Retrying...
2023-09-02T01:24:19.7231586Z A path returned 202. Retrying...
2023-09-02T01:24:19.7231818Z A path returned 202. Retrying...
2023-09-02T01:24:19.7232044Z A path returned 202. Retrying...
2023-09-02T01:24:19.7232271Z A path returned 202. Retrying...
2023-09-02T01:24:19.7232501Z A path returned 202. Retrying...
2023-09-02T01:24:19.7232729Z A path returned 202. Retrying...
2023-09-02T01:24:19.7232963Z A path returned 202. Retrying...
2023-09-02T01:24:19.7233186Z A path returned 202. Retrying...
2023-09-02T01:24:19.7233424Z A path returned 202. Retrying...
2023-09-02T01:24:19.7233654Z A path returned 202. Retrying...
2023-09-02T01:24:19.7233886Z A path returned 202. Retrying...
2023-09-02T01:24:19.7234118Z A path returned 202. Retrying...
2023-09-02T01:24:19.7234345Z A path returned 202. Retrying...
2023-09-02T01:24:19.7234574Z A path returned 202. Retrying...
2023-09-02T01:24:19.7234809Z A path returned 202. Retrying...
2023-09-02T01:24:19.7235028Z A path returned 202. Retrying...
2023-09-02T01:24:19.7235263Z A path returned 202. Retrying...
2023-09-02T01:24:19.7235495Z A path returned 202. Retrying...
2023-09-02T01:24:19.7235727Z A path returned 202. Retrying...
2023-09-02T01:24:19.7235957Z A path returned 202. Retrying...
2023-09-02T01:24:19.7236189Z A path returned 202. Retrying...
2023-09-02T01:24:19.7236420Z A path returned 202. Retrying...
2023-09-02T01:24:19.7236653Z A path returned 202. Retrying...
2023-09-02T01:24:19.7236873Z A path returned 202. Retrying...
2023-09-02T01:24:19.7237105Z A path returned 202. Retrying...
2023-09-02T01:24:19.7237339Z A path returned 202. Retrying...
2023-09-02T01:24:19.7237570Z A path returned 202. Retrying...
2023-09-02T01:24:19.7237799Z A path returned 202. Retrying...
2023-09-02T01:24:19.7238028Z A path returned 202. Retrying...
2023-09-02T01:24:19.7238259Z A path returned 202. Retrying...
2023-09-02T01:24:19.7238477Z A path returned 202. Retrying...
2023-09-02T01:24:19.7238713Z A path returned 202. Retrying...
2023-09-02T01:24:19.7238945Z A path returned 202. Retrying...
2023-09-02T01:24:19.7239179Z A path returned 202. Retrying...
2023-09-02T01:24:19.7239410Z A path returned 202. Retrying...
2023-09-02T01:24:19.7239645Z A path returned 202. Retrying...
2023-09-02T01:24:19.7239878Z A path returned 202. Retrying...
2023-09-02T01:24:19.7240110Z A path returned 202. Retrying...
2023-09-02T01:24:19.7240335Z A path returned 202. Retrying...
2023-09-02T01:24:19.7240566Z A path returned 202. Retrying...
2023-09-02T01:24:19.7240799Z A path returned 202. Retrying...
2023-09-02T01:24:19.7241148Z A path returned 202. Retrying...
2023-09-02T01:24:19.7241380Z A path returned 202. Retrying...
2023-09-02T01:24:19.7241609Z A path returned 202. Retrying...
2023-09-02T01:24:19.7241840Z A path returned 202. Retrying...
2023-09-02T01:24:19.7242072Z A path returned 202. Retrying...
2023-09-02T01:24:19.7242292Z A path returned 202. Retrying...
2023-09-02T01:24:19.7242524Z A path returned 202. Retrying...
2023-09-02T01:24:19.7242756Z A path returned 202. Retrying...
2023-09-02T01:24:19.7242986Z A path returned 202. Retrying...
2023-09-02T01:24:19.7243220Z A path returned 202. Retrying...
2023-09-02T01:24:19.7243453Z A path returned 202. Retrying...
2023-09-02T01:24:19.7243686Z A path returned 202. Retrying...
2023-09-02T01:24:19.7243908Z A path returned 202. Retrying...
2023-09-02T01:24:19.7244144Z A path returned 202. Retrying...
2023-09-02T01:24:19.7244375Z A path returned 202. Retrying...
2023-09-02T01:24:19.7244612Z A path returned 202. Retrying...
2023-09-02T01:24:19.7244850Z A path returned 202. Retrying...
2023-09-02T01:24:19.7245084Z A path returned 202. Retrying...
2023-09-02T01:24:19.7245320Z A path returned 202. Retrying...
2023-09-02T01:24:19.7245551Z A path returned 202. Retrying...
2023-09-02T01:24:19.7245774Z A path returned 202. Retrying...
2023-09-02T01:24:19.7246005Z A path returned 202. Retrying...
2023-09-02T01:24:19.7246237Z A path returned 202. Retrying...
2023-09-02T01:24:19.7246563Z A path returned 202. Retrying...
2023-09-02T01:24:19.7246797Z A path returned 202. Retrying...
2023-09-02T01:24:19.7247030Z A path returned 202. Retrying...
2023-09-02T01:24:19.7247263Z A path returned 202. Retrying...
2023-09-02T01:24:19.7247495Z A path returned 202. Retrying...
2023-09-02T01:24:19.7247715Z A path returned 202. Retrying...
2023-09-02T01:24:19.7247943Z A path returned 202. Retrying...
2023-09-02T01:24:19.7248176Z A path returned 202. Retrying...
2023-09-02T01:24:19.7248408Z A path returned 202. Retrying...
2023-09-02T01:24:19.7248640Z A path returned 202. Retrying...
2023-09-02T01:24:19.7248876Z A path returned 202. Retrying...
2023-09-02T01:24:19.7249103Z A path returned 202. Retrying...
2023-09-02T01:24:19.7249323Z A path returned 202. Retrying...
2023-09-02T01:24:19.7249550Z A path returned 202. Retrying...
2023-09-02T01:24:19.7249778Z A path returned 202. Retrying...
2023-09-02T01:24:19.7250116Z A path returned 202. Retrying...
2023-09-02T01:24:19.7250358Z A path returned 202. Retrying...
2023-09-02T01:24:19.7250591Z A path returned 202. Retrying...
2023-09-02T01:24:19.7250821Z A path returned 202. Retrying...
2023-09-02T01:24:19.7251052Z A path returned 202. Retrying...
2023-09-02T01:24:19.7251270Z A path returned 202. Retrying...
2023-09-02T01:24:19.7251504Z A path returned 202. Retrying...
2023-09-02T01:24:19.7251733Z A path returned 202. Retrying...
2023-09-02T01:24:19.7251965Z A path returned 202. Retrying...
2023-09-02T01:24:19.7252198Z A path returned 202. Retrying...
2023-09-02T01:24:19.7252428Z A path returned 202. Retrying...
2023-09-02T01:24:19.7252665Z A path returned 202. Retrying...
2023-09-02T01:24:19.7252897Z A path returned 202. Retrying...
2023-09-02T01:24:19.7253124Z A path returned 202. Retrying...
2023-09-02T01:24:19.7253353Z A path returned 202. Retrying...
2023-09-02T01:24:19.7253586Z A path returned 202. Retrying...
2023-09-02T01:24:19.7253813Z A path returned 202. Retrying...
2023-09-02T01:24:19.7254042Z A path returned 202. Retrying...
2023-09-02T01:24:19.7254275Z A path returned 202. Retrying...
2023-09-02T01:24:19.7254504Z A path returned 202. Retrying...
2023-09-02T01:24:19.7254724Z A path returned 202. Retrying...
2023-09-02T01:24:19.7254954Z A path returned 202. Retrying...
2023-09-02T01:33:13.7695911Z A path returned 202. Retrying...
2023-09-02T01:33:13.7696229Z A path returned 202. Retrying...
2023-09-02T01:33:13.7696476Z A path returned 202. Retrying...
2023-09-02T01:33:13.7696807Z A path returned 202. Retrying...
2023-09-02T01:33:13.7697043Z A path returned 202. Retrying...
2023-09-02T01:33:13.7697282Z A path returned 202. Retrying...
2023-09-02T01:33:13.7697916Z A path returned 202. Retrying...
2023-09-02T01:33:13.7698156Z A path returned 202. Retrying...
2023-09-02T01:33:13.7698394Z A path returned 202. Retrying...
2023-09-02T01:33:13.7698617Z A path returned 202. Retrying...
2023-09-02T01:33:13.7698844Z A path returned 202. Retrying...
2023-09-02T01:33:13.7699084Z A path returned 202. Retrying...
2023-09-02T01:33:13.7699333Z A path returned 202. Retrying...
2023-09-02T01:33:13.7699569Z A path returned 202. Retrying...
2023-09-02T01:33:13.7699803Z A path returned 202. Retrying...
2023-09-02T01:33:13.7700039Z A path returned 202. Retrying...
2023-09-02T01:33:13.7700273Z A path returned 202. Retrying...
2023-09-02T01:33:13.7700496Z A path returned 202. Retrying...
2023-09-02T01:33:13.7700727Z A path returned 202. Retrying...
2023-09-02T01:33:13.7700956Z A path returned 202. Retrying...
2023-09-02T01:33:13.7701185Z A path returned 202. Retrying...
2023-09-02T01:33:13.7701413Z A path returned 202. Retrying...
2023-09-02T01:33:13.7701645Z A path returned 202. Retrying...
2023-09-02T01:33:13.7701875Z A path returned 202. Retrying...
2023-09-02T01:33:13.7702095Z A path returned 202. Retrying...
2023-09-02T01:33:13.7702326Z A path returned 202. Retrying...
2023-09-02T01:33:13.7702557Z A path returned 202. Retrying...
2023-09-02T01:33:13.7702791Z A path returned 202. Retrying...
2023-09-02T01:33:13.7703021Z A path returned 202. Retrying...
2023-09-02T01:33:13.7703623Z A path returned 202. Retrying...
2023-09-02T01:33:13.7703860Z A path returned 202. Retrying...
2023-09-02T01:33:13.7704090Z A path returned 202. Retrying...
2023-09-02T01:33:13.7704315Z A path returned 202. Retrying...
2023-09-02T01:33:13.7704546Z A path returned 202. Retrying...
2023-09-02T01:33:13.7704777Z A path returned 202. Retrying...
2023-09-02T01:33:13.7705006Z A path returned 202. Retrying...
2023-09-02T01:33:13.7705236Z A path returned 202. Retrying...
2023-09-02T01:33:13.7705463Z A path returned 202. Retrying...
2023-09-02T01:33:13.7705693Z A path returned 202. Retrying...
2023-09-02T01:33:13.7705926Z A path returned 202. Retrying...
2023-09-02T01:33:13.7706142Z A path returned 202. Retrying...
2023-09-02T01:33:13.7706374Z A path returned 202. Retrying...
2023-09-02T01:33:13.7706603Z A path returned 202. Retrying...
2023-09-02T01:33:13.7706830Z A path returned 202. Retrying...
2023-09-02T01:33:13.7707057Z A path returned 202. Retrying...
2023-09-02T01:33:13.7707289Z A path returned 202. Retrying...
2023-09-02T01:33:13.7707521Z A path returned 202. Retrying...
2023-09-02T01:33:13.7707745Z A path returned 202. Retrying...
2023-09-02T01:33:13.7707978Z A path returned 202. Retrying...
2023-09-02T01:33:13.7708204Z A path returned 202. Retrying...
2023-09-02T01:33:13.7708431Z A path returned 202. Retrying...
2023-09-02T01:33:13.7708660Z A path returned 202. Retrying...
2023-09-02T01:33:13.7708889Z A path returned 202. Retrying...
2023-09-02T01:33:13.7709115Z A path returned 202. Retrying...
2023-09-02T01:33:13.7709349Z A path returned 202. Retrying...
2023-09-02T01:33:13.7709576Z A path returned 202. Retrying...
2023-09-02T01:33:13.7709803Z A path returned 202. Retrying...
2023-09-02T01:33:13.7710027Z A path returned 202. Retrying...
2023-09-02T01:33:13.7710252Z A path returned 202. Retrying...
2023-09-02T01:33:13.7710480Z A path returned 202. Retrying...
2023-09-02T01:33:13.7710705Z A path returned 202. Retrying...
2023-09-02T01:33:13.7710932Z A path returned 202. Retrying...
2023-09-02T01:33:13.7711164Z A path returned 202. Retrying...
2023-09-02T01:33:13.7711383Z A path returned 202. Retrying...
2023-09-02T01:33:13.7711615Z A path returned 202. Retrying...
2023-09-02T01:33:13.7711841Z A path returned 202. Retrying...
2023-09-02T01:33:13.7712067Z A path returned 202. Retrying...
2023-09-02T01:33:13.7712293Z A path returned 202. Retrying...
2023-09-02T01:33:13.7712518Z A path returned 202. Retrying...
2023-09-02T01:33:13.7712741Z A path returned 202. Retrying...
2023-09-02T01:33:13.7712968Z A path returned 202. Retrying...
2023-09-02T01:33:13.7713189Z A path returned 202. Retrying...
2023-09-02T01:33:13.7713513Z A path returned 202. Retrying...
2023-09-02T01:33:13.7713746Z A path returned 202. Retrying...
2023-09-02T01:33:13.7713971Z A path returned 202. Retrying...
2023-09-02T01:33:13.7714199Z A path returned 202. Retrying...
2023-09-02T01:33:13.7714427Z A path returned 202. Retrying...
2023-09-02T01:33:13.7714654Z A path returned 202. Retrying...
2023-09-02T01:33:13.7714881Z A path returned 202. Retrying...
2023-09-02T01:33:13.7715109Z A path returned 202. Retrying...
2023-09-02T01:33:13.7715335Z A path returned 202. Retrying...
2023-09-02T01:33:13.7715561Z A path returned 202. Retrying...
2023-09-02T01:33:13.7715787Z A path returned 202. Retrying...
2023-09-02T01:33:13.7716012Z A path returned 202. Retrying...
2023-09-02T01:33:13.7716237Z A path returned 202. Retrying...
2023-09-02T01:33:13.7716469Z A path returned 202. Retrying...
2023-09-02T01:33:13.7716686Z A path returned 202. Retrying...
2023-09-02T01:33:13.7716912Z A path returned 202. Retrying...
2023-09-02T01:33:13.7717144Z A path returned 202. Retrying...
2023-09-02T01:33:13.7717369Z A path returned 202. Retrying...
2023-09-02T01:33:13.7717593Z A path returned 202. Retrying...
2023-09-02T01:33:13.7717819Z A path returned 202. Retrying...
2023-09-02T01:33:13.7718046Z A path returned 202. Retrying...
2023-09-02T01:33:13.7718269Z A path returned 202. Retrying...
2023-09-02T01:33:13.7718487Z A path returned 202. Retrying...
2023-09-02T01:33:13.7718801Z A path returned 202. Retrying...
2023-09-02T01:33:13.7719030Z A path returned 202. Retrying...
2023-09-02T01:33:13.7719255Z A path returned 202. Retrying...
2023-09-02T01:33:13.7719486Z A path returned 202. Retrying...
2023-09-02T01:33:13.7719713Z A path returned 202. Retrying...
2023-09-02T01:33:13.7719941Z A path returned 202. Retrying...
2023-09-02T01:33:13.7720159Z A path returned 202. Retrying...
2023-09-02T01:33:13.7720387Z A path returned 202. Retrying...
2023-09-02T01:33:13.7720611Z A path returned 202. Retrying...
2023-09-02T01:33:13.7720838Z A path returned 202. Retrying...
2023-09-02T01:33:13.7721069Z A path returned 202. Retrying...
2023-09-02T01:33:13.7721299Z A path returned 202. Retrying...
2023-09-02T01:33:13.7721526Z A path returned 202. Retrying...
2023-09-02T01:33:13.7721753Z A path returned 202. Retrying...
2023-09-02T01:33:13.7721981Z A path returned 202. Retrying...
2023-09-02T01:33:13.7722205Z A path returned 202. Retrying...
2023-09-02T01:33:13.7722437Z A path returned 202. Retrying...
2023-09-02T01:33:13.7722667Z A path returned 202. Retrying...
2023-09-02T01:33:13.7722895Z A path returned 202. Retrying...
2023-09-02T01:33:13.7723121Z A path returned 202. Retrying...
2023-09-02T01:33:13.7723349Z A path returned 202. Retrying...
2023-09-02T01:33:13.7723576Z A path returned 202. Retrying...
2023-09-02T01:33:13.7723796Z A path returned 202. Retrying...
2023-09-02T01:33:13.7724022Z A path returned 202. Retrying...
2023-09-02T01:33:13.7724250Z A path returned 202. Retrying...
2023-09-02T01:33:13.7724477Z A path returned 202. Retrying...
2023-09-02T01:33:13.7724710Z A path returned 202. Retrying...
2023-09-02T01:33:13.7724935Z A path returned 202. Retrying...
2023-09-02T01:33:13.7725161Z A path returned 202. Retrying...
2023-09-02T01:33:13.7725379Z A path returned 202. Retrying...
2023-09-02T01:33:13.7725609Z A path returned 202. Retrying...
2023-09-02T01:33:13.7725839Z A path returned 202. Retrying...
2023-09-02T01:33:13.7726072Z A path returned 202. Retrying...
2023-09-02T01:33:13.7726305Z A path returned 202. Retrying...
2023-09-02T01:33:13.7726533Z A path returned 202. Retrying...
2023-09-02T01:33:13.7726757Z A path returned 202. Retrying...
2023-09-02T01:33:13.7726982Z A path returned 202. Retrying...
2023-09-02T01:33:13.7727200Z A path returned 202. Retrying...
2023-09-02T01:33:13.7727429Z A path returned 202. Retrying...
2023-09-02T01:33:13.7727657Z A path returned 202. Retrying...
2023-09-02T01:33:13.7727884Z A path returned 202. Retrying...
2023-09-02T01:33:13.7728113Z A path returned 202. Retrying...
2023-09-02T01:33:13.7728340Z A path returned 202. Retrying...
2023-09-02T01:33:13.7728661Z A path returned 202. Retrying...
2023-09-02T01:33:13.7728888Z A path returned 202. Retrying...
2023-09-02T01:33:13.7729111Z A path returned 202. Retrying...
2023-09-02T01:33:13.7729341Z A path returned 202. Retrying...
2023-09-02T01:33:13.7729570Z A path returned 202. Retrying...
2023-09-02T01:33:13.7729797Z A path returned 202. Retrying...
2023-09-02T01:33:13.7730184Z A path returned 202. Retrying...
2023-09-02T01:33:13.7730412Z A path returned 202. Retrying...
2023-09-02T01:33:13.7730642Z A path returned 202. Retrying...
2023-09-02T01:33:13.7730861Z A path returned 202. Retrying...
2023-09-02T01:33:13.7731092Z A path returned 202. Retrying...
2023-09-02T01:33:13.7731317Z A path returned 202. Retrying...
2023-09-02T01:33:13.7731549Z A path returned 202. Retrying...
2023-09-02T01:33:13.7731777Z A path returned 202. Retrying...
2023-09-02T01:33:13.7732010Z A path returned 202. Retrying...
2023-09-02T01:33:13.7732243Z A path returned 202. Retrying...
2023-09-02T01:33:13.7732481Z A path returned 202. Retrying...
2023-09-02T01:33:13.7732701Z A path returned 202. Retrying...
2023-09-02T01:33:13.7732926Z A path returned 202. Retrying...
2023-09-02T01:33:13.7733155Z A path returned 202. Retrying...
2023-09-02T01:33:13.7733387Z A path returned 202. Retrying...
2023-09-02T01:33:13.7733614Z A path returned 202. Retrying...
2023-09-02T01:33:13.7733842Z A path returned 202. Retrying...
2023-09-02T01:33:13.7734173Z A path returned 202. Retrying...
2023-09-02T01:33:13.7734400Z A path returned 202. Retrying...
2023-09-02T01:33:13.7734618Z A path returned 202. Retrying...
2023-09-02T01:33:13.7734850Z A path returned 202. Retrying...
2023-09-02T01:33:13.7735076Z A path returned 202. Retrying...
2023-09-02T01:33:13.7735303Z A path returned 202. Retrying...
2023-09-02T01:33:13.7735534Z A path returned 202. Retrying...
2023-09-02T01:33:13.7735760Z A path returned 202. Retrying...
2023-09-02T01:33:13.7735989Z A path returned 202. Retrying...
2023-09-02T01:33:13.7736206Z A path returned 202. Retrying...
2023-09-02T01:33:13.7736444Z A path returned 202. Retrying...
2023-09-02T01:33:13.7736670Z A path returned 202. Retrying...
2023-09-02T01:33:13.7736900Z A path returned 202. Retrying...
2023-09-02T01:33:13.7737125Z A path returned 202. Retrying...
2023-09-02T01:33:13.7737354Z A path returned 202. Retrying...
2023-09-02T01:33:13.7737580Z A path returned 202. Retrying...
2023-09-02T01:33:13.7737811Z A path returned 202. Retrying...
2023-09-02T01:33:13.7738031Z A path returned 202. Retrying...
2023-09-02T01:33:13.7738257Z A path returned 202. Retrying...
2023-09-02T01:33:13.7738484Z A path returned 202. Retrying...
2023-09-02T01:33:13.7738712Z A path returned 202. Retrying...
2023-09-02T01:33:13.7738937Z A path returned 202. Retrying...
2023-09-02T01:33:13.7739162Z A path returned 202. Retrying...
2023-09-02T01:33:13.7739388Z A path returned 202. Retrying...
2023-09-02T01:33:13.7739613Z A path returned 202. Retrying...
2023-09-02T01:33:13.7739833Z A path returned 202. Retrying...
2023-09-02T01:33:13.7740060Z A path returned 202. Retrying...
2023-09-02T01:33:13.7740291Z A path returned 202. Retrying...
2023-09-02T01:33:13.7740519Z A path returned 202. Retrying...
2023-09-02T01:33:13.7740746Z A path returned 202. Retrying...
2023-09-02T01:33:13.7740971Z A path returned 202. Retrying...
2023-09-02T01:33:13.7741203Z A path returned 202. Retrying...
2023-09-02T01:33:13.7741421Z A path returned 202. Retrying...
2023-09-02T01:33:13.7741660Z A path returned 202. Retrying...
2023-09-02T01:33:13.7741885Z A path returned 202. Retrying...
2023-09-02T01:33:13.7742115Z A path returned 202. Retrying...
2023-09-02T01:33:13.7742346Z A path returned 202. Retrying...
2023-09-02T01:33:13.7742573Z A path returned 202. Retrying...
2023-09-02T01:33:13.7742805Z A path returned 202. Retrying...
2023-09-02T01:33:13.7743031Z A path returned 202. Retrying...
2023-09-02T01:33:13.7743248Z A path returned 202. Retrying...
2023-09-02T01:33:13.7743471Z A path returned 202. Retrying...
2023-09-02T01:33:13.7743699Z A path returned 202. Retrying...
2023-09-02T01:33:13.7744023Z A path returned 202. Retrying...
2023-09-02T01:33:13.7744251Z A path returned 202. Retrying...
2023-09-02T01:33:13.7744479Z A path returned 202. Retrying...
2023-09-02T01:33:13.7744706Z A path returned 202. Retrying...
2023-09-02T01:33:13.7744932Z A path returned 202. Retrying...
2023-09-02T01:33:13.7745155Z A path returned 202. Retrying...
2023-09-02T01:33:13.7745390Z A path returned 202. Retrying...
2023-09-02T01:33:13.7745619Z A path returned 202. Retrying...
2023-09-02T01:33:13.7745850Z A path returned 202. Retrying...
2023-09-02T01:33:13.7746083Z A path returned 202. Retrying...
2023-09-02T01:33:13.7746311Z A path returned 202. Retrying...
2023-09-02T01:33:13.7746541Z A path returned 202. Retrying...
2023-09-02T01:33:13.7746758Z A path returned 202. Retrying...
2023-09-02T01:33:13.7746995Z A path returned 202. Retrying...
2023-09-02T01:33:13.7747227Z A path returned 202. Retrying...
2023-09-02T01:33:13.7747455Z A path returned 202. Retrying...
2023-09-02T01:33:13.7747683Z A path returned 202. Retrying...
2023-09-02T01:33:13.7747914Z A path returned 202. Retrying...
2023-09-02T01:33:13.7748141Z A path returned 202. Retrying...
2023-09-02T01:33:13.7748372Z A path returned 202. Retrying...
2023-09-02T01:33:13.7748593Z A path returned 202. Retrying...
2023-09-02T01:33:13.7748819Z A path returned 202. Retrying...
2023-09-02T01:33:13.7749051Z A path returned 202. Retrying...
2023-09-02T01:33:13.7749391Z A path returned 202. Retrying...
2023-09-02T01:33:13.7749625Z A path returned 202. Retrying...
2023-09-02T01:33:13.7749853Z A path returned 202. Retrying...
2023-09-02T01:33:13.7750081Z A path returned 202. Retrying...
2023-09-02T01:33:13.7750311Z A path returned 202. Retrying...
2023-09-02T01:33:13.7750536Z A path returned 202. Retrying...
2023-09-02T01:33:13.7750766Z A path returned 202. Retrying...
2023-09-02T01:33:13.7750995Z A path returned 202. Retrying...
2023-09-02T01:33:13.7751226Z A path returned 202. Retrying...
2023-09-02T01:33:13.7751456Z A path returned 202. Retrying...
2023-09-02T01:33:13.7751695Z A path returned 202. Retrying...
2023-09-02T01:33:13.7751930Z A path returned 202. Retrying...
2023-09-02T01:33:13.7752150Z A path returned 202. Retrying...
2023-09-02T01:33:13.7752391Z A path returned 202. Retrying...
2023-09-02T01:33:13.7752624Z A path returned 202. Retrying...
2023-09-02T01:33:13.7752855Z A path returned 202. Retrying...
2023-09-02T01:33:13.7753093Z A path returned 202. Retrying...
2023-09-02T01:33:13.7753323Z A path returned 202. Retrying...
2023-09-02T01:33:13.7753548Z A path returned 202. Retrying...
2023-09-02T01:33:13.7753775Z A path returned 202. Retrying...
2023-09-02T01:33:13.7753994Z A path returned 202. Retrying...
2023-09-02T01:42:50.5835061Z A path returned 202. Retrying...
2023-09-02T01:42:50.5835635Z A path returned 202. Retrying...
2023-09-02T01:42:50.5836476Z A path returned 202. Retrying...
2023-09-02T01:42:50.5836876Z A path returned 202. Retrying...
2023-09-02T01:42:50.5837237Z A path returned 202. Retrying...
2023-09-02T01:42:50.5879668Z A path returned 202. Retrying...
2023-09-02T01:42:50.5880003Z A path returned 202. Retrying...
2023-09-02T01:42:50.5880502Z A path returned 202. Retrying...
2023-09-02T01:42:50.5880735Z A path returned 202. Retrying...
2023-09-02T01:42:50.5880976Z A path returned 202. Retrying...
2023-09-02T01:42:50.5881211Z A path returned 202. Retrying...
2023-09-02T01:42:50.5881701Z A path returned 202. Retrying...
2023-09-02T01:42:50.5881946Z A path returned 202. Retrying...
2023-09-02T01:42:50.5882183Z A path returned 202. Retrying...
2023-09-02T01:42:50.5882413Z A path returned 202. Retrying...
2023-09-02T01:42:50.5882654Z A path returned 202. Retrying...
2023-09-02T01:42:50.5882893Z A path returned 202. Retrying...
2023-09-02T01:42:50.5883131Z A path returned 202. Retrying...
2023-09-02T01:42:50.5883361Z A path returned 202. Retrying...
2023-09-02T01:42:50.5883597Z A path returned 202. Retrying...
2023-09-02T01:42:50.5883825Z A path returned 202. Retrying...
2023-09-02T01:42:50.5884061Z A path returned 202. Retrying...
2023-09-02T01:42:50.5884588Z A path returned 202. Retrying...
2023-09-02T01:42:50.5884818Z A path returned 202. Retrying...
2023-09-02T01:42:50.5885055Z A path returned 202. Retrying...
2023-09-02T01:42:50.5885294Z A path returned 202. Retrying...
2023-09-02T01:42:50.5885531Z A path returned 202. Retrying...
2023-09-02T01:42:50.5885767Z A path returned 202. Retrying...
2023-09-02T01:42:50.5885999Z A path returned 202. Retrying...
2023-09-02T01:42:50.5886229Z A path returned 202. Retrying...
2023-09-02T01:42:50.5886462Z A path returned 202. Retrying...
2023-09-02T01:42:50.5886692Z A path returned 202. Retrying...
2023-09-02T01:42:50.5886924Z A path returned 202. Retrying...
2023-09-02T01:42:50.5887152Z A path returned 202. Retrying...
2023-09-02T01:42:50.5887385Z A path returned 202. Retrying...
2023-09-02T01:42:50.5887621Z A path returned 202. Retrying...
2023-09-02T01:42:50.5887849Z A path returned 202. Retrying...
2023-09-02T01:42:50.5888077Z A path returned 202. Retrying...
2023-09-02T01:42:50.5888311Z A path returned 202. Retrying...
2023-09-02T01:42:50.5888555Z A path returned 202. Retrying...
2023-09-02T01:42:50.5888786Z A path returned 202. Retrying...
2023-09-02T01:42:50.5889017Z A path returned 202. Retrying...
2023-09-02T01:42:50.5889246Z A path returned 202. Retrying...
2023-09-02T01:42:50.5889467Z A path returned 202. Retrying...
2023-09-02T01:42:50.5889703Z A path returned 202. Retrying...
2023-09-02T01:42:50.5890176Z A path returned 202. Retrying...
2023-09-02T01:42:50.5890416Z A path returned 202. Retrying...
2023-09-02T01:42:50.5890654Z A path returned 202. Retrying...
2023-09-02T01:42:50.5890887Z A path returned 202. Retrying...
2023-09-02T01:42:50.5891116Z A path returned 202. Retrying...
2023-09-02T01:42:50.5891346Z A path returned 202. Retrying...
2023-09-02T01:42:50.5891568Z A path returned 202. Retrying...
2023-09-02T01:42:50.5891800Z A path returned 202. Retrying...
2023-09-02T01:42:50.5892032Z A path returned 202. Retrying...
2023-09-02T01:42:50.5892261Z A path returned 202. Retrying...
2023-09-02T01:42:50.5892506Z A path returned 202. Retrying...
2023-09-02T01:42:50.5892741Z A path returned 202. Retrying...
2023-09-02T01:42:50.5892972Z A path returned 202. Retrying...
2023-09-02T01:42:50.5893203Z A path returned 202. Retrying...
2023-09-02T01:42:50.5893423Z A path returned 202. Retrying...
2023-09-02T01:42:50.5893654Z A path returned 202. Retrying...
2023-09-02T01:42:50.5893883Z A path returned 202. Retrying...
2023-09-02T01:42:50.5894114Z A path returned 202. Retrying...
2023-09-02T01:42:50.5895320Z A path returned 202. Retrying...
2023-09-02T01:42:50.5895579Z A path returned 202. Retrying...
2023-09-02T01:42:50.5895818Z A path returned 202. Retrying...
2023-09-02T01:42:50.5896045Z A path returned 202. Retrying...
2023-09-02T01:42:50.5896288Z A path returned 202. Retrying...
2023-09-02T01:42:50.5896518Z A path returned 202. Retrying...
2023-09-02T01:42:50.5896751Z A path returned 202. Retrying...
2023-09-02T01:42:50.5896982Z A path returned 202. Retrying...
2023-09-02T01:42:50.5897218Z A path returned 202. Retrying...
2023-09-02T01:42:50.5897453Z A path returned 202. Retrying...
2023-09-02T01:42:50.5897682Z A path returned 202. Retrying...
2023-09-02T01:42:50.5898604Z A path returned 202. Retrying...
2023-09-02T01:42:50.5898937Z A path returned 202. Retrying...
2023-09-02T01:42:50.5899189Z A path returned 202. Retrying...
2023-09-02T01:42:50.5899428Z A path returned 202. Retrying...
2023-09-02T01:42:50.5899669Z A path returned 202. Retrying...
2023-09-02T01:42:50.5899900Z A path returned 202. Retrying...
2023-09-02T01:42:50.5900133Z A path returned 202. Retrying...
2023-09-02T01:42:50.5900365Z A path returned 202. Retrying...
2023-09-02T01:42:50.5900587Z A path returned 202. Retrying...
2023-09-02T01:42:50.5900820Z A path returned 202. Retrying...
2023-09-02T01:42:50.5901053Z A path returned 202. Retrying...
2023-09-02T01:42:50.5901285Z A path returned 202. Retrying...
2023-09-02T01:42:50.5901516Z A path returned 202. Retrying...
2023-09-02T01:42:50.5901745Z A path returned 202. Retrying...
2023-09-02T01:42:50.5902188Z A path returned 202. Retrying...
2023-09-02T01:42:50.5902410Z A path returned 202. Retrying...
2023-09-02T01:42:50.5902643Z A path returned 202. Retrying...
2023-09-02T01:42:50.5902877Z A path returned 202. Retrying...
2023-09-02T01:42:50.5903107Z A path returned 202. Retrying...
2023-09-02T01:42:50.5903334Z A path returned 202. Retrying...
2023-09-02T01:42:50.5903564Z A path returned 202. Retrying...
2023-09-02T01:42:50.5903797Z A path returned 202. Retrying...
2023-09-02T01:42:50.5904026Z A path returned 202. Retrying...
2023-09-02T01:42:50.5904245Z A path returned 202. Retrying...
2023-09-02T01:42:50.5904475Z A path returned 202. Retrying...
2023-09-02T01:42:50.5904706Z A path returned 202. Retrying...
2023-09-02T01:42:50.5904940Z A path returned 202. Retrying...
2023-09-02T01:42:50.5905173Z A path returned 202. Retrying...
2023-09-02T01:42:50.5905407Z A path returned 202. Retrying...
2023-09-02T01:42:50.5905636Z A path returned 202. Retrying...
2023-09-02T01:42:50.5905864Z A path returned 202. Retrying...
2023-09-02T01:42:50.5906091Z A path returned 202. Retrying...
2023-09-02T01:42:50.5906320Z A path returned 202. Retrying...
2023-09-02T01:42:50.5906548Z A path returned 202. Retrying...
2023-09-02T01:42:50.5906776Z A path returned 202. Retrying...
2023-09-02T01:42:50.5907001Z A path returned 202. Retrying...
2023-09-02T01:42:50.5907228Z A path returned 202. Retrying...
2023-09-02T01:42:50.5907552Z A path returned 202. Retrying...
2023-09-02T01:42:50.5907773Z A path returned 202. Retrying...
2023-09-02T01:42:50.5908075Z A path returned 202. Retrying...
2023-09-02T01:42:50.5908301Z A path returned 202. Retrying...
2023-09-02T01:42:50.5908529Z A path returned 202. Retrying...
2023-09-02T01:42:50.5908761Z A path returned 202. Retrying...
2023-09-02T01:42:50.5908989Z A path returned 202. Retrying...
2023-09-02T01:42:50.5909221Z A path returned 202. Retrying...
2023-09-02T01:42:50.5909454Z A path returned 202. Retrying...
2023-09-02T01:42:50.5909678Z A path returned 202. Retrying...
2023-09-02T01:42:50.5910701Z A path returned 202. Retrying...
2023-09-02T01:42:50.5911168Z A path returned 202. Retrying...
2023-09-02T01:42:50.5911391Z A path returned 202. Retrying...
2023-09-02T01:42:50.5912206Z A path returned 202. Retrying...
2023-09-02T01:42:50.5912382Z A path returned 202. Retrying...
2023-09-02T01:42:50.5912550Z A path returned 202. Retrying...
2023-09-02T01:42:50.5912725Z A path returned 202. Retrying...
2023-09-02T01:42:50.5912891Z A path returned 202. Retrying...
2023-09-02T01:42:50.5913064Z A path returned 202. Retrying...
2023-09-02T01:42:50.5913234Z A path returned 202. Retrying...
2023-09-02T01:42:50.5913402Z A path returned 202. Retrying...
2023-09-02T01:42:50.5913571Z A path returned 202. Retrying...
2023-09-02T01:42:50.5914031Z A path returned 202. Retrying...
2023-09-02T01:42:50.5914205Z A path returned 202. Retrying...
2023-09-02T01:42:50.5914364Z A path returned 202. Retrying...
2023-09-02T01:42:50.5914533Z A path returned 202. Retrying...
2023-09-02T01:42:50.5914707Z A path returned 202. Retrying...
2023-09-02T01:42:50.5914880Z A path returned 202. Retrying...
2023-09-02T01:42:50.5915050Z A path returned 202. Retrying...
2023-09-02T01:42:50.5915218Z A path returned 202. Retrying...
2023-09-02T01:42:50.5915393Z A path returned 202. Retrying...
2023-09-02T01:42:50.5915561Z A path returned 202. Retrying...
2023-09-02T01:42:50.5915721Z A path returned 202. Retrying...
2023-09-02T01:42:50.5915891Z A path returned 202. Retrying...
2023-09-02T01:42:50.5916059Z A path returned 202. Retrying...
2023-09-02T01:42:50.5916226Z A path returned 202. Retrying...
2023-09-02T01:42:50.5916400Z A path returned 202. Retrying...
2023-09-02T01:42:50.5916570Z A path returned 202. Retrying...
2023-09-02T01:42:50.5916738Z A path returned 202. Retrying...
2023-09-02T01:42:50.5916905Z A path returned 202. Retrying...
2023-09-02T01:42:50.5917065Z A path returned 202. Retrying...
2023-09-02T01:42:50.5917239Z A path returned 202. Retrying...
2023-09-02T01:42:50.5917407Z A path returned 202. Retrying...
2023-09-02T01:42:50.5917755Z A path returned 202. Retrying...
2023-09-02T01:42:50.5917986Z A path returned 202. Retrying...
2023-09-02T01:42:50.5918228Z A path returned 202. Retrying...
2023-09-02T01:42:50.5918463Z A path returned 202. Retrying...
2023-09-02T01:42:50.5918687Z A path returned 202. Retrying...
2023-09-02T01:42:50.5918915Z A path returned 202. Retrying...
2023-09-02T01:42:50.5919146Z A path returned 202. Retrying...
2023-09-02T01:42:50.5919382Z A path returned 202. Retrying...
2023-09-02T01:42:50.5919614Z A path returned 202. Retrying...
2023-09-02T01:42:50.5919847Z A path returned 202. Retrying...
2023-09-02T01:42:50.5920078Z A path returned 202. Retrying...
2023-09-02T01:42:50.5920305Z A path returned 202. Retrying...
2023-09-02T01:42:50.5920527Z A path returned 202. Retrying...
2023-09-02T01:42:50.5920761Z A path returned 202. Retrying...
2023-09-02T01:42:50.5920991Z A path returned 202. Retrying...
2023-09-02T01:42:50.5921226Z A path returned 202. Retrying...
2023-09-02T01:42:50.5921455Z A path returned 202. Retrying...
2023-09-02T01:42:50.5921686Z A path returned 202. Retrying...
2023-09-02T01:42:50.5921912Z A path returned 202. Retrying...
2023-09-02T01:42:50.5924281Z A path returned 202. Retrying...
2023-09-02T01:42:50.5924452Z A path returned 202. Retrying...
2023-09-02T01:42:50.5924618Z A path returned 202. Retrying...
2023-09-02T01:42:50.5924787Z A path returned 202. Retrying...
2023-09-02T01:42:50.5925091Z A path returned 202. Retrying...
2023-09-02T01:42:50.5925260Z A path returned 202. Retrying...
2023-09-02T01:42:50.5925428Z A path returned 202. Retrying...
2023-09-02T01:42:50.5925596Z A path returned 202. Retrying...
2023-09-02T01:42:50.5925758Z A path returned 202. Retrying...
2023-09-02T01:42:50.5925928Z A path returned 202. Retrying...
2023-09-02T01:42:50.5926093Z A path returned 202. Retrying...
2023-09-02T01:42:50.5926260Z A path returned 202. Retrying...
2023-09-02T01:42:50.5926436Z A path returned 202. Retrying...
2023-09-02T01:42:50.5926604Z A path returned 202. Retrying...
2023-09-02T01:42:50.5926776Z A path returned 202. Retrying...
2023-09-02T01:42:50.5926947Z A path returned 202. Retrying...
2023-09-02T01:42:50.5927104Z A path returned 202. Retrying...
2023-09-02T01:42:50.5927274Z A path returned 202. Retrying...
2023-09-02T01:42:50.5927438Z A path returned 202. Retrying...
2023-09-02T01:42:50.5927610Z A path returned 202. Retrying...
2023-09-02T01:42:50.5927778Z A path returned 202. Retrying...
2023-09-02T01:42:50.5927946Z A path returned 202. Retrying...
2023-09-02T01:42:50.5928112Z A path returned 202. Retrying...
2023-09-02T01:42:50.5928282Z A path returned 202. Retrying...
2023-09-02T01:42:50.5928440Z A path returned 202. Retrying...
2023-09-02T01:42:50.5928608Z A path returned 202. Retrying...
2023-09-02T01:42:50.5928778Z A path returned 202. Retrying...
2023-09-02T01:42:50.5928948Z A path returned 202. Retrying...
2023-09-02T01:42:50.5929116Z A path returned 202. Retrying...
2023-09-02T01:42:50.5929283Z A path returned 202. Retrying...
2023-09-02T01:42:50.5929457Z A path returned 202. Retrying...
2023-09-02T01:42:50.5929667Z A path returned 202. Retrying...
2023-09-02T01:42:50.5930086Z A path returned 202. Retrying...
2023-09-02T01:42:50.5930318Z A path returned 202. Retrying...
2023-09-02T01:42:50.5930548Z A path returned 202. Retrying...
2023-09-02T01:42:50.5930778Z A path returned 202. Retrying...
2023-09-02T01:42:50.5931009Z A path returned 202. Retrying...
2023-09-02T01:42:50.5931243Z A path returned 202. Retrying...
2023-09-02T01:42:50.5931473Z A path returned 202. Retrying...
2023-09-02T01:42:50.5931693Z A path returned 202. Retrying...
2023-09-02T01:42:50.5931925Z A path returned 202. Retrying...
2023-09-02T01:42:50.5932157Z A path returned 202. Retrying...
2023-09-02T01:42:50.5932389Z A path returned 202. Retrying...
2023-09-02T01:42:50.5932625Z A path returned 202. Retrying...
2023-09-02T01:42:50.5932858Z A path returned 202. Retrying...
2023-09-02T01:42:50.5933096Z A path returned 202. Retrying...
2023-09-02T01:42:50.5933330Z A path returned 202. Retrying...
2023-09-02T01:42:50.5933659Z A path returned 202. Retrying...
2023-09-02T01:42:50.5933887Z A path returned 202. Retrying...
2023-09-02T01:42:50.5934120Z A path returned 202. Retrying...
2023-09-02T01:42:50.5934358Z A path returned 202. Retrying...
2023-09-02T01:42:50.5934586Z A path returned 202. Retrying...
2023-09-02T01:42:50.5934821Z A path returned 202. Retrying...
2023-09-02T01:42:50.5935100Z A path returned 202. Retrying...
2023-09-02T01:42:50.5935325Z A path returned 202. Retrying...
2023-09-02T01:42:50.5935558Z A path returned 202. Retrying...
2023-09-02T01:42:50.6091103Z ##[group]Run git config --global user.name "jstrieb/github-stats"
2023-09-02T01:42:50.6091503Z [36;1mgit config --global user.name "jstrieb/github-stats"[0m
2023-09-02T01:42:50.6091872Z [36;1mgit config --global user.email "github-stats[bot]@jstrieb.github.io"[0m
2023-09-02T01:42:50.6092169Z [36;1mgit add .[0m
2023-09-02T01:42:50.6092457Z [36;1m# Force the build to succeed, even if no files were changed[0m
2023-09-02T01:42:50.6092808Z [36;1mgit commit -m 'Update generated files' || true[0m
2023-09-02T01:42:50.6093081Z [36;1mgit push[0m
2023-09-02T01:42:50.6146065Z shell: /usr/bin/bash -e {0}
2023-09-02T01:42:50.6146290Z env:
2023-09-02T01:42:50.6146557Z   pythonLocation: /opt/hostedtoolcache/Python/3.8.17/x64
2023-09-02T01:42:50.6146928Z   PKG_CONFIG_PATH: /opt/hostedtoolcache/Python/3.8.17/x64/lib/pkgconfig
2023-09-02T01:42:50.6147280Z   Python_ROOT_DIR: /opt/hostedtoolcache/Python/3.8.17/x64
2023-09-02T01:42:50.6147649Z   Python2_ROOT_DIR: /opt/hostedtoolcache/Python/3.8.17/x64
2023-09-02T01:42:50.6147967Z   Python3_ROOT_DIR: /opt/hostedtoolcache/Python/3.8.17/x64
2023-09-02T01:42:50.6148293Z   LD_LIBRARY_PATH: /opt/hostedtoolcache/Python/3.8.17/x64/lib
2023-09-02T01:42:50.6148558Z ##[endgroup]
2023-09-02T01:42:51.3288636Z [master eb75aad] Update generated files
2023-09-02T01:42:51.3289644Z  2 files changed, 290 insertions(+), 254 deletions(-)
2023-09-02T01:42:52.4290116Z To https://github.com/seanpm2001/GitHub_Stats_A
2023-09-02T01:42:52.4291092Z    c8a8368..eb75aad  master -> master
2023-09-02T01:42:52.4380922Z Post job cleanup.
2023-09-02T01:42:52.5908516Z Cache hit occurred on the primary key setup-python-Linux-22.04-Ubuntu-python-3.8.17-pip-60f2a6c0212a9b74a155cd81b58dd07fd8b180833132566260d95f4de42fe218, not saving cache.
2023-09-02T01:42:52.5994353Z Post job cleanup.
2023-09-02T01:42:52.7049838Z [command]/usr/bin/git version
2023-09-02T01:42:52.7103632Z git version 2.41.0
2023-09-02T01:42:52.7159494Z Copying '/home/runner/.gitconfig' to '/home/runner/work/_temp/8c50cf4b-fa39-48e0-a825-f603fcf4c63a/.gitconfig'
2023-09-02T01:42:52.7172044Z Temporarily overriding HOME='/home/runner/work/_temp/8c50cf4b-fa39-48e0-a825-f603fcf4c63a' before making global git config changes
2023-09-02T01:42:52.7173566Z Adding repository directory to the temporary git global config as a safe directory
2023-09-02T01:42:52.7180234Z [command]/usr/bin/git config --global --add safe.directory /home/runner/work/GitHub_Stats_A/GitHub_Stats_A
2023-09-02T01:42:52.7223341Z [command]/usr/bin/git config --local --name-only --get-regexp core\.sshCommand
2023-09-02T01:42:52.7260621Z [command]/usr/bin/git submodule foreach --recursive sh -c "git config --local --name-only --get-regexp 'core\.sshCommand' && git config --local --unset-all 'core.sshCommand' || :"
2023-09-02T01:42:52.7553686Z [command]/usr/bin/git config --local --name-only --get-regexp http\.https\:\/\/github\.com\/\.extraheader
2023-09-02T01:42:52.7571743Z http.https://github.com/.extraheader
2023-09-02T01:42:52.7592501Z [command]/usr/bin/git config --local --unset-all http.https://github.com/.extraheader
2023-09-02T01:42:52.7641733Z [command]/usr/bin/git submodule foreach --recursive sh -c "git config --local --name-only --get-regexp 'http\.https\:\/\/github\.com\/\.extraheader' && git config --local --unset-all 'http.https://github.com/.extraheader' || :"
2023-09-02T01:42:52.8157781Z Cleaning up orphan processes
