2023-03-10T01:57:31.7219863Z Requested labels: ubuntu-latest
2023-03-10T01:57:31.7219901Z Job defined at: seanpm2001/GitHub_Stats_A/.github/workflows/main.yml@refs/heads/master
2023-03-10T01:57:31.7219929Z Waiting for a runner to pick up this job...
2023-03-10T01:57:32.9786986Z Job is waiting for a hosted runner to come online.
2023-03-10T01:57:35.6133141Z Job is about to start running on the hosted runner: Hosted Agent (hosted)
2023-03-10T01:57:38.0207078Z Current runner version: '2.302.1'
2023-03-10T01:57:38.0235617Z ##[group]Operating System
2023-03-10T01:57:38.0236214Z Ubuntu
2023-03-10T01:57:38.0236534Z 22.04.2
2023-03-10T01:57:38.0236891Z LTS
2023-03-10T01:57:38.0237160Z ##[endgroup]
2023-03-10T01:57:38.0237490Z ##[group]Runner Image
2023-03-10T01:57:38.0237850Z Image: ubuntu-22.04
2023-03-10T01:57:38.0238209Z Version: 20230305.1
2023-03-10T01:57:38.0238750Z Included Software: https://github.com/actions/runner-images/blob/ubuntu22/20230305.1/images/linux/Ubuntu2204-Readme.md
2023-03-10T01:57:38.0239409Z Image Release: https://github.com/actions/runner-images/releases/tag/ubuntu22%2F20230305.1
2023-03-10T01:57:38.0239874Z ##[endgroup]
2023-03-10T01:57:38.0240224Z ##[group]Runner Image Provisioner
2023-03-10T01:57:38.0240559Z 2.0.117.1
2023-03-10T01:57:38.0240885Z ##[endgroup]
2023-03-10T01:57:38.0241556Z ##[group]GITHUB_TOKEN Permissions
2023-03-10T01:57:38.0242124Z Contents: write
2023-03-10T01:57:38.0242497Z Metadata: read
2023-03-10T01:57:38.0242942Z ##[endgroup]
2023-03-10T01:57:38.0246663Z Secret source: Actions
2023-03-10T01:57:38.0247319Z Prepare workflow directory
2023-03-10T01:57:38.1080573Z Prepare all required actions
2023-03-10T01:57:38.1265696Z Getting action download info
2023-03-10T01:57:38.5823144Z Download action repository 'actions/checkout@v3' (SHA:ac593985615ec2ede58e132d2e21d2b1cbd6127c)
2023-03-10T01:57:39.4599010Z Download action repository 'actions/setup-python@v4' (SHA:d27e3f3d7c64b4bbf8e4abfb9b63b83e846e0435)
2023-03-10T01:57:40.4606513Z Complete job name: build
2023-03-10T01:57:40.5542581Z ##[group]Run actions/checkout@v3
2023-03-10T01:57:40.5542962Z with:
2023-03-10T01:57:40.5543231Z   repository: seanpm2001/GitHub_Stats_A
2023-03-10T01:57:40.5543798Z   token: ***
2023-03-10T01:57:40.5544164Z   ssh-strict: true
2023-03-10T01:57:40.5544470Z   persist-credentials: true
2023-03-10T01:57:40.5544719Z   clean: true
2023-03-10T01:57:40.5544997Z   fetch-depth: 1
2023-03-10T01:57:40.5545264Z   lfs: false
2023-03-10T01:57:40.5545577Z   submodules: false
2023-03-10T01:57:40.5545840Z   set-safe-directory: true
2023-03-10T01:57:40.5546132Z ##[endgroup]
2023-03-10T01:57:40.8290796Z Syncing repository: seanpm2001/GitHub_Stats_A
2023-03-10T01:57:40.8292566Z ##[group]Getting Git version info
2023-03-10T01:57:40.8293194Z Working directory is '/home/runner/work/GitHub_Stats_A/GitHub_Stats_A'
2023-03-10T01:57:40.8293860Z [command]/usr/bin/git version
2023-03-10T01:57:40.8371821Z git version 2.39.2
2023-03-10T01:57:40.8397843Z ##[endgroup]
2023-03-10T01:57:40.8416729Z Temporarily overriding HOME='/home/runner/work/_temp/c3e43ef9-c910-4160-8889-b31f61fff0be' before making global git config changes
2023-03-10T01:57:40.8417237Z Adding repository directory to the temporary git global config as a safe directory
2023-03-10T01:57:40.8419838Z [command]/usr/bin/git config --global --add safe.directory /home/runner/work/GitHub_Stats_A/GitHub_Stats_A
2023-03-10T01:57:40.8465507Z Deleting the contents of '/home/runner/work/GitHub_Stats_A/GitHub_Stats_A'
2023-03-10T01:57:40.8470668Z ##[group]Initializing the repository
2023-03-10T01:57:40.8474438Z [command]/usr/bin/git init /home/runner/work/GitHub_Stats_A/GitHub_Stats_A
2023-03-10T01:57:40.8538662Z hint: Using 'master' as the name for the initial branch. This default branch name
2023-03-10T01:57:40.8539421Z hint: is subject to change. To configure the initial branch name to use in all
2023-03-10T01:57:40.8540328Z hint: of your new repositories, which will suppress this warning, call:
2023-03-10T01:57:40.8540902Z hint: 
2023-03-10T01:57:40.8541753Z hint: 	git config --global init.defaultBranch <name>
2023-03-10T01:57:40.8542275Z hint: 
2023-03-10T01:57:40.8543094Z hint: Names commonly chosen instead of 'master' are 'main', 'trunk' and
2023-03-10T01:57:40.8543785Z hint: 'development'. The just-created branch can be renamed via this command:
2023-03-10T01:57:40.8544562Z hint: 
2023-03-10T01:57:40.8545034Z hint: 	git branch -m <name>
2023-03-10T01:57:40.8557278Z Initialized empty Git repository in /home/runner/work/GitHub_Stats_A/GitHub_Stats_A/.git/
2023-03-10T01:57:40.8573844Z [command]/usr/bin/git remote add origin https://github.com/seanpm2001/GitHub_Stats_A
2023-03-10T01:57:40.8617265Z ##[endgroup]
2023-03-10T01:57:40.8618000Z ##[group]Disabling automatic garbage collection
2023-03-10T01:57:40.8620787Z [command]/usr/bin/git config --local gc.auto 0
2023-03-10T01:57:40.8652327Z ##[endgroup]
2023-03-10T01:57:40.8653012Z ##[group]Setting up auth
2023-03-10T01:57:40.8659008Z [command]/usr/bin/git config --local --name-only --get-regexp core\.sshCommand
2023-03-10T01:57:40.8692566Z [command]/usr/bin/git submodule foreach --recursive sh -c "git config --local --name-only --get-regexp 'core\.sshCommand' && git config --local --unset-all 'core.sshCommand' || :"
2023-03-10T01:57:40.9210311Z [command]/usr/bin/git config --local --name-only --get-regexp http\.https\:\/\/github\.com\/\.extraheader
2023-03-10T01:57:40.9211465Z [command]/usr/bin/git submodule foreach --recursive sh -c "git config --local --name-only --get-regexp 'http\.https\:\/\/github\.com\/\.extraheader' && git config --local --unset-all 'http.https://github.com/.extraheader' || :"
2023-03-10T01:57:40.9298579Z [command]/usr/bin/git config --local http.https://github.com/.extraheader AUTHORIZATION: basic ***
2023-03-10T01:57:40.9336647Z ##[endgroup]
2023-03-10T01:57:40.9337300Z ##[group]Fetching the repository
2023-03-10T01:57:40.9346410Z [command]/usr/bin/git -c protocol.version=2 fetch --no-tags --prune --progress --no-recurse-submodules --depth=1 origin +7d6e2c99cf788fb600c65727686cb45ef8b545e4:refs/remotes/origin/master
2023-03-10T01:57:41.4760249Z remote: Enumerating objects: 4104, done.        
2023-03-10T01:57:41.4842003Z remote: Counting objects:   0% (1/4104)        
2023-03-10T01:57:41.4842337Z remote: Counting objects:   1% (42/4104)        
2023-03-10T01:57:41.4842609Z remote: Counting objects:   2% (83/4104)        
2023-03-10T01:57:41.4842880Z remote: Counting objects:   3% (124/4104)        
2023-03-10T01:57:41.4843133Z remote: Counting objects:   4% (165/4104)        
2023-03-10T01:57:41.4843404Z remote: Counting objects:   5% (206/4104)        
2023-03-10T01:57:41.4843653Z remote: Counting objects:   6% (247/4104)        
2023-03-10T01:57:41.4843897Z remote: Counting objects:   7% (288/4104)        
2023-03-10T01:57:41.4844138Z remote: Counting objects:   8% (329/4104)        
2023-03-10T01:57:41.4853048Z remote: Counting objects:   9% (370/4104)        
2023-03-10T01:57:41.4853333Z remote: Counting objects:  10% (411/4104)        
2023-03-10T01:57:41.4853899Z remote: Counting objects:  11% (452/4104)        
2023-03-10T01:57:41.4855062Z remote: Counting objects:  12% (493/4104)        
2023-03-10T01:57:41.4855323Z remote: Counting objects:  13% (534/4104)        
2023-03-10T01:57:41.4855579Z remote: Counting objects:  14% (575/4104)        
2023-03-10T01:57:41.4855818Z remote: Counting objects:  15% (616/4104)        
2023-03-10T01:57:41.4856047Z remote: Counting objects:  16% (657/4104)        
2023-03-10T01:57:41.4856293Z remote: Counting objects:  17% (698/4104)        
2023-03-10T01:57:41.4856538Z remote: Counting objects:  18% (739/4104)        
2023-03-10T01:57:41.4856775Z remote: Counting objects:  19% (780/4104)        
2023-03-10T01:57:41.4857016Z remote: Counting objects:  20% (821/4104)        
2023-03-10T01:57:41.4857246Z remote: Counting objects:  21% (862/4104)        
2023-03-10T01:57:41.4858850Z remote: Counting objects:  22% (903/4104)        
2023-03-10T01:57:41.4859110Z remote: Counting objects:  23% (944/4104)        
2023-03-10T01:57:41.4859358Z remote: Counting objects:  24% (985/4104)        
2023-03-10T01:57:41.4859605Z remote: Counting objects:  25% (1026/4104)        
2023-03-10T01:57:41.4859873Z remote: Counting objects:  26% (1068/4104)        
2023-03-10T01:57:41.4860136Z remote: Counting objects:  27% (1109/4104)        
2023-03-10T01:57:41.4860399Z remote: Counting objects:  28% (1150/4104)        
2023-03-10T01:57:41.4860643Z remote: Counting objects:  29% (1191/4104)        
2023-03-10T01:57:41.4860903Z remote: Counting objects:  30% (1232/4104)        
2023-03-10T01:57:41.4861608Z remote: Counting objects:  31% (1273/4104)        
2023-03-10T01:57:41.4861860Z remote: Counting objects:  32% (1314/4104)        
2023-03-10T01:57:41.4862097Z remote: Counting objects:  33% (1355/4104)        
2023-03-10T01:57:41.4862396Z remote: Counting objects:  34% (1396/4104)        
2023-03-10T01:57:41.4862704Z remote: Counting objects:  35% (1437/4104)        
2023-03-10T01:57:41.4862955Z remote: Counting objects:  36% (1478/4104)        
2023-03-10T01:57:41.4865703Z remote: Counting objects:  37% (1519/4104)        
2023-03-10T01:57:41.4865948Z remote: Counting objects:  38% (1560/4104)        
2023-03-10T01:57:41.4866194Z remote: Counting objects:  39% (1601/4104)        
2023-03-10T01:57:41.4866442Z remote: Counting objects:  40% (1642/4104)        
2023-03-10T01:57:41.4866693Z remote: Counting objects:  41% (1683/4104)        
2023-03-10T01:57:41.4866930Z remote: Counting objects:  42% (1724/4104)        
2023-03-10T01:57:41.4867181Z remote: Counting objects:  43% (1765/4104)        
2023-03-10T01:57:41.4867437Z remote: Counting objects:  44% (1806/4104)        
2023-03-10T01:57:41.4867693Z remote: Counting objects:  45% (1847/4104)        
2023-03-10T01:57:41.4867935Z remote: Counting objects:  46% (1888/4104)        
2023-03-10T01:57:41.4868189Z remote: Counting objects:  47% (1929/4104)        
2023-03-10T01:57:41.4868444Z remote: Counting objects:  48% (1970/4104)        
2023-03-10T01:57:41.4868698Z remote: Counting objects:  49% (2011/4104)        
2023-03-10T01:57:41.4869093Z remote: Counting objects:  50% (2052/4104)        
2023-03-10T01:57:41.4869334Z remote: Counting objects:  51% (2094/4104)        
2023-03-10T01:57:41.4869586Z remote: Counting objects:  52% (2135/4104)        
2023-03-10T01:57:41.4869840Z remote: Counting objects:  53% (2176/4104)        
2023-03-10T01:57:41.4870091Z remote: Counting objects:  54% (2217/4104)        
2023-03-10T01:57:41.4870330Z remote: Counting objects:  55% (2258/4104)        
2023-03-10T01:57:41.4870588Z remote: Counting objects:  56% (2299/4104)        
2023-03-10T01:57:41.4870842Z remote: Counting objects:  57% (2340/4104)        
2023-03-10T01:57:41.4871093Z remote: Counting objects:  58% (2381/4104)        
2023-03-10T01:57:41.4871334Z remote: Counting objects:  59% (2422/4104)        
2023-03-10T01:57:41.4871590Z remote: Counting objects:  60% (2463/4104)        
2023-03-10T01:57:41.4871838Z remote: Counting objects:  61% (2504/4104)        
2023-03-10T01:57:41.4872086Z remote: Counting objects:  62% (2545/4104)        
2023-03-10T01:57:41.4872328Z remote: Counting objects:  63% (2586/4104)        
2023-03-10T01:57:41.4872706Z remote: Counting objects:  64% (2627/4104)        
2023-03-10T01:57:41.4872957Z remote: Counting objects:  65% (2668/4104)        
2023-03-10T01:57:41.4873203Z remote: Counting objects:  66% (2709/4104)        
2023-03-10T01:57:41.4873448Z remote: Counting objects:  67% (2750/4104)        
2023-03-10T01:57:41.4873683Z remote: Counting objects:  68% (2791/4104)        
2023-03-10T01:57:41.4873930Z remote: Counting objects:  69% (2832/4104)        
2023-03-10T01:57:41.4874176Z remote: Counting objects:  70% (2873/4104)        
2023-03-10T01:57:41.4874428Z remote: Counting objects:  71% (2914/4104)        
2023-03-10T01:57:41.4874662Z remote: Counting objects:  72% (2955/4104)        
2023-03-10T01:57:41.4874911Z remote: Counting objects:  73% (2996/4104)        
2023-03-10T01:57:41.4875156Z remote: Counting objects:  74% (3037/4104)        
2023-03-10T01:57:41.4875553Z remote: Counting objects:  75% (3078/4104)        
2023-03-10T01:57:41.4875796Z remote: Counting objects:  76% (3120/4104)        
2023-03-10T01:57:41.4876036Z remote: Counting objects:  77% (3161/4104)        
2023-03-10T01:57:41.5279934Z remote: Counting objects:  78% (3202/4104)        
2023-03-10T01:57:41.5280257Z remote: Counting objects:  79% (3243/4104)        
2023-03-10T01:57:41.5280523Z remote: Counting objects:  80% (3284/4104)        
2023-03-10T01:57:41.5281074Z remote: Counting objects:  81% (3325/4104)        
2023-03-10T01:57:41.5281555Z remote: Counting objects:  82% (3366/4104)        
2023-03-10T01:57:41.5281817Z remote: Counting objects:  83% (3407/4104)        
2023-03-10T01:57:41.5282065Z remote: Counting objects:  84% (3448/4104)        
2023-03-10T01:57:41.5282303Z remote: Counting objects:  85% (3489/4104)        
2023-03-10T01:57:41.5282544Z remote: Counting objects:  86% (3530/4104)        
2023-03-10T01:57:41.5282796Z remote: Counting objects:  87% (3571/4104)        
2023-03-10T01:57:41.5283051Z remote: Counting objects:  88% (3612/4104)        
2023-03-10T01:57:41.5283302Z remote: Counting objects:  89% (3653/4104)        
2023-03-10T01:57:41.5283536Z remote: Counting objects:  90% (3694/4104)        
2023-03-10T01:57:41.5283784Z remote: Counting objects:  91% (3735/4104)        
2023-03-10T01:57:41.5284028Z remote: Counting objects:  92% (3776/4104)        
2023-03-10T01:57:41.5284268Z remote: Counting objects:  93% (3817/4104)        
2023-03-10T01:57:41.5284501Z remote: Counting objects:  94% (3858/4104)        
2023-03-10T01:57:41.5284755Z remote: Counting objects:  95% (3899/4104)        
2023-03-10T01:57:41.5285004Z remote: Counting objects:  96% (3940/4104)        
2023-03-10T01:57:41.5285249Z remote: Counting objects:  97% (3981/4104)        
2023-03-10T01:57:41.5285479Z remote: Counting objects:  98% (4022/4104)        
2023-03-10T01:57:41.5285721Z remote: Counting objects:  99% (4063/4104)        
2023-03-10T01:57:41.5285967Z remote: Counting objects: 100% (4104/4104)        
2023-03-10T01:57:41.5286302Z remote: Counting objects: 100% (4104/4104), done.        
2023-03-10T01:57:41.5286584Z remote: Compressing objects:   0% (1/1497)        
2023-03-10T01:57:41.5286891Z remote: Compressing objects:   1% (15/1497)        
2023-03-10T01:57:41.5287163Z remote: Compressing objects:   2% (30/1497)        
2023-03-10T01:57:41.5287434Z remote: Compressing objects:   3% (45/1497)        
2023-03-10T01:57:41.5287716Z remote: Compressing objects:   4% (60/1497)        
2023-03-10T01:57:41.5287967Z remote: Compressing objects:   5% (75/1497)        
2023-03-10T01:57:41.5288239Z remote: Compressing objects:   6% (90/1497)        
2023-03-10T01:57:41.5288510Z remote: Compressing objects:   7% (105/1497)        
2023-03-10T01:57:41.5288783Z remote: Compressing objects:   8% (120/1497)        
2023-03-10T01:57:41.5289044Z remote: Compressing objects:   9% (135/1497)        
2023-03-10T01:57:41.5289310Z remote: Compressing objects:  10% (150/1497)        
2023-03-10T01:57:41.5289579Z remote: Compressing objects:  11% (165/1497)        
2023-03-10T01:57:41.5289845Z remote: Compressing objects:  12% (180/1497)        
2023-03-10T01:57:41.5290091Z remote: Compressing objects:  13% (195/1497)        
2023-03-10T01:57:41.5290353Z remote: Compressing objects:  14% (210/1497)        
2023-03-10T01:57:41.5290616Z remote: Compressing objects:  15% (225/1497)        
2023-03-10T01:57:41.5290875Z remote: Compressing objects:  16% (240/1497)        
2023-03-10T01:57:41.5291115Z remote: Compressing objects:  17% (255/1497)        
2023-03-10T01:57:41.5291365Z remote: Compressing objects:  18% (270/1497)        
2023-03-10T01:57:41.5291619Z remote: Compressing objects:  19% (285/1497)        
2023-03-10T01:57:41.5291874Z remote: Compressing objects:  20% (300/1497)        
2023-03-10T01:57:41.5292129Z remote: Compressing objects:  21% (315/1497)        
2023-03-10T01:57:41.5292375Z remote: Compressing objects:  22% (330/1497)        
2023-03-10T01:57:41.5292631Z remote: Compressing objects:  23% (345/1497)        
2023-03-10T01:57:41.5292889Z remote: Compressing objects:  24% (360/1497)        
2023-03-10T01:57:41.5293142Z remote: Compressing objects:  25% (375/1497)        
2023-03-10T01:57:41.5293385Z remote: Compressing objects:  26% (390/1497)        
2023-03-10T01:57:41.5293640Z remote: Compressing objects:  27% (405/1497)        
2023-03-10T01:57:41.5293894Z remote: Compressing objects:  28% (420/1497)        
2023-03-10T01:57:41.5294144Z remote: Compressing objects:  29% (435/1497)        
2023-03-10T01:57:41.5294385Z remote: Compressing objects:  30% (450/1497)        
2023-03-10T01:57:41.5294693Z remote: Compressing objects:  31% (465/1497)        
2023-03-10T01:57:41.5294944Z remote: Compressing objects:  32% (480/1497)        
2023-03-10T01:57:41.5295193Z remote: Compressing objects:  33% (495/1497)        
2023-03-10T01:57:41.5295435Z remote: Compressing objects:  34% (509/1497)        
2023-03-10T01:57:41.5295688Z remote: Compressing objects:  35% (524/1497)        
2023-03-10T01:57:41.5295940Z remote: Compressing objects:  36% (539/1497)        
2023-03-10T01:57:41.5717008Z remote: Compressing objects:  37% (554/1497)        
2023-03-10T01:57:41.5717378Z remote: Compressing objects:  38% (569/1497)        
2023-03-10T01:57:41.5717659Z remote: Compressing objects:  39% (584/1497)        
2023-03-10T01:57:41.5735232Z remote: Compressing objects:  40% (599/1497)        
2023-03-10T01:57:41.5735549Z remote: Compressing objects:  41% (614/1497)        
2023-03-10T01:57:41.5735816Z remote: Compressing objects:  42% (629/1497)        
2023-03-10T01:57:41.5778092Z remote: Compressing objects:  43% (644/1497)        
2023-03-10T01:57:41.5792495Z remote: Compressing objects:  44% (659/1497)        
2023-03-10T01:57:41.5816175Z remote: Compressing objects:  45% (674/1497)        
2023-03-10T01:57:41.5816776Z remote: Compressing objects:  46% (689/1497)        
2023-03-10T01:57:41.5817081Z remote: Compressing objects:  47% (704/1497)        
2023-03-10T01:57:41.5817355Z remote: Compressing objects:  48% (719/1497)        
2023-03-10T01:57:41.5817922Z remote: Compressing objects:  49% (734/1497)        
2023-03-10T01:57:41.5818174Z remote: Compressing objects:  50% (749/1497)        
2023-03-10T01:57:41.5818435Z remote: Compressing objects:  51% (764/1497)        
2023-03-10T01:57:41.5818705Z remote: Compressing objects:  52% (779/1497)        
2023-03-10T01:57:41.5818974Z remote: Compressing objects:  53% (794/1497)        
2023-03-10T01:57:41.5819231Z remote: Compressing objects:  54% (809/1497)        
2023-03-10T01:57:41.5819478Z remote: Compressing objects:  55% (824/1497)        
2023-03-10T01:57:41.5819745Z remote: Compressing objects:  56% (839/1497)        
2023-03-10T01:57:41.5820009Z remote: Compressing objects:  57% (854/1497)        
2023-03-10T01:57:41.5820264Z remote: Compressing objects:  58% (869/1497)        
2023-03-10T01:57:41.5820510Z remote: Compressing objects:  59% (884/1497)        
2023-03-10T01:57:41.5820767Z remote: Compressing objects:  60% (899/1497)        
2023-03-10T01:57:41.5821026Z remote: Compressing objects:  61% (914/1497)        
2023-03-10T01:57:41.5822525Z remote: Compressing objects:  62% (929/1497)        
2023-03-10T01:57:41.5823207Z remote: Compressing objects:  63% (944/1497)        
2023-03-10T01:57:41.5824933Z remote: Compressing objects:  64% (959/1497)        
2023-03-10T01:57:41.5825183Z remote: Compressing objects:  65% (974/1497)        
2023-03-10T01:57:41.5825463Z remote: Compressing objects:  66% (989/1497)        
2023-03-10T01:57:41.5825834Z remote: Compressing objects:  67% (1003/1497)        
2023-03-10T01:57:41.5826118Z remote: Compressing objects:  68% (1018/1497)        
2023-03-10T01:57:41.5826372Z remote: Compressing objects:  69% (1033/1497)        
2023-03-10T01:57:41.5826631Z remote: Compressing objects:  70% (1048/1497)        
2023-03-10T01:57:41.5826901Z remote: Compressing objects:  71% (1063/1497)        
2023-03-10T01:57:41.5827160Z remote: Compressing objects:  72% (1078/1497)        
2023-03-10T01:57:41.5827402Z remote: Compressing objects:  73% (1093/1497)        
2023-03-10T01:57:41.5827658Z remote: Compressing objects:  74% (1108/1497)        
2023-03-10T01:57:41.5827925Z remote: Compressing objects:  75% (1123/1497)        
2023-03-10T01:57:41.5828185Z remote: Compressing objects:  76% (1138/1497)        
2023-03-10T01:57:41.5828443Z remote: Compressing objects:  77% (1153/1497)        
2023-03-10T01:57:41.5831806Z remote: Compressing objects:  78% (1168/1497)        
2023-03-10T01:57:41.5838332Z remote: Compressing objects:  79% (1183/1497)        
2023-03-10T01:57:41.5838820Z remote: Compressing objects:  80% (1198/1497)        
2023-03-10T01:57:41.5839077Z remote: Compressing objects:  81% (1213/1497)        
2023-03-10T01:57:41.5839355Z remote: Compressing objects:  82% (1228/1497)        
2023-03-10T01:57:41.5839619Z remote: Compressing objects:  83% (1243/1497)        
2023-03-10T01:57:41.5839871Z remote: Compressing objects:  84% (1258/1497)        
2023-03-10T01:57:41.5840114Z remote: Compressing objects:  85% (1273/1497)        
2023-03-10T01:57:41.5840371Z remote: Compressing objects:  86% (1288/1497)        
2023-03-10T01:57:41.5840631Z remote: Compressing objects:  87% (1303/1497)        
2023-03-10T01:57:41.5840892Z remote: Compressing objects:  88% (1318/1497)        
2023-03-10T01:57:41.5841140Z remote: Compressing objects:  89% (1333/1497)        
2023-03-10T01:57:41.5841419Z remote: Compressing objects:  90% (1348/1497)        
2023-03-10T01:57:41.5841669Z remote: Compressing objects:  91% (1363/1497)        
2023-03-10T01:57:41.5841907Z remote: Compressing objects:  92% (1378/1497)        
2023-03-10T01:57:41.5842173Z remote: Compressing objects:  93% (1393/1497)        
2023-03-10T01:57:41.5842425Z remote: Compressing objects:  94% (1408/1497)        
2023-03-10T01:57:41.5842677Z remote: Compressing objects:  95% (1423/1497)        
2023-03-10T01:57:41.5842922Z remote: Compressing objects:  96% (1438/1497)        
2023-03-10T01:57:41.5843179Z remote: Compressing objects:  97% (1453/1497)        
2023-03-10T01:57:41.5843430Z remote: Compressing objects:  98% (1468/1497)        
2023-03-10T01:57:41.5843742Z remote: Compressing objects:  99% (1483/1497)        
2023-03-10T01:57:41.5843983Z remote: Compressing objects: 100% (1497/1497)        
2023-03-10T01:57:41.5844267Z remote: Compressing objects: 100% (1497/1497), done.        
2023-03-10T01:57:41.6353262Z Receiving objects:   0% (1/4104)
2023-03-10T01:57:41.7540524Z Receiving objects:   1% (42/4104)
2023-03-10T01:57:41.7547435Z Receiving objects:   2% (83/4104)
2023-03-10T01:57:41.8006880Z Receiving objects:   3% (124/4104)
2023-03-10T01:57:41.8055806Z Receiving objects:   4% (165/4104)
2023-03-10T01:57:41.8074673Z Receiving objects:   5% (206/4104)
2023-03-10T01:57:41.8100714Z Receiving objects:   6% (247/4104)
2023-03-10T01:57:41.8114251Z Receiving objects:   7% (288/4104)
2023-03-10T01:57:41.8126325Z Receiving objects:   8% (329/4104)
2023-03-10T01:57:41.8584214Z Receiving objects:   9% (370/4104)
2023-03-10T01:57:41.8593836Z Receiving objects:  10% (411/4104)
2023-03-10T01:57:41.8649289Z Receiving objects:  11% (452/4104)
2023-03-10T01:57:41.8652124Z Receiving objects:  12% (493/4104)
2023-03-10T01:57:41.8654701Z Receiving objects:  13% (534/4104)
2023-03-10T01:57:41.8657189Z Receiving objects:  14% (575/4104)
2023-03-10T01:57:41.8660123Z Receiving objects:  15% (616/4104)
2023-03-10T01:57:41.8660456Z Receiving objects:  16% (657/4104)
2023-03-10T01:57:41.8663332Z Receiving objects:  17% (698/4104)
2023-03-10T01:57:41.8740225Z Receiving objects:  18% (739/4104)
2023-03-10T01:57:41.8754527Z Receiving objects:  19% (780/4104)
2023-03-10T01:57:41.9193651Z Receiving objects:  20% (821/4104)
2023-03-10T01:57:41.9257318Z Receiving objects:  21% (862/4104)
2023-03-10T01:57:41.9309690Z Receiving objects:  22% (903/4104)
2023-03-10T01:57:41.9357915Z Receiving objects:  23% (944/4104)
2023-03-10T01:57:41.9424954Z Receiving objects:  24% (985/4104)
2023-03-10T01:57:41.9728238Z Receiving objects:  25% (1026/4104)
2023-03-10T01:57:41.9768108Z Receiving objects:  26% (1068/4104)
2023-03-10T01:57:41.9852221Z Receiving objects:  27% (1109/4104)
2023-03-10T01:57:41.9892420Z Receiving objects:  28% (1150/4104)
2023-03-10T01:57:41.9945097Z Receiving objects:  29% (1191/4104)
2023-03-10T01:57:42.0009795Z Receiving objects:  30% (1232/4104)
2023-03-10T01:57:42.0070359Z Receiving objects:  31% (1273/4104)
2023-03-10T01:57:42.0096688Z Receiving objects:  32% (1314/4104)
2023-03-10T01:57:42.0164817Z Receiving objects:  33% (1355/4104)
2023-03-10T01:57:42.0201211Z Receiving objects:  34% (1396/4104)
2023-03-10T01:57:42.0231879Z Receiving objects:  35% (1437/4104)
2023-03-10T01:57:42.0274398Z Receiving objects:  36% (1478/4104)
2023-03-10T01:57:42.0323223Z Receiving objects:  37% (1519/4104)
2023-03-10T01:57:42.0353659Z Receiving objects:  38% (1560/4104)
2023-03-10T01:57:42.0419045Z Receiving objects:  39% (1601/4104)
2023-03-10T01:57:42.0473654Z Receiving objects:  40% (1642/4104)
2023-03-10T01:57:42.0520715Z Receiving objects:  41% (1683/4104)
2023-03-10T01:57:42.0584722Z Receiving objects:  42% (1724/4104)
2023-03-10T01:57:42.0658420Z Receiving objects:  43% (1765/4104)
2023-03-10T01:57:42.0719862Z Receiving objects:  44% (1806/4104)
2023-03-10T01:57:42.0775370Z Receiving objects:  45% (1847/4104)
2023-03-10T01:57:42.0906324Z Receiving objects:  46% (1888/4104)
2023-03-10T01:57:42.0973081Z Receiving objects:  47% (1929/4104)
2023-03-10T01:57:42.1027100Z Receiving objects:  48% (1970/4104)
2023-03-10T01:57:42.1080992Z Receiving objects:  49% (2011/4104)
2023-03-10T01:57:42.1128212Z Receiving objects:  50% (2052/4104)
2023-03-10T01:57:42.1157687Z Receiving objects:  51% (2094/4104)
2023-03-10T01:57:42.1218984Z Receiving objects:  52% (2135/4104)
2023-03-10T01:57:42.1270158Z Receiving objects:  53% (2176/4104)
2023-03-10T01:57:42.1313571Z Receiving objects:  54% (2217/4104)
2023-03-10T01:57:42.1368049Z Receiving objects:  55% (2258/4104), 7.89 MiB | 15.76 MiB/s
2023-03-10T01:57:42.1474544Z Receiving objects:  56% (2299/4104), 7.89 MiB | 15.76 MiB/s
2023-03-10T01:57:42.1517143Z Receiving objects:  57% (2340/4104), 7.89 MiB | 15.76 MiB/s
2023-03-10T01:57:42.1542797Z Receiving objects:  58% (2381/4104), 7.89 MiB | 15.76 MiB/s
2023-03-10T01:57:42.1633038Z Receiving objects:  59% (2422/4104), 7.89 MiB | 15.76 MiB/s
2023-03-10T01:57:42.1689104Z Receiving objects:  60% (2463/4104), 7.89 MiB | 15.76 MiB/s
2023-03-10T01:57:42.1706553Z Receiving objects:  61% (2504/4104), 7.89 MiB | 15.76 MiB/s
2023-03-10T01:57:42.1787913Z Receiving objects:  62% (2545/4104), 7.89 MiB | 15.76 MiB/s
2023-03-10T01:57:42.1896244Z Receiving objects:  63% (2586/4104), 7.89 MiB | 15.76 MiB/s
2023-03-10T01:57:42.2028581Z Receiving objects:  64% (2627/4104), 7.89 MiB | 15.76 MiB/s
2023-03-10T01:57:42.2109596Z Receiving objects:  65% (2668/4104), 7.89 MiB | 15.76 MiB/s
2023-03-10T01:57:42.2141878Z Receiving objects:  66% (2709/4104), 7.89 MiB | 15.76 MiB/s
2023-03-10T01:57:42.2171867Z Receiving objects:  67% (2750/4104), 7.89 MiB | 15.76 MiB/s
2023-03-10T01:57:42.2198489Z Receiving objects:  68% (2791/4104), 7.89 MiB | 15.76 MiB/s
2023-03-10T01:57:42.2222573Z Receiving objects:  69% (2832/4104), 7.89 MiB | 15.76 MiB/s
2023-03-10T01:57:42.2256988Z Receiving objects:  70% (2873/4104), 7.89 MiB | 15.76 MiB/s
2023-03-10T01:57:42.2340888Z Receiving objects:  71% (2914/4104), 7.89 MiB | 15.76 MiB/s
2023-03-10T01:57:42.2360292Z Receiving objects:  72% (2955/4104), 7.89 MiB | 15.76 MiB/s
2023-03-10T01:57:42.2400433Z Receiving objects:  73% (2996/4104), 7.89 MiB | 15.76 MiB/s
2023-03-10T01:57:42.2427035Z Receiving objects:  74% (3037/4104), 7.89 MiB | 15.76 MiB/s
2023-03-10T01:57:42.2454657Z Receiving objects:  75% (3078/4104), 7.89 MiB | 15.76 MiB/s
2023-03-10T01:57:42.2488053Z Receiving objects:  76% (3120/4104), 7.89 MiB | 15.76 MiB/s
2023-03-10T01:57:42.2518395Z Receiving objects:  77% (3161/4104), 7.89 MiB | 15.76 MiB/s
2023-03-10T01:57:42.2546561Z Receiving objects:  78% (3202/4104), 7.89 MiB | 15.76 MiB/s
2023-03-10T01:57:42.2576720Z Receiving objects:  79% (3243/4104), 7.89 MiB | 15.76 MiB/s
2023-03-10T01:57:42.2622105Z Receiving objects:  80% (3284/4104), 7.89 MiB | 15.76 MiB/s
2023-03-10T01:57:42.2687744Z Receiving objects:  81% (3325/4104), 7.89 MiB | 15.76 MiB/s
2023-03-10T01:57:42.2789841Z Receiving objects:  82% (3366/4104), 7.89 MiB | 15.76 MiB/s
2023-03-10T01:57:42.2869646Z Receiving objects:  83% (3407/4104), 7.89 MiB | 15.76 MiB/s
2023-03-10T01:57:42.2951532Z Receiving objects:  84% (3448/4104), 7.89 MiB | 15.76 MiB/s
2023-03-10T01:57:42.3020800Z Receiving objects:  85% (3489/4104), 7.89 MiB | 15.76 MiB/s
2023-03-10T01:57:42.3100406Z Receiving objects:  86% (3530/4104), 7.89 MiB | 15.76 MiB/s
2023-03-10T01:57:42.3140321Z Receiving objects:  87% (3571/4104), 7.89 MiB | 15.76 MiB/s
2023-03-10T01:57:42.3143932Z Receiving objects:  88% (3612/4104), 7.89 MiB | 15.76 MiB/s
2023-03-10T01:57:42.3152337Z Receiving objects:  89% (3653/4104), 7.89 MiB | 15.76 MiB/s
2023-03-10T01:57:42.3188866Z Receiving objects:  90% (3694/4104), 7.89 MiB | 15.76 MiB/s
2023-03-10T01:57:42.3200552Z Receiving objects:  91% (3735/4104), 7.89 MiB | 15.76 MiB/s
2023-03-10T01:57:42.3204430Z Receiving objects:  92% (3776/4104), 7.89 MiB | 15.76 MiB/s
2023-03-10T01:57:42.3216016Z Receiving objects:  93% (3817/4104), 7.89 MiB | 15.76 MiB/s
2023-03-10T01:57:42.3245196Z Receiving objects:  94% (3858/4104), 7.89 MiB | 15.76 MiB/s
2023-03-10T01:57:42.3252133Z Receiving objects:  95% (3899/4104), 7.89 MiB | 15.76 MiB/s
2023-03-10T01:57:42.3261282Z Receiving objects:  96% (3940/4104), 7.89 MiB | 15.76 MiB/s
2023-03-10T01:57:42.3303972Z Receiving objects:  97% (3981/4104), 7.89 MiB | 15.76 MiB/s
2023-03-10T01:57:42.3409965Z Receiving objects:  98% (4022/4104), 7.89 MiB | 15.76 MiB/s
2023-03-10T01:57:42.3555993Z Receiving objects:  99% (4063/4104), 7.89 MiB | 15.76 MiB/s
2023-03-10T01:57:42.3556854Z remote: Total 4104 (delta 2293), reused 3943 (delta 2238), pack-reused 0        
2023-03-10T01:57:42.3574769Z Receiving objects: 100% (4104/4104), 7.89 MiB | 15.76 MiB/s
2023-03-10T01:57:42.3575275Z Receiving objects: 100% (4104/4104), 15.56 MiB | 21.45 MiB/s, done.
2023-03-10T01:57:42.3604913Z Resolving deltas:   0% (0/2293)
2023-03-10T01:57:42.3651430Z Resolving deltas:   1% (23/2293)
2023-03-10T01:57:42.3721224Z Resolving deltas:   2% (46/2293)
2023-03-10T01:57:42.3788289Z Resolving deltas:   3% (69/2293)
2023-03-10T01:57:42.3855398Z Resolving deltas:   4% (92/2293)
2023-03-10T01:57:42.3923447Z Resolving deltas:   5% (115/2293)
2023-03-10T01:57:42.3929613Z Resolving deltas:   6% (138/2293)
2023-03-10T01:57:42.3934311Z Resolving deltas:   7% (161/2293)
2023-03-10T01:57:42.3938805Z Resolving deltas:   8% (184/2293)
2023-03-10T01:57:42.3943348Z Resolving deltas:   9% (207/2293)
2023-03-10T01:57:42.3947681Z Resolving deltas:  10% (230/2293)
2023-03-10T01:57:42.3952837Z Resolving deltas:  11% (253/2293)
2023-03-10T01:57:42.3956312Z Resolving deltas:  12% (276/2293)
2023-03-10T01:57:42.3957665Z Resolving deltas:  13% (299/2293)
2023-03-10T01:57:42.3959095Z Resolving deltas:  14% (322/2293)
2023-03-10T01:57:42.3972064Z Resolving deltas:  15% (344/2293)
2023-03-10T01:57:42.4094286Z Resolving deltas:  16% (367/2293)
2023-03-10T01:57:42.4199736Z Resolving deltas:  17% (390/2293)
2023-03-10T01:57:42.4279711Z Resolving deltas:  18% (413/2293)
2023-03-10T01:57:42.4412050Z Resolving deltas:  19% (436/2293)
2023-03-10T01:57:42.4493278Z Resolving deltas:  20% (459/2293)
2023-03-10T01:57:42.4629879Z Resolving deltas:  21% (482/2293)
2023-03-10T01:57:42.4676593Z Resolving deltas:  22% (505/2293)
2023-03-10T01:57:42.4732904Z Resolving deltas:  23% (528/2293)
2023-03-10T01:57:42.4891931Z Resolving deltas:  24% (551/2293)
2023-03-10T01:57:42.5023808Z Resolving deltas:  25% (574/2293)
2023-03-10T01:57:42.5154648Z Resolving deltas:  26% (597/2293)
2023-03-10T01:57:42.5296662Z Resolving deltas:  27% (620/2293)
2023-03-10T01:57:42.5473958Z Resolving deltas:  28% (643/2293)
2023-03-10T01:57:42.5500755Z Resolving deltas:  29% (665/2293)
2023-03-10T01:57:42.5662127Z Resolving deltas:  30% (688/2293)
2023-03-10T01:57:42.5749886Z Resolving deltas:  31% (711/2293)
2023-03-10T01:57:42.5851838Z Resolving deltas:  32% (734/2293)
2023-03-10T01:57:42.5903227Z Resolving deltas:  33% (757/2293)
2023-03-10T01:57:42.6062072Z Resolving deltas:  34% (780/2293)
2023-03-10T01:57:42.6193922Z Resolving deltas:  35% (803/2293)
2023-03-10T01:57:42.6222957Z Resolving deltas:  36% (826/2293)
2023-03-10T01:57:42.6230269Z Resolving deltas:  37% (849/2293)
2023-03-10T01:57:42.6257361Z Resolving deltas:  38% (872/2293)
2023-03-10T01:57:42.6347268Z Resolving deltas:  39% (895/2293)
2023-03-10T01:57:42.6354429Z Resolving deltas:  40% (918/2293)
2023-03-10T01:57:42.6368766Z Resolving deltas:  41% (941/2293)
2023-03-10T01:57:42.6372929Z Resolving deltas:  42% (964/2293)
2023-03-10T01:57:42.6376645Z Resolving deltas:  43% (986/2293)
2023-03-10T01:57:42.6380368Z Resolving deltas:  44% (1009/2293)
2023-03-10T01:57:42.6386637Z Resolving deltas:  45% (1032/2293)
2023-03-10T01:57:42.6394684Z Resolving deltas:  46% (1055/2293)
2023-03-10T01:57:42.6401020Z Resolving deltas:  47% (1078/2293)
2023-03-10T01:57:42.6407797Z Resolving deltas:  48% (1101/2293)
2023-03-10T01:57:42.6414158Z Resolving deltas:  49% (1124/2293)
2023-03-10T01:57:42.6417068Z Resolving deltas:  50% (1147/2293)
2023-03-10T01:57:42.6418229Z Resolving deltas:  51% (1170/2293)
2023-03-10T01:57:42.6429320Z Resolving deltas:  52% (1193/2293)
2023-03-10T01:57:42.6437023Z Resolving deltas:  53% (1216/2293)
2023-03-10T01:57:42.6440190Z Resolving deltas:  54% (1239/2293)
2023-03-10T01:57:42.6445912Z Resolving deltas:  55% (1262/2293)
2023-03-10T01:57:42.6450099Z Resolving deltas:  56% (1285/2293)
2023-03-10T01:57:42.6453545Z Resolving deltas:  57% (1308/2293)
2023-03-10T01:57:42.6465449Z Resolving deltas:  58% (1330/2293)
2023-03-10T01:57:42.6475729Z Resolving deltas:  59% (1353/2293)
2023-03-10T01:57:42.6481023Z Resolving deltas:  60% (1376/2293)
2023-03-10T01:57:42.6484433Z Resolving deltas:  61% (1399/2293)
2023-03-10T01:57:42.6505532Z Resolving deltas:  62% (1422/2293)
2023-03-10T01:57:42.6517516Z Resolving deltas:  63% (1445/2293)
2023-03-10T01:57:42.6527428Z Resolving deltas:  64% (1468/2293)
2023-03-10T01:57:42.6533225Z Resolving deltas:  65% (1491/2293)
2023-03-10T01:57:42.6540157Z Resolving deltas:  66% (1514/2293)
2023-03-10T01:57:42.6541591Z Resolving deltas:  67% (1537/2293)
2023-03-10T01:57:42.6543379Z Resolving deltas:  68% (1560/2293)
2023-03-10T01:57:42.6545168Z Resolving deltas:  69% (1583/2293)
2023-03-10T01:57:42.6554132Z Resolving deltas:  70% (1606/2293)
2023-03-10T01:57:42.6580193Z Resolving deltas:  71% (1629/2293)
2023-03-10T01:57:42.6603233Z Resolving deltas:  72% (1651/2293)
2023-03-10T01:57:42.6615637Z Resolving deltas:  73% (1674/2293)
2023-03-10T01:57:42.6621945Z Resolving deltas:  74% (1697/2293)
2023-03-10T01:57:42.6640387Z Resolving deltas:  75% (1720/2293)
2023-03-10T01:57:42.6658238Z Resolving deltas:  76% (1743/2293)
2023-03-10T01:57:42.6676099Z Resolving deltas:  77% (1766/2293)
2023-03-10T01:57:42.6695500Z Resolving deltas:  78% (1789/2293)
2023-03-10T01:57:42.6718428Z Resolving deltas:  79% (1812/2293)
2023-03-10T01:57:42.6731887Z Resolving deltas:  80% (1835/2293)
2023-03-10T01:57:42.6753987Z Resolving deltas:  81% (1858/2293)
2023-03-10T01:57:42.6777428Z Resolving deltas:  82% (1881/2293)
2023-03-10T01:57:42.6785141Z Resolving deltas:  83% (1904/2293)
2023-03-10T01:57:42.6791613Z Resolving deltas:  84% (1927/2293)
2023-03-10T01:57:42.6801528Z Resolving deltas:  85% (1950/2293)
2023-03-10T01:57:42.6848369Z Resolving deltas:  86% (1972/2293)
2023-03-10T01:57:42.6873727Z Resolving deltas:  87% (1995/2293)
2023-03-10T01:57:42.6912220Z Resolving deltas:  88% (2018/2293)
2023-03-10T01:57:42.6933194Z Resolving deltas:  89% (2041/2293)
2023-03-10T01:57:42.6965598Z Resolving deltas:  90% (2064/2293)
2023-03-10T01:57:42.6981289Z Resolving deltas:  91% (2087/2293)
2023-03-10T01:57:42.7017655Z Resolving deltas:  92% (2110/2293)
2023-03-10T01:57:42.7066799Z Resolving deltas:  93% (2133/2293)
2023-03-10T01:57:42.7090959Z Resolving deltas:  94% (2156/2293)
2023-03-10T01:57:42.7108825Z Resolving deltas:  95% (2179/2293)
2023-03-10T01:57:42.7120405Z Resolving deltas:  96% (2202/2293)
2023-03-10T01:57:42.7137505Z Resolving deltas:  97% (2225/2293)
2023-03-10T01:57:42.7153177Z Resolving deltas:  98% (2248/2293)
2023-03-10T01:57:42.7208025Z Resolving deltas:  99% (2271/2293)
2023-03-10T01:57:42.7208395Z Resolving deltas: 100% (2293/2293)
2023-03-10T01:57:42.7208717Z Resolving deltas: 100% (2293/2293), done.
2023-03-10T01:57:42.7505549Z From https://github.com/seanpm2001/GitHub_Stats_A
2023-03-10T01:57:42.7506305Z  * [new ref]         7d6e2c99cf788fb600c65727686cb45ef8b545e4 -> origin/master
2023-03-10T01:57:42.7527059Z ##[endgroup]
2023-03-10T01:57:42.7527708Z ##[group]Determining the checkout info
2023-03-10T01:57:42.7529489Z ##[endgroup]
2023-03-10T01:57:42.7529949Z ##[group]Checking out the ref
2023-03-10T01:57:42.7534409Z [command]/usr/bin/git checkout --progress --force -B master refs/remotes/origin/master
2023-03-10T01:57:43.2997212Z Reset branch 'master'
2023-03-10T01:57:43.2997814Z branch 'master' set up to track 'origin/master'.
2023-03-10T01:57:43.3037305Z ##[endgroup]
2023-03-10T01:57:43.3067530Z [command]/usr/bin/git log -1 --format='%H'
2023-03-10T01:57:43.3095972Z '7d6e2c99cf788fb600c65727686cb45ef8b545e4'
2023-03-10T01:57:43.3448116Z ##[group]Run actions/setup-python@v4
2023-03-10T01:57:43.3448358Z with:
2023-03-10T01:57:43.3448557Z   python-version: 3.8
2023-03-10T01:57:43.3448764Z   architecture: x64
2023-03-10T01:57:43.3448961Z   cache: pip
2023-03-10T01:57:43.3449158Z   check-latest: false
2023-03-10T01:57:43.3449484Z   token: ***
2023-03-10T01:57:43.3449692Z   update-environment: true
2023-03-10T01:57:43.3449897Z ##[endgroup]
2023-03-10T01:57:43.5157923Z ##[group]Installed versions
2023-03-10T01:57:43.5242658Z Successfully set up CPython (3.8.16)
2023-03-10T01:57:43.5243430Z ##[endgroup]
2023-03-10T01:57:43.9467853Z [command]/opt/hostedtoolcache/Python/3.8.16/x64/bin/pip cache dir
2023-03-10T01:57:44.3166127Z /home/runner/.cache/pip
2023-03-10T01:57:45.7952411Z Received 6243437 of 6243437 (100.0%), 6.4 MBs/sec
2023-03-10T01:57:45.7955035Z Cache Size: ~6 MB (6243437 B)
2023-03-10T01:57:45.7977704Z [command]/usr/bin/tar -z -xf /home/runner/work/_temp/504c6cc3-ff6f-440a-8692-be506665895b/cache.tgz -P -C /home/runner/work/GitHub_Stats_A/GitHub_Stats_A
2023-03-10T01:57:45.8590203Z Cache restored successfully
2023-03-10T01:57:45.8636603Z Cache restored from key: setup-python-Linux-22.04-Ubuntu-python-3.8.16-pip-60f2a6c0212a9b74a155cd81b58dd07fd8b180833132566260d95f4de42fe218
2023-03-10T01:57:45.8783374Z ##[group]Run python3 -m pip install --upgrade pip setuptools wheel
2023-03-10T01:57:45.8783815Z [36;1mpython3 -m pip install --upgrade pip setuptools wheel[0m
2023-03-10T01:57:45.8784148Z [36;1mpython3 -m pip install -r requirements.txt[0m
2023-03-10T01:57:45.8842642Z shell: /usr/bin/bash -e {0}
2023-03-10T01:57:45.8842876Z env:
2023-03-10T01:57:45.8843155Z   pythonLocation: /opt/hostedtoolcache/Python/3.8.16/x64
2023-03-10T01:57:45.8843510Z   PKG_CONFIG_PATH: /opt/hostedtoolcache/Python/3.8.16/x64/lib/pkgconfig
2023-03-10T01:57:45.8843854Z   Python_ROOT_DIR: /opt/hostedtoolcache/Python/3.8.16/x64
2023-03-10T01:57:45.8844181Z   Python2_ROOT_DIR: /opt/hostedtoolcache/Python/3.8.16/x64
2023-03-10T01:57:45.8844492Z   Python3_ROOT_DIR: /opt/hostedtoolcache/Python/3.8.16/x64
2023-03-10T01:57:45.8844806Z   LD_LIBRARY_PATH: /opt/hostedtoolcache/Python/3.8.16/x64/lib
2023-03-10T01:57:45.8845058Z ##[endgroup]
2023-03-10T01:57:46.5020118Z Requirement already satisfied: pip in /opt/hostedtoolcache/Python/3.8.16/x64/lib/python3.8/site-packages (23.0.1)
2023-03-10T01:57:46.7033868Z Requirement already satisfied: setuptools in /opt/hostedtoolcache/Python/3.8.16/x64/lib/python3.8/site-packages (56.0.0)
2023-03-10T01:57:47.0088911Z Collecting setuptools
2023-03-10T01:57:47.1241613Z   Downloading setuptools-67.6.0-py3-none-any.whl (1.1 MB)
2023-03-10T01:57:47.2726572Z      ━━━━━━━━━━━━━━━━━━━━━━━━━━━━━━━━━━━━━━━━ 1.1/1.1 MB 7.6 MB/s eta 0:00:00
2023-03-10T01:57:47.3316449Z Collecting wheel
2023-03-10T01:57:47.3341702Z   Using cached wheel-0.38.4-py3-none-any.whl (36 kB)
2023-03-10T01:57:47.4518164Z Installing collected packages: wheel, setuptools
2023-03-10T01:57:47.4813176Z   Attempting uninstall: setuptools
2023-03-10T01:57:47.4822859Z     Found existing installation: setuptools 56.0.0
2023-03-10T01:57:47.5346816Z     Uninstalling setuptools-56.0.0:
2023-03-10T01:57:47.5458895Z       Successfully uninstalled setuptools-56.0.0
2023-03-10T01:57:47.9887765Z Successfully installed setuptools-67.6.0 wheel-0.38.4
2023-03-10T01:57:48.9124818Z Collecting requests
2023-03-10T01:57:48.9149445Z   Using cached requests-2.28.2-py3-none-any.whl (62 kB)
2023-03-10T01:57:49.3964611Z Collecting aiohttp
2023-03-10T01:57:49.4016644Z   Using cached aiohttp-3.8.4-cp38-cp38-manylinux_2_17_x86_64.manylinux2014_x86_64.whl (1.0 MB)
2023-03-10T01:57:49.4528103Z Collecting certifi>=2017.4.17
2023-03-10T01:57:49.4554307Z   Using cached certifi-2022.12.7-py3-none-any.whl (155 kB)
2023-03-10T01:57:49.5202784Z Collecting urllib3<1.27,>=1.21.1
2023-03-10T01:57:49.5229000Z   Using cached urllib3-1.26.14-py2.py3-none-any.whl (140 kB)
2023-03-10T01:57:49.6426941Z Collecting charset-normalizer<4,>=2
2023-03-10T01:57:49.7551924Z   Downloading charset_normalizer-3.1.0-cp38-cp38-manylinux_2_17_x86_64.manylinux2014_x86_64.whl (195 kB)
2023-03-10T01:57:49.8012324Z      ━━━━━━━━━━━━━━━━━━━━━━━━━━━━━━━━━━━━━━━ 195.9/195.9 kB 4.8 MB/s eta 0:00:00
2023-03-10T01:57:49.8317167Z Collecting idna<4,>=2.5
2023-03-10T01:57:49.8340642Z   Using cached idna-3.4-py3-none-any.whl (61 kB)
2023-03-10T01:57:49.8724247Z Collecting aiosignal>=1.1.2
2023-03-10T01:57:49.8746644Z   Using cached aiosignal-1.3.1-py3-none-any.whl (7.6 kB)
2023-03-10T01:57:49.9089669Z Collecting attrs>=17.3.0
2023-03-10T01:57:49.9113119Z   Using cached attrs-22.2.0-py3-none-any.whl (60 kB)
2023-03-10T01:57:50.0177545Z Collecting frozenlist>=1.1.1
2023-03-10T01:57:50.0203127Z   Using cached frozenlist-1.3.3-cp38-cp38-manylinux_2_5_x86_64.manylinux1_x86_64.manylinux_2_17_x86_64.manylinux2014_x86_64.whl (161 kB)
2023-03-10T01:57:50.4544680Z Collecting multidict<7.0,>=4.5
2023-03-10T01:57:50.4567571Z   Using cached multidict-6.0.4-cp38-cp38-manylinux_2_17_x86_64.manylinux2014_x86_64.whl (121 kB)
2023-03-10T01:57:50.7023763Z Collecting yarl<2.0,>=1.0
2023-03-10T01:57:50.7050132Z   Using cached yarl-1.8.2-cp38-cp38-manylinux_2_17_x86_64.manylinux2014_x86_64.whl (262 kB)
2023-03-10T01:57:50.7349308Z Collecting async-timeout<5.0,>=4.0.0a3
2023-03-10T01:57:50.7373056Z   Using cached async_timeout-4.0.2-py3-none-any.whl (5.8 kB)
2023-03-10T01:57:50.9573169Z Installing collected packages: urllib3, multidict, idna, frozenlist, charset-normalizer, certifi, attrs, async-timeout, yarl, requests, aiosignal, aiohttp
2023-03-10T01:57:51.4215570Z Successfully installed aiohttp-3.8.4 aiosignal-1.3.1 async-timeout-4.0.2 attrs-22.2.0 certifi-2022.12.7 charset-normalizer-3.1.0 frozenlist-1.3.3 idna-3.4 multidict-6.0.4 requests-2.28.2 urllib3-1.26.14 yarl-1.8.2
2023-03-10T01:57:51.5864359Z ##[group]Run python3 --version
2023-03-10T01:57:51.5864645Z [36;1mpython3 --version[0m
2023-03-10T01:57:51.5864888Z [36;1mpython3 generate_images.py[0m
2023-03-10T01:57:51.5918120Z shell: /usr/bin/bash -e {0}
2023-03-10T01:57:51.5918333Z env:
2023-03-10T01:57:51.5918595Z   pythonLocation: /opt/hostedtoolcache/Python/3.8.16/x64
2023-03-10T01:57:51.5918952Z   PKG_CONFIG_PATH: /opt/hostedtoolcache/Python/3.8.16/x64/lib/pkgconfig
2023-03-10T01:57:51.5919291Z   Python_ROOT_DIR: /opt/hostedtoolcache/Python/3.8.16/x64
2023-03-10T01:57:51.5919602Z   Python2_ROOT_DIR: /opt/hostedtoolcache/Python/3.8.16/x64
2023-03-10T01:57:51.5919911Z   Python3_ROOT_DIR: /opt/hostedtoolcache/Python/3.8.16/x64
2023-03-10T01:57:51.5920237Z   LD_LIBRARY_PATH: /opt/hostedtoolcache/Python/3.8.16/x64/lib
2023-03-10T01:57:51.5920661Z   ACCESS_TOKEN: ***
2023-03-10T01:57:51.5920972Z   GITHUB_TOKEN: ***
2023-03-10T01:57:51.5921173Z   EXCLUDED: 
2023-03-10T01:57:51.5921362Z   EXCLUDED_LANGS: 
2023-03-10T01:57:51.5921609Z   EXCLUDE_FORKED_REPOS: true
2023-03-10T01:57:51.5921822Z ##[endgroup]
2023-03-10T01:57:51.6007411Z Python 3.8.16
2023-03-10T01:58:29.9382535Z A path returned 202. Retrying...
2023-03-10T01:58:29.9384957Z A path returned 202. Retrying...
2023-03-10T01:58:29.9386430Z A path returned 202. Retrying...
2023-03-10T01:58:30.0302342Z Traceback (most recent call last):
2023-03-10T01:58:30.0310870Z   File "generate_images.py", line 136, in <module>
2023-03-10T01:58:30.0311200Z     asyncio.run(main())
2023-03-10T01:58:30.0311591Z   File "/opt/hostedtoolcache/Python/3.8.16/x64/lib/python3.8/asyncio/runners.py", line 44, in run
2023-03-10T01:58:30.0311949Z     return loop.run_until_complete(main)
2023-03-10T01:58:30.0312638Z   File "/opt/hostedtoolcache/Python/3.8.16/x64/lib/python3.8/asyncio/base_events.py", line 616, in run_until_complete
2023-03-10T01:58:30.0312984Z     return future.result()
2023-03-10T01:58:30.0313273Z   File "generate_images.py", line 132, in main
2023-03-10T01:58:30.0313613Z     await asyncio.gather(generate_languages(s), generate_overview(s))
2023-03-10T01:58:30.0313987Z   File "generate_images.py", line 42, in generate_overview
2023-03-10T01:58:30.0314332Z     changed = (await s.lines_changed)[0] + (await s.lines_changed)[1]
2023-03-10T01:58:30.0546276Z   File "/home/runner/work/GitHub_Stats_A/GitHub_Stats_A/github_stats.py", line 486, in lines_changed
2023-03-10T01:58:30.0546653Z     for repo in await self.repos:
2023-03-10T01:58:30.0546945Z RuntimeError: Set changed size during iteration
2023-03-10T01:58:30.0558777Z ##[error]Process completed with exit code 1.
2023-03-10T01:58:30.0614509Z Post job cleanup.
2023-03-10T01:58:30.1934902Z [command]/usr/bin/git version
2023-03-10T01:58:30.1983060Z git version 2.39.2
2023-03-10T01:58:30.2039491Z Temporarily overriding HOME='/home/runner/work/_temp/9a01fd3c-21ad-42ab-9f7c-731d54365a30' before making global git config changes
2023-03-10T01:58:30.2041898Z Adding repository directory to the temporary git global config as a safe directory
2023-03-10T01:58:30.2048324Z [command]/usr/bin/git config --global --add safe.directory /home/runner/work/GitHub_Stats_A/GitHub_Stats_A
2023-03-10T01:58:30.2088965Z [command]/usr/bin/git config --local --name-only --get-regexp core\.sshCommand
2023-03-10T01:58:30.2124426Z [command]/usr/bin/git submodule foreach --recursive sh -c "git config --local --name-only --get-regexp 'core\.sshCommand' && git config --local --unset-all 'core.sshCommand' || :"
2023-03-10T01:58:30.2364900Z [command]/usr/bin/git config --local --name-only --get-regexp http\.https\:\/\/github\.com\/\.extraheader
2023-03-10T01:58:30.2394213Z http.https://github.com/.extraheader
2023-03-10T01:58:30.2405540Z [command]/usr/bin/git config --local --unset-all http.https://github.com/.extraheader
2023-03-10T01:58:30.2441864Z [command]/usr/bin/git submodule foreach --recursive sh -c "git config --local --name-only --get-regexp 'http\.https\:\/\/github\.com\/\.extraheader' && git config --local --unset-all 'http.https://github.com/.extraheader' || :"
2023-03-10T01:58:30.2988501Z Cleaning up orphan processes
