2024-01-25T00:25:00.8036470Z Requested labels: ubuntu-latest
2024-01-25T00:25:00.8036927Z Job defined at: seanpm2001/GitHub_Stats_A/.github/workflows/main.yml@refs/heads/master
2024-01-25T00:25:00.8037120Z Waiting for a runner to pick up this job...
2024-01-25T00:25:01.6856314Z Job is waiting for a hosted runner to come online.
2024-01-25T00:25:04.2573852Z Job is about to start running on the hosted runner: GitHub Actions 6 (hosted)
2024-01-25T00:25:07.8909611Z Current runner version: '2.312.0'
2024-01-25T00:25:07.8931757Z ##[group]Operating System
2024-01-25T00:25:07.8932535Z Ubuntu
2024-01-25T00:25:07.8932844Z 22.04.3
2024-01-25T00:25:07.8933182Z LTS
2024-01-25T00:25:07.8933596Z ##[endgroup]
2024-01-25T00:25:07.8933976Z ##[group]Runner Image
2024-01-25T00:25:07.8934394Z Image: ubuntu-22.04
2024-01-25T00:25:07.8934857Z Version: 20240122.3.0
2024-01-25T00:25:07.8935857Z Included Software: https://github.com/actions/runner-images/blob/ubuntu22/20240122.3/images/ubuntu/Ubuntu2204-Readme.md
2024-01-25T00:25:07.8937297Z Image Release: https://github.com/actions/runner-images/releases/tag/ubuntu22%2F20240122.3
2024-01-25T00:25:07.8938549Z ##[endgroup]
2024-01-25T00:25:07.8938982Z ##[group]Runner Image Provisioner
2024-01-25T00:25:07.8939492Z 2.0.329.1
2024-01-25T00:25:07.8939895Z ##[endgroup]
2024-01-25T00:25:07.8940770Z ##[group]GITHUB_TOKEN Permissions
2024-01-25T00:25:07.8942427Z Contents: write
2024-01-25T00:25:07.8942841Z Metadata: read
2024-01-25T00:25:07.8943391Z ##[endgroup]
2024-01-25T00:25:07.8946655Z Secret source: Actions
2024-01-25T00:25:07.8947250Z Prepare workflow directory
2024-01-25T00:25:07.9560850Z Prepare all required actions
2024-01-25T00:25:07.9715033Z Getting action download info
2024-01-25T00:25:08.2042924Z Download action repository 'actions/checkout@v3' (SHA:f43a0e5ff2bd294095638e18286ca9a3d1956744)
2024-01-25T00:25:08.3141085Z Download action repository 'actions/setup-python@v4' (SHA:65d7f2d534ac1bc67fcd62888c5f4f3d2cb2b236)
2024-01-25T00:25:08.5008611Z Complete job name: build
2024-01-25T00:25:08.5904599Z ##[group]Run actions/checkout@v3
2024-01-25T00:25:08.5905309Z with:
2024-01-25T00:25:08.5905722Z   repository: seanpm2001/GitHub_Stats_A
2024-01-25T00:25:08.5906467Z   token: ***
2024-01-25T00:25:08.5906930Z   ssh-strict: true
2024-01-25T00:25:08.5907362Z   persist-credentials: true
2024-01-25T00:25:08.5907832Z   clean: true
2024-01-25T00:25:08.5908268Z   sparse-checkout-cone-mode: true
2024-01-25T00:25:08.5908786Z   fetch-depth: 1
2024-01-25T00:25:08.5909187Z   fetch-tags: false
2024-01-25T00:25:08.5909605Z   lfs: false
2024-01-25T00:25:08.5909997Z   submodules: false
2024-01-25T00:25:08.5910410Z   set-safe-directory: true
2024-01-25T00:25:08.5910933Z ##[endgroup]
2024-01-25T00:25:08.8154602Z Syncing repository: seanpm2001/GitHub_Stats_A
2024-01-25T00:25:08.8156689Z ##[group]Getting Git version info
2024-01-25T00:25:08.8157980Z Working directory is '/home/runner/work/GitHub_Stats_A/GitHub_Stats_A'
2024-01-25T00:25:08.8159361Z [command]/usr/bin/git version
2024-01-25T00:25:08.8160083Z git version 2.43.0
2024-01-25T00:25:08.8173970Z ##[endgroup]
2024-01-25T00:25:08.8188485Z Temporarily overriding HOME='/home/runner/work/_temp/1557f960-abc0-4847-907e-f0a40f46d81f' before making global git config changes
2024-01-25T00:25:08.8190366Z Adding repository directory to the temporary git global config as a safe directory
2024-01-25T00:25:08.8193079Z [command]/usr/bin/git config --global --add safe.directory /home/runner/work/GitHub_Stats_A/GitHub_Stats_A
2024-01-25T00:25:08.8238358Z Deleting the contents of '/home/runner/work/GitHub_Stats_A/GitHub_Stats_A'
2024-01-25T00:25:08.8242619Z ##[group]Initializing the repository
2024-01-25T00:25:08.8245695Z [command]/usr/bin/git init /home/runner/work/GitHub_Stats_A/GitHub_Stats_A
2024-01-25T00:25:08.8313291Z hint: Using 'master' as the name for the initial branch. This default branch name
2024-01-25T00:25:08.8315543Z hint: is subject to change. To configure the initial branch name to use in all
2024-01-25T00:25:08.8317949Z hint: of your new repositories, which will suppress this warning, call:
2024-01-25T00:25:08.8319356Z hint: 
2024-01-25T00:25:08.8320772Z hint: 	git config --global init.defaultBranch <name>
2024-01-25T00:25:08.8321871Z hint: 
2024-01-25T00:25:08.8322994Z hint: Names commonly chosen instead of 'master' are 'main', 'trunk' and
2024-01-25T00:25:08.8324690Z hint: 'development'. The just-created branch can be renamed via this command:
2024-01-25T00:25:08.8325564Z hint: 
2024-01-25T00:25:08.8326022Z hint: 	git branch -m <name>
2024-01-25T00:25:08.8327748Z Initialized empty Git repository in /home/runner/work/GitHub_Stats_A/GitHub_Stats_A/.git/
2024-01-25T00:25:08.8331841Z [command]/usr/bin/git remote add origin https://github.com/seanpm2001/GitHub_Stats_A
2024-01-25T00:25:08.8375102Z ##[endgroup]
2024-01-25T00:25:08.8376180Z ##[group]Disabling automatic garbage collection
2024-01-25T00:25:08.8381122Z [command]/usr/bin/git config --local gc.auto 0
2024-01-25T00:25:08.8435244Z ##[endgroup]
2024-01-25T00:25:08.8436944Z ##[group]Setting up auth
2024-01-25T00:25:08.8441813Z [command]/usr/bin/git config --local --name-only --get-regexp core\.sshCommand
2024-01-25T00:25:08.8484761Z [command]/usr/bin/git submodule foreach --recursive sh -c "git config --local --name-only --get-regexp 'core\.sshCommand' && git config --local --unset-all 'core.sshCommand' || :"
2024-01-25T00:25:08.8789773Z [command]/usr/bin/git config --local --name-only --get-regexp http\.https\:\/\/github\.com\/\.extraheader
2024-01-25T00:25:08.8834045Z [command]/usr/bin/git submodule foreach --recursive sh -c "git config --local --name-only --get-regexp 'http\.https\:\/\/github\.com\/\.extraheader' && git config --local --unset-all 'http.https://github.com/.extraheader' || :"
2024-01-25T00:25:08.9079168Z [command]/usr/bin/git config --local http.https://github.com/.extraheader AUTHORIZATION: basic ***
2024-01-25T00:25:08.9124521Z ##[endgroup]
2024-01-25T00:25:08.9125975Z ##[group]Fetching the repository
2024-01-25T00:25:08.9135947Z [command]/usr/bin/git -c protocol.version=2 fetch --no-tags --prune --progress --no-recurse-submodules --depth=1 origin +47a2925f24cd84b2210b2efca180b499a4a218df:refs/remotes/origin/master
2024-01-25T00:25:09.2411860Z remote: Enumerating objects: 10159, done.        
2024-01-25T00:25:09.2413388Z remote: Counting objects:   0% (1/10159)        
2024-01-25T00:25:09.2414733Z remote: Counting objects:   1% (102/10159)        
2024-01-25T00:25:09.2415785Z remote: Counting objects:   2% (204/10159)        
2024-01-25T00:25:09.2416608Z remote: Counting objects:   3% (305/10159)        
2024-01-25T00:25:09.2417813Z remote: Counting objects:   4% (407/10159)        
2024-01-25T00:25:09.2418656Z remote: Counting objects:   5% (508/10159)        
2024-01-25T00:25:09.2419370Z remote: Counting objects:   6% (610/10159)        
2024-01-25T00:25:09.2420222Z remote: Counting objects:   7% (712/10159)        
2024-01-25T00:25:09.2420976Z remote: Counting objects:   8% (813/10159)        
2024-01-25T00:25:09.2421731Z remote: Counting objects:   9% (915/10159)        
2024-01-25T00:25:09.2422523Z remote: Counting objects:  10% (1016/10159)        
2024-01-25T00:25:09.2423284Z remote: Counting objects:  11% (1118/10159)        
2024-01-25T00:25:09.2424041Z remote: Counting objects:  12% (1220/10159)        
2024-01-25T00:25:09.2424800Z remote: Counting objects:  13% (1321/10159)        
2024-01-25T00:25:09.2425459Z remote: Counting objects:  14% (1423/10159)        
2024-01-25T00:25:09.2426184Z remote: Counting objects:  15% (1524/10159)        
2024-01-25T00:25:09.2426936Z remote: Counting objects:  16% (1626/10159)        
2024-01-25T00:25:09.2427585Z remote: Counting objects:  17% (1728/10159)        
2024-01-25T00:25:09.2428286Z remote: Counting objects:  18% (1829/10159)        
2024-01-25T00:25:09.2429032Z remote: Counting objects:  19% (1931/10159)        
2024-01-25T00:25:09.2429728Z remote: Counting objects:  20% (2032/10159)        
2024-01-25T00:25:09.2430368Z remote: Counting objects:  21% (2134/10159)        
2024-01-25T00:25:09.2431133Z remote: Counting objects:  22% (2235/10159)        
2024-01-25T00:25:09.2431828Z remote: Counting objects:  23% (2337/10159)        
2024-01-25T00:25:09.2432503Z remote: Counting objects:  24% (2439/10159)        
2024-01-25T00:25:09.2433243Z remote: Counting objects:  25% (2540/10159)        
2024-01-25T00:25:09.2433974Z remote: Counting objects:  26% (2642/10159)        
2024-01-25T00:25:09.2434649Z remote: Counting objects:  27% (2743/10159)        
2024-01-25T00:25:09.2435404Z remote: Counting objects:  28% (2845/10159)        
2024-01-25T00:25:09.2436382Z remote: Counting objects:  29% (2947/10159)        
2024-01-25T00:25:09.2437058Z remote: Counting objects:  30% (3048/10159)        
2024-01-25T00:25:09.2437831Z remote: Counting objects:  31% (3150/10159)        
2024-01-25T00:25:09.2438654Z remote: Counting objects:  32% (3251/10159)        
2024-01-25T00:25:09.2439426Z remote: Counting objects:  33% (3353/10159)        
2024-01-25T00:25:09.2440087Z remote: Counting objects:  34% (3455/10159)        
2024-01-25T00:25:09.2440789Z remote: Counting objects:  35% (3556/10159)        
2024-01-25T00:25:09.2441555Z remote: Counting objects:  36% (3658/10159)        
2024-01-25T00:25:09.2442270Z remote: Counting objects:  37% (3759/10159)        
2024-01-25T00:25:09.2442913Z remote: Counting objects:  38% (3861/10159)        
2024-01-25T00:25:09.2443677Z remote: Counting objects:  39% (3963/10159)        
2024-01-25T00:25:09.2444351Z remote: Counting objects:  40% (4064/10159)        
2024-01-25T00:25:09.2445023Z remote: Counting objects:  41% (4166/10159)        
2024-01-25T00:25:09.2445756Z remote: Counting objects:  42% (4267/10159)        
2024-01-25T00:25:09.2446439Z remote: Counting objects:  43% (4369/10159)        
2024-01-25T00:25:09.2447135Z remote: Counting objects:  44% (4470/10159)        
2024-01-25T00:25:09.2447875Z remote: Counting objects:  45% (4572/10159)        
2024-01-25T00:25:09.2448521Z remote: Counting objects:  46% (4674/10159)        
2024-01-25T00:25:09.2449210Z remote: Counting objects:  47% (4775/10159)        
2024-01-25T00:25:09.2450173Z remote: Counting objects:  48% (4877/10159)        
2024-01-25T00:25:09.2450903Z remote: Counting objects:  49% (4978/10159)        
2024-01-25T00:25:09.2451544Z remote: Counting objects:  50% (5080/10159)        
2024-01-25T00:25:09.2452303Z remote: Counting objects:  51% (5182/10159)        
2024-01-25T00:25:09.2453019Z remote: Counting objects:  52% (5283/10159)        
2024-01-25T00:25:09.2453716Z remote: Counting objects:  53% (5385/10159)        
2024-01-25T00:25:09.2454459Z remote: Counting objects:  54% (5486/10159)        
2024-01-25T00:25:09.2455164Z remote: Counting objects:  55% (5588/10159)        
2024-01-25T00:25:09.2455850Z remote: Counting objects:  56% (5690/10159)        
2024-01-25T00:25:09.2456578Z remote: Counting objects:  57% (5791/10159)        
2024-01-25T00:25:09.2457290Z remote: Counting objects:  58% (5893/10159)        
2024-01-25T00:25:09.2458147Z remote: Counting objects:  59% (5994/10159)        
2024-01-25T00:25:09.2459082Z remote: Counting objects:  60% (6096/10159)        
2024-01-25T00:25:09.2459737Z remote: Counting objects:  61% (6197/10159)        
2024-01-25T00:25:09.2460417Z remote: Counting objects:  62% (6299/10159)        
2024-01-25T00:25:09.2461204Z remote: Counting objects:  63% (6401/10159)        
2024-01-25T00:25:09.2461888Z remote: Counting objects:  64% (6502/10159)        
2024-01-25T00:25:09.2462539Z remote: Counting objects:  65% (6604/10159)        
2024-01-25T00:25:09.2463306Z remote: Counting objects:  66% (6705/10159)        
2024-01-25T00:25:09.2463987Z remote: Counting objects:  67% (6807/10159)        
2024-01-25T00:25:09.2464727Z remote: Counting objects:  68% (6909/10159)        
2024-01-25T00:25:09.2465392Z remote: Counting objects:  69% (7010/10159)        
2024-01-25T00:25:09.2466073Z remote: Counting objects:  70% (7112/10159)        
2024-01-25T00:25:09.2466864Z remote: Counting objects:  71% (7213/10159)        
2024-01-25T00:25:09.2467545Z remote: Counting objects:  72% (7315/10159)        
2024-01-25T00:25:09.2468193Z remote: Counting objects:  73% (7417/10159)        
2024-01-25T00:25:09.2468950Z remote: Counting objects:  74% (7518/10159)        
2024-01-25T00:25:09.2469629Z remote: Counting objects:  75% (7620/10159)        
2024-01-25T00:25:09.2470302Z remote: Counting objects:  76% (7721/10159)        
2024-01-25T00:25:09.2471033Z remote: Counting objects:  77% (7823/10159)        
2024-01-25T00:25:09.2471711Z remote: Counting objects:  78% (7925/10159)        
2024-01-25T00:25:09.2472992Z remote: Counting objects:  79% (8026/10159)        
2024-01-25T00:25:09.2473758Z remote: Counting objects:  80% (8128/10159)        
2024-01-25T00:25:09.2474408Z remote: Counting objects:  81% (8229/10159)        
2024-01-25T00:25:09.2475102Z remote: Counting objects:  82% (8331/10159)        
2024-01-25T00:25:09.2594138Z remote: Counting objects:  83% (8432/10159)        
2024-01-25T00:25:09.2595588Z remote: Counting objects:  84% (8534/10159)        
2024-01-25T00:25:09.2596941Z remote: Counting objects:  85% (8636/10159)        
2024-01-25T00:25:09.2598509Z remote: Counting objects:  86% (8737/10159)        
2024-01-25T00:25:09.2599905Z remote: Counting objects:  87% (8839/10159)        
2024-01-25T00:25:09.2601166Z remote: Counting objects:  88% (8940/10159)        
2024-01-25T00:25:09.2602022Z remote: Counting objects:  89% (9042/10159)        
2024-01-25T00:25:09.2602916Z remote: Counting objects:  90% (9144/10159)        
2024-01-25T00:25:09.2603765Z remote: Counting objects:  91% (9245/10159)        
2024-01-25T00:25:09.2604507Z remote: Counting objects:  92% (9347/10159)        
2024-01-25T00:25:09.2605230Z remote: Counting objects:  93% (9448/10159)        
2024-01-25T00:25:09.2606001Z remote: Counting objects:  94% (9550/10159)        
2024-01-25T00:25:09.2606722Z remote: Counting objects:  95% (9652/10159)        
2024-01-25T00:25:09.2607462Z remote: Counting objects:  96% (9753/10159)        
2024-01-25T00:25:09.2608234Z remote: Counting objects:  97% (9855/10159)        
2024-01-25T00:25:09.2609138Z remote: Counting objects:  98% (9956/10159)        
2024-01-25T00:25:09.2609836Z remote: Counting objects:  99% (10058/10159)        
2024-01-25T00:25:09.2610641Z remote: Counting objects: 100% (10159/10159)        
2024-01-25T00:25:09.2611428Z remote: Counting objects: 100% (10159/10159), done.        
2024-01-25T00:25:09.2612195Z remote: Compressing objects:   0% (1/3902)        
2024-01-25T00:25:09.2612964Z remote: Compressing objects:   1% (40/3902)        
2024-01-25T00:25:09.2613691Z remote: Compressing objects:   2% (79/3902)        
2024-01-25T00:25:09.2614452Z remote: Compressing objects:   3% (118/3902)        
2024-01-25T00:25:09.2615271Z remote: Compressing objects:   4% (157/3902)        
2024-01-25T00:25:09.2615963Z remote: Compressing objects:   5% (196/3902)        
2024-01-25T00:25:09.2616689Z remote: Compressing objects:   6% (235/3902)        
2024-01-25T00:25:09.2617862Z remote: Compressing objects:   7% (274/3902)        
2024-01-25T00:25:09.2618663Z remote: Compressing objects:   8% (313/3902)        
2024-01-25T00:25:09.2619354Z remote: Compressing objects:   9% (352/3902)        
2024-01-25T00:25:09.2620196Z remote: Compressing objects:  10% (391/3902)        
2024-01-25T00:25:09.2620909Z remote: Compressing objects:  11% (430/3902)        
2024-01-25T00:25:09.2621708Z remote: Compressing objects:  12% (469/3902)        
2024-01-25T00:25:09.2622393Z remote: Compressing objects:  13% (508/3902)        
2024-01-25T00:25:09.2623129Z remote: Compressing objects:  14% (547/3902)        
2024-01-25T00:25:09.2623924Z remote: Compressing objects:  15% (586/3902)        
2024-01-25T00:25:09.2624636Z remote: Compressing objects:  16% (625/3902)        
2024-01-25T00:25:09.2625305Z remote: Compressing objects:  17% (664/3902)        
2024-01-25T00:25:09.2626091Z remote: Compressing objects:  18% (703/3902)        
2024-01-25T00:25:09.2626797Z remote: Compressing objects:  19% (742/3902)        
2024-01-25T00:25:09.2627547Z remote: Compressing objects:  20% (781/3902)        
2024-01-25T00:25:09.2628286Z remote: Compressing objects:  21% (820/3902)        
2024-01-25T00:25:09.2629031Z remote: Compressing objects:  22% (859/3902)        
2024-01-25T00:25:09.2629744Z remote: Compressing objects:  23% (898/3902)        
2024-01-25T00:25:09.2630508Z remote: Compressing objects:  24% (937/3902)        
2024-01-25T00:25:09.2631177Z remote: Compressing objects:  25% (976/3902)        
2024-01-25T00:25:09.2631934Z remote: Compressing objects:  26% (1015/3902)        
2024-01-25T00:25:09.2632723Z remote: Compressing objects:  27% (1054/3902)        
2024-01-25T00:25:09.2633669Z remote: Compressing objects:  28% (1093/3902)        
2024-01-25T00:25:09.2634361Z remote: Compressing objects:  29% (1132/3902)        
2024-01-25T00:25:09.2635148Z remote: Compressing objects:  30% (1171/3902)        
2024-01-25T00:25:09.2635893Z remote: Compressing objects:  31% (1210/3902)        
2024-01-25T00:25:09.2636609Z remote: Compressing objects:  32% (1249/3902)        
2024-01-25T00:25:09.2700697Z remote: Compressing objects:  33% (1288/3902)        
2024-01-25T00:25:09.2842535Z remote: Compressing objects:  34% (1327/3902)        
2024-01-25T00:25:09.2844070Z remote: Compressing objects:  35% (1366/3902)        
2024-01-25T00:25:09.2967516Z remote: Compressing objects:  36% (1405/3902)        
2024-01-25T00:25:09.3080270Z remote: Compressing objects:  37% (1444/3902)        
2024-01-25T00:25:09.3234485Z remote: Compressing objects:  38% (1483/3902)        
2024-01-25T00:25:09.3304817Z remote: Compressing objects:  39% (1522/3902)        
2024-01-25T00:25:09.3305880Z remote: Compressing objects:  40% (1561/3902)        
2024-01-25T00:25:09.3306651Z remote: Compressing objects:  41% (1600/3902)        
2024-01-25T00:25:09.3307555Z remote: Compressing objects:  42% (1639/3902)        
2024-01-25T00:25:09.3327720Z remote: Compressing objects:  43% (1678/3902)        
2024-01-25T00:25:09.3907958Z remote: Compressing objects:  44% (1717/3902)        
2024-01-25T00:25:09.3909585Z remote: Compressing objects:  45% (1756/3902)        
2024-01-25T00:25:09.3918686Z remote: Compressing objects:  46% (1795/3902)        
2024-01-25T00:25:09.3922480Z remote: Compressing objects:  47% (1834/3902)        
2024-01-25T00:25:09.3927373Z remote: Compressing objects:  48% (1873/3902)        
2024-01-25T00:25:09.3928781Z remote: Compressing objects:  49% (1912/3902)        
2024-01-25T00:25:09.3929987Z remote: Compressing objects:  50% (1951/3902)        
2024-01-25T00:25:09.3931138Z remote: Compressing objects:  51% (1991/3902)        
2024-01-25T00:25:09.3932406Z remote: Compressing objects:  52% (2030/3902)        
2024-01-25T00:25:09.3933347Z remote: Compressing objects:  53% (2069/3902)        
2024-01-25T00:25:09.3934585Z remote: Compressing objects:  54% (2108/3902)        
2024-01-25T00:25:09.3935925Z remote: Compressing objects:  55% (2147/3902)        
2024-01-25T00:25:09.3937048Z remote: Compressing objects:  56% (2186/3902)        
2024-01-25T00:25:09.3938493Z remote: Compressing objects:  57% (2225/3902)        
2024-01-25T00:25:09.3939808Z remote: Compressing objects:  58% (2264/3902)        
2024-01-25T00:25:09.3940968Z remote: Compressing objects:  59% (2303/3902)        
2024-01-25T00:25:09.3941832Z remote: Compressing objects:  60% (2342/3902)        
2024-01-25T00:25:09.3942551Z remote: Compressing objects:  61% (2381/3902)        
2024-01-25T00:25:09.3960267Z remote: Compressing objects:  62% (2420/3902)        
2024-01-25T00:25:09.3961674Z remote: Compressing objects:  63% (2459/3902)        
2024-01-25T00:25:09.3963432Z remote: Compressing objects:  64% (2498/3902)        
2024-01-25T00:25:09.3965690Z remote: Compressing objects:  65% (2537/3902)        
2024-01-25T00:25:09.3966817Z remote: Compressing objects:  66% (2576/3902)        
2024-01-25T00:25:09.3968530Z remote: Compressing objects:  67% (2615/3902)        
2024-01-25T00:25:09.3969844Z remote: Compressing objects:  68% (2654/3902)        
2024-01-25T00:25:09.3970879Z remote: Compressing objects:  69% (2693/3902)        
2024-01-25T00:25:09.3973849Z remote: Compressing objects:  70% (2732/3902)        
2024-01-25T00:25:09.3974810Z remote: Compressing objects:  71% (2771/3902)        
2024-01-25T00:25:09.3975721Z remote: Compressing objects:  72% (2810/3902)        
2024-01-25T00:25:09.3976495Z remote: Compressing objects:  73% (2849/3902)        
2024-01-25T00:25:09.4091806Z remote: Compressing objects:  74% (2888/3902)        
2024-01-25T00:25:09.4092954Z remote: Compressing objects:  75% (2927/3902)        
2024-01-25T00:25:09.4094075Z remote: Compressing objects:  76% (2966/3902)        
2024-01-25T00:25:09.4095587Z remote: Compressing objects:  77% (3005/3902)        
2024-01-25T00:25:09.4096692Z remote: Compressing objects:  78% (3044/3902)        
2024-01-25T00:25:09.4098073Z remote: Compressing objects:  79% (3083/3902)        
2024-01-25T00:25:09.4099214Z remote: Compressing objects:  80% (3122/3902)        
2024-01-25T00:25:09.4100379Z remote: Compressing objects:  81% (3161/3902)        
2024-01-25T00:25:09.4101488Z remote: Compressing objects:  82% (3200/3902)        
2024-01-25T00:25:09.4102858Z remote: Compressing objects:  83% (3239/3902)        
2024-01-25T00:25:09.4103958Z remote: Compressing objects:  84% (3278/3902)        
2024-01-25T00:25:09.4105089Z remote: Compressing objects:  85% (3317/3902)        
2024-01-25T00:25:09.4106420Z remote: Compressing objects:  86% (3356/3902)        
2024-01-25T00:25:09.4107542Z remote: Compressing objects:  87% (3395/3902)        
2024-01-25T00:25:09.4108498Z remote: Compressing objects:  88% (3434/3902)        
2024-01-25T00:25:09.4109790Z remote: Compressing objects:  89% (3473/3902)        
2024-01-25T00:25:09.4110864Z remote: Compressing objects:  90% (3512/3902)        
2024-01-25T00:25:09.4112036Z remote: Compressing objects:  91% (3551/3902)        
2024-01-25T00:25:09.4113121Z remote: Compressing objects:  92% (3590/3902)        
2024-01-25T00:25:09.4114211Z remote: Compressing objects:  93% (3629/3902)        
2024-01-25T00:25:09.4115472Z remote: Compressing objects:  94% (3668/3902)        
2024-01-25T00:25:09.4116838Z remote: Compressing objects:  95% (3707/3902)        
2024-01-25T00:25:09.4117875Z remote: Compressing objects:  96% (3746/3902)        
2024-01-25T00:25:09.4119089Z remote: Compressing objects:  97% (3785/3902)        
2024-01-25T00:25:09.4120228Z remote: Compressing objects:  98% (3824/3902)        
2024-01-25T00:25:09.4121402Z remote: Compressing objects:  99% (3863/3902)        
2024-01-25T00:25:09.4122634Z remote: Compressing objects: 100% (3902/3902)        
2024-01-25T00:25:09.4123933Z remote: Compressing objects: 100% (3902/3902), done.        
2024-01-25T00:25:09.4522130Z Receiving objects:   0% (1/10159)
2024-01-25T00:25:09.4657858Z Receiving objects:   1% (102/10159)
2024-01-25T00:25:09.4695855Z Receiving objects:   2% (204/10159)
2024-01-25T00:25:09.4721184Z Receiving objects:   3% (305/10159)
2024-01-25T00:25:09.4848970Z Receiving objects:   4% (407/10159)
2024-01-25T00:25:09.4864474Z Receiving objects:   5% (508/10159)
2024-01-25T00:25:09.4878671Z Receiving objects:   6% (610/10159)
2024-01-25T00:25:09.4890848Z Receiving objects:   7% (712/10159)
2024-01-25T00:25:09.4909492Z Receiving objects:   8% (813/10159)
2024-01-25T00:25:09.4926515Z Receiving objects:   9% (915/10159)
2024-01-25T00:25:09.4943052Z Receiving objects:  10% (1016/10159)
2024-01-25T00:25:09.5036731Z Receiving objects:  11% (1118/10159)
2024-01-25T00:25:09.5039549Z Receiving objects:  12% (1220/10159)
2024-01-25T00:25:09.5042604Z Receiving objects:  13% (1321/10159)
2024-01-25T00:25:09.5151826Z Receiving objects:  14% (1423/10159)
2024-01-25T00:25:09.5235344Z Receiving objects:  15% (1524/10159)
2024-01-25T00:25:09.5324833Z Receiving objects:  16% (1626/10159)
2024-01-25T00:25:09.5398132Z Receiving objects:  17% (1728/10159)
2024-01-25T00:25:09.5470349Z Receiving objects:  18% (1829/10159)
2024-01-25T00:25:09.5549359Z Receiving objects:  19% (1931/10159)
2024-01-25T00:25:09.5645414Z Receiving objects:  20% (2032/10159)
2024-01-25T00:25:09.5729094Z Receiving objects:  21% (2134/10159)
2024-01-25T00:25:09.5811052Z Receiving objects:  22% (2235/10159)
2024-01-25T00:25:09.5898564Z Receiving objects:  23% (2337/10159)
2024-01-25T00:25:09.6010834Z Receiving objects:  24% (2439/10159)
2024-01-25T00:25:09.6093747Z Receiving objects:  25% (2540/10159)
2024-01-25T00:25:09.6197060Z Receiving objects:  26% (2642/10159)
2024-01-25T00:25:09.6287810Z Receiving objects:  27% (2743/10159)
2024-01-25T00:25:09.6366597Z Receiving objects:  28% (2845/10159)
2024-01-25T00:25:09.6457626Z Receiving objects:  29% (2947/10159)
2024-01-25T00:25:09.6558602Z Receiving objects:  30% (3048/10159)
2024-01-25T00:25:09.6713408Z Receiving objects:  31% (3150/10159)
2024-01-25T00:25:09.6836781Z Receiving objects:  32% (3251/10159)
2024-01-25T00:25:09.6926506Z Receiving objects:  33% (3353/10159)
2024-01-25T00:25:09.6968448Z Receiving objects:  34% (3455/10159)
2024-01-25T00:25:09.7010838Z Receiving objects:  35% (3556/10159)
2024-01-25T00:25:09.7061377Z Receiving objects:  36% (3658/10159)
2024-01-25T00:25:09.7108420Z Receiving objects:  37% (3759/10159)
2024-01-25T00:25:09.7155390Z Receiving objects:  38% (3861/10159)
2024-01-25T00:25:09.7287696Z Receiving objects:  39% (3963/10159)
2024-01-25T00:25:09.7436989Z Receiving objects:  40% (4064/10159)
2024-01-25T00:25:09.7577591Z Receiving objects:  41% (4166/10159)
2024-01-25T00:25:09.7734478Z Receiving objects:  42% (4267/10159)
2024-01-25T00:25:09.7850292Z Receiving objects:  43% (4369/10159)
2024-01-25T00:25:09.7964217Z Receiving objects:  44% (4470/10159)
2024-01-25T00:25:09.8093870Z Receiving objects:  45% (4572/10159)
2024-01-25T00:25:09.8249006Z Receiving objects:  46% (4674/10159)
2024-01-25T00:25:09.8386358Z Receiving objects:  47% (4775/10159)
2024-01-25T00:25:09.8486959Z Receiving objects:  48% (4877/10159)
2024-01-25T00:25:09.8601584Z Receiving objects:  49% (4978/10159)
2024-01-25T00:25:09.8708860Z Receiving objects:  50% (5080/10159)
2024-01-25T00:25:09.8864862Z Receiving objects:  51% (5182/10159)
2024-01-25T00:25:09.8985748Z Receiving objects:  52% (5283/10159)
2024-01-25T00:25:09.9132709Z Receiving objects:  53% (5385/10159)
2024-01-25T00:25:09.9273247Z Receiving objects:  54% (5486/10159), 22.37 MiB | 44.73 MiB/s
2024-01-25T00:25:09.9397194Z Receiving objects:  55% (5588/10159), 22.37 MiB | 44.73 MiB/s
2024-01-25T00:25:09.9514163Z Receiving objects:  56% (5690/10159), 22.37 MiB | 44.73 MiB/s
2024-01-25T00:25:09.9666045Z Receiving objects:  57% (5791/10159), 22.37 MiB | 44.73 MiB/s
2024-01-25T00:25:09.9823788Z Receiving objects:  58% (5893/10159), 22.37 MiB | 44.73 MiB/s
2024-01-25T00:25:09.9960715Z Receiving objects:  59% (5994/10159), 22.37 MiB | 44.73 MiB/s
2024-01-25T00:25:10.0072688Z Receiving objects:  60% (6096/10159), 22.37 MiB | 44.73 MiB/s
2024-01-25T00:25:10.0165745Z Receiving objects:  61% (6197/10159), 22.37 MiB | 44.73 MiB/s
2024-01-25T00:25:10.0284332Z Receiving objects:  62% (6299/10159), 22.37 MiB | 44.73 MiB/s
2024-01-25T00:25:10.0406053Z Receiving objects:  63% (6401/10159), 22.37 MiB | 44.73 MiB/s
2024-01-25T00:25:10.0540314Z Receiving objects:  64% (6502/10159), 22.37 MiB | 44.73 MiB/s
2024-01-25T00:25:10.0649261Z Receiving objects:  65% (6604/10159), 22.37 MiB | 44.73 MiB/s
2024-01-25T00:25:10.0804875Z Receiving objects:  66% (6705/10159), 22.37 MiB | 44.73 MiB/s
2024-01-25T00:25:10.0943247Z Receiving objects:  67% (6807/10159), 22.37 MiB | 44.73 MiB/s
2024-01-25T00:25:10.1032757Z Receiving objects:  68% (6909/10159), 22.37 MiB | 44.73 MiB/s
2024-01-25T00:25:10.1136188Z Receiving objects:  69% (7010/10159), 22.37 MiB | 44.73 MiB/s
2024-01-25T00:25:10.1249354Z Receiving objects:  70% (7112/10159), 22.37 MiB | 44.73 MiB/s
2024-01-25T00:25:10.1364019Z Receiving objects:  71% (7213/10159), 22.37 MiB | 44.73 MiB/s
2024-01-25T00:25:10.1478821Z Receiving objects:  72% (7315/10159), 22.37 MiB | 44.73 MiB/s
2024-01-25T00:25:10.1583757Z Receiving objects:  73% (7417/10159), 22.37 MiB | 44.73 MiB/s
2024-01-25T00:25:10.1698299Z Receiving objects:  74% (7518/10159), 22.37 MiB | 44.73 MiB/s
2024-01-25T00:25:10.1828817Z Receiving objects:  75% (7620/10159), 22.37 MiB | 44.73 MiB/s
2024-01-25T00:25:10.2029072Z Receiving objects:  76% (7721/10159), 22.37 MiB | 44.73 MiB/s
2024-01-25T00:25:10.2112830Z Receiving objects:  77% (7823/10159), 22.37 MiB | 44.73 MiB/s
2024-01-25T00:25:10.2217992Z Receiving objects:  78% (7925/10159), 22.37 MiB | 44.73 MiB/s
2024-01-25T00:25:10.2338779Z Receiving objects:  79% (8026/10159), 22.37 MiB | 44.73 MiB/s
2024-01-25T00:25:10.2441406Z Receiving objects:  80% (8128/10159), 22.37 MiB | 44.73 MiB/s
2024-01-25T00:25:10.2550525Z Receiving objects:  81% (8229/10159), 22.37 MiB | 44.73 MiB/s
2024-01-25T00:25:10.2632481Z Receiving objects:  82% (8331/10159), 22.37 MiB | 44.73 MiB/s
2024-01-25T00:25:10.2760209Z Receiving objects:  83% (8432/10159), 22.37 MiB | 44.73 MiB/s
2024-01-25T00:25:10.2843996Z Receiving objects:  84% (8534/10159), 22.37 MiB | 44.73 MiB/s
2024-01-25T00:25:10.2965268Z Receiving objects:  85% (8636/10159), 22.37 MiB | 44.73 MiB/s
2024-01-25T00:25:10.3072874Z Receiving objects:  86% (8737/10159), 22.37 MiB | 44.73 MiB/s
2024-01-25T00:25:10.3150274Z Receiving objects:  87% (8839/10159), 22.37 MiB | 44.73 MiB/s
2024-01-25T00:25:10.3245392Z Receiving objects:  88% (8940/10159), 22.37 MiB | 44.73 MiB/s
2024-01-25T00:25:10.3346766Z Receiving objects:  89% (9042/10159), 22.37 MiB | 44.73 MiB/s
2024-01-25T00:25:10.3360033Z Receiving objects:  90% (9144/10159), 22.37 MiB | 44.73 MiB/s
2024-01-25T00:25:10.3388018Z Receiving objects:  91% (9245/10159), 22.37 MiB | 44.73 MiB/s
2024-01-25T00:25:10.3391397Z Receiving objects:  92% (9347/10159), 22.37 MiB | 44.73 MiB/s
2024-01-25T00:25:10.3397518Z Receiving objects:  93% (9448/10159), 22.37 MiB | 44.73 MiB/s
2024-01-25T00:25:10.3405751Z Receiving objects:  94% (9550/10159), 22.37 MiB | 44.73 MiB/s
2024-01-25T00:25:10.3504473Z Receiving objects:  95% (9652/10159), 22.37 MiB | 44.73 MiB/s
2024-01-25T00:25:10.3689521Z Receiving objects:  96% (9753/10159), 22.37 MiB | 44.73 MiB/s
2024-01-25T00:25:10.4032640Z Receiving objects:  97% (9855/10159), 22.37 MiB | 44.73 MiB/s
2024-01-25T00:25:10.4071993Z Receiving objects:  98% (9956/10159), 22.37 MiB | 44.73 MiB/s
2024-01-25T00:25:10.4129714Z Receiving objects:  99% (10058/10159), 22.37 MiB | 44.73 MiB/s
2024-01-25T00:25:10.4266757Z Receiving objects:  99% (10098/10159), 48.71 MiB | 48.75 MiB/s
2024-01-25T00:25:10.4271630Z remote: Total 10159 (delta 5915), reused 9854 (delta 5853), pack-reused 0        
2024-01-25T00:25:10.4280695Z Receiving objects: 100% (10159/10159), 48.71 MiB | 48.75 MiB/s
2024-01-25T00:25:10.4281740Z Receiving objects: 100% (10159/10159), 49.56 MiB | 48.84 MiB/s, done.
2024-01-25T00:25:10.4337847Z Resolving deltas:   0% (0/5915)
2024-01-25T00:25:10.4436761Z Resolving deltas:   1% (60/5915)
2024-01-25T00:25:10.4533507Z Resolving deltas:   2% (119/5915)
2024-01-25T00:25:10.4615255Z Resolving deltas:   3% (178/5915)
2024-01-25T00:25:10.4701565Z Resolving deltas:   4% (237/5915)
2024-01-25T00:25:10.4754236Z Resolving deltas:   5% (296/5915)
2024-01-25T00:25:10.4785673Z Resolving deltas:   6% (355/5915)
2024-01-25T00:25:10.4792207Z Resolving deltas:   7% (415/5915)
2024-01-25T00:25:10.4797705Z Resolving deltas:   8% (474/5915)
2024-01-25T00:25:10.4803321Z Resolving deltas:   9% (533/5915)
2024-01-25T00:25:10.4808982Z Resolving deltas:  10% (592/5915)
2024-01-25T00:25:10.4816714Z Resolving deltas:  11% (651/5915)
2024-01-25T00:25:10.4822333Z Resolving deltas:  12% (710/5915)
2024-01-25T00:25:10.4831650Z Resolving deltas:  13% (769/5915)
2024-01-25T00:25:10.4964228Z Resolving deltas:  14% (829/5915)
2024-01-25T00:25:10.5129359Z Resolving deltas:  15% (888/5915)
2024-01-25T00:25:10.5204154Z Resolving deltas:  16% (947/5915)
2024-01-25T00:25:10.5394745Z Resolving deltas:  17% (1006/5915)
2024-01-25T00:25:10.5576551Z Resolving deltas:  18% (1065/5915)
2024-01-25T00:25:10.5768486Z Resolving deltas:  19% (1124/5915)
2024-01-25T00:25:10.5978038Z Resolving deltas:  20% (1183/5915)
2024-01-25T00:25:10.6097240Z Resolving deltas:  21% (1243/5915)
2024-01-25T00:25:10.6174057Z Resolving deltas:  22% (1302/5915)
2024-01-25T00:25:10.6185375Z Resolving deltas:  23% (1361/5915)
2024-01-25T00:25:10.6188475Z Resolving deltas:  24% (1420/5915)
2024-01-25T00:25:10.6197081Z Resolving deltas:  25% (1479/5915)
2024-01-25T00:25:10.6203386Z Resolving deltas:  26% (1538/5915)
2024-01-25T00:25:10.6216295Z Resolving deltas:  27% (1598/5915)
2024-01-25T00:25:10.6226024Z Resolving deltas:  28% (1657/5915)
2024-01-25T00:25:10.6235506Z Resolving deltas:  29% (1716/5915)
2024-01-25T00:25:10.6245917Z Resolving deltas:  30% (1775/5915)
2024-01-25T00:25:10.6266517Z Resolving deltas:  31% (1834/5915)
2024-01-25T00:25:10.6280072Z Resolving deltas:  32% (1893/5915)
2024-01-25T00:25:10.6283121Z Resolving deltas:  33% (1952/5915)
2024-01-25T00:25:10.6285620Z Resolving deltas:  34% (2012/5915)
2024-01-25T00:25:10.6288017Z Resolving deltas:  35% (2071/5915)
2024-01-25T00:25:10.6313724Z Resolving deltas:  36% (2130/5915)
2024-01-25T00:25:10.6328669Z Resolving deltas:  37% (2189/5915)
2024-01-25T00:25:10.6353345Z Resolving deltas:  38% (2248/5915)
2024-01-25T00:25:10.6382692Z Resolving deltas:  39% (2307/5915)
2024-01-25T00:25:10.6415541Z Resolving deltas:  40% (2366/5915)
2024-01-25T00:25:10.6421862Z Resolving deltas:  41% (2426/5915)
2024-01-25T00:25:10.6428978Z Resolving deltas:  42% (2485/5915)
2024-01-25T00:25:10.6438198Z Resolving deltas:  43% (2544/5915)
2024-01-25T00:25:10.6610945Z Resolving deltas:  44% (2603/5915)
2024-01-25T00:25:10.6767651Z Resolving deltas:  45% (2662/5915)
2024-01-25T00:25:10.6850854Z Resolving deltas:  46% (2721/5915)
2024-01-25T00:25:10.7075259Z Resolving deltas:  47% (2781/5915)
2024-01-25T00:25:10.7282664Z Resolving deltas:  48% (2840/5915)
2024-01-25T00:25:10.7529329Z Resolving deltas:  49% (2899/5915)
2024-01-25T00:25:10.7699994Z Resolving deltas:  50% (2958/5915)
2024-01-25T00:25:10.7847792Z Resolving deltas:  51% (3017/5915)
2024-01-25T00:25:10.8019648Z Resolving deltas:  52% (3076/5915)
2024-01-25T00:25:10.8137200Z Resolving deltas:  53% (3135/5915)
2024-01-25T00:25:10.8354555Z Resolving deltas:  54% (3195/5915)
2024-01-25T00:25:10.8492139Z Resolving deltas:  55% (3254/5915)
2024-01-25T00:25:10.8611870Z Resolving deltas:  56% (3313/5915)
2024-01-25T00:25:10.8707991Z Resolving deltas:  57% (3372/5915)
2024-01-25T00:25:10.8856813Z Resolving deltas:  58% (3431/5915)
2024-01-25T00:25:10.8943821Z Resolving deltas:  59% (3490/5915)
2024-01-25T00:25:10.8992600Z Resolving deltas:  60% (3549/5915)
2024-01-25T00:25:10.9004418Z Resolving deltas:  61% (3609/5915)
2024-01-25T00:25:10.9049132Z Resolving deltas:  62% (3669/5915)
2024-01-25T00:25:10.9218454Z Resolving deltas:  63% (3727/5915)
2024-01-25T00:25:10.9396366Z Resolving deltas:  64% (3786/5915)
2024-01-25T00:25:10.9532670Z Resolving deltas:  65% (3845/5915)
2024-01-25T00:25:10.9625170Z Resolving deltas:  66% (3904/5915)
2024-01-25T00:25:10.9651658Z Resolving deltas:  67% (3964/5915)
2024-01-25T00:25:10.9688490Z Resolving deltas:  68% (4023/5915)
2024-01-25T00:25:10.9727047Z Resolving deltas:  69% (4082/5915)
2024-01-25T00:25:10.9730637Z Resolving deltas:  70% (4141/5915)
2024-01-25T00:25:10.9732515Z Resolving deltas:  71% (4200/5915)
2024-01-25T00:25:10.9739408Z Resolving deltas:  72% (4259/5915)
2024-01-25T00:25:10.9742835Z Resolving deltas:  73% (4319/5915)
2024-01-25T00:25:10.9745516Z Resolving deltas:  74% (4379/5915)
2024-01-25T00:25:10.9753203Z Resolving deltas:  75% (4438/5915)
2024-01-25T00:25:10.9760233Z Resolving deltas:  76% (4496/5915)
2024-01-25T00:25:10.9768402Z Resolving deltas:  77% (4555/5915)
2024-01-25T00:25:10.9786649Z Resolving deltas:  78% (4614/5915)
2024-01-25T00:25:10.9800908Z Resolving deltas:  79% (4673/5915)
2024-01-25T00:25:10.9811246Z Resolving deltas:  80% (4732/5915)
2024-01-25T00:25:10.9820389Z Resolving deltas:  81% (4792/5915)
2024-01-25T00:25:10.9827771Z Resolving deltas:  82% (4851/5915)
2024-01-25T00:25:10.9835890Z Resolving deltas:  83% (4910/5915)
2024-01-25T00:25:10.9851031Z Resolving deltas:  84% (4969/5915)
2024-01-25T00:25:10.9858541Z Resolving deltas:  85% (5028/5915)
2024-01-25T00:25:10.9886163Z Resolving deltas:  86% (5087/5915)
2024-01-25T00:25:10.9940673Z Resolving deltas:  87% (5147/5915)
2024-01-25T00:25:10.9984762Z Resolving deltas:  88% (5206/5915)
2024-01-25T00:25:11.0030065Z Resolving deltas:  89% (5265/5915)
2024-01-25T00:25:11.0070566Z Resolving deltas:  90% (5324/5915)
2024-01-25T00:25:11.0105702Z Resolving deltas:  91% (5383/5915)
2024-01-25T00:25:11.0145596Z Resolving deltas:  92% (5442/5915)
2024-01-25T00:25:11.0191862Z Resolving deltas:  93% (5501/5915)
2024-01-25T00:25:11.0245384Z Resolving deltas:  94% (5561/5915)
2024-01-25T00:25:11.0318201Z Resolving deltas:  95% (5620/5915)
2024-01-25T00:25:11.0411888Z Resolving deltas:  96% (5679/5915)
2024-01-25T00:25:11.0467670Z Resolving deltas:  97% (5738/5915)
2024-01-25T00:25:11.0573186Z Resolving deltas:  98% (5797/5915)
2024-01-25T00:25:11.0653815Z Resolving deltas:  99% (5856/5915)
2024-01-25T00:25:11.0659172Z Resolving deltas: 100% (5915/5915)
2024-01-25T00:25:11.0659888Z Resolving deltas: 100% (5915/5915), done.
2024-01-25T00:25:11.1333102Z From https://github.com/seanpm2001/GitHub_Stats_A
2024-01-25T00:25:11.1334367Z  * [new ref]         47a2925f24cd84b2210b2efca180b499a4a218df -> origin/master
2024-01-25T00:25:11.1360975Z ##[endgroup]
2024-01-25T00:25:11.1362224Z ##[group]Determining the checkout info
2024-01-25T00:25:11.1363724Z ##[endgroup]
2024-01-25T00:25:11.1364603Z ##[group]Checking out the ref
2024-01-25T00:25:11.1367704Z [command]/usr/bin/git checkout --progress --force -B master refs/remotes/origin/master
2024-01-25T00:25:12.1597326Z Updating files:  63% (6729/10595)
2024-01-25T00:25:12.1756662Z Updating files:  64% (6781/10595)
2024-01-25T00:25:12.1948210Z Updating files:  65% (6887/10595)
2024-01-25T00:25:12.2164521Z Updating files:  66% (6993/10595)
2024-01-25T00:25:12.2284253Z Updating files:  67% (7099/10595)
2024-01-25T00:25:12.2474647Z Updating files:  68% (7205/10595)
2024-01-25T00:25:12.2624072Z Updating files:  69% (7311/10595)
2024-01-25T00:25:12.2774099Z Updating files:  70% (7417/10595)
2024-01-25T00:25:12.2908703Z Updating files:  71% (7523/10595)
2024-01-25T00:25:12.3064545Z Updating files:  72% (7629/10595)
2024-01-25T00:25:12.3230430Z Updating files:  73% (7735/10595)
2024-01-25T00:25:12.3374891Z Updating files:  74% (7841/10595)
2024-01-25T00:25:12.3501706Z Updating files:  75% (7947/10595)
2024-01-25T00:25:12.3644383Z Updating files:  76% (8053/10595)
2024-01-25T00:25:12.3770863Z Updating files:  77% (8159/10595)
2024-01-25T00:25:12.3861094Z Updating files:  78% (8265/10595)
2024-01-25T00:25:12.4066194Z Updating files:  79% (8371/10595)
2024-01-25T00:25:12.4112912Z Updating files:  80% (8476/10595)
2024-01-25T00:25:12.4290070Z Updating files:  81% (8582/10595)
2024-01-25T00:25:12.4474951Z Updating files:  82% (8688/10595)
2024-01-25T00:25:12.4548831Z Updating files:  83% (8794/10595)
2024-01-25T00:25:12.4590326Z Updating files:  84% (8900/10595)
2024-01-25T00:25:12.4672301Z Updating files:  85% (9006/10595)
2024-01-25T00:25:12.4760733Z Updating files:  86% (9112/10595)
2024-01-25T00:25:12.4876811Z Updating files:  87% (9218/10595)
2024-01-25T00:25:12.4988395Z Updating files:  88% (9324/10595)
2024-01-25T00:25:12.5136363Z Updating files:  89% (9430/10595)
2024-01-25T00:25:12.5300175Z Updating files:  90% (9536/10595)
2024-01-25T00:25:12.5462680Z Updating files:  91% (9642/10595)
2024-01-25T00:25:12.5704717Z Updating files:  92% (9748/10595)
2024-01-25T00:25:12.5892610Z Updating files:  93% (9854/10595)
2024-01-25T00:25:12.6080623Z Updating files:  94% (9960/10595)
2024-01-25T00:25:12.6200837Z Updating files:  95% (10066/10595)
2024-01-25T00:25:12.6309287Z Updating files:  96% (10172/10595)
2024-01-25T00:25:12.6454830Z Updating files:  97% (10278/10595)
2024-01-25T00:25:12.6596712Z Updating files:  98% (10384/10595)
2024-01-25T00:25:12.6758473Z Updating files:  99% (10490/10595)
2024-01-25T00:25:12.6759377Z Updating files: 100% (10595/10595)
2024-01-25T00:25:12.6760148Z Updating files: 100% (10595/10595), done.
2024-01-25T00:25:12.6890699Z Reset branch 'master'
2024-01-25T00:25:12.6891637Z branch 'master' set up to track 'origin/master'.
2024-01-25T00:25:12.6997685Z ##[endgroup]
2024-01-25T00:25:12.7044658Z [command]/usr/bin/git log -1 --format='%H'
2024-01-25T00:25:12.7078325Z '47a2925f24cd84b2210b2efca180b499a4a218df'
2024-01-25T00:25:12.7407382Z ##[group]Run actions/setup-python@v4
2024-01-25T00:25:12.7407858Z with:
2024-01-25T00:25:12.7408241Z   python-version: 3.8
2024-01-25T00:25:12.7408619Z   architecture: x64
2024-01-25T00:25:12.7408975Z   cache: pip
2024-01-25T00:25:12.7409374Z   check-latest: false
2024-01-25T00:25:12.7409877Z   token: ***
2024-01-25T00:25:12.7410212Z   update-environment: true
2024-01-25T00:25:12.7410663Z   allow-prereleases: false
2024-01-25T00:25:12.7411287Z ##[endgroup]
2024-01-25T00:25:12.8768984Z ##[group]Installed versions
2024-01-25T00:25:12.8844104Z Successfully set up CPython (3.8.18)
2024-01-25T00:25:12.8845345Z ##[endgroup]
2024-01-25T00:25:13.8675174Z [command]/opt/hostedtoolcache/Python/3.8.18/x64/bin/pip cache dir
2024-01-25T00:25:14.2231504Z /home/runner/.cache/pip
2024-01-25T00:25:14.7858733Z Received 6245959 of 6245959 (100.0%), 20.8 MBs/sec
2024-01-25T00:25:14.7859759Z Cache Size: ~6 MB (6245959 B)
2024-01-25T00:25:14.7887566Z [command]/usr/bin/tar -xf /home/runner/work/_temp/041dbed1-8a11-4962-889b-312794a0d9d3/cache.tzst -P -C /home/runner/work/GitHub_Stats_A/GitHub_Stats_A --use-compress-program unzstd
2024-01-25T00:25:14.8165771Z Cache restored successfully
2024-01-25T00:25:14.8186259Z Cache restored from key: setup-python-Linux-22.04-Ubuntu-python-3.8.18-pip-60f2a6c0212a9b74a155cd81b58dd07fd8b180833132566260d95f4de42fe218
2024-01-25T00:25:14.8378809Z ##[group]Run python3 -m pip install --upgrade pip setuptools wheel
2024-01-25T00:25:14.8379773Z [36;1mpython3 -m pip install --upgrade pip setuptools wheel[0m
2024-01-25T00:25:14.8380627Z [36;1mpython3 -m pip install -r requirements.txt[0m
2024-01-25T00:25:14.8454279Z shell: /usr/bin/bash -e {0}
2024-01-25T00:25:14.8454700Z env:
2024-01-25T00:25:14.8455191Z   pythonLocation: /opt/hostedtoolcache/Python/3.8.18/x64
2024-01-25T00:25:14.8455860Z   PKG_CONFIG_PATH: /opt/hostedtoolcache/Python/3.8.18/x64/lib/pkgconfig
2024-01-25T00:25:14.8456525Z   Python_ROOT_DIR: /opt/hostedtoolcache/Python/3.8.18/x64
2024-01-25T00:25:14.8457190Z   Python2_ROOT_DIR: /opt/hostedtoolcache/Python/3.8.18/x64
2024-01-25T00:25:14.8458080Z   Python3_ROOT_DIR: /opt/hostedtoolcache/Python/3.8.18/x64
2024-01-25T00:25:14.8458777Z   LD_LIBRARY_PATH: /opt/hostedtoolcache/Python/3.8.18/x64/lib
2024-01-25T00:25:14.8459289Z ##[endgroup]
2024-01-25T00:25:15.3298462Z Requirement already satisfied: pip in /opt/hostedtoolcache/Python/3.8.18/x64/lib/python3.8/site-packages (23.0.1)
2024-01-25T00:25:15.4904040Z Collecting pip
2024-01-25T00:25:15.5726267Z   Downloading pip-23.3.2-py3-none-any.whl.metadata (3.5 kB)
2024-01-25T00:25:15.5756164Z Requirement already satisfied: setuptools in /opt/hostedtoolcache/Python/3.8.18/x64/lib/python3.8/site-packages (56.0.0)
2024-01-25T00:25:15.8019499Z Collecting setuptools
2024-01-25T00:25:15.8169711Z   Downloading setuptools-69.0.3-py3-none-any.whl.metadata (6.3 kB)
2024-01-25T00:25:15.8564265Z Collecting wheel
2024-01-25T00:25:15.8709914Z   Downloading wheel-0.42.0-py3-none-any.whl.metadata (2.2 kB)
2024-01-25T00:25:15.9310732Z Downloading pip-23.3.2-py3-none-any.whl (2.1 MB)
2024-01-25T00:25:16.0090986Z    â”â”â”â”â”â”â”â”â”â”â”â”â”â”â”â”â”â”â”â”â”â”â”â”â”â”â”â”â”â”â”â”â”â”â”â”â”â”â”â” 2.1/2.1 MB 28.7 MB/s eta 0:00:00
2024-01-25T00:25:16.0234232Z Downloading setuptools-69.0.3-py3-none-any.whl (819 kB)
2024-01-25T00:25:16.0343827Z    â”â”â”â”â”â”â”â”â”â”â”â”â”â”â”â”â”â”â”â”â”â”â”â”â”â”â”â”â”â”â”â”â”â”â”â”â”â”â”â” 819.5/819.5 kB 91.9 MB/s eta 0:00:00
2024-01-25T00:25:16.0487630Z Downloading wheel-0.42.0-py3-none-any.whl (65 kB)
2024-01-25T00:25:16.0535719Z    â”â”â”â”â”â”â”â”â”â”â”â”â”â”â”â”â”â”â”â”â”â”â”â”â”â”â”â”â”â”â”â”â”â”â”â”â”â”â”â” 65.4/65.4 kB 20.8 MB/s eta 0:00:00
2024-01-25T00:25:16.1340274Z Installing collected packages: wheel, setuptools, pip
2024-01-25T00:25:16.1725666Z   Attempting uninstall: setuptools
2024-01-25T00:25:16.1732617Z     Found existing installation: setuptools 56.0.0
2024-01-25T00:25:16.1993053Z     Uninstalling setuptools-56.0.0:
2024-01-25T00:25:16.2091524Z       Successfully uninstalled setuptools-56.0.0
2024-01-25T00:25:16.5836354Z   Attempting uninstall: pip
2024-01-25T00:25:16.5842916Z     Found existing installation: pip 23.0.1
2024-01-25T00:25:16.6327653Z     Uninstalling pip-23.0.1:
2024-01-25T00:25:16.6963587Z       Successfully uninstalled pip-23.0.1
2024-01-25T00:25:17.6181399Z Successfully installed pip-23.3.2 setuptools-69.0.3 wheel-0.42.0
2024-01-25T00:25:18.3094717Z Collecting requests (from -r requirements.txt (line 1))
2024-01-25T00:25:18.4023032Z   Downloading requests-2.31.0-py3-none-any.whl.metadata (4.6 kB)
2024-01-25T00:25:18.6596599Z Collecting aiohttp (from -r requirements.txt (line 2))
2024-01-25T00:25:18.6796120Z   Downloading aiohttp-3.9.1-cp38-cp38-manylinux_2_17_x86_64.manylinux2014_x86_64.whl.metadata (7.4 kB)
2024-01-25T00:25:18.7729251Z Collecting charset-normalizer<4,>=2 (from requests->-r requirements.txt (line 1))
2024-01-25T00:25:18.7927541Z   Downloading charset_normalizer-3.3.2-cp38-cp38-manylinux_2_17_x86_64.manylinux2014_x86_64.whl.metadata (33 kB)
2024-01-25T00:25:18.8251336Z Collecting idna<4,>=2.5 (from requests->-r requirements.txt (line 1))
2024-01-25T00:25:18.8446802Z   Downloading idna-3.6-py3-none-any.whl.metadata (9.9 kB)
2024-01-25T00:25:18.8954718Z Collecting urllib3<3,>=1.21.1 (from requests->-r requirements.txt (line 1))
2024-01-25T00:25:18.9151623Z   Downloading urllib3-2.1.0-py3-none-any.whl.metadata (6.4 kB)
2024-01-25T00:25:18.9464125Z Collecting certifi>=2017.4.17 (from requests->-r requirements.txt (line 1))
2024-01-25T00:25:18.9661083Z   Downloading certifi-2023.11.17-py3-none-any.whl.metadata (2.2 kB)
2024-01-25T00:25:19.0021578Z Collecting attrs>=17.3.0 (from aiohttp->-r requirements.txt (line 2))
2024-01-25T00:25:19.0219582Z   Downloading attrs-23.2.0-py3-none-any.whl.metadata (9.5 kB)
2024-01-25T00:25:19.2200335Z Collecting multidict<7.0,>=4.5 (from aiohttp->-r requirements.txt (line 2))
2024-01-25T00:25:19.2401825Z   Downloading multidict-6.0.4-cp38-cp38-manylinux_2_17_x86_64.manylinux2014_x86_64.whl (121 kB)
2024-01-25T00:25:19.2665294Z      â”â”â”â”â”â”â”â”â”â”â”â”â”â”â”â”â”â”â”â”â”â”â”â”â”â”â”â”â”â”â”â”â”â”â”â”â”â”â” 121.3/121.3 kB 4.8 MB/s eta 0:00:00
2024-01-25T00:25:19.4000271Z Collecting yarl<2.0,>=1.0 (from aiohttp->-r requirements.txt (line 2))
2024-01-25T00:25:19.4197008Z   Downloading yarl-1.9.4-cp38-cp38-manylinux_2_17_x86_64.manylinux2014_x86_64.whl.metadata (31 kB)
2024-01-25T00:25:19.4991218Z Collecting frozenlist>=1.1.1 (from aiohttp->-r requirements.txt (line 2))
2024-01-25T00:25:19.5190290Z   Downloading frozenlist-1.4.1-cp38-cp38-manylinux_2_5_x86_64.manylinux1_x86_64.manylinux_2_17_x86_64.manylinux2014_x86_64.whl.metadata (12 kB)
2024-01-25T00:25:19.5402435Z Collecting aiosignal>=1.1.2 (from aiohttp->-r requirements.txt (line 2))
2024-01-25T00:25:19.5598701Z   Downloading aiosignal-1.3.1-py3-none-any.whl (7.6 kB)
2024-01-25T00:25:19.5851556Z Collecting async-timeout<5.0,>=4.0 (from aiohttp->-r requirements.txt (line 2))
2024-01-25T00:25:19.6047566Z   Downloading async_timeout-4.0.3-py3-none-any.whl.metadata (4.2 kB)
2024-01-25T00:25:19.6847229Z Downloading requests-2.31.0-py3-none-any.whl (62 kB)
2024-01-25T00:25:19.6898306Z    â”â”â”â”â”â”â”â”â”â”â”â”â”â”â”â”â”â”â”â”â”â”â”â”â”â”â”â”â”â”â”â”â”â”â”â”â”â”â”â” 62.6/62.6 kB 17.6 MB/s eta 0:00:00
2024-01-25T00:25:19.7094487Z Downloading aiohttp-3.9.1-cp38-cp38-manylinux_2_17_x86_64.manylinux2014_x86_64.whl (1.3 MB)
2024-01-25T00:25:19.7671965Z    â”â”â”â”â”â”â”â”â”â”â”â”â”â”â”â”â”â”â”â”â”â”â”â”â”â”â”â”â”â”â”â”â”â”â”â”â”â”â”â” 1.3/1.3 MB 22.4 MB/s eta 0:00:00
2024-01-25T00:25:19.7870894Z Downloading async_timeout-4.0.3-py3-none-any.whl (5.7 kB)
2024-01-25T00:25:19.8094902Z Downloading attrs-23.2.0-py3-none-any.whl (60 kB)
2024-01-25T00:25:19.8141019Z    â”â”â”â”â”â”â”â”â”â”â”â”â”â”â”â”â”â”â”â”â”â”â”â”â”â”â”â”â”â”â”â”â”â”â”â”â”â”â”â” 60.8/60.8 kB 20.4 MB/s eta 0:00:00
2024-01-25T00:25:19.8341680Z Downloading certifi-2023.11.17-py3-none-any.whl (162 kB)
2024-01-25T00:25:19.8394423Z    â”â”â”â”â”â”â”â”â”â”â”â”â”â”â”â”â”â”â”â”â”â”â”â”â”â”â”â”â”â”â”â”â”â”â”â”â”â”â”â” 162.5/162.5 kB 46.6 MB/s eta 0:00:00
2024-01-25T00:25:19.8590418Z Downloading charset_normalizer-3.3.2-cp38-cp38-manylinux_2_17_x86_64.manylinux2014_x86_64.whl (141 kB)
2024-01-25T00:25:19.8642391Z    â”â”â”â”â”â”â”â”â”â”â”â”â”â”â”â”â”â”â”â”â”â”â”â”â”â”â”â”â”â”â”â”â”â”â”â”â”â”â”â” 141.1/141.1 kB 40.9 MB/s eta 0:00:00
2024-01-25T00:25:19.8846160Z Downloading frozenlist-1.4.1-cp38-cp38-manylinux_2_5_x86_64.manylinux1_x86_64.manylinux_2_17_x86_64.manylinux2014_x86_64.whl (240 kB)
2024-01-25T00:25:19.8907849Z    â”â”â”â”â”â”â”â”â”â”â”â”â”â”â”â”â”â”â”â”â”â”â”â”â”â”â”â”â”â”â”â”â”â”â”â”â”â”â”â” 240.9/240.9 kB 56.0 MB/s eta 0:00:00
2024-01-25T00:25:19.9108561Z Downloading idna-3.6-py3-none-any.whl (61 kB)
2024-01-25T00:25:19.9155327Z    â”â”â”â”â”â”â”â”â”â”â”â”â”â”â”â”â”â”â”â”â”â”â”â”â”â”â”â”â”â”â”â”â”â”â”â”â”â”â”â” 61.6/61.6 kB 20.4 MB/s eta 0:00:00
2024-01-25T00:25:19.9353232Z Downloading urllib3-2.1.0-py3-none-any.whl (104 kB)
2024-01-25T00:25:19.9403191Z    â”â”â”â”â”â”â”â”â”â”â”â”â”â”â”â”â”â”â”â”â”â”â”â”â”â”â”â”â”â”â”â”â”â”â”â”â”â”â”â” 104.6/104.6 kB 31.6 MB/s eta 0:00:00
2024-01-25T00:25:19.9598094Z Downloading yarl-1.9.4-cp38-cp38-manylinux_2_17_x86_64.manylinux2014_x86_64.whl (308 kB)
2024-01-25T00:25:19.9664138Z    â”â”â”â”â”â”â”â”â”â”â”â”â”â”â”â”â”â”â”â”â”â”â”â”â”â”â”â”â”â”â”â”â”â”â”â”â”â”â”â” 308.8/308.8 kB 66.4 MB/s eta 0:00:00
2024-01-25T00:25:20.0651110Z Installing collected packages: urllib3, multidict, idna, frozenlist, charset-normalizer, certifi, attrs, async-timeout, yarl, requests, aiosignal, aiohttp
2024-01-25T00:25:20.4526185Z Successfully installed aiohttp-3.9.1 aiosignal-1.3.1 async-timeout-4.0.3 attrs-23.2.0 certifi-2023.11.17 charset-normalizer-3.3.2 frozenlist-1.4.1 idna-3.6 multidict-6.0.4 requests-2.31.0 urllib3-2.1.0 yarl-1.9.4
2024-01-25T00:25:20.6010948Z ##[group]Run python3 --version
2024-01-25T00:25:20.6011525Z [36;1mpython3 --version[0m
2024-01-25T00:25:20.6011907Z [36;1mpython3 generate_images.py[0m
2024-01-25T00:25:20.6069954Z shell: /usr/bin/bash -e {0}
2024-01-25T00:25:20.6070385Z env:
2024-01-25T00:25:20.6070887Z   pythonLocation: /opt/hostedtoolcache/Python/3.8.18/x64
2024-01-25T00:25:20.6071573Z   PKG_CONFIG_PATH: /opt/hostedtoolcache/Python/3.8.18/x64/lib/pkgconfig
2024-01-25T00:25:20.6072205Z   Python_ROOT_DIR: /opt/hostedtoolcache/Python/3.8.18/x64
2024-01-25T00:25:20.6072874Z   Python2_ROOT_DIR: /opt/hostedtoolcache/Python/3.8.18/x64
2024-01-25T00:25:20.6073491Z   Python3_ROOT_DIR: /opt/hostedtoolcache/Python/3.8.18/x64
2024-01-25T00:25:20.6074163Z   LD_LIBRARY_PATH: /opt/hostedtoolcache/Python/3.8.18/x64/lib
2024-01-25T00:25:20.6074944Z   ACCESS_TOKEN: ***
2024-01-25T00:25:20.6075420Z   GITHUB_TOKEN: ***
2024-01-25T00:25:20.6075830Z   EXCLUDED: 
2024-01-25T00:25:20.6076164Z   EXCLUDED_LANGS: 
2024-01-25T00:25:20.6076646Z   EXCLUDE_FORKED_REPOS: true
2024-01-25T00:25:20.6077047Z ##[endgroup]
2024-01-25T00:25:20.6170985Z Python 3.8.18
2024-01-25T00:33:14.2866806Z A path returned 202. Retrying...
2024-01-25T00:33:14.2867819Z A path returned 202. Retrying...
2024-01-25T00:33:14.2868426Z A path returned 202. Retrying...
2024-01-25T00:33:14.2869118Z A path returned 202. Retrying...
2024-01-25T00:33:14.2869538Z A path returned 202. Retrying...
2024-01-25T00:33:14.2869968Z A path returned 202. Retrying...
2024-01-25T00:33:14.2870457Z A path returned 202. Retrying...
2024-01-25T00:33:14.2870889Z A path returned 202. Retrying...
2024-01-25T00:33:14.2871301Z A path returned 202. Retrying...
2024-01-25T00:33:14.2871803Z A path returned 202. Retrying...
2024-01-25T00:33:14.2872232Z A path returned 202. Retrying...
2024-01-25T00:33:14.2872640Z A path returned 202. Retrying...
2024-01-25T00:33:14.2873120Z A path returned 202. Retrying...
2024-01-25T00:33:14.2873542Z A path returned 202. Retrying...
2024-01-25T00:33:14.2874023Z A path returned 202. Retrying...
2024-01-25T00:33:14.2874442Z A path returned 202. Retrying...
2024-01-25T00:33:14.2874805Z A path returned 202. Retrying...
2024-01-25T00:33:14.2875281Z A path returned 202. Retrying...
2024-01-25T00:33:14.2876051Z aiohttp failed for rest query
2024-01-25T00:33:14.2876463Z aiohttp failed for rest query
2024-01-25T00:33:14.2877027Z aiohttp failed for rest query
2024-01-25T00:33:14.2877434Z aiohttp failed for rest query
2024-01-25T00:33:14.2877844Z aiohttp failed for rest query
2024-01-25T00:33:14.2878295Z aiohttp failed for rest query
2024-01-25T00:33:14.2878690Z aiohttp failed for rest query
2024-01-25T00:33:14.2879102Z aiohttp failed for rest query
2024-01-25T00:33:14.2879557Z aiohttp failed for rest query
2024-01-25T00:33:14.2879945Z aiohttp failed for rest query
2024-01-25T00:33:14.2880434Z aiohttp failed for rest query
2024-01-25T00:33:14.2880782Z aiohttp failed for rest query
2024-01-25T00:33:14.2881164Z aiohttp failed for rest query
2024-01-25T00:33:14.2881695Z aiohttp failed for rest query
2024-01-25T00:33:14.2882078Z aiohttp failed for rest query
2024-01-25T00:33:14.2882480Z aiohttp failed for rest query
2024-01-25T00:33:14.2882930Z aiohttp failed for rest query
2024-01-25T00:33:14.2883313Z aiohttp failed for rest query
2024-01-25T00:33:14.2883680Z aiohttp failed for rest query
2024-01-25T00:33:14.2884131Z aiohttp failed for rest query
2024-01-25T00:33:14.2884513Z aiohttp failed for rest query
2024-01-25T00:33:14.2884909Z aiohttp failed for rest query
2024-01-25T00:33:14.2885361Z aiohttp failed for rest query
2024-01-25T00:33:14.2885763Z aiohttp failed for rest query
2024-01-25T00:33:14.2886272Z aiohttp failed for rest query
2024-01-25T00:33:14.2886618Z aiohttp failed for rest query
2024-01-25T00:33:14.2887021Z aiohttp failed for rest query
2024-01-25T00:33:14.2887470Z aiohttp failed for rest query
2024-01-25T00:33:14.2887867Z aiohttp failed for rest query
2024-01-25T00:33:14.2888248Z aiohttp failed for rest query
2024-01-25T00:33:14.2888701Z aiohttp failed for rest query
2024-01-25T00:33:14.2889339Z aiohttp failed for rest query
2024-01-25T00:33:14.2889708Z aiohttp failed for rest query
2024-01-25T00:33:14.2890191Z aiohttp failed for rest query
2024-01-25T00:33:14.2890632Z aiohttp failed for rest query
2024-01-25T00:33:14.2891019Z aiohttp failed for rest query
2024-01-25T00:33:14.2891491Z aiohttp failed for rest query
2024-01-25T00:33:14.2891876Z aiohttp failed for rest query
2024-01-25T00:33:14.2892343Z aiohttp failed for rest query
2024-01-25T00:33:14.2892693Z aiohttp failed for rest query
2024-01-25T00:33:14.2893071Z aiohttp failed for rest query
2024-01-25T00:33:14.2893532Z aiohttp failed for rest query
2024-01-25T00:33:14.2893916Z aiohttp failed for rest query
2024-01-25T00:33:14.2894295Z aiohttp failed for rest query
2024-01-25T00:33:14.2894760Z aiohttp failed for rest query
2024-01-25T00:33:14.2895206Z aiohttp failed for rest query
2024-01-25T00:33:14.2895551Z aiohttp failed for rest query
2024-01-25T00:33:14.2896021Z aiohttp failed for rest query
2024-01-25T00:33:14.2896409Z aiohttp failed for rest query
2024-01-25T00:33:14.2896808Z aiohttp failed for rest query
2024-01-25T00:33:14.2897261Z aiohttp failed for rest query
2024-01-25T00:33:14.2897965Z aiohttp failed for rest query
2024-01-25T00:33:14.2898455Z aiohttp failed for rest query
2024-01-25T00:33:14.2898808Z aiohttp failed for rest query
2024-01-25T00:33:14.2899210Z aiohttp failed for rest query
2024-01-25T00:33:14.2899802Z There were too many 202s. Data for this repository will be incomplete.
2024-01-25T00:33:14.2900455Z A path returned 202. Retrying...
2024-01-25T00:33:14.2900902Z A path returned 202. Retrying...
2024-01-25T00:33:14.2901377Z A path returned 202. Retrying...
2024-01-25T00:33:14.2901802Z A path returned 202. Retrying...
2024-01-25T00:33:14.2902168Z A path returned 202. Retrying...
2024-01-25T00:33:14.2902630Z A path returned 202. Retrying...
2024-01-25T00:33:14.2903052Z A path returned 202. Retrying...
2024-01-25T00:33:14.2903449Z A path returned 202. Retrying...
2024-01-25T00:33:14.2903922Z A path returned 202. Retrying...
2024-01-25T00:33:14.2904337Z A path returned 202. Retrying...
2024-01-25T00:33:14.2904794Z A path returned 202. Retrying...
2024-01-25T00:33:14.2905156Z A path returned 202. Retrying...
2024-01-25T00:33:14.2905814Z A path returned 202. Retrying...
2024-01-25T00:33:14.2906294Z A path returned 202. Retrying...
2024-01-25T00:33:14.2906708Z A path returned 202. Retrying...
2024-01-25T00:33:14.2907102Z A path returned 202. Retrying...
2024-01-25T00:33:14.2907572Z A path returned 202. Retrying...
2024-01-25T00:33:14.2907962Z A path returned 202. Retrying...
2024-01-25T00:33:14.2908316Z A path returned 202. Retrying...
2024-01-25T00:33:14.2908793Z A path returned 202. Retrying...
2024-01-25T00:33:14.2909195Z A path returned 202. Retrying...
2024-01-25T00:33:14.2909591Z A path returned 202. Retrying...
2024-01-25T00:33:14.2910129Z A path returned 202. Retrying...
2024-01-25T00:33:14.2910522Z A path returned 202. Retrying...
2024-01-25T00:33:14.2910994Z A path returned 202. Retrying...
2024-01-25T00:33:14.2911361Z A path returned 202. Retrying...
2024-01-25T00:33:14.2911758Z A path returned 202. Retrying...
2024-01-25T00:33:14.2912224Z A path returned 202. Retrying...
2024-01-25T00:33:14.2912617Z A path returned 202. Retrying...
2024-01-25T00:33:14.2913027Z A path returned 202. Retrying...
2024-01-25T00:33:14.2913478Z A path returned 202. Retrying...
2024-01-25T00:33:14.2913867Z A path returned 202. Retrying...
2024-01-25T00:33:14.2914240Z A path returned 202. Retrying...
2024-01-25T00:33:14.2914716Z A path returned 202. Retrying...
2024-01-25T00:33:14.2915104Z A path returned 202. Retrying...
2024-01-25T00:33:14.2915505Z A path returned 202. Retrying...
2024-01-25T00:33:14.2915956Z A path returned 202. Retrying...
2024-01-25T00:33:14.2916361Z A path returned 202. Retrying...
2024-01-25T00:33:14.2916923Z A path returned 202. Retrying...
2024-01-25T00:33:14.2917281Z A path returned 202. Retrying...
2024-01-25T00:33:14.2917683Z A path returned 202. Retrying...
2024-01-25T00:33:14.2918300Z A path returned 202. Retrying...
2024-01-25T00:33:14.2918737Z A path returned 202. Retrying...
2024-01-25T00:33:14.2919122Z A path returned 202. Retrying...
2024-01-25T00:33:14.2919629Z A path returned 202. Retrying...
2024-01-25T00:33:14.2920049Z A path returned 202. Retrying...
2024-01-25T00:33:14.2920400Z A path returned 202. Retrying...
2024-01-25T00:33:14.2920877Z A path returned 202. Retrying...
2024-01-25T00:33:14.2921267Z A path returned 202. Retrying...
2024-01-25T00:33:14.2921654Z A path returned 202. Retrying...
2024-01-25T00:33:14.2922123Z A path returned 202. Retrying...
2024-01-25T00:33:14.2922510Z A path returned 202. Retrying...
2024-01-25T00:33:14.2922987Z A path returned 202. Retrying...
2024-01-25T00:33:14.2923342Z A path returned 202. Retrying...
2024-01-25T00:33:14.2923730Z A path returned 202. Retrying...
2024-01-25T00:33:14.2924287Z A path returned 202. Retrying...
2024-01-25T00:33:14.2924675Z A path returned 202. Retrying...
2024-01-25T00:33:14.2925027Z A path returned 202. Retrying...
2024-01-25T00:33:14.2925501Z A path returned 202. Retrying...
2024-01-25T00:33:14.2925896Z A path returned 202. Retrying...
2024-01-25T00:33:14.2926300Z A path returned 202. Retrying...
2024-01-25T00:33:14.2926748Z A path returned 202. Retrying...
2024-01-25T00:33:14.2927139Z A path returned 202. Retrying...
2024-01-25T00:33:14.2927605Z A path returned 202. Retrying...
2024-01-25T00:33:14.2927960Z A path returned 202. Retrying...
2024-01-25T00:33:14.2928349Z A path returned 202. Retrying...
2024-01-25T00:33:14.2928860Z A path returned 202. Retrying...
2024-01-25T00:33:14.2929245Z A path returned 202. Retrying...
2024-01-25T00:33:14.2929649Z A path returned 202. Retrying...
2024-01-25T00:33:14.2930102Z A path returned 202. Retrying...
2024-01-25T00:33:14.2930495Z A path returned 202. Retrying...
2024-01-25T00:33:14.2930865Z A path returned 202. Retrying...
2024-01-25T00:33:14.2931322Z A path returned 202. Retrying...
2024-01-25T00:33:14.2931727Z A path returned 202. Retrying...
2024-01-25T00:33:14.2932121Z A path returned 202. Retrying...
2024-01-25T00:33:14.2932577Z A path returned 202. Retrying...
2024-01-25T00:33:14.2933013Z A path returned 202. Retrying...
2024-01-25T00:33:14.2933471Z A path returned 202. Retrying...
2024-01-25T00:33:14.2933979Z A path returned 202. Retrying...
2024-01-25T00:33:14.2934372Z A path returned 202. Retrying...
2024-01-25T00:33:14.2934827Z A path returned 202. Retrying...
2024-01-25T00:33:14.2935233Z A path returned 202. Retrying...
2024-01-25T00:33:14.2935623Z A path returned 202. Retrying...
2024-01-25T00:33:14.2936087Z A path returned 202. Retrying...
2024-01-25T00:33:14.2936475Z A path returned 202. Retrying...
2024-01-25T00:33:14.2936826Z A path returned 202. Retrying...
2024-01-25T00:33:14.2937296Z A path returned 202. Retrying...
2024-01-25T00:33:14.2937859Z A path returned 202. Retrying...
2024-01-25T00:33:14.2938248Z A path returned 202. Retrying...
2024-01-25T00:33:14.2938729Z A path returned 202. Retrying...
2024-01-25T00:33:14.2939114Z A path returned 202. Retrying...
2024-01-25T00:33:14.2939592Z A path returned 202. Retrying...
2024-01-25T00:33:14.2939948Z A path returned 202. Retrying...
2024-01-25T00:33:14.2940334Z A path returned 202. Retrying...
2024-01-25T00:33:14.2940801Z A path returned 202. Retrying...
2024-01-25T00:33:14.2941231Z A path returned 202. Retrying...
2024-01-25T00:33:14.2941621Z A path returned 202. Retrying...
2024-01-25T00:33:14.2942087Z A path returned 202. Retrying...
2024-01-25T00:33:14.2942544Z A path returned 202. Retrying...
2024-01-25T00:33:14.2942913Z A path returned 202. Retrying...
2024-01-25T00:33:14.2943375Z A path returned 202. Retrying...
2024-01-25T00:33:14.2943758Z A path returned 202. Retrying...
2024-01-25T00:33:14.2944160Z A path returned 202. Retrying...
2024-01-25T00:33:14.2944607Z A path returned 202. Retrying...
2024-01-25T00:33:14.2945009Z A path returned 202. Retrying...
2024-01-25T00:33:14.2945452Z A path returned 202. Retrying...
2024-01-25T00:33:14.2945803Z A path returned 202. Retrying...
2024-01-25T00:33:14.2946356Z A path returned 202. Retrying...
2024-01-25T00:33:14.2946832Z A path returned 202. Retrying...
2024-01-25T00:33:14.2947273Z A path returned 202. Retrying...
2024-01-25T00:33:14.2947661Z A path returned 202. Retrying...
2024-01-25T00:33:14.2948114Z A path returned 202. Retrying...
2024-01-25T00:33:14.2948517Z A path returned 202. Retrying...
2024-01-25T00:33:14.2948882Z A path returned 202. Retrying...
2024-01-25T00:33:14.2949330Z A path returned 202. Retrying...
2024-01-25T00:33:14.2949737Z A path returned 202. Retrying...
2024-01-25T00:33:14.2950123Z A path returned 202. Retrying...
2024-01-25T00:33:14.2950598Z A path returned 202. Retrying...
2024-01-25T00:33:14.2950982Z A path returned 202. Retrying...
2024-01-25T00:33:14.2951431Z A path returned 202. Retrying...
2024-01-25T00:33:14.2951833Z A path returned 202. Retrying...
2024-01-25T00:33:14.2952222Z A path returned 202. Retrying...
2024-01-25T00:33:14.2952668Z A path returned 202. Retrying...
2024-01-25T00:33:14.2953074Z A path returned 202. Retrying...
2024-01-25T00:33:14.2953468Z A path returned 202. Retrying...
2024-01-25T00:33:14.2953933Z A path returned 202. Retrying...
2024-01-25T00:33:14.2954325Z A path returned 202. Retrying...
2024-01-25T00:33:14.2954676Z A path returned 202. Retrying...
2024-01-25T00:33:14.2955149Z A path returned 202. Retrying...
2024-01-25T00:33:14.2955535Z A path returned 202. Retrying...
2024-01-25T00:33:14.2955935Z A path returned 202. Retrying...
2024-01-25T00:33:14.2956418Z A path returned 202. Retrying...
2024-01-25T00:33:14.2956802Z A path returned 202. Retrying...
2024-01-25T00:33:14.2957283Z A path returned 202. Retrying...
2024-01-25T00:33:14.2957641Z A path returned 202. Retrying...
2024-01-25T00:33:14.2958031Z A path returned 202. Retrying...
2024-01-25T00:33:14.2958495Z A path returned 202. Retrying...
2024-01-25T00:33:14.2958882Z A path returned 202. Retrying...
2024-01-25T00:33:14.2959291Z A path returned 202. Retrying...
2024-01-25T00:33:14.2959745Z A path returned 202. Retrying...
2024-01-25T00:33:14.2960140Z A path returned 202. Retrying...
2024-01-25T00:33:14.2960515Z A path returned 202. Retrying...
2024-01-25T00:33:14.2961000Z A path returned 202. Retrying...
2024-01-25T00:33:14.2961387Z A path returned 202. Retrying...
2024-01-25T00:33:14.2961794Z A path returned 202. Retrying...
2024-01-25T00:33:14.2962402Z A path returned 202. Retrying...
2024-01-25T00:33:14.2962810Z A path returned 202. Retrying...
2024-01-25T00:33:14.2963261Z A path returned 202. Retrying...
2024-01-25T00:33:14.2963614Z A path returned 202. Retrying...
2024-01-25T00:33:14.2964022Z A path returned 202. Retrying...
2024-01-25T00:33:14.2964469Z A path returned 202. Retrying...
2024-01-25T00:33:14.2964873Z A path returned 202. Retrying...
2024-01-25T00:33:14.2965263Z A path returned 202. Retrying...
2024-01-25T00:33:14.2965740Z A path returned 202. Retrying...
2024-01-25T00:33:14.2966145Z A path returned 202. Retrying...
2024-01-25T00:33:14.2966497Z A path returned 202. Retrying...
2024-01-25T00:33:14.2966963Z A path returned 202. Retrying...
2024-01-25T00:33:14.2967357Z A path returned 202. Retrying...
2024-01-25T00:33:14.2967740Z A path returned 202. Retrying...
2024-01-25T00:33:14.2968209Z A path returned 202. Retrying...
2024-01-25T00:33:14.2968621Z A path returned 202. Retrying...
2024-01-25T00:33:14.2969120Z A path returned 202. Retrying...
2024-01-25T00:33:14.2969474Z A path returned 202. Retrying...
2024-01-25T00:33:14.2969861Z A path returned 202. Retrying...
2024-01-25T00:33:14.2970360Z A path returned 202. Retrying...
2024-01-25T00:33:14.2970748Z A path returned 202. Retrying...
2024-01-25T00:33:14.2971136Z A path returned 202. Retrying...
2024-01-25T00:33:14.2971603Z A path returned 202. Retrying...
2024-01-25T00:33:14.2971992Z A path returned 202. Retrying...
2024-01-25T00:33:14.2972344Z A path returned 202. Retrying...
2024-01-25T00:33:14.2972814Z A path returned 202. Retrying...
2024-01-25T00:33:14.2973206Z A path returned 202. Retrying...
2024-01-25T00:33:14.2973606Z A path returned 202. Retrying...
2024-01-25T00:33:14.2974178Z A path returned 202. Retrying...
2024-01-25T00:33:14.2974617Z A path returned 202. Retrying...
2024-01-25T00:33:14.2975074Z A path returned 202. Retrying...
2024-01-25T00:33:14.2975426Z A path returned 202. Retrying...
2024-01-25T00:33:14.2975832Z A path returned 202. Retrying...
2024-01-25T00:42:06.3577081Z A path returned 202. Retrying...
2024-01-25T00:42:06.3578472Z A path returned 202. Retrying...
2024-01-25T00:42:06.3579185Z A path returned 202. Retrying...
2024-01-25T00:42:06.3579769Z A path returned 202. Retrying...
2024-01-25T00:42:06.3580317Z A path returned 202. Retrying...
2024-01-25T00:42:06.3580967Z A path returned 202. Retrying...
2024-01-25T00:42:06.3581560Z A path returned 202. Retrying...
2024-01-25T00:42:06.3582078Z A path returned 202. Retrying...
2024-01-25T00:42:06.3582726Z A path returned 202. Retrying...
2024-01-25T00:42:06.3583368Z A path returned 202. Retrying...
2024-01-25T00:42:06.3583962Z A path returned 202. Retrying...
2024-01-25T00:42:06.3584354Z A path returned 202. Retrying...
2024-01-25T00:42:06.3584777Z A path returned 202. Retrying...
2024-01-25T00:42:06.3585266Z A path returned 202. Retrying...
2024-01-25T00:42:06.3585664Z A path returned 202. Retrying...
2024-01-25T00:42:06.3586058Z A path returned 202. Retrying...
2024-01-25T00:42:06.3586546Z A path returned 202. Retrying...
2024-01-25T00:42:06.3586937Z A path returned 202. Retrying...
2024-01-25T00:42:06.3587306Z A path returned 202. Retrying...
2024-01-25T00:42:06.3587758Z A path returned 202. Retrying...
2024-01-25T00:42:06.3588151Z A path returned 202. Retrying...
2024-01-25T00:42:06.3588559Z A path returned 202. Retrying...
2024-01-25T00:42:06.3589015Z A path returned 202. Retrying...
2024-01-25T00:42:06.3589420Z A path returned 202. Retrying...
2024-01-25T00:42:06.3589871Z A path returned 202. Retrying...
2024-01-25T00:42:06.3590229Z A path returned 202. Retrying...
2024-01-25T00:42:06.3590633Z A path returned 202. Retrying...
2024-01-25T00:42:06.3591099Z A path returned 202. Retrying...
2024-01-25T00:42:06.3591490Z A path returned 202. Retrying...
2024-01-25T00:42:06.3591895Z A path returned 202. Retrying...
2024-01-25T00:42:06.3592352Z A path returned 202. Retrying...
2024-01-25T00:42:06.3592759Z A path returned 202. Retrying...
2024-01-25T00:42:06.3593112Z A path returned 202. Retrying...
2024-01-25T00:42:06.3594056Z A path returned 202. Retrying...
2024-01-25T00:42:06.3594469Z A path returned 202. Retrying...
2024-01-25T00:42:06.3594881Z A path returned 202. Retrying...
2024-01-25T00:42:06.3595424Z A path returned 202. Retrying...
2024-01-25T00:42:06.3595811Z A path returned 202. Retrying...
2024-01-25T00:42:06.3596260Z A path returned 202. Retrying...
2024-01-25T00:42:06.3596649Z A path returned 202. Retrying...
2024-01-25T00:42:06.3597040Z A path returned 202. Retrying...
2024-01-25T00:42:06.3597494Z A path returned 202. Retrying...
2024-01-25T00:42:06.3597900Z A path returned 202. Retrying...
2024-01-25T00:42:06.3598290Z A path returned 202. Retrying...
2024-01-25T00:42:06.3598765Z A path returned 202. Retrying...
2024-01-25T00:42:06.3599160Z A path returned 202. Retrying...
2024-01-25T00:42:06.3599513Z A path returned 202. Retrying...
2024-01-25T00:42:06.3600052Z A path returned 202. Retrying...
2024-01-25T00:42:06.3600463Z A path returned 202. Retrying...
2024-01-25T00:42:06.3600876Z A path returned 202. Retrying...
2024-01-25T00:42:06.3601330Z A path returned 202. Retrying...
2024-01-25T00:42:06.3601720Z A path returned 202. Retrying...
2024-01-25T00:42:06.3602189Z A path returned 202. Retrying...
2024-01-25T00:42:06.3602544Z A path returned 202. Retrying...
2024-01-25T00:42:06.3602932Z A path returned 202. Retrying...
2024-01-25T00:42:06.3603404Z A path returned 202. Retrying...
2024-01-25T00:42:06.3603798Z A path returned 202. Retrying...
2024-01-25T00:42:06.3604203Z A path returned 202. Retrying...
2024-01-25T00:42:06.3604848Z A path returned 202. Retrying...
2024-01-25T00:42:06.3605245Z A path returned 202. Retrying...
2024-01-25T00:42:06.3605614Z A path returned 202. Retrying...
2024-01-25T00:42:06.3606265Z A path returned 202. Retrying...
2024-01-25T00:42:06.3606693Z A path returned 202. Retrying...
2024-01-25T00:42:06.3607125Z A path returned 202. Retrying...
2024-01-25T00:42:06.3607628Z A path returned 202. Retrying...
2024-01-25T00:42:06.3608086Z A path returned 202. Retrying...
2024-01-25T00:42:06.3608561Z A path returned 202. Retrying...
2024-01-25T00:42:06.3608937Z A path returned 202. Retrying...
2024-01-25T00:42:06.3609393Z A path returned 202. Retrying...
2024-01-25T00:42:06.3609855Z A path returned 202. Retrying...
2024-01-25T00:42:06.3610261Z A path returned 202. Retrying...
2024-01-25T00:42:06.3610654Z A path returned 202. Retrying...
2024-01-25T00:42:06.3611128Z A path returned 202. Retrying...
2024-01-25T00:42:06.3611529Z A path returned 202. Retrying...
2024-01-25T00:42:06.3611884Z A path returned 202. Retrying...
2024-01-25T00:42:06.3612359Z A path returned 202. Retrying...
2024-01-25T00:42:06.3612749Z A path returned 202. Retrying...
2024-01-25T00:42:06.3613140Z A path returned 202. Retrying...
2024-01-25T00:42:06.3613622Z A path returned 202. Retrying...
2024-01-25T00:42:06.3614079Z A path returned 202. Retrying...
2024-01-25T00:42:06.3614547Z A path returned 202. Retrying...
2024-01-25T00:42:06.3614900Z A path returned 202. Retrying...
2024-01-25T00:42:06.3615291Z A path returned 202. Retrying...
2024-01-25T00:42:06.3615764Z A path returned 202. Retrying...
2024-01-25T00:42:06.3616155Z A path returned 202. Retrying...
2024-01-25T00:42:06.3616547Z A path returned 202. Retrying...
2024-01-25T00:42:06.3617019Z A path returned 202. Retrying...
2024-01-25T00:42:06.3617569Z A path returned 202. Retrying...
2024-01-25T00:42:06.3617953Z A path returned 202. Retrying...
2024-01-25T00:42:06.3618412Z A path returned 202. Retrying...
2024-01-25T00:42:06.3618868Z A path returned 202. Retrying...
2024-01-25T00:42:06.3619324Z A path returned 202. Retrying...
2024-01-25T00:42:06.3619781Z A path returned 202. Retrying...
2024-01-25T00:42:06.3620184Z A path returned 202. Retrying...
2024-01-25T00:42:06.3620641Z A path returned 202. Retrying...
2024-01-25T00:42:06.3620996Z A path returned 202. Retrying...
2024-01-25T00:42:06.3621403Z A path returned 202. Retrying...
2024-01-25T00:42:06.3621858Z A path returned 202. Retrying...
2024-01-25T00:42:06.3622249Z A path returned 202. Retrying...
2024-01-25T00:42:06.3622843Z A path returned 202. Retrying...
2024-01-25T00:42:06.3623300Z A path returned 202. Retrying...
2024-01-25T00:42:06.3623773Z A path returned 202. Retrying...
2024-01-25T00:42:06.3624128Z A path returned 202. Retrying...
2024-01-25T00:42:06.3624577Z A path returned 202. Retrying...
2024-01-25T00:42:06.3624980Z A path returned 202. Retrying...
2024-01-25T00:42:06.3625365Z A path returned 202. Retrying...
2024-01-25T00:42:06.3625839Z A path returned 202. Retrying...
2024-01-25T00:42:06.3626247Z A path returned 202. Retrying...
2024-01-25T00:42:06.3626697Z A path returned 202. Retrying...
2024-01-25T00:42:06.3627071Z A path returned 202. Retrying...
2024-01-25T00:42:06.3627462Z A path returned 202. Retrying...
2024-01-25T00:42:06.3627920Z A path returned 202. Retrying...
2024-01-25T00:42:06.3628393Z A path returned 202. Retrying...
2024-01-25T00:42:06.3628786Z A path returned 202. Retrying...
2024-01-25T00:42:06.3629263Z A path returned 202. Retrying...
2024-01-25T00:42:06.3629659Z A path returned 202. Retrying...
2024-01-25T00:42:06.3630013Z A path returned 202. Retrying...
2024-01-25T00:42:06.3630483Z A path returned 202. Retrying...
2024-01-25T00:42:06.3630869Z A path returned 202. Retrying...
2024-01-25T00:42:06.3631272Z A path returned 202. Retrying...
2024-01-25T00:42:06.3631723Z A path returned 202. Retrying...
2024-01-25T00:42:06.3632114Z A path returned 202. Retrying...
2024-01-25T00:42:06.3632579Z A path returned 202. Retrying...
2024-01-25T00:42:06.3632993Z A path returned 202. Retrying...
2024-01-25T00:42:06.3633382Z A path returned 202. Retrying...
2024-01-25T00:42:06.3633847Z A path returned 202. Retrying...
2024-01-25T00:42:06.3634238Z A path returned 202. Retrying...
2024-01-25T00:42:06.3634788Z A path returned 202. Retrying...
2024-01-25T00:42:06.3635262Z A path returned 202. Retrying...
2024-01-25T00:42:06.3635670Z A path returned 202. Retrying...
2024-01-25T00:42:06.3636024Z A path returned 202. Retrying...
2024-01-25T00:42:06.3636475Z A path returned 202. Retrying...
2024-01-25T00:42:06.3636886Z A path returned 202. Retrying...
2024-01-25T00:42:06.3637279Z A path returned 202. Retrying...
2024-01-25T00:42:06.3637798Z A path returned 202. Retrying...
2024-01-25T00:42:06.3638204Z A path returned 202. Retrying...
2024-01-25T00:42:06.3638661Z A path returned 202. Retrying...
2024-01-25T00:42:06.3639015Z A path returned 202. Retrying...
2024-01-25T00:42:06.3639428Z A path returned 202. Retrying...
2024-01-25T00:42:06.3639887Z A path returned 202. Retrying...
2024-01-25T00:42:06.3640294Z A path returned 202. Retrying...
2024-01-25T00:42:06.3640687Z A path returned 202. Retrying...
2024-01-25T00:42:06.3641139Z A path returned 202. Retrying...
2024-01-25T00:42:06.3641552Z A path returned 202. Retrying...
2024-01-25T00:42:06.3641912Z A path returned 202. Retrying...
2024-01-25T00:42:06.3642453Z A path returned 202. Retrying...
2024-01-25T00:42:06.3642844Z A path returned 202. Retrying...
2024-01-25T00:42:06.3643232Z A path returned 202. Retrying...
2024-01-25T00:42:06.3643707Z A path returned 202. Retrying...
2024-01-25T00:42:06.3644093Z A path returned 202. Retrying...
2024-01-25T00:42:06.3644557Z A path returned 202. Retrying...
2024-01-25T00:42:06.3644917Z A path returned 202. Retrying...
2024-01-25T00:42:06.3645304Z A path returned 202. Retrying...
2024-01-25T00:42:06.3645785Z A path returned 202. Retrying...
2024-01-25T00:42:06.3646177Z A path returned 202. Retrying...
2024-01-25T00:42:06.3646601Z A path returned 202. Retrying...
2024-01-25T00:42:06.3647130Z A path returned 202. Retrying...
2024-01-25T00:42:06.3647522Z A path returned 202. Retrying...
2024-01-25T00:42:06.3647873Z A path returned 202. Retrying...
2024-01-25T00:42:06.3648337Z A path returned 202. Retrying...
2024-01-25T00:42:06.3648729Z A path returned 202. Retrying...
2024-01-25T00:42:06.3649133Z A path returned 202. Retrying...
2024-01-25T00:42:06.3649581Z A path returned 202. Retrying...
2024-01-25T00:42:06.3649969Z A path returned 202. Retrying...
2024-01-25T00:42:06.3650434Z A path returned 202. Retrying...
2024-01-25T00:42:06.3650926Z A path returned 202. Retrying...
2024-01-25T00:42:06.3651345Z A path returned 202. Retrying...
2024-01-25T00:42:06.3651864Z A path returned 202. Retrying...
2024-01-25T00:42:06.3652253Z A path returned 202. Retrying...
2024-01-25T00:42:06.3652662Z A path returned 202. Retrying...
2024-01-25T00:42:06.3653111Z A path returned 202. Retrying...
2024-01-25T00:42:06.3653518Z A path returned 202. Retrying...
2024-01-25T00:42:06.3653872Z A path returned 202. Retrying...
2024-01-25T00:42:06.3654329Z A path returned 202. Retrying...
2024-01-25T00:42:06.3654737Z A path returned 202. Retrying...
2024-01-25T00:42:06.3655129Z A path returned 202. Retrying...
2024-01-25T00:42:06.3655598Z A path returned 202. Retrying...
2024-01-25T00:42:06.3656050Z A path returned 202. Retrying...
2024-01-25T00:42:06.3656511Z A path returned 202. Retrying...
2024-01-25T00:42:06.3656880Z A path returned 202. Retrying...
2024-01-25T00:42:06.3657269Z A path returned 202. Retrying...
2024-01-25T00:42:06.3657870Z A path returned 202. Retrying...
2024-01-25T00:42:06.3658276Z A path returned 202. Retrying...
2024-01-25T00:42:06.3658665Z A path returned 202. Retrying...
2024-01-25T00:42:06.3659132Z A path returned 202. Retrying...
2024-01-25T00:42:06.3659523Z A path returned 202. Retrying...
2024-01-25T00:42:06.3659871Z A path returned 202. Retrying...
2024-01-25T00:42:06.3660337Z A path returned 202. Retrying...
2024-01-25T00:42:06.3660725Z A path returned 202. Retrying...
2024-01-25T00:42:06.3661168Z A path returned 202. Retrying...
2024-01-25T00:42:06.3661634Z A path returned 202. Retrying...
2024-01-25T00:42:06.3662023Z A path returned 202. Retrying...
2024-01-25T00:42:06.3662497Z A path returned 202. Retrying...
2024-01-25T00:42:06.3663007Z A path returned 202. Retrying...
2024-01-25T00:42:06.3663409Z A path returned 202. Retrying...
2024-01-25T00:42:06.3663885Z A path returned 202. Retrying...
2024-01-25T00:42:06.3664275Z A path returned 202. Retrying...
2024-01-25T00:42:06.3664682Z A path returned 202. Retrying...
2024-01-25T00:42:06.3665187Z A path returned 202. Retrying...
2024-01-25T00:42:06.3665629Z A path returned 202. Retrying...
2024-01-25T00:42:06.3666001Z A path returned 202. Retrying...
2024-01-25T00:42:06.3666450Z A path returned 202. Retrying...
2024-01-25T00:42:06.3666862Z A path returned 202. Retrying...
2024-01-25T00:42:06.3667534Z A path returned 202. Retrying...
2024-01-25T00:42:06.3668265Z A path returned 202. Retrying...
2024-01-25T00:42:06.3668679Z A path returned 202. Retrying...
2024-01-25T00:42:06.3669146Z A path returned 202. Retrying...
2024-01-25T00:42:06.3669500Z A path returned 202. Retrying...
2024-01-25T00:42:06.3669904Z A path returned 202. Retrying...
2024-01-25T00:42:06.3670349Z A path returned 202. Retrying...
2024-01-25T00:42:06.3670820Z A path returned 202. Retrying...
2024-01-25T00:42:06.3671210Z A path returned 202. Retrying...
2024-01-25T00:42:06.3671658Z A path returned 202. Retrying...
2024-01-25T00:42:06.3672061Z A path returned 202. Retrying...
2024-01-25T00:42:06.3672419Z A path returned 202. Retrying...
2024-01-25T00:42:06.3672872Z A path returned 202. Retrying...
2024-01-25T00:42:06.3673274Z A path returned 202. Retrying...
2024-01-25T00:42:06.3673669Z A path returned 202. Retrying...
2024-01-25T00:42:06.3674144Z A path returned 202. Retrying...
2024-01-25T00:42:06.3674531Z A path returned 202. Retrying...
2024-01-25T00:42:06.3674975Z A path returned 202. Retrying...
2024-01-25T00:42:06.3675411Z A path returned 202. Retrying...
2024-01-25T00:42:06.3675801Z A path returned 202. Retrying...
2024-01-25T00:42:06.3676266Z A path returned 202. Retrying...
2024-01-25T00:42:06.3676655Z A path returned 202. Retrying...
2024-01-25T00:42:06.3677047Z A path returned 202. Retrying...
2024-01-25T00:42:06.3677514Z A path returned 202. Retrying...
2024-01-25T00:42:06.3677904Z A path returned 202. Retrying...
2024-01-25T00:42:06.3678256Z A path returned 202. Retrying...
2024-01-25T00:42:06.3678730Z A path returned 202. Retrying...
2024-01-25T00:42:06.3679113Z A path returned 202. Retrying...
2024-01-25T00:42:06.3679701Z A path returned 202. Retrying...
2024-01-25T00:42:06.3680221Z A path returned 202. Retrying...
2024-01-25T00:42:06.3680622Z A path returned 202. Retrying...
2024-01-25T00:42:06.3681082Z A path returned 202. Retrying...
2024-01-25T00:42:06.3681436Z A path returned 202. Retrying...
2024-01-25T00:42:06.3681840Z A path returned 202. Retrying...
2024-01-25T00:42:06.3682286Z A path returned 202. Retrying...
2024-01-25T00:42:06.3682676Z A path returned 202. Retrying...
2024-01-25T00:42:06.3683083Z A path returned 202. Retrying...
2024-01-25T00:42:06.3683532Z A path returned 202. Retrying...
2024-01-25T00:42:06.3683936Z A path returned 202. Retrying...
2024-01-25T00:42:06.3684298Z A path returned 202. Retrying...
2024-01-25T00:42:06.3684862Z A path returned 202. Retrying...
2024-01-25T00:42:06.3685263Z A path returned 202. Retrying...
2024-01-25T00:42:06.3685661Z A path returned 202. Retrying...
2024-01-25T00:42:06.3686119Z A path returned 202. Retrying...
2024-01-25T00:42:06.3686538Z A path returned 202. Retrying...
2024-01-25T00:51:01.0103758Z A path returned 202. Retrying...
2024-01-25T00:51:01.0105161Z A path returned 202. Retrying...
2024-01-25T00:51:01.0105875Z A path returned 202. Retrying...
2024-01-25T00:51:01.0106565Z A path returned 202. Retrying...
2024-01-25T00:51:01.0107106Z A path returned 202. Retrying...
2024-01-25T00:51:01.0107656Z A path returned 202. Retrying...
2024-01-25T00:51:01.0108285Z A path returned 202. Retrying...
2024-01-25T00:51:01.0108788Z A path returned 202. Retrying...
2024-01-25T00:51:01.0109349Z A path returned 202. Retrying...
2024-01-25T00:51:01.0109970Z A path returned 202. Retrying...
2024-01-25T00:51:01.0110531Z A path returned 202. Retrying...
2024-01-25T00:51:01.0111152Z A path returned 202. Retrying...
2024-01-25T00:51:01.0112120Z A path returned 202. Retrying...
2024-01-25T00:51:01.0112565Z A path returned 202. Retrying...
2024-01-25T00:51:01.0112934Z A path returned 202. Retrying...
2024-01-25T00:51:01.0113410Z A path returned 202. Retrying...
2024-01-25T00:51:01.0113850Z A path returned 202. Retrying...
2024-01-25T00:51:01.0114337Z A path returned 202. Retrying...
2024-01-25T00:51:01.0114764Z A path returned 202. Retrying...
2024-01-25T00:51:01.0115166Z A path returned 202. Retrying...
2024-01-25T00:51:01.0115628Z A path returned 202. Retrying...
2024-01-25T00:51:01.0116009Z A path returned 202. Retrying...
2024-01-25T00:51:01.0116413Z A path returned 202. Retrying...
2024-01-25T00:51:01.0116897Z A path returned 202. Retrying...
2024-01-25T00:51:01.0117295Z A path returned 202. Retrying...
2024-01-25T00:51:01.0117694Z A path returned 202. Retrying...
2024-01-25T00:51:01.0118173Z A path returned 202. Retrying...
2024-01-25T00:51:01.0118568Z A path returned 202. Retrying...
2024-01-25T00:51:01.0118938Z A path returned 202. Retrying...
2024-01-25T00:51:01.0119422Z A path returned 202. Retrying...
2024-01-25T00:51:01.0119830Z A path returned 202. Retrying...
2024-01-25T00:51:01.0120322Z A path returned 202. Retrying...
2024-01-25T00:51:01.0120738Z A path returned 202. Retrying...
2024-01-25T00:51:01.0121146Z A path returned 202. Retrying...
2024-01-25T00:51:01.0121625Z A path returned 202. Retrying...
2024-01-25T00:51:01.0121981Z A path returned 202. Retrying...
2024-01-25T00:51:01.0122373Z A path returned 202. Retrying...
2024-01-25T00:51:01.0122847Z A path returned 202. Retrying...
2024-01-25T00:51:01.0123245Z A path returned 202. Retrying...
2024-01-25T00:51:01.0123655Z A path returned 202. Retrying...
2024-01-25T00:51:01.0124109Z A path returned 202. Retrying...
2024-01-25T00:51:01.0124496Z A path returned 202. Retrying...
2024-01-25T00:51:01.0124869Z A path returned 202. Retrying...
2024-01-25T00:51:01.0125331Z A path returned 202. Retrying...
2024-01-25T00:51:01.0125744Z A path returned 202. Retrying...
2024-01-25T00:51:01.0126207Z A path returned 202. Retrying...
2024-01-25T00:51:01.0126599Z A path returned 202. Retrying...
2024-01-25T00:51:01.0127013Z A path returned 202. Retrying...
2024-01-25T00:51:01.0127462Z A path returned 202. Retrying...
2024-01-25T00:51:01.0128066Z A path returned 202. Retrying...
2024-01-25T00:51:01.0128469Z A path returned 202. Retrying...
2024-01-25T00:51:01.0128941Z A path returned 202. Retrying...
2024-01-25T00:51:01.0129351Z A path returned 202. Retrying...
2024-01-25T00:51:01.0129743Z A path returned 202. Retrying...
2024-01-25T00:51:01.0130214Z A path returned 202. Retrying...
2024-01-25T00:51:01.0130607Z A path returned 202. Retrying...
2024-01-25T00:51:01.0130962Z A path returned 202. Retrying...
2024-01-25T00:51:01.0131437Z A path returned 202. Retrying...
2024-01-25T00:51:01.0131842Z A path returned 202. Retrying...
2024-01-25T00:51:01.0132292Z A path returned 202. Retrying...
2024-01-25T00:51:01.0132703Z A path returned 202. Retrying...
2024-01-25T00:51:01.0133097Z A path returned 202. Retrying...
2024-01-25T00:51:01.0133566Z A path returned 202. Retrying...
2024-01-25T00:51:01.0133923Z A path returned 202. Retrying...
2024-01-25T00:51:01.0134313Z A path returned 202. Retrying...
2024-01-25T00:51:01.0134790Z A path returned 202. Retrying...
2024-01-25T00:51:01.0135178Z A path returned 202. Retrying...
2024-01-25T00:51:01.0135569Z A path returned 202. Retrying...
2024-01-25T00:51:01.0136054Z A path returned 202. Retrying...
2024-01-25T00:51:01.0136442Z A path returned 202. Retrying...
2024-01-25T00:51:01.0136812Z A path returned 202. Retrying...
2024-01-25T00:51:01.0137273Z A path returned 202. Retrying...
2024-01-25T00:51:01.0138031Z A path returned 202. Retrying...
2024-01-25T00:51:01.0138549Z A path returned 202. Retrying...
2024-01-25T00:51:01.0138948Z A path returned 202. Retrying...
2024-01-25T00:51:01.0139355Z A path returned 202. Retrying...
2024-01-25T00:51:01.0139813Z A path returned 202. Retrying...
2024-01-25T00:51:01.0140173Z A path returned 202. Retrying...
2024-01-25T00:51:01.0140749Z A path returned 202. Retrying...
2024-01-25T00:51:01.0141227Z A path returned 202. Retrying...
2024-01-25T00:51:01.0141643Z A path returned 202. Retrying...
2024-01-25T00:51:01.0142035Z A path returned 202. Retrying...
2024-01-25T00:51:01.0142497Z A path returned 202. Retrying...
2024-01-25T00:51:01.0142905Z A path returned 202. Retrying...
2024-01-25T00:51:01.0143262Z A path returned 202. Retrying...
2024-01-25T00:51:01.0143717Z A path returned 202. Retrying...
2024-01-25T00:51:01.0144124Z A path returned 202. Retrying...
2024-01-25T00:51:01.0144574Z A path returned 202. Retrying...
2024-01-25T00:51:01.0144986Z A path returned 202. Retrying...
2024-01-25T00:51:01.0145375Z A path returned 202. Retrying...
2024-01-25T00:51:01.0145824Z A path returned 202. Retrying...
2024-01-25T00:51:01.0146196Z A path returned 202. Retrying...
2024-01-25T00:51:01.0146585Z A path returned 202. Retrying...
2024-01-25T00:51:01.0147038Z A path returned 202. Retrying...
2024-01-25T00:51:01.0147457Z A path returned 202. Retrying...
2024-01-25T00:51:01.0147847Z A path returned 202. Retrying...
2024-01-25T00:51:01.0148321Z A path returned 202. Retrying...
2024-01-25T00:51:01.0148712Z A path returned 202. Retrying...
2024-01-25T00:51:01.0149069Z A path returned 202. Retrying...
2024-01-25T00:51:01.0149547Z A path returned 202. Retrying...
2024-01-25T00:51:01.0149938Z A path returned 202. Retrying...
2024-01-25T00:51:01.0150403Z A path returned 202. Retrying...
2024-01-25T00:51:01.0150800Z A path returned 202. Retrying...
2024-01-25T00:51:01.0151191Z A path returned 202. Retrying...
2024-01-25T00:51:01.0151654Z A path returned 202. Retrying...
2024-01-25T00:51:01.0152008Z A path returned 202. Retrying...
2024-01-25T00:51:01.0152394Z A path returned 202. Retrying...
2024-01-25T00:51:01.0152871Z A path returned 202. Retrying...
2024-01-25T00:51:01.0153263Z A path returned 202. Retrying...
2024-01-25T00:51:01.0153671Z A path returned 202. Retrying...
2024-01-25T00:51:01.0154127Z A path returned 202. Retrying...
2024-01-25T00:51:01.0154522Z A path returned 202. Retrying...
2024-01-25T00:51:01.0154894Z A path returned 202. Retrying...
2024-01-25T00:51:01.0155347Z A path returned 202. Retrying...
2024-01-25T00:51:01.0155738Z A path returned 202. Retrying...
2024-01-25T00:51:01.0156371Z A path returned 202. Retrying...
2024-01-25T00:51:01.0156764Z A path returned 202. Retrying...
2024-01-25T00:51:01.0157170Z A path returned 202. Retrying...
2024-01-25T00:51:01.0157619Z A path returned 202. Retrying...
2024-01-25T00:51:01.0157977Z A path returned 202. Retrying...
2024-01-25T00:51:01.0158387Z A path returned 202. Retrying...
2024-01-25T00:51:01.0158838Z A path returned 202. Retrying...
2024-01-25T00:51:01.0159239Z A path returned 202. Retrying...
2024-01-25T00:51:01.0159630Z A path returned 202. Retrying...
2024-01-25T00:51:01.0160091Z A path returned 202. Retrying...
2024-01-25T00:51:01.0160495Z A path returned 202. Retrying...
2024-01-25T00:51:01.0160853Z A path returned 202. Retrying...
2024-01-25T00:51:01.0161324Z A path returned 202. Retrying...
2024-01-25T00:51:01.0161711Z A path returned 202. Retrying...
2024-01-25T00:51:01.0162160Z A path returned 202. Retrying...
2024-01-25T00:51:01.0162570Z A path returned 202. Retrying...
2024-01-25T00:51:01.0162965Z A path returned 202. Retrying...
2024-01-25T00:51:01.0163427Z A path returned 202. Retrying...
2024-01-25T00:51:01.0163782Z A path returned 202. Retrying...
2024-01-25T00:51:01.0164167Z A path returned 202. Retrying...
2024-01-25T00:51:01.0164633Z A path returned 202. Retrying...
2024-01-25T00:51:01.0165020Z A path returned 202. Retrying...
2024-01-25T00:51:01.0165408Z A path returned 202. Retrying...
2024-01-25T00:51:01.0165877Z A path returned 202. Retrying...
2024-01-25T00:51:01.0166265Z A path returned 202. Retrying...
2024-01-25T00:51:01.0166617Z A path returned 202. Retrying...
2024-01-25T00:51:01.0167122Z A path returned 202. Retrying...
2024-01-25T00:51:01.0167511Z A path returned 202. Retrying...
2024-01-25T00:51:01.0167983Z A path returned 202. Retrying...
2024-01-25T00:51:01.0168505Z A path returned 202. Retrying...
2024-01-25T00:51:01.0168918Z A path returned 202. Retrying...
2024-01-25T00:51:01.0169377Z A path returned 202. Retrying...
2024-01-25T00:51:01.0169731Z A path returned 202. Retrying...
2024-01-25T00:51:01.0170143Z A path returned 202. Retrying...
2024-01-25T00:51:01.0170597Z A path returned 202. Retrying...
2024-01-25T00:51:01.0170987Z A path returned 202. Retrying...
2024-01-25T00:51:01.0171395Z A path returned 202. Retrying...
2024-01-25T00:51:01.0171847Z A path returned 202. Retrying...
2024-01-25T00:51:01.0172257Z A path returned 202. Retrying...
2024-01-25T00:51:01.0172613Z A path returned 202. Retrying...
2024-01-25T00:51:01.0173064Z A path returned 202. Retrying...
2024-01-25T00:51:01.0173479Z A path returned 202. Retrying...
2024-01-25T00:51:01.0173937Z A path returned 202. Retrying...
2024-01-25T00:51:01.0174346Z A path returned 202. Retrying...
2024-01-25T00:51:01.0174737Z A path returned 202. Retrying...
2024-01-25T00:51:01.0175196Z A path returned 202. Retrying...
2024-01-25T00:51:01.0175571Z A path returned 202. Retrying...
2024-01-25T00:51:01.0175963Z A path returned 202. Retrying...
2024-01-25T00:51:01.0176418Z A path returned 202. Retrying...
2024-01-25T00:51:01.0176827Z A path returned 202. Retrying...
2024-01-25T00:51:01.0177220Z A path returned 202. Retrying...
2024-01-25T00:51:01.0177846Z A path returned 202. Retrying...
2024-01-25T00:51:01.0178237Z A path returned 202. Retrying...
2024-01-25T00:51:01.0178594Z A path returned 202. Retrying...
2024-01-25T00:51:01.0179062Z A path returned 202. Retrying...
2024-01-25T00:51:01.0179455Z A path returned 202. Retrying...
2024-01-25T00:51:01.0179910Z A path returned 202. Retrying...
2024-01-25T00:51:01.0180329Z A path returned 202. Retrying...
2024-01-25T00:51:01.0180717Z A path returned 202. Retrying...
2024-01-25T00:51:01.0181186Z A path returned 202. Retrying...
2024-01-25T00:51:01.0181541Z A path returned 202. Retrying...
2024-01-25T00:51:01.0181927Z A path returned 202. Retrying...
2024-01-25T00:51:01.0182401Z A path returned 202. Retrying...
2024-01-25T00:51:01.0182795Z A path returned 202. Retrying...
2024-01-25T00:51:01.0183201Z A path returned 202. Retrying...
2024-01-25T00:51:01.0183656Z A path returned 202. Retrying...
2024-01-25T00:51:01.0184203Z A path returned 202. Retrying...
2024-01-25T00:51:01.0184576Z A path returned 202. Retrying...
2024-01-25T00:51:01.0185033Z A path returned 202. Retrying...
2024-01-25T00:51:01.0185442Z A path returned 202. Retrying...
2024-01-25T00:51:01.0185893Z A path returned 202. Retrying...
2024-01-25T00:51:01.0186288Z A path returned 202. Retrying...
2024-01-25T00:51:01.0186707Z A path returned 202. Retrying...
2024-01-25T00:51:01.0187166Z A path returned 202. Retrying...
2024-01-25T00:51:01.0187524Z A path returned 202. Retrying...
2024-01-25T00:51:01.0187935Z A path returned 202. Retrying...
2024-01-25T00:51:01.0188386Z A path returned 202. Retrying...
2024-01-25T00:51:01.0188797Z A path returned 202. Retrying...
2024-01-25T00:51:01.0189195Z A path returned 202. Retrying...
2024-01-25T00:51:01.0189650Z A path returned 202. Retrying...
2024-01-25T00:51:01.0190056Z A path returned 202. Retrying...
2024-01-25T00:51:01.0190412Z A path returned 202. Retrying...
2024-01-25T00:51:01.0190889Z A path returned 202. Retrying...
2024-01-25T00:51:01.0191297Z A path returned 202. Retrying...
2024-01-25T00:51:01.0191754Z A path returned 202. Retrying...
2024-01-25T00:51:01.0192163Z A path returned 202. Retrying...
2024-01-25T00:51:01.0192553Z A path returned 202. Retrying...
2024-01-25T00:51:01.0193009Z A path returned 202. Retrying...
2024-01-25T00:51:01.0193382Z A path returned 202. Retrying...
2024-01-25T00:51:01.0193777Z A path returned 202. Retrying...
2024-01-25T00:51:01.0194286Z A path returned 202. Retrying...
2024-01-25T00:51:01.0194677Z A path returned 202. Retrying...
2024-01-25T00:51:01.0195068Z A path returned 202. Retrying...
2024-01-25T00:51:01.0195538Z A path returned 202. Retrying...
2024-01-25T00:51:01.0195932Z A path returned 202. Retrying...
2024-01-25T00:51:01.0196450Z A path returned 202. Retrying...
2024-01-25T00:51:01.0196923Z A path returned 202. Retrying...
2024-01-25T00:51:01.0197312Z A path returned 202. Retrying...
2024-01-25T00:51:01.0197782Z A path returned 202. Retrying...
2024-01-25T00:51:01.0198179Z A path returned 202. Retrying...
2024-01-25T00:51:01.0198584Z A path returned 202. Retrying...
2024-01-25T00:51:01.0199035Z A path returned 202. Retrying...
2024-01-25T00:51:01.0199389Z A path returned 202. Retrying...
2024-01-25T00:51:01.0199793Z A path returned 202. Retrying...
2024-01-25T00:51:01.0200243Z A path returned 202. Retrying...
2024-01-25T00:51:01.0200631Z A path returned 202. Retrying...
2024-01-25T00:51:01.0201041Z A path returned 202. Retrying...
2024-01-25T00:51:01.0201491Z A path returned 202. Retrying...
2024-01-25T00:51:01.0201895Z A path returned 202. Retrying...
2024-01-25T00:51:01.0202250Z A path returned 202. Retrying...
2024-01-25T00:51:01.0202703Z A path returned 202. Retrying...
2024-01-25T00:51:01.0203116Z A path returned 202. Retrying...
2024-01-25T00:51:01.0203566Z A path returned 202. Retrying...
2024-01-25T00:51:01.0203964Z A path returned 202. Retrying...
2024-01-25T00:51:01.0204372Z A path returned 202. Retrying...
2024-01-25T00:51:01.0204838Z A path returned 202. Retrying...
2024-01-25T00:51:01.0205216Z A path returned 202. Retrying...
2024-01-25T00:51:01.0205606Z A path returned 202. Retrying...
2024-01-25T00:51:01.0206061Z A path returned 202. Retrying...
2024-01-25T00:51:01.0206467Z A path returned 202. Retrying...
2024-01-25T00:51:01.0206861Z A path returned 202. Retrying...
2024-01-25T00:51:01.0207335Z A path returned 202. Retrying...
2024-01-25T00:51:01.0207725Z A path returned 202. Retrying...
2024-01-25T00:51:01.0208083Z A path returned 202. Retrying...
2024-01-25T00:51:01.0208554Z A path returned 202. Retrying...
2024-01-25T00:51:01.0208944Z A path returned 202. Retrying...
2024-01-25T00:51:01.0209395Z A path returned 202. Retrying...
2024-01-25T00:51:01.0209805Z A path returned 202. Retrying...
2024-01-25T00:51:01.0210202Z A path returned 202. Retrying...
2024-01-25T00:51:01.0210680Z A path returned 202. Retrying...
2024-01-25T00:51:01.0211037Z A path returned 202. Retrying...
2024-01-25T00:51:01.0211435Z A path returned 202. Retrying...
2024-01-25T00:51:01.0212040Z A path returned 202. Retrying...
2024-01-25T00:59:51.9201902Z A path returned 202. Retrying...
2024-01-25T00:59:51.9202668Z A path returned 202. Retrying...
2024-01-25T00:59:51.9203313Z A path returned 202. Retrying...
2024-01-25T00:59:51.9203710Z A path returned 202. Retrying...
2024-01-25T00:59:51.9204045Z A path returned 202. Retrying...
2024-01-25T00:59:51.9204364Z A path returned 202. Retrying...
2024-01-25T00:59:51.9204682Z A path returned 202. Retrying...
2024-01-25T00:59:51.9204995Z A path returned 202. Retrying...
2024-01-25T00:59:51.9205304Z A path returned 202. Retrying...
2024-01-25T00:59:51.9205609Z A path returned 202. Retrying...
2024-01-25T00:59:51.9205912Z A path returned 202. Retrying...
2024-01-25T00:59:51.9206236Z A path returned 202. Retrying...
2024-01-25T00:59:51.9206535Z A path returned 202. Retrying...
2024-01-25T00:59:51.9206843Z A path returned 202. Retrying...
2024-01-25T00:59:51.9207151Z A path returned 202. Retrying...
2024-01-25T00:59:51.9207468Z A path returned 202. Retrying...
2024-01-25T00:59:51.9207794Z A path returned 202. Retrying...
2024-01-25T00:59:51.9208097Z A path returned 202. Retrying...
2024-01-25T00:59:51.9208397Z A path returned 202. Retrying...
2024-01-25T00:59:51.9208695Z A path returned 202. Retrying...
2024-01-25T00:59:51.9209000Z A path returned 202. Retrying...
2024-01-25T00:59:51.9209307Z A path returned 202. Retrying...
2024-01-25T00:59:51.9209611Z A path returned 202. Retrying...
2024-01-25T00:59:51.9209917Z A path returned 202. Retrying...
2024-01-25T00:59:51.9210228Z A path returned 202. Retrying...
2024-01-25T00:59:51.9210536Z A path returned 202. Retrying...
2024-01-25T00:59:51.9210833Z A path returned 202. Retrying...
2024-01-25T00:59:51.9211132Z A path returned 202. Retrying...
2024-01-25T00:59:51.9211783Z A path returned 202. Retrying...
2024-01-25T00:59:51.9212098Z A path returned 202. Retrying...
2024-01-25T00:59:51.9212400Z A path returned 202. Retrying...
2024-01-25T00:59:51.9212706Z A path returned 202. Retrying...
2024-01-25T00:59:51.9213028Z A path returned 202. Retrying...
2024-01-25T00:59:51.9213332Z A path returned 202. Retrying...
2024-01-25T00:59:51.9213642Z A path returned 202. Retrying...
2024-01-25T00:59:51.9214004Z A path returned 202. Retrying...
2024-01-25T00:59:51.9214314Z A path returned 202. Retrying...
2024-01-25T00:59:51.9214608Z A path returned 202. Retrying...
2024-01-25T00:59:51.9214903Z A path returned 202. Retrying...
2024-01-25T00:59:51.9215197Z A path returned 202. Retrying...
2024-01-25T00:59:51.9215487Z A path returned 202. Retrying...
2024-01-25T00:59:51.9215784Z A path returned 202. Retrying...
2024-01-25T00:59:51.9216082Z A path returned 202. Retrying...
2024-01-25T00:59:51.9216378Z A path returned 202. Retrying...
2024-01-25T00:59:51.9216677Z A path returned 202. Retrying...
2024-01-25T00:59:51.9216968Z A path returned 202. Retrying...
2024-01-25T00:59:51.9217262Z A path returned 202. Retrying...
2024-01-25T00:59:51.9217721Z A path returned 202. Retrying...
2024-01-25T00:59:51.9218019Z A path returned 202. Retrying...
2024-01-25T00:59:51.9218329Z A path returned 202. Retrying...
2024-01-25T00:59:51.9218623Z A path returned 202. Retrying...
2024-01-25T00:59:51.9218917Z A path returned 202. Retrying...
2024-01-25T00:59:51.9219214Z A path returned 202. Retrying...
2024-01-25T00:59:51.9219506Z A path returned 202. Retrying...
2024-01-25T00:59:51.9219794Z A path returned 202. Retrying...
2024-01-25T00:59:51.9220086Z A path returned 202. Retrying...
2024-01-25T00:59:51.9220377Z A path returned 202. Retrying...
2024-01-25T00:59:51.9220667Z A path returned 202. Retrying...
2024-01-25T00:59:51.9220960Z A path returned 202. Retrying...
2024-01-25T00:59:51.9221254Z A path returned 202. Retrying...
2024-01-25T00:59:51.9221546Z A path returned 202. Retrying...
2024-01-25T00:59:51.9221840Z A path returned 202. Retrying...
2024-01-25T00:59:51.9222138Z A path returned 202. Retrying...
2024-01-25T00:59:51.9222432Z A path returned 202. Retrying...
2024-01-25T00:59:51.9222723Z A path returned 202. Retrying...
2024-01-25T00:59:51.9223231Z A path returned 202. Retrying...
2024-01-25T00:59:51.9223527Z A path returned 202. Retrying...
2024-01-25T00:59:51.9223829Z A path returned 202. Retrying...
2024-01-25T00:59:51.9224119Z A path returned 202. Retrying...
2024-01-25T00:59:51.9224411Z A path returned 202. Retrying...
2024-01-25T00:59:51.9224702Z A path returned 202. Retrying...
2024-01-25T00:59:51.9224994Z A path returned 202. Retrying...
2024-01-25T00:59:51.9225284Z A path returned 202. Retrying...
2024-01-25T00:59:51.9225578Z A path returned 202. Retrying...
2024-01-25T00:59:51.9225868Z A path returned 202. Retrying...
2024-01-25T00:59:51.9226154Z A path returned 202. Retrying...
2024-01-25T00:59:51.9226456Z A path returned 202. Retrying...
2024-01-25T00:59:51.9226752Z A path returned 202. Retrying...
2024-01-25T00:59:51.9227049Z A path returned 202. Retrying...
2024-01-25T00:59:51.9227341Z A path returned 202. Retrying...
2024-01-25T00:59:51.9227633Z A path returned 202. Retrying...
2024-01-25T00:59:51.9227924Z A path returned 202. Retrying...
2024-01-25T00:59:51.9228216Z A path returned 202. Retrying...
2024-01-25T00:59:51.9228507Z A path returned 202. Retrying...
2024-01-25T00:59:51.9228796Z A path returned 202. Retrying...
2024-01-25T00:59:51.9229090Z A path returned 202. Retrying...
2024-01-25T00:59:51.9229386Z A path returned 202. Retrying...
2024-01-25T00:59:51.9229675Z A path returned 202. Retrying...
2024-01-25T00:59:51.9229964Z A path returned 202. Retrying...
2024-01-25T00:59:51.9230249Z A path returned 202. Retrying...
2024-01-25T00:59:51.9230540Z A path returned 202. Retrying...
2024-01-25T00:59:51.9230832Z A path returned 202. Retrying...
2024-01-25T00:59:51.9231128Z A path returned 202. Retrying...
2024-01-25T00:59:51.9231424Z A path returned 202. Retrying...
2024-01-25T00:59:51.9231847Z A path returned 202. Retrying...
2024-01-25T00:59:51.9232144Z A path returned 202. Retrying...
2024-01-25T00:59:51.9232433Z A path returned 202. Retrying...
2024-01-25T00:59:51.9232723Z A path returned 202. Retrying...
2024-01-25T00:59:51.9233020Z A path returned 202. Retrying...
2024-01-25T00:59:51.9233315Z A path returned 202. Retrying...
2024-01-25T00:59:51.9233606Z A path returned 202. Retrying...
2024-01-25T00:59:51.9233897Z A path returned 202. Retrying...
2024-01-25T00:59:51.9234188Z A path returned 202. Retrying...
2024-01-25T00:59:51.9234472Z A path returned 202. Retrying...
2024-01-25T00:59:51.9234764Z A path returned 202. Retrying...
2024-01-25T00:59:51.9235056Z A path returned 202. Retrying...
2024-01-25T00:59:51.9235350Z A path returned 202. Retrying...
2024-01-25T00:59:51.9235644Z A path returned 202. Retrying...
2024-01-25T00:59:51.9235941Z A path returned 202. Retrying...
2024-01-25T00:59:51.9236232Z A path returned 202. Retrying...
2024-01-25T00:59:51.9236523Z A path returned 202. Retrying...
2024-01-25T00:59:51.9236818Z A path returned 202. Retrying...
2024-01-25T00:59:51.9237108Z A path returned 202. Retrying...
2024-01-25T00:59:51.9237398Z A path returned 202. Retrying...
2024-01-25T00:59:51.9237689Z A path returned 202. Retrying...
2024-01-25T00:59:51.9237983Z A path returned 202. Retrying...
2024-01-25T00:59:51.9238279Z A path returned 202. Retrying...
2024-01-25T00:59:51.9238563Z A path returned 202. Retrying...
2024-01-25T00:59:51.9238858Z A path returned 202. Retrying...
2024-01-25T00:59:51.9239151Z A path returned 202. Retrying...
2024-01-25T00:59:51.9239441Z A path returned 202. Retrying...
2024-01-25T00:59:51.9239737Z A path returned 202. Retrying...
2024-01-25T00:59:51.9240034Z A path returned 202. Retrying...
2024-01-25T00:59:51.9240326Z A path returned 202. Retrying...
2024-01-25T00:59:51.9240613Z A path returned 202. Retrying...
2024-01-25T00:59:51.9240905Z A path returned 202. Retrying...
2024-01-25T00:59:51.9241198Z A path returned 202. Retrying...
2024-01-25T00:59:51.9241491Z A path returned 202. Retrying...
2024-01-25T00:59:51.9241796Z A path returned 202. Retrying...
2024-01-25T00:59:51.9242101Z A path returned 202. Retrying...
2024-01-25T00:59:51.9242402Z A path returned 202. Retrying...
2024-01-25T00:59:51.9242828Z A path returned 202. Retrying...
2024-01-25T00:59:51.9243137Z A path returned 202. Retrying...
2024-01-25T00:59:51.9243434Z A path returned 202. Retrying...
2024-01-25T00:59:51.9243728Z A path returned 202. Retrying...
2024-01-25T00:59:51.9244027Z A path returned 202. Retrying...
2024-01-25T00:59:51.9244326Z A path returned 202. Retrying...
2024-01-25T00:59:51.9244621Z A path returned 202. Retrying...
2024-01-25T00:59:51.9244909Z A path returned 202. Retrying...
2024-01-25T00:59:51.9245202Z A path returned 202. Retrying...
2024-01-25T00:59:51.9245494Z A path returned 202. Retrying...
2024-01-25T00:59:51.9245790Z A path returned 202. Retrying...
2024-01-25T00:59:51.9246093Z A path returned 202. Retrying...
2024-01-25T00:59:51.9246394Z A path returned 202. Retrying...
2024-01-25T00:59:51.9246692Z A path returned 202. Retrying...
2024-01-25T00:59:51.9246979Z A path returned 202. Retrying...
2024-01-25T00:59:51.9247274Z A path returned 202. Retrying...
2024-01-25T00:59:51.9247566Z A path returned 202. Retrying...
2024-01-25T00:59:51.9247864Z A path returned 202. Retrying...
2024-01-25T00:59:51.9248157Z A path returned 202. Retrying...
2024-01-25T00:59:51.9248449Z A path returned 202. Retrying...
2024-01-25T00:59:51.9248740Z A path returned 202. Retrying...
2024-01-25T00:59:51.9249026Z A path returned 202. Retrying...
2024-01-25T00:59:51.9249319Z A path returned 202. Retrying...
2024-01-25T00:59:51.9249608Z A path returned 202. Retrying...
2024-01-25T00:59:51.9249900Z A path returned 202. Retrying...
2024-01-25T00:59:51.9250190Z A path returned 202. Retrying...
2024-01-25T00:59:51.9250483Z A path returned 202. Retrying...
2024-01-25T00:59:51.9250798Z A path returned 202. Retrying...
2024-01-25T00:59:51.9251084Z A path returned 202. Retrying...
2024-01-25T00:59:51.9251501Z A path returned 202. Retrying...
2024-01-25T00:59:51.9251800Z A path returned 202. Retrying...
2024-01-25T00:59:51.9252093Z A path returned 202. Retrying...
2024-01-25T00:59:51.9252384Z A path returned 202. Retrying...
2024-01-25T00:59:51.9252682Z A path returned 202. Retrying...
2024-01-25T00:59:51.9252974Z A path returned 202. Retrying...
2024-01-25T00:59:51.9253263Z A path returned 202. Retrying...
2024-01-25T00:59:51.9253553Z A path returned 202. Retrying...
2024-01-25T00:59:51.9253853Z A path returned 202. Retrying...
2024-01-25T00:59:51.9254144Z A path returned 202. Retrying...
2024-01-25T00:59:51.9254435Z A path returned 202. Retrying...
2024-01-25T00:59:51.9254727Z A path returned 202. Retrying...
2024-01-25T00:59:51.9255019Z A path returned 202. Retrying...
2024-01-25T00:59:51.9255304Z A path returned 202. Retrying...
2024-01-25T00:59:51.9255601Z A path returned 202. Retrying...
2024-01-25T00:59:51.9255895Z A path returned 202. Retrying...
2024-01-25T00:59:51.9256194Z A path returned 202. Retrying...
2024-01-25T00:59:51.9256487Z A path returned 202. Retrying...
2024-01-25T00:59:51.9256780Z A path returned 202. Retrying...
2024-01-25T00:59:51.9257074Z A path returned 202. Retrying...
2024-01-25T00:59:51.9257516Z A path returned 202. Retrying...
2024-01-25T00:59:51.9257894Z A path returned 202. Retrying...
2024-01-25T00:59:51.9258189Z A path returned 202. Retrying...
2024-01-25T00:59:51.9258482Z A path returned 202. Retrying...
2024-01-25T00:59:51.9258774Z A path returned 202. Retrying...
2024-01-25T00:59:51.9259068Z A path returned 202. Retrying...
2024-01-25T00:59:51.9259356Z A path returned 202. Retrying...
2024-01-25T00:59:51.9259642Z A path returned 202. Retrying...
2024-01-25T00:59:51.9259936Z A path returned 202. Retrying...
2024-01-25T00:59:51.9260228Z A path returned 202. Retrying...
2024-01-25T00:59:51.9260537Z A path returned 202. Retrying...
2024-01-25T00:59:51.9260831Z A path returned 202. Retrying...
2024-01-25T00:59:51.9261124Z A path returned 202. Retrying...
2024-01-25T00:59:51.9261445Z A path returned 202. Retrying...
2024-01-25T00:59:51.9261732Z A path returned 202. Retrying...
2024-01-25T00:59:51.9262024Z A path returned 202. Retrying...
2024-01-25T00:59:51.9262316Z A path returned 202. Retrying...
2024-01-25T00:59:51.9262773Z A path returned 202. Retrying...
2024-01-25T00:59:51.9263068Z A path returned 202. Retrying...
2024-01-25T00:59:51.9263360Z A path returned 202. Retrying...
2024-01-25T00:59:51.9263653Z A path returned 202. Retrying...
2024-01-25T00:59:51.9263941Z A path returned 202. Retrying...
2024-01-25T00:59:51.9264237Z A path returned 202. Retrying...
2024-01-25T00:59:51.9264530Z A path returned 202. Retrying...
2024-01-25T00:59:51.9264822Z A path returned 202. Retrying...
2024-01-25T00:59:51.9265115Z A path returned 202. Retrying...
2024-01-25T00:59:51.9265407Z A path returned 202. Retrying...
2024-01-25T00:59:51.9265701Z A path returned 202. Retrying...
2024-01-25T00:59:51.9265988Z A path returned 202. Retrying...
2024-01-25T00:59:51.9266286Z A path returned 202. Retrying...
2024-01-25T00:59:51.9266580Z A path returned 202. Retrying...
2024-01-25T00:59:51.9266875Z A path returned 202. Retrying...
2024-01-25T00:59:51.9267166Z A path returned 202. Retrying...
2024-01-25T00:59:51.9267458Z A path returned 202. Retrying...
2024-01-25T00:59:51.9267754Z A path returned 202. Retrying...
2024-01-25T00:59:51.9268040Z A path returned 202. Retrying...
2024-01-25T00:59:51.9268333Z A path returned 202. Retrying...
2024-01-25T00:59:51.9268625Z A path returned 202. Retrying...
2024-01-25T00:59:51.9268918Z A path returned 202. Retrying...
2024-01-25T00:59:51.9269213Z A path returned 202. Retrying...
2024-01-25T00:59:51.9269510Z A path returned 202. Retrying...
2024-01-25T00:59:51.9269802Z A path returned 202. Retrying...
2024-01-25T00:59:51.9270090Z A path returned 202. Retrying...
2024-01-25T00:59:51.9270383Z A path returned 202. Retrying...
2024-01-25T00:59:51.9270674Z A path returned 202. Retrying...
2024-01-25T00:59:51.9270965Z A path returned 202. Retrying...
2024-01-25T00:59:51.9271438Z A path returned 202. Retrying...
2024-01-25T00:59:51.9271742Z A path returned 202. Retrying...
2024-01-25T00:59:51.9272032Z A path returned 202. Retrying...
2024-01-25T00:59:51.9272317Z A path returned 202. Retrying...
2024-01-25T00:59:51.9272614Z A path returned 202. Retrying...
2024-01-25T00:59:51.9272908Z A path returned 202. Retrying...
2024-01-25T00:59:51.9273202Z A path returned 202. Retrying...
2024-01-25T00:59:51.9273493Z A path returned 202. Retrying...
2024-01-25T00:59:51.9273787Z A path returned 202. Retrying...
2024-01-25T00:59:51.9274079Z A path returned 202. Retrying...
2024-01-25T00:59:51.9274369Z A path returned 202. Retrying...
2024-01-25T00:59:51.9274663Z A path returned 202. Retrying...
2024-01-25T00:59:51.9274954Z A path returned 202. Retrying...
2024-01-25T00:59:51.9275261Z A path returned 202. Retrying...
2024-01-25T00:59:51.9275558Z A path returned 202. Retrying...
2024-01-25T00:59:51.9275848Z A path returned 202. Retrying...
2024-01-25T00:59:51.9276139Z A path returned 202. Retrying...
2024-01-25T00:59:51.9276429Z A path returned 202. Retrying...
2024-01-25T00:59:51.9276721Z A path returned 202. Retrying...
2024-01-25T00:59:51.9277013Z A path returned 202. Retrying...
2024-01-25T00:59:51.9277307Z A path returned 202. Retrying...
2024-01-25T00:59:51.9277605Z A path returned 202. Retrying...
2024-01-25T01:08:46.6261163Z A path returned 202. Retrying...
2024-01-25T01:08:46.6262505Z A path returned 202. Retrying...
2024-01-25T01:08:46.6263107Z A path returned 202. Retrying...
2024-01-25T01:08:46.6263681Z A path returned 202. Retrying...
2024-01-25T01:08:46.6264212Z A path returned 202. Retrying...
2024-01-25T01:08:46.6264559Z A path returned 202. Retrying...
2024-01-25T01:08:46.6264900Z A path returned 202. Retrying...
2024-01-25T01:08:46.6265236Z A path returned 202. Retrying...
2024-01-25T01:08:46.6265571Z A path returned 202. Retrying...
2024-01-25T01:08:46.6265905Z A path returned 202. Retrying...
2024-01-25T01:08:46.6266238Z A path returned 202. Retrying...
2024-01-25T01:08:46.6266589Z A path returned 202. Retrying...
2024-01-25T01:08:46.6266938Z A path returned 202. Retrying...
2024-01-25T01:08:46.6267277Z A path returned 202. Retrying...
2024-01-25T01:08:46.6267613Z A path returned 202. Retrying...
2024-01-25T01:08:46.6268608Z A path returned 202. Retrying...
2024-01-25T01:08:46.6268961Z A path returned 202. Retrying...
2024-01-25T01:08:46.6269299Z A path returned 202. Retrying...
2024-01-25T01:08:46.6269650Z A path returned 202. Retrying...
2024-01-25T01:08:46.6269998Z A path returned 202. Retrying...
2024-01-25T01:08:46.6270337Z A path returned 202. Retrying...
2024-01-25T01:08:46.6270674Z A path returned 202. Retrying...
2024-01-25T01:08:46.6271010Z A path returned 202. Retrying...
2024-01-25T01:08:46.6271344Z A path returned 202. Retrying...
2024-01-25T01:08:46.6271670Z A path returned 202. Retrying...
2024-01-25T01:08:46.6271972Z A path returned 202. Retrying...
2024-01-25T01:08:46.6272284Z A path returned 202. Retrying...
2024-01-25T01:08:46.6272704Z A path returned 202. Retrying...
2024-01-25T01:08:46.6273125Z A path returned 202. Retrying...
2024-01-25T01:08:46.6273517Z A path returned 202. Retrying...
2024-01-25T01:08:46.6273813Z A path returned 202. Retrying...
2024-01-25T01:08:46.6274110Z A path returned 202. Retrying...
2024-01-25T01:08:46.6274409Z A path returned 202. Retrying...
2024-01-25T01:08:46.6274702Z A path returned 202. Retrying...
2024-01-25T01:08:46.6274996Z A path returned 202. Retrying...
2024-01-25T01:08:46.6275288Z A path returned 202. Retrying...
2024-01-25T01:08:46.6275579Z A path returned 202. Retrying...
2024-01-25T01:08:46.6275870Z A path returned 202. Retrying...
2024-01-25T01:08:46.6276161Z A path returned 202. Retrying...
2024-01-25T01:08:46.6276448Z A path returned 202. Retrying...
2024-01-25T01:08:46.6276742Z A path returned 202. Retrying...
2024-01-25T01:08:46.6277033Z A path returned 202. Retrying...
2024-01-25T01:08:46.6277326Z A path returned 202. Retrying...
2024-01-25T01:08:46.6277619Z A path returned 202. Retrying...
2024-01-25T01:08:46.6278125Z A path returned 202. Retrying...
2024-01-25T01:08:46.6278425Z A path returned 202. Retrying...
2024-01-25T01:08:46.6278713Z A path returned 202. Retrying...
2024-01-25T01:08:46.6279011Z A path returned 202. Retrying...
2024-01-25T01:08:46.6279306Z A path returned 202. Retrying...
2024-01-25T01:08:46.6279599Z A path returned 202. Retrying...
2024-01-25T01:08:46.6279890Z A path returned 202. Retrying...
2024-01-25T01:08:46.6280181Z A path returned 202. Retrying...
2024-01-25T01:08:46.6280472Z A path returned 202. Retrying...
2024-01-25T01:08:46.6280757Z A path returned 202. Retrying...
2024-01-25T01:08:46.6281059Z A path returned 202. Retrying...
2024-01-25T01:08:46.6281352Z A path returned 202. Retrying...
2024-01-25T01:08:46.6281645Z A path returned 202. Retrying...
2024-01-25T01:08:46.6281940Z A path returned 202. Retrying...
2024-01-25T01:08:46.6282235Z A path returned 202. Retrying...
2024-01-25T01:08:46.6282527Z A path returned 202. Retrying...
2024-01-25T01:08:46.6282853Z A path returned 202. Retrying...
2024-01-25T01:08:46.6283153Z A path returned 202. Retrying...
2024-01-25T01:08:46.6283447Z A path returned 202. Retrying...
2024-01-25T01:08:46.6283738Z A path returned 202. Retrying...
2024-01-25T01:08:46.6284027Z A path returned 202. Retrying...
2024-01-25T01:08:46.6284327Z A path returned 202. Retrying...
2024-01-25T01:08:46.6284621Z A path returned 202. Retrying...
2024-01-25T01:08:46.6284917Z A path returned 202. Retrying...
2024-01-25T01:08:46.6285212Z A path returned 202. Retrying...
2024-01-25T01:08:46.6285503Z A path returned 202. Retrying...
2024-01-25T01:08:46.6285796Z A path returned 202. Retrying...
2024-01-25T01:08:46.6286082Z A path returned 202. Retrying...
2024-01-25T01:08:46.6286377Z A path returned 202. Retrying...
2024-01-25T01:08:46.6286671Z A path returned 202. Retrying...
2024-01-25T01:08:46.6286965Z A path returned 202. Retrying...
2024-01-25T01:08:46.6287260Z A path returned 202. Retrying...
2024-01-25T01:08:46.6287554Z A path returned 202. Retrying...
2024-01-25T01:08:46.6287851Z A path returned 202. Retrying...
2024-01-25T01:08:46.6288140Z A path returned 202. Retrying...
2024-01-25T01:08:46.6288431Z A path returned 202. Retrying...
2024-01-25T01:08:46.6288722Z A path returned 202. Retrying...
2024-01-25T01:08:46.6289158Z A path returned 202. Retrying...
2024-01-25T01:08:46.6289453Z A path returned 202. Retrying...
2024-01-25T01:08:46.6289741Z A path returned 202. Retrying...
2024-01-25T01:08:46.6290035Z A path returned 202. Retrying...
2024-01-25T01:08:46.6290321Z A path returned 202. Retrying...
2024-01-25T01:08:46.6290614Z A path returned 202. Retrying...
2024-01-25T01:08:46.6290906Z A path returned 202. Retrying...
2024-01-25T01:08:46.6291201Z A path returned 202. Retrying...
2024-01-25T01:08:46.6291493Z A path returned 202. Retrying...
2024-01-25T01:08:46.6291785Z A path returned 202. Retrying...
2024-01-25T01:08:46.6292078Z A path returned 202. Retrying...
2024-01-25T01:08:46.6292366Z A path returned 202. Retrying...
2024-01-25T01:08:46.6292657Z A path returned 202. Retrying...
2024-01-25T01:08:46.6292954Z A path returned 202. Retrying...
2024-01-25T01:08:46.6293245Z A path returned 202. Retrying...
2024-01-25T01:08:46.6293538Z A path returned 202. Retrying...
2024-01-25T01:08:46.6293828Z A path returned 202. Retrying...
2024-01-25T01:08:46.6294126Z A path returned 202. Retrying...
2024-01-25T01:08:46.6294413Z A path returned 202. Retrying...
2024-01-25T01:08:46.6294705Z A path returned 202. Retrying...
2024-01-25T01:08:46.6295000Z A path returned 202. Retrying...
2024-01-25T01:08:46.6295294Z A path returned 202. Retrying...
2024-01-25T01:08:46.6295586Z A path returned 202. Retrying...
2024-01-25T01:08:46.6295887Z A path returned 202. Retrying...
2024-01-25T01:08:46.6296187Z A path returned 202. Retrying...
2024-01-25T01:08:46.6296479Z A path returned 202. Retrying...
2024-01-25T01:08:46.6296772Z A path returned 202. Retrying...
2024-01-25T01:08:46.6297062Z A path returned 202. Retrying...
2024-01-25T01:08:46.6297354Z A path returned 202. Retrying...
2024-01-25T01:08:46.6298113Z A path returned 202. Retrying...
2024-01-25T01:08:46.6298426Z A path returned 202. Retrying...
2024-01-25T01:08:46.6298723Z A path returned 202. Retrying...
2024-01-25T01:08:46.6299011Z A path returned 202. Retrying...
2024-01-25T01:08:46.6299311Z A path returned 202. Retrying...
2024-01-25T01:08:46.6299608Z A path returned 202. Retrying...
2024-01-25T01:08:46.6299898Z A path returned 202. Retrying...
2024-01-25T01:08:46.6300193Z A path returned 202. Retrying...
2024-01-25T01:08:46.6300514Z A path returned 202. Retrying...
2024-01-25T01:08:46.6300806Z A path returned 202. Retrying...
2024-01-25T01:08:46.6301092Z A path returned 202. Retrying...
2024-01-25T01:08:46.6301383Z A path returned 202. Retrying...
2024-01-25T01:08:46.6301675Z A path returned 202. Retrying...
2024-01-25T01:08:46.6301969Z A path returned 202. Retrying...
2024-01-25T01:08:46.6302264Z A path returned 202. Retrying...
2024-01-25T01:08:46.6302562Z A path returned 202. Retrying...
2024-01-25T01:08:46.6302854Z A path returned 202. Retrying...
2024-01-25T01:08:46.6303147Z A path returned 202. Retrying...
2024-01-25T01:08:46.6303440Z A path returned 202. Retrying...
2024-01-25T01:08:46.6303733Z A path returned 202. Retrying...
2024-01-25T01:08:46.6304027Z A path returned 202. Retrying...
2024-01-25T01:08:46.6304326Z A path returned 202. Retrying...
2024-01-25T01:08:46.6304620Z A path returned 202. Retrying...
2024-01-25T01:08:46.6304915Z A path returned 202. Retrying...
2024-01-25T01:08:46.6305206Z A path returned 202. Retrying...
2024-01-25T01:08:46.6305500Z A path returned 202. Retrying...
2024-01-25T01:08:46.6305792Z A path returned 202. Retrying...
2024-01-25T01:08:46.6306083Z A path returned 202. Retrying...
2024-01-25T01:08:46.6306375Z A path returned 202. Retrying...
2024-01-25T01:08:46.6306664Z A path returned 202. Retrying...
2024-01-25T01:08:46.6306958Z A path returned 202. Retrying...
2024-01-25T01:08:46.6307244Z A path returned 202. Retrying...
2024-01-25T01:08:46.6307537Z A path returned 202. Retrying...
2024-01-25T01:08:46.6307840Z A path returned 202. Retrying...
2024-01-25T01:08:46.6308134Z A path returned 202. Retrying...
2024-01-25T01:08:46.6308430Z A path returned 202. Retrying...
2024-01-25T01:08:46.6308728Z A path returned 202. Retrying...
2024-01-25T01:08:46.6309170Z A path returned 202. Retrying...
2024-01-25T01:08:46.6309459Z A path returned 202. Retrying...
2024-01-25T01:08:46.6309751Z A path returned 202. Retrying...
2024-01-25T01:08:46.6310041Z A path returned 202. Retrying...
2024-01-25T01:08:46.6310333Z A path returned 202. Retrying...
2024-01-25T01:08:46.6310624Z A path returned 202. Retrying...
2024-01-25T01:08:46.6310918Z A path returned 202. Retrying...
2024-01-25T01:08:46.6311209Z A path returned 202. Retrying...
2024-01-25T01:08:46.6311503Z A path returned 202. Retrying...
2024-01-25T01:08:46.6311796Z A path returned 202. Retrying...
2024-01-25T01:08:46.6312090Z A path returned 202. Retrying...
2024-01-25T01:08:46.6312383Z A path returned 202. Retrying...
2024-01-25T01:08:46.6312675Z A path returned 202. Retrying...
2024-01-25T01:08:46.6312972Z A path returned 202. Retrying...
2024-01-25T01:08:46.6313267Z A path returned 202. Retrying...
2024-01-25T01:08:46.6313556Z A path returned 202. Retrying...
2024-01-25T01:08:46.6313850Z A path returned 202. Retrying...
2024-01-25T01:08:46.6314147Z A path returned 202. Retrying...
2024-01-25T01:08:46.6314442Z A path returned 202. Retrying...
2024-01-25T01:08:46.6314738Z A path returned 202. Retrying...
2024-01-25T01:08:46.6315032Z A path returned 202. Retrying...
2024-01-25T01:08:46.6315325Z A path returned 202. Retrying...
2024-01-25T01:08:46.6315611Z A path returned 202. Retrying...
2024-01-25T01:08:46.6315905Z A path returned 202. Retrying...
2024-01-25T01:08:46.6316201Z A path returned 202. Retrying...
2024-01-25T01:08:46.6316494Z A path returned 202. Retrying...
2024-01-25T01:08:46.6316789Z A path returned 202. Retrying...
2024-01-25T01:08:46.6317083Z A path returned 202. Retrying...
2024-01-25T01:08:46.6317379Z A path returned 202. Retrying...
2024-01-25T01:08:46.6317790Z A path returned 202. Retrying...
2024-01-25T01:08:46.6318092Z A path returned 202. Retrying...
2024-01-25T01:08:46.6318385Z A path returned 202. Retrying...
2024-01-25T01:08:46.6318676Z A path returned 202. Retrying...
2024-01-25T01:08:46.6318975Z A path returned 202. Retrying...
2024-01-25T01:08:46.6319266Z A path returned 202. Retrying...
2024-01-25T01:08:46.6319561Z A path returned 202. Retrying...
2024-01-25T01:08:46.6319846Z A path returned 202. Retrying...
2024-01-25T01:08:46.6320138Z A path returned 202. Retrying...
2024-01-25T01:08:46.6320433Z A path returned 202. Retrying...
2024-01-25T01:08:46.6320724Z A path returned 202. Retrying...
2024-01-25T01:08:46.6321018Z A path returned 202. Retrying...
2024-01-25T01:08:46.6321313Z A path returned 202. Retrying...
2024-01-25T01:08:46.6321608Z A path returned 202. Retrying...
2024-01-25T01:08:46.6321897Z A path returned 202. Retrying...
2024-01-25T01:08:46.6322188Z A path returned 202. Retrying...
2024-01-25T01:08:46.6322480Z A path returned 202. Retrying...
2024-01-25T01:08:46.6322776Z A path returned 202. Retrying...
2024-01-25T01:08:46.6323069Z A path returned 202. Retrying...
2024-01-25T01:08:46.6323360Z A path returned 202. Retrying...
2024-01-25T01:08:46.6323652Z A path returned 202. Retrying...
2024-01-25T01:08:46.6323944Z A path returned 202. Retrying...
2024-01-25T01:08:46.6324237Z A path returned 202. Retrying...
2024-01-25T01:08:46.6324534Z A path returned 202. Retrying...
2024-01-25T01:08:46.6324833Z A path returned 202. Retrying...
2024-01-25T01:08:46.6325143Z A path returned 202. Retrying...
2024-01-25T01:08:46.6325444Z A path returned 202. Retrying...
2024-01-25T01:08:46.6325741Z A path returned 202. Retrying...
2024-01-25T01:08:46.6326033Z A path returned 202. Retrying...
2024-01-25T01:08:46.6326334Z A path returned 202. Retrying...
2024-01-25T01:08:46.6326630Z A path returned 202. Retrying...
2024-01-25T01:08:46.6326921Z A path returned 202. Retrying...
2024-01-25T01:08:46.6327213Z A path returned 202. Retrying...
2024-01-25T01:08:46.6327510Z A path returned 202. Retrying...
2024-01-25T01:08:46.6327801Z A path returned 202. Retrying...
2024-01-25T01:08:46.6328090Z A path returned 202. Retrying...
2024-01-25T01:08:46.6328389Z A path returned 202. Retrying...
2024-01-25T01:08:46.6328811Z A path returned 202. Retrying...
2024-01-25T01:08:46.6329101Z A path returned 202. Retrying...
2024-01-25T01:08:46.6329392Z A path returned 202. Retrying...
2024-01-25T01:08:46.6329684Z A path returned 202. Retrying...
2024-01-25T01:08:46.6329976Z A path returned 202. Retrying...
2024-01-25T01:08:46.6330263Z A path returned 202. Retrying...
2024-01-25T01:08:46.6330555Z A path returned 202. Retrying...
2024-01-25T01:08:46.6330845Z A path returned 202. Retrying...
2024-01-25T01:08:46.6331133Z A path returned 202. Retrying...
2024-01-25T01:08:46.6331424Z A path returned 202. Retrying...
2024-01-25T01:08:46.6331712Z A path returned 202. Retrying...
2024-01-25T01:08:46.6332008Z A path returned 202. Retrying...
2024-01-25T01:08:46.6332292Z A path returned 202. Retrying...
2024-01-25T01:08:46.6332588Z A path returned 202. Retrying...
2024-01-25T01:08:46.6332882Z A path returned 202. Retrying...
2024-01-25T01:08:46.6333172Z A path returned 202. Retrying...
2024-01-25T01:08:46.6333464Z A path returned 202. Retrying...
2024-01-25T01:08:46.6333761Z A path returned 202. Retrying...
2024-01-25T01:08:46.6334051Z A path returned 202. Retrying...
2024-01-25T01:08:46.6334336Z A path returned 202. Retrying...
2024-01-25T01:08:46.6334627Z A path returned 202. Retrying...
2024-01-25T01:08:46.6334917Z A path returned 202. Retrying...
2024-01-25T01:08:46.6335207Z A path returned 202. Retrying...
2024-01-25T01:08:46.6335496Z A path returned 202. Retrying...
2024-01-25T01:08:46.6335786Z A path returned 202. Retrying...
2024-01-25T01:08:46.6336076Z A path returned 202. Retrying...
2024-01-25T01:08:46.6336366Z A path returned 202. Retrying...
2024-01-25T01:08:46.6336659Z A path returned 202. Retrying...
2024-01-25T01:08:46.6336949Z A path returned 202. Retrying...
2024-01-25T01:08:46.6337503Z A path returned 202. Retrying...
2024-01-25T01:08:46.6337817Z A path returned 202. Retrying...
2024-01-25T01:08:46.6338110Z A path returned 202. Retrying...
2024-01-25T01:08:46.6338398Z A path returned 202. Retrying...
2024-01-25T01:08:46.6338694Z A path returned 202. Retrying...
2024-01-25T01:08:46.6338993Z A path returned 202. Retrying...
2024-01-25T01:17:41.1700178Z A path returned 202. Retrying...
2024-01-25T01:17:41.1700907Z A path returned 202. Retrying...
2024-01-25T01:17:41.1701341Z A path returned 202. Retrying...
2024-01-25T01:17:41.1701746Z A path returned 202. Retrying...
2024-01-25T01:17:41.1702164Z A path returned 202. Retrying...
2024-01-25T01:17:41.1702572Z A path returned 202. Retrying...
2024-01-25T01:17:41.1702897Z A path returned 202. Retrying...
2024-01-25T01:17:41.1703210Z A path returned 202. Retrying...
2024-01-25T01:17:41.1703522Z A path returned 202. Retrying...
2024-01-25T01:17:41.1703833Z A path returned 202. Retrying...
2024-01-25T01:17:41.1704152Z A path returned 202. Retrying...
2024-01-25T01:17:41.1704488Z A path returned 202. Retrying...
2024-01-25T01:17:41.1704805Z A path returned 202. Retrying...
2024-01-25T01:17:41.1705117Z A path returned 202. Retrying...
2024-01-25T01:17:41.1705430Z A path returned 202. Retrying...
2024-01-25T01:17:41.1705749Z A path returned 202. Retrying...
2024-01-25T01:17:41.1706059Z A path returned 202. Retrying...
2024-01-25T01:17:41.1706370Z A path returned 202. Retrying...
2024-01-25T01:17:41.1706682Z A path returned 202. Retrying...
2024-01-25T01:17:41.1706994Z A path returned 202. Retrying...
2024-01-25T01:17:41.1707304Z A path returned 202. Retrying...
2024-01-25T01:17:41.1707617Z A path returned 202. Retrying...
2024-01-25T01:17:41.1707921Z A path returned 202. Retrying...
2024-01-25T01:17:41.1708233Z A path returned 202. Retrying...
2024-01-25T01:17:41.1708550Z A path returned 202. Retrying...
2024-01-25T01:17:41.1708863Z A path returned 202. Retrying...
2024-01-25T01:17:41.1709173Z A path returned 202. Retrying...
2024-01-25T01:17:41.1709488Z A path returned 202. Retrying...
2024-01-25T01:17:41.1709796Z A path returned 202. Retrying...
2024-01-25T01:17:41.1710103Z A path returned 202. Retrying...
2024-01-25T01:17:41.1710414Z A path returned 202. Retrying...
2024-01-25T01:17:41.1710725Z A path returned 202. Retrying...
2024-01-25T01:17:41.1711405Z A path returned 202. Retrying...
2024-01-25T01:17:41.1711722Z A path returned 202. Retrying...
2024-01-25T01:17:41.1712037Z A path returned 202. Retrying...
2024-01-25T01:17:41.1712348Z A path returned 202. Retrying...
2024-01-25T01:17:41.1712654Z A path returned 202. Retrying...
2024-01-25T01:17:41.1712965Z A path returned 202. Retrying...
2024-01-25T01:17:41.1713277Z A path returned 202. Retrying...
2024-01-25T01:17:41.1713582Z A path returned 202. Retrying...
2024-01-25T01:17:41.1713894Z A path returned 202. Retrying...
2024-01-25T01:17:41.1714210Z A path returned 202. Retrying...
2024-01-25T01:17:41.1714513Z A path returned 202. Retrying...
2024-01-25T01:17:41.1714806Z A path returned 202. Retrying...
2024-01-25T01:17:41.1715103Z A path returned 202. Retrying...
2024-01-25T01:17:41.1715404Z A path returned 202. Retrying...
2024-01-25T01:17:41.1715702Z A path returned 202. Retrying...
2024-01-25T01:17:41.1715995Z A path returned 202. Retrying...
2024-01-25T01:17:41.1716295Z A path returned 202. Retrying...
2024-01-25T01:17:41.1716586Z A path returned 202. Retrying...
2024-01-25T01:17:41.1716875Z A path returned 202. Retrying...
2024-01-25T01:17:41.1717166Z A path returned 202. Retrying...
2024-01-25T01:17:41.1717457Z A path returned 202. Retrying...
2024-01-25T01:17:41.1717746Z A path returned 202. Retrying...
2024-01-25T01:17:41.1718037Z A path returned 202. Retrying...
2024-01-25T01:17:41.1718327Z A path returned 202. Retrying...
2024-01-25T01:17:41.1718622Z A path returned 202. Retrying...
2024-01-25T01:17:41.1718916Z A path returned 202. Retrying...
2024-01-25T01:17:41.1719206Z A path returned 202. Retrying...
2024-01-25T01:17:41.1719499Z A path returned 202. Retrying...
2024-01-25T01:17:41.1719982Z A path returned 202. Retrying...
2024-01-25T01:17:41.1720289Z A path returned 202. Retrying...
2024-01-25T01:17:41.1720585Z A path returned 202. Retrying...
2024-01-25T01:17:41.1720877Z A path returned 202. Retrying...
2024-01-25T01:17:41.1721163Z A path returned 202. Retrying...
2024-01-25T01:17:41.1721460Z A path returned 202. Retrying...
2024-01-25T01:17:41.1721749Z A path returned 202. Retrying...
2024-01-25T01:17:41.1722038Z A path returned 202. Retrying...
2024-01-25T01:17:41.1722328Z A path returned 202. Retrying...
2024-01-25T01:17:41.1722625Z A path returned 202. Retrying...
2024-01-25T01:17:41.1722912Z A path returned 202. Retrying...
2024-01-25T01:17:41.1723208Z A path returned 202. Retrying...
2024-01-25T01:17:41.1723499Z A path returned 202. Retrying...
2024-01-25T01:17:41.1723793Z A path returned 202. Retrying...
2024-01-25T01:17:41.1724083Z A path returned 202. Retrying...
2024-01-25T01:17:41.1724377Z A path returned 202. Retrying...
2024-01-25T01:17:41.1724672Z A path returned 202. Retrying...
2024-01-25T01:17:41.1724970Z A path returned 202. Retrying...
2024-01-25T01:17:41.1725257Z A path returned 202. Retrying...
2024-01-25T01:17:41.1725548Z A path returned 202. Retrying...
2024-01-25T01:17:41.1725839Z A path returned 202. Retrying...
2024-01-25T01:17:41.1726132Z A path returned 202. Retrying...
2024-01-25T01:17:41.1726419Z A path returned 202. Retrying...
2024-01-25T01:17:41.1726707Z A path returned 202. Retrying...
2024-01-25T01:17:41.1726996Z A path returned 202. Retrying...
2024-01-25T01:17:41.1727282Z A path returned 202. Retrying...
2024-01-25T01:17:41.1727569Z A path returned 202. Retrying...
2024-01-25T01:17:41.1727859Z A path returned 202. Retrying...
2024-01-25T01:17:41.1728149Z A path returned 202. Retrying...
2024-01-25T01:17:41.1728440Z A path returned 202. Retrying...
2024-01-25T01:17:41.1728734Z A path returned 202. Retrying...
2024-01-25T01:17:41.1729025Z A path returned 202. Retrying...
2024-01-25T01:17:41.1729313Z A path returned 202. Retrying...
2024-01-25T01:17:41.1729609Z A path returned 202. Retrying...
2024-01-25T01:17:41.1729898Z A path returned 202. Retrying...
2024-01-25T01:17:41.1730187Z A path returned 202. Retrying...
2024-01-25T01:17:41.1730476Z A path returned 202. Retrying...
2024-01-25T01:17:41.1730768Z A path returned 202. Retrying...
2024-01-25T01:17:41.1731186Z A path returned 202. Retrying...
2024-01-25T01:17:41.1731470Z A path returned 202. Retrying...
2024-01-25T01:17:41.1731760Z A path returned 202. Retrying...
2024-01-25T01:17:41.1732053Z A path returned 202. Retrying...
2024-01-25T01:17:41.1732345Z A path returned 202. Retrying...
2024-01-25T01:17:41.1732635Z A path returned 202. Retrying...
2024-01-25T01:17:41.1732926Z A path returned 202. Retrying...
2024-01-25T01:17:41.1733221Z A path returned 202. Retrying...
2024-01-25T01:17:41.1733505Z A path returned 202. Retrying...
2024-01-25T01:17:41.1733794Z A path returned 202. Retrying...
2024-01-25T01:17:41.1734091Z A path returned 202. Retrying...
2024-01-25T01:17:41.1734398Z A path returned 202. Retrying...
2024-01-25T01:17:41.1734691Z A path returned 202. Retrying...
2024-01-25T01:17:41.1734980Z A path returned 202. Retrying...
2024-01-25T01:17:41.1735270Z A path returned 202. Retrying...
2024-01-25T01:17:41.1735555Z A path returned 202. Retrying...
2024-01-25T01:17:41.1735848Z A path returned 202. Retrying...
2024-01-25T01:17:41.1736140Z A path returned 202. Retrying...
2024-01-25T01:17:41.1736431Z A path returned 202. Retrying...
2024-01-25T01:17:41.1736722Z A path returned 202. Retrying...
2024-01-25T01:17:41.1737015Z A path returned 202. Retrying...
2024-01-25T01:17:41.1737305Z A path returned 202. Retrying...
2024-01-25T01:17:41.1737776Z A path returned 202. Retrying...
2024-01-25T01:17:41.1738068Z A path returned 202. Retrying...
2024-01-25T01:17:41.1738357Z A path returned 202. Retrying...
2024-01-25T01:17:41.1738647Z A path returned 202. Retrying...
2024-01-25T01:17:41.1738935Z A path returned 202. Retrying...
2024-01-25T01:17:41.1739226Z A path returned 202. Retrying...
2024-01-25T01:17:41.1739661Z A path returned 202. Retrying...
2024-01-25T01:17:41.1739962Z A path returned 202. Retrying...
2024-01-25T01:17:41.1740251Z A path returned 202. Retrying...
2024-01-25T01:17:41.1740541Z A path returned 202. Retrying...
2024-01-25T01:17:41.1740830Z A path returned 202. Retrying...
2024-01-25T01:17:41.1741129Z A path returned 202. Retrying...
2024-01-25T01:17:41.1741419Z A path returned 202. Retrying...
2024-01-25T01:17:41.1741709Z A path returned 202. Retrying...
2024-01-25T01:17:41.1741998Z A path returned 202. Retrying...
2024-01-25T01:17:41.1742288Z A path returned 202. Retrying...
2024-01-25T01:17:41.1742579Z A path returned 202. Retrying...
2024-01-25T01:17:41.1742868Z A path returned 202. Retrying...
2024-01-25T01:17:41.1743157Z A path returned 202. Retrying...
2024-01-25T01:17:41.1743464Z A path returned 202. Retrying...
2024-01-25T01:17:41.1743753Z A path returned 202. Retrying...
2024-01-25T01:17:41.1744037Z A path returned 202. Retrying...
2024-01-25T01:17:41.1744330Z A path returned 202. Retrying...
2024-01-25T01:17:41.1744656Z A path returned 202. Retrying...
2024-01-25T01:17:41.1744948Z A path returned 202. Retrying...
2024-01-25T01:17:41.1745246Z A path returned 202. Retrying...
2024-01-25T01:17:41.1745535Z A path returned 202. Retrying...
2024-01-25T01:17:41.1745832Z A path returned 202. Retrying...
2024-01-25T01:17:41.1746115Z A path returned 202. Retrying...
2024-01-25T01:17:41.1746405Z A path returned 202. Retrying...
2024-01-25T01:17:41.1746694Z A path returned 202. Retrying...
2024-01-25T01:17:41.1746983Z A path returned 202. Retrying...
2024-01-25T01:17:41.1747279Z A path returned 202. Retrying...
2024-01-25T01:17:41.1747568Z A path returned 202. Retrying...
2024-01-25T01:17:41.1747855Z A path returned 202. Retrying...
2024-01-25T01:17:41.1748140Z A path returned 202. Retrying...
2024-01-25T01:17:41.1748429Z A path returned 202. Retrying...
2024-01-25T01:17:41.1748719Z A path returned 202. Retrying...
2024-01-25T01:17:41.1749011Z A path returned 202. Retrying...
2024-01-25T01:17:41.1749309Z A path returned 202. Retrying...
2024-01-25T01:17:41.1749601Z A path returned 202. Retrying...
2024-01-25T01:17:41.1749895Z A path returned 202. Retrying...
2024-01-25T01:17:41.1750180Z A path returned 202. Retrying...
2024-01-25T01:17:41.1750470Z A path returned 202. Retrying...
2024-01-25T01:17:41.1750910Z A path returned 202. Retrying...
2024-01-25T01:17:41.1751205Z A path returned 202. Retrying...
2024-01-25T01:17:41.1751493Z A path returned 202. Retrying...
2024-01-25T01:17:41.1751784Z A path returned 202. Retrying...
2024-01-25T01:17:41.1752091Z A path returned 202. Retrying...
2024-01-25T01:17:41.1752374Z A path returned 202. Retrying...
2024-01-25T01:17:41.1752673Z A path returned 202. Retrying...
2024-01-25T01:17:41.1752963Z A path returned 202. Retrying...
2024-01-25T01:17:41.1753254Z A path returned 202. Retrying...
2024-01-25T01:17:41.1753544Z A path returned 202. Retrying...
2024-01-25T01:17:41.1753836Z A path returned 202. Retrying...
2024-01-25T01:17:41.1754141Z A path returned 202. Retrying...
2024-01-25T01:17:41.1754431Z A path returned 202. Retrying...
2024-01-25T01:17:41.1754722Z A path returned 202. Retrying...
2024-01-25T01:17:41.1755012Z A path returned 202. Retrying...
2024-01-25T01:17:41.1755303Z A path returned 202. Retrying...
2024-01-25T01:17:41.1755601Z A path returned 202. Retrying...
2024-01-25T01:17:41.1755889Z A path returned 202. Retrying...
2024-01-25T01:17:41.1756179Z A path returned 202. Retrying...
2024-01-25T01:17:41.1756464Z A path returned 202. Retrying...
2024-01-25T01:17:41.1756752Z A path returned 202. Retrying...
2024-01-25T01:17:41.1757042Z A path returned 202. Retrying...
2024-01-25T01:17:41.1757331Z A path returned 202. Retrying...
2024-01-25T01:17:41.1757624Z A path returned 202. Retrying...
2024-01-25T01:17:41.1757915Z A path returned 202. Retrying...
2024-01-25T01:17:41.1758206Z A path returned 202. Retrying...
2024-01-25T01:17:41.1758493Z A path returned 202. Retrying...
2024-01-25T01:17:41.1758784Z A path returned 202. Retrying...
2024-01-25T01:17:41.1759201Z A path returned 202. Retrying...
2024-01-25T01:17:41.1759500Z A path returned 202. Retrying...
2024-01-25T01:17:41.1759791Z A path returned 202. Retrying...
2024-01-25T01:17:41.1760080Z A path returned 202. Retrying...
2024-01-25T01:17:41.1760372Z A path returned 202. Retrying...
2024-01-25T01:17:41.1760662Z A path returned 202. Retrying...
2024-01-25T01:17:41.1760955Z A path returned 202. Retrying...
2024-01-25T01:17:41.1761245Z A path returned 202. Retrying...
2024-01-25T01:17:41.1761535Z A path returned 202. Retrying...
2024-01-25T01:17:41.1761824Z A path returned 202. Retrying...
2024-01-25T01:17:41.1762114Z A path returned 202. Retrying...
2024-01-25T01:17:41.1762404Z A path returned 202. Retrying...
2024-01-25T01:17:41.1762689Z A path returned 202. Retrying...
2024-01-25T01:17:41.1762983Z A path returned 202. Retrying...
2024-01-25T01:17:41.1763272Z A path returned 202. Retrying...
2024-01-25T01:17:41.1763561Z A path returned 202. Retrying...
2024-01-25T01:17:41.1763850Z A path returned 202. Retrying...
2024-01-25T01:17:41.1764145Z A path returned 202. Retrying...
2024-01-25T01:17:41.1764434Z A path returned 202. Retrying...
2024-01-25T01:17:41.1764721Z A path returned 202. Retrying...
2024-01-25T01:17:41.1765012Z A path returned 202. Retrying...
2024-01-25T01:17:41.1765305Z A path returned 202. Retrying...
2024-01-25T01:17:41.1765595Z A path returned 202. Retrying...
2024-01-25T01:17:41.1765886Z A path returned 202. Retrying...
2024-01-25T01:17:41.1766180Z A path returned 202. Retrying...
2024-01-25T01:17:41.1766470Z A path returned 202. Retrying...
2024-01-25T01:17:41.1766758Z A path returned 202. Retrying...
2024-01-25T01:17:41.1767049Z A path returned 202. Retrying...
2024-01-25T01:17:41.1767339Z A path returned 202. Retrying...
2024-01-25T01:17:41.1767631Z A path returned 202. Retrying...
2024-01-25T01:17:41.1767920Z A path returned 202. Retrying...
2024-01-25T01:17:41.1768212Z A path returned 202. Retrying...
2024-01-25T01:17:41.1768501Z A path returned 202. Retrying...
2024-01-25T01:17:41.1768792Z A path returned 202. Retrying...
2024-01-25T01:17:41.1769084Z A path returned 202. Retrying...
2024-01-25T01:17:41.1769373Z A path returned 202. Retrying...
2024-01-25T01:17:41.1769678Z A path returned 202. Retrying...
2024-01-25T01:17:41.1769973Z A path returned 202. Retrying...
2024-01-25T01:17:41.1770393Z A path returned 202. Retrying...
2024-01-25T01:17:41.1770684Z A path returned 202. Retrying...
2024-01-25T01:17:41.1770968Z A path returned 202. Retrying...
2024-01-25T01:17:41.1771258Z A path returned 202. Retrying...
2024-01-25T01:17:41.1771546Z A path returned 202. Retrying...
2024-01-25T01:17:41.1771836Z A path returned 202. Retrying...
2024-01-25T01:17:41.1772125Z A path returned 202. Retrying...
2024-01-25T01:17:41.1772413Z A path returned 202. Retrying...
2024-01-25T01:17:41.1772702Z A path returned 202. Retrying...
2024-01-25T01:17:41.1772986Z A path returned 202. Retrying...
2024-01-25T01:17:41.1773278Z A path returned 202. Retrying...
2024-01-25T01:17:41.1773567Z A path returned 202. Retrying...
2024-01-25T01:17:41.1773863Z A path returned 202. Retrying...
2024-01-25T01:17:41.1774157Z A path returned 202. Retrying...
2024-01-25T01:17:41.1774448Z A path returned 202. Retrying...
2024-01-25T01:17:41.1774741Z A path returned 202. Retrying...
2024-01-25T01:17:41.1775039Z A path returned 202. Retrying...
2024-01-25T01:17:41.1775334Z A path returned 202. Retrying...
2024-01-25T01:26:32.7366947Z A path returned 202. Retrying...
2024-01-25T01:26:32.7367706Z A path returned 202. Retrying...
2024-01-25T01:26:32.7368198Z A path returned 202. Retrying...
2024-01-25T01:26:32.7368662Z A path returned 202. Retrying...
2024-01-25T01:26:32.7369116Z A path returned 202. Retrying...
2024-01-25T01:26:32.7369587Z A path returned 202. Retrying...
2024-01-25T01:26:32.7370042Z A path returned 202. Retrying...
2024-01-25T01:26:32.7370488Z A path returned 202. Retrying...
2024-01-25T01:26:32.7370944Z A path returned 202. Retrying...
2024-01-25T01:26:32.7371408Z A path returned 202. Retrying...
2024-01-25T01:26:32.7371881Z A path returned 202. Retrying...
2024-01-25T01:26:32.7372836Z A path returned 202. Retrying...
2024-01-25T01:26:32.7373317Z A path returned 202. Retrying...
2024-01-25T01:26:32.7373661Z A path returned 202. Retrying...
2024-01-25T01:26:32.7373976Z A path returned 202. Retrying...
2024-01-25T01:26:32.7374285Z A path returned 202. Retrying...
2024-01-25T01:26:32.7374585Z A path returned 202. Retrying...
2024-01-25T01:26:32.7374883Z A path returned 202. Retrying...
2024-01-25T01:26:32.7375186Z A path returned 202. Retrying...
2024-01-25T01:26:32.7375481Z A path returned 202. Retrying...
2024-01-25T01:26:32.7375774Z A path returned 202. Retrying...
2024-01-25T01:26:32.7376062Z A path returned 202. Retrying...
2024-01-25T01:26:32.7376353Z A path returned 202. Retrying...
2024-01-25T01:26:32.7376644Z A path returned 202. Retrying...
2024-01-25T01:26:32.7376933Z A path returned 202. Retrying...
2024-01-25T01:26:32.7377222Z A path returned 202. Retrying...
2024-01-25T01:26:32.7377713Z A path returned 202. Retrying...
2024-01-25T01:26:32.7378008Z A path returned 202. Retrying...
2024-01-25T01:26:32.7378294Z A path returned 202. Retrying...
2024-01-25T01:26:32.7378584Z A path returned 202. Retrying...
2024-01-25T01:26:32.7378877Z A path returned 202. Retrying...
2024-01-25T01:26:32.7379170Z A path returned 202. Retrying...
2024-01-25T01:26:32.7379464Z A path returned 202. Retrying...
2024-01-25T01:26:32.7379754Z A path returned 202. Retrying...
2024-01-25T01:26:32.7380043Z A path returned 202. Retrying...
2024-01-25T01:26:32.7380328Z A path returned 202. Retrying...
2024-01-25T01:26:32.7380617Z A path returned 202. Retrying...
2024-01-25T01:26:32.7380906Z A path returned 202. Retrying...
2024-01-25T01:26:32.7381200Z A path returned 202. Retrying...
2024-01-25T01:26:32.7381494Z A path returned 202. Retrying...
2024-01-25T01:26:32.7381785Z A path returned 202. Retrying...
2024-01-25T01:26:32.7382089Z A path returned 202. Retrying...
2024-01-25T01:26:32.7382376Z A path returned 202. Retrying...
2024-01-25T01:26:32.7382667Z A path returned 202. Retrying...
2024-01-25T01:26:32.7382971Z A path returned 202. Retrying...
2024-01-25T01:26:32.7383259Z A path returned 202. Retrying...
2024-01-25T01:26:32.7383551Z A path returned 202. Retrying...
2024-01-25T01:26:32.7383840Z A path returned 202. Retrying...
2024-01-25T01:26:32.7384361Z A path returned 202. Retrying...
2024-01-25T01:26:32.7384647Z A path returned 202. Retrying...
2024-01-25T01:26:32.7384936Z A path returned 202. Retrying...
2024-01-25T01:26:32.7385225Z A path returned 202. Retrying...
2024-01-25T01:26:32.7385514Z A path returned 202. Retrying...
2024-01-25T01:26:32.7385802Z A path returned 202. Retrying...
2024-01-25T01:26:32.7386090Z A path returned 202. Retrying...
2024-01-25T01:26:32.7386378Z A path returned 202. Retrying...
2024-01-25T01:26:32.7386662Z A path returned 202. Retrying...
2024-01-25T01:26:32.7386954Z A path returned 202. Retrying...
2024-01-25T01:26:32.7387248Z A path returned 202. Retrying...
2024-01-25T01:26:32.7387540Z A path returned 202. Retrying...
2024-01-25T01:26:32.7387833Z A path returned 202. Retrying...
2024-01-25T01:26:32.7388123Z A path returned 202. Retrying...
2024-01-25T01:26:32.7388411Z A path returned 202. Retrying...
2024-01-25T01:26:32.7388694Z A path returned 202. Retrying...
2024-01-25T01:26:32.7388991Z A path returned 202. Retrying...
2024-01-25T01:26:32.7389281Z A path returned 202. Retrying...
2024-01-25T01:26:32.7389572Z A path returned 202. Retrying...
2024-01-25T01:26:32.7389858Z A path returned 202. Retrying...
2024-01-25T01:26:32.7390145Z A path returned 202. Retrying...
2024-01-25T01:26:32.7390432Z A path returned 202. Retrying...
2024-01-25T01:26:32.7390715Z A path returned 202. Retrying...
2024-01-25T01:26:32.7391009Z A path returned 202. Retrying...
2024-01-25T01:26:32.7391298Z A path returned 202. Retrying...
2024-01-25T01:26:32.7391590Z A path returned 202. Retrying...
2024-01-25T01:26:32.7391881Z A path returned 202. Retrying...
2024-01-25T01:26:32.7392170Z A path returned 202. Retrying...
2024-01-25T01:26:32.7392462Z A path returned 202. Retrying...
2024-01-25T01:26:32.7392873Z A path returned 202. Retrying...
2024-01-25T01:26:32.7393171Z A path returned 202. Retrying...
2024-01-25T01:26:32.7393462Z A path returned 202. Retrying...
2024-01-25T01:26:32.7393749Z A path returned 202. Retrying...
2024-01-25T01:26:32.7394044Z A path returned 202. Retrying...
2024-01-25T01:26:32.7394330Z A path returned 202. Retrying...
2024-01-25T01:26:32.7394622Z A path returned 202. Retrying...
2024-01-25T01:26:32.7394905Z A path returned 202. Retrying...
2024-01-25T01:26:32.7395192Z A path returned 202. Retrying...
2024-01-25T01:26:32.7395482Z A path returned 202. Retrying...
2024-01-25T01:26:32.7395771Z A path returned 202. Retrying...
2024-01-25T01:26:32.7396065Z A path returned 202. Retrying...
2024-01-25T01:26:32.7396353Z A path returned 202. Retrying...
2024-01-25T01:26:32.7396642Z A path returned 202. Retrying...
2024-01-25T01:26:32.7396930Z A path returned 202. Retrying...
2024-01-25T01:26:32.7397219Z A path returned 202. Retrying...
2024-01-25T01:26:32.7397514Z A path returned 202. Retrying...
2024-01-25T01:26:32.7397803Z A path returned 202. Retrying...
2024-01-25T01:26:32.7398089Z A path returned 202. Retrying...
2024-01-25T01:26:32.7398383Z A path returned 202. Retrying...
2024-01-25T01:26:32.7398676Z A path returned 202. Retrying...
2024-01-25T01:26:32.7398960Z A path returned 202. Retrying...
2024-01-25T01:26:32.7399247Z A path returned 202. Retrying...
2024-01-25T01:26:32.7399535Z A path returned 202. Retrying...
2024-01-25T01:26:32.7399823Z A path returned 202. Retrying...
2024-01-25T01:26:32.7400113Z A path returned 202. Retrying...
2024-01-25T01:26:32.7400401Z A path returned 202. Retrying...
2024-01-25T01:26:32.7400692Z A path returned 202. Retrying...
2024-01-25T01:26:32.7400976Z A path returned 202. Retrying...
2024-01-25T01:26:32.7401265Z A path returned 202. Retrying...
2024-01-25T01:26:32.7401552Z A path returned 202. Retrying...
2024-01-25T01:26:32.7401841Z A path returned 202. Retrying...
2024-01-25T01:26:32.7402128Z A path returned 202. Retrying...
2024-01-25T01:26:32.7402421Z A path returned 202. Retrying...
2024-01-25T01:26:32.7402711Z A path returned 202. Retrying...
2024-01-25T01:26:32.7402993Z A path returned 202. Retrying...
2024-01-25T01:26:32.7403305Z A path returned 202. Retrying...
2024-01-25T01:26:32.7403729Z A path returned 202. Retrying...
2024-01-25T01:26:32.7404022Z A path returned 202. Retrying...
2024-01-25T01:26:32.7404311Z A path returned 202. Retrying...
2024-01-25T01:26:32.7404597Z A path returned 202. Retrying...
2024-01-25T01:26:32.7404885Z A path returned 202. Retrying...
2024-01-25T01:26:32.7405169Z A path returned 202. Retrying...
2024-01-25T01:26:32.7405459Z A path returned 202. Retrying...
2024-01-25T01:26:32.7405747Z A path returned 202. Retrying...
2024-01-25T01:26:32.7406039Z A path returned 202. Retrying...
2024-01-25T01:26:32.7406327Z A path returned 202. Retrying...
2024-01-25T01:26:32.7406613Z A path returned 202. Retrying...
2024-01-25T01:26:32.7406901Z A path returned 202. Retrying...
2024-01-25T01:26:32.7407187Z A path returned 202. Retrying...
2024-01-25T01:26:32.7407477Z A path returned 202. Retrying...
2024-01-25T01:26:32.7407767Z A path returned 202. Retrying...
2024-01-25T01:26:32.7408057Z A path returned 202. Retrying...
2024-01-25T01:26:32.7408352Z A path returned 202. Retrying...
2024-01-25T01:26:32.7408639Z A path returned 202. Retrying...
2024-01-25T01:26:32.7408928Z A path returned 202. Retrying...
2024-01-25T01:26:32.7409216Z A path returned 202. Retrying...
2024-01-25T01:26:32.7409503Z A path returned 202. Retrying...
2024-01-25T01:26:32.7409791Z A path returned 202. Retrying...
2024-01-25T01:26:32.7410081Z A path returned 202. Retrying...
2024-01-25T01:26:32.7410368Z A path returned 202. Retrying...
2024-01-25T01:26:32.7410654Z A path returned 202. Retrying...
2024-01-25T01:26:32.7410948Z A path returned 202. Retrying...
2024-01-25T01:26:32.7411227Z A path returned 202. Retrying...
2024-01-25T01:26:32.7411514Z A path returned 202. Retrying...
2024-01-25T01:26:32.7411804Z A path returned 202. Retrying...
2024-01-25T01:26:32.7412212Z A path returned 202. Retrying...
2024-01-25T01:26:32.7412512Z A path returned 202. Retrying...
2024-01-25T01:26:32.7412800Z A path returned 202. Retrying...
2024-01-25T01:26:32.7413097Z A path returned 202. Retrying...
2024-01-25T01:26:32.7413385Z A path returned 202. Retrying...
2024-01-25T01:26:32.7413675Z A path returned 202. Retrying...
2024-01-25T01:26:32.7413963Z A path returned 202. Retrying...
2024-01-25T01:26:32.7414251Z A path returned 202. Retrying...
2024-01-25T01:26:32.7414538Z A path returned 202. Retrying...
2024-01-25T01:26:32.7414834Z A path returned 202. Retrying...
2024-01-25T01:26:32.7415130Z A path returned 202. Retrying...
2024-01-25T01:26:32.7415415Z A path returned 202. Retrying...
2024-01-25T01:26:32.7415706Z A path returned 202. Retrying...
2024-01-25T01:26:32.7415997Z A path returned 202. Retrying...
2024-01-25T01:26:32.7416289Z A path returned 202. Retrying...
2024-01-25T01:26:32.7416578Z A path returned 202. Retrying...
2024-01-25T01:26:32.7416877Z A path returned 202. Retrying...
2024-01-25T01:26:32.7417179Z A path returned 202. Retrying...
2024-01-25T01:26:32.7417597Z A path returned 202. Retrying...
2024-01-25T01:26:32.7417894Z A path returned 202. Retrying...
2024-01-25T01:26:32.7418194Z A path returned 202. Retrying...
2024-01-25T01:26:32.7418494Z A path returned 202. Retrying...
2024-01-25T01:26:32.7418789Z A path returned 202. Retrying...
2024-01-25T01:26:32.7419086Z A path returned 202. Retrying...
2024-01-25T01:26:32.7419377Z A path returned 202. Retrying...
2024-01-25T01:26:32.7419665Z A path returned 202. Retrying...
2024-01-25T01:26:32.7419955Z A path returned 202. Retrying...
2024-01-25T01:26:32.7420250Z A path returned 202. Retrying...
2024-01-25T01:26:32.7420539Z A path returned 202. Retrying...
2024-01-25T01:26:32.7420833Z A path returned 202. Retrying...
2024-01-25T01:26:32.7421124Z A path returned 202. Retrying...
2024-01-25T01:26:32.7421417Z A path returned 202. Retrying...
2024-01-25T01:26:32.7421701Z A path returned 202. Retrying...
2024-01-25T01:26:32.7422034Z A path returned 202. Retrying...
2024-01-25T01:26:32.7422325Z A path returned 202. Retrying...
2024-01-25T01:26:32.7422618Z A path returned 202. Retrying...
2024-01-25T01:26:32.7422905Z A path returned 202. Retrying...
2024-01-25T01:26:32.7423360Z A path returned 202. Retrying...
2024-01-25T01:26:32.7423650Z A path returned 202. Retrying...
2024-01-25T01:26:32.7423934Z A path returned 202. Retrying...
2024-01-25T01:26:32.7424223Z A path returned 202. Retrying...
2024-01-25T01:26:32.7424515Z A path returned 202. Retrying...
2024-01-25T01:26:32.7424807Z A path returned 202. Retrying...
2024-01-25T01:26:32.7425097Z A path returned 202. Retrying...
2024-01-25T01:26:32.7425389Z A path returned 202. Retrying...
2024-01-25T01:26:32.7425679Z A path returned 202. Retrying...
2024-01-25T01:26:32.7425965Z A path returned 202. Retrying...
2024-01-25T01:26:32.7426258Z A path returned 202. Retrying...
2024-01-25T01:26:32.7426549Z A path returned 202. Retrying...
2024-01-25T01:26:32.7426846Z A path returned 202. Retrying...
2024-01-25T01:26:32.7427142Z A path returned 202. Retrying...
2024-01-25T01:26:32.7427432Z A path returned 202. Retrying...
2024-01-25T01:26:32.7427725Z A path returned 202. Retrying...
2024-01-25T01:26:32.7428014Z A path returned 202. Retrying...
2024-01-25T01:26:32.7428300Z A path returned 202. Retrying...
2024-01-25T01:26:32.7428592Z A path returned 202. Retrying...
2024-01-25T01:26:32.7428882Z A path returned 202. Retrying...
2024-01-25T01:26:32.7429181Z A path returned 202. Retrying...
2024-01-25T01:26:32.7429474Z A path returned 202. Retrying...
2024-01-25T01:26:32.7429763Z A path returned 202. Retrying...
2024-01-25T01:26:32.7430048Z A path returned 202. Retrying...
2024-01-25T01:26:32.7430338Z A path returned 202. Retrying...
2024-01-25T01:26:32.7430628Z A path returned 202. Retrying...
2024-01-25T01:26:32.7430920Z A path returned 202. Retrying...
2024-01-25T01:26:32.7431208Z A path returned 202. Retrying...
2024-01-25T01:26:32.7431497Z A path returned 202. Retrying...
2024-01-25T01:26:32.7431936Z A path returned 202. Retrying...
2024-01-25T01:26:32.7432229Z A path returned 202. Retrying...
2024-01-25T01:26:32.7432518Z A path returned 202. Retrying...
2024-01-25T01:26:32.7432811Z A path returned 202. Retrying...
2024-01-25T01:26:32.7433107Z A path returned 202. Retrying...
2024-01-25T01:26:32.7433396Z A path returned 202. Retrying...
2024-01-25T01:26:32.7433690Z A path returned 202. Retrying...
2024-01-25T01:26:32.7433981Z A path returned 202. Retrying...
2024-01-25T01:26:32.7434267Z A path returned 202. Retrying...
2024-01-25T01:26:32.7434557Z A path returned 202. Retrying...
2024-01-25T01:26:32.7434846Z A path returned 202. Retrying...
2024-01-25T01:26:32.7435136Z A path returned 202. Retrying...
2024-01-25T01:26:32.7435426Z A path returned 202. Retrying...
2024-01-25T01:26:32.7435715Z A path returned 202. Retrying...
2024-01-25T01:26:32.7436007Z A path returned 202. Retrying...
2024-01-25T01:26:32.7436292Z A path returned 202. Retrying...
2024-01-25T01:26:32.7436589Z A path returned 202. Retrying...
2024-01-25T01:26:32.7436882Z A path returned 202. Retrying...
2024-01-25T01:26:32.7437171Z A path returned 202. Retrying...
2024-01-25T01:26:32.7437463Z A path returned 202. Retrying...
2024-01-25T01:26:32.7437760Z A path returned 202. Retrying...
2024-01-25T01:26:32.7438048Z A path returned 202. Retrying...
2024-01-25T01:26:32.7438334Z A path returned 202. Retrying...
2024-01-25T01:26:32.7438621Z A path returned 202. Retrying...
2024-01-25T01:26:32.7438910Z A path returned 202. Retrying...
2024-01-25T01:26:32.7439202Z A path returned 202. Retrying...
2024-01-25T01:26:32.7439491Z A path returned 202. Retrying...
2024-01-25T01:26:32.7439784Z A path returned 202. Retrying...
2024-01-25T01:26:32.7440076Z A path returned 202. Retrying...
2024-01-25T01:26:32.7440358Z A path returned 202. Retrying...
2024-01-25T01:26:32.7440646Z A path returned 202. Retrying...
2024-01-25T01:26:32.7440941Z A path returned 202. Retrying...
2024-01-25T01:26:32.7441234Z A path returned 202. Retrying...
2024-01-25T01:26:32.7441530Z A path returned 202. Retrying...
2024-01-25T01:26:32.7441821Z A path returned 202. Retrying...
2024-01-25T01:26:32.7442111Z A path returned 202. Retrying...
2024-01-25T01:26:32.7442398Z A path returned 202. Retrying...
2024-01-25T01:26:32.7442841Z A path returned 202. Retrying...
2024-01-25T01:26:32.7443130Z A path returned 202. Retrying...
2024-01-25T01:35:57.2309852Z A path returned 202. Retrying...
2024-01-25T01:35:57.2310557Z A path returned 202. Retrying...
2024-01-25T01:35:57.2311068Z A path returned 202. Retrying...
2024-01-25T01:35:57.2311550Z A path returned 202. Retrying...
2024-01-25T01:35:57.2312022Z A path returned 202. Retrying...
2024-01-25T01:35:57.2312499Z A path returned 202. Retrying...
2024-01-25T01:35:57.2312976Z A path returned 202. Retrying...
2024-01-25T01:35:57.2313440Z A path returned 202. Retrying...
2024-01-25T01:35:57.2313895Z A path returned 202. Retrying...
2024-01-25T01:35:57.2314352Z A path returned 202. Retrying...
2024-01-25T01:35:57.2314827Z A path returned 202. Retrying...
2024-01-25T01:35:57.2315293Z A path returned 202. Retrying...
2024-01-25T01:35:57.2315766Z A path returned 202. Retrying...
2024-01-25T01:35:57.2316240Z A path returned 202. Retrying...
2024-01-25T01:35:57.2316688Z A path returned 202. Retrying...
2024-01-25T01:35:57.2317158Z A path returned 202. Retrying...
2024-01-25T01:35:57.2317635Z A path returned 202. Retrying...
2024-01-25T01:35:57.2318080Z A path returned 202. Retrying...
2024-01-25T01:35:57.2318527Z A path returned 202. Retrying...
2024-01-25T01:35:57.2318974Z A path returned 202. Retrying...
2024-01-25T01:35:57.2319439Z A path returned 202. Retrying...
2024-01-25T01:35:57.2319881Z A path returned 202. Retrying...
2024-01-25T01:35:57.2320316Z A path returned 202. Retrying...
2024-01-25T01:35:57.2320756Z A path returned 202. Retrying...
2024-01-25T01:35:57.2321198Z A path returned 202. Retrying...
2024-01-25T01:35:57.2321647Z A path returned 202. Retrying...
2024-01-25T01:35:57.2322101Z A path returned 202. Retrying...
2024-01-25T01:35:57.2322866Z A path returned 202. Retrying...
2024-01-25T01:35:57.2323325Z A path returned 202. Retrying...
2024-01-25T01:35:57.2323768Z A path returned 202. Retrying...
2024-01-25T01:35:57.2324236Z A path returned 202. Retrying...
2024-01-25T01:35:57.2324718Z A path returned 202. Retrying...
2024-01-25T01:35:57.2325192Z A path returned 202. Retrying...
2024-01-25T01:35:57.2325654Z A path returned 202. Retrying...
2024-01-25T01:35:57.2326127Z A path returned 202. Retrying...
2024-01-25T01:35:57.2326599Z A path returned 202. Retrying...
2024-01-25T01:35:57.2327063Z A path returned 202. Retrying...
2024-01-25T01:35:57.2327523Z A path returned 202. Retrying...
2024-01-25T01:35:57.2327969Z A path returned 202. Retrying...
2024-01-25T01:35:57.2328458Z A path returned 202. Retrying...
2024-01-25T01:35:57.2328906Z A path returned 202. Retrying...
2024-01-25T01:35:57.2329364Z A path returned 202. Retrying...
2024-01-25T01:35:57.2329916Z A path returned 202. Retrying...
2024-01-25T01:35:57.2330407Z A path returned 202. Retrying...
2024-01-25T01:35:57.2330866Z A path returned 202. Retrying...
2024-01-25T01:35:57.2331311Z A path returned 202. Retrying...
2024-01-25T01:35:57.2331765Z A path returned 202. Retrying...
2024-01-25T01:35:57.2332228Z A path returned 202. Retrying...
2024-01-25T01:35:57.2332687Z A path returned 202. Retrying...
2024-01-25T01:35:57.2333148Z A path returned 202. Retrying...
2024-01-25T01:35:57.2333621Z A path returned 202. Retrying...
2024-01-25T01:35:57.2334090Z A path returned 202. Retrying...
2024-01-25T01:35:57.2334541Z A path returned 202. Retrying...
2024-01-25T01:35:57.2334993Z A path returned 202. Retrying...
2024-01-25T01:35:57.2335469Z A path returned 202. Retrying...
2024-01-25T01:35:57.2335937Z A path returned 202. Retrying...
2024-01-25T01:35:57.2336481Z A path returned 202. Retrying...
2024-01-25T01:35:57.2336938Z A path returned 202. Retrying...
2024-01-25T01:35:57.2337590Z A path returned 202. Retrying...
2024-01-25T01:35:57.2338064Z A path returned 202. Retrying...
2024-01-25T01:35:57.2338516Z A path returned 202. Retrying...
2024-01-25T01:35:57.2338970Z A path returned 202. Retrying...
2024-01-25T01:35:57.2339468Z A path returned 202. Retrying...
2024-01-25T01:35:57.2339931Z A path returned 202. Retrying...
2024-01-25T01:35:57.2340688Z A path returned 202. Retrying...
2024-01-25T01:35:57.2341150Z A path returned 202. Retrying...
2024-01-25T01:35:57.2341607Z A path returned 202. Retrying...
2024-01-25T01:35:57.2342066Z A path returned 202. Retrying...
2024-01-25T01:35:57.2342529Z A path returned 202. Retrying...
2024-01-25T01:35:57.2342979Z A path returned 202. Retrying...
2024-01-25T01:35:57.2343433Z A path returned 202. Retrying...
2024-01-25T01:35:57.2343894Z A path returned 202. Retrying...
2024-01-25T01:35:57.2344356Z A path returned 202. Retrying...
2024-01-25T01:35:57.2344811Z A path returned 202. Retrying...
2024-01-25T01:35:57.2345255Z A path returned 202. Retrying...
2024-01-25T01:35:57.2345709Z A path returned 202. Retrying...
2024-01-25T01:35:57.2346171Z A path returned 202. Retrying...
2024-01-25T01:35:57.2346640Z A path returned 202. Retrying...
2024-01-25T01:35:57.2347107Z A path returned 202. Retrying...
2024-01-25T01:35:57.2347555Z A path returned 202. Retrying...
2024-01-25T01:35:57.2348024Z A path returned 202. Retrying...
2024-01-25T01:35:57.2348535Z A path returned 202. Retrying...
2024-01-25T01:35:57.2349033Z A path returned 202. Retrying...
2024-01-25T01:35:57.2349538Z A path returned 202. Retrying...
2024-01-25T01:35:57.2350028Z A path returned 202. Retrying...
2024-01-25T01:35:57.2350522Z A path returned 202. Retrying...
2024-01-25T01:35:57.2351016Z A path returned 202. Retrying...
2024-01-25T01:35:57.2351513Z A path returned 202. Retrying...
2024-01-25T01:35:57.2352009Z A path returned 202. Retrying...
2024-01-25T01:35:57.2352523Z A path returned 202. Retrying...
2024-01-25T01:35:57.2353016Z A path returned 202. Retrying...
2024-01-25T01:35:57.2353525Z A path returned 202. Retrying...
2024-01-25T01:35:57.2354021Z A path returned 202. Retrying...
2024-01-25T01:35:57.2354756Z A path returned 202. Retrying...
2024-01-25T01:35:57.2355268Z A path returned 202. Retrying...
2024-01-25T01:35:57.2355763Z A path returned 202. Retrying...
2024-01-25T01:35:57.2356276Z A path returned 202. Retrying...
2024-01-25T01:35:57.2356798Z A path returned 202. Retrying...
2024-01-25T01:35:57.2357314Z A path returned 202. Retrying...
2024-01-25T01:35:57.2357836Z A path returned 202. Retrying...
2024-01-25T01:35:57.2358355Z A path returned 202. Retrying...
2024-01-25T01:35:57.2358865Z A path returned 202. Retrying...
2024-01-25T01:35:57.2359384Z A path returned 202. Retrying...
2024-01-25T01:35:57.2359917Z A path returned 202. Retrying...
2024-01-25T01:35:57.2360450Z A path returned 202. Retrying...
2024-01-25T01:35:57.2360971Z A path returned 202. Retrying...
2024-01-25T01:35:57.2361502Z A path returned 202. Retrying...
2024-01-25T01:35:57.2362020Z A path returned 202. Retrying...
2024-01-25T01:35:57.2362526Z A path returned 202. Retrying...
2024-01-25T01:35:57.2363048Z A path returned 202. Retrying...
2024-01-25T01:35:57.2363564Z A path returned 202. Retrying...
2024-01-25T01:35:57.2364077Z A path returned 202. Retrying...
2024-01-25T01:35:57.2364586Z A path returned 202. Retrying...
2024-01-25T01:35:57.2365104Z A path returned 202. Retrying...
2024-01-25T01:35:57.2365644Z A path returned 202. Retrying...
2024-01-25T01:35:57.2366169Z A path returned 202. Retrying...
2024-01-25T01:35:57.2366689Z A path returned 202. Retrying...
2024-01-25T01:35:57.2367217Z A path returned 202. Retrying...
2024-01-25T01:35:57.2367742Z A path returned 202. Retrying...
2024-01-25T01:35:57.2368263Z A path returned 202. Retrying...
2024-01-25T01:35:57.2368740Z A path returned 202. Retrying...
2024-01-25T01:35:57.2369181Z A path returned 202. Retrying...
2024-01-25T01:35:57.2369613Z A path returned 202. Retrying...
2024-01-25T01:35:57.2370047Z A path returned 202. Retrying...
2024-01-25T01:35:57.2370475Z A path returned 202. Retrying...
2024-01-25T01:35:57.2370909Z A path returned 202. Retrying...
2024-01-25T01:35:57.2371438Z A path returned 202. Retrying...
2024-01-25T01:35:57.2371951Z A path returned 202. Retrying...
2024-01-25T01:35:57.2372428Z A path returned 202. Retrying...
2024-01-25T01:35:57.2372887Z A path returned 202. Retrying...
2024-01-25T01:35:57.2373641Z A path returned 202. Retrying...
2024-01-25T01:35:57.2374174Z A path returned 202. Retrying...
2024-01-25T01:35:57.2374675Z A path returned 202. Retrying...
2024-01-25T01:35:57.2375176Z A path returned 202. Retrying...
2024-01-25T01:35:57.2375681Z A path returned 202. Retrying...
2024-01-25T01:35:57.2376174Z A path returned 202. Retrying...
2024-01-25T01:35:57.2376651Z A path returned 202. Retrying...
2024-01-25T01:35:57.2377126Z A path returned 202. Retrying...
2024-01-25T01:35:57.2377818Z A path returned 202. Retrying...
2024-01-25T01:35:57.2378349Z A path returned 202. Retrying...
2024-01-25T01:35:57.2378912Z A path returned 202. Retrying...
2024-01-25T01:35:57.2379446Z A path returned 202. Retrying...
2024-01-25T01:35:57.2379987Z A path returned 202. Retrying...
2024-01-25T01:35:57.2380512Z A path returned 202. Retrying...
2024-01-25T01:35:57.2381042Z A path returned 202. Retrying...
2024-01-25T01:35:57.2381577Z A path returned 202. Retrying...
2024-01-25T01:35:57.2382111Z A path returned 202. Retrying...
2024-01-25T01:35:57.2382652Z A path returned 202. Retrying...
2024-01-25T01:35:57.2383181Z A path returned 202. Retrying...
2024-01-25T01:35:57.2383716Z A path returned 202. Retrying...
2024-01-25T01:35:57.2384246Z A path returned 202. Retrying...
2024-01-25T01:35:57.2384777Z A path returned 202. Retrying...
2024-01-25T01:35:57.2385308Z A path returned 202. Retrying...
2024-01-25T01:35:57.2385841Z A path returned 202. Retrying...
2024-01-25T01:35:57.2386368Z A path returned 202. Retrying...
2024-01-25T01:35:57.2386903Z A path returned 202. Retrying...
2024-01-25T01:35:57.2387436Z A path returned 202. Retrying...
2024-01-25T01:35:57.2387968Z A path returned 202. Retrying...
2024-01-25T01:35:57.2388506Z A path returned 202. Retrying...
2024-01-25T01:35:57.2389248Z A path returned 202. Retrying...
2024-01-25T01:35:57.2389795Z A path returned 202. Retrying...
2024-01-25T01:35:57.2390325Z A path returned 202. Retrying...
2024-01-25T01:35:57.2390853Z A path returned 202. Retrying...
2024-01-25T01:35:57.2391394Z A path returned 202. Retrying...
2024-01-25T01:35:57.2391919Z A path returned 202. Retrying...
2024-01-25T01:35:57.2392444Z A path returned 202. Retrying...
2024-01-25T01:35:57.2392975Z A path returned 202. Retrying...
2024-01-25T01:35:57.2393491Z A path returned 202. Retrying...
2024-01-25T01:35:57.2394000Z A path returned 202. Retrying...
2024-01-25T01:35:57.2394514Z A path returned 202. Retrying...
2024-01-25T01:35:57.2395022Z A path returned 202. Retrying...
2024-01-25T01:35:57.2395537Z A path returned 202. Retrying...
2024-01-25T01:35:57.2396056Z A path returned 202. Retrying...
2024-01-25T01:35:57.2396591Z A path returned 202. Retrying...
2024-01-25T01:35:57.2397134Z A path returned 202. Retrying...
2024-01-25T01:35:57.2397683Z A path returned 202. Retrying...
2024-01-25T01:35:57.2398221Z A path returned 202. Retrying...
2024-01-25T01:35:57.2398762Z A path returned 202. Retrying...
2024-01-25T01:35:57.2399292Z A path returned 202. Retrying...
2024-01-25T01:35:57.2399830Z A path returned 202. Retrying...
2024-01-25T01:35:57.2400366Z A path returned 202. Retrying...
2024-01-25T01:35:57.2400907Z A path returned 202. Retrying...
2024-01-25T01:35:57.2401447Z A path returned 202. Retrying...
2024-01-25T01:35:57.2401977Z A path returned 202. Retrying...
2024-01-25T01:35:57.2402493Z A path returned 202. Retrying...
2024-01-25T01:35:57.2402997Z A path returned 202. Retrying...
2024-01-25T01:35:57.2403476Z A path returned 202. Retrying...
2024-01-25T01:35:57.2403973Z A path returned 202. Retrying...
2024-01-25T01:35:57.2404498Z A path returned 202. Retrying...
2024-01-25T01:35:57.2405022Z A path returned 202. Retrying...
2024-01-25T01:35:57.2405546Z A path returned 202. Retrying...
2024-01-25T01:35:57.2406059Z A path returned 202. Retrying...
2024-01-25T01:35:57.2406575Z A path returned 202. Retrying...
2024-01-25T01:35:57.2407091Z A path returned 202. Retrying...
2024-01-25T01:35:57.2407591Z A path returned 202. Retrying...
2024-01-25T01:35:57.2408038Z A path returned 202. Retrying...
2024-01-25T01:35:57.2408680Z A path returned 202. Retrying...
2024-01-25T01:35:57.2409103Z A path returned 202. Retrying...
2024-01-25T01:35:57.2409529Z A path returned 202. Retrying...
2024-01-25T01:35:57.2409952Z A path returned 202. Retrying...
2024-01-25T01:35:57.2410443Z A path returned 202. Retrying...
2024-01-25T01:35:57.2410973Z A path returned 202. Retrying...
2024-01-25T01:35:57.2411499Z A path returned 202. Retrying...
2024-01-25T01:35:57.2412032Z A path returned 202. Retrying...
2024-01-25T01:35:57.2412544Z A path returned 202. Retrying...
2024-01-25T01:35:57.2413023Z A path returned 202. Retrying...
2024-01-25T01:35:57.2413498Z A path returned 202. Retrying...
2024-01-25T01:35:57.2413983Z A path returned 202. Retrying...
2024-01-25T01:35:57.2414488Z A path returned 202. Retrying...
2024-01-25T01:35:57.2414983Z A path returned 202. Retrying...
2024-01-25T01:35:57.2415471Z A path returned 202. Retrying...
2024-01-25T01:35:57.2415954Z A path returned 202. Retrying...
2024-01-25T01:35:57.2416451Z A path returned 202. Retrying...
2024-01-25T01:35:57.2416936Z A path returned 202. Retrying...
2024-01-25T01:35:57.2417612Z A path returned 202. Retrying...
2024-01-25T01:35:57.2418114Z A path returned 202. Retrying...
2024-01-25T01:35:57.2418619Z A path returned 202. Retrying...
2024-01-25T01:35:57.2419098Z A path returned 202. Retrying...
2024-01-25T01:35:57.2419570Z A path returned 202. Retrying...
2024-01-25T01:35:57.2420037Z A path returned 202. Retrying...
2024-01-25T01:35:57.2420515Z A path returned 202. Retrying...
2024-01-25T01:35:57.2421002Z A path returned 202. Retrying...
2024-01-25T01:35:57.2421492Z A path returned 202. Retrying...
2024-01-25T01:35:57.2421971Z A path returned 202. Retrying...
2024-01-25T01:35:57.2422461Z A path returned 202. Retrying...
2024-01-25T01:35:57.2423172Z A path returned 202. Retrying...
2024-01-25T01:35:57.2423691Z A path returned 202. Retrying...
2024-01-25T01:35:57.2424169Z A path returned 202. Retrying...
2024-01-25T01:35:57.2424664Z A path returned 202. Retrying...
2024-01-25T01:35:57.2425162Z A path returned 202. Retrying...
2024-01-25T01:35:57.2539560Z ##[group]Run git config --global user.name "jstrieb/github-stats"
2024-01-25T01:35:57.2540199Z [36;1mgit config --global user.name "jstrieb/github-stats"[0m
2024-01-25T01:35:57.2540802Z [36;1mgit config --global user.email "github-stats[bot]@jstrieb.github.io"[0m
2024-01-25T01:35:57.2541278Z [36;1mgit add .[0m
2024-01-25T01:35:57.2541663Z [36;1m# Force the build to succeed, even if no files were changed[0m
2024-01-25T01:35:57.2542192Z [36;1mgit commit -m 'Update generated files' || true[0m
2024-01-25T01:35:57.2542585Z [36;1mgit push[0m
2024-01-25T01:35:57.2598713Z shell: /usr/bin/bash -e {0}
2024-01-25T01:35:57.2599001Z env:
2024-01-25T01:35:57.2599309Z   pythonLocation: /opt/hostedtoolcache/Python/3.8.18/x64
2024-01-25T01:35:57.2599865Z   PKG_CONFIG_PATH: /opt/hostedtoolcache/Python/3.8.18/x64/lib/pkgconfig
2024-01-25T01:35:57.2600415Z   Python_ROOT_DIR: /opt/hostedtoolcache/Python/3.8.18/x64
2024-01-25T01:35:57.2600936Z   Python2_ROOT_DIR: /opt/hostedtoolcache/Python/3.8.18/x64
2024-01-25T01:35:57.2601403Z   Python3_ROOT_DIR: /opt/hostedtoolcache/Python/3.8.18/x64
2024-01-25T01:35:57.2601886Z   LD_LIBRARY_PATH: /opt/hostedtoolcache/Python/3.8.18/x64/lib
2024-01-25T01:35:57.2602277Z ##[endgroup]
2024-01-25T01:35:58.0453799Z [master 55d856b] Update generated files
2024-01-25T01:35:58.0454793Z  2 files changed, 154 insertions(+), 163 deletions(-)
2024-01-25T01:35:58.7775291Z To https://github.com/seanpm2001/GitHub_Stats_A
2024-01-25T01:35:58.7776301Z    47a2925..55d856b  master -> master
2024-01-25T01:35:58.7861259Z Post job cleanup.
2024-01-25T01:35:58.9065737Z Cache hit occurred on the primary key setup-python-Linux-22.04-Ubuntu-python-3.8.18-pip-60f2a6c0212a9b74a155cd81b58dd07fd8b180833132566260d95f4de42fe218, not saving cache.
2024-01-25T01:35:58.9173706Z Post job cleanup.
2024-01-25T01:35:58.9999958Z [command]/usr/bin/git version
2024-01-25T01:35:59.0045563Z git version 2.43.0
2024-01-25T01:35:59.0081324Z Copying '/home/runner/.gitconfig' to '/home/runner/work/_temp/0e603539-5e51-4c6f-985a-b273010498cb/.gitconfig'
2024-01-25T01:35:59.0092576Z Temporarily overriding HOME='/home/runner/work/_temp/0e603539-5e51-4c6f-985a-b273010498cb' before making global git config changes
2024-01-25T01:35:59.0094347Z Adding repository directory to the temporary git global config as a safe directory
2024-01-25T01:35:59.0098710Z [command]/usr/bin/git config --global --add safe.directory /home/runner/work/GitHub_Stats_A/GitHub_Stats_A
2024-01-25T01:35:59.0141299Z [command]/usr/bin/git config --local --name-only --get-regexp core\.sshCommand
2024-01-25T01:35:59.0180430Z [command]/usr/bin/git submodule foreach --recursive sh -c "git config --local --name-only --get-regexp 'core\.sshCommand' && git config --local --unset-all 'core.sshCommand' || :"
2024-01-25T01:35:59.0452831Z [command]/usr/bin/git config --local --name-only --get-regexp http\.https\:\/\/github\.com\/\.extraheader
2024-01-25T01:35:59.0482912Z http.https://github.com/.extraheader
2024-01-25T01:35:59.0492954Z [command]/usr/bin/git config --local --unset-all http.https://github.com/.extraheader
2024-01-25T01:35:59.0532999Z [command]/usr/bin/git submodule foreach --recursive sh -c "git config --local --name-only --get-regexp 'http\.https\:\/\/github\.com\/\.extraheader' && git config --local --unset-all 'http.https://github.com/.extraheader' || :"
2024-01-25T01:35:59.1018762Z Cleaning up orphan processes
