2024-01-01T00:27:03.0082759Z Requested labels: ubuntu-latest
2024-01-01T00:27:03.0082974Z Job defined at: seanpm2001/GitHub_Stats_A/.github/workflows/main.yml@refs/heads/master
2024-01-01T00:27:03.0083111Z Waiting for a runner to pick up this job...
2024-01-01T00:27:03.7723809Z Job is waiting for a hosted runner to come online.
2024-01-01T00:27:05.4530054Z Job is about to start running on the hosted runner: GitHub Actions 2 (hosted)
2024-01-01T00:27:07.5306411Z Current runner version: '2.311.0'
2024-01-01T00:27:07.5328169Z ##[group]Operating System
2024-01-01T00:27:07.5328884Z Ubuntu
2024-01-01T00:27:07.5329234Z 22.04.3
2024-01-01T00:27:07.5329574Z LTS
2024-01-01T00:27:07.5329977Z ##[endgroup]
2024-01-01T00:27:07.5330321Z ##[group]Runner Image
2024-01-01T00:27:07.5330769Z Image: ubuntu-22.04
2024-01-01T00:27:07.5331230Z Version: 20231217.2.0
2024-01-01T00:27:07.5332243Z Included Software: https://github.com/actions/runner-images/blob/ubuntu22/20231217.2/images/ubuntu/Ubuntu2204-Readme.md
2024-01-01T00:27:07.5333948Z Image Release: https://github.com/actions/runner-images/releases/tag/ubuntu22%2F20231217.2
2024-01-01T00:27:07.5335492Z ##[endgroup]
2024-01-01T00:27:07.5336240Z ##[group]Runner Image Provisioner
2024-01-01T00:27:07.5337047Z 2.0.321.1
2024-01-01T00:27:07.5337707Z ##[endgroup]
2024-01-01T00:27:07.5339022Z ##[group]GITHUB_TOKEN Permissions
2024-01-01T00:27:07.5341189Z Contents: write
2024-01-01T00:27:07.5341831Z Metadata: read
2024-01-01T00:27:07.5342664Z ##[endgroup]
2024-01-01T00:27:07.5346501Z Secret source: Actions
2024-01-01T00:27:07.5347054Z Prepare workflow directory
2024-01-01T00:27:07.5958850Z Prepare all required actions
2024-01-01T00:27:07.6113978Z Getting action download info
2024-01-01T00:27:07.8591499Z Download action repository 'actions/checkout@v3' (SHA:f43a0e5ff2bd294095638e18286ca9a3d1956744)
2024-01-01T00:27:07.9941005Z Download action repository 'actions/setup-python@v4' (SHA:65d7f2d534ac1bc67fcd62888c5f4f3d2cb2b236)
2024-01-01T00:27:08.2092459Z Complete job name: build
2024-01-01T00:27:08.2985807Z ##[group]Run actions/checkout@v3
2024-01-01T00:27:08.2986517Z with:
2024-01-01T00:27:08.2986906Z   repository: seanpm2001/GitHub_Stats_A
2024-01-01T00:27:08.2987649Z   token: ***
2024-01-01T00:27:08.2988120Z   ssh-strict: true
2024-01-01T00:27:08.2988598Z   persist-credentials: true
2024-01-01T00:27:08.2989034Z   clean: true
2024-01-01T00:27:08.2989514Z   sparse-checkout-cone-mode: true
2024-01-01T00:27:08.2990039Z   fetch-depth: 1
2024-01-01T00:27:08.2990441Z   fetch-tags: false
2024-01-01T00:27:08.2990864Z   lfs: false
2024-01-01T00:27:08.2991248Z   submodules: false
2024-01-01T00:27:08.2991654Z   set-safe-directory: true
2024-01-01T00:27:08.2992168Z ##[endgroup]
2024-01-01T00:27:08.4866235Z Syncing repository: seanpm2001/GitHub_Stats_A
2024-01-01T00:27:08.4868696Z ##[group]Getting Git version info
2024-01-01T00:27:08.4869871Z Working directory is '/home/runner/work/GitHub_Stats_A/GitHub_Stats_A'
2024-01-01T00:27:08.4871317Z [command]/usr/bin/git version
2024-01-01T00:27:08.4936002Z git version 2.43.0
2024-01-01T00:27:08.4959104Z ##[endgroup]
2024-01-01T00:27:08.4973177Z Temporarily overriding HOME='/home/runner/work/_temp/c30ba5f8-f2a3-472b-9318-516a0f139d45' before making global git config changes
2024-01-01T00:27:08.4975055Z Adding repository directory to the temporary git global config as a safe directory
2024-01-01T00:27:08.4978028Z [command]/usr/bin/git config --global --add safe.directory /home/runner/work/GitHub_Stats_A/GitHub_Stats_A
2024-01-01T00:27:08.5021091Z Deleting the contents of '/home/runner/work/GitHub_Stats_A/GitHub_Stats_A'
2024-01-01T00:27:08.5025073Z ##[group]Initializing the repository
2024-01-01T00:27:08.5028469Z [command]/usr/bin/git init /home/runner/work/GitHub_Stats_A/GitHub_Stats_A
2024-01-01T00:27:08.5094161Z hint: Using 'master' as the name for the initial branch. This default branch name
2024-01-01T00:27:08.5096836Z hint: is subject to change. To configure the initial branch name to use in all
2024-01-01T00:27:08.5099147Z hint: of your new repositories, which will suppress this warning, call:
2024-01-01T00:27:08.5100539Z hint: 
2024-01-01T00:27:08.5101886Z hint: 	git config --global init.defaultBranch <name>
2024-01-01T00:27:08.5103003Z hint: 
2024-01-01T00:27:08.5104201Z hint: Names commonly chosen instead of 'master' are 'main', 'trunk' and
2024-01-01T00:27:08.5106428Z hint: 'development'. The just-created branch can be renamed via this command:
2024-01-01T00:27:08.5107372Z hint: 
2024-01-01T00:27:08.5107840Z hint: 	git branch -m <name>
2024-01-01T00:27:08.5109420Z Initialized empty Git repository in /home/runner/work/GitHub_Stats_A/GitHub_Stats_A/.git/
2024-01-01T00:27:08.5117383Z [command]/usr/bin/git remote add origin https://github.com/seanpm2001/GitHub_Stats_A
2024-01-01T00:27:08.5174082Z ##[endgroup]
2024-01-01T00:27:08.5176017Z ##[group]Disabling automatic garbage collection
2024-01-01T00:27:08.5177900Z [command]/usr/bin/git config --local gc.auto 0
2024-01-01T00:27:08.5213403Z ##[endgroup]
2024-01-01T00:27:08.5214213Z ##[group]Setting up auth
2024-01-01T00:27:08.5218550Z [command]/usr/bin/git config --local --name-only --get-regexp core\.sshCommand
2024-01-01T00:27:08.5256090Z [command]/usr/bin/git submodule foreach --recursive sh -c "git config --local --name-only --get-regexp 'core\.sshCommand' && git config --local --unset-all 'core.sshCommand' || :"
2024-01-01T00:27:08.5559429Z [command]/usr/bin/git config --local --name-only --get-regexp http\.https\:\/\/github\.com\/\.extraheader
2024-01-01T00:27:08.5595345Z [command]/usr/bin/git submodule foreach --recursive sh -c "git config --local --name-only --get-regexp 'http\.https\:\/\/github\.com\/\.extraheader' && git config --local --unset-all 'http.https://github.com/.extraheader' || :"
2024-01-01T00:27:08.5835470Z [command]/usr/bin/git config --local http.https://github.com/.extraheader AUTHORIZATION: basic ***
2024-01-01T00:27:08.5876816Z ##[endgroup]
2024-01-01T00:27:08.5877761Z ##[group]Fetching the repository
2024-01-01T00:27:08.5885960Z [command]/usr/bin/git -c protocol.version=2 fetch --no-tags --prune --progress --no-recurse-submodules --depth=1 origin +0ed35a5a1068edc631a619bd560583c5f8246c66:refs/remotes/origin/master
2024-01-01T00:27:08.8918831Z remote: Enumerating objects: 9783, done.        
2024-01-01T00:27:08.8927878Z remote: Counting objects:   0% (1/9783)        
2024-01-01T00:27:08.8928944Z remote: Counting objects:   1% (98/9783)        
2024-01-01T00:27:08.8930000Z remote: Counting objects:   2% (196/9783)        
2024-01-01T00:27:08.8931266Z remote: Counting objects:   3% (294/9783)        
2024-01-01T00:27:08.8931986Z remote: Counting objects:   4% (392/9783)        
2024-01-01T00:27:08.8932814Z remote: Counting objects:   5% (490/9783)        
2024-01-01T00:27:08.8933660Z remote: Counting objects:   6% (587/9783)        
2024-01-01T00:27:08.8934234Z remote: Counting objects:   7% (685/9783)        
2024-01-01T00:27:08.8934889Z remote: Counting objects:   8% (783/9783)        
2024-01-01T00:27:08.8935672Z remote: Counting objects:   9% (881/9783)        
2024-01-01T00:27:08.8936387Z remote: Counting objects:  10% (979/9783)        
2024-01-01T00:27:08.8937193Z remote: Counting objects:  11% (1077/9783)        
2024-01-01T00:27:08.8937765Z remote: Counting objects:  12% (1174/9783)        
2024-01-01T00:27:08.8938579Z remote: Counting objects:  13% (1272/9783)        
2024-01-01T00:27:08.8939487Z remote: Counting objects:  14% (1370/9783)        
2024-01-01T00:27:08.8940008Z remote: Counting objects:  15% (1468/9783)        
2024-01-01T00:27:08.8940533Z remote: Counting objects:  16% (1566/9783)        
2024-01-01T00:27:08.8941100Z remote: Counting objects:  17% (1664/9783)        
2024-01-01T00:27:08.8941578Z remote: Counting objects:  18% (1761/9783)        
2024-01-01T00:27:08.8942106Z remote: Counting objects:  19% (1859/9783)        
2024-01-01T00:27:08.8942664Z remote: Counting objects:  20% (1957/9783)        
2024-01-01T00:27:08.8943152Z remote: Counting objects:  21% (2055/9783)        
2024-01-01T00:27:08.8943625Z remote: Counting objects:  22% (2153/9783)        
2024-01-01T00:27:08.8944200Z remote: Counting objects:  23% (2251/9783)        
2024-01-01T00:27:08.8944720Z remote: Counting objects:  24% (2348/9783)        
2024-01-01T00:27:08.8945550Z remote: Counting objects:  25% (2446/9783)        
2024-01-01T00:27:08.9104372Z remote: Counting objects:  26% (2544/9783)        
2024-01-01T00:27:08.9105890Z remote: Counting objects:  27% (2642/9783)        
2024-01-01T00:27:08.9106810Z remote: Counting objects:  28% (2740/9783)        
2024-01-01T00:27:08.9107950Z remote: Counting objects:  29% (2838/9783)        
2024-01-01T00:27:08.9109249Z remote: Counting objects:  30% (2935/9783)        
2024-01-01T00:27:08.9110435Z remote: Counting objects:  31% (3033/9783)        
2024-01-01T00:27:08.9111065Z remote: Counting objects:  32% (3131/9783)        
2024-01-01T00:27:08.9111707Z remote: Counting objects:  33% (3229/9783)        
2024-01-01T00:27:08.9112213Z remote: Counting objects:  34% (3327/9783)        
2024-01-01T00:27:08.9112778Z remote: Counting objects:  35% (3425/9783)        
2024-01-01T00:27:08.9113310Z remote: Counting objects:  36% (3522/9783)        
2024-01-01T00:27:08.9113804Z remote: Counting objects:  37% (3620/9783)        
2024-01-01T00:27:08.9114322Z remote: Counting objects:  38% (3718/9783)        
2024-01-01T00:27:08.9114879Z remote: Counting objects:  39% (3816/9783)        
2024-01-01T00:27:08.9115343Z remote: Counting objects:  40% (3914/9783)        
2024-01-01T00:27:08.9115850Z remote: Counting objects:  41% (4012/9783)        
2024-01-01T00:27:08.9116413Z remote: Counting objects:  42% (4109/9783)        
2024-01-01T00:27:08.9116914Z remote: Counting objects:  43% (4207/9783)        
2024-01-01T00:27:08.9117368Z remote: Counting objects:  44% (4305/9783)        
2024-01-01T00:27:08.9117923Z remote: Counting objects:  45% (4403/9783)        
2024-01-01T00:27:08.9118426Z remote: Counting objects:  46% (4501/9783)        
2024-01-01T00:27:08.9118911Z remote: Counting objects:  47% (4599/9783)        
2024-01-01T00:27:08.9119639Z remote: Counting objects:  48% (4696/9783)        
2024-01-01T00:27:08.9120173Z remote: Counting objects:  49% (4794/9783)        
2024-01-01T00:27:08.9120660Z remote: Counting objects:  50% (4892/9783)        
2024-01-01T00:27:08.9121237Z remote: Counting objects:  51% (4990/9783)        
2024-01-01T00:27:08.9121685Z remote: Counting objects:  52% (5088/9783)        
2024-01-01T00:27:08.9122169Z remote: Counting objects:  53% (5185/9783)        
2024-01-01T00:27:08.9122732Z remote: Counting objects:  54% (5283/9783)        
2024-01-01T00:27:08.9123218Z remote: Counting objects:  55% (5381/9783)        
2024-01-01T00:27:08.9123666Z remote: Counting objects:  56% (5479/9783)        
2024-01-01T00:27:08.9124232Z remote: Counting objects:  57% (5577/9783)        
2024-01-01T00:27:08.9124714Z remote: Counting objects:  58% (5675/9783)        
2024-01-01T00:27:08.9125158Z remote: Counting objects:  59% (5772/9783)        
2024-01-01T00:27:08.9125722Z remote: Counting objects:  60% (5870/9783)        
2024-01-01T00:27:08.9126205Z remote: Counting objects:  61% (5968/9783)        
2024-01-01T00:27:08.9126759Z remote: Counting objects:  62% (6066/9783)        
2024-01-01T00:27:08.9127206Z remote: Counting objects:  63% (6164/9783)        
2024-01-01T00:27:08.9127803Z remote: Counting objects:  64% (6262/9783)        
2024-01-01T00:27:08.9128334Z remote: Counting objects:  65% (6359/9783)        
2024-01-01T00:27:08.9128811Z remote: Counting objects:  66% (6457/9783)        
2024-01-01T00:27:08.9129286Z remote: Counting objects:  67% (6555/9783)        
2024-01-01T00:27:08.9129838Z remote: Counting objects:  68% (6653/9783)        
2024-01-01T00:27:08.9130339Z remote: Counting objects:  69% (6751/9783)        
2024-01-01T00:27:08.9130904Z remote: Counting objects:  70% (6849/9783)        
2024-01-01T00:27:08.9131498Z remote: Counting objects:  71% (6946/9783)        
2024-01-01T00:27:08.9131951Z remote: Counting objects:  72% (7044/9783)        
2024-01-01T00:27:08.9132460Z remote: Counting objects:  73% (7142/9783)        
2024-01-01T00:27:08.9133027Z remote: Counting objects:  74% (7240/9783)        
2024-01-01T00:27:08.9133531Z remote: Counting objects:  75% (7338/9783)        
2024-01-01T00:27:08.9134010Z remote: Counting objects:  76% (7436/9783)        
2024-01-01T00:27:08.9134569Z remote: Counting objects:  77% (7533/9783)        
2024-01-01T00:27:08.9135056Z remote: Counting objects:  78% (7631/9783)        
2024-01-01T00:27:08.9135560Z remote: Counting objects:  79% (7729/9783)        
2024-01-01T00:27:08.9136241Z remote: Counting objects:  80% (7827/9783)        
2024-01-01T00:27:08.9136750Z remote: Counting objects:  81% (7925/9783)        
2024-01-01T00:27:08.9137253Z remote: Counting objects:  82% (8023/9783)        
2024-01-01T00:27:08.9137800Z remote: Counting objects:  83% (8120/9783)        
2024-01-01T00:27:08.9138271Z remote: Counting objects:  84% (8218/9783)        
2024-01-01T00:27:08.9138752Z remote: Counting objects:  85% (8316/9783)        
2024-01-01T00:27:08.9139317Z remote: Counting objects:  86% (8414/9783)        
2024-01-01T00:27:08.9139806Z remote: Counting objects:  87% (8512/9783)        
2024-01-01T00:27:08.9140256Z remote: Counting objects:  88% (8610/9783)        
2024-01-01T00:27:08.9140818Z remote: Counting objects:  89% (8707/9783)        
2024-01-01T00:27:08.9141298Z remote: Counting objects:  90% (8805/9783)        
2024-01-01T00:27:08.9141839Z remote: Counting objects:  91% (8903/9783)        
2024-01-01T00:27:08.9142305Z remote: Counting objects:  92% (9001/9783)        
2024-01-01T00:27:08.9142808Z remote: Counting objects:  93% (9099/9783)        
2024-01-01T00:27:08.9143353Z remote: Counting objects:  94% (9197/9783)        
2024-01-01T00:27:08.9143850Z remote: Counting objects:  95% (9294/9783)        
2024-01-01T00:27:08.9144296Z remote: Counting objects:  96% (9392/9783)        
2024-01-01T00:27:08.9144871Z remote: Counting objects:  97% (9490/9783)        
2024-01-01T00:27:08.9145608Z remote: Counting objects:  98% (9588/9783)        
2024-01-01T00:27:08.9146265Z remote: Counting objects:  99% (9686/9783)        
2024-01-01T00:27:08.9146832Z remote: Counting objects: 100% (9783/9783)        
2024-01-01T00:27:08.9147357Z remote: Counting objects: 100% (9783/9783), done.        
2024-01-01T00:27:08.9147909Z remote: Compressing objects:   0% (1/3795)        
2024-01-01T00:27:08.9148475Z remote: Compressing objects:   1% (38/3795)        
2024-01-01T00:27:08.9148971Z remote: Compressing objects:   2% (76/3795)        
2024-01-01T00:27:09.0147048Z remote: Compressing objects:   3% (114/3795)        
2024-01-01T00:27:09.0182653Z remote: Compressing objects:   4% (152/3795)        
2024-01-01T00:27:09.0201579Z remote: Compressing objects:   5% (190/3795)        
2024-01-01T00:27:09.0203005Z remote: Compressing objects:   6% (228/3795)        
2024-01-01T00:27:09.0204274Z remote: Compressing objects:   7% (266/3795)        
2024-01-01T00:27:09.0205232Z remote: Compressing objects:   8% (304/3795)        
2024-01-01T00:27:09.0206171Z remote: Compressing objects:   9% (342/3795)        
2024-01-01T00:27:09.0206985Z remote: Compressing objects:  10% (380/3795)        
2024-01-01T00:27:09.0207883Z remote: Compressing objects:  11% (418/3795)        
2024-01-01T00:27:09.0208524Z remote: Compressing objects:  12% (456/3795)        
2024-01-01T00:27:09.0209043Z remote: Compressing objects:  13% (494/3795)        
2024-01-01T00:27:09.0209553Z remote: Compressing objects:  14% (532/3795)        
2024-01-01T00:27:09.0210134Z remote: Compressing objects:  15% (570/3795)        
2024-01-01T00:27:09.0210668Z remote: Compressing objects:  16% (608/3795)        
2024-01-01T00:27:09.0211355Z remote: Compressing objects:  17% (646/3795)        
2024-01-01T00:27:09.0213945Z remote: Compressing objects:  18% (684/3795)        
2024-01-01T00:27:09.0233926Z remote: Compressing objects:  19% (722/3795)        
2024-01-01T00:27:09.0234993Z remote: Compressing objects:  20% (759/3795)        
2024-01-01T00:27:09.0235979Z remote: Compressing objects:  21% (797/3795)        
2024-01-01T00:27:09.0236944Z remote: Compressing objects:  22% (835/3795)        
2024-01-01T00:27:09.0238000Z remote: Compressing objects:  23% (873/3795)        
2024-01-01T00:27:09.0239175Z remote: Compressing objects:  24% (911/3795)        
2024-01-01T00:27:09.0240134Z remote: Compressing objects:  25% (949/3795)        
2024-01-01T00:27:09.0240899Z remote: Compressing objects:  26% (987/3795)        
2024-01-01T00:27:09.0241564Z remote: Compressing objects:  27% (1025/3795)        
2024-01-01T00:27:09.0242142Z remote: Compressing objects:  28% (1063/3795)        
2024-01-01T00:27:09.0242947Z remote: Compressing objects:  29% (1101/3795)        
2024-01-01T00:27:09.0415538Z remote: Compressing objects:  30% (1139/3795)        
2024-01-01T00:27:09.0812761Z remote: Compressing objects:  31% (1177/3795)        
2024-01-01T00:27:09.1234589Z remote: Compressing objects:  32% (1215/3795)        
2024-01-01T00:27:09.1713873Z remote: Compressing objects:  33% (1253/3795)        
2024-01-01T00:27:09.2416548Z remote: Compressing objects:  34% (1291/3795)        
2024-01-01T00:27:09.2967633Z remote: Compressing objects:  35% (1329/3795)        
2024-01-01T00:27:09.3392068Z remote: Compressing objects:  36% (1367/3795)        
2024-01-01T00:27:09.3840555Z remote: Compressing objects:  37% (1405/3795)        
2024-01-01T00:27:09.4379166Z remote: Compressing objects:  38% (1443/3795)        
2024-01-01T00:27:09.4780377Z remote: Compressing objects:  39% (1481/3795)        
2024-01-01T00:27:09.5258251Z remote: Compressing objects:  40% (1518/3795)        
2024-01-01T00:27:09.5696510Z remote: Compressing objects:  41% (1556/3795)        
2024-01-01T00:27:09.5993066Z remote: Compressing objects:  42% (1594/3795)        
2024-01-01T00:27:09.6202330Z remote: Compressing objects:  43% (1632/3795)        
2024-01-01T00:27:09.6787950Z remote: Compressing objects:  44% (1670/3795)        
2024-01-01T00:27:09.7608296Z remote: Compressing objects:  45% (1708/3795)        
2024-01-01T00:27:09.7623972Z remote: Compressing objects:  46% (1746/3795)        
2024-01-01T00:27:09.7672514Z remote: Compressing objects:  47% (1784/3795)        
2024-01-01T00:27:09.7677835Z remote: Compressing objects:  48% (1822/3795)        
2024-01-01T00:27:09.7683234Z remote: Compressing objects:  49% (1860/3795)        
2024-01-01T00:27:09.7688004Z remote: Compressing objects:  50% (1898/3795)        
2024-01-01T00:27:09.7694233Z remote: Compressing objects:  51% (1936/3795)        
2024-01-01T00:27:09.7701358Z remote: Compressing objects:  52% (1974/3795)        
2024-01-01T00:27:09.7707833Z remote: Compressing objects:  53% (2012/3795)        
2024-01-01T00:27:09.7715661Z remote: Compressing objects:  54% (2050/3795)        
2024-01-01T00:27:09.7721112Z remote: Compressing objects:  55% (2088/3795)        
2024-01-01T00:27:09.7729621Z remote: Compressing objects:  56% (2126/3795)        
2024-01-01T00:27:09.7735118Z remote: Compressing objects:  57% (2164/3795)        
2024-01-01T00:27:09.7743002Z remote: Compressing objects:  58% (2202/3795)        
2024-01-01T00:27:09.7749005Z remote: Compressing objects:  59% (2240/3795)        
2024-01-01T00:27:09.7761999Z remote: Compressing objects:  60% (2277/3795)        
2024-01-01T00:27:09.7766423Z remote: Compressing objects:  61% (2315/3795)        
2024-01-01T00:27:09.7767025Z remote: Compressing objects:  62% (2353/3795)        
2024-01-01T00:27:09.7788970Z remote: Compressing objects:  63% (2391/3795)        
2024-01-01T00:27:09.7796578Z remote: Compressing objects:  64% (2429/3795)        
2024-01-01T00:27:09.7797103Z remote: Compressing objects:  65% (2467/3795)        
2024-01-01T00:27:09.7797660Z remote: Compressing objects:  66% (2505/3795)        
2024-01-01T00:27:09.7798278Z remote: Compressing objects:  67% (2543/3795)        
2024-01-01T00:27:09.7804132Z remote: Compressing objects:  68% (2581/3795)        
2024-01-01T00:27:09.7804838Z remote: Compressing objects:  69% (2619/3795)        
2024-01-01T00:27:09.7805986Z remote: Compressing objects:  70% (2657/3795)        
2024-01-01T00:27:09.7806976Z remote: Compressing objects:  71% (2695/3795)        
2024-01-01T00:27:09.7808346Z remote: Compressing objects:  72% (2733/3795)        
2024-01-01T00:27:09.7809207Z remote: Compressing objects:  73% (2771/3795)        
2024-01-01T00:27:09.7810234Z remote: Compressing objects:  74% (2809/3795)        
2024-01-01T00:27:09.7811132Z remote: Compressing objects:  75% (2847/3795)        
2024-01-01T00:27:09.7812033Z remote: Compressing objects:  76% (2885/3795)        
2024-01-01T00:27:09.7812830Z remote: Compressing objects:  77% (2923/3795)        
2024-01-01T00:27:09.7813715Z remote: Compressing objects:  78% (2961/3795)        
2024-01-01T00:27:09.7860849Z remote: Compressing objects:  79% (2999/3795)        
2024-01-01T00:27:09.7862015Z remote: Compressing objects:  80% (3036/3795)        
2024-01-01T00:27:09.7863030Z remote: Compressing objects:  81% (3074/3795)        
2024-01-01T00:27:09.7863745Z remote: Compressing objects:  82% (3112/3795)        
2024-01-01T00:27:09.7864418Z remote: Compressing objects:  83% (3150/3795)        
2024-01-01T00:27:09.7865590Z remote: Compressing objects:  84% (3188/3795)        
2024-01-01T00:27:09.7866382Z remote: Compressing objects:  85% (3226/3795)        
2024-01-01T00:27:09.7867032Z remote: Compressing objects:  86% (3264/3795)        
2024-01-01T00:27:09.7867842Z remote: Compressing objects:  87% (3302/3795)        
2024-01-01T00:27:09.7868520Z remote: Compressing objects:  88% (3340/3795)        
2024-01-01T00:27:09.7869307Z remote: Compressing objects:  89% (3378/3795)        
2024-01-01T00:27:09.7869927Z remote: Compressing objects:  90% (3416/3795)        
2024-01-01T00:27:09.7870597Z remote: Compressing objects:  91% (3454/3795)        
2024-01-01T00:27:09.7871399Z remote: Compressing objects:  92% (3492/3795)        
2024-01-01T00:27:09.7872065Z remote: Compressing objects:  93% (3530/3795)        
2024-01-01T00:27:09.7872683Z remote: Compressing objects:  94% (3568/3795)        
2024-01-01T00:27:09.7873476Z remote: Compressing objects:  95% (3606/3795)        
2024-01-01T00:27:09.7874426Z remote: Compressing objects:  96% (3644/3795)        
2024-01-01T00:27:09.7875145Z remote: Compressing objects:  97% (3682/3795)        
2024-01-01T00:27:09.7875877Z remote: Compressing objects:  98% (3720/3795)        
2024-01-01T00:27:09.7876553Z remote: Compressing objects:  99% (3758/3795)        
2024-01-01T00:27:09.7877531Z remote: Compressing objects: 100% (3795/3795)        
2024-01-01T00:27:09.7878528Z remote: Compressing objects: 100% (3795/3795), done.        
2024-01-01T00:27:09.8311472Z Receiving objects:   0% (1/9783)
2024-01-01T00:27:09.8381862Z Receiving objects:   1% (98/9783)
2024-01-01T00:27:09.8494526Z Receiving objects:   2% (196/9783)
2024-01-01T00:27:09.8553727Z Receiving objects:   3% (294/9783)
2024-01-01T00:27:09.8579260Z Receiving objects:   4% (392/9783)
2024-01-01T00:27:09.8647274Z Receiving objects:   5% (490/9783)
2024-01-01T00:27:09.8658953Z Receiving objects:   6% (587/9783)
2024-01-01T00:27:09.8689248Z Receiving objects:   7% (685/9783)
2024-01-01T00:27:09.8706322Z Receiving objects:   8% (783/9783)
2024-01-01T00:27:09.8734963Z Receiving objects:   9% (881/9783)
2024-01-01T00:27:09.8759126Z Receiving objects:  10% (979/9783)
2024-01-01T00:27:09.8791544Z Receiving objects:  11% (1077/9783)
2024-01-01T00:27:09.8793524Z Receiving objects:  12% (1174/9783)
2024-01-01T00:27:09.8796095Z Receiving objects:  13% (1272/9783)
2024-01-01T00:27:09.8901947Z Receiving objects:  14% (1370/9783)
2024-01-01T00:27:09.8990974Z Receiving objects:  15% (1468/9783)
2024-01-01T00:27:09.9071369Z Receiving objects:  16% (1566/9783)
2024-01-01T00:27:09.9171884Z Receiving objects:  17% (1664/9783)
2024-01-01T00:27:09.9238465Z Receiving objects:  18% (1761/9783)
2024-01-01T00:27:09.9331537Z Receiving objects:  19% (1859/9783)
2024-01-01T00:27:09.9412848Z Receiving objects:  20% (1957/9783)
2024-01-01T00:27:09.9480763Z Receiving objects:  21% (2055/9783)
2024-01-01T00:27:09.9554417Z Receiving objects:  22% (2153/9783)
2024-01-01T00:27:09.9669581Z Receiving objects:  23% (2251/9783)
2024-01-01T00:27:09.9757143Z Receiving objects:  24% (2348/9783)
2024-01-01T00:27:09.9849300Z Receiving objects:  25% (2446/9783)
2024-01-01T00:27:09.9945569Z Receiving objects:  26% (2544/9783)
2024-01-01T00:27:10.0038209Z Receiving objects:  27% (2642/9783)
2024-01-01T00:27:10.0136142Z Receiving objects:  28% (2740/9783)
2024-01-01T00:27:10.0209862Z Receiving objects:  29% (2838/9783)
2024-01-01T00:27:10.0273671Z Receiving objects:  30% (2935/9783)
2024-01-01T00:27:10.0404215Z Receiving objects:  31% (3033/9783)
2024-01-01T00:27:10.0508422Z Receiving objects:  32% (3131/9783)
2024-01-01T00:27:10.0611420Z Receiving objects:  33% (3229/9783)
2024-01-01T00:27:10.0655041Z Receiving objects:  34% (3327/9783)
2024-01-01T00:27:10.0698097Z Receiving objects:  35% (3425/9783)
2024-01-01T00:27:10.0739286Z Receiving objects:  36% (3522/9783)
2024-01-01T00:27:10.0787525Z Receiving objects:  37% (3620/9783)
2024-01-01T00:27:10.0824960Z Receiving objects:  38% (3718/9783)
2024-01-01T00:27:10.0873567Z Receiving objects:  39% (3816/9783)
2024-01-01T00:27:10.0987160Z Receiving objects:  40% (3914/9783)
2024-01-01T00:27:10.1120434Z Receiving objects:  41% (4012/9783)
2024-01-01T00:27:10.1275909Z Receiving objects:  42% (4109/9783)
2024-01-01T00:27:10.1400406Z Receiving objects:  43% (4207/9783)
2024-01-01T00:27:10.1504048Z Receiving objects:  44% (4305/9783)
2024-01-01T00:27:10.1609555Z Receiving objects:  45% (4403/9783)
2024-01-01T00:27:10.1742984Z Receiving objects:  46% (4501/9783)
2024-01-01T00:27:10.1883142Z Receiving objects:  47% (4599/9783)
2024-01-01T00:27:10.2000764Z Receiving objects:  48% (4696/9783)
2024-01-01T00:27:10.2093826Z Receiving objects:  49% (4794/9783)
2024-01-01T00:27:10.2158471Z Receiving objects:  50% (4892/9783)
2024-01-01T00:27:10.2322230Z Receiving objects:  51% (4990/9783)
2024-01-01T00:27:10.2423383Z Receiving objects:  52% (5088/9783)
2024-01-01T00:27:10.2540855Z Receiving objects:  53% (5185/9783)
2024-01-01T00:27:10.2688784Z Receiving objects:  54% (5283/9783)
2024-01-01T00:27:10.2796139Z Receiving objects:  55% (5381/9783)
2024-01-01T00:27:10.2917298Z Receiving objects:  56% (5479/9783)
2024-01-01T00:27:10.3048873Z Receiving objects:  57% (5577/9783), 23.19 MiB | 46.37 MiB/s
2024-01-01T00:27:10.3195555Z Receiving objects:  58% (5675/9783), 23.19 MiB | 46.37 MiB/s
2024-01-01T00:27:10.3304798Z Receiving objects:  59% (5772/9783), 23.19 MiB | 46.37 MiB/s
2024-01-01T00:27:10.3478933Z Receiving objects:  60% (5870/9783), 23.19 MiB | 46.37 MiB/s
2024-01-01T00:27:10.3606836Z Receiving objects:  61% (5968/9783), 23.19 MiB | 46.37 MiB/s
2024-01-01T00:27:10.3696273Z Receiving objects:  62% (6066/9783), 23.19 MiB | 46.37 MiB/s
2024-01-01T00:27:10.3776192Z Receiving objects:  63% (6164/9783), 23.19 MiB | 46.37 MiB/s
2024-01-01T00:27:10.3900823Z Receiving objects:  64% (6262/9783), 23.19 MiB | 46.37 MiB/s
2024-01-01T00:27:10.4016267Z Receiving objects:  65% (6359/9783), 23.19 MiB | 46.37 MiB/s
2024-01-01T00:27:10.4128575Z Receiving objects:  66% (6457/9783), 23.19 MiB | 46.37 MiB/s
2024-01-01T00:27:10.4231588Z Receiving objects:  67% (6555/9783), 23.19 MiB | 46.37 MiB/s
2024-01-01T00:27:10.4382912Z Receiving objects:  68% (6653/9783), 23.19 MiB | 46.37 MiB/s
2024-01-01T00:27:10.4501929Z Receiving objects:  69% (6751/9783), 23.19 MiB | 46.37 MiB/s
2024-01-01T00:27:10.4582705Z Receiving objects:  70% (6849/9783), 23.19 MiB | 46.37 MiB/s
2024-01-01T00:27:10.4685135Z Receiving objects:  71% (6946/9783), 23.19 MiB | 46.37 MiB/s
2024-01-01T00:27:10.4770675Z Receiving objects:  72% (7044/9783), 23.19 MiB | 46.37 MiB/s
2024-01-01T00:27:10.4878607Z Receiving objects:  73% (7142/9783), 23.19 MiB | 46.37 MiB/s
2024-01-01T00:27:10.4996641Z Receiving objects:  74% (7240/9783), 23.19 MiB | 46.37 MiB/s
2024-01-01T00:27:10.5100328Z Receiving objects:  75% (7338/9783), 23.19 MiB | 46.37 MiB/s
2024-01-01T00:27:10.5202270Z Receiving objects:  76% (7436/9783), 23.19 MiB | 46.37 MiB/s
2024-01-01T00:27:10.5329249Z Receiving objects:  77% (7533/9783), 23.19 MiB | 46.37 MiB/s
2024-01-01T00:27:10.5467693Z Receiving objects:  78% (7631/9783), 23.19 MiB | 46.37 MiB/s
2024-01-01T00:27:10.5615134Z Receiving objects:  79% (7729/9783), 23.19 MiB | 46.37 MiB/s
2024-01-01T00:27:10.5690908Z Receiving objects:  80% (7827/9783), 23.19 MiB | 46.37 MiB/s
2024-01-01T00:27:10.5821757Z Receiving objects:  81% (7925/9783), 23.19 MiB | 46.37 MiB/s
2024-01-01T00:27:10.5891827Z Receiving objects:  82% (8023/9783), 23.19 MiB | 46.37 MiB/s
2024-01-01T00:27:10.6017044Z Receiving objects:  83% (8120/9783), 23.19 MiB | 46.37 MiB/s
2024-01-01T00:27:10.6097993Z Receiving objects:  84% (8218/9783), 23.19 MiB | 46.37 MiB/s
2024-01-01T00:27:10.6187328Z Receiving objects:  85% (8316/9783), 23.19 MiB | 46.37 MiB/s
2024-01-01T00:27:10.6294367Z Receiving objects:  86% (8414/9783), 23.19 MiB | 46.37 MiB/s
2024-01-01T00:27:10.6380904Z Receiving objects:  87% (8512/9783), 23.19 MiB | 46.37 MiB/s
2024-01-01T00:27:10.6497025Z Receiving objects:  88% (8610/9783), 23.19 MiB | 46.37 MiB/s
2024-01-01T00:27:10.6574827Z Receiving objects:  89% (8707/9783), 23.19 MiB | 46.37 MiB/s
2024-01-01T00:27:10.6595057Z Receiving objects:  90% (8805/9783), 23.19 MiB | 46.37 MiB/s
2024-01-01T00:27:10.6607272Z Receiving objects:  91% (8903/9783), 23.19 MiB | 46.37 MiB/s
2024-01-01T00:27:10.6610227Z Receiving objects:  92% (9001/9783), 23.19 MiB | 46.37 MiB/s
2024-01-01T00:27:10.6616482Z Receiving objects:  93% (9099/9783), 23.19 MiB | 46.37 MiB/s
2024-01-01T00:27:10.6626670Z Receiving objects:  94% (9197/9783), 23.19 MiB | 46.37 MiB/s
2024-01-01T00:27:10.6721585Z Receiving objects:  95% (9294/9783), 23.19 MiB | 46.37 MiB/s
2024-01-01T00:27:10.6896989Z Receiving objects:  96% (9392/9783), 23.19 MiB | 46.37 MiB/s
2024-01-01T00:27:10.7172537Z Receiving objects:  97% (9490/9783), 23.19 MiB | 46.37 MiB/s
2024-01-01T00:27:10.7211320Z Receiving objects:  98% (9588/9783), 23.19 MiB | 46.37 MiB/s
2024-01-01T00:27:10.7395219Z Receiving objects:  99% (9686/9783), 23.19 MiB | 46.37 MiB/s
2024-01-01T00:27:10.7396867Z remote: Total 9783 (delta 5698), reused 9388 (delta 5586), pack-reused 0        
2024-01-01T00:27:10.7406309Z Receiving objects: 100% (9783/9783), 23.19 MiB | 46.37 MiB/s
2024-01-01T00:27:10.7407988Z Receiving objects: 100% (9783/9783), 47.69 MiB | 50.19 MiB/s, done.
2024-01-01T00:27:10.7462459Z Resolving deltas:   0% (0/5698)
2024-01-01T00:27:10.7562318Z Resolving deltas:   1% (57/5698)
2024-01-01T00:27:10.7666536Z Resolving deltas:   2% (114/5698)
2024-01-01T00:27:10.7748348Z Resolving deltas:   3% (171/5698)
2024-01-01T00:27:10.7817820Z Resolving deltas:   4% (228/5698)
2024-01-01T00:27:10.7893216Z Resolving deltas:   5% (285/5698)
2024-01-01T00:27:10.7900456Z Resolving deltas:   6% (342/5698)
2024-01-01T00:27:10.7906206Z Resolving deltas:   7% (399/5698)
2024-01-01T00:27:10.7911542Z Resolving deltas:   8% (456/5698)
2024-01-01T00:27:10.7917091Z Resolving deltas:   9% (513/5698)
2024-01-01T00:27:10.7930257Z Resolving deltas:  10% (570/5698)
2024-01-01T00:27:10.7939904Z Resolving deltas:  11% (627/5698)
2024-01-01T00:27:10.7944003Z Resolving deltas:  12% (685/5698)
2024-01-01T00:27:10.7954362Z Resolving deltas:  13% (741/5698)
2024-01-01T00:27:10.8057024Z Resolving deltas:  14% (798/5698)
2024-01-01T00:27:10.8224824Z Resolving deltas:  15% (855/5698)
2024-01-01T00:27:10.8289006Z Resolving deltas:  16% (912/5698)
2024-01-01T00:27:10.8466702Z Resolving deltas:  17% (969/5698)
2024-01-01T00:27:10.8646385Z Resolving deltas:  18% (1026/5698)
2024-01-01T00:27:10.8856202Z Resolving deltas:  19% (1083/5698)
2024-01-01T00:27:10.8900551Z Resolving deltas:  20% (1140/5698)
2024-01-01T00:27:10.9049495Z Resolving deltas:  21% (1197/5698)
2024-01-01T00:27:10.9071914Z Resolving deltas:  22% (1254/5698)
2024-01-01T00:27:10.9074435Z Resolving deltas:  23% (1311/5698)
2024-01-01T00:27:10.9081968Z Resolving deltas:  24% (1368/5698)
2024-01-01T00:27:10.9090044Z Resolving deltas:  25% (1425/5698)
2024-01-01T00:27:10.9178659Z Resolving deltas:  26% (1482/5698)
2024-01-01T00:27:10.9184362Z Resolving deltas:  27% (1539/5698)
2024-01-01T00:27:10.9195974Z Resolving deltas:  28% (1596/5698)
2024-01-01T00:27:10.9204881Z Resolving deltas:  29% (1653/5698)
2024-01-01T00:27:10.9272082Z Resolving deltas:  30% (1710/5698)
2024-01-01T00:27:10.9294913Z Resolving deltas:  31% (1767/5698)
2024-01-01T00:27:10.9315563Z Resolving deltas:  32% (1824/5698)
2024-01-01T00:27:10.9328007Z Resolving deltas:  33% (1881/5698)
2024-01-01T00:27:10.9332577Z Resolving deltas:  34% (1938/5698)
2024-01-01T00:27:10.9335570Z Resolving deltas:  35% (1995/5698)
2024-01-01T00:27:10.9338552Z Resolving deltas:  36% (2053/5698)
2024-01-01T00:27:10.9359923Z Resolving deltas:  37% (2109/5698)
2024-01-01T00:27:10.9384057Z Resolving deltas:  38% (2166/5698)
2024-01-01T00:27:10.9418306Z Resolving deltas:  39% (2223/5698)
2024-01-01T00:27:10.9435421Z Resolving deltas:  40% (2280/5698)
2024-01-01T00:27:10.9467325Z Resolving deltas:  41% (2337/5698)
2024-01-01T00:27:10.9483149Z Resolving deltas:  42% (2394/5698)
2024-01-01T00:27:10.9485368Z Resolving deltas:  43% (2451/5698)
2024-01-01T00:27:10.9493028Z Resolving deltas:  44% (2508/5698)
2024-01-01T00:27:10.9661780Z Resolving deltas:  45% (2565/5698)
2024-01-01T00:27:10.9804755Z Resolving deltas:  46% (2622/5698)
2024-01-01T00:27:10.9906113Z Resolving deltas:  47% (2679/5698)
2024-01-01T00:27:11.0083161Z Resolving deltas:  48% (2736/5698)
2024-01-01T00:27:11.0377349Z Resolving deltas:  49% (2793/5698)
2024-01-01T00:27:11.0617064Z Resolving deltas:  50% (2849/5698)
2024-01-01T00:27:11.0742428Z Resolving deltas:  51% (2906/5698)
2024-01-01T00:27:11.0926527Z Resolving deltas:  52% (2963/5698)
2024-01-01T00:27:11.1075349Z Resolving deltas:  53% (3020/5698)
2024-01-01T00:27:11.1202163Z Resolving deltas:  54% (3077/5698)
2024-01-01T00:27:11.1324646Z Resolving deltas:  55% (3134/5698)
2024-01-01T00:27:11.1336390Z Resolving deltas:  56% (3191/5698)
2024-01-01T00:27:11.1348317Z Resolving deltas:  57% (3248/5698)
2024-01-01T00:27:11.1475089Z Resolving deltas:  58% (3305/5698)
2024-01-01T00:27:11.1664015Z Resolving deltas:  59% (3362/5698)
2024-01-01T00:27:11.1819718Z Resolving deltas:  60% (3419/5698)
2024-01-01T00:27:11.1914614Z Resolving deltas:  61% (3476/5698)
2024-01-01T00:27:11.1997325Z Resolving deltas:  62% (3533/5698)
2024-01-01T00:27:11.2009499Z Resolving deltas:  63% (3590/5698)
2024-01-01T00:27:11.2022402Z Resolving deltas:  64% (3647/5698)
2024-01-01T00:27:11.2030036Z Resolving deltas:  65% (3705/5698)
2024-01-01T00:27:11.2032633Z Resolving deltas:  66% (3762/5698)
2024-01-01T00:27:11.2039852Z Resolving deltas:  67% (3819/5698)
2024-01-01T00:27:11.2045863Z Resolving deltas:  68% (3875/5698)
2024-01-01T00:27:11.2048931Z Resolving deltas:  69% (3932/5698)
2024-01-01T00:27:11.2053189Z Resolving deltas:  70% (3989/5698)
2024-01-01T00:27:11.2059497Z Resolving deltas:  71% (4046/5698)
2024-01-01T00:27:11.2069386Z Resolving deltas:  72% (4103/5698)
2024-01-01T00:27:11.2085669Z Resolving deltas:  73% (4160/5698)
2024-01-01T00:27:11.2101980Z Resolving deltas:  74% (4217/5698)
2024-01-01T00:27:11.2111267Z Resolving deltas:  75% (4274/5698)
2024-01-01T00:27:11.2119341Z Resolving deltas:  76% (4331/5698)
2024-01-01T00:27:11.2124955Z Resolving deltas:  77% (4388/5698)
2024-01-01T00:27:11.2136010Z Resolving deltas:  78% (4445/5698)
2024-01-01T00:27:11.2243424Z Resolving deltas:  79% (4502/5698)
2024-01-01T00:27:11.2382871Z Resolving deltas:  80% (4559/5698)
2024-01-01T00:27:11.2496513Z Resolving deltas:  81% (4616/5698)
2024-01-01T00:27:11.2580501Z Resolving deltas:  82% (4673/5698)
2024-01-01T00:27:11.2739007Z Resolving deltas:  83% (4730/5698)
2024-01-01T00:27:11.2803968Z Resolving deltas:  84% (4787/5698)
2024-01-01T00:27:11.2836331Z Resolving deltas:  85% (4845/5698)
2024-01-01T00:27:11.2859601Z Resolving deltas:  86% (4901/5698)
2024-01-01T00:27:11.2899859Z Resolving deltas:  87% (4958/5698)
2024-01-01T00:27:11.2934546Z Resolving deltas:  88% (5015/5698)
2024-01-01T00:27:11.2974856Z Resolving deltas:  89% (5072/5698)
2024-01-01T00:27:11.3047841Z Resolving deltas:  90% (5129/5698)
2024-01-01T00:27:11.3127468Z Resolving deltas:  91% (5186/5698)
2024-01-01T00:27:11.3200313Z Resolving deltas:  92% (5243/5698)
2024-01-01T00:27:11.3232684Z Resolving deltas:  93% (5300/5698)
2024-01-01T00:27:11.3274420Z Resolving deltas:  94% (5357/5698)
2024-01-01T00:27:11.3316636Z Resolving deltas:  95% (5414/5698)
2024-01-01T00:27:11.3352581Z Resolving deltas:  96% (5471/5698)
2024-01-01T00:27:11.3399072Z Resolving deltas:  97% (5528/5698)
2024-01-01T00:27:11.3469703Z Resolving deltas:  98% (5585/5698)
2024-01-01T00:27:11.3511232Z Resolving deltas:  99% (5642/5698)
2024-01-01T00:27:11.3512190Z Resolving deltas: 100% (5698/5698)
2024-01-01T00:27:11.3512849Z Resolving deltas: 100% (5698/5698), done.
2024-01-01T00:27:11.4147992Z From https://github.com/seanpm2001/GitHub_Stats_A
2024-01-01T00:27:11.4149080Z  * [new ref]         0ed35a5a1068edc631a619bd560583c5f8246c66 -> origin/master
2024-01-01T00:27:11.4175271Z ##[endgroup]
2024-01-01T00:27:11.4176161Z ##[group]Determining the checkout info
2024-01-01T00:27:11.4177234Z ##[endgroup]
2024-01-01T00:27:11.4178057Z ##[group]Checking out the ref
2024-01-01T00:27:11.4181949Z [command]/usr/bin/git checkout --progress --force -B master refs/remotes/origin/master
2024-01-01T00:27:12.4377133Z Updating files:  66% (6792/10180)
2024-01-01T00:27:12.4559428Z Updating files:  67% (6821/10180)
2024-01-01T00:27:12.4769919Z Updating files:  68% (6923/10180)
2024-01-01T00:27:12.4886037Z Updating files:  69% (7025/10180)
2024-01-01T00:27:12.5064042Z Updating files:  70% (7126/10180)
2024-01-01T00:27:12.5195866Z Updating files:  71% (7228/10180)
2024-01-01T00:27:12.5355184Z Updating files:  72% (7330/10180)
2024-01-01T00:27:12.5482307Z Updating files:  73% (7432/10180)
2024-01-01T00:27:12.5636919Z Updating files:  74% (7534/10180)
2024-01-01T00:27:12.5760815Z Updating files:  75% (7635/10180)
2024-01-01T00:27:12.5911142Z Updating files:  76% (7737/10180)
2024-01-01T00:27:12.6032014Z Updating files:  77% (7839/10180)
2024-01-01T00:27:12.6142846Z Updating files:  78% (7941/10180)
2024-01-01T00:27:12.6324418Z Updating files:  79% (8043/10180)
2024-01-01T00:27:12.6364910Z Updating files:  80% (8144/10180)
2024-01-01T00:27:12.6545508Z Updating files:  81% (8246/10180)
2024-01-01T00:27:12.6718812Z Updating files:  82% (8348/10180)
2024-01-01T00:27:12.6770049Z Updating files:  83% (8450/10180)
2024-01-01T00:27:12.6809077Z Updating files:  84% (8552/10180)
2024-01-01T00:27:12.6897486Z Updating files:  85% (8653/10180)
2024-01-01T00:27:12.6986069Z Updating files:  86% (8755/10180)
2024-01-01T00:27:12.7101442Z Updating files:  87% (8857/10180)
2024-01-01T00:27:12.7204743Z Updating files:  88% (8959/10180)
2024-01-01T00:27:12.7361901Z Updating files:  89% (9061/10180)
2024-01-01T00:27:12.7516514Z Updating files:  90% (9162/10180)
2024-01-01T00:27:12.7670507Z Updating files:  91% (9264/10180)
2024-01-01T00:27:12.7876417Z Updating files:  92% (9366/10180)
2024-01-01T00:27:12.8098455Z Updating files:  93% (9468/10180)
2024-01-01T00:27:12.8273409Z Updating files:  94% (9570/10180)
2024-01-01T00:27:12.8356356Z Updating files:  95% (9671/10180)
2024-01-01T00:27:12.8458039Z Updating files:  96% (9773/10180)
2024-01-01T00:27:12.8606546Z Updating files:  97% (9875/10180)
2024-01-01T00:27:12.8749899Z Updating files:  98% (9977/10180)
2024-01-01T00:27:12.8892021Z Updating files:  99% (10079/10180)
2024-01-01T00:27:12.8892879Z Updating files: 100% (10180/10180)
2024-01-01T00:27:12.8893657Z Updating files: 100% (10180/10180), done.
2024-01-01T00:27:12.9021711Z Reset branch 'master'
2024-01-01T00:27:12.9023701Z branch 'master' set up to track 'origin/master'.
2024-01-01T00:27:12.9128532Z ##[endgroup]
2024-01-01T00:27:12.9172704Z [command]/usr/bin/git log -1 --format='%H'
2024-01-01T00:27:12.9204784Z '0ed35a5a1068edc631a619bd560583c5f8246c66'
2024-01-01T00:27:12.9573329Z ##[group]Run actions/setup-python@v4
2024-01-01T00:27:12.9573815Z with:
2024-01-01T00:27:12.9574224Z   python-version: 3.8
2024-01-01T00:27:12.9574612Z   architecture: x64
2024-01-01T00:27:12.9574976Z   cache: pip
2024-01-01T00:27:12.9575381Z   check-latest: false
2024-01-01T00:27:12.9575909Z   token: ***
2024-01-01T00:27:12.9576245Z   update-environment: true
2024-01-01T00:27:12.9576673Z   allow-prereleases: false
2024-01-01T00:27:12.9577056Z ##[endgroup]
2024-01-01T00:27:13.0917219Z ##[group]Installed versions
2024-01-01T00:27:13.0993623Z Successfully set up CPython (3.8.18)
2024-01-01T00:27:13.0995179Z ##[endgroup]
2024-01-01T00:27:14.1411585Z [command]/opt/hostedtoolcache/Python/3.8.18/x64/bin/pip cache dir
2024-01-01T00:27:20.9366312Z /home/runner/.cache/pip
2024-01-01T00:27:21.5407129Z Received 6245959 of 6245959 (100.0%), 19.7 MBs/sec
2024-01-01T00:27:21.5408318Z Cache Size: ~6 MB (6245959 B)
2024-01-01T00:27:21.5433031Z [command]/usr/bin/tar -xf /home/runner/work/_temp/2d5b6363-96f7-4c65-b8ca-096e7ac9a89d/cache.tzst -P -C /home/runner/work/GitHub_Stats_A/GitHub_Stats_A --use-compress-program unzstd
2024-01-01T00:27:21.5809125Z Cache restored successfully
2024-01-01T00:27:21.5829103Z Cache restored from key: setup-python-Linux-22.04-Ubuntu-python-3.8.18-pip-60f2a6c0212a9b74a155cd81b58dd07fd8b180833132566260d95f4de42fe218
2024-01-01T00:27:21.6011492Z ##[group]Run python3 -m pip install --upgrade pip setuptools wheel
2024-01-01T00:27:21.6012313Z [36;1mpython3 -m pip install --upgrade pip setuptools wheel[0m
2024-01-01T00:27:21.6013045Z [36;1mpython3 -m pip install -r requirements.txt[0m
2024-01-01T00:27:21.6081668Z shell: /usr/bin/bash -e {0}
2024-01-01T00:27:21.6082100Z env:
2024-01-01T00:27:21.6082494Z   pythonLocation: /opt/hostedtoolcache/Python/3.8.18/x64
2024-01-01T00:27:21.6083306Z   PKG_CONFIG_PATH: /opt/hostedtoolcache/Python/3.8.18/x64/lib/pkgconfig
2024-01-01T00:27:21.6083961Z   Python_ROOT_DIR: /opt/hostedtoolcache/Python/3.8.18/x64
2024-01-01T00:27:21.6084652Z   Python2_ROOT_DIR: /opt/hostedtoolcache/Python/3.8.18/x64
2024-01-01T00:27:21.6085224Z   Python3_ROOT_DIR: /opt/hostedtoolcache/Python/3.8.18/x64
2024-01-01T00:27:21.6085806Z   LD_LIBRARY_PATH: /opt/hostedtoolcache/Python/3.8.18/x64/lib
2024-01-01T00:27:21.6086396Z ##[endgroup]
2024-01-01T00:27:23.3214570Z Requirement already satisfied: pip in /opt/hostedtoolcache/Python/3.8.18/x64/lib/python3.8/site-packages (23.0.1)
2024-01-01T00:27:23.5668926Z Collecting pip
2024-01-01T00:27:23.6495603Z   Downloading pip-23.3.2-py3-none-any.whl.metadata (3.5 kB)
2024-01-01T00:27:23.6526455Z Requirement already satisfied: setuptools in /opt/hostedtoolcache/Python/3.8.18/x64/lib/python3.8/site-packages (56.0.0)
2024-01-01T00:27:23.8840869Z Collecting setuptools
2024-01-01T00:27:23.8992606Z   Downloading setuptools-69.0.3-py3-none-any.whl.metadata (6.3 kB)
2024-01-01T00:27:23.9383114Z Collecting wheel
2024-01-01T00:27:23.9529530Z   Downloading wheel-0.42.0-py3-none-any.whl.metadata (2.2 kB)
2024-01-01T00:27:24.0118831Z Downloading pip-23.3.2-py3-none-any.whl (2.1 MB)
2024-01-01T00:27:24.2568244Z    â”â”â”â”â”â”â”â”â”â”â”â”â”â”â”â”â”â”â”â”â”â”â”â”â”â”â”â”â”â”â”â”â”â”â”â”â”â”â”â” 2.1/2.1 MB 8.8 MB/s eta 0:00:00
2024-01-01T00:27:24.2717155Z Downloading setuptools-69.0.3-py3-none-any.whl (819 kB)
2024-01-01T00:27:24.3297436Z    â”â”â”â”â”â”â”â”â”â”â”â”â”â”â”â”â”â”â”â”â”â”â”â”â”â”â”â”â”â”â”â”â”â”â”â”â”â”â”â” 819.5/819.5 kB 14.5 MB/s eta 0:00:00
2024-01-01T00:27:24.3443670Z Downloading wheel-0.42.0-py3-none-any.whl (65 kB)
2024-01-01T00:27:24.3505974Z    â”â”â”â”â”â”â”â”â”â”â”â”â”â”â”â”â”â”â”â”â”â”â”â”â”â”â”â”â”â”â”â”â”â”â”â”â”â”â”â” 65.4/65.4 kB 13.4 MB/s eta 0:00:00
2024-01-01T00:27:24.4655272Z Installing collected packages: wheel, setuptools, pip
2024-01-01T00:27:24.5037858Z   Attempting uninstall: setuptools
2024-01-01T00:27:24.5044637Z     Found existing installation: setuptools 56.0.0
2024-01-01T00:27:24.5489328Z     Uninstalling setuptools-56.0.0:
2024-01-01T00:27:24.5586519Z       Successfully uninstalled setuptools-56.0.0
2024-01-01T00:27:24.9335064Z   Attempting uninstall: pip
2024-01-01T00:27:24.9340893Z     Found existing installation: pip 23.0.1
2024-01-01T00:27:25.0134012Z     Uninstalling pip-23.0.1:
2024-01-01T00:27:25.0764786Z       Successfully uninstalled pip-23.0.1
2024-01-01T00:27:26.0279268Z Successfully installed pip-23.3.2 setuptools-69.0.3 wheel-0.42.0
2024-01-01T00:27:27.6383524Z Collecting requests (from -r requirements.txt (line 1))
2024-01-01T00:27:27.7354944Z   Downloading requests-2.31.0-py3-none-any.whl.metadata (4.6 kB)
2024-01-01T00:27:27.9970890Z Collecting aiohttp (from -r requirements.txt (line 2))
2024-01-01T00:27:28.0180212Z   Downloading aiohttp-3.9.1-cp38-cp38-manylinux_2_17_x86_64.manylinux2014_x86_64.whl.metadata (7.4 kB)
2024-01-01T00:27:28.1114280Z Collecting charset-normalizer<4,>=2 (from requests->-r requirements.txt (line 1))
2024-01-01T00:27:28.1320666Z   Downloading charset_normalizer-3.3.2-cp38-cp38-manylinux_2_17_x86_64.manylinux2014_x86_64.whl.metadata (33 kB)
2024-01-01T00:27:28.1668629Z Collecting idna<4,>=2.5 (from requests->-r requirements.txt (line 1))
2024-01-01T00:27:28.1874332Z   Downloading idna-3.6-py3-none-any.whl.metadata (9.9 kB)
2024-01-01T00:27:28.2405319Z Collecting urllib3<3,>=1.21.1 (from requests->-r requirements.txt (line 1))
2024-01-01T00:27:28.2610196Z   Downloading urllib3-2.1.0-py3-none-any.whl.metadata (6.4 kB)
2024-01-01T00:27:28.2891896Z Collecting certifi>=2017.4.17 (from requests->-r requirements.txt (line 1))
2024-01-01T00:27:28.3096735Z   Downloading certifi-2023.11.17-py3-none-any.whl.metadata (2.2 kB)
2024-01-01T00:27:28.3438251Z Collecting attrs>=17.3.0 (from aiohttp->-r requirements.txt (line 2))
2024-01-01T00:27:28.3641785Z   Downloading attrs-23.2.0-py3-none-any.whl.metadata (9.5 kB)
2024-01-01T00:27:28.5505500Z Collecting multidict<7.0,>=4.5 (from aiohttp->-r requirements.txt (line 2))
2024-01-01T00:27:28.5712769Z   Downloading multidict-6.0.4-cp38-cp38-manylinux_2_17_x86_64.manylinux2014_x86_64.whl (121 kB)
2024-01-01T00:27:28.5980685Z      â”â”â”â”â”â”â”â”â”â”â”â”â”â”â”â”â”â”â”â”â”â”â”â”â”â”â”â”â”â”â”â”â”â”â”â”â”â”â” 121.3/121.3 kB 4.6 MB/s eta 0:00:00
2024-01-01T00:27:28.7291805Z Collecting yarl<2.0,>=1.0 (from aiohttp->-r requirements.txt (line 2))
2024-01-01T00:27:28.7500581Z   Downloading yarl-1.9.4-cp38-cp38-manylinux_2_17_x86_64.manylinux2014_x86_64.whl.metadata (31 kB)
2024-01-01T00:27:28.8297879Z Collecting frozenlist>=1.1.1 (from aiohttp->-r requirements.txt (line 2))
2024-01-01T00:27:28.8511716Z   Downloading frozenlist-1.4.1-cp38-cp38-manylinux_2_5_x86_64.manylinux1_x86_64.manylinux_2_17_x86_64.manylinux2014_x86_64.whl.metadata (12 kB)
2024-01-01T00:27:28.8700962Z Collecting aiosignal>=1.1.2 (from aiohttp->-r requirements.txt (line 2))
2024-01-01T00:27:28.8905967Z   Downloading aiosignal-1.3.1-py3-none-any.whl (7.6 kB)
2024-01-01T00:27:28.9115523Z Collecting async-timeout<5.0,>=4.0 (from aiohttp->-r requirements.txt (line 2))
2024-01-01T00:27:28.9320034Z   Downloading async_timeout-4.0.3-py3-none-any.whl.metadata (4.2 kB)
2024-01-01T00:27:29.0128152Z Downloading requests-2.31.0-py3-none-any.whl (62 kB)
2024-01-01T00:27:29.0215375Z    â”â”â”â”â”â”â”â”â”â”â”â”â”â”â”â”â”â”â”â”â”â”â”â”â”â”â”â”â”â”â”â”â”â”â”â”â”â”â”â” 62.6/62.6 kB 7.9 MB/s eta 0:00:00
2024-01-01T00:27:29.0423161Z Downloading aiohttp-3.9.1-cp38-cp38-manylinux_2_17_x86_64.manylinux2014_x86_64.whl (1.3 MB)
2024-01-01T00:27:29.0933751Z    â”â”â”â”â”â”â”â”â”â”â”â”â”â”â”â”â”â”â”â”â”â”â”â”â”â”â”â”â”â”â”â”â”â”â”â”â”â”â”â” 1.3/1.3 MB 25.4 MB/s eta 0:00:00
2024-01-01T00:27:29.1137327Z Downloading async_timeout-4.0.3-py3-none-any.whl (5.7 kB)
2024-01-01T00:27:29.1362477Z Downloading attrs-23.2.0-py3-none-any.whl (60 kB)
2024-01-01T00:27:29.1407949Z    â”â”â”â”â”â”â”â”â”â”â”â”â”â”â”â”â”â”â”â”â”â”â”â”â”â”â”â”â”â”â”â”â”â”â”â”â”â”â”â” 60.8/60.8 kB 19.3 MB/s eta 0:00:00
2024-01-01T00:27:29.1621366Z Downloading certifi-2023.11.17-py3-none-any.whl (162 kB)
2024-01-01T00:27:29.1675746Z    â”â”â”â”â”â”â”â”â”â”â”â”â”â”â”â”â”â”â”â”â”â”â”â”â”â”â”â”â”â”â”â”â”â”â”â”â”â”â”â” 162.5/162.5 kB 44.5 MB/s eta 0:00:00
2024-01-01T00:27:29.1884225Z Downloading charset_normalizer-3.3.2-cp38-cp38-manylinux_2_17_x86_64.manylinux2014_x86_64.whl (141 kB)
2024-01-01T00:27:29.1935276Z    â”â”â”â”â”â”â”â”â”â”â”â”â”â”â”â”â”â”â”â”â”â”â”â”â”â”â”â”â”â”â”â”â”â”â”â”â”â”â”â” 141.1/141.1 kB 41.5 MB/s eta 0:00:00
2024-01-01T00:27:29.2142581Z Downloading frozenlist-1.4.1-cp38-cp38-manylinux_2_5_x86_64.manylinux1_x86_64.manylinux_2_17_x86_64.manylinux2014_x86_64.whl (240 kB)
2024-01-01T00:27:29.2201599Z    â”â”â”â”â”â”â”â”â”â”â”â”â”â”â”â”â”â”â”â”â”â”â”â”â”â”â”â”â”â”â”â”â”â”â”â”â”â”â”â” 240.9/240.9 kB 59.2 MB/s eta 0:00:00
2024-01-01T00:27:29.2405383Z Downloading idna-3.6-py3-none-any.whl (61 kB)
2024-01-01T00:27:29.2460952Z    â”â”â”â”â”â”â”â”â”â”â”â”â”â”â”â”â”â”â”â”â”â”â”â”â”â”â”â”â”â”â”â”â”â”â”â”â”â”â”â” 61.6/61.6 kB 14.8 MB/s eta 0:00:00
2024-01-01T00:27:29.2665542Z Downloading urllib3-2.1.0-py3-none-any.whl (104 kB)
2024-01-01T00:27:29.2714777Z    â”â”â”â”â”â”â”â”â”â”â”â”â”â”â”â”â”â”â”â”â”â”â”â”â”â”â”â”â”â”â”â”â”â”â”â”â”â”â”â” 104.6/104.6 kB 32.2 MB/s eta 0:00:00
2024-01-01T00:27:29.2918331Z Downloading yarl-1.9.4-cp38-cp38-manylinux_2_17_x86_64.manylinux2014_x86_64.whl (308 kB)
2024-01-01T00:27:29.2985196Z    â”â”â”â”â”â”â”â”â”â”â”â”â”â”â”â”â”â”â”â”â”â”â”â”â”â”â”â”â”â”â”â”â”â”â”â”â”â”â”â” 308.8/308.8 kB 63.6 MB/s eta 0:00:00
2024-01-01T00:27:29.3946470Z Installing collected packages: urllib3, multidict, idna, frozenlist, charset-normalizer, certifi, attrs, async-timeout, yarl, requests, aiosignal, aiohttp
2024-01-01T00:27:29.7791412Z Successfully installed aiohttp-3.9.1 aiosignal-1.3.1 async-timeout-4.0.3 attrs-23.2.0 certifi-2023.11.17 charset-normalizer-3.3.2 frozenlist-1.4.1 idna-3.6 multidict-6.0.4 requests-2.31.0 urllib3-2.1.0 yarl-1.9.4
2024-01-01T00:27:30.3843435Z ##[group]Run python3 --version
2024-01-01T00:27:30.3843906Z [36;1mpython3 --version[0m
2024-01-01T00:27:30.3844444Z [36;1mpython3 generate_images.py[0m
2024-01-01T00:27:30.3896049Z shell: /usr/bin/bash -e {0}
2024-01-01T00:27:30.3896461Z env:
2024-01-01T00:27:30.3896954Z   pythonLocation: /opt/hostedtoolcache/Python/3.8.18/x64
2024-01-01T00:27:30.3897637Z   PKG_CONFIG_PATH: /opt/hostedtoolcache/Python/3.8.18/x64/lib/pkgconfig
2024-01-01T00:27:30.3898274Z   Python_ROOT_DIR: /opt/hostedtoolcache/Python/3.8.18/x64
2024-01-01T00:27:30.3898912Z   Python2_ROOT_DIR: /opt/hostedtoolcache/Python/3.8.18/x64
2024-01-01T00:27:30.3899494Z   Python3_ROOT_DIR: /opt/hostedtoolcache/Python/3.8.18/x64
2024-01-01T00:27:30.3900093Z   LD_LIBRARY_PATH: /opt/hostedtoolcache/Python/3.8.18/x64/lib
2024-01-01T00:27:30.3900970Z   ACCESS_TOKEN: ***
2024-01-01T00:27:30.3901457Z   GITHUB_TOKEN: ***
2024-01-01T00:27:30.3901820Z   EXCLUDED: 
2024-01-01T00:27:30.3902239Z   EXCLUDED_LANGS: 
2024-01-01T00:27:30.3902677Z   EXCLUDE_FORKED_REPOS: true
2024-01-01T00:27:30.3903145Z ##[endgroup]
2024-01-01T00:27:30.3991844Z Python 3.8.18
2024-01-01T00:37:00.7373178Z A path returned 202. Retrying...
2024-01-01T00:37:00.7373722Z A path returned 202. Retrying...
2024-01-01T00:37:00.7374329Z A path returned 202. Retrying...
2024-01-01T00:37:00.7374773Z A path returned 202. Retrying...
2024-01-01T00:37:00.7375269Z A path returned 202. Retrying...
2024-01-01T00:37:00.7375686Z A path returned 202. Retrying...
2024-01-01T00:37:00.7376053Z A path returned 202. Retrying...
2024-01-01T00:37:00.7376517Z A path returned 202. Retrying...
2024-01-01T00:37:00.7376935Z A path returned 202. Retrying...
2024-01-01T00:37:00.7377423Z A path returned 202. Retrying...
2024-01-01T00:37:00.7377911Z A path returned 202. Retrying...
2024-01-01T00:37:00.7378340Z A path returned 202. Retrying...
2024-01-01T00:37:00.7378742Z A path returned 202. Retrying...
2024-01-01T00:37:00.7379184Z A path returned 202. Retrying...
2024-01-01T00:37:00.7379593Z A path returned 202. Retrying...
2024-01-01T00:37:00.7380009Z A path returned 202. Retrying...
2024-01-01T00:37:00.7380468Z A path returned 202. Retrying...
2024-01-01T00:37:00.7380864Z A path returned 202. Retrying...
2024-01-01T00:37:00.7381339Z A path returned 202. Retrying...
2024-01-01T00:37:00.7381740Z A path returned 202. Retrying...
2024-01-01T00:37:00.7382156Z A path returned 202. Retrying...
2024-01-01T00:37:00.7382631Z A path returned 202. Retrying...
2024-01-01T00:37:00.7383029Z A path returned 202. Retrying...
2024-01-01T00:37:00.7383436Z A path returned 202. Retrying...
2024-01-01T00:37:00.7383905Z A path returned 202. Retrying...
2024-01-01T00:37:00.7384301Z A path returned 202. Retrying...
2024-01-01T00:37:00.7384707Z A path returned 202. Retrying...
2024-01-01T00:37:00.7385125Z A path returned 202. Retrying...
2024-01-01T00:37:00.7386378Z A path returned 202. Retrying...
2024-01-01T00:37:00.7386803Z A path returned 202. Retrying...
2024-01-01T00:37:00.7387319Z A path returned 202. Retrying...
2024-01-01T00:37:00.7387817Z A path returned 202. Retrying...
2024-01-01T00:37:00.7388328Z A path returned 202. Retrying...
2024-01-01T00:37:00.7388754Z A path returned 202. Retrying...
2024-01-01T00:37:00.7389113Z A path returned 202. Retrying...
2024-01-01T00:37:00.7389568Z A path returned 202. Retrying...
2024-01-01T00:37:00.7389987Z A path returned 202. Retrying...
2024-01-01T00:37:00.7390380Z A path returned 202. Retrying...
2024-01-01T00:37:00.7390834Z A path returned 202. Retrying...
2024-01-01T00:37:00.7391242Z A path returned 202. Retrying...
2024-01-01T00:37:00.7391633Z A path returned 202. Retrying...
2024-01-01T00:37:00.7392069Z A path returned 202. Retrying...
2024-01-01T00:37:00.7392587Z A path returned 202. Retrying...
2024-01-01T00:37:00.7392977Z A path returned 202. Retrying...
2024-01-01T00:37:00.7393459Z A path returned 202. Retrying...
2024-01-01T00:37:00.7393847Z A path returned 202. Retrying...
2024-01-01T00:37:00.7394319Z A path returned 202. Retrying...
2024-01-01T00:37:00.7394951Z A path returned 202. Retrying...
2024-01-01T00:37:00.7395342Z A path returned 202. Retrying...
2024-01-01T00:37:00.7395825Z A path returned 202. Retrying...
2024-01-01T00:37:00.7396238Z A path returned 202. Retrying...
2024-01-01T00:37:00.7396658Z A path returned 202. Retrying...
2024-01-01T00:37:00.7397176Z A path returned 202. Retrying...
2024-01-01T00:37:00.7397572Z A path returned 202. Retrying...
2024-01-01T00:37:00.7397978Z A path returned 202. Retrying...
2024-01-01T00:37:00.7398413Z A path returned 202. Retrying...
2024-01-01T00:37:00.7398803Z A path returned 202. Retrying...
2024-01-01T00:37:00.7399214Z A path returned 202. Retrying...
2024-01-01T00:37:00.7399673Z A path returned 202. Retrying...
2024-01-01T00:37:00.7400081Z A path returned 202. Retrying...
2024-01-01T00:37:00.7400535Z A path returned 202. Retrying...
2024-01-01T00:37:00.7400929Z A path returned 202. Retrying...
2024-01-01T00:37:00.7401299Z A path returned 202. Retrying...
2024-01-01T00:37:00.7401746Z A path returned 202. Retrying...
2024-01-01T00:37:00.7402182Z A path returned 202. Retrying...
2024-01-01T00:37:00.7402588Z A path returned 202. Retrying...
2024-01-01T00:37:00.7403072Z A path returned 202. Retrying...
2024-01-01T00:37:00.7403515Z A path returned 202. Retrying...
2024-01-01T00:37:00.7403900Z A path returned 202. Retrying...
2024-01-01T00:37:00.7404370Z A path returned 202. Retrying...
2024-01-01T00:37:00.7404774Z A path returned 202. Retrying...
2024-01-01T00:37:00.7405159Z A path returned 202. Retrying...
2024-01-01T00:37:00.7405620Z A path returned 202. Retrying...
2024-01-01T00:37:00.7406005Z A path returned 202. Retrying...
2024-01-01T00:37:00.7406483Z A path returned 202. Retrying...
2024-01-01T00:37:00.7406889Z A path returned 202. Retrying...
2024-01-01T00:37:00.7407241Z A path returned 202. Retrying...
2024-01-01T00:37:00.7407731Z A path returned 202. Retrying...
2024-01-01T00:37:00.7408140Z A path returned 202. Retrying...
2024-01-01T00:37:00.7408524Z A path returned 202. Retrying...
2024-01-01T00:37:00.7409004Z A path returned 202. Retrying...
2024-01-01T00:37:00.7409387Z A path returned 202. Retrying...
2024-01-01T00:37:00.7409769Z A path returned 202. Retrying...
2024-01-01T00:37:00.7410199Z A path returned 202. Retrying...
2024-01-01T00:37:00.7410586Z A path returned 202. Retrying...
2024-01-01T00:37:00.7410973Z A path returned 202. Retrying...
2024-01-01T00:37:00.7411468Z A path returned 202. Retrying...
2024-01-01T00:37:00.7411857Z A path returned 202. Retrying...
2024-01-01T00:37:00.7412448Z A path returned 202. Retrying...
2024-01-01T00:37:00.7412839Z A path returned 202. Retrying...
2024-01-01T00:37:00.7413192Z A path returned 202. Retrying...
2024-01-01T00:37:00.7413662Z A path returned 202. Retrying...
2024-01-01T00:37:00.7414051Z A path returned 202. Retrying...
2024-01-01T00:37:00.7414453Z A path returned 202. Retrying...
2024-01-01T00:37:00.7415071Z A path returned 202. Retrying...
2024-01-01T00:37:00.7415481Z A path returned 202. Retrying...
2024-01-01T00:37:00.7415900Z A path returned 202. Retrying...
2024-01-01T00:37:00.7416321Z A path returned 202. Retrying...
2024-01-01T00:37:00.7416727Z A path returned 202. Retrying...
2024-01-01T00:37:00.7417119Z A path returned 202. Retrying...
2024-01-01T00:37:00.7417569Z A path returned 202. Retrying...
2024-01-01T00:37:00.7417974Z A path returned 202. Retrying...
2024-01-01T00:37:00.7418426Z A path returned 202. Retrying...
2024-01-01T00:37:00.7418829Z A path returned 202. Retrying...
2024-01-01T00:37:00.7419181Z A path returned 202. Retrying...
2024-01-01T00:37:00.7419631Z A path returned 202. Retrying...
2024-01-01T00:37:00.7420036Z A path returned 202. Retrying...
2024-01-01T00:37:00.7420455Z A path returned 202. Retrying...
2024-01-01T00:37:00.7420904Z A path returned 202. Retrying...
2024-01-01T00:37:00.7421303Z A path returned 202. Retrying...
2024-01-01T00:37:00.7421697Z A path returned 202. Retrying...
2024-01-01T00:37:00.7422129Z A path returned 202. Retrying...
2024-01-01T00:37:00.7422517Z A path returned 202. Retrying...
2024-01-01T00:37:00.7423042Z A path returned 202. Retrying...
2024-01-01T00:37:00.7423523Z A path returned 202. Retrying...
2024-01-01T00:37:00.7423912Z A path returned 202. Retrying...
2024-01-01T00:37:00.7424381Z A path returned 202. Retrying...
2024-01-01T00:37:00.7424770Z A path returned 202. Retrying...
2024-01-01T00:37:00.7425161Z A path returned 202. Retrying...
2024-01-01T00:37:00.7425784Z A path returned 202. Retrying...
2024-01-01T00:37:00.7426197Z A path returned 202. Retrying...
2024-01-01T00:37:00.7426604Z A path returned 202. Retrying...
2024-01-01T00:37:00.7427057Z A path returned 202. Retrying...
2024-01-01T00:37:00.7427443Z A path returned 202. Retrying...
2024-01-01T00:37:00.7427847Z A path returned 202. Retrying...
2024-01-01T00:37:00.7428273Z A path returned 202. Retrying...
2024-01-01T00:37:00.7428660Z A path returned 202. Retrying...
2024-01-01T00:37:00.7429070Z A path returned 202. Retrying...
2024-01-01T00:37:00.7429520Z A path returned 202. Retrying...
2024-01-01T00:37:00.7429970Z A path returned 202. Retrying...
2024-01-01T00:37:00.7430428Z A path returned 202. Retrying...
2024-01-01T00:37:00.7430816Z A path returned 202. Retrying...
2024-01-01T00:37:00.7431219Z A path returned 202. Retrying...
2024-01-01T00:37:00.7431667Z A path returned 202. Retrying...
2024-01-01T00:37:00.7432069Z A path returned 202. Retrying...
2024-01-01T00:37:00.7432463Z A path returned 202. Retrying...
2024-01-01T00:37:00.7432877Z A path returned 202. Retrying...
2024-01-01T00:37:00.7433281Z A path returned 202. Retrying...
2024-01-01T00:37:00.7433664Z A path returned 202. Retrying...
2024-01-01T00:37:00.7434112Z A path returned 202. Retrying...
2024-01-01T00:37:00.7434550Z A path returned 202. Retrying...
2024-01-01T00:37:00.7435005Z A path returned 202. Retrying...
2024-01-01T00:37:00.7435407Z A path returned 202. Retrying...
2024-01-01T00:37:00.7435767Z A path returned 202. Retrying...
2024-01-01T00:37:00.7436218Z A path returned 202. Retrying...
2024-01-01T00:37:00.7436620Z A path returned 202. Retrying...
2024-01-01T00:37:00.7437008Z A path returned 202. Retrying...
2024-01-01T00:37:00.7437474Z A path returned 202. Retrying...
2024-01-01T00:37:00.7437860Z A path returned 202. Retrying...
2024-01-01T00:37:00.7438244Z A path returned 202. Retrying...
2024-01-01T00:37:00.7438675Z A path returned 202. Retrying...
2024-01-01T00:37:00.7439094Z A path returned 202. Retrying...
2024-01-01T00:37:00.7439479Z A path returned 202. Retrying...
2024-01-01T00:37:00.7439948Z A path returned 202. Retrying...
2024-01-01T00:37:00.7440338Z A path returned 202. Retrying...
2024-01-01T00:37:00.7440802Z A path returned 202. Retrying...
2024-01-01T00:37:00.7441187Z A path returned 202. Retrying...
2024-01-01T00:37:00.7441538Z A path returned 202. Retrying...
2024-01-01T00:37:00.7442000Z A path returned 202. Retrying...
2024-01-01T00:37:00.7442393Z A path returned 202. Retrying...
2024-01-01T00:37:00.7442959Z A path returned 202. Retrying...
2024-01-01T00:37:00.7443450Z A path returned 202. Retrying...
2024-01-01T00:37:00.7443837Z A path returned 202. Retrying...
2024-01-01T00:37:00.7444242Z A path returned 202. Retrying...
2024-01-01T00:37:00.7444660Z A path returned 202. Retrying...
2024-01-01T00:37:00.7445051Z A path returned 202. Retrying...
2024-01-01T00:37:00.7445456Z A path returned 202. Retrying...
2024-01-01T00:37:00.7445903Z A path returned 202. Retrying...
2024-01-01T00:37:00.7446305Z A path returned 202. Retrying...
2024-01-01T00:37:00.7446746Z A path returned 202. Retrying...
2024-01-01T00:37:00.7447130Z A path returned 202. Retrying...
2024-01-01T00:37:00.7447499Z A path returned 202. Retrying...
2024-01-01T00:37:00.7447976Z A path returned 202. Retrying...
2024-01-01T00:37:00.7448379Z A path returned 202. Retrying...
2024-01-01T00:37:00.7448762Z A path returned 202. Retrying...
2024-01-01T00:37:00.7449211Z A path returned 202. Retrying...
2024-01-01T00:37:00.7449621Z A path returned 202. Retrying...
2024-01-01T00:37:00.7450006Z A path returned 202. Retrying...
2024-01-01T00:37:00.7450421Z A path returned 202. Retrying...
2024-01-01T00:37:00.7450964Z A path returned 202. Retrying...
2024-01-01T00:37:00.7451360Z A path returned 202. Retrying...
2024-01-01T00:37:00.7451832Z A path returned 202. Retrying...
2024-01-01T00:37:00.7452226Z A path returned 202. Retrying...
2024-01-01T00:37:00.7452738Z A path returned 202. Retrying...
2024-01-01T00:37:00.7453127Z A path returned 202. Retrying...
2024-01-01T00:37:00.7453478Z A path returned 202. Retrying...
2024-01-01T00:37:00.7453939Z A path returned 202. Retrying...
2024-01-01T00:37:00.7454325Z A path returned 202. Retrying...
2024-01-01T00:37:00.7454720Z A path returned 202. Retrying...
2024-01-01T00:37:00.7455185Z A path returned 202. Retrying...
2024-01-01T00:37:00.7455571Z A path returned 202. Retrying...
2024-01-01T00:37:00.7455970Z A path returned 202. Retrying...
2024-01-01T00:37:00.7456382Z A path returned 202. Retrying...
2024-01-01T00:37:00.7456772Z A path returned 202. Retrying...
2024-01-01T00:37:00.7457205Z A path returned 202. Retrying...
2024-01-01T00:37:00.7457653Z A path returned 202. Retrying...
2024-01-01T00:37:00.7458042Z A path returned 202. Retrying...
2024-01-01T00:37:00.7458504Z A path returned 202. Retrying...
2024-01-01T00:37:00.7458892Z A path returned 202. Retrying...
2024-01-01T00:37:00.7459259Z A path returned 202. Retrying...
2024-01-01T00:37:00.7459705Z A path returned 202. Retrying...
2024-01-01T00:37:00.7460091Z A path returned 202. Retrying...
2024-01-01T00:37:00.7460490Z A path returned 202. Retrying...
2024-01-01T00:37:00.7460947Z A path returned 202. Retrying...
2024-01-01T00:37:00.7461350Z A path returned 202. Retrying...
2024-01-01T00:37:00.7461762Z A path returned 202. Retrying...
2024-01-01T00:37:00.7462171Z A path returned 202. Retrying...
2024-01-01T00:37:00.7462581Z A path returned 202. Retrying...
2024-01-01T00:37:00.7462967Z A path returned 202. Retrying...
2024-01-01T00:37:00.7463417Z A path returned 202. Retrying...
2024-01-01T00:37:00.7463822Z A path returned 202. Retrying...
2024-01-01T00:37:00.7464269Z A path returned 202. Retrying...
2024-01-01T00:37:00.7464674Z A path returned 202. Retrying...
2024-01-01T00:37:00.7465026Z A path returned 202. Retrying...
2024-01-01T00:37:00.7465842Z A path returned 202. Retrying...
2024-01-01T00:37:00.7466319Z A path returned 202. Retrying...
2024-01-01T00:37:00.7466774Z A path returned 202. Retrying...
2024-01-01T00:37:00.7467244Z A path returned 202. Retrying...
2024-01-01T00:37:00.7467659Z A path returned 202. Retrying...
2024-01-01T00:37:00.7468047Z A path returned 202. Retrying...
2024-01-01T00:37:00.7468498Z A path returned 202. Retrying...
2024-01-01T00:37:00.7468889Z A path returned 202. Retrying...
2024-01-01T00:37:00.7469275Z A path returned 202. Retrying...
2024-01-01T00:37:00.7469750Z A path returned 202. Retrying...
2024-01-01T00:37:00.7470138Z A path returned 202. Retrying...
2024-01-01T00:37:00.7470600Z A path returned 202. Retrying...
2024-01-01T00:37:00.7471163Z A path returned 202. Retrying...
2024-01-01T00:37:00.7471548Z A path returned 202. Retrying...
2024-01-01T00:37:00.7472029Z A path returned 202. Retrying...
2024-01-01T00:37:00.7472431Z A path returned 202. Retrying...
2024-01-01T00:37:00.7472840Z A path returned 202. Retrying...
2024-01-01T00:37:00.7473303Z A path returned 202. Retrying...
2024-01-01T00:37:00.7473694Z A path returned 202. Retrying...
2024-01-01T00:37:00.7474096Z A path returned 202. Retrying...
2024-01-01T00:37:00.7474511Z A path returned 202. Retrying...
2024-01-01T00:37:00.7474907Z A path returned 202. Retrying...
2024-01-01T00:37:00.7475313Z A path returned 202. Retrying...
2024-01-01T00:37:00.7475766Z A path returned 202. Retrying...
2024-01-01T00:37:00.7476203Z A path returned 202. Retrying...
2024-01-01T00:37:00.7476652Z A path returned 202. Retrying...
2024-01-01T00:37:00.7477040Z A path returned 202. Retrying...
2024-01-01T00:37:00.7477408Z A path returned 202. Retrying...
2024-01-01T00:37:00.7477868Z A path returned 202. Retrying...
2024-01-01T00:37:00.7478257Z A path returned 202. Retrying...
2024-01-01T00:37:00.7478658Z A path returned 202. Retrying...
2024-01-01T00:37:00.7479242Z A path returned 202. Retrying...
2024-01-01T00:37:00.7479660Z A path returned 202. Retrying...
2024-01-01T00:37:00.7480048Z A path returned 202. Retrying...
2024-01-01T00:45:51.4901866Z A path returned 202. Retrying...
2024-01-01T00:45:51.4902725Z A path returned 202. Retrying...
2024-01-01T00:45:51.4903455Z A path returned 202. Retrying...
2024-01-01T00:45:51.4904027Z A path returned 202. Retrying...
2024-01-01T00:45:51.4904569Z A path returned 202. Retrying...
2024-01-01T00:45:51.4905181Z A path returned 202. Retrying...
2024-01-01T00:45:51.4906088Z A path returned 202. Retrying...
2024-01-01T00:45:51.4906690Z A path returned 202. Retrying...
2024-01-01T00:45:51.4907276Z A path returned 202. Retrying...
2024-01-01T00:45:51.4907685Z A path returned 202. Retrying...
2024-01-01T00:45:51.4908158Z A path returned 202. Retrying...
2024-01-01T00:45:51.4908590Z A path returned 202. Retrying...
2024-01-01T00:45:51.4908954Z A path returned 202. Retrying...
2024-01-01T00:45:51.4909441Z A path returned 202. Retrying...
2024-01-01T00:45:51.4909853Z A path returned 202. Retrying...
2024-01-01T00:45:51.4910342Z A path returned 202. Retrying...
2024-01-01T00:45:51.4910780Z A path returned 202. Retrying...
2024-01-01T00:45:51.4911178Z A path returned 202. Retrying...
2024-01-01T00:45:51.4911590Z A path returned 202. Retrying...
2024-01-01T00:45:51.4912049Z A path returned 202. Retrying...
2024-01-01T00:45:51.4912460Z A path returned 202. Retrying...
2024-01-01T00:45:51.4912916Z A path returned 202. Retrying...
2024-01-01T00:45:51.4913316Z A path returned 202. Retrying...
2024-01-01T00:45:51.4913696Z A path returned 202. Retrying...
2024-01-01T00:45:51.4914156Z A path returned 202. Retrying...
2024-01-01T00:45:51.4914551Z A path returned 202. Retrying...
2024-01-01T00:45:51.4914959Z A path returned 202. Retrying...
2024-01-01T00:45:51.4915431Z A path returned 202. Retrying...
2024-01-01T00:45:51.4915845Z A path returned 202. Retrying...
2024-01-01T00:45:51.4916242Z A path returned 202. Retrying...
2024-01-01T00:45:51.4916664Z A path returned 202. Retrying...
2024-01-01T00:45:51.4917077Z A path returned 202. Retrying...
2024-01-01T00:45:51.4917470Z A path returned 202. Retrying...
2024-01-01T00:45:51.4917933Z A path returned 202. Retrying...
2024-01-01T00:45:51.4918322Z A path returned 202. Retrying...
2024-01-01T00:45:51.4918767Z A path returned 202. Retrying...
2024-01-01T00:45:51.4919170Z A path returned 202. Retrying...
2024-01-01T00:45:51.4919522Z A path returned 202. Retrying...
2024-01-01T00:45:51.4919971Z A path returned 202. Retrying...
2024-01-01T00:45:51.4920386Z A path returned 202. Retrying...
2024-01-01T00:45:51.4920779Z A path returned 202. Retrying...
2024-01-01T00:45:51.4921246Z A path returned 202. Retrying...
2024-01-01T00:45:51.4921636Z A path returned 202. Retrying...
2024-01-01T00:45:51.4922125Z A path returned 202. Retrying...
2024-01-01T00:45:51.4922954Z A path returned 202. Retrying...
2024-01-01T00:45:51.4923367Z A path returned 202. Retrying...
2024-01-01T00:45:51.4923781Z A path returned 202. Retrying...
2024-01-01T00:45:51.4924256Z A path returned 202. Retrying...
2024-01-01T00:45:51.4924656Z A path returned 202. Retrying...
2024-01-01T00:45:51.4925146Z A path returned 202. Retrying...
2024-01-01T00:45:51.4925540Z A path returned 202. Retrying...
2024-01-01T00:45:51.4925911Z A path returned 202. Retrying...
2024-01-01T00:45:51.4926373Z A path returned 202. Retrying...
2024-01-01T00:45:51.4926759Z A path returned 202. Retrying...
2024-01-01T00:45:51.4927162Z A path returned 202. Retrying...
2024-01-01T00:45:51.4927614Z A path returned 202. Retrying...
2024-01-01T00:45:51.4928013Z A path returned 202. Retrying...
2024-01-01T00:45:51.4928400Z A path returned 202. Retrying...
2024-01-01T00:45:51.4928828Z A path returned 202. Retrying...
2024-01-01T00:45:51.4929239Z A path returned 202. Retrying...
2024-01-01T00:45:51.4929633Z A path returned 202. Retrying...
2024-01-01T00:45:51.4930085Z A path returned 202. Retrying...
2024-01-01T00:45:51.4930489Z A path returned 202. Retrying...
2024-01-01T00:45:51.4931121Z A path returned 202. Retrying...
2024-01-01T00:45:51.4931552Z A path returned 202. Retrying...
2024-01-01T00:45:51.4931907Z A path returned 202. Retrying...
2024-01-01T00:45:51.4932368Z A path returned 202. Retrying...
2024-01-01T00:45:51.4932771Z A path returned 202. Retrying...
2024-01-01T00:45:51.4933155Z A path returned 202. Retrying...
2024-01-01T00:45:51.4933627Z A path returned 202. Retrying...
2024-01-01T00:45:51.4934013Z A path returned 202. Retrying...
2024-01-01T00:45:51.4934397Z A path returned 202. Retrying...
2024-01-01T00:45:51.4934829Z A path returned 202. Retrying...
2024-01-01T00:45:51.4935219Z A path returned 202. Retrying...
2024-01-01T00:45:51.4935605Z A path returned 202. Retrying...
2024-01-01T00:45:51.4936071Z A path returned 202. Retrying...
2024-01-01T00:45:51.4936458Z A path returned 202. Retrying...
2024-01-01T00:45:51.4936955Z A path returned 202. Retrying...
2024-01-01T00:45:51.4937341Z A path returned 202. Retrying...
2024-01-01T00:45:51.4937690Z A path returned 202. Retrying...
2024-01-01T00:45:51.4938162Z A path returned 202. Retrying...
2024-01-01T00:45:51.4938552Z A path returned 202. Retrying...
2024-01-01T00:45:51.4938950Z A path returned 202. Retrying...
2024-01-01T00:45:51.4939403Z A path returned 202. Retrying...
2024-01-01T00:45:51.4939787Z A path returned 202. Retrying...
2024-01-01T00:45:51.4940185Z A path returned 202. Retrying...
2024-01-01T00:45:51.4940600Z A path returned 202. Retrying...
2024-01-01T00:45:51.4940989Z A path returned 202. Retrying...
2024-01-01T00:45:51.4941391Z A path returned 202. Retrying...
2024-01-01T00:45:51.4941846Z A path returned 202. Retrying...
2024-01-01T00:45:51.4942255Z A path returned 202. Retrying...
2024-01-01T00:45:51.4942704Z A path returned 202. Retrying...
2024-01-01T00:45:51.4943088Z A path returned 202. Retrying...
2024-01-01T00:45:51.4943463Z A path returned 202. Retrying...
2024-01-01T00:45:51.4943910Z A path returned 202. Retrying...
2024-01-01T00:45:51.4944296Z A path returned 202. Retrying...
2024-01-01T00:45:51.4944702Z A path returned 202. Retrying...
2024-01-01T00:45:51.4945151Z A path returned 202. Retrying...
2024-01-01T00:45:51.4945798Z A path returned 202. Retrying...
2024-01-01T00:45:51.4946202Z A path returned 202. Retrying...
2024-01-01T00:45:51.4946641Z A path returned 202. Retrying...
2024-01-01T00:45:51.4947080Z A path returned 202. Retrying...
2024-01-01T00:45:51.4947464Z A path returned 202. Retrying...
2024-01-01T00:45:51.4947934Z A path returned 202. Retrying...
2024-01-01T00:45:51.4948326Z A path returned 202. Retrying...
2024-01-01T00:45:51.4948768Z A path returned 202. Retrying...
2024-01-01T00:45:51.4949170Z A path returned 202. Retrying...
2024-01-01T00:45:51.4949520Z A path returned 202. Retrying...
2024-01-01T00:45:51.4949967Z A path returned 202. Retrying...
2024-01-01T00:45:51.4950368Z A path returned 202. Retrying...
2024-01-01T00:45:51.4950922Z A path returned 202. Retrying...
2024-01-01T00:45:51.4951396Z A path returned 202. Retrying...
2024-01-01T00:45:51.4951782Z A path returned 202. Retrying...
2024-01-01T00:45:51.4952186Z A path returned 202. Retrying...
2024-01-01T00:45:51.4952600Z A path returned 202. Retrying...
2024-01-01T00:45:51.4952986Z A path returned 202. Retrying...
2024-01-01T00:45:51.4953385Z A path returned 202. Retrying...
2024-01-01T00:45:51.4953835Z A path returned 202. Retrying...
2024-01-01T00:45:51.4954223Z A path returned 202. Retrying...
2024-01-01T00:45:51.4954694Z A path returned 202. Retrying...
2024-01-01T00:45:51.4955081Z A path returned 202. Retrying...
2024-01-01T00:45:51.4955433Z A path returned 202. Retrying...
2024-01-01T00:45:51.4955903Z A path returned 202. Retrying...
2024-01-01T00:45:51.4956288Z A path returned 202. Retrying...
2024-01-01T00:45:51.4956695Z A path returned 202. Retrying...
2024-01-01T00:45:51.4957146Z A path returned 202. Retrying...
2024-01-01T00:45:51.4957540Z A path returned 202. Retrying...
2024-01-01T00:45:51.4957938Z A path returned 202. Retrying...
2024-01-01T00:45:51.4958357Z A path returned 202. Retrying...
2024-01-01T00:45:51.4958904Z A path returned 202. Retrying...
2024-01-01T00:45:51.4959297Z A path returned 202. Retrying...
2024-01-01T00:45:51.4959754Z A path returned 202. Retrying...
2024-01-01T00:45:51.4960161Z A path returned 202. Retrying...
2024-01-01T00:45:51.4960620Z A path returned 202. Retrying...
2024-01-01T00:45:51.4961023Z A path returned 202. Retrying...
2024-01-01T00:45:51.4961373Z A path returned 202. Retrying...
2024-01-01T00:45:51.4961828Z A path returned 202. Retrying...
2024-01-01T00:45:51.4962233Z A path returned 202. Retrying...
2024-01-01T00:45:51.4962616Z A path returned 202. Retrying...
2024-01-01T00:45:51.4963095Z A path returned 202. Retrying...
2024-01-01T00:45:51.4963480Z A path returned 202. Retrying...
2024-01-01T00:45:51.4963866Z A path returned 202. Retrying...
2024-01-01T00:45:51.4964300Z A path returned 202. Retrying...
2024-01-01T00:45:51.4964698Z A path returned 202. Retrying...
2024-01-01T00:45:51.4965083Z A path returned 202. Retrying...
2024-01-01T00:45:51.4965556Z A path returned 202. Retrying...
2024-01-01T00:45:51.4965960Z A path returned 202. Retrying...
2024-01-01T00:45:51.4966435Z A path returned 202. Retrying...
2024-01-01T00:45:51.4966820Z A path returned 202. Retrying...
2024-01-01T00:45:51.4967172Z A path returned 202. Retrying...
2024-01-01T00:45:51.4967645Z A path returned 202. Retrying...
2024-01-01T00:45:51.4968031Z A path returned 202. Retrying...
2024-01-01T00:45:51.4968416Z A path returned 202. Retrying...
2024-01-01T00:45:51.4968885Z A path returned 202. Retrying...
2024-01-01T00:45:51.4969274Z A path returned 202. Retrying...
2024-01-01T00:45:51.4969672Z A path returned 202. Retrying...
2024-01-01T00:45:51.4970083Z A path returned 202. Retrying...
2024-01-01T00:45:51.4970469Z A path returned 202. Retrying...
2024-01-01T00:45:51.4970869Z A path returned 202. Retrying...
2024-01-01T00:45:51.4971316Z A path returned 202. Retrying...
2024-01-01T00:45:51.4971726Z A path returned 202. Retrying...
2024-01-01T00:45:51.4972173Z A path returned 202. Retrying...
2024-01-01T00:45:51.4972562Z A path returned 202. Retrying...
2024-01-01T00:45:51.4972929Z A path returned 202. Retrying...
2024-01-01T00:45:51.4973381Z A path returned 202. Retrying...
2024-01-01T00:45:51.4973764Z A path returned 202. Retrying...
2024-01-01T00:45:51.4974164Z A path returned 202. Retrying...
2024-01-01T00:45:51.4974617Z A path returned 202. Retrying...
2024-01-01T00:45:51.4975018Z A path returned 202. Retrying...
2024-01-01T00:45:51.4975405Z A path returned 202. Retrying...
2024-01-01T00:45:51.4975818Z A path returned 202. Retrying...
2024-01-01T00:45:51.4976220Z A path returned 202. Retrying...
2024-01-01T00:45:51.4976604Z A path returned 202. Retrying...
2024-01-01T00:45:51.4977055Z A path returned 202. Retrying...
2024-01-01T00:45:51.4977457Z A path returned 202. Retrying...
2024-01-01T00:45:51.4977907Z A path returned 202. Retrying...
2024-01-01T00:45:51.4978452Z A path returned 202. Retrying...
2024-01-01T00:45:51.4978807Z A path returned 202. Retrying...
2024-01-01T00:45:51.4979262Z A path returned 202. Retrying...
2024-01-01T00:45:51.4979665Z A path returned 202. Retrying...
2024-01-01T00:45:51.4980077Z A path returned 202. Retrying...
2024-01-01T00:45:51.4980541Z A path returned 202. Retrying...
2024-01-01T00:45:51.4980926Z A path returned 202. Retrying...
2024-01-01T00:45:51.4981318Z A path returned 202. Retrying...
2024-01-01T00:45:51.4981757Z A path returned 202. Retrying...
2024-01-01T00:45:51.4982143Z A path returned 202. Retrying...
2024-01-01T00:45:51.4982544Z A path returned 202. Retrying...
2024-01-01T00:45:51.4982994Z A path returned 202. Retrying...
2024-01-01T00:45:51.4983386Z A path returned 202. Retrying...
2024-01-01T00:45:51.4983854Z A path returned 202. Retrying...
2024-01-01T00:45:51.4984239Z A path returned 202. Retrying...
2024-01-01T00:45:51.4984589Z A path returned 202. Retrying...
2024-01-01T00:45:51.4985053Z A path returned 202. Retrying...
2024-01-01T00:45:51.4985673Z A path returned 202. Retrying...
2024-01-01T00:45:51.4986082Z A path returned 202. Retrying...
2024-01-01T00:45:51.4986815Z A path returned 202. Retrying...
2024-01-01T00:45:51.4987234Z A path returned 202. Retrying...
2024-01-01T00:45:51.4987621Z A path returned 202. Retrying...
2024-01-01T00:45:51.4988045Z A path returned 202. Retrying...
2024-01-01T00:45:51.4988454Z A path returned 202. Retrying...
2024-01-01T00:45:51.4988837Z A path returned 202. Retrying...
2024-01-01T00:45:51.4989291Z A path returned 202. Retrying...
2024-01-01T00:45:51.4989699Z A path returned 202. Retrying...
2024-01-01T00:45:51.4990145Z A path returned 202. Retrying...
2024-01-01T00:45:51.4990546Z A path returned 202. Retrying...
2024-01-01T00:45:51.4990901Z A path returned 202. Retrying...
2024-01-01T00:45:51.4991357Z A path returned 202. Retrying...
2024-01-01T00:45:51.4991761Z A path returned 202. Retrying...
2024-01-01T00:45:51.4992145Z A path returned 202. Retrying...
2024-01-01T00:45:51.4992598Z A path returned 202. Retrying...
2024-01-01T00:45:51.4993001Z A path returned 202. Retrying...
2024-01-01T00:45:51.4993385Z A path returned 202. Retrying...
2024-01-01T00:45:51.4993821Z A path returned 202. Retrying...
2024-01-01T00:45:51.4994210Z A path returned 202. Retrying...
2024-01-01T00:45:51.4994597Z A path returned 202. Retrying...
2024-01-01T00:45:51.4995074Z A path returned 202. Retrying...
2024-01-01T00:45:51.4995461Z A path returned 202. Retrying...
2024-01-01T00:45:51.4995927Z A path returned 202. Retrying...
2024-01-01T00:45:51.4996313Z A path returned 202. Retrying...
2024-01-01T00:45:51.4996668Z A path returned 202. Retrying...
2024-01-01T00:45:51.4997133Z A path returned 202. Retrying...
2024-01-01T00:45:51.4997526Z A path returned 202. Retrying...
2024-01-01T00:45:51.4997911Z A path returned 202. Retrying...
2024-01-01T00:45:51.4998375Z A path returned 202. Retrying...
2024-01-01T00:45:51.4998761Z A path returned 202. Retrying...
2024-01-01T00:45:51.4999162Z A path returned 202. Retrying...
2024-01-01T00:45:51.4999590Z A path returned 202. Retrying...
2024-01-01T00:45:51.4999976Z A path returned 202. Retrying...
2024-01-01T00:45:51.5000380Z A path returned 202. Retrying...
2024-01-01T00:45:51.5000835Z A path returned 202. Retrying...
2024-01-01T00:45:51.5001222Z A path returned 202. Retrying...
2024-01-01T00:45:51.5001690Z A path returned 202. Retrying...
2024-01-01T00:45:51.5002078Z A path returned 202. Retrying...
2024-01-01T00:45:51.5002443Z A path returned 202. Retrying...
2024-01-01T00:45:51.5002888Z A path returned 202. Retrying...
2024-01-01T00:45:51.5003278Z A path returned 202. Retrying...
2024-01-01T00:45:51.5003677Z A path returned 202. Retrying...
2024-01-01T00:45:51.5004126Z A path returned 202. Retrying...
2024-01-01T00:45:51.5004527Z A path returned 202. Retrying...
2024-01-01T00:45:51.5004912Z A path returned 202. Retrying...
2024-01-01T00:45:51.5005323Z A path returned 202. Retrying...
2024-01-01T00:45:51.5005728Z A path returned 202. Retrying...
2024-01-01T00:45:51.5006278Z A path returned 202. Retrying...
2024-01-01T00:45:51.5006771Z A path returned 202. Retrying...
2024-01-01T00:45:51.5007160Z A path returned 202. Retrying...
2024-01-01T00:45:51.5007609Z A path returned 202. Retrying...
2024-01-01T00:45:51.5008012Z A path returned 202. Retrying...
2024-01-01T00:45:51.5008363Z A path returned 202. Retrying...
2024-01-01T00:54:42.2790444Z A path returned 202. Retrying...
2024-01-01T00:54:42.2791609Z A path returned 202. Retrying...
2024-01-01T00:54:42.2792188Z A path returned 202. Retrying...
2024-01-01T00:54:42.2792784Z A path returned 202. Retrying...
2024-01-01T00:54:42.2793237Z A path returned 202. Retrying...
2024-01-01T00:54:42.2793632Z A path returned 202. Retrying...
2024-01-01T00:54:42.2794117Z A path returned 202. Retrying...
2024-01-01T00:54:42.2794545Z A path returned 202. Retrying...
2024-01-01T00:54:42.2794983Z A path returned 202. Retrying...
2024-01-01T00:54:42.2795460Z A path returned 202. Retrying...
2024-01-01T00:54:42.2795885Z A path returned 202. Retrying...
2024-01-01T00:54:42.2796319Z A path returned 202. Retrying...
2024-01-01T00:54:42.2796761Z A path returned 202. Retrying...
2024-01-01T00:54:42.2797190Z A path returned 202. Retrying...
2024-01-01T00:54:42.2797967Z A path returned 202. Retrying...
2024-01-01T00:54:42.2798484Z A path returned 202. Retrying...
2024-01-01T00:54:42.2798895Z A path returned 202. Retrying...
2024-01-01T00:54:42.2799369Z A path returned 202. Retrying...
2024-01-01T00:54:42.2799793Z A path returned 202. Retrying...
2024-01-01T00:54:42.2800163Z A path returned 202. Retrying...
2024-01-01T00:54:42.2800633Z A path returned 202. Retrying...
2024-01-01T00:54:42.2801054Z A path returned 202. Retrying...
2024-01-01T00:54:42.2801460Z A path returned 202. Retrying...
2024-01-01T00:54:42.2801957Z A path returned 202. Retrying...
2024-01-01T00:54:42.2802372Z A path returned 202. Retrying...
2024-01-01T00:54:42.2802786Z A path returned 202. Retrying...
2024-01-01T00:54:42.2803240Z A path returned 202. Retrying...
2024-01-01T00:54:42.2803636Z A path returned 202. Retrying...
2024-01-01T00:54:42.2804046Z A path returned 202. Retrying...
2024-01-01T00:54:42.2804501Z A path returned 202. Retrying...
2024-01-01T00:54:42.2804900Z A path returned 202. Retrying...
2024-01-01T00:54:42.2805370Z A path returned 202. Retrying...
2024-01-01T00:54:42.2805759Z A path returned 202. Retrying...
2024-01-01T00:54:42.2806109Z A path returned 202. Retrying...
2024-01-01T00:54:42.2806580Z A path returned 202. Retrying...
2024-01-01T00:54:42.2806965Z A path returned 202. Retrying...
2024-01-01T00:54:42.2807366Z A path returned 202. Retrying...
2024-01-01T00:54:42.2807813Z A path returned 202. Retrying...
2024-01-01T00:54:42.2808194Z A path returned 202. Retrying...
2024-01-01T00:54:42.2808600Z A path returned 202. Retrying...
2024-01-01T00:54:42.2809022Z A path returned 202. Retrying...
2024-01-01T00:54:42.2809414Z A path returned 202. Retrying...
2024-01-01T00:54:42.2809815Z A path returned 202. Retrying...
2024-01-01T00:54:42.2810262Z A path returned 202. Retrying...
2024-01-01T00:54:42.2810668Z A path returned 202. Retrying...
2024-01-01T00:54:42.2811120Z A path returned 202. Retrying...
2024-01-01T00:54:42.2811504Z A path returned 202. Retrying...
2024-01-01T00:54:42.2811877Z A path returned 202. Retrying...
2024-01-01T00:54:42.2812323Z A path returned 202. Retrying...
2024-01-01T00:54:42.2812723Z A path returned 202. Retrying...
2024-01-01T00:54:42.2813106Z A path returned 202. Retrying...
2024-01-01T00:54:42.2813554Z A path returned 202. Retrying...
2024-01-01T00:54:42.2813954Z A path returned 202. Retrying...
2024-01-01T00:54:42.2814335Z A path returned 202. Retrying...
2024-01-01T00:54:42.2814749Z A path returned 202. Retrying...
2024-01-01T00:54:42.2815149Z A path returned 202. Retrying...
2024-01-01T00:54:42.2815532Z A path returned 202. Retrying...
2024-01-01T00:54:42.2816001Z A path returned 202. Retrying...
2024-01-01T00:54:42.2816387Z A path returned 202. Retrying...
2024-01-01T00:54:42.2816850Z A path returned 202. Retrying...
2024-01-01T00:54:42.2817471Z A path returned 202. Retrying...
2024-01-01T00:54:42.2817826Z A path returned 202. Retrying...
2024-01-01T00:54:42.2818294Z A path returned 202. Retrying...
2024-01-01T00:54:42.2818682Z A path returned 202. Retrying...
2024-01-01T00:54:42.2819068Z A path returned 202. Retrying...
2024-01-01T00:54:42.2819533Z A path returned 202. Retrying...
2024-01-01T00:54:42.2819915Z A path returned 202. Retrying...
2024-01-01T00:54:42.2820315Z A path returned 202. Retrying...
2024-01-01T00:54:42.2820737Z A path returned 202. Retrying...
2024-01-01T00:54:42.2821122Z A path returned 202. Retrying...
2024-01-01T00:54:42.2821521Z A path returned 202. Retrying...
2024-01-01T00:54:42.2821978Z A path returned 202. Retrying...
2024-01-01T00:54:42.2822364Z A path returned 202. Retrying...
2024-01-01T00:54:42.2822828Z A path returned 202. Retrying...
2024-01-01T00:54:42.2823212Z A path returned 202. Retrying...
2024-01-01T00:54:42.2823579Z A path returned 202. Retrying...
2024-01-01T00:54:42.2824036Z A path returned 202. Retrying...
2024-01-01T00:54:42.2824458Z A path returned 202. Retrying...
2024-01-01T00:54:42.2824936Z A path returned 202. Retrying...
2024-01-01T00:54:42.2825893Z A path returned 202. Retrying...
2024-01-01T00:54:42.2826544Z A path returned 202. Retrying...
2024-01-01T00:54:42.2826975Z A path returned 202. Retrying...
2024-01-01T00:54:42.2827546Z A path returned 202. Retrying...
2024-01-01T00:54:42.2827972Z A path returned 202. Retrying...
2024-01-01T00:54:42.2828372Z A path returned 202. Retrying...
2024-01-01T00:54:42.2828841Z A path returned 202. Retrying...
2024-01-01T00:54:42.2829235Z A path returned 202. Retrying...
2024-01-01T00:54:42.2829683Z A path returned 202. Retrying...
2024-01-01T00:54:42.2830092Z A path returned 202. Retrying...
2024-01-01T00:54:42.2830449Z A path returned 202. Retrying...
2024-01-01T00:54:42.2830904Z A path returned 202. Retrying...
2024-01-01T00:54:42.2831309Z A path returned 202. Retrying...
2024-01-01T00:54:42.2831696Z A path returned 202. Retrying...
2024-01-01T00:54:42.2832183Z A path returned 202. Retrying...
2024-01-01T00:54:42.2832575Z A path returned 202. Retrying...
2024-01-01T00:54:42.2832958Z A path returned 202. Retrying...
2024-01-01T00:54:42.2833394Z A path returned 202. Retrying...
2024-01-01T00:54:42.2833783Z A path returned 202. Retrying...
2024-01-01T00:54:42.2834167Z A path returned 202. Retrying...
2024-01-01T00:54:42.2834633Z A path returned 202. Retrying...
2024-01-01T00:54:42.2835018Z A path returned 202. Retrying...
2024-01-01T00:54:42.2835490Z A path returned 202. Retrying...
2024-01-01T00:54:42.2835877Z A path returned 202. Retrying...
2024-01-01T00:54:42.2836227Z A path returned 202. Retrying...
2024-01-01T00:54:42.2836688Z A path returned 202. Retrying...
2024-01-01T00:54:42.2837079Z A path returned 202. Retrying...
2024-01-01T00:54:42.2837482Z A path returned 202. Retrying...
2024-01-01T00:54:42.2837934Z A path returned 202. Retrying...
2024-01-01T00:54:42.2838319Z A path returned 202. Retrying...
2024-01-01T00:54:42.2838720Z A path returned 202. Retrying...
2024-01-01T00:54:42.2839144Z A path returned 202. Retrying...
2024-01-01T00:54:42.2839530Z A path returned 202. Retrying...
2024-01-01T00:54:42.2839932Z A path returned 202. Retrying...
2024-01-01T00:54:42.2840385Z A path returned 202. Retrying...
2024-01-01T00:54:42.2840787Z A path returned 202. Retrying...
2024-01-01T00:54:42.2841231Z A path returned 202. Retrying...
2024-01-01T00:54:42.2841617Z A path returned 202. Retrying...
2024-01-01T00:54:42.2841982Z A path returned 202. Retrying...
2024-01-01T00:54:42.2842432Z A path returned 202. Retrying...
2024-01-01T00:54:42.2842814Z A path returned 202. Retrying...
2024-01-01T00:54:42.2843217Z A path returned 202. Retrying...
2024-01-01T00:54:42.2843664Z A path returned 202. Retrying...
2024-01-01T00:54:42.2844063Z A path returned 202. Retrying...
2024-01-01T00:54:42.2844446Z A path returned 202. Retrying...
2024-01-01T00:54:42.2844872Z A path returned 202. Retrying...
2024-01-01T00:54:42.2845279Z A path returned 202. Retrying...
2024-01-01T00:54:42.2845813Z A path returned 202. Retrying...
2024-01-01T00:54:42.2846286Z A path returned 202. Retrying...
2024-01-01T00:54:42.2846675Z A path returned 202. Retrying...
2024-01-01T00:54:42.2847116Z A path returned 202. Retrying...
2024-01-01T00:54:42.2847524Z A path returned 202. Retrying...
2024-01-01T00:54:42.2847877Z A path returned 202. Retrying...
2024-01-01T00:54:42.2848347Z A path returned 202. Retrying...
2024-01-01T00:54:42.2848730Z A path returned 202. Retrying...
2024-01-01T00:54:42.2849111Z A path returned 202. Retrying...
2024-01-01T00:54:42.2849574Z A path returned 202. Retrying...
2024-01-01T00:54:42.2849956Z A path returned 202. Retrying...
2024-01-01T00:54:42.2850356Z A path returned 202. Retrying...
2024-01-01T00:54:42.2850769Z A path returned 202. Retrying...
2024-01-01T00:54:42.2851156Z A path returned 202. Retrying...
2024-01-01T00:54:42.2851552Z A path returned 202. Retrying...
2024-01-01T00:54:42.2851999Z A path returned 202. Retrying...
2024-01-01T00:54:42.2852384Z A path returned 202. Retrying...
2024-01-01T00:54:42.2852852Z A path returned 202. Retrying...
2024-01-01T00:54:42.2853237Z A path returned 202. Retrying...
2024-01-01T00:54:42.2853586Z A path returned 202. Retrying...
2024-01-01T00:54:42.2854165Z A path returned 202. Retrying...
2024-01-01T00:54:42.2854569Z A path returned 202. Retrying...
2024-01-01T00:54:42.2854974Z A path returned 202. Retrying...
2024-01-01T00:54:42.2855430Z A path returned 202. Retrying...
2024-01-01T00:54:42.2855833Z A path returned 202. Retrying...
2024-01-01T00:54:42.2856221Z A path returned 202. Retrying...
2024-01-01T00:54:42.2856635Z A path returned 202. Retrying...
2024-01-01T00:54:42.2857042Z A path returned 202. Retrying...
2024-01-01T00:54:42.2857424Z A path returned 202. Retrying...
2024-01-01T00:54:42.2857869Z A path returned 202. Retrying...
2024-01-01T00:54:42.2858274Z A path returned 202. Retrying...
2024-01-01T00:54:42.2858720Z A path returned 202. Retrying...
2024-01-01T00:54:42.2859123Z A path returned 202. Retrying...
2024-01-01T00:54:42.2859485Z A path returned 202. Retrying...
2024-01-01T00:54:42.2859936Z A path returned 202. Retrying...
2024-01-01T00:54:42.2860342Z A path returned 202. Retrying...
2024-01-01T00:54:42.2860732Z A path returned 202. Retrying...
2024-01-01T00:54:42.2861195Z A path returned 202. Retrying...
2024-01-01T00:54:42.2861581Z A path returned 202. Retrying...
2024-01-01T00:54:42.2861963Z A path returned 202. Retrying...
2024-01-01T00:54:42.2862389Z A path returned 202. Retrying...
2024-01-01T00:54:42.2862775Z A path returned 202. Retrying...
2024-01-01T00:54:42.2863158Z A path returned 202. Retrying...
2024-01-01T00:54:42.2863618Z A path returned 202. Retrying...
2024-01-01T00:54:42.2864004Z A path returned 202. Retrying...
2024-01-01T00:54:42.2864470Z A path returned 202. Retrying...
2024-01-01T00:54:42.2864862Z A path returned 202. Retrying...
2024-01-01T00:54:42.2865211Z A path returned 202. Retrying...
2024-01-01T00:54:42.2865853Z A path returned 202. Retrying...
2024-01-01T00:54:42.2866250Z A path returned 202. Retrying...
2024-01-01T00:54:42.2866642Z A path returned 202. Retrying...
2024-01-01T00:54:42.2867110Z A path returned 202. Retrying...
2024-01-01T00:54:42.2867493Z A path returned 202. Retrying...
2024-01-01T00:54:42.2867900Z A path returned 202. Retrying...
2024-01-01T00:54:42.2868319Z A path returned 202. Retrying...
2024-01-01T00:54:42.2868706Z A path returned 202. Retrying...
2024-01-01T00:54:42.2869111Z A path returned 202. Retrying...
2024-01-01T00:54:42.2869571Z A path returned 202. Retrying...
2024-01-01T00:54:42.2869972Z A path returned 202. Retrying...
2024-01-01T00:54:42.2870424Z A path returned 202. Retrying...
2024-01-01T00:54:42.2870810Z A path returned 202. Retrying...
2024-01-01T00:54:42.2871177Z A path returned 202. Retrying...
2024-01-01T00:54:42.2871637Z A path returned 202. Retrying...
2024-01-01T00:54:42.2872021Z A path returned 202. Retrying...
2024-01-01T00:54:42.2872426Z A path returned 202. Retrying...
2024-01-01T00:54:42.2872883Z A path returned 202. Retrying...
2024-01-01T00:54:42.2873456Z A path returned 202. Retrying...
2024-01-01T00:54:42.2873851Z A path returned 202. Retrying...
2024-01-01T00:54:42.2874274Z A path returned 202. Retrying...
2024-01-01T00:54:42.2874690Z A path returned 202. Retrying...
2024-01-01T00:54:42.2875084Z A path returned 202. Retrying...
2024-01-01T00:54:42.2875550Z A path returned 202. Retrying...
2024-01-01T00:54:42.2875938Z A path returned 202. Retrying...
2024-01-01T00:54:42.2876387Z A path returned 202. Retrying...
2024-01-01T00:54:42.2876790Z A path returned 202. Retrying...
2024-01-01T00:54:42.2877156Z A path returned 202. Retrying...
2024-01-01T00:54:42.2877606Z A path returned 202. Retrying...
2024-01-01T00:54:42.2878009Z A path returned 202. Retrying...
2024-01-01T00:54:42.2878393Z A path returned 202. Retrying...
2024-01-01T00:54:42.2878859Z A path returned 202. Retrying...
2024-01-01T00:54:42.2879254Z A path returned 202. Retrying...
2024-01-01T00:54:42.2879639Z A path returned 202. Retrying...
2024-01-01T00:54:42.2880073Z A path returned 202. Retrying...
2024-01-01T00:54:42.2880466Z A path returned 202. Retrying...
2024-01-01T00:54:42.2880866Z A path returned 202. Retrying...
2024-01-01T00:54:42.2881323Z A path returned 202. Retrying...
2024-01-01T00:54:42.2881851Z A path returned 202. Retrying...
2024-01-01T00:54:42.2882337Z A path returned 202. Retrying...
2024-01-01T00:54:42.2882723Z A path returned 202. Retrying...
2024-01-01T00:54:42.2883093Z A path returned 202. Retrying...
2024-01-01T00:54:42.2883546Z A path returned 202. Retrying...
2024-01-01T00:54:42.2883930Z A path returned 202. Retrying...
2024-01-01T00:54:42.2884331Z A path returned 202. Retrying...
2024-01-01T00:54:42.2884785Z A path returned 202. Retrying...
2024-01-01T00:54:42.2885188Z A path returned 202. Retrying...
2024-01-01T00:54:42.2885573Z A path returned 202. Retrying...
2024-01-01T00:54:42.2885993Z A path returned 202. Retrying...
2024-01-01T00:54:42.2886399Z A path returned 202. Retrying...
2024-01-01T00:54:42.2886784Z A path returned 202. Retrying...
2024-01-01T00:54:42.2887236Z A path returned 202. Retrying...
2024-01-01T00:54:42.2887639Z A path returned 202. Retrying...
2024-01-01T00:54:42.2888089Z A path returned 202. Retrying...
2024-01-01T00:54:42.2888499Z A path returned 202. Retrying...
2024-01-01T00:54:42.2888854Z A path returned 202. Retrying...
2024-01-01T00:54:42.2889307Z A path returned 202. Retrying...
2024-01-01T00:54:42.2889711Z A path returned 202. Retrying...
2024-01-01T00:54:42.2890097Z A path returned 202. Retrying...
2024-01-01T00:54:42.2890551Z A path returned 202. Retrying...
2024-01-01T00:54:42.2890953Z A path returned 202. Retrying...
2024-01-01T00:54:42.2891339Z A path returned 202. Retrying...
2024-01-01T00:54:42.2891769Z A path returned 202. Retrying...
2024-01-01T00:54:42.2892158Z A path returned 202. Retrying...
2024-01-01T00:54:42.2892545Z A path returned 202. Retrying...
2024-01-01T00:54:42.2893013Z A path returned 202. Retrying...
2024-01-01T00:54:42.2893402Z A path returned 202. Retrying...
2024-01-01T00:54:42.2893878Z A path returned 202. Retrying...
2024-01-01T00:54:42.2894279Z A path returned 202. Retrying...
2024-01-01T00:54:42.2894635Z A path returned 202. Retrying...
2024-01-01T00:54:42.2895103Z A path returned 202. Retrying...
2024-01-01T00:54:42.2895508Z A path returned 202. Retrying...
2024-01-01T00:54:42.2895903Z A path returned 202. Retrying...
2024-01-01T00:54:42.2896375Z A path returned 202. Retrying...
2024-01-01T01:03:32.0713655Z A path returned 202. Retrying...
2024-01-01T01:03:32.0714205Z A path returned 202. Retrying...
2024-01-01T01:03:32.0714662Z A path returned 202. Retrying...
2024-01-01T01:03:32.0715110Z A path returned 202. Retrying...
2024-01-01T01:03:32.0715561Z A path returned 202. Retrying...
2024-01-01T01:03:32.0715988Z A path returned 202. Retrying...
2024-01-01T01:03:32.0716408Z A path returned 202. Retrying...
2024-01-01T01:03:32.0716824Z A path returned 202. Retrying...
2024-01-01T01:03:32.0717239Z A path returned 202. Retrying...
2024-01-01T01:03:32.0717653Z A path returned 202. Retrying...
2024-01-01T01:03:32.0719044Z A path returned 202. Retrying...
2024-01-01T01:03:32.0719507Z A path returned 202. Retrying...
2024-01-01T01:03:32.0719856Z A path returned 202. Retrying...
2024-01-01T01:03:32.0720186Z A path returned 202. Retrying...
2024-01-01T01:03:32.0720509Z A path returned 202. Retrying...
2024-01-01T01:03:32.0720822Z A path returned 202. Retrying...
2024-01-01T01:03:32.0721538Z A path returned 202. Retrying...
2024-01-01T01:03:32.0721871Z A path returned 202. Retrying...
2024-01-01T01:03:32.0722191Z A path returned 202. Retrying...
2024-01-01T01:03:32.0722635Z A path returned 202. Retrying...
2024-01-01T01:03:32.0723072Z A path returned 202. Retrying...
2024-01-01T01:03:32.0723387Z A path returned 202. Retrying...
2024-01-01T01:03:32.0723695Z A path returned 202. Retrying...
2024-01-01T01:03:32.0724026Z A path returned 202. Retrying...
2024-01-01T01:03:32.0724333Z A path returned 202. Retrying...
2024-01-01T01:03:32.0724647Z A path returned 202. Retrying...
2024-01-01T01:03:32.0725066Z A path returned 202. Retrying...
2024-01-01T01:03:32.0725391Z A path returned 202. Retrying...
2024-01-01T01:03:32.0725703Z A path returned 202. Retrying...
2024-01-01T01:03:32.0726014Z A path returned 202. Retrying...
2024-01-01T01:03:32.0726676Z A path returned 202. Retrying...
2024-01-01T01:03:32.0727002Z A path returned 202. Retrying...
2024-01-01T01:03:32.0727319Z A path returned 202. Retrying...
2024-01-01T01:03:32.0727632Z A path returned 202. Retrying...
2024-01-01T01:03:32.0727944Z A path returned 202. Retrying...
2024-01-01T01:03:32.0728252Z A path returned 202. Retrying...
2024-01-01T01:03:32.0728561Z A path returned 202. Retrying...
2024-01-01T01:03:32.0728870Z A path returned 202. Retrying...
2024-01-01T01:03:32.0729175Z A path returned 202. Retrying...
2024-01-01T01:03:32.0729486Z A path returned 202. Retrying...
2024-01-01T01:03:32.0729778Z A path returned 202. Retrying...
2024-01-01T01:03:32.0730073Z A path returned 202. Retrying...
2024-01-01T01:03:32.0730368Z A path returned 202. Retrying...
2024-01-01T01:03:32.0730663Z A path returned 202. Retrying...
2024-01-01T01:03:32.0730953Z A path returned 202. Retrying...
2024-01-01T01:03:32.0731285Z A path returned 202. Retrying...
2024-01-01T01:03:32.0731580Z A path returned 202. Retrying...
2024-01-01T01:03:32.0731870Z A path returned 202. Retrying...
2024-01-01T01:03:32.0732161Z A path returned 202. Retrying...
2024-01-01T01:03:32.0732449Z A path returned 202. Retrying...
2024-01-01T01:03:32.0732745Z A path returned 202. Retrying...
2024-01-01T01:03:32.0733048Z A path returned 202. Retrying...
2024-01-01T01:03:32.0733357Z A path returned 202. Retrying...
2024-01-01T01:03:32.0733658Z A path returned 202. Retrying...
2024-01-01T01:03:32.0733954Z A path returned 202. Retrying...
2024-01-01T01:03:32.0734251Z A path returned 202. Retrying...
2024-01-01T01:03:32.0734542Z A path returned 202. Retrying...
2024-01-01T01:03:32.0734844Z A path returned 202. Retrying...
2024-01-01T01:03:32.0735159Z A path returned 202. Retrying...
2024-01-01T01:03:32.0735457Z A path returned 202. Retrying...
2024-01-01T01:03:32.0735757Z A path returned 202. Retrying...
2024-01-01T01:03:32.0736048Z A path returned 202. Retrying...
2024-01-01T01:03:32.0736340Z A path returned 202. Retrying...
2024-01-01T01:03:32.0736633Z A path returned 202. Retrying...
2024-01-01T01:03:32.0736926Z A path returned 202. Retrying...
2024-01-01T01:03:32.0737216Z A path returned 202. Retrying...
2024-01-01T01:03:32.0737507Z A path returned 202. Retrying...
2024-01-01T01:03:32.0737800Z A path returned 202. Retrying...
2024-01-01T01:03:32.0738090Z A path returned 202. Retrying...
2024-01-01T01:03:32.0738383Z A path returned 202. Retrying...
2024-01-01T01:03:32.0738671Z A path returned 202. Retrying...
2024-01-01T01:03:32.0738964Z A path returned 202. Retrying...
2024-01-01T01:03:32.0739259Z A path returned 202. Retrying...
2024-01-01T01:03:32.0739550Z A path returned 202. Retrying...
2024-01-01T01:03:32.0739841Z A path returned 202. Retrying...
2024-01-01T01:03:32.0740131Z A path returned 202. Retrying...
2024-01-01T01:03:32.0740576Z A path returned 202. Retrying...
2024-01-01T01:03:32.0740882Z A path returned 202. Retrying...
2024-01-01T01:03:32.0741185Z A path returned 202. Retrying...
2024-01-01T01:03:32.0741490Z A path returned 202. Retrying...
2024-01-01T01:03:32.0741783Z A path returned 202. Retrying...
2024-01-01T01:03:32.0742083Z A path returned 202. Retrying...
2024-01-01T01:03:32.0742375Z A path returned 202. Retrying...
2024-01-01T01:03:32.0742668Z A path returned 202. Retrying...
2024-01-01T01:03:32.0742956Z A path returned 202. Retrying...
2024-01-01T01:03:32.0743255Z A path returned 202. Retrying...
2024-01-01T01:03:32.0743550Z A path returned 202. Retrying...
2024-01-01T01:03:32.0743844Z A path returned 202. Retrying...
2024-01-01T01:03:32.0744137Z A path returned 202. Retrying...
2024-01-01T01:03:32.0744429Z A path returned 202. Retrying...
2024-01-01T01:03:32.0744721Z A path returned 202. Retrying...
2024-01-01T01:03:32.0745007Z A path returned 202. Retrying...
2024-01-01T01:03:32.0745528Z A path returned 202. Retrying...
2024-01-01T01:03:32.0745854Z A path returned 202. Retrying...
2024-01-01T01:03:32.0746151Z A path returned 202. Retrying...
2024-01-01T01:03:32.0746444Z A path returned 202. Retrying...
2024-01-01T01:03:32.0746895Z A path returned 202. Retrying...
2024-01-01T01:03:32.0747207Z A path returned 202. Retrying...
2024-01-01T01:03:32.0747499Z A path returned 202. Retrying...
2024-01-01T01:03:32.0747791Z A path returned 202. Retrying...
2024-01-01T01:03:32.0748081Z A path returned 202. Retrying...
2024-01-01T01:03:32.0748372Z A path returned 202. Retrying...
2024-01-01T01:03:32.0748664Z A path returned 202. Retrying...
2024-01-01T01:03:32.0748954Z A path returned 202. Retrying...
2024-01-01T01:03:32.0749245Z A path returned 202. Retrying...
2024-01-01T01:03:32.0749532Z A path returned 202. Retrying...
2024-01-01T01:03:32.0749825Z A path returned 202. Retrying...
2024-01-01T01:03:32.0750116Z A path returned 202. Retrying...
2024-01-01T01:03:32.0750407Z A path returned 202. Retrying...
2024-01-01T01:03:32.0750703Z A path returned 202. Retrying...
2024-01-01T01:03:32.0750992Z A path returned 202. Retrying...
2024-01-01T01:03:32.0751283Z A path returned 202. Retrying...
2024-01-01T01:03:32.0751573Z A path returned 202. Retrying...
2024-01-01T01:03:32.0751866Z A path returned 202. Retrying...
2024-01-01T01:03:32.0752159Z A path returned 202. Retrying...
2024-01-01T01:03:32.0752450Z A path returned 202. Retrying...
2024-01-01T01:03:32.0752742Z A path returned 202. Retrying...
2024-01-01T01:03:32.0753032Z A path returned 202. Retrying...
2024-01-01T01:03:32.0753321Z A path returned 202. Retrying...
2024-01-01T01:03:32.0753606Z A path returned 202. Retrying...
2024-01-01T01:03:32.0753897Z A path returned 202. Retrying...
2024-01-01T01:03:32.0754188Z A path returned 202. Retrying...
2024-01-01T01:03:32.0754478Z A path returned 202. Retrying...
2024-01-01T01:03:32.0754767Z A path returned 202. Retrying...
2024-01-01T01:03:32.0755058Z A path returned 202. Retrying...
2024-01-01T01:03:32.0755347Z A path returned 202. Retrying...
2024-01-01T01:03:32.0755637Z A path returned 202. Retrying...
2024-01-01T01:03:32.0755930Z A path returned 202. Retrying...
2024-01-01T01:03:32.0756221Z A path returned 202. Retrying...
2024-01-01T01:03:32.0756517Z A path returned 202. Retrying...
2024-01-01T01:03:32.0756808Z A path returned 202. Retrying...
2024-01-01T01:03:32.0757099Z A path returned 202. Retrying...
2024-01-01T01:03:32.0757389Z A path returned 202. Retrying...
2024-01-01T01:03:32.0757675Z A path returned 202. Retrying...
2024-01-01T01:03:32.0757966Z A path returned 202. Retrying...
2024-01-01T01:03:32.0758257Z A path returned 202. Retrying...
2024-01-01T01:03:32.0758547Z A path returned 202. Retrying...
2024-01-01T01:03:32.0758838Z A path returned 202. Retrying...
2024-01-01T01:03:32.0759136Z A path returned 202. Retrying...
2024-01-01T01:03:32.0759428Z A path returned 202. Retrying...
2024-01-01T01:03:32.0759714Z A path returned 202. Retrying...
2024-01-01T01:03:32.0760008Z A path returned 202. Retrying...
2024-01-01T01:03:32.0760498Z A path returned 202. Retrying...
2024-01-01T01:03:32.0760795Z A path returned 202. Retrying...
2024-01-01T01:03:32.0761086Z A path returned 202. Retrying...
2024-01-01T01:03:32.0761381Z A path returned 202. Retrying...
2024-01-01T01:03:32.0761673Z A path returned 202. Retrying...
2024-01-01T01:03:32.0761958Z A path returned 202. Retrying...
2024-01-01T01:03:32.0762249Z A path returned 202. Retrying...
2024-01-01T01:03:32.0762539Z A path returned 202. Retrying...
2024-01-01T01:03:32.0762829Z A path returned 202. Retrying...
2024-01-01T01:03:32.0763119Z A path returned 202. Retrying...
2024-01-01T01:03:32.0763411Z A path returned 202. Retrying...
2024-01-01T01:03:32.0763705Z A path returned 202. Retrying...
2024-01-01T01:03:32.0763993Z A path returned 202. Retrying...
2024-01-01T01:03:32.0764288Z A path returned 202. Retrying...
2024-01-01T01:03:32.0764583Z A path returned 202. Retrying...
2024-01-01T01:03:32.0764877Z A path returned 202. Retrying...
2024-01-01T01:03:32.0765168Z A path returned 202. Retrying...
2024-01-01T01:03:32.0765465Z A path returned 202. Retrying...
2024-01-01T01:03:32.0765756Z A path returned 202. Retrying...
2024-01-01T01:03:32.0766043Z A path returned 202. Retrying...
2024-01-01T01:03:32.0766459Z A path returned 202. Retrying...
2024-01-01T01:03:32.0766759Z A path returned 202. Retrying...
2024-01-01T01:03:32.0767049Z A path returned 202. Retrying...
2024-01-01T01:03:32.0767340Z A path returned 202. Retrying...
2024-01-01T01:03:32.0767628Z A path returned 202. Retrying...
2024-01-01T01:03:32.0767922Z A path returned 202. Retrying...
2024-01-01T01:03:32.0768206Z A path returned 202. Retrying...
2024-01-01T01:03:32.0768497Z A path returned 202. Retrying...
2024-01-01T01:03:32.0768788Z A path returned 202. Retrying...
2024-01-01T01:03:32.0769079Z A path returned 202. Retrying...
2024-01-01T01:03:32.0769369Z A path returned 202. Retrying...
2024-01-01T01:03:32.0769659Z A path returned 202. Retrying...
2024-01-01T01:03:32.0769956Z A path returned 202. Retrying...
2024-01-01T01:03:32.0770241Z A path returned 202. Retrying...
2024-01-01T01:03:32.0770540Z A path returned 202. Retrying...
2024-01-01T01:03:32.0770830Z A path returned 202. Retrying...
2024-01-01T01:03:32.0771127Z A path returned 202. Retrying...
2024-01-01T01:03:32.0771418Z A path returned 202. Retrying...
2024-01-01T01:03:32.0771707Z A path returned 202. Retrying...
2024-01-01T01:03:32.0771995Z A path returned 202. Retrying...
2024-01-01T01:03:32.0772279Z A path returned 202. Retrying...
2024-01-01T01:03:32.0772570Z A path returned 202. Retrying...
2024-01-01T01:03:32.0772873Z A path returned 202. Retrying...
2024-01-01T01:03:32.0773163Z A path returned 202. Retrying...
2024-01-01T01:03:32.0773453Z A path returned 202. Retrying...
2024-01-01T01:03:32.0773745Z A path returned 202. Retrying...
2024-01-01T01:03:32.0774035Z A path returned 202. Retrying...
2024-01-01T01:03:32.0774323Z A path returned 202. Retrying...
2024-01-01T01:03:32.0774614Z A path returned 202. Retrying...
2024-01-01T01:03:32.0774907Z A path returned 202. Retrying...
2024-01-01T01:03:32.0775202Z A path returned 202. Retrying...
2024-01-01T01:03:32.0775492Z A path returned 202. Retrying...
2024-01-01T01:03:32.0775781Z A path returned 202. Retrying...
2024-01-01T01:03:32.0776076Z A path returned 202. Retrying...
2024-01-01T01:03:32.0776364Z A path returned 202. Retrying...
2024-01-01T01:03:32.0776654Z A path returned 202. Retrying...
2024-01-01T01:03:32.0776945Z A path returned 202. Retrying...
2024-01-01T01:03:32.0777237Z A path returned 202. Retrying...
2024-01-01T01:03:32.0777529Z A path returned 202. Retrying...
2024-01-01T01:03:32.0777819Z A path returned 202. Retrying...
2024-01-01T01:03:32.0778110Z A path returned 202. Retrying...
2024-01-01T01:03:32.0778395Z A path returned 202. Retrying...
2024-01-01T01:03:32.0778686Z A path returned 202. Retrying...
2024-01-01T01:03:32.0778978Z A path returned 202. Retrying...
2024-01-01T01:03:32.0779272Z A path returned 202. Retrying...
2024-01-01T01:03:32.0779561Z A path returned 202. Retrying...
2024-01-01T01:03:32.0779850Z A path returned 202. Retrying...
2024-01-01T01:03:32.0780337Z A path returned 202. Retrying...
2024-01-01T01:03:32.0780627Z A path returned 202. Retrying...
2024-01-01T01:03:32.0780936Z A path returned 202. Retrying...
2024-01-01T01:03:32.0781238Z A path returned 202. Retrying...
2024-01-01T01:03:32.0781530Z A path returned 202. Retrying...
2024-01-01T01:03:32.0781825Z A path returned 202. Retrying...
2024-01-01T01:03:32.0782116Z A path returned 202. Retrying...
2024-01-01T01:03:32.0782407Z A path returned 202. Retrying...
2024-01-01T01:03:32.0782692Z A path returned 202. Retrying...
2024-01-01T01:03:32.0782982Z A path returned 202. Retrying...
2024-01-01T01:03:32.0783274Z A path returned 202. Retrying...
2024-01-01T01:03:32.0783564Z A path returned 202. Retrying...
2024-01-01T01:03:32.0783854Z A path returned 202. Retrying...
2024-01-01T01:03:32.0784143Z A path returned 202. Retrying...
2024-01-01T01:03:32.0784434Z A path returned 202. Retrying...
2024-01-01T01:03:32.0784721Z A path returned 202. Retrying...
2024-01-01T01:03:32.0785020Z A path returned 202. Retrying...
2024-01-01T01:03:32.0785424Z A path returned 202. Retrying...
2024-01-01T01:03:32.0785720Z A path returned 202. Retrying...
2024-01-01T01:03:32.0786177Z A path returned 202. Retrying...
2024-01-01T01:03:32.0786478Z A path returned 202. Retrying...
2024-01-01T01:03:32.0786764Z A path returned 202. Retrying...
2024-01-01T01:03:32.0787057Z A path returned 202. Retrying...
2024-01-01T01:03:32.0787347Z A path returned 202. Retrying...
2024-01-01T01:03:32.0787637Z A path returned 202. Retrying...
2024-01-01T01:03:32.0787927Z A path returned 202. Retrying...
2024-01-01T01:03:32.0788218Z A path returned 202. Retrying...
2024-01-01T01:03:32.0788509Z A path returned 202. Retrying...
2024-01-01T01:03:32.0788794Z A path returned 202. Retrying...
2024-01-01T01:03:32.0789086Z A path returned 202. Retrying...
2024-01-01T01:03:32.0789377Z A path returned 202. Retrying...
2024-01-01T01:03:32.0789669Z A path returned 202. Retrying...
2024-01-01T01:03:32.0789960Z A path returned 202. Retrying...
2024-01-01T01:03:32.0790256Z A path returned 202. Retrying...
2024-01-01T01:03:32.0790546Z A path returned 202. Retrying...
2024-01-01T01:03:32.0790837Z A path returned 202. Retrying...
2024-01-01T01:03:32.0791128Z A path returned 202. Retrying...
2024-01-01T01:03:32.0791420Z A path returned 202. Retrying...
2024-01-01T01:03:32.0791711Z A path returned 202. Retrying...
2024-01-01T01:12:26.3716796Z A path returned 202. Retrying...
2024-01-01T01:12:26.3717607Z A path returned 202. Retrying...
2024-01-01T01:12:26.3718308Z A path returned 202. Retrying...
2024-01-01T01:12:26.3718757Z A path returned 202. Retrying...
2024-01-01T01:12:26.3719186Z A path returned 202. Retrying...
2024-01-01T01:12:26.3719604Z A path returned 202. Retrying...
2024-01-01T01:12:26.3720005Z A path returned 202. Retrying...
2024-01-01T01:12:26.3720339Z A path returned 202. Retrying...
2024-01-01T01:12:26.3720681Z A path returned 202. Retrying...
2024-01-01T01:12:26.3721020Z A path returned 202. Retrying...
2024-01-01T01:12:26.3721379Z A path returned 202. Retrying...
2024-01-01T01:12:26.3721716Z A path returned 202. Retrying...
2024-01-01T01:12:26.3722058Z A path returned 202. Retrying...
2024-01-01T01:12:26.3722405Z A path returned 202. Retrying...
2024-01-01T01:12:26.3722735Z A path returned 202. Retrying...
2024-01-01T01:12:26.3723072Z A path returned 202. Retrying...
2024-01-01T01:12:26.3723406Z A path returned 202. Retrying...
2024-01-01T01:12:26.3723758Z A path returned 202. Retrying...
2024-01-01T01:12:26.3724105Z A path returned 202. Retrying...
2024-01-01T01:12:26.3724443Z A path returned 202. Retrying...
2024-01-01T01:12:26.3724780Z A path returned 202. Retrying...
2024-01-01T01:12:26.3725113Z A path returned 202. Retrying...
2024-01-01T01:12:26.3725454Z A path returned 202. Retrying...
2024-01-01T01:12:26.3725795Z A path returned 202. Retrying...
2024-01-01T01:12:26.3726130Z A path returned 202. Retrying...
2024-01-01T01:12:26.3726466Z A path returned 202. Retrying...
2024-01-01T01:12:26.3726804Z A path returned 202. Retrying...
2024-01-01T01:12:26.3727587Z A path returned 202. Retrying...
2024-01-01T01:12:26.3727932Z A path returned 202. Retrying...
2024-01-01T01:12:26.3728277Z A path returned 202. Retrying...
2024-01-01T01:12:26.3728624Z A path returned 202. Retrying...
2024-01-01T01:12:26.3728962Z A path returned 202. Retrying...
2024-01-01T01:12:26.3729299Z A path returned 202. Retrying...
2024-01-01T01:12:26.3729634Z A path returned 202. Retrying...
2024-01-01T01:12:26.3729969Z A path returned 202. Retrying...
2024-01-01T01:12:26.3730275Z A path returned 202. Retrying...
2024-01-01T01:12:26.3730571Z A path returned 202. Retrying...
2024-01-01T01:12:26.3730863Z A path returned 202. Retrying...
2024-01-01T01:12:26.3731157Z A path returned 202. Retrying...
2024-01-01T01:12:26.3731449Z A path returned 202. Retrying...
2024-01-01T01:12:26.3731743Z A path returned 202. Retrying...
2024-01-01T01:12:26.3732036Z A path returned 202. Retrying...
2024-01-01T01:12:26.3732324Z A path returned 202. Retrying...
2024-01-01T01:12:26.3732629Z A path returned 202. Retrying...
2024-01-01T01:12:26.3732922Z A path returned 202. Retrying...
2024-01-01T01:12:26.3733214Z A path returned 202. Retrying...
2024-01-01T01:12:26.3733698Z A path returned 202. Retrying...
2024-01-01T01:12:26.3734005Z A path returned 202. Retrying...
2024-01-01T01:12:26.3734299Z A path returned 202. Retrying...
2024-01-01T01:12:26.3734585Z A path returned 202. Retrying...
2024-01-01T01:12:26.3734879Z A path returned 202. Retrying...
2024-01-01T01:12:26.3735170Z A path returned 202. Retrying...
2024-01-01T01:12:26.3735460Z A path returned 202. Retrying...
2024-01-01T01:12:26.3735749Z A path returned 202. Retrying...
2024-01-01T01:12:26.3736041Z A path returned 202. Retrying...
2024-01-01T01:12:26.3736332Z A path returned 202. Retrying...
2024-01-01T01:12:26.3736620Z A path returned 202. Retrying...
2024-01-01T01:12:26.3736933Z A path returned 202. Retrying...
2024-01-01T01:12:26.3737229Z A path returned 202. Retrying...
2024-01-01T01:12:26.3737521Z A path returned 202. Retrying...
2024-01-01T01:12:26.3737818Z A path returned 202. Retrying...
2024-01-01T01:12:26.3738111Z A path returned 202. Retrying...
2024-01-01T01:12:26.3738402Z A path returned 202. Retrying...
2024-01-01T01:12:26.3738710Z A path returned 202. Retrying...
2024-01-01T01:12:26.3739006Z A path returned 202. Retrying...
2024-01-01T01:12:26.3739297Z A path returned 202. Retrying...
2024-01-01T01:12:26.3739602Z A path returned 202. Retrying...
2024-01-01T01:12:26.3739899Z A path returned 202. Retrying...
2024-01-01T01:12:26.3740192Z A path returned 202. Retrying...
2024-01-01T01:12:26.3740486Z A path returned 202. Retrying...
2024-01-01T01:12:26.3740773Z A path returned 202. Retrying...
2024-01-01T01:12:26.3741073Z A path returned 202. Retrying...
2024-01-01T01:12:26.3741369Z A path returned 202. Retrying...
2024-01-01T01:12:26.3741661Z A path returned 202. Retrying...
2024-01-01T01:12:26.3741954Z A path returned 202. Retrying...
2024-01-01T01:12:26.3742246Z A path returned 202. Retrying...
2024-01-01T01:12:26.3742543Z A path returned 202. Retrying...
2024-01-01T01:12:26.3742829Z A path returned 202. Retrying...
2024-01-01T01:12:26.3743122Z A path returned 202. Retrying...
2024-01-01T01:12:26.3743418Z A path returned 202. Retrying...
2024-01-01T01:12:26.3743712Z A path returned 202. Retrying...
2024-01-01T01:12:26.3744005Z A path returned 202. Retrying...
2024-01-01T01:12:26.3744299Z A path returned 202. Retrying...
2024-01-01T01:12:26.3744591Z A path returned 202. Retrying...
2024-01-01T01:12:26.3744876Z A path returned 202. Retrying...
2024-01-01T01:12:26.3745168Z A path returned 202. Retrying...
2024-01-01T01:12:26.3745703Z A path returned 202. Retrying...
2024-01-01T01:12:26.3745997Z A path returned 202. Retrying...
2024-01-01T01:12:26.3746301Z A path returned 202. Retrying...
2024-01-01T01:12:26.3746594Z A path returned 202. Retrying...
2024-01-01T01:12:26.3746883Z A path returned 202. Retrying...
2024-01-01T01:12:26.3747170Z A path returned 202. Retrying...
2024-01-01T01:12:26.3747461Z A path returned 202. Retrying...
2024-01-01T01:12:26.3747932Z A path returned 202. Retrying...
2024-01-01T01:12:26.3748230Z A path returned 202. Retrying...
2024-01-01T01:12:26.3748521Z A path returned 202. Retrying...
2024-01-01T01:12:26.3748816Z A path returned 202. Retrying...
2024-01-01T01:12:26.3749107Z A path returned 202. Retrying...
2024-01-01T01:12:26.3749394Z A path returned 202. Retrying...
2024-01-01T01:12:26.3749687Z A path returned 202. Retrying...
2024-01-01T01:12:26.3749981Z A path returned 202. Retrying...
2024-01-01T01:12:26.3750274Z A path returned 202. Retrying...
2024-01-01T01:12:26.3750567Z A path returned 202. Retrying...
2024-01-01T01:12:26.3750862Z A path returned 202. Retrying...
2024-01-01T01:12:26.3751153Z A path returned 202. Retrying...
2024-01-01T01:12:26.3751444Z A path returned 202. Retrying...
2024-01-01T01:12:26.3751736Z A path returned 202. Retrying...
2024-01-01T01:12:26.3752028Z A path returned 202. Retrying...
2024-01-01T01:12:26.3752321Z A path returned 202. Retrying...
2024-01-01T01:12:26.3752619Z A path returned 202. Retrying...
2024-01-01T01:12:26.3752912Z A path returned 202. Retrying...
2024-01-01T01:12:26.3753205Z A path returned 202. Retrying...
2024-01-01T01:12:26.3753635Z A path returned 202. Retrying...
2024-01-01T01:12:26.3753941Z A path returned 202. Retrying...
2024-01-01T01:12:26.3754237Z A path returned 202. Retrying...
2024-01-01T01:12:26.3754530Z A path returned 202. Retrying...
2024-01-01T01:12:26.3754824Z A path returned 202. Retrying...
2024-01-01T01:12:26.3755114Z A path returned 202. Retrying...
2024-01-01T01:12:26.3755405Z A path returned 202. Retrying...
2024-01-01T01:12:26.3755689Z A path returned 202. Retrying...
2024-01-01T01:12:26.3756010Z A path returned 202. Retrying...
2024-01-01T01:12:26.3756304Z A path returned 202. Retrying...
2024-01-01T01:12:26.3756595Z A path returned 202. Retrying...
2024-01-01T01:12:26.3756887Z A path returned 202. Retrying...
2024-01-01T01:12:26.3757176Z A path returned 202. Retrying...
2024-01-01T01:12:26.3757465Z A path returned 202. Retrying...
2024-01-01T01:12:26.3757757Z A path returned 202. Retrying...
2024-01-01T01:12:26.3758050Z A path returned 202. Retrying...
2024-01-01T01:12:26.3758342Z A path returned 202. Retrying...
2024-01-01T01:12:26.3758637Z A path returned 202. Retrying...
2024-01-01T01:12:26.3758929Z A path returned 202. Retrying...
2024-01-01T01:12:26.3759220Z A path returned 202. Retrying...
2024-01-01T01:12:26.3759511Z A path returned 202. Retrying...
2024-01-01T01:12:26.3759800Z A path returned 202. Retrying...
2024-01-01T01:12:26.3760091Z A path returned 202. Retrying...
2024-01-01T01:12:26.3760385Z A path returned 202. Retrying...
2024-01-01T01:12:26.3760676Z A path returned 202. Retrying...
2024-01-01T01:12:26.3760967Z A path returned 202. Retrying...
2024-01-01T01:12:26.3761260Z A path returned 202. Retrying...
2024-01-01T01:12:26.3761551Z A path returned 202. Retrying...
2024-01-01T01:12:26.3761841Z A path returned 202. Retrying...
2024-01-01T01:12:26.3762133Z A path returned 202. Retrying...
2024-01-01T01:12:26.3762432Z A path returned 202. Retrying...
2024-01-01T01:12:26.3762723Z A path returned 202. Retrying...
2024-01-01T01:12:26.3763014Z A path returned 202. Retrying...
2024-01-01T01:12:26.3763311Z A path returned 202. Retrying...
2024-01-01T01:12:26.3763602Z A path returned 202. Retrying...
2024-01-01T01:12:26.3763892Z A path returned 202. Retrying...
2024-01-01T01:12:26.3764182Z A path returned 202. Retrying...
2024-01-01T01:12:26.3764473Z A path returned 202. Retrying...
2024-01-01T01:12:26.3764764Z A path returned 202. Retrying...
2024-01-01T01:12:26.3765056Z A path returned 202. Retrying...
2024-01-01T01:12:26.3765344Z A path returned 202. Retrying...
2024-01-01T01:12:26.3765635Z A path returned 202. Retrying...
2024-01-01T01:12:26.3765921Z A path returned 202. Retrying...
2024-01-01T01:12:26.3766217Z A path returned 202. Retrying...
2024-01-01T01:12:26.3766510Z A path returned 202. Retrying...
2024-01-01T01:12:26.3766801Z A path returned 202. Retrying...
2024-01-01T01:12:26.3767092Z A path returned 202. Retrying...
2024-01-01T01:12:26.3767523Z A path returned 202. Retrying...
2024-01-01T01:12:26.3767817Z A path returned 202. Retrying...
2024-01-01T01:12:26.3768106Z A path returned 202. Retrying...
2024-01-01T01:12:26.3768403Z A path returned 202. Retrying...
2024-01-01T01:12:26.3768695Z A path returned 202. Retrying...
2024-01-01T01:12:26.3768984Z A path returned 202. Retrying...
2024-01-01T01:12:26.3769274Z A path returned 202. Retrying...
2024-01-01T01:12:26.3769565Z A path returned 202. Retrying...
2024-01-01T01:12:26.3769855Z A path returned 202. Retrying...
2024-01-01T01:12:26.3770141Z A path returned 202. Retrying...
2024-01-01T01:12:26.3770443Z A path returned 202. Retrying...
2024-01-01T01:12:26.3770736Z A path returned 202. Retrying...
2024-01-01T01:12:26.3771028Z A path returned 202. Retrying...
2024-01-01T01:12:26.3771321Z A path returned 202. Retrying...
2024-01-01T01:12:26.3771611Z A path returned 202. Retrying...
2024-01-01T01:12:26.3771903Z A path returned 202. Retrying...
2024-01-01T01:12:26.3772196Z A path returned 202. Retrying...
2024-01-01T01:12:26.3772487Z A path returned 202. Retrying...
2024-01-01T01:12:26.3772785Z A path returned 202. Retrying...
2024-01-01T01:12:26.3773199Z A path returned 202. Retrying...
2024-01-01T01:12:26.3773500Z A path returned 202. Retrying...
2024-01-01T01:12:26.3773794Z A path returned 202. Retrying...
2024-01-01T01:12:26.3774085Z A path returned 202. Retrying...
2024-01-01T01:12:26.3774370Z A path returned 202. Retrying...
2024-01-01T01:12:26.3774664Z A path returned 202. Retrying...
2024-01-01T01:12:26.3774956Z A path returned 202. Retrying...
2024-01-01T01:12:26.3775248Z A path returned 202. Retrying...
2024-01-01T01:12:26.3775541Z A path returned 202. Retrying...
2024-01-01T01:12:26.3775837Z A path returned 202. Retrying...
2024-01-01T01:12:26.3776128Z A path returned 202. Retrying...
2024-01-01T01:12:26.3776416Z A path returned 202. Retrying...
2024-01-01T01:12:26.3776709Z A path returned 202. Retrying...
2024-01-01T01:12:26.3777001Z A path returned 202. Retrying...
2024-01-01T01:12:26.3777302Z A path returned 202. Retrying...
2024-01-01T01:12:26.3777594Z A path returned 202. Retrying...
2024-01-01T01:12:26.3777885Z A path returned 202. Retrying...
2024-01-01T01:12:26.3778183Z A path returned 202. Retrying...
2024-01-01T01:12:26.3778470Z A path returned 202. Retrying...
2024-01-01T01:12:26.3778761Z A path returned 202. Retrying...
2024-01-01T01:12:26.3779054Z A path returned 202. Retrying...
2024-01-01T01:12:26.3779343Z A path returned 202. Retrying...
2024-01-01T01:12:26.3779635Z A path returned 202. Retrying...
2024-01-01T01:12:26.3779929Z A path returned 202. Retrying...
2024-01-01T01:12:26.3780221Z A path returned 202. Retrying...
2024-01-01T01:12:26.3780511Z A path returned 202. Retrying...
2024-01-01T01:12:26.3780802Z A path returned 202. Retrying...
2024-01-01T01:12:26.3781093Z A path returned 202. Retrying...
2024-01-01T01:12:26.3781383Z A path returned 202. Retrying...
2024-01-01T01:12:26.3781675Z A path returned 202. Retrying...
2024-01-01T01:12:26.3781972Z A path returned 202. Retrying...
2024-01-01T01:12:26.3782266Z A path returned 202. Retrying...
2024-01-01T01:12:26.3782553Z A path returned 202. Retrying...
2024-01-01T01:12:26.3782853Z A path returned 202. Retrying...
2024-01-01T01:12:26.3783145Z A path returned 202. Retrying...
2024-01-01T01:12:26.3783439Z A path returned 202. Retrying...
2024-01-01T01:12:26.3783729Z A path returned 202. Retrying...
2024-01-01T01:12:26.3784020Z A path returned 202. Retrying...
2024-01-01T01:12:26.3784310Z A path returned 202. Retrying...
2024-01-01T01:12:26.3784598Z A path returned 202. Retrying...
2024-01-01T01:12:26.3784889Z A path returned 202. Retrying...
2024-01-01T01:12:26.3785186Z A path returned 202. Retrying...
2024-01-01T01:12:26.3785589Z A path returned 202. Retrying...
2024-01-01T01:12:26.3785880Z A path returned 202. Retrying...
2024-01-01T01:12:26.3786170Z A path returned 202. Retrying...
2024-01-01T01:12:26.3786462Z A path returned 202. Retrying...
2024-01-01T01:12:26.3786748Z A path returned 202. Retrying...
2024-01-01T01:12:26.3787204Z A path returned 202. Retrying...
2024-01-01T01:12:26.3787498Z A path returned 202. Retrying...
2024-01-01T01:12:26.3787798Z A path returned 202. Retrying...
2024-01-01T01:12:26.3788100Z A path returned 202. Retrying...
2024-01-01T01:12:26.3788394Z A path returned 202. Retrying...
2024-01-01T01:12:26.3788686Z A path returned 202. Retrying...
2024-01-01T01:12:26.3788973Z A path returned 202. Retrying...
2024-01-01T01:12:26.3789267Z A path returned 202. Retrying...
2024-01-01T01:12:26.3789561Z A path returned 202. Retrying...
2024-01-01T01:12:26.3789852Z A path returned 202. Retrying...
2024-01-01T01:12:26.3790143Z A path returned 202. Retrying...
2024-01-01T01:12:26.3790432Z A path returned 202. Retrying...
2024-01-01T01:12:26.3790724Z A path returned 202. Retrying...
2024-01-01T01:12:26.3791010Z A path returned 202. Retrying...
2024-01-01T01:12:26.3791306Z A path returned 202. Retrying...
2024-01-01T01:12:26.3791600Z A path returned 202. Retrying...
2024-01-01T01:12:26.3791898Z A path returned 202. Retrying...
2024-01-01T01:12:26.3792190Z A path returned 202. Retrying...
2024-01-01T01:12:26.3792482Z A path returned 202. Retrying...
2024-01-01T01:12:26.3792950Z A path returned 202. Retrying...
2024-01-01T01:12:26.3793246Z A path returned 202. Retrying...
2024-01-01T01:12:26.3793540Z A path returned 202. Retrying...
2024-01-01T01:12:26.3793832Z A path returned 202. Retrying...
2024-01-01T01:19:31.3382682Z A path returned 202. Retrying...
2024-01-01T01:19:31.3383450Z A path returned 202. Retrying...
2024-01-01T01:19:31.3386614Z A path returned 202. Retrying...
2024-01-01T01:19:31.3387078Z A path returned 202. Retrying...
2024-01-01T01:19:31.3387543Z A path returned 202. Retrying...
2024-01-01T01:19:31.3387943Z A path returned 202. Retrying...
2024-01-01T01:19:31.3388344Z A path returned 202. Retrying...
2024-01-01T01:19:31.3388733Z A path returned 202. Retrying...
2024-01-01T01:19:31.3389145Z A path returned 202. Retrying...
2024-01-01T01:19:31.3389549Z A path returned 202. Retrying...
2024-01-01T01:19:31.3389964Z A path returned 202. Retrying...
2024-01-01T01:19:31.3390353Z A path returned 202. Retrying...
2024-01-01T01:19:31.3390752Z A path returned 202. Retrying...
2024-01-01T01:19:31.3391148Z A path returned 202. Retrying...
2024-01-01T01:19:31.3391466Z A path returned 202. Retrying...
2024-01-01T01:19:31.3391765Z A path returned 202. Retrying...
2024-01-01T01:19:31.3392060Z A path returned 202. Retrying...
2024-01-01T01:19:31.3392353Z A path returned 202. Retrying...
2024-01-01T01:19:31.3392650Z A path returned 202. Retrying...
2024-01-01T01:19:31.3392955Z A path returned 202. Retrying...
2024-01-01T01:19:31.3393255Z A path returned 202. Retrying...
2024-01-01T01:19:31.3393552Z A path returned 202. Retrying...
2024-01-01T01:19:31.3393849Z A path returned 202. Retrying...
2024-01-01T01:19:31.3394146Z A path returned 202. Retrying...
2024-01-01T01:19:31.3394438Z A path returned 202. Retrying...
2024-01-01T01:19:31.3394726Z A path returned 202. Retrying...
2024-01-01T01:19:31.3395025Z A path returned 202. Retrying...
2024-01-01T01:19:31.3395319Z A path returned 202. Retrying...
2024-01-01T01:19:31.3395613Z A path returned 202. Retrying...
2024-01-01T01:19:31.3395910Z A path returned 202. Retrying...
2024-01-01T01:19:31.3396205Z A path returned 202. Retrying...
2024-01-01T01:19:31.3396497Z A path returned 202. Retrying...
2024-01-01T01:19:31.3396788Z A path returned 202. Retrying...
2024-01-01T01:19:31.3397082Z A path returned 202. Retrying...
2024-01-01T01:19:31.3397376Z A path returned 202. Retrying...
2024-01-01T01:19:31.3397669Z A path returned 202. Retrying...
2024-01-01T01:19:31.3397962Z A path returned 202. Retrying...
2024-01-01T01:19:31.3398255Z A path returned 202. Retrying...
2024-01-01T01:19:31.3398548Z A path returned 202. Retrying...
2024-01-01T01:19:31.3398838Z A path returned 202. Retrying...
2024-01-01T01:19:31.3399132Z A path returned 202. Retrying...
2024-01-01T01:19:31.3399431Z A path returned 202. Retrying...
2024-01-01T01:19:31.3399725Z A path returned 202. Retrying...
2024-01-01T01:19:31.3400424Z A path returned 202. Retrying...
2024-01-01T01:19:31.3400737Z A path returned 202. Retrying...
2024-01-01T01:19:31.3401043Z A path returned 202. Retrying...
2024-01-01T01:19:31.3401342Z A path returned 202. Retrying...
2024-01-01T01:19:31.3401656Z A path returned 202. Retrying...
2024-01-01T01:19:31.3401960Z A path returned 202. Retrying...
2024-01-01T01:19:31.3402261Z A path returned 202. Retrying...
2024-01-01T01:19:31.3402557Z A path returned 202. Retrying...
2024-01-01T01:19:31.3402861Z A path returned 202. Retrying...
2024-01-01T01:19:31.3403161Z A path returned 202. Retrying...
2024-01-01T01:19:31.3403458Z A path returned 202. Retrying...
2024-01-01T01:19:31.3403758Z A path returned 202. Retrying...
2024-01-01T01:19:31.3404056Z A path returned 202. Retrying...
2024-01-01T01:19:31.3404351Z A path returned 202. Retrying...
2024-01-01T01:19:31.3404649Z A path returned 202. Retrying...
2024-01-01T01:19:31.3404946Z A path returned 202. Retrying...
2024-01-01T01:19:31.3405247Z A path returned 202. Retrying...
2024-01-01T01:19:31.3405542Z A path returned 202. Retrying...
2024-01-01T01:19:31.3405844Z A path returned 202. Retrying...
2024-01-01T01:19:31.3406322Z A path returned 202. Retrying...
2024-01-01T01:19:31.3406638Z A path returned 202. Retrying...
2024-01-01T01:19:31.3406935Z A path returned 202. Retrying...
2024-01-01T01:19:31.3407228Z A path returned 202. Retrying...
2024-01-01T01:19:31.3407521Z A path returned 202. Retrying...
2024-01-01T01:19:31.3407809Z A path returned 202. Retrying...
2024-01-01T01:19:31.3408102Z A path returned 202. Retrying...
2024-01-01T01:19:31.3408396Z A path returned 202. Retrying...
2024-01-01T01:19:31.3408688Z A path returned 202. Retrying...
2024-01-01T01:19:31.3408981Z A path returned 202. Retrying...
2024-01-01T01:19:31.3409272Z A path returned 202. Retrying...
2024-01-01T01:19:31.3409564Z A path returned 202. Retrying...
2024-01-01T01:19:31.3409854Z A path returned 202. Retrying...
2024-01-01T01:19:31.3410146Z A path returned 202. Retrying...
2024-01-01T01:19:31.3410445Z A path returned 202. Retrying...
2024-01-01T01:19:31.3410738Z A path returned 202. Retrying...
2024-01-01T01:19:31.3411034Z A path returned 202. Retrying...
2024-01-01T01:19:31.3411332Z A path returned 202. Retrying...
2024-01-01T01:19:31.3411626Z A path returned 202. Retrying...
2024-01-01T01:19:31.3411913Z A path returned 202. Retrying...
2024-01-01T01:19:31.3412206Z A path returned 202. Retrying...
2024-01-01T01:19:31.3412499Z A path returned 202. Retrying...
2024-01-01T01:19:31.3412792Z A path returned 202. Retrying...
2024-01-01T01:19:31.3413085Z A path returned 202. Retrying...
2024-01-01T01:19:31.3413375Z A path returned 202. Retrying...
2024-01-01T01:19:31.3413666Z A path returned 202. Retrying...
2024-01-01T01:19:31.3413956Z A path returned 202. Retrying...
2024-01-01T01:19:31.3414248Z A path returned 202. Retrying...
2024-01-01T01:19:31.3414541Z A path returned 202. Retrying...
2024-01-01T01:19:31.3414835Z A path returned 202. Retrying...
2024-01-01T01:19:31.3415147Z A path returned 202. Retrying...
2024-01-01T01:19:31.3415451Z A path returned 202. Retrying...
2024-01-01T01:19:31.3415746Z A path returned 202. Retrying...
2024-01-01T01:19:31.3416039Z A path returned 202. Retrying...
2024-01-01T01:19:31.3416333Z A path returned 202. Retrying...
2024-01-01T01:19:31.3416626Z A path returned 202. Retrying...
2024-01-01T01:19:31.3416919Z A path returned 202. Retrying...
2024-01-01T01:19:31.3417225Z aiohttp failed for rest query
2024-01-01T01:19:31.3417526Z aiohttp failed for rest query
2024-01-01T01:19:31.3417819Z aiohttp failed for rest query
2024-01-01T01:19:31.3418106Z aiohttp failed for rest query
2024-01-01T01:19:31.3418390Z aiohttp failed for rest query
2024-01-01T01:19:31.3418676Z aiohttp failed for rest query
2024-01-01T01:19:31.3418961Z aiohttp failed for rest query
2024-01-01T01:19:31.3419258Z aiohttp failed for rest query
2024-01-01T01:19:31.3419549Z aiohttp failed for rest query
2024-01-01T01:19:31.3419834Z aiohttp failed for rest query
2024-01-01T01:19:31.3420252Z aiohttp failed for rest query
2024-01-01T01:19:31.3420538Z aiohttp failed for rest query
2024-01-01T01:19:31.3420819Z aiohttp failed for rest query
2024-01-01T01:19:31.3421102Z aiohttp failed for rest query
2024-01-01T01:19:31.3421393Z aiohttp failed for rest query
2024-01-01T01:19:31.3421676Z aiohttp failed for rest query
2024-01-01T01:19:31.3421959Z aiohttp failed for rest query
2024-01-01T01:19:31.3422237Z aiohttp failed for rest query
2024-01-01T01:19:31.3422525Z aiohttp failed for rest query
2024-01-01T01:19:31.3422812Z aiohttp failed for rest query
2024-01-01T01:19:31.3423094Z aiohttp failed for rest query
2024-01-01T01:19:31.3423381Z aiohttp failed for rest query
2024-01-01T01:19:31.3423665Z aiohttp failed for rest query
2024-01-01T01:19:31.3423950Z aiohttp failed for rest query
2024-01-01T01:19:31.3424229Z aiohttp failed for rest query
2024-01-01T01:19:31.3424514Z aiohttp failed for rest query
2024-01-01T01:19:31.3424798Z aiohttp failed for rest query
2024-01-01T01:19:31.3425081Z aiohttp failed for rest query
2024-01-01T01:19:31.3425648Z aiohttp failed for rest query
2024-01-01T01:19:31.3425963Z aiohttp failed for rest query
2024-01-01T01:19:31.3426253Z aiohttp failed for rest query
2024-01-01T01:19:31.3426690Z aiohttp failed for rest query
2024-01-01T01:19:31.3426983Z aiohttp failed for rest query
2024-01-01T01:19:31.3427268Z aiohttp failed for rest query
2024-01-01T01:19:31.3427550Z aiohttp failed for rest query
2024-01-01T01:19:31.3427833Z aiohttp failed for rest query
2024-01-01T01:19:31.3428114Z aiohttp failed for rest query
2024-01-01T01:19:31.3428402Z aiohttp failed for rest query
2024-01-01T01:19:31.3428688Z aiohttp failed for rest query
2024-01-01T01:19:31.3428972Z aiohttp failed for rest query
2024-01-01T01:19:31.3429256Z aiohttp failed for rest query
2024-01-01T01:19:31.3429539Z aiohttp failed for rest query
2024-01-01T01:19:31.3429824Z aiohttp failed for rest query
2024-01-01T01:19:31.3430107Z aiohttp failed for rest query
2024-01-01T01:19:31.3430395Z aiohttp failed for rest query
2024-01-01T01:19:31.3430681Z aiohttp failed for rest query
2024-01-01T01:19:31.3430966Z aiohttp failed for rest query
2024-01-01T01:19:31.3431258Z aiohttp failed for rest query
2024-01-01T01:19:31.3431545Z aiohttp failed for rest query
2024-01-01T01:19:31.3431836Z aiohttp failed for rest query
2024-01-01T01:19:31.3432119Z aiohttp failed for rest query
2024-01-01T01:19:31.3432398Z aiohttp failed for rest query
2024-01-01T01:19:31.3432679Z aiohttp failed for rest query
2024-01-01T01:19:31.3432961Z aiohttp failed for rest query
2024-01-01T01:19:31.3433244Z aiohttp failed for rest query
2024-01-01T01:19:31.3433525Z aiohttp failed for rest query
2024-01-01T01:19:31.3433809Z aiohttp failed for rest query
2024-01-01T01:19:31.3434090Z aiohttp failed for rest query
2024-01-01T01:19:31.3434368Z aiohttp failed for rest query
2024-01-01T01:19:31.3434795Z There were too many 202s. Data for this repository will be incomplete.
2024-01-01T01:19:31.3435275Z A path returned 202. Retrying...
2024-01-01T01:19:31.3435589Z A path returned 202. Retrying...
2024-01-01T01:19:31.3435901Z A path returned 202. Retrying...
2024-01-01T01:19:31.3436201Z A path returned 202. Retrying...
2024-01-01T01:19:31.3436498Z A path returned 202. Retrying...
2024-01-01T01:19:31.3436799Z A path returned 202. Retrying...
2024-01-01T01:19:31.3437089Z A path returned 202. Retrying...
2024-01-01T01:19:31.3437391Z A path returned 202. Retrying...
2024-01-01T01:19:31.3437694Z A path returned 202. Retrying...
2024-01-01T01:19:31.3437994Z A path returned 202. Retrying...
2024-01-01T01:19:31.3438293Z A path returned 202. Retrying...
2024-01-01T01:19:31.3438588Z A path returned 202. Retrying...
2024-01-01T01:19:31.3438881Z A path returned 202. Retrying...
2024-01-01T01:19:31.3439169Z A path returned 202. Retrying...
2024-01-01T01:19:31.3439464Z A path returned 202. Retrying...
2024-01-01T01:19:31.3439758Z A path returned 202. Retrying...
2024-01-01T01:19:31.3440049Z A path returned 202. Retrying...
2024-01-01T01:19:31.3440343Z A path returned 202. Retrying...
2024-01-01T01:19:31.3440795Z A path returned 202. Retrying...
2024-01-01T01:19:31.3441089Z A path returned 202. Retrying...
2024-01-01T01:19:31.3441380Z A path returned 202. Retrying...
2024-01-01T01:19:31.3441683Z A path returned 202. Retrying...
2024-01-01T01:19:31.3441975Z A path returned 202. Retrying...
2024-01-01T01:19:31.3442267Z A path returned 202. Retrying...
2024-01-01T01:19:31.3442560Z A path returned 202. Retrying...
2024-01-01T01:19:31.3442852Z A path returned 202. Retrying...
2024-01-01T01:19:31.3443145Z A path returned 202. Retrying...
2024-01-01T01:19:31.3443433Z A path returned 202. Retrying...
2024-01-01T01:19:31.3443726Z A path returned 202. Retrying...
2024-01-01T01:19:31.3444022Z A path returned 202. Retrying...
2024-01-01T01:19:31.3444313Z A path returned 202. Retrying...
2024-01-01T01:19:31.3444604Z A path returned 202. Retrying...
2024-01-01T01:19:31.3444895Z A path returned 202. Retrying...
2024-01-01T01:19:31.3445189Z A path returned 202. Retrying...
2024-01-01T01:19:31.3445474Z A path returned 202. Retrying...
2024-01-01T01:19:31.3445774Z A path returned 202. Retrying...
2024-01-01T01:19:31.3446074Z A path returned 202. Retrying...
2024-01-01T01:19:31.3446367Z A path returned 202. Retrying...
2024-01-01T01:19:31.3446784Z A path returned 202. Retrying...
2024-01-01T01:19:31.3447086Z A path returned 202. Retrying...
2024-01-01T01:19:31.3447381Z A path returned 202. Retrying...
2024-01-01T01:19:31.3447673Z A path returned 202. Retrying...
2024-01-01T01:19:31.3447966Z A path returned 202. Retrying...
2024-01-01T01:19:31.3448261Z A path returned 202. Retrying...
2024-01-01T01:19:31.3448553Z A path returned 202. Retrying...
2024-01-01T01:19:31.3448849Z A path returned 202. Retrying...
2024-01-01T01:19:31.3449140Z A path returned 202. Retrying...
2024-01-01T01:19:31.3449432Z A path returned 202. Retrying...
2024-01-01T01:19:31.3449719Z A path returned 202. Retrying...
2024-01-01T01:19:31.3450013Z A path returned 202. Retrying...
2024-01-01T01:19:31.3450307Z A path returned 202. Retrying...
2024-01-01T01:19:31.3450611Z A path returned 202. Retrying...
2024-01-01T01:19:31.3450906Z A path returned 202. Retrying...
2024-01-01T01:19:31.3451198Z A path returned 202. Retrying...
2024-01-01T01:19:31.3451497Z A path returned 202. Retrying...
2024-01-01T01:19:31.3451788Z A path returned 202. Retrying...
2024-01-01T01:19:31.3452079Z A path returned 202. Retrying...
2024-01-01T01:19:31.3452372Z A path returned 202. Retrying...
2024-01-01T01:19:31.3452664Z A path returned 202. Retrying...
2024-01-01T01:19:31.3452957Z A path returned 202. Retrying...
2024-01-01T01:19:31.3453248Z A path returned 202. Retrying...
2024-01-01T01:19:31.3453544Z A path returned 202. Retrying...
2024-01-01T01:19:31.3453830Z A path returned 202. Retrying...
2024-01-01T01:19:31.3454126Z A path returned 202. Retrying...
2024-01-01T01:19:31.3454419Z A path returned 202. Retrying...
2024-01-01T01:19:31.3454712Z A path returned 202. Retrying...
2024-01-01T01:19:31.3455005Z A path returned 202. Retrying...
2024-01-01T01:19:31.3455297Z A path returned 202. Retrying...
2024-01-01T01:19:31.3455593Z A path returned 202. Retrying...
2024-01-01T01:19:31.3455881Z A path returned 202. Retrying...
2024-01-01T01:19:31.3456174Z A path returned 202. Retrying...
2024-01-01T01:19:31.3456471Z A path returned 202. Retrying...
2024-01-01T01:19:31.3456767Z A path returned 202. Retrying...
2024-01-01T01:19:31.3457063Z A path returned 202. Retrying...
2024-01-01T01:19:31.3457360Z A path returned 202. Retrying...
2024-01-01T01:19:31.3457652Z A path returned 202. Retrying...
2024-01-01T01:19:31.3457939Z A path returned 202. Retrying...
2024-01-01T01:19:31.3458234Z A path returned 202. Retrying...
2024-01-01T01:19:31.3458527Z A path returned 202. Retrying...
2024-01-01T01:19:31.3458820Z A path returned 202. Retrying...
2024-01-01T01:19:31.3459115Z A path returned 202. Retrying...
2024-01-01T01:19:31.3459408Z A path returned 202. Retrying...
2024-01-01T01:19:31.3459699Z A path returned 202. Retrying...
2024-01-01T01:19:31.3459987Z A path returned 202. Retrying...
2024-01-01T01:19:31.3460410Z A path returned 202. Retrying...
2024-01-01T01:19:31.3460703Z A path returned 202. Retrying...
2024-01-01T01:19:31.3460997Z A path returned 202. Retrying...
2024-01-01T01:19:31.3461295Z A path returned 202. Retrying...
2024-01-01T01:19:31.3461587Z A path returned 202. Retrying...
2024-01-01T01:19:31.3461884Z A path returned 202. Retrying...
2024-01-01T01:19:31.3462169Z A path returned 202. Retrying...
2024-01-01T01:19:31.3462466Z A path returned 202. Retrying...
2024-01-01T01:19:31.3462760Z A path returned 202. Retrying...
2024-01-01T01:28:23.0951215Z A path returned 202. Retrying...
2024-01-01T01:28:23.0951944Z A path returned 202. Retrying...
2024-01-01T01:28:23.0952561Z A path returned 202. Retrying...
2024-01-01T01:28:23.0953260Z A path returned 202. Retrying...
2024-01-01T01:28:23.0954668Z A path returned 202. Retrying...
2024-01-01T01:28:23.0955363Z A path returned 202. Retrying...
2024-01-01T01:28:23.0956034Z A path returned 202. Retrying...
2024-01-01T01:28:23.0956698Z A path returned 202. Retrying...
2024-01-01T01:28:23.0957279Z A path returned 202. Retrying...
2024-01-01T01:28:23.0960106Z A path returned 202. Retrying...
2024-01-01T01:28:23.0960675Z A path returned 202. Retrying...
2024-01-01T01:28:23.0961659Z A path returned 202. Retrying...
2024-01-01T01:28:23.0962195Z A path returned 202. Retrying...
2024-01-01T01:28:23.0962710Z A path returned 202. Retrying...
2024-01-01T01:28:23.0963224Z A path returned 202. Retrying...
2024-01-01T01:28:23.0963732Z A path returned 202. Retrying...
2024-01-01T01:28:23.0964239Z A path returned 202. Retrying...
2024-01-01T01:28:23.0964750Z A path returned 202. Retrying...
2024-01-01T01:28:23.0968245Z A path returned 202. Retrying...
2024-01-01T01:28:23.0969293Z A path returned 202. Retrying...
2024-01-01T01:28:23.0969891Z A path returned 202. Retrying...
2024-01-01T01:28:23.0970574Z A path returned 202. Retrying...
2024-01-01T01:28:23.0971144Z A path returned 202. Retrying...
2024-01-01T01:28:23.0971675Z A path returned 202. Retrying...
2024-01-01T01:28:23.0974424Z A path returned 202. Retrying...
2024-01-01T01:28:23.0975024Z A path returned 202. Retrying...
2024-01-01T01:28:23.0975530Z A path returned 202. Retrying...
2024-01-01T01:28:23.0975898Z A path returned 202. Retrying...
2024-01-01T01:28:23.0976451Z A path returned 202. Retrying...
2024-01-01T01:28:23.0976995Z A path returned 202. Retrying...
2024-01-01T01:28:23.0977522Z A path returned 202. Retrying...
2024-01-01T01:28:23.0978036Z A path returned 202. Retrying...
2024-01-01T01:28:23.0978556Z A path returned 202. Retrying...
2024-01-01T01:28:23.0979074Z A path returned 202. Retrying...
2024-01-01T01:28:23.0979587Z A path returned 202. Retrying...
2024-01-01T01:28:23.0980100Z A path returned 202. Retrying...
2024-01-01T01:28:23.0980612Z A path returned 202. Retrying...
2024-01-01T01:28:23.0981126Z A path returned 202. Retrying...
2024-01-01T01:28:23.0981631Z A path returned 202. Retrying...
2024-01-01T01:28:23.0982147Z A path returned 202. Retrying...
2024-01-01T01:28:23.0982661Z A path returned 202. Retrying...
2024-01-01T01:28:23.0983187Z A path returned 202. Retrying...
2024-01-01T01:28:23.0983706Z A path returned 202. Retrying...
2024-01-01T01:28:23.0984224Z A path returned 202. Retrying...
2024-01-01T01:28:23.0984740Z A path returned 202. Retrying...
2024-01-01T01:28:23.0985456Z A path returned 202. Retrying...
2024-01-01T01:28:23.0986006Z A path returned 202. Retrying...
2024-01-01T01:28:23.0986514Z A path returned 202. Retrying...
2024-01-01T01:28:23.0987030Z A path returned 202. Retrying...
2024-01-01T01:28:23.0987339Z A path returned 202. Retrying...
2024-01-01T01:28:23.0987637Z A path returned 202. Retrying...
2024-01-01T01:28:23.0987937Z A path returned 202. Retrying...
2024-01-01T01:28:23.0988234Z A path returned 202. Retrying...
2024-01-01T01:28:23.0988532Z A path returned 202. Retrying...
2024-01-01T01:28:23.0988827Z A path returned 202. Retrying...
2024-01-01T01:28:23.0989123Z A path returned 202. Retrying...
2024-01-01T01:28:23.0989419Z A path returned 202. Retrying...
2024-01-01T01:28:23.0990026Z A path returned 202. Retrying...
2024-01-01T01:28:23.0990333Z A path returned 202. Retrying...
2024-01-01T01:28:23.0990633Z A path returned 202. Retrying...
2024-01-01T01:28:23.0990934Z A path returned 202. Retrying...
2024-01-01T01:28:23.0991231Z A path returned 202. Retrying...
2024-01-01T01:28:23.0991528Z A path returned 202. Retrying...
2024-01-01T01:28:23.0991820Z A path returned 202. Retrying...
2024-01-01T01:28:23.0992120Z A path returned 202. Retrying...
2024-01-01T01:28:23.0992430Z A path returned 202. Retrying...
2024-01-01T01:28:23.0992737Z A path returned 202. Retrying...
2024-01-01T01:28:23.0993043Z A path returned 202. Retrying...
2024-01-01T01:28:23.0993340Z A path returned 202. Retrying...
2024-01-01T01:28:23.0993637Z A path returned 202. Retrying...
2024-01-01T01:28:23.0993929Z A path returned 202. Retrying...
2024-01-01T01:28:23.0994226Z A path returned 202. Retrying...
2024-01-01T01:28:23.0994521Z A path returned 202. Retrying...
2024-01-01T01:28:23.0994820Z A path returned 202. Retrying...
2024-01-01T01:28:23.0995128Z A path returned 202. Retrying...
2024-01-01T01:28:23.0995425Z A path returned 202. Retrying...
2024-01-01T01:28:23.0995721Z A path returned 202. Retrying...
2024-01-01T01:28:23.0996166Z A path returned 202. Retrying...
2024-01-01T01:28:23.0996480Z A path returned 202. Retrying...
2024-01-01T01:28:23.0996776Z A path returned 202. Retrying...
2024-01-01T01:28:23.0997073Z A path returned 202. Retrying...
2024-01-01T01:28:23.0997383Z A path returned 202. Retrying...
2024-01-01T01:28:23.0997688Z A path returned 202. Retrying...
2024-01-01T01:28:23.0997991Z A path returned 202. Retrying...
2024-01-01T01:28:23.0998288Z A path returned 202. Retrying...
2024-01-01T01:28:23.0998593Z A path returned 202. Retrying...
2024-01-01T01:28:23.0998905Z A path returned 202. Retrying...
2024-01-01T01:28:23.0999211Z A path returned 202. Retrying...
2024-01-01T01:28:23.0999509Z A path returned 202. Retrying...
2024-01-01T01:28:23.0999806Z A path returned 202. Retrying...
2024-01-01T01:28:23.1000104Z A path returned 202. Retrying...
2024-01-01T01:28:23.1000402Z A path returned 202. Retrying...
2024-01-01T01:28:23.1000699Z A path returned 202. Retrying...
2024-01-01T01:28:23.1001003Z A path returned 202. Retrying...
2024-01-01T01:28:23.1001302Z A path returned 202. Retrying...
2024-01-01T01:28:23.1001599Z A path returned 202. Retrying...
2024-01-01T01:28:23.1001895Z A path returned 202. Retrying...
2024-01-01T01:28:23.1002185Z A path returned 202. Retrying...
2024-01-01T01:28:23.1002480Z A path returned 202. Retrying...
2024-01-01T01:28:23.1002782Z A path returned 202. Retrying...
2024-01-01T01:28:23.1003079Z A path returned 202. Retrying...
2024-01-01T01:28:23.1003376Z A path returned 202. Retrying...
2024-01-01T01:28:23.1003672Z A path returned 202. Retrying...
2024-01-01T01:28:23.1003969Z A path returned 202. Retrying...
2024-01-01T01:28:23.1004262Z A path returned 202. Retrying...
2024-01-01T01:28:23.1004559Z A path returned 202. Retrying...
2024-01-01T01:28:23.1004854Z A path returned 202. Retrying...
2024-01-01T01:28:23.1005161Z A path returned 202. Retrying...
2024-01-01T01:28:23.1005461Z A path returned 202. Retrying...
2024-01-01T01:28:23.1005758Z A path returned 202. Retrying...
2024-01-01T01:28:23.1006063Z A path returned 202. Retrying...
2024-01-01T01:28:23.1006355Z A path returned 202. Retrying...
2024-01-01T01:28:23.1006653Z A path returned 202. Retrying...
2024-01-01T01:28:23.1006959Z A path returned 202. Retrying...
2024-01-01T01:28:23.1007254Z A path returned 202. Retrying...
2024-01-01T01:28:23.1007551Z A path returned 202. Retrying...
2024-01-01T01:28:23.1007847Z A path returned 202. Retrying...
2024-01-01T01:28:23.1008145Z A path returned 202. Retrying...
2024-01-01T01:28:23.1008436Z A path returned 202. Retrying...
2024-01-01T01:28:23.1008732Z A path returned 202. Retrying...
2024-01-01T01:28:23.1009028Z A path returned 202. Retrying...
2024-01-01T01:28:23.1009324Z A path returned 202. Retrying...
2024-01-01T01:28:23.1009623Z A path returned 202. Retrying...
2024-01-01T01:28:23.1010051Z A path returned 202. Retrying...
2024-01-01T01:28:23.1010348Z A path returned 202. Retrying...
2024-01-01T01:28:23.1010638Z A path returned 202. Retrying...
2024-01-01T01:28:23.1010938Z A path returned 202. Retrying...
2024-01-01T01:28:23.1011234Z A path returned 202. Retrying...
2024-01-01T01:28:23.1011528Z A path returned 202. Retrying...
2024-01-01T01:28:23.1011823Z A path returned 202. Retrying...
2024-01-01T01:28:23.1012118Z A path returned 202. Retrying...
2024-01-01T01:28:23.1012413Z A path returned 202. Retrying...
2024-01-01T01:28:23.1012703Z A path returned 202. Retrying...
2024-01-01T01:28:23.1013001Z A path returned 202. Retrying...
2024-01-01T01:28:23.1013298Z A path returned 202. Retrying...
2024-01-01T01:28:23.1013594Z A path returned 202. Retrying...
2024-01-01T01:28:23.1013889Z A path returned 202. Retrying...
2024-01-01T01:28:23.1014185Z A path returned 202. Retrying...
2024-01-01T01:28:23.1014523Z A path returned 202. Retrying...
2024-01-01T01:28:23.1014816Z A path returned 202. Retrying...
2024-01-01T01:28:23.1015116Z A path returned 202. Retrying...
2024-01-01T01:28:23.1015416Z A path returned 202. Retrying...
2024-01-01T01:28:23.1015709Z A path returned 202. Retrying...
2024-01-01T01:28:23.1016125Z A path returned 202. Retrying...
2024-01-01T01:28:23.1016428Z A path returned 202. Retrying...
2024-01-01T01:28:23.1016724Z A path returned 202. Retrying...
2024-01-01T01:28:23.1017013Z A path returned 202. Retrying...
2024-01-01T01:28:23.1017311Z A path returned 202. Retrying...
2024-01-01T01:28:23.1017609Z A path returned 202. Retrying...
2024-01-01T01:28:23.1017908Z A path returned 202. Retrying...
2024-01-01T01:28:23.1018203Z A path returned 202. Retrying...
2024-01-01T01:28:23.1018498Z A path returned 202. Retrying...
2024-01-01T01:28:23.1018791Z A path returned 202. Retrying...
2024-01-01T01:28:23.1019081Z A path returned 202. Retrying...
2024-01-01T01:28:23.1019375Z A path returned 202. Retrying...
2024-01-01T01:28:23.1019673Z A path returned 202. Retrying...
2024-01-01T01:28:23.1019978Z A path returned 202. Retrying...
2024-01-01T01:28:23.1020281Z A path returned 202. Retrying...
2024-01-01T01:28:23.1020583Z A path returned 202. Retrying...
2024-01-01T01:28:23.1020884Z A path returned 202. Retrying...
2024-01-01T01:28:23.1021178Z A path returned 202. Retrying...
2024-01-01T01:28:23.1021475Z A path returned 202. Retrying...
2024-01-01T01:28:23.1021771Z A path returned 202. Retrying...
2024-01-01T01:28:23.1022069Z A path returned 202. Retrying...
2024-01-01T01:28:23.1022364Z A path returned 202. Retrying...
2024-01-01T01:28:23.1022673Z A path returned 202. Retrying...
2024-01-01T01:28:23.1022968Z A path returned 202. Retrying...
2024-01-01T01:28:23.1023258Z A path returned 202. Retrying...
2024-01-01T01:28:23.1023555Z A path returned 202. Retrying...
2024-01-01T01:28:23.1023851Z A path returned 202. Retrying...
2024-01-01T01:28:23.1024146Z A path returned 202. Retrying...
2024-01-01T01:28:23.1024445Z A path returned 202. Retrying...
2024-01-01T01:28:23.1024743Z A path returned 202. Retrying...
2024-01-01T01:28:23.1025043Z A path returned 202. Retrying...
2024-01-01T01:28:23.1025564Z A path returned 202. Retrying...
2024-01-01T01:28:23.1025865Z A path returned 202. Retrying...
2024-01-01T01:28:23.1026168Z A path returned 202. Retrying...
2024-01-01T01:28:23.1026472Z A path returned 202. Retrying...
2024-01-01T01:28:23.1026768Z A path returned 202. Retrying...
2024-01-01T01:28:23.1027073Z A path returned 202. Retrying...
2024-01-01T01:28:23.1027367Z A path returned 202. Retrying...
2024-01-01T01:28:23.1027657Z A path returned 202. Retrying...
2024-01-01T01:28:23.1027952Z A path returned 202. Retrying...
2024-01-01T01:28:23.1028248Z A path returned 202. Retrying...
2024-01-01T01:28:23.1028544Z A path returned 202. Retrying...
2024-01-01T01:28:23.1028841Z A path returned 202. Retrying...
2024-01-01T01:28:23.1029138Z A path returned 202. Retrying...
2024-01-01T01:28:23.1029432Z A path returned 202. Retrying...
2024-01-01T01:28:23.1029723Z A path returned 202. Retrying...
2024-01-01T01:28:23.1030188Z A path returned 202. Retrying...
2024-01-01T01:28:23.1030482Z A path returned 202. Retrying...
2024-01-01T01:28:23.1030782Z A path returned 202. Retrying...
2024-01-01T01:28:23.1031082Z A path returned 202. Retrying...
2024-01-01T01:28:23.1031382Z A path returned 202. Retrying...
2024-01-01T01:28:23.1031682Z A path returned 202. Retrying...
2024-01-01T01:28:23.1031975Z A path returned 202. Retrying...
2024-01-01T01:28:23.1032273Z A path returned 202. Retrying...
2024-01-01T01:28:23.1032573Z A path returned 202. Retrying...
2024-01-01T01:28:23.1032871Z A path returned 202. Retrying...
2024-01-01T01:28:23.1033169Z A path returned 202. Retrying...
2024-01-01T01:28:23.1033466Z A path returned 202. Retrying...
2024-01-01T01:28:23.1033761Z A path returned 202. Retrying...
2024-01-01T01:28:23.1034053Z A path returned 202. Retrying...
2024-01-01T01:28:23.1034349Z A path returned 202. Retrying...
2024-01-01T01:28:23.1034647Z A path returned 202. Retrying...
2024-01-01T01:28:23.1034946Z A path returned 202. Retrying...
2024-01-01T01:28:23.1035249Z A path returned 202. Retrying...
2024-01-01T01:28:23.1035547Z A path returned 202. Retrying...
2024-01-01T01:28:23.1035844Z A path returned 202. Retrying...
2024-01-01T01:28:23.1036283Z A path returned 202. Retrying...
2024-01-01T01:28:23.1036586Z A path returned 202. Retrying...
2024-01-01T01:28:23.1036889Z A path returned 202. Retrying...
2024-01-01T01:28:23.1037184Z A path returned 202. Retrying...
2024-01-01T01:28:23.1037481Z A path returned 202. Retrying...
2024-01-01T01:28:23.1037779Z A path returned 202. Retrying...
2024-01-01T01:28:23.1038073Z A path returned 202. Retrying...
2024-01-01T01:28:23.1038363Z A path returned 202. Retrying...
2024-01-01T01:28:23.1038659Z A path returned 202. Retrying...
2024-01-01T01:28:23.1038955Z A path returned 202. Retrying...
2024-01-01T01:28:23.1039250Z A path returned 202. Retrying...
2024-01-01T01:28:23.1039546Z A path returned 202. Retrying...
2024-01-01T01:28:23.1039843Z A path returned 202. Retrying...
2024-01-01T01:28:23.1040139Z A path returned 202. Retrying...
2024-01-01T01:28:23.1040439Z A path returned 202. Retrying...
2024-01-01T01:28:23.1040738Z A path returned 202. Retrying...
2024-01-01T01:28:23.1041039Z A path returned 202. Retrying...
2024-01-01T01:28:23.1041337Z A path returned 202. Retrying...
2024-01-01T01:28:23.1041632Z A path returned 202. Retrying...
2024-01-01T01:28:23.1041929Z A path returned 202. Retrying...
2024-01-01T01:28:23.1042225Z A path returned 202. Retrying...
2024-01-01T01:28:23.1042518Z A path returned 202. Retrying...
2024-01-01T01:28:23.1042815Z A path returned 202. Retrying...
2024-01-01T01:28:23.1043112Z A path returned 202. Retrying...
2024-01-01T01:28:23.1043408Z A path returned 202. Retrying...
2024-01-01T01:28:23.1043704Z A path returned 202. Retrying...
2024-01-01T01:28:23.1044000Z A path returned 202. Retrying...
2024-01-01T01:28:23.1044297Z A path returned 202. Retrying...
2024-01-01T01:28:23.1044588Z A path returned 202. Retrying...
2024-01-01T01:28:23.1044884Z A path returned 202. Retrying...
2024-01-01T01:28:23.1045190Z A path returned 202. Retrying...
2024-01-01T01:28:23.1045488Z A path returned 202. Retrying...
2024-01-01T01:28:23.1045785Z A path returned 202. Retrying...
2024-01-01T01:28:23.1046093Z A path returned 202. Retrying...
2024-01-01T01:28:23.1046389Z A path returned 202. Retrying...
2024-01-01T01:28:23.1046683Z A path returned 202. Retrying...
2024-01-01T01:28:23.1046988Z A path returned 202. Retrying...
2024-01-01T01:28:23.1047285Z A path returned 202. Retrying...
2024-01-01T01:28:23.1047581Z A path returned 202. Retrying...
2024-01-01T01:37:35.0121857Z A path returned 202. Retrying...
2024-01-01T01:37:35.0122508Z A path returned 202. Retrying...
2024-01-01T01:37:35.0123088Z A path returned 202. Retrying...
2024-01-01T01:37:35.0123700Z A path returned 202. Retrying...
2024-01-01T01:37:35.0124195Z A path returned 202. Retrying...
2024-01-01T01:37:35.0124687Z A path returned 202. Retrying...
2024-01-01T01:37:35.0125171Z A path returned 202. Retrying...
2024-01-01T01:37:35.0125636Z A path returned 202. Retrying...
2024-01-01T01:37:35.0126471Z A path returned 202. Retrying...
2024-01-01T01:37:35.0126942Z A path returned 202. Retrying...
2024-01-01T01:37:35.0127420Z A path returned 202. Retrying...
2024-01-01T01:37:35.0127894Z A path returned 202. Retrying...
2024-01-01T01:37:35.0128367Z A path returned 202. Retrying...
2024-01-01T01:37:35.0128837Z A path returned 202. Retrying...
2024-01-01T01:37:35.0129301Z A path returned 202. Retrying...
2024-01-01T01:37:35.0129755Z A path returned 202. Retrying...
2024-01-01T01:37:35.0130228Z A path returned 202. Retrying...
2024-01-01T01:37:35.0130675Z A path returned 202. Retrying...
2024-01-01T01:37:35.0131134Z A path returned 202. Retrying...
2024-01-01T01:37:35.0131583Z A path returned 202. Retrying...
2024-01-01T01:37:35.0132037Z A path returned 202. Retrying...
2024-01-01T01:37:35.0132484Z A path returned 202. Retrying...
2024-01-01T01:37:35.0132935Z A path returned 202. Retrying...
2024-01-01T01:37:35.0133386Z A path returned 202. Retrying...
2024-01-01T01:37:35.0133848Z A path returned 202. Retrying...
2024-01-01T01:37:35.0134292Z A path returned 202. Retrying...
2024-01-01T01:37:35.0134736Z A path returned 202. Retrying...
2024-01-01T01:37:35.0135416Z A path returned 202. Retrying...
2024-01-01T01:37:35.0135883Z A path returned 202. Retrying...
2024-01-01T01:37:35.0136339Z A path returned 202. Retrying...
2024-01-01T01:37:35.0136804Z A path returned 202. Retrying...
2024-01-01T01:37:35.0137279Z A path returned 202. Retrying...
2024-01-01T01:37:35.0137761Z A path returned 202. Retrying...
2024-01-01T01:37:35.0138227Z A path returned 202. Retrying...
2024-01-01T01:37:35.0138732Z A path returned 202. Retrying...
2024-01-01T01:37:35.0139216Z A path returned 202. Retrying...
2024-01-01T01:37:35.0139700Z A path returned 202. Retrying...
2024-01-01T01:37:35.0140171Z A path returned 202. Retrying...
2024-01-01T01:37:35.0140631Z A path returned 202. Retrying...
2024-01-01T01:37:35.0141113Z A path returned 202. Retrying...
2024-01-01T01:37:35.0141589Z A path returned 202. Retrying...
2024-01-01T01:37:35.0142073Z A path returned 202. Retrying...
2024-01-01T01:37:35.0142571Z A path returned 202. Retrying...
2024-01-01T01:37:35.0143065Z A path returned 202. Retrying...
2024-01-01T01:37:35.0143518Z A path returned 202. Retrying...
2024-01-01T01:37:35.0143977Z A path returned 202. Retrying...
2024-01-01T01:37:35.0144444Z A path returned 202. Retrying...
2024-01-01T01:37:35.0144913Z A path returned 202. Retrying...
2024-01-01T01:37:35.0145610Z A path returned 202. Retrying...
2024-01-01T01:37:35.0146081Z A path returned 202. Retrying...
2024-01-01T01:37:35.0146561Z A path returned 202. Retrying...
2024-01-01T01:37:35.0147032Z A path returned 202. Retrying...
2024-01-01T01:37:35.0147489Z A path returned 202. Retrying...
2024-01-01T01:37:35.0147962Z A path returned 202. Retrying...
2024-01-01T01:37:35.0148418Z A path returned 202. Retrying...
2024-01-01T01:37:35.0148893Z A path returned 202. Retrying...
2024-01-01T01:37:35.0149376Z A path returned 202. Retrying...
2024-01-01T01:37:35.0149848Z A path returned 202. Retrying...
2024-01-01T01:37:35.0150351Z A path returned 202. Retrying...
2024-01-01T01:37:35.0150805Z A path returned 202. Retrying...
2024-01-01T01:37:35.0151278Z A path returned 202. Retrying...
2024-01-01T01:37:35.0151738Z A path returned 202. Retrying...
2024-01-01T01:37:35.0152208Z A path returned 202. Retrying...
2024-01-01T01:37:35.0152738Z A path returned 202. Retrying...
2024-01-01T01:37:35.0153213Z A path returned 202. Retrying...
2024-01-01T01:37:35.0153693Z A path returned 202. Retrying...
2024-01-01T01:37:35.0154161Z A path returned 202. Retrying...
2024-01-01T01:37:35.0154632Z A path returned 202. Retrying...
2024-01-01T01:37:35.0155115Z A path returned 202. Retrying...
2024-01-01T01:37:35.0155580Z A path returned 202. Retrying...
2024-01-01T01:37:35.0156041Z A path returned 202. Retrying...
2024-01-01T01:37:35.0156504Z A path returned 202. Retrying...
2024-01-01T01:37:35.0156970Z A path returned 202. Retrying...
2024-01-01T01:37:35.0157431Z A path returned 202. Retrying...
2024-01-01T01:37:35.0158135Z A path returned 202. Retrying...
2024-01-01T01:37:35.0158598Z A path returned 202. Retrying...
2024-01-01T01:37:35.0159070Z A path returned 202. Retrying...
2024-01-01T01:37:35.0159543Z A path returned 202. Retrying...
2024-01-01T01:37:35.0160006Z A path returned 202. Retrying...
2024-01-01T01:37:35.0160482Z A path returned 202. Retrying...
2024-01-01T01:37:35.0160994Z A path returned 202. Retrying...
2024-01-01T01:37:35.0161514Z A path returned 202. Retrying...
2024-01-01T01:37:35.0162014Z A path returned 202. Retrying...
2024-01-01T01:37:35.0162518Z A path returned 202. Retrying...
2024-01-01T01:37:35.0163026Z A path returned 202. Retrying...
2024-01-01T01:37:35.0163525Z A path returned 202. Retrying...
2024-01-01T01:37:35.0164031Z A path returned 202. Retrying...
2024-01-01T01:37:35.0164537Z A path returned 202. Retrying...
2024-01-01T01:37:35.0165063Z A path returned 202. Retrying...
2024-01-01T01:37:35.0165584Z A path returned 202. Retrying...
2024-01-01T01:37:35.0166099Z A path returned 202. Retrying...
2024-01-01T01:37:35.0166615Z A path returned 202. Retrying...
2024-01-01T01:37:35.0167132Z A path returned 202. Retrying...
2024-01-01T01:37:35.0167900Z A path returned 202. Retrying...
2024-01-01T01:37:35.0168427Z A path returned 202. Retrying...
2024-01-01T01:37:35.0168956Z A path returned 202. Retrying...
2024-01-01T01:37:35.0169479Z A path returned 202. Retrying...
2024-01-01T01:37:35.0169991Z A path returned 202. Retrying...
2024-01-01T01:37:35.0170511Z A path returned 202. Retrying...
2024-01-01T01:37:35.0171035Z A path returned 202. Retrying...
2024-01-01T01:37:35.0171564Z A path returned 202. Retrying...
2024-01-01T01:37:35.0172088Z A path returned 202. Retrying...
2024-01-01T01:37:35.0172625Z A path returned 202. Retrying...
2024-01-01T01:37:35.0173170Z A path returned 202. Retrying...
2024-01-01T01:37:35.0173709Z A path returned 202. Retrying...
2024-01-01T01:37:35.0174243Z A path returned 202. Retrying...
2024-01-01T01:37:35.0174780Z A path returned 202. Retrying...
2024-01-01T01:37:35.0175323Z A path returned 202. Retrying...
2024-01-01T01:37:35.0175851Z A path returned 202. Retrying...
2024-01-01T01:37:35.0176370Z A path returned 202. Retrying...
2024-01-01T01:37:35.0176899Z A path returned 202. Retrying...
2024-01-01T01:37:35.0177416Z A path returned 202. Retrying...
2024-01-01T01:37:35.0177929Z A path returned 202. Retrying...
2024-01-01T01:37:35.0178451Z A path returned 202. Retrying...
2024-01-01T01:37:35.0178999Z A path returned 202. Retrying...
2024-01-01T01:37:35.0179543Z A path returned 202. Retrying...
2024-01-01T01:37:35.0180076Z A path returned 202. Retrying...
2024-01-01T01:37:35.0180614Z A path returned 202. Retrying...
2024-01-01T01:37:35.0181152Z A path returned 202. Retrying...
2024-01-01T01:37:35.0181681Z A path returned 202. Retrying...
2024-01-01T01:37:35.0182177Z A path returned 202. Retrying...
2024-01-01T01:37:35.0182630Z A path returned 202. Retrying...
2024-01-01T01:37:35.0183077Z A path returned 202. Retrying...
2024-01-01T01:37:35.0183533Z A path returned 202. Retrying...
2024-01-01T01:37:35.0183966Z A path returned 202. Retrying...
2024-01-01T01:37:35.0184403Z A path returned 202. Retrying...
2024-01-01T01:37:35.0184917Z A path returned 202. Retrying...
2024-01-01T01:37:35.0185667Z A path returned 202. Retrying...
2024-01-01T01:37:35.0186158Z A path returned 202. Retrying...
2024-01-01T01:37:35.0186626Z A path returned 202. Retrying...
2024-01-01T01:37:35.0187135Z A path returned 202. Retrying...
2024-01-01T01:37:35.0187637Z A path returned 202. Retrying...
2024-01-01T01:37:35.0188138Z A path returned 202. Retrying...
2024-01-01T01:37:35.0188653Z A path returned 202. Retrying...
2024-01-01T01:37:35.0189162Z A path returned 202. Retrying...
2024-01-01T01:37:35.0189662Z A path returned 202. Retrying...
2024-01-01T01:37:35.0190154Z A path returned 202. Retrying...
2024-01-01T01:37:35.0190644Z A path returned 202. Retrying...
2024-01-01T01:37:35.0191134Z A path returned 202. Retrying...
2024-01-01T01:37:35.0191666Z A path returned 202. Retrying...
2024-01-01T01:37:35.0192466Z A path returned 202. Retrying...
2024-01-01T01:37:35.0193012Z A path returned 202. Retrying...
2024-01-01T01:37:35.0193553Z A path returned 202. Retrying...
2024-01-01T01:37:35.0194099Z A path returned 202. Retrying...
2024-01-01T01:37:35.0194647Z A path returned 202. Retrying...
2024-01-01T01:37:35.0195192Z A path returned 202. Retrying...
2024-01-01T01:37:35.0195741Z A path returned 202. Retrying...
2024-01-01T01:37:35.0196291Z A path returned 202. Retrying...
2024-01-01T01:37:35.0196839Z A path returned 202. Retrying...
2024-01-01T01:37:35.0197383Z A path returned 202. Retrying...
2024-01-01T01:37:35.0197917Z A path returned 202. Retrying...
2024-01-01T01:37:35.0198466Z A path returned 202. Retrying...
2024-01-01T01:37:35.0199019Z A path returned 202. Retrying...
2024-01-01T01:37:35.0199563Z A path returned 202. Retrying...
2024-01-01T01:37:35.0200106Z A path returned 202. Retrying...
2024-01-01T01:37:35.0200699Z A path returned 202. Retrying...
2024-01-01T01:37:35.0201249Z A path returned 202. Retrying...
2024-01-01T01:37:35.0201849Z A path returned 202. Retrying...
2024-01-01T01:37:35.0202393Z A path returned 202. Retrying...
2024-01-01T01:37:35.0203139Z A path returned 202. Retrying...
2024-01-01T01:37:35.0203699Z A path returned 202. Retrying...
2024-01-01T01:37:35.0204243Z A path returned 202. Retrying...
2024-01-01T01:37:35.0204789Z A path returned 202. Retrying...
2024-01-01T01:37:35.0205333Z A path returned 202. Retrying...
2024-01-01T01:37:35.0205871Z A path returned 202. Retrying...
2024-01-01T01:37:35.0206413Z A path returned 202. Retrying...
2024-01-01T01:37:35.0206953Z A path returned 202. Retrying...
2024-01-01T01:37:35.0207492Z A path returned 202. Retrying...
2024-01-01T01:37:35.0208018Z A path returned 202. Retrying...
2024-01-01T01:37:35.0208546Z A path returned 202. Retrying...
2024-01-01T01:37:35.0209070Z A path returned 202. Retrying...
2024-01-01T01:37:35.0209587Z A path returned 202. Retrying...
2024-01-01T01:37:35.0210122Z A path returned 202. Retrying...
2024-01-01T01:37:35.0210673Z A path returned 202. Retrying...
2024-01-01T01:37:35.0211222Z A path returned 202. Retrying...
2024-01-01T01:37:35.0211852Z A path returned 202. Retrying...
2024-01-01T01:37:35.0212401Z A path returned 202. Retrying...
2024-01-01T01:37:35.0212951Z A path returned 202. Retrying...
2024-01-01T01:37:35.0213493Z A path returned 202. Retrying...
2024-01-01T01:37:35.0214043Z A path returned 202. Retrying...
2024-01-01T01:37:35.0214604Z A path returned 202. Retrying...
2024-01-01T01:37:35.0215159Z A path returned 202. Retrying...
2024-01-01T01:37:35.0215717Z A path returned 202. Retrying...
2024-01-01T01:37:35.0216273Z A path returned 202. Retrying...
2024-01-01T01:37:35.0216787Z A path returned 202. Retrying...
2024-01-01T01:37:35.0217308Z A path returned 202. Retrying...
2024-01-01T01:37:35.0217821Z A path returned 202. Retrying...
2024-01-01T01:37:35.0218329Z A path returned 202. Retrying...
2024-01-01T01:37:35.0218848Z A path returned 202. Retrying...
2024-01-01T01:37:35.0219392Z A path returned 202. Retrying...
2024-01-01T01:37:35.0219935Z A path returned 202. Retrying...
2024-01-01T01:37:35.0220462Z A path returned 202. Retrying...
2024-01-01T01:37:35.0220981Z A path returned 202. Retrying...
2024-01-01T01:37:35.0221517Z A path returned 202. Retrying...
2024-01-01T01:37:35.0222033Z A path returned 202. Retrying...
2024-01-01T01:37:35.0222486Z A path returned 202. Retrying...
2024-01-01T01:37:35.0222939Z A path returned 202. Retrying...
2024-01-01T01:37:35.0223372Z A path returned 202. Retrying...
2024-01-01T01:37:35.0223808Z A path returned 202. Retrying...
2024-01-01T01:37:35.0224241Z A path returned 202. Retrying...
2024-01-01T01:37:35.0224694Z A path returned 202. Retrying...
2024-01-01T01:37:35.0225427Z A path returned 202. Retrying...
2024-01-01T01:37:35.0225964Z A path returned 202. Retrying...
2024-01-01T01:37:35.0226511Z A path returned 202. Retrying...
2024-01-01T01:37:35.0227054Z A path returned 202. Retrying...
2024-01-01T01:37:35.0227545Z A path returned 202. Retrying...
2024-01-01T01:37:35.0228285Z A path returned 202. Retrying...
2024-01-01T01:37:35.0228795Z A path returned 202. Retrying...
2024-01-01T01:37:35.0229307Z A path returned 202. Retrying...
2024-01-01T01:37:35.0229824Z A path returned 202. Retrying...
2024-01-01T01:37:35.0230340Z A path returned 202. Retrying...
2024-01-01T01:37:35.0230840Z A path returned 202. Retrying...
2024-01-01T01:37:35.0231365Z A path returned 202. Retrying...
2024-01-01T01:37:35.0231868Z A path returned 202. Retrying...
2024-01-01T01:37:35.0232375Z A path returned 202. Retrying...
2024-01-01T01:37:35.0232887Z A path returned 202. Retrying...
2024-01-01T01:37:35.0233391Z A path returned 202. Retrying...
2024-01-01T01:37:35.0233882Z A path returned 202. Retrying...
2024-01-01T01:37:35.0234383Z A path returned 202. Retrying...
2024-01-01T01:37:35.0234905Z A path returned 202. Retrying...
2024-01-01T01:37:35.0235416Z A path returned 202. Retrying...
2024-01-01T01:37:35.0235929Z A path returned 202. Retrying...
2024-01-01T01:37:35.0236443Z A path returned 202. Retrying...
2024-01-01T01:37:35.0236940Z A path returned 202. Retrying...
2024-01-01T01:37:35.0348821Z ##[group]Run git config --global user.name "jstrieb/github-stats"
2024-01-01T01:37:35.0349415Z [36;1mgit config --global user.name "jstrieb/github-stats"[0m
2024-01-01T01:37:35.0350005Z [36;1mgit config --global user.email "github-stats[bot]@jstrieb.github.io"[0m
2024-01-01T01:37:35.0350482Z [36;1mgit add .[0m
2024-01-01T01:37:35.0350868Z [36;1m# Force the build to succeed, even if no files were changed[0m
2024-01-01T01:37:35.0351392Z [36;1mgit commit -m 'Update generated files' || true[0m
2024-01-01T01:37:35.0351777Z [36;1mgit push[0m
2024-01-01T01:37:35.0402216Z shell: /usr/bin/bash -e {0}
2024-01-01T01:37:35.0402498Z env:
2024-01-01T01:37:35.0402803Z   pythonLocation: /opt/hostedtoolcache/Python/3.8.18/x64
2024-01-01T01:37:35.0403341Z   PKG_CONFIG_PATH: /opt/hostedtoolcache/Python/3.8.18/x64/lib/pkgconfig
2024-01-01T01:37:35.0403877Z   Python_ROOT_DIR: /opt/hostedtoolcache/Python/3.8.18/x64
2024-01-01T01:37:35.0404388Z   Python2_ROOT_DIR: /opt/hostedtoolcache/Python/3.8.18/x64
2024-01-01T01:37:35.0404857Z   Python3_ROOT_DIR: /opt/hostedtoolcache/Python/3.8.18/x64
2024-01-01T01:37:35.0405336Z   LD_LIBRARY_PATH: /opt/hostedtoolcache/Python/3.8.18/x64/lib
2024-01-01T01:37:35.0405728Z ##[endgroup]
2024-01-01T01:37:35.9650741Z [master be51195] Update generated files
2024-01-01T01:37:35.9651491Z  2 files changed, 80 insertions(+), 107 deletions(-)
2024-01-01T01:37:36.7097901Z To https://github.com/seanpm2001/GitHub_Stats_A
2024-01-01T01:37:36.7099133Z    0ed35a5..be51195  master -> master
2024-01-01T01:37:36.7184406Z Post job cleanup.
2024-01-01T01:37:36.8365565Z Cache hit occurred on the primary key setup-python-Linux-22.04-Ubuntu-python-3.8.18-pip-60f2a6c0212a9b74a155cd81b58dd07fd8b180833132566260d95f4de42fe218, not saving cache.
2024-01-01T01:37:36.8473148Z Post job cleanup.
2024-01-01T01:37:36.9288885Z [command]/usr/bin/git version
2024-01-01T01:37:36.9333250Z git version 2.43.0
2024-01-01T01:37:36.9366883Z Copying '/home/runner/.gitconfig' to '/home/runner/work/_temp/6a29f1ce-d029-4a9d-a5d9-674d51cc125e/.gitconfig'
2024-01-01T01:37:36.9377897Z Temporarily overriding HOME='/home/runner/work/_temp/6a29f1ce-d029-4a9d-a5d9-674d51cc125e' before making global git config changes
2024-01-01T01:37:36.9379683Z Adding repository directory to the temporary git global config as a safe directory
2024-01-01T01:37:36.9383999Z [command]/usr/bin/git config --global --add safe.directory /home/runner/work/GitHub_Stats_A/GitHub_Stats_A
2024-01-01T01:37:36.9425180Z [command]/usr/bin/git config --local --name-only --get-regexp core\.sshCommand
2024-01-01T01:37:36.9464458Z [command]/usr/bin/git submodule foreach --recursive sh -c "git config --local --name-only --get-regexp 'core\.sshCommand' && git config --local --unset-all 'core.sshCommand' || :"
2024-01-01T01:37:36.9731918Z [command]/usr/bin/git config --local --name-only --get-regexp http\.https\:\/\/github\.com\/\.extraheader
2024-01-01T01:37:36.9762805Z http.https://github.com/.extraheader
2024-01-01T01:37:36.9772798Z [command]/usr/bin/git config --local --unset-all http.https://github.com/.extraheader
2024-01-01T01:37:36.9810475Z [command]/usr/bin/git submodule foreach --recursive sh -c "git config --local --name-only --get-regexp 'http\.https\:\/\/github\.com\/\.extraheader' && git config --local --unset-all 'http.https://github.com/.extraheader' || :"
2024-01-01T01:37:37.0283913Z Cleaning up orphan processes
