2024-01-04T00:24:07.5979172Z Requested labels: ubuntu-latest
2024-01-04T00:24:07.5979474Z Job defined at: seanpm2001/GitHub_Stats_A/.github/workflows/main.yml@refs/heads/master
2024-01-04T00:24:07.5979593Z Waiting for a runner to pick up this job...
2024-01-04T00:24:08.2719598Z Job is waiting for a hosted runner to come online.
2024-01-04T00:24:10.8753489Z Job is about to start running on the hosted runner: GitHub Actions 2 (hosted)
2024-01-04T00:24:12.8089404Z Current runner version: '2.311.0'
2024-01-04T00:24:12.8111425Z ##[group]Operating System
2024-01-04T00:24:12.8112171Z Ubuntu
2024-01-04T00:24:12.8112494Z 22.04.3
2024-01-04T00:24:12.8112840Z LTS
2024-01-04T00:24:12.8113249Z ##[endgroup]
2024-01-04T00:24:12.8113624Z ##[group]Runner Image
2024-01-04T00:24:12.8114072Z Image: ubuntu-22.04
2024-01-04T00:24:12.8114529Z Version: 20231217.2.0
2024-01-04T00:24:12.8115541Z Included Software: https://github.com/actions/runner-images/blob/ubuntu22/20231217.2/images/ubuntu/Ubuntu2204-Readme.md
2024-01-04T00:24:12.8116993Z Image Release: https://github.com/actions/runner-images/releases/tag/ubuntu22%2F20231217.2
2024-01-04T00:24:12.8117880Z ##[endgroup]
2024-01-04T00:24:12.8118293Z ##[group]Runner Image Provisioner
2024-01-04T00:24:12.8118778Z 2.0.321.1
2024-01-04T00:24:12.8119136Z ##[endgroup]
2024-01-04T00:24:12.8120013Z ##[group]GITHUB_TOKEN Permissions
2024-01-04T00:24:12.8121668Z Contents: write
2024-01-04T00:24:12.8122124Z Metadata: read
2024-01-04T00:24:12.8122668Z ##[endgroup]
2024-01-04T00:24:12.8125932Z Secret source: Actions
2024-01-04T00:24:12.8126522Z Prepare workflow directory
2024-01-04T00:24:12.8740205Z Prepare all required actions
2024-01-04T00:24:12.8894871Z Getting action download info
2024-01-04T00:24:13.1076942Z Download action repository 'actions/checkout@v3' (SHA:f43a0e5ff2bd294095638e18286ca9a3d1956744)
2024-01-04T00:24:13.2376722Z Download action repository 'actions/setup-python@v4' (SHA:65d7f2d534ac1bc67fcd62888c5f4f3d2cb2b236)
2024-01-04T00:24:13.5946916Z Complete job name: build
2024-01-04T00:24:13.6827367Z ##[group]Run actions/checkout@v3
2024-01-04T00:24:13.6827908Z with:
2024-01-04T00:24:13.6828306Z   repository: seanpm2001/GitHub_Stats_A
2024-01-04T00:24:13.6829144Z   token: ***
2024-01-04T00:24:13.6829533Z   ssh-strict: true
2024-01-04T00:24:13.6829920Z   persist-credentials: true
2024-01-04T00:24:13.6830475Z   clean: true
2024-01-04T00:24:13.6830881Z   sparse-checkout-cone-mode: true
2024-01-04T00:24:13.6831442Z   fetch-depth: 1
2024-01-04T00:24:13.6831839Z   fetch-tags: false
2024-01-04T00:24:13.6832249Z   lfs: false
2024-01-04T00:24:13.6832688Z   submodules: false
2024-01-04T00:24:13.6833100Z   set-safe-directory: true
2024-01-04T00:24:13.6833510Z ##[endgroup]
2024-01-04T00:24:13.8439996Z Syncing repository: seanpm2001/GitHub_Stats_A
2024-01-04T00:24:13.8442101Z ##[group]Getting Git version info
2024-01-04T00:24:13.8442978Z Working directory is '/home/runner/work/GitHub_Stats_A/GitHub_Stats_A'
2024-01-04T00:24:13.8444482Z [command]/usr/bin/git version
2024-01-04T00:24:13.8492469Z git version 2.43.0
2024-01-04T00:24:13.8515886Z ##[endgroup]
2024-01-04T00:24:13.8535408Z Temporarily overriding HOME='/home/runner/work/_temp/2b024aa8-a4a8-4ff5-a682-56f305dcab52' before making global git config changes
2024-01-04T00:24:13.8537988Z Adding repository directory to the temporary git global config as a safe directory
2024-01-04T00:24:13.8540394Z [command]/usr/bin/git config --global --add safe.directory /home/runner/work/GitHub_Stats_A/GitHub_Stats_A
2024-01-04T00:24:13.8590189Z Deleting the contents of '/home/runner/work/GitHub_Stats_A/GitHub_Stats_A'
2024-01-04T00:24:13.8594266Z ##[group]Initializing the repository
2024-01-04T00:24:13.8597383Z [command]/usr/bin/git init /home/runner/work/GitHub_Stats_A/GitHub_Stats_A
2024-01-04T00:24:13.8657095Z hint: Using 'master' as the name for the initial branch. This default branch name
2024-01-04T00:24:13.8659038Z hint: is subject to change. To configure the initial branch name to use in all
2024-01-04T00:24:13.8660824Z hint: of your new repositories, which will suppress this warning, call:
2024-01-04T00:24:13.8662084Z hint: 
2024-01-04T00:24:13.8663204Z hint: 	git config --global init.defaultBranch <name>
2024-01-04T00:24:13.8664205Z hint: 
2024-01-04T00:24:13.8665353Z hint: Names commonly chosen instead of 'master' are 'main', 'trunk' and
2024-01-04T00:24:13.8667166Z hint: 'development'. The just-created branch can be renamed via this command:
2024-01-04T00:24:13.8668294Z hint: 
2024-01-04T00:24:13.8668700Z hint: 	git branch -m <name>
2024-01-04T00:24:13.8669917Z Initialized empty Git repository in /home/runner/work/GitHub_Stats_A/GitHub_Stats_A/.git/
2024-01-04T00:24:13.8676025Z [command]/usr/bin/git remote add origin https://github.com/seanpm2001/GitHub_Stats_A
2024-01-04T00:24:13.8715190Z ##[endgroup]
2024-01-04T00:24:13.8716070Z ##[group]Disabling automatic garbage collection
2024-01-04T00:24:13.8718309Z [command]/usr/bin/git config --local gc.auto 0
2024-01-04T00:24:13.8753834Z ##[endgroup]
2024-01-04T00:24:13.8754641Z ##[group]Setting up auth
2024-01-04T00:24:13.8759491Z [command]/usr/bin/git config --local --name-only --get-regexp core\.sshCommand
2024-01-04T00:24:13.8796630Z [command]/usr/bin/git submodule foreach --recursive sh -c "git config --local --name-only --get-regexp 'core\.sshCommand' && git config --local --unset-all 'core.sshCommand' || :"
2024-01-04T00:24:13.9082454Z [command]/usr/bin/git config --local --name-only --get-regexp http\.https\:\/\/github\.com\/\.extraheader
2024-01-04T00:24:13.9118435Z [command]/usr/bin/git submodule foreach --recursive sh -c "git config --local --name-only --get-regexp 'http\.https\:\/\/github\.com\/\.extraheader' && git config --local --unset-all 'http.https://github.com/.extraheader' || :"
2024-01-04T00:24:13.9358561Z [command]/usr/bin/git config --local http.https://github.com/.extraheader AUTHORIZATION: basic ***
2024-01-04T00:24:13.9402784Z ##[endgroup]
2024-01-04T00:24:13.9404289Z ##[group]Fetching the repository
2024-01-04T00:24:13.9414635Z [command]/usr/bin/git -c protocol.version=2 fetch --no-tags --prune --progress --no-recurse-submodules --depth=1 origin +e6b6eb8d297e708f9bd2c2ff7cd3f347c21e2e3b:refs/remotes/origin/master
2024-01-04T00:24:14.1871186Z remote: Enumerating objects: 9843, done.        
2024-01-04T00:24:14.1958096Z remote: Counting objects:   0% (1/9843)        
2024-01-04T00:24:14.1959366Z remote: Counting objects:   1% (99/9843)        
2024-01-04T00:24:14.1965734Z remote: Counting objects:   2% (197/9843)        
2024-01-04T00:24:14.1966871Z remote: Counting objects:   3% (296/9843)        
2024-01-04T00:24:14.1967900Z remote: Counting objects:   4% (394/9843)        
2024-01-04T00:24:14.1968921Z remote: Counting objects:   5% (493/9843)        
2024-01-04T00:24:14.1969904Z remote: Counting objects:   6% (591/9843)        
2024-01-04T00:24:14.1970921Z remote: Counting objects:   7% (690/9843)        
2024-01-04T00:24:14.1972105Z remote: Counting objects:   8% (788/9843)        
2024-01-04T00:24:14.1973021Z remote: Counting objects:   9% (886/9843)        
2024-01-04T00:24:14.1973992Z remote: Counting objects:  10% (985/9843)        
2024-01-04T00:24:14.1975096Z remote: Counting objects:  11% (1083/9843)        
2024-01-04T00:24:14.1976091Z remote: Counting objects:  12% (1182/9843)        
2024-01-04T00:24:14.1977087Z remote: Counting objects:  13% (1280/9843)        
2024-01-04T00:24:14.1978293Z remote: Counting objects:  14% (1379/9843)        
2024-01-04T00:24:14.1979304Z remote: Counting objects:  15% (1477/9843)        
2024-01-04T00:24:14.2010876Z remote: Counting objects:  16% (1575/9843)        
2024-01-04T00:24:14.2011991Z remote: Counting objects:  17% (1674/9843)        
2024-01-04T00:24:14.2013309Z remote: Counting objects:  18% (1772/9843)        
2024-01-04T00:24:14.2014527Z remote: Counting objects:  19% (1871/9843)        
2024-01-04T00:24:14.2015519Z remote: Counting objects:  20% (1969/9843)        
2024-01-04T00:24:14.2016645Z remote: Counting objects:  21% (2068/9843)        
2024-01-04T00:24:14.2017604Z remote: Counting objects:  22% (2166/9843)        
2024-01-04T00:24:14.2018598Z remote: Counting objects:  23% (2264/9843)        
2024-01-04T00:24:14.2019697Z remote: Counting objects:  24% (2363/9843)        
2024-01-04T00:24:14.2020698Z remote: Counting objects:  25% (2461/9843)        
2024-01-04T00:24:14.2021650Z remote: Counting objects:  26% (2560/9843)        
2024-01-04T00:24:14.2022793Z remote: Counting objects:  27% (2658/9843)        
2024-01-04T00:24:14.2023881Z remote: Counting objects:  28% (2757/9843)        
2024-01-04T00:24:14.2025481Z remote: Counting objects:  29% (2855/9843)        
2024-01-04T00:24:14.2026562Z remote: Counting objects:  30% (2953/9843)        
2024-01-04T00:24:14.2027689Z remote: Counting objects:  31% (3052/9843)        
2024-01-04T00:24:14.2028709Z remote: Counting objects:  32% (3150/9843)        
2024-01-04T00:24:14.2029758Z remote: Counting objects:  33% (3249/9843)        
2024-01-04T00:24:14.2030704Z remote: Counting objects:  34% (3347/9843)        
2024-01-04T00:24:14.2031863Z remote: Counting objects:  35% (3446/9843)        
2024-01-04T00:24:14.2033010Z remote: Counting objects:  36% (3544/9843)        
2024-01-04T00:24:14.2034031Z remote: Counting objects:  37% (3642/9843)        
2024-01-04T00:24:14.2034954Z remote: Counting objects:  38% (3741/9843)        
2024-01-04T00:24:14.2036112Z remote: Counting objects:  39% (3839/9843)        
2024-01-04T00:24:14.2036822Z remote: Counting objects:  40% (3938/9843)        
2024-01-04T00:24:14.2037386Z remote: Counting objects:  41% (4036/9843)        
2024-01-04T00:24:14.2038016Z remote: Counting objects:  42% (4135/9843)        
2024-01-04T00:24:14.2038578Z remote: Counting objects:  43% (4233/9843)        
2024-01-04T00:24:14.2039117Z remote: Counting objects:  44% (4331/9843)        
2024-01-04T00:24:14.2039707Z remote: Counting objects:  45% (4430/9843)        
2024-01-04T00:24:14.2040245Z remote: Counting objects:  46% (4528/9843)        
2024-01-04T00:24:14.2040765Z remote: Counting objects:  47% (4627/9843)        
2024-01-04T00:24:14.2041597Z remote: Counting objects:  48% (4725/9843)        
2024-01-04T00:24:14.2042132Z remote: Counting objects:  49% (4824/9843)        
2024-01-04T00:24:14.2042686Z remote: Counting objects:  50% (4922/9843)        
2024-01-04T00:24:14.2043309Z remote: Counting objects:  51% (5020/9843)        
2024-01-04T00:24:14.2044097Z remote: Counting objects:  52% (5119/9843)        
2024-01-04T00:24:14.2044655Z remote: Counting objects:  53% (5217/9843)        
2024-01-04T00:24:14.2045274Z remote: Counting objects:  54% (5316/9843)        
2024-01-04T00:24:14.2045810Z remote: Counting objects:  55% (5414/9843)        
2024-01-04T00:24:14.2046417Z remote: Counting objects:  56% (5513/9843)        
2024-01-04T00:24:14.2046908Z remote: Counting objects:  57% (5611/9843)        
2024-01-04T00:24:14.2047433Z remote: Counting objects:  58% (5709/9843)        
2024-01-04T00:24:14.2048032Z remote: Counting objects:  59% (5808/9843)        
2024-01-04T00:24:14.2048549Z remote: Counting objects:  60% (5906/9843)        
2024-01-04T00:24:14.2049056Z remote: Counting objects:  61% (6005/9843)        
2024-01-04T00:24:14.2049682Z remote: Counting objects:  62% (6103/9843)        
2024-01-04T00:24:14.2050240Z remote: Counting objects:  63% (6202/9843)        
2024-01-04T00:24:14.2050810Z remote: Counting objects:  64% (6300/9843)        
2024-01-04T00:24:14.2051414Z remote: Counting objects:  65% (6398/9843)        
2024-01-04T00:24:14.2051912Z remote: Counting objects:  66% (6497/9843)        
2024-01-04T00:24:14.2052455Z remote: Counting objects:  67% (6595/9843)        
2024-01-04T00:24:14.2053053Z remote: Counting objects:  68% (6694/9843)        
2024-01-04T00:24:14.2053588Z remote: Counting objects:  69% (6792/9843)        
2024-01-04T00:24:14.2054077Z remote: Counting objects:  70% (6891/9843)        
2024-01-04T00:24:14.2054673Z remote: Counting objects:  71% (6989/9843)        
2024-01-04T00:24:14.2055213Z remote: Counting objects:  72% (7087/9843)        
2024-01-04T00:24:14.2055744Z remote: Counting objects:  73% (7186/9843)        
2024-01-04T00:24:14.2056307Z remote: Counting objects:  74% (7284/9843)        
2024-01-04T00:24:14.2056850Z remote: Counting objects:  75% (7383/9843)        
2024-01-04T00:24:14.2057365Z remote: Counting objects:  76% (7481/9843)        
2024-01-04T00:24:14.2057963Z remote: Counting objects:  77% (7580/9843)        
2024-01-04T00:24:14.2058462Z remote: Counting objects:  78% (7678/9843)        
2024-01-04T00:24:14.2058979Z remote: Counting objects:  79% (7776/9843)        
2024-01-04T00:24:14.2059804Z remote: Counting objects:  80% (7875/9843)        
2024-01-04T00:24:14.2060332Z remote: Counting objects:  81% (7973/9843)        
2024-01-04T00:24:14.2060818Z remote: Counting objects:  82% (8072/9843)        
2024-01-04T00:24:14.2061422Z remote: Counting objects:  83% (8170/9843)        
2024-01-04T00:24:14.2061958Z remote: Counting objects:  84% (8269/9843)        
2024-01-04T00:24:14.2062555Z remote: Counting objects:  85% (8367/9843)        
2024-01-04T00:24:14.2063045Z remote: Counting objects:  86% (8465/9843)        
2024-01-04T00:24:14.2063571Z remote: Counting objects:  87% (8564/9843)        
2024-01-04T00:24:14.2064163Z remote: Counting objects:  88% (8662/9843)        
2024-01-04T00:24:14.2064686Z remote: Counting objects:  89% (8761/9843)        
2024-01-04T00:24:14.2065178Z remote: Counting objects:  90% (8859/9843)        
2024-01-04T00:24:14.2065775Z remote: Counting objects:  91% (8958/9843)        
2024-01-04T00:24:14.2066296Z remote: Counting objects:  92% (9056/9843)        
2024-01-04T00:24:14.2066872Z remote: Counting objects:  93% (9154/9843)        
2024-01-04T00:24:14.2067420Z remote: Counting objects:  94% (9253/9843)        
2024-01-04T00:24:14.2067939Z remote: Counting objects:  95% (9351/9843)        
2024-01-04T00:24:14.2068497Z remote: Counting objects:  96% (9450/9843)        
2024-01-04T00:24:14.2069082Z remote: Counting objects:  97% (9548/9843)        
2024-01-04T00:24:14.2069569Z remote: Counting objects:  98% (9647/9843)        
2024-01-04T00:24:14.2070256Z remote: Counting objects:  99% (9745/9843)        
2024-01-04T00:24:14.2070858Z remote: Counting objects: 100% (9843/9843)        
2024-01-04T00:24:14.2071437Z remote: Counting objects: 100% (9843/9843), done.        
2024-01-04T00:24:14.2125151Z remote: Compressing objects:   0% (1/3826)        
2024-01-04T00:24:14.2126422Z remote: Compressing objects:   1% (39/3826)        
2024-01-04T00:24:14.2129787Z remote: Compressing objects:   2% (77/3826)        
2024-01-04T00:24:14.2931170Z remote: Compressing objects:   3% (115/3826)        
2024-01-04T00:24:14.2957242Z remote: Compressing objects:   4% (154/3826)        
2024-01-04T00:24:14.2979322Z remote: Compressing objects:   5% (192/3826)        
2024-01-04T00:24:14.2980516Z remote: Compressing objects:   6% (230/3826)        
2024-01-04T00:24:14.2983344Z remote: Compressing objects:   7% (268/3826)        
2024-01-04T00:24:14.2984735Z remote: Compressing objects:   8% (307/3826)        
2024-01-04T00:24:14.2985924Z remote: Compressing objects:   9% (345/3826)        
2024-01-04T00:24:14.2986920Z remote: Compressing objects:  10% (383/3826)        
2024-01-04T00:24:14.2987672Z remote: Compressing objects:  11% (421/3826)        
2024-01-04T00:24:14.2988394Z remote: Compressing objects:  12% (460/3826)        
2024-01-04T00:24:14.2989249Z remote: Compressing objects:  13% (498/3826)        
2024-01-04T00:24:14.2990013Z remote: Compressing objects:  14% (536/3826)        
2024-01-04T00:24:14.2990720Z remote: Compressing objects:  15% (574/3826)        
2024-01-04T00:24:14.2991252Z remote: Compressing objects:  16% (613/3826)        
2024-01-04T00:24:14.2991852Z remote: Compressing objects:  17% (651/3826)        
2024-01-04T00:24:14.3070722Z remote: Compressing objects:  18% (689/3826)        
2024-01-04T00:24:14.3095035Z remote: Compressing objects:  19% (727/3826)        
2024-01-04T00:24:14.3096035Z remote: Compressing objects:  20% (766/3826)        
2024-01-04T00:24:14.3096959Z remote: Compressing objects:  21% (804/3826)        
2024-01-04T00:24:14.3097888Z remote: Compressing objects:  22% (842/3826)        
2024-01-04T00:24:14.3098887Z remote: Compressing objects:  23% (880/3826)        
2024-01-04T00:24:14.3099945Z remote: Compressing objects:  24% (919/3826)        
2024-01-04T00:24:14.3100855Z remote: Compressing objects:  25% (957/3826)        
2024-01-04T00:24:14.3101800Z remote: Compressing objects:  26% (995/3826)        
2024-01-04T00:24:14.3102522Z remote: Compressing objects:  27% (1034/3826)        
2024-01-04T00:24:14.3103148Z remote: Compressing objects:  28% (1072/3826)        
2024-01-04T00:24:14.3103950Z remote: Compressing objects:  29% (1110/3826)        
2024-01-04T00:24:14.3221553Z remote: Compressing objects:  30% (1148/3826)        
2024-01-04T00:24:14.3580685Z remote: Compressing objects:  31% (1187/3826)        
2024-01-04T00:24:14.4071941Z remote: Compressing objects:  32% (1225/3826)        
2024-01-04T00:24:14.4542754Z remote: Compressing objects:  33% (1263/3826)        
2024-01-04T00:24:14.5104993Z remote: Compressing objects:  34% (1301/3826)        
2024-01-04T00:24:14.5670522Z remote: Compressing objects:  35% (1340/3826)        
2024-01-04T00:24:14.6041411Z remote: Compressing objects:  36% (1378/3826)        
2024-01-04T00:24:14.6469982Z remote: Compressing objects:  37% (1416/3826)        
2024-01-04T00:24:14.6948677Z remote: Compressing objects:  38% (1454/3826)        
2024-01-04T00:24:14.7414829Z remote: Compressing objects:  39% (1493/3826)        
2024-01-04T00:24:14.7829895Z remote: Compressing objects:  40% (1531/3826)        
2024-01-04T00:24:14.8227994Z remote: Compressing objects:  41% (1569/3826)        
2024-01-04T00:24:14.8625042Z remote: Compressing objects:  42% (1607/3826)        
2024-01-04T00:24:14.8713522Z remote: Compressing objects:  43% (1646/3826)        
2024-01-04T00:24:14.9001934Z remote: Compressing objects:  44% (1684/3826)        
2024-01-04T00:24:15.0521858Z remote: Compressing objects:  45% (1722/3826)        
2024-01-04T00:24:15.0536191Z remote: Compressing objects:  46% (1760/3826)        
2024-01-04T00:24:15.0574793Z remote: Compressing objects:  47% (1799/3826)        
2024-01-04T00:24:15.0577397Z remote: Compressing objects:  48% (1837/3826)        
2024-01-04T00:24:15.0583152Z remote: Compressing objects:  49% (1875/3826)        
2024-01-04T00:24:15.0588729Z remote: Compressing objects:  50% (1913/3826)        
2024-01-04T00:24:15.0595844Z remote: Compressing objects:  51% (1952/3826)        
2024-01-04T00:24:15.0602035Z remote: Compressing objects:  52% (1990/3826)        
2024-01-04T00:24:15.0608017Z remote: Compressing objects:  53% (2028/3826)        
2024-01-04T00:24:15.0614889Z remote: Compressing objects:  54% (2067/3826)        
2024-01-04T00:24:15.0620295Z remote: Compressing objects:  55% (2105/3826)        
2024-01-04T00:24:15.0626607Z remote: Compressing objects:  56% (2143/3826)        
2024-01-04T00:24:15.0632718Z remote: Compressing objects:  57% (2181/3826)        
2024-01-04T00:24:15.0640915Z remote: Compressing objects:  58% (2220/3826)        
2024-01-04T00:24:15.0645563Z remote: Compressing objects:  59% (2258/3826)        
2024-01-04T00:24:15.0651778Z remote: Compressing objects:  60% (2296/3826)        
2024-01-04T00:24:15.0658652Z remote: Compressing objects:  61% (2334/3826)        
2024-01-04T00:24:15.0662027Z remote: Compressing objects:  62% (2373/3826)        
2024-01-04T00:24:15.0681705Z remote: Compressing objects:  63% (2411/3826)        
2024-01-04T00:24:15.0682850Z remote: Compressing objects:  64% (2449/3826)        
2024-01-04T00:24:15.0684081Z remote: Compressing objects:  65% (2487/3826)        
2024-01-04T00:24:15.0688879Z remote: Compressing objects:  66% (2526/3826)        
2024-01-04T00:24:15.0689766Z remote: Compressing objects:  67% (2564/3826)        
2024-01-04T00:24:15.0690370Z remote: Compressing objects:  68% (2602/3826)        
2024-01-04T00:24:15.0691201Z remote: Compressing objects:  69% (2640/3826)        
2024-01-04T00:24:15.0692567Z remote: Compressing objects:  70% (2679/3826)        
2024-01-04T00:24:15.0697988Z remote: Compressing objects:  71% (2717/3826)        
2024-01-04T00:24:15.0699090Z remote: Compressing objects:  72% (2755/3826)        
2024-01-04T00:24:15.0700004Z remote: Compressing objects:  73% (2793/3826)        
2024-01-04T00:24:15.0700868Z remote: Compressing objects:  74% (2832/3826)        
2024-01-04T00:24:15.0701668Z remote: Compressing objects:  75% (2870/3826)        
2024-01-04T00:24:15.0702479Z remote: Compressing objects:  76% (2908/3826)        
2024-01-04T00:24:15.0703760Z remote: Compressing objects:  77% (2947/3826)        
2024-01-04T00:24:15.0705704Z remote: Compressing objects:  78% (2985/3826)        
2024-01-04T00:24:15.0706559Z remote: Compressing objects:  79% (3023/3826)        
2024-01-04T00:24:15.0707842Z remote: Compressing objects:  80% (3061/3826)        
2024-01-04T00:24:15.0709423Z remote: Compressing objects:  81% (3100/3826)        
2024-01-04T00:24:15.0712208Z remote: Compressing objects:  82% (3138/3826)        
2024-01-04T00:24:15.0714709Z remote: Compressing objects:  83% (3176/3826)        
2024-01-04T00:24:15.0715787Z remote: Compressing objects:  84% (3214/3826)        
2024-01-04T00:24:15.0716288Z remote: Compressing objects:  85% (3253/3826)        
2024-01-04T00:24:15.0717308Z remote: Compressing objects:  86% (3291/3826)        
2024-01-04T00:24:15.0719598Z remote: Compressing objects:  87% (3329/3826)        
2024-01-04T00:24:15.0720613Z remote: Compressing objects:  88% (3367/3826)        
2024-01-04T00:24:15.0722443Z remote: Compressing objects:  89% (3406/3826)        
2024-01-04T00:24:15.0732065Z remote: Compressing objects:  90% (3444/3826)        
2024-01-04T00:24:15.0732949Z remote: Compressing objects:  91% (3482/3826)        
2024-01-04T00:24:15.0733803Z remote: Compressing objects:  92% (3520/3826)        
2024-01-04T00:24:15.0734694Z remote: Compressing objects:  93% (3559/3826)        
2024-01-04T00:24:15.0735431Z remote: Compressing objects:  94% (3597/3826)        
2024-01-04T00:24:15.0736014Z remote: Compressing objects:  95% (3635/3826)        
2024-01-04T00:24:15.0736763Z remote: Compressing objects:  96% (3673/3826)        
2024-01-04T00:24:15.0737683Z remote: Compressing objects:  97% (3712/3826)        
2024-01-04T00:24:15.0739131Z remote: Compressing objects:  98% (3750/3826)        
2024-01-04T00:24:15.0739980Z remote: Compressing objects:  99% (3788/3826)        
2024-01-04T00:24:15.0741147Z remote: Compressing objects: 100% (3826/3826)        
2024-01-04T00:24:15.0742032Z remote: Compressing objects: 100% (3826/3826), done.        
2024-01-04T00:24:15.1007781Z Receiving objects:   0% (1/9843)
2024-01-04T00:24:15.1110190Z Receiving objects:   1% (99/9843)
2024-01-04T00:24:15.1227366Z Receiving objects:   2% (197/9843)
2024-01-04T00:24:15.1345023Z Receiving objects:   3% (296/9843)
2024-01-04T00:24:15.1447911Z Receiving objects:   4% (394/9843)
2024-01-04T00:24:15.1502540Z Receiving objects:   5% (493/9843)
2024-01-04T00:24:15.1554883Z Receiving objects:   6% (591/9843)
2024-01-04T00:24:15.1610125Z Receiving objects:   7% (690/9843)
2024-01-04T00:24:15.1661977Z Receiving objects:   8% (788/9843)
2024-01-04T00:24:15.1710980Z Receiving objects:   9% (886/9843)
2024-01-04T00:24:15.1765126Z Receiving objects:  10% (985/9843)
2024-01-04T00:24:15.1828095Z Receiving objects:  11% (1083/9843)
2024-01-04T00:24:15.1830340Z Receiving objects:  12% (1182/9843)
2024-01-04T00:24:15.1833304Z Receiving objects:  13% (1280/9843)
2024-01-04T00:24:15.2070591Z Receiving objects:  14% (1379/9843)
2024-01-04T00:24:15.2241771Z Receiving objects:  15% (1477/9843)
2024-01-04T00:24:15.2402339Z Receiving objects:  16% (1575/9843)
2024-01-04T00:24:15.2549850Z Receiving objects:  17% (1674/9843)
2024-01-04T00:24:15.2651149Z Receiving objects:  18% (1772/9843)
2024-01-04T00:24:15.2765954Z Receiving objects:  19% (1871/9843)
2024-01-04T00:24:15.2875667Z Receiving objects:  20% (1969/9843)
2024-01-04T00:24:15.2961920Z Receiving objects:  21% (2068/9843)
2024-01-04T00:24:15.3039884Z Receiving objects:  22% (2166/9843)
2024-01-04T00:24:15.3129719Z Receiving objects:  23% (2264/9843)
2024-01-04T00:24:15.3219073Z Receiving objects:  24% (2363/9843)
2024-01-04T00:24:15.3306812Z Receiving objects:  25% (2461/9843)
2024-01-04T00:24:15.3410161Z Receiving objects:  26% (2560/9843)
2024-01-04T00:24:15.3489181Z Receiving objects:  27% (2658/9843)
2024-01-04T00:24:15.3578488Z Receiving objects:  28% (2757/9843)
2024-01-04T00:24:15.3653894Z Receiving objects:  29% (2855/9843)
2024-01-04T00:24:15.3707578Z Receiving objects:  30% (2953/9843)
2024-01-04T00:24:15.3846687Z Receiving objects:  31% (3052/9843)
2024-01-04T00:24:15.3951081Z Receiving objects:  32% (3150/9843)
2024-01-04T00:24:15.4049226Z Receiving objects:  33% (3249/9843)
2024-01-04T00:24:15.4085438Z Receiving objects:  34% (3347/9843)
2024-01-04T00:24:15.4130632Z Receiving objects:  35% (3446/9843)
2024-01-04T00:24:15.4168529Z Receiving objects:  36% (3544/9843)
2024-01-04T00:24:15.4210381Z Receiving objects:  37% (3642/9843)
2024-01-04T00:24:15.4249872Z Receiving objects:  38% (3741/9843)
2024-01-04T00:24:15.4287291Z Receiving objects:  39% (3839/9843)
2024-01-04T00:24:15.4401827Z Receiving objects:  40% (3938/9843)
2024-01-04T00:24:15.4560713Z Receiving objects:  41% (4036/9843)
2024-01-04T00:24:15.4674816Z Receiving objects:  42% (4135/9843)
2024-01-04T00:24:15.4809927Z Receiving objects:  43% (4233/9843)
2024-01-04T00:24:15.4928864Z Receiving objects:  44% (4331/9843)
2024-01-04T00:24:15.5010150Z Receiving objects:  45% (4430/9843)
2024-01-04T00:24:15.5148795Z Receiving objects:  46% (4528/9843)
2024-01-04T00:24:15.5281844Z Receiving objects:  47% (4627/9843)
2024-01-04T00:24:15.5417824Z Receiving objects:  48% (4725/9843)
2024-01-04T00:24:15.5513990Z Receiving objects:  49% (4824/9843)
2024-01-04T00:24:15.5598697Z Receiving objects:  50% (4922/9843)
2024-01-04T00:24:15.5732340Z Receiving objects:  51% (5020/9843)
2024-01-04T00:24:15.5848795Z Receiving objects:  52% (5119/9843)
2024-01-04T00:24:15.5943518Z Receiving objects:  53% (5217/9843), 20.40 MiB | 40.79 MiB/s
2024-01-04T00:24:15.6110352Z Receiving objects:  54% (5316/9843), 20.40 MiB | 40.79 MiB/s
2024-01-04T00:24:15.6235311Z Receiving objects:  55% (5414/9843), 20.40 MiB | 40.79 MiB/s
2024-01-04T00:24:15.6344655Z Receiving objects:  56% (5513/9843), 20.40 MiB | 40.79 MiB/s
2024-01-04T00:24:15.6444389Z Receiving objects:  57% (5611/9843), 20.40 MiB | 40.79 MiB/s
2024-01-04T00:24:15.6583554Z Receiving objects:  58% (5709/9843), 20.40 MiB | 40.79 MiB/s
2024-01-04T00:24:15.6712792Z Receiving objects:  59% (5808/9843), 20.40 MiB | 40.79 MiB/s
2024-01-04T00:24:15.6864473Z Receiving objects:  60% (5906/9843), 20.40 MiB | 40.79 MiB/s
2024-01-04T00:24:15.6979476Z Receiving objects:  61% (6005/9843), 20.40 MiB | 40.79 MiB/s
2024-01-04T00:24:15.7067132Z Receiving objects:  62% (6103/9843), 20.40 MiB | 40.79 MiB/s
2024-01-04T00:24:15.7168875Z Receiving objects:  63% (6202/9843), 20.40 MiB | 40.79 MiB/s
2024-01-04T00:24:15.7266660Z Receiving objects:  64% (6300/9843), 20.40 MiB | 40.79 MiB/s
2024-01-04T00:24:15.7412621Z Receiving objects:  65% (6398/9843), 20.40 MiB | 40.79 MiB/s
2024-01-04T00:24:15.7544879Z Receiving objects:  66% (6497/9843), 20.40 MiB | 40.79 MiB/s
2024-01-04T00:24:15.7652922Z Receiving objects:  67% (6595/9843), 20.40 MiB | 40.79 MiB/s
2024-01-04T00:24:15.7805990Z Receiving objects:  68% (6694/9843), 20.40 MiB | 40.79 MiB/s
2024-01-04T00:24:15.7926110Z Receiving objects:  69% (6792/9843), 20.40 MiB | 40.79 MiB/s
2024-01-04T00:24:15.8019972Z Receiving objects:  70% (6891/9843), 20.40 MiB | 40.79 MiB/s
2024-01-04T00:24:15.8106926Z Receiving objects:  71% (6989/9843), 20.40 MiB | 40.79 MiB/s
2024-01-04T00:24:15.8215014Z Receiving objects:  72% (7087/9843), 20.40 MiB | 40.79 MiB/s
2024-01-04T00:24:15.8331449Z Receiving objects:  73% (7186/9843), 20.40 MiB | 40.79 MiB/s
2024-01-04T00:24:15.8418994Z Receiving objects:  74% (7284/9843), 20.40 MiB | 40.79 MiB/s
2024-01-04T00:24:15.8528300Z Receiving objects:  75% (7383/9843), 20.40 MiB | 40.79 MiB/s
2024-01-04T00:24:15.8624716Z Receiving objects:  76% (7481/9843), 20.40 MiB | 40.79 MiB/s
2024-01-04T00:24:15.8753908Z Receiving objects:  77% (7580/9843), 20.40 MiB | 40.79 MiB/s
2024-01-04T00:24:15.8966899Z Receiving objects:  78% (7678/9843), 20.40 MiB | 40.79 MiB/s
2024-01-04T00:24:15.9033571Z Receiving objects:  79% (7776/9843), 20.40 MiB | 40.79 MiB/s
2024-01-04T00:24:15.9125602Z Receiving objects:  80% (7875/9843), 20.40 MiB | 40.79 MiB/s
2024-01-04T00:24:15.9218324Z Receiving objects:  81% (7973/9843), 20.40 MiB | 40.79 MiB/s
2024-01-04T00:24:15.9298840Z Receiving objects:  82% (8072/9843), 20.40 MiB | 40.79 MiB/s
2024-01-04T00:24:15.9396374Z Receiving objects:  83% (8170/9843), 20.40 MiB | 40.79 MiB/s
2024-01-04T00:24:15.9485249Z Receiving objects:  84% (8269/9843), 20.40 MiB | 40.79 MiB/s
2024-01-04T00:24:15.9568323Z Receiving objects:  85% (8367/9843), 20.40 MiB | 40.79 MiB/s
2024-01-04T00:24:15.9658426Z Receiving objects:  86% (8465/9843), 20.40 MiB | 40.79 MiB/s
2024-01-04T00:24:15.9747392Z Receiving objects:  87% (8564/9843), 20.40 MiB | 40.79 MiB/s
2024-01-04T00:24:15.9843471Z Receiving objects:  88% (8662/9843), 20.40 MiB | 40.79 MiB/s
2024-01-04T00:24:15.9913802Z Receiving objects:  89% (8761/9843), 20.40 MiB | 40.79 MiB/s
2024-01-04T00:24:15.9933484Z Receiving objects:  90% (8859/9843), 20.40 MiB | 40.79 MiB/s
2024-01-04T00:24:15.9946465Z Receiving objects:  91% (8958/9843), 20.40 MiB | 40.79 MiB/s
2024-01-04T00:24:15.9950037Z Receiving objects:  92% (9056/9843), 20.40 MiB | 40.79 MiB/s
2024-01-04T00:24:15.9955860Z Receiving objects:  93% (9154/9843), 20.40 MiB | 40.79 MiB/s
2024-01-04T00:24:15.9965402Z Receiving objects:  94% (9253/9843), 20.40 MiB | 40.79 MiB/s
2024-01-04T00:24:16.0050842Z Receiving objects:  95% (9351/9843), 20.40 MiB | 40.79 MiB/s
2024-01-04T00:24:16.0219506Z Receiving objects:  96% (9450/9843), 20.40 MiB | 40.79 MiB/s
2024-01-04T00:24:16.0558496Z Receiving objects:  97% (9548/9843), 20.40 MiB | 40.79 MiB/s
2024-01-04T00:24:16.0598569Z Receiving objects:  98% (9647/9843), 20.40 MiB | 40.79 MiB/s
2024-01-04T00:24:16.0778585Z Receiving objects:  99% (9745/9843), 20.40 MiB | 40.79 MiB/s
2024-01-04T00:24:16.0786806Z Receiving objects:  99% (9823/9843), 48.13 MiB | 48.13 MiB/s
2024-01-04T00:24:16.0788991Z remote: Total 9843 (delta 5726), reused 9422 (delta 5611), pack-reused 0        
2024-01-04T00:24:16.0797330Z Receiving objects: 100% (9843/9843), 48.13 MiB | 48.13 MiB/s
2024-01-04T00:24:16.0798731Z Receiving objects: 100% (9843/9843), 48.24 MiB | 48.14 MiB/s, done.
2024-01-04T00:24:16.0852943Z Resolving deltas:   0% (0/5726)
2024-01-04T00:24:16.0950373Z Resolving deltas:   1% (58/5726)
2024-01-04T00:24:16.1045906Z Resolving deltas:   2% (115/5726)
2024-01-04T00:24:16.1122085Z Resolving deltas:   3% (172/5726)
2024-01-04T00:24:16.1197587Z Resolving deltas:   4% (230/5726)
2024-01-04T00:24:16.1219508Z Resolving deltas:   5% (287/5726)
2024-01-04T00:24:16.1272945Z Resolving deltas:   6% (344/5726)
2024-01-04T00:24:16.1293109Z Resolving deltas:   7% (401/5726)
2024-01-04T00:24:16.1297882Z Resolving deltas:   8% (459/5726)
2024-01-04T00:24:16.1303380Z Resolving deltas:   9% (516/5726)
2024-01-04T00:24:16.1309032Z Resolving deltas:  10% (573/5726)
2024-01-04T00:24:16.1317545Z Resolving deltas:  11% (630/5726)
2024-01-04T00:24:16.1321288Z Resolving deltas:  12% (689/5726)
2024-01-04T00:24:16.1331755Z Resolving deltas:  13% (745/5726)
2024-01-04T00:24:16.1435670Z Resolving deltas:  14% (802/5726)
2024-01-04T00:24:16.1608101Z Resolving deltas:  15% (859/5726)
2024-01-04T00:24:16.1673710Z Resolving deltas:  16% (917/5726)
2024-01-04T00:24:16.1844020Z Resolving deltas:  17% (974/5726)
2024-01-04T00:24:16.2014951Z Resolving deltas:  18% (1031/5726)
2024-01-04T00:24:16.2134587Z Resolving deltas:  19% (1088/5726)
2024-01-04T00:24:16.2374645Z Resolving deltas:  20% (1146/5726)
2024-01-04T00:24:16.2460171Z Resolving deltas:  21% (1203/5726)
2024-01-04T00:24:16.2578747Z Resolving deltas:  22% (1260/5726)
2024-01-04T00:24:16.2597559Z Resolving deltas:  23% (1317/5726)
2024-01-04T00:24:16.2599762Z Resolving deltas:  24% (1375/5726)
2024-01-04T00:24:16.2604840Z Resolving deltas:  25% (1432/5726)
2024-01-04T00:24:16.2611545Z Resolving deltas:  26% (1489/5726)
2024-01-04T00:24:16.2617669Z Resolving deltas:  27% (1547/5726)
2024-01-04T00:24:16.2626697Z Resolving deltas:  28% (1604/5726)
2024-01-04T00:24:16.2634168Z Resolving deltas:  29% (1661/5726)
2024-01-04T00:24:16.2643047Z Resolving deltas:  30% (1718/5726)
2024-01-04T00:24:16.2666524Z Resolving deltas:  31% (1776/5726)
2024-01-04T00:24:16.2681539Z Resolving deltas:  32% (1833/5726)
2024-01-04T00:24:16.2687839Z Resolving deltas:  33% (1890/5726)
2024-01-04T00:24:16.2689829Z Resolving deltas:  34% (1947/5726)
2024-01-04T00:24:16.2692665Z Resolving deltas:  35% (2006/5726)
2024-01-04T00:24:16.2695539Z Resolving deltas:  36% (2062/5726)
2024-01-04T00:24:16.2728375Z Resolving deltas:  37% (2119/5726)
2024-01-04T00:24:16.2738408Z Resolving deltas:  38% (2176/5726)
2024-01-04T00:24:16.2769600Z Resolving deltas:  39% (2234/5726)
2024-01-04T00:24:16.2798851Z Resolving deltas:  40% (2291/5726)
2024-01-04T00:24:16.2830357Z Resolving deltas:  41% (2348/5726)
2024-01-04T00:24:16.2839800Z Resolving deltas:  42% (2407/5726)
2024-01-04T00:24:16.2844978Z Resolving deltas:  43% (2463/5726)
2024-01-04T00:24:16.2929896Z Resolving deltas:  44% (2520/5726)
2024-01-04T00:24:16.3040856Z Resolving deltas:  45% (2577/5726)
2024-01-04T00:24:16.3184903Z Resolving deltas:  46% (2634/5726)
2024-01-04T00:24:16.3352814Z Resolving deltas:  47% (2692/5726)
2024-01-04T00:24:16.3473494Z Resolving deltas:  48% (2749/5726)
2024-01-04T00:24:16.3638379Z Resolving deltas:  49% (2806/5726)
2024-01-04T00:24:16.3766162Z Resolving deltas:  50% (2863/5726)
2024-01-04T00:24:16.4006684Z Resolving deltas:  51% (2921/5726)
2024-01-04T00:24:16.4158739Z Resolving deltas:  52% (2978/5726)
2024-01-04T00:24:16.4399713Z Resolving deltas:  53% (3035/5726)
2024-01-04T00:24:16.4630380Z Resolving deltas:  54% (3093/5726)
2024-01-04T00:24:16.4753442Z Resolving deltas:  55% (3150/5726)
2024-01-04T00:24:16.4765267Z Resolving deltas:  56% (3207/5726)
2024-01-04T00:24:16.4775440Z Resolving deltas:  57% (3264/5726)
2024-01-04T00:24:16.4861255Z Resolving deltas:  58% (3322/5726)
2024-01-04T00:24:16.5041002Z Resolving deltas:  59% (3379/5726)
2024-01-04T00:24:16.5196148Z Resolving deltas:  60% (3436/5726)
2024-01-04T00:24:16.5262139Z Resolving deltas:  61% (3493/5726)
2024-01-04T00:24:16.5346096Z Resolving deltas:  62% (3551/5726)
2024-01-04T00:24:16.5365851Z Resolving deltas:  63% (3608/5726)
2024-01-04T00:24:16.5375805Z Resolving deltas:  64% (3665/5726)
2024-01-04T00:24:16.5382248Z Resolving deltas:  65% (3722/5726)
2024-01-04T00:24:16.5385649Z Resolving deltas:  66% (3780/5726)
2024-01-04T00:24:16.5391566Z Resolving deltas:  67% (3837/5726)
2024-01-04T00:24:16.5396672Z Resolving deltas:  68% (3894/5726)
2024-01-04T00:24:16.5399951Z Resolving deltas:  69% (3951/5726)
2024-01-04T00:24:16.5406662Z Resolving deltas:  70% (4010/5726)
2024-01-04T00:24:16.5414132Z Resolving deltas:  71% (4066/5726)
2024-01-04T00:24:16.5421829Z Resolving deltas:  72% (4123/5726)
2024-01-04T00:24:16.5439148Z Resolving deltas:  73% (4180/5726)
2024-01-04T00:24:16.5455980Z Resolving deltas:  74% (4238/5726)
2024-01-04T00:24:16.5466593Z Resolving deltas:  75% (4295/5726)
2024-01-04T00:24:16.5473060Z Resolving deltas:  76% (4352/5726)
2024-01-04T00:24:16.5478083Z Resolving deltas:  77% (4410/5726)
2024-01-04T00:24:16.5489276Z Resolving deltas:  78% (4468/5726)
2024-01-04T00:24:16.5623014Z Resolving deltas:  79% (4524/5726)
2024-01-04T00:24:16.5760665Z Resolving deltas:  80% (4581/5726)
2024-01-04T00:24:16.5866055Z Resolving deltas:  81% (4639/5726)
2024-01-04T00:24:16.5990241Z Resolving deltas:  82% (4696/5726)
2024-01-04T00:24:16.6108125Z Resolving deltas:  83% (4753/5726)
2024-01-04T00:24:16.6186466Z Resolving deltas:  84% (4810/5726)
2024-01-04T00:24:16.6210172Z Resolving deltas:  85% (4868/5726)
2024-01-04T00:24:16.6237399Z Resolving deltas:  86% (4925/5726)
2024-01-04T00:24:16.6271782Z Resolving deltas:  87% (4982/5726)
2024-01-04T00:24:16.6311714Z Resolving deltas:  88% (5039/5726)
2024-01-04T00:24:16.6352986Z Resolving deltas:  89% (5097/5726)
2024-01-04T00:24:16.6393219Z Resolving deltas:  90% (5154/5726)
2024-01-04T00:24:16.6463758Z Resolving deltas:  91% (5211/5726)
2024-01-04T00:24:16.6550847Z Resolving deltas:  92% (5268/5726)
2024-01-04T00:24:16.6611150Z Resolving deltas:  93% (5326/5726)
2024-01-04T00:24:16.6652291Z Resolving deltas:  94% (5383/5726)
2024-01-04T00:24:16.6694876Z Resolving deltas:  95% (5440/5726)
2024-01-04T00:24:16.6743297Z Resolving deltas:  96% (5497/5726)
2024-01-04T00:24:16.6781249Z Resolving deltas:  97% (5555/5726)
2024-01-04T00:24:16.6843394Z Resolving deltas:  98% (5612/5726)
2024-01-04T00:24:16.6889229Z Resolving deltas:  99% (5669/5726)
2024-01-04T00:24:16.6890362Z Resolving deltas: 100% (5726/5726)
2024-01-04T00:24:16.6891042Z Resolving deltas: 100% (5726/5726), done.
2024-01-04T00:24:16.7534024Z From https://github.com/seanpm2001/GitHub_Stats_A
2024-01-04T00:24:16.7535318Z  * [new ref]         e6b6eb8d297e708f9bd2c2ff7cd3f347c21e2e3b -> origin/master
2024-01-04T00:24:16.7559984Z ##[endgroup]
2024-01-04T00:24:16.7560996Z ##[group]Determining the checkout info
2024-01-04T00:24:16.7562883Z ##[endgroup]
2024-01-04T00:24:16.7564568Z ##[group]Checking out the ref
2024-01-04T00:24:16.7568706Z [command]/usr/bin/git checkout --progress --force -B master refs/remotes/origin/master
2024-01-04T00:24:17.7753157Z Updating files:  65% (6727/10240)
2024-01-04T00:24:17.7923646Z Updating files:  66% (6759/10240)
2024-01-04T00:24:17.8105219Z Updating files:  67% (6861/10240)
2024-01-04T00:24:17.8292281Z Updating files:  68% (6964/10240)
2024-01-04T00:24:17.8440889Z Updating files:  69% (7066/10240)
2024-01-04T00:24:17.8604280Z Updating files:  70% (7168/10240)
2024-01-04T00:24:17.8735653Z Updating files:  71% (7271/10240)
2024-01-04T00:24:17.8887208Z Updating files:  72% (7373/10240)
2024-01-04T00:24:17.9018801Z Updating files:  73% (7476/10240)
2024-01-04T00:24:17.9168977Z Updating files:  74% (7578/10240)
2024-01-04T00:24:17.9325240Z Updating files:  75% (7680/10240)
2024-01-04T00:24:17.9467049Z Updating files:  76% (7783/10240)
2024-01-04T00:24:17.9570811Z Updating files:  77% (7885/10240)
2024-01-04T00:24:17.9678480Z Updating files:  78% (7988/10240)
2024-01-04T00:24:17.9863488Z Updating files:  79% (8090/10240)
2024-01-04T00:24:17.9903692Z Updating files:  80% (8192/10240)
2024-01-04T00:24:18.0085680Z Updating files:  81% (8295/10240)
2024-01-04T00:24:18.0262115Z Updating files:  82% (8397/10240)
2024-01-04T00:24:18.0314928Z Updating files:  83% (8500/10240)
2024-01-04T00:24:18.0354960Z Updating files:  84% (8602/10240)
2024-01-04T00:24:18.0442663Z Updating files:  85% (8704/10240)
2024-01-04T00:24:18.0531655Z Updating files:  86% (8807/10240)
2024-01-04T00:24:18.0648450Z Updating files:  87% (8909/10240)
2024-01-04T00:24:18.0752469Z Updating files:  88% (9012/10240)
2024-01-04T00:24:18.0901356Z Updating files:  89% (9114/10240)
2024-01-04T00:24:18.1055954Z Updating files:  90% (9216/10240)
2024-01-04T00:24:18.1210934Z Updating files:  91% (9319/10240)
2024-01-04T00:24:18.1412111Z Updating files:  92% (9421/10240)
2024-01-04T00:24:18.1621012Z Updating files:  93% (9524/10240)
2024-01-04T00:24:18.1799925Z Updating files:  94% (9626/10240)
2024-01-04T00:24:18.1919432Z Updating files:  95% (9728/10240)
2024-01-04T00:24:18.2022384Z Updating files:  96% (9831/10240)
2024-01-04T00:24:18.2170832Z Updating files:  97% (9933/10240)
2024-01-04T00:24:18.2314481Z Updating files:  98% (10036/10240)
2024-01-04T00:24:18.2458589Z Updating files:  99% (10138/10240)
2024-01-04T00:24:18.2460001Z Updating files: 100% (10240/10240)
2024-01-04T00:24:18.2461418Z Updating files: 100% (10240/10240), done.
2024-01-04T00:24:18.2588085Z Reset branch 'master'
2024-01-04T00:24:18.2589394Z branch 'master' set up to track 'origin/master'.
2024-01-04T00:24:18.2693496Z ##[endgroup]
2024-01-04T00:24:18.2739062Z [command]/usr/bin/git log -1 --format='%H'
2024-01-04T00:24:18.2772833Z 'e6b6eb8d297e708f9bd2c2ff7cd3f347c21e2e3b'
2024-01-04T00:24:18.3162508Z ##[group]Run actions/setup-python@v4
2024-01-04T00:24:18.3162976Z with:
2024-01-04T00:24:18.3163400Z   python-version: 3.8
2024-01-04T00:24:18.3163985Z   architecture: x64
2024-01-04T00:24:18.3164489Z   cache: pip
2024-01-04T00:24:18.3164923Z   check-latest: false
2024-01-04T00:24:18.3165468Z   token: ***
2024-01-04T00:24:18.3165906Z   update-environment: true
2024-01-04T00:24:18.3166265Z   allow-prereleases: false
2024-01-04T00:24:18.3166647Z ##[endgroup]
2024-01-04T00:24:18.4508620Z ##[group]Installed versions
2024-01-04T00:24:18.4585650Z Successfully set up CPython (3.8.18)
2024-01-04T00:24:18.4587171Z ##[endgroup]
2024-01-04T00:24:19.4295877Z [command]/opt/hostedtoolcache/Python/3.8.18/x64/bin/pip cache dir
2024-01-04T00:24:24.2034554Z /home/runner/.cache/pip
2024-01-04T00:24:24.5947676Z Received 6245959 of 6245959 (100.0%), 37.9 MBs/sec
2024-01-04T00:24:24.5948704Z Cache Size: ~6 MB (6245959 B)
2024-01-04T00:24:24.5979975Z [command]/usr/bin/tar -xf /home/runner/work/_temp/50779047-c5e1-4b39-b35d-4d06126fb00e/cache.tzst -P -C /home/runner/work/GitHub_Stats_A/GitHub_Stats_A --use-compress-program unzstd
2024-01-04T00:24:24.6399712Z Cache restored successfully
2024-01-04T00:24:24.6421469Z Cache restored from key: setup-python-Linux-22.04-Ubuntu-python-3.8.18-pip-60f2a6c0212a9b74a155cd81b58dd07fd8b180833132566260d95f4de42fe218
2024-01-04T00:24:24.6645559Z ##[group]Run python3 -m pip install --upgrade pip setuptools wheel
2024-01-04T00:24:24.6646750Z [36;1mpython3 -m pip install --upgrade pip setuptools wheel[0m
2024-01-04T00:24:24.6647856Z [36;1mpython3 -m pip install -r requirements.txt[0m
2024-01-04T00:24:24.6719221Z shell: /usr/bin/bash -e {0}
2024-01-04T00:24:24.6719637Z env:
2024-01-04T00:24:24.6720178Z   pythonLocation: /opt/hostedtoolcache/Python/3.8.18/x64
2024-01-04T00:24:24.6720860Z   PKG_CONFIG_PATH: /opt/hostedtoolcache/Python/3.8.18/x64/lib/pkgconfig
2024-01-04T00:24:24.6721455Z   Python_ROOT_DIR: /opt/hostedtoolcache/Python/3.8.18/x64
2024-01-04T00:24:24.6722119Z   Python2_ROOT_DIR: /opt/hostedtoolcache/Python/3.8.18/x64
2024-01-04T00:24:24.6722688Z   Python3_ROOT_DIR: /opt/hostedtoolcache/Python/3.8.18/x64
2024-01-04T00:24:24.6723263Z   LD_LIBRARY_PATH: /opt/hostedtoolcache/Python/3.8.18/x64/lib
2024-01-04T00:24:24.6724085Z ##[endgroup]
2024-01-04T00:24:26.1893387Z Requirement already satisfied: pip in /opt/hostedtoolcache/Python/3.8.18/x64/lib/python3.8/site-packages (23.0.1)
2024-01-04T00:24:26.3904850Z Collecting pip
2024-01-04T00:24:26.4516561Z   Downloading pip-23.3.2-py3-none-any.whl.metadata (3.5 kB)
2024-01-04T00:24:26.4547455Z Requirement already satisfied: setuptools in /opt/hostedtoolcache/Python/3.8.18/x64/lib/python3.8/site-packages (56.0.0)
2024-01-04T00:24:26.6764912Z Collecting setuptools
2024-01-04T00:24:26.6876664Z   Downloading setuptools-69.0.3-py3-none-any.whl.metadata (6.3 kB)
2024-01-04T00:24:26.7276345Z Collecting wheel
2024-01-04T00:24:26.7355481Z   Downloading wheel-0.42.0-py3-none-any.whl.metadata (2.2 kB)
2024-01-04T00:24:26.7866928Z Downloading pip-23.3.2-py3-none-any.whl (2.1 MB)
2024-01-04T00:24:26.9179774Z    ━━━━━━━━━━━━━━━━━━━━━━━━━━━━━━━━━━━━━━━━ 2.1/2.1 MB 16.6 MB/s eta 0:00:00
2024-01-04T00:24:26.9269016Z Downloading setuptools-69.0.3-py3-none-any.whl (819 kB)
2024-01-04T00:24:26.9574321Z    ━━━━━━━━━━━━━━━━━━━━━━━━━━━━━━━━━━━━━━━━ 819.5/819.5 kB 28.8 MB/s eta 0:00:00
2024-01-04T00:24:26.9651989Z Downloading wheel-0.42.0-py3-none-any.whl (65 kB)
2024-01-04T00:24:26.9697582Z    ━━━━━━━━━━━━━━━━━━━━━━━━━━━━━━━━━━━━━━━━ 65.4/65.4 kB 22.1 MB/s eta 0:00:00
2024-01-04T00:24:27.0693325Z Installing collected packages: wheel, setuptools, pip
2024-01-04T00:24:27.1069617Z   Attempting uninstall: setuptools
2024-01-04T00:24:27.1076177Z     Found existing installation: setuptools 56.0.0
2024-01-04T00:24:27.1423687Z     Uninstalling setuptools-56.0.0:
2024-01-04T00:24:27.1520286Z       Successfully uninstalled setuptools-56.0.0
2024-01-04T00:24:27.5288454Z   Attempting uninstall: pip
2024-01-04T00:24:27.5295673Z     Found existing installation: pip 23.0.1
2024-01-04T00:24:27.6010269Z     Uninstalling pip-23.0.1:
2024-01-04T00:24:27.6641948Z       Successfully uninstalled pip-23.0.1
2024-01-04T00:24:28.6215667Z Successfully installed pip-23.3.2 setuptools-69.0.3 wheel-0.42.0
2024-01-04T00:24:30.2532717Z Collecting requests (from -r requirements.txt (line 1))
2024-01-04T00:24:30.3121533Z   Downloading requests-2.31.0-py3-none-any.whl.metadata (4.6 kB)
2024-01-04T00:24:30.5852364Z Collecting aiohttp (from -r requirements.txt (line 2))
2024-01-04T00:24:30.5932369Z   Downloading aiohttp-3.9.1-cp38-cp38-manylinux_2_17_x86_64.manylinux2014_x86_64.whl.metadata (7.4 kB)
2024-01-04T00:24:30.6928737Z Collecting charset-normalizer<4,>=2 (from requests->-r requirements.txt (line 1))
2024-01-04T00:24:30.7010185Z   Downloading charset_normalizer-3.3.2-cp38-cp38-manylinux_2_17_x86_64.manylinux2014_x86_64.whl.metadata (33 kB)
2024-01-04T00:24:30.7324535Z Collecting idna<4,>=2.5 (from requests->-r requirements.txt (line 1))
2024-01-04T00:24:30.7401459Z   Downloading idna-3.6-py3-none-any.whl.metadata (9.9 kB)
2024-01-04T00:24:30.7940764Z Collecting urllib3<3,>=1.21.1 (from requests->-r requirements.txt (line 1))
2024-01-04T00:24:30.8016286Z   Downloading urllib3-2.1.0-py3-none-any.whl.metadata (6.4 kB)
2024-01-04T00:24:30.8317034Z Collecting certifi>=2017.4.17 (from requests->-r requirements.txt (line 1))
2024-01-04T00:24:30.8394606Z   Downloading certifi-2023.11.17-py3-none-any.whl.metadata (2.2 kB)
2024-01-04T00:24:30.8765012Z Collecting attrs>=17.3.0 (from aiohttp->-r requirements.txt (line 2))
2024-01-04T00:24:30.8842279Z   Downloading attrs-23.2.0-py3-none-any.whl.metadata (9.5 kB)
2024-01-04T00:24:31.0815800Z Collecting multidict<7.0,>=4.5 (from aiohttp->-r requirements.txt (line 2))
2024-01-04T00:24:31.0897435Z   Downloading multidict-6.0.4-cp38-cp38-manylinux_2_17_x86_64.manylinux2014_x86_64.whl (121 kB)
2024-01-04T00:24:31.0997712Z      ━━━━━━━━━━━━━━━━━━━━━━━━━━━━━━━━━━━━━━ 121.3/121.3 kB 15.8 MB/s eta 0:00:00
2024-01-04T00:24:31.2534133Z Collecting yarl<2.0,>=1.0 (from aiohttp->-r requirements.txt (line 2))
2024-01-04T00:24:31.2624608Z   Downloading yarl-1.9.4-cp38-cp38-manylinux_2_17_x86_64.manylinux2014_x86_64.whl.metadata (31 kB)
2024-01-04T00:24:31.3477444Z Collecting frozenlist>=1.1.1 (from aiohttp->-r requirements.txt (line 2))
2024-01-04T00:24:31.3560465Z   Downloading frozenlist-1.4.1-cp38-cp38-manylinux_2_5_x86_64.manylinux1_x86_64.manylinux_2_17_x86_64.manylinux2014_x86_64.whl.metadata (12 kB)
2024-01-04T00:24:31.3762812Z Collecting aiosignal>=1.1.2 (from aiohttp->-r requirements.txt (line 2))
2024-01-04T00:24:31.3840855Z   Downloading aiosignal-1.3.1-py3-none-any.whl (7.6 kB)
2024-01-04T00:24:31.4077640Z Collecting async-timeout<5.0,>=4.0 (from aiohttp->-r requirements.txt (line 2))
2024-01-04T00:24:31.4157138Z   Downloading async_timeout-4.0.3-py3-none-any.whl.metadata (4.2 kB)
2024-01-04T00:24:31.4824254Z Downloading requests-2.31.0-py3-none-any.whl (62 kB)
2024-01-04T00:24:31.4870876Z    ━━━━━━━━━━━━━━━━━━━━━━━━━━━━━━━━━━━━━━━━ 62.6/62.6 kB 20.7 MB/s eta 0:00:00
2024-01-04T00:24:31.4988325Z Downloading aiohttp-3.9.1-cp38-cp38-manylinux_2_17_x86_64.manylinux2014_x86_64.whl (1.3 MB)
2024-01-04T00:24:31.5199395Z    ━━━━━━━━━━━━━━━━━━━━━━━━━━━━━━━━━━━━━━━━ 1.3/1.3 MB 66.1 MB/s eta 0:00:00
2024-01-04T00:24:31.5276016Z Downloading async_timeout-4.0.3-py3-none-any.whl (5.7 kB)
2024-01-04T00:24:31.5370426Z Downloading attrs-23.2.0-py3-none-any.whl (60 kB)
2024-01-04T00:24:31.5413464Z    ━━━━━━━━━━━━━━━━━━━━━━━━━━━━━━━━━━━━━━━━ 60.8/60.8 kB 21.6 MB/s eta 0:00:00
2024-01-04T00:24:31.5488883Z Downloading certifi-2023.11.17-py3-none-any.whl (162 kB)
2024-01-04T00:24:31.5541470Z    ━━━━━━━━━━━━━━━━━━━━━━━━━━━━━━━━━━━━━━━━ 162.5/162.5 kB 46.3 MB/s eta 0:00:00
2024-01-04T00:24:31.5770763Z Downloading charset_normalizer-3.3.2-cp38-cp38-manylinux_2_17_x86_64.manylinux2014_x86_64.whl (141 kB)
2024-01-04T00:24:31.5820869Z    ━━━━━━━━━━━━━━━━━━━━━━━━━━━━━━━━━━━━━━━━ 141.1/141.1 kB 43.1 MB/s eta 0:00:00
2024-01-04T00:24:31.5985658Z Downloading frozenlist-1.4.1-cp38-cp38-manylinux_2_5_x86_64.manylinux1_x86_64.manylinux_2_17_x86_64.manylinux2014_x86_64.whl (240 kB)
2024-01-04T00:24:31.6043727Z    ━━━━━━━━━━━━━━━━━━━━━━━━━━━━━━━━━━━━━━━━ 240.9/240.9 kB 59.4 MB/s eta 0:00:00
2024-01-04T00:24:31.6124215Z Downloading idna-3.6-py3-none-any.whl (61 kB)
2024-01-04T00:24:31.6170592Z    ━━━━━━━━━━━━━━━━━━━━━━━━━━━━━━━━━━━━━━━━ 61.6/61.6 kB 20.6 MB/s eta 0:00:00
2024-01-04T00:24:31.6250942Z Downloading urllib3-2.1.0-py3-none-any.whl (104 kB)
2024-01-04T00:24:31.6299266Z    ━━━━━━━━━━━━━━━━━━━━━━━━━━━━━━━━━━━━━━━━ 104.6/104.6 kB 32.7 MB/s eta 0:00:00
2024-01-04T00:24:31.6428011Z Downloading yarl-1.9.4-cp38-cp38-manylinux_2_17_x86_64.manylinux2014_x86_64.whl (308 kB)
2024-01-04T00:24:31.6492380Z    ━━━━━━━━━━━━━━━━━━━━━━━━━━━━━━━━━━━━━━━━ 308.8/308.8 kB 66.7 MB/s eta 0:00:00
2024-01-04T00:24:31.7462397Z Installing collected packages: urllib3, multidict, idna, frozenlist, charset-normalizer, certifi, attrs, async-timeout, yarl, requests, aiosignal, aiohttp
2024-01-04T00:24:32.1269139Z Successfully installed aiohttp-3.9.1 aiosignal-1.3.1 async-timeout-4.0.3 attrs-23.2.0 certifi-2023.11.17 charset-normalizer-3.3.2 frozenlist-1.4.1 idna-3.6 multidict-6.0.4 requests-2.31.0 urllib3-2.1.0 yarl-1.9.4
2024-01-04T00:24:32.7307126Z ##[group]Run python3 --version
2024-01-04T00:24:32.7307603Z [36;1mpython3 --version[0m
2024-01-04T00:24:32.7308129Z [36;1mpython3 generate_images.py[0m
2024-01-04T00:24:32.7359445Z shell: /usr/bin/bash -e {0}
2024-01-04T00:24:32.7359893Z env:
2024-01-04T00:24:32.7360324Z   pythonLocation: /opt/hostedtoolcache/Python/3.8.18/x64
2024-01-04T00:24:32.7361057Z   PKG_CONFIG_PATH: /opt/hostedtoolcache/Python/3.8.18/x64/lib/pkgconfig
2024-01-04T00:24:32.7361662Z   Python_ROOT_DIR: /opt/hostedtoolcache/Python/3.8.18/x64
2024-01-04T00:24:32.7362269Z   Python2_ROOT_DIR: /opt/hostedtoolcache/Python/3.8.18/x64
2024-01-04T00:24:32.7362898Z   Python3_ROOT_DIR: /opt/hostedtoolcache/Python/3.8.18/x64
2024-01-04T00:24:32.7363489Z   LD_LIBRARY_PATH: /opt/hostedtoolcache/Python/3.8.18/x64/lib
2024-01-04T00:24:32.7364584Z   ACCESS_TOKEN: ***
2024-01-04T00:24:32.7365086Z   GITHUB_TOKEN: ***
2024-01-04T00:24:32.7365439Z   EXCLUDED: 
2024-01-04T00:24:32.7365838Z   EXCLUDED_LANGS: 
2024-01-04T00:24:32.7366262Z   EXCLUDE_FORKED_REPOS: true
2024-01-04T00:24:32.7366702Z ##[endgroup]
2024-01-04T00:24:32.7455079Z Python 3.8.18
2024-01-04T00:32:05.1024558Z A path returned 202. Retrying...
2024-01-04T00:32:05.1025557Z A path returned 202. Retrying...
2024-01-04T00:32:05.1026697Z A path returned 202. Retrying...
2024-01-04T00:32:05.1027675Z A path returned 202. Retrying...
2024-01-04T00:32:05.1028228Z A path returned 202. Retrying...
2024-01-04T00:32:05.1028652Z A path returned 202. Retrying...
2024-01-04T00:32:05.1029136Z A path returned 202. Retrying...
2024-01-04T00:32:05.1029575Z A path returned 202. Retrying...
2024-01-04T00:32:05.1029977Z A path returned 202. Retrying...
2024-01-04T00:32:05.1030445Z A path returned 202. Retrying...
2024-01-04T00:32:05.1030853Z A path returned 202. Retrying...
2024-01-04T00:32:05.1031306Z A path returned 202. Retrying...
2024-01-04T00:32:05.1031664Z A path returned 202. Retrying...
2024-01-04T00:32:05.1032072Z A path returned 202. Retrying...
2024-01-04T00:32:05.1032539Z A path returned 202. Retrying...
2024-01-04T00:32:05.1032946Z A path returned 202. Retrying...
2024-01-04T00:32:05.1033340Z A path returned 202. Retrying...
2024-01-04T00:32:05.1033783Z A path returned 202. Retrying...
2024-01-04T00:32:05.1034225Z A path returned 202. Retrying...
2024-01-04T00:32:05.1034581Z A path returned 202. Retrying...
2024-01-04T00:32:05.1035044Z A path returned 202. Retrying...
2024-01-04T00:32:05.1035427Z A path returned 202. Retrying...
2024-01-04T00:32:05.1035815Z A path returned 202. Retrying...
2024-01-04T00:32:05.1036287Z A path returned 202. Retrying...
2024-01-04T00:32:05.1037509Z A path returned 202. Retrying...
2024-01-04T00:32:05.1038022Z A path returned 202. Retrying...
2024-01-04T00:32:05.1038382Z A path returned 202. Retrying...
2024-01-04T00:32:05.1038770Z A path returned 202. Retrying...
2024-01-04T00:32:05.1039477Z A path returned 202. Retrying...
2024-01-04T00:32:05.1040025Z A path returned 202. Retrying...
2024-01-04T00:32:05.1040502Z A path returned 202. Retrying...
2024-01-04T00:32:05.1041000Z A path returned 202. Retrying...
2024-01-04T00:32:05.1041410Z A path returned 202. Retrying...
2024-01-04T00:32:05.1041788Z A path returned 202. Retrying...
2024-01-04T00:32:05.1042250Z A path returned 202. Retrying...
2024-01-04T00:32:05.1042644Z A path returned 202. Retrying...
2024-01-04T00:32:05.1043051Z A path returned 202. Retrying...
2024-01-04T00:32:05.1043503Z A path returned 202. Retrying...
2024-01-04T00:32:05.1044145Z A path returned 202. Retrying...
2024-01-04T00:32:05.1044649Z A path returned 202. Retrying...
2024-01-04T00:32:05.1045053Z A path returned 202. Retrying...
2024-01-04T00:32:05.1045463Z A path returned 202. Retrying...
2024-01-04T00:32:05.1045913Z A path returned 202. Retrying...
2024-01-04T00:32:05.1046301Z A path returned 202. Retrying...
2024-01-04T00:32:05.1046708Z A path returned 202. Retrying...
2024-01-04T00:32:05.1047154Z A path returned 202. Retrying...
2024-01-04T00:32:05.1047559Z A path returned 202. Retrying...
2024-01-04T00:32:05.1048302Z A path returned 202. Retrying...
2024-01-04T00:32:05.1049009Z A path returned 202. Retrying...
2024-01-04T00:32:05.1049434Z A path returned 202. Retrying...
2024-01-04T00:32:05.1049826Z A path returned 202. Retrying...
2024-01-04T00:32:05.1050325Z A path returned 202. Retrying...
2024-01-04T00:32:05.1050714Z A path returned 202. Retrying...
2024-01-04T00:32:05.1051159Z A path returned 202. Retrying...
2024-01-04T00:32:05.1051536Z A path returned 202. Retrying...
2024-01-04T00:32:05.1051929Z A path returned 202. Retrying...
2024-01-04T00:32:05.1052400Z A path returned 202. Retrying...
2024-01-04T00:32:05.1052801Z A path returned 202. Retrying...
2024-01-04T00:32:05.1053189Z A path returned 202. Retrying...
2024-01-04T00:32:05.1053655Z A path returned 202. Retrying...
2024-01-04T00:32:05.1054043Z A path returned 202. Retrying...
2024-01-04T00:32:05.1054395Z A path returned 202. Retrying...
2024-01-04T00:32:05.1054884Z A path returned 202. Retrying...
2024-01-04T00:32:05.1055269Z A path returned 202. Retrying...
2024-01-04T00:32:05.1055676Z A path returned 202. Retrying...
2024-01-04T00:32:05.1056133Z A path returned 202. Retrying...
2024-01-04T00:32:05.1056525Z A path returned 202. Retrying...
2024-01-04T00:32:05.1056995Z A path returned 202. Retrying...
2024-01-04T00:32:05.1057359Z A path returned 202. Retrying...
2024-01-04T00:32:05.1057750Z A path returned 202. Retrying...
2024-01-04T00:32:05.1058229Z A path returned 202. Retrying...
2024-01-04T00:32:05.1058660Z A path returned 202. Retrying...
2024-01-04T00:32:05.1059066Z A path returned 202. Retrying...
2024-01-04T00:32:05.1059548Z A path returned 202. Retrying...
2024-01-04T00:32:05.1059946Z aiohttp failed for rest query
2024-01-04T00:32:05.1060331Z A path returned 202. Retrying...
2024-01-04T00:32:05.1060789Z aiohttp failed for rest query
2024-01-04T00:32:05.1061199Z A path returned 202. Retrying...
2024-01-04T00:32:05.1061598Z aiohttp failed for rest query
2024-01-04T00:32:05.1062063Z A path returned 202. Retrying...
2024-01-04T00:32:05.1062484Z aiohttp failed for rest query
2024-01-04T00:32:05.1062930Z A path returned 202. Retrying...
2024-01-04T00:32:05.1063299Z aiohttp failed for rest query
2024-01-04T00:32:05.1063702Z A path returned 202. Retrying...
2024-01-04T00:32:05.1064173Z aiohttp failed for rest query
2024-01-04T00:32:05.1064581Z aiohttp failed for rest query
2024-01-04T00:32:05.1064959Z aiohttp failed for rest query
2024-01-04T00:32:05.1065404Z aiohttp failed for rest query
2024-01-04T00:32:05.1065811Z aiohttp failed for rest query
2024-01-04T00:32:05.1066158Z aiohttp failed for rest query
2024-01-04T00:32:05.1066792Z aiohttp failed for rest query
2024-01-04T00:32:05.1067173Z aiohttp failed for rest query
2024-01-04T00:32:05.1067550Z aiohttp failed for rest query
2024-01-04T00:32:05.1068007Z aiohttp failed for rest query
2024-01-04T00:32:05.1068408Z aiohttp failed for rest query
2024-01-04T00:32:05.1068866Z aiohttp failed for rest query
2024-01-04T00:32:05.1069213Z aiohttp failed for rest query
2024-01-04T00:32:05.1069591Z aiohttp failed for rest query
2024-01-04T00:32:05.1070055Z aiohttp failed for rest query
2024-01-04T00:32:05.1070443Z aiohttp failed for rest query
2024-01-04T00:32:05.1070822Z aiohttp failed for rest query
2024-01-04T00:32:05.1071267Z aiohttp failed for rest query
2024-01-04T00:32:05.1071645Z aiohttp failed for rest query
2024-01-04T00:32:05.1072006Z aiohttp failed for rest query
2024-01-04T00:32:05.1072440Z aiohttp failed for rest query
2024-01-04T00:32:05.1072820Z aiohttp failed for rest query
2024-01-04T00:32:05.1073235Z aiohttp failed for rest query
2024-01-04T00:32:05.1073682Z aiohttp failed for rest query
2024-01-04T00:32:05.1074076Z aiohttp failed for rest query
2024-01-04T00:32:05.1074510Z aiohttp failed for rest query
2024-01-04T00:32:05.1074857Z aiohttp failed for rest query
2024-01-04T00:32:05.1075252Z aiohttp failed for rest query
2024-01-04T00:32:05.1075689Z aiohttp failed for rest query
2024-01-04T00:32:05.1076067Z aiohttp failed for rest query
2024-01-04T00:32:05.1076463Z aiohttp failed for rest query
2024-01-04T00:32:05.1077034Z aiohttp failed for rest query
2024-01-04T00:32:05.1077466Z aiohttp failed for rest query
2024-01-04T00:32:05.1077812Z aiohttp failed for rest query
2024-01-04T00:32:05.1078274Z aiohttp failed for rest query
2024-01-04T00:32:05.1078667Z aiohttp failed for rest query
2024-01-04T00:32:05.1079042Z aiohttp failed for rest query
2024-01-04T00:32:05.1079499Z aiohttp failed for rest query
2024-01-04T00:32:05.1079874Z aiohttp failed for rest query
2024-01-04T00:32:05.1080313Z aiohttp failed for rest query
2024-01-04T00:32:05.1080677Z aiohttp failed for rest query
2024-01-04T00:32:05.1081121Z aiohttp failed for rest query
2024-01-04T00:32:05.1081529Z aiohttp failed for rest query
2024-01-04T00:32:05.1081950Z aiohttp failed for rest query
2024-01-04T00:32:05.1082326Z aiohttp failed for rest query
2024-01-04T00:32:05.1082799Z aiohttp failed for rest query
2024-01-04T00:32:05.1083177Z aiohttp failed for rest query
2024-01-04T00:32:05.1083672Z aiohttp failed for rest query
2024-01-04T00:32:05.1084348Z aiohttp failed for rest query
2024-01-04T00:32:05.1084749Z aiohttp failed for rest query
2024-01-04T00:32:05.1085222Z aiohttp failed for rest query
2024-01-04T00:32:05.1085609Z aiohttp failed for rest query
2024-01-04T00:32:05.1085961Z aiohttp failed for rest query
2024-01-04T00:32:05.1086429Z aiohttp failed for rest query
2024-01-04T00:32:05.1086995Z There were too many 202s. Data for this repository will be incomplete.
2024-01-04T00:32:05.1087598Z A path returned 202. Retrying...
2024-01-04T00:32:05.1088075Z A path returned 202. Retrying...
2024-01-04T00:32:05.1088482Z A path returned 202. Retrying...
2024-01-04T00:32:05.1088891Z A path returned 202. Retrying...
2024-01-04T00:32:05.1089353Z A path returned 202. Retrying...
2024-01-04T00:32:05.1089709Z A path returned 202. Retrying...
2024-01-04T00:32:05.1090125Z A path returned 202. Retrying...
2024-01-04T00:32:05.1090581Z A path returned 202. Retrying...
2024-01-04T00:32:05.1090989Z A path returned 202. Retrying...
2024-01-04T00:32:05.1091444Z A path returned 202. Retrying...
2024-01-04T00:32:05.1091860Z A path returned 202. Retrying...
2024-01-04T00:32:05.1092233Z A path returned 202. Retrying...
2024-01-04T00:32:05.1092687Z A path returned 202. Retrying...
2024-01-04T00:32:05.1093097Z A path returned 202. Retrying...
2024-01-04T00:32:05.1093487Z A path returned 202. Retrying...
2024-01-04T00:32:05.1093933Z A path returned 202. Retrying...
2024-01-04T00:32:05.1094339Z A path returned 202. Retrying...
2024-01-04T00:32:05.1094727Z A path returned 202. Retrying...
2024-01-04T00:32:05.1095136Z A path returned 202. Retrying...
2024-01-04T00:32:05.1095712Z A path returned 202. Retrying...
2024-01-04T00:32:05.1096100Z A path returned 202. Retrying...
2024-01-04T00:32:05.1096607Z A path returned 202. Retrying...
2024-01-04T00:32:05.1096995Z A path returned 202. Retrying...
2024-01-04T00:32:05.1097462Z A path returned 202. Retrying...
2024-01-04T00:32:05.1097853Z A path returned 202. Retrying...
2024-01-04T00:32:05.1098215Z A path returned 202. Retrying...
2024-01-04T00:32:05.1098695Z A path returned 202. Retrying...
2024-01-04T00:32:05.1099086Z A path returned 202. Retrying...
2024-01-04T00:32:05.1099474Z A path returned 202. Retrying...
2024-01-04T00:32:05.1099937Z A path returned 202. Retrying...
2024-01-04T00:32:05.1100325Z A path returned 202. Retrying...
2024-01-04T00:32:05.1100746Z A path returned 202. Retrying...
2024-01-04T00:32:05.1101161Z A path returned 202. Retrying...
2024-01-04T00:32:05.1101549Z A path returned 202. Retrying...
2024-01-04T00:32:05.1101953Z A path returned 202. Retrying...
2024-01-04T00:32:05.1102406Z A path returned 202. Retrying...
2024-01-04T00:32:05.1102792Z A path returned 202. Retrying...
2024-01-04T00:32:05.1103259Z A path returned 202. Retrying...
2024-01-04T00:32:05.1103647Z A path returned 202. Retrying...
2024-01-04T00:32:05.1104029Z A path returned 202. Retrying...
2024-01-04T00:32:05.1104488Z A path returned 202. Retrying...
2024-01-04T00:32:05.1104881Z A path returned 202. Retrying...
2024-01-04T00:32:05.1105451Z A path returned 202. Retrying...
2024-01-04T00:32:05.1105911Z A path returned 202. Retrying...
2024-01-04T00:32:05.1106318Z A path returned 202. Retrying...
2024-01-04T00:32:05.1106703Z A path returned 202. Retrying...
2024-01-04T00:32:05.1107115Z A path returned 202. Retrying...
2024-01-04T00:32:05.1107519Z A path returned 202. Retrying...
2024-01-04T00:32:05.1107909Z A path returned 202. Retrying...
2024-01-04T00:32:05.1108373Z A path returned 202. Retrying...
2024-01-04T00:32:05.1108757Z A path returned 202. Retrying...
2024-01-04T00:32:05.1109200Z A path returned 202. Retrying...
2024-01-04T00:32:05.1109609Z A path returned 202. Retrying...
2024-01-04T00:32:05.1109981Z A path returned 202. Retrying...
2024-01-04T00:32:05.1110425Z A path returned 202. Retrying...
2024-01-04T00:32:05.1110832Z A path returned 202. Retrying...
2024-01-04T00:32:05.1111218Z A path returned 202. Retrying...
2024-01-04T00:32:05.1111687Z A path returned 202. Retrying...
2024-01-04T00:32:05.1112073Z A path returned 202. Retrying...
2024-01-04T00:32:05.1112464Z A path returned 202. Retrying...
2024-01-04T00:32:05.1112889Z A path returned 202. Retrying...
2024-01-04T00:32:05.1113277Z A path returned 202. Retrying...
2024-01-04T00:32:05.1113665Z A path returned 202. Retrying...
2024-01-04T00:32:05.1114124Z A path returned 202. Retrying...
2024-01-04T00:32:05.1114533Z A path returned 202. Retrying...
2024-01-04T00:32:05.1114996Z A path returned 202. Retrying...
2024-01-04T00:32:05.1115387Z A path returned 202. Retrying...
2024-01-04T00:32:05.1115738Z A path returned 202. Retrying...
2024-01-04T00:32:05.1116207Z A path returned 202. Retrying...
2024-01-04T00:32:05.1116598Z A path returned 202. Retrying...
2024-01-04T00:32:05.1117002Z A path returned 202. Retrying...
2024-01-04T00:32:05.1117447Z A path returned 202. Retrying...
2024-01-04T00:32:05.1117836Z A path returned 202. Retrying...
2024-01-04T00:32:05.1118238Z A path returned 202. Retrying...
2024-01-04T00:32:05.1118649Z A path returned 202. Retrying...
2024-01-04T00:32:05.1119060Z A path returned 202. Retrying...
2024-01-04T00:32:05.1119465Z A path returned 202. Retrying...
2024-01-04T00:32:05.1119922Z A path returned 202. Retrying...
2024-01-04T00:32:05.1120324Z A path returned 202. Retrying...
2024-01-04T00:32:05.1120775Z A path returned 202. Retrying...
2024-01-04T00:32:05.1121161Z A path returned 202. Retrying...
2024-01-04T00:32:05.1121531Z A path returned 202. Retrying...
2024-01-04T00:32:05.1121976Z A path returned 202. Retrying...
2024-01-04T00:32:05.1122366Z A path returned 202. Retrying...
2024-01-04T00:32:05.1122770Z A path returned 202. Retrying...
2024-01-04T00:32:05.1123350Z A path returned 202. Retrying...
2024-01-04T00:32:05.1123783Z A path returned 202. Retrying...
2024-01-04T00:32:05.1124414Z A path returned 202. Retrying...
2024-01-04T00:32:05.1124860Z A path returned 202. Retrying...
2024-01-04T00:32:05.1125265Z A path returned 202. Retrying...
2024-01-04T00:32:05.1125652Z A path returned 202. Retrying...
2024-01-04T00:32:05.1126122Z A path returned 202. Retrying...
2024-01-04T00:32:05.1126517Z A path returned 202. Retrying...
2024-01-04T00:32:05.1126970Z A path returned 202. Retrying...
2024-01-04T00:32:05.1127376Z A path returned 202. Retrying...
2024-01-04T00:32:05.1127731Z A path returned 202. Retrying...
2024-01-04T00:32:05.1128199Z A path returned 202. Retrying...
2024-01-04T00:32:05.1128614Z A path returned 202. Retrying...
2024-01-04T00:32:05.1128998Z A path returned 202. Retrying...
2024-01-04T00:32:05.1129463Z A path returned 202. Retrying...
2024-01-04T00:32:05.1129848Z A path returned 202. Retrying...
2024-01-04T00:32:05.1130258Z A path returned 202. Retrying...
2024-01-04T00:32:05.1130679Z A path returned 202. Retrying...
2024-01-04T00:32:05.1131067Z A path returned 202. Retrying...
2024-01-04T00:32:05.1131472Z A path returned 202. Retrying...
2024-01-04T00:32:05.1131917Z A path returned 202. Retrying...
2024-01-04T00:32:05.1132304Z A path returned 202. Retrying...
2024-01-04T00:32:05.1132765Z A path returned 202. Retrying...
2024-01-04T00:32:05.1133328Z A path returned 202. Retrying...
2024-01-04T00:32:05.1133710Z A path returned 202. Retrying...
2024-01-04T00:32:05.1134165Z A path returned 202. Retrying...
2024-01-04T00:32:05.1134554Z A path returned 202. Retrying...
2024-01-04T00:32:05.1134960Z A path returned 202. Retrying...
2024-01-04T00:40:50.6670350Z A path returned 202. Retrying...
2024-01-04T00:40:50.6671452Z A path returned 202. Retrying...
2024-01-04T00:40:50.6671937Z A path returned 202. Retrying...
2024-01-04T00:40:50.6672478Z A path returned 202. Retrying...
2024-01-04T00:40:50.6672915Z A path returned 202. Retrying...
2024-01-04T00:40:50.6673348Z A path returned 202. Retrying...
2024-01-04T00:40:50.6673835Z A path returned 202. Retrying...
2024-01-04T00:40:50.6674274Z A path returned 202. Retrying...
2024-01-04T00:40:50.6674690Z A path returned 202. Retrying...
2024-01-04T00:40:50.6675164Z A path returned 202. Retrying...
2024-01-04T00:40:50.6675605Z A path returned 202. Retrying...
2024-01-04T00:40:50.6676032Z A path returned 202. Retrying...
2024-01-04T00:40:50.6676503Z A path returned 202. Retrying...
2024-01-04T00:40:50.6677005Z A path returned 202. Retrying...
2024-01-04T00:40:50.6677423Z A path returned 202. Retrying...
2024-01-04T00:40:50.6677909Z A path returned 202. Retrying...
2024-01-04T00:40:50.6678347Z A path returned 202. Retrying...
2024-01-04T00:40:50.6678800Z A path returned 202. Retrying...
2024-01-04T00:40:50.6679215Z A path returned 202. Retrying...
2024-01-04T00:40:50.6679569Z A path returned 202. Retrying...
2024-01-04T00:40:50.6680021Z A path returned 202. Retrying...
2024-01-04T00:40:50.6680439Z A path returned 202. Retrying...
2024-01-04T00:40:50.6680830Z A path returned 202. Retrying...
2024-01-04T00:40:50.6681362Z A path returned 202. Retrying...
2024-01-04T00:40:50.6681753Z A path returned 202. Retrying...
2024-01-04T00:40:50.6682139Z A path returned 202. Retrying...
2024-01-04T00:40:50.6682573Z A path returned 202. Retrying...
2024-01-04T00:40:50.6682964Z A path returned 202. Retrying...
2024-01-04T00:40:50.6683367Z A path returned 202. Retrying...
2024-01-04T00:40:50.6684093Z A path returned 202. Retrying...
2024-01-04T00:40:50.6684642Z A path returned 202. Retrying...
2024-01-04T00:40:50.6685152Z A path returned 202. Retrying...
2024-01-04T00:40:50.6685541Z A path returned 202. Retrying...
2024-01-04T00:40:50.6685899Z A path returned 202. Retrying...
2024-01-04T00:40:50.6686373Z A path returned 202. Retrying...
2024-01-04T00:40:50.6686824Z A path returned 202. Retrying...
2024-01-04T00:40:50.6687229Z A path returned 202. Retrying...
2024-01-04T00:40:50.6687679Z A path returned 202. Retrying...
2024-01-04T00:40:50.6688479Z A path returned 202. Retrying...
2024-01-04T00:40:50.6688869Z A path returned 202. Retrying...
2024-01-04T00:40:50.6689295Z A path returned 202. Retrying...
2024-01-04T00:40:50.6689707Z A path returned 202. Retrying...
2024-01-04T00:40:50.6690092Z A path returned 202. Retrying...
2024-01-04T00:40:50.6690541Z A path returned 202. Retrying...
2024-01-04T00:40:50.6690952Z A path returned 202. Retrying...
2024-01-04T00:40:50.6691468Z A path returned 202. Retrying...
2024-01-04T00:40:50.6691870Z A path returned 202. Retrying...
2024-01-04T00:40:50.6692222Z A path returned 202. Retrying...
2024-01-04T00:40:50.6692670Z A path returned 202. Retrying...
2024-01-04T00:40:50.6693076Z A path returned 202. Retrying...
2024-01-04T00:40:50.6693462Z A path returned 202. Retrying...
2024-01-04T00:40:50.6693911Z A path returned 202. Retrying...
2024-01-04T00:40:50.6694314Z A path returned 202. Retrying...
2024-01-04T00:40:50.6694698Z A path returned 202. Retrying...
2024-01-04T00:40:50.6695137Z A path returned 202. Retrying...
2024-01-04T00:40:50.6695535Z A path returned 202. Retrying...
2024-01-04T00:40:50.6695980Z A path returned 202. Retrying...
2024-01-04T00:40:50.6696443Z A path returned 202. Retrying...
2024-01-04T00:40:50.6696861Z A path returned 202. Retrying...
2024-01-04T00:40:50.6697392Z A path returned 202. Retrying...
2024-01-04T00:40:50.6697783Z A path returned 202. Retrying...
2024-01-04T00:40:50.6698135Z A path returned 202. Retrying...
2024-01-04T00:40:50.6698776Z A path returned 202. Retrying...
2024-01-04T00:40:50.6699199Z A path returned 202. Retrying...
2024-01-04T00:40:50.6699610Z A path returned 202. Retrying...
2024-01-04T00:40:50.6700069Z A path returned 202. Retrying...
2024-01-04T00:40:50.6700457Z A path returned 202. Retrying...
2024-01-04T00:40:50.6700927Z A path returned 202. Retrying...
2024-01-04T00:40:50.6701345Z A path returned 202. Retrying...
2024-01-04T00:40:50.6701738Z A path returned 202. Retrying...
2024-01-04T00:40:50.6702143Z A path returned 202. Retrying...
2024-01-04T00:40:50.6702600Z A path returned 202. Retrying...
2024-01-04T00:40:50.6703005Z A path returned 202. Retrying...
2024-01-04T00:40:50.6703458Z A path returned 202. Retrying...
2024-01-04T00:40:50.6703846Z A path returned 202. Retrying...
2024-01-04T00:40:50.6704214Z A path returned 202. Retrying...
2024-01-04T00:40:50.6704667Z A path returned 202. Retrying...
2024-01-04T00:40:50.6705056Z A path returned 202. Retrying...
2024-01-04T00:40:50.6705526Z A path returned 202. Retrying...
2024-01-04T00:40:50.6705977Z A path returned 202. Retrying...
2024-01-04T00:40:50.6706376Z A path returned 202. Retrying...
2024-01-04T00:40:50.6706761Z A path returned 202. Retrying...
2024-01-04T00:40:50.6707176Z A path returned 202. Retrying...
2024-01-04T00:40:50.6707582Z A path returned 202. Retrying...
2024-01-04T00:40:50.6708068Z A path returned 202. Retrying...
2024-01-04T00:40:50.6708554Z A path returned 202. Retrying...
2024-01-04T00:40:50.6708945Z A path returned 202. Retrying...
2024-01-04T00:40:50.6709394Z A path returned 202. Retrying...
2024-01-04T00:40:50.6709805Z A path returned 202. Retrying...
2024-01-04T00:40:50.6710223Z A path returned 202. Retrying...
2024-01-04T00:40:50.6710686Z A path returned 202. Retrying...
2024-01-04T00:40:50.6711092Z A path returned 202. Retrying...
2024-01-04T00:40:50.6711477Z A path returned 202. Retrying...
2024-01-04T00:40:50.6711946Z A path returned 202. Retrying...
2024-01-04T00:40:50.6712334Z A path returned 202. Retrying...
2024-01-04T00:40:50.6712727Z A path returned 202. Retrying...
2024-01-04T00:40:50.6713172Z A path returned 202. Retrying...
2024-01-04T00:40:50.6713559Z A path returned 202. Retrying...
2024-01-04T00:40:50.6713960Z A path returned 202. Retrying...
2024-01-04T00:40:50.6714407Z A path returned 202. Retrying...
2024-01-04T00:40:50.6714862Z A path returned 202. Retrying...
2024-01-04T00:40:50.6715324Z A path returned 202. Retrying...
2024-01-04T00:40:50.6715710Z A path returned 202. Retrying...
2024-01-04T00:40:50.6716066Z A path returned 202. Retrying...
2024-01-04T00:40:50.6716680Z A path returned 202. Retrying...
2024-01-04T00:40:50.6717066Z A path returned 202. Retrying...
2024-01-04T00:40:50.6717466Z A path returned 202. Retrying...
2024-01-04T00:40:50.6717910Z A path returned 202. Retrying...
2024-01-04T00:40:50.6718316Z A path returned 202. Retrying...
2024-01-04T00:40:50.6718699Z A path returned 202. Retrying...
2024-01-04T00:40:50.6719117Z A path returned 202. Retrying...
2024-01-04T00:40:50.6719593Z A path returned 202. Retrying...
2024-01-04T00:40:50.6719981Z A path returned 202. Retrying...
2024-01-04T00:40:50.6720427Z A path returned 202. Retrying...
2024-01-04T00:40:50.6720831Z A path returned 202. Retrying...
2024-01-04T00:40:50.6721277Z A path returned 202. Retrying...
2024-01-04T00:40:50.6721684Z A path returned 202. Retrying...
2024-01-04T00:40:50.6722035Z A path returned 202. Retrying...
2024-01-04T00:40:50.6722487Z A path returned 202. Retrying...
2024-01-04T00:40:50.6722891Z A path returned 202. Retrying...
2024-01-04T00:40:50.6723279Z A path returned 202. Retrying...
2024-01-04T00:40:50.6723796Z A path returned 202. Retrying...
2024-01-04T00:40:50.6724346Z A path returned 202. Retrying...
2024-01-04T00:40:50.6724746Z A path returned 202. Retrying...
2024-01-04T00:40:50.6725186Z A path returned 202. Retrying...
2024-01-04T00:40:50.6725572Z A path returned 202. Retrying...
2024-01-04T00:40:50.6725960Z A path returned 202. Retrying...
2024-01-04T00:40:50.6726424Z A path returned 202. Retrying...
2024-01-04T00:40:50.6726957Z A path returned 202. Retrying...
2024-01-04T00:40:50.6727444Z A path returned 202. Retrying...
2024-01-04T00:40:50.6727834Z A path returned 202. Retrying...
2024-01-04T00:40:50.6728184Z A path returned 202. Retrying...
2024-01-04T00:40:50.6728721Z A path returned 202. Retrying...
2024-01-04T00:40:50.6729114Z A path returned 202. Retrying...
2024-01-04T00:40:50.6729514Z A path returned 202. Retrying...
2024-01-04T00:40:50.6729961Z A path returned 202. Retrying...
2024-01-04T00:40:50.6730352Z A path returned 202. Retrying...
2024-01-04T00:40:50.6730802Z A path returned 202. Retrying...
2024-01-04T00:40:50.6731227Z A path returned 202. Retrying...
2024-01-04T00:40:50.6731616Z A path returned 202. Retrying...
2024-01-04T00:40:50.6732019Z A path returned 202. Retrying...
2024-01-04T00:40:50.6732472Z A path returned 202. Retrying...
2024-01-04T00:40:50.6732881Z A path returned 202. Retrying...
2024-01-04T00:40:50.6733402Z A path returned 202. Retrying...
2024-01-04T00:40:50.6733799Z A path returned 202. Retrying...
2024-01-04T00:40:50.6734172Z A path returned 202. Retrying...
2024-01-04T00:40:50.6734622Z A path returned 202. Retrying...
2024-01-04T00:40:50.6735009Z A path returned 202. Retrying...
2024-01-04T00:40:50.6735412Z A path returned 202. Retrying...
2024-01-04T00:40:50.6735859Z A path returned 202. Retrying...
2024-01-04T00:40:50.6736265Z A path returned 202. Retrying...
2024-01-04T00:40:50.6736653Z A path returned 202. Retrying...
2024-01-04T00:40:50.6737063Z A path returned 202. Retrying...
2024-01-04T00:40:50.6737468Z A path returned 202. Retrying...
2024-01-04T00:40:50.6737904Z A path returned 202. Retrying...
2024-01-04T00:40:50.6738370Z A path returned 202. Retrying...
2024-01-04T00:40:50.6738758Z A path returned 202. Retrying...
2024-01-04T00:40:50.6739204Z A path returned 202. Retrying...
2024-01-04T00:40:50.6739608Z A path returned 202. Retrying...
2024-01-04T00:40:50.6739961Z A path returned 202. Retrying...
2024-01-04T00:40:50.6740417Z A path returned 202. Retrying...
2024-01-04T00:40:50.6740823Z A path returned 202. Retrying...
2024-01-04T00:40:50.6741212Z A path returned 202. Retrying...
2024-01-04T00:40:50.6741674Z A path returned 202. Retrying...
2024-01-04T00:40:50.6742058Z A path returned 202. Retrying...
2024-01-04T00:40:50.6742502Z A path returned 202. Retrying...
2024-01-04T00:40:50.6742931Z A path returned 202. Retrying...
2024-01-04T00:40:50.6743318Z A path returned 202. Retrying...
2024-01-04T00:40:50.6743708Z A path returned 202. Retrying...
2024-01-04T00:40:50.6744167Z A path returned 202. Retrying...
2024-01-04T00:40:50.6744705Z A path returned 202. Retrying...
2024-01-04T00:40:50.6745173Z A path returned 202. Retrying...
2024-01-04T00:40:50.6745562Z A path returned 202. Retrying...
2024-01-04T00:40:50.6745916Z A path returned 202. Retrying...
2024-01-04T00:40:50.6746392Z A path returned 202. Retrying...
2024-01-04T00:40:50.6746779Z A path returned 202. Retrying...
2024-01-04T00:40:50.6747243Z A path returned 202. Retrying...
2024-01-04T00:40:50.6747695Z A path returned 202. Retrying...
2024-01-04T00:40:50.6748084Z A path returned 202. Retrying...
2024-01-04T00:40:50.6748487Z A path returned 202. Retrying...
2024-01-04T00:40:50.6748907Z A path returned 202. Retrying...
2024-01-04T00:40:50.6749312Z A path returned 202. Retrying...
2024-01-04T00:40:50.6749700Z A path returned 202. Retrying...
2024-01-04T00:40:50.6750149Z A path returned 202. Retrying...
2024-01-04T00:40:50.6750556Z A path returned 202. Retrying...
2024-01-04T00:40:50.6751001Z A path returned 202. Retrying...
2024-01-04T00:40:50.6751404Z A path returned 202. Retrying...
2024-01-04T00:40:50.6751825Z A path returned 202. Retrying...
2024-01-04T00:40:50.6752275Z A path returned 202. Retrying...
2024-01-04T00:40:50.6752681Z A path returned 202. Retrying...
2024-01-04T00:40:50.6753067Z A path returned 202. Retrying...
2024-01-04T00:40:50.6753521Z A path returned 202. Retrying...
2024-01-04T00:40:50.6753927Z A path returned 202. Retrying...
2024-01-04T00:40:50.6754314Z A path returned 202. Retrying...
2024-01-04T00:40:50.6754857Z A path returned 202. Retrying...
2024-01-04T00:40:50.6755265Z A path returned 202. Retrying...
2024-01-04T00:40:50.6755660Z A path returned 202. Retrying...
2024-01-04T00:40:50.6756130Z A path returned 202. Retrying...
2024-01-04T00:40:50.6756597Z A path returned 202. Retrying...
2024-01-04T00:40:50.6757068Z A path returned 202. Retrying...
2024-01-04T00:40:50.6757460Z A path returned 202. Retrying...
2024-01-04T00:40:50.6757813Z A path returned 202. Retrying...
2024-01-04T00:40:50.6758276Z A path returned 202. Retrying...
2024-01-04T00:40:50.6758669Z A path returned 202. Retrying...
2024-01-04T00:40:50.6759054Z A path returned 202. Retrying...
2024-01-04T00:40:50.6759521Z A path returned 202. Retrying...
2024-01-04T00:40:50.6759909Z A path returned 202. Retrying...
2024-01-04T00:40:50.6760311Z A path returned 202. Retrying...
2024-01-04T00:40:50.6760729Z A path returned 202. Retrying...
2024-01-04T00:40:50.6761181Z A path returned 202. Retrying...
2024-01-04T00:40:50.6761591Z A path returned 202. Retrying...
2024-01-04T00:40:50.6762035Z A path returned 202. Retrying...
2024-01-04T00:40:50.6762443Z A path returned 202. Retrying...
2024-01-04T00:40:50.6762890Z A path returned 202. Retrying...
2024-01-04T00:40:50.6763279Z A path returned 202. Retrying...
2024-01-04T00:40:50.6763649Z A path returned 202. Retrying...
2024-01-04T00:40:50.6764496Z A path returned 202. Retrying...
2024-01-04T00:40:50.6764965Z A path returned 202. Retrying...
2024-01-04T00:40:50.6765375Z A path returned 202. Retrying...
2024-01-04T00:40:50.6765838Z A path returned 202. Retrying...
2024-01-04T00:40:50.6766317Z A path returned 202. Retrying...
2024-01-04T00:40:50.6766708Z A path returned 202. Retrying...
2024-01-04T00:40:50.6767127Z A path returned 202. Retrying...
2024-01-04T00:40:50.6767533Z A path returned 202. Retrying...
2024-01-04T00:40:50.6767921Z A path returned 202. Retrying...
2024-01-04T00:40:50.6768362Z A path returned 202. Retrying...
2024-01-04T00:40:50.6768768Z A path returned 202. Retrying...
2024-01-04T00:40:50.6769214Z A path returned 202. Retrying...
2024-01-04T00:40:50.6769621Z A path returned 202. Retrying...
2024-01-04T00:40:50.6769975Z A path returned 202. Retrying...
2024-01-04T00:40:50.6770421Z A path returned 202. Retrying...
2024-01-04T00:40:50.6770887Z A path returned 202. Retrying...
2024-01-04T00:40:50.6771273Z A path returned 202. Retrying...
2024-01-04T00:40:50.6771741Z A path returned 202. Retrying...
2024-01-04T00:40:50.6772133Z A path returned 202. Retrying...
2024-01-04T00:40:50.6772519Z A path returned 202. Retrying...
2024-01-04T00:40:50.6773127Z A path returned 202. Retrying...
2024-01-04T00:40:50.6773516Z A path returned 202. Retrying...
2024-01-04T00:40:50.6773919Z A path returned 202. Retrying...
2024-01-04T00:40:50.6774377Z A path returned 202. Retrying...
2024-01-04T00:40:50.6774764Z A path returned 202. Retrying...
2024-01-04T00:40:50.6775290Z A path returned 202. Retrying...
2024-01-04T00:40:50.6775680Z A path returned 202. Retrying...
2024-01-04T00:40:50.6776038Z A path returned 202. Retrying...
2024-01-04T00:40:50.6776501Z A path returned 202. Retrying...
2024-01-04T00:40:50.6776890Z A path returned 202. Retrying...
2024-01-04T00:40:50.6777292Z A path returned 202. Retrying...
2024-01-04T00:40:50.6777737Z A path returned 202. Retrying...
2024-01-04T00:49:36.9615123Z A path returned 202. Retrying...
2024-01-04T00:49:36.9616489Z A path returned 202. Retrying...
2024-01-04T00:49:36.9617441Z A path returned 202. Retrying...
2024-01-04T00:49:36.9618312Z A path returned 202. Retrying...
2024-01-04T00:49:36.9619282Z A path returned 202. Retrying...
2024-01-04T00:49:36.9619977Z A path returned 202. Retrying...
2024-01-04T00:49:36.9620619Z A path returned 202. Retrying...
2024-01-04T00:49:36.9621347Z A path returned 202. Retrying...
2024-01-04T00:49:36.9622017Z A path returned 202. Retrying...
2024-01-04T00:49:36.9622665Z A path returned 202. Retrying...
2024-01-04T00:49:36.9623405Z A path returned 202. Retrying...
2024-01-04T00:49:36.9624046Z A path returned 202. Retrying...
2024-01-04T00:49:36.9625189Z A path returned 202. Retrying...
2024-01-04T00:49:36.9625823Z A path returned 202. Retrying...
2024-01-04T00:49:36.9626463Z A path returned 202. Retrying...
2024-01-04T00:49:36.9627211Z A path returned 202. Retrying...
2024-01-04T00:49:36.9627851Z A path returned 202. Retrying...
2024-01-04T00:49:36.9628524Z A path returned 202. Retrying...
2024-01-04T00:49:36.9629265Z A path returned 202. Retrying...
2024-01-04T00:49:36.9629898Z A path returned 202. Retrying...
2024-01-04T00:49:36.9630514Z A path returned 202. Retrying...
2024-01-04T00:49:36.9631252Z A path returned 202. Retrying...
2024-01-04T00:49:36.9631902Z A path returned 202. Retrying...
2024-01-04T00:49:36.9632566Z A path returned 202. Retrying...
2024-01-04T00:49:36.9633284Z A path returned 202. Retrying...
2024-01-04T00:49:36.9633942Z A path returned 202. Retrying...
2024-01-04T00:49:36.9634666Z A path returned 202. Retrying...
2024-01-04T00:49:36.9635265Z A path returned 202. Retrying...
2024-01-04T00:49:36.9635978Z A path returned 202. Retrying...
2024-01-04T00:49:36.9636706Z A path returned 202. Retrying...
2024-01-04T00:49:36.9637349Z A path returned 202. Retrying...
2024-01-04T00:49:36.9638013Z A path returned 202. Retrying...
2024-01-04T00:49:36.9638727Z A path returned 202. Retrying...
2024-01-04T00:49:36.9639393Z A path returned 202. Retrying...
2024-01-04T00:49:36.9639986Z A path returned 202. Retrying...
2024-01-04T00:49:36.9640697Z A path returned 202. Retrying...
2024-01-04T00:49:36.9641356Z A path returned 202. Retrying...
2024-01-04T00:49:36.9641991Z A path returned 202. Retrying...
2024-01-04T00:49:36.9642717Z A path returned 202. Retrying...
2024-01-04T00:49:36.9643422Z A path returned 202. Retrying...
2024-01-04T00:49:36.9644553Z A path returned 202. Retrying...
2024-01-04T00:49:36.9645176Z A path returned 202. Retrying...
2024-01-04T00:49:36.9645709Z A path returned 202. Retrying...
2024-01-04T00:49:36.9646168Z A path returned 202. Retrying...
2024-01-04T00:49:36.9646642Z A path returned 202. Retrying...
2024-01-04T00:49:36.9647033Z A path returned 202. Retrying...
2024-01-04T00:49:36.9647523Z A path returned 202. Retrying...
2024-01-04T00:49:36.9647925Z A path returned 202. Retrying...
2024-01-04T00:49:36.9648288Z A path returned 202. Retrying...
2024-01-04T00:49:36.9648764Z A path returned 202. Retrying...
2024-01-04T00:49:36.9649190Z A path returned 202. Retrying...
2024-01-04T00:49:36.9649638Z A path returned 202. Retrying...
2024-01-04T00:49:36.9650049Z A path returned 202. Retrying...
2024-01-04T00:49:36.9650441Z A path returned 202. Retrying...
2024-01-04T00:49:36.9651130Z A path returned 202. Retrying...
2024-01-04T00:49:36.9651491Z A path returned 202. Retrying...
2024-01-04T00:49:36.9651876Z A path returned 202. Retrying...
2024-01-04T00:49:36.9652341Z A path returned 202. Retrying...
2024-01-04T00:49:36.9652739Z A path returned 202. Retrying...
2024-01-04T00:49:36.9653163Z A path returned 202. Retrying...
2024-01-04T00:49:36.9653651Z A path returned 202. Retrying...
2024-01-04T00:49:36.9654053Z A path returned 202. Retrying...
2024-01-04T00:49:36.9654426Z A path returned 202. Retrying...
2024-01-04T00:49:36.9654882Z A path returned 202. Retrying...
2024-01-04T00:49:36.9655295Z A path returned 202. Retrying...
2024-01-04T00:49:36.9655749Z A path returned 202. Retrying...
2024-01-04T00:49:36.9656146Z A path returned 202. Retrying...
2024-01-04T00:49:36.9656551Z A path returned 202. Retrying...
2024-01-04T00:49:36.9656993Z A path returned 202. Retrying...
2024-01-04T00:49:36.9657348Z A path returned 202. Retrying...
2024-01-04T00:49:36.9657753Z A path returned 202. Retrying...
2024-01-04T00:49:36.9658244Z A path returned 202. Retrying...
2024-01-04T00:49:36.9658648Z A path returned 202. Retrying...
2024-01-04T00:49:36.9659043Z A path returned 202. Retrying...
2024-01-04T00:49:36.9659483Z A path returned 202. Retrying...
2024-01-04T00:49:36.9659883Z A path returned 202. Retrying...
2024-01-04T00:49:36.9660235Z A path returned 202. Retrying...
2024-01-04T00:49:36.9660682Z A path returned 202. Retrying...
2024-01-04T00:49:36.9661227Z A path returned 202. Retrying...
2024-01-04T00:49:36.9661699Z A path returned 202. Retrying...
2024-01-04T00:49:36.9662105Z A path returned 202. Retrying...
2024-01-04T00:49:36.9662490Z A path returned 202. Retrying...
2024-01-04T00:49:36.9662989Z A path returned 202. Retrying...
2024-01-04T00:49:36.9663342Z A path returned 202. Retrying...
2024-01-04T00:49:36.9663728Z A path returned 202. Retrying...
2024-01-04T00:49:36.9664188Z A path returned 202. Retrying...
2024-01-04T00:49:36.9664571Z A path returned 202. Retrying...
2024-01-04T00:49:36.9664960Z A path returned 202. Retrying...
2024-01-04T00:49:36.9665425Z A path returned 202. Retrying...
2024-01-04T00:49:36.9665807Z A path returned 202. Retrying...
2024-01-04T00:49:36.9666174Z A path returned 202. Retrying...
2024-01-04T00:49:36.9666633Z A path returned 202. Retrying...
2024-01-04T00:49:36.9667018Z A path returned 202. Retrying...
2024-01-04T00:49:36.9667506Z A path returned 202. Retrying...
2024-01-04T00:49:36.9667901Z A path returned 202. Retrying...
2024-01-04T00:49:36.9668301Z A path returned 202. Retrying...
2024-01-04T00:49:36.9668758Z A path returned 202. Retrying...
2024-01-04T00:49:36.9669110Z A path returned 202. Retrying...
2024-01-04T00:49:36.9669514Z A path returned 202. Retrying...
2024-01-04T00:49:36.9669960Z A path returned 202. Retrying...
2024-01-04T00:49:36.9670342Z A path returned 202. Retrying...
2024-01-04T00:49:36.9670745Z A path returned 202. Retrying...
2024-01-04T00:49:36.9671188Z A path returned 202. Retrying...
2024-01-04T00:49:36.9671590Z A path returned 202. Retrying...
2024-01-04T00:49:36.9671976Z A path returned 202. Retrying...
2024-01-04T00:49:36.9672423Z A path returned 202. Retrying...
2024-01-04T00:49:36.9672822Z A path returned 202. Retrying...
2024-01-04T00:49:36.9673259Z A path returned 202. Retrying...
2024-01-04T00:49:36.9673646Z A path returned 202. Retrying...
2024-01-04T00:49:36.9674046Z A path returned 202. Retrying...
2024-01-04T00:49:36.9674487Z A path returned 202. Retrying...
2024-01-04T00:49:36.9674861Z A path returned 202. Retrying...
2024-01-04T00:49:36.9675244Z A path returned 202. Retrying...
2024-01-04T00:49:36.9675689Z A path returned 202. Retrying...
2024-01-04T00:49:36.9676089Z A path returned 202. Retrying...
2024-01-04T00:49:36.9676505Z A path returned 202. Retrying...
2024-01-04T00:49:36.9676965Z A path returned 202. Retrying...
2024-01-04T00:49:36.9677348Z A path returned 202. Retrying...
2024-01-04T00:49:36.9677700Z A path returned 202. Retrying...
2024-01-04T00:49:36.9678158Z A path returned 202. Retrying...
2024-01-04T00:49:36.9678668Z A path returned 202. Retrying...
2024-01-04T00:49:36.9679139Z A path returned 202. Retrying...
2024-01-04T00:49:36.9679526Z A path returned 202. Retrying...
2024-01-04T00:49:36.9679913Z A path returned 202. Retrying...
2024-01-04T00:49:36.9680374Z A path returned 202. Retrying...
2024-01-04T00:49:36.9680726Z A path returned 202. Retrying...
2024-01-04T00:49:36.9681143Z A path returned 202. Retrying...
2024-01-04T00:49:36.9681609Z A path returned 202. Retrying...
2024-01-04T00:49:36.9681995Z A path returned 202. Retrying...
2024-01-04T00:49:36.9682398Z A path returned 202. Retrying...
2024-01-04T00:49:36.9682843Z A path returned 202. Retrying...
2024-01-04T00:49:36.9683227Z A path returned 202. Retrying...
2024-01-04T00:49:36.9683596Z A path returned 202. Retrying...
2024-01-04T00:49:36.9684317Z A path returned 202. Retrying...
2024-01-04T00:49:36.9684714Z A path returned 202. Retrying...
2024-01-04T00:49:36.9685252Z A path returned 202. Retrying...
2024-01-04T00:49:36.9685642Z A path returned 202. Retrying...
2024-01-04T00:49:36.9686122Z A path returned 202. Retrying...
2024-01-04T00:49:36.9686571Z A path returned 202. Retrying...
2024-01-04T00:49:36.9686924Z A path returned 202. Retrying...
2024-01-04T00:49:36.9687327Z A path returned 202. Retrying...
2024-01-04T00:49:36.9687769Z A path returned 202. Retrying...
2024-01-04T00:49:36.9688170Z A path returned 202. Retrying...
2024-01-04T00:49:36.9688564Z A path returned 202. Retrying...
2024-01-04T00:49:36.9689164Z A path returned 202. Retrying...
2024-01-04T00:49:36.9689579Z A path returned 202. Retrying...
2024-01-04T00:49:36.9689929Z A path returned 202. Retrying...
2024-01-04T00:49:36.9690450Z A path returned 202. Retrying...
2024-01-04T00:49:36.9690839Z A path returned 202. Retrying...
2024-01-04T00:49:36.9691281Z A path returned 202. Retrying...
2024-01-04T00:49:36.9691685Z A path returned 202. Retrying...
2024-01-04T00:49:36.9692068Z A path returned 202. Retrying...
2024-01-04T00:49:36.9692531Z A path returned 202. Retrying...
2024-01-04T00:49:36.9692889Z A path returned 202. Retrying...
2024-01-04T00:49:36.9693276Z A path returned 202. Retrying...
2024-01-04T00:49:36.9693739Z A path returned 202. Retrying...
2024-01-04T00:49:36.9694124Z A path returned 202. Retrying...
2024-01-04T00:49:36.9694506Z A path returned 202. Retrying...
2024-01-04T00:49:36.9695000Z A path returned 202. Retrying...
2024-01-04T00:49:36.9695383Z A path returned 202. Retrying...
2024-01-04T00:49:36.9695737Z A path returned 202. Retrying...
2024-01-04T00:49:36.9696219Z A path returned 202. Retrying...
2024-01-04T00:49:36.9696609Z A path returned 202. Retrying...
2024-01-04T00:49:36.9697076Z A path returned 202. Retrying...
2024-01-04T00:49:36.9697463Z A path returned 202. Retrying...
2024-01-04T00:49:36.9697849Z A path returned 202. Retrying...
2024-01-04T00:49:36.9698308Z A path returned 202. Retrying...
2024-01-04T00:49:36.9698661Z A path returned 202. Retrying...
2024-01-04T00:49:36.9699064Z A path returned 202. Retrying...
2024-01-04T00:49:36.9699545Z A path returned 202. Retrying...
2024-01-04T00:49:36.9699934Z A path returned 202. Retrying...
2024-01-04T00:49:36.9700337Z A path returned 202. Retrying...
2024-01-04T00:49:36.9700781Z A path returned 202. Retrying...
2024-01-04T00:49:36.9701183Z A path returned 202. Retrying...
2024-01-04T00:49:36.9701534Z A path returned 202. Retrying...
2024-01-04T00:49:36.9701988Z A path returned 202. Retrying...
2024-01-04T00:49:36.9702395Z A path returned 202. Retrying...
2024-01-04T00:49:36.9702849Z A path returned 202. Retrying...
2024-01-04T00:49:36.9703236Z A path returned 202. Retrying...
2024-01-04T00:49:36.9703636Z A path returned 202. Retrying...
2024-01-04T00:49:36.9704117Z A path returned 202. Retrying...
2024-01-04T00:49:36.9704469Z A path returned 202. Retrying...
2024-01-04T00:49:36.9704871Z A path returned 202. Retrying...
2024-01-04T00:49:36.9705315Z A path returned 202. Retrying...
2024-01-04T00:49:36.9705718Z A path returned 202. Retrying...
2024-01-04T00:49:36.9706104Z A path returned 202. Retrying...
2024-01-04T00:49:36.9706721Z A path returned 202. Retrying...
2024-01-04T00:49:36.9707105Z A path returned 202. Retrying...
2024-01-04T00:49:36.9707455Z A path returned 202. Retrying...
2024-01-04T00:49:36.9707922Z A path returned 202. Retrying...
2024-01-04T00:49:36.9708307Z A path returned 202. Retrying...
2024-01-04T00:49:36.9708814Z A path returned 202. Retrying...
2024-01-04T00:49:36.9709216Z A path returned 202. Retrying...
2024-01-04T00:49:36.9709603Z A path returned 202. Retrying...
2024-01-04T00:49:36.9710062Z A path returned 202. Retrying...
2024-01-04T00:49:36.9710417Z A path returned 202. Retrying...
2024-01-04T00:49:36.9710805Z A path returned 202. Retrying...
2024-01-04T00:49:36.9711268Z A path returned 202. Retrying...
2024-01-04T00:49:36.9711653Z A path returned 202. Retrying...
2024-01-04T00:49:36.9712056Z A path returned 202. Retrying...
2024-01-04T00:49:36.9712507Z A path returned 202. Retrying...
2024-01-04T00:49:36.9712893Z A path returned 202. Retrying...
2024-01-04T00:49:36.9713293Z A path returned 202. Retrying...
2024-01-04T00:49:36.9713738Z A path returned 202. Retrying...
2024-01-04T00:49:36.9714123Z A path returned 202. Retrying...
2024-01-04T00:49:36.9714582Z A path returned 202. Retrying...
2024-01-04T00:49:36.9714974Z A path returned 202. Retrying...
2024-01-04T00:49:36.9715373Z A path returned 202. Retrying...
2024-01-04T00:49:36.9715815Z A path returned 202. Retrying...
2024-01-04T00:49:36.9716166Z A path returned 202. Retrying...
2024-01-04T00:49:36.9716683Z A path returned 202. Retrying...
2024-01-04T00:49:36.9717143Z A path returned 202. Retrying...
2024-01-04T00:49:36.9717546Z A path returned 202. Retrying...
2024-01-04T00:49:36.9717965Z A path returned 202. Retrying...
2024-01-04T00:49:36.9718416Z A path returned 202. Retrying...
2024-01-04T00:49:36.9718816Z A path returned 202. Retrying...
2024-01-04T00:49:36.9719180Z A path returned 202. Retrying...
2024-01-04T00:49:36.9719638Z A path returned 202. Retrying...
2024-01-04T00:49:36.9720049Z A path returned 202. Retrying...
2024-01-04T00:49:36.9720503Z A path returned 202. Retrying...
2024-01-04T00:49:36.9720913Z A path returned 202. Retrying...
2024-01-04T00:49:36.9721304Z A path returned 202. Retrying...
2024-01-04T00:49:36.9721750Z A path returned 202. Retrying...
2024-01-04T00:49:36.9722124Z A path returned 202. Retrying...
2024-01-04T00:49:36.9722545Z A path returned 202. Retrying...
2024-01-04T00:49:36.9723016Z A path returned 202. Retrying...
2024-01-04T00:49:36.9723415Z A path returned 202. Retrying...
2024-01-04T00:49:36.9723996Z A path returned 202. Retrying...
2024-01-04T00:49:36.9724523Z A path returned 202. Retrying...
2024-01-04T00:49:36.9724943Z A path returned 202. Retrying...
2024-01-04T00:49:36.9725296Z A path returned 202. Retrying...
2024-01-04T00:49:36.9725763Z A path returned 202. Retrying...
2024-01-04T00:49:36.9726156Z A path returned 202. Retrying...
2024-01-04T00:49:36.9726619Z A path returned 202. Retrying...
2024-01-04T00:49:36.9727008Z A path returned 202. Retrying...
2024-01-04T00:49:36.9727426Z A path returned 202. Retrying...
2024-01-04T00:49:36.9727951Z A path returned 202. Retrying...
2024-01-04T00:49:36.9728346Z A path returned 202. Retrying...
2024-01-04T00:49:36.9728732Z A path returned 202. Retrying...
2024-01-04T00:49:36.9729199Z A path returned 202. Retrying...
2024-01-04T00:49:36.9729585Z A path returned 202. Retrying...
2024-01-04T00:49:36.9729988Z A path returned 202. Retrying...
2024-01-04T00:49:36.9730431Z A path returned 202. Retrying...
2024-01-04T00:49:36.9730822Z A path returned 202. Retrying...
2024-01-04T00:49:36.9731191Z A path returned 202. Retrying...
2024-01-04T00:49:36.9731638Z A path returned 202. Retrying...
2024-01-04T00:49:36.9732074Z A path returned 202. Retrying...
2024-01-04T00:49:36.9732515Z A path returned 202. Retrying...
2024-01-04T00:58:21.1480785Z A path returned 202. Retrying...
2024-01-04T00:58:21.1481533Z A path returned 202. Retrying...
2024-01-04T00:58:21.1481948Z A path returned 202. Retrying...
2024-01-04T00:58:21.1482310Z A path returned 202. Retrying...
2024-01-04T00:58:21.1483076Z A path returned 202. Retrying...
2024-01-04T00:58:21.1483421Z A path returned 202. Retrying...
2024-01-04T00:58:21.1483771Z A path returned 202. Retrying...
2024-01-04T00:58:21.1484373Z A path returned 202. Retrying...
2024-01-04T00:58:21.1484729Z A path returned 202. Retrying...
2024-01-04T00:58:21.1485077Z A path returned 202. Retrying...
2024-01-04T00:58:21.1485428Z A path returned 202. Retrying...
2024-01-04T00:58:21.1485783Z A path returned 202. Retrying...
2024-01-04T00:58:21.1486122Z A path returned 202. Retrying...
2024-01-04T00:58:21.1486467Z A path returned 202. Retrying...
2024-01-04T00:58:21.1486810Z A path returned 202. Retrying...
2024-01-04T00:58:21.1487153Z A path returned 202. Retrying...
2024-01-04T00:58:21.1487491Z A path returned 202. Retrying...
2024-01-04T00:58:21.1487829Z A path returned 202. Retrying...
2024-01-04T00:58:21.1488168Z A path returned 202. Retrying...
2024-01-04T00:58:21.1488503Z A path returned 202. Retrying...
2024-01-04T00:58:21.1488842Z A path returned 202. Retrying...
2024-01-04T00:58:21.1489188Z A path returned 202. Retrying...
2024-01-04T00:58:21.1489528Z A path returned 202. Retrying...
2024-01-04T00:58:21.1489866Z A path returned 202. Retrying...
2024-01-04T00:58:21.1490206Z A path returned 202. Retrying...
2024-01-04T00:58:21.1490545Z A path returned 202. Retrying...
2024-01-04T00:58:21.1490878Z A path returned 202. Retrying...
2024-01-04T00:58:21.1491218Z A path returned 202. Retrying...
2024-01-04T00:58:21.1491752Z A path returned 202. Retrying...
2024-01-04T00:58:21.1492103Z A path returned 202. Retrying...
2024-01-04T00:58:21.1492411Z A path returned 202. Retrying...
2024-01-04T00:58:21.1492707Z A path returned 202. Retrying...
2024-01-04T00:58:21.1492999Z A path returned 202. Retrying...
2024-01-04T00:58:21.1493286Z A path returned 202. Retrying...
2024-01-04T00:58:21.1493578Z A path returned 202. Retrying...
2024-01-04T00:58:21.1493870Z A path returned 202. Retrying...
2024-01-04T00:58:21.1494163Z A path returned 202. Retrying...
2024-01-04T00:58:21.1494460Z A path returned 202. Retrying...
2024-01-04T00:58:21.1494752Z A path returned 202. Retrying...
2024-01-04T00:58:21.1495043Z A path returned 202. Retrying...
2024-01-04T00:58:21.1495330Z A path returned 202. Retrying...
2024-01-04T00:58:21.1495632Z A path returned 202. Retrying...
2024-01-04T00:58:21.1495926Z A path returned 202. Retrying...
2024-01-04T00:58:21.1496221Z A path returned 202. Retrying...
2024-01-04T00:58:21.1496516Z A path returned 202. Retrying...
2024-01-04T00:58:21.1496815Z A path returned 202. Retrying...
2024-01-04T00:58:21.1497107Z A path returned 202. Retrying...
2024-01-04T00:58:21.1497395Z A path returned 202. Retrying...
2024-01-04T00:58:21.1497733Z A path returned 202. Retrying...
2024-01-04T00:58:21.1498045Z A path returned 202. Retrying...
2024-01-04T00:58:21.1498344Z A path returned 202. Retrying...
2024-01-04T00:58:21.1498633Z A path returned 202. Retrying...
2024-01-04T00:58:21.1498929Z A path returned 202. Retrying...
2024-01-04T00:58:21.1499225Z A path returned 202. Retrying...
2024-01-04T00:58:21.1499527Z A path returned 202. Retrying...
2024-01-04T00:58:21.1499841Z A path returned 202. Retrying...
2024-01-04T00:58:21.1500152Z A path returned 202. Retrying...
2024-01-04T00:58:21.1500456Z A path returned 202. Retrying...
2024-01-04T00:58:21.1500752Z A path returned 202. Retrying...
2024-01-04T00:58:21.1501056Z A path returned 202. Retrying...
2024-01-04T00:58:21.1501359Z A path returned 202. Retrying...
2024-01-04T00:58:21.1501670Z A path returned 202. Retrying...
2024-01-04T00:58:21.1501970Z A path returned 202. Retrying...
2024-01-04T00:58:21.1502268Z A path returned 202. Retrying...
2024-01-04T00:58:21.1502565Z A path returned 202. Retrying...
2024-01-04T00:58:21.1502855Z A path returned 202. Retrying...
2024-01-04T00:58:21.1503154Z A path returned 202. Retrying...
2024-01-04T00:58:21.1503450Z A path returned 202. Retrying...
2024-01-04T00:58:21.1503746Z A path returned 202. Retrying...
2024-01-04T00:58:21.1504041Z A path returned 202. Retrying...
2024-01-04T00:58:21.1504336Z A path returned 202. Retrying...
2024-01-04T00:58:21.1504796Z A path returned 202. Retrying...
2024-01-04T00:58:21.1505092Z A path returned 202. Retrying...
2024-01-04T00:58:21.1505392Z A path returned 202. Retrying...
2024-01-04T00:58:21.1505687Z A path returned 202. Retrying...
2024-01-04T00:58:21.1505984Z A path returned 202. Retrying...
2024-01-04T00:58:21.1506278Z A path returned 202. Retrying...
2024-01-04T00:58:21.1506573Z A path returned 202. Retrying...
2024-01-04T00:58:21.1506870Z A path returned 202. Retrying...
2024-01-04T00:58:21.1507159Z A path returned 202. Retrying...
2024-01-04T00:58:21.1507455Z A path returned 202. Retrying...
2024-01-04T00:58:21.1507752Z A path returned 202. Retrying...
2024-01-04T00:58:21.1508045Z A path returned 202. Retrying...
2024-01-04T00:58:21.1508346Z A path returned 202. Retrying...
2024-01-04T00:58:21.1508644Z A path returned 202. Retrying...
2024-01-04T00:58:21.1508937Z A path returned 202. Retrying...
2024-01-04T00:58:21.1509226Z A path returned 202. Retrying...
2024-01-04T00:58:21.1509529Z A path returned 202. Retrying...
2024-01-04T00:58:21.1509823Z A path returned 202. Retrying...
2024-01-04T00:58:21.1510119Z A path returned 202. Retrying...
2024-01-04T00:58:21.1510416Z A path returned 202. Retrying...
2024-01-04T00:58:21.1510712Z A path returned 202. Retrying...
2024-01-04T00:58:21.1511007Z A path returned 202. Retrying...
2024-01-04T00:58:21.1511298Z A path returned 202. Retrying...
2024-01-04T00:58:21.1511715Z A path returned 202. Retrying...
2024-01-04T00:58:21.1512015Z A path returned 202. Retrying...
2024-01-04T00:58:21.1512310Z A path returned 202. Retrying...
2024-01-04T00:58:21.1512606Z A path returned 202. Retrying...
2024-01-04T00:58:21.1512901Z A path returned 202. Retrying...
2024-01-04T00:58:21.1513195Z A path returned 202. Retrying...
2024-01-04T00:58:21.1513484Z A path returned 202. Retrying...
2024-01-04T00:58:21.1513780Z A path returned 202. Retrying...
2024-01-04T00:58:21.1514078Z A path returned 202. Retrying...
2024-01-04T00:58:21.1514371Z A path returned 202. Retrying...
2024-01-04T00:58:21.1514674Z A path returned 202. Retrying...
2024-01-04T00:58:21.1514970Z A path returned 202. Retrying...
2024-01-04T00:58:21.1515265Z A path returned 202. Retrying...
2024-01-04T00:58:21.1515556Z A path returned 202. Retrying...
2024-01-04T00:58:21.1515851Z A path returned 202. Retrying...
2024-01-04T00:58:21.1516145Z A path returned 202. Retrying...
2024-01-04T00:58:21.1516438Z A path returned 202. Retrying...
2024-01-04T00:58:21.1516737Z A path returned 202. Retrying...
2024-01-04T00:58:21.1517031Z A path returned 202. Retrying...
2024-01-04T00:58:21.1517323Z A path returned 202. Retrying...
2024-01-04T00:58:21.1517614Z A path returned 202. Retrying...
2024-01-04T00:58:21.1517909Z A path returned 202. Retrying...
2024-01-04T00:58:21.1518207Z A path returned 202. Retrying...
2024-01-04T00:58:21.1518501Z A path returned 202. Retrying...
2024-01-04T00:58:21.1518796Z A path returned 202. Retrying...
2024-01-04T00:58:21.1519091Z A path returned 202. Retrying...
2024-01-04T00:58:21.1519389Z A path returned 202. Retrying...
2024-01-04T00:58:21.1519679Z A path returned 202. Retrying...
2024-01-04T00:58:21.1519974Z A path returned 202. Retrying...
2024-01-04T00:58:21.1520267Z A path returned 202. Retrying...
2024-01-04T00:58:21.1520563Z A path returned 202. Retrying...
2024-01-04T00:58:21.1520860Z A path returned 202. Retrying...
2024-01-04T00:58:21.1521157Z A path returned 202. Retrying...
2024-01-04T00:58:21.1521454Z A path returned 202. Retrying...
2024-01-04T00:58:21.1521743Z A path returned 202. Retrying...
2024-01-04T00:58:21.1522039Z A path returned 202. Retrying...
2024-01-04T00:58:21.1522335Z A path returned 202. Retrying...
2024-01-04T00:58:21.1522631Z A path returned 202. Retrying...
2024-01-04T00:58:21.1522927Z A path returned 202. Retrying...
2024-01-04T00:58:21.1523220Z A path returned 202. Retrying...
2024-01-04T00:58:21.1523514Z A path returned 202. Retrying...
2024-01-04T00:58:21.1523921Z A path returned 202. Retrying...
2024-01-04T00:58:21.1524229Z A path returned 202. Retrying...
2024-01-04T00:58:21.1524684Z A path returned 202. Retrying...
2024-01-04T00:58:21.1524980Z A path returned 202. Retrying...
2024-01-04T00:58:21.1525274Z A path returned 202. Retrying...
2024-01-04T00:58:21.1525567Z A path returned 202. Retrying...
2024-01-04T00:58:21.1525860Z A path returned 202. Retrying...
2024-01-04T00:58:21.1526149Z A path returned 202. Retrying...
2024-01-04T00:58:21.1526445Z A path returned 202. Retrying...
2024-01-04T00:58:21.1526741Z A path returned 202. Retrying...
2024-01-04T00:58:21.1527035Z A path returned 202. Retrying...
2024-01-04T00:58:21.1527330Z A path returned 202. Retrying...
2024-01-04T00:58:21.1527624Z A path returned 202. Retrying...
2024-01-04T00:58:21.1527919Z A path returned 202. Retrying...
2024-01-04T00:58:21.1528208Z A path returned 202. Retrying...
2024-01-04T00:58:21.1528502Z A path returned 202. Retrying...
2024-01-04T00:58:21.1528796Z A path returned 202. Retrying...
2024-01-04T00:58:21.1529090Z A path returned 202. Retrying...
2024-01-04T00:58:21.1529392Z A path returned 202. Retrying...
2024-01-04T00:58:21.1529686Z A path returned 202. Retrying...
2024-01-04T00:58:21.1529979Z A path returned 202. Retrying...
2024-01-04T00:58:21.1530266Z A path returned 202. Retrying...
2024-01-04T00:58:21.1530562Z A path returned 202. Retrying...
2024-01-04T00:58:21.1530857Z A path returned 202. Retrying...
2024-01-04T00:58:21.1531151Z A path returned 202. Retrying...
2024-01-04T00:58:21.1531591Z A path returned 202. Retrying...
2024-01-04T00:58:21.1531894Z A path returned 202. Retrying...
2024-01-04T00:58:21.1532188Z A path returned 202. Retrying...
2024-01-04T00:58:21.1532477Z A path returned 202. Retrying...
2024-01-04T00:58:21.1532770Z A path returned 202. Retrying...
2024-01-04T00:58:21.1533062Z A path returned 202. Retrying...
2024-01-04T00:58:21.1533359Z A path returned 202. Retrying...
2024-01-04T00:58:21.1533653Z A path returned 202. Retrying...
2024-01-04T00:58:21.1533944Z A path returned 202. Retrying...
2024-01-04T00:58:21.1534239Z A path returned 202. Retrying...
2024-01-04T00:58:21.1534531Z A path returned 202. Retrying...
2024-01-04T00:58:21.1534825Z A path returned 202. Retrying...
2024-01-04T00:58:21.1535120Z A path returned 202. Retrying...
2024-01-04T00:58:21.1535414Z A path returned 202. Retrying...
2024-01-04T00:58:21.1535710Z A path returned 202. Retrying...
2024-01-04T00:58:21.1536006Z A path returned 202. Retrying...
2024-01-04T00:58:21.1536300Z A path returned 202. Retrying...
2024-01-04T00:58:21.1536594Z A path returned 202. Retrying...
2024-01-04T00:58:21.1536890Z A path returned 202. Retrying...
2024-01-04T00:58:21.1537184Z A path returned 202. Retrying...
2024-01-04T00:58:21.1537478Z A path returned 202. Retrying...
2024-01-04T00:58:21.1537772Z A path returned 202. Retrying...
2024-01-04T00:58:21.1538063Z A path returned 202. Retrying...
2024-01-04T00:58:21.1538357Z A path returned 202. Retrying...
2024-01-04T00:58:21.1538647Z A path returned 202. Retrying...
2024-01-04T00:58:21.1538941Z A path returned 202. Retrying...
2024-01-04T00:58:21.1539242Z A path returned 202. Retrying...
2024-01-04T00:58:21.1539535Z A path returned 202. Retrying...
2024-01-04T00:58:21.1539837Z A path returned 202. Retrying...
2024-01-04T00:58:21.1540133Z A path returned 202. Retrying...
2024-01-04T00:58:21.1540428Z A path returned 202. Retrying...
2024-01-04T00:58:21.1540716Z A path returned 202. Retrying...
2024-01-04T00:58:21.1541012Z A path returned 202. Retrying...
2024-01-04T00:58:21.1541309Z A path returned 202. Retrying...
2024-01-04T00:58:21.1541605Z A path returned 202. Retrying...
2024-01-04T00:58:21.1541899Z A path returned 202. Retrying...
2024-01-04T00:58:21.1542194Z A path returned 202. Retrying...
2024-01-04T00:58:21.1542492Z A path returned 202. Retrying...
2024-01-04T00:58:21.1542779Z A path returned 202. Retrying...
2024-01-04T00:58:21.1543078Z A path returned 202. Retrying...
2024-01-04T00:58:21.1543373Z A path returned 202. Retrying...
2024-01-04T00:58:21.1543670Z A path returned 202. Retrying...
2024-01-04T00:58:21.1543964Z A path returned 202. Retrying...
2024-01-04T00:58:21.1544382Z A path returned 202. Retrying...
2024-01-04T00:58:21.1544674Z A path returned 202. Retrying...
2024-01-04T00:58:21.1544963Z A path returned 202. Retrying...
2024-01-04T00:58:21.1545261Z A path returned 202. Retrying...
2024-01-04T00:58:21.1545555Z A path returned 202. Retrying...
2024-01-04T00:58:21.1545849Z A path returned 202. Retrying...
2024-01-04T00:58:21.1546141Z A path returned 202. Retrying...
2024-01-04T00:58:21.1546439Z A path returned 202. Retrying...
2024-01-04T00:58:21.1546731Z A path returned 202. Retrying...
2024-01-04T00:58:21.1547021Z A path returned 202. Retrying...
2024-01-04T00:58:21.1547316Z A path returned 202. Retrying...
2024-01-04T00:58:21.1547611Z A path returned 202. Retrying...
2024-01-04T00:58:21.1547905Z A path returned 202. Retrying...
2024-01-04T00:58:21.1548200Z A path returned 202. Retrying...
2024-01-04T00:58:21.1548495Z A path returned 202. Retrying...
2024-01-04T00:58:21.1548787Z A path returned 202. Retrying...
2024-01-04T00:58:21.1549085Z A path returned 202. Retrying...
2024-01-04T00:58:21.1549380Z A path returned 202. Retrying...
2024-01-04T00:58:21.1549676Z A path returned 202. Retrying...
2024-01-04T00:58:21.1549969Z A path returned 202. Retrying...
2024-01-04T00:58:21.1550263Z A path returned 202. Retrying...
2024-01-04T00:58:21.1550554Z A path returned 202. Retrying...
2024-01-04T00:58:21.1550845Z A path returned 202. Retrying...
2024-01-04T00:58:21.1551277Z A path returned 202. Retrying...
2024-01-04T00:58:21.1551578Z A path returned 202. Retrying...
2024-01-04T00:58:21.1551875Z A path returned 202. Retrying...
2024-01-04T00:58:21.1552173Z A path returned 202. Retrying...
2024-01-04T00:58:21.1552469Z A path returned 202. Retrying...
2024-01-04T00:58:21.1552763Z A path returned 202. Retrying...
2024-01-04T00:58:21.1553056Z A path returned 202. Retrying...
2024-01-04T00:58:21.1553345Z A path returned 202. Retrying...
2024-01-04T00:58:21.1553640Z A path returned 202. Retrying...
2024-01-04T00:58:21.1553932Z A path returned 202. Retrying...
2024-01-04T00:58:21.1554229Z A path returned 202. Retrying...
2024-01-04T00:58:21.1554524Z A path returned 202. Retrying...
2024-01-04T00:58:21.1554816Z A path returned 202. Retrying...
2024-01-04T00:58:21.1555114Z A path returned 202. Retrying...
2024-01-04T00:58:21.1555404Z A path returned 202. Retrying...
2024-01-04T00:58:21.1555697Z A path returned 202. Retrying...
2024-01-04T00:58:21.1555991Z A path returned 202. Retrying...
2024-01-04T00:58:21.1556288Z A path returned 202. Retrying...
2024-01-04T00:58:21.1556582Z A path returned 202. Retrying...
2024-01-04T00:58:21.1556875Z A path returned 202. Retrying...
2024-01-04T00:58:21.1557203Z A path returned 202. Retrying...
2024-01-04T00:58:21.1557493Z A path returned 202. Retrying...
2024-01-04T01:07:06.2111231Z A path returned 202. Retrying...
2024-01-04T01:07:06.2111947Z A path returned 202. Retrying...
2024-01-04T01:07:06.2112410Z A path returned 202. Retrying...
2024-01-04T01:07:06.2112795Z A path returned 202. Retrying...
2024-01-04T01:07:06.2113246Z A path returned 202. Retrying...
2024-01-04T01:07:06.2113630Z A path returned 202. Retrying...
2024-01-04T01:07:06.2114010Z A path returned 202. Retrying...
2024-01-04T01:07:06.2114385Z A path returned 202. Retrying...
2024-01-04T01:07:06.2114792Z A path returned 202. Retrying...
2024-01-04T01:07:06.2115161Z A path returned 202. Retrying...
2024-01-04T01:07:06.2115538Z A path returned 202. Retrying...
2024-01-04T01:07:06.2115934Z A path returned 202. Retrying...
2024-01-04T01:07:06.2116324Z A path returned 202. Retrying...
2024-01-04T01:07:06.2116712Z A path returned 202. Retrying...
2024-01-04T01:07:06.2117100Z A path returned 202. Retrying...
2024-01-04T01:07:06.2117481Z A path returned 202. Retrying...
2024-01-04T01:07:06.2117854Z A path returned 202. Retrying...
2024-01-04T01:07:06.2118233Z A path returned 202. Retrying...
2024-01-04T01:07:06.2118613Z A path returned 202. Retrying...
2024-01-04T01:07:06.2118993Z A path returned 202. Retrying...
2024-01-04T01:07:06.2119371Z A path returned 202. Retrying...
2024-01-04T01:07:06.2120165Z A path returned 202. Retrying...
2024-01-04T01:07:06.2120556Z A path returned 202. Retrying...
2024-01-04T01:07:06.2120931Z A path returned 202. Retrying...
2024-01-04T01:07:06.2121312Z A path returned 202. Retrying...
2024-01-04T01:07:06.2121649Z A path returned 202. Retrying...
2024-01-04T01:07:06.2121949Z A path returned 202. Retrying...
2024-01-04T01:07:06.2122249Z A path returned 202. Retrying...
2024-01-04T01:07:06.2122560Z A path returned 202. Retrying...
2024-01-04T01:07:06.2122895Z A path returned 202. Retrying...
2024-01-04T01:07:06.2123208Z A path returned 202. Retrying...
2024-01-04T01:07:06.2123520Z A path returned 202. Retrying...
2024-01-04T01:07:06.2124035Z A path returned 202. Retrying...
2024-01-04T01:07:06.2124352Z A path returned 202. Retrying...
2024-01-04T01:07:06.2124659Z A path returned 202. Retrying...
2024-01-04T01:07:06.2124973Z A path returned 202. Retrying...
2024-01-04T01:07:06.2125277Z A path returned 202. Retrying...
2024-01-04T01:07:06.2125581Z A path returned 202. Retrying...
2024-01-04T01:07:06.2125887Z A path returned 202. Retrying...
2024-01-04T01:07:06.2126192Z A path returned 202. Retrying...
2024-01-04T01:07:06.2126497Z A path returned 202. Retrying...
2024-01-04T01:07:06.2126801Z A path returned 202. Retrying...
2024-01-04T01:07:06.2127103Z A path returned 202. Retrying...
2024-01-04T01:07:06.2127405Z A path returned 202. Retrying...
2024-01-04T01:07:06.2127897Z A path returned 202. Retrying...
2024-01-04T01:07:06.2128212Z A path returned 202. Retrying...
2024-01-04T01:07:06.2128518Z A path returned 202. Retrying...
2024-01-04T01:07:06.2128823Z A path returned 202. Retrying...
2024-01-04T01:07:06.2129127Z A path returned 202. Retrying...
2024-01-04T01:07:06.2129427Z A path returned 202. Retrying...
2024-01-04T01:07:06.2129731Z A path returned 202. Retrying...
2024-01-04T01:07:06.2130028Z A path returned 202. Retrying...
2024-01-04T01:07:06.2130330Z A path returned 202. Retrying...
2024-01-04T01:07:06.2130639Z A path returned 202. Retrying...
2024-01-04T01:07:06.2130943Z A path returned 202. Retrying...
2024-01-04T01:07:06.2131246Z A path returned 202. Retrying...
2024-01-04T01:07:06.2131547Z A path returned 202. Retrying...
2024-01-04T01:07:06.2131850Z A path returned 202. Retrying...
2024-01-04T01:07:06.2132147Z A path returned 202. Retrying...
2024-01-04T01:07:06.2132451Z A path returned 202. Retrying...
2024-01-04T01:07:06.2132753Z A path returned 202. Retrying...
2024-01-04T01:07:06.2133060Z A path returned 202. Retrying...
2024-01-04T01:07:06.2133364Z A path returned 202. Retrying...
2024-01-04T01:07:06.2133665Z A path returned 202. Retrying...
2024-01-04T01:07:06.2133965Z A path returned 202. Retrying...
2024-01-04T01:07:06.2134261Z A path returned 202. Retrying...
2024-01-04T01:07:06.2134560Z A path returned 202. Retrying...
2024-01-04T01:07:06.2134861Z A path returned 202. Retrying...
2024-01-04T01:07:06.2135160Z A path returned 202. Retrying...
2024-01-04T01:07:06.2135462Z A path returned 202. Retrying...
2024-01-04T01:07:06.2135765Z A path returned 202. Retrying...
2024-01-04T01:07:06.2136068Z A path returned 202. Retrying...
2024-01-04T01:07:06.2136363Z A path returned 202. Retrying...
2024-01-04T01:07:06.2136664Z A path returned 202. Retrying...
2024-01-04T01:07:06.2136964Z A path returned 202. Retrying...
2024-01-04T01:07:06.2137266Z A path returned 202. Retrying...
2024-01-04T01:07:06.2137572Z A path returned 202. Retrying...
2024-01-04T01:07:06.2137879Z A path returned 202. Retrying...
2024-01-04T01:07:06.2138183Z A path returned 202. Retrying...
2024-01-04T01:07:06.2138480Z A path returned 202. Retrying...
2024-01-04T01:07:06.2138781Z A path returned 202. Retrying...
2024-01-04T01:07:06.2139089Z A path returned 202. Retrying...
2024-01-04T01:07:06.2139400Z A path returned 202. Retrying...
2024-01-04T01:07:06.2139706Z A path returned 202. Retrying...
2024-01-04T01:07:06.2140007Z A path returned 202. Retrying...
2024-01-04T01:07:06.2140308Z A path returned 202. Retrying...
2024-01-04T01:07:06.2140605Z A path returned 202. Retrying...
2024-01-04T01:07:06.2141060Z A path returned 202. Retrying...
2024-01-04T01:07:06.2141365Z A path returned 202. Retrying...
2024-01-04T01:07:06.2141665Z A path returned 202. Retrying...
2024-01-04T01:07:06.2141967Z A path returned 202. Retrying...
2024-01-04T01:07:06.2142268Z A path returned 202. Retrying...
2024-01-04T01:07:06.2142570Z A path returned 202. Retrying...
2024-01-04T01:07:06.2142867Z A path returned 202. Retrying...
2024-01-04T01:07:06.2143171Z A path returned 202. Retrying...
2024-01-04T01:07:06.2143472Z A path returned 202. Retrying...
2024-01-04T01:07:06.2143774Z A path returned 202. Retrying...
2024-01-04T01:07:06.2144074Z A path returned 202. Retrying...
2024-01-04T01:07:06.2144373Z A path returned 202. Retrying...
2024-01-04T01:07:06.2144672Z A path returned 202. Retrying...
2024-01-04T01:07:06.2144967Z A path returned 202. Retrying...
2024-01-04T01:07:06.2145271Z A path returned 202. Retrying...
2024-01-04T01:07:06.2145573Z A path returned 202. Retrying...
2024-01-04T01:07:06.2145880Z A path returned 202. Retrying...
2024-01-04T01:07:06.2146182Z A path returned 202. Retrying...
2024-01-04T01:07:06.2146482Z A path returned 202. Retrying...
2024-01-04T01:07:06.2146782Z A path returned 202. Retrying...
2024-01-04T01:07:06.2147078Z A path returned 202. Retrying...
2024-01-04T01:07:06.2147378Z A path returned 202. Retrying...
2024-01-04T01:07:06.2147680Z A path returned 202. Retrying...
2024-01-04T01:07:06.2148103Z A path returned 202. Retrying...
2024-01-04T01:07:06.2148412Z A path returned 202. Retrying...
2024-01-04T01:07:06.2148715Z A path returned 202. Retrying...
2024-01-04T01:07:06.2149013Z A path returned 202. Retrying...
2024-01-04T01:07:06.2149312Z A path returned 202. Retrying...
2024-01-04T01:07:06.2149617Z A path returned 202. Retrying...
2024-01-04T01:07:06.2149919Z A path returned 202. Retrying...
2024-01-04T01:07:06.2150222Z A path returned 202. Retrying...
2024-01-04T01:07:06.2150523Z A path returned 202. Retrying...
2024-01-04T01:07:06.2150824Z A path returned 202. Retrying...
2024-01-04T01:07:06.2151129Z A path returned 202. Retrying...
2024-01-04T01:07:06.2151424Z A path returned 202. Retrying...
2024-01-04T01:07:06.2151724Z A path returned 202. Retrying...
2024-01-04T01:07:06.2152025Z A path returned 202. Retrying...
2024-01-04T01:07:06.2152327Z A path returned 202. Retrying...
2024-01-04T01:07:06.2152626Z A path returned 202. Retrying...
2024-01-04T01:07:06.2152926Z A path returned 202. Retrying...
2024-01-04T01:07:06.2153232Z A path returned 202. Retrying...
2024-01-04T01:07:06.2153528Z A path returned 202. Retrying...
2024-01-04T01:07:06.2153830Z A path returned 202. Retrying...
2024-01-04T01:07:06.2154132Z A path returned 202. Retrying...
2024-01-04T01:07:06.2154435Z A path returned 202. Retrying...
2024-01-04T01:07:06.2154743Z A path returned 202. Retrying...
2024-01-04T01:07:06.2155044Z A path returned 202. Retrying...
2024-01-04T01:07:06.2155348Z A path returned 202. Retrying...
2024-01-04T01:07:06.2155645Z A path returned 202. Retrying...
2024-01-04T01:07:06.2155956Z A path returned 202. Retrying...
2024-01-04T01:07:06.2156257Z A path returned 202. Retrying...
2024-01-04T01:07:06.2156559Z A path returned 202. Retrying...
2024-01-04T01:07:06.2156859Z A path returned 202. Retrying...
2024-01-04T01:07:06.2157158Z A path returned 202. Retrying...
2024-01-04T01:07:06.2157458Z A path returned 202. Retrying...
2024-01-04T01:07:06.2157773Z A path returned 202. Retrying...
2024-01-04T01:07:06.2158078Z A path returned 202. Retrying...
2024-01-04T01:07:06.2158378Z A path returned 202. Retrying...
2024-01-04T01:07:06.2158677Z A path returned 202. Retrying...
2024-01-04T01:07:06.2158978Z A path returned 202. Retrying...
2024-01-04T01:07:06.2159281Z A path returned 202. Retrying...
2024-01-04T01:07:06.2159580Z A path returned 202. Retrying...
2024-01-04T01:07:06.2159876Z A path returned 202. Retrying...
2024-01-04T01:07:06.2160180Z A path returned 202. Retrying...
2024-01-04T01:07:06.2160478Z A path returned 202. Retrying...
2024-01-04T01:07:06.2160780Z A path returned 202. Retrying...
2024-01-04T01:07:06.2161207Z A path returned 202. Retrying...
2024-01-04T01:07:06.2161507Z A path returned 202. Retrying...
2024-01-04T01:07:06.2161805Z A path returned 202. Retrying...
2024-01-04T01:07:06.2162102Z A path returned 202. Retrying...
2024-01-04T01:07:06.2162403Z A path returned 202. Retrying...
2024-01-04T01:07:06.2162702Z A path returned 202. Retrying...
2024-01-04T01:07:06.2163004Z A path returned 202. Retrying...
2024-01-04T01:07:06.2163311Z A path returned 202. Retrying...
2024-01-04T01:07:06.2163612Z A path returned 202. Retrying...
2024-01-04T01:07:06.2164032Z A path returned 202. Retrying...
2024-01-04T01:07:06.2164328Z A path returned 202. Retrying...
2024-01-04T01:07:06.2164628Z A path returned 202. Retrying...
2024-01-04T01:07:06.2164931Z A path returned 202. Retrying...
2024-01-04T01:07:06.2165232Z A path returned 202. Retrying...
2024-01-04T01:07:06.2165531Z A path returned 202. Retrying...
2024-01-04T01:07:06.2165829Z A path returned 202. Retrying...
2024-01-04T01:07:06.2166133Z A path returned 202. Retrying...
2024-01-04T01:07:06.2166430Z A path returned 202. Retrying...
2024-01-04T01:07:06.2166733Z A path returned 202. Retrying...
2024-01-04T01:07:06.2167034Z A path returned 202. Retrying...
2024-01-04T01:07:06.2167335Z A path returned 202. Retrying...
2024-01-04T01:07:06.2167635Z A path returned 202. Retrying...
2024-01-04T01:07:06.2167935Z A path returned 202. Retrying...
2024-01-04T01:07:06.2168385Z A path returned 202. Retrying...
2024-01-04T01:07:06.2168687Z A path returned 202. Retrying...
2024-01-04T01:07:06.2168991Z A path returned 202. Retrying...
2024-01-04T01:07:06.2169291Z A path returned 202. Retrying...
2024-01-04T01:07:06.2169591Z A path returned 202. Retrying...
2024-01-04T01:07:06.2169895Z A path returned 202. Retrying...
2024-01-04T01:07:06.2170200Z A path returned 202. Retrying...
2024-01-04T01:07:06.2170500Z A path returned 202. Retrying...
2024-01-04T01:07:06.2170800Z A path returned 202. Retrying...
2024-01-04T01:07:06.2171105Z A path returned 202. Retrying...
2024-01-04T01:07:06.2171411Z A path returned 202. Retrying...
2024-01-04T01:07:06.2171714Z A path returned 202. Retrying...
2024-01-04T01:07:06.2172016Z A path returned 202. Retrying...
2024-01-04T01:07:06.2172318Z A path returned 202. Retrying...
2024-01-04T01:07:06.2172620Z A path returned 202. Retrying...
2024-01-04T01:07:06.2172918Z A path returned 202. Retrying...
2024-01-04T01:07:06.2173219Z A path returned 202. Retrying...
2024-01-04T01:07:06.2173526Z A path returned 202. Retrying...
2024-01-04T01:07:06.2173829Z A path returned 202. Retrying...
2024-01-04T01:07:06.2174132Z A path returned 202. Retrying...
2024-01-04T01:07:06.2174435Z A path returned 202. Retrying...
2024-01-04T01:07:06.2174738Z A path returned 202. Retrying...
2024-01-04T01:07:06.2175037Z A path returned 202. Retrying...
2024-01-04T01:07:06.2175340Z A path returned 202. Retrying...
2024-01-04T01:07:06.2175641Z A path returned 202. Retrying...
2024-01-04T01:07:06.2175942Z A path returned 202. Retrying...
2024-01-04T01:07:06.2176248Z A path returned 202. Retrying...
2024-01-04T01:07:06.2176549Z A path returned 202. Retrying...
2024-01-04T01:07:06.2176849Z A path returned 202. Retrying...
2024-01-04T01:07:06.2177146Z A path returned 202. Retrying...
2024-01-04T01:07:06.2177449Z A path returned 202. Retrying...
2024-01-04T01:07:06.2177751Z A path returned 202. Retrying...
2024-01-04T01:07:06.2178053Z A path returned 202. Retrying...
2024-01-04T01:07:06.2178361Z A path returned 202. Retrying...
2024-01-04T01:07:06.2178662Z A path returned 202. Retrying...
2024-01-04T01:07:06.2178964Z A path returned 202. Retrying...
2024-01-04T01:07:06.2179260Z A path returned 202. Retrying...
2024-01-04T01:07:06.2179562Z A path returned 202. Retrying...
2024-01-04T01:07:06.2179861Z A path returned 202. Retrying...
2024-01-04T01:07:06.2180161Z A path returned 202. Retrying...
2024-01-04T01:07:06.2180465Z A path returned 202. Retrying...
2024-01-04T01:07:06.2180773Z A path returned 202. Retrying...
2024-01-04T01:07:06.2181075Z A path returned 202. Retrying...
2024-01-04T01:07:06.2181525Z A path returned 202. Retrying...
2024-01-04T01:07:06.2181828Z A path returned 202. Retrying...
2024-01-04T01:07:06.2182128Z A path returned 202. Retrying...
2024-01-04T01:07:06.2182428Z A path returned 202. Retrying...
2024-01-04T01:07:06.2182726Z A path returned 202. Retrying...
2024-01-04T01:07:06.2183031Z A path returned 202. Retrying...
2024-01-04T01:07:06.2183333Z A path returned 202. Retrying...
2024-01-04T01:07:06.2183633Z A path returned 202. Retrying...
2024-01-04T01:07:06.2183935Z A path returned 202. Retrying...
2024-01-04T01:07:06.2184238Z A path returned 202. Retrying...
2024-01-04T01:07:06.2184540Z A path returned 202. Retrying...
2024-01-04T01:07:06.2184840Z A path returned 202. Retrying...
2024-01-04T01:07:06.2185143Z A path returned 202. Retrying...
2024-01-04T01:07:06.2185446Z A path returned 202. Retrying...
2024-01-04T01:07:06.2185745Z A path returned 202. Retrying...
2024-01-04T01:07:06.2186047Z A path returned 202. Retrying...
2024-01-04T01:07:06.2186353Z A path returned 202. Retrying...
2024-01-04T01:07:06.2186653Z A path returned 202. Retrying...
2024-01-04T01:07:06.2186953Z A path returned 202. Retrying...
2024-01-04T01:07:06.2187255Z A path returned 202. Retrying...
2024-01-04T01:07:06.2187559Z A path returned 202. Retrying...
2024-01-04T01:07:06.2187854Z A path returned 202. Retrying...
2024-01-04T01:07:06.2188154Z A path returned 202. Retrying...
2024-01-04T01:07:06.2188628Z A path returned 202. Retrying...
2024-01-04T01:07:06.2188938Z A path returned 202. Retrying...
2024-01-04T01:07:06.2189239Z A path returned 202. Retrying...
2024-01-04T01:07:06.2189540Z A path returned 202. Retrying...
2024-01-04T01:07:06.2189839Z A path returned 202. Retrying...
2024-01-04T01:07:06.2190135Z A path returned 202. Retrying...
2024-01-04T01:15:54.0700610Z A path returned 202. Retrying...
2024-01-04T01:15:54.0701364Z A path returned 202. Retrying...
2024-01-04T01:15:54.0702033Z A path returned 202. Retrying...
2024-01-04T01:15:54.0704845Z A path returned 202. Retrying...
2024-01-04T01:15:54.0705268Z A path returned 202. Retrying...
2024-01-04T01:15:54.0705614Z A path returned 202. Retrying...
2024-01-04T01:15:54.0705938Z A path returned 202. Retrying...
2024-01-04T01:15:54.0706255Z A path returned 202. Retrying...
2024-01-04T01:15:54.0706580Z A path returned 202. Retrying...
2024-01-04T01:15:54.0706897Z A path returned 202. Retrying...
2024-01-04T01:15:54.0707240Z A path returned 202. Retrying...
2024-01-04T01:15:54.0707573Z A path returned 202. Retrying...
2024-01-04T01:15:54.0707897Z A path returned 202. Retrying...
2024-01-04T01:15:54.0708219Z A path returned 202. Retrying...
2024-01-04T01:15:54.0708540Z A path returned 202. Retrying...
2024-01-04T01:15:54.0708863Z A path returned 202. Retrying...
2024-01-04T01:15:54.0709178Z A path returned 202. Retrying...
2024-01-04T01:15:54.0709494Z A path returned 202. Retrying...
2024-01-04T01:15:54.0709806Z A path returned 202. Retrying...
2024-01-04T01:15:54.0710127Z A path returned 202. Retrying...
2024-01-04T01:15:54.0710453Z A path returned 202. Retrying...
2024-01-04T01:15:54.0710769Z A path returned 202. Retrying...
2024-01-04T01:15:54.0711086Z A path returned 202. Retrying...
2024-01-04T01:15:54.0711403Z A path returned 202. Retrying...
2024-01-04T01:15:54.0711721Z A path returned 202. Retrying...
2024-01-04T01:15:54.0712031Z A path returned 202. Retrying...
2024-01-04T01:15:54.0712347Z A path returned 202. Retrying...
2024-01-04T01:15:54.0712668Z A path returned 202. Retrying...
2024-01-04T01:15:54.0712985Z A path returned 202. Retrying...
2024-01-04T01:15:54.0713301Z A path returned 202. Retrying...
2024-01-04T01:15:54.0713614Z A path returned 202. Retrying...
2024-01-04T01:15:54.0713911Z A path returned 202. Retrying...
2024-01-04T01:15:54.0714215Z A path returned 202. Retrying...
2024-01-04T01:15:54.0714521Z A path returned 202. Retrying...
2024-01-04T01:15:54.0714823Z A path returned 202. Retrying...
2024-01-04T01:15:54.0715122Z A path returned 202. Retrying...
2024-01-04T01:15:54.0715419Z A path returned 202. Retrying...
2024-01-04T01:15:54.0716060Z A path returned 202. Retrying...
2024-01-04T01:15:54.0716364Z A path returned 202. Retrying...
2024-01-04T01:15:54.0716654Z A path returned 202. Retrying...
2024-01-04T01:15:54.0716971Z A path returned 202. Retrying...
2024-01-04T01:15:54.0717278Z A path returned 202. Retrying...
2024-01-04T01:15:54.0717578Z A path returned 202. Retrying...
2024-01-04T01:15:54.0717879Z A path returned 202. Retrying...
2024-01-04T01:15:54.0718178Z A path returned 202. Retrying...
2024-01-04T01:15:54.0718474Z A path returned 202. Retrying...
2024-01-04T01:15:54.0718763Z A path returned 202. Retrying...
2024-01-04T01:15:54.0719068Z A path returned 202. Retrying...
2024-01-04T01:15:54.0719375Z A path returned 202. Retrying...
2024-01-04T01:15:54.0719677Z A path returned 202. Retrying...
2024-01-04T01:15:54.0719976Z A path returned 202. Retrying...
2024-01-04T01:15:54.0720273Z A path returned 202. Retrying...
2024-01-04T01:15:54.0720573Z A path returned 202. Retrying...
2024-01-04T01:15:54.0720867Z A path returned 202. Retrying...
2024-01-04T01:15:54.0721162Z A path returned 202. Retrying...
2024-01-04T01:15:54.0721460Z A path returned 202. Retrying...
2024-01-04T01:15:54.0721755Z A path returned 202. Retrying...
2024-01-04T01:15:54.0722051Z A path returned 202. Retrying...
2024-01-04T01:15:54.0722348Z A path returned 202. Retrying...
2024-01-04T01:15:54.0722641Z A path returned 202. Retrying...
2024-01-04T01:15:54.0722931Z A path returned 202. Retrying...
2024-01-04T01:15:54.0723412Z A path returned 202. Retrying...
2024-01-04T01:15:54.0723717Z A path returned 202. Retrying...
2024-01-04T01:15:54.0724285Z A path returned 202. Retrying...
2024-01-04T01:15:54.0724594Z A path returned 202. Retrying...
2024-01-04T01:15:54.0724906Z A path returned 202. Retrying...
2024-01-04T01:15:54.0725210Z A path returned 202. Retrying...
2024-01-04T01:15:54.0725499Z A path returned 202. Retrying...
2024-01-04T01:15:54.0725803Z A path returned 202. Retrying...
2024-01-04T01:15:54.0726103Z A path returned 202. Retrying...
2024-01-04T01:15:54.0726406Z A path returned 202. Retrying...
2024-01-04T01:15:54.0726705Z A path returned 202. Retrying...
2024-01-04T01:15:54.0726998Z A path returned 202. Retrying...
2024-01-04T01:15:54.0727291Z A path returned 202. Retrying...
2024-01-04T01:15:54.0727581Z A path returned 202. Retrying...
2024-01-04T01:15:54.0727877Z A path returned 202. Retrying...
2024-01-04T01:15:54.0728171Z A path returned 202. Retrying...
2024-01-04T01:15:54.0728478Z A path returned 202. Retrying...
2024-01-04T01:15:54.0728779Z A path returned 202. Retrying...
2024-01-04T01:15:54.0729077Z A path returned 202. Retrying...
2024-01-04T01:15:54.0729374Z A path returned 202. Retrying...
2024-01-04T01:15:54.0729662Z A path returned 202. Retrying...
2024-01-04T01:15:54.0729957Z A path returned 202. Retrying...
2024-01-04T01:15:54.0730252Z A path returned 202. Retrying...
2024-01-04T01:15:54.0730546Z A path returned 202. Retrying...
2024-01-04T01:15:54.0730839Z A path returned 202. Retrying...
2024-01-04T01:15:54.0731132Z A path returned 202. Retrying...
2024-01-04T01:15:54.0731430Z A path returned 202. Retrying...
2024-01-04T01:15:54.0731719Z A path returned 202. Retrying...
2024-01-04T01:15:54.0732016Z A path returned 202. Retrying...
2024-01-04T01:15:54.0732311Z A path returned 202. Retrying...
2024-01-04T01:15:54.0732609Z A path returned 202. Retrying...
2024-01-04T01:15:54.0732902Z A path returned 202. Retrying...
2024-01-04T01:15:54.0733203Z A path returned 202. Retrying...
2024-01-04T01:15:54.0733504Z A path returned 202. Retrying...
2024-01-04T01:15:54.0733797Z A path returned 202. Retrying...
2024-01-04T01:15:54.0734091Z A path returned 202. Retrying...
2024-01-04T01:15:54.0734385Z A path returned 202. Retrying...
2024-01-04T01:15:54.0734679Z A path returned 202. Retrying...
2024-01-04T01:15:54.0734974Z A path returned 202. Retrying...
2024-01-04T01:15:54.0735266Z A path returned 202. Retrying...
2024-01-04T01:15:54.0735560Z A path returned 202. Retrying...
2024-01-04T01:15:54.0735849Z A path returned 202. Retrying...
2024-01-04T01:15:54.0736311Z A path returned 202. Retrying...
2024-01-04T01:15:54.0736605Z A path returned 202. Retrying...
2024-01-04T01:15:54.0736901Z A path returned 202. Retrying...
2024-01-04T01:15:54.0737196Z A path returned 202. Retrying...
2024-01-04T01:15:54.0737492Z A path returned 202. Retrying...
2024-01-04T01:15:54.0737786Z A path returned 202. Retrying...
2024-01-04T01:15:54.0738075Z A path returned 202. Retrying...
2024-01-04T01:15:54.0738374Z A path returned 202. Retrying...
2024-01-04T01:15:54.0738670Z A path returned 202. Retrying...
2024-01-04T01:15:54.0738964Z A path returned 202. Retrying...
2024-01-04T01:15:54.0739258Z A path returned 202. Retrying...
2024-01-04T01:15:54.0739550Z A path returned 202. Retrying...
2024-01-04T01:15:54.0739844Z A path returned 202. Retrying...
2024-01-04T01:15:54.0740133Z A path returned 202. Retrying...
2024-01-04T01:15:54.0740431Z A path returned 202. Retrying...
2024-01-04T01:15:54.0740727Z A path returned 202. Retrying...
2024-01-04T01:15:54.0741020Z A path returned 202. Retrying...
2024-01-04T01:15:54.0741320Z A path returned 202. Retrying...
2024-01-04T01:15:54.0741614Z A path returned 202. Retrying...
2024-01-04T01:15:54.0741910Z A path returned 202. Retrying...
2024-01-04T01:15:54.0742198Z A path returned 202. Retrying...
2024-01-04T01:15:54.0742493Z A path returned 202. Retrying...
2024-01-04T01:15:54.0742789Z A path returned 202. Retrying...
2024-01-04T01:15:54.0743081Z A path returned 202. Retrying...
2024-01-04T01:15:54.0743523Z A path returned 202. Retrying...
2024-01-04T01:15:54.0743827Z A path returned 202. Retrying...
2024-01-04T01:15:54.0744127Z A path returned 202. Retrying...
2024-01-04T01:15:54.0744417Z A path returned 202. Retrying...
2024-01-04T01:15:54.0744712Z A path returned 202. Retrying...
2024-01-04T01:15:54.0745007Z A path returned 202. Retrying...
2024-01-04T01:15:54.0745300Z A path returned 202. Retrying...
2024-01-04T01:15:54.0745595Z A path returned 202. Retrying...
2024-01-04T01:15:54.0745888Z A path returned 202. Retrying...
2024-01-04T01:15:54.0746186Z A path returned 202. Retrying...
2024-01-04T01:15:54.0746474Z A path returned 202. Retrying...
2024-01-04T01:15:54.0746768Z A path returned 202. Retrying...
2024-01-04T01:15:54.0747063Z A path returned 202. Retrying...
2024-01-04T01:15:54.0747357Z A path returned 202. Retrying...
2024-01-04T01:15:54.0747650Z A path returned 202. Retrying...
2024-01-04T01:15:54.0747943Z A path returned 202. Retrying...
2024-01-04T01:15:54.0748241Z A path returned 202. Retrying...
2024-01-04T01:15:54.0748531Z A path returned 202. Retrying...
2024-01-04T01:15:54.0748826Z A path returned 202. Retrying...
2024-01-04T01:15:54.0749121Z A path returned 202. Retrying...
2024-01-04T01:15:54.0749416Z A path returned 202. Retrying...
2024-01-04T01:15:54.0749710Z A path returned 202. Retrying...
2024-01-04T01:15:54.0750006Z A path returned 202. Retrying...
2024-01-04T01:15:54.0750300Z A path returned 202. Retrying...
2024-01-04T01:15:54.0750588Z A path returned 202. Retrying...
2024-01-04T01:15:54.0750883Z A path returned 202. Retrying...
2024-01-04T01:15:54.0751180Z A path returned 202. Retrying...
2024-01-04T01:15:54.0751473Z A path returned 202. Retrying...
2024-01-04T01:15:54.0751767Z A path returned 202. Retrying...
2024-01-04T01:15:54.0752060Z A path returned 202. Retrying...
2024-01-04T01:15:54.0752354Z A path returned 202. Retrying...
2024-01-04T01:15:54.0752646Z A path returned 202. Retrying...
2024-01-04T01:15:54.0752942Z A path returned 202. Retrying...
2024-01-04T01:15:54.0753242Z A path returned 202. Retrying...
2024-01-04T01:15:54.0753538Z A path returned 202. Retrying...
2024-01-04T01:15:54.0753833Z A path returned 202. Retrying...
2024-01-04T01:15:54.0754129Z A path returned 202. Retrying...
2024-01-04T01:15:54.0754425Z A path returned 202. Retrying...
2024-01-04T01:15:54.0754715Z A path returned 202. Retrying...
2024-01-04T01:15:54.0755009Z A path returned 202. Retrying...
2024-01-04T01:15:54.0755303Z A path returned 202. Retrying...
2024-01-04T01:15:54.0755598Z A path returned 202. Retrying...
2024-01-04T01:15:54.0756019Z A path returned 202. Retrying...
2024-01-04T01:15:54.0756314Z A path returned 202. Retrying...
2024-01-04T01:15:54.0756609Z A path returned 202. Retrying...
2024-01-04T01:15:54.0756898Z A path returned 202. Retrying...
2024-01-04T01:15:54.0757192Z A path returned 202. Retrying...
2024-01-04T01:15:54.0757486Z A path returned 202. Retrying...
2024-01-04T01:15:54.0757784Z A path returned 202. Retrying...
2024-01-04T01:15:54.0758079Z A path returned 202. Retrying...
2024-01-04T01:15:54.0758376Z A path returned 202. Retrying...
2024-01-04T01:15:54.0758673Z A path returned 202. Retrying...
2024-01-04T01:15:54.0758962Z A path returned 202. Retrying...
2024-01-04T01:15:54.0759255Z A path returned 202. Retrying...
2024-01-04T01:15:54.0759549Z A path returned 202. Retrying...
2024-01-04T01:15:54.0759842Z A path returned 202. Retrying...
2024-01-04T01:15:54.0760136Z A path returned 202. Retrying...
2024-01-04T01:15:54.0760429Z A path returned 202. Retrying...
2024-01-04T01:15:54.0760723Z A path returned 202. Retrying...
2024-01-04T01:15:54.0761016Z A path returned 202. Retrying...
2024-01-04T01:15:54.0761312Z A path returned 202. Retrying...
2024-01-04T01:15:54.0761607Z A path returned 202. Retrying...
2024-01-04T01:15:54.0761905Z A path returned 202. Retrying...
2024-01-04T01:15:54.0762197Z A path returned 202. Retrying...
2024-01-04T01:15:54.0762493Z A path returned 202. Retrying...
2024-01-04T01:15:54.0762787Z A path returned 202. Retrying...
2024-01-04T01:15:54.0763206Z A path returned 202. Retrying...
2024-01-04T01:15:54.0763507Z A path returned 202. Retrying...
2024-01-04T01:15:54.0763992Z A path returned 202. Retrying...
2024-01-04T01:15:54.0764312Z A path returned 202. Retrying...
2024-01-04T01:15:54.0764608Z A path returned 202. Retrying...
2024-01-04T01:15:54.0764902Z A path returned 202. Retrying...
2024-01-04T01:15:54.0765195Z A path returned 202. Retrying...
2024-01-04T01:15:54.0765484Z A path returned 202. Retrying...
2024-01-04T01:15:54.0765780Z A path returned 202. Retrying...
2024-01-04T01:15:54.0766082Z A path returned 202. Retrying...
2024-01-04T01:15:54.0766376Z A path returned 202. Retrying...
2024-01-04T01:15:54.0766674Z A path returned 202. Retrying...
2024-01-04T01:15:54.0766971Z A path returned 202. Retrying...
2024-01-04T01:15:54.0767260Z A path returned 202. Retrying...
2024-01-04T01:15:54.0767554Z A path returned 202. Retrying...
2024-01-04T01:15:54.0767848Z A path returned 202. Retrying...
2024-01-04T01:15:54.0768147Z A path returned 202. Retrying...
2024-01-04T01:15:54.0768442Z A path returned 202. Retrying...
2024-01-04T01:15:54.0768736Z A path returned 202. Retrying...
2024-01-04T01:15:54.0769029Z A path returned 202. Retrying...
2024-01-04T01:15:54.0769317Z A path returned 202. Retrying...
2024-01-04T01:15:54.0769610Z A path returned 202. Retrying...
2024-01-04T01:15:54.0769903Z A path returned 202. Retrying...
2024-01-04T01:15:54.0770199Z A path returned 202. Retrying...
2024-01-04T01:15:54.0770493Z A path returned 202. Retrying...
2024-01-04T01:15:54.0770790Z A path returned 202. Retrying...
2024-01-04T01:15:54.0771090Z A path returned 202. Retrying...
2024-01-04T01:15:54.0771383Z A path returned 202. Retrying...
2024-01-04T01:15:54.0771677Z A path returned 202. Retrying...
2024-01-04T01:15:54.0771972Z A path returned 202. Retrying...
2024-01-04T01:15:54.0772267Z A path returned 202. Retrying...
2024-01-04T01:15:54.0772559Z A path returned 202. Retrying...
2024-01-04T01:15:54.0772852Z A path returned 202. Retrying...
2024-01-04T01:15:54.0773149Z A path returned 202. Retrying...
2024-01-04T01:15:54.0773437Z A path returned 202. Retrying...
2024-01-04T01:15:54.0773732Z A path returned 202. Retrying...
2024-01-04T01:15:54.0774028Z A path returned 202. Retrying...
2024-01-04T01:15:54.0774323Z A path returned 202. Retrying...
2024-01-04T01:15:54.0774617Z A path returned 202. Retrying...
2024-01-04T01:15:54.0774951Z A path returned 202. Retrying...
2024-01-04T01:15:54.0775245Z A path returned 202. Retrying...
2024-01-04T01:15:54.0775534Z A path returned 202. Retrying...
2024-01-04T01:15:54.0775993Z A path returned 202. Retrying...
2024-01-04T01:15:54.0776289Z A path returned 202. Retrying...
2024-01-04T01:15:54.0776588Z A path returned 202. Retrying...
2024-01-04T01:15:54.0776880Z A path returned 202. Retrying...
2024-01-04T01:15:54.0777176Z A path returned 202. Retrying...
2024-01-04T01:15:54.0777468Z A path returned 202. Retrying...
2024-01-04T01:15:54.0777757Z A path returned 202. Retrying...
2024-01-04T01:15:54.0778055Z A path returned 202. Retrying...
2024-01-04T01:15:54.0778350Z A path returned 202. Retrying...
2024-01-04T01:15:54.0778644Z A path returned 202. Retrying...
2024-01-04T01:15:54.0778940Z A path returned 202. Retrying...
2024-01-04T01:15:54.0779236Z A path returned 202. Retrying...
2024-01-04T01:15:54.0779529Z A path returned 202. Retrying...
2024-01-04T01:24:38.5607296Z A path returned 202. Retrying...
2024-01-04T01:24:38.5608210Z A path returned 202. Retrying...
2024-01-04T01:24:38.5608811Z A path returned 202. Retrying...
2024-01-04T01:24:38.5609279Z A path returned 202. Retrying...
2024-01-04T01:24:38.5609742Z A path returned 202. Retrying...
2024-01-04T01:24:38.5610166Z A path returned 202. Retrying...
2024-01-04T01:24:38.5610584Z A path returned 202. Retrying...
2024-01-04T01:24:38.5611040Z A path returned 202. Retrying...
2024-01-04T01:24:38.5611504Z A path returned 202. Retrying...
2024-01-04T01:24:38.5611851Z A path returned 202. Retrying...
2024-01-04T01:24:38.5612193Z A path returned 202. Retrying...
2024-01-04T01:24:38.5612936Z A path returned 202. Retrying...
2024-01-04T01:24:38.5613308Z A path returned 202. Retrying...
2024-01-04T01:24:38.5613651Z A path returned 202. Retrying...
2024-01-04T01:24:38.5613993Z A path returned 202. Retrying...
2024-01-04T01:24:38.5614337Z A path returned 202. Retrying...
2024-01-04T01:24:38.5614675Z A path returned 202. Retrying...
2024-01-04T01:24:38.5615012Z A path returned 202. Retrying...
2024-01-04T01:24:38.5615347Z A path returned 202. Retrying...
2024-01-04T01:24:38.5615683Z A path returned 202. Retrying...
2024-01-04T01:24:38.5616023Z A path returned 202. Retrying...
2024-01-04T01:24:38.5616364Z A path returned 202. Retrying...
2024-01-04T01:24:38.5616701Z A path returned 202. Retrying...
2024-01-04T01:24:38.5617043Z A path returned 202. Retrying...
2024-01-04T01:24:38.5617391Z A path returned 202. Retrying...
2024-01-04T01:24:38.5617746Z A path returned 202. Retrying...
2024-01-04T01:24:38.5618094Z A path returned 202. Retrying...
2024-01-04T01:24:38.5618438Z A path returned 202. Retrying...
2024-01-04T01:24:38.5618783Z A path returned 202. Retrying...
2024-01-04T01:24:38.5619129Z A path returned 202. Retrying...
2024-01-04T01:24:38.5619471Z A path returned 202. Retrying...
2024-01-04T01:24:38.5619812Z A path returned 202. Retrying...
2024-01-04T01:24:38.5620154Z A path returned 202. Retrying...
2024-01-04T01:24:38.5620492Z A path returned 202. Retrying...
2024-01-04T01:24:38.5620831Z A path returned 202. Retrying...
2024-01-04T01:24:38.5621171Z A path returned 202. Retrying...
2024-01-04T01:24:38.5621514Z A path returned 202. Retrying...
2024-01-04T01:24:38.5621858Z A path returned 202. Retrying...
2024-01-04T01:24:38.5622159Z A path returned 202. Retrying...
2024-01-04T01:24:38.5622450Z A path returned 202. Retrying...
2024-01-04T01:24:38.5622742Z A path returned 202. Retrying...
2024-01-04T01:24:38.5623030Z A path returned 202. Retrying...
2024-01-04T01:24:38.5623322Z A path returned 202. Retrying...
2024-01-04T01:24:38.5623614Z A path returned 202. Retrying...
2024-01-04T01:24:38.5623909Z A path returned 202. Retrying...
2024-01-04T01:24:38.5624201Z A path returned 202. Retrying...
2024-01-04T01:24:38.5624497Z A path returned 202. Retrying...
2024-01-04T01:24:38.5624790Z A path returned 202. Retrying...
2024-01-04T01:24:38.5625086Z A path returned 202. Retrying...
2024-01-04T01:24:38.5625396Z A path returned 202. Retrying...
2024-01-04T01:24:38.5625700Z A path returned 202. Retrying...
2024-01-04T01:24:38.5625994Z A path returned 202. Retrying...
2024-01-04T01:24:38.5626286Z A path returned 202. Retrying...
2024-01-04T01:24:38.5626779Z A path returned 202. Retrying...
2024-01-04T01:24:38.5627074Z A path returned 202. Retrying...
2024-01-04T01:24:38.5627360Z A path returned 202. Retrying...
2024-01-04T01:24:38.5627652Z A path returned 202. Retrying...
2024-01-04T01:24:38.5627944Z A path returned 202. Retrying...
2024-01-04T01:24:38.5628237Z A path returned 202. Retrying...
2024-01-04T01:24:38.5628528Z A path returned 202. Retrying...
2024-01-04T01:24:38.5628828Z A path returned 202. Retrying...
2024-01-04T01:24:38.5629129Z A path returned 202. Retrying...
2024-01-04T01:24:38.5629421Z A path returned 202. Retrying...
2024-01-04T01:24:38.5629714Z A path returned 202. Retrying...
2024-01-04T01:24:38.5630005Z A path returned 202. Retrying...
2024-01-04T01:24:38.5630297Z A path returned 202. Retrying...
2024-01-04T01:24:38.5630590Z A path returned 202. Retrying...
2024-01-04T01:24:38.5630881Z A path returned 202. Retrying...
2024-01-04T01:24:38.5631173Z A path returned 202. Retrying...
2024-01-04T01:24:38.5631458Z A path returned 202. Retrying...
2024-01-04T01:24:38.5631760Z A path returned 202. Retrying...
2024-01-04T01:24:38.5632054Z A path returned 202. Retrying...
2024-01-04T01:24:38.5632348Z A path returned 202. Retrying...
2024-01-04T01:24:38.5632641Z A path returned 202. Retrying...
2024-01-04T01:24:38.5632933Z A path returned 202. Retrying...
2024-01-04T01:24:38.5633221Z A path returned 202. Retrying...
2024-01-04T01:24:38.5633513Z A path returned 202. Retrying...
2024-01-04T01:24:38.5633934Z A path returned 202. Retrying...
2024-01-04T01:24:38.5634237Z A path returned 202. Retrying...
2024-01-04T01:24:38.5634550Z A path returned 202. Retrying...
2024-01-04T01:24:38.5634855Z A path returned 202. Retrying...
2024-01-04T01:24:38.5635153Z A path returned 202. Retrying...
2024-01-04T01:24:38.5635447Z A path returned 202. Retrying...
2024-01-04T01:24:38.5635740Z A path returned 202. Retrying...
2024-01-04T01:24:38.5636040Z A path returned 202. Retrying...
2024-01-04T01:24:38.5636340Z A path returned 202. Retrying...
2024-01-04T01:24:38.5636640Z A path returned 202. Retrying...
2024-01-04T01:24:38.5636934Z A path returned 202. Retrying...
2024-01-04T01:24:38.5637228Z A path returned 202. Retrying...
2024-01-04T01:24:38.5637517Z A path returned 202. Retrying...
2024-01-04T01:24:38.5637809Z A path returned 202. Retrying...
2024-01-04T01:24:38.5638105Z A path returned 202. Retrying...
2024-01-04T01:24:38.5638401Z A path returned 202. Retrying...
2024-01-04T01:24:38.5638699Z A path returned 202. Retrying...
2024-01-04T01:24:38.5638996Z A path returned 202. Retrying...
2024-01-04T01:24:38.5639292Z A path returned 202. Retrying...
2024-01-04T01:24:38.5639580Z A path returned 202. Retrying...
2024-01-04T01:24:38.5639873Z A path returned 202. Retrying...
2024-01-04T01:24:38.5640166Z A path returned 202. Retrying...
2024-01-04T01:24:38.5640461Z A path returned 202. Retrying...
2024-01-04T01:24:38.5640757Z A path returned 202. Retrying...
2024-01-04T01:24:38.5641049Z A path returned 202. Retrying...
2024-01-04T01:24:38.5641345Z A path returned 202. Retrying...
2024-01-04T01:24:38.5641634Z A path returned 202. Retrying...
2024-01-04T01:24:38.5641927Z A path returned 202. Retrying...
2024-01-04T01:24:38.5642220Z A path returned 202. Retrying...
2024-01-04T01:24:38.5642512Z A path returned 202. Retrying...
2024-01-04T01:24:38.5642804Z A path returned 202. Retrying...
2024-01-04T01:24:38.5643097Z A path returned 202. Retrying...
2024-01-04T01:24:38.5643389Z A path returned 202. Retrying...
2024-01-04T01:24:38.5643680Z A path returned 202. Retrying...
2024-01-04T01:24:38.5644214Z A path returned 202. Retrying...
2024-01-04T01:24:38.5644530Z A path returned 202. Retrying...
2024-01-04T01:24:38.5644827Z A path returned 202. Retrying...
2024-01-04T01:24:38.5645118Z A path returned 202. Retrying...
2024-01-04T01:24:38.5645411Z A path returned 202. Retrying...
2024-01-04T01:24:38.5645703Z A path returned 202. Retrying...
2024-01-04T01:24:38.5645992Z A path returned 202. Retrying...
2024-01-04T01:24:38.5646285Z A path returned 202. Retrying...
2024-01-04T01:24:38.5646781Z A path returned 202. Retrying...
2024-01-04T01:24:38.5647075Z A path returned 202. Retrying...
2024-01-04T01:24:38.5647368Z A path returned 202. Retrying...
2024-01-04T01:24:38.5647663Z A path returned 202. Retrying...
2024-01-04T01:24:38.5647955Z A path returned 202. Retrying...
2024-01-04T01:24:38.5648244Z A path returned 202. Retrying...
2024-01-04T01:24:38.5648536Z A path returned 202. Retrying...
2024-01-04T01:24:38.5648833Z A path returned 202. Retrying...
2024-01-04T01:24:38.5649127Z A path returned 202. Retrying...
2024-01-04T01:24:38.5649422Z A path returned 202. Retrying...
2024-01-04T01:24:38.5649715Z A path returned 202. Retrying...
2024-01-04T01:24:38.5650007Z A path returned 202. Retrying...
2024-01-04T01:24:38.5650301Z A path returned 202. Retrying...
2024-01-04T01:24:38.5650594Z A path returned 202. Retrying...
2024-01-04T01:24:38.5650885Z A path returned 202. Retrying...
2024-01-04T01:24:38.5651177Z A path returned 202. Retrying...
2024-01-04T01:24:38.5651469Z A path returned 202. Retrying...
2024-01-04T01:24:38.5651766Z A path returned 202. Retrying...
2024-01-04T01:24:38.5652065Z A path returned 202. Retrying...
2024-01-04T01:24:38.5652352Z A path returned 202. Retrying...
2024-01-04T01:24:38.5652646Z A path returned 202. Retrying...
2024-01-04T01:24:38.5652938Z A path returned 202. Retrying...
2024-01-04T01:24:38.5653231Z A path returned 202. Retrying...
2024-01-04T01:24:38.5653527Z A path returned 202. Retrying...
2024-01-04T01:24:38.5653979Z A path returned 202. Retrying...
2024-01-04T01:24:38.5654328Z A path returned 202. Retrying...
2024-01-04T01:24:38.5654622Z A path returned 202. Retrying...
2024-01-04T01:24:38.5654926Z A path returned 202. Retrying...
2024-01-04T01:24:38.5655219Z A path returned 202. Retrying...
2024-01-04T01:24:38.5655510Z A path returned 202. Retrying...
2024-01-04T01:24:38.5655803Z A path returned 202. Retrying...
2024-01-04T01:24:38.5656097Z A path returned 202. Retrying...
2024-01-04T01:24:38.5656388Z A path returned 202. Retrying...
2024-01-04T01:24:38.5656682Z A path returned 202. Retrying...
2024-01-04T01:24:38.5656975Z A path returned 202. Retrying...
2024-01-04T01:24:38.5657268Z A path returned 202. Retrying...
2024-01-04T01:24:38.5657560Z A path returned 202. Retrying...
2024-01-04T01:24:38.5657854Z A path returned 202. Retrying...
2024-01-04T01:24:38.5658148Z A path returned 202. Retrying...
2024-01-04T01:24:38.5658441Z A path returned 202. Retrying...
2024-01-04T01:24:38.5658740Z A path returned 202. Retrying...
2024-01-04T01:24:38.5659036Z A path returned 202. Retrying...
2024-01-04T01:24:38.5659326Z A path returned 202. Retrying...
2024-01-04T01:24:38.5659619Z A path returned 202. Retrying...
2024-01-04T01:24:38.5659911Z A path returned 202. Retrying...
2024-01-04T01:24:38.5660205Z A path returned 202. Retrying...
2024-01-04T01:24:38.5660498Z A path returned 202. Retrying...
2024-01-04T01:24:38.5660787Z A path returned 202. Retrying...
2024-01-04T01:24:38.5661081Z A path returned 202. Retrying...
2024-01-04T01:24:38.5661374Z A path returned 202. Retrying...
2024-01-04T01:24:38.5661671Z A path returned 202. Retrying...
2024-01-04T01:24:38.5661965Z A path returned 202. Retrying...
2024-01-04T01:24:38.5662258Z A path returned 202. Retrying...
2024-01-04T01:24:38.5662549Z A path returned 202. Retrying...
2024-01-04T01:24:38.5662838Z A path returned 202. Retrying...
2024-01-04T01:24:38.5663130Z A path returned 202. Retrying...
2024-01-04T01:24:38.5663423Z A path returned 202. Retrying...
2024-01-04T01:24:38.5663719Z A path returned 202. Retrying...
2024-01-04T01:24:38.5664016Z A path returned 202. Retrying...
2024-01-04T01:24:38.5664308Z A path returned 202. Retrying...
2024-01-04T01:24:38.5664602Z A path returned 202. Retrying...
2024-01-04T01:24:38.5664888Z A path returned 202. Retrying...
2024-01-04T01:24:38.5665182Z A path returned 202. Retrying...
2024-01-04T01:24:38.5665474Z A path returned 202. Retrying...
2024-01-04T01:24:38.5665767Z A path returned 202. Retrying...
2024-01-04T01:24:38.5666061Z A path returned 202. Retrying...
2024-01-04T01:24:38.5666478Z A path returned 202. Retrying...
2024-01-04T01:24:38.5666773Z A path returned 202. Retrying...
2024-01-04T01:24:38.5667060Z A path returned 202. Retrying...
2024-01-04T01:24:38.5667354Z A path returned 202. Retrying...
2024-01-04T01:24:38.5667650Z A path returned 202. Retrying...
2024-01-04T01:24:38.5667943Z A path returned 202. Retrying...
2024-01-04T01:24:38.5668234Z A path returned 202. Retrying...
2024-01-04T01:24:38.5668532Z A path returned 202. Retrying...
2024-01-04T01:24:38.5668826Z A path returned 202. Retrying...
2024-01-04T01:24:38.5669113Z A path returned 202. Retrying...
2024-01-04T01:24:38.5669407Z A path returned 202. Retrying...
2024-01-04T01:24:38.5669703Z A path returned 202. Retrying...
2024-01-04T01:24:38.5669998Z A path returned 202. Retrying...
2024-01-04T01:24:38.5670291Z A path returned 202. Retrying...
2024-01-04T01:24:38.5670584Z A path returned 202. Retrying...
2024-01-04T01:24:38.5670877Z A path returned 202. Retrying...
2024-01-04T01:24:38.5671166Z A path returned 202. Retrying...
2024-01-04T01:24:38.5671474Z A path returned 202. Retrying...
2024-01-04T01:24:38.5671770Z A path returned 202. Retrying...
2024-01-04T01:24:38.5672062Z A path returned 202. Retrying...
2024-01-04T01:24:38.5672356Z A path returned 202. Retrying...
2024-01-04T01:24:38.5672651Z A path returned 202. Retrying...
2024-01-04T01:24:38.5672948Z A path returned 202. Retrying...
2024-01-04T01:24:38.5673236Z A path returned 202. Retrying...
2024-01-04T01:24:38.5673648Z A path returned 202. Retrying...
2024-01-04T01:24:38.5673948Z A path returned 202. Retrying...
2024-01-04T01:24:38.5674243Z A path returned 202. Retrying...
2024-01-04T01:24:38.5674543Z A path returned 202. Retrying...
2024-01-04T01:24:38.5674836Z A path returned 202. Retrying...
2024-01-04T01:24:38.5675132Z A path returned 202. Retrying...
2024-01-04T01:24:38.5675420Z A path returned 202. Retrying...
2024-01-04T01:24:38.5675712Z A path returned 202. Retrying...
2024-01-04T01:24:38.5676005Z A path returned 202. Retrying...
2024-01-04T01:24:38.5676325Z A path returned 202. Retrying...
2024-01-04T01:24:38.5676617Z A path returned 202. Retrying...
2024-01-04T01:24:38.5676908Z A path returned 202. Retrying...
2024-01-04T01:24:38.5677199Z A path returned 202. Retrying...
2024-01-04T01:24:38.5677486Z A path returned 202. Retrying...
2024-01-04T01:24:38.5677780Z A path returned 202. Retrying...
2024-01-04T01:24:38.5678073Z A path returned 202. Retrying...
2024-01-04T01:24:38.5678373Z A path returned 202. Retrying...
2024-01-04T01:24:38.5678667Z A path returned 202. Retrying...
2024-01-04T01:24:38.5678961Z A path returned 202. Retrying...
2024-01-04T01:24:38.5679254Z A path returned 202. Retrying...
2024-01-04T01:24:38.5679542Z A path returned 202. Retrying...
2024-01-04T01:24:38.5679834Z A path returned 202. Retrying...
2024-01-04T01:24:38.5680126Z A path returned 202. Retrying...
2024-01-04T01:24:38.5680420Z A path returned 202. Retrying...
2024-01-04T01:24:38.5680715Z A path returned 202. Retrying...
2024-01-04T01:24:38.5681009Z A path returned 202. Retrying...
2024-01-04T01:24:38.5681305Z A path returned 202. Retrying...
2024-01-04T01:24:38.5681605Z A path returned 202. Retrying...
2024-01-04T01:24:38.5681898Z A path returned 202. Retrying...
2024-01-04T01:24:38.5682193Z A path returned 202. Retrying...
2024-01-04T01:24:38.5682486Z A path returned 202. Retrying...
2024-01-04T01:24:38.5682779Z A path returned 202. Retrying...
2024-01-04T01:24:38.5683072Z A path returned 202. Retrying...
2024-01-04T01:24:38.5683368Z A path returned 202. Retrying...
2024-01-04T01:24:38.5683657Z A path returned 202. Retrying...
2024-01-04T01:24:38.5684071Z A path returned 202. Retrying...
2024-01-04T01:24:38.5684366Z A path returned 202. Retrying...
2024-01-04T01:24:38.5684660Z A path returned 202. Retrying...
2024-01-04T01:24:38.5684955Z A path returned 202. Retrying...
2024-01-04T01:32:20.0174208Z A path returned 202. Retrying...
2024-01-04T01:32:20.0174936Z A path returned 202. Retrying...
2024-01-04T01:32:20.0175464Z A path returned 202. Retrying...
2024-01-04T01:32:20.0176316Z A path returned 202. Retrying...
2024-01-04T01:32:20.0176878Z A path returned 202. Retrying...
2024-01-04T01:32:20.0177373Z A path returned 202. Retrying...
2024-01-04T01:32:20.0177856Z A path returned 202. Retrying...
2024-01-04T01:32:20.0178308Z A path returned 202. Retrying...
2024-01-04T01:32:20.0178774Z A path returned 202. Retrying...
2024-01-04T01:32:20.0179253Z A path returned 202. Retrying...
2024-01-04T01:32:20.0179714Z A path returned 202. Retrying...
2024-01-04T01:32:20.0180186Z A path returned 202. Retrying...
2024-01-04T01:32:20.0180651Z A path returned 202. Retrying...
2024-01-04T01:32:20.0181109Z A path returned 202. Retrying...
2024-01-04T01:32:20.0181556Z A path returned 202. Retrying...
2024-01-04T01:32:20.0182019Z A path returned 202. Retrying...
2024-01-04T01:32:20.0182480Z A path returned 202. Retrying...
2024-01-04T01:32:20.0182950Z A path returned 202. Retrying...
2024-01-04T01:32:20.0183425Z A path returned 202. Retrying...
2024-01-04T01:32:20.0183886Z A path returned 202. Retrying...
2024-01-04T01:32:20.0184359Z A path returned 202. Retrying...
2024-01-04T01:32:20.0184810Z A path returned 202. Retrying...
2024-01-04T01:32:20.0185268Z A path returned 202. Retrying...
2024-01-04T01:32:20.0185711Z A path returned 202. Retrying...
2024-01-04T01:32:20.0186161Z A path returned 202. Retrying...
2024-01-04T01:32:20.0186614Z A path returned 202. Retrying...
2024-01-04T01:32:20.0187082Z A path returned 202. Retrying...
2024-01-04T01:32:20.0187808Z A path returned 202. Retrying...
2024-01-04T01:32:20.0188268Z A path returned 202. Retrying...
2024-01-04T01:32:20.0188714Z A path returned 202. Retrying...
2024-01-04T01:32:20.0189166Z A path returned 202. Retrying...
2024-01-04T01:32:20.0189618Z A path returned 202. Retrying...
2024-01-04T01:32:20.0190068Z A path returned 202. Retrying...
2024-01-04T01:32:20.0190510Z A path returned 202. Retrying...
2024-01-04T01:32:20.0190955Z A path returned 202. Retrying...
2024-01-04T01:32:20.0191408Z A path returned 202. Retrying...
2024-01-04T01:32:20.0191897Z A path returned 202. Retrying...
2024-01-04T01:32:20.0192369Z A path returned 202. Retrying...
2024-01-04T01:32:20.0192843Z A path returned 202. Retrying...
2024-01-04T01:32:20.0193335Z A path returned 202. Retrying...
2024-01-04T01:32:20.0193797Z A path returned 202. Retrying...
2024-01-04T01:32:20.0194267Z A path returned 202. Retrying...
2024-01-04T01:32:20.0194717Z A path returned 202. Retrying...
2024-01-04T01:32:20.0195195Z A path returned 202. Retrying...
2024-01-04T01:32:20.0195655Z A path returned 202. Retrying...
2024-01-04T01:32:20.0196112Z A path returned 202. Retrying...
2024-01-04T01:32:20.0196578Z A path returned 202. Retrying...
2024-01-04T01:32:20.0197046Z A path returned 202. Retrying...
2024-01-04T01:32:20.0197528Z A path returned 202. Retrying...
2024-01-04T01:32:20.0197993Z A path returned 202. Retrying...
2024-01-04T01:32:20.0198446Z A path returned 202. Retrying...
2024-01-04T01:32:20.0198907Z A path returned 202. Retrying...
2024-01-04T01:32:20.0199368Z A path returned 202. Retrying...
2024-01-04T01:32:20.0199837Z A path returned 202. Retrying...
2024-01-04T01:32:20.0200286Z A path returned 202. Retrying...
2024-01-04T01:32:20.0200741Z A path returned 202. Retrying...
2024-01-04T01:32:20.0201206Z A path returned 202. Retrying...
2024-01-04T01:32:20.0201688Z A path returned 202. Retrying...
2024-01-04T01:32:20.0202147Z A path returned 202. Retrying...
2024-01-04T01:32:20.0202609Z A path returned 202. Retrying...
2024-01-04T01:32:20.0203072Z A path returned 202. Retrying...
2024-01-04T01:32:20.0203540Z A path returned 202. Retrying...
2024-01-04T01:32:20.0204236Z A path returned 202. Retrying...
2024-01-04T01:32:20.0204691Z A path returned 202. Retrying...
2024-01-04T01:32:20.0205139Z A path returned 202. Retrying...
2024-01-04T01:32:20.0205592Z A path returned 202. Retrying...
2024-01-04T01:32:20.0206074Z A path returned 202. Retrying...
2024-01-04T01:32:20.0206536Z A path returned 202. Retrying...
2024-01-04T01:32:20.0207007Z A path returned 202. Retrying...
2024-01-04T01:32:20.0207713Z A path returned 202. Retrying...
2024-01-04T01:32:20.0208179Z A path returned 202. Retrying...
2024-01-04T01:32:20.0208650Z A path returned 202. Retrying...
2024-01-04T01:32:20.0209117Z A path returned 202. Retrying...
2024-01-04T01:32:20.0209594Z A path returned 202. Retrying...
2024-01-04T01:32:20.0210069Z A path returned 202. Retrying...
2024-01-04T01:32:20.0210524Z A path returned 202. Retrying...
2024-01-04T01:32:20.0210982Z A path returned 202. Retrying...
2024-01-04T01:32:20.0211447Z A path returned 202. Retrying...
2024-01-04T01:32:20.0211921Z A path returned 202. Retrying...
2024-01-04T01:32:20.0212385Z A path returned 202. Retrying...
2024-01-04T01:32:20.0212873Z A path returned 202. Retrying...
2024-01-04T01:32:20.0213331Z A path returned 202. Retrying...
2024-01-04T01:32:20.0213796Z A path returned 202. Retrying...
2024-01-04T01:32:20.0214262Z A path returned 202. Retrying...
2024-01-04T01:32:20.0214726Z A path returned 202. Retrying...
2024-01-04T01:32:20.0215179Z A path returned 202. Retrying...
2024-01-04T01:32:20.0215665Z A path returned 202. Retrying...
2024-01-04T01:32:20.0216193Z A path returned 202. Retrying...
2024-01-04T01:32:20.0216705Z A path returned 202. Retrying...
2024-01-04T01:32:20.0217210Z A path returned 202. Retrying...
2024-01-04T01:32:20.0217704Z A path returned 202. Retrying...
2024-01-04T01:32:20.0218203Z A path returned 202. Retrying...
2024-01-04T01:32:20.0218689Z A path returned 202. Retrying...
2024-01-04T01:32:20.0219365Z A path returned 202. Retrying...
2024-01-04T01:32:20.0219892Z A path returned 202. Retrying...
2024-01-04T01:32:20.0220415Z A path returned 202. Retrying...
2024-01-04T01:32:20.0220910Z A path returned 202. Retrying...
2024-01-04T01:32:20.0221415Z A path returned 202. Retrying...
2024-01-04T01:32:20.0221917Z A path returned 202. Retrying...
2024-01-04T01:32:20.0222421Z A path returned 202. Retrying...
2024-01-04T01:32:20.0222929Z A path returned 202. Retrying...
2024-01-04T01:32:20.0223442Z A path returned 202. Retrying...
2024-01-04T01:32:20.0223941Z A path returned 202. Retrying...
2024-01-04T01:32:20.0224456Z A path returned 202. Retrying...
2024-01-04T01:32:20.0224971Z A path returned 202. Retrying...
2024-01-04T01:32:20.0225519Z A path returned 202. Retrying...
2024-01-04T01:32:20.0226077Z A path returned 202. Retrying...
2024-01-04T01:32:20.0226601Z A path returned 202. Retrying...
2024-01-04T01:32:20.0227118Z A path returned 202. Retrying...
2024-01-04T01:32:20.0227637Z A path returned 202. Retrying...
2024-01-04T01:32:20.0228166Z A path returned 202. Retrying...
2024-01-04T01:32:20.0228684Z A path returned 202. Retrying...
2024-01-04T01:32:20.0229198Z A path returned 202. Retrying...
2024-01-04T01:32:20.0229716Z A path returned 202. Retrying...
2024-01-04T01:32:20.0230237Z A path returned 202. Retrying...
2024-01-04T01:32:20.0230761Z A path returned 202. Retrying...
2024-01-04T01:32:20.0231277Z A path returned 202. Retrying...
2024-01-04T01:32:20.0231793Z A path returned 202. Retrying...
2024-01-04T01:32:20.0232302Z A path returned 202. Retrying...
2024-01-04T01:32:20.0232810Z A path returned 202. Retrying...
2024-01-04T01:32:20.0233336Z A path returned 202. Retrying...
2024-01-04T01:32:20.0233863Z A path returned 202. Retrying...
2024-01-04T01:32:20.0234396Z A path returned 202. Retrying...
2024-01-04T01:32:20.0234938Z A path returned 202. Retrying...
2024-01-04T01:32:20.0235462Z A path returned 202. Retrying...
2024-01-04T01:32:20.0235989Z A path returned 202. Retrying...
2024-01-04T01:32:20.0236515Z A path returned 202. Retrying...
2024-01-04T01:32:20.0237090Z A path returned 202. Retrying...
2024-01-04T01:32:20.0237586Z A path returned 202. Retrying...
2024-01-04T01:32:20.0238038Z A path returned 202. Retrying...
2024-01-04T01:32:20.0238490Z A path returned 202. Retrying...
2024-01-04T01:32:20.0238936Z A path returned 202. Retrying...
2024-01-04T01:32:20.0239373Z A path returned 202. Retrying...
2024-01-04T01:32:20.0239815Z A path returned 202. Retrying...
2024-01-04T01:32:20.0240302Z A path returned 202. Retrying...
2024-01-04T01:32:20.0240824Z A path returned 202. Retrying...
2024-01-04T01:32:20.0241541Z A path returned 202. Retrying...
2024-01-04T01:32:20.0242005Z A path returned 202. Retrying...
2024-01-04T01:32:20.0242501Z A path returned 202. Retrying...
2024-01-04T01:32:20.0243005Z A path returned 202. Retrying...
2024-01-04T01:32:20.0243506Z A path returned 202. Retrying...
2024-01-04T01:32:20.0244218Z A path returned 202. Retrying...
2024-01-04T01:32:20.0244727Z A path returned 202. Retrying...
2024-01-04T01:32:20.0245233Z A path returned 202. Retrying...
2024-01-04T01:32:20.0245780Z A path returned 202. Retrying...
2024-01-04T01:32:20.0246267Z A path returned 202. Retrying...
2024-01-04T01:32:20.0246745Z A path returned 202. Retrying...
2024-01-04T01:32:20.0247215Z A path returned 202. Retrying...
2024-01-04T01:32:20.0247722Z A path returned 202. Retrying...
2024-01-04T01:32:20.0248255Z A path returned 202. Retrying...
2024-01-04T01:32:20.0248794Z A path returned 202. Retrying...
2024-01-04T01:32:20.0249324Z A path returned 202. Retrying...
2024-01-04T01:32:20.0249862Z A path returned 202. Retrying...
2024-01-04T01:32:20.0250400Z A path returned 202. Retrying...
2024-01-04T01:32:20.0250928Z A path returned 202. Retrying...
2024-01-04T01:32:20.0251465Z A path returned 202. Retrying...
2024-01-04T01:32:20.0252010Z A path returned 202. Retrying...
2024-01-04T01:32:20.0252545Z A path returned 202. Retrying...
2024-01-04T01:32:20.0253079Z A path returned 202. Retrying...
2024-01-04T01:32:20.0253840Z A path returned 202. Retrying...
2024-01-04T01:32:20.0254391Z A path returned 202. Retrying...
2024-01-04T01:32:20.0254932Z A path returned 202. Retrying...
2024-01-04T01:32:20.0255475Z A path returned 202. Retrying...
2024-01-04T01:32:20.0256009Z A path returned 202. Retrying...
2024-01-04T01:32:20.0256540Z A path returned 202. Retrying...
2024-01-04T01:32:20.0257079Z A path returned 202. Retrying...
2024-01-04T01:32:20.0257618Z A path returned 202. Retrying...
2024-01-04T01:32:20.0258152Z A path returned 202. Retrying...
2024-01-04T01:32:20.0258682Z A path returned 202. Retrying...
2024-01-04T01:32:20.0259218Z A path returned 202. Retrying...
2024-01-04T01:32:20.0259752Z A path returned 202. Retrying...
2024-01-04T01:32:20.0260285Z A path returned 202. Retrying...
2024-01-04T01:32:20.0260818Z A path returned 202. Retrying...
2024-01-04T01:32:20.0261351Z A path returned 202. Retrying...
2024-01-04T01:32:20.0261885Z A path returned 202. Retrying...
2024-01-04T01:32:20.0262415Z A path returned 202. Retrying...
2024-01-04T01:32:20.0262959Z A path returned 202. Retrying...
2024-01-04T01:32:20.0263490Z A path returned 202. Retrying...
2024-01-04T01:32:20.0264006Z A path returned 202. Retrying...
2024-01-04T01:32:20.0264532Z A path returned 202. Retrying...
2024-01-04T01:32:20.0265045Z A path returned 202. Retrying...
2024-01-04T01:32:20.0265566Z A path returned 202. Retrying...
2024-01-04T01:32:20.0266085Z A path returned 202. Retrying...
2024-01-04T01:32:20.0266628Z A path returned 202. Retrying...
2024-01-04T01:32:20.0267178Z A path returned 202. Retrying...
2024-01-04T01:32:20.0267730Z A path returned 202. Retrying...
2024-01-04T01:32:20.0268275Z A path returned 202. Retrying...
2024-01-04T01:32:20.0268821Z A path returned 202. Retrying...
2024-01-04T01:32:20.0269360Z A path returned 202. Retrying...
2024-01-04T01:32:20.0269893Z A path returned 202. Retrying...
2024-01-04T01:32:20.0270437Z A path returned 202. Retrying...
2024-01-04T01:32:20.0270980Z A path returned 202. Retrying...
2024-01-04T01:32:20.0407306Z ##[group]Run git config --global user.name "jstrieb/github-stats"
2024-01-04T01:32:20.0407902Z [36;1mgit config --global user.name "jstrieb/github-stats"[0m
2024-01-04T01:32:20.0408495Z [36;1mgit config --global user.email "github-stats[bot]@jstrieb.github.io"[0m
2024-01-04T01:32:20.0409009Z [36;1mgit add .[0m
2024-01-04T01:32:20.0409392Z [36;1m# Force the build to succeed, even if no files were changed[0m
2024-01-04T01:32:20.0409919Z [36;1mgit commit -m 'Update generated files' || true[0m
2024-01-04T01:32:20.0410305Z [36;1mgit push[0m
2024-01-04T01:32:20.0460972Z shell: /usr/bin/bash -e {0}
2024-01-04T01:32:20.0461254Z env:
2024-01-04T01:32:20.0461557Z   pythonLocation: /opt/hostedtoolcache/Python/3.8.18/x64
2024-01-04T01:32:20.0462101Z   PKG_CONFIG_PATH: /opt/hostedtoolcache/Python/3.8.18/x64/lib/pkgconfig
2024-01-04T01:32:20.0462642Z   Python_ROOT_DIR: /opt/hostedtoolcache/Python/3.8.18/x64
2024-01-04T01:32:20.0463144Z   Python2_ROOT_DIR: /opt/hostedtoolcache/Python/3.8.18/x64
2024-01-04T01:32:20.0463612Z   Python3_ROOT_DIR: /opt/hostedtoolcache/Python/3.8.18/x64
2024-01-04T01:32:20.0464093Z   LD_LIBRARY_PATH: /opt/hostedtoolcache/Python/3.8.18/x64/lib
2024-01-04T01:32:20.0464484Z ##[endgroup]
2024-01-04T01:32:20.4653152Z [master 677a7f4] Update generated files
2024-01-04T01:32:20.4654271Z  2 files changed, 195 insertions(+), 195 deletions(-)
2024-01-04T01:32:21.1448832Z To https://github.com/seanpm2001/GitHub_Stats_A
2024-01-04T01:32:21.1449797Z    e6b6eb8..677a7f4  master -> master
2024-01-04T01:32:21.1547869Z Post job cleanup.
2024-01-04T01:32:21.2738085Z Cache hit occurred on the primary key setup-python-Linux-22.04-Ubuntu-python-3.8.18-pip-60f2a6c0212a9b74a155cd81b58dd07fd8b180833132566260d95f4de42fe218, not saving cache.
2024-01-04T01:32:21.2847713Z Post job cleanup.
2024-01-04T01:32:21.3671082Z [command]/usr/bin/git version
2024-01-04T01:32:21.3715913Z git version 2.43.0
2024-01-04T01:32:21.3750319Z Copying '/home/runner/.gitconfig' to '/home/runner/work/_temp/34328850-1ad3-4136-8c4f-f87d0f261fd5/.gitconfig'
2024-01-04T01:32:21.3761735Z Temporarily overriding HOME='/home/runner/work/_temp/34328850-1ad3-4136-8c4f-f87d0f261fd5' before making global git config changes
2024-01-04T01:32:21.3763515Z Adding repository directory to the temporary git global config as a safe directory
2024-01-04T01:32:21.3768256Z [command]/usr/bin/git config --global --add safe.directory /home/runner/work/GitHub_Stats_A/GitHub_Stats_A
2024-01-04T01:32:21.3811004Z [command]/usr/bin/git config --local --name-only --get-regexp core\.sshCommand
2024-01-04T01:32:21.3850090Z [command]/usr/bin/git submodule foreach --recursive sh -c "git config --local --name-only --get-regexp 'core\.sshCommand' && git config --local --unset-all 'core.sshCommand' || :"
2024-01-04T01:32:21.4115238Z [command]/usr/bin/git config --local --name-only --get-regexp http\.https\:\/\/github\.com\/\.extraheader
2024-01-04T01:32:21.4145130Z http.https://github.com/.extraheader
2024-01-04T01:32:21.4155479Z [command]/usr/bin/git config --local --unset-all http.https://github.com/.extraheader
2024-01-04T01:32:21.4194174Z [command]/usr/bin/git submodule foreach --recursive sh -c "git config --local --name-only --get-regexp 'http\.https\:\/\/github\.com\/\.extraheader' && git config --local --unset-all 'http.https://github.com/.extraheader' || :"
2024-01-04T01:32:21.4669932Z Cleaning up orphan processes
