2023-08-30T00:21:34.5070352Z Requested labels: ubuntu-latest
2023-08-30T00:21:34.5070752Z Job defined at: seanpm2001/GitHub_Stats_A/.github/workflows/main.yml@refs/heads/master
2023-08-30T00:21:34.5070874Z Waiting for a runner to pick up this job...
2023-08-30T00:21:35.2138671Z Job is waiting for a hosted runner to come online.
2023-08-30T00:21:37.6065606Z Job is about to start running on the hosted runner: GitHub Actions 2 (hosted)
2023-08-30T00:21:39.6180192Z Current runner version: '2.308.0'
2023-08-30T00:21:39.6208154Z ##[group]Operating System
2023-08-30T00:21:39.6208745Z Ubuntu
2023-08-30T00:21:39.6209141Z 22.04.3
2023-08-30T00:21:39.6209437Z LTS
2023-08-30T00:21:39.6209699Z ##[endgroup]
2023-08-30T00:21:39.6210033Z ##[group]Runner Image
2023-08-30T00:21:39.6210441Z Image: ubuntu-22.04
2023-08-30T00:21:39.6210785Z Version: 20230821.1.0
2023-08-30T00:21:39.6211294Z Included Software: https://github.com/actions/runner-images/blob/ubuntu22/20230821.1/images/linux/Ubuntu2204-Readme.md
2023-08-30T00:21:39.6211962Z Image Release: https://github.com/actions/runner-images/releases/tag/ubuntu22%2F20230821.1
2023-08-30T00:21:39.6212439Z ##[endgroup]
2023-08-30T00:21:39.6212819Z ##[group]Runner Image Provisioner
2023-08-30T00:21:39.6213134Z 2.0.266.1
2023-08-30T00:21:39.6213475Z ##[endgroup]
2023-08-30T00:21:39.6214158Z ##[group]GITHUB_TOKEN Permissions
2023-08-30T00:21:39.6214753Z Contents: write
2023-08-30T00:21:39.6215086Z Metadata: read
2023-08-30T00:21:39.6215598Z ##[endgroup]
2023-08-30T00:21:39.6219241Z Secret source: Actions
2023-08-30T00:21:39.6219715Z Prepare workflow directory
2023-08-30T00:21:39.6981432Z Prepare all required actions
2023-08-30T00:21:39.7171905Z Getting action download info
2023-08-30T00:21:39.9204625Z Download action repository 'actions/checkout@v3' (SHA:f43a0e5ff2bd294095638e18286ca9a3d1956744)
2023-08-30T00:21:40.2640779Z Download action repository 'actions/setup-python@v4' (SHA:61a6322f88396a6271a6ee3565807d608ecaddd1)
2023-08-30T00:21:40.6720756Z Complete job name: build
2023-08-30T00:21:40.7675680Z ##[group]Run actions/checkout@v3
2023-08-30T00:21:40.7676145Z with:
2023-08-30T00:21:40.7676465Z   repository: seanpm2001/GitHub_Stats_A
2023-08-30T00:21:40.7676966Z   token: ***
2023-08-30T00:21:40.7677265Z   ssh-strict: true
2023-08-30T00:21:40.7677578Z   persist-credentials: true
2023-08-30T00:21:40.7677924Z   clean: true
2023-08-30T00:21:40.7678202Z   sparse-checkout-cone-mode: true
2023-08-30T00:21:40.7678517Z   fetch-depth: 1
2023-08-30T00:21:40.7678836Z   fetch-tags: false
2023-08-30T00:21:40.7679140Z   lfs: false
2023-08-30T00:21:40.7679367Z   submodules: false
2023-08-30T00:21:40.7679660Z   set-safe-directory: true
2023-08-30T00:21:40.7679966Z ##[endgroup]
2023-08-30T00:21:41.0020494Z Syncing repository: seanpm2001/GitHub_Stats_A
2023-08-30T00:21:41.0022291Z ##[group]Getting Git version info
2023-08-30T00:21:41.0022894Z Working directory is '/home/runner/work/GitHub_Stats_A/GitHub_Stats_A'
2023-08-30T00:21:41.0023430Z [command]/usr/bin/git version
2023-08-30T00:21:41.0023749Z git version 2.41.0
2023-08-30T00:21:41.0024681Z ##[endgroup]
2023-08-30T00:21:41.0039137Z Temporarily overriding HOME='/home/runner/work/_temp/bcb53e6f-3756-4f34-9182-e63fa6dec61f' before making global git config changes
2023-08-30T00:21:41.0039658Z Adding repository directory to the temporary git global config as a safe directory
2023-08-30T00:21:41.0040223Z [command]/usr/bin/git config --global --add safe.directory /home/runner/work/GitHub_Stats_A/GitHub_Stats_A
2023-08-30T00:21:41.0041235Z Deleting the contents of '/home/runner/work/GitHub_Stats_A/GitHub_Stats_A'
2023-08-30T00:21:41.0041772Z ##[group]Initializing the repository
2023-08-30T00:21:41.0042110Z [command]/usr/bin/git init /home/runner/work/GitHub_Stats_A/GitHub_Stats_A
2023-08-30T00:21:41.0067490Z hint: Using 'master' as the name for the initial branch. This default branch name
2023-08-30T00:21:41.0068408Z hint: is subject to change. To configure the initial branch name to use in all
2023-08-30T00:21:41.0070014Z hint: of your new repositories, which will suppress this warning, call:
2023-08-30T00:21:41.0070686Z hint: 
2023-08-30T00:21:41.0071703Z hint: 	git config --global init.defaultBranch <name>
2023-08-30T00:21:41.0071970Z hint: 
2023-08-30T00:21:41.0072968Z hint: Names commonly chosen instead of 'master' are 'main', 'trunk' and
2023-08-30T00:21:41.0074085Z hint: 'development'. The just-created branch can be renamed via this command:
2023-08-30T00:21:41.0074375Z hint: 
2023-08-30T00:21:41.0074934Z hint: 	git branch -m <name>
2023-08-30T00:21:41.0085516Z Initialized empty Git repository in /home/runner/work/GitHub_Stats_A/GitHub_Stats_A/.git/
2023-08-30T00:21:41.0096970Z [command]/usr/bin/git remote add origin https://github.com/seanpm2001/GitHub_Stats_A
2023-08-30T00:21:41.0134710Z ##[endgroup]
2023-08-30T00:21:41.0135360Z ##[group]Disabling automatic garbage collection
2023-08-30T00:21:41.0138021Z [command]/usr/bin/git config --local gc.auto 0
2023-08-30T00:21:41.0168620Z ##[endgroup]
2023-08-30T00:21:41.0169189Z ##[group]Setting up auth
2023-08-30T00:21:41.0175362Z [command]/usr/bin/git config --local --name-only --get-regexp core\.sshCommand
2023-08-30T00:21:41.0207414Z [command]/usr/bin/git submodule foreach --recursive sh -c "git config --local --name-only --get-regexp 'core\.sshCommand' && git config --local --unset-all 'core.sshCommand' || :"
2023-08-30T00:21:41.0507134Z [command]/usr/bin/git config --local --name-only --get-regexp http\.https\:\/\/github\.com\/\.extraheader
2023-08-30T00:21:41.0538976Z [command]/usr/bin/git submodule foreach --recursive sh -c "git config --local --name-only --get-regexp 'http\.https\:\/\/github\.com\/\.extraheader' && git config --local --unset-all 'http.https://github.com/.extraheader' || :"
2023-08-30T00:21:41.0759321Z [command]/usr/bin/git config --local http.https://github.com/.extraheader AUTHORIZATION: basic ***
2023-08-30T00:21:41.0796465Z ##[endgroup]
2023-08-30T00:21:41.0797305Z ##[group]Fetching the repository
2023-08-30T00:21:41.0806625Z [command]/usr/bin/git -c protocol.version=2 fetch --no-tags --prune --progress --no-recurse-submodules --depth=1 origin +8658def047329d9118640077677ecc25ec349bb3:refs/remotes/origin/master
2023-08-30T00:21:41.3677344Z remote: Enumerating objects: 7599, done.        
2023-08-30T00:21:41.3694459Z remote: Counting objects:   0% (1/7599)        
2023-08-30T00:21:41.3702445Z remote: Counting objects:   1% (76/7599)        
2023-08-30T00:21:41.3709125Z remote: Counting objects:   2% (152/7599)        
2023-08-30T00:21:41.3711189Z remote: Counting objects:   3% (228/7599)        
2023-08-30T00:21:41.3711630Z remote: Counting objects:   4% (304/7599)        
2023-08-30T00:21:41.3712230Z remote: Counting objects:   5% (380/7599)        
2023-08-30T00:21:41.3720393Z remote: Counting objects:   6% (456/7599)        
2023-08-30T00:21:41.3721055Z remote: Counting objects:   7% (532/7599)        
2023-08-30T00:21:41.3722025Z remote: Counting objects:   8% (608/7599)        
2023-08-30T00:21:41.3722349Z remote: Counting objects:   9% (684/7599)        
2023-08-30T00:21:41.3728999Z remote: Counting objects:  10% (760/7599)        
2023-08-30T00:21:41.3733480Z remote: Counting objects:  11% (836/7599)        
2023-08-30T00:21:41.3734529Z remote: Counting objects:  12% (912/7599)        
2023-08-30T00:21:41.3735423Z remote: Counting objects:  13% (988/7599)        
2023-08-30T00:21:41.3735840Z remote: Counting objects:  14% (1064/7599)        
2023-08-30T00:21:41.3736486Z remote: Counting objects:  15% (1140/7599)        
2023-08-30T00:21:41.3737276Z remote: Counting objects:  16% (1216/7599)        
2023-08-30T00:21:41.3737789Z remote: Counting objects:  17% (1292/7599)        
2023-08-30T00:21:41.3738533Z remote: Counting objects:  18% (1368/7599)        
2023-08-30T00:21:41.3739111Z remote: Counting objects:  19% (1444/7599)        
2023-08-30T00:21:41.3739737Z remote: Counting objects:  20% (1520/7599)        
2023-08-30T00:21:41.3740320Z remote: Counting objects:  21% (1596/7599)        
2023-08-30T00:21:41.3740949Z remote: Counting objects:  22% (1672/7599)        
2023-08-30T00:21:41.3741557Z remote: Counting objects:  23% (1748/7599)        
2023-08-30T00:21:41.3742253Z remote: Counting objects:  24% (1824/7599)        
2023-08-30T00:21:41.3744074Z remote: Counting objects:  25% (1900/7599)        
2023-08-30T00:21:41.3745083Z remote: Counting objects:  26% (1976/7599)        
2023-08-30T00:21:41.3745798Z remote: Counting objects:  27% (2052/7599)        
2023-08-30T00:21:41.3746546Z remote: Counting objects:  28% (2128/7599)        
2023-08-30T00:21:41.3747270Z remote: Counting objects:  29% (2204/7599)        
2023-08-30T00:21:41.3747977Z remote: Counting objects:  30% (2280/7599)        
2023-08-30T00:21:41.3748578Z remote: Counting objects:  31% (2356/7599)        
2023-08-30T00:21:41.3749248Z remote: Counting objects:  32% (2432/7599)        
2023-08-30T00:21:41.3749910Z remote: Counting objects:  33% (2508/7599)        
2023-08-30T00:21:41.3750602Z remote: Counting objects:  34% (2584/7599)        
2023-08-30T00:21:41.3751185Z remote: Counting objects:  35% (2660/7599)        
2023-08-30T00:21:41.3751882Z remote: Counting objects:  36% (2736/7599)        
2023-08-30T00:21:41.3752440Z remote: Counting objects:  37% (2812/7599)        
2023-08-30T00:21:41.3753088Z remote: Counting objects:  38% (2888/7599)        
2023-08-30T00:21:41.3753661Z remote: Counting objects:  39% (2964/7599)        
2023-08-30T00:21:41.3755285Z remote: Counting objects:  40% (3040/7599)        
2023-08-30T00:21:41.3755572Z remote: Counting objects:  41% (3116/7599)        
2023-08-30T00:21:41.3756180Z remote: Counting objects:  42% (3192/7599)        
2023-08-30T00:21:41.3756454Z remote: Counting objects:  43% (3268/7599)        
2023-08-30T00:21:41.3756722Z remote: Counting objects:  44% (3344/7599)        
2023-08-30T00:21:41.3757336Z remote: Counting objects:  45% (3420/7599)        
2023-08-30T00:21:41.3757597Z remote: Counting objects:  46% (3496/7599)        
2023-08-30T00:21:41.3758220Z remote: Counting objects:  47% (3572/7599)        
2023-08-30T00:21:41.3758752Z remote: Counting objects:  48% (3648/7599)        
2023-08-30T00:21:41.3759370Z remote: Counting objects:  49% (3724/7599)        
2023-08-30T00:21:41.3759934Z remote: Counting objects:  50% (3800/7599)        
2023-08-30T00:21:41.3760199Z remote: Counting objects:  51% (3876/7599)        
2023-08-30T00:21:41.3760464Z remote: Counting objects:  52% (3952/7599)        
2023-08-30T00:21:41.3761072Z remote: Counting objects:  53% (4028/7599)        
2023-08-30T00:21:41.3761631Z remote: Counting objects:  54% (4104/7599)        
2023-08-30T00:21:41.3761904Z remote: Counting objects:  55% (4180/7599)        
2023-08-30T00:21:41.3762484Z remote: Counting objects:  56% (4256/7599)        
2023-08-30T00:21:41.3762749Z remote: Counting objects:  57% (4332/7599)        
2023-08-30T00:21:41.3763300Z remote: Counting objects:  58% (4408/7599)        
2023-08-30T00:21:41.3763863Z remote: Counting objects:  59% (4484/7599)        
2023-08-30T00:21:41.3764128Z remote: Counting objects:  60% (4560/7599)        
2023-08-30T00:21:41.3765692Z remote: Counting objects:  61% (4636/7599)        
2023-08-30T00:21:41.3765969Z remote: Counting objects:  62% (4712/7599)        
2023-08-30T00:21:41.3766824Z remote: Counting objects:  63% (4788/7599)        
2023-08-30T00:21:41.3767081Z remote: Counting objects:  64% (4864/7599)        
2023-08-30T00:21:41.3768051Z remote: Counting objects:  65% (4940/7599)        
2023-08-30T00:21:41.3768326Z remote: Counting objects:  66% (5016/7599)        
2023-08-30T00:21:41.3769401Z remote: Counting objects:  67% (5092/7599)        
2023-08-30T00:21:41.3769975Z remote: Counting objects:  68% (5168/7599)        
2023-08-30T00:21:41.3770533Z remote: Counting objects:  69% (5244/7599)        
2023-08-30T00:21:41.3771086Z remote: Counting objects:  70% (5320/7599)        
2023-08-30T00:21:41.3771354Z remote: Counting objects:  71% (5396/7599)        
2023-08-30T00:21:41.3772278Z remote: Counting objects:  72% (5472/7599)        
2023-08-30T00:21:41.3772833Z remote: Counting objects:  73% (5548/7599)        
2023-08-30T00:21:41.3773435Z remote: Counting objects:  74% (5624/7599)        
2023-08-30T00:21:41.3774005Z remote: Counting objects:  75% (5700/7599)        
2023-08-30T00:21:41.3774602Z remote: Counting objects:  76% (5776/7599)        
2023-08-30T00:21:41.3774871Z remote: Counting objects:  77% (5852/7599)        
2023-08-30T00:21:41.3775752Z remote: Counting objects:  78% (5928/7599)        
2023-08-30T00:21:41.3776009Z remote: Counting objects:  79% (6004/7599)        
2023-08-30T00:21:41.3776863Z remote: Counting objects:  80% (6080/7599)        
2023-08-30T00:21:41.3777944Z remote: Counting objects:  81% (6156/7599)        
2023-08-30T00:21:41.3778513Z remote: Counting objects:  82% (6232/7599)        
2023-08-30T00:21:41.3779049Z remote: Counting objects:  83% (6308/7599)        
2023-08-30T00:21:41.3780256Z remote: Counting objects:  84% (6384/7599)        
2023-08-30T00:21:41.3780528Z remote: Counting objects:  85% (6460/7599)        
2023-08-30T00:21:41.3781399Z remote: Counting objects:  86% (6536/7599)        
2023-08-30T00:21:41.3782803Z remote: Counting objects:  87% (6612/7599)        
2023-08-30T00:21:41.3783081Z remote: Counting objects:  88% (6688/7599)        
2023-08-30T00:21:41.3783986Z remote: Counting objects:  89% (6764/7599)        
2023-08-30T00:21:41.3784261Z remote: Counting objects:  90% (6840/7599)        
2023-08-30T00:21:41.3785374Z remote: Counting objects:  91% (6916/7599)        
2023-08-30T00:21:41.3785646Z remote: Counting objects:  92% (6992/7599)        
2023-08-30T00:21:41.3786522Z remote: Counting objects:  93% (7068/7599)        
2023-08-30T00:21:41.3786794Z remote: Counting objects:  94% (7144/7599)        
2023-08-30T00:21:41.3787848Z remote: Counting objects:  95% (7220/7599)        
2023-08-30T00:21:41.3788816Z remote: Counting objects:  96% (7296/7599)        
2023-08-30T00:21:41.3789674Z remote: Counting objects:  97% (7372/7599)        
2023-08-30T00:21:41.3790535Z remote: Counting objects:  98% (7448/7599)        
2023-08-30T00:21:41.3791278Z remote: Counting objects:  99% (7524/7599)        
2023-08-30T00:21:41.3791883Z remote: Counting objects: 100% (7599/7599)        
2023-08-30T00:21:41.3792185Z remote: Counting objects: 100% (7599/7599), done.        
2023-08-30T00:21:41.4096754Z remote: Compressing objects:   0% (1/2869)        
2023-08-30T00:21:41.4881494Z remote: Compressing objects:   1% (29/2869)        
2023-08-30T00:21:41.5006633Z remote: Compressing objects:   2% (58/2869)        
2023-08-30T00:21:41.5015729Z remote: Compressing objects:   3% (87/2869)        
2023-08-30T00:21:41.5016111Z remote: Compressing objects:   4% (115/2869)        
2023-08-30T00:21:41.5016446Z remote: Compressing objects:   5% (144/2869)        
2023-08-30T00:21:41.5016752Z remote: Compressing objects:   6% (173/2869)        
2023-08-30T00:21:41.5017042Z remote: Compressing objects:   7% (201/2869)        
2023-08-30T00:21:41.5017328Z remote: Compressing objects:   8% (230/2869)        
2023-08-30T00:21:41.5017608Z remote: Compressing objects:   9% (259/2869)        
2023-08-30T00:21:41.5017894Z remote: Compressing objects:  10% (287/2869)        
2023-08-30T00:21:41.5018174Z remote: Compressing objects:  11% (316/2869)        
2023-08-30T00:21:41.5018453Z remote: Compressing objects:  12% (345/2869)        
2023-08-30T00:21:41.5018727Z remote: Compressing objects:  13% (373/2869)        
2023-08-30T00:21:41.5018995Z remote: Compressing objects:  14% (402/2869)        
2023-08-30T00:21:41.5115354Z remote: Compressing objects:  15% (431/2869)        
2023-08-30T00:21:41.5137311Z remote: Compressing objects:  16% (460/2869)        
2023-08-30T00:21:41.5138055Z remote: Compressing objects:  17% (488/2869)        
2023-08-30T00:21:41.5138704Z remote: Compressing objects:  18% (517/2869)        
2023-08-30T00:21:41.5139221Z remote: Compressing objects:  19% (546/2869)        
2023-08-30T00:21:41.5141002Z remote: Compressing objects:  20% (574/2869)        
2023-08-30T00:21:41.5142256Z remote: Compressing objects:  21% (603/2869)        
2023-08-30T00:21:41.5142998Z remote: Compressing objects:  22% (632/2869)        
2023-08-30T00:21:41.5143607Z remote: Compressing objects:  23% (660/2869)        
2023-08-30T00:21:41.5144215Z remote: Compressing objects:  24% (689/2869)        
2023-08-30T00:21:41.5144803Z remote: Compressing objects:  25% (718/2869)        
2023-08-30T00:21:41.5145533Z remote: Compressing objects:  26% (746/2869)        
2023-08-30T00:21:41.5146141Z remote: Compressing objects:  27% (775/2869)        
2023-08-30T00:21:41.5146936Z remote: Compressing objects:  28% (804/2869)        
2023-08-30T00:21:41.5250457Z remote: Compressing objects:  29% (833/2869)        
2023-08-30T00:21:41.5425388Z remote: Compressing objects:  30% (861/2869)        
2023-08-30T00:21:41.5666833Z remote: Compressing objects:  31% (890/2869)        
2023-08-30T00:21:41.5907255Z remote: Compressing objects:  32% (919/2869)        
2023-08-30T00:21:41.6348685Z remote: Compressing objects:  33% (947/2869)        
2023-08-30T00:21:41.6365343Z remote: Compressing objects:  34% (976/2869)        
2023-08-30T00:21:41.6536974Z remote: Compressing objects:  35% (1005/2869)        
2023-08-30T00:21:41.6614221Z remote: Compressing objects:  36% (1033/2869)        
2023-08-30T00:21:41.7050555Z remote: Compressing objects:  37% (1062/2869)        
2023-08-30T00:21:41.7358265Z remote: Compressing objects:  38% (1091/2869)        
2023-08-30T00:21:41.7575751Z remote: Compressing objects:  39% (1119/2869)        
2023-08-30T00:21:41.7706183Z remote: Compressing objects:  40% (1148/2869)        
2023-08-30T00:21:41.7918729Z remote: Compressing objects:  41% (1177/2869)        
2023-08-30T00:21:41.8174750Z remote: Compressing objects:  42% (1205/2869)        
2023-08-30T00:21:41.8289566Z remote: Compressing objects:  43% (1234/2869)        
2023-08-30T00:21:41.8295789Z remote: Compressing objects:  44% (1263/2869)        
2023-08-30T00:21:41.8331817Z remote: Compressing objects:  45% (1292/2869)        
2023-08-30T00:21:41.8395312Z remote: Compressing objects:  46% (1320/2869)        
2023-08-30T00:21:41.8399652Z remote: Compressing objects:  47% (1349/2869)        
2023-08-30T00:21:41.8402538Z remote: Compressing objects:  48% (1378/2869)        
2023-08-30T00:21:41.8404962Z remote: Compressing objects:  49% (1406/2869)        
2023-08-30T00:21:41.8407546Z remote: Compressing objects:  50% (1435/2869)        
2023-08-30T00:21:41.8410815Z remote: Compressing objects:  51% (1464/2869)        
2023-08-30T00:21:41.8414301Z remote: Compressing objects:  52% (1492/2869)        
2023-08-30T00:21:41.8418465Z remote: Compressing objects:  53% (1521/2869)        
2023-08-30T00:21:41.8421104Z remote: Compressing objects:  54% (1550/2869)        
2023-08-30T00:21:41.8423746Z remote: Compressing objects:  55% (1578/2869)        
2023-08-30T00:21:41.8426475Z remote: Compressing objects:  56% (1607/2869)        
2023-08-30T00:21:41.8429468Z remote: Compressing objects:  57% (1636/2869)        
2023-08-30T00:21:41.8437097Z remote: Compressing objects:  58% (1665/2869)        
2023-08-30T00:21:41.8439300Z remote: Compressing objects:  59% (1693/2869)        
2023-08-30T00:21:41.8441846Z remote: Compressing objects:  60% (1722/2869)        
2023-08-30T00:21:41.8444716Z remote: Compressing objects:  61% (1751/2869)        
2023-08-30T00:21:41.8456679Z remote: Compressing objects:  62% (1779/2869)        
2023-08-30T00:21:41.8460190Z remote: Compressing objects:  63% (1808/2869)        
2023-08-30T00:21:41.8460479Z remote: Compressing objects:  64% (1837/2869)        
2023-08-30T00:21:41.8461558Z remote: Compressing objects:  65% (1865/2869)        
2023-08-30T00:21:41.8464186Z remote: Compressing objects:  66% (1894/2869)        
2023-08-30T00:21:41.8464491Z remote: Compressing objects:  67% (1923/2869)        
2023-08-30T00:21:41.8467687Z remote: Compressing objects:  68% (1951/2869)        
2023-08-30T00:21:41.8471507Z remote: Compressing objects:  69% (1980/2869)        
2023-08-30T00:21:41.8472553Z remote: Compressing objects:  70% (2009/2869)        
2023-08-30T00:21:41.8473252Z remote: Compressing objects:  71% (2037/2869)        
2023-08-30T00:21:41.8473554Z remote: Compressing objects:  72% (2066/2869)        
2023-08-30T00:21:41.8474301Z remote: Compressing objects:  73% (2095/2869)        
2023-08-30T00:21:41.8474596Z remote: Compressing objects:  74% (2124/2869)        
2023-08-30T00:21:41.8474869Z remote: Compressing objects:  75% (2152/2869)        
2023-08-30T00:21:41.8475150Z remote: Compressing objects:  76% (2181/2869)        
2023-08-30T00:21:41.8475647Z remote: Compressing objects:  77% (2210/2869)        
2023-08-30T00:21:41.8476235Z remote: Compressing objects:  78% (2238/2869)        
2023-08-30T00:21:41.8477694Z remote: Compressing objects:  79% (2267/2869)        
2023-08-30T00:21:41.8480487Z remote: Compressing objects:  80% (2296/2869)        
2023-08-30T00:21:41.8483790Z remote: Compressing objects:  81% (2324/2869)        
2023-08-30T00:21:41.8484270Z remote: Compressing objects:  82% (2353/2869)        
2023-08-30T00:21:41.8484568Z remote: Compressing objects:  83% (2382/2869)        
2023-08-30T00:21:41.8485038Z remote: Compressing objects:  84% (2410/2869)        
2023-08-30T00:21:41.8485321Z remote: Compressing objects:  85% (2439/2869)        
2023-08-30T00:21:41.8485594Z remote: Compressing objects:  86% (2468/2869)        
2023-08-30T00:21:41.8487231Z remote: Compressing objects:  87% (2497/2869)        
2023-08-30T00:21:41.8488135Z remote: Compressing objects:  88% (2525/2869)        
2023-08-30T00:21:41.8488417Z remote: Compressing objects:  89% (2554/2869)        
2023-08-30T00:21:41.8489864Z remote: Compressing objects:  90% (2583/2869)        
2023-08-30T00:21:41.8490858Z remote: Compressing objects:  91% (2611/2869)        
2023-08-30T00:21:41.8493360Z remote: Compressing objects:  92% (2640/2869)        
2023-08-30T00:21:41.8493659Z remote: Compressing objects:  93% (2669/2869)        
2023-08-30T00:21:41.8496037Z remote: Compressing objects:  94% (2697/2869)        
2023-08-30T00:21:41.8496431Z remote: Compressing objects:  95% (2726/2869)        
2023-08-30T00:21:41.8500125Z remote: Compressing objects:  96% (2755/2869)        
2023-08-30T00:21:41.8500643Z remote: Compressing objects:  97% (2783/2869)        
2023-08-30T00:21:41.8500935Z remote: Compressing objects:  98% (2812/2869)        
2023-08-30T00:21:41.8501205Z remote: Compressing objects:  99% (2841/2869)        
2023-08-30T00:21:41.8501475Z remote: Compressing objects: 100% (2869/2869)        
2023-08-30T00:21:41.8501764Z remote: Compressing objects: 100% (2869/2869), done.        
2023-08-30T00:21:41.8744465Z Receiving objects:   0% (1/7599)
2023-08-30T00:21:41.8814642Z Receiving objects:   1% (76/7599)
2023-08-30T00:21:41.8923374Z Receiving objects:   2% (152/7599)
2023-08-30T00:21:41.9027464Z Receiving objects:   3% (228/7599)
2023-08-30T00:21:41.9134998Z Receiving objects:   4% (304/7599)
2023-08-30T00:21:41.9191138Z Receiving objects:   5% (380/7599)
2023-08-30T00:21:41.9245982Z Receiving objects:   6% (456/7599)
2023-08-30T00:21:41.9299373Z Receiving objects:   7% (532/7599)
2023-08-30T00:21:41.9320424Z Receiving objects:   8% (608/7599)
2023-08-30T00:21:41.9371973Z Receiving objects:   9% (684/7599)
2023-08-30T00:21:41.9414034Z Receiving objects:  10% (760/7599)
2023-08-30T00:21:41.9492857Z Receiving objects:  11% (836/7599)
2023-08-30T00:21:41.9495046Z Receiving objects:  12% (912/7599)
2023-08-30T00:21:41.9497037Z Receiving objects:  13% (988/7599)
2023-08-30T00:21:41.9518323Z Receiving objects:  14% (1064/7599)
2023-08-30T00:21:41.9604210Z Receiving objects:  15% (1140/7599)
2023-08-30T00:21:41.9889188Z Receiving objects:  16% (1216/7599)
2023-08-30T00:21:42.0055831Z Receiving objects:  17% (1292/7599)
2023-08-30T00:21:42.0170794Z Receiving objects:  18% (1368/7599)
2023-08-30T00:21:42.0306812Z Receiving objects:  19% (1444/7599)
2023-08-30T00:21:42.0407685Z Receiving objects:  20% (1520/7599)
2023-08-30T00:21:42.0502849Z Receiving objects:  21% (1596/7599)
2023-08-30T00:21:42.0601932Z Receiving objects:  22% (1672/7599)
2023-08-30T00:21:42.0727168Z Receiving objects:  23% (1748/7599)
2023-08-30T00:21:42.0797620Z Receiving objects:  24% (1824/7599)
2023-08-30T00:21:42.0913407Z Receiving objects:  25% (1900/7599)
2023-08-30T00:21:42.1020566Z Receiving objects:  26% (1976/7599)
2023-08-30T00:21:42.1131720Z Receiving objects:  27% (2052/7599)
2023-08-30T00:21:42.1257557Z Receiving objects:  28% (2128/7599)
2023-08-30T00:21:42.1377947Z Receiving objects:  29% (2204/7599)
2023-08-30T00:21:42.1492440Z Receiving objects:  30% (2280/7599)
2023-08-30T00:21:42.1619030Z Receiving objects:  31% (2356/7599)
2023-08-30T00:21:42.1732050Z Receiving objects:  32% (2432/7599)
2023-08-30T00:21:42.1834847Z Receiving objects:  33% (2508/7599)
2023-08-30T00:21:42.1948436Z Receiving objects:  34% (2584/7599)
2023-08-30T00:21:42.2053818Z Receiving objects:  35% (2660/7599)
2023-08-30T00:21:42.2126661Z Receiving objects:  36% (2736/7599)
2023-08-30T00:21:42.2280693Z Receiving objects:  37% (2812/7599)
2023-08-30T00:21:42.2422359Z Receiving objects:  38% (2888/7599)
2023-08-30T00:21:42.2563462Z Receiving objects:  39% (2964/7599)
2023-08-30T00:21:42.2670614Z Receiving objects:  40% (3040/7599)
2023-08-30T00:21:42.2722912Z Receiving objects:  41% (3116/7599)
2023-08-30T00:21:42.2770363Z Receiving objects:  42% (3192/7599)
2023-08-30T00:21:42.2818783Z Receiving objects:  43% (3268/7599)
2023-08-30T00:21:42.2866898Z Receiving objects:  44% (3344/7599)
2023-08-30T00:21:42.2917723Z Receiving objects:  45% (3420/7599)
2023-08-30T00:21:42.2971146Z Receiving objects:  46% (3496/7599)
2023-08-30T00:21:42.3021045Z Receiving objects:  47% (3572/7599)
2023-08-30T00:21:42.3076840Z Receiving objects:  48% (3648/7599)
2023-08-30T00:21:42.3265820Z Receiving objects:  49% (3724/7599)
2023-08-30T00:21:42.3427980Z Receiving objects:  50% (3800/7599)
2023-08-30T00:21:42.3597256Z Receiving objects:  51% (3876/7599)
2023-08-30T00:21:42.3781012Z Receiving objects:  52% (3952/7599), 13.80 MiB | 27.59 MiB/s
2023-08-30T00:21:42.3882994Z Receiving objects:  53% (4028/7599), 13.80 MiB | 27.59 MiB/s
2023-08-30T00:21:42.3984448Z Receiving objects:  54% (4104/7599), 13.80 MiB | 27.59 MiB/s
2023-08-30T00:21:42.4084605Z Receiving objects:  55% (4180/7599), 13.80 MiB | 27.59 MiB/s
2023-08-30T00:21:42.4194366Z Receiving objects:  56% (4256/7599), 13.80 MiB | 27.59 MiB/s
2023-08-30T00:21:42.4342362Z Receiving objects:  57% (4332/7599), 13.80 MiB | 27.59 MiB/s
2023-08-30T00:21:42.4486722Z Receiving objects:  58% (4408/7599), 13.80 MiB | 27.59 MiB/s
2023-08-30T00:21:42.4631607Z Receiving objects:  59% (4484/7599), 13.80 MiB | 27.59 MiB/s
2023-08-30T00:21:42.4810662Z Receiving objects:  60% (4560/7599), 13.80 MiB | 27.59 MiB/s
2023-08-30T00:21:42.4883087Z Receiving objects:  61% (4636/7599), 13.80 MiB | 27.59 MiB/s
2023-08-30T00:21:42.5007946Z Receiving objects:  62% (4712/7599), 13.80 MiB | 27.59 MiB/s
2023-08-30T00:21:42.5186689Z Receiving objects:  63% (4788/7599), 13.80 MiB | 27.59 MiB/s
2023-08-30T00:21:42.5300343Z Receiving objects:  64% (4864/7599), 13.80 MiB | 27.59 MiB/s
2023-08-30T00:21:42.5484481Z Receiving objects:  65% (4940/7599), 13.80 MiB | 27.59 MiB/s
2023-08-30T00:21:42.5568108Z Receiving objects:  66% (5016/7599), 13.80 MiB | 27.59 MiB/s
2023-08-30T00:21:42.5788868Z Receiving objects:  67% (5092/7599), 13.80 MiB | 27.59 MiB/s
2023-08-30T00:21:42.5919061Z Receiving objects:  68% (5168/7599), 13.80 MiB | 27.59 MiB/s
2023-08-30T00:21:42.6059730Z Receiving objects:  69% (5244/7599), 13.80 MiB | 27.59 MiB/s
2023-08-30T00:21:42.6185476Z Receiving objects:  70% (5320/7599), 13.80 MiB | 27.59 MiB/s
2023-08-30T00:21:42.6340844Z Receiving objects:  71% (5396/7599), 13.80 MiB | 27.59 MiB/s
2023-08-30T00:21:42.6521944Z Receiving objects:  72% (5472/7599), 13.80 MiB | 27.59 MiB/s
2023-08-30T00:21:42.6652126Z Receiving objects:  73% (5548/7599), 13.80 MiB | 27.59 MiB/s
2023-08-30T00:21:42.6821705Z Receiving objects:  74% (5624/7599), 13.80 MiB | 27.59 MiB/s
2023-08-30T00:21:42.7045943Z Receiving objects:  75% (5700/7599), 13.80 MiB | 27.59 MiB/s
2023-08-30T00:21:42.7192252Z Receiving objects:  76% (5776/7599), 13.80 MiB | 27.59 MiB/s
2023-08-30T00:21:42.7280921Z Receiving objects:  77% (5852/7599), 13.80 MiB | 27.59 MiB/s
2023-08-30T00:21:42.7391487Z Receiving objects:  78% (5928/7599), 13.80 MiB | 27.59 MiB/s
2023-08-30T00:21:42.7540993Z Receiving objects:  79% (6004/7599), 13.80 MiB | 27.59 MiB/s
2023-08-30T00:21:42.7655850Z Receiving objects:  80% (6080/7599), 13.80 MiB | 27.59 MiB/s
2023-08-30T00:21:42.7797846Z Receiving objects:  81% (6156/7599), 13.80 MiB | 27.59 MiB/s
2023-08-30T00:21:42.7941371Z Receiving objects:  82% (6232/7599), 13.80 MiB | 27.59 MiB/s
2023-08-30T00:21:42.8046878Z Receiving objects:  83% (6308/7599), 13.80 MiB | 27.59 MiB/s
2023-08-30T00:21:42.8148986Z Receiving objects:  84% (6384/7599), 13.80 MiB | 27.59 MiB/s
2023-08-30T00:21:42.8300279Z Receiving objects:  85% (6460/7599), 13.80 MiB | 27.59 MiB/s
2023-08-30T00:21:42.8431171Z Receiving objects:  86% (6536/7599), 13.80 MiB | 27.59 MiB/s
2023-08-30T00:21:42.8569758Z Receiving objects:  87% (6612/7599), 13.80 MiB | 27.59 MiB/s
2023-08-30T00:21:42.8678917Z Receiving objects:  88% (6688/7599), 13.80 MiB | 27.59 MiB/s
2023-08-30T00:21:42.8679284Z Receiving objects:  88% (6696/7599), 31.85 MiB | 31.85 MiB/s
2023-08-30T00:21:42.8679596Z Receiving objects:  89% (6764/7599), 31.85 MiB | 31.85 MiB/s
2023-08-30T00:21:42.8679891Z Receiving objects:  90% (6840/7599), 31.85 MiB | 31.85 MiB/s
2023-08-30T00:21:42.8680176Z Receiving objects:  91% (6916/7599), 31.85 MiB | 31.85 MiB/s
2023-08-30T00:21:42.8680443Z Receiving objects:  92% (6992/7599), 31.85 MiB | 31.85 MiB/s
2023-08-30T00:21:42.8680721Z Receiving objects:  93% (7068/7599), 31.85 MiB | 31.85 MiB/s
2023-08-30T00:21:42.8681027Z Receiving objects:  94% (7144/7599), 31.85 MiB | 31.85 MiB/s
2023-08-30T00:21:42.8916187Z Receiving objects:  95% (7220/7599), 31.85 MiB | 31.85 MiB/s
2023-08-30T00:21:42.9138142Z Receiving objects:  96% (7296/7599), 31.85 MiB | 31.85 MiB/s
2023-08-30T00:21:42.9146460Z Receiving objects:  97% (7372/7599), 31.85 MiB | 31.85 MiB/s
2023-08-30T00:21:42.9262266Z Receiving objects:  98% (7448/7599), 31.85 MiB | 31.85 MiB/s
2023-08-30T00:21:42.9501347Z Receiving objects:  99% (7524/7599), 31.85 MiB | 31.85 MiB/s
2023-08-30T00:21:42.9502514Z remote: Total 7599 (delta 4421), reused 7318 (delta 4335), pack-reused 0        
2023-08-30T00:21:42.9520026Z Receiving objects: 100% (7599/7599), 31.85 MiB | 31.85 MiB/s
2023-08-30T00:21:42.9520598Z Receiving objects: 100% (7599/7599), 35.21 MiB | 32.11 MiB/s, done.
2023-08-30T00:21:42.9560743Z Resolving deltas:   0% (0/4421)
2023-08-30T00:21:42.9655654Z Resolving deltas:   1% (45/4421)
2023-08-30T00:21:42.9782588Z Resolving deltas:   2% (89/4421)
2023-08-30T00:21:42.9906160Z Resolving deltas:   3% (133/4421)
2023-08-30T00:21:43.0018200Z Resolving deltas:   4% (177/4421)
2023-08-30T00:21:43.0144077Z Resolving deltas:   5% (222/4421)
2023-08-30T00:21:43.0222037Z Resolving deltas:   6% (266/4421)
2023-08-30T00:21:43.0232443Z Resolving deltas:   7% (310/4421)
2023-08-30T00:21:43.0242915Z Resolving deltas:   8% (354/4421)
2023-08-30T00:21:43.0285009Z Resolving deltas:   9% (398/4421)
2023-08-30T00:21:43.0296123Z Resolving deltas:  10% (443/4421)
2023-08-30T00:21:43.0307951Z Resolving deltas:  11% (487/4421)
2023-08-30T00:21:43.0311942Z Resolving deltas:  12% (531/4421)
2023-08-30T00:21:43.0420831Z Resolving deltas:  13% (575/4421)
2023-08-30T00:21:43.0864750Z Resolving deltas:  14% (619/4421)
2023-08-30T00:21:43.1145295Z Resolving deltas:  15% (664/4421)
2023-08-30T00:21:43.1382121Z Resolving deltas:  16% (708/4421)
2023-08-30T00:21:43.1487336Z Resolving deltas:  17% (752/4421)
2023-08-30T00:21:43.1769974Z Resolving deltas:  18% (796/4421)
2023-08-30T00:21:43.2044360Z Resolving deltas:  19% (840/4421)
2023-08-30T00:21:43.2302040Z Resolving deltas:  20% (885/4421)
2023-08-30T00:21:43.2532019Z Resolving deltas:  21% (929/4421)
2023-08-30T00:21:43.2716187Z Resolving deltas:  22% (973/4421)
2023-08-30T00:21:43.2842752Z Resolving deltas:  23% (1017/4421)
2023-08-30T00:21:43.2860716Z Resolving deltas:  24% (1062/4421)
2023-08-30T00:21:43.2885080Z Resolving deltas:  25% (1106/4421)
2023-08-30T00:21:43.3058045Z Resolving deltas:  26% (1150/4421)
2023-08-30T00:21:43.3100698Z Resolving deltas:  27% (1194/4421)
2023-08-30T00:21:43.3226095Z Resolving deltas:  28% (1238/4421)
2023-08-30T00:21:43.3237303Z Resolving deltas:  29% (1283/4421)
2023-08-30T00:21:43.3245322Z Resolving deltas:  30% (1327/4421)
2023-08-30T00:21:43.3266714Z Resolving deltas:  31% (1371/4421)
2023-08-30T00:21:43.3272695Z Resolving deltas:  32% (1415/4421)
2023-08-30T00:21:43.3291275Z Resolving deltas:  33% (1459/4421)
2023-08-30T00:21:43.3301145Z Resolving deltas:  34% (1504/4421)
2023-08-30T00:21:43.3310465Z Resolving deltas:  35% (1548/4421)
2023-08-30T00:21:43.3368330Z Resolving deltas:  36% (1592/4421)
2023-08-30T00:21:43.3405549Z Resolving deltas:  37% (1636/4421)
2023-08-30T00:21:43.3453554Z Resolving deltas:  38% (1680/4421)
2023-08-30T00:21:43.3478830Z Resolving deltas:  39% (1725/4421)
2023-08-30T00:21:43.3482376Z Resolving deltas:  40% (1769/4421)
2023-08-30T00:21:43.3484423Z Resolving deltas:  41% (1813/4421)
2023-08-30T00:21:43.3488015Z Resolving deltas:  42% (1857/4421)
2023-08-30T00:21:43.3490432Z Resolving deltas:  43% (1902/4421)
2023-08-30T00:21:43.3523211Z Resolving deltas:  44% (1946/4421)
2023-08-30T00:21:43.3578806Z Resolving deltas:  45% (1990/4421)
2023-08-30T00:21:43.3628701Z Resolving deltas:  46% (2034/4421)
2023-08-30T00:21:43.3706148Z Resolving deltas:  47% (2078/4421)
2023-08-30T00:21:43.3753046Z Resolving deltas:  48% (2123/4421)
2023-08-30T00:21:43.3819158Z Resolving deltas:  49% (2167/4421)
2023-08-30T00:21:43.3883956Z Resolving deltas:  50% (2211/4421)
2023-08-30T00:21:43.3898775Z Resolving deltas:  51% (2255/4421)
2023-08-30T00:21:43.3900032Z Resolving deltas:  52% (2299/4421)
2023-08-30T00:21:43.3923588Z Resolving deltas:  53% (2344/4421)
2023-08-30T00:21:43.4180276Z Resolving deltas:  54% (2388/4421)
2023-08-30T00:21:43.4265055Z Resolving deltas:  55% (2432/4421)
2023-08-30T00:21:43.4472309Z Resolving deltas:  56% (2476/4421)
2023-08-30T00:21:43.4737461Z Resolving deltas:  57% (2520/4421)
2023-08-30T00:21:43.5049698Z Resolving deltas:  58% (2565/4421)
2023-08-30T00:21:43.5379470Z Resolving deltas:  59% (2609/4421)
2023-08-30T00:21:43.5726774Z Resolving deltas:  60% (2653/4421)
2023-08-30T00:21:43.5863305Z Resolving deltas:  61% (2697/4421)
2023-08-30T00:21:43.6026840Z Resolving deltas:  62% (2742/4421)
2023-08-30T00:21:43.6040853Z Resolving deltas:  63% (2786/4421)
2023-08-30T00:21:43.6267675Z Resolving deltas:  64% (2830/4421)
2023-08-30T00:21:43.6287998Z Resolving deltas:  65% (2874/4421)
2023-08-30T00:21:43.6316434Z Resolving deltas:  66% (2918/4421)
2023-08-30T00:21:43.6595628Z Resolving deltas:  67% (2963/4421)
2023-08-30T00:21:43.7072054Z Resolving deltas:  68% (3007/4421)
2023-08-30T00:21:43.7337987Z Resolving deltas:  69% (3051/4421)
2023-08-30T00:21:43.7512709Z Resolving deltas:  70% (3095/4421)
2023-08-30T00:21:43.7570803Z Resolving deltas:  71% (3139/4421)
2023-08-30T00:21:43.7587949Z Resolving deltas:  72% (3184/4421)
2023-08-30T00:21:43.7609002Z Resolving deltas:  73% (3228/4421)
2023-08-30T00:21:43.7613968Z Resolving deltas:  74% (3272/4421)
2023-08-30T00:21:43.7623501Z Resolving deltas:  75% (3316/4421)
2023-08-30T00:21:43.7626264Z Resolving deltas:  76% (3360/4421)
2023-08-30T00:21:43.7633982Z Resolving deltas:  77% (3405/4421)
2023-08-30T00:21:43.7639767Z Resolving deltas:  78% (3449/4421)
2023-08-30T00:21:43.7651276Z Resolving deltas:  79% (3493/4421)
2023-08-30T00:21:43.7662770Z Resolving deltas:  80% (3537/4421)
2023-08-30T00:21:43.7679443Z Resolving deltas:  81% (3582/4421)
2023-08-30T00:21:43.7700859Z Resolving deltas:  82% (3626/4421)
2023-08-30T00:21:43.7868608Z Resolving deltas:  83% (3670/4421)
2023-08-30T00:21:43.8097710Z Resolving deltas:  84% (3714/4421)
2023-08-30T00:21:43.8197904Z Resolving deltas:  85% (3758/4421)
2023-08-30T00:21:43.8253162Z Resolving deltas:  86% (3803/4421)
2023-08-30T00:21:43.8321292Z Resolving deltas:  87% (3847/4421)
2023-08-30T00:21:43.8365973Z Resolving deltas:  88% (3891/4421)
2023-08-30T00:21:43.8439008Z Resolving deltas:  89% (3935/4421)
2023-08-30T00:21:43.8576278Z Resolving deltas:  90% (3979/4421)
2023-08-30T00:21:43.8712507Z Resolving deltas:  91% (4024/4421)
2023-08-30T00:21:43.8901417Z Resolving deltas:  92% (4068/4421)
2023-08-30T00:21:43.8983130Z Resolving deltas:  93% (4112/4421)
2023-08-30T00:21:43.9067458Z Resolving deltas:  94% (4156/4421)
2023-08-30T00:21:43.9172307Z Resolving deltas:  95% (4200/4421)
2023-08-30T00:21:43.9279329Z Resolving deltas:  96% (4245/4421)
2023-08-30T00:21:43.9401768Z Resolving deltas:  97% (4289/4421)
2023-08-30T00:21:43.9518090Z Resolving deltas:  98% (4333/4421)
2023-08-30T00:21:43.9530565Z Resolving deltas:  99% (4377/4421)
2023-08-30T00:21:43.9576276Z Resolving deltas:  99% (4389/4421)
2023-08-30T00:21:43.9576769Z Resolving deltas: 100% (4421/4421)
2023-08-30T00:21:43.9577406Z Resolving deltas: 100% (4421/4421), done.
2023-08-30T00:21:44.0119929Z From https://github.com/seanpm2001/GitHub_Stats_A
2023-08-30T00:21:44.0121056Z  * [new ref]         8658def047329d9118640077677ecc25ec349bb3 -> origin/master
2023-08-30T00:21:44.0143736Z ##[endgroup]
2023-08-30T00:21:44.0144304Z ##[group]Determining the checkout info
2023-08-30T00:21:44.0145484Z ##[endgroup]
2023-08-30T00:21:44.0146022Z ##[group]Checking out the ref
2023-08-30T00:21:44.0150681Z [command]/usr/bin/git checkout --progress --force -B master refs/remotes/origin/master
2023-08-30T00:21:45.0310878Z Updating files:  76% (6047/7880)
2023-08-30T00:21:45.0390083Z Updating files:  77% (6068/7880)
2023-08-30T00:21:45.0553428Z Updating files:  78% (6147/7880)
2023-08-30T00:21:45.0566985Z Updating files:  79% (6226/7880)
2023-08-30T00:21:45.0635182Z Updating files:  80% (6304/7880)
2023-08-30T00:21:45.0749721Z Updating files:  81% (6383/7880)
2023-08-30T00:21:45.0787406Z Updating files:  82% (6462/7880)
2023-08-30T00:21:45.0811551Z Updating files:  83% (6541/7880)
2023-08-30T00:21:45.0874623Z Updating files:  84% (6620/7880)
2023-08-30T00:21:45.0919808Z Updating files:  85% (6698/7880)
2023-08-30T00:21:45.0977646Z Updating files:  86% (6777/7880)
2023-08-30T00:21:45.1042831Z Updating files:  87% (6856/7880)
2023-08-30T00:21:45.1102368Z Updating files:  88% (6935/7880)
2023-08-30T00:21:45.1221176Z Updating files:  89% (7014/7880)
2023-08-30T00:21:45.1334691Z Updating files:  90% (7092/7880)
2023-08-30T00:21:45.1461185Z Updating files:  91% (7171/7880)
2023-08-30T00:21:45.1606620Z Updating files:  92% (7250/7880)
2023-08-30T00:21:45.1722254Z Updating files:  93% (7329/7880)
2023-08-30T00:21:45.1772903Z Updating files:  94% (7408/7880)
2023-08-30T00:21:45.1834720Z Updating files:  95% (7486/7880)
2023-08-30T00:21:45.1913614Z Updating files:  96% (7565/7880)
2023-08-30T00:21:45.2001189Z Updating files:  97% (7644/7880)
2023-08-30T00:21:45.2136688Z Updating files:  98% (7723/7880)
2023-08-30T00:21:45.2227300Z Updating files:  99% (7802/7880)
2023-08-30T00:21:45.2227718Z Updating files: 100% (7880/7880)
2023-08-30T00:21:45.2228328Z Updating files: 100% (7880/7880), done.
2023-08-30T00:21:45.2361238Z Reset branch 'master'
2023-08-30T00:21:45.2363116Z branch 'master' set up to track 'origin/master'.
2023-08-30T00:21:45.2420335Z ##[endgroup]
2023-08-30T00:21:45.2460864Z [command]/usr/bin/git log -1 --format='%H'
2023-08-30T00:21:45.2488549Z '8658def047329d9118640077677ecc25ec349bb3'
2023-08-30T00:21:45.2815033Z ##[group]Run actions/setup-python@v4
2023-08-30T00:21:45.2815293Z with:
2023-08-30T00:21:45.2815498Z   python-version: 3.8
2023-08-30T00:21:45.2815737Z   architecture: x64
2023-08-30T00:21:45.2815932Z   cache: pip
2023-08-30T00:21:45.2816130Z   check-latest: false
2023-08-30T00:21:45.2816461Z   token: ***
2023-08-30T00:21:45.2816667Z   update-environment: true
2023-08-30T00:21:45.2816916Z   allow-prereleases: false
2023-08-30T00:21:45.2817117Z ##[endgroup]
2023-08-30T00:21:45.4569908Z ##[group]Installed versions
2023-08-30T00:21:45.4683671Z Successfully set up CPython (3.8.17)
2023-08-30T00:21:45.4686582Z ##[endgroup]
2023-08-30T00:21:46.2030493Z [command]/opt/hostedtoolcache/Python/3.8.17/x64/bin/pip cache dir
2023-08-30T00:21:46.6459791Z /home/runner/.cache/pip
2023-08-30T00:21:46.9725929Z Received 6339595 of 6339595 (100.0%), 43.5 MBs/sec
2023-08-30T00:21:46.9726621Z Cache Size: ~6 MB (6339595 B)
2023-08-30T00:21:46.9753315Z [command]/usr/bin/tar -xf /home/runner/work/_temp/28f0b56b-47c6-485c-803a-5a5541c048e9/cache.tzst -P -C /home/runner/work/GitHub_Stats_A/GitHub_Stats_A --use-compress-program unzstd
2023-08-30T00:21:47.0009859Z Cache restored successfully
2023-08-30T00:21:47.0027492Z Cache restored from key: setup-python-Linux-22.04-Ubuntu-python-3.8.17-pip-60f2a6c0212a9b74a155cd81b58dd07fd8b180833132566260d95f4de42fe218
2023-08-30T00:21:47.0190340Z ##[group]Run python3 -m pip install --upgrade pip setuptools wheel
2023-08-30T00:21:47.0191000Z [36;1mpython3 -m pip install --upgrade pip setuptools wheel[0m
2023-08-30T00:21:47.0191351Z [36;1mpython3 -m pip install -r requirements.txt[0m
2023-08-30T00:21:47.0251989Z shell: /usr/bin/bash -e {0}
2023-08-30T00:21:47.0252225Z env:
2023-08-30T00:21:47.0252507Z   pythonLocation: /opt/hostedtoolcache/Python/3.8.17/x64
2023-08-30T00:21:47.0252868Z   PKG_CONFIG_PATH: /opt/hostedtoolcache/Python/3.8.17/x64/lib/pkgconfig
2023-08-30T00:21:47.0253213Z   Python_ROOT_DIR: /opt/hostedtoolcache/Python/3.8.17/x64
2023-08-30T00:21:47.0253541Z   Python2_ROOT_DIR: /opt/hostedtoolcache/Python/3.8.17/x64
2023-08-30T00:21:47.0253874Z   Python3_ROOT_DIR: /opt/hostedtoolcache/Python/3.8.17/x64
2023-08-30T00:21:47.0254199Z   LD_LIBRARY_PATH: /opt/hostedtoolcache/Python/3.8.17/x64/lib
2023-08-30T00:21:47.0254460Z ##[endgroup]
2023-08-30T00:21:47.7496211Z Requirement already satisfied: pip in /opt/hostedtoolcache/Python/3.8.17/x64/lib/python3.8/site-packages (23.0.1)
2023-08-30T00:21:47.9713180Z Collecting pip
2023-08-30T00:21:47.9719210Z   Obtaining dependency information for pip from https://files.pythonhosted.org/packages/50/c2/e06851e8cc28dcad7c155f4753da8833ac06a5c704c109313b8d5a62968a/pip-23.2.1-py3-none-any.whl.metadata
2023-08-30T00:21:48.0706115Z   Downloading pip-23.2.1-py3-none-any.whl.metadata (4.2 kB)
2023-08-30T00:21:48.0738170Z Requirement already satisfied: setuptools in /opt/hostedtoolcache/Python/3.8.17/x64/lib/python3.8/site-packages (56.0.0)
2023-08-30T00:21:48.3894560Z Collecting setuptools
2023-08-30T00:21:48.3900447Z   Obtaining dependency information for setuptools from https://files.pythonhosted.org/packages/4f/ab/0bcfebdfc3bfa8554b2b2c97a555569c4c1ebc74ea288741ea8326c51906/setuptools-68.1.2-py3-none-any.whl.metadata
2023-08-30T00:21:48.4007272Z   Downloading setuptools-68.1.2-py3-none-any.whl.metadata (6.2 kB)
2023-08-30T00:21:48.4524084Z Collecting wheel
2023-08-30T00:21:48.4531159Z   Obtaining dependency information for wheel from https://files.pythonhosted.org/packages/b8/8b/31273bf66016be6ad22bb7345c37ff350276cfd46e389a0c2ac5da9d9073/wheel-0.41.2-py3-none-any.whl.metadata
2023-08-30T00:21:48.4614935Z   Downloading wheel-0.41.2-py3-none-any.whl.metadata (2.2 kB)
2023-08-30T00:21:48.5212657Z Downloading pip-23.2.1-py3-none-any.whl (2.1 MB)
2023-08-30T00:21:48.6713549Z    ‚îÅ‚îÅ‚îÅ‚îÅ‚îÅ‚îÅ‚îÅ‚îÅ‚îÅ‚îÅ‚îÅ‚îÅ‚îÅ‚îÅ‚îÅ‚îÅ‚îÅ‚îÅ‚îÅ‚îÅ‚îÅ‚îÅ‚îÅ‚îÅ‚îÅ‚îÅ‚îÅ‚îÅ‚îÅ‚îÅ‚îÅ‚îÅ‚îÅ‚îÅ‚îÅ‚îÅ‚îÅ‚îÅ‚îÅ‚îÅ 2.1/2.1 MB 15.3 MB/s eta 0:00:00
2023-08-30T00:21:48.6734718Z Downloading setuptools-68.1.2-py3-none-any.whl (805 kB)
2023-08-30T00:21:48.7047873Z    ‚îÅ‚îÅ‚îÅ‚îÅ‚îÅ‚îÅ‚îÅ‚îÅ‚îÅ‚îÅ‚îÅ‚îÅ‚îÅ‚îÅ‚îÅ‚îÅ‚îÅ‚îÅ‚îÅ‚îÅ‚îÅ‚îÅ‚îÅ‚îÅ‚îÅ‚îÅ‚îÅ‚îÅ‚îÅ‚îÅ‚îÅ‚îÅ‚îÅ‚îÅ‚îÅ‚îÅ‚îÅ‚îÅ‚îÅ‚îÅ 805.1/805.1 kB 28.2 MB/s eta 0:00:00
2023-08-30T00:21:48.7144951Z Downloading wheel-0.41.2-py3-none-any.whl (64 kB)
2023-08-30T00:21:48.7189514Z    ‚îÅ‚îÅ‚îÅ‚îÅ‚îÅ‚îÅ‚îÅ‚îÅ‚îÅ‚îÅ‚îÅ‚îÅ‚îÅ‚îÅ‚îÅ‚îÅ‚îÅ‚îÅ‚îÅ‚îÅ‚îÅ‚îÅ‚îÅ‚îÅ‚îÅ‚îÅ‚îÅ‚îÅ‚îÅ‚îÅ‚îÅ‚îÅ‚îÅ‚îÅ‚îÅ‚îÅ‚îÅ‚îÅ‚îÅ‚îÅ 64.8/64.8 kB 27.5 MB/s eta 0:00:00
2023-08-30T00:21:48.8225517Z Installing collected packages: wheel, setuptools, pip
2023-08-30T00:21:48.8686697Z   Attempting uninstall: setuptools
2023-08-30T00:21:48.8694003Z     Found existing installation: setuptools 56.0.0
2023-08-30T00:21:48.8898645Z     Uninstalling setuptools-56.0.0:
2023-08-30T00:21:48.9001608Z       Successfully uninstalled setuptools-56.0.0
2023-08-30T00:21:49.3379125Z   Attempting uninstall: pip
2023-08-30T00:21:49.3385226Z     Found existing installation: pip 23.0.1
2023-08-30T00:21:49.4143896Z     Uninstalling pip-23.0.1:
2023-08-30T00:21:49.4607246Z       Successfully uninstalled pip-23.0.1
2023-08-30T00:21:50.5662888Z Successfully installed pip-23.2.1 setuptools-68.1.2 wheel-0.41.2
2023-08-30T00:21:51.5010716Z Collecting requests (from -r requirements.txt (line 1))
2023-08-30T00:21:51.5016126Z   Obtaining dependency information for requests from https://files.pythonhosted.org/packages/70/8e/0e2d847013cb52cd35b38c009bb167a1a26b2ce6cd6965bf26b47bc0bf44/requests-2.31.0-py3-none-any.whl.metadata
2023-08-30T00:21:51.5978559Z   Downloading requests-2.31.0-py3-none-any.whl.metadata (4.6 kB)
2023-08-30T00:21:52.0709896Z Collecting aiohttp (from -r requirements.txt (line 2))
2023-08-30T00:21:52.0711233Z   Obtaining dependency information for aiohttp from https://files.pythonhosted.org/packages/84/22/20c41a698eb5435ff7cd3bc6884542d2a40f3c91a221f713d77217facc39/aiohttp-3.8.5-cp38-cp38-manylinux_2_17_x86_64.manylinux2014_x86_64.whl.metadata
2023-08-30T00:21:52.0795250Z   Downloading aiohttp-3.8.5-cp38-cp38-manylinux_2_17_x86_64.manylinux2014_x86_64.whl.metadata (7.7 kB)
2023-08-30T00:21:52.2157910Z Collecting charset-normalizer<4,>=2 (from requests->-r requirements.txt (line 1))
2023-08-30T00:21:52.2163491Z   Obtaining dependency information for charset-normalizer<4,>=2 from https://files.pythonhosted.org/packages/cb/e7/5e43745003bf1f90668c7be23fc5952b3a2b9c2558f16749411c18039b36/charset_normalizer-3.2.0-cp38-cp38-manylinux_2_17_x86_64.manylinux2014_x86_64.whl.metadata
2023-08-30T00:21:52.2251041Z   Downloading charset_normalizer-3.2.0-cp38-cp38-manylinux_2_17_x86_64.manylinux2014_x86_64.whl.metadata (31 kB)
2023-08-30T00:21:52.2643319Z Collecting idna<4,>=2.5 (from requests->-r requirements.txt (line 1))
2023-08-30T00:21:52.2660951Z   Using cached idna-3.4-py3-none-any.whl (61 kB)
2023-08-30T00:21:52.3315032Z Collecting urllib3<3,>=1.21.1 (from requests->-r requirements.txt (line 1))
2023-08-30T00:21:52.3319242Z   Obtaining dependency information for urllib3<3,>=1.21.1 from https://files.pythonhosted.org/packages/9b/81/62fd61001fa4b9d0df6e31d47ff49cfa9de4af03adecf339c7bc30656b37/urllib3-2.0.4-py3-none-any.whl.metadata
2023-08-30T00:21:52.3402694Z   Downloading urllib3-2.0.4-py3-none-any.whl.metadata (6.6 kB)
2023-08-30T00:21:52.3779907Z Collecting certifi>=2017.4.17 (from requests->-r requirements.txt (line 1))
2023-08-30T00:21:52.3782837Z   Obtaining dependency information for certifi>=2017.4.17 from https://files.pythonhosted.org/packages/4c/dd/2234eab22353ffc7d94e8d13177aaa050113286e93e7b40eae01fbf7c3d9/certifi-2023.7.22-py3-none-any.whl.metadata
2023-08-30T00:21:52.3863162Z   Downloading certifi-2023.7.22-py3-none-any.whl.metadata (2.2 kB)
2023-08-30T00:21:52.4348516Z Collecting attrs>=17.3.0 (from aiohttp->-r requirements.txt (line 2))
2023-08-30T00:21:52.4371217Z   Using cached attrs-23.1.0-py3-none-any.whl (61 kB)
2023-08-30T00:21:52.8492974Z Collecting multidict<7.0,>=4.5 (from aiohttp->-r requirements.txt (line 2))
2023-08-30T00:21:52.8516231Z   Using cached multidict-6.0.4-cp38-cp38-manylinux_2_17_x86_64.manylinux2014_x86_64.whl (121 kB)
2023-08-30T00:21:52.8785647Z Collecting async-timeout<5.0,>=4.0.0a3 (from aiohttp->-r requirements.txt (line 2))
2023-08-30T00:21:52.8788708Z   Obtaining dependency information for async-timeout<5.0,>=4.0.0a3 from https://files.pythonhosted.org/packages/a7/fa/e01228c2938de91d47b307831c62ab9e4001e747789d0b05baf779a6488c/async_timeout-4.0.3-py3-none-any.whl.metadata
2023-08-30T00:21:52.8907855Z   Downloading async_timeout-4.0.3-py3-none-any.whl.metadata (4.2 kB)
2023-08-30T00:21:53.1482204Z Collecting yarl<2.0,>=1.0 (from aiohttp->-r requirements.txt (line 2))
2023-08-30T00:21:53.1506224Z   Using cached yarl-1.9.2-cp38-cp38-manylinux_2_17_x86_64.manylinux2014_x86_64.whl (266 kB)
2023-08-30T00:21:53.2643909Z Collecting frozenlist>=1.1.1 (from aiohttp->-r requirements.txt (line 2))
2023-08-30T00:21:53.2645642Z   Obtaining dependency information for frozenlist>=1.1.1 from https://files.pythonhosted.org/packages/0b/36/c276486f89bee9098332710af2207344f360c6c6f104a4931a7566039b1d/frozenlist-1.4.0-cp38-cp38-manylinux_2_5_x86_64.manylinux1_x86_64.manylinux_2_17_x86_64.manylinux2014_x86_64.whl.metadata
2023-08-30T00:21:53.2732524Z   Downloading frozenlist-1.4.0-cp38-cp38-manylinux_2_5_x86_64.manylinux1_x86_64.manylinux_2_17_x86_64.manylinux2014_x86_64.whl.metadata (5.2 kB)
2023-08-30T00:21:53.2965128Z Collecting aiosignal>=1.1.2 (from aiohttp->-r requirements.txt (line 2))
2023-08-30T00:21:53.2988851Z   Using cached aiosignal-1.3.1-py3-none-any.whl (7.6 kB)
2023-08-30T00:21:53.3931211Z Using cached requests-2.31.0-py3-none-any.whl (62 kB)
2023-08-30T00:21:53.4016905Z Downloading aiohttp-3.8.5-cp38-cp38-manylinux_2_17_x86_64.manylinux2014_x86_64.whl (1.1 MB)
2023-08-30T00:21:53.4977339Z    ‚îÅ‚îÅ‚îÅ‚îÅ‚îÅ‚îÅ‚îÅ‚îÅ‚îÅ‚îÅ‚îÅ‚îÅ‚îÅ‚îÅ‚îÅ‚îÅ‚îÅ‚îÅ‚îÅ‚îÅ‚îÅ‚îÅ‚îÅ‚îÅ‚îÅ‚îÅ‚îÅ‚îÅ‚îÅ‚îÅ‚îÅ‚îÅ‚îÅ‚îÅ‚îÅ‚îÅ‚îÅ‚îÅ‚îÅ‚îÅ 1.1/1.1 MB 11.4 MB/s eta 0:00:00
2023-08-30T00:21:53.5063623Z Downloading async_timeout-4.0.3-py3-none-any.whl (5.7 kB)
2023-08-30T00:21:53.5161325Z Downloading certifi-2023.7.22-py3-none-any.whl (158 kB)
2023-08-30T00:21:53.5279146Z    ‚îÅ‚îÅ‚îÅ‚îÅ‚îÅ‚îÅ‚îÅ‚îÅ‚îÅ‚îÅ‚îÅ‚îÅ‚îÅ‚îÅ‚îÅ‚îÅ‚îÅ‚îÅ‚îÅ‚îÅ‚îÅ‚îÅ‚îÅ‚îÅ‚îÅ‚îÅ‚îÅ‚îÅ‚îÅ‚îÅ‚îÅ‚îÅ‚îÅ‚îÅ‚îÅ‚îÅ‚îÅ‚îÅ‚îÅ‚îÅ 158.3/158.3 kB 16.1 MB/s eta 0:00:00
2023-08-30T00:21:53.5374282Z Downloading charset_normalizer-3.2.0-cp38-cp38-manylinux_2_17_x86_64.manylinux2014_x86_64.whl (199 kB)
2023-08-30T00:21:53.5507859Z    ‚îÅ‚îÅ‚îÅ‚îÅ‚îÅ‚îÅ‚îÅ‚îÅ‚îÅ‚îÅ‚îÅ‚îÅ‚îÅ‚îÅ‚îÅ‚îÅ‚îÅ‚îÅ‚îÅ‚îÅ‚îÅ‚îÅ‚îÅ‚îÅ‚îÅ‚îÅ‚îÅ‚îÅ‚îÅ‚îÅ‚îÅ‚îÅ‚îÅ‚îÅ‚îÅ‚îÅ‚îÅ‚îÅ‚îÅ‚îÅ 199.1/199.1 kB 18.0 MB/s eta 0:00:00
2023-08-30T00:21:53.5714867Z Downloading frozenlist-1.4.0-cp38-cp38-manylinux_2_5_x86_64.manylinux1_x86_64.manylinux_2_17_x86_64.manylinux2014_x86_64.whl (220 kB)
2023-08-30T00:21:53.5845377Z    ‚îÅ‚îÅ‚îÅ‚îÅ‚îÅ‚îÅ‚îÅ‚îÅ‚îÅ‚îÅ‚îÅ‚îÅ‚îÅ‚îÅ‚îÅ‚îÅ‚îÅ‚îÅ‚îÅ‚îÅ‚îÅ‚îÅ‚îÅ‚îÅ‚îÅ‚îÅ‚îÅ‚îÅ‚îÅ‚îÅ‚îÅ‚îÅ‚îÅ‚îÅ‚îÅ‚îÅ‚îÅ‚îÅ‚îÅ‚îÅ 220.1/220.1 kB 19.8 MB/s eta 0:00:00
2023-08-30T00:21:53.5951583Z Downloading urllib3-2.0.4-py3-none-any.whl (123 kB)
2023-08-30T00:21:53.6027536Z    ‚îÅ‚îÅ‚îÅ‚îÅ‚îÅ‚îÅ‚îÅ‚îÅ‚îÅ‚îÅ‚îÅ‚îÅ‚îÅ‚îÅ‚îÅ‚îÅ‚îÅ‚îÅ‚îÅ‚îÅ‚îÅ‚îÅ‚îÅ‚îÅ‚îÅ‚îÅ‚îÅ‚îÅ‚îÅ‚îÅ‚îÅ‚îÅ‚îÅ‚îÅ‚îÅ‚îÅ‚îÅ‚îÅ‚îÅ‚îÅ 123.9/123.9 kB 22.8 MB/s eta 0:00:00
2023-08-30T00:21:53.7251763Z Installing collected packages: urllib3, multidict, idna, frozenlist, charset-normalizer, certifi, attrs, async-timeout, yarl, requests, aiosignal, aiohttp
2023-08-30T00:21:54.1899793Z Successfully installed aiohttp-3.8.5 aiosignal-1.3.1 async-timeout-4.0.3 attrs-23.1.0 certifi-2023.7.22 charset-normalizer-3.2.0 frozenlist-1.4.0 idna-3.4 multidict-6.0.4 requests-2.31.0 urllib3-2.0.4 yarl-1.9.2
2023-08-30T00:21:54.3617387Z ##[group]Run python3 --version
2023-08-30T00:21:54.3617738Z [36;1mpython3 --version[0m
2023-08-30T00:21:54.3617982Z [36;1mpython3 generate_images.py[0m
2023-08-30T00:21:54.3671851Z shell: /usr/bin/bash -e {0}
2023-08-30T00:21:54.3672070Z env:
2023-08-30T00:21:54.3672338Z   pythonLocation: /opt/hostedtoolcache/Python/3.8.17/x64
2023-08-30T00:21:54.3672694Z   PKG_CONFIG_PATH: /opt/hostedtoolcache/Python/3.8.17/x64/lib/pkgconfig
2023-08-30T00:21:54.3673049Z   Python_ROOT_DIR: /opt/hostedtoolcache/Python/3.8.17/x64
2023-08-30T00:21:54.3673398Z   Python2_ROOT_DIR: /opt/hostedtoolcache/Python/3.8.17/x64
2023-08-30T00:21:54.3673718Z   Python3_ROOT_DIR: /opt/hostedtoolcache/Python/3.8.17/x64
2023-08-30T00:21:54.3674040Z   LD_LIBRARY_PATH: /opt/hostedtoolcache/Python/3.8.17/x64/lib
2023-08-30T00:21:54.3674464Z   ACCESS_TOKEN: ***
2023-08-30T00:21:54.3674782Z   GITHUB_TOKEN: ***
2023-08-30T00:21:54.3674984Z   EXCLUDED: 
2023-08-30T00:21:54.3675186Z   EXCLUDED_LANGS: 
2023-08-30T00:21:54.3675446Z   EXCLUDE_FORKED_REPOS: true
2023-08-30T00:21:54.3675667Z ##[endgroup]
2023-08-30T00:21:54.3763313Z Python 3.8.17
2023-08-30T00:31:15.5576228Z A path returned 202. Retrying...
2023-08-30T00:31:15.5576771Z A path returned 202. Retrying...
2023-08-30T00:31:15.5577173Z A path returned 202. Retrying...
2023-08-30T00:31:15.5577603Z A path returned 202. Retrying...
2023-08-30T00:31:15.5578040Z A path returned 202. Retrying...
2023-08-30T00:31:15.5578425Z A path returned 202. Retrying...
2023-08-30T00:31:15.5578821Z A path returned 202. Retrying...
2023-08-30T00:31:15.5579233Z A path returned 202. Retrying...
2023-08-30T00:31:15.5579631Z A path returned 202. Retrying...
2023-08-30T00:31:15.5580009Z A path returned 202. Retrying...
2023-08-30T00:31:15.5580392Z A path returned 202. Retrying...
2023-08-30T00:31:15.5580765Z A path returned 202. Retrying...
2023-08-30T00:31:15.5581163Z A path returned 202. Retrying...
2023-08-30T00:31:15.5581494Z A path returned 202. Retrying...
2023-08-30T00:31:15.5581881Z A path returned 202. Retrying...
2023-08-30T00:31:15.5582266Z A path returned 202. Retrying...
2023-08-30T00:31:15.5582647Z A path returned 202. Retrying...
2023-08-30T00:31:15.5583055Z A path returned 202. Retrying...
2023-08-30T00:31:15.5583441Z A path returned 202. Retrying...
2023-08-30T00:31:15.5583815Z A path returned 202. Retrying...
2023-08-30T00:31:15.5584146Z A path returned 202. Retrying...
2023-08-30T00:31:15.5584564Z A path returned 202. Retrying...
2023-08-30T00:31:15.5584953Z A path returned 202. Retrying...
2023-08-30T00:31:15.5585684Z A path returned 202. Retrying...
2023-08-30T00:31:15.5586054Z A path returned 202. Retrying...
2023-08-30T00:31:15.5586415Z A path returned 202. Retrying...
2023-08-30T00:31:15.5586811Z A path returned 202. Retrying...
2023-08-30T00:31:15.5587198Z A path returned 202. Retrying...
2023-08-30T00:31:15.5587580Z A path returned 202. Retrying...
2023-08-30T00:31:15.5587997Z A path returned 202. Retrying...
2023-08-30T00:31:15.5588376Z A path returned 202. Retrying...
2023-08-30T00:31:15.5588756Z A path returned 202. Retrying...
2023-08-30T00:31:15.5589129Z A path returned 202. Retrying...
2023-08-30T00:31:15.5589551Z A path returned 202. Retrying...
2023-08-30T00:31:15.5589924Z A path returned 202. Retrying...
2023-08-30T00:31:15.5590275Z A path returned 202. Retrying...
2023-08-30T00:31:15.5590596Z A path returned 202. Retrying...
2023-08-30T00:31:15.5590908Z A path returned 202. Retrying...
2023-08-30T00:31:15.5591218Z A path returned 202. Retrying...
2023-08-30T00:31:15.5591523Z A path returned 202. Retrying...
2023-08-30T00:31:15.5591838Z A path returned 202. Retrying...
2023-08-30T00:31:15.5592183Z A path returned 202. Retrying...
2023-08-30T00:31:15.5592494Z A path returned 202. Retrying...
2023-08-30T00:31:15.5592801Z A path returned 202. Retrying...
2023-08-30T00:31:15.5593066Z A path returned 202. Retrying...
2023-08-30T00:31:15.5593386Z A path returned 202. Retrying...
2023-08-30T00:31:15.5593719Z A path returned 202. Retrying...
2023-08-30T00:31:15.5594245Z A path returned 202. Retrying...
2023-08-30T00:31:15.5594557Z A path returned 202. Retrying...
2023-08-30T00:31:15.5594877Z A path returned 202. Retrying...
2023-08-30T00:31:15.5595212Z A path returned 202. Retrying...
2023-08-30T00:31:15.5595622Z A path returned 202. Retrying...
2023-08-30T00:31:15.5596012Z A path returned 202. Retrying...
2023-08-30T00:31:15.5596337Z A path returned 202. Retrying...
2023-08-30T00:31:15.5596745Z A path returned 202. Retrying...
2023-08-30T00:31:15.5597127Z A path returned 202. Retrying...
2023-08-30T00:31:15.5597508Z A path returned 202. Retrying...
2023-08-30T00:31:15.5597896Z A path returned 202. Retrying...
2023-08-30T00:31:15.5598293Z A path returned 202. Retrying...
2023-08-30T00:31:15.5598669Z A path returned 202. Retrying...
2023-08-30T00:31:15.5599050Z A path returned 202. Retrying...
2023-08-30T00:31:15.5599419Z A path returned 202. Retrying...
2023-08-30T00:31:15.5599813Z A path returned 202. Retrying...
2023-08-30T00:31:15.5600183Z A path returned 202. Retrying...
2023-08-30T00:31:15.5600574Z A path returned 202. Retrying...
2023-08-30T00:31:15.5600901Z A path returned 202. Retrying...
2023-08-30T00:31:15.5601275Z A path returned 202. Retrying...
2023-08-30T00:31:15.5601681Z A path returned 202. Retrying...
2023-08-30T00:31:15.5602071Z A path returned 202. Retrying...
2023-08-30T00:31:15.5602451Z A path returned 202. Retrying...
2023-08-30T00:31:15.5602827Z A path returned 202. Retrying...
2023-08-30T00:31:15.5603237Z A path returned 202. Retrying...
2023-08-30T00:31:15.5603630Z A path returned 202. Retrying...
2023-08-30T00:31:15.5604013Z A path returned 202. Retrying...
2023-08-30T00:31:15.5604387Z A path returned 202. Retrying...
2023-08-30T00:31:15.5604809Z A path returned 202. Retrying...
2023-08-30T00:31:15.5605384Z A path returned 202. Retrying...
2023-08-30T00:31:15.5605721Z A path returned 202. Retrying...
2023-08-30T00:31:15.5606080Z A path returned 202. Retrying...
2023-08-30T00:31:15.5606503Z A path returned 202. Retrying...
2023-08-30T00:31:15.5606906Z A path returned 202. Retrying...
2023-08-30T00:31:15.5607291Z A path returned 202. Retrying...
2023-08-30T00:31:15.5607662Z A path returned 202. Retrying...
2023-08-30T00:31:15.5608072Z A path returned 202. Retrying...
2023-08-30T00:31:15.5608460Z A path returned 202. Retrying...
2023-08-30T00:31:15.5608833Z A path returned 202. Retrying...
2023-08-30T00:31:15.5609208Z A path returned 202. Retrying...
2023-08-30T00:31:15.5609614Z A path returned 202. Retrying...
2023-08-30T00:31:15.5609999Z A path returned 202. Retrying...
2023-08-30T00:31:15.5610533Z A path returned 202. Retrying...
2023-08-30T00:31:15.5610863Z A path returned 202. Retrying...
2023-08-30T00:31:15.5611247Z A path returned 202. Retrying...
2023-08-30T00:31:15.5611570Z A path returned 202. Retrying...
2023-08-30T00:31:15.5611875Z A path returned 202. Retrying...
2023-08-30T00:31:15.5612180Z A path returned 202. Retrying...
2023-08-30T00:31:15.5612527Z A path returned 202. Retrying...
2023-08-30T00:31:15.5612838Z A path returned 202. Retrying...
2023-08-30T00:31:15.5613198Z A path returned 202. Retrying...
2023-08-30T00:31:15.5613461Z A path returned 202. Retrying...
2023-08-30T00:31:15.5613770Z A path returned 202. Retrying...
2023-08-30T00:31:15.5614115Z A path returned 202. Retrying...
2023-08-30T00:31:15.5614498Z A path returned 202. Retrying...
2023-08-30T00:31:15.5614873Z A path returned 202. Retrying...
2023-08-30T00:31:15.5615261Z A path returned 202. Retrying...
2023-08-30T00:31:15.5615673Z A path returned 202. Retrying...
2023-08-30T00:31:15.5616045Z A path returned 202. Retrying...
2023-08-30T00:31:15.5616422Z A path returned 202. Retrying...
2023-08-30T00:31:15.5616798Z A path returned 202. Retrying...
2023-08-30T00:31:15.5617209Z A path returned 202. Retrying...
2023-08-30T00:31:15.5617542Z A path returned 202. Retrying...
2023-08-30T00:31:15.5617924Z A path returned 202. Retrying...
2023-08-30T00:31:15.5618309Z A path returned 202. Retrying...
2023-08-30T00:31:15.5618711Z A path returned 202. Retrying...
2023-08-30T00:31:15.5619230Z A path returned 202. Retrying...
2023-08-30T00:31:15.5619626Z A path returned 202. Retrying...
2023-08-30T00:31:15.5620023Z A path returned 202. Retrying...
2023-08-30T00:31:15.5620443Z A path returned 202. Retrying...
2023-08-30T00:31:15.5620821Z A path returned 202. Retrying...
2023-08-30T00:31:15.5621209Z A path returned 202. Retrying...
2023-08-30T00:31:15.5621584Z A path returned 202. Retrying...
2023-08-30T00:31:15.5621988Z A path returned 202. Retrying...
2023-08-30T00:31:15.5622315Z A path returned 202. Retrying...
2023-08-30T00:31:15.5622704Z A path returned 202. Retrying...
2023-08-30T00:31:15.5623077Z A path returned 202. Retrying...
2023-08-30T00:31:15.5623463Z A path returned 202. Retrying...
2023-08-30T00:31:15.5623838Z A path returned 202. Retrying...
2023-08-30T00:31:15.5624228Z A path returned 202. Retrying...
2023-08-30T00:31:15.5624579Z A path returned 202. Retrying...
2023-08-30T00:31:15.5624985Z A path returned 202. Retrying...
2023-08-30T00:31:15.5625508Z A path returned 202. Retrying...
2023-08-30T00:31:15.5625906Z A path returned 202. Retrying...
2023-08-30T00:31:15.5626308Z A path returned 202. Retrying...
2023-08-30T00:31:15.5626715Z A path returned 202. Retrying...
2023-08-30T00:31:15.5627093Z A path returned 202. Retrying...
2023-08-30T00:31:15.5627477Z A path returned 202. Retrying...
2023-08-30T00:31:15.5627846Z A path returned 202. Retrying...
2023-08-30T00:31:15.5628228Z A path returned 202. Retrying...
2023-08-30T00:31:15.5628597Z A path returned 202. Retrying...
2023-08-30T00:31:15.5628986Z A path returned 202. Retrying...
2023-08-30T00:31:15.5629357Z A path returned 202. Retrying...
2023-08-30T00:31:15.5629649Z A path returned 202. Retrying...
2023-08-30T00:31:15.5629980Z A path returned 202. Retrying...
2023-08-30T00:31:15.5630303Z A path returned 202. Retrying...
2023-08-30T00:31:15.5630625Z A path returned 202. Retrying...
2023-08-30T00:31:15.5630972Z A path returned 202. Retrying...
2023-08-30T00:31:15.5631288Z A path returned 202. Retrying...
2023-08-30T00:31:15.5631693Z A path returned 202. Retrying...
2023-08-30T00:31:15.5632028Z A path returned 202. Retrying...
2023-08-30T00:31:15.5632287Z A path returned 202. Retrying...
2023-08-30T00:31:15.5632624Z A path returned 202. Retrying...
2023-08-30T00:31:15.5632941Z A path returned 202. Retrying...
2023-08-30T00:31:15.5633250Z A path returned 202. Retrying...
2023-08-30T00:31:15.5633555Z A path returned 202. Retrying...
2023-08-30T00:31:15.5633900Z A path returned 202. Retrying...
2023-08-30T00:31:15.5634210Z A path returned 202. Retrying...
2023-08-30T00:31:15.5634713Z A path returned 202. Retrying...
2023-08-30T00:31:15.5635099Z A path returned 202. Retrying...
2023-08-30T00:31:15.5635483Z A path returned 202. Retrying...
2023-08-30T00:31:15.5635867Z A path returned 202. Retrying...
2023-08-30T00:31:15.5636242Z A path returned 202. Retrying...
2023-08-30T00:31:15.5636616Z A path returned 202. Retrying...
2023-08-30T00:31:15.5637027Z A path returned 202. Retrying...
2023-08-30T00:31:15.5637414Z A path returned 202. Retrying...
2023-08-30T00:31:15.5637820Z A path returned 202. Retrying...
2023-08-30T00:31:15.5638191Z A path returned 202. Retrying...
2023-08-30T00:31:15.5638616Z A path returned 202. Retrying...
2023-08-30T00:31:15.5638994Z A path returned 202. Retrying...
2023-08-30T00:31:15.5639368Z A path returned 202. Retrying...
2023-08-30T00:31:15.5639746Z A path returned 202. Retrying...
2023-08-30T00:31:15.5640076Z A path returned 202. Retrying...
2023-08-30T00:31:15.5640489Z A path returned 202. Retrying...
2023-08-30T00:31:15.5640868Z A path returned 202. Retrying...
2023-08-30T00:31:15.5755805Z A path returned 202. Retrying...
2023-08-30T00:31:15.5756314Z A path returned 202. Retrying...
2023-08-30T00:31:15.5758415Z A path returned 202. Retrying...
2023-08-30T00:31:15.5758675Z A path returned 202. Retrying...
2023-08-30T00:31:15.5758923Z A path returned 202. Retrying...
2023-08-30T00:31:15.5759156Z A path returned 202. Retrying...
2023-08-30T00:31:15.5759399Z A path returned 202. Retrying...
2023-08-30T00:31:15.5759866Z A path returned 202. Retrying...
2023-08-30T00:31:15.5760108Z A path returned 202. Retrying...
2023-08-30T00:31:15.5760349Z A path returned 202. Retrying...
2023-08-30T00:31:15.5760583Z A path returned 202. Retrying...
2023-08-30T00:31:15.5760817Z A path returned 202. Retrying...
2023-08-30T00:31:15.5761041Z A path returned 202. Retrying...
2023-08-30T00:31:15.5761280Z A path returned 202. Retrying...
2023-08-30T00:31:15.5761522Z A path returned 202. Retrying...
2023-08-30T00:31:15.5761764Z A path returned 202. Retrying...
2023-08-30T00:31:15.5762013Z A path returned 202. Retrying...
2023-08-30T00:31:15.5762248Z A path returned 202. Retrying...
2023-08-30T00:31:15.5762483Z A path returned 202. Retrying...
2023-08-30T00:31:15.5762717Z A path returned 202. Retrying...
2023-08-30T00:31:15.5762944Z A path returned 202. Retrying...
2023-08-30T00:31:15.5763184Z A path returned 202. Retrying...
2023-08-30T00:31:15.5763415Z A path returned 202. Retrying...
2023-08-30T00:31:15.5763650Z A path returned 202. Retrying...
2023-08-30T00:31:15.5763884Z A path returned 202. Retrying...
2023-08-30T00:31:15.5764116Z A path returned 202. Retrying...
2023-08-30T00:31:15.5764348Z A path returned 202. Retrying...
2023-08-30T00:31:15.5764578Z A path returned 202. Retrying...
2023-08-30T00:31:15.5764801Z A path returned 202. Retrying...
2023-08-30T00:31:15.5765213Z A path returned 202. Retrying...
2023-08-30T00:31:15.5765453Z A path returned 202. Retrying...
2023-08-30T00:31:15.5765685Z A path returned 202. Retrying...
2023-08-30T00:31:15.5765919Z A path returned 202. Retrying...
2023-08-30T00:31:15.5766158Z A path returned 202. Retrying...
2023-08-30T00:31:15.5766386Z A path returned 202. Retrying...
2023-08-30T00:31:15.5766617Z A path returned 202. Retrying...
2023-08-30T00:31:15.5766838Z A path returned 202. Retrying...
2023-08-30T00:31:15.5767064Z A path returned 202. Retrying...
2023-08-30T00:31:15.5767296Z A path returned 202. Retrying...
2023-08-30T00:31:15.5767525Z A path returned 202. Retrying...
2023-08-30T00:31:15.5767755Z A path returned 202. Retrying...
2023-08-30T00:31:15.5767984Z A path returned 202. Retrying...
2023-08-30T00:31:15.5768223Z A path returned 202. Retrying...
2023-08-30T00:31:15.5768445Z A path returned 202. Retrying...
2023-08-30T00:31:15.5768677Z A path returned 202. Retrying...
2023-08-30T00:31:15.5768909Z A path returned 202. Retrying...
2023-08-30T00:31:15.5769140Z A path returned 202. Retrying...
2023-08-30T00:31:15.5769368Z A path returned 202. Retrying...
2023-08-30T00:31:15.5769597Z A path returned 202. Retrying...
2023-08-30T00:31:15.5769977Z A path returned 202. Retrying...
2023-08-30T00:31:15.5770208Z A path returned 202. Retrying...
2023-08-30T00:31:15.5770431Z A path returned 202. Retrying...
2023-08-30T00:31:15.5770662Z A path returned 202. Retrying...
2023-08-30T00:31:15.5770899Z A path returned 202. Retrying...
2023-08-30T00:31:15.5771138Z A path returned 202. Retrying...
2023-08-30T00:31:15.5771374Z A path returned 202. Retrying...
2023-08-30T00:31:15.5771611Z A path returned 202. Retrying...
2023-08-30T00:31:15.5771852Z A path returned 202. Retrying...
2023-08-30T00:31:15.5772086Z A path returned 202. Retrying...
2023-08-30T00:31:15.5772311Z A path returned 202. Retrying...
2023-08-30T00:31:15.5772548Z A path returned 202. Retrying...
2023-08-30T00:31:15.5772787Z A path returned 202. Retrying...
2023-08-30T00:31:15.5773022Z A path returned 202. Retrying...
2023-08-30T00:31:15.5773254Z A path returned 202. Retrying...
2023-08-30T00:31:15.5773485Z A path returned 202. Retrying...
2023-08-30T00:31:15.5773714Z A path returned 202. Retrying...
2023-08-30T00:31:15.5773943Z A path returned 202. Retrying...
2023-08-30T00:31:15.5774171Z A path returned 202. Retrying...
2023-08-30T00:31:15.5774402Z A path returned 202. Retrying...
2023-08-30T00:31:15.5774637Z A path returned 202. Retrying...
2023-08-30T00:31:15.5774869Z A path returned 202. Retrying...
2023-08-30T00:31:15.5775099Z A path returned 202. Retrying...
2023-08-30T00:31:15.5775330Z A path returned 202. Retrying...
2023-08-30T00:31:15.5775661Z A path returned 202. Retrying...
2023-08-30T00:31:15.5775890Z A path returned 202. Retrying...
2023-08-30T00:31:15.5776119Z A path returned 202. Retrying...
2023-08-30T00:40:02.6977224Z A path returned 202. Retrying...
2023-08-30T00:40:02.6977658Z A path returned 202. Retrying...
2023-08-30T00:40:02.6977911Z A path returned 202. Retrying...
2023-08-30T00:40:02.6978156Z A path returned 202. Retrying...
2023-08-30T00:40:02.6978402Z A path returned 202. Retrying...
2023-08-30T00:40:02.6978651Z A path returned 202. Retrying...
2023-08-30T00:40:02.6978911Z A path returned 202. Retrying...
2023-08-30T00:40:02.6979153Z A path returned 202. Retrying...
2023-08-30T00:40:02.6979380Z A path returned 202. Retrying...
2023-08-30T00:40:02.6979615Z A path returned 202. Retrying...
2023-08-30T00:40:02.6979855Z A path returned 202. Retrying...
2023-08-30T00:40:02.6980088Z A path returned 202. Retrying...
2023-08-30T00:40:02.6980321Z A path returned 202. Retrying...
2023-08-30T00:40:02.6980551Z A path returned 202. Retrying...
2023-08-30T00:40:02.6980796Z A path returned 202. Retrying...
2023-08-30T00:40:02.6981021Z A path returned 202. Retrying...
2023-08-30T00:40:02.6981255Z A path returned 202. Retrying...
2023-08-30T00:40:02.6981487Z A path returned 202. Retrying...
2023-08-30T00:40:02.6981714Z A path returned 202. Retrying...
2023-08-30T00:40:02.6981946Z A path returned 202. Retrying...
2023-08-30T00:40:02.6982178Z A path returned 202. Retrying...
2023-08-30T00:40:02.6982412Z A path returned 202. Retrying...
2023-08-30T00:40:02.6982649Z A path returned 202. Retrying...
2023-08-30T00:40:02.6982885Z A path returned 202. Retrying...
2023-08-30T00:40:02.6983113Z A path returned 202. Retrying...
2023-08-30T00:40:02.6983343Z A path returned 202. Retrying...
2023-08-30T00:40:02.6983574Z A path returned 202. Retrying...
2023-08-30T00:40:02.6983804Z A path returned 202. Retrying...
2023-08-30T00:40:02.6984041Z A path returned 202. Retrying...
2023-08-30T00:40:02.6984277Z A path returned 202. Retrying...
2023-08-30T00:40:02.6984513Z A path returned 202. Retrying...
2023-08-30T00:40:02.6984743Z A path returned 202. Retrying...
2023-08-30T00:40:02.6984976Z A path returned 202. Retrying...
2023-08-30T00:40:02.6985211Z A path returned 202. Retrying...
2023-08-30T00:40:02.6985442Z A path returned 202. Retrying...
2023-08-30T00:40:02.6985676Z A path returned 202. Retrying...
2023-08-30T00:40:02.6985908Z A path returned 202. Retrying...
2023-08-30T00:40:02.6986141Z A path returned 202. Retrying...
2023-08-30T00:40:02.6986364Z A path returned 202. Retrying...
2023-08-30T00:40:02.6986597Z A path returned 202. Retrying...
2023-08-30T00:40:02.6987432Z A path returned 202. Retrying...
2023-08-30T00:40:02.6987667Z A path returned 202. Retrying...
2023-08-30T00:40:02.6987903Z A path returned 202. Retrying...
2023-08-30T00:40:02.6988139Z A path returned 202. Retrying...
2023-08-30T00:40:02.6988370Z A path returned 202. Retrying...
2023-08-30T00:40:02.6988600Z A path returned 202. Retrying...
2023-08-30T00:40:02.6988823Z A path returned 202. Retrying...
2023-08-30T00:40:02.6989064Z A path returned 202. Retrying...
2023-08-30T00:40:02.6989296Z A path returned 202. Retrying...
2023-08-30T00:40:02.6989528Z A path returned 202. Retrying...
2023-08-30T00:40:02.6989761Z A path returned 202. Retrying...
2023-08-30T00:40:02.6989995Z A path returned 202. Retrying...
2023-08-30T00:40:02.6990227Z A path returned 202. Retrying...
2023-08-30T00:40:02.6990458Z A path returned 202. Retrying...
2023-08-30T00:40:02.6990683Z A path returned 202. Retrying...
2023-08-30T00:40:02.6990919Z A path returned 202. Retrying...
2023-08-30T00:40:02.6991160Z A path returned 202. Retrying...
2023-08-30T00:40:02.6991390Z A path returned 202. Retrying...
2023-08-30T00:40:02.6991619Z A path returned 202. Retrying...
2023-08-30T00:40:02.6991850Z A path returned 202. Retrying...
2023-08-30T00:40:02.6992081Z A path returned 202. Retrying...
2023-08-30T00:40:02.6992307Z A path returned 202. Retrying...
2023-08-30T00:40:02.6992543Z A path returned 202. Retrying...
2023-08-30T00:40:02.6992911Z A path returned 202. Retrying...
2023-08-30T00:40:02.6993149Z A path returned 202. Retrying...
2023-08-30T00:40:02.6993389Z A path returned 202. Retrying...
2023-08-30T00:40:02.6993624Z A path returned 202. Retrying...
2023-08-30T00:40:02.6993855Z A path returned 202. Retrying...
2023-08-30T00:40:02.6994090Z A path returned 202. Retrying...
2023-08-30T00:40:02.6994309Z A path returned 202. Retrying...
2023-08-30T00:40:02.6994541Z A path returned 202. Retrying...
2023-08-30T00:40:02.6994774Z A path returned 202. Retrying...
2023-08-30T00:40:02.6995010Z A path returned 202. Retrying...
2023-08-30T00:40:02.6995249Z A path returned 202. Retrying...
2023-08-30T00:40:02.6995483Z A path returned 202. Retrying...
2023-08-30T00:40:02.6995722Z A path returned 202. Retrying...
2023-08-30T00:40:02.6995959Z A path returned 202. Retrying...
2023-08-30T00:40:02.6996182Z A path returned 202. Retrying...
2023-08-30T00:40:02.6996415Z A path returned 202. Retrying...
2023-08-30T00:40:02.6996646Z A path returned 202. Retrying...
2023-08-30T00:40:02.6996884Z A path returned 202. Retrying...
2023-08-30T00:40:02.6997119Z A path returned 202. Retrying...
2023-08-30T00:40:02.6997351Z A path returned 202. Retrying...
2023-08-30T00:40:02.6997582Z A path returned 202. Retrying...
2023-08-30T00:40:02.6997802Z A path returned 202. Retrying...
2023-08-30T00:40:02.6998042Z A path returned 202. Retrying...
2023-08-30T00:40:02.6998272Z A path returned 202. Retrying...
2023-08-30T00:40:02.6998506Z A path returned 202. Retrying...
2023-08-30T00:40:02.6998740Z A path returned 202. Retrying...
2023-08-30T00:40:02.6998980Z A path returned 202. Retrying...
2023-08-30T00:40:02.6999214Z A path returned 202. Retrying...
2023-08-30T00:40:02.6999447Z A path returned 202. Retrying...
2023-08-30T00:40:02.6999665Z A path returned 202. Retrying...
2023-08-30T00:40:02.6999902Z A path returned 202. Retrying...
2023-08-30T00:40:02.7000134Z A path returned 202. Retrying...
2023-08-30T00:40:02.7000376Z A path returned 202. Retrying...
2023-08-30T00:40:02.7000616Z A path returned 202. Retrying...
2023-08-30T00:40:02.7000850Z A path returned 202. Retrying...
2023-08-30T00:40:02.7001087Z A path returned 202. Retrying...
2023-08-30T00:40:02.7001325Z A path returned 202. Retrying...
2023-08-30T00:40:02.7001552Z A path returned 202. Retrying...
2023-08-30T00:40:02.7001781Z A path returned 202. Retrying...
2023-08-30T00:40:02.7002014Z A path returned 202. Retrying...
2023-08-30T00:40:02.7002249Z A path returned 202. Retrying...
2023-08-30T00:40:02.7002484Z A path returned 202. Retrying...
2023-08-30T00:40:02.7002719Z A path returned 202. Retrying...
2023-08-30T00:40:02.7003046Z A path returned 202. Retrying...
2023-08-30T00:40:02.7003269Z A path returned 202. Retrying...
2023-08-30T00:40:02.7003504Z A path returned 202. Retrying...
2023-08-30T00:40:02.7003735Z A path returned 202. Retrying...
2023-08-30T00:40:02.7003972Z A path returned 202. Retrying...
2023-08-30T00:40:02.7004207Z A path returned 202. Retrying...
2023-08-30T00:40:02.7004444Z A path returned 202. Retrying...
2023-08-30T00:40:02.7004682Z A path returned 202. Retrying...
2023-08-30T00:40:02.7005099Z A path returned 202. Retrying...
2023-08-30T00:40:02.7005321Z A path returned 202. Retrying...
2023-08-30T00:40:02.7005558Z A path returned 202. Retrying...
2023-08-30T00:40:02.7005786Z A path returned 202. Retrying...
2023-08-30T00:40:02.7006014Z A path returned 202. Retrying...
2023-08-30T00:40:02.7006245Z A path returned 202. Retrying...
2023-08-30T00:40:02.7006470Z A path returned 202. Retrying...
2023-08-30T00:40:02.7006705Z A path returned 202. Retrying...
2023-08-30T00:40:02.7006944Z A path returned 202. Retrying...
2023-08-30T00:40:02.7007166Z A path returned 202. Retrying...
2023-08-30T00:40:02.7007398Z A path returned 202. Retrying...
2023-08-30T00:40:02.7007630Z A path returned 202. Retrying...
2023-08-30T00:40:02.7007869Z A path returned 202. Retrying...
2023-08-30T00:40:02.7008103Z A path returned 202. Retrying...
2023-08-30T00:40:02.7008335Z A path returned 202. Retrying...
2023-08-30T00:40:02.7008678Z A path returned 202. Retrying...
2023-08-30T00:40:02.7008901Z A path returned 202. Retrying...
2023-08-30T00:40:02.7009130Z A path returned 202. Retrying...
2023-08-30T00:40:02.7009358Z A path returned 202. Retrying...
2023-08-30T00:40:02.7009589Z A path returned 202. Retrying...
2023-08-30T00:40:02.7009824Z A path returned 202. Retrying...
2023-08-30T00:40:02.7010059Z A path returned 202. Retrying...
2023-08-30T00:40:02.7010286Z A path returned 202. Retrying...
2023-08-30T00:40:02.7010516Z A path returned 202. Retrying...
2023-08-30T00:40:02.7010735Z A path returned 202. Retrying...
2023-08-30T00:40:02.7010978Z A path returned 202. Retrying...
2023-08-30T00:40:02.7011210Z A path returned 202. Retrying...
2023-08-30T00:40:02.7011440Z A path returned 202. Retrying...
2023-08-30T00:40:02.7011672Z A path returned 202. Retrying...
2023-08-30T00:40:02.7011906Z A path returned 202. Retrying...
2023-08-30T00:40:02.7012142Z A path returned 202. Retrying...
2023-08-30T00:40:02.7012372Z A path returned 202. Retrying...
2023-08-30T00:40:02.7012600Z A path returned 202. Retrying...
2023-08-30T00:40:02.7012838Z A path returned 202. Retrying...
2023-08-30T00:40:02.7013071Z A path returned 202. Retrying...
2023-08-30T00:40:02.7013304Z A path returned 202. Retrying...
2023-08-30T00:40:02.7013537Z A path returned 202. Retrying...
2023-08-30T00:40:02.7013768Z A path returned 202. Retrying...
2023-08-30T00:40:02.7014003Z A path returned 202. Retrying...
2023-08-30T00:40:02.7014230Z A path returned 202. Retrying...
2023-08-30T00:40:02.7014464Z A path returned 202. Retrying...
2023-08-30T00:40:02.7014708Z A path returned 202. Retrying...
2023-08-30T00:40:02.7014939Z A path returned 202. Retrying...
2023-08-30T00:40:02.7015173Z A path returned 202. Retrying...
2023-08-30T00:40:02.7015407Z A path returned 202. Retrying...
2023-08-30T00:40:02.7015646Z A path returned 202. Retrying...
2023-08-30T00:40:02.7015880Z A path returned 202. Retrying...
2023-08-30T00:40:02.7016102Z A path returned 202. Retrying...
2023-08-30T00:40:02.7016338Z A path returned 202. Retrying...
2023-08-30T00:40:02.7016571Z A path returned 202. Retrying...
2023-08-30T00:40:02.7016802Z A path returned 202. Retrying...
2023-08-30T00:40:02.7017035Z A path returned 202. Retrying...
2023-08-30T00:40:02.7017267Z A path returned 202. Retrying...
2023-08-30T00:40:02.7017499Z A path returned 202. Retrying...
2023-08-30T00:40:02.7017731Z A path returned 202. Retrying...
2023-08-30T00:40:02.7017951Z A path returned 202. Retrying...
2023-08-30T00:40:02.7018188Z A path returned 202. Retrying...
2023-08-30T00:40:02.7018417Z A path returned 202. Retrying...
2023-08-30T00:40:02.7018761Z A path returned 202. Retrying...
2023-08-30T00:40:02.7018999Z A path returned 202. Retrying...
2023-08-30T00:40:02.7019237Z A path returned 202. Retrying...
2023-08-30T00:40:02.7019471Z A path returned 202. Retrying...
2023-08-30T00:40:02.7019694Z A path returned 202. Retrying...
2023-08-30T00:40:02.7019935Z A path returned 202. Retrying...
2023-08-30T00:40:02.7020167Z A path returned 202. Retrying...
2023-08-30T00:40:02.7020406Z A path returned 202. Retrying...
2023-08-30T00:40:02.7020638Z A path returned 202. Retrying...
2023-08-30T00:40:02.7020875Z A path returned 202. Retrying...
2023-08-30T00:40:02.7021110Z A path returned 202. Retrying...
2023-08-30T00:40:02.7021344Z A path returned 202. Retrying...
2023-08-30T00:40:02.7021567Z A path returned 202. Retrying...
2023-08-30T00:40:02.7021802Z A path returned 202. Retrying...
2023-08-30T00:40:02.7022040Z A path returned 202. Retrying...
2023-08-30T00:40:02.7022272Z A path returned 202. Retrying...
2023-08-30T00:40:02.7022508Z A path returned 202. Retrying...
2023-08-30T00:40:02.7022741Z A path returned 202. Retrying...
2023-08-30T00:40:02.7022978Z A path returned 202. Retrying...
2023-08-30T00:40:02.7023214Z A path returned 202. Retrying...
2023-08-30T00:40:02.7023436Z A path returned 202. Retrying...
2023-08-30T00:40:02.7023668Z A path returned 202. Retrying...
2023-08-30T00:40:02.7023908Z A path returned 202. Retrying...
2023-08-30T00:40:02.7024228Z A path returned 202. Retrying...
2023-08-30T00:40:02.7024463Z A path returned 202. Retrying...
2023-08-30T00:40:02.7024690Z A path returned 202. Retrying...
2023-08-30T00:40:02.7024927Z A path returned 202. Retrying...
2023-08-30T00:40:02.7025159Z A path returned 202. Retrying...
2023-08-30T00:40:02.7025426Z A path returned 202. Retrying...
2023-08-30T00:40:02.7025658Z A path returned 202. Retrying...
2023-08-30T00:40:02.7025892Z A path returned 202. Retrying...
2023-08-30T00:40:02.7026122Z A path returned 202. Retrying...
2023-08-30T00:40:02.7026350Z A path returned 202. Retrying...
2023-08-30T00:40:02.7026588Z A path returned 202. Retrying...
2023-08-30T00:40:02.7026818Z A path returned 202. Retrying...
2023-08-30T00:40:02.7027044Z A path returned 202. Retrying...
2023-08-30T00:40:02.7027276Z A path returned 202. Retrying...
2023-08-30T00:40:02.7027505Z A path returned 202. Retrying...
2023-08-30T00:40:02.7027743Z A path returned 202. Retrying...
2023-08-30T00:40:02.7027975Z A path returned 202. Retrying...
2023-08-30T00:40:02.7028212Z A path returned 202. Retrying...
2023-08-30T00:40:02.7028445Z A path returned 202. Retrying...
2023-08-30T00:40:02.7028675Z A path returned 202. Retrying...
2023-08-30T00:40:02.7028900Z A path returned 202. Retrying...
2023-08-30T00:40:02.7029132Z A path returned 202. Retrying...
2023-08-30T00:40:02.7029363Z A path returned 202. Retrying...
2023-08-30T00:40:02.7029594Z A path returned 202. Retrying...
2023-08-30T00:40:02.7029824Z A path returned 202. Retrying...
2023-08-30T00:40:02.7030077Z A path returned 202. Retrying...
2023-08-30T00:40:02.7030311Z A path returned 202. Retrying...
2023-08-30T00:40:02.7030542Z A path returned 202. Retrying...
2023-08-30T00:40:02.7030763Z A path returned 202. Retrying...
2023-08-30T00:40:02.7030994Z A path returned 202. Retrying...
2023-08-30T00:40:02.7031226Z A path returned 202. Retrying...
2023-08-30T00:40:02.7031457Z A path returned 202. Retrying...
2023-08-30T00:40:02.7031688Z A path returned 202. Retrying...
2023-08-30T00:40:02.7031925Z A path returned 202. Retrying...
2023-08-30T00:40:02.7032157Z A path returned 202. Retrying...
2023-08-30T00:40:02.7032389Z A path returned 202. Retrying...
2023-08-30T00:40:02.7032611Z A path returned 202. Retrying...
2023-08-30T00:40:02.7032842Z A path returned 202. Retrying...
2023-08-30T00:40:02.7033076Z A path returned 202. Retrying...
2023-08-30T00:40:02.7033307Z A path returned 202. Retrying...
2023-08-30T00:40:02.7033536Z A path returned 202. Retrying...
2023-08-30T00:40:02.7033768Z A path returned 202. Retrying...
2023-08-30T00:40:02.7033996Z A path returned 202. Retrying...
2023-08-30T00:40:02.7034321Z A path returned 202. Retrying...
2023-08-30T00:40:02.7034544Z A path returned 202. Retrying...
2023-08-30T00:40:02.7034773Z A path returned 202. Retrying...
2023-08-30T00:40:02.7035005Z A path returned 202. Retrying...
2023-08-30T00:40:02.7035238Z A path returned 202. Retrying...
2023-08-30T00:40:02.7035474Z A path returned 202. Retrying...
2023-08-30T00:40:02.7035706Z A path returned 202. Retrying...
2023-08-30T00:40:02.7035942Z A path returned 202. Retrying...
2023-08-30T00:40:02.7036162Z A path returned 202. Retrying...
2023-08-30T00:40:02.7036393Z A path returned 202. Retrying...
2023-08-30T00:48:48.1283015Z A path returned 202. Retrying...
2023-08-30T00:48:48.1283343Z A path returned 202. Retrying...
2023-08-30T00:48:48.1283714Z A path returned 202. Retrying...
2023-08-30T00:48:48.1283963Z A path returned 202. Retrying...
2023-08-30T00:48:48.1284206Z A path returned 202. Retrying...
2023-08-30T00:48:48.1284440Z A path returned 202. Retrying...
2023-08-30T00:48:48.1284696Z A path returned 202. Retrying...
2023-08-30T00:48:48.1285120Z A path returned 202. Retrying...
2023-08-30T00:48:48.1285366Z A path returned 202. Retrying...
2023-08-30T00:48:48.1285607Z A path returned 202. Retrying...
2023-08-30T00:48:48.1285844Z A path returned 202. Retrying...
2023-08-30T00:48:48.1286080Z A path returned 202. Retrying...
2023-08-30T00:48:48.1286316Z A path returned 202. Retrying...
2023-08-30T00:48:48.1286547Z A path returned 202. Retrying...
2023-08-30T00:48:48.1287146Z A path returned 202. Retrying...
2023-08-30T00:48:48.1287394Z A path returned 202. Retrying...
2023-08-30T00:48:48.1287632Z A path returned 202. Retrying...
2023-08-30T00:48:48.1287873Z A path returned 202. Retrying...
2023-08-30T00:48:48.1288106Z A path returned 202. Retrying...
2023-08-30T00:48:48.1288342Z A path returned 202. Retrying...
2023-08-30T00:48:48.1288571Z A path returned 202. Retrying...
2023-08-30T00:48:48.1288809Z A path returned 202. Retrying...
2023-08-30T00:48:48.1289040Z A path returned 202. Retrying...
2023-08-30T00:48:48.1289282Z A path returned 202. Retrying...
2023-08-30T00:48:48.1289516Z A path returned 202. Retrying...
2023-08-30T00:48:48.1289753Z A path returned 202. Retrying...
2023-08-30T00:48:48.1289988Z A path returned 202. Retrying...
2023-08-30T00:48:48.1290222Z A path returned 202. Retrying...
2023-08-30T00:48:48.1290449Z A path returned 202. Retrying...
2023-08-30T00:48:48.1290679Z A path returned 202. Retrying...
2023-08-30T00:48:48.1290919Z A path returned 202. Retrying...
2023-08-30T00:48:48.1291151Z A path returned 202. Retrying...
2023-08-30T00:48:48.1291385Z A path returned 202. Retrying...
2023-08-30T00:48:48.1291617Z A path returned 202. Retrying...
2023-08-30T00:48:48.1291854Z A path returned 202. Retrying...
2023-08-30T00:48:48.1292084Z A path returned 202. Retrying...
2023-08-30T00:48:48.1292309Z A path returned 202. Retrying...
2023-08-30T00:48:48.1292542Z A path returned 202. Retrying...
2023-08-30T00:48:48.1292773Z A path returned 202. Retrying...
2023-08-30T00:48:48.1293015Z A path returned 202. Retrying...
2023-08-30T00:48:48.1293248Z A path returned 202. Retrying...
2023-08-30T00:48:48.1293479Z A path returned 202. Retrying...
2023-08-30T00:48:48.1293713Z A path returned 202. Retrying...
2023-08-30T00:48:48.1293941Z A path returned 202. Retrying...
2023-08-30T00:48:48.1294172Z A path returned 202. Retrying...
2023-08-30T00:48:48.1294402Z A path returned 202. Retrying...
2023-08-30T00:48:48.1294633Z A path returned 202. Retrying...
2023-08-30T00:48:48.1294869Z A path returned 202. Retrying...
2023-08-30T00:48:48.1295104Z A path returned 202. Retrying...
2023-08-30T00:48:48.1295338Z A path returned 202. Retrying...
2023-08-30T00:48:48.1295569Z A path returned 202. Retrying...
2023-08-30T00:48:48.1295792Z A path returned 202. Retrying...
2023-08-30T00:48:48.1296025Z A path returned 202. Retrying...
2023-08-30T00:48:48.1296260Z A path returned 202. Retrying...
2023-08-30T00:48:48.1296496Z A path returned 202. Retrying...
2023-08-30T00:48:48.1296730Z A path returned 202. Retrying...
2023-08-30T00:48:48.1297109Z A path returned 202. Retrying...
2023-08-30T00:48:48.1297345Z A path returned 202. Retrying...
2023-08-30T00:48:48.1297580Z A path returned 202. Retrying...
2023-08-30T00:48:48.1297808Z A path returned 202. Retrying...
2023-08-30T00:48:48.1298045Z A path returned 202. Retrying...
2023-08-30T00:48:48.1298277Z A path returned 202. Retrying...
2023-08-30T00:48:48.1298513Z A path returned 202. Retrying...
2023-08-30T00:48:48.1298755Z A path returned 202. Retrying...
2023-08-30T00:48:48.1298987Z A path returned 202. Retrying...
2023-08-30T00:48:48.1299225Z A path returned 202. Retrying...
2023-08-30T00:48:48.1299452Z A path returned 202. Retrying...
2023-08-30T00:48:48.1299682Z A path returned 202. Retrying...
2023-08-30T00:48:48.1299918Z A path returned 202. Retrying...
2023-08-30T00:48:48.1300151Z A path returned 202. Retrying...
2023-08-30T00:48:48.1300383Z A path returned 202. Retrying...
2023-08-30T00:48:48.1300616Z A path returned 202. Retrying...
2023-08-30T00:48:48.1300855Z A path returned 202. Retrying...
2023-08-30T00:48:48.1301085Z A path returned 202. Retrying...
2023-08-30T00:48:48.1301307Z A path returned 202. Retrying...
2023-08-30T00:48:48.1301539Z A path returned 202. Retrying...
2023-08-30T00:48:48.1301774Z A path returned 202. Retrying...
2023-08-30T00:48:48.1302003Z A path returned 202. Retrying...
2023-08-30T00:48:48.1302240Z A path returned 202. Retrying...
2023-08-30T00:48:48.1302473Z A path returned 202. Retrying...
2023-08-30T00:48:48.1302797Z A path returned 202. Retrying...
2023-08-30T00:48:48.1303035Z A path returned 202. Retrying...
2023-08-30T00:48:48.1303264Z A path returned 202. Retrying...
2023-08-30T00:48:48.1303496Z A path returned 202. Retrying...
2023-08-30T00:48:48.1303732Z A path returned 202. Retrying...
2023-08-30T00:48:48.1303964Z A path returned 202. Retrying...
2023-08-30T00:48:48.1304197Z A path returned 202. Retrying...
2023-08-30T00:48:48.1304430Z A path returned 202. Retrying...
2023-08-30T00:48:48.1304665Z A path returned 202. Retrying...
2023-08-30T00:48:48.1304895Z A path returned 202. Retrying...
2023-08-30T00:48:48.1305133Z A path returned 202. Retrying...
2023-08-30T00:48:48.1305364Z A path returned 202. Retrying...
2023-08-30T00:48:48.1305599Z A path returned 202. Retrying...
2023-08-30T00:48:48.1305831Z A path returned 202. Retrying...
2023-08-30T00:48:48.1306065Z A path returned 202. Retrying...
2023-08-30T00:48:48.1306296Z A path returned 202. Retrying...
2023-08-30T00:48:48.1306535Z A path returned 202. Retrying...
2023-08-30T00:48:48.1306758Z A path returned 202. Retrying...
2023-08-30T00:48:48.1306989Z A path returned 202. Retrying...
2023-08-30T00:48:48.1307224Z A path returned 202. Retrying...
2023-08-30T00:48:48.1307456Z A path returned 202. Retrying...
2023-08-30T00:48:48.1307690Z A path returned 202. Retrying...
2023-08-30T00:48:48.1307923Z A path returned 202. Retrying...
2023-08-30T00:48:48.1308157Z A path returned 202. Retrying...
2023-08-30T00:48:48.1308392Z A path returned 202. Retrying...
2023-08-30T00:48:48.1308627Z A path returned 202. Retrying...
2023-08-30T00:48:48.1308860Z A path returned 202. Retrying...
2023-08-30T00:48:48.1309096Z A path returned 202. Retrying...
2023-08-30T00:48:48.1309328Z A path returned 202. Retrying...
2023-08-30T00:48:48.1309560Z A path returned 202. Retrying...
2023-08-30T00:48:48.1309796Z A path returned 202. Retrying...
2023-08-30T00:48:48.1310028Z A path returned 202. Retrying...
2023-08-30T00:48:48.1310251Z A path returned 202. Retrying...
2023-08-30T00:48:48.1310489Z A path returned 202. Retrying...
2023-08-30T00:48:48.1310725Z A path returned 202. Retrying...
2023-08-30T00:48:48.1310964Z A path returned 202. Retrying...
2023-08-30T00:48:48.1311196Z A path returned 202. Retrying...
2023-08-30T00:48:48.1311431Z A path returned 202. Retrying...
2023-08-30T00:48:48.1311664Z A path returned 202. Retrying...
2023-08-30T00:48:48.1311898Z A path returned 202. Retrying...
2023-08-30T00:48:48.1312123Z A path returned 202. Retrying...
2023-08-30T00:48:48.1312356Z A path returned 202. Retrying...
2023-08-30T00:48:48.1312685Z A path returned 202. Retrying...
2023-08-30T00:48:48.1312918Z A path returned 202. Retrying...
2023-08-30T00:48:48.1313156Z A path returned 202. Retrying...
2023-08-30T00:48:48.1313389Z A path returned 202. Retrying...
2023-08-30T00:48:48.1313623Z A path returned 202. Retrying...
2023-08-30T00:48:48.1313858Z A path returned 202. Retrying...
2023-08-30T00:48:48.1314084Z A path returned 202. Retrying...
2023-08-30T00:48:48.1314321Z A path returned 202. Retrying...
2023-08-30T00:48:48.1314554Z A path returned 202. Retrying...
2023-08-30T00:48:48.1314789Z A path returned 202. Retrying...
2023-08-30T00:48:48.1315021Z A path returned 202. Retrying...
2023-08-30T00:48:48.1315256Z A path returned 202. Retrying...
2023-08-30T00:48:48.1315492Z A path returned 202. Retrying...
2023-08-30T00:48:48.1315718Z A path returned 202. Retrying...
2023-08-30T00:48:48.1315950Z A path returned 202. Retrying...
2023-08-30T00:48:48.1316183Z A path returned 202. Retrying...
2023-08-30T00:48:48.1316423Z A path returned 202. Retrying...
2023-08-30T00:48:48.1316657Z A path returned 202. Retrying...
2023-08-30T00:48:48.1316889Z A path returned 202. Retrying...
2023-08-30T00:48:48.1317125Z A path returned 202. Retrying...
2023-08-30T00:48:48.1317362Z A path returned 202. Retrying...
2023-08-30T00:48:48.1317588Z A path returned 202. Retrying...
2023-08-30T00:48:48.1317819Z A path returned 202. Retrying...
2023-08-30T00:48:48.1318056Z A path returned 202. Retrying...
2023-08-30T00:48:48.1318383Z A path returned 202. Retrying...
2023-08-30T00:48:48.1318619Z A path returned 202. Retrying...
2023-08-30T00:48:48.1318855Z A path returned 202. Retrying...
2023-08-30T00:48:48.1319086Z A path returned 202. Retrying...
2023-08-30T00:48:48.1319323Z A path returned 202. Retrying...
2023-08-30T00:48:48.1319548Z A path returned 202. Retrying...
2023-08-30T00:48:48.1319781Z A path returned 202. Retrying...
2023-08-30T00:48:48.1320013Z A path returned 202. Retrying...
2023-08-30T00:48:48.1320249Z A path returned 202. Retrying...
2023-08-30T00:48:48.1320485Z A path returned 202. Retrying...
2023-08-30T00:48:48.1320715Z A path returned 202. Retrying...
2023-08-30T00:48:48.1320945Z A path returned 202. Retrying...
2023-08-30T00:48:48.1321171Z A path returned 202. Retrying...
2023-08-30T00:48:48.1321406Z A path returned 202. Retrying...
2023-08-30T00:48:48.1321637Z A path returned 202. Retrying...
2023-08-30T00:48:48.1321869Z A path returned 202. Retrying...
2023-08-30T00:48:48.1322108Z A path returned 202. Retrying...
2023-08-30T00:48:48.1322343Z A path returned 202. Retrying...
2023-08-30T00:48:48.1322575Z A path returned 202. Retrying...
2023-08-30T00:48:48.1322812Z A path returned 202. Retrying...
2023-08-30T00:48:48.1323036Z A path returned 202. Retrying...
2023-08-30T00:48:48.1323266Z A path returned 202. Retrying...
2023-08-30T00:48:48.1323496Z A path returned 202. Retrying...
2023-08-30T00:48:48.1323728Z A path returned 202. Retrying...
2023-08-30T00:48:48.1323964Z A path returned 202. Retrying...
2023-08-30T00:48:48.1324202Z A path returned 202. Retrying...
2023-08-30T00:48:48.1324434Z A path returned 202. Retrying...
2023-08-30T00:48:48.1324664Z A path returned 202. Retrying...
2023-08-30T00:48:48.1325005Z A path returned 202. Retrying...
2023-08-30T00:48:48.1325241Z A path returned 202. Retrying...
2023-08-30T00:48:48.1325475Z A path returned 202. Retrying...
2023-08-30T00:48:48.1325708Z A path returned 202. Retrying...
2023-08-30T00:48:48.1325941Z A path returned 202. Retrying...
2023-08-30T00:48:48.1326176Z A path returned 202. Retrying...
2023-08-30T00:48:48.1326414Z A path returned 202. Retrying...
2023-08-30T00:48:48.1326637Z A path returned 202. Retrying...
2023-08-30T00:48:48.1326872Z A path returned 202. Retrying...
2023-08-30T00:48:48.1327101Z A path returned 202. Retrying...
2023-08-30T00:48:48.1327337Z A path returned 202. Retrying...
2023-08-30T00:48:48.1327570Z A path returned 202. Retrying...
2023-08-30T00:48:48.1327803Z A path returned 202. Retrying...
2023-08-30T00:48:48.1328035Z A path returned 202. Retrying...
2023-08-30T00:48:48.1328381Z A path returned 202. Retrying...
2023-08-30T00:48:48.1328605Z A path returned 202. Retrying...
2023-08-30T00:48:48.1328841Z A path returned 202. Retrying...
2023-08-30T00:48:48.1329071Z A path returned 202. Retrying...
2023-08-30T00:48:48.1329303Z A path returned 202. Retrying...
2023-08-30T00:48:48.1329534Z A path returned 202. Retrying...
2023-08-30T00:48:48.1329764Z A path returned 202. Retrying...
2023-08-30T00:48:48.1330002Z A path returned 202. Retrying...
2023-08-30T00:48:48.1330235Z A path returned 202. Retrying...
2023-08-30T00:48:48.1330460Z A path returned 202. Retrying...
2023-08-30T00:48:48.1330693Z A path returned 202. Retrying...
2023-08-30T00:48:48.1330925Z A path returned 202. Retrying...
2023-08-30T00:48:48.1331158Z A path returned 202. Retrying...
2023-08-30T00:48:48.1331394Z A path returned 202. Retrying...
2023-08-30T00:48:48.1331624Z A path returned 202. Retrying...
2023-08-30T00:48:48.1331856Z A path returned 202. Retrying...
2023-08-30T00:48:48.1332087Z A path returned 202. Retrying...
2023-08-30T00:48:48.1332319Z A path returned 202. Retrying...
2023-08-30T00:48:48.1332553Z A path returned 202. Retrying...
2023-08-30T00:48:48.1332784Z A path returned 202. Retrying...
2023-08-30T00:48:48.1333016Z A path returned 202. Retrying...
2023-08-30T00:48:48.1333248Z A path returned 202. Retrying...
2023-08-30T00:48:48.1333482Z A path returned 202. Retrying...
2023-08-30T00:48:48.1333714Z A path returned 202. Retrying...
2023-08-30T00:48:48.1334033Z A path returned 202. Retrying...
2023-08-30T00:48:48.1334269Z A path returned 202. Retrying...
2023-08-30T00:48:48.1334507Z A path returned 202. Retrying...
2023-08-30T00:48:48.1334741Z A path returned 202. Retrying...
2023-08-30T00:48:48.1334971Z A path returned 202. Retrying...
2023-08-30T00:48:48.1335201Z A path returned 202. Retrying...
2023-08-30T00:48:48.1335432Z A path returned 202. Retrying...
2023-08-30T00:48:48.1335668Z A path returned 202. Retrying...
2023-08-30T00:48:48.1335893Z A path returned 202. Retrying...
2023-08-30T00:48:48.1336129Z A path returned 202. Retrying...
2023-08-30T00:48:48.1336361Z A path returned 202. Retrying...
2023-08-30T00:48:48.1336595Z A path returned 202. Retrying...
2023-08-30T00:48:48.1336829Z A path returned 202. Retrying...
2023-08-30T00:48:48.1337061Z A path returned 202. Retrying...
2023-08-30T00:48:48.1337296Z A path returned 202. Retrying...
2023-08-30T00:48:48.1337521Z A path returned 202. Retrying...
2023-08-30T00:48:48.1337758Z A path returned 202. Retrying...
2023-08-30T00:48:48.1337990Z A path returned 202. Retrying...
2023-08-30T00:48:48.1338223Z A path returned 202. Retrying...
2023-08-30T00:48:48.1338458Z A path returned 202. Retrying...
2023-08-30T00:48:48.1338691Z A path returned 202. Retrying...
2023-08-30T00:48:48.1338926Z A path returned 202. Retrying...
2023-08-30T00:48:48.1339158Z A path returned 202. Retrying...
2023-08-30T00:48:48.1339383Z A path returned 202. Retrying...
2023-08-30T00:48:48.1339620Z A path returned 202. Retrying...
2023-08-30T00:48:48.1339910Z A path returned 202. Retrying...
2023-08-30T00:48:48.1340144Z A path returned 202. Retrying...
2023-08-30T00:48:48.1340377Z A path returned 202. Retrying...
2023-08-30T00:48:48.1340608Z A path returned 202. Retrying...
2023-08-30T00:48:48.1340845Z A path returned 202. Retrying...
2023-08-30T00:48:48.1341080Z A path returned 202. Retrying...
2023-08-30T00:48:48.1341306Z A path returned 202. Retrying...
2023-08-30T00:48:48.1341540Z A path returned 202. Retrying...
2023-08-30T00:48:48.1341777Z A path returned 202. Retrying...
2023-08-30T00:48:48.1342013Z A path returned 202. Retrying...
2023-08-30T00:48:48.1342248Z A path returned 202. Retrying...
2023-08-30T00:57:36.2781418Z A path returned 202. Retrying...
2023-08-30T00:57:36.2781753Z A path returned 202. Retrying...
2023-08-30T00:57:36.2782102Z A path returned 202. Retrying...
2023-08-30T00:57:36.2782343Z A path returned 202. Retrying...
2023-08-30T00:57:36.2782586Z A path returned 202. Retrying...
2023-08-30T00:57:36.2782824Z A path returned 202. Retrying...
2023-08-30T00:57:36.2783410Z A path returned 202. Retrying...
2023-08-30T00:57:36.2783656Z A path returned 202. Retrying...
2023-08-30T00:57:36.2783895Z A path returned 202. Retrying...
2023-08-30T00:57:36.2784121Z A path returned 202. Retrying...
2023-08-30T00:57:36.2784356Z A path returned 202. Retrying...
2023-08-30T00:57:36.2784587Z A path returned 202. Retrying...
2023-08-30T00:57:36.2784826Z A path returned 202. Retrying...
2023-08-30T00:57:36.2785077Z A path returned 202. Retrying...
2023-08-30T00:57:36.2785314Z A path returned 202. Retrying...
2023-08-30T00:57:36.2785545Z A path returned 202. Retrying...
2023-08-30T00:57:36.2785777Z A path returned 202. Retrying...
2023-08-30T00:57:36.2786002Z A path returned 202. Retrying...
2023-08-30T00:57:36.2786235Z A path returned 202. Retrying...
2023-08-30T00:57:36.2786465Z A path returned 202. Retrying...
2023-08-30T00:57:36.2786698Z A path returned 202. Retrying...
2023-08-30T00:57:36.2786930Z A path returned 202. Retrying...
2023-08-30T00:57:36.2787167Z A path returned 202. Retrying...
2023-08-30T00:57:36.2787401Z A path returned 202. Retrying...
2023-08-30T00:57:36.2787632Z A path returned 202. Retrying...
2023-08-30T00:57:36.2787856Z A path returned 202. Retrying...
2023-08-30T00:57:36.2788086Z A path returned 202. Retrying...
2023-08-30T00:57:36.2788319Z A path returned 202. Retrying...
2023-08-30T00:57:36.2788553Z A path returned 202. Retrying...
2023-08-30T00:57:36.2788788Z A path returned 202. Retrying...
2023-08-30T00:57:36.2789164Z A path returned 202. Retrying...
2023-08-30T00:57:36.2789400Z A path returned 202. Retrying...
2023-08-30T00:57:36.2789622Z A path returned 202. Retrying...
2023-08-30T00:57:36.2789861Z A path returned 202. Retrying...
2023-08-30T00:57:36.2790095Z A path returned 202. Retrying...
2023-08-30T00:57:36.2790337Z A path returned 202. Retrying...
2023-08-30T00:57:36.2790571Z A path returned 202. Retrying...
2023-08-30T00:57:36.2790806Z A path returned 202. Retrying...
2023-08-30T00:57:36.2791036Z A path returned 202. Retrying...
2023-08-30T00:57:36.2791277Z A path returned 202. Retrying...
2023-08-30T00:57:36.2791500Z A path returned 202. Retrying...
2023-08-30T00:57:36.2791732Z A path returned 202. Retrying...
2023-08-30T00:57:36.2791965Z A path returned 202. Retrying...
2023-08-30T00:57:36.2792197Z A path returned 202. Retrying...
2023-08-30T00:57:36.2792431Z A path returned 202. Retrying...
2023-08-30T00:57:36.2792667Z A path returned 202. Retrying...
2023-08-30T00:57:36.2792910Z A path returned 202. Retrying...
2023-08-30T00:57:36.2793145Z A path returned 202. Retrying...
2023-08-30T00:57:36.2793367Z A path returned 202. Retrying...
2023-08-30T00:57:36.2793601Z A path returned 202. Retrying...
2023-08-30T00:57:36.2793835Z A path returned 202. Retrying...
2023-08-30T00:57:36.2794076Z A path returned 202. Retrying...
2023-08-30T00:57:36.2794312Z A path returned 202. Retrying...
2023-08-30T00:57:36.2794544Z A path returned 202. Retrying...
2023-08-30T00:57:36.2794781Z A path returned 202. Retrying...
2023-08-30T00:57:36.2795002Z A path returned 202. Retrying...
2023-08-30T00:57:36.2795246Z A path returned 202. Retrying...
2023-08-30T00:57:36.2795478Z A path returned 202. Retrying...
2023-08-30T00:57:36.2795712Z A path returned 202. Retrying...
2023-08-30T00:57:36.2795947Z A path returned 202. Retrying...
2023-08-30T00:57:36.2796181Z A path returned 202. Retrying...
2023-08-30T00:57:36.2796412Z A path returned 202. Retrying...
2023-08-30T00:57:36.2796648Z A path returned 202. Retrying...
2023-08-30T00:57:36.2796876Z A path returned 202. Retrying...
2023-08-30T00:57:36.2797115Z A path returned 202. Retrying...
2023-08-30T00:57:36.2797349Z A path returned 202. Retrying...
2023-08-30T00:57:36.2797634Z A path returned 202. Retrying...
2023-08-30T00:57:36.2797870Z A path returned 202. Retrying...
2023-08-30T00:57:36.2798101Z A path returned 202. Retrying...
2023-08-30T00:57:36.2798334Z A path returned 202. Retrying...
2023-08-30T00:57:36.2798566Z A path returned 202. Retrying...
2023-08-30T00:57:36.2798790Z A path returned 202. Retrying...
2023-08-30T00:57:36.2799137Z A path returned 202. Retrying...
2023-08-30T00:57:36.2799370Z A path returned 202. Retrying...
2023-08-30T00:57:36.2799602Z A path returned 202. Retrying...
2023-08-30T00:57:36.2799841Z A path returned 202. Retrying...
2023-08-30T00:57:36.2800075Z A path returned 202. Retrying...
2023-08-30T00:57:36.2800308Z A path returned 202. Retrying...
2023-08-30T00:57:36.2800530Z A path returned 202. Retrying...
2023-08-30T00:57:36.2800772Z A path returned 202. Retrying...
2023-08-30T00:57:36.2801011Z A path returned 202. Retrying...
2023-08-30T00:57:36.2801246Z A path returned 202. Retrying...
2023-08-30T00:57:36.2801480Z A path returned 202. Retrying...
2023-08-30T00:57:36.2801714Z A path returned 202. Retrying...
2023-08-30T00:57:36.2801954Z A path returned 202. Retrying...
2023-08-30T00:57:36.2802189Z A path returned 202. Retrying...
2023-08-30T00:57:36.2802416Z A path returned 202. Retrying...
2023-08-30T00:57:36.2802645Z A path returned 202. Retrying...
2023-08-30T00:57:36.2802878Z A path returned 202. Retrying...
2023-08-30T00:57:36.2803114Z A path returned 202. Retrying...
2023-08-30T00:57:36.2803346Z A path returned 202. Retrying...
2023-08-30T00:57:36.2803583Z A path returned 202. Retrying...
2023-08-30T00:57:36.2803816Z A path returned 202. Retrying...
2023-08-30T00:57:36.2804050Z A path returned 202. Retrying...
2023-08-30T00:57:36.2804274Z A path returned 202. Retrying...
2023-08-30T00:57:36.2804507Z A path returned 202. Retrying...
2023-08-30T00:57:36.2804997Z A path returned 202. Retrying...
2023-08-30T00:57:36.2805238Z A path returned 202. Retrying...
2023-08-30T00:57:36.2805473Z A path returned 202. Retrying...
2023-08-30T00:57:36.2805706Z A path returned 202. Retrying...
2023-08-30T00:57:36.2805938Z A path returned 202. Retrying...
2023-08-30T00:57:36.2806162Z A path returned 202. Retrying...
2023-08-30T00:57:36.2806399Z A path returned 202. Retrying...
2023-08-30T00:57:36.2806632Z A path returned 202. Retrying...
2023-08-30T00:57:36.2806863Z A path returned 202. Retrying...
2023-08-30T00:57:36.2807103Z A path returned 202. Retrying...
2023-08-30T00:57:36.2807336Z A path returned 202. Retrying...
2023-08-30T00:57:36.2807569Z A path returned 202. Retrying...
2023-08-30T00:57:36.2807805Z A path returned 202. Retrying...
2023-08-30T00:57:36.2808028Z A path returned 202. Retrying...
2023-08-30T00:57:36.2808259Z A path returned 202. Retrying...
2023-08-30T00:57:36.2808495Z A path returned 202. Retrying...
2023-08-30T00:57:36.2808733Z A path returned 202. Retrying...
2023-08-30T00:57:36.2808964Z A path returned 202. Retrying...
2023-08-30T00:57:36.2809197Z A path returned 202. Retrying...
2023-08-30T00:57:36.2809433Z A path returned 202. Retrying...
2023-08-30T00:57:36.2809666Z A path returned 202. Retrying...
2023-08-30T00:57:36.2809892Z A path returned 202. Retrying...
2023-08-30T00:57:36.2810120Z A path returned 202. Retrying...
2023-08-30T00:57:36.2810356Z A path returned 202. Retrying...
2023-08-30T00:57:36.2810587Z A path returned 202. Retrying...
2023-08-30T00:57:36.2810817Z A path returned 202. Retrying...
2023-08-30T00:57:36.2811054Z A path returned 202. Retrying...
2023-08-30T00:57:36.2811284Z A path returned 202. Retrying...
2023-08-30T00:57:36.2811504Z A path returned 202. Retrying...
2023-08-30T00:57:36.2811741Z A path returned 202. Retrying...
2023-08-30T00:57:36.2811973Z A path returned 202. Retrying...
2023-08-30T00:57:36.2812219Z A path returned 202. Retrying...
2023-08-30T00:57:36.2812450Z A path returned 202. Retrying...
2023-08-30T00:57:36.2812686Z A path returned 202. Retrying...
2023-08-30T00:57:36.2812917Z A path returned 202. Retrying...
2023-08-30T00:57:36.2813150Z A path returned 202. Retrying...
2023-08-30T00:57:36.2813371Z A path returned 202. Retrying...
2023-08-30T00:57:36.2813603Z A path returned 202. Retrying...
2023-08-30T00:57:36.2813838Z A path returned 202. Retrying...
2023-08-30T00:57:36.2814069Z A path returned 202. Retrying...
2023-08-30T00:57:36.2814302Z A path returned 202. Retrying...
2023-08-30T00:57:36.2814529Z A path returned 202. Retrying...
2023-08-30T00:57:36.2814852Z A path returned 202. Retrying...
2023-08-30T00:57:36.2815086Z A path returned 202. Retrying...
2023-08-30T00:57:36.2815310Z A path returned 202. Retrying...
2023-08-30T00:57:36.2815538Z A path returned 202. Retrying...
2023-08-30T00:57:36.2815768Z A path returned 202. Retrying...
2023-08-30T00:57:36.2816006Z A path returned 202. Retrying...
2023-08-30T00:57:36.2816237Z A path returned 202. Retrying...
2023-08-30T00:57:36.2816470Z A path returned 202. Retrying...
2023-08-30T00:57:36.2816698Z A path returned 202. Retrying...
2023-08-30T00:57:36.2816921Z A path returned 202. Retrying...
2023-08-30T00:57:36.2817150Z A path returned 202. Retrying...
2023-08-30T00:57:36.2817378Z A path returned 202. Retrying...
2023-08-30T00:57:36.2817618Z A path returned 202. Retrying...
2023-08-30T00:57:36.2817847Z A path returned 202. Retrying...
2023-08-30T00:57:36.2818078Z A path returned 202. Retrying...
2023-08-30T00:57:36.2818312Z A path returned 202. Retrying...
2023-08-30T00:57:36.2818544Z A path returned 202. Retrying...
2023-08-30T00:57:36.2818773Z A path returned 202. Retrying...
2023-08-30T00:57:36.2819002Z A path returned 202. Retrying...
2023-08-30T00:57:36.2819234Z A path returned 202. Retrying...
2023-08-30T00:57:36.2819468Z A path returned 202. Retrying...
2023-08-30T00:57:36.2819697Z A path returned 202. Retrying...
2023-08-30T00:57:36.2819926Z A path returned 202. Retrying...
2023-08-30T00:57:36.2820160Z A path returned 202. Retrying...
2023-08-30T00:57:36.2820475Z A path returned 202. Retrying...
2023-08-30T00:57:36.2820701Z A path returned 202. Retrying...
2023-08-30T00:57:36.2820932Z A path returned 202. Retrying...
2023-08-30T00:57:36.2821161Z A path returned 202. Retrying...
2023-08-30T00:57:36.2821392Z A path returned 202. Retrying...
2023-08-30T00:57:36.2821624Z A path returned 202. Retrying...
2023-08-30T00:57:36.2821856Z A path returned 202. Retrying...
2023-08-30T00:57:36.2822087Z A path returned 202. Retrying...
2023-08-30T00:57:36.2822309Z A path returned 202. Retrying...
2023-08-30T00:57:36.2822543Z A path returned 202. Retrying...
2023-08-30T00:57:36.2822772Z A path returned 202. Retrying...
2023-08-30T00:57:36.2823008Z A path returned 202. Retrying...
2023-08-30T00:57:36.2823239Z A path returned 202. Retrying...
2023-08-30T00:57:36.2823469Z A path returned 202. Retrying...
2023-08-30T00:57:36.2823701Z A path returned 202. Retrying...
2023-08-30T00:57:36.2823931Z A path returned 202. Retrying...
2023-08-30T00:57:36.2824156Z A path returned 202. Retrying...
2023-08-30T00:57:36.2824387Z A path returned 202. Retrying...
2023-08-30T00:57:36.2824618Z A path returned 202. Retrying...
2023-08-30T00:57:36.2824849Z A path returned 202. Retrying...
2023-08-30T00:57:36.2825077Z A path returned 202. Retrying...
2023-08-30T00:57:36.2825308Z A path returned 202. Retrying...
2023-08-30T00:57:36.2825542Z A path returned 202. Retrying...
2023-08-30T00:57:36.2825775Z A path returned 202. Retrying...
2023-08-30T00:57:36.2826001Z A path returned 202. Retrying...
2023-08-30T00:57:36.2826230Z A path returned 202. Retrying...
2023-08-30T00:57:36.2826466Z A path returned 202. Retrying...
2023-08-30T00:57:36.2826697Z A path returned 202. Retrying...
2023-08-30T00:57:36.2826929Z A path returned 202. Retrying...
2023-08-30T00:57:36.2827164Z A path returned 202. Retrying...
2023-08-30T00:57:36.2827397Z A path returned 202. Retrying...
2023-08-30T00:57:36.2827617Z A path returned 202. Retrying...
2023-08-30T00:57:36.2827848Z A path returned 202. Retrying...
2023-08-30T00:57:36.2828082Z A path returned 202. Retrying...
2023-08-30T00:57:36.2828313Z A path returned 202. Retrying...
2023-08-30T00:57:36.2828543Z A path returned 202. Retrying...
2023-08-30T00:57:36.2828780Z A path returned 202. Retrying...
2023-08-30T00:57:36.2829012Z A path returned 202. Retrying...
2023-08-30T00:57:36.2829242Z A path returned 202. Retrying...
2023-08-30T00:57:36.2829465Z A path returned 202. Retrying...
2023-08-30T00:57:36.2829702Z A path returned 202. Retrying...
2023-08-30T00:57:36.2829934Z A path returned 202. Retrying...
2023-08-30T00:57:36.2830254Z A path returned 202. Retrying...
2023-08-30T00:57:36.2830487Z A path returned 202. Retrying...
2023-08-30T00:57:36.2830716Z A path returned 202. Retrying...
2023-08-30T00:57:36.2830946Z A path returned 202. Retrying...
2023-08-30T00:57:36.2831178Z A path returned 202. Retrying...
2023-08-30T00:57:36.2831402Z A path returned 202. Retrying...
2023-08-30T00:57:36.2831632Z A path returned 202. Retrying...
2023-08-30T00:57:36.2831871Z A path returned 202. Retrying...
2023-08-30T00:57:36.2832103Z A path returned 202. Retrying...
2023-08-30T00:57:36.2832335Z A path returned 202. Retrying...
2023-08-30T00:57:36.2832564Z A path returned 202. Retrying...
2023-08-30T00:57:36.2832794Z A path returned 202. Retrying...
2023-08-30T00:57:36.2833016Z A path returned 202. Retrying...
2023-08-30T00:57:36.2833249Z A path returned 202. Retrying...
2023-08-30T00:57:36.2833481Z A path returned 202. Retrying...
2023-08-30T00:57:36.2833714Z A path returned 202. Retrying...
2023-08-30T00:57:36.2833946Z A path returned 202. Retrying...
2023-08-30T00:57:36.2834182Z A path returned 202. Retrying...
2023-08-30T00:57:36.2834414Z A path returned 202. Retrying...
2023-08-30T00:57:36.2834648Z A path returned 202. Retrying...
2023-08-30T00:57:36.2834872Z A path returned 202. Retrying...
2023-08-30T00:57:36.2835101Z A path returned 202. Retrying...
2023-08-30T00:57:36.2835335Z A path returned 202. Retrying...
2023-08-30T00:57:36.2835568Z A path returned 202. Retrying...
2023-08-30T00:57:36.2835915Z A path returned 202. Retrying...
2023-08-30T00:57:36.2836149Z A path returned 202. Retrying...
2023-08-30T00:57:36.2836382Z A path returned 202. Retrying...
2023-08-30T00:57:36.2836617Z A path returned 202. Retrying...
2023-08-30T00:57:36.2836839Z A path returned 202. Retrying...
2023-08-30T00:57:36.2837068Z A path returned 202. Retrying...
2023-08-30T00:57:36.2837299Z A path returned 202. Retrying...
2023-08-30T00:57:36.2837535Z A path returned 202. Retrying...
2023-08-30T00:57:36.2837774Z A path returned 202. Retrying...
2023-08-30T00:57:36.2838012Z A path returned 202. Retrying...
2023-08-30T00:57:36.2838246Z A path returned 202. Retrying...
2023-08-30T00:57:36.2838483Z A path returned 202. Retrying...
2023-08-30T00:57:36.2838705Z A path returned 202. Retrying...
2023-08-30T00:57:36.2838954Z A path returned 202. Retrying...
2023-08-30T00:57:36.2839187Z A path returned 202. Retrying...
2023-08-30T00:57:36.2839417Z A path returned 202. Retrying...
2023-08-30T00:57:36.2839653Z A path returned 202. Retrying...
2023-08-30T00:57:36.2839884Z A path returned 202. Retrying...
2023-08-30T00:57:36.2840116Z A path returned 202. Retrying...
2023-08-30T00:57:36.2840354Z A path returned 202. Retrying...
2023-08-30T01:06:25.2155065Z A path returned 202. Retrying...
2023-08-30T01:06:25.2155618Z A path returned 202. Retrying...
2023-08-30T01:06:25.2157644Z A path returned 202. Retrying...
2023-08-30T01:06:25.2157960Z A path returned 202. Retrying...
2023-08-30T01:06:25.2158200Z A path returned 202. Retrying...
2023-08-30T01:06:25.2158531Z A path returned 202. Retrying...
2023-08-30T01:06:25.2158790Z A path returned 202. Retrying...
2023-08-30T01:06:25.2159023Z A path returned 202. Retrying...
2023-08-30T01:06:25.2159255Z A path returned 202. Retrying...
2023-08-30T01:06:25.2159492Z A path returned 202. Retrying...
2023-08-30T01:06:25.2159721Z A path returned 202. Retrying...
2023-08-30T01:06:25.2159953Z A path returned 202. Retrying...
2023-08-30T01:06:25.2160185Z A path returned 202. Retrying...
2023-08-30T01:06:25.2160426Z A path returned 202. Retrying...
2023-08-30T01:06:25.2160656Z A path returned 202. Retrying...
2023-08-30T01:06:25.2160882Z A path returned 202. Retrying...
2023-08-30T01:06:25.2161106Z A path returned 202. Retrying...
2023-08-30T01:06:25.2161341Z A path returned 202. Retrying...
2023-08-30T01:06:25.2161568Z A path returned 202. Retrying...
2023-08-30T01:06:25.2161798Z A path returned 202. Retrying...
2023-08-30T01:06:25.2162025Z A path returned 202. Retrying...
2023-08-30T01:06:25.2162252Z A path returned 202. Retrying...
2023-08-30T01:06:25.2162843Z A path returned 202. Retrying...
2023-08-30T01:06:25.2163077Z A path returned 202. Retrying...
2023-08-30T01:06:25.2163301Z A path returned 202. Retrying...
2023-08-30T01:06:25.2163530Z A path returned 202. Retrying...
2023-08-30T01:06:25.2163764Z A path returned 202. Retrying...
2023-08-30T01:06:25.2164001Z A path returned 202. Retrying...
2023-08-30T01:06:25.2164236Z A path returned 202. Retrying...
2023-08-30T01:06:25.2164465Z A path returned 202. Retrying...
2023-08-30T01:06:25.2164702Z A path returned 202. Retrying...
2023-08-30T01:06:25.2165070Z A path returned 202. Retrying...
2023-08-30T01:06:25.2165304Z A path returned 202. Retrying...
2023-08-30T01:06:25.2165539Z A path returned 202. Retrying...
2023-08-30T01:06:25.2165771Z A path returned 202. Retrying...
2023-08-30T01:06:25.2166003Z A path returned 202. Retrying...
2023-08-30T01:06:25.2166233Z A path returned 202. Retrying...
2023-08-30T01:06:25.2166466Z A path returned 202. Retrying...
2023-08-30T01:06:25.2166695Z A path returned 202. Retrying...
2023-08-30T01:06:25.2166924Z A path returned 202. Retrying...
2023-08-30T01:06:25.2167163Z A path returned 202. Retrying...
2023-08-30T01:06:25.2167392Z A path returned 202. Retrying...
2023-08-30T01:06:25.2167623Z A path returned 202. Retrying...
2023-08-30T01:06:25.2167853Z A path returned 202. Retrying...
2023-08-30T01:06:25.2168084Z A path returned 202. Retrying...
2023-08-30T01:06:25.2168314Z A path returned 202. Retrying...
2023-08-30T01:06:25.2168702Z A path returned 202. Retrying...
2023-08-30T01:06:25.2168930Z A path returned 202. Retrying...
2023-08-30T01:06:25.2169159Z A path returned 202. Retrying...
2023-08-30T01:06:25.2169391Z A path returned 202. Retrying...
2023-08-30T01:06:25.2169621Z A path returned 202. Retrying...
2023-08-30T01:06:25.2169853Z A path returned 202. Retrying...
2023-08-30T01:06:25.2170082Z A path returned 202. Retrying...
2023-08-30T01:06:25.2170310Z A path returned 202. Retrying...
2023-08-30T01:06:25.2170543Z A path returned 202. Retrying...
2023-08-30T01:06:25.2170778Z A path returned 202. Retrying...
2023-08-30T01:06:25.2171007Z A path returned 202. Retrying...
2023-08-30T01:06:25.2171247Z A path returned 202. Retrying...
2023-08-30T01:06:25.2171480Z A path returned 202. Retrying...
2023-08-30T01:06:25.2171714Z A path returned 202. Retrying...
2023-08-30T01:06:25.2171946Z A path returned 202. Retrying...
2023-08-30T01:06:25.2172181Z A path returned 202. Retrying...
2023-08-30T01:06:25.2172405Z A path returned 202. Retrying...
2023-08-30T01:06:25.2172644Z A path returned 202. Retrying...
2023-08-30T01:06:25.2172872Z A path returned 202. Retrying...
2023-08-30T01:06:25.2173103Z A path returned 202. Retrying...
2023-08-30T01:06:25.2173333Z A path returned 202. Retrying...
2023-08-30T01:06:25.2173562Z A path returned 202. Retrying...
2023-08-30T01:06:25.2173790Z A path returned 202. Retrying...
2023-08-30T01:06:25.2174024Z A path returned 202. Retrying...
2023-08-30T01:06:25.2174245Z A path returned 202. Retrying...
2023-08-30T01:06:25.2174471Z A path returned 202. Retrying...
2023-08-30T01:06:25.2174706Z A path returned 202. Retrying...
2023-08-30T01:06:25.2174934Z A path returned 202. Retrying...
2023-08-30T01:06:25.2175161Z A path returned 202. Retrying...
2023-08-30T01:06:25.2175390Z A path returned 202. Retrying...
2023-08-30T01:06:25.2175623Z A path returned 202. Retrying...
2023-08-30T01:06:25.2175854Z A path returned 202. Retrying...
2023-08-30T01:06:25.2176076Z A path returned 202. Retrying...
2023-08-30T01:06:25.2176312Z A path returned 202. Retrying...
2023-08-30T01:06:25.2176543Z A path returned 202. Retrying...
2023-08-30T01:06:25.2176773Z A path returned 202. Retrying...
2023-08-30T01:06:25.2177003Z A path returned 202. Retrying...
2023-08-30T01:06:25.2177230Z A path returned 202. Retrying...
2023-08-30T01:06:25.2177459Z A path returned 202. Retrying...
2023-08-30T01:06:25.2177680Z A path returned 202. Retrying...
2023-08-30T01:06:25.2177909Z A path returned 202. Retrying...
2023-08-30T01:06:25.2178134Z A path returned 202. Retrying...
2023-08-30T01:06:25.2178471Z A path returned 202. Retrying...
2023-08-30T01:06:25.2178700Z A path returned 202. Retrying...
2023-08-30T01:06:25.2178929Z A path returned 202. Retrying...
2023-08-30T01:06:25.2179156Z A path returned 202. Retrying...
2023-08-30T01:06:25.2179384Z A path returned 202. Retrying...
2023-08-30T01:06:25.2179607Z A path returned 202. Retrying...
2023-08-30T01:06:25.2179833Z A path returned 202. Retrying...
2023-08-30T01:06:25.2180064Z A path returned 202. Retrying...
2023-08-30T01:06:25.2180295Z A path returned 202. Retrying...
2023-08-30T01:06:25.2180528Z A path returned 202. Retrying...
2023-08-30T01:06:25.2180755Z A path returned 202. Retrying...
2023-08-30T01:06:25.2180985Z A path returned 202. Retrying...
2023-08-30T01:06:25.2181221Z A path returned 202. Retrying...
2023-08-30T01:06:25.2181445Z A path returned 202. Retrying...
2023-08-30T01:06:25.2181674Z A path returned 202. Retrying...
2023-08-30T01:06:25.2181903Z A path returned 202. Retrying...
2023-08-30T01:06:25.2182137Z A path returned 202. Retrying...
2023-08-30T01:06:25.2182411Z A path returned 202. Retrying...
2023-08-30T01:06:25.2182638Z A path returned 202. Retrying...
2023-08-30T01:06:25.2182867Z A path returned 202. Retrying...
2023-08-30T01:06:25.2183089Z A path returned 202. Retrying...
2023-08-30T01:06:25.2183322Z A path returned 202. Retrying...
2023-08-30T01:06:25.2183552Z A path returned 202. Retrying...
2023-08-30T01:06:25.2183784Z A path returned 202. Retrying...
2023-08-30T01:06:25.2184116Z A path returned 202. Retrying...
2023-08-30T01:06:25.2184352Z A path returned 202. Retrying...
2023-08-30T01:06:25.2184581Z A path returned 202. Retrying...
2023-08-30T01:06:25.2184812Z A path returned 202. Retrying...
2023-08-30T01:06:25.2185034Z A path returned 202. Retrying...
2023-08-30T01:06:25.2185261Z A path returned 202. Retrying...
2023-08-30T01:06:25.2185490Z A path returned 202. Retrying...
2023-08-30T01:06:25.2185717Z A path returned 202. Retrying...
2023-08-30T01:06:25.2185951Z A path returned 202. Retrying...
2023-08-30T01:06:25.2186182Z A path returned 202. Retrying...
2023-08-30T01:06:25.2186410Z A path returned 202. Retrying...
2023-08-30T01:06:25.2186638Z A path returned 202. Retrying...
2023-08-30T01:06:25.2186859Z A path returned 202. Retrying...
2023-08-30T01:06:25.2187097Z A path returned 202. Retrying...
2023-08-30T01:06:25.2187324Z A path returned 202. Retrying...
2023-08-30T01:06:25.2187554Z A path returned 202. Retrying...
2023-08-30T01:06:25.2187781Z A path returned 202. Retrying...
2023-08-30T01:06:25.2188011Z A path returned 202. Retrying...
2023-08-30T01:06:25.2188242Z A path returned 202. Retrying...
2023-08-30T01:06:25.2188464Z A path returned 202. Retrying...
2023-08-30T01:06:25.2188693Z A path returned 202. Retrying...
2023-08-30T01:06:25.2188921Z A path returned 202. Retrying...
2023-08-30T01:06:25.2189153Z A path returned 202. Retrying...
2023-08-30T01:06:25.2189379Z A path returned 202. Retrying...
2023-08-30T01:06:25.2189608Z A path returned 202. Retrying...
2023-08-30T01:06:25.2189837Z A path returned 202. Retrying...
2023-08-30T01:06:25.2190071Z A path returned 202. Retrying...
2023-08-30T01:06:25.2190296Z A path returned 202. Retrying...
2023-08-30T01:06:25.2190526Z A path returned 202. Retrying...
2023-08-30T01:06:25.2190756Z A path returned 202. Retrying...
2023-08-30T01:06:25.2190985Z A path returned 202. Retrying...
2023-08-30T01:06:25.2191211Z A path returned 202. Retrying...
2023-08-30T01:06:25.2191437Z A path returned 202. Retrying...
2023-08-30T01:06:25.2191670Z A path returned 202. Retrying...
2023-08-30T01:06:25.2191899Z A path returned 202. Retrying...
2023-08-30T01:06:25.2192122Z A path returned 202. Retrying...
2023-08-30T01:06:25.2192349Z A path returned 202. Retrying...
2023-08-30T01:06:25.2192583Z A path returned 202. Retrying...
2023-08-30T01:06:25.2192817Z A path returned 202. Retrying...
2023-08-30T01:06:25.2193048Z A path returned 202. Retrying...
2023-08-30T01:06:25.2193275Z A path returned 202. Retrying...
2023-08-30T01:06:25.2193503Z A path returned 202. Retrying...
2023-08-30T01:06:25.2193844Z A path returned 202. Retrying...
2023-08-30T01:06:25.2194073Z A path returned 202. Retrying...
2023-08-30T01:06:25.2194303Z A path returned 202. Retrying...
2023-08-30T01:06:25.2194533Z A path returned 202. Retrying...
2023-08-30T01:06:25.2194762Z A path returned 202. Retrying...
2023-08-30T01:06:25.2194994Z A path returned 202. Retrying...
2023-08-30T01:06:25.2195223Z A path returned 202. Retrying...
2023-08-30T01:06:25.2195456Z A path returned 202. Retrying...
2023-08-30T01:06:25.2195681Z A path returned 202. Retrying...
2023-08-30T01:06:25.2195910Z A path returned 202. Retrying...
2023-08-30T01:06:25.2196146Z A path returned 202. Retrying...
2023-08-30T01:06:25.2196380Z A path returned 202. Retrying...
2023-08-30T01:06:25.2196618Z A path returned 202. Retrying...
2023-08-30T01:06:25.2196853Z A path returned 202. Retrying...
2023-08-30T01:06:25.2197088Z A path returned 202. Retrying...
2023-08-30T01:06:25.2197316Z A path returned 202. Retrying...
2023-08-30T01:06:25.2197545Z A path returned 202. Retrying...
2023-08-30T01:06:25.2197780Z A path returned 202. Retrying...
2023-08-30T01:06:25.2198016Z A path returned 202. Retrying...
2023-08-30T01:06:25.2198245Z A path returned 202. Retrying...
2023-08-30T01:06:25.2198479Z A path returned 202. Retrying...
2023-08-30T01:06:25.2198707Z A path returned 202. Retrying...
2023-08-30T01:06:25.2198938Z A path returned 202. Retrying...
2023-08-30T01:06:25.2199163Z A path returned 202. Retrying...
2023-08-30T01:06:25.2199695Z A path returned 202. Retrying...
2023-08-30T01:06:25.2199927Z A path returned 202. Retrying...
2023-08-30T01:06:25.2200156Z A path returned 202. Retrying...
2023-08-30T01:06:25.2200383Z A path returned 202. Retrying...
2023-08-30T01:06:25.2200618Z A path returned 202. Retrying...
2023-08-30T01:06:25.2200849Z A path returned 202. Retrying...
2023-08-30T01:06:25.2201079Z A path returned 202. Retrying...
2023-08-30T01:06:25.2201302Z A path returned 202. Retrying...
2023-08-30T01:06:25.2201529Z A path returned 202. Retrying...
2023-08-30T01:06:25.2201766Z A path returned 202. Retrying...
2023-08-30T01:06:25.2201998Z A path returned 202. Retrying...
2023-08-30T01:06:25.2202232Z A path returned 202. Retrying...
2023-08-30T01:06:25.2202463Z A path returned 202. Retrying...
2023-08-30T01:06:25.2202692Z A path returned 202. Retrying...
2023-08-30T01:06:25.2202923Z A path returned 202. Retrying...
2023-08-30T01:06:25.2203146Z A path returned 202. Retrying...
2023-08-30T01:06:25.2203374Z A path returned 202. Retrying...
2023-08-30T01:06:25.2203609Z A path returned 202. Retrying...
2023-08-30T01:06:25.2203839Z A path returned 202. Retrying...
2023-08-30T01:06:25.2204069Z A path returned 202. Retrying...
2023-08-30T01:06:25.2204295Z A path returned 202. Retrying...
2023-08-30T01:06:25.2204524Z A path returned 202. Retrying...
2023-08-30T01:06:25.2204746Z A path returned 202. Retrying...
2023-08-30T01:06:25.2205068Z A path returned 202. Retrying...
2023-08-30T01:06:25.2205302Z A path returned 202. Retrying...
2023-08-30T01:06:25.2205533Z A path returned 202. Retrying...
2023-08-30T01:06:25.2205768Z A path returned 202. Retrying...
2023-08-30T01:06:25.2205999Z A path returned 202. Retrying...
2023-08-30T01:06:25.2206231Z A path returned 202. Retrying...
2023-08-30T01:06:25.2206461Z A path returned 202. Retrying...
2023-08-30T01:06:25.2206684Z A path returned 202. Retrying...
2023-08-30T01:06:25.2206909Z A path returned 202. Retrying...
2023-08-30T01:06:25.2207138Z A path returned 202. Retrying...
2023-08-30T01:06:25.2207380Z A path returned 202. Retrying...
2023-08-30T01:06:25.2207612Z A path returned 202. Retrying...
2023-08-30T01:06:25.2207844Z A path returned 202. Retrying...
2023-08-30T01:06:25.2208081Z A path returned 202. Retrying...
2023-08-30T01:06:25.2208311Z A path returned 202. Retrying...
2023-08-30T01:06:25.2208531Z A path returned 202. Retrying...
2023-08-30T01:06:25.2208762Z A path returned 202. Retrying...
2023-08-30T01:06:25.2208994Z A path returned 202. Retrying...
2023-08-30T01:06:25.2209224Z A path returned 202. Retrying...
2023-08-30T01:06:25.2209554Z A path returned 202. Retrying...
2023-08-30T01:06:25.2209788Z A path returned 202. Retrying...
2023-08-30T01:06:25.2210017Z A path returned 202. Retrying...
2023-08-30T01:06:25.2210239Z A path returned 202. Retrying...
2023-08-30T01:06:25.2210465Z A path returned 202. Retrying...
2023-08-30T01:06:25.2210694Z A path returned 202. Retrying...
2023-08-30T01:06:25.2210923Z A path returned 202. Retrying...
2023-08-30T01:06:25.2211152Z A path returned 202. Retrying...
2023-08-30T01:06:25.2211387Z A path returned 202. Retrying...
2023-08-30T01:06:25.2211621Z A path returned 202. Retrying...
2023-08-30T01:06:25.2211851Z A path returned 202. Retrying...
2023-08-30T01:06:25.2212071Z A path returned 202. Retrying...
2023-08-30T01:06:25.2212298Z A path returned 202. Retrying...
2023-08-30T01:06:25.2212529Z A path returned 202. Retrying...
2023-08-30T01:06:25.2212762Z A path returned 202. Retrying...
2023-08-30T01:06:25.2212995Z A path returned 202. Retrying...
2023-08-30T01:06:25.2213220Z A path returned 202. Retrying...
2023-08-30T01:06:25.2213455Z A path returned 202. Retrying...
2023-08-30T01:06:25.2213683Z A path returned 202. Retrying...
2023-08-30T01:06:25.2213906Z A path returned 202. Retrying...
2023-08-30T01:06:25.2214135Z A path returned 202. Retrying...
2023-08-30T01:06:25.2214363Z A path returned 202. Retrying...
2023-08-30T01:06:25.2214592Z A path returned 202. Retrying...
2023-08-30T01:06:25.2214820Z A path returned 202. Retrying...
2023-08-30T01:06:25.2215154Z A path returned 202. Retrying...
2023-08-30T01:06:25.2215387Z A path returned 202. Retrying...
2023-08-30T01:06:25.2215611Z A path returned 202. Retrying...
2023-08-30T01:06:25.2215838Z A path returned 202. Retrying...
2023-08-30T01:15:12.1526006Z A path returned 202. Retrying...
2023-08-30T01:15:12.1526339Z A path returned 202. Retrying...
2023-08-30T01:15:12.1526593Z A path returned 202. Retrying...
2023-08-30T01:15:12.1526827Z A path returned 202. Retrying...
2023-08-30T01:15:12.1527069Z A path returned 202. Retrying...
2023-08-30T01:15:12.1527321Z A path returned 202. Retrying...
2023-08-30T01:15:12.1527590Z A path returned 202. Retrying...
2023-08-30T01:15:12.1527831Z A path returned 202. Retrying...
2023-08-30T01:15:12.1528064Z A path returned 202. Retrying...
2023-08-30T01:15:12.1528299Z A path returned 202. Retrying...
2023-08-30T01:15:12.1528531Z A path returned 202. Retrying...
2023-08-30T01:15:12.1528765Z A path returned 202. Retrying...
2023-08-30T01:15:12.1528995Z A path returned 202. Retrying...
2023-08-30T01:15:12.1529230Z A path returned 202. Retrying...
2023-08-30T01:15:12.1529463Z A path returned 202. Retrying...
2023-08-30T01:15:12.1529694Z A path returned 202. Retrying...
2023-08-30T01:15:12.1529925Z A path returned 202. Retrying...
2023-08-30T01:15:12.1530159Z A path returned 202. Retrying...
2023-08-30T01:15:12.1530390Z A path returned 202. Retrying...
2023-08-30T01:15:12.1530622Z A path returned 202. Retrying...
2023-08-30T01:15:12.1530847Z A path returned 202. Retrying...
2023-08-30T01:15:12.1531081Z A path returned 202. Retrying...
2023-08-30T01:15:12.1531316Z A path returned 202. Retrying...
2023-08-30T01:15:12.1531546Z A path returned 202. Retrying...
2023-08-30T01:15:12.1531776Z A path returned 202. Retrying...
2023-08-30T01:15:12.1532008Z A path returned 202. Retrying...
2023-08-30T01:15:12.1532238Z A path returned 202. Retrying...
2023-08-30T01:15:12.1532470Z A path returned 202. Retrying...
2023-08-30T01:15:12.1532694Z A path returned 202. Retrying...
2023-08-30T01:15:12.1532934Z A path returned 202. Retrying...
2023-08-30T01:15:12.1533163Z A path returned 202. Retrying...
2023-08-30T01:15:12.1533392Z A path returned 202. Retrying...
2023-08-30T01:15:12.1533623Z A path returned 202. Retrying...
2023-08-30T01:15:12.1533855Z A path returned 202. Retrying...
2023-08-30T01:15:12.1534086Z A path returned 202. Retrying...
2023-08-30T01:15:12.1534315Z A path returned 202. Retrying...
2023-08-30T01:15:12.1534536Z A path returned 202. Retrying...
2023-08-30T01:15:12.1534768Z A path returned 202. Retrying...
2023-08-30T01:15:12.1535400Z A path returned 202. Retrying...
2023-08-30T01:15:12.1535634Z A path returned 202. Retrying...
2023-08-30T01:15:12.1535870Z A path returned 202. Retrying...
2023-08-30T01:15:12.1536103Z A path returned 202. Retrying...
2023-08-30T01:15:12.1536421Z A path returned 202. Retrying...
2023-08-30T01:15:12.1536651Z A path returned 202. Retrying...
2023-08-30T01:15:12.1536881Z A path returned 202. Retrying...
2023-08-30T01:15:12.1537115Z A path returned 202. Retrying...
2023-08-30T01:15:12.1537359Z A path returned 202. Retrying...
2023-08-30T01:15:12.1537587Z A path returned 202. Retrying...
2023-08-30T01:15:12.1537809Z A path returned 202. Retrying...
2023-08-30T01:15:12.1538037Z A path returned 202. Retrying...
2023-08-30T01:15:12.1538272Z A path returned 202. Retrying...
2023-08-30T01:15:12.1538501Z A path returned 202. Retrying...
2023-08-30T01:15:12.1538729Z A path returned 202. Retrying...
2023-08-30T01:15:12.1538963Z A path returned 202. Retrying...
2023-08-30T01:15:12.1539196Z A path returned 202. Retrying...
2023-08-30T01:15:12.1539420Z A path returned 202. Retrying...
2023-08-30T01:15:12.1539652Z A path returned 202. Retrying...
2023-08-30T01:15:12.1539885Z A path returned 202. Retrying...
2023-08-30T01:15:12.1540117Z A path returned 202. Retrying...
2023-08-30T01:15:12.1540351Z A path returned 202. Retrying...
2023-08-30T01:15:12.1540583Z A path returned 202. Retrying...
2023-08-30T01:15:12.1540812Z A path returned 202. Retrying...
2023-08-30T01:15:12.1541230Z A path returned 202. Retrying...
2023-08-30T01:15:12.1541461Z A path returned 202. Retrying...
2023-08-30T01:15:12.1541693Z A path returned 202. Retrying...
2023-08-30T01:15:12.1541923Z A path returned 202. Retrying...
2023-08-30T01:15:12.1542155Z A path returned 202. Retrying...
2023-08-30T01:15:12.1542390Z A path returned 202. Retrying...
2023-08-30T01:15:12.1542623Z A path returned 202. Retrying...
2023-08-30T01:15:12.1542857Z A path returned 202. Retrying...
2023-08-30T01:15:12.1543090Z A path returned 202. Retrying...
2023-08-30T01:15:12.1543309Z A path returned 202. Retrying...
2023-08-30T01:15:12.1543544Z A path returned 202. Retrying...
2023-08-30T01:15:12.1543777Z A path returned 202. Retrying...
2023-08-30T01:15:12.1544018Z A path returned 202. Retrying...
2023-08-30T01:15:12.1544251Z A path returned 202. Retrying...
2023-08-30T01:15:12.1544481Z A path returned 202. Retrying...
2023-08-30T01:15:12.1544717Z A path returned 202. Retrying...
2023-08-30T01:15:12.1544943Z A path returned 202. Retrying...
2023-08-30T01:15:12.1545180Z A path returned 202. Retrying...
2023-08-30T01:15:12.1545410Z A path returned 202. Retrying...
2023-08-30T01:15:12.1545641Z A path returned 202. Retrying...
2023-08-30T01:15:12.1545875Z A path returned 202. Retrying...
2023-08-30T01:15:12.1546103Z A path returned 202. Retrying...
2023-08-30T01:15:12.1546332Z A path returned 202. Retrying...
2023-08-30T01:15:12.1546559Z A path returned 202. Retrying...
2023-08-30T01:15:12.1546779Z A path returned 202. Retrying...
2023-08-30T01:15:12.1547006Z A path returned 202. Retrying...
2023-08-30T01:15:12.1547242Z A path returned 202. Retrying...
2023-08-30T01:15:12.1547470Z A path returned 202. Retrying...
2023-08-30T01:15:12.1547701Z A path returned 202. Retrying...
2023-08-30T01:15:12.1547930Z A path returned 202. Retrying...
2023-08-30T01:15:12.1548162Z A path returned 202. Retrying...
2023-08-30T01:15:12.1548391Z A path returned 202. Retrying...
2023-08-30T01:15:12.1548614Z A path returned 202. Retrying...
2023-08-30T01:15:12.1548848Z A path returned 202. Retrying...
2023-08-30T01:15:12.1549081Z A path returned 202. Retrying...
2023-08-30T01:15:12.1549315Z A path returned 202. Retrying...
2023-08-30T01:15:12.1549550Z A path returned 202. Retrying...
2023-08-30T01:15:12.1549781Z A path returned 202. Retrying...
2023-08-30T01:15:12.1550014Z A path returned 202. Retrying...
2023-08-30T01:15:12.1550237Z A path returned 202. Retrying...
2023-08-30T01:15:12.1550471Z A path returned 202. Retrying...
2023-08-30T01:15:12.1550705Z A path returned 202. Retrying...
2023-08-30T01:15:12.1550939Z A path returned 202. Retrying...
2023-08-30T01:15:12.1551277Z A path returned 202. Retrying...
2023-08-30T01:15:12.1551510Z A path returned 202. Retrying...
2023-08-30T01:15:12.1551740Z A path returned 202. Retrying...
2023-08-30T01:15:12.1551972Z A path returned 202. Retrying...
2023-08-30T01:15:12.1552194Z A path returned 202. Retrying...
2023-08-30T01:15:12.1552426Z A path returned 202. Retrying...
2023-08-30T01:15:12.1552659Z A path returned 202. Retrying...
2023-08-30T01:15:12.1552894Z A path returned 202. Retrying...
2023-08-30T01:15:12.1553127Z A path returned 202. Retrying...
2023-08-30T01:15:12.1553355Z A path returned 202. Retrying...
2023-08-30T01:15:12.1553586Z A path returned 202. Retrying...
2023-08-30T01:15:12.1553819Z A path returned 202. Retrying...
2023-08-30T01:15:12.1554041Z A path returned 202. Retrying...
2023-08-30T01:15:12.1554280Z A path returned 202. Retrying...
2023-08-30T01:15:12.1554514Z A path returned 202. Retrying...
2023-08-30T01:15:12.1554750Z A path returned 202. Retrying...
2023-08-30T01:15:12.1554993Z A path returned 202. Retrying...
2023-08-30T01:15:12.1555223Z A path returned 202. Retrying...
2023-08-30T01:15:12.1555455Z A path returned 202. Retrying...
2023-08-30T01:15:12.1555680Z A path returned 202. Retrying...
2023-08-30T01:15:12.1555912Z A path returned 202. Retrying...
2023-08-30T01:15:12.1556139Z A path returned 202. Retrying...
2023-08-30T01:15:12.1556371Z A path returned 202. Retrying...
2023-08-30T01:15:12.1556698Z A path returned 202. Retrying...
2023-08-30T01:15:12.1556931Z A path returned 202. Retrying...
2023-08-30T01:15:12.1557161Z A path returned 202. Retrying...
2023-08-30T01:15:12.1557389Z A path returned 202. Retrying...
2023-08-30T01:15:12.1557610Z A path returned 202. Retrying...
2023-08-30T01:15:12.1557839Z A path returned 202. Retrying...
2023-08-30T01:15:12.1558066Z A path returned 202. Retrying...
2023-08-30T01:15:12.1558295Z A path returned 202. Retrying...
2023-08-30T01:15:12.1558523Z A path returned 202. Retrying...
2023-08-30T01:15:12.1558754Z A path returned 202. Retrying...
2023-08-30T01:15:12.1558991Z A path returned 202. Retrying...
2023-08-30T01:15:12.1559222Z A path returned 202. Retrying...
2023-08-30T01:15:12.1559443Z A path returned 202. Retrying...
2023-08-30T01:15:12.1559671Z A path returned 202. Retrying...
2023-08-30T01:15:12.1559903Z A path returned 202. Retrying...
2023-08-30T01:15:12.1560132Z A path returned 202. Retrying...
2023-08-30T01:15:12.1560365Z A path returned 202. Retrying...
2023-08-30T01:15:12.1560601Z A path returned 202. Retrying...
2023-08-30T01:15:12.1560836Z A path returned 202. Retrying...
2023-08-30T01:15:12.1561057Z A path returned 202. Retrying...
2023-08-30T01:15:12.1561287Z A path returned 202. Retrying...
2023-08-30T01:15:12.1561517Z A path returned 202. Retrying...
2023-08-30T01:15:12.1561748Z A path returned 202. Retrying...
2023-08-30T01:15:12.1561982Z A path returned 202. Retrying...
2023-08-30T01:15:12.1562210Z A path returned 202. Retrying...
2023-08-30T01:15:12.1562441Z A path returned 202. Retrying...
2023-08-30T01:15:12.1562672Z A path returned 202. Retrying...
2023-08-30T01:15:12.1562893Z A path returned 202. Retrying...
2023-08-30T01:15:12.1563121Z A path returned 202. Retrying...
2023-08-30T01:15:12.1563349Z A path returned 202. Retrying...
2023-08-30T01:15:12.1563579Z A path returned 202. Retrying...
2023-08-30T01:15:12.1563810Z A path returned 202. Retrying...
2023-08-30T01:15:12.1564042Z A path returned 202. Retrying...
2023-08-30T01:15:12.1564276Z A path returned 202. Retrying...
2023-08-30T01:15:12.1564509Z A path returned 202. Retrying...
2023-08-30T01:15:12.1564731Z A path returned 202. Retrying...
2023-08-30T01:15:12.1565221Z A path returned 202. Retrying...
2023-08-30T01:15:12.1565454Z A path returned 202. Retrying...
2023-08-30T01:15:12.1565683Z A path returned 202. Retrying...
2023-08-30T01:15:12.1565917Z A path returned 202. Retrying...
2023-08-30T01:15:12.1566149Z A path returned 202. Retrying...
2023-08-30T01:15:12.1566383Z A path returned 202. Retrying...
2023-08-30T01:15:12.1566618Z A path returned 202. Retrying...
2023-08-30T01:15:12.1566977Z A path returned 202. Retrying...
2023-08-30T01:15:12.1567209Z A path returned 202. Retrying...
2023-08-30T01:15:12.1567441Z A path returned 202. Retrying...
2023-08-30T01:15:12.1567675Z A path returned 202. Retrying...
2023-08-30T01:15:12.1567910Z A path returned 202. Retrying...
2023-08-30T01:15:12.1568142Z A path returned 202. Retrying...
2023-08-30T01:15:12.1568374Z A path returned 202. Retrying...
2023-08-30T01:15:12.1568600Z A path returned 202. Retrying...
2023-08-30T01:15:12.1568837Z A path returned 202. Retrying...
2023-08-30T01:15:12.1569067Z A path returned 202. Retrying...
2023-08-30T01:15:12.1569299Z A path returned 202. Retrying...
2023-08-30T01:15:12.1569529Z A path returned 202. Retrying...
2023-08-30T01:15:12.1569760Z A path returned 202. Retrying...
2023-08-30T01:15:12.1569994Z A path returned 202. Retrying...
2023-08-30T01:15:12.1570229Z A path returned 202. Retrying...
2023-08-30T01:15:12.1570450Z A path returned 202. Retrying...
2023-08-30T01:15:12.1570684Z A path returned 202. Retrying...
2023-08-30T01:15:12.1570915Z A path returned 202. Retrying...
2023-08-30T01:15:12.1571143Z A path returned 202. Retrying...
2023-08-30T01:15:12.1571373Z A path returned 202. Retrying...
2023-08-30T01:15:12.1571599Z A path returned 202. Retrying...
2023-08-30T01:15:12.1571831Z A path returned 202. Retrying...
2023-08-30T01:15:12.1572062Z A path returned 202. Retrying...
2023-08-30T01:15:12.1572417Z A path returned 202. Retrying...
2023-08-30T01:15:12.1572653Z A path returned 202. Retrying...
2023-08-30T01:15:12.1572886Z A path returned 202. Retrying...
2023-08-30T01:15:12.1573117Z A path returned 202. Retrying...
2023-08-30T01:15:12.1573348Z A path returned 202. Retrying...
2023-08-30T01:15:12.1573574Z A path returned 202. Retrying...
2023-08-30T01:15:12.1573801Z A path returned 202. Retrying...
2023-08-30T01:15:12.1574023Z A path returned 202. Retrying...
2023-08-30T01:15:12.1574256Z A path returned 202. Retrying...
2023-08-30T01:15:12.1574483Z A path returned 202. Retrying...
2023-08-30T01:15:12.1574716Z A path returned 202. Retrying...
2023-08-30T01:15:12.1574944Z A path returned 202. Retrying...
2023-08-30T01:15:12.1575174Z A path returned 202. Retrying...
2023-08-30T01:15:12.1575406Z A path returned 202. Retrying...
2023-08-30T01:15:12.1575639Z A path returned 202. Retrying...
2023-08-30T01:15:12.1575861Z A path returned 202. Retrying...
2023-08-30T01:15:12.1576089Z A path returned 202. Retrying...
2023-08-30T01:15:12.1576326Z A path returned 202. Retrying...
2023-08-30T01:15:12.1576558Z A path returned 202. Retrying...
2023-08-30T01:15:12.1576790Z A path returned 202. Retrying...
2023-08-30T01:15:12.1577020Z A path returned 202. Retrying...
2023-08-30T01:15:12.1577250Z A path returned 202. Retrying...
2023-08-30T01:15:12.1577479Z A path returned 202. Retrying...
2023-08-30T01:15:12.1577700Z A path returned 202. Retrying...
2023-08-30T01:15:12.1577937Z A path returned 202. Retrying...
2023-08-30T01:15:12.1578169Z A path returned 202. Retrying...
2023-08-30T01:15:12.1578405Z A path returned 202. Retrying...
2023-08-30T01:15:12.1578632Z A path returned 202. Retrying...
2023-08-30T01:15:12.1578859Z A path returned 202. Retrying...
2023-08-30T01:15:12.1579088Z A path returned 202. Retrying...
2023-08-30T01:15:12.1579310Z A path returned 202. Retrying...
2023-08-30T01:15:12.1579539Z A path returned 202. Retrying...
2023-08-30T01:15:12.1579764Z A path returned 202. Retrying...
2023-08-30T01:15:12.1579997Z A path returned 202. Retrying...
2023-08-30T01:15:12.1580227Z A path returned 202. Retrying...
2023-08-30T01:15:12.1580459Z A path returned 202. Retrying...
2023-08-30T01:15:12.1580690Z A path returned 202. Retrying...
2023-08-30T01:15:12.1580919Z A path returned 202. Retrying...
2023-08-30T01:15:12.1581141Z A path returned 202. Retrying...
2023-08-30T01:15:12.1581369Z A path returned 202. Retrying...
2023-08-30T01:15:12.1581599Z A path returned 202. Retrying...
2023-08-30T01:15:12.1581828Z A path returned 202. Retrying...
2023-08-30T01:15:12.1582060Z A path returned 202. Retrying...
2023-08-30T01:15:12.1582382Z A path returned 202. Retrying...
2023-08-30T01:15:12.1582613Z A path returned 202. Retrying...
2023-08-30T01:15:12.1582844Z A path returned 202. Retrying...
2023-08-30T01:15:12.1583067Z A path returned 202. Retrying...
2023-08-30T01:15:12.1583296Z A path returned 202. Retrying...
2023-08-30T01:15:12.1583528Z A path returned 202. Retrying...
2023-08-30T01:15:12.1583759Z A path returned 202. Retrying...
2023-08-30T01:15:12.1583993Z A path returned 202. Retrying...
2023-08-30T01:15:12.1584222Z A path returned 202. Retrying...
2023-08-30T01:15:12.1584455Z A path returned 202. Retrying...
2023-08-30T01:15:12.1584677Z A path returned 202. Retrying...
2023-08-30T01:24:00.2596829Z A path returned 202. Retrying...
2023-08-30T01:24:00.2597160Z A path returned 202. Retrying...
2023-08-30T01:24:00.2597412Z A path returned 202. Retrying...
2023-08-30T01:24:00.2597759Z A path returned 202. Retrying...
2023-08-30T01:24:00.2598004Z A path returned 202. Retrying...
2023-08-30T01:24:00.2598260Z A path returned 202. Retrying...
2023-08-30T01:24:00.2598499Z A path returned 202. Retrying...
2023-08-30T01:24:00.2598738Z A path returned 202. Retrying...
2023-08-30T01:24:00.2598965Z A path returned 202. Retrying...
2023-08-30T01:24:00.2599195Z A path returned 202. Retrying...
2023-08-30T01:24:00.2599427Z A path returned 202. Retrying...
2023-08-30T01:24:00.2599665Z A path returned 202. Retrying...
2023-08-30T01:24:00.2600272Z A path returned 202. Retrying...
2023-08-30T01:24:00.2600512Z A path returned 202. Retrying...
2023-08-30T01:24:00.2600747Z A path returned 202. Retrying...
2023-08-30T01:24:00.2600983Z A path returned 202. Retrying...
2023-08-30T01:24:00.2601215Z A path returned 202. Retrying...
2023-08-30T01:24:00.2601449Z A path returned 202. Retrying...
2023-08-30T01:24:00.2601684Z A path returned 202. Retrying...
2023-08-30T01:24:00.2601914Z A path returned 202. Retrying...
2023-08-30T01:24:00.2602146Z A path returned 202. Retrying...
2023-08-30T01:24:00.2602379Z A path returned 202. Retrying...
2023-08-30T01:24:00.2602622Z A path returned 202. Retrying...
2023-08-30T01:24:00.2602844Z A path returned 202. Retrying...
2023-08-30T01:24:00.2603077Z A path returned 202. Retrying...
2023-08-30T01:24:00.2603305Z A path returned 202. Retrying...
2023-08-30T01:24:00.2603539Z A path returned 202. Retrying...
2023-08-30T01:24:00.2603772Z A path returned 202. Retrying...
2023-08-30T01:24:00.2604004Z A path returned 202. Retrying...
2023-08-30T01:24:00.2604239Z A path returned 202. Retrying...
2023-08-30T01:24:00.2604477Z A path returned 202. Retrying...
2023-08-30T01:24:00.2604702Z A path returned 202. Retrying...
2023-08-30T01:24:00.2605257Z A path returned 202. Retrying...
2023-08-30T01:24:00.2605490Z A path returned 202. Retrying...
2023-08-30T01:24:00.2605720Z A path returned 202. Retrying...
2023-08-30T01:24:00.2605953Z A path returned 202. Retrying...
2023-08-30T01:24:00.2606185Z A path returned 202. Retrying...
2023-08-30T01:24:00.2606416Z A path returned 202. Retrying...
2023-08-30T01:24:00.2606657Z A path returned 202. Retrying...
2023-08-30T01:24:00.2606883Z A path returned 202. Retrying...
2023-08-30T01:24:00.2607111Z A path returned 202. Retrying...
2023-08-30T01:24:00.2607343Z A path returned 202. Retrying...
2023-08-30T01:24:00.2607575Z A path returned 202. Retrying...
2023-08-30T01:24:00.2607807Z A path returned 202. Retrying...
2023-08-30T01:24:00.2608039Z A path returned 202. Retrying...
2023-08-30T01:24:00.2608271Z A path returned 202. Retrying...
2023-08-30T01:24:00.2608499Z A path returned 202. Retrying...
2023-08-30T01:24:00.2608730Z A path returned 202. Retrying...
2023-08-30T01:24:00.2608958Z A path returned 202. Retrying...
2023-08-30T01:24:00.2609191Z A path returned 202. Retrying...
2023-08-30T01:24:00.2609421Z A path returned 202. Retrying...
2023-08-30T01:24:00.2609648Z A path returned 202. Retrying...
2023-08-30T01:24:00.2609876Z A path returned 202. Retrying...
2023-08-30T01:24:00.2610104Z A path returned 202. Retrying...
2023-08-30T01:24:00.2610330Z A path returned 202. Retrying...
2023-08-30T01:24:00.2610749Z A path returned 202. Retrying...
2023-08-30T01:24:00.2610986Z A path returned 202. Retrying...
2023-08-30T01:24:00.2611221Z A path returned 202. Retrying...
2023-08-30T01:24:00.2611457Z A path returned 202. Retrying...
2023-08-30T01:24:00.2611692Z A path returned 202. Retrying...
2023-08-30T01:24:00.2611922Z A path returned 202. Retrying...
2023-08-30T01:24:00.2612154Z A path returned 202. Retrying...
2023-08-30T01:24:00.2612382Z A path returned 202. Retrying...
2023-08-30T01:24:00.2612610Z A path returned 202. Retrying...
2023-08-30T01:24:00.2612840Z A path returned 202. Retrying...
2023-08-30T01:24:00.2613069Z A path returned 202. Retrying...
2023-08-30T01:24:00.2613312Z A path returned 202. Retrying...
2023-08-30T01:24:00.2613547Z A path returned 202. Retrying...
2023-08-30T01:24:00.2613786Z A path returned 202. Retrying...
2023-08-30T01:24:00.2614011Z A path returned 202. Retrying...
2023-08-30T01:24:00.2614252Z A path returned 202. Retrying...
2023-08-30T01:24:00.2614501Z A path returned 202. Retrying...
2023-08-30T01:24:00.2614736Z A path returned 202. Retrying...
2023-08-30T01:24:00.2614973Z A path returned 202. Retrying...
2023-08-30T01:24:00.2615214Z A path returned 202. Retrying...
2023-08-30T01:24:00.2615449Z A path returned 202. Retrying...
2023-08-30T01:24:00.2615686Z A path returned 202. Retrying...
2023-08-30T01:24:00.2615916Z A path returned 202. Retrying...
2023-08-30T01:24:00.2616156Z A path returned 202. Retrying...
2023-08-30T01:24:00.2616499Z A path returned 202. Retrying...
2023-08-30T01:24:00.2616736Z A path returned 202. Retrying...
2023-08-30T01:24:00.2616967Z A path returned 202. Retrying...
2023-08-30T01:24:00.2617200Z A path returned 202. Retrying...
2023-08-30T01:24:00.2617428Z A path returned 202. Retrying...
2023-08-30T01:24:00.2617660Z A path returned 202. Retrying...
2023-08-30T01:24:00.2617886Z A path returned 202. Retrying...
2023-08-30T01:24:00.2618121Z A path returned 202. Retrying...
2023-08-30T01:24:00.2618354Z A path returned 202. Retrying...
2023-08-30T01:24:00.2618592Z A path returned 202. Retrying...
2023-08-30T01:24:00.2618822Z A path returned 202. Retrying...
2023-08-30T01:24:00.2619049Z A path returned 202. Retrying...
2023-08-30T01:24:00.2619281Z A path returned 202. Retrying...
2023-08-30T01:24:00.2619509Z A path returned 202. Retrying...
2023-08-30T01:24:00.2619743Z A path returned 202. Retrying...
2023-08-30T01:24:00.2619982Z A path returned 202. Retrying...
2023-08-30T01:24:00.2620225Z A path returned 202. Retrying...
2023-08-30T01:24:00.2620457Z A path returned 202. Retrying...
2023-08-30T01:24:00.2620697Z A path returned 202. Retrying...
2023-08-30T01:24:00.2620927Z A path returned 202. Retrying...
2023-08-30T01:24:00.2621155Z A path returned 202. Retrying...
2023-08-30T01:24:00.2621379Z A path returned 202. Retrying...
2023-08-30T01:24:00.2621609Z A path returned 202. Retrying...
2023-08-30T01:24:00.2621838Z A path returned 202. Retrying...
2023-08-30T01:24:00.2622074Z A path returned 202. Retrying...
2023-08-30T01:24:00.2622312Z A path returned 202. Retrying...
2023-08-30T01:24:00.2622548Z A path returned 202. Retrying...
2023-08-30T01:24:00.2622787Z A path returned 202. Retrying...
2023-08-30T01:24:00.2623024Z A path returned 202. Retrying...
2023-08-30T01:24:00.2623248Z A path returned 202. Retrying...
2023-08-30T01:24:00.2623479Z A path returned 202. Retrying...
2023-08-30T01:24:00.2623718Z A path returned 202. Retrying...
2023-08-30T01:24:00.2623953Z A path returned 202. Retrying...
2023-08-30T01:24:00.2624192Z A path returned 202. Retrying...
2023-08-30T01:24:00.2624421Z A path returned 202. Retrying...
2023-08-30T01:24:00.2624651Z A path returned 202. Retrying...
2023-08-30T01:24:00.2624881Z A path returned 202. Retrying...
2023-08-30T01:24:00.2625102Z A path returned 202. Retrying...
2023-08-30T01:24:00.2625339Z A path returned 202. Retrying...
2023-08-30T01:24:00.2625572Z A path returned 202. Retrying...
2023-08-30T01:24:00.2625811Z A path returned 202. Retrying...
2023-08-30T01:24:00.2626041Z A path returned 202. Retrying...
2023-08-30T01:24:00.2626395Z A path returned 202. Retrying...
2023-08-30T01:24:00.2626627Z A path returned 202. Retrying...
2023-08-30T01:24:00.2626848Z A path returned 202. Retrying...
2023-08-30T01:24:00.2627077Z A path returned 202. Retrying...
2023-08-30T01:24:00.2627313Z A path returned 202. Retrying...
2023-08-30T01:24:00.2627548Z A path returned 202. Retrying...
2023-08-30T01:24:00.2627783Z A path returned 202. Retrying...
2023-08-30T01:24:00.2628016Z A path returned 202. Retrying...
2023-08-30T01:24:00.2628246Z A path returned 202. Retrying...
2023-08-30T01:24:00.2628476Z A path returned 202. Retrying...
2023-08-30T01:24:00.2628702Z A path returned 202. Retrying...
2023-08-30T01:24:00.2628935Z A path returned 202. Retrying...
2023-08-30T01:24:00.2629163Z A path returned 202. Retrying...
2023-08-30T01:24:00.2629394Z A path returned 202. Retrying...
2023-08-30T01:24:00.2629629Z A path returned 202. Retrying...
2023-08-30T01:24:00.2629866Z A path returned 202. Retrying...
2023-08-30T01:24:00.2630102Z A path returned 202. Retrying...
2023-08-30T01:24:00.2630330Z A path returned 202. Retrying...
2023-08-30T01:24:00.2630558Z A path returned 202. Retrying...
2023-08-30T01:24:00.2630787Z A path returned 202. Retrying...
2023-08-30T01:24:00.2631016Z A path returned 202. Retrying...
2023-08-30T01:24:00.2631244Z A path returned 202. Retrying...
2023-08-30T01:24:00.2631473Z A path returned 202. Retrying...
2023-08-30T01:24:00.2631703Z A path returned 202. Retrying...
2023-08-30T01:24:00.2632076Z A path returned 202. Retrying...
2023-08-30T01:24:00.2632301Z A path returned 202. Retrying...
2023-08-30T01:24:00.2632531Z A path returned 202. Retrying...
2023-08-30T01:24:00.2632762Z A path returned 202. Retrying...
2023-08-30T01:24:00.2632992Z A path returned 202. Retrying...
2023-08-30T01:24:00.2633224Z A path returned 202. Retrying...
2023-08-30T01:24:00.2633456Z A path returned 202. Retrying...
2023-08-30T01:24:00.2633688Z A path returned 202. Retrying...
2023-08-30T01:24:00.2633920Z A path returned 202. Retrying...
2023-08-30T01:24:00.2634149Z A path returned 202. Retrying...
2023-08-30T01:24:00.2634376Z A path returned 202. Retrying...
2023-08-30T01:24:00.2634606Z A path returned 202. Retrying...
2023-08-30T01:24:00.2634837Z A path returned 202. Retrying...
2023-08-30T01:24:00.2635068Z A path returned 202. Retrying...
2023-08-30T01:24:00.2635295Z A path returned 202. Retrying...
2023-08-30T01:24:00.2635528Z A path returned 202. Retrying...
2023-08-30T01:24:00.2635763Z A path returned 202. Retrying...
2023-08-30T01:24:00.2635990Z A path returned 202. Retrying...
2023-08-30T01:24:00.2636225Z A path returned 202. Retrying...
2023-08-30T01:24:00.2636463Z A path returned 202. Retrying...
2023-08-30T01:24:00.2636696Z A path returned 202. Retrying...
2023-08-30T01:24:00.2636926Z A path returned 202. Retrying...
2023-08-30T01:24:00.2637162Z A path returned 202. Retrying...
2023-08-30T01:24:00.2637390Z A path returned 202. Retrying...
2023-08-30T01:24:00.2637611Z A path returned 202. Retrying...
2023-08-30T01:24:00.2637845Z A path returned 202. Retrying...
2023-08-30T01:24:00.2638072Z A path returned 202. Retrying...
2023-08-30T01:24:00.2638449Z A path returned 202. Retrying...
2023-08-30T01:24:00.2638797Z A path returned 202. Retrying...
2023-08-30T01:24:00.2639110Z A path returned 202. Retrying...
2023-08-30T01:24:00.2639380Z A path returned 202. Retrying...
2023-08-30T01:24:00.2639850Z A path returned 202. Retrying...
2023-08-30T01:24:00.2640176Z A path returned 202. Retrying...
2023-08-30T01:24:00.2640489Z A path returned 202. Retrying...
2023-08-30T01:24:00.2640806Z A path returned 202. Retrying...
2023-08-30T01:24:00.2641148Z A path returned 202. Retrying...
2023-08-30T01:24:00.2641471Z A path returned 202. Retrying...
2023-08-30T01:24:00.2641778Z A path returned 202. Retrying...
2023-08-30T01:24:00.2642044Z A path returned 202. Retrying...
2023-08-30T01:24:00.2642379Z A path returned 202. Retrying...
2023-08-30T01:24:00.2642697Z A path returned 202. Retrying...
2023-08-30T01:24:00.2643008Z A path returned 202. Retrying...
2023-08-30T01:24:00.2643422Z A path returned 202. Retrying...
2023-08-30T01:24:00.2643769Z A path returned 202. Retrying...
2023-08-30T01:24:00.2644076Z A path returned 202. Retrying...
2023-08-30T01:24:00.2644344Z A path returned 202. Retrying...
2023-08-30T01:24:00.2644652Z A path returned 202. Retrying...
2023-08-30T01:24:00.2645108Z A path returned 202. Retrying...
2023-08-30T01:24:00.2645462Z A path returned 202. Retrying...
2023-08-30T01:24:00.2645775Z A path returned 202. Retrying...
2023-08-30T01:24:00.2659879Z A path returned 202. Retrying...
2023-08-30T01:24:00.2660178Z A path returned 202. Retrying...
2023-08-30T01:24:00.2660439Z A path returned 202. Retrying...
2023-08-30T01:24:00.2660687Z A path returned 202. Retrying...
2023-08-30T01:24:00.2660933Z A path returned 202. Retrying...
2023-08-30T01:24:00.2661174Z A path returned 202. Retrying...
2023-08-30T01:24:00.2661411Z A path returned 202. Retrying...
2023-08-30T01:24:00.2661646Z A path returned 202. Retrying...
2023-08-30T01:24:00.2661887Z A path returned 202. Retrying...
2023-08-30T01:24:00.2662120Z A path returned 202. Retrying...
2023-08-30T01:24:00.2662356Z A path returned 202. Retrying...
2023-08-30T01:24:00.2662590Z A path returned 202. Retrying...
2023-08-30T01:24:00.2662823Z A path returned 202. Retrying...
2023-08-30T01:24:00.2663050Z A path returned 202. Retrying...
2023-08-30T01:24:00.2663278Z A path returned 202. Retrying...
2023-08-30T01:24:00.2663500Z A path returned 202. Retrying...
2023-08-30T01:24:00.2663955Z A path returned 202. Retrying...
2023-08-30T01:24:00.2664191Z A path returned 202. Retrying...
2023-08-30T01:24:00.2664423Z A path returned 202. Retrying...
2023-08-30T01:24:00.2664655Z A path returned 202. Retrying...
2023-08-30T01:24:00.2664888Z A path returned 202. Retrying...
2023-08-30T01:24:00.2665121Z A path returned 202. Retrying...
2023-08-30T01:24:00.2665357Z A path returned 202. Retrying...
2023-08-30T01:24:00.2665584Z A path returned 202. Retrying...
2023-08-30T01:24:00.2665816Z A path returned 202. Retrying...
2023-08-30T01:24:00.2666110Z A path returned 202. Retrying...
2023-08-30T01:24:00.2666345Z A path returned 202. Retrying...
2023-08-30T01:24:00.2666576Z A path returned 202. Retrying...
2023-08-30T01:24:00.2666811Z A path returned 202. Retrying...
2023-08-30T01:24:00.2667040Z A path returned 202. Retrying...
2023-08-30T01:24:00.2667269Z A path returned 202. Retrying...
2023-08-30T01:24:00.2667494Z A path returned 202. Retrying...
2023-08-30T01:24:00.2667732Z A path returned 202. Retrying...
2023-08-30T01:24:00.2667969Z A path returned 202. Retrying...
2023-08-30T01:24:00.2668201Z A path returned 202. Retrying...
2023-08-30T01:24:00.2668435Z A path returned 202. Retrying...
2023-08-30T01:24:00.2668668Z A path returned 202. Retrying...
2023-08-30T01:24:00.2668900Z A path returned 202. Retrying...
2023-08-30T01:24:00.2669122Z A path returned 202. Retrying...
2023-08-30T01:24:00.2669359Z A path returned 202. Retrying...
2023-08-30T01:24:00.2669593Z A path returned 202. Retrying...
2023-08-30T01:24:00.2669829Z A path returned 202. Retrying...
2023-08-30T01:24:00.2670058Z A path returned 202. Retrying...
2023-08-30T01:24:00.2670287Z A path returned 202. Retrying...
2023-08-30T01:24:00.2670517Z A path returned 202. Retrying...
2023-08-30T01:24:00.2670746Z A path returned 202. Retrying...
2023-08-30T01:24:00.2670969Z A path returned 202. Retrying...
2023-08-30T01:24:00.2671195Z A path returned 202. Retrying...
2023-08-30T01:24:00.2671423Z A path returned 202. Retrying...
2023-08-30T01:24:00.2671656Z A path returned 202. Retrying...
2023-08-30T01:24:00.2671889Z A path returned 202. Retrying...
2023-08-30T01:24:00.2672120Z A path returned 202. Retrying...
2023-08-30T01:24:00.2672348Z A path returned 202. Retrying...
2023-08-30T01:32:45.5224283Z A path returned 202. Retrying...
2023-08-30T01:32:45.5224604Z A path returned 202. Retrying...
2023-08-30T01:32:45.5224848Z A path returned 202. Retrying...
2023-08-30T01:32:45.5225092Z A path returned 202. Retrying...
2023-08-30T01:32:45.5225336Z A path returned 202. Retrying...
2023-08-30T01:32:45.5230442Z A path returned 202. Retrying...
2023-08-30T01:32:45.5230682Z A path returned 202. Retrying...
2023-08-30T01:32:45.5230926Z A path returned 202. Retrying...
2023-08-30T01:32:45.5231168Z A path returned 202. Retrying...
2023-08-30T01:32:45.5231397Z A path returned 202. Retrying...
2023-08-30T01:32:45.5231641Z A path returned 202. Retrying...
2023-08-30T01:32:45.5231876Z A path returned 202. Retrying...
2023-08-30T01:32:45.5232221Z A path returned 202. Retrying...
2023-08-30T01:32:45.5232454Z A path returned 202. Retrying...
2023-08-30T01:32:45.5232679Z A path returned 202. Retrying...
2023-08-30T01:32:45.5232912Z A path returned 202. Retrying...
2023-08-30T01:32:45.5233146Z A path returned 202. Retrying...
2023-08-30T01:32:45.5233380Z A path returned 202. Retrying...
2023-08-30T01:32:45.5233612Z A path returned 202. Retrying...
2023-08-30T01:32:45.5233847Z A path returned 202. Retrying...
2023-08-30T01:32:45.5234085Z A path returned 202. Retrying...
2023-08-30T01:32:45.5234319Z A path returned 202. Retrying...
2023-08-30T01:32:45.5234555Z A path returned 202. Retrying...
2023-08-30T01:32:45.5234785Z A path returned 202. Retrying...
2023-08-30T01:32:45.5235019Z A path returned 202. Retrying...
2023-08-30T01:32:45.5235255Z A path returned 202. Retrying...
2023-08-30T01:32:45.5235488Z A path returned 202. Retrying...
2023-08-30T01:32:45.5235721Z A path returned 202. Retrying...
2023-08-30T01:32:45.5235956Z A path returned 202. Retrying...
2023-08-30T01:32:45.5236332Z A path returned 202. Retrying...
2023-08-30T01:32:45.5236567Z A path returned 202. Retrying...
2023-08-30T01:32:45.5236802Z A path returned 202. Retrying...
2023-08-30T01:32:45.5237033Z A path returned 202. Retrying...
2023-08-30T01:32:45.5237267Z A path returned 202. Retrying...
2023-08-30T01:32:45.5237502Z A path returned 202. Retrying...
2023-08-30T01:32:45.5237736Z A path returned 202. Retrying...
2023-08-30T01:32:45.5237971Z A path returned 202. Retrying...
2023-08-30T01:32:45.5238202Z A path returned 202. Retrying...
2023-08-30T01:32:45.5238441Z A path returned 202. Retrying...
2023-08-30T01:32:45.5238677Z A path returned 202. Retrying...
2023-08-30T01:32:45.5238912Z A path returned 202. Retrying...
2023-08-30T01:32:45.5239144Z A path returned 202. Retrying...
2023-08-30T01:32:45.5239379Z A path returned 202. Retrying...
2023-08-30T01:32:45.5239612Z A path returned 202. Retrying...
2023-08-30T01:32:45.5239838Z A path returned 202. Retrying...
2023-08-30T01:32:45.5240084Z A path returned 202. Retrying...
2023-08-30T01:32:45.5240314Z A path returned 202. Retrying...
2023-08-30T01:32:45.5240545Z A path returned 202. Retrying...
2023-08-30T01:32:45.5240772Z A path returned 202. Retrying...
2023-08-30T01:32:45.5241006Z A path returned 202. Retrying...
2023-08-30T01:32:45.5241239Z A path returned 202. Retrying...
2023-08-30T01:32:45.5241472Z A path returned 202. Retrying...
2023-08-30T01:32:45.5241696Z A path returned 202. Retrying...
2023-08-30T01:32:45.5241924Z A path returned 202. Retrying...
2023-08-30T01:32:45.5242160Z A path returned 202. Retrying...
2023-08-30T01:32:45.5242391Z A path returned 202. Retrying...
2023-08-30T01:32:45.5242628Z A path returned 202. Retrying...
2023-08-30T01:32:45.5242864Z A path returned 202. Retrying...
2023-08-30T01:32:45.5243099Z A path returned 202. Retrying...
2023-08-30T01:32:45.5243328Z A path returned 202. Retrying...
2023-08-30T01:32:45.5243553Z A path returned 202. Retrying...
2023-08-30T01:32:45.5243782Z A path returned 202. Retrying...
2023-08-30T01:32:45.5244019Z A path returned 202. Retrying...
2023-08-30T01:32:45.5244252Z A path returned 202. Retrying...
2023-08-30T01:32:45.5244485Z A path returned 202. Retrying...
2023-08-30T01:32:45.5244723Z A path returned 202. Retrying...
2023-08-30T01:32:45.5245209Z A path returned 202. Retrying...
2023-08-30T01:32:45.5245431Z A path returned 202. Retrying...
2023-08-30T01:32:45.5245669Z A path returned 202. Retrying...
2023-08-30T01:32:45.5245902Z A path returned 202. Retrying...
2023-08-30T01:32:45.5246137Z A path returned 202. Retrying...
2023-08-30T01:32:45.5246495Z A path returned 202. Retrying...
2023-08-30T01:32:45.5246725Z A path returned 202. Retrying...
2023-08-30T01:32:45.5246955Z A path returned 202. Retrying...
2023-08-30T01:32:45.5247185Z A path returned 202. Retrying...
2023-08-30T01:32:45.5247409Z A path returned 202. Retrying...
2023-08-30T01:32:45.5247637Z A path returned 202. Retrying...
2023-08-30T01:32:45.5247874Z A path returned 202. Retrying...
2023-08-30T01:32:45.5248110Z A path returned 202. Retrying...
2023-08-30T01:32:45.5248347Z A path returned 202. Retrying...
2023-08-30T01:32:45.5248577Z A path returned 202. Retrying...
2023-08-30T01:32:45.5248811Z A path returned 202. Retrying...
2023-08-30T01:32:45.5249042Z A path returned 202. Retrying...
2023-08-30T01:32:45.5249265Z A path returned 202. Retrying...
2023-08-30T01:32:45.5249497Z A path returned 202. Retrying...
2023-08-30T01:32:45.5249734Z A path returned 202. Retrying...
2023-08-30T01:32:45.5249970Z A path returned 202. Retrying...
2023-08-30T01:32:45.5250204Z A path returned 202. Retrying...
2023-08-30T01:32:45.5250440Z A path returned 202. Retrying...
2023-08-30T01:32:45.5250674Z A path returned 202. Retrying...
2023-08-30T01:32:45.5250896Z A path returned 202. Retrying...
2023-08-30T01:32:45.5251127Z A path returned 202. Retrying...
2023-08-30T01:32:45.5251360Z A path returned 202. Retrying...
2023-08-30T01:32:45.5251597Z A path returned 202. Retrying...
2023-08-30T01:32:45.5251829Z A path returned 202. Retrying...
2023-08-30T01:32:45.5252165Z A path returned 202. Retrying...
2023-08-30T01:32:45.5252399Z A path returned 202. Retrying...
2023-08-30T01:32:45.5252629Z A path returned 202. Retrying...
2023-08-30T01:32:45.5252847Z A path returned 202. Retrying...
2023-08-30T01:32:45.5253074Z A path returned 202. Retrying...
2023-08-30T01:32:45.5253304Z A path returned 202. Retrying...
2023-08-30T01:32:45.5253535Z A path returned 202. Retrying...
2023-08-30T01:32:45.5253770Z A path returned 202. Retrying...
2023-08-30T01:32:45.5254006Z A path returned 202. Retrying...
2023-08-30T01:32:45.5254240Z A path returned 202. Retrying...
2023-08-30T01:32:45.5254475Z A path returned 202. Retrying...
2023-08-30T01:32:45.5254699Z A path returned 202. Retrying...
2023-08-30T01:32:45.5254929Z A path returned 202. Retrying...
2023-08-30T01:32:45.5255164Z A path returned 202. Retrying...
2023-08-30T01:32:45.5255395Z A path returned 202. Retrying...
2023-08-30T01:32:45.5255629Z A path returned 202. Retrying...
2023-08-30T01:32:45.5255869Z A path returned 202. Retrying...
2023-08-30T01:32:45.5256106Z A path returned 202. Retrying...
2023-08-30T01:32:45.5256325Z A path returned 202. Retrying...
2023-08-30T01:32:45.5256564Z A path returned 202. Retrying...
2023-08-30T01:32:45.5256794Z A path returned 202. Retrying...
2023-08-30T01:32:45.5257025Z A path returned 202. Retrying...
2023-08-30T01:32:45.5257256Z A path returned 202. Retrying...
2023-08-30T01:32:45.5257489Z A path returned 202. Retrying...
2023-08-30T01:32:45.5257723Z A path returned 202. Retrying...
2023-08-30T01:32:45.5257953Z A path returned 202. Retrying...
2023-08-30T01:32:45.5258180Z A path returned 202. Retrying...
2023-08-30T01:32:45.5258411Z A path returned 202. Retrying...
2023-08-30T01:32:45.5258644Z A path returned 202. Retrying...
2023-08-30T01:32:45.5258876Z A path returned 202. Retrying...
2023-08-30T01:32:45.5259109Z A path returned 202. Retrying...
2023-08-30T01:32:45.5259336Z A path returned 202. Retrying...
2023-08-30T01:32:45.5259565Z A path returned 202. Retrying...
2023-08-30T01:32:45.5259799Z A path returned 202. Retrying...
2023-08-30T01:32:45.5260020Z A path returned 202. Retrying...
2023-08-30T01:32:45.5260252Z A path returned 202. Retrying...
2023-08-30T01:32:45.5260485Z A path returned 202. Retrying...
2023-08-30T01:32:45.5260717Z A path returned 202. Retrying...
2023-08-30T01:32:45.5260945Z A path returned 202. Retrying...
2023-08-30T01:32:45.5261175Z A path returned 202. Retrying...
2023-08-30T01:32:45.5261406Z A path returned 202. Retrying...
2023-08-30T01:32:45.5261629Z A path returned 202. Retrying...
2023-08-30T01:32:45.5261949Z A path returned 202. Retrying...
2023-08-30T01:32:45.5262178Z A path returned 202. Retrying...
2023-08-30T01:32:45.5262408Z A path returned 202. Retrying...
2023-08-30T01:32:45.5262636Z A path returned 202. Retrying...
2023-08-30T01:32:45.5262867Z A path returned 202. Retrying...
2023-08-30T01:32:45.5263099Z A path returned 202. Retrying...
2023-08-30T01:32:45.5263331Z A path returned 202. Retrying...
2023-08-30T01:32:45.5263556Z A path returned 202. Retrying...
2023-08-30T01:32:45.5263790Z A path returned 202. Retrying...
2023-08-30T01:32:45.5264023Z A path returned 202. Retrying...
2023-08-30T01:32:45.5264255Z A path returned 202. Retrying...
2023-08-30T01:32:45.5264491Z A path returned 202. Retrying...
2023-08-30T01:32:45.5264726Z A path returned 202. Retrying...
2023-08-30T01:32:45.5264966Z A path returned 202. Retrying...
2023-08-30T01:32:45.5265200Z A path returned 202. Retrying...
2023-08-30T01:32:45.5265422Z A path returned 202. Retrying...
2023-08-30T01:32:45.5265655Z A path returned 202. Retrying...
2023-08-30T01:32:45.5265892Z A path returned 202. Retrying...
2023-08-30T01:32:45.5266124Z A path returned 202. Retrying...
2023-08-30T01:32:45.5266356Z A path returned 202. Retrying...
2023-08-30T01:32:45.5266586Z A path returned 202. Retrying...
2023-08-30T01:32:45.5266820Z A path returned 202. Retrying...
2023-08-30T01:32:45.5267043Z A path returned 202. Retrying...
2023-08-30T01:32:45.5267276Z A path returned 202. Retrying...
2023-08-30T01:32:45.5267595Z A path returned 202. Retrying...
2023-08-30T01:32:45.5267831Z A path returned 202. Retrying...
2023-08-30T01:32:45.5268065Z A path returned 202. Retrying...
2023-08-30T01:32:45.5268295Z A path returned 202. Retrying...
2023-08-30T01:32:45.5268524Z A path returned 202. Retrying...
2023-08-30T01:32:45.5268751Z A path returned 202. Retrying...
2023-08-30T01:32:45.5268973Z A path returned 202. Retrying...
2023-08-30T01:32:45.5269205Z A path returned 202. Retrying...
2023-08-30T01:32:45.5269435Z A path returned 202. Retrying...
2023-08-30T01:32:45.5269669Z A path returned 202. Retrying...
2023-08-30T01:32:45.5269897Z A path returned 202. Retrying...
2023-08-30T01:32:45.5270126Z A path returned 202. Retrying...
2023-08-30T01:32:45.5270361Z A path returned 202. Retrying...
2023-08-30T01:32:45.5270595Z A path returned 202. Retrying...
2023-08-30T01:32:45.5270822Z A path returned 202. Retrying...
2023-08-30T01:32:45.5271054Z A path returned 202. Retrying...
2023-08-30T01:32:45.5271289Z A path returned 202. Retrying...
2023-08-30T01:32:45.5271522Z A path returned 202. Retrying...
2023-08-30T01:32:45.5271754Z A path returned 202. Retrying...
2023-08-30T01:32:45.5271985Z A path returned 202. Retrying...
2023-08-30T01:32:45.5272221Z A path returned 202. Retrying...
2023-08-30T01:32:45.5272444Z A path returned 202. Retrying...
2023-08-30T01:32:45.5272676Z A path returned 202. Retrying...
2023-08-30T01:32:45.5272910Z A path returned 202. Retrying...
2023-08-30T01:32:45.5273143Z A path returned 202. Retrying...
2023-08-30T01:32:45.5273378Z A path returned 202. Retrying...
2023-08-30T01:32:45.5273618Z A path returned 202. Retrying...
2023-08-30T01:32:45.5273852Z A path returned 202. Retrying...
2023-08-30T01:32:45.5274082Z A path returned 202. Retrying...
2023-08-30T01:32:45.5274304Z A path returned 202. Retrying...
2023-08-30T01:32:45.5274539Z A path returned 202. Retrying...
2023-08-30T01:32:45.5274770Z A path returned 202. Retrying...
2023-08-30T01:32:45.5275001Z A path returned 202. Retrying...
2023-08-30T01:32:45.5275237Z A path returned 202. Retrying...
2023-08-30T01:32:45.5275467Z A path returned 202. Retrying...
2023-08-30T01:32:45.5275698Z A path returned 202. Retrying...
2023-08-30T01:32:45.5275933Z A path returned 202. Retrying...
2023-08-30T01:32:45.5276155Z A path returned 202. Retrying...
2023-08-30T01:32:45.5276386Z A path returned 202. Retrying...
2023-08-30T01:32:45.5276621Z A path returned 202. Retrying...
2023-08-30T01:32:45.5276855Z A path returned 202. Retrying...
2023-08-30T01:32:45.5277089Z A path returned 202. Retrying...
2023-08-30T01:32:45.5277451Z A path returned 202. Retrying...
2023-08-30T01:32:45.5277686Z A path returned 202. Retrying...
2023-08-30T01:32:45.5277918Z A path returned 202. Retrying...
2023-08-30T01:32:45.5278143Z A path returned 202. Retrying...
2023-08-30T01:32:45.5278377Z A path returned 202. Retrying...
2023-08-30T01:32:45.5278612Z A path returned 202. Retrying...
2023-08-30T01:32:45.5278844Z A path returned 202. Retrying...
2023-08-30T01:32:45.5279080Z A path returned 202. Retrying...
2023-08-30T01:32:45.5279316Z A path returned 202. Retrying...
2023-08-30T01:32:45.5279552Z A path returned 202. Retrying...
2023-08-30T01:32:45.5279778Z A path returned 202. Retrying...
2023-08-30T01:32:45.5280010Z A path returned 202. Retrying...
2023-08-30T01:32:45.5280244Z A path returned 202. Retrying...
2023-08-30T01:32:45.5280475Z A path returned 202. Retrying...
2023-08-30T01:32:45.5280717Z A path returned 202. Retrying...
2023-08-30T01:32:45.5280949Z A path returned 202. Retrying...
2023-08-30T01:32:45.5281180Z A path returned 202. Retrying...
2023-08-30T01:32:45.5281418Z A path returned 202. Retrying...
2023-08-30T01:32:45.5281644Z A path returned 202. Retrying...
2023-08-30T01:32:45.5281872Z A path returned 202. Retrying...
2023-08-30T01:32:45.5282106Z A path returned 202. Retrying...
2023-08-30T01:32:45.5282341Z A path returned 202. Retrying...
2023-08-30T01:32:45.5282574Z A path returned 202. Retrying...
2023-08-30T01:32:45.5282806Z A path returned 202. Retrying...
2023-08-30T01:32:45.5283126Z A path returned 202. Retrying...
2023-08-30T01:32:45.5283362Z A path returned 202. Retrying...
2023-08-30T01:32:45.5283588Z A path returned 202. Retrying...
2023-08-30T01:32:45.5283819Z A path returned 202. Retrying...
2023-08-30T01:32:45.5284054Z A path returned 202. Retrying...
2023-08-30T01:32:45.5284285Z A path returned 202. Retrying...
2023-08-30T01:32:45.5284519Z A path returned 202. Retrying...
2023-08-30T01:32:45.5284752Z A path returned 202. Retrying...
2023-08-30T01:32:45.5285101Z A path returned 202. Retrying...
2023-08-30T01:32:45.5285332Z A path returned 202. Retrying...
2023-08-30T01:32:45.5285569Z A path returned 202. Retrying...
2023-08-30T01:32:45.5285799Z A path returned 202. Retrying...
2023-08-30T01:32:45.5286030Z A path returned 202. Retrying...
2023-08-30T01:32:45.5286263Z A path returned 202. Retrying...
2023-08-30T01:32:45.5286499Z A path returned 202. Retrying...
2023-08-30T01:32:45.5286729Z A path returned 202. Retrying...
2023-08-30T01:32:45.5286966Z A path returned 202. Retrying...
2023-08-30T01:32:45.5287192Z A path returned 202. Retrying...
2023-08-30T01:32:45.5287429Z A path returned 202. Retrying...
2023-08-30T01:32:45.5287661Z A path returned 202. Retrying...
2023-08-30T01:32:45.5287893Z A path returned 202. Retrying...
2023-08-30T01:35:09.8628872Z A path returned 202. Retrying...
2023-08-30T01:35:09.8633508Z A path returned 202. Retrying...
2023-08-30T01:35:09.8634008Z A path returned 202. Retrying...
2023-08-30T01:35:09.8634498Z A path returned 202. Retrying...
2023-08-30T01:35:09.8683580Z A path returned 202. Retrying...
2023-08-30T01:35:09.8683856Z A path returned 202. Retrying...
2023-08-30T01:35:09.8684099Z A path returned 202. Retrying...
2023-08-30T01:35:09.8684332Z A path returned 202. Retrying...
2023-08-30T01:35:09.8684579Z A path returned 202. Retrying...
2023-08-30T01:35:09.8684979Z A path returned 202. Retrying...
2023-08-30T01:35:09.8685217Z A path returned 202. Retrying...
2023-08-30T01:35:09.8685453Z A path returned 202. Retrying...
2023-08-30T01:35:09.8685700Z A path returned 202. Retrying...
2023-08-30T01:35:09.8685933Z A path returned 202. Retrying...
2023-08-30T01:35:09.8686171Z A path returned 202. Retrying...
2023-08-30T01:35:09.8686398Z A path returned 202. Retrying...
2023-08-30T01:35:09.8686626Z A path returned 202. Retrying...
2023-08-30T01:35:09.8686862Z A path returned 202. Retrying...
2023-08-30T01:35:09.8687097Z A path returned 202. Retrying...
2023-08-30T01:35:09.8687334Z A path returned 202. Retrying...
2023-08-30T01:35:09.8687566Z A path returned 202. Retrying...
2023-08-30T01:35:09.8688098Z A path returned 202. Retrying...
2023-08-30T01:35:09.8688329Z A path returned 202. Retrying...
2023-08-30T01:35:09.8688552Z A path returned 202. Retrying...
2023-08-30T01:35:09.8688789Z A path returned 202. Retrying...
2023-08-30T01:35:09.8689023Z A path returned 202. Retrying...
2023-08-30T01:35:09.8689262Z A path returned 202. Retrying...
2023-08-30T01:35:09.8689495Z A path returned 202. Retrying...
2023-08-30T01:35:09.8689736Z A path returned 202. Retrying...
2023-08-30T01:35:09.8689970Z A path returned 202. Retrying...
2023-08-30T01:35:09.8690197Z A path returned 202. Retrying...
2023-08-30T01:35:09.8690437Z A path returned 202. Retrying...
2023-08-30T01:35:09.8690671Z A path returned 202. Retrying...
2023-08-30T01:35:09.8690905Z A path returned 202. Retrying...
2023-08-30T01:35:09.8691138Z A path returned 202. Retrying...
2023-08-30T01:35:09.8691371Z A path returned 202. Retrying...
2023-08-30T01:35:09.8691601Z A path returned 202. Retrying...
2023-08-30T01:35:09.8691834Z A path returned 202. Retrying...
2023-08-30T01:35:09.8692065Z A path returned 202. Retrying...
2023-08-30T01:35:09.8894013Z ##[group]Run git config --global user.name "jstrieb/github-stats"
2023-08-30T01:35:09.8894414Z [36;1mgit config --global user.name "jstrieb/github-stats"[0m
2023-08-30T01:35:09.8894779Z [36;1mgit config --global user.email "github-stats[bot]@jstrieb.github.io"[0m
2023-08-30T01:35:09.8895064Z [36;1mgit add .[0m
2023-08-30T01:35:09.8895353Z [36;1m# Force the build to succeed, even if no files were changed[0m
2023-08-30T01:35:09.8895696Z [36;1mgit commit -m 'Update generated files' || true[0m
2023-08-30T01:35:09.8895959Z [36;1mgit push[0m
2023-08-30T01:35:09.8949679Z shell: /usr/bin/bash -e {0}
2023-08-30T01:35:09.8949905Z env:
2023-08-30T01:35:09.8950181Z   pythonLocation: /opt/hostedtoolcache/Python/3.8.17/x64
2023-08-30T01:35:09.8950538Z   PKG_CONFIG_PATH: /opt/hostedtoolcache/Python/3.8.17/x64/lib/pkgconfig
2023-08-30T01:35:09.8950885Z   Python_ROOT_DIR: /opt/hostedtoolcache/Python/3.8.17/x64
2023-08-30T01:35:09.8951252Z   Python2_ROOT_DIR: /opt/hostedtoolcache/Python/3.8.17/x64
2023-08-30T01:35:09.8951564Z   Python3_ROOT_DIR: /opt/hostedtoolcache/Python/3.8.17/x64
2023-08-30T01:35:09.8951879Z   LD_LIBRARY_PATH: /opt/hostedtoolcache/Python/3.8.17/x64/lib
2023-08-30T01:35:09.8952129Z ##[endgroup]
2023-08-30T01:35:10.4523910Z [master a4b7ea9] Update generated files
2023-08-30T01:35:10.4524483Z  2 files changed, 437 insertions(+), 311 deletions(-)
2023-08-30T01:35:11.3060267Z To https://github.com/seanpm2001/GitHub_Stats_A
2023-08-30T01:35:11.3061075Z    8658def..a4b7ea9  master -> master
2023-08-30T01:35:11.3148353Z Post job cleanup.
2023-08-30T01:35:11.4710770Z Cache hit occurred on the primary key setup-python-Linux-22.04-Ubuntu-python-3.8.17-pip-60f2a6c0212a9b74a155cd81b58dd07fd8b180833132566260d95f4de42fe218, not saving cache.
2023-08-30T01:35:11.4826761Z Post job cleanup.
2023-08-30T01:35:11.5882063Z [command]/usr/bin/git version
2023-08-30T01:35:11.5942852Z git version 2.41.0
2023-08-30T01:35:11.5990028Z Copying '/home/runner/.gitconfig' to '/home/runner/work/_temp/155a7e93-e20a-4687-a3c5-6a0e30e3a19c/.gitconfig'
2023-08-30T01:35:11.6003342Z Temporarily overriding HOME='/home/runner/work/_temp/155a7e93-e20a-4687-a3c5-6a0e30e3a19c' before making global git config changes
2023-08-30T01:35:11.6006539Z Adding repository directory to the temporary git global config as a safe directory
2023-08-30T01:35:11.6014124Z [command]/usr/bin/git config --global --add safe.directory /home/runner/work/GitHub_Stats_A/GitHub_Stats_A
2023-08-30T01:35:11.6060368Z [command]/usr/bin/git config --local --name-only --get-regexp core\.sshCommand
2023-08-30T01:35:11.6100693Z [command]/usr/bin/git submodule foreach --recursive sh -c "git config --local --name-only --get-regexp 'core\.sshCommand' && git config --local --unset-all 'core.sshCommand' || :"
2023-08-30T01:35:11.6378217Z [command]/usr/bin/git config --local --name-only --get-regexp http\.https\:\/\/github\.com\/\.extraheader
2023-08-30T01:35:11.6404304Z http.https://github.com/.extraheader
2023-08-30T01:35:11.6418482Z [command]/usr/bin/git config --local --unset-all http.https://github.com/.extraheader
2023-08-30T01:35:11.6453461Z [command]/usr/bin/git submodule foreach --recursive sh -c "git config --local --name-only --get-regexp 'http\.https\:\/\/github\.com\/\.extraheader' && git config --local --unset-all 'http.https://github.com/.extraheader' || :"
2023-08-30T01:35:11.6936573Z Cleaning up orphan processes
