2023-10-01T00:25:48.6444573Z Requested labels: ubuntu-latest
2023-10-01T00:25:48.6444864Z Job defined at: seanpm2001/GitHub_Stats_A/.github/workflows/main.yml@refs/heads/master
2023-10-01T00:25:48.6444975Z Waiting for a runner to pick up this job...
2023-10-01T00:25:49.3123498Z Job is waiting for a hosted runner to come online.
2023-10-01T00:25:52.2739614Z Job is about to start running on the hosted runner: GitHub Actions 2 (hosted)
2023-10-01T00:25:54.5862764Z Current runner version: '2.309.0'
2023-10-01T00:25:54.5896073Z ##[group]Operating System
2023-10-01T00:25:54.5896723Z Ubuntu
2023-10-01T00:25:54.5897032Z 22.04.3
2023-10-01T00:25:54.5897328Z LTS
2023-10-01T00:25:54.5897648Z ##[endgroup]
2023-10-01T00:25:54.5897937Z ##[group]Runner Image
2023-10-01T00:25:54.5898368Z Image: ubuntu-22.04
2023-10-01T00:25:54.5898721Z Version: 20230924.1.0
2023-10-01T00:25:54.5899278Z Included Software: https://github.com/actions/runner-images/blob/ubuntu22/20230924.1/images/linux/Ubuntu2204-Readme.md
2023-10-01T00:25:54.5899928Z Image Release: https://github.com/actions/runner-images/releases/tag/ubuntu22%2F20230924.1
2023-10-01T00:25:54.5900467Z ##[endgroup]
2023-10-01T00:25:54.5900856Z ##[group]Runner Image Provisioner
2023-10-01T00:25:54.5901218Z 2.0.310.1
2023-10-01T00:25:54.5901502Z ##[endgroup]
2023-10-01T00:25:54.5902229Z ##[group]GITHUB_TOKEN Permissions
2023-10-01T00:25:54.5903900Z Contents: write
2023-10-01T00:25:54.5904267Z Metadata: read
2023-10-01T00:25:54.5904793Z ##[endgroup]
2023-10-01T00:25:54.5908499Z Secret source: Actions
2023-10-01T00:25:54.5909056Z Prepare workflow directory
2023-10-01T00:25:54.6668869Z Prepare all required actions
2023-10-01T00:25:54.6859167Z Getting action download info
2023-10-01T00:25:54.9270770Z Download action repository 'actions/checkout@v3' (SHA:f43a0e5ff2bd294095638e18286ca9a3d1956744)
2023-10-01T00:25:55.2569606Z Download action repository 'actions/setup-python@v4' (SHA:61a6322f88396a6271a6ee3565807d608ecaddd1)
2023-10-01T00:25:55.6765759Z Complete job name: build
2023-10-01T00:25:55.7736007Z ##[group]Run actions/checkout@v3
2023-10-01T00:25:55.7736532Z with:
2023-10-01T00:25:55.7736870Z   repository: seanpm2001/GitHub_Stats_A
2023-10-01T00:25:55.7737401Z   token: ***
2023-10-01T00:25:55.7737710Z   ssh-strict: true
2023-10-01T00:25:55.7738031Z   persist-credentials: true
2023-10-01T00:25:55.7738431Z   clean: true
2023-10-01T00:25:55.7738713Z   sparse-checkout-cone-mode: true
2023-10-01T00:25:55.7739044Z   fetch-depth: 1
2023-10-01T00:25:55.7739358Z   fetch-tags: false
2023-10-01T00:25:55.7739710Z   lfs: false
2023-10-01T00:25:55.7739959Z   submodules: false
2023-10-01T00:25:55.7740259Z   set-safe-directory: true
2023-10-01T00:25:55.7740568Z ##[endgroup]
2023-10-01T00:25:56.0036848Z Syncing repository: seanpm2001/GitHub_Stats_A
2023-10-01T00:25:56.0039384Z ##[group]Getting Git version info
2023-10-01T00:25:56.0225227Z Working directory is '/home/runner/work/GitHub_Stats_A/GitHub_Stats_A'
2023-10-01T00:25:56.0225876Z [command]/usr/bin/git version
2023-10-01T00:25:56.0226197Z git version 2.42.0
2023-10-01T00:25:56.0227281Z ##[endgroup]
2023-10-01T00:25:56.0241432Z Temporarily overriding HOME='/home/runner/work/_temp/13c8b825-12c5-4522-aa3e-92fcf8226fcd' before making global git config changes
2023-10-01T00:25:56.0241941Z Adding repository directory to the temporary git global config as a safe directory
2023-10-01T00:25:56.0242507Z [command]/usr/bin/git config --global --add safe.directory /home/runner/work/GitHub_Stats_A/GitHub_Stats_A
2023-10-01T00:25:56.0243433Z Deleting the contents of '/home/runner/work/GitHub_Stats_A/GitHub_Stats_A'
2023-10-01T00:25:56.0243989Z ##[group]Initializing the repository
2023-10-01T00:25:56.0244333Z [command]/usr/bin/git init /home/runner/work/GitHub_Stats_A/GitHub_Stats_A
2023-10-01T00:25:56.0280580Z hint: Using 'master' as the name for the initial branch. This default branch name
2023-10-01T00:25:56.0281466Z hint: is subject to change. To configure the initial branch name to use in all
2023-10-01T00:25:56.0283108Z hint: of your new repositories, which will suppress this warning, call:
2023-10-01T00:25:56.0283746Z hint: 
2023-10-01T00:25:56.0284096Z hint: 	git config --global init.defaultBranch <name>
2023-10-01T00:25:56.0285041Z hint: 
2023-10-01T00:25:56.0285401Z hint: Names commonly chosen instead of 'master' are 'main', 'trunk' and
2023-10-01T00:25:56.0286900Z hint: 'development'. The just-created branch can be renamed via this command:
2023-10-01T00:25:56.0287574Z hint: 
2023-10-01T00:25:56.0288312Z hint: 	git branch -m <name>
2023-10-01T00:25:56.0299750Z Initialized empty Git repository in /home/runner/work/GitHub_Stats_A/GitHub_Stats_A/.git/
2023-10-01T00:25:56.0311086Z [command]/usr/bin/git remote add origin https://github.com/seanpm2001/GitHub_Stats_A
2023-10-01T00:25:56.0359349Z ##[endgroup]
2023-10-01T00:25:56.0359992Z ##[group]Disabling automatic garbage collection
2023-10-01T00:25:56.0360897Z [command]/usr/bin/git config --local gc.auto 0
2023-10-01T00:25:56.0393319Z ##[endgroup]
2023-10-01T00:25:56.0393903Z ##[group]Setting up auth
2023-10-01T00:25:56.0399682Z [command]/usr/bin/git config --local --name-only --get-regexp core\.sshCommand
2023-10-01T00:25:56.0433862Z [command]/usr/bin/git submodule foreach --recursive sh -c "git config --local --name-only --get-regexp 'core\.sshCommand' && git config --local --unset-all 'core.sshCommand' || :"
2023-10-01T00:25:56.0775402Z [command]/usr/bin/git config --local --name-only --get-regexp http\.https\:\/\/github\.com\/\.extraheader
2023-10-01T00:25:56.0808155Z [command]/usr/bin/git submodule foreach --recursive sh -c "git config --local --name-only --get-regexp 'http\.https\:\/\/github\.com\/\.extraheader' && git config --local --unset-all 'http.https://github.com/.extraheader' || :"
2023-10-01T00:25:56.1055661Z [command]/usr/bin/git config --local http.https://github.com/.extraheader AUTHORIZATION: basic ***
2023-10-01T00:25:56.1086484Z ##[endgroup]
2023-10-01T00:25:56.1087185Z ##[group]Fetching the repository
2023-10-01T00:25:56.1097107Z [command]/usr/bin/git -c protocol.version=2 fetch --no-tags --prune --progress --no-recurse-submodules --depth=1 origin +25acef0eabb68984dd1ac92ca931d74fb6d434be:refs/remotes/origin/master
2023-10-01T00:25:56.5500278Z remote: Enumerating objects: 8135, done.        
2023-10-01T00:25:56.5803629Z remote: Counting objects:   0% (1/8135)        
2023-10-01T00:25:56.5939942Z remote: Counting objects:   1% (82/8135)        
2023-10-01T00:25:56.5962750Z remote: Counting objects:   2% (163/8135)        
2023-10-01T00:25:56.5963211Z remote: Counting objects:   3% (245/8135)        
2023-10-01T00:25:56.5963662Z remote: Counting objects:   4% (326/8135)        
2023-10-01T00:25:56.5964133Z remote: Counting objects:   5% (407/8135)        
2023-10-01T00:25:56.5964742Z remote: Counting objects:   6% (489/8135)        
2023-10-01T00:25:56.5965314Z remote: Counting objects:   7% (570/8135)        
2023-10-01T00:25:56.5965843Z remote: Counting objects:   8% (651/8135)        
2023-10-01T00:25:56.5966601Z remote: Counting objects:   9% (733/8135)        
2023-10-01T00:25:56.5967388Z remote: Counting objects:  10% (814/8135)        
2023-10-01T00:25:56.5968038Z remote: Counting objects:  11% (895/8135)        
2023-10-01T00:25:56.5968722Z remote: Counting objects:  12% (977/8135)        
2023-10-01T00:25:56.5969284Z remote: Counting objects:  13% (1058/8135)        
2023-10-01T00:25:56.5969868Z remote: Counting objects:  14% (1139/8135)        
2023-10-01T00:25:56.5970460Z remote: Counting objects:  15% (1221/8135)        
2023-10-01T00:25:56.5971068Z remote: Counting objects:  16% (1302/8135)        
2023-10-01T00:25:56.5971671Z remote: Counting objects:  17% (1383/8135)        
2023-10-01T00:25:56.5972264Z remote: Counting objects:  18% (1465/8135)        
2023-10-01T00:25:56.5973022Z remote: Counting objects:  19% (1546/8135)        
2023-10-01T00:25:56.5973563Z remote: Counting objects:  20% (1627/8135)        
2023-10-01T00:25:56.5974107Z remote: Counting objects:  21% (1709/8135)        
2023-10-01T00:25:56.5974671Z remote: Counting objects:  22% (1790/8135)        
2023-10-01T00:25:56.5975266Z remote: Counting objects:  23% (1872/8135)        
2023-10-01T00:25:56.5975867Z remote: Counting objects:  24% (1953/8135)        
2023-10-01T00:25:56.5976323Z remote: Counting objects:  25% (2034/8135)        
2023-10-01T00:25:56.5976746Z remote: Counting objects:  26% (2116/8135)        
2023-10-01T00:25:56.5977368Z remote: Counting objects:  27% (2197/8135)        
2023-10-01T00:25:56.5978125Z remote: Counting objects:  28% (2278/8135)        
2023-10-01T00:25:56.5978885Z remote: Counting objects:  29% (2360/8135)        
2023-10-01T00:25:56.5979439Z remote: Counting objects:  30% (2441/8135)        
2023-10-01T00:25:56.5980019Z remote: Counting objects:  31% (2522/8135)        
2023-10-01T00:25:56.5980554Z remote: Counting objects:  32% (2604/8135)        
2023-10-01T00:25:56.5981101Z remote: Counting objects:  33% (2685/8135)        
2023-10-01T00:25:56.5981623Z remote: Counting objects:  34% (2766/8135)        
2023-10-01T00:25:56.5982648Z remote: Counting objects:  35% (2848/8135)        
2023-10-01T00:25:56.6039761Z remote: Counting objects:  36% (2929/8135)        
2023-10-01T00:25:56.6040231Z remote: Counting objects:  37% (3010/8135)        
2023-10-01T00:25:56.6040674Z remote: Counting objects:  38% (3092/8135)        
2023-10-01T00:25:56.6041253Z remote: Counting objects:  39% (3173/8135)        
2023-10-01T00:25:56.6041819Z remote: Counting objects:  40% (3254/8135)        
2023-10-01T00:25:56.6042358Z remote: Counting objects:  41% (3336/8135)        
2023-10-01T00:25:56.6042948Z remote: Counting objects:  42% (3417/8135)        
2023-10-01T00:25:56.6043658Z remote: Counting objects:  43% (3499/8135)        
2023-10-01T00:25:56.6044252Z remote: Counting objects:  44% (3580/8135)        
2023-10-01T00:25:56.6044850Z remote: Counting objects:  45% (3661/8135)        
2023-10-01T00:25:56.6045396Z remote: Counting objects:  46% (3743/8135)        
2023-10-01T00:25:56.6045934Z remote: Counting objects:  47% (3824/8135)        
2023-10-01T00:25:56.6046815Z remote: Counting objects:  48% (3905/8135)        
2023-10-01T00:25:56.6047181Z remote: Counting objects:  49% (3987/8135)        
2023-10-01T00:25:56.6047735Z remote: Counting objects:  50% (4068/8135)        
2023-10-01T00:25:56.6048465Z remote: Counting objects:  51% (4149/8135)        
2023-10-01T00:25:56.6049005Z remote: Counting objects:  52% (4231/8135)        
2023-10-01T00:25:56.6049720Z remote: Counting objects:  53% (4312/8135)        
2023-10-01T00:25:56.6050357Z remote: Counting objects:  54% (4393/8135)        
2023-10-01T00:25:56.6050918Z remote: Counting objects:  55% (4475/8135)        
2023-10-01T00:25:56.6139567Z remote: Counting objects:  56% (4556/8135)        
2023-10-01T00:25:56.6140124Z remote: Counting objects:  57% (4637/8135)        
2023-10-01T00:25:56.6140713Z remote: Counting objects:  58% (4719/8135)        
2023-10-01T00:25:56.6141283Z remote: Counting objects:  59% (4800/8135)        
2023-10-01T00:25:56.6141879Z remote: Counting objects:  60% (4881/8135)        
2023-10-01T00:25:56.6142465Z remote: Counting objects:  61% (4963/8135)        
2023-10-01T00:25:56.6142953Z remote: Counting objects:  62% (5044/8135)        
2023-10-01T00:25:56.6143510Z remote: Counting objects:  63% (5126/8135)        
2023-10-01T00:25:56.6144203Z remote: Counting objects:  64% (5207/8135)        
2023-10-01T00:25:56.6144545Z remote: Counting objects:  65% (5288/8135)        
2023-10-01T00:25:56.6145161Z remote: Counting objects:  66% (5370/8135)        
2023-10-01T00:25:56.6145751Z remote: Counting objects:  67% (5451/8135)        
2023-10-01T00:25:56.6146354Z remote: Counting objects:  68% (5532/8135)        
2023-10-01T00:25:56.6146939Z remote: Counting objects:  69% (5614/8135)        
2023-10-01T00:25:56.6147773Z remote: Counting objects:  70% (5695/8135)        
2023-10-01T00:25:56.6148379Z remote: Counting objects:  71% (5776/8135)        
2023-10-01T00:25:56.6149147Z remote: Counting objects:  72% (5858/8135)        
2023-10-01T00:25:56.6149589Z remote: Counting objects:  73% (5939/8135)        
2023-10-01T00:25:56.6150233Z remote: Counting objects:  74% (6020/8135)        
2023-10-01T00:25:56.6150724Z remote: Counting objects:  75% (6102/8135)        
2023-10-01T00:25:56.6151339Z remote: Counting objects:  76% (6183/8135)        
2023-10-01T00:25:56.6151936Z remote: Counting objects:  77% (6264/8135)        
2023-10-01T00:25:56.6152534Z remote: Counting objects:  78% (6346/8135)        
2023-10-01T00:25:56.6153181Z remote: Counting objects:  79% (6427/8135)        
2023-10-01T00:25:56.6153765Z remote: Counting objects:  80% (6508/8135)        
2023-10-01T00:25:56.6154059Z remote: Counting objects:  81% (6590/8135)        
2023-10-01T00:25:56.6154541Z remote: Counting objects:  82% (6671/8135)        
2023-10-01T00:25:56.6154830Z remote: Counting objects:  83% (6753/8135)        
2023-10-01T00:25:56.6155167Z remote: Counting objects:  84% (6834/8135)        
2023-10-01T00:25:56.6155932Z remote: Counting objects:  85% (6915/8135)        
2023-10-01T00:25:56.6156311Z remote: Counting objects:  86% (6997/8135)        
2023-10-01T00:25:56.6156927Z remote: Counting objects:  87% (7078/8135)        
2023-10-01T00:25:56.6159316Z remote: Counting objects:  88% (7159/8135)        
2023-10-01T00:25:56.6183943Z remote: Counting objects:  89% (7241/8135)        
2023-10-01T00:25:56.6184380Z remote: Counting objects:  90% (7322/8135)        
2023-10-01T00:25:56.6184968Z remote: Counting objects:  91% (7403/8135)        
2023-10-01T00:25:56.6185596Z remote: Counting objects:  92% (7485/8135)        
2023-10-01T00:25:56.6186173Z remote: Counting objects:  93% (7566/8135)        
2023-10-01T00:25:56.6186881Z remote: Counting objects:  94% (7647/8135)        
2023-10-01T00:25:56.6187614Z remote: Counting objects:  95% (7729/8135)        
2023-10-01T00:25:56.6188315Z remote: Counting objects:  96% (7810/8135)        
2023-10-01T00:25:56.6188901Z remote: Counting objects:  97% (7891/8135)        
2023-10-01T00:25:56.6189366Z remote: Counting objects:  98% (7973/8135)        
2023-10-01T00:25:56.6190205Z remote: Counting objects:  99% (8054/8135)        
2023-10-01T00:25:56.6190570Z remote: Counting objects: 100% (8135/8135)        
2023-10-01T00:25:56.6191178Z remote: Counting objects: 100% (8135/8135), done.        
2023-10-01T00:25:56.6191677Z remote: Compressing objects:   0% (1/3106)        
2023-10-01T00:25:56.7372817Z remote: Compressing objects:   1% (32/3106)        
2023-10-01T00:25:56.7397436Z remote: Compressing objects:   2% (63/3106)        
2023-10-01T00:25:56.7404743Z remote: Compressing objects:   3% (94/3106)        
2023-10-01T00:25:56.7405079Z remote: Compressing objects:   4% (125/3106)        
2023-10-01T00:25:56.7405367Z remote: Compressing objects:   5% (156/3106)        
2023-10-01T00:25:56.7405661Z remote: Compressing objects:   6% (187/3106)        
2023-10-01T00:25:56.7405948Z remote: Compressing objects:   7% (218/3106)        
2023-10-01T00:25:56.7406232Z remote: Compressing objects:   8% (249/3106)        
2023-10-01T00:25:56.7406502Z remote: Compressing objects:   9% (280/3106)        
2023-10-01T00:25:56.7406794Z remote: Compressing objects:  10% (311/3106)        
2023-10-01T00:25:56.7407075Z remote: Compressing objects:  11% (342/3106)        
2023-10-01T00:25:56.7407461Z remote: Compressing objects:  12% (373/3106)        
2023-10-01T00:25:56.7407759Z remote: Compressing objects:  13% (404/3106)        
2023-10-01T00:25:56.7408467Z remote: Compressing objects:  14% (435/3106)        
2023-10-01T00:25:56.7598659Z remote: Compressing objects:  15% (466/3106)        
2023-10-01T00:25:56.7602096Z remote: Compressing objects:  16% (497/3106)        
2023-10-01T00:25:56.7605989Z remote: Compressing objects:  17% (529/3106)        
2023-10-01T00:25:56.7609919Z remote: Compressing objects:  18% (560/3106)        
2023-10-01T00:25:56.7610211Z remote: Compressing objects:  19% (591/3106)        
2023-10-01T00:25:56.7610505Z remote: Compressing objects:  20% (622/3106)        
2023-10-01T00:25:56.7610797Z remote: Compressing objects:  21% (653/3106)        
2023-10-01T00:25:56.7612328Z remote: Compressing objects:  22% (684/3106)        
2023-10-01T00:25:56.7612618Z remote: Compressing objects:  23% (715/3106)        
2023-10-01T00:25:56.7612904Z remote: Compressing objects:  24% (746/3106)        
2023-10-01T00:25:56.7613191Z remote: Compressing objects:  25% (777/3106)        
2023-10-01T00:25:56.7613471Z remote: Compressing objects:  26% (808/3106)        
2023-10-01T00:25:56.7618776Z remote: Compressing objects:  27% (839/3106)        
2023-10-01T00:25:56.7620729Z remote: Compressing objects:  28% (870/3106)        
2023-10-01T00:25:56.7720564Z remote: Compressing objects:  29% (901/3106)        
2023-10-01T00:25:56.8043703Z remote: Compressing objects:  30% (932/3106)        
2023-10-01T00:25:56.8449057Z remote: Compressing objects:  31% (963/3106)        
2023-10-01T00:25:56.8810304Z remote: Compressing objects:  32% (994/3106)        
2023-10-01T00:25:56.9264844Z remote: Compressing objects:  33% (1025/3106)        
2023-10-01T00:25:56.9663168Z remote: Compressing objects:  34% (1057/3106)        
2023-10-01T00:25:57.0036711Z remote: Compressing objects:  35% (1088/3106)        
2023-10-01T00:25:57.0373892Z remote: Compressing objects:  36% (1119/3106)        
2023-10-01T00:25:57.0877305Z remote: Compressing objects:  37% (1150/3106)        
2023-10-01T00:25:57.1325634Z remote: Compressing objects:  38% (1181/3106)        
2023-10-01T00:25:57.1666534Z remote: Compressing objects:  39% (1212/3106)        
2023-10-01T00:25:57.2117959Z remote: Compressing objects:  40% (1243/3106)        
2023-10-01T00:25:57.2448947Z remote: Compressing objects:  41% (1274/3106)        
2023-10-01T00:25:57.2745984Z remote: Compressing objects:  42% (1305/3106)        
2023-10-01T00:25:57.3532128Z remote: Compressing objects:  43% (1336/3106)        
2023-10-01T00:25:57.4136484Z remote: Compressing objects:  44% (1367/3106)        
2023-10-01T00:25:57.4136973Z remote: Compressing objects:  45% (1398/3106)        
2023-10-01T00:25:57.4223304Z remote: Compressing objects:  46% (1429/3106)        
2023-10-01T00:25:57.4327704Z remote: Compressing objects:  47% (1460/3106)        
2023-10-01T00:25:57.4328241Z remote: Compressing objects:  48% (1491/3106)        
2023-10-01T00:25:57.4328532Z remote: Compressing objects:  49% (1522/3106)        
2023-10-01T00:25:57.4371339Z remote: Compressing objects:  50% (1553/3106)        
2023-10-01T00:25:57.4468340Z remote: Compressing objects:  51% (1585/3106)        
2023-10-01T00:25:57.4468680Z remote: Compressing objects:  52% (1616/3106)        
2023-10-01T00:25:57.4468977Z remote: Compressing objects:  53% (1647/3106)        
2023-10-01T00:25:57.4469279Z remote: Compressing objects:  54% (1678/3106)        
2023-10-01T00:25:57.4472440Z remote: Compressing objects:  55% (1709/3106)        
2023-10-01T00:25:57.4472719Z remote: Compressing objects:  56% (1740/3106)        
2023-10-01T00:25:57.4473005Z remote: Compressing objects:  57% (1771/3106)        
2023-10-01T00:25:57.4473284Z remote: Compressing objects:  58% (1802/3106)        
2023-10-01T00:25:57.4473563Z remote: Compressing objects:  59% (1833/3106)        
2023-10-01T00:25:57.4473837Z remote: Compressing objects:  60% (1864/3106)        
2023-10-01T00:25:57.4474116Z remote: Compressing objects:  61% (1895/3106)        
2023-10-01T00:25:57.4474392Z remote: Compressing objects:  62% (1926/3106)        
2023-10-01T00:25:57.4474660Z remote: Compressing objects:  63% (1957/3106)        
2023-10-01T00:25:57.4474920Z remote: Compressing objects:  64% (1988/3106)        
2023-10-01T00:25:57.4475186Z remote: Compressing objects:  65% (2019/3106)        
2023-10-01T00:25:57.4475476Z remote: Compressing objects:  66% (2050/3106)        
2023-10-01T00:25:57.4475749Z remote: Compressing objects:  67% (2082/3106)        
2023-10-01T00:25:57.4476016Z remote: Compressing objects:  68% (2113/3106)        
2023-10-01T00:25:57.4476275Z remote: Compressing objects:  69% (2144/3106)        
2023-10-01T00:25:57.4476550Z remote: Compressing objects:  70% (2175/3106)        
2023-10-01T00:25:57.4476819Z remote: Compressing objects:  71% (2206/3106)        
2023-10-01T00:25:57.4477088Z remote: Compressing objects:  72% (2237/3106)        
2023-10-01T00:25:57.4477345Z remote: Compressing objects:  73% (2268/3106)        
2023-10-01T00:25:57.4477620Z remote: Compressing objects:  74% (2299/3106)        
2023-10-01T00:25:57.4477887Z remote: Compressing objects:  75% (2330/3106)        
2023-10-01T00:25:57.4478155Z remote: Compressing objects:  76% (2361/3106)        
2023-10-01T00:25:57.4478410Z remote: Compressing objects:  77% (2392/3106)        
2023-10-01T00:25:57.4478971Z remote: Compressing objects:  78% (2423/3106)        
2023-10-01T00:25:57.4479242Z remote: Compressing objects:  79% (2454/3106)        
2023-10-01T00:25:57.4479509Z remote: Compressing objects:  80% (2485/3106)        
2023-10-01T00:25:57.4480943Z remote: Compressing objects:  81% (2516/3106)        
2023-10-01T00:25:57.4481255Z remote: Compressing objects:  82% (2547/3106)        
2023-10-01T00:25:57.4485246Z remote: Compressing objects:  83% (2578/3106)        
2023-10-01T00:25:57.4485553Z remote: Compressing objects:  84% (2610/3106)        
2023-10-01T00:25:57.4485811Z remote: Compressing objects:  85% (2641/3106)        
2023-10-01T00:25:57.4486085Z remote: Compressing objects:  86% (2672/3106)        
2023-10-01T00:25:57.4486355Z remote: Compressing objects:  87% (2703/3106)        
2023-10-01T00:25:57.4486625Z remote: Compressing objects:  88% (2734/3106)        
2023-10-01T00:25:57.4486891Z remote: Compressing objects:  89% (2765/3106)        
2023-10-01T00:25:57.4487149Z remote: Compressing objects:  90% (2796/3106)        
2023-10-01T00:25:57.4487439Z remote: Compressing objects:  91% (2827/3106)        
2023-10-01T00:25:57.4487708Z remote: Compressing objects:  92% (2858/3106)        
2023-10-01T00:25:57.4488200Z remote: Compressing objects:  93% (2889/3106)        
2023-10-01T00:25:57.4488460Z remote: Compressing objects:  94% (2920/3106)        
2023-10-01T00:25:57.4488733Z remote: Compressing objects:  95% (2951/3106)        
2023-10-01T00:25:57.4489000Z remote: Compressing objects:  96% (2982/3106)        
2023-10-01T00:25:57.4489474Z remote: Compressing objects:  97% (3013/3106)        
2023-10-01T00:25:57.4489750Z remote: Compressing objects:  98% (3044/3106)        
2023-10-01T00:25:57.4490028Z remote: Compressing objects:  99% (3075/3106)        
2023-10-01T00:25:57.4490301Z remote: Compressing objects: 100% (3106/3106)        
2023-10-01T00:25:57.4490600Z remote: Compressing objects: 100% (3106/3106), done.        
2023-10-01T00:25:57.4754356Z Receiving objects:   0% (1/8135)
2023-10-01T00:25:57.4809398Z Receiving objects:   1% (82/8135)
2023-10-01T00:25:57.4912970Z Receiving objects:   2% (163/8135)
2023-10-01T00:25:57.5019931Z Receiving objects:   3% (245/8135)
2023-10-01T00:25:57.5123843Z Receiving objects:   4% (326/8135)
2023-10-01T00:25:57.5182825Z Receiving objects:   5% (407/8135)
2023-10-01T00:25:57.5237332Z Receiving objects:   6% (489/8135)
2023-10-01T00:25:57.5280613Z Receiving objects:   7% (570/8135)
2023-10-01T00:25:57.5333869Z Receiving objects:   8% (651/8135)
2023-10-01T00:25:57.5382502Z Receiving objects:   9% (733/8135)
2023-10-01T00:25:57.5428850Z Receiving objects:  10% (814/8135)
2023-10-01T00:25:57.5507705Z Receiving objects:  11% (895/8135)
2023-10-01T00:25:57.5510109Z Receiving objects:  12% (977/8135)
2023-10-01T00:25:57.5512206Z Receiving objects:  13% (1058/8135)
2023-10-01T00:25:57.5515113Z Receiving objects:  14% (1139/8135)
2023-10-01T00:25:57.5773917Z Receiving objects:  15% (1221/8135)
2023-10-01T00:25:57.5944048Z Receiving objects:  16% (1302/8135)
2023-10-01T00:25:57.6101497Z Receiving objects:  17% (1383/8135)
2023-10-01T00:25:57.6242615Z Receiving objects:  18% (1465/8135)
2023-10-01T00:25:57.6340425Z Receiving objects:  19% (1546/8135)
2023-10-01T00:25:57.6438364Z Receiving objects:  20% (1627/8135)
2023-10-01T00:25:57.6542535Z Receiving objects:  21% (1709/8135)
2023-10-01T00:25:57.6688992Z Receiving objects:  22% (1790/8135)
2023-10-01T00:25:57.6765873Z Receiving objects:  23% (1872/8135)
2023-10-01T00:25:57.6881265Z Receiving objects:  24% (1953/8135)
2023-10-01T00:25:57.6994405Z Receiving objects:  25% (2034/8135)
2023-10-01T00:25:57.7106231Z Receiving objects:  26% (2116/8135)
2023-10-01T00:25:57.7246269Z Receiving objects:  27% (2197/8135)
2023-10-01T00:25:57.7392040Z Receiving objects:  28% (2278/8135)
2023-10-01T00:25:57.7508402Z Receiving objects:  29% (2360/8135)
2023-10-01T00:25:57.7622158Z Receiving objects:  30% (2441/8135)
2023-10-01T00:25:57.7707949Z Receiving objects:  31% (2522/8135)
2023-10-01T00:25:57.7858658Z Receiving objects:  32% (2604/8135)
2023-10-01T00:25:57.7965971Z Receiving objects:  33% (2685/8135)
2023-10-01T00:25:57.8053552Z Receiving objects:  34% (2766/8135)
2023-10-01T00:25:57.8185192Z Receiving objects:  35% (2848/8135)
2023-10-01T00:25:57.8322046Z Receiving objects:  36% (2929/8135)
2023-10-01T00:25:57.8496572Z Receiving objects:  37% (3010/8135)
2023-10-01T00:25:57.8603504Z Receiving objects:  38% (3092/8135)
2023-10-01T00:25:57.8654684Z Receiving objects:  39% (3173/8135)
2023-10-01T00:25:57.8709136Z Receiving objects:  40% (3254/8135)
2023-10-01T00:25:57.8760978Z Receiving objects:  41% (3336/8135)
2023-10-01T00:25:57.8819099Z Receiving objects:  42% (3417/8135)
2023-10-01T00:25:57.8869289Z Receiving objects:  43% (3499/8135)
2023-10-01T00:25:57.8928639Z Receiving objects:  44% (3580/8135)
2023-10-01T00:25:57.8980083Z Receiving objects:  45% (3661/8135)
2023-10-01T00:25:57.9115348Z Receiving objects:  46% (3743/8135)
2023-10-01T00:25:57.9255770Z Receiving objects:  47% (3824/8135)
2023-10-01T00:25:57.9406923Z Receiving objects:  48% (3905/8135)
2023-10-01T00:25:57.9574685Z Receiving objects:  49% (3987/8135)
2023-10-01T00:25:57.9673613Z Receiving objects:  50% (4068/8135), 14.31 MiB | 28.61 MiB/s
2023-10-01T00:25:57.9779477Z Receiving objects:  51% (4149/8135), 14.31 MiB | 28.61 MiB/s
2023-10-01T00:25:57.9890317Z Receiving objects:  52% (4231/8135), 14.31 MiB | 28.61 MiB/s
2023-10-01T00:25:58.0025581Z Receiving objects:  53% (4312/8135), 14.31 MiB | 28.61 MiB/s
2023-10-01T00:25:58.0149323Z Receiving objects:  54% (4393/8135), 14.31 MiB | 28.61 MiB/s
2023-10-01T00:25:58.0313108Z Receiving objects:  55% (4475/8135), 14.31 MiB | 28.61 MiB/s
2023-10-01T00:25:58.0455168Z Receiving objects:  56% (4556/8135), 14.31 MiB | 28.61 MiB/s
2023-10-01T00:25:58.0564247Z Receiving objects:  57% (4637/8135), 14.31 MiB | 28.61 MiB/s
2023-10-01T00:25:58.0630884Z Receiving objects:  58% (4719/8135), 14.31 MiB | 28.61 MiB/s
2023-10-01T00:25:58.0775163Z Receiving objects:  59% (4800/8135), 14.31 MiB | 28.61 MiB/s
2023-10-01T00:25:58.0885419Z Receiving objects:  60% (4881/8135), 14.31 MiB | 28.61 MiB/s
2023-10-01T00:25:58.1041522Z Receiving objects:  61% (4963/8135), 14.31 MiB | 28.61 MiB/s
2023-10-01T00:25:58.1146629Z Receiving objects:  62% (5044/8135), 14.31 MiB | 28.61 MiB/s
2023-10-01T00:25:58.1302274Z Receiving objects:  63% (5126/8135), 14.31 MiB | 28.61 MiB/s
2023-10-01T00:25:58.1428571Z Receiving objects:  64% (5207/8135), 14.31 MiB | 28.61 MiB/s
2023-10-01T00:25:58.1545975Z Receiving objects:  65% (5288/8135), 14.31 MiB | 28.61 MiB/s
2023-10-01T00:25:58.1654271Z Receiving objects:  66% (5370/8135), 14.31 MiB | 28.61 MiB/s
2023-10-01T00:25:58.1781095Z Receiving objects:  67% (5451/8135), 14.31 MiB | 28.61 MiB/s
2023-10-01T00:25:58.1944567Z Receiving objects:  68% (5532/8135), 14.31 MiB | 28.61 MiB/s
2023-10-01T00:25:58.2048141Z Receiving objects:  69% (5614/8135), 14.31 MiB | 28.61 MiB/s
2023-10-01T00:25:58.2211797Z Receiving objects:  70% (5695/8135), 14.31 MiB | 28.61 MiB/s
2023-10-01T00:25:58.2391309Z Receiving objects:  71% (5776/8135), 14.31 MiB | 28.61 MiB/s
2023-10-01T00:25:58.2497408Z Receiving objects:  72% (5858/8135), 14.31 MiB | 28.61 MiB/s
2023-10-01T00:25:58.2582357Z Receiving objects:  73% (5939/8135), 14.31 MiB | 28.61 MiB/s
2023-10-01T00:25:58.2697944Z Receiving objects:  74% (6020/8135), 14.31 MiB | 28.61 MiB/s
2023-10-01T00:25:58.2802352Z Receiving objects:  75% (6102/8135), 14.31 MiB | 28.61 MiB/s
2023-10-01T00:25:58.2903352Z Receiving objects:  76% (6183/8135), 14.31 MiB | 28.61 MiB/s
2023-10-01T00:25:58.3063587Z Receiving objects:  77% (6264/8135), 14.31 MiB | 28.61 MiB/s
2023-10-01T00:25:58.3206800Z Receiving objects:  78% (6346/8135), 14.31 MiB | 28.61 MiB/s
2023-10-01T00:25:58.3335017Z Receiving objects:  79% (6427/8135), 14.31 MiB | 28.61 MiB/s
2023-10-01T00:25:58.3514521Z Receiving objects:  80% (6508/8135), 14.31 MiB | 28.61 MiB/s
2023-10-01T00:25:58.3661310Z Receiving objects:  81% (6590/8135), 14.31 MiB | 28.61 MiB/s
2023-10-01T00:25:58.3752879Z Receiving objects:  82% (6671/8135), 14.31 MiB | 28.61 MiB/s
2023-10-01T00:25:58.3871167Z Receiving objects:  83% (6753/8135), 14.31 MiB | 28.61 MiB/s
2023-10-01T00:25:58.3940511Z Receiving objects:  84% (6834/8135), 14.31 MiB | 28.61 MiB/s
2023-10-01T00:25:58.4061878Z Receiving objects:  85% (6915/8135), 14.31 MiB | 28.61 MiB/s
2023-10-01T00:25:58.4163264Z Receiving objects:  86% (6997/8135), 14.31 MiB | 28.61 MiB/s
2023-10-01T00:25:58.4291226Z Receiving objects:  87% (7078/8135), 14.31 MiB | 28.61 MiB/s
2023-10-01T00:25:58.4303961Z Receiving objects:  88% (7159/8135), 14.31 MiB | 28.61 MiB/s
2023-10-01T00:25:58.4341728Z Receiving objects:  89% (7241/8135), 14.31 MiB | 28.61 MiB/s
2023-10-01T00:25:58.4346204Z Receiving objects:  90% (7322/8135), 14.31 MiB | 28.61 MiB/s
2023-10-01T00:25:58.4348454Z Receiving objects:  91% (7403/8135), 14.31 MiB | 28.61 MiB/s
2023-10-01T00:25:58.4359633Z Receiving objects:  92% (7485/8135), 14.31 MiB | 28.61 MiB/s
2023-10-01T00:25:58.4365092Z Receiving objects:  93% (7566/8135), 14.31 MiB | 28.61 MiB/s
2023-10-01T00:25:58.4403270Z Receiving objects:  94% (7647/8135), 14.31 MiB | 28.61 MiB/s
2023-10-01T00:25:58.4524034Z Receiving objects:  95% (7729/8135), 14.31 MiB | 28.61 MiB/s
2023-10-01T00:25:58.4594200Z Receiving objects:  95% (7772/8135), 35.18 MiB | 35.17 MiB/s
2023-10-01T00:25:58.4770706Z Receiving objects:  96% (7810/8135), 35.18 MiB | 35.17 MiB/s
2023-10-01T00:25:58.4896200Z Receiving objects:  97% (7891/8135), 35.18 MiB | 35.17 MiB/s
2023-10-01T00:25:58.4985644Z Receiving objects:  98% (7973/8135), 35.18 MiB | 35.17 MiB/s
2023-10-01T00:25:58.5184562Z Receiving objects:  99% (8054/8135), 35.18 MiB | 35.17 MiB/s
2023-10-01T00:25:58.5185449Z remote: Total 8135 (delta 4748), reused 7807 (delta 4631), pack-reused 0        
2023-10-01T00:25:58.5187593Z Receiving objects: 100% (8135/8135), 35.18 MiB | 35.17 MiB/s
2023-10-01T00:25:58.5188062Z Receiving objects: 100% (8135/8135), 38.28 MiB | 35.89 MiB/s, done.
2023-10-01T00:25:58.5326071Z Resolving deltas:   0% (0/4748)
2023-10-01T00:25:58.5465376Z Resolving deltas:   1% (48/4748)
2023-10-01T00:25:58.5595319Z Resolving deltas:   2% (95/4748)
2023-10-01T00:25:58.5719343Z Resolving deltas:   3% (143/4748)
2023-10-01T00:25:58.5832616Z Resolving deltas:   4% (190/4748)
2023-10-01T00:25:58.5927435Z Resolving deltas:   5% (238/4748)
2023-10-01T00:25:58.5935231Z Resolving deltas:   6% (285/4748)
2023-10-01T00:25:58.5942695Z Resolving deltas:   7% (333/4748)
2023-10-01T00:25:58.5952048Z Resolving deltas:   8% (380/4748)
2023-10-01T00:25:58.5961218Z Resolving deltas:   9% (428/4748)
2023-10-01T00:25:58.5971816Z Resolving deltas:  10% (475/4748)
2023-10-01T00:25:58.5980464Z Resolving deltas:  11% (523/4748)
2023-10-01T00:25:58.5982507Z Resolving deltas:  12% (570/4748)
2023-10-01T00:25:58.6063261Z Resolving deltas:  13% (618/4748)
2023-10-01T00:25:58.6234429Z Resolving deltas:  14% (665/4748)
2023-10-01T00:25:58.6453133Z Resolving deltas:  15% (713/4748)
2023-10-01T00:25:58.6675510Z Resolving deltas:  16% (760/4748)
2023-10-01T00:25:58.6874512Z Resolving deltas:  17% (808/4748)
2023-10-01T00:25:58.7139129Z Resolving deltas:  18% (855/4748)
2023-10-01T00:25:58.7481832Z Resolving deltas:  19% (903/4748)
2023-10-01T00:25:58.7667742Z Resolving deltas:  20% (950/4748)
2023-10-01T00:25:58.7843480Z Resolving deltas:  21% (998/4748)
2023-10-01T00:25:58.8058808Z Resolving deltas:  22% (1045/4748)
2023-10-01T00:25:58.8175317Z Resolving deltas:  23% (1093/4748)
2023-10-01T00:25:58.8196408Z Resolving deltas:  24% (1140/4748)
2023-10-01T00:25:58.8421884Z Resolving deltas:  25% (1187/4748)
2023-10-01T00:25:58.8422390Z Resolving deltas:  26% (1235/4748)
2023-10-01T00:25:58.8422856Z Resolving deltas:  27% (1282/4748)
2023-10-01T00:25:58.8431655Z Resolving deltas:  28% (1330/4748)
2023-10-01T00:25:58.8438052Z Resolving deltas:  29% (1377/4748)
2023-10-01T00:25:58.8450343Z Resolving deltas:  30% (1425/4748)
2023-10-01T00:25:58.8459746Z Resolving deltas:  31% (1472/4748)
2023-10-01T00:25:58.8474745Z Resolving deltas:  32% (1520/4748)
2023-10-01T00:25:58.8485472Z Resolving deltas:  33% (1567/4748)
2023-10-01T00:25:58.8496478Z Resolving deltas:  34% (1615/4748)
2023-10-01T00:25:58.8525515Z Resolving deltas:  35% (1662/4748)
2023-10-01T00:25:58.8558098Z Resolving deltas:  36% (1710/4748)
2023-10-01T00:25:58.8572477Z Resolving deltas:  37% (1757/4748)
2023-10-01T00:25:58.8576537Z Resolving deltas:  38% (1805/4748)
2023-10-01T00:25:58.8594379Z Resolving deltas:  39% (1852/4748)
2023-10-01T00:25:58.8596151Z Resolving deltas:  40% (1901/4748)
2023-10-01T00:25:58.8598849Z Resolving deltas:  41% (1947/4748)
2023-10-01T00:25:58.8629424Z Resolving deltas:  42% (1995/4748)
2023-10-01T00:25:58.8668958Z Resolving deltas:  43% (2042/4748)
2023-10-01T00:25:58.8693755Z Resolving deltas:  44% (2090/4748)
2023-10-01T00:25:58.8735480Z Resolving deltas:  45% (2137/4748)
2023-10-01T00:25:58.8780232Z Resolving deltas:  46% (2185/4748)
2023-10-01T00:25:58.8814399Z Resolving deltas:  47% (2232/4748)
2023-10-01T00:25:58.8847219Z Resolving deltas:  48% (2280/4748)
2023-10-01T00:25:58.8854683Z Resolving deltas:  49% (2327/4748)
2023-10-01T00:25:58.8858966Z Resolving deltas:  50% (2374/4748)
2023-10-01T00:25:58.9020072Z Resolving deltas:  51% (2422/4748)
2023-10-01T00:25:58.9202483Z Resolving deltas:  52% (2469/4748)
2023-10-01T00:25:58.9465911Z Resolving deltas:  53% (2517/4748)
2023-10-01T00:25:58.9846871Z Resolving deltas:  54% (2564/4748)
2023-10-01T00:25:59.0150568Z Resolving deltas:  55% (2612/4748)
2023-10-01T00:25:59.0504837Z Resolving deltas:  56% (2659/4748)
2023-10-01T00:25:59.0831366Z Resolving deltas:  57% (2707/4748)
2023-10-01T00:25:59.0990727Z Resolving deltas:  58% (2754/4748)
2023-10-01T00:25:59.1004360Z Resolving deltas:  59% (2802/4748)
2023-10-01T00:25:59.1123570Z Resolving deltas:  60% (2849/4748)
2023-10-01T00:25:59.1172201Z Resolving deltas:  61% (2897/4748)
2023-10-01T00:25:59.1189728Z Resolving deltas:  62% (2944/4748)
2023-10-01T00:25:59.1405019Z Resolving deltas:  63% (2992/4748)
2023-10-01T00:25:59.1670943Z Resolving deltas:  64% (3039/4748)
2023-10-01T00:25:59.1929538Z Resolving deltas:  65% (3087/4748)
2023-10-01T00:25:59.2135239Z Resolving deltas:  66% (3134/4748)
2023-10-01T00:25:59.2246809Z Resolving deltas:  67% (3182/4748)
2023-10-01T00:25:59.2263875Z Resolving deltas:  68% (3229/4748)
2023-10-01T00:25:59.2278800Z Resolving deltas:  69% (3277/4748)
2023-10-01T00:25:59.2296788Z Resolving deltas:  70% (3324/4748)
2023-10-01T00:25:59.2298622Z Resolving deltas:  71% (3372/4748)
2023-10-01T00:25:59.2313596Z Resolving deltas:  72% (3419/4748)
2023-10-01T00:25:59.2316342Z Resolving deltas:  73% (3467/4748)
2023-10-01T00:25:59.2320237Z Resolving deltas:  74% (3514/4748)
2023-10-01T00:25:59.2332534Z Resolving deltas:  75% (3561/4748)
2023-10-01T00:25:59.2343879Z Resolving deltas:  76% (3609/4748)
2023-10-01T00:25:59.2359200Z Resolving deltas:  77% (3656/4748)
2023-10-01T00:25:59.2373215Z Resolving deltas:  78% (3704/4748)
2023-10-01T00:25:59.2397463Z Resolving deltas:  79% (3751/4748)
2023-10-01T00:25:59.2549718Z Resolving deltas:  80% (3799/4748)
2023-10-01T00:25:59.2841357Z Resolving deltas:  81% (3846/4748)
2023-10-01T00:25:59.3114652Z Resolving deltas:  82% (3894/4748)
2023-10-01T00:25:59.3228235Z Resolving deltas:  83% (3941/4748)
2023-10-01T00:25:59.3247595Z Resolving deltas:  84% (3989/4748)
2023-10-01T00:25:59.3278075Z Resolving deltas:  85% (4036/4748)
2023-10-01T00:25:59.3330012Z Resolving deltas:  86% (4084/4748)
2023-10-01T00:25:59.3382357Z Resolving deltas:  87% (4131/4748)
2023-10-01T00:25:59.3430355Z Resolving deltas:  88% (4179/4748)
2023-10-01T00:25:59.3483415Z Resolving deltas:  89% (4226/4748)
2023-10-01T00:25:59.3564230Z Resolving deltas:  90% (4274/4748)
2023-10-01T00:25:59.3674970Z Resolving deltas:  91% (4321/4748)
2023-10-01T00:25:59.3815002Z Resolving deltas:  92% (4369/4748)
2023-10-01T00:25:59.3883839Z Resolving deltas:  93% (4416/4748)
2023-10-01T00:25:59.3936895Z Resolving deltas:  94% (4464/4748)
2023-10-01T00:25:59.3995931Z Resolving deltas:  95% (4511/4748)
2023-10-01T00:25:59.4060709Z Resolving deltas:  96% (4559/4748)
2023-10-01T00:25:59.4136294Z Resolving deltas:  97% (4606/4748)
2023-10-01T00:25:59.4241573Z Resolving deltas:  98% (4654/4748)
2023-10-01T00:25:59.4323440Z Resolving deltas:  99% (4701/4748)
2023-10-01T00:25:59.4323722Z Resolving deltas: 100% (4748/4748)
2023-10-01T00:25:59.4324386Z Resolving deltas: 100% (4748/4748), done.
2023-10-01T00:25:59.4876873Z From https://github.com/seanpm2001/GitHub_Stats_A
2023-10-01T00:25:59.4877835Z  * [new ref]         25acef0eabb68984dd1ac92ca931d74fb6d434be -> origin/master
2023-10-01T00:25:59.4950328Z ##[endgroup]
2023-10-01T00:25:59.4950741Z ##[group]Determining the checkout info
2023-10-01T00:25:59.4951132Z ##[endgroup]
2023-10-01T00:25:59.4951490Z ##[group]Checking out the ref
2023-10-01T00:25:59.4952009Z [command]/usr/bin/git checkout --progress --force -B master refs/remotes/origin/master
2023-10-01T00:26:00.5068285Z Updating files:  70% (5993/8448)
2023-10-01T00:26:00.5189206Z Updating files:  71% (5999/8448)
2023-10-01T00:26:00.5318603Z Updating files:  72% (6083/8448)
2023-10-01T00:26:00.5487453Z Updating files:  73% (6168/8448)
2023-10-01T00:26:00.5618736Z Updating files:  74% (6252/8448)
2023-10-01T00:26:00.5780483Z Updating files:  75% (6336/8448)
2023-10-01T00:26:00.5867595Z Updating files:  76% (6421/8448)
2023-10-01T00:26:00.5949056Z Updating files:  77% (6505/8448)
2023-10-01T00:26:00.6085973Z Updating files:  78% (6590/8448)
2023-10-01T00:26:00.6109473Z Updating files:  79% (6674/8448)
2023-10-01T00:26:00.6213348Z Updating files:  80% (6759/8448)
2023-10-01T00:26:00.6336062Z Updating files:  81% (6843/8448)
2023-10-01T00:26:00.6365121Z Updating files:  82% (6928/8448)
2023-10-01T00:26:00.6405593Z Updating files:  83% (7012/8448)
2023-10-01T00:26:00.6459504Z Updating files:  84% (7097/8448)
2023-10-01T00:26:00.6510571Z Updating files:  85% (7181/8448)
2023-10-01T00:26:00.6574540Z Updating files:  86% (7266/8448)
2023-10-01T00:26:00.6645656Z Updating files:  87% (7350/8448)
2023-10-01T00:26:00.6706857Z Updating files:  88% (7435/8448)
2023-10-01T00:26:00.6840489Z Updating files:  89% (7519/8448)
2023-10-01T00:26:00.6958159Z Updating files:  90% (7604/8448)
2023-10-01T00:26:00.7079635Z Updating files:  91% (7688/8448)
2023-10-01T00:26:00.7233847Z Updating files:  92% (7773/8448)
2023-10-01T00:26:00.7454737Z Updating files:  93% (7857/8448)
2023-10-01T00:26:00.7507691Z Updating files:  94% (7942/8448)
2023-10-01T00:26:00.7573742Z Updating files:  95% (8026/8448)
2023-10-01T00:26:00.7652224Z Updating files:  96% (8111/8448)
2023-10-01T00:26:00.7745324Z Updating files:  97% (8195/8448)
2023-10-01T00:26:00.7881461Z Updating files:  98% (8280/8448)
2023-10-01T00:26:00.7978605Z Updating files:  99% (8364/8448)
2023-10-01T00:26:00.7978841Z Updating files: 100% (8448/8448)
2023-10-01T00:26:00.7979078Z Updating files: 100% (8448/8448), done.
2023-10-01T00:26:00.8125179Z Reset branch 'master'
2023-10-01T00:26:00.8125528Z branch 'master' set up to track 'origin/master'.
2023-10-01T00:26:00.8182765Z ##[endgroup]
2023-10-01T00:26:00.8222756Z [command]/usr/bin/git log -1 --format='%H'
2023-10-01T00:26:00.8253131Z '25acef0eabb68984dd1ac92ca931d74fb6d434be'
2023-10-01T00:26:00.8608730Z ##[group]Run actions/setup-python@v4
2023-10-01T00:26:00.8608974Z with:
2023-10-01T00:26:00.8609168Z   python-version: 3.8
2023-10-01T00:26:00.8609414Z   architecture: x64
2023-10-01T00:26:00.8609621Z   cache: pip
2023-10-01T00:26:00.8609833Z   check-latest: false
2023-10-01T00:26:00.8610162Z   token: ***
2023-10-01T00:26:00.8610370Z   update-environment: true
2023-10-01T00:26:00.8610607Z   allow-prereleases: false
2023-10-01T00:26:00.8610818Z ##[endgroup]
2023-10-01T00:26:01.0354758Z ##[group]Installed versions
2023-10-01T00:26:01.0462411Z Successfully set up CPython (3.8.18)
2023-10-01T00:26:01.0464885Z ##[endgroup]
2023-10-01T00:26:01.8484946Z [command]/opt/hostedtoolcache/Python/3.8.18/x64/bin/pip cache dir
2023-10-01T00:26:02.2762296Z /home/runner/.cache/pip
2023-10-01T00:26:02.6684831Z Received 6245959 of 6245959 (100.0%), 38.2 MBs/sec
2023-10-01T00:26:02.6685566Z Cache Size: ~6 MB (6245959 B)
2023-10-01T00:26:02.6713485Z [command]/usr/bin/tar -xf /home/runner/work/_temp/140b2002-9655-4917-8592-0c827c65c7c2/cache.tzst -P -C /home/runner/work/GitHub_Stats_A/GitHub_Stats_A --use-compress-program unzstd
2023-10-01T00:26:02.6928431Z Cache restored successfully
2023-10-01T00:26:02.6944932Z Cache restored from key: setup-python-Linux-22.04-Ubuntu-python-3.8.18-pip-60f2a6c0212a9b74a155cd81b58dd07fd8b180833132566260d95f4de42fe218
2023-10-01T00:26:02.7108354Z ##[group]Run python3 -m pip install --upgrade pip setuptools wheel
2023-10-01T00:26:02.7108820Z [36;1mpython3 -m pip install --upgrade pip setuptools wheel[0m
2023-10-01T00:26:02.7109173Z [36;1mpython3 -m pip install -r requirements.txt[0m
2023-10-01T00:26:02.7170133Z shell: /usr/bin/bash -e {0}
2023-10-01T00:26:02.7170384Z env:
2023-10-01T00:26:02.7170672Z   pythonLocation: /opt/hostedtoolcache/Python/3.8.18/x64
2023-10-01T00:26:02.7171032Z   PKG_CONFIG_PATH: /opt/hostedtoolcache/Python/3.8.18/x64/lib/pkgconfig
2023-10-01T00:26:02.7171388Z   Python_ROOT_DIR: /opt/hostedtoolcache/Python/3.8.18/x64
2023-10-01T00:26:02.7171721Z   Python2_ROOT_DIR: /opt/hostedtoolcache/Python/3.8.18/x64
2023-10-01T00:26:02.7172057Z   Python3_ROOT_DIR: /opt/hostedtoolcache/Python/3.8.18/x64
2023-10-01T00:26:02.7172380Z   LD_LIBRARY_PATH: /opt/hostedtoolcache/Python/3.8.18/x64/lib
2023-10-01T00:26:02.7172649Z ##[endgroup]
2023-10-01T00:26:03.3778283Z Requirement already satisfied: pip in /opt/hostedtoolcache/Python/3.8.18/x64/lib/python3.8/site-packages (23.0.1)
2023-10-01T00:26:03.5705690Z Collecting pip
2023-10-01T00:26:03.5708050Z   Obtaining dependency information for pip from https://files.pythonhosted.org/packages/50/c2/e06851e8cc28dcad7c155f4753da8833ac06a5c704c109313b8d5a62968a/pip-23.2.1-py3-none-any.whl.metadata
2023-10-01T00:26:03.5731420Z   Using cached pip-23.2.1-py3-none-any.whl.metadata (4.2 kB)
2023-10-01T00:26:03.5742416Z Requirement already satisfied: setuptools in /opt/hostedtoolcache/Python/3.8.18/x64/lib/python3.8/site-packages (56.0.0)
2023-10-01T00:26:03.8993049Z Collecting setuptools
2023-10-01T00:26:03.8995391Z   Obtaining dependency information for setuptools from https://files.pythonhosted.org/packages/bb/26/7945080113158354380a12ce26873dd6c1ebd88d47f5bc24e2c5bb38c16a/setuptools-68.2.2-py3-none-any.whl.metadata
2023-10-01T00:26:04.0050235Z   Downloading setuptools-68.2.2-py3-none-any.whl.metadata (6.3 kB)
2023-10-01T00:26:04.0568660Z Collecting wheel
2023-10-01T00:26:04.0571884Z   Obtaining dependency information for wheel from https://files.pythonhosted.org/packages/b8/8b/31273bf66016be6ad22bb7345c37ff350276cfd46e389a0c2ac5da9d9073/wheel-0.41.2-py3-none-any.whl.metadata
2023-10-01T00:26:04.0594140Z   Using cached wheel-0.41.2-py3-none-any.whl.metadata (2.2 kB)
2023-10-01T00:26:04.1170492Z Using cached pip-23.2.1-py3-none-any.whl (2.1 MB)
2023-10-01T00:26:04.1283164Z Downloading setuptools-68.2.2-py3-none-any.whl (807 kB)
2023-10-01T00:26:04.2364133Z    ━━━━━━━━━━━━━━━━━━━━━━━━━━━━━━━━━━━━━━━━ 807.9/807.9 kB 7.9 MB/s eta 0:00:00
2023-10-01T00:26:04.2389389Z Using cached wheel-0.41.2-py3-none-any.whl (64 kB)
2023-10-01T00:26:04.3448819Z Installing collected packages: wheel, setuptools, pip
2023-10-01T00:26:04.3910628Z   Attempting uninstall: setuptools
2023-10-01T00:26:04.3921653Z     Found existing installation: setuptools 56.0.0
2023-10-01T00:26:04.4083246Z     Uninstalling setuptools-56.0.0:
2023-10-01T00:26:04.4187542Z       Successfully uninstalled setuptools-56.0.0
2023-10-01T00:26:04.8660899Z   Attempting uninstall: pip
2023-10-01T00:26:04.8668240Z     Found existing installation: pip 23.0.1
2023-10-01T00:26:04.9169808Z     Uninstalling pip-23.0.1:
2023-10-01T00:26:04.9634329Z       Successfully uninstalled pip-23.0.1
2023-10-01T00:26:06.0825044Z Successfully installed pip-23.2.1 setuptools-68.2.2 wheel-0.41.2
2023-10-01T00:26:07.0047642Z Collecting requests (from -r requirements.txt (line 1))
2023-10-01T00:26:07.0053249Z   Obtaining dependency information for requests from https://files.pythonhosted.org/packages/70/8e/0e2d847013cb52cd35b38c009bb167a1a26b2ce6cd6965bf26b47bc0bf44/requests-2.31.0-py3-none-any.whl.metadata
2023-10-01T00:26:07.0078234Z   Using cached requests-2.31.0-py3-none-any.whl.metadata (4.6 kB)
2023-10-01T00:26:07.4630604Z Collecting aiohttp (from -r requirements.txt (line 2))
2023-10-01T00:26:07.4633768Z   Obtaining dependency information for aiohttp from https://files.pythonhosted.org/packages/84/22/20c41a698eb5435ff7cd3bc6884542d2a40f3c91a221f713d77217facc39/aiohttp-3.8.5-cp38-cp38-manylinux_2_17_x86_64.manylinux2014_x86_64.whl.metadata
2023-10-01T00:26:07.4656532Z   Using cached aiohttp-3.8.5-cp38-cp38-manylinux_2_17_x86_64.manylinux2014_x86_64.whl.metadata (7.7 kB)
2023-10-01T00:26:07.6351244Z Collecting charset-normalizer<4,>=2 (from requests->-r requirements.txt (line 1))
2023-10-01T00:26:07.6354371Z   Obtaining dependency information for charset-normalizer<4,>=2 from https://files.pythonhosted.org/packages/1e/c8/fd52271326c052f95f47ef718b018aa2bc3fd097d9bac44d7d48894c6130/charset_normalizer-3.3.0-cp38-cp38-manylinux_2_17_x86_64.manylinux2014_x86_64.whl.metadata
2023-10-01T00:26:07.7336816Z   Downloading charset_normalizer-3.3.0-cp38-cp38-manylinux_2_17_x86_64.manylinux2014_x86_64.whl.metadata (32 kB)
2023-10-01T00:26:07.8269441Z Collecting idna<4,>=2.5 (from requests->-r requirements.txt (line 1))
2023-10-01T00:26:07.8291504Z   Using cached idna-3.4-py3-none-any.whl (61 kB)
2023-10-01T00:26:07.8963090Z Collecting urllib3<3,>=1.21.1 (from requests->-r requirements.txt (line 1))
2023-10-01T00:26:07.8966985Z   Obtaining dependency information for urllib3<3,>=1.21.1 from https://files.pythonhosted.org/packages/37/dc/399e63f5d1d96bb643404ee830657f4dfcf8503f5ba8fa3c6d465d0c57fe/urllib3-2.0.5-py3-none-any.whl.metadata
2023-10-01T00:26:07.9052032Z   Downloading urllib3-2.0.5-py3-none-any.whl.metadata (6.6 kB)
2023-10-01T00:26:07.9429792Z Collecting certifi>=2017.4.17 (from requests->-r requirements.txt (line 1))
2023-10-01T00:26:07.9434972Z   Obtaining dependency information for certifi>=2017.4.17 from https://files.pythonhosted.org/packages/4c/dd/2234eab22353ffc7d94e8d13177aaa050113286e93e7b40eae01fbf7c3d9/certifi-2023.7.22-py3-none-any.whl.metadata
2023-10-01T00:26:07.9458622Z   Using cached certifi-2023.7.22-py3-none-any.whl.metadata (2.2 kB)
2023-10-01T00:26:07.9923778Z Collecting attrs>=17.3.0 (from aiohttp->-r requirements.txt (line 2))
2023-10-01T00:26:07.9945882Z   Using cached attrs-23.1.0-py3-none-any.whl (61 kB)
2023-10-01T00:26:08.4017569Z Collecting multidict<7.0,>=4.5 (from aiohttp->-r requirements.txt (line 2))
2023-10-01T00:26:08.4041337Z   Using cached multidict-6.0.4-cp38-cp38-manylinux_2_17_x86_64.manylinux2014_x86_64.whl (121 kB)
2023-10-01T00:26:08.4400647Z Collecting async-timeout<5.0,>=4.0.0a3 (from aiohttp->-r requirements.txt (line 2))
2023-10-01T00:26:08.4403657Z   Obtaining dependency information for async-timeout<5.0,>=4.0.0a3 from https://files.pythonhosted.org/packages/a7/fa/e01228c2938de91d47b307831c62ab9e4001e747789d0b05baf779a6488c/async_timeout-4.0.3-py3-none-any.whl.metadata
2023-10-01T00:26:08.4425180Z   Using cached async_timeout-4.0.3-py3-none-any.whl.metadata (4.2 kB)
2023-10-01T00:26:08.7074088Z Collecting yarl<2.0,>=1.0 (from aiohttp->-r requirements.txt (line 2))
2023-10-01T00:26:08.7098818Z   Using cached yarl-1.9.2-cp38-cp38-manylinux_2_17_x86_64.manylinux2014_x86_64.whl (266 kB)
2023-10-01T00:26:08.8217814Z Collecting frozenlist>=1.1.1 (from aiohttp->-r requirements.txt (line 2))
2023-10-01T00:26:08.8220220Z   Obtaining dependency information for frozenlist>=1.1.1 from https://files.pythonhosted.org/packages/0b/36/c276486f89bee9098332710af2207344f360c6c6f104a4931a7566039b1d/frozenlist-1.4.0-cp38-cp38-manylinux_2_5_x86_64.manylinux1_x86_64.manylinux_2_17_x86_64.manylinux2014_x86_64.whl.metadata
2023-10-01T00:26:08.8243336Z   Using cached frozenlist-1.4.0-cp38-cp38-manylinux_2_5_x86_64.manylinux1_x86_64.manylinux_2_17_x86_64.manylinux2014_x86_64.whl.metadata (5.2 kB)
2023-10-01T00:26:08.8448208Z Collecting aiosignal>=1.1.2 (from aiohttp->-r requirements.txt (line 2))
2023-10-01T00:26:08.8469459Z   Using cached aiosignal-1.3.1-py3-none-any.whl (7.6 kB)
2023-10-01T00:26:08.9379254Z Using cached requests-2.31.0-py3-none-any.whl (62 kB)
2023-10-01T00:26:08.9426365Z Using cached aiohttp-3.8.5-cp38-cp38-manylinux_2_17_x86_64.manylinux2014_x86_64.whl (1.1 MB)
2023-10-01T00:26:08.9465901Z Using cached async_timeout-4.0.3-py3-none-any.whl (5.7 kB)
2023-10-01T00:26:08.9489433Z Using cached certifi-2023.7.22-py3-none-any.whl (158 kB)
2023-10-01T00:26:08.9598688Z Downloading charset_normalizer-3.3.0-cp38-cp38-manylinux_2_17_x86_64.manylinux2014_x86_64.whl (137 kB)
2023-10-01T00:26:08.9773370Z    ━━━━━━━━━━━━━━━━━━━━━━━━━━━━━━━━━━━━━━━━ 137.9/137.9 kB 8.9 MB/s eta 0:00:00
2023-10-01T00:26:08.9796899Z Using cached frozenlist-1.4.0-cp38-cp38-manylinux_2_5_x86_64.manylinux1_x86_64.manylinux_2_17_x86_64.manylinux2014_x86_64.whl (220 kB)
2023-10-01T00:26:08.9892604Z Downloading urllib3-2.0.5-py3-none-any.whl (123 kB)
2023-10-01T00:26:08.9998857Z    ━━━━━━━━━━━━━━━━━━━━━━━━━━━━━━━━━━━━━━━━ 123.8/123.8 kB 14.1 MB/s eta 0:00:00
2023-10-01T00:26:09.1226671Z Installing collected packages: urllib3, multidict, idna, frozenlist, charset-normalizer, certifi, attrs, async-timeout, yarl, requests, aiosignal, aiohttp
2023-10-01T00:26:09.5960165Z Successfully installed aiohttp-3.8.5 aiosignal-1.3.1 async-timeout-4.0.3 attrs-23.1.0 certifi-2023.7.22 charset-normalizer-3.3.0 frozenlist-1.4.0 idna-3.4 multidict-6.0.4 requests-2.31.0 urllib3-2.0.5 yarl-1.9.2
2023-10-01T00:26:09.7614094Z ##[group]Run python3 --version
2023-10-01T00:26:09.7614387Z [36;1mpython3 --version[0m
2023-10-01T00:26:09.7614637Z [36;1mpython3 generate_images.py[0m
2023-10-01T00:26:09.7669640Z shell: /usr/bin/bash -e {0}
2023-10-01T00:26:09.7669866Z env:
2023-10-01T00:26:09.7670134Z   pythonLocation: /opt/hostedtoolcache/Python/3.8.18/x64
2023-10-01T00:26:09.7670496Z   PKG_CONFIG_PATH: /opt/hostedtoolcache/Python/3.8.18/x64/lib/pkgconfig
2023-10-01T00:26:09.7670840Z   Python_ROOT_DIR: /opt/hostedtoolcache/Python/3.8.18/x64
2023-10-01T00:26:09.7671167Z   Python2_ROOT_DIR: /opt/hostedtoolcache/Python/3.8.18/x64
2023-10-01T00:26:09.7671488Z   Python3_ROOT_DIR: /opt/hostedtoolcache/Python/3.8.18/x64
2023-10-01T00:26:09.7671821Z   LD_LIBRARY_PATH: /opt/hostedtoolcache/Python/3.8.18/x64/lib
2023-10-01T00:26:09.7672243Z   ACCESS_TOKEN: ***
2023-10-01T00:26:09.7672564Z   GITHUB_TOKEN: ***
2023-10-01T00:26:09.7672770Z   EXCLUDED: 
2023-10-01T00:26:09.7672975Z   EXCLUDED_LANGS: 
2023-10-01T00:26:09.7673285Z   EXCLUDE_FORKED_REPOS: true
2023-10-01T00:26:09.7673642Z ##[endgroup]
2023-10-01T00:26:09.7765402Z Python 3.8.18
2023-10-01T00:26:46.0983700Z A path returned 202. Retrying...
2023-10-01T00:26:46.0985030Z A path returned 202. Retrying...
2023-10-01T00:26:46.1512801Z Traceback (most recent call last):
2023-10-01T00:26:46.1525674Z   File "generate_images.py", line 136, in <module>
2023-10-01T00:26:46.1526029Z     asyncio.run(main())
2023-10-01T00:26:46.1526461Z   File "/opt/hostedtoolcache/Python/3.8.18/x64/lib/python3.8/asyncio/runners.py", line 44, in run
2023-10-01T00:26:46.1526833Z     return loop.run_until_complete(main)
2023-10-01T00:26:46.1527272Z   File "/opt/hostedtoolcache/Python/3.8.18/x64/lib/python3.8/asyncio/base_events.py", line 616, in run_until_complete
2023-10-01T00:26:46.1527659Z     return future.result()
2023-10-01T00:26:46.1528286Z   File "generate_images.py", line 132, in main
2023-10-01T00:26:46.1528635Z     await asyncio.gather(generate_languages(s), generate_overview(s))
2023-10-01T00:26:46.1529033Z   File "generate_images.py", line 42, in generate_overview
2023-10-01T00:26:46.1529389Z     changed = (await s.lines_changed)[0] + (await s.lines_changed)[1]
2023-10-01T00:26:46.1529826Z   File "/home/runner/work/GitHub_Stats_A/GitHub_Stats_A/github_stats.py", line 486, in lines_changed
2023-10-01T00:26:46.1530179Z     for repo in await self.repos:
2023-10-01T00:26:46.1530477Z RuntimeError: Set changed size during iteration
2023-10-01T00:26:46.1768509Z ##[error]Process completed with exit code 1.
2023-10-01T00:26:46.1839631Z Post job cleanup.
2023-10-01T00:26:46.2904243Z [command]/usr/bin/git version
2023-10-01T00:26:46.2953335Z git version 2.42.0
2023-10-01T00:26:46.3003065Z Temporarily overriding HOME='/home/runner/work/_temp/54b16652-2b74-412d-a545-cf30460472a1' before making global git config changes
2023-10-01T00:26:46.3005597Z Adding repository directory to the temporary git global config as a safe directory
2023-10-01T00:26:46.3012740Z [command]/usr/bin/git config --global --add safe.directory /home/runner/work/GitHub_Stats_A/GitHub_Stats_A
2023-10-01T00:26:46.3057413Z [command]/usr/bin/git config --local --name-only --get-regexp core\.sshCommand
2023-10-01T00:26:46.3098238Z [command]/usr/bin/git submodule foreach --recursive sh -c "git config --local --name-only --get-regexp 'core\.sshCommand' && git config --local --unset-all 'core.sshCommand' || :"
2023-10-01T00:26:46.3386527Z [command]/usr/bin/git config --local --name-only --get-regexp http\.https\:\/\/github\.com\/\.extraheader
2023-10-01T00:26:46.3404660Z http.https://github.com/.extraheader
2023-10-01T00:26:46.3421342Z [command]/usr/bin/git config --local --unset-all http.https://github.com/.extraheader
2023-10-01T00:26:46.3463519Z [command]/usr/bin/git submodule foreach --recursive sh -c "git config --local --name-only --get-regexp 'http\.https\:\/\/github\.com\/\.extraheader' && git config --local --unset-all 'http.https://github.com/.extraheader' || :"
2023-10-01T00:26:46.4044936Z Cleaning up orphan processes
