2023-10-15T00:24:26.8334000Z Requested labels: ubuntu-latest
2023-10-15T00:24:26.8334366Z Job defined at: seanpm2001/GitHub_Stats_A/.github/workflows/main.yml@refs/heads/master
2023-10-15T00:24:26.8334466Z Waiting for a runner to pick up this job...
2023-10-15T00:24:29.7086703Z Job is waiting for a hosted runner to come online.
2023-10-15T00:24:33.3507695Z Job is about to start running on the hosted runner: GitHub Actions 15 (hosted)
2023-10-15T00:24:36.0062260Z Current runner version: '2.310.2'
2023-10-15T00:24:36.0095866Z ##[group]Operating System
2023-10-15T00:24:36.0096767Z Ubuntu
2023-10-15T00:24:36.0097194Z 22.04.3
2023-10-15T00:24:36.0097760Z LTS
2023-10-15T00:24:36.0098246Z ##[endgroup]
2023-10-15T00:24:36.0098782Z ##[group]Runner Image
2023-10-15T00:24:36.0099426Z Image: ubuntu-22.04
2023-10-15T00:24:36.0100000Z Version: 20231001.1.0
2023-10-15T00:24:36.0101406Z Included Software: https://github.com/actions/runner-images/blob/ubuntu22/20231001.1/images/linux/Ubuntu2204-Readme.md
2023-10-15T00:24:36.0103488Z Image Release: https://github.com/actions/runner-images/releases/tag/ubuntu22%2F20231001.1
2023-10-15T00:24:36.0104674Z ##[endgroup]
2023-10-15T00:24:36.0105265Z ##[group]Runner Image Provisioner
2023-10-15T00:24:36.0106015Z 2.0.310.1
2023-10-15T00:24:36.0106473Z ##[endgroup]
2023-10-15T00:24:36.0107818Z ##[group]GITHUB_TOKEN Permissions
2023-10-15T00:24:36.0109934Z Contents: write
2023-10-15T00:24:36.0110486Z Metadata: read
2023-10-15T00:24:36.0111409Z ##[endgroup]
2023-10-15T00:24:36.0115706Z Secret source: Actions
2023-10-15T00:24:36.0116599Z Prepare workflow directory
2023-10-15T00:24:36.0898981Z Prepare all required actions
2023-10-15T00:24:36.1101657Z Getting action download info
2023-10-15T00:24:36.3579113Z Download action repository 'actions/checkout@v3' (SHA:f43a0e5ff2bd294095638e18286ca9a3d1956744)
2023-10-15T00:24:36.9934761Z Download action repository 'actions/setup-python@v4' (SHA:65d7f2d534ac1bc67fcd62888c5f4f3d2cb2b236)
2023-10-15T00:24:37.7649193Z Complete job name: build
2023-10-15T00:24:37.8864156Z ##[group]Run actions/checkout@v3
2023-10-15T00:24:37.8864735Z with:
2023-10-15T00:24:37.8865098Z   repository: seanpm2001/GitHub_Stats_A
2023-10-15T00:24:37.8865901Z   token: ***
2023-10-15T00:24:37.8866219Z   ssh-strict: true
2023-10-15T00:24:37.8866596Z   persist-credentials: true
2023-10-15T00:24:37.8867015Z   clean: true
2023-10-15T00:24:37.8867379Z   sparse-checkout-cone-mode: true
2023-10-15T00:24:37.8867841Z   fetch-depth: 1
2023-10-15T00:24:37.8868210Z   fetch-tags: false
2023-10-15T00:24:37.8868560Z   lfs: false
2023-10-15T00:24:37.8868863Z   submodules: false
2023-10-15T00:24:37.8869232Z   set-safe-directory: true
2023-10-15T00:24:37.8869645Z ##[endgroup]
2023-10-15T00:24:38.1650443Z Syncing repository: seanpm2001/GitHub_Stats_A
2023-10-15T00:24:38.1652878Z ##[group]Getting Git version info
2023-10-15T00:24:38.1653879Z Working directory is '/home/runner/work/GitHub_Stats_A/GitHub_Stats_A'
2023-10-15T00:24:38.1656813Z [command]/usr/bin/git version
2023-10-15T00:24:38.1661931Z git version 2.42.0
2023-10-15T00:24:38.1690336Z ##[endgroup]
2023-10-15T00:24:38.1709268Z Temporarily overriding HOME='/home/runner/work/_temp/f7759dd8-8f14-48c4-acc0-aee68b5b5b7b' before making global git config changes
2023-10-15T00:24:38.1710731Z Adding repository directory to the temporary git global config as a safe directory
2023-10-15T00:24:38.1713540Z [command]/usr/bin/git config --global --add safe.directory /home/runner/work/GitHub_Stats_A/GitHub_Stats_A
2023-10-15T00:24:38.1768641Z Deleting the contents of '/home/runner/work/GitHub_Stats_A/GitHub_Stats_A'
2023-10-15T00:24:38.1770158Z ##[group]Initializing the repository
2023-10-15T00:24:38.1772813Z [command]/usr/bin/git init /home/runner/work/GitHub_Stats_A/GitHub_Stats_A
2023-10-15T00:24:38.1865629Z hint: Using 'master' as the name for the initial branch. This default branch name
2023-10-15T00:24:38.1867147Z hint: is subject to change. To configure the initial branch name to use in all
2023-10-15T00:24:38.1868644Z hint: of your new repositories, which will suppress this warning, call:
2023-10-15T00:24:38.1869617Z hint: 
2023-10-15T00:24:38.1870544Z hint: 	git config --global init.defaultBranch <name>
2023-10-15T00:24:38.1871314Z hint: 
2023-10-15T00:24:38.1872334Z hint: Names commonly chosen instead of 'master' are 'main', 'trunk' and
2023-10-15T00:24:38.1873566Z hint: 'development'. The just-created branch can be renamed via this command:
2023-10-15T00:24:38.1874669Z hint: 
2023-10-15T00:24:38.1875233Z hint: 	git branch -m <name>
2023-10-15T00:24:38.1883756Z Initialized empty Git repository in /home/runner/work/GitHub_Stats_A/GitHub_Stats_A/.git/
2023-10-15T00:24:38.1894610Z [command]/usr/bin/git remote add origin https://github.com/seanpm2001/GitHub_Stats_A
2023-10-15T00:24:38.1943825Z ##[endgroup]
2023-10-15T00:24:38.1944775Z ##[group]Disabling automatic garbage collection
2023-10-15T00:24:38.1947151Z [command]/usr/bin/git config --local gc.auto 0
2023-10-15T00:24:38.1987193Z ##[endgroup]
2023-10-15T00:24:38.1988049Z ##[group]Setting up auth
2023-10-15T00:24:38.1993852Z [command]/usr/bin/git config --local --name-only --get-regexp core\.sshCommand
2023-10-15T00:24:38.2033238Z [command]/usr/bin/git submodule foreach --recursive sh -c "git config --local --name-only --get-regexp 'core\.sshCommand' && git config --local --unset-all 'core.sshCommand' || :"
2023-10-15T00:24:38.2498533Z [command]/usr/bin/git config --local --name-only --get-regexp http\.https\:\/\/github\.com\/\.extraheader
2023-10-15T00:24:38.2501519Z [command]/usr/bin/git submodule foreach --recursive sh -c "git config --local --name-only --get-regexp 'http\.https\:\/\/github\.com\/\.extraheader' && git config --local --unset-all 'http.https://github.com/.extraheader' || :"
2023-10-15T00:24:38.2752978Z [command]/usr/bin/git config --local http.https://github.com/.extraheader AUTHORIZATION: basic ***
2023-10-15T00:24:38.2799723Z ##[endgroup]
2023-10-15T00:24:38.2800679Z ##[group]Fetching the repository
2023-10-15T00:24:38.2810307Z [command]/usr/bin/git -c protocol.version=2 fetch --no-tags --prune --progress --no-recurse-submodules --depth=1 origin +d37eab5036f6c943b03678b3ea900e7862e26283:refs/remotes/origin/master
2023-10-15T00:24:38.6890135Z remote: Enumerating objects: 8390, done.        
2023-10-15T00:24:38.6980545Z remote: Counting objects:   0% (1/8390)        
2023-10-15T00:24:38.6987296Z remote: Counting objects:   1% (84/8390)        
2023-10-15T00:24:38.6991687Z remote: Counting objects:   2% (168/8390)        
2023-10-15T00:24:38.6995789Z remote: Counting objects:   3% (252/8390)        
2023-10-15T00:24:38.6999839Z remote: Counting objects:   4% (336/8390)        
2023-10-15T00:24:38.7003768Z remote: Counting objects:   5% (420/8390)        
2023-10-15T00:24:38.7007952Z remote: Counting objects:   6% (504/8390)        
2023-10-15T00:24:38.7011850Z remote: Counting objects:   7% (588/8390)        
2023-10-15T00:24:38.7016159Z remote: Counting objects:   8% (672/8390)        
2023-10-15T00:24:38.7021171Z remote: Counting objects:   9% (756/8390)        
2023-10-15T00:24:38.7025345Z remote: Counting objects:  10% (839/8390)        
2023-10-15T00:24:38.7029887Z remote: Counting objects:  11% (923/8390)        
2023-10-15T00:24:38.7034316Z remote: Counting objects:  12% (1007/8390)        
2023-10-15T00:24:38.7038596Z remote: Counting objects:  13% (1091/8390)        
2023-10-15T00:24:38.7042860Z remote: Counting objects:  14% (1175/8390)        
2023-10-15T00:24:38.7047070Z remote: Counting objects:  15% (1259/8390)        
2023-10-15T00:24:38.7206204Z remote: Counting objects:  16% (1343/8390)        
2023-10-15T00:24:38.7211093Z remote: Counting objects:  17% (1427/8390)        
2023-10-15T00:24:38.7215975Z remote: Counting objects:  18% (1511/8390)        
2023-10-15T00:24:38.7220387Z remote: Counting objects:  19% (1595/8390)        
2023-10-15T00:24:38.7225126Z remote: Counting objects:  20% (1678/8390)        
2023-10-15T00:24:38.7228207Z remote: Counting objects:  21% (1762/8390)        
2023-10-15T00:24:38.7231155Z remote: Counting objects:  22% (1846/8390)        
2023-10-15T00:24:38.7234012Z remote: Counting objects:  23% (1930/8390)        
2023-10-15T00:24:38.7236839Z remote: Counting objects:  24% (2014/8390)        
2023-10-15T00:24:38.7239690Z remote: Counting objects:  25% (2098/8390)        
2023-10-15T00:24:38.7242512Z remote: Counting objects:  26% (2182/8390)        
2023-10-15T00:24:38.7245348Z remote: Counting objects:  27% (2266/8390)        
2023-10-15T00:24:38.7248264Z remote: Counting objects:  28% (2350/8390)        
2023-10-15T00:24:38.7251766Z remote: Counting objects:  29% (2434/8390)        
2023-10-15T00:24:38.7254864Z remote: Counting objects:  30% (2517/8390)        
2023-10-15T00:24:38.7257764Z remote: Counting objects:  31% (2601/8390)        
2023-10-15T00:24:38.7260973Z remote: Counting objects:  32% (2685/8390)        
2023-10-15T00:24:38.7263750Z remote: Counting objects:  33% (2769/8390)        
2023-10-15T00:24:38.7272038Z remote: Counting objects:  34% (2853/8390)        
2023-10-15T00:24:38.7272727Z remote: Counting objects:  35% (2937/8390)        
2023-10-15T00:24:38.7273353Z remote: Counting objects:  36% (3021/8390)        
2023-10-15T00:24:38.7273955Z remote: Counting objects:  37% (3105/8390)        
2023-10-15T00:24:38.7274576Z remote: Counting objects:  38% (3189/8390)        
2023-10-15T00:24:38.7275188Z remote: Counting objects:  39% (3273/8390)        
2023-10-15T00:24:38.7275804Z remote: Counting objects:  40% (3356/8390)        
2023-10-15T00:24:38.7276402Z remote: Counting objects:  41% (3440/8390)        
2023-10-15T00:24:38.7277033Z remote: Counting objects:  42% (3524/8390)        
2023-10-15T00:24:38.7277644Z remote: Counting objects:  43% (3608/8390)        
2023-10-15T00:24:38.7278256Z remote: Counting objects:  44% (3692/8390)        
2023-10-15T00:24:38.7278857Z remote: Counting objects:  45% (3776/8390)        
2023-10-15T00:24:38.7279466Z remote: Counting objects:  46% (3860/8390)        
2023-10-15T00:24:38.7280087Z remote: Counting objects:  47% (3944/8390)        
2023-10-15T00:24:38.7281079Z remote: Counting objects:  48% (4028/8390)        
2023-10-15T00:24:38.7281692Z remote: Counting objects:  49% (4112/8390)        
2023-10-15T00:24:38.7282304Z remote: Counting objects:  50% (4195/8390)        
2023-10-15T00:24:38.7282919Z remote: Counting objects:  51% (4279/8390)        
2023-10-15T00:24:38.7283532Z remote: Counting objects:  52% (4363/8390)        
2023-10-15T00:24:38.7284130Z remote: Counting objects:  53% (4447/8390)        
2023-10-15T00:24:38.7284744Z remote: Counting objects:  54% (4531/8390)        
2023-10-15T00:24:38.7285364Z remote: Counting objects:  55% (4615/8390)        
2023-10-15T00:24:38.7285976Z remote: Counting objects:  56% (4699/8390)        
2023-10-15T00:24:38.7286578Z remote: Counting objects:  57% (4783/8390)        
2023-10-15T00:24:38.7287188Z remote: Counting objects:  58% (4867/8390)        
2023-10-15T00:24:38.7287795Z remote: Counting objects:  59% (4951/8390)        
2023-10-15T00:24:38.7288407Z remote: Counting objects:  60% (5034/8390)        
2023-10-15T00:24:38.7289018Z remote: Counting objects:  61% (5118/8390)        
2023-10-15T00:24:38.7289628Z remote: Counting objects:  62% (5202/8390)        
2023-10-15T00:24:38.7294716Z remote: Counting objects:  63% (5286/8390)        
2023-10-15T00:24:38.7295369Z remote: Counting objects:  64% (5370/8390)        
2023-10-15T00:24:38.7295987Z remote: Counting objects:  65% (5454/8390)        
2023-10-15T00:24:38.7296586Z remote: Counting objects:  66% (5538/8390)        
2023-10-15T00:24:38.7297198Z remote: Counting objects:  67% (5622/8390)        
2023-10-15T00:24:38.7297836Z remote: Counting objects:  68% (5706/8390)        
2023-10-15T00:24:38.7298446Z remote: Counting objects:  69% (5790/8390)        
2023-10-15T00:24:38.7299084Z remote: Counting objects:  70% (5873/8390)        
2023-10-15T00:24:38.7299696Z remote: Counting objects:  71% (5957/8390)        
2023-10-15T00:24:38.7300305Z remote: Counting objects:  72% (6041/8390)        
2023-10-15T00:24:38.7309356Z remote: Counting objects:  73% (6125/8390)        
2023-10-15T00:24:38.7310074Z remote: Counting objects:  74% (6209/8390)        
2023-10-15T00:24:38.7310712Z remote: Counting objects:  75% (6293/8390)        
2023-10-15T00:24:38.7311334Z remote: Counting objects:  76% (6377/8390)        
2023-10-15T00:24:38.7311956Z remote: Counting objects:  77% (6461/8390)        
2023-10-15T00:24:38.7312561Z remote: Counting objects:  78% (6545/8390)        
2023-10-15T00:24:38.7313174Z remote: Counting objects:  79% (6629/8390)        
2023-10-15T00:24:38.7314112Z remote: Counting objects:  80% (6712/8390)        
2023-10-15T00:24:38.7314728Z remote: Counting objects:  81% (6796/8390)        
2023-10-15T00:24:38.7315335Z remote: Counting objects:  82% (6880/8390)        
2023-10-15T00:24:38.7315947Z remote: Counting objects:  83% (6964/8390)        
2023-10-15T00:24:38.7316563Z remote: Counting objects:  84% (7048/8390)        
2023-10-15T00:24:38.7317184Z remote: Counting objects:  85% (7132/8390)        
2023-10-15T00:24:38.7317785Z remote: Counting objects:  86% (7216/8390)        
2023-10-15T00:24:38.7318405Z remote: Counting objects:  87% (7300/8390)        
2023-10-15T00:24:38.7319018Z remote: Counting objects:  88% (7384/8390)        
2023-10-15T00:24:38.7319631Z remote: Counting objects:  89% (7468/8390)        
2023-10-15T00:24:38.7320239Z remote: Counting objects:  90% (7551/8390)        
2023-10-15T00:24:38.7320859Z remote: Counting objects:  91% (7635/8390)        
2023-10-15T00:24:38.7321473Z remote: Counting objects:  92% (7719/8390)        
2023-10-15T00:24:38.7322109Z remote: Counting objects:  93% (7803/8390)        
2023-10-15T00:24:38.7322711Z remote: Counting objects:  94% (7887/8390)        
2023-10-15T00:24:38.7323323Z remote: Counting objects:  95% (7971/8390)        
2023-10-15T00:24:38.7324142Z remote: Counting objects:  96% (8055/8390)        
2023-10-15T00:24:38.7324768Z remote: Counting objects:  97% (8139/8390)        
2023-10-15T00:24:38.7325383Z remote: Counting objects:  98% (8223/8390)        
2023-10-15T00:24:38.7326136Z remote: Counting objects:  99% (8307/8390)        
2023-10-15T00:24:38.7326760Z remote: Counting objects: 100% (8390/8390)        
2023-10-15T00:24:38.7327415Z remote: Counting objects: 100% (8390/8390), done.        
2023-10-15T00:24:38.7328105Z remote: Compressing objects:   0% (1/3205)        
2023-10-15T00:24:38.8192105Z remote: Compressing objects:   1% (33/3205)        
2023-10-15T00:24:38.8222952Z remote: Compressing objects:   2% (65/3205)        
2023-10-15T00:24:38.8228612Z remote: Compressing objects:   3% (97/3205)        
2023-10-15T00:24:38.8230134Z remote: Compressing objects:   4% (129/3205)        
2023-10-15T00:24:38.8230899Z remote: Compressing objects:   5% (161/3205)        
2023-10-15T00:24:38.8231649Z remote: Compressing objects:   6% (193/3205)        
2023-10-15T00:24:38.8232408Z remote: Compressing objects:   7% (225/3205)        
2023-10-15T00:24:38.8233139Z remote: Compressing objects:   8% (257/3205)        
2023-10-15T00:24:38.8233855Z remote: Compressing objects:   9% (289/3205)        
2023-10-15T00:24:38.8234608Z remote: Compressing objects:  10% (321/3205)        
2023-10-15T00:24:38.8235344Z remote: Compressing objects:  11% (353/3205)        
2023-10-15T00:24:38.8236060Z remote: Compressing objects:  12% (385/3205)        
2023-10-15T00:24:38.8236790Z remote: Compressing objects:  13% (417/3205)        
2023-10-15T00:24:38.8237524Z remote: Compressing objects:  14% (449/3205)        
2023-10-15T00:24:38.8336176Z remote: Compressing objects:  15% (481/3205)        
2023-10-15T00:24:38.8403881Z remote: Compressing objects:  16% (513/3205)        
2023-10-15T00:24:38.8407182Z remote: Compressing objects:  17% (545/3205)        
2023-10-15T00:24:38.8411376Z remote: Compressing objects:  18% (577/3205)        
2023-10-15T00:24:38.8417156Z remote: Compressing objects:  19% (609/3205)        
2023-10-15T00:24:38.8417907Z remote: Compressing objects:  20% (641/3205)        
2023-10-15T00:24:38.8418632Z remote: Compressing objects:  21% (674/3205)        
2023-10-15T00:24:38.8419396Z remote: Compressing objects:  22% (706/3205)        
2023-10-15T00:24:38.8420129Z remote: Compressing objects:  23% (738/3205)        
2023-10-15T00:24:38.8420858Z remote: Compressing objects:  24% (770/3205)        
2023-10-15T00:24:38.8421579Z remote: Compressing objects:  25% (802/3205)        
2023-10-15T00:24:38.8422306Z remote: Compressing objects:  26% (834/3205)        
2023-10-15T00:24:38.8423034Z remote: Compressing objects:  27% (866/3205)        
2023-10-15T00:24:38.8423933Z remote: Compressing objects:  28% (898/3205)        
2023-10-15T00:24:38.8482221Z remote: Compressing objects:  29% (930/3205)        
2023-10-15T00:24:38.8752690Z remote: Compressing objects:  30% (962/3205)        
2023-10-15T00:24:38.9157691Z remote: Compressing objects:  31% (994/3205)        
2023-10-15T00:24:38.9535474Z remote: Compressing objects:  32% (1026/3205)        
2023-10-15T00:24:38.9879543Z remote: Compressing objects:  33% (1058/3205)        
2023-10-15T00:24:39.0362918Z remote: Compressing objects:  34% (1090/3205)        
2023-10-15T00:24:39.0730922Z remote: Compressing objects:  35% (1122/3205)        
2023-10-15T00:24:39.1152644Z remote: Compressing objects:  36% (1154/3205)        
2023-10-15T00:24:39.1683370Z remote: Compressing objects:  37% (1186/3205)        
2023-10-15T00:24:39.2126098Z remote: Compressing objects:  38% (1218/3205)        
2023-10-15T00:24:39.2472445Z remote: Compressing objects:  39% (1250/3205)        
2023-10-15T00:24:39.2881341Z remote: Compressing objects:  40% (1282/3205)        
2023-10-15T00:24:39.3253599Z remote: Compressing objects:  41% (1315/3205)        
2023-10-15T00:24:39.3428549Z remote: Compressing objects:  42% (1347/3205)        
2023-10-15T00:24:39.4448170Z remote: Compressing objects:  43% (1379/3205)        
2023-10-15T00:24:39.4896714Z remote: Compressing objects:  44% (1411/3205)        
2023-10-15T00:24:39.4898910Z remote: Compressing objects:  45% (1443/3205)        
2023-10-15T00:24:39.4995463Z remote: Compressing objects:  46% (1475/3205)        
2023-10-15T00:24:39.5051262Z remote: Compressing objects:  47% (1507/3205)        
2023-10-15T00:24:39.5052703Z remote: Compressing objects:  48% (1539/3205)        
2023-10-15T00:24:39.5053816Z remote: Compressing objects:  49% (1571/3205)        
2023-10-15T00:24:39.5056392Z remote: Compressing objects:  50% (1603/3205)        
2023-10-15T00:24:39.5061884Z remote: Compressing objects:  51% (1635/3205)        
2023-10-15T00:24:39.5066245Z remote: Compressing objects:  52% (1667/3205)        
2023-10-15T00:24:39.5074961Z remote: Compressing objects:  53% (1699/3205)        
2023-10-15T00:24:39.5077913Z remote: Compressing objects:  54% (1731/3205)        
2023-10-15T00:24:39.5084550Z remote: Compressing objects:  55% (1763/3205)        
2023-10-15T00:24:39.5090185Z remote: Compressing objects:  56% (1795/3205)        
2023-10-15T00:24:39.5096310Z remote: Compressing objects:  57% (1827/3205)        
2023-10-15T00:24:39.5102346Z remote: Compressing objects:  58% (1859/3205)        
2023-10-15T00:24:39.5108171Z remote: Compressing objects:  59% (1891/3205)        
2023-10-15T00:24:39.5115237Z remote: Compressing objects:  60% (1923/3205)        
2023-10-15T00:24:39.5120513Z remote: Compressing objects:  61% (1956/3205)        
2023-10-15T00:24:39.5123131Z remote: Compressing objects:  62% (1988/3205)        
2023-10-15T00:24:39.5142466Z remote: Compressing objects:  63% (2020/3205)        
2023-10-15T00:24:39.5144895Z remote: Compressing objects:  64% (2052/3205)        
2023-10-15T00:24:39.5147125Z remote: Compressing objects:  65% (2084/3205)        
2023-10-15T00:24:39.5149155Z remote: Compressing objects:  66% (2116/3205)        
2023-10-15T00:24:39.5150046Z remote: Compressing objects:  67% (2148/3205)        
2023-10-15T00:24:39.5152478Z remote: Compressing objects:  68% (2180/3205)        
2023-10-15T00:24:39.5153558Z remote: Compressing objects:  69% (2212/3205)        
2023-10-15T00:24:39.5154524Z remote: Compressing objects:  70% (2244/3205)        
2023-10-15T00:24:39.5155302Z remote: Compressing objects:  71% (2276/3205)        
2023-10-15T00:24:39.5158553Z remote: Compressing objects:  72% (2308/3205)        
2023-10-15T00:24:39.5159375Z remote: Compressing objects:  73% (2340/3205)        
2023-10-15T00:24:39.5160134Z remote: Compressing objects:  74% (2372/3205)        
2023-10-15T00:24:39.5161048Z remote: Compressing objects:  75% (2404/3205)        
2023-10-15T00:24:39.5211355Z remote: Compressing objects:  76% (2436/3205)        
2023-10-15T00:24:39.5212602Z remote: Compressing objects:  77% (2468/3205)        
2023-10-15T00:24:39.5214277Z remote: Compressing objects:  78% (2500/3205)        
2023-10-15T00:24:39.5215236Z remote: Compressing objects:  79% (2532/3205)        
2023-10-15T00:24:39.5216268Z remote: Compressing objects:  80% (2564/3205)        
2023-10-15T00:24:39.5217172Z remote: Compressing objects:  81% (2597/3205)        
2023-10-15T00:24:39.5218109Z remote: Compressing objects:  82% (2629/3205)        
2023-10-15T00:24:39.5219127Z remote: Compressing objects:  83% (2661/3205)        
2023-10-15T00:24:39.5220080Z remote: Compressing objects:  84% (2693/3205)        
2023-10-15T00:24:39.5220970Z remote: Compressing objects:  85% (2725/3205)        
2023-10-15T00:24:39.5221981Z remote: Compressing objects:  86% (2757/3205)        
2023-10-15T00:24:39.5223036Z remote: Compressing objects:  87% (2789/3205)        
2023-10-15T00:24:39.5223981Z remote: Compressing objects:  88% (2821/3205)        
2023-10-15T00:24:39.5224977Z remote: Compressing objects:  89% (2853/3205)        
2023-10-15T00:24:39.5225873Z remote: Compressing objects:  90% (2885/3205)        
2023-10-15T00:24:39.5226825Z remote: Compressing objects:  91% (2917/3205)        
2023-10-15T00:24:39.5227886Z remote: Compressing objects:  92% (2949/3205)        
2023-10-15T00:24:39.5228814Z remote: Compressing objects:  93% (2981/3205)        
2023-10-15T00:24:39.5229753Z remote: Compressing objects:  94% (3013/3205)        
2023-10-15T00:24:39.5230700Z remote: Compressing objects:  95% (3045/3205)        
2023-10-15T00:24:39.5231639Z remote: Compressing objects:  96% (3077/3205)        
2023-10-15T00:24:39.5232806Z remote: Compressing objects:  97% (3109/3205)        
2023-10-15T00:24:39.5233888Z remote: Compressing objects:  98% (3141/3205)        
2023-10-15T00:24:39.5234781Z remote: Compressing objects:  99% (3173/3205)        
2023-10-15T00:24:39.5235705Z remote: Compressing objects: 100% (3205/3205)        
2023-10-15T00:24:39.5236777Z remote: Compressing objects: 100% (3205/3205), done.        
2023-10-15T00:24:39.6048620Z Receiving objects:   0% (1/8390)
2023-10-15T00:24:39.6100956Z Receiving objects:   1% (84/8390)
2023-10-15T00:24:39.6329224Z Receiving objects:   2% (168/8390)
2023-10-15T00:24:39.6369097Z Receiving objects:   3% (252/8390)
2023-10-15T00:24:39.6422409Z Receiving objects:   4% (336/8390)
2023-10-15T00:24:39.6588804Z Receiving objects:   5% (420/8390)
2023-10-15T00:24:39.6661856Z Receiving objects:   6% (504/8390)
2023-10-15T00:24:39.6682001Z Receiving objects:   7% (588/8390)
2023-10-15T00:24:39.6704342Z Receiving objects:   8% (672/8390)
2023-10-15T00:24:39.6724608Z Receiving objects:   9% (756/8390)
2023-10-15T00:24:39.6748579Z Receiving objects:  10% (839/8390)
2023-10-15T00:24:39.6796909Z Receiving objects:  11% (923/8390)
2023-10-15T00:24:39.6801798Z Receiving objects:  12% (1007/8390)
2023-10-15T00:24:39.6806002Z Receiving objects:  13% (1091/8390)
2023-10-15T00:24:39.6881558Z Receiving objects:  14% (1175/8390)
2023-10-15T00:24:39.7040771Z Receiving objects:  15% (1259/8390)
2023-10-15T00:24:39.7143192Z Receiving objects:  16% (1343/8390)
2023-10-15T00:24:39.7252965Z Receiving objects:  17% (1427/8390)
2023-10-15T00:24:39.7353542Z Receiving objects:  18% (1511/8390)
2023-10-15T00:24:39.7453297Z Receiving objects:  19% (1595/8390)
2023-10-15T00:24:39.7555023Z Receiving objects:  20% (1678/8390)
2023-10-15T00:24:39.7650449Z Receiving objects:  21% (1762/8390)
2023-10-15T00:24:39.7775796Z Receiving objects:  22% (1846/8390)
2023-10-15T00:24:39.7875403Z Receiving objects:  23% (1930/8390)
2023-10-15T00:24:39.7962982Z Receiving objects:  24% (2014/8390)
2023-10-15T00:24:39.8106792Z Receiving objects:  25% (2098/8390)
2023-10-15T00:24:39.8224116Z Receiving objects:  26% (2182/8390)
2023-10-15T00:24:39.8344914Z Receiving objects:  27% (2266/8390)
2023-10-15T00:24:39.8463707Z Receiving objects:  28% (2350/8390)
2023-10-15T00:24:39.8599493Z Receiving objects:  29% (2434/8390)
2023-10-15T00:24:39.8690203Z Receiving objects:  30% (2517/8390)
2023-10-15T00:24:39.8796873Z Receiving objects:  31% (2601/8390)
2023-10-15T00:24:39.8898291Z Receiving objects:  32% (2685/8390)
2023-10-15T00:24:39.8954780Z Receiving objects:  33% (2769/8390)
2023-10-15T00:24:39.9010747Z Receiving objects:  34% (2853/8390)
2023-10-15T00:24:39.9127115Z Receiving objects:  35% (2937/8390)
2023-10-15T00:24:39.9266582Z Receiving objects:  36% (3021/8390)
2023-10-15T00:24:39.9357964Z Receiving objects:  37% (3105/8390)
2023-10-15T00:24:39.9400264Z Receiving objects:  38% (3189/8390)
2023-10-15T00:24:39.9438406Z Receiving objects:  39% (3273/8390)
2023-10-15T00:24:39.9477104Z Receiving objects:  40% (3356/8390)
2023-10-15T00:24:39.9519752Z Receiving objects:  41% (3440/8390)
2023-10-15T00:24:39.9559460Z Receiving objects:  42% (3524/8390)
2023-10-15T00:24:39.9598905Z Receiving objects:  43% (3608/8390)
2023-10-15T00:24:39.9642580Z Receiving objects:  44% (3692/8390)
2023-10-15T00:24:39.9774015Z Receiving objects:  45% (3776/8390)
2023-10-15T00:24:39.9898297Z Receiving objects:  46% (3860/8390)
2023-10-15T00:24:40.0049924Z Receiving objects:  47% (3944/8390)
2023-10-15T00:24:40.0236836Z Receiving objects:  48% (4028/8390)
2023-10-15T00:24:40.0346194Z Receiving objects:  49% (4112/8390)
2023-10-15T00:24:40.0500076Z Receiving objects:  50% (4195/8390)
2023-10-15T00:24:40.0609912Z Receiving objects:  51% (4279/8390), 15.21 MiB | 30.41 MiB/s
2023-10-15T00:24:40.0777198Z Receiving objects:  52% (4363/8390), 15.21 MiB | 30.41 MiB/s
2023-10-15T00:24:40.0893494Z Receiving objects:  53% (4447/8390), 15.21 MiB | 30.41 MiB/s
2023-10-15T00:24:40.1033801Z Receiving objects:  54% (4531/8390), 15.21 MiB | 30.41 MiB/s
2023-10-15T00:24:40.1160709Z Receiving objects:  55% (4615/8390), 15.21 MiB | 30.41 MiB/s
2023-10-15T00:24:40.1244085Z Receiving objects:  56% (4699/8390), 15.21 MiB | 30.41 MiB/s
2023-10-15T00:24:40.1368945Z Receiving objects:  57% (4783/8390), 15.21 MiB | 30.41 MiB/s
2023-10-15T00:24:40.1539107Z Receiving objects:  58% (4867/8390), 15.21 MiB | 30.41 MiB/s
2023-10-15T00:24:40.1697744Z Receiving objects:  59% (4951/8390), 15.21 MiB | 30.41 MiB/s
2023-10-15T00:24:40.1843838Z Receiving objects:  60% (5034/8390), 15.21 MiB | 30.41 MiB/s
2023-10-15T00:24:40.1994219Z Receiving objects:  61% (5118/8390), 15.21 MiB | 30.41 MiB/s
2023-10-15T00:24:40.2143503Z Receiving objects:  62% (5202/8390), 15.21 MiB | 30.41 MiB/s
2023-10-15T00:24:40.2314453Z Receiving objects:  63% (5286/8390), 15.21 MiB | 30.41 MiB/s
2023-10-15T00:24:40.2435711Z Receiving objects:  64% (5370/8390), 15.21 MiB | 30.41 MiB/s
2023-10-15T00:24:40.2593221Z Receiving objects:  65% (5454/8390), 15.21 MiB | 30.41 MiB/s
2023-10-15T00:24:40.2768462Z Receiving objects:  66% (5538/8390), 15.21 MiB | 30.41 MiB/s
2023-10-15T00:24:40.2896733Z Receiving objects:  67% (5622/8390), 15.21 MiB | 30.41 MiB/s
2023-10-15T00:24:40.3103375Z Receiving objects:  68% (5706/8390), 15.21 MiB | 30.41 MiB/s
2023-10-15T00:24:40.3295568Z Receiving objects:  69% (5790/8390), 15.21 MiB | 30.41 MiB/s
2023-10-15T00:24:40.3417399Z Receiving objects:  70% (5873/8390), 15.21 MiB | 30.41 MiB/s
2023-10-15T00:24:40.3523444Z Receiving objects:  71% (5957/8390), 15.21 MiB | 30.41 MiB/s
2023-10-15T00:24:40.3657035Z Receiving objects:  72% (6041/8390), 15.21 MiB | 30.41 MiB/s
2023-10-15T00:24:40.3780362Z Receiving objects:  73% (6125/8390), 15.21 MiB | 30.41 MiB/s
2023-10-15T00:24:40.3894621Z Receiving objects:  74% (6209/8390), 15.21 MiB | 30.41 MiB/s
2023-10-15T00:24:40.4027025Z Receiving objects:  75% (6293/8390), 15.21 MiB | 30.41 MiB/s
2023-10-15T00:24:40.4269764Z Receiving objects:  76% (6377/8390), 15.21 MiB | 30.41 MiB/s
2023-10-15T00:24:40.4284189Z Receiving objects:  77% (6461/8390), 15.21 MiB | 30.41 MiB/s
2023-10-15T00:24:40.4444811Z Receiving objects:  78% (6545/8390), 15.21 MiB | 30.41 MiB/s
2023-10-15T00:24:40.4598548Z Receiving objects:  79% (6629/8390), 15.21 MiB | 30.41 MiB/s
2023-10-15T00:24:40.4676420Z Receiving objects:  80% (6712/8390), 15.21 MiB | 30.41 MiB/s
2023-10-15T00:24:40.4776399Z Receiving objects:  81% (6796/8390), 15.21 MiB | 30.41 MiB/s
2023-10-15T00:24:40.4846324Z Receiving objects:  82% (6880/8390), 15.21 MiB | 30.41 MiB/s
2023-10-15T00:24:40.4970603Z Receiving objects:  83% (6964/8390), 15.21 MiB | 30.41 MiB/s
2023-10-15T00:24:40.5089861Z Receiving objects:  84% (7048/8390), 15.21 MiB | 30.41 MiB/s
2023-10-15T00:24:40.5185719Z Receiving objects:  85% (7132/8390), 15.21 MiB | 30.41 MiB/s
2023-10-15T00:24:40.5328720Z Receiving objects:  86% (7216/8390), 15.21 MiB | 30.41 MiB/s
2023-10-15T00:24:40.5407798Z Receiving objects:  87% (7300/8390), 15.21 MiB | 30.41 MiB/s
2023-10-15T00:24:40.5432192Z Receiving objects:  87% (7359/8390), 35.31 MiB | 35.31 MiB/s
2023-10-15T00:24:40.5452184Z Receiving objects:  88% (7384/8390), 35.31 MiB | 35.31 MiB/s
2023-10-15T00:24:40.5499720Z Receiving objects:  89% (7468/8390), 35.31 MiB | 35.31 MiB/s
2023-10-15T00:24:40.5508965Z Receiving objects:  90% (7551/8390), 35.31 MiB | 35.31 MiB/s
2023-10-15T00:24:40.5513914Z Receiving objects:  91% (7635/8390), 35.31 MiB | 35.31 MiB/s
2023-10-15T00:24:40.5527311Z Receiving objects:  92% (7719/8390), 35.31 MiB | 35.31 MiB/s
2023-10-15T00:24:40.5536753Z Receiving objects:  93% (7803/8390), 35.31 MiB | 35.31 MiB/s
2023-10-15T00:24:40.5586131Z Receiving objects:  94% (7887/8390), 35.31 MiB | 35.31 MiB/s
2023-10-15T00:24:40.5814873Z Receiving objects:  95% (7971/8390), 35.31 MiB | 35.31 MiB/s
2023-10-15T00:24:40.6144396Z Receiving objects:  96% (8055/8390), 35.31 MiB | 35.31 MiB/s
2023-10-15T00:24:40.6218614Z Receiving objects:  97% (8139/8390), 35.31 MiB | 35.31 MiB/s
2023-10-15T00:24:40.6322370Z Receiving objects:  98% (8223/8390), 35.31 MiB | 35.31 MiB/s
2023-10-15T00:24:40.6566526Z Receiving objects:  99% (8307/8390), 35.31 MiB | 35.31 MiB/s
2023-10-15T00:24:40.6568194Z remote: Total 8390 (delta 4906), reused 8044 (delta 4784), pack-reused 0        
2023-10-15T00:24:40.6579278Z Receiving objects: 100% (8390/8390), 35.31 MiB | 35.31 MiB/s
2023-10-15T00:24:40.6580413Z Receiving objects: 100% (8390/8390), 39.65 MiB | 35.49 MiB/s, done.
2023-10-15T00:24:40.6656904Z Resolving deltas:   0% (0/4906)
2023-10-15T00:24:40.6778380Z Resolving deltas:   1% (50/4906)
2023-10-15T00:24:40.6888000Z Resolving deltas:   2% (99/4906)
2023-10-15T00:24:40.7013204Z Resolving deltas:   3% (148/4906)
2023-10-15T00:24:40.7124281Z Resolving deltas:   4% (197/4906)
2023-10-15T00:24:40.7220083Z Resolving deltas:   5% (246/4906)
2023-10-15T00:24:40.7229480Z Resolving deltas:   6% (295/4906)
2023-10-15T00:24:40.7238100Z Resolving deltas:   7% (344/4906)
2023-10-15T00:24:40.7245248Z Resolving deltas:   8% (393/4906)
2023-10-15T00:24:40.7253955Z Resolving deltas:   9% (442/4906)
2023-10-15T00:24:40.7262038Z Resolving deltas:  10% (491/4906)
2023-10-15T00:24:40.7272001Z Resolving deltas:  11% (540/4906)
2023-10-15T00:24:40.7273506Z Resolving deltas:  12% (589/4906)
2023-10-15T00:24:40.7342664Z Resolving deltas:  13% (638/4906)
2023-10-15T00:24:40.7497541Z Resolving deltas:  14% (687/4906)
2023-10-15T00:24:40.7705885Z Resolving deltas:  15% (736/4906)
2023-10-15T00:24:40.7855723Z Resolving deltas:  16% (785/4906)
2023-10-15T00:24:40.8152444Z Resolving deltas:  17% (835/4906)
2023-10-15T00:24:40.8384732Z Resolving deltas:  18% (884/4906)
2023-10-15T00:24:40.8631118Z Resolving deltas:  19% (933/4906)
2023-10-15T00:24:40.8873585Z Resolving deltas:  20% (982/4906)
2023-10-15T00:24:40.9026940Z Resolving deltas:  21% (1031/4906)
2023-10-15T00:24:40.9204092Z Resolving deltas:  22% (1080/4906)
2023-10-15T00:24:40.9339200Z Resolving deltas:  23% (1129/4906)
2023-10-15T00:24:40.9349183Z Resolving deltas:  24% (1178/4906)
2023-10-15T00:24:40.9361702Z Resolving deltas:  25% (1227/4906)
2023-10-15T00:24:40.9367011Z Resolving deltas:  26% (1276/4906)
2023-10-15T00:24:40.9371478Z Resolving deltas:  27% (1325/4906)
2023-10-15T00:24:40.9382472Z Resolving deltas:  28% (1374/4906)
2023-10-15T00:24:40.9388089Z Resolving deltas:  29% (1423/4906)
2023-10-15T00:24:40.9403321Z Resolving deltas:  30% (1473/4906)
2023-10-15T00:24:40.9414620Z Resolving deltas:  31% (1521/4906)
2023-10-15T00:24:40.9423238Z Resolving deltas:  32% (1571/4906)
2023-10-15T00:24:40.9439042Z Resolving deltas:  33% (1619/4906)
2023-10-15T00:24:40.9453596Z Resolving deltas:  34% (1669/4906)
2023-10-15T00:24:40.9484256Z Resolving deltas:  35% (1718/4906)
2023-10-15T00:24:40.9501046Z Resolving deltas:  36% (1767/4906)
2023-10-15T00:24:40.9510245Z Resolving deltas:  37% (1816/4906)
2023-10-15T00:24:40.9512543Z Resolving deltas:  38% (1865/4906)
2023-10-15T00:24:40.9515952Z Resolving deltas:  39% (1914/4906)
2023-10-15T00:24:40.9519759Z Resolving deltas:  40% (1963/4906)
2023-10-15T00:24:40.9548816Z Resolving deltas:  41% (2012/4906)
2023-10-15T00:24:40.9581128Z Resolving deltas:  42% (2061/4906)
2023-10-15T00:24:40.9619372Z Resolving deltas:  43% (2110/4906)
2023-10-15T00:24:40.9656137Z Resolving deltas:  44% (2159/4906)
2023-10-15T00:24:40.9677311Z Resolving deltas:  45% (2208/4906)
2023-10-15T00:24:40.9723049Z Resolving deltas:  46% (2257/4906)
2023-10-15T00:24:40.9739738Z Resolving deltas:  47% (2306/4906)
2023-10-15T00:24:40.9742658Z Resolving deltas:  48% (2355/4906)
2023-10-15T00:24:40.9844717Z Resolving deltas:  49% (2404/4906)
2023-10-15T00:24:41.0021113Z Resolving deltas:  50% (2453/4906)
2023-10-15T00:24:41.0119947Z Resolving deltas:  51% (2503/4906)
2023-10-15T00:24:41.0311895Z Resolving deltas:  52% (2552/4906)
2023-10-15T00:24:41.0704143Z Resolving deltas:  53% (2601/4906)
2023-10-15T00:24:41.0885535Z Resolving deltas:  54% (2651/4906)
2023-10-15T00:24:41.1166995Z Resolving deltas:  55% (2699/4906)
2023-10-15T00:24:41.1487190Z Resolving deltas:  56% (2748/4906)
2023-10-15T00:24:41.1854181Z Resolving deltas:  57% (2797/4906)
2023-10-15T00:24:41.1933951Z Resolving deltas:  58% (2846/4906)
2023-10-15T00:24:41.1935021Z Resolving deltas:  59% (2895/4906)
2023-10-15T00:24:41.2013879Z Resolving deltas:  60% (2944/4906)
2023-10-15T00:24:41.2093640Z Resolving deltas:  61% (2993/4906)
2023-10-15T00:24:41.2494102Z Resolving deltas:  62% (3042/4906)
2023-10-15T00:24:41.2887687Z Resolving deltas:  63% (3091/4906)
2023-10-15T00:24:41.3220920Z Resolving deltas:  64% (3140/4906)
2023-10-15T00:24:41.3324721Z Resolving deltas:  65% (3189/4906)
2023-10-15T00:24:41.3444245Z Resolving deltas:  66% (3238/4906)
2023-10-15T00:24:41.3459428Z Resolving deltas:  67% (3288/4906)
2023-10-15T00:24:41.3475549Z Resolving deltas:  68% (3337/4906)
2023-10-15T00:24:41.3492851Z Resolving deltas:  69% (3386/4906)
2023-10-15T00:24:41.3495829Z Resolving deltas:  70% (3435/4906)
2023-10-15T00:24:41.3505283Z Resolving deltas:  71% (3484/4906)
2023-10-15T00:24:41.3509976Z Resolving deltas:  72% (3533/4906)
2023-10-15T00:24:41.3514353Z Resolving deltas:  73% (3582/4906)
2023-10-15T00:24:41.3525388Z Resolving deltas:  74% (3631/4906)
2023-10-15T00:24:41.3535482Z Resolving deltas:  75% (3680/4906)
2023-10-15T00:24:41.3550179Z Resolving deltas:  76% (3729/4906)
2023-10-15T00:24:41.3563172Z Resolving deltas:  77% (3778/4906)
2023-10-15T00:24:41.3586427Z Resolving deltas:  78% (3827/4906)
2023-10-15T00:24:41.3744325Z Resolving deltas:  79% (3876/4906)
2023-10-15T00:24:41.4075463Z Resolving deltas:  80% (3925/4906)
2023-10-15T00:24:41.4368123Z Resolving deltas:  81% (3974/4906)
2023-10-15T00:24:41.4565603Z Resolving deltas:  82% (4023/4906)
2023-10-15T00:24:41.4593947Z Resolving deltas:  83% (4072/4906)
2023-10-15T00:24:41.4675097Z Resolving deltas:  84% (4122/4906)
2023-10-15T00:24:41.4717294Z Resolving deltas:  85% (4171/4906)
2023-10-15T00:24:41.4776126Z Resolving deltas:  86% (4220/4906)
2023-10-15T00:24:41.4862054Z Resolving deltas:  87% (4269/4906)
2023-10-15T00:24:41.4917326Z Resolving deltas:  88% (4318/4906)
2023-10-15T00:24:41.4996206Z Resolving deltas:  89% (4367/4906)
2023-10-15T00:24:41.5093835Z Resolving deltas:  90% (4416/4906)
2023-10-15T00:24:41.5228216Z Resolving deltas:  91% (4465/4906)
2023-10-15T00:24:41.5484715Z Resolving deltas:  92% (4514/4906)
2023-10-15T00:24:41.5571306Z Resolving deltas:  93% (4563/4906)
2023-10-15T00:24:41.5676814Z Resolving deltas:  94% (4612/4906)
2023-10-15T00:24:41.5750940Z Resolving deltas:  95% (4661/4906)
2023-10-15T00:24:41.5817841Z Resolving deltas:  96% (4710/4906)
2023-10-15T00:24:41.5888159Z Resolving deltas:  97% (4759/4906)
2023-10-15T00:24:41.5993243Z Resolving deltas:  98% (4808/4906)
2023-10-15T00:24:41.6042486Z Resolving deltas:  99% (4857/4906)
2023-10-15T00:24:41.6044110Z Resolving deltas: 100% (4906/4906)
2023-10-15T00:24:41.6073867Z Resolving deltas: 100% (4906/4906), done.
2023-10-15T00:24:41.6875719Z From https://github.com/seanpm2001/GitHub_Stats_A
2023-10-15T00:24:41.6877196Z  * [new ref]         d37eab5036f6c943b03678b3ea900e7862e26283 -> origin/master
2023-10-15T00:24:41.6903659Z ##[endgroup]
2023-10-15T00:24:41.6906592Z ##[group]Determining the checkout info
2023-10-15T00:24:41.6957897Z ##[endgroup]
2023-10-15T00:24:41.6958518Z ##[group]Checking out the ref
2023-10-15T00:24:41.6959560Z [command]/usr/bin/git checkout --progress --force -B master refs/remotes/origin/master
2023-10-15T00:24:42.7218938Z Updating files:  73% (6368/8713)
2023-10-15T00:24:42.7358953Z Updating files:  74% (6448/8713)
2023-10-15T00:24:42.7459399Z Updating files:  75% (6535/8713)
2023-10-15T00:24:42.7551530Z Updating files:  76% (6622/8713)
2023-10-15T00:24:42.7645982Z Updating files:  77% (6710/8713)
2023-10-15T00:24:42.7788108Z Updating files:  78% (6797/8713)
2023-10-15T00:24:42.7815644Z Updating files:  79% (6884/8713)
2023-10-15T00:24:42.7944164Z Updating files:  80% (6971/8713)
2023-10-15T00:24:42.8080440Z Updating files:  81% (7058/8713)
2023-10-15T00:24:42.8103556Z Updating files:  82% (7145/8713)
2023-10-15T00:24:42.8147860Z Updating files:  83% (7232/8713)
2023-10-15T00:24:42.8209014Z Updating files:  84% (7319/8713)
2023-10-15T00:24:42.8267057Z Updating files:  85% (7407/8713)
2023-10-15T00:24:42.8348754Z Updating files:  86% (7494/8713)
2023-10-15T00:24:42.8427593Z Updating files:  87% (7581/8713)
2023-10-15T00:24:42.8496766Z Updating files:  88% (7668/8713)
2023-10-15T00:24:42.8635472Z Updating files:  89% (7755/8713)
2023-10-15T00:24:42.8760258Z Updating files:  90% (7842/8713)
2023-10-15T00:24:42.8884035Z Updating files:  91% (7929/8713)
2023-10-15T00:24:42.9051130Z Updating files:  92% (8016/8713)
2023-10-15T00:24:42.9249301Z Updating files:  93% (8104/8713)
2023-10-15T00:24:42.9341430Z Updating files:  94% (8191/8713)
2023-10-15T00:24:42.9423758Z Updating files:  95% (8278/8713)
2023-10-15T00:24:42.9504886Z Updating files:  96% (8365/8713)
2023-10-15T00:24:42.9606838Z Updating files:  97% (8452/8713)
2023-10-15T00:24:42.9743064Z Updating files:  98% (8539/8713)
2023-10-15T00:24:42.9842586Z Updating files:  99% (8626/8713)
2023-10-15T00:24:42.9843458Z Updating files: 100% (8713/8713)
2023-10-15T00:24:42.9844090Z Updating files: 100% (8713/8713), done.
2023-10-15T00:24:42.9992396Z Reset branch 'master'
2023-10-15T00:24:42.9993079Z branch 'master' set up to track 'origin/master'.
2023-10-15T00:24:43.0056869Z ##[endgroup]
2023-10-15T00:24:43.0106291Z [command]/usr/bin/git log -1 --format='%H'
2023-10-15T00:24:43.0142069Z 'd37eab5036f6c943b03678b3ea900e7862e26283'
2023-10-15T00:24:43.0520180Z ##[group]Run actions/setup-python@v4
2023-10-15T00:24:43.0520650Z with:
2023-10-15T00:24:43.0520958Z   python-version: 3.8
2023-10-15T00:24:43.0521343Z   architecture: x64
2023-10-15T00:24:43.0521675Z   cache: pip
2023-10-15T00:24:43.0522013Z   check-latest: false
2023-10-15T00:24:43.0522567Z   token: ***
2023-10-15T00:24:43.0522907Z   update-environment: true
2023-10-15T00:24:43.0523313Z   allow-prereleases: false
2023-10-15T00:24:43.0523713Z ##[endgroup]
2023-10-15T00:24:43.2327463Z ##[group]Installed versions
2023-10-15T00:24:43.2402508Z Successfully set up CPython (3.8.18)
2023-10-15T00:24:43.2403454Z ##[endgroup]
2023-10-15T00:24:44.0517742Z [command]/opt/hostedtoolcache/Python/3.8.18/x64/bin/pip cache dir
2023-10-15T00:24:47.1864079Z /home/runner/.cache/pip
2023-10-15T00:24:48.2016822Z Received 6245959 of 6245959 (100.0%), 10.3 MBs/sec
2023-10-15T00:24:48.2021796Z Cache Size: ~6 MB (6245959 B)
2023-10-15T00:24:48.2055516Z [command]/usr/bin/tar -xf /home/runner/work/_temp/29e6e14b-1e2b-43ee-b48a-0e77450e132e/cache.tzst -P -C /home/runner/work/GitHub_Stats_A/GitHub_Stats_A --use-compress-program unzstd
2023-10-15T00:24:48.2305859Z Cache restored successfully
2023-10-15T00:24:48.2336339Z Cache restored from key: setup-python-Linux-22.04-Ubuntu-python-3.8.18-pip-60f2a6c0212a9b74a155cd81b58dd07fd8b180833132566260d95f4de42fe218
2023-10-15T00:24:48.2542084Z ##[group]Run python3 -m pip install --upgrade pip setuptools wheel
2023-10-15T00:24:48.2543042Z [36;1mpython3 -m pip install --upgrade pip setuptools wheel[0m
2023-10-15T00:24:48.2543806Z [36;1mpython3 -m pip install -r requirements.txt[0m
2023-10-15T00:24:48.2607887Z shell: /usr/bin/bash -e {0}
2023-10-15T00:24:48.2608324Z env:
2023-10-15T00:24:48.2608775Z   pythonLocation: /opt/hostedtoolcache/Python/3.8.18/x64
2023-10-15T00:24:48.2609609Z   PKG_CONFIG_PATH: /opt/hostedtoolcache/Python/3.8.18/x64/lib/pkgconfig
2023-10-15T00:24:48.2610418Z   Python_ROOT_DIR: /opt/hostedtoolcache/Python/3.8.18/x64
2023-10-15T00:24:48.2611132Z   Python2_ROOT_DIR: /opt/hostedtoolcache/Python/3.8.18/x64
2023-10-15T00:24:48.2611853Z   Python3_ROOT_DIR: /opt/hostedtoolcache/Python/3.8.18/x64
2023-10-15T00:24:48.2612924Z   LD_LIBRARY_PATH: /opt/hostedtoolcache/Python/3.8.18/x64/lib
2023-10-15T00:24:48.2613562Z ##[endgroup]
2023-10-15T00:24:49.4709294Z Requirement already satisfied: pip in /opt/hostedtoolcache/Python/3.8.18/x64/lib/python3.8/site-packages (23.0.1)
2023-10-15T00:24:49.7132145Z Collecting pip
2023-10-15T00:24:49.7136110Z   Obtaining dependency information for pip from https://files.pythonhosted.org/packages/50/c2/e06851e8cc28dcad7c155f4753da8833ac06a5c704c109313b8d5a62968a/pip-23.2.1-py3-none-any.whl.metadata
2023-10-15T00:24:49.7161758Z   Using cached pip-23.2.1-py3-none-any.whl.metadata (4.2 kB)
2023-10-15T00:24:49.7173792Z Requirement already satisfied: setuptools in /opt/hostedtoolcache/Python/3.8.18/x64/lib/python3.8/site-packages (56.0.0)
2023-10-15T00:24:50.0743152Z Collecting setuptools
2023-10-15T00:24:50.0746381Z   Obtaining dependency information for setuptools from https://files.pythonhosted.org/packages/bb/26/7945080113158354380a12ce26873dd6c1ebd88d47f5bc24e2c5bb38c16a/setuptools-68.2.2-py3-none-any.whl.metadata
2023-10-15T00:24:50.1793947Z   Downloading setuptools-68.2.2-py3-none-any.whl.metadata (6.3 kB)
2023-10-15T00:24:50.2418091Z Collecting wheel
2023-10-15T00:24:50.2423304Z   Obtaining dependency information for wheel from https://files.pythonhosted.org/packages/b8/8b/31273bf66016be6ad22bb7345c37ff350276cfd46e389a0c2ac5da9d9073/wheel-0.41.2-py3-none-any.whl.metadata
2023-10-15T00:24:50.2448615Z   Using cached wheel-0.41.2-py3-none-any.whl.metadata (2.2 kB)
2023-10-15T00:24:50.3076028Z Using cached pip-23.2.1-py3-none-any.whl (2.1 MB)
2023-10-15T00:24:50.3272989Z Downloading setuptools-68.2.2-py3-none-any.whl (807 kB)
2023-10-15T00:24:50.4251614Z    ‚îÅ‚îÅ‚îÅ‚îÅ‚îÅ‚îÅ‚îÅ‚îÅ‚îÅ‚îÅ‚îÅ‚îÅ‚îÅ‚îÅ‚îÅ‚îÅ‚îÅ‚îÅ‚îÅ‚îÅ‚îÅ‚îÅ‚îÅ‚îÅ‚îÅ‚îÅ‚îÅ‚îÅ‚îÅ‚îÅ‚îÅ‚îÅ‚îÅ‚îÅ‚îÅ‚îÅ‚îÅ‚îÅ‚îÅ‚îÅ 807.9/807.9 kB 8.8 MB/s eta 0:00:00
2023-10-15T00:24:50.4281438Z Using cached wheel-0.41.2-py3-none-any.whl (64 kB)
2023-10-15T00:24:50.5772239Z Installing collected packages: wheel, setuptools, pip
2023-10-15T00:24:50.6263813Z   Attempting uninstall: setuptools
2023-10-15T00:24:50.6276813Z     Found existing installation: setuptools 56.0.0
2023-10-15T00:24:50.6455179Z     Uninstalling setuptools-56.0.0:
2023-10-15T00:24:50.6569409Z       Successfully uninstalled setuptools-56.0.0
2023-10-15T00:24:51.1408878Z   Attempting uninstall: pip
2023-10-15T00:24:51.1415485Z     Found existing installation: pip 23.0.1
2023-10-15T00:24:51.2217556Z     Uninstalling pip-23.0.1:
2023-10-15T00:24:51.2723666Z       Successfully uninstalled pip-23.0.1
2023-10-15T00:24:52.5081878Z Successfully installed pip-23.2.1 setuptools-68.2.2 wheel-0.41.2
2023-10-15T00:24:53.5792083Z Collecting requests (from -r requirements.txt (line 1))
2023-10-15T00:24:53.5801124Z   Obtaining dependency information for requests from https://files.pythonhosted.org/packages/70/8e/0e2d847013cb52cd35b38c009bb167a1a26b2ce6cd6965bf26b47bc0bf44/requests-2.31.0-py3-none-any.whl.metadata
2023-10-15T00:24:53.5832090Z   Using cached requests-2.31.0-py3-none-any.whl.metadata (4.6 kB)
2023-10-15T00:24:54.1647891Z Collecting aiohttp (from -r requirements.txt (line 2))
2023-10-15T00:24:54.1655807Z   Obtaining dependency information for aiohttp from https://files.pythonhosted.org/packages/91/1b/9b5da3748ddd924288d9a946a0f48a34b179330d342c6cdeb89683bcf971/aiohttp-3.8.6-cp38-cp38-manylinux_2_17_x86_64.manylinux2014_x86_64.whl.metadata
2023-10-15T00:24:54.2768573Z   Downloading aiohttp-3.8.6-cp38-cp38-manylinux_2_17_x86_64.manylinux2014_x86_64.whl.metadata (7.7 kB)
2023-10-15T00:24:54.4456767Z Collecting charset-normalizer<4,>=2 (from requests->-r requirements.txt (line 1))
2023-10-15T00:24:54.4460519Z   Obtaining dependency information for charset-normalizer<4,>=2 from https://files.pythonhosted.org/packages/1e/c8/fd52271326c052f95f47ef718b018aa2bc3fd097d9bac44d7d48894c6130/charset_normalizer-3.3.0-cp38-cp38-manylinux_2_17_x86_64.manylinux2014_x86_64.whl.metadata
2023-10-15T00:24:54.4566850Z   Downloading charset_normalizer-3.3.0-cp38-cp38-manylinux_2_17_x86_64.manylinux2014_x86_64.whl.metadata (32 kB)
2023-10-15T00:24:54.5069578Z Collecting idna<4,>=2.5 (from requests->-r requirements.txt (line 1))
2023-10-15T00:24:54.5096055Z   Using cached idna-3.4-py3-none-any.whl (61 kB)
2023-10-15T00:24:54.5844480Z Collecting urllib3<3,>=1.21.1 (from requests->-r requirements.txt (line 1))
2023-10-15T00:24:54.5851098Z   Obtaining dependency information for urllib3<3,>=1.21.1 from https://files.pythonhosted.org/packages/26/40/9957270221b6d3e9a3b92fdfba80dd5c9661ff45a664b47edd5d00f707f5/urllib3-2.0.6-py3-none-any.whl.metadata
2023-10-15T00:24:54.5988602Z   Downloading urllib3-2.0.6-py3-none-any.whl.metadata (6.6 kB)
2023-10-15T00:24:54.6441818Z Collecting certifi>=2017.4.17 (from requests->-r requirements.txt (line 1))
2023-10-15T00:24:54.6448719Z   Obtaining dependency information for certifi>=2017.4.17 from https://files.pythonhosted.org/packages/4c/dd/2234eab22353ffc7d94e8d13177aaa050113286e93e7b40eae01fbf7c3d9/certifi-2023.7.22-py3-none-any.whl.metadata
2023-10-15T00:24:54.6477511Z   Using cached certifi-2023.7.22-py3-none-any.whl.metadata (2.2 kB)
2023-10-15T00:24:54.6986552Z Collecting attrs>=17.3.0 (from aiohttp->-r requirements.txt (line 2))
2023-10-15T00:24:54.7014522Z   Using cached attrs-23.1.0-py3-none-any.whl (61 kB)
2023-10-15T00:24:55.1574531Z Collecting multidict<7.0,>=4.5 (from aiohttp->-r requirements.txt (line 2))
2023-10-15T00:24:55.1600676Z   Using cached multidict-6.0.4-cp38-cp38-manylinux_2_17_x86_64.manylinux2014_x86_64.whl (121 kB)
2023-10-15T00:24:55.1916061Z Collecting async-timeout<5.0,>=4.0.0a3 (from aiohttp->-r requirements.txt (line 2))
2023-10-15T00:24:55.1919430Z   Obtaining dependency information for async-timeout<5.0,>=4.0.0a3 from https://files.pythonhosted.org/packages/a7/fa/e01228c2938de91d47b307831c62ab9e4001e747789d0b05baf779a6488c/async_timeout-4.0.3-py3-none-any.whl.metadata
2023-10-15T00:24:55.1941164Z   Using cached async_timeout-4.0.3-py3-none-any.whl.metadata (4.2 kB)
2023-10-15T00:24:55.4799675Z Collecting yarl<2.0,>=1.0 (from aiohttp->-r requirements.txt (line 2))
2023-10-15T00:24:55.4829972Z   Using cached yarl-1.9.2-cp38-cp38-manylinux_2_17_x86_64.manylinux2014_x86_64.whl (266 kB)
2023-10-15T00:24:55.6079244Z Collecting frozenlist>=1.1.1 (from aiohttp->-r requirements.txt (line 2))
2023-10-15T00:24:55.6082993Z   Obtaining dependency information for frozenlist>=1.1.1 from https://files.pythonhosted.org/packages/0b/36/c276486f89bee9098332710af2207344f360c6c6f104a4931a7566039b1d/frozenlist-1.4.0-cp38-cp38-manylinux_2_5_x86_64.manylinux1_x86_64.manylinux_2_17_x86_64.manylinux2014_x86_64.whl.metadata
2023-10-15T00:24:55.6107960Z   Using cached frozenlist-1.4.0-cp38-cp38-manylinux_2_5_x86_64.manylinux1_x86_64.manylinux_2_17_x86_64.manylinux2014_x86_64.whl.metadata (5.2 kB)
2023-10-15T00:24:55.6354595Z Collecting aiosignal>=1.1.2 (from aiohttp->-r requirements.txt (line 2))
2023-10-15T00:24:55.6380507Z   Using cached aiosignal-1.3.1-py3-none-any.whl (7.6 kB)
2023-10-15T00:24:55.7467713Z Using cached requests-2.31.0-py3-none-any.whl (62 kB)
2023-10-15T00:24:55.7574600Z Downloading aiohttp-3.8.6-cp38-cp38-manylinux_2_17_x86_64.manylinux2014_x86_64.whl (1.1 MB)
2023-10-15T00:24:55.8854180Z    ‚îÅ‚îÅ‚îÅ‚îÅ‚îÅ‚îÅ‚îÅ‚îÅ‚îÅ‚îÅ‚îÅ‚îÅ‚îÅ‚îÅ‚îÅ‚îÅ‚îÅ‚îÅ‚îÅ‚îÅ‚îÅ‚îÅ‚îÅ‚îÅ‚îÅ‚îÅ‚îÅ‚îÅ‚îÅ‚îÅ‚îÅ‚îÅ‚îÅ‚îÅ‚îÅ‚îÅ‚îÅ‚îÅ‚îÅ‚îÅ 1.1/1.1 MB 8.6 MB/s eta 0:00:00
2023-10-15T00:24:55.8889746Z Using cached async_timeout-4.0.3-py3-none-any.whl (5.7 kB)
2023-10-15T00:24:55.8912029Z Using cached certifi-2023.7.22-py3-none-any.whl (158 kB)
2023-10-15T00:24:55.9049047Z Downloading charset_normalizer-3.3.0-cp38-cp38-manylinux_2_17_x86_64.manylinux2014_x86_64.whl (137 kB)
2023-10-15T00:24:55.9184228Z    ‚îÅ‚îÅ‚îÅ‚îÅ‚îÅ‚îÅ‚îÅ‚îÅ‚îÅ‚îÅ‚îÅ‚îÅ‚îÅ‚îÅ‚îÅ‚îÅ‚îÅ‚îÅ‚îÅ‚îÅ‚îÅ‚îÅ‚îÅ‚îÅ‚îÅ‚îÅ‚îÅ‚îÅ‚îÅ‚îÅ‚îÅ‚îÅ‚îÅ‚îÅ‚îÅ‚îÅ‚îÅ‚îÅ‚îÅ‚îÅ 137.9/137.9 kB 12.8 MB/s eta 0:00:00
2023-10-15T00:24:55.9214180Z Using cached frozenlist-1.4.0-cp38-cp38-manylinux_2_5_x86_64.manylinux1_x86_64.manylinux_2_17_x86_64.manylinux2014_x86_64.whl (220 kB)
2023-10-15T00:24:55.9321284Z Downloading urllib3-2.0.6-py3-none-any.whl (123 kB)
2023-10-15T00:24:55.9445922Z    ‚îÅ‚îÅ‚îÅ‚îÅ‚îÅ‚îÅ‚îÅ‚îÅ‚îÅ‚îÅ‚îÅ‚îÅ‚îÅ‚îÅ‚îÅ‚îÅ‚îÅ‚îÅ‚îÅ‚îÅ‚îÅ‚îÅ‚îÅ‚îÅ‚îÅ‚îÅ‚îÅ‚îÅ‚îÅ‚îÅ‚îÅ‚îÅ‚îÅ‚îÅ‚îÅ‚îÅ‚îÅ‚îÅ‚îÅ‚îÅ 123.8/123.8 kB 12.0 MB/s eta 0:00:00
2023-10-15T00:24:56.0728675Z Installing collected packages: urllib3, multidict, idna, frozenlist, charset-normalizer, certifi, attrs, async-timeout, yarl, requests, aiosignal, aiohttp
2023-10-15T00:24:56.5891576Z Successfully installed aiohttp-3.8.6 aiosignal-1.3.1 async-timeout-4.0.3 attrs-23.1.0 certifi-2023.7.22 charset-normalizer-3.3.0 frozenlist-1.4.0 idna-3.4 multidict-6.0.4 requests-2.31.0 urllib3-2.0.6 yarl-1.9.2
2023-10-15T00:24:56.8275017Z ##[group]Run python3 --version
2023-10-15T00:24:56.8275590Z [36;1mpython3 --version[0m
2023-10-15T00:24:56.8276101Z [36;1mpython3 generate_images.py[0m
2023-10-15T00:24:56.8338230Z shell: /usr/bin/bash -e {0}
2023-10-15T00:24:56.8338654Z env:
2023-10-15T00:24:56.8339103Z   pythonLocation: /opt/hostedtoolcache/Python/3.8.18/x64
2023-10-15T00:24:56.8339990Z   PKG_CONFIG_PATH: /opt/hostedtoolcache/Python/3.8.18/x64/lib/pkgconfig
2023-10-15T00:24:56.8340808Z   Python_ROOT_DIR: /opt/hostedtoolcache/Python/3.8.18/x64
2023-10-15T00:24:56.8341523Z   Python2_ROOT_DIR: /opt/hostedtoolcache/Python/3.8.18/x64
2023-10-15T00:24:56.8342247Z   Python3_ROOT_DIR: /opt/hostedtoolcache/Python/3.8.18/x64
2023-10-15T00:24:56.8342981Z   LD_LIBRARY_PATH: /opt/hostedtoolcache/Python/3.8.18/x64/lib
2023-10-15T00:24:56.8343867Z   ACCESS_TOKEN: ***
2023-10-15T00:24:56.8344396Z   GITHUB_TOKEN: ***
2023-10-15T00:24:56.8344749Z   EXCLUDED: 
2023-10-15T00:24:56.8345065Z   EXCLUDED_LANGS: 
2023-10-15T00:24:56.8345498Z   EXCLUDE_FORKED_REPOS: true
2023-10-15T00:24:56.8345910Z ##[endgroup]
2023-10-15T00:24:56.8449947Z Python 3.8.18
2023-10-15T00:34:27.1464033Z A path returned 202. Retrying...
2023-10-15T00:34:27.1464811Z A path returned 202. Retrying...
2023-10-15T00:34:27.1465359Z A path returned 202. Retrying...
2023-10-15T00:34:27.1465898Z A path returned 202. Retrying...
2023-10-15T00:34:27.1466432Z A path returned 202. Retrying...
2023-10-15T00:34:27.1466959Z A path returned 202. Retrying...
2023-10-15T00:34:27.1467487Z A path returned 202. Retrying...
2023-10-15T00:34:27.1467999Z A path returned 202. Retrying...
2023-10-15T00:34:27.1468532Z A path returned 202. Retrying...
2023-10-15T00:34:27.1469067Z A path returned 202. Retrying...
2023-10-15T00:34:27.1469601Z A path returned 202. Retrying...
2023-10-15T00:34:27.1470164Z A path returned 202. Retrying...
2023-10-15T00:34:27.1470704Z A path returned 202. Retrying...
2023-10-15T00:34:27.1471229Z A path returned 202. Retrying...
2023-10-15T00:34:27.1471746Z A path returned 202. Retrying...
2023-10-15T00:34:27.1472277Z A path returned 202. Retrying...
2023-10-15T00:34:27.1472805Z A path returned 202. Retrying...
2023-10-15T00:34:27.1473338Z A path returned 202. Retrying...
2023-10-15T00:34:27.1473861Z A path returned 202. Retrying...
2023-10-15T00:34:27.1474383Z A path returned 202. Retrying...
2023-10-15T00:34:27.1474907Z A path returned 202. Retrying...
2023-10-15T00:34:27.1475412Z A path returned 202. Retrying...
2023-10-15T00:34:27.1475943Z A path returned 202. Retrying...
2023-10-15T00:34:27.1476469Z A path returned 202. Retrying...
2023-10-15T00:34:27.1476995Z A path returned 202. Retrying...
2023-10-15T00:34:27.1477521Z A path returned 202. Retrying...
2023-10-15T00:34:27.1478052Z A path returned 202. Retrying...
2023-10-15T00:34:27.1478582Z A path returned 202. Retrying...
2023-10-15T00:34:27.1479625Z A path returned 202. Retrying...
2023-10-15T00:34:27.1480157Z A path returned 202. Retrying...
2023-10-15T00:34:27.1480685Z A path returned 202. Retrying...
2023-10-15T00:34:27.1481226Z A path returned 202. Retrying...
2023-10-15T00:34:27.1481805Z A path returned 202. Retrying...
2023-10-15T00:34:27.1482341Z A path returned 202. Retrying...
2023-10-15T00:34:27.1482870Z A path returned 202. Retrying...
2023-10-15T00:34:27.1483382Z A path returned 202. Retrying...
2023-10-15T00:34:27.1483911Z A path returned 202. Retrying...
2023-10-15T00:34:27.1484445Z A path returned 202. Retrying...
2023-10-15T00:34:27.1484971Z A path returned 202. Retrying...
2023-10-15T00:34:27.1485506Z A path returned 202. Retrying...
2023-10-15T00:34:27.1486032Z A path returned 202. Retrying...
2023-10-15T00:34:27.1486558Z A path returned 202. Retrying...
2023-10-15T00:34:27.1487063Z A path returned 202. Retrying...
2023-10-15T00:34:27.1487592Z A path returned 202. Retrying...
2023-10-15T00:34:27.1488129Z A path returned 202. Retrying...
2023-10-15T00:34:27.1488656Z A path returned 202. Retrying...
2023-10-15T00:34:27.1489192Z A path returned 202. Retrying...
2023-10-15T00:34:27.1489992Z A path returned 202. Retrying...
2023-10-15T00:34:27.1490539Z A path returned 202. Retrying...
2023-10-15T00:34:27.1491059Z A path returned 202. Retrying...
2023-10-15T00:34:27.1491585Z A path returned 202. Retrying...
2023-10-15T00:34:27.1492112Z A path returned 202. Retrying...
2023-10-15T00:34:27.1492873Z A path returned 202. Retrying...
2023-10-15T00:34:27.1493399Z A path returned 202. Retrying...
2023-10-15T00:34:27.1493929Z A path returned 202. Retrying...
2023-10-15T00:34:27.1494459Z A path returned 202. Retrying...
2023-10-15T00:34:27.1494967Z A path returned 202. Retrying...
2023-10-15T00:34:27.1495492Z A path returned 202. Retrying...
2023-10-15T00:34:27.1496025Z A path returned 202. Retrying...
2023-10-15T00:34:27.1496551Z A path returned 202. Retrying...
2023-10-15T00:34:27.1497079Z A path returned 202. Retrying...
2023-10-15T00:34:27.1497620Z A path returned 202. Retrying...
2023-10-15T00:34:27.1498149Z A path returned 202. Retrying...
2023-10-15T00:34:27.1498661Z A path returned 202. Retrying...
2023-10-15T00:34:27.1499195Z A path returned 202. Retrying...
2023-10-15T00:34:27.1499722Z A path returned 202. Retrying...
2023-10-15T00:34:27.1500246Z A path returned 202. Retrying...
2023-10-15T00:34:27.1500776Z A path returned 202. Retrying...
2023-10-15T00:34:27.1501300Z A path returned 202. Retrying...
2023-10-15T00:34:27.1501825Z A path returned 202. Retrying...
2023-10-15T00:34:27.1502332Z A path returned 202. Retrying...
2023-10-15T00:34:27.1502861Z A path returned 202. Retrying...
2023-10-15T00:34:27.1503392Z A path returned 202. Retrying...
2023-10-15T00:34:27.1503923Z A path returned 202. Retrying...
2023-10-15T00:34:27.1504452Z A path returned 202. Retrying...
2023-10-15T00:34:27.1504980Z A path returned 202. Retrying...
2023-10-15T00:34:27.1505506Z A path returned 202. Retrying...
2023-10-15T00:34:27.1506021Z A path returned 202. Retrying...
2023-10-15T00:34:27.1506547Z A path returned 202. Retrying...
2023-10-15T00:34:27.1507076Z A path returned 202. Retrying...
2023-10-15T00:34:27.1507720Z A path returned 202. Retrying...
2023-10-15T00:34:27.1508190Z A path returned 202. Retrying...
2023-10-15T00:34:27.1508652Z A path returned 202. Retrying...
2023-10-15T00:34:27.1509112Z A path returned 202. Retrying...
2023-10-15T00:34:27.1509561Z A path returned 202. Retrying...
2023-10-15T00:34:27.1510020Z A path returned 202. Retrying...
2023-10-15T00:34:27.1510485Z A path returned 202. Retrying...
2023-10-15T00:34:27.1510940Z A path returned 202. Retrying...
2023-10-15T00:34:27.1511404Z A path returned 202. Retrying...
2023-10-15T00:34:27.1511868Z A path returned 202. Retrying...
2023-10-15T00:34:27.1512328Z A path returned 202. Retrying...
2023-10-15T00:34:27.1512772Z A path returned 202. Retrying...
2023-10-15T00:34:27.1513233Z A path returned 202. Retrying...
2023-10-15T00:34:27.1513692Z A path returned 202. Retrying...
2023-10-15T00:34:27.1514339Z A path returned 202. Retrying...
2023-10-15T00:34:27.1514799Z A path returned 202. Retrying...
2023-10-15T00:34:27.1515259Z A path returned 202. Retrying...
2023-10-15T00:34:27.1515722Z A path returned 202. Retrying...
2023-10-15T00:34:27.1516171Z A path returned 202. Retrying...
2023-10-15T00:34:27.1516633Z A path returned 202. Retrying...
2023-10-15T00:34:27.1517095Z A path returned 202. Retrying...
2023-10-15T00:34:27.1517551Z A path returned 202. Retrying...
2023-10-15T00:34:27.1518012Z A path returned 202. Retrying...
2023-10-15T00:34:27.1518473Z A path returned 202. Retrying...
2023-10-15T00:34:27.1518936Z A path returned 202. Retrying...
2023-10-15T00:34:27.1519380Z A path returned 202. Retrying...
2023-10-15T00:34:27.1519842Z A path returned 202. Retrying...
2023-10-15T00:34:27.1520300Z A path returned 202. Retrying...
2023-10-15T00:34:27.1520758Z A path returned 202. Retrying...
2023-10-15T00:34:27.1521214Z A path returned 202. Retrying...
2023-10-15T00:34:27.1521677Z A path returned 202. Retrying...
2023-10-15T00:34:27.1522136Z A path returned 202. Retrying...
2023-10-15T00:34:27.1522580Z A path returned 202. Retrying...
2023-10-15T00:34:27.1523177Z A path returned 202. Retrying...
2023-10-15T00:34:27.1523645Z A path returned 202. Retrying...
2023-10-15T00:34:27.1524102Z A path returned 202. Retrying...
2023-10-15T00:34:27.1524565Z A path returned 202. Retrying...
2023-10-15T00:34:27.1525021Z A path returned 202. Retrying...
2023-10-15T00:34:27.1525479Z A path returned 202. Retrying...
2023-10-15T00:34:27.1525919Z A path returned 202. Retrying...
2023-10-15T00:34:27.1526375Z A path returned 202. Retrying...
2023-10-15T00:34:27.1526836Z A path returned 202. Retrying...
2023-10-15T00:34:27.1527292Z A path returned 202. Retrying...
2023-10-15T00:34:27.1527752Z A path returned 202. Retrying...
2023-10-15T00:34:27.1528210Z A path returned 202. Retrying...
2023-10-15T00:34:27.1528672Z A path returned 202. Retrying...
2023-10-15T00:34:27.1529116Z A path returned 202. Retrying...
2023-10-15T00:34:27.1529582Z A path returned 202. Retrying...
2023-10-15T00:34:27.1530039Z A path returned 202. Retrying...
2023-10-15T00:34:27.1530621Z A path returned 202. Retrying...
2023-10-15T00:34:27.1531089Z A path returned 202. Retrying...
2023-10-15T00:34:27.1531551Z A path returned 202. Retrying...
2023-10-15T00:34:27.1532019Z A path returned 202. Retrying...
2023-10-15T00:34:27.1532580Z A path returned 202. Retrying...
2023-10-15T00:34:27.1533044Z A path returned 202. Retrying...
2023-10-15T00:34:27.1533497Z A path returned 202. Retrying...
2023-10-15T00:34:27.1533943Z A path returned 202. Retrying...
2023-10-15T00:34:27.1534404Z A path returned 202. Retrying...
2023-10-15T00:34:27.1534867Z A path returned 202. Retrying...
2023-10-15T00:34:27.1535323Z A path returned 202. Retrying...
2023-10-15T00:34:27.1535789Z A path returned 202. Retrying...
2023-10-15T00:34:27.1536246Z A path returned 202. Retrying...
2023-10-15T00:34:27.1536705Z A path returned 202. Retrying...
2023-10-15T00:34:27.1537155Z A path returned 202. Retrying...
2023-10-15T00:34:27.1537615Z A path returned 202. Retrying...
2023-10-15T00:34:27.1538082Z A path returned 202. Retrying...
2023-10-15T00:34:27.1538542Z A path returned 202. Retrying...
2023-10-15T00:34:27.1538999Z A path returned 202. Retrying...
2023-10-15T00:34:27.1539463Z A path returned 202. Retrying...
2023-10-15T00:34:27.1539921Z A path returned 202. Retrying...
2023-10-15T00:34:27.1540365Z A path returned 202. Retrying...
2023-10-15T00:34:27.1540834Z A path returned 202. Retrying...
2023-10-15T00:34:27.1541293Z A path returned 202. Retrying...
2023-10-15T00:34:27.1541756Z A path returned 202. Retrying...
2023-10-15T00:34:27.1542221Z A path returned 202. Retrying...
2023-10-15T00:34:27.1542679Z A path returned 202. Retrying...
2023-10-15T00:34:27.1543142Z A path returned 202. Retrying...
2023-10-15T00:34:27.1543587Z A path returned 202. Retrying...
2023-10-15T00:34:27.1544041Z A path returned 202. Retrying...
2023-10-15T00:34:27.1544502Z A path returned 202. Retrying...
2023-10-15T00:34:27.1545118Z A path returned 202. Retrying...
2023-10-15T00:34:27.1545577Z A path returned 202. Retrying...
2023-10-15T00:34:27.1546039Z A path returned 202. Retrying...
2023-10-15T00:34:27.1546501Z A path returned 202. Retrying...
2023-10-15T00:34:27.1546948Z A path returned 202. Retrying...
2023-10-15T00:34:27.1547408Z A path returned 202. Retrying...
2023-10-15T00:34:27.1547870Z A path returned 202. Retrying...
2023-10-15T00:34:27.1548331Z A path returned 202. Retrying...
2023-10-15T00:34:27.1548791Z A path returned 202. Retrying...
2023-10-15T00:34:27.1549248Z A path returned 202. Retrying...
2023-10-15T00:34:27.1549705Z A path returned 202. Retrying...
2023-10-15T00:34:27.1550149Z A path returned 202. Retrying...
2023-10-15T00:34:27.1550605Z A path returned 202. Retrying...
2023-10-15T00:34:27.1551064Z A path returned 202. Retrying...
2023-10-15T00:34:27.1551524Z A path returned 202. Retrying...
2023-10-15T00:34:27.1551984Z A path returned 202. Retrying...
2023-10-15T00:34:27.1552456Z A path returned 202. Retrying...
2023-10-15T00:34:27.1552918Z A path returned 202. Retrying...
2023-10-15T00:34:27.1553362Z A path returned 202. Retrying...
2023-10-15T00:34:27.1553963Z A path returned 202. Retrying...
2023-10-15T00:34:27.1554428Z A path returned 202. Retrying...
2023-10-15T00:34:27.1554886Z A path returned 202. Retrying...
2023-10-15T00:34:27.1555345Z A path returned 202. Retrying...
2023-10-15T00:34:27.1555806Z A path returned 202. Retrying...
2023-10-15T00:34:27.1556267Z A path returned 202. Retrying...
2023-10-15T00:34:27.1556706Z A path returned 202. Retrying...
2023-10-15T00:34:27.1557169Z A path returned 202. Retrying...
2023-10-15T00:34:27.1557629Z A path returned 202. Retrying...
2023-10-15T00:34:27.1558087Z A path returned 202. Retrying...
2023-10-15T00:34:27.1558548Z A path returned 202. Retrying...
2023-10-15T00:34:27.1559008Z A path returned 202. Retrying...
2023-10-15T00:34:27.1559468Z A path returned 202. Retrying...
2023-10-15T00:34:27.1559918Z A path returned 202. Retrying...
2023-10-15T00:34:27.1560381Z A path returned 202. Retrying...
2023-10-15T00:34:27.1560839Z A path returned 202. Retrying...
2023-10-15T00:34:27.1561297Z A path returned 202. Retrying...
2023-10-15T00:34:27.1561758Z A path returned 202. Retrying...
2023-10-15T00:34:27.1562217Z A path returned 202. Retrying...
2023-10-15T00:34:27.1562708Z A path returned 202. Retrying...
2023-10-15T00:34:27.1563157Z A path returned 202. Retrying...
2023-10-15T00:34:27.1563617Z A path returned 202. Retrying...
2023-10-15T00:34:27.1564077Z A path returned 202. Retrying...
2023-10-15T00:34:27.1564536Z A path returned 202. Retrying...
2023-10-15T00:34:27.1564996Z A path returned 202. Retrying...
2023-10-15T00:34:27.1565466Z A path returned 202. Retrying...
2023-10-15T00:34:27.1565927Z A path returned 202. Retrying...
2023-10-15T00:34:27.1566376Z A path returned 202. Retrying...
2023-10-15T00:34:27.1566836Z A path returned 202. Retrying...
2023-10-15T00:34:27.1567296Z A path returned 202. Retrying...
2023-10-15T00:34:27.1567758Z A path returned 202. Retrying...
2023-10-15T00:34:27.1568215Z A path returned 202. Retrying...
2023-10-15T00:34:27.1568675Z A path returned 202. Retrying...
2023-10-15T00:34:27.1569144Z A path returned 202. Retrying...
2023-10-15T00:34:27.1569593Z A path returned 202. Retrying...
2023-10-15T00:34:27.1570052Z A path returned 202. Retrying...
2023-10-15T00:34:27.1570520Z A path returned 202. Retrying...
2023-10-15T00:34:27.1570977Z A path returned 202. Retrying...
2023-10-15T00:34:27.1571435Z A path returned 202. Retrying...
2023-10-15T00:34:27.1571895Z A path returned 202. Retrying...
2023-10-15T00:34:27.1572450Z A path returned 202. Retrying...
2023-10-15T00:34:27.1572907Z A path returned 202. Retrying...
2023-10-15T00:34:27.1573372Z A path returned 202. Retrying...
2023-10-15T00:34:27.1573830Z A path returned 202. Retrying...
2023-10-15T00:34:27.1574288Z A path returned 202. Retrying...
2023-10-15T00:34:27.1574745Z A path returned 202. Retrying...
2023-10-15T00:34:27.1575201Z A path returned 202. Retrying...
2023-10-15T00:34:27.1575816Z A path returned 202. Retrying...
2023-10-15T00:34:27.1576261Z A path returned 202. Retrying...
2023-10-15T00:34:27.1576718Z A path returned 202. Retrying...
2023-10-15T00:34:27.1577186Z A path returned 202. Retrying...
2023-10-15T00:34:27.1577644Z A path returned 202. Retrying...
2023-10-15T00:34:27.1578104Z A path returned 202. Retrying...
2023-10-15T00:34:27.1578563Z A path returned 202. Retrying...
2023-10-15T00:34:27.1579020Z A path returned 202. Retrying...
2023-10-15T00:34:27.1579465Z A path returned 202. Retrying...
2023-10-15T00:34:27.1579928Z A path returned 202. Retrying...
2023-10-15T00:34:27.1580385Z A path returned 202. Retrying...
2023-10-15T00:34:27.1580842Z A path returned 202. Retrying...
2023-10-15T00:34:27.1581334Z A path returned 202. Retrying...
2023-10-15T00:34:27.1581794Z A path returned 202. Retrying...
2023-10-15T00:34:27.1582252Z A path returned 202. Retrying...
2023-10-15T00:34:27.1582697Z A path returned 202. Retrying...
2023-10-15T00:34:27.1583161Z A path returned 202. Retrying...
2023-10-15T00:34:27.1583620Z A path returned 202. Retrying...
2023-10-15T00:34:27.1584079Z A path returned 202. Retrying...
2023-10-15T00:34:27.1584695Z A path returned 202. Retrying...
2023-10-15T00:34:27.1585162Z A path returned 202. Retrying...
2023-10-15T00:34:27.1585622Z A path returned 202. Retrying...
2023-10-15T00:43:22.6296722Z A path returned 202. Retrying...
2023-10-15T00:43:22.6297381Z A path returned 202. Retrying...
2023-10-15T00:43:22.6298009Z A path returned 202. Retrying...
2023-10-15T00:43:22.6298531Z A path returned 202. Retrying...
2023-10-15T00:43:22.6299057Z A path returned 202. Retrying...
2023-10-15T00:43:22.6299582Z A path returned 202. Retrying...
2023-10-15T00:43:22.6300104Z A path returned 202. Retrying...
2023-10-15T00:43:22.6300628Z A path returned 202. Retrying...
2023-10-15T00:43:22.6301147Z A path returned 202. Retrying...
2023-10-15T00:43:22.6301667Z A path returned 202. Retrying...
2023-10-15T00:43:22.6302176Z A path returned 202. Retrying...
2023-10-15T00:43:22.6302737Z A path returned 202. Retrying...
2023-10-15T00:43:22.6303262Z A path returned 202. Retrying...
2023-10-15T00:43:22.6303784Z A path returned 202. Retrying...
2023-10-15T00:43:22.6304313Z A path returned 202. Retrying...
2023-10-15T00:43:22.6304836Z A path returned 202. Retrying...
2023-10-15T00:43:22.6305350Z A path returned 202. Retrying...
2023-10-15T00:43:22.6305855Z A path returned 202. Retrying...
2023-10-15T00:43:22.6306373Z A path returned 202. Retrying...
2023-10-15T00:43:22.6306894Z A path returned 202. Retrying...
2023-10-15T00:43:22.6307412Z A path returned 202. Retrying...
2023-10-15T00:43:22.6307929Z A path returned 202. Retrying...
2023-10-15T00:43:22.6308449Z A path returned 202. Retrying...
2023-10-15T00:43:22.6308969Z A path returned 202. Retrying...
2023-10-15T00:43:22.6309475Z A path returned 202. Retrying...
2023-10-15T00:43:22.6309994Z A path returned 202. Retrying...
2023-10-15T00:43:22.6310515Z A path returned 202. Retrying...
2023-10-15T00:43:22.6311049Z A path returned 202. Retrying...
2023-10-15T00:43:22.6311566Z A path returned 202. Retrying...
2023-10-15T00:43:22.6312082Z A path returned 202. Retrying...
2023-10-15T00:43:22.6312606Z A path returned 202. Retrying...
2023-10-15T00:43:22.6313112Z A path returned 202. Retrying...
2023-10-15T00:43:22.6313633Z A path returned 202. Retrying...
2023-10-15T00:43:22.6314152Z A path returned 202. Retrying...
2023-10-15T00:43:22.6314669Z A path returned 202. Retrying...
2023-10-15T00:43:22.6315200Z A path returned 202. Retrying...
2023-10-15T00:43:22.6315717Z A path returned 202. Retrying...
2023-10-15T00:43:22.6316237Z A path returned 202. Retrying...
2023-10-15T00:43:22.6316744Z A path returned 202. Retrying...
2023-10-15T00:43:22.6317264Z A path returned 202. Retrying...
2023-10-15T00:43:22.6317781Z A path returned 202. Retrying...
2023-10-15T00:43:22.6318298Z A path returned 202. Retrying...
2023-10-15T00:43:22.6318812Z A path returned 202. Retrying...
2023-10-15T00:43:22.6319335Z A path returned 202. Retrying...
2023-10-15T00:43:22.6320356Z A path returned 202. Retrying...
2023-10-15T00:43:22.6320869Z A path returned 202. Retrying...
2023-10-15T00:43:22.6321393Z A path returned 202. Retrying...
2023-10-15T00:43:22.6321920Z A path returned 202. Retrying...
2023-10-15T00:43:22.6322436Z A path returned 202. Retrying...
2023-10-15T00:43:22.6322957Z A path returned 202. Retrying...
2023-10-15T00:43:22.6323481Z A path returned 202. Retrying...
2023-10-15T00:43:22.6324001Z A path returned 202. Retrying...
2023-10-15T00:43:22.6324508Z A path returned 202. Retrying...
2023-10-15T00:43:22.6325031Z A path returned 202. Retrying...
2023-10-15T00:43:22.6325547Z A path returned 202. Retrying...
2023-10-15T00:43:22.6326066Z A path returned 202. Retrying...
2023-10-15T00:43:22.6326583Z A path returned 202. Retrying...
2023-10-15T00:43:22.6327098Z A path returned 202. Retrying...
2023-10-15T00:43:22.6327618Z A path returned 202. Retrying...
2023-10-15T00:43:22.6328121Z A path returned 202. Retrying...
2023-10-15T00:43:22.6328653Z A path returned 202. Retrying...
2023-10-15T00:43:22.6329169Z A path returned 202. Retrying...
2023-10-15T00:43:22.6329685Z A path returned 202. Retrying...
2023-10-15T00:43:22.6330402Z A path returned 202. Retrying...
2023-10-15T00:43:22.6330932Z A path returned 202. Retrying...
2023-10-15T00:43:22.6331455Z A path returned 202. Retrying...
2023-10-15T00:43:22.6331964Z A path returned 202. Retrying...
2023-10-15T00:43:22.6332703Z A path returned 202. Retrying...
2023-10-15T00:43:22.6333231Z A path returned 202. Retrying...
2023-10-15T00:43:22.6333752Z A path returned 202. Retrying...
2023-10-15T00:43:22.6334272Z A path returned 202. Retrying...
2023-10-15T00:43:22.6334793Z A path returned 202. Retrying...
2023-10-15T00:43:22.6335305Z A path returned 202. Retrying...
2023-10-15T00:43:22.6335807Z A path returned 202. Retrying...
2023-10-15T00:43:22.6336327Z A path returned 202. Retrying...
2023-10-15T00:43:22.6336840Z A path returned 202. Retrying...
2023-10-15T00:43:22.6337355Z A path returned 202. Retrying...
2023-10-15T00:43:22.6337884Z A path returned 202. Retrying...
2023-10-15T00:43:22.6338400Z A path returned 202. Retrying...
2023-10-15T00:43:22.6338915Z A path returned 202. Retrying...
2023-10-15T00:43:22.6339424Z A path returned 202. Retrying...
2023-10-15T00:43:22.6339944Z A path returned 202. Retrying...
2023-10-15T00:43:22.6340459Z A path returned 202. Retrying...
2023-10-15T00:43:22.6340972Z A path returned 202. Retrying...
2023-10-15T00:43:22.6341487Z A path returned 202. Retrying...
2023-10-15T00:43:22.6341999Z A path returned 202. Retrying...
2023-10-15T00:43:22.6342516Z A path returned 202. Retrying...
2023-10-15T00:43:22.6343019Z A path returned 202. Retrying...
2023-10-15T00:43:22.6343539Z A path returned 202. Retrying...
2023-10-15T00:43:22.6344058Z A path returned 202. Retrying...
2023-10-15T00:43:22.6344574Z A path returned 202. Retrying...
2023-10-15T00:43:22.6345091Z A path returned 202. Retrying...
2023-10-15T00:43:22.6345604Z A path returned 202. Retrying...
2023-10-15T00:43:22.6346130Z A path returned 202. Retrying...
2023-10-15T00:43:22.6346634Z A path returned 202. Retrying...
2023-10-15T00:43:22.6347151Z A path returned 202. Retrying...
2023-10-15T00:43:22.6347673Z A path returned 202. Retrying...
2023-10-15T00:43:22.6348192Z A path returned 202. Retrying...
2023-10-15T00:43:22.6348708Z A path returned 202. Retrying...
2023-10-15T00:43:22.6349225Z A path returned 202. Retrying...
2023-10-15T00:43:22.6349750Z A path returned 202. Retrying...
2023-10-15T00:43:22.6350253Z A path returned 202. Retrying...
2023-10-15T00:43:22.6350771Z A path returned 202. Retrying...
2023-10-15T00:43:22.6351291Z A path returned 202. Retrying...
2023-10-15T00:43:22.6351815Z A path returned 202. Retrying...
2023-10-15T00:43:22.6352335Z A path returned 202. Retrying...
2023-10-15T00:43:22.6352856Z A path returned 202. Retrying...
2023-10-15T00:43:22.6353372Z A path returned 202. Retrying...
2023-10-15T00:43:22.6353873Z A path returned 202. Retrying...
2023-10-15T00:43:22.6354393Z A path returned 202. Retrying...
2023-10-15T00:43:22.6355128Z A path returned 202. Retrying...
2023-10-15T00:43:22.6355651Z A path returned 202. Retrying...
2023-10-15T00:43:22.6356169Z A path returned 202. Retrying...
2023-10-15T00:43:22.6356703Z A path returned 202. Retrying...
2023-10-15T00:43:22.6357221Z A path returned 202. Retrying...
2023-10-15T00:43:22.6357723Z A path returned 202. Retrying...
2023-10-15T00:43:22.6358246Z A path returned 202. Retrying...
2023-10-15T00:43:22.6358773Z A path returned 202. Retrying...
2023-10-15T00:43:22.6359293Z A path returned 202. Retrying...
2023-10-15T00:43:22.6359813Z A path returned 202. Retrying...
2023-10-15T00:43:22.6360327Z A path returned 202. Retrying...
2023-10-15T00:43:22.6360845Z A path returned 202. Retrying...
2023-10-15T00:43:22.6361349Z A path returned 202. Retrying...
2023-10-15T00:43:22.6361875Z A path returned 202. Retrying...
2023-10-15T00:43:22.6362391Z A path returned 202. Retrying...
2023-10-15T00:43:22.6362911Z A path returned 202. Retrying...
2023-10-15T00:43:22.6363438Z A path returned 202. Retrying...
2023-10-15T00:43:22.6363960Z A path returned 202. Retrying...
2023-10-15T00:43:22.6364473Z A path returned 202. Retrying...
2023-10-15T00:43:22.6365115Z A path returned 202. Retrying...
2023-10-15T00:43:22.6365653Z A path returned 202. Retrying...
2023-10-15T00:43:22.6366180Z A path returned 202. Retrying...
2023-10-15T00:43:22.6366701Z A path returned 202. Retrying...
2023-10-15T00:43:22.6367271Z A path returned 202. Retrying...
2023-10-15T00:43:22.6367805Z A path returned 202. Retrying...
2023-10-15T00:43:22.6368330Z A path returned 202. Retrying...
2023-10-15T00:43:22.6368838Z A path returned 202. Retrying...
2023-10-15T00:43:22.6369357Z A path returned 202. Retrying...
2023-10-15T00:43:22.6369930Z A path returned 202. Retrying...
2023-10-15T00:43:22.6370382Z A path returned 202. Retrying...
2023-10-15T00:43:22.6370834Z A path returned 202. Retrying...
2023-10-15T00:43:22.6371287Z A path returned 202. Retrying...
2023-10-15T00:43:22.6371741Z A path returned 202. Retrying...
2023-10-15T00:43:22.6372190Z A path returned 202. Retrying...
2023-10-15T00:43:22.6372756Z A path returned 202. Retrying...
2023-10-15T00:43:22.6373214Z A path returned 202. Retrying...
2023-10-15T00:43:22.6373675Z A path returned 202. Retrying...
2023-10-15T00:43:22.6374127Z A path returned 202. Retrying...
2023-10-15T00:43:22.6374578Z A path returned 202. Retrying...
2023-10-15T00:43:22.6375031Z A path returned 202. Retrying...
2023-10-15T00:43:22.6375472Z A path returned 202. Retrying...
2023-10-15T00:43:22.6375927Z A path returned 202. Retrying...
2023-10-15T00:43:22.6376382Z A path returned 202. Retrying...
2023-10-15T00:43:22.6376835Z A path returned 202. Retrying...
2023-10-15T00:43:22.6377288Z A path returned 202. Retrying...
2023-10-15T00:43:22.6377741Z A path returned 202. Retrying...
2023-10-15T00:43:22.6378193Z A path returned 202. Retrying...
2023-10-15T00:43:22.6378630Z A path returned 202. Retrying...
2023-10-15T00:43:22.6379085Z A path returned 202. Retrying...
2023-10-15T00:43:22.6379549Z A path returned 202. Retrying...
2023-10-15T00:43:22.6380006Z A path returned 202. Retrying...
2023-10-15T00:43:22.6380463Z A path returned 202. Retrying...
2023-10-15T00:43:22.6380924Z A path returned 202. Retrying...
2023-10-15T00:43:22.6381380Z A path returned 202. Retrying...
2023-10-15T00:43:22.6381836Z A path returned 202. Retrying...
2023-10-15T00:43:22.6382290Z A path returned 202. Retrying...
2023-10-15T00:43:22.6382742Z A path returned 202. Retrying...
2023-10-15T00:43:22.6383184Z A path returned 202. Retrying...
2023-10-15T00:43:22.6383641Z A path returned 202. Retrying...
2023-10-15T00:43:22.6384101Z A path returned 202. Retrying...
2023-10-15T00:43:22.6384556Z A path returned 202. Retrying...
2023-10-15T00:43:22.6385013Z A path returned 202. Retrying...
2023-10-15T00:43:22.6385467Z A path returned 202. Retrying...
2023-10-15T00:43:22.6385928Z A path returned 202. Retrying...
2023-10-15T00:43:22.6386372Z A path returned 202. Retrying...
2023-10-15T00:43:22.6386833Z A path returned 202. Retrying...
2023-10-15T00:43:22.6387459Z A path returned 202. Retrying...
2023-10-15T00:43:22.6387915Z A path returned 202. Retrying...
2023-10-15T00:43:22.6388372Z A path returned 202. Retrying...
2023-10-15T00:43:22.6388839Z A path returned 202. Retrying...
2023-10-15T00:43:22.6389297Z A path returned 202. Retrying...
2023-10-15T00:43:22.6389738Z A path returned 202. Retrying...
2023-10-15T00:43:22.6390200Z A path returned 202. Retrying...
2023-10-15T00:43:22.6390662Z A path returned 202. Retrying...
2023-10-15T00:43:22.6391123Z A path returned 202. Retrying...
2023-10-15T00:43:22.6391585Z A path returned 202. Retrying...
2023-10-15T00:43:22.6392046Z A path returned 202. Retrying...
2023-10-15T00:43:22.6392507Z A path returned 202. Retrying...
2023-10-15T00:43:22.6392951Z A path returned 202. Retrying...
2023-10-15T00:43:22.6393412Z A path returned 202. Retrying...
2023-10-15T00:43:22.6393864Z A path returned 202. Retrying...
2023-10-15T00:43:22.6394320Z A path returned 202. Retrying...
2023-10-15T00:43:22.6394782Z A path returned 202. Retrying...
2023-10-15T00:43:22.6395239Z A path returned 202. Retrying...
2023-10-15T00:43:22.6395690Z A path returned 202. Retrying...
2023-10-15T00:43:22.6396247Z A path returned 202. Retrying...
2023-10-15T00:43:22.6396709Z A path returned 202. Retrying...
2023-10-15T00:43:22.6397167Z A path returned 202. Retrying...
2023-10-15T00:43:22.6397625Z A path returned 202. Retrying...
2023-10-15T00:43:22.6398082Z A path returned 202. Retrying...
2023-10-15T00:43:22.6398539Z A path returned 202. Retrying...
2023-10-15T00:43:22.6398994Z A path returned 202. Retrying...
2023-10-15T00:43:22.6399438Z A path returned 202. Retrying...
2023-10-15T00:43:22.6399899Z A path returned 202. Retrying...
2023-10-15T00:43:22.6400357Z A path returned 202. Retrying...
2023-10-15T00:43:22.6400818Z A path returned 202. Retrying...
2023-10-15T00:43:22.6401278Z A path returned 202. Retrying...
2023-10-15T00:43:22.6401737Z A path returned 202. Retrying...
2023-10-15T00:43:22.6402201Z A path returned 202. Retrying...
2023-10-15T00:43:22.6402650Z A path returned 202. Retrying...
2023-10-15T00:43:22.6403107Z A path returned 202. Retrying...
2023-10-15T00:43:22.6403562Z A path returned 202. Retrying...
2023-10-15T00:43:22.6404024Z A path returned 202. Retrying...
2023-10-15T00:43:22.6404483Z A path returned 202. Retrying...
2023-10-15T00:43:22.6404938Z A path returned 202. Retrying...
2023-10-15T00:43:22.6405395Z A path returned 202. Retrying...
2023-10-15T00:43:22.6405839Z A path returned 202. Retrying...
2023-10-15T00:43:22.6406301Z A path returned 202. Retrying...
2023-10-15T00:43:22.6406762Z A path returned 202. Retrying...
2023-10-15T00:43:22.6407216Z A path returned 202. Retrying...
2023-10-15T00:43:22.6407668Z A path returned 202. Retrying...
2023-10-15T00:43:22.6408128Z A path returned 202. Retrying...
2023-10-15T00:43:22.6408566Z A path returned 202. Retrying...
2023-10-15T00:43:22.6409025Z A path returned 202. Retrying...
2023-10-15T00:43:22.6409481Z A path returned 202. Retrying...
2023-10-15T00:43:22.6409943Z A path returned 202. Retrying...
2023-10-15T00:43:22.6410406Z A path returned 202. Retrying...
2023-10-15T00:43:22.6410861Z A path returned 202. Retrying...
2023-10-15T00:43:22.6411322Z A path returned 202. Retrying...
2023-10-15T00:43:22.6411764Z A path returned 202. Retrying...
2023-10-15T00:43:22.6412219Z A path returned 202. Retrying...
2023-10-15T00:43:22.6412775Z A path returned 202. Retrying...
2023-10-15T00:43:22.6413237Z A path returned 202. Retrying...
2023-10-15T00:43:22.6413694Z A path returned 202. Retrying...
2023-10-15T00:43:22.6414153Z A path returned 202. Retrying...
2023-10-15T00:43:22.6414609Z A path returned 202. Retrying...
2023-10-15T00:43:22.6415051Z A path returned 202. Retrying...
2023-10-15T00:43:22.6415508Z A path returned 202. Retrying...
2023-10-15T00:43:22.6415963Z A path returned 202. Retrying...
2023-10-15T00:43:22.6416419Z A path returned 202. Retrying...
2023-10-15T00:43:22.6416872Z A path returned 202. Retrying...
2023-10-15T00:43:22.6417327Z A path returned 202. Retrying...
2023-10-15T00:43:22.6417996Z A path returned 202. Retrying...
2023-10-15T00:43:22.6418443Z A path returned 202. Retrying...
2023-10-15T00:43:22.6418903Z A path returned 202. Retrying...
2023-10-15T00:43:22.6419370Z A path returned 202. Retrying...
2023-10-15T00:43:22.6419827Z A path returned 202. Retrying...
2023-10-15T00:43:22.6420284Z A path returned 202. Retrying...
2023-10-15T00:52:17.9510418Z A path returned 202. Retrying...
2023-10-15T00:52:17.9511182Z A path returned 202. Retrying...
2023-10-15T00:52:17.9511714Z A path returned 202. Retrying...
2023-10-15T00:52:17.9512248Z A path returned 202. Retrying...
2023-10-15T00:52:17.9512774Z A path returned 202. Retrying...
2023-10-15T00:52:17.9513291Z A path returned 202. Retrying...
2023-10-15T00:52:17.9513810Z A path returned 202. Retrying...
2023-10-15T00:52:17.9514328Z A path returned 202. Retrying...
2023-10-15T00:52:17.9514845Z A path returned 202. Retrying...
2023-10-15T00:52:17.9515351Z A path returned 202. Retrying...
2023-10-15T00:52:17.9515874Z A path returned 202. Retrying...
2023-10-15T00:52:17.9516427Z A path returned 202. Retrying...
2023-10-15T00:52:17.9516949Z A path returned 202. Retrying...
2023-10-15T00:52:17.9517466Z A path returned 202. Retrying...
2023-10-15T00:52:17.9518473Z A path returned 202. Retrying...
2023-10-15T00:52:17.9519006Z A path returned 202. Retrying...
2023-10-15T00:52:17.9519574Z A path returned 202. Retrying...
2023-10-15T00:52:17.9520094Z A path returned 202. Retrying...
2023-10-15T00:52:17.9520659Z A path returned 202. Retrying...
2023-10-15T00:52:17.9521175Z A path returned 202. Retrying...
2023-10-15T00:52:17.9521697Z A path returned 202. Retrying...
2023-10-15T00:52:17.9522217Z A path returned 202. Retrying...
2023-10-15T00:52:17.9522734Z A path returned 202. Retrying...
2023-10-15T00:52:17.9523237Z A path returned 202. Retrying...
2023-10-15T00:52:17.9523755Z A path returned 202. Retrying...
2023-10-15T00:52:17.9524277Z A path returned 202. Retrying...
2023-10-15T00:52:17.9524794Z A path returned 202. Retrying...
2023-10-15T00:52:17.9525322Z A path returned 202. Retrying...
2023-10-15T00:52:17.9525836Z A path returned 202. Retrying...
2023-10-15T00:52:17.9526349Z A path returned 202. Retrying...
2023-10-15T00:52:17.9526855Z A path returned 202. Retrying...
2023-10-15T00:52:17.9527372Z A path returned 202. Retrying...
2023-10-15T00:52:17.9527885Z A path returned 202. Retrying...
2023-10-15T00:52:17.9528408Z A path returned 202. Retrying...
2023-10-15T00:52:17.9528923Z A path returned 202. Retrying...
2023-10-15T00:52:17.9529442Z A path returned 202. Retrying...
2023-10-15T00:52:17.9529960Z A path returned 202. Retrying...
2023-10-15T00:52:17.9530462Z A path returned 202. Retrying...
2023-10-15T00:52:17.9530981Z A path returned 202. Retrying...
2023-10-15T00:52:17.9531495Z A path returned 202. Retrying...
2023-10-15T00:52:17.9532011Z A path returned 202. Retrying...
2023-10-15T00:52:17.9532819Z A path returned 202. Retrying...
2023-10-15T00:52:17.9533343Z A path returned 202. Retrying...
2023-10-15T00:52:17.9533867Z A path returned 202. Retrying...
2023-10-15T00:52:17.9534389Z A path returned 202. Retrying...
2023-10-15T00:52:17.9534922Z A path returned 202. Retrying...
2023-10-15T00:52:17.9535438Z A path returned 202. Retrying...
2023-10-15T00:52:17.9535964Z A path returned 202. Retrying...
2023-10-15T00:52:17.9536481Z A path returned 202. Retrying...
2023-10-15T00:52:17.9537003Z A path returned 202. Retrying...
2023-10-15T00:52:17.9537519Z A path returned 202. Retrying...
2023-10-15T00:52:17.9538020Z A path returned 202. Retrying...
2023-10-15T00:52:17.9538536Z A path returned 202. Retrying...
2023-10-15T00:52:17.9539059Z A path returned 202. Retrying...
2023-10-15T00:52:17.9539574Z A path returned 202. Retrying...
2023-10-15T00:52:17.9540089Z A path returned 202. Retrying...
2023-10-15T00:52:17.9540604Z A path returned 202. Retrying...
2023-10-15T00:52:17.9541116Z A path returned 202. Retrying...
2023-10-15T00:52:17.9541617Z A path returned 202. Retrying...
2023-10-15T00:52:17.9542135Z A path returned 202. Retrying...
2023-10-15T00:52:17.9542931Z A path returned 202. Retrying...
2023-10-15T00:52:17.9543449Z A path returned 202. Retrying...
2023-10-15T00:52:17.9543971Z A path returned 202. Retrying...
2023-10-15T00:52:17.9544506Z A path returned 202. Retrying...
2023-10-15T00:52:17.9545026Z A path returned 202. Retrying...
2023-10-15T00:52:17.9545531Z A path returned 202. Retrying...
2023-10-15T00:52:17.9546051Z A path returned 202. Retrying...
2023-10-15T00:52:17.9546572Z A path returned 202. Retrying...
2023-10-15T00:52:17.9547084Z A path returned 202. Retrying...
2023-10-15T00:52:17.9547595Z A path returned 202. Retrying...
2023-10-15T00:52:17.9548108Z A path returned 202. Retrying...
2023-10-15T00:52:17.9548632Z A path returned 202. Retrying...
2023-10-15T00:52:17.9549134Z A path returned 202. Retrying...
2023-10-15T00:52:17.9549649Z A path returned 202. Retrying...
2023-10-15T00:52:17.9550166Z A path returned 202. Retrying...
2023-10-15T00:52:17.9550685Z A path returned 202. Retrying...
2023-10-15T00:52:17.9551203Z A path returned 202. Retrying...
2023-10-15T00:52:17.9551728Z A path returned 202. Retrying...
2023-10-15T00:52:17.9552243Z A path returned 202. Retrying...
2023-10-15T00:52:17.9552747Z A path returned 202. Retrying...
2023-10-15T00:52:17.9553433Z A path returned 202. Retrying...
2023-10-15T00:52:17.9553959Z A path returned 202. Retrying...
2023-10-15T00:52:17.9554483Z A path returned 202. Retrying...
2023-10-15T00:52:17.9555003Z A path returned 202. Retrying...
2023-10-15T00:52:17.9555523Z A path returned 202. Retrying...
2023-10-15T00:52:17.9556038Z A path returned 202. Retrying...
2023-10-15T00:52:17.9556540Z A path returned 202. Retrying...
2023-10-15T00:52:17.9557058Z A path returned 202. Retrying...
2023-10-15T00:52:17.9557573Z A path returned 202. Retrying...
2023-10-15T00:52:17.9558086Z A path returned 202. Retrying...
2023-10-15T00:52:17.9558605Z A path returned 202. Retrying...
2023-10-15T00:52:17.9559121Z A path returned 202. Retrying...
2023-10-15T00:52:17.9559634Z A path returned 202. Retrying...
2023-10-15T00:52:17.9560141Z A path returned 202. Retrying...
2023-10-15T00:52:17.9560660Z A path returned 202. Retrying...
2023-10-15T00:52:17.9561179Z A path returned 202. Retrying...
2023-10-15T00:52:17.9561697Z A path returned 202. Retrying...
2023-10-15T00:52:17.9562213Z A path returned 202. Retrying...
2023-10-15T00:52:17.9562730Z A path returned 202. Retrying...
2023-10-15T00:52:17.9563244Z A path returned 202. Retrying...
2023-10-15T00:52:17.9563744Z A path returned 202. Retrying...
2023-10-15T00:52:17.9564261Z A path returned 202. Retrying...
2023-10-15T00:52:17.9564776Z A path returned 202. Retrying...
2023-10-15T00:52:17.9565295Z A path returned 202. Retrying...
2023-10-15T00:52:17.9565811Z A path returned 202. Retrying...
2023-10-15T00:52:17.9566331Z A path returned 202. Retrying...
2023-10-15T00:52:17.9566845Z A path returned 202. Retrying...
2023-10-15T00:52:17.9567344Z A path returned 202. Retrying...
2023-10-15T00:52:17.9567859Z A path returned 202. Retrying...
2023-10-15T00:52:17.9568375Z A path returned 202. Retrying...
2023-10-15T00:52:17.9568898Z A path returned 202. Retrying...
2023-10-15T00:52:17.9569411Z A path returned 202. Retrying...
2023-10-15T00:52:17.9569922Z A path returned 202. Retrying...
2023-10-15T00:52:17.9570443Z A path returned 202. Retrying...
2023-10-15T00:52:17.9570943Z A path returned 202. Retrying...
2023-10-15T00:52:17.9571461Z A path returned 202. Retrying...
2023-10-15T00:52:17.9571975Z A path returned 202. Retrying...
2023-10-15T00:52:17.9572630Z A path returned 202. Retrying...
2023-10-15T00:52:17.9573155Z A path returned 202. Retrying...
2023-10-15T00:52:17.9573680Z A path returned 202. Retrying...
2023-10-15T00:52:17.9574197Z A path returned 202. Retrying...
2023-10-15T00:52:17.9574702Z A path returned 202. Retrying...
2023-10-15T00:52:17.9575223Z A path returned 202. Retrying...
2023-10-15T00:52:17.9575740Z A path returned 202. Retrying...
2023-10-15T00:52:17.9576253Z A path returned 202. Retrying...
2023-10-15T00:52:17.9576768Z A path returned 202. Retrying...
2023-10-15T00:52:17.9577484Z A path returned 202. Retrying...
2023-10-15T00:52:17.9578001Z A path returned 202. Retrying...
2023-10-15T00:52:17.9578508Z A path returned 202. Retrying...
2023-10-15T00:52:17.9579033Z A path returned 202. Retrying...
2023-10-15T00:52:17.9579556Z A path returned 202. Retrying...
2023-10-15T00:52:17.9580073Z A path returned 202. Retrying...
2023-10-15T00:52:17.9580589Z A path returned 202. Retrying...
2023-10-15T00:52:17.9581102Z A path returned 202. Retrying...
2023-10-15T00:52:17.9581617Z A path returned 202. Retrying...
2023-10-15T00:52:17.9582117Z A path returned 202. Retrying...
2023-10-15T00:52:17.9582643Z A path returned 202. Retrying...
2023-10-15T00:52:17.9583158Z A path returned 202. Retrying...
2023-10-15T00:52:17.9583671Z A path returned 202. Retrying...
2023-10-15T00:52:17.9584188Z A path returned 202. Retrying...
2023-10-15T00:52:17.9584704Z A path returned 202. Retrying...
2023-10-15T00:52:17.9585227Z A path returned 202. Retrying...
2023-10-15T00:52:17.9585729Z A path returned 202. Retrying...
2023-10-15T00:52:17.9586252Z A path returned 202. Retrying...
2023-10-15T00:52:17.9586766Z A path returned 202. Retrying...
2023-10-15T00:52:17.9587285Z A path returned 202. Retrying...
2023-10-15T00:52:17.9587933Z A path returned 202. Retrying...
2023-10-15T00:52:17.9588456Z A path returned 202. Retrying...
2023-10-15T00:52:17.9588960Z A path returned 202. Retrying...
2023-10-15T00:52:17.9589474Z A path returned 202. Retrying...
2023-10-15T00:52:17.9589990Z A path returned 202. Retrying...
2023-10-15T00:52:17.9590510Z A path returned 202. Retrying...
2023-10-15T00:52:17.9591024Z A path returned 202. Retrying...
2023-10-15T00:52:17.9591536Z A path returned 202. Retrying...
2023-10-15T00:52:17.9592048Z A path returned 202. Retrying...
2023-10-15T00:52:17.9592547Z A path returned 202. Retrying...
2023-10-15T00:52:17.9593063Z A path returned 202. Retrying...
2023-10-15T00:52:17.9593579Z A path returned 202. Retrying...
2023-10-15T00:52:17.9594102Z A path returned 202. Retrying...
2023-10-15T00:52:17.9594630Z A path returned 202. Retrying...
2023-10-15T00:52:17.9595143Z A path returned 202. Retrying...
2023-10-15T00:52:17.9595660Z A path returned 202. Retrying...
2023-10-15T00:52:17.9596164Z A path returned 202. Retrying...
2023-10-15T00:52:17.9596678Z A path returned 202. Retrying...
2023-10-15T00:52:17.9597193Z A path returned 202. Retrying...
2023-10-15T00:52:17.9597709Z A path returned 202. Retrying...
2023-10-15T00:52:17.9598221Z A path returned 202. Retrying...
2023-10-15T00:52:17.9598736Z A path returned 202. Retrying...
2023-10-15T00:52:17.9599253Z A path returned 202. Retrying...
2023-10-15T00:52:17.9599755Z A path returned 202. Retrying...
2023-10-15T00:52:17.9600270Z A path returned 202. Retrying...
2023-10-15T00:52:17.9600785Z A path returned 202. Retrying...
2023-10-15T00:52:17.9601303Z A path returned 202. Retrying...
2023-10-15T00:52:17.9601816Z A path returned 202. Retrying...
2023-10-15T00:52:17.9602327Z A path returned 202. Retrying...
2023-10-15T00:52:17.9602846Z A path returned 202. Retrying...
2023-10-15T00:52:17.9603357Z A path returned 202. Retrying...
2023-10-15T00:52:17.9603868Z A path returned 202. Retrying...
2023-10-15T00:52:17.9604383Z A path returned 202. Retrying...
2023-10-15T00:52:17.9604907Z A path returned 202. Retrying...
2023-10-15T00:52:17.9605421Z A path returned 202. Retrying...
2023-10-15T00:52:17.9605935Z A path returned 202. Retrying...
2023-10-15T00:52:17.9606451Z A path returned 202. Retrying...
2023-10-15T00:52:17.9606958Z A path returned 202. Retrying...
2023-10-15T00:52:17.9607471Z A path returned 202. Retrying...
2023-10-15T00:52:17.9607987Z A path returned 202. Retrying...
2023-10-15T00:52:17.9608504Z A path returned 202. Retrying...
2023-10-15T00:52:17.9609023Z A path returned 202. Retrying...
2023-10-15T00:52:17.9609537Z A path returned 202. Retrying...
2023-10-15T00:52:17.9610050Z A path returned 202. Retrying...
2023-10-15T00:52:17.9610552Z A path returned 202. Retrying...
2023-10-15T00:52:17.9611165Z A path returned 202. Retrying...
2023-10-15T00:52:17.9611769Z A path returned 202. Retrying...
2023-10-15T00:52:17.9612228Z A path returned 202. Retrying...
2023-10-15T00:52:17.9612777Z A path returned 202. Retrying...
2023-10-15T00:52:17.9613239Z A path returned 202. Retrying...
2023-10-15T00:52:17.9613692Z A path returned 202. Retrying...
2023-10-15T00:52:17.9614129Z A path returned 202. Retrying...
2023-10-15T00:52:17.9614586Z A path returned 202. Retrying...
2023-10-15T00:52:17.9615039Z A path returned 202. Retrying...
2023-10-15T00:52:17.9615493Z A path returned 202. Retrying...
2023-10-15T00:52:17.9615944Z A path returned 202. Retrying...
2023-10-15T00:52:17.9616398Z A path returned 202. Retrying...
2023-10-15T00:52:17.9616850Z A path returned 202. Retrying...
2023-10-15T00:52:17.9617288Z A path returned 202. Retrying...
2023-10-15T00:52:17.9617745Z A path returned 202. Retrying...
2023-10-15T00:52:17.9618200Z A path returned 202. Retrying...
2023-10-15T00:52:17.9618651Z A path returned 202. Retrying...
2023-10-15T00:52:17.9619103Z A path returned 202. Retrying...
2023-10-15T00:52:17.9619584Z A path returned 202. Retrying...
2023-10-15T00:52:17.9620039Z A path returned 202. Retrying...
2023-10-15T00:52:17.9620475Z A path returned 202. Retrying...
2023-10-15T00:52:17.9621066Z A path returned 202. Retrying...
2023-10-15T00:52:17.9621532Z A path returned 202. Retrying...
2023-10-15T00:52:17.9621987Z A path returned 202. Retrying...
2023-10-15T00:52:17.9622444Z A path returned 202. Retrying...
2023-10-15T00:52:17.9622895Z A path returned 202. Retrying...
2023-10-15T00:52:17.9623352Z A path returned 202. Retrying...
2023-10-15T00:52:17.9623793Z A path returned 202. Retrying...
2023-10-15T00:52:17.9624241Z A path returned 202. Retrying...
2023-10-15T00:52:17.9624699Z A path returned 202. Retrying...
2023-10-15T00:52:17.9625150Z A path returned 202. Retrying...
2023-10-15T00:52:17.9625603Z A path returned 202. Retrying...
2023-10-15T00:52:17.9626056Z A path returned 202. Retrying...
2023-10-15T00:52:17.9626503Z A path returned 202. Retrying...
2023-10-15T00:52:17.9626945Z A path returned 202. Retrying...
2023-10-15T00:52:17.9627402Z A path returned 202. Retrying...
2023-10-15T00:52:17.9627858Z A path returned 202. Retrying...
2023-10-15T00:52:17.9628315Z A path returned 202. Retrying...
2023-10-15T00:52:17.9628772Z A path returned 202. Retrying...
2023-10-15T00:52:17.9629227Z A path returned 202. Retrying...
2023-10-15T00:52:17.9629679Z A path returned 202. Retrying...
2023-10-15T00:52:17.9630124Z A path returned 202. Retrying...
2023-10-15T00:52:17.9630575Z A path returned 202. Retrying...
2023-10-15T00:52:17.9631029Z A path returned 202. Retrying...
2023-10-15T00:52:17.9631484Z A path returned 202. Retrying...
2023-10-15T00:52:17.9631934Z A path returned 202. Retrying...
2023-10-15T00:52:17.9632385Z A path returned 202. Retrying...
2023-10-15T00:52:17.9632835Z A path returned 202. Retrying...
2023-10-15T00:52:17.9633272Z A path returned 202. Retrying...
2023-10-15T00:52:17.9633725Z A path returned 202. Retrying...
2023-10-15T00:52:17.9634187Z A path returned 202. Retrying...
2023-10-15T00:52:17.9634654Z A path returned 202. Retrying...
2023-10-15T00:52:17.9635113Z A path returned 202. Retrying...
2023-10-15T00:52:17.9635567Z A path returned 202. Retrying...
2023-10-15T00:52:17.9636025Z A path returned 202. Retrying...
2023-10-15T00:52:17.9636469Z A path returned 202. Retrying...
2023-10-15T00:52:17.9636920Z A path returned 202. Retrying...
2023-10-15T01:01:11.5747400Z A path returned 202. Retrying...
2023-10-15T01:01:11.5748050Z A path returned 202. Retrying...
2023-10-15T01:01:11.5748600Z A path returned 202. Retrying...
2023-10-15T01:01:11.5749138Z A path returned 202. Retrying...
2023-10-15T01:01:11.5749664Z A path returned 202. Retrying...
2023-10-15T01:01:11.5750195Z A path returned 202. Retrying...
2023-10-15T01:01:11.5750723Z A path returned 202. Retrying...
2023-10-15T01:01:11.5751242Z A path returned 202. Retrying...
2023-10-15T01:01:11.5751749Z A path returned 202. Retrying...
2023-10-15T01:01:11.5752271Z A path returned 202. Retrying...
2023-10-15T01:01:11.5753412Z A path returned 202. Retrying...
2023-10-15T01:01:11.5753940Z A path returned 202. Retrying...
2023-10-15T01:01:11.5754473Z A path returned 202. Retrying...
2023-10-15T01:01:11.5755006Z A path returned 202. Retrying...
2023-10-15T01:01:11.5755540Z A path returned 202. Retrying...
2023-10-15T01:01:11.5756045Z A path returned 202. Retrying...
2023-10-15T01:01:11.5756571Z A path returned 202. Retrying...
2023-10-15T01:01:11.5757097Z A path returned 202. Retrying...
2023-10-15T01:01:11.5757617Z A path returned 202. Retrying...
2023-10-15T01:01:11.5758142Z A path returned 202. Retrying...
2023-10-15T01:01:11.5758663Z A path returned 202. Retrying...
2023-10-15T01:01:11.5759180Z A path returned 202. Retrying...
2023-10-15T01:01:11.5759685Z A path returned 202. Retrying...
2023-10-15T01:01:11.5760203Z A path returned 202. Retrying...
2023-10-15T01:01:11.5760729Z A path returned 202. Retrying...
2023-10-15T01:01:11.5761251Z A path returned 202. Retrying...
2023-10-15T01:01:11.5761775Z A path returned 202. Retrying...
2023-10-15T01:01:11.5762316Z A path returned 202. Retrying...
2023-10-15T01:01:11.5762833Z A path returned 202. Retrying...
2023-10-15T01:01:11.5763344Z A path returned 202. Retrying...
2023-10-15T01:01:11.5764074Z A path returned 202. Retrying...
2023-10-15T01:01:11.5764615Z A path returned 202. Retrying...
2023-10-15T01:01:11.5765139Z A path returned 202. Retrying...
2023-10-15T01:01:11.5765661Z A path returned 202. Retrying...
2023-10-15T01:01:11.5766193Z A path returned 202. Retrying...
2023-10-15T01:01:11.5766707Z A path returned 202. Retrying...
2023-10-15T01:01:11.5767209Z A path returned 202. Retrying...
2023-10-15T01:01:11.5767732Z A path returned 202. Retrying...
2023-10-15T01:01:11.5768256Z A path returned 202. Retrying...
2023-10-15T01:01:11.5768777Z A path returned 202. Retrying...
2023-10-15T01:01:11.5769295Z A path returned 202. Retrying...
2023-10-15T01:01:11.5769813Z A path returned 202. Retrying...
2023-10-15T01:01:11.5770334Z A path returned 202. Retrying...
2023-10-15T01:01:11.5770845Z A path returned 202. Retrying...
2023-10-15T01:01:11.5771377Z A path returned 202. Retrying...
2023-10-15T01:01:11.5771895Z A path returned 202. Retrying...
2023-10-15T01:01:11.5772820Z A path returned 202. Retrying...
2023-10-15T01:01:11.5773355Z A path returned 202. Retrying...
2023-10-15T01:01:11.5774088Z A path returned 202. Retrying...
2023-10-15T01:01:11.5774806Z A path returned 202. Retrying...
2023-10-15T01:01:11.5893725Z A path returned 202. Retrying...
2023-10-15T01:01:11.5894285Z A path returned 202. Retrying...
2023-10-15T01:01:11.5894753Z A path returned 202. Retrying...
2023-10-15T01:01:11.5895191Z A path returned 202. Retrying...
2023-10-15T01:01:11.5895632Z A path returned 202. Retrying...
2023-10-15T01:01:11.5896479Z A path returned 202. Retrying...
2023-10-15T01:01:11.5898965Z A path returned 202. Retrying...
2023-10-15T01:01:11.5899398Z A path returned 202. Retrying...
2023-10-15T01:01:11.5899834Z A path returned 202. Retrying...
2023-10-15T01:01:11.5900265Z A path returned 202. Retrying...
2023-10-15T01:01:11.5900727Z A path returned 202. Retrying...
2023-10-15T01:01:11.5901160Z A path returned 202. Retrying...
2023-10-15T01:01:11.5901603Z A path returned 202. Retrying...
2023-10-15T01:01:11.5902054Z A path returned 202. Retrying...
2023-10-15T01:01:11.5902497Z A path returned 202. Retrying...
2023-10-15T01:01:11.5902939Z A path returned 202. Retrying...
2023-10-15T01:01:11.5903373Z A path returned 202. Retrying...
2023-10-15T01:01:11.5903820Z A path returned 202. Retrying...
2023-10-15T01:01:11.5904250Z A path returned 202. Retrying...
2023-10-15T01:01:11.5904691Z A path returned 202. Retrying...
2023-10-15T01:01:11.5905150Z A path returned 202. Retrying...
2023-10-15T01:01:11.5905590Z A path returned 202. Retrying...
2023-10-15T01:01:11.5906028Z A path returned 202. Retrying...
2023-10-15T01:01:11.5906465Z A path returned 202. Retrying...
2023-10-15T01:01:11.5906915Z A path returned 202. Retrying...
2023-10-15T01:01:11.5907357Z A path returned 202. Retrying...
2023-10-15T01:01:11.5908212Z A path returned 202. Retrying...
2023-10-15T01:01:11.5908669Z A path returned 202. Retrying...
2023-10-15T01:01:11.5909123Z A path returned 202. Retrying...
2023-10-15T01:01:11.5909582Z A path returned 202. Retrying...
2023-10-15T01:01:11.5910038Z A path returned 202. Retrying...
2023-10-15T01:01:11.5910499Z A path returned 202. Retrying...
2023-10-15T01:01:11.5910940Z A path returned 202. Retrying...
2023-10-15T01:01:11.5911391Z A path returned 202. Retrying...
2023-10-15T01:01:11.5911844Z A path returned 202. Retrying...
2023-10-15T01:01:11.5912296Z A path returned 202. Retrying...
2023-10-15T01:01:11.5912752Z A path returned 202. Retrying...
2023-10-15T01:01:11.5913201Z A path returned 202. Retrying...
2023-10-15T01:01:11.5913652Z A path returned 202. Retrying...
2023-10-15T01:01:11.5914088Z A path returned 202. Retrying...
2023-10-15T01:01:11.5914537Z A path returned 202. Retrying...
2023-10-15T01:01:11.5914994Z A path returned 202. Retrying...
2023-10-15T01:01:11.5915458Z A path returned 202. Retrying...
2023-10-15T01:01:11.5915917Z A path returned 202. Retrying...
2023-10-15T01:01:11.5916369Z A path returned 202. Retrying...
2023-10-15T01:01:11.5916819Z A path returned 202. Retrying...
2023-10-15T01:01:11.5917421Z A path returned 202. Retrying...
2023-10-15T01:01:11.5917880Z A path returned 202. Retrying...
2023-10-15T01:01:11.5918333Z A path returned 202. Retrying...
2023-10-15T01:01:11.5918787Z A path returned 202. Retrying...
2023-10-15T01:01:11.5919239Z A path returned 202. Retrying...
2023-10-15T01:01:11.5919696Z A path returned 202. Retrying...
2023-10-15T01:01:11.5920152Z A path returned 202. Retrying...
2023-10-15T01:01:11.5920593Z A path returned 202. Retrying...
2023-10-15T01:01:11.5921041Z A path returned 202. Retrying...
2023-10-15T01:01:11.5921497Z A path returned 202. Retrying...
2023-10-15T01:01:11.5921953Z A path returned 202. Retrying...
2023-10-15T01:01:11.5922405Z A path returned 202. Retrying...
2023-10-15T01:01:11.5922855Z A path returned 202. Retrying...
2023-10-15T01:01:11.5923311Z A path returned 202. Retrying...
2023-10-15T01:01:11.5923752Z A path returned 202. Retrying...
2023-10-15T01:01:11.5924201Z A path returned 202. Retrying...
2023-10-15T01:01:11.5924656Z A path returned 202. Retrying...
2023-10-15T01:01:11.5925109Z A path returned 202. Retrying...
2023-10-15T01:01:11.5925563Z A path returned 202. Retrying...
2023-10-15T01:01:11.5926013Z A path returned 202. Retrying...
2023-10-15T01:01:11.5926463Z A path returned 202. Retrying...
2023-10-15T01:01:11.5926905Z A path returned 202. Retrying...
2023-10-15T01:01:11.5927355Z A path returned 202. Retrying...
2023-10-15T01:01:11.5927797Z A path returned 202. Retrying...
2023-10-15T01:01:11.5928244Z A path returned 202. Retrying...
2023-10-15T01:01:11.5928690Z A path returned 202. Retrying...
2023-10-15T01:01:11.5929142Z A path returned 202. Retrying...
2023-10-15T01:01:11.5929589Z A path returned 202. Retrying...
2023-10-15T01:01:11.5930028Z A path returned 202. Retrying...
2023-10-15T01:01:11.5930480Z A path returned 202. Retrying...
2023-10-15T01:01:11.5930940Z A path returned 202. Retrying...
2023-10-15T01:01:11.5931400Z A path returned 202. Retrying...
2023-10-15T01:01:11.5931849Z A path returned 202. Retrying...
2023-10-15T01:01:11.5932309Z A path returned 202. Retrying...
2023-10-15T01:01:11.5933026Z A path returned 202. Retrying...
2023-10-15T01:01:11.5933468Z A path returned 202. Retrying...
2023-10-15T01:01:11.5933926Z A path returned 202. Retrying...
2023-10-15T01:01:11.5934385Z A path returned 202. Retrying...
2023-10-15T01:01:11.5934839Z A path returned 202. Retrying...
2023-10-15T01:01:11.5935289Z A path returned 202. Retrying...
2023-10-15T01:01:11.5935748Z A path returned 202. Retrying...
2023-10-15T01:01:11.5936196Z A path returned 202. Retrying...
2023-10-15T01:01:11.5936634Z A path returned 202. Retrying...
2023-10-15T01:01:11.5937087Z A path returned 202. Retrying...
2023-10-15T01:01:11.5937547Z A path returned 202. Retrying...
2023-10-15T01:01:11.5938000Z A path returned 202. Retrying...
2023-10-15T01:01:11.5938655Z A path returned 202. Retrying...
2023-10-15T01:01:11.5939112Z A path returned 202. Retrying...
2023-10-15T01:01:11.5939564Z A path returned 202. Retrying...
2023-10-15T01:01:11.5940007Z A path returned 202. Retrying...
2023-10-15T01:01:11.5940466Z A path returned 202. Retrying...
2023-10-15T01:01:11.5940920Z A path returned 202. Retrying...
2023-10-15T01:01:11.5941367Z A path returned 202. Retrying...
2023-10-15T01:01:11.5941821Z A path returned 202. Retrying...
2023-10-15T01:01:11.5942276Z A path returned 202. Retrying...
2023-10-15T01:01:11.5942729Z A path returned 202. Retrying...
2023-10-15T01:01:11.5943164Z A path returned 202. Retrying...
2023-10-15T01:01:11.5943612Z A path returned 202. Retrying...
2023-10-15T01:01:11.5944063Z A path returned 202. Retrying...
2023-10-15T01:01:11.5944516Z A path returned 202. Retrying...
2023-10-15T01:01:11.5944973Z A path returned 202. Retrying...
2023-10-15T01:01:11.5945428Z A path returned 202. Retrying...
2023-10-15T01:01:11.5945882Z A path returned 202. Retrying...
2023-10-15T01:01:11.5946329Z A path returned 202. Retrying...
2023-10-15T01:01:11.5946782Z A path returned 202. Retrying...
2023-10-15T01:01:11.5947245Z A path returned 202. Retrying...
2023-10-15T01:01:11.5947816Z A path returned 202. Retrying...
2023-10-15T01:01:11.5948272Z A path returned 202. Retrying...
2023-10-15T01:01:11.5948721Z A path returned 202. Retrying...
2023-10-15T01:01:11.5949177Z A path returned 202. Retrying...
2023-10-15T01:01:11.5949617Z A path returned 202. Retrying...
2023-10-15T01:01:11.5950076Z A path returned 202. Retrying...
2023-10-15T01:01:11.5950533Z A path returned 202. Retrying...
2023-10-15T01:01:11.5950988Z A path returned 202. Retrying...
2023-10-15T01:01:11.5951438Z A path returned 202. Retrying...
2023-10-15T01:01:11.5951891Z A path returned 202. Retrying...
2023-10-15T01:01:11.5952339Z A path returned 202. Retrying...
2023-10-15T01:01:11.5952779Z A path returned 202. Retrying...
2023-10-15T01:01:11.5953229Z A path returned 202. Retrying...
2023-10-15T01:01:11.5953686Z A path returned 202. Retrying...
2023-10-15T01:01:11.5954136Z A path returned 202. Retrying...
2023-10-15T01:01:11.5954589Z A path returned 202. Retrying...
2023-10-15T01:01:11.5955045Z A path returned 202. Retrying...
2023-10-15T01:01:11.5955494Z A path returned 202. Retrying...
2023-10-15T01:01:11.5955932Z A path returned 202. Retrying...
2023-10-15T01:01:11.5956380Z A path returned 202. Retrying...
2023-10-15T01:01:11.5956831Z A path returned 202. Retrying...
2023-10-15T01:01:11.5957282Z A path returned 202. Retrying...
2023-10-15T01:01:11.5957731Z A path returned 202. Retrying...
2023-10-15T01:01:11.5958182Z A path returned 202. Retrying...
2023-10-15T01:01:11.5958635Z A path returned 202. Retrying...
2023-10-15T01:01:11.5959079Z A path returned 202. Retrying...
2023-10-15T01:01:11.5959532Z A path returned 202. Retrying...
2023-10-15T01:01:11.5959990Z A path returned 202. Retrying...
2023-10-15T01:01:11.5960447Z A path returned 202. Retrying...
2023-10-15T01:01:11.5960905Z A path returned 202. Retrying...
2023-10-15T01:01:11.5961363Z A path returned 202. Retrying...
2023-10-15T01:01:11.5961920Z A path returned 202. Retrying...
2023-10-15T01:01:11.5962359Z A path returned 202. Retrying...
2023-10-15T01:01:11.5962821Z A path returned 202. Retrying...
2023-10-15T01:01:11.5963276Z A path returned 202. Retrying...
2023-10-15T01:01:11.5963732Z A path returned 202. Retrying...
2023-10-15T01:01:11.5964184Z A path returned 202. Retrying...
2023-10-15T01:01:11.5964639Z A path returned 202. Retrying...
2023-10-15T01:01:11.5965094Z A path returned 202. Retrying...
2023-10-15T01:01:11.5965529Z A path returned 202. Retrying...
2023-10-15T01:01:11.5965979Z A path returned 202. Retrying...
2023-10-15T01:01:11.5966429Z A path returned 202. Retrying...
2023-10-15T01:01:11.5966878Z A path returned 202. Retrying...
2023-10-15T01:01:11.5967331Z A path returned 202. Retrying...
2023-10-15T01:01:11.5967782Z A path returned 202. Retrying...
2023-10-15T01:01:11.5968231Z A path returned 202. Retrying...
2023-10-15T01:01:11.5968822Z A path returned 202. Retrying...
2023-10-15T01:01:11.5969280Z A path returned 202. Retrying...
2023-10-15T01:01:11.5969733Z A path returned 202. Retrying...
2023-10-15T01:01:11.5970193Z A path returned 202. Retrying...
2023-10-15T01:01:11.5970733Z A path returned 202. Retrying...
2023-10-15T01:01:11.5971188Z A path returned 202. Retrying...
2023-10-15T01:01:11.5971647Z A path returned 202. Retrying...
2023-10-15T01:01:11.5972089Z A path returned 202. Retrying...
2023-10-15T01:01:11.5972663Z A path returned 202. Retrying...
2023-10-15T01:01:11.5973122Z A path returned 202. Retrying...
2023-10-15T01:01:11.5973586Z A path returned 202. Retrying...
2023-10-15T01:01:11.5974037Z A path returned 202. Retrying...
2023-10-15T01:01:11.5974489Z A path returned 202. Retrying...
2023-10-15T01:01:11.5974943Z A path returned 202. Retrying...
2023-10-15T01:01:11.5975384Z A path returned 202. Retrying...
2023-10-15T01:01:11.5975838Z A path returned 202. Retrying...
2023-10-15T01:01:11.5976286Z A path returned 202. Retrying...
2023-10-15T01:01:11.5976743Z A path returned 202. Retrying...
2023-10-15T01:01:11.5977198Z A path returned 202. Retrying...
2023-10-15T01:01:11.5977648Z A path returned 202. Retrying...
2023-10-15T01:01:11.5978226Z A path returned 202. Retrying...
2023-10-15T01:01:11.5978667Z A path returned 202. Retrying...
2023-10-15T01:01:11.5979123Z A path returned 202. Retrying...
2023-10-15T01:01:11.5979577Z A path returned 202. Retrying...
2023-10-15T01:01:11.5980031Z A path returned 202. Retrying...
2023-10-15T01:01:11.5980483Z A path returned 202. Retrying...
2023-10-15T01:01:11.5980935Z A path returned 202. Retrying...
2023-10-15T01:01:11.5981386Z A path returned 202. Retrying...
2023-10-15T01:01:11.5981824Z A path returned 202. Retrying...
2023-10-15T01:01:11.5982274Z A path returned 202. Retrying...
2023-10-15T01:01:11.5982723Z A path returned 202. Retrying...
2023-10-15T01:01:11.5983175Z A path returned 202. Retrying...
2023-10-15T01:01:11.5983627Z A path returned 202. Retrying...
2023-10-15T01:01:11.5984080Z A path returned 202. Retrying...
2023-10-15T01:01:11.5984536Z A path returned 202. Retrying...
2023-10-15T01:01:11.5984974Z A path returned 202. Retrying...
2023-10-15T01:01:11.5985428Z A path returned 202. Retrying...
2023-10-15T01:01:11.5985879Z A path returned 202. Retrying...
2023-10-15T01:01:11.5986364Z A path returned 202. Retrying...
2023-10-15T01:01:11.5986813Z A path returned 202. Retrying...
2023-10-15T01:10:04.9283967Z A path returned 202. Retrying...
2023-10-15T01:10:04.9284822Z A path returned 202. Retrying...
2023-10-15T01:10:04.9285470Z A path returned 202. Retrying...
2023-10-15T01:10:04.9286073Z A path returned 202. Retrying...
2023-10-15T01:10:04.9286684Z A path returned 202. Retrying...
2023-10-15T01:10:04.9287286Z A path returned 202. Retrying...
2023-10-15T01:10:04.9287887Z A path returned 202. Retrying...
2023-10-15T01:10:04.9288492Z A path returned 202. Retrying...
2023-10-15T01:10:04.9289093Z A path returned 202. Retrying...
2023-10-15T01:10:04.9289881Z A path returned 202. Retrying...
2023-10-15T01:10:04.9291001Z A path returned 202. Retrying...
2023-10-15T01:10:04.9291607Z A path returned 202. Retrying...
2023-10-15T01:10:04.9292188Z A path returned 202. Retrying...
2023-10-15T01:10:04.9292993Z A path returned 202. Retrying...
2023-10-15T01:10:04.9293597Z A path returned 202. Retrying...
2023-10-15T01:10:04.9294196Z A path returned 202. Retrying...
2023-10-15T01:10:04.9294802Z A path returned 202. Retrying...
2023-10-15T01:10:04.9295393Z A path returned 202. Retrying...
2023-10-15T01:10:04.9295986Z A path returned 202. Retrying...
2023-10-15T01:10:04.9296582Z A path returned 202. Retrying...
2023-10-15T01:10:04.9297181Z A path returned 202. Retrying...
2023-10-15T01:10:04.9297773Z A path returned 202. Retrying...
2023-10-15T01:10:04.9298366Z A path returned 202. Retrying...
2023-10-15T01:10:04.9298953Z A path returned 202. Retrying...
2023-10-15T01:10:04.9299544Z A path returned 202. Retrying...
2023-10-15T01:10:04.9300144Z A path returned 202. Retrying...
2023-10-15T01:10:04.9300747Z A path returned 202. Retrying...
2023-10-15T01:10:04.9301905Z A path returned 202. Retrying...
2023-10-15T01:10:04.9302505Z A path returned 202. Retrying...
2023-10-15T01:10:04.9303103Z A path returned 202. Retrying...
2023-10-15T01:10:04.9303705Z A path returned 202. Retrying...
2023-10-15T01:10:04.9304301Z A path returned 202. Retrying...
2023-10-15T01:10:04.9304892Z A path returned 202. Retrying...
2023-10-15T01:10:04.9305472Z A path returned 202. Retrying...
2023-10-15T01:10:04.9306066Z A path returned 202. Retrying...
2023-10-15T01:10:04.9306657Z A path returned 202. Retrying...
2023-10-15T01:10:04.9307252Z A path returned 202. Retrying...
2023-10-15T01:10:04.9307848Z A path returned 202. Retrying...
2023-10-15T01:10:04.9308447Z A path returned 202. Retrying...
2023-10-15T01:10:04.9309038Z A path returned 202. Retrying...
2023-10-15T01:10:04.9309661Z A path returned 202. Retrying...
2023-10-15T01:10:04.9310267Z A path returned 202. Retrying...
2023-10-15T01:10:04.9310865Z A path returned 202. Retrying...
2023-10-15T01:10:04.9311465Z A path returned 202. Retrying...
2023-10-15T01:10:04.9312042Z A path returned 202. Retrying...
2023-10-15T01:10:04.9312637Z A path returned 202. Retrying...
2023-10-15T01:10:04.9313448Z A path returned 202. Retrying...
2023-10-15T01:10:04.9314059Z A path returned 202. Retrying...
2023-10-15T01:10:04.9314661Z A path returned 202. Retrying...
2023-10-15T01:10:04.9315259Z A path returned 202. Retrying...
2023-10-15T01:10:04.9315852Z A path returned 202. Retrying...
2023-10-15T01:10:04.9316444Z A path returned 202. Retrying...
2023-10-15T01:10:04.9317040Z A path returned 202. Retrying...
2023-10-15T01:10:04.9317632Z A path returned 202. Retrying...
2023-10-15T01:10:04.9318228Z A path returned 202. Retrying...
2023-10-15T01:10:04.9318805Z A path returned 202. Retrying...
2023-10-15T01:10:04.9319396Z A path returned 202. Retrying...
2023-10-15T01:10:04.9319991Z A path returned 202. Retrying...
2023-10-15T01:10:04.9320583Z A path returned 202. Retrying...
2023-10-15T01:10:04.9321176Z A path returned 202. Retrying...
2023-10-15T01:10:04.9321778Z A path returned 202. Retrying...
2023-10-15T01:10:04.9322367Z A path returned 202. Retrying...
2023-10-15T01:10:04.9322962Z A path returned 202. Retrying...
2023-10-15T01:10:04.9323561Z A path returned 202. Retrying...
2023-10-15T01:10:04.9324151Z A path returned 202. Retrying...
2023-10-15T01:10:04.9324736Z A path returned 202. Retrying...
2023-10-15T01:10:04.9325432Z A path returned 202. Retrying...
2023-10-15T01:10:04.9325953Z A path returned 202. Retrying...
2023-10-15T01:10:04.9326474Z A path returned 202. Retrying...
2023-10-15T01:10:04.9326996Z A path returned 202. Retrying...
2023-10-15T01:10:04.9327519Z A path returned 202. Retrying...
2023-10-15T01:10:04.9328052Z A path returned 202. Retrying...
2023-10-15T01:10:04.9328582Z A path returned 202. Retrying...
2023-10-15T01:10:04.9329101Z A path returned 202. Retrying...
2023-10-15T01:10:04.9329621Z A path returned 202. Retrying...
2023-10-15T01:10:04.9330147Z A path returned 202. Retrying...
2023-10-15T01:10:04.9330660Z A path returned 202. Retrying...
2023-10-15T01:10:04.9331185Z A path returned 202. Retrying...
2023-10-15T01:10:04.9331712Z A path returned 202. Retrying...
2023-10-15T01:10:04.9332243Z A path returned 202. Retrying...
2023-10-15T01:10:04.9332922Z A path returned 202. Retrying...
2023-10-15T01:10:04.9333452Z A path returned 202. Retrying...
2023-10-15T01:10:04.9333989Z A path returned 202. Retrying...
2023-10-15T01:10:04.9334516Z A path returned 202. Retrying...
2023-10-15T01:10:04.9335042Z A path returned 202. Retrying...
2023-10-15T01:10:04.9335559Z A path returned 202. Retrying...
2023-10-15T01:10:04.9336067Z A path returned 202. Retrying...
2023-10-15T01:10:04.9336594Z A path returned 202. Retrying...
2023-10-15T01:10:04.9337115Z A path returned 202. Retrying...
2023-10-15T01:10:04.9337637Z A path returned 202. Retrying...
2023-10-15T01:10:04.9338160Z A path returned 202. Retrying...
2023-10-15T01:10:04.9338681Z A path returned 202. Retrying...
2023-10-15T01:10:04.9339200Z A path returned 202. Retrying...
2023-10-15T01:10:04.9339969Z A path returned 202. Retrying...
2023-10-15T01:10:04.9340491Z A path returned 202. Retrying...
2023-10-15T01:10:04.9341010Z A path returned 202. Retrying...
2023-10-15T01:10:04.9341537Z A path returned 202. Retrying...
2023-10-15T01:10:04.9342044Z A path returned 202. Retrying...
2023-10-15T01:10:04.9342562Z A path returned 202. Retrying...
2023-10-15T01:10:04.9343083Z A path returned 202. Retrying...
2023-10-15T01:10:04.9343602Z A path returned 202. Retrying...
2023-10-15T01:10:04.9344121Z A path returned 202. Retrying...
2023-10-15T01:10:04.9344635Z A path returned 202. Retrying...
2023-10-15T01:10:04.9345158Z A path returned 202. Retrying...
2023-10-15T01:10:04.9345678Z A path returned 202. Retrying...
2023-10-15T01:10:04.9346198Z A path returned 202. Retrying...
2023-10-15T01:10:04.9346719Z A path returned 202. Retrying...
2023-10-15T01:10:04.9347222Z A path returned 202. Retrying...
2023-10-15T01:10:04.9347742Z A path returned 202. Retrying...
2023-10-15T01:10:04.9348267Z A path returned 202. Retrying...
2023-10-15T01:10:04.9348788Z A path returned 202. Retrying...
2023-10-15T01:10:04.9349304Z A path returned 202. Retrying...
2023-10-15T01:10:04.9349977Z A path returned 202. Retrying...
2023-10-15T01:10:04.9350508Z A path returned 202. Retrying...
2023-10-15T01:10:04.9351033Z A path returned 202. Retrying...
2023-10-15T01:10:04.9351559Z A path returned 202. Retrying...
2023-10-15T01:10:04.9352085Z A path returned 202. Retrying...
2023-10-15T01:10:04.9352608Z A path returned 202. Retrying...
2023-10-15T01:10:04.9353115Z A path returned 202. Retrying...
2023-10-15T01:10:04.9353640Z A path returned 202. Retrying...
2023-10-15T01:10:04.9354161Z A path returned 202. Retrying...
2023-10-15T01:10:04.9354687Z A path returned 202. Retrying...
2023-10-15T01:10:04.9355212Z A path returned 202. Retrying...
2023-10-15T01:10:04.9355734Z A path returned 202. Retrying...
2023-10-15T01:10:04.9356238Z A path returned 202. Retrying...
2023-10-15T01:10:04.9356755Z A path returned 202. Retrying...
2023-10-15T01:10:04.9357294Z A path returned 202. Retrying...
2023-10-15T01:10:04.9357814Z A path returned 202. Retrying...
2023-10-15T01:10:04.9358322Z A path returned 202. Retrying...
2023-10-15T01:10:04.9358846Z A path returned 202. Retrying...
2023-10-15T01:10:04.9359366Z A path returned 202. Retrying...
2023-10-15T01:10:04.9359886Z A path returned 202. Retrying...
2023-10-15T01:10:04.9360409Z A path returned 202. Retrying...
2023-10-15T01:10:04.9360930Z A path returned 202. Retrying...
2023-10-15T01:10:04.9361449Z A path returned 202. Retrying...
2023-10-15T01:10:04.9361973Z A path returned 202. Retrying...
2023-10-15T01:10:04.9362496Z A path returned 202. Retrying...
2023-10-15T01:10:04.9363016Z A path returned 202. Retrying...
2023-10-15T01:10:04.9363535Z A path returned 202. Retrying...
2023-10-15T01:10:04.9364041Z A path returned 202. Retrying...
2023-10-15T01:10:04.9364554Z A path returned 202. Retrying...
2023-10-15T01:10:04.9365071Z A path returned 202. Retrying...
2023-10-15T01:10:04.9365601Z A path returned 202. Retrying...
2023-10-15T01:10:04.9366136Z A path returned 202. Retrying...
2023-10-15T01:10:04.9366658Z A path returned 202. Retrying...
2023-10-15T01:10:04.9367184Z A path returned 202. Retrying...
2023-10-15T01:10:04.9367709Z A path returned 202. Retrying...
2023-10-15T01:10:04.9368235Z A path returned 202. Retrying...
2023-10-15T01:10:04.9368759Z A path returned 202. Retrying...
2023-10-15T01:10:04.9369265Z A path returned 202. Retrying...
2023-10-15T01:10:04.9369792Z A path returned 202. Retrying...
2023-10-15T01:10:04.9370314Z A path returned 202. Retrying...
2023-10-15T01:10:04.9370834Z A path returned 202. Retrying...
2023-10-15T01:10:04.9371355Z A path returned 202. Retrying...
2023-10-15T01:10:04.9371882Z A path returned 202. Retrying...
2023-10-15T01:10:04.9372521Z A path returned 202. Retrying...
2023-10-15T01:10:04.9373055Z A path returned 202. Retrying...
2023-10-15T01:10:04.9373586Z A path returned 202. Retrying...
2023-10-15T01:10:04.9374111Z A path returned 202. Retrying...
2023-10-15T01:10:04.9374831Z A path returned 202. Retrying...
2023-10-15T01:10:04.9375340Z A path returned 202. Retrying...
2023-10-15T01:10:04.9375861Z A path returned 202. Retrying...
2023-10-15T01:10:04.9376389Z A path returned 202. Retrying...
2023-10-15T01:10:04.9376912Z A path returned 202. Retrying...
2023-10-15T01:10:04.9377437Z A path returned 202. Retrying...
2023-10-15T01:10:04.9377959Z A path returned 202. Retrying...
2023-10-15T01:10:04.9378483Z A path returned 202. Retrying...
2023-10-15T01:10:04.9379006Z A path returned 202. Retrying...
2023-10-15T01:10:04.9379527Z A path returned 202. Retrying...
2023-10-15T01:10:04.9380047Z A path returned 202. Retrying...
2023-10-15T01:10:04.9380571Z A path returned 202. Retrying...
2023-10-15T01:10:04.9381078Z A path returned 202. Retrying...
2023-10-15T01:10:04.9381598Z A path returned 202. Retrying...
2023-10-15T01:10:04.9382115Z A path returned 202. Retrying...
2023-10-15T01:10:04.9382643Z A path returned 202. Retrying...
2023-10-15T01:10:04.9383164Z A path returned 202. Retrying...
2023-10-15T01:10:04.9383688Z A path returned 202. Retrying...
2023-10-15T01:10:04.9384208Z A path returned 202. Retrying...
2023-10-15T01:10:04.9384858Z A path returned 202. Retrying...
2023-10-15T01:10:04.9385394Z A path returned 202. Retrying...
2023-10-15T01:10:04.9385919Z A path returned 202. Retrying...
2023-10-15T01:10:04.9386419Z A path returned 202. Retrying...
2023-10-15T01:10:04.9386945Z A path returned 202. Retrying...
2023-10-15T01:10:04.9387466Z A path returned 202. Retrying...
2023-10-15T01:10:04.9387989Z A path returned 202. Retrying...
2023-10-15T01:10:04.9388509Z A path returned 202. Retrying...
2023-10-15T01:10:04.9389027Z A path returned 202. Retrying...
2023-10-15T01:10:04.9389546Z A path returned 202. Retrying...
2023-10-15T01:10:04.9390064Z A path returned 202. Retrying...
2023-10-15T01:10:04.9390587Z A path returned 202. Retrying...
2023-10-15T01:10:04.9391106Z A path returned 202. Retrying...
2023-10-15T01:10:04.9391624Z A path returned 202. Retrying...
2023-10-15T01:10:04.9392136Z A path returned 202. Retrying...
2023-10-15T01:10:04.9392650Z A path returned 202. Retrying...
2023-10-15T01:10:04.9393169Z A path returned 202. Retrying...
2023-10-15T01:10:04.9393691Z A path returned 202. Retrying...
2023-10-15T01:10:04.9394210Z A path returned 202. Retrying...
2023-10-15T01:10:04.9394730Z A path returned 202. Retrying...
2023-10-15T01:10:04.9395251Z A path returned 202. Retrying...
2023-10-15T01:10:04.9395771Z A path returned 202. Retrying...
2023-10-15T01:10:04.9396287Z A path returned 202. Retrying...
2023-10-15T01:10:04.9396806Z A path returned 202. Retrying...
2023-10-15T01:10:04.9397311Z A path returned 202. Retrying...
2023-10-15T01:10:04.9397828Z A path returned 202. Retrying...
2023-10-15T01:10:04.9398343Z A path returned 202. Retrying...
2023-10-15T01:10:04.9398864Z A path returned 202. Retrying...
2023-10-15T01:10:04.9399383Z A path returned 202. Retrying...
2023-10-15T01:10:04.9399902Z A path returned 202. Retrying...
2023-10-15T01:10:04.9400424Z A path returned 202. Retrying...
2023-10-15T01:10:04.9400940Z A path returned 202. Retrying...
2023-10-15T01:10:04.9401463Z A path returned 202. Retrying...
2023-10-15T01:10:04.9401994Z A path returned 202. Retrying...
2023-10-15T01:10:04.9402526Z A path returned 202. Retrying...
2023-10-15T01:10:04.9403033Z A path returned 202. Retrying...
2023-10-15T01:10:04.9403553Z A path returned 202. Retrying...
2023-10-15T01:10:04.9404076Z A path returned 202. Retrying...
2023-10-15T01:10:04.9404597Z A path returned 202. Retrying...
2023-10-15T01:10:04.9405116Z A path returned 202. Retrying...
2023-10-15T01:10:04.9405644Z A path returned 202. Retrying...
2023-10-15T01:10:04.9406161Z A path returned 202. Retrying...
2023-10-15T01:10:04.9406678Z A path returned 202. Retrying...
2023-10-15T01:10:04.9407196Z A path returned 202. Retrying...
2023-10-15T01:10:04.9407714Z A path returned 202. Retrying...
2023-10-15T01:10:04.9408226Z A path returned 202. Retrying...
2023-10-15T01:10:04.9408758Z A path returned 202. Retrying...
2023-10-15T01:10:04.9409448Z A path returned 202. Retrying...
2023-10-15T01:10:04.9410004Z A path returned 202. Retrying...
2023-10-15T01:10:04.9410532Z A path returned 202. Retrying...
2023-10-15T01:10:04.9411064Z A path returned 202. Retrying...
2023-10-15T01:10:04.9411587Z A path returned 202. Retrying...
2023-10-15T01:10:04.9412105Z A path returned 202. Retrying...
2023-10-15T01:10:04.9412853Z A path returned 202. Retrying...
2023-10-15T01:10:04.9413382Z A path returned 202. Retrying...
2023-10-15T01:10:04.9413909Z A path returned 202. Retrying...
2023-10-15T01:10:04.9414417Z A path returned 202. Retrying...
2023-10-15T01:10:04.9414933Z A path returned 202. Retrying...
2023-10-15T01:10:04.9415448Z A path returned 202. Retrying...
2023-10-15T01:10:04.9415981Z A path returned 202. Retrying...
2023-10-15T01:10:04.9416559Z A path returned 202. Retrying...
2023-10-15T01:10:04.9417081Z A path returned 202. Retrying...
2023-10-15T01:10:04.9417604Z A path returned 202. Retrying...
2023-10-15T01:10:04.9418135Z A path returned 202. Retrying...
2023-10-15T01:10:04.9418655Z A path returned 202. Retrying...
2023-10-15T01:10:04.9419178Z A path returned 202. Retrying...
2023-10-15T01:10:04.9419869Z A path returned 202. Retrying...
2023-10-15T01:10:04.9420404Z A path returned 202. Retrying...
2023-10-15T01:10:04.9420927Z A path returned 202. Retrying...
2023-10-15T01:10:04.9421444Z A path returned 202. Retrying...
2023-10-15T01:18:58.8387773Z A path returned 202. Retrying...
2023-10-15T01:18:58.8388442Z A path returned 202. Retrying...
2023-10-15T01:18:58.8388986Z A path returned 202. Retrying...
2023-10-15T01:18:58.8389517Z A path returned 202. Retrying...
2023-10-15T01:18:58.8390049Z A path returned 202. Retrying...
2023-10-15T01:18:58.8390575Z A path returned 202. Retrying...
2023-10-15T01:18:58.8391106Z A path returned 202. Retrying...
2023-10-15T01:18:58.8391615Z A path returned 202. Retrying...
2023-10-15T01:18:58.8392159Z A path returned 202. Retrying...
2023-10-15T01:18:58.8392692Z A path returned 202. Retrying...
2023-10-15T01:18:58.8393264Z A path returned 202. Retrying...
2023-10-15T01:18:58.8393797Z A path returned 202. Retrying...
2023-10-15T01:18:58.8394335Z A path returned 202. Retrying...
2023-10-15T01:18:58.8394876Z A path returned 202. Retrying...
2023-10-15T01:18:58.8395387Z A path returned 202. Retrying...
2023-10-15T01:18:58.8395915Z A path returned 202. Retrying...
2023-10-15T01:18:58.8396451Z A path returned 202. Retrying...
2023-10-15T01:18:58.8396983Z A path returned 202. Retrying...
2023-10-15T01:18:58.8397508Z A path returned 202. Retrying...
2023-10-15T01:18:58.8398029Z A path returned 202. Retrying...
2023-10-15T01:18:58.8398551Z A path returned 202. Retrying...
2023-10-15T01:18:58.8399064Z A path returned 202. Retrying...
2023-10-15T01:18:58.8399592Z A path returned 202. Retrying...
2023-10-15T01:18:58.8400123Z A path returned 202. Retrying...
2023-10-15T01:18:58.8400647Z A path returned 202. Retrying...
2023-10-15T01:18:58.8401174Z A path returned 202. Retrying...
2023-10-15T01:18:58.8401715Z A path returned 202. Retrying...
2023-10-15T01:18:58.8402236Z A path returned 202. Retrying...
2023-10-15T01:18:58.8402741Z A path returned 202. Retrying...
2023-10-15T01:18:58.8403280Z A path returned 202. Retrying...
2023-10-15T01:18:58.8403805Z A path returned 202. Retrying...
2023-10-15T01:18:58.8404334Z A path returned 202. Retrying...
2023-10-15T01:18:58.8404862Z A path returned 202. Retrying...
2023-10-15T01:18:58.8405386Z A path returned 202. Retrying...
2023-10-15T01:18:58.8405912Z A path returned 202. Retrying...
2023-10-15T01:18:58.8406424Z A path returned 202. Retrying...
2023-10-15T01:18:58.8406945Z A path returned 202. Retrying...
2023-10-15T01:18:58.8424588Z A path returned 202. Retrying...
2023-10-15T01:18:58.8425204Z A path returned 202. Retrying...
2023-10-15T01:18:58.8425743Z A path returned 202. Retrying...
2023-10-15T01:18:58.8426273Z A path returned 202. Retrying...
2023-10-15T01:18:58.8426800Z A path returned 202. Retrying...
2023-10-15T01:18:58.8427321Z A path returned 202. Retrying...
2023-10-15T01:18:58.8428495Z A path returned 202. Retrying...
2023-10-15T01:18:58.8429010Z A path returned 202. Retrying...
2023-10-15T01:18:58.8429538Z A path returned 202. Retrying...
2023-10-15T01:18:58.8430076Z A path returned 202. Retrying...
2023-10-15T01:18:58.8430602Z A path returned 202. Retrying...
2023-10-15T01:18:58.8431121Z A path returned 202. Retrying...
2023-10-15T01:18:58.8431638Z A path returned 202. Retrying...
2023-10-15T01:18:58.8432157Z A path returned 202. Retrying...
2023-10-15T01:18:58.8432661Z A path returned 202. Retrying...
2023-10-15T01:18:58.8433186Z A path returned 202. Retrying...
2023-10-15T01:18:58.8433706Z A path returned 202. Retrying...
2023-10-15T01:18:58.8434226Z A path returned 202. Retrying...
2023-10-15T01:18:58.8434743Z A path returned 202. Retrying...
2023-10-15T01:18:58.8435258Z A path returned 202. Retrying...
2023-10-15T01:18:58.8435763Z A path returned 202. Retrying...
2023-10-15T01:18:58.8436276Z A path returned 202. Retrying...
2023-10-15T01:18:58.8436807Z A path returned 202. Retrying...
2023-10-15T01:18:58.8437323Z A path returned 202. Retrying...
2023-10-15T01:18:58.8437839Z A path returned 202. Retrying...
2023-10-15T01:18:58.8438535Z A path returned 202. Retrying...
2023-10-15T01:18:58.8439064Z A path returned 202. Retrying...
2023-10-15T01:18:58.8439572Z A path returned 202. Retrying...
2023-10-15T01:18:58.8440114Z A path returned 202. Retrying...
2023-10-15T01:18:58.8440637Z A path returned 202. Retrying...
2023-10-15T01:18:58.8441165Z A path returned 202. Retrying...
2023-10-15T01:18:58.8441689Z A path returned 202. Retrying...
2023-10-15T01:18:58.8442203Z A path returned 202. Retrying...
2023-10-15T01:18:58.8442722Z A path returned 202. Retrying...
2023-10-15T01:18:58.8443226Z A path returned 202. Retrying...
2023-10-15T01:18:58.8443751Z A path returned 202. Retrying...
2023-10-15T01:18:58.8444269Z A path returned 202. Retrying...
2023-10-15T01:18:58.8444785Z A path returned 202. Retrying...
2023-10-15T01:18:58.8445300Z A path returned 202. Retrying...
2023-10-15T01:18:58.8445823Z A path returned 202. Retrying...
2023-10-15T01:18:58.8446339Z A path returned 202. Retrying...
2023-10-15T01:18:58.8446844Z A path returned 202. Retrying...
2023-10-15T01:18:58.8447370Z A path returned 202. Retrying...
2023-10-15T01:18:58.8447891Z A path returned 202. Retrying...
2023-10-15T01:18:58.8448409Z A path returned 202. Retrying...
2023-10-15T01:18:58.8448925Z A path returned 202. Retrying...
2023-10-15T01:18:58.8449441Z A path returned 202. Retrying...
2023-10-15T01:18:58.8449961Z A path returned 202. Retrying...
2023-10-15T01:18:58.8450464Z A path returned 202. Retrying...
2023-10-15T01:18:58.8450982Z A path returned 202. Retrying...
2023-10-15T01:18:58.8451505Z A path returned 202. Retrying...
2023-10-15T01:18:58.8452019Z A path returned 202. Retrying...
2023-10-15T01:18:58.8452748Z A path returned 202. Retrying...
2023-10-15T01:18:58.8453277Z A path returned 202. Retrying...
2023-10-15T01:18:58.8453811Z A path returned 202. Retrying...
2023-10-15T01:18:58.8454352Z A path returned 202. Retrying...
2023-10-15T01:18:58.8454874Z A path returned 202. Retrying...
2023-10-15T01:18:58.8455402Z A path returned 202. Retrying...
2023-10-15T01:18:58.8455930Z A path returned 202. Retrying...
2023-10-15T01:18:58.8456447Z A path returned 202. Retrying...
2023-10-15T01:18:58.8456966Z A path returned 202. Retrying...
2023-10-15T01:18:58.8457482Z A path returned 202. Retrying...
2023-10-15T01:18:58.8457984Z A path returned 202. Retrying...
2023-10-15T01:18:58.8458500Z A path returned 202. Retrying...
2023-10-15T01:18:58.8459017Z A path returned 202. Retrying...
2023-10-15T01:18:58.8459537Z A path returned 202. Retrying...
2023-10-15T01:18:58.8460051Z A path returned 202. Retrying...
2023-10-15T01:18:58.8460576Z A path returned 202. Retrying...
2023-10-15T01:18:58.8461090Z A path returned 202. Retrying...
2023-10-15T01:18:58.8461593Z A path returned 202. Retrying...
2023-10-15T01:18:58.8462120Z A path returned 202. Retrying...
2023-10-15T01:18:58.8462640Z A path returned 202. Retrying...
2023-10-15T01:18:58.8463362Z A path returned 202. Retrying...
2023-10-15T01:18:58.8463888Z A path returned 202. Retrying...
2023-10-15T01:18:58.8464411Z A path returned 202. Retrying...
2023-10-15T01:18:58.8464938Z A path returned 202. Retrying...
2023-10-15T01:18:58.8465447Z A path returned 202. Retrying...
2023-10-15T01:18:58.8465972Z A path returned 202. Retrying...
2023-10-15T01:18:58.8466504Z A path returned 202. Retrying...
2023-10-15T01:18:58.8467130Z A path returned 202. Retrying...
2023-10-15T01:18:58.8467581Z A path returned 202. Retrying...
2023-10-15T01:18:58.8468036Z A path returned 202. Retrying...
2023-10-15T01:18:58.8468488Z A path returned 202. Retrying...
2023-10-15T01:18:58.8468925Z A path returned 202. Retrying...
2023-10-15T01:18:58.8469376Z A path returned 202. Retrying...
2023-10-15T01:18:58.8469840Z A path returned 202. Retrying...
2023-10-15T01:18:58.8470295Z A path returned 202. Retrying...
2023-10-15T01:18:58.8470747Z A path returned 202. Retrying...
2023-10-15T01:18:58.8471214Z A path returned 202. Retrying...
2023-10-15T01:18:58.8471669Z A path returned 202. Retrying...
2023-10-15T01:18:58.8472113Z A path returned 202. Retrying...
2023-10-15T01:18:58.8472780Z A path returned 202. Retrying...
2023-10-15T01:18:58.8473243Z A path returned 202. Retrying...
2023-10-15T01:18:58.8473699Z A path returned 202. Retrying...
2023-10-15T01:18:58.8474156Z A path returned 202. Retrying...
2023-10-15T01:18:58.8474615Z A path returned 202. Retrying...
2023-10-15T01:18:58.8475076Z A path returned 202. Retrying...
2023-10-15T01:18:58.8475518Z A path returned 202. Retrying...
2023-10-15T01:18:58.8475972Z A path returned 202. Retrying...
2023-10-15T01:18:58.8476426Z A path returned 202. Retrying...
2023-10-15T01:18:58.8476880Z A path returned 202. Retrying...
2023-10-15T01:18:58.8477336Z A path returned 202. Retrying...
2023-10-15T01:18:58.8477793Z A path returned 202. Retrying...
2023-10-15T01:18:58.8478249Z A path returned 202. Retrying...
2023-10-15T01:18:58.8478693Z A path returned 202. Retrying...
2023-10-15T01:18:58.8479153Z A path returned 202. Retrying...
2023-10-15T01:18:58.8479610Z A path returned 202. Retrying...
2023-10-15T01:18:58.8480061Z A path returned 202. Retrying...
2023-10-15T01:18:58.8480519Z A path returned 202. Retrying...
2023-10-15T01:18:58.8480972Z A path returned 202. Retrying...
2023-10-15T01:18:58.8481426Z A path returned 202. Retrying...
2023-10-15T01:18:58.8481865Z A path returned 202. Retrying...
2023-10-15T01:18:58.8482316Z A path returned 202. Retrying...
2023-10-15T01:18:58.8482771Z A path returned 202. Retrying...
2023-10-15T01:18:58.8483226Z A path returned 202. Retrying...
2023-10-15T01:18:58.8483677Z A path returned 202. Retrying...
2023-10-15T01:18:58.8484125Z A path returned 202. Retrying...
2023-10-15T01:18:58.8484575Z A path returned 202. Retrying...
2023-10-15T01:18:58.8485013Z A path returned 202. Retrying...
2023-10-15T01:18:58.8485463Z A path returned 202. Retrying...
2023-10-15T01:18:58.8485914Z A path returned 202. Retrying...
2023-10-15T01:18:58.8486381Z A path returned 202. Retrying...
2023-10-15T01:18:58.8486841Z A path returned 202. Retrying...
2023-10-15T01:18:58.8487292Z A path returned 202. Retrying...
2023-10-15T01:18:58.8487747Z A path returned 202. Retrying...
2023-10-15T01:18:58.8488187Z A path returned 202. Retrying...
2023-10-15T01:18:58.8488643Z A path returned 202. Retrying...
2023-10-15T01:18:58.8489099Z A path returned 202. Retrying...
2023-10-15T01:18:58.8489548Z A path returned 202. Retrying...
2023-10-15T01:18:58.8489997Z A path returned 202. Retrying...
2023-10-15T01:18:58.8490447Z A path returned 202. Retrying...
2023-10-15T01:18:58.8490900Z A path returned 202. Retrying...
2023-10-15T01:18:58.8491340Z A path returned 202. Retrying...
2023-10-15T01:18:58.8491792Z A path returned 202. Retrying...
2023-10-15T01:18:58.8492246Z A path returned 202. Retrying...
2023-10-15T01:18:58.8492820Z A path returned 202. Retrying...
2023-10-15T01:18:58.8493282Z A path returned 202. Retrying...
2023-10-15T01:18:58.8493742Z A path returned 202. Retrying...
2023-10-15T01:18:58.8494377Z A path returned 202. Retrying...
2023-10-15T01:18:58.8494826Z A path returned 202. Retrying...
2023-10-15T01:18:58.8495285Z A path returned 202. Retrying...
2023-10-15T01:18:58.8495752Z A path returned 202. Retrying...
2023-10-15T01:18:58.8496209Z A path returned 202. Retrying...
2023-10-15T01:18:58.8496667Z A path returned 202. Retrying...
2023-10-15T01:18:58.8497122Z A path returned 202. Retrying...
2023-10-15T01:18:58.8497572Z A path returned 202. Retrying...
2023-10-15T01:18:58.8498011Z A path returned 202. Retrying...
2023-10-15T01:18:58.8498463Z A path returned 202. Retrying...
2023-10-15T01:18:58.8498921Z A path returned 202. Retrying...
2023-10-15T01:18:58.8499374Z A path returned 202. Retrying...
2023-10-15T01:18:58.8499824Z A path returned 202. Retrying...
2023-10-15T01:18:58.8500277Z A path returned 202. Retrying...
2023-10-15T01:18:58.8500729Z A path returned 202. Retrying...
2023-10-15T01:18:58.8501167Z A path returned 202. Retrying...
2023-10-15T01:18:58.8501627Z A path returned 202. Retrying...
2023-10-15T01:18:58.8502084Z A path returned 202. Retrying...
2023-10-15T01:18:58.8502536Z A path returned 202. Retrying...
2023-10-15T01:18:58.8503103Z A path returned 202. Retrying...
2023-10-15T01:18:58.8503568Z A path returned 202. Retrying...
2023-10-15T01:18:58.8504024Z A path returned 202. Retrying...
2023-10-15T01:18:58.8504467Z A path returned 202. Retrying...
2023-10-15T01:18:58.8504924Z A path returned 202. Retrying...
2023-10-15T01:18:58.8505389Z A path returned 202. Retrying...
2023-10-15T01:18:58.8505847Z A path returned 202. Retrying...
2023-10-15T01:18:58.8506296Z A path returned 202. Retrying...
2023-10-15T01:18:58.8506745Z A path returned 202. Retrying...
2023-10-15T01:18:58.8507199Z A path returned 202. Retrying...
2023-10-15T01:18:58.8507633Z A path returned 202. Retrying...
2023-10-15T01:18:58.8508081Z A path returned 202. Retrying...
2023-10-15T01:18:58.8508535Z A path returned 202. Retrying...
2023-10-15T01:18:58.8508998Z A path returned 202. Retrying...
2023-10-15T01:18:58.8509458Z A path returned 202. Retrying...
2023-10-15T01:18:58.8509964Z A path returned 202. Retrying...
2023-10-15T01:18:58.8510421Z A path returned 202. Retrying...
2023-10-15T01:18:58.8510867Z A path returned 202. Retrying...
2023-10-15T01:18:58.8511325Z A path returned 202. Retrying...
2023-10-15T01:18:58.8511783Z A path returned 202. Retrying...
2023-10-15T01:18:58.8512242Z A path returned 202. Retrying...
2023-10-15T01:18:58.8512702Z A path returned 202. Retrying...
2023-10-15T01:18:58.8513161Z A path returned 202. Retrying...
2023-10-15T01:18:58.8513611Z A path returned 202. Retrying...
2023-10-15T01:18:58.8514055Z A path returned 202. Retrying...
2023-10-15T01:18:58.8514513Z A path returned 202. Retrying...
2023-10-15T01:18:58.8514966Z A path returned 202. Retrying...
2023-10-15T01:18:58.8515421Z A path returned 202. Retrying...
2023-10-15T01:18:58.8515880Z A path returned 202. Retrying...
2023-10-15T01:18:58.8516333Z A path returned 202. Retrying...
2023-10-15T01:18:58.8516794Z A path returned 202. Retrying...
2023-10-15T01:18:58.8517232Z A path returned 202. Retrying...
2023-10-15T01:18:58.8517687Z A path returned 202. Retrying...
2023-10-15T01:18:58.8518143Z A path returned 202. Retrying...
2023-10-15T01:18:58.8518594Z A path returned 202. Retrying...
2023-10-15T01:18:58.8519046Z A path returned 202. Retrying...
2023-10-15T01:18:58.8519497Z A path returned 202. Retrying...
2023-10-15T01:18:58.8519949Z A path returned 202. Retrying...
2023-10-15T01:18:58.8520387Z A path returned 202. Retrying...
2023-10-15T01:18:58.8520839Z A path returned 202. Retrying...
2023-10-15T01:18:58.8521291Z A path returned 202. Retrying...
2023-10-15T01:18:58.8521749Z A path returned 202. Retrying...
2023-10-15T01:18:58.8522205Z A path returned 202. Retrying...
2023-10-15T01:18:58.8522658Z A path returned 202. Retrying...
2023-10-15T01:18:58.8523108Z A path returned 202. Retrying...
2023-10-15T01:18:58.8523546Z A path returned 202. Retrying...
2023-10-15T01:18:58.8523997Z A path returned 202. Retrying...
2023-10-15T01:18:58.8524613Z A path returned 202. Retrying...
2023-10-15T01:18:58.8525070Z A path returned 202. Retrying...
2023-10-15T01:18:58.8525530Z A path returned 202. Retrying...
2023-10-15T01:18:58.8525992Z A path returned 202. Retrying...
2023-10-15T01:18:58.8526449Z A path returned 202. Retrying...
2023-10-15T01:18:58.8526887Z A path returned 202. Retrying...
2023-10-15T01:18:58.8527346Z A path returned 202. Retrying...
2023-10-15T01:27:53.3152262Z A path returned 202. Retrying...
2023-10-15T01:27:53.3152925Z A path returned 202. Retrying...
2023-10-15T01:27:53.3153472Z A path returned 202. Retrying...
2023-10-15T01:27:53.3154015Z A path returned 202. Retrying...
2023-10-15T01:27:53.3154549Z A path returned 202. Retrying...
2023-10-15T01:27:53.3155080Z A path returned 202. Retrying...
2023-10-15T01:27:53.3155602Z A path returned 202. Retrying...
2023-10-15T01:27:53.3156133Z A path returned 202. Retrying...
2023-10-15T01:27:53.3156665Z A path returned 202. Retrying...
2023-10-15T01:27:53.3157192Z A path returned 202. Retrying...
2023-10-15T01:27:53.3157751Z A path returned 202. Retrying...
2023-10-15T01:27:53.3158281Z A path returned 202. Retrying...
2023-10-15T01:27:53.3159294Z A path returned 202. Retrying...
2023-10-15T01:27:53.3159815Z A path returned 202. Retrying...
2023-10-15T01:27:53.3160345Z A path returned 202. Retrying...
2023-10-15T01:27:53.3160878Z A path returned 202. Retrying...
2023-10-15T01:27:53.3161404Z A path returned 202. Retrying...
2023-10-15T01:27:53.3161931Z A path returned 202. Retrying...
2023-10-15T01:27:53.3162455Z A path returned 202. Retrying...
2023-10-15T01:27:53.3162977Z A path returned 202. Retrying...
2023-10-15T01:27:53.3163484Z A path returned 202. Retrying...
2023-10-15T01:27:53.3164010Z A path returned 202. Retrying...
2023-10-15T01:27:53.3164540Z A path returned 202. Retrying...
2023-10-15T01:27:53.3165067Z A path returned 202. Retrying...
2023-10-15T01:27:53.3165589Z A path returned 202. Retrying...
2023-10-15T01:27:53.3166113Z A path returned 202. Retrying...
2023-10-15T01:27:53.3166651Z A path returned 202. Retrying...
2023-10-15T01:27:53.3167156Z A path returned 202. Retrying...
2023-10-15T01:27:53.3167686Z A path returned 202. Retrying...
2023-10-15T01:27:53.3168294Z A path returned 202. Retrying...
2023-10-15T01:27:53.3168819Z A path returned 202. Retrying...
2023-10-15T01:27:53.3169334Z A path returned 202. Retrying...
2023-10-15T01:27:53.3169859Z A path returned 202. Retrying...
2023-10-15T01:27:53.3170384Z A path returned 202. Retrying...
2023-10-15T01:27:53.3170903Z A path returned 202. Retrying...
2023-10-15T01:27:53.3171430Z A path returned 202. Retrying...
2023-10-15T01:27:53.3171959Z A path returned 202. Retrying...
2023-10-15T01:27:53.3172687Z A path returned 202. Retrying...
2023-10-15T01:27:53.3173196Z A path returned 202. Retrying...
2023-10-15T01:27:53.3173727Z A path returned 202. Retrying...
2023-10-15T01:27:53.3174252Z A path returned 202. Retrying...
2023-10-15T01:27:53.3174779Z A path returned 202. Retrying...
2023-10-15T01:27:53.3175300Z A path returned 202. Retrying...
2023-10-15T01:27:53.3175835Z A path returned 202. Retrying...
2023-10-15T01:27:53.3176353Z A path returned 202. Retrying...
2023-10-15T01:27:53.3176859Z A path returned 202. Retrying...
2023-10-15T01:27:53.3177402Z A path returned 202. Retrying...
2023-10-15T01:27:53.3177934Z A path returned 202. Retrying...
2023-10-15T01:27:53.3178465Z A path returned 202. Retrying...
2023-10-15T01:27:53.3178986Z A path returned 202. Retrying...
2023-10-15T01:27:53.3179506Z A path returned 202. Retrying...
2023-10-15T01:27:53.3180124Z A path returned 202. Retrying...
2023-10-15T01:27:53.3180565Z A path returned 202. Retrying...
2023-10-15T01:27:53.3181026Z A path returned 202. Retrying...
2023-10-15T01:27:53.3181484Z A path returned 202. Retrying...
2023-10-15T01:27:53.3181940Z A path returned 202. Retrying...
2023-10-15T01:27:53.3182401Z A path returned 202. Retrying...
2023-10-15T01:27:53.3182857Z A path returned 202. Retrying...
2023-10-15T01:27:53.3183314Z A path returned 202. Retrying...
2023-10-15T01:27:53.3184003Z A path returned 202. Retrying...
2023-10-15T01:27:53.3184463Z A path returned 202. Retrying...
2023-10-15T01:27:53.3184926Z A path returned 202. Retrying...
2023-10-15T01:27:53.3185400Z A path returned 202. Retrying...
2023-10-15T01:27:53.3185865Z A path returned 202. Retrying...
2023-10-15T01:27:53.3186320Z A path returned 202. Retrying...
2023-10-15T01:27:53.3186779Z A path returned 202. Retrying...
2023-10-15T01:27:53.3187222Z A path returned 202. Retrying...
2023-10-15T01:27:53.3187682Z A path returned 202. Retrying...
2023-10-15T01:27:53.3188143Z A path returned 202. Retrying...
2023-10-15T01:27:53.3188601Z A path returned 202. Retrying...
2023-10-15T01:27:53.3189056Z A path returned 202. Retrying...
2023-10-15T01:27:53.3189516Z A path returned 202. Retrying...
2023-10-15T01:27:53.3189973Z A path returned 202. Retrying...
2023-10-15T01:27:53.3190414Z A path returned 202. Retrying...
2023-10-15T01:27:53.3190875Z A path returned 202. Retrying...
2023-10-15T01:27:53.3191331Z A path returned 202. Retrying...
2023-10-15T01:27:53.3191794Z A path returned 202. Retrying...
2023-10-15T01:27:53.3192255Z A path returned 202. Retrying...
2023-10-15T01:27:53.3192748Z A path returned 202. Retrying...
2023-10-15T01:27:53.3193339Z A path returned 202. Retrying...
2023-10-15T01:27:53.3193788Z A path returned 202. Retrying...
2023-10-15T01:27:53.3194245Z A path returned 202. Retrying...
2023-10-15T01:27:53.3194702Z A path returned 202. Retrying...
2023-10-15T01:27:53.3195157Z A path returned 202. Retrying...
2023-10-15T01:27:53.3195617Z A path returned 202. Retrying...
2023-10-15T01:27:53.3196072Z A path returned 202. Retrying...
2023-10-15T01:27:53.3196528Z A path returned 202. Retrying...
2023-10-15T01:27:53.3196972Z A path returned 202. Retrying...
2023-10-15T01:27:53.3197434Z A path returned 202. Retrying...
2023-10-15T01:27:53.3197892Z A path returned 202. Retrying...
2023-10-15T01:27:53.3198351Z A path returned 202. Retrying...
2023-10-15T01:27:53.3198807Z A path returned 202. Retrying...
2023-10-15T01:27:53.3199274Z A path returned 202. Retrying...
2023-10-15T01:27:53.3199730Z A path returned 202. Retrying...
2023-10-15T01:27:53.3200176Z A path returned 202. Retrying...
2023-10-15T01:27:53.3200652Z A path returned 202. Retrying...
2023-10-15T01:27:53.3201111Z A path returned 202. Retrying...
2023-10-15T01:27:53.3201570Z A path returned 202. Retrying...
2023-10-15T01:27:53.3202027Z A path returned 202. Retrying...
2023-10-15T01:27:53.3202483Z A path returned 202. Retrying...
2023-10-15T01:27:53.3202939Z A path returned 202. Retrying...
2023-10-15T01:27:53.3203384Z A path returned 202. Retrying...
2023-10-15T01:27:53.3203844Z A path returned 202. Retrying...
2023-10-15T01:27:53.3204304Z A path returned 202. Retrying...
2023-10-15T01:27:53.3204761Z A path returned 202. Retrying...
2023-10-15T01:27:53.3205220Z A path returned 202. Retrying...
2023-10-15T01:27:53.3205678Z A path returned 202. Retrying...
2023-10-15T01:27:53.3206135Z A path returned 202. Retrying...
2023-10-15T01:27:53.3206579Z A path returned 202. Retrying...
2023-10-15T01:27:53.3207048Z A path returned 202. Retrying...
2023-10-15T01:27:53.3207507Z A path returned 202. Retrying...
2023-10-15T01:27:53.3207969Z A path returned 202. Retrying...
2023-10-15T01:27:53.3208443Z A path returned 202. Retrying...
2023-10-15T01:27:53.3208902Z A path returned 202. Retrying...
2023-10-15T01:27:53.3209358Z A path returned 202. Retrying...
2023-10-15T01:27:53.3209804Z A path returned 202. Retrying...
2023-10-15T01:27:53.3210265Z A path returned 202. Retrying...
2023-10-15T01:27:53.3210724Z A path returned 202. Retrying...
2023-10-15T01:27:53.3211183Z A path returned 202. Retrying...
2023-10-15T01:27:53.3211641Z A path returned 202. Retrying...
2023-10-15T01:27:53.3212096Z A path returned 202. Retrying...
2023-10-15T01:27:53.3212643Z A path returned 202. Retrying...
2023-10-15T01:27:53.3213089Z A path returned 202. Retrying...
2023-10-15T01:27:53.3213551Z A path returned 202. Retrying...
2023-10-15T01:27:53.3214015Z A path returned 202. Retrying...
2023-10-15T01:27:53.3214654Z A path returned 202. Retrying...
2023-10-15T01:27:53.3215113Z A path returned 202. Retrying...
2023-10-15T01:27:53.3215573Z A path returned 202. Retrying...
2023-10-15T01:27:53.3216046Z A path returned 202. Retrying...
2023-10-15T01:27:53.3216494Z A path returned 202. Retrying...
2023-10-15T01:27:53.3216954Z A path returned 202. Retrying...
2023-10-15T01:27:53.3217417Z A path returned 202. Retrying...
2023-10-15T01:27:53.3217875Z A path returned 202. Retrying...
2023-10-15T01:27:53.3218335Z A path returned 202. Retrying...
2023-10-15T01:27:53.3218795Z A path returned 202. Retrying...
2023-10-15T01:27:53.3219255Z A path returned 202. Retrying...
2023-10-15T01:27:53.3219700Z A path returned 202. Retrying...
2023-10-15T01:27:53.3220161Z A path returned 202. Retrying...
2023-10-15T01:27:53.3220622Z A path returned 202. Retrying...
2023-10-15T01:27:53.3221083Z A path returned 202. Retrying...
2023-10-15T01:27:53.3221549Z A path returned 202. Retrying...
2023-10-15T01:27:53.3222007Z A path returned 202. Retrying...
2023-10-15T01:27:53.3222470Z A path returned 202. Retrying...
2023-10-15T01:27:53.3222914Z A path returned 202. Retrying...
2023-10-15T01:27:53.3223374Z A path returned 202. Retrying...
2023-10-15T01:27:53.3223953Z A path returned 202. Retrying...
2023-10-15T01:27:53.3224415Z A path returned 202. Retrying...
2023-10-15T01:27:53.3224878Z A path returned 202. Retrying...
2023-10-15T01:27:53.3225346Z A path returned 202. Retrying...
2023-10-15T01:27:53.3225806Z A path returned 202. Retrying...
2023-10-15T01:27:53.3226254Z A path returned 202. Retrying...
2023-10-15T01:27:53.3226715Z A path returned 202. Retrying...
2023-10-15T01:27:53.3227183Z A path returned 202. Retrying...
2023-10-15T01:27:53.3227643Z A path returned 202. Retrying...
2023-10-15T01:27:53.3228104Z A path returned 202. Retrying...
2023-10-15T01:27:53.3228564Z A path returned 202. Retrying...
2023-10-15T01:27:53.3229024Z A path returned 202. Retrying...
2023-10-15T01:27:53.3229472Z A path returned 202. Retrying...
2023-10-15T01:27:53.3229936Z A path returned 202. Retrying...
2023-10-15T01:27:53.3230394Z A path returned 202. Retrying...
2023-10-15T01:27:53.3230856Z A path returned 202. Retrying...
2023-10-15T01:27:53.3231322Z A path returned 202. Retrying...
2023-10-15T01:27:53.3231782Z A path returned 202. Retrying...
2023-10-15T01:27:53.3232239Z A path returned 202. Retrying...
2023-10-15T01:27:53.3232685Z A path returned 202. Retrying...
2023-10-15T01:27:53.3233144Z A path returned 202. Retrying...
2023-10-15T01:27:53.3233600Z A path returned 202. Retrying...
2023-10-15T01:27:53.3234060Z A path returned 202. Retrying...
2023-10-15T01:27:53.3234515Z A path returned 202. Retrying...
2023-10-15T01:27:53.3234971Z A path returned 202. Retrying...
2023-10-15T01:27:53.3235426Z A path returned 202. Retrying...
2023-10-15T01:27:53.3235876Z A path returned 202. Retrying...
2023-10-15T01:27:53.3236332Z A path returned 202. Retrying...
2023-10-15T01:27:53.3236800Z A path returned 202. Retrying...
2023-10-15T01:27:53.3237261Z A path returned 202. Retrying...
2023-10-15T01:27:53.3237723Z A path returned 202. Retrying...
2023-10-15T01:27:53.3238184Z A path returned 202. Retrying...
2023-10-15T01:27:53.3238645Z A path returned 202. Retrying...
2023-10-15T01:27:53.3239100Z A path returned 202. Retrying...
2023-10-15T01:27:53.3239557Z A path returned 202. Retrying...
2023-10-15T01:27:53.3240016Z A path returned 202. Retrying...
2023-10-15T01:27:53.3240474Z A path returned 202. Retrying...
2023-10-15T01:27:53.3240935Z A path returned 202. Retrying...
2023-10-15T01:27:53.3241393Z A path returned 202. Retrying...
2023-10-15T01:27:53.3241852Z A path returned 202. Retrying...
2023-10-15T01:27:53.3242296Z A path returned 202. Retrying...
2023-10-15T01:27:53.3242761Z A path returned 202. Retrying...
2023-10-15T01:27:53.3243223Z A path returned 202. Retrying...
2023-10-15T01:27:53.3243684Z A path returned 202. Retrying...
2023-10-15T01:27:53.3244145Z A path returned 202. Retrying...
2023-10-15T01:27:53.3244604Z A path returned 202. Retrying...
2023-10-15T01:27:53.3245207Z A path returned 202. Retrying...
2023-10-15T01:27:53.3245649Z A path returned 202. Retrying...
2023-10-15T01:27:53.3246104Z A path returned 202. Retrying...
2023-10-15T01:27:53.3246578Z A path returned 202. Retrying...
2023-10-15T01:27:53.3247039Z A path returned 202. Retrying...
2023-10-15T01:27:53.3247497Z A path returned 202. Retrying...
2023-10-15T01:27:53.3247953Z A path returned 202. Retrying...
2023-10-15T01:27:53.3248413Z A path returned 202. Retrying...
2023-10-15T01:27:53.3248863Z A path returned 202. Retrying...
2023-10-15T01:27:53.3249323Z A path returned 202. Retrying...
2023-10-15T01:27:53.3249783Z A path returned 202. Retrying...
2023-10-15T01:27:53.3250245Z A path returned 202. Retrying...
2023-10-15T01:27:53.3250708Z A path returned 202. Retrying...
2023-10-15T01:27:53.3251169Z A path returned 202. Retrying...
2023-10-15T01:27:53.3251629Z A path returned 202. Retrying...
2023-10-15T01:27:53.3252074Z A path returned 202. Retrying...
2023-10-15T01:27:53.3252657Z A path returned 202. Retrying...
2023-10-15T01:27:53.3253127Z A path returned 202. Retrying...
2023-10-15T01:27:53.3253590Z A path returned 202. Retrying...
2023-10-15T01:27:53.3254048Z A path returned 202. Retrying...
2023-10-15T01:27:53.3254664Z A path returned 202. Retrying...
2023-10-15T01:27:53.3255128Z A path returned 202. Retrying...
2023-10-15T01:27:53.3255572Z A path returned 202. Retrying...
2023-10-15T01:27:53.3256034Z A path returned 202. Retrying...
2023-10-15T01:27:53.3256495Z A path returned 202. Retrying...
2023-10-15T01:27:53.3256956Z A path returned 202. Retrying...
2023-10-15T01:27:53.3257415Z A path returned 202. Retrying...
2023-10-15T01:27:53.3257876Z A path returned 202. Retrying...
2023-10-15T01:27:53.3258330Z A path returned 202. Retrying...
2023-10-15T01:27:53.3258773Z A path returned 202. Retrying...
2023-10-15T01:27:53.3259231Z A path returned 202. Retrying...
2023-10-15T01:27:53.3259688Z A path returned 202. Retrying...
2023-10-15T01:27:53.3260149Z A path returned 202. Retrying...
2023-10-15T01:27:53.3260610Z A path returned 202. Retrying...
2023-10-15T01:27:53.3261071Z A path returned 202. Retrying...
2023-10-15T01:27:53.3261531Z A path returned 202. Retrying...
2023-10-15T01:27:53.3261983Z A path returned 202. Retrying...
2023-10-15T01:27:53.3262446Z A path returned 202. Retrying...
2023-10-15T01:27:53.3262906Z A path returned 202. Retrying...
2023-10-15T01:27:53.3263367Z A path returned 202. Retrying...
2023-10-15T01:27:53.3263824Z A path returned 202. Retrying...
2023-10-15T01:27:53.3264289Z A path returned 202. Retrying...
2023-10-15T01:27:53.3264748Z A path returned 202. Retrying...
2023-10-15T01:27:53.3265209Z A path returned 202. Retrying...
2023-10-15T01:27:53.3265652Z A path returned 202. Retrying...
2023-10-15T01:27:53.3266114Z A path returned 202. Retrying...
2023-10-15T01:27:53.3266576Z A path returned 202. Retrying...
2023-10-15T01:27:53.3267036Z A path returned 202. Retrying...
2023-10-15T01:27:53.3267496Z A path returned 202. Retrying...
2023-10-15T01:27:53.3267948Z A path returned 202. Retrying...
2023-10-15T01:27:53.3268417Z A path returned 202. Retrying...
2023-10-15T01:27:53.3268859Z A path returned 202. Retrying...
2023-10-15T01:27:53.3269314Z A path returned 202. Retrying...
2023-10-15T01:27:53.3269778Z A path returned 202. Retrying...
2023-10-15T01:27:53.3270236Z A path returned 202. Retrying...
2023-10-15T01:27:53.3270692Z A path returned 202. Retrying...
2023-10-15T01:27:53.3271147Z A path returned 202. Retrying...
2023-10-15T01:36:45.1029063Z A path returned 202. Retrying...
2023-10-15T01:36:45.1029707Z A path returned 202. Retrying...
2023-10-15T01:36:45.1030248Z A path returned 202. Retrying...
2023-10-15T01:36:45.1030779Z A path returned 202. Retrying...
2023-10-15T01:36:45.1031304Z A path returned 202. Retrying...
2023-10-15T01:36:45.1031830Z A path returned 202. Retrying...
2023-10-15T01:36:45.1032361Z A path returned 202. Retrying...
2023-10-15T01:36:45.1032894Z A path returned 202. Retrying...
2023-10-15T01:36:45.1033398Z A path returned 202. Retrying...
2023-10-15T01:36:45.1034474Z A path returned 202. Retrying...
2023-10-15T01:36:45.1035000Z A path returned 202. Retrying...
2023-10-15T01:36:45.1035527Z A path returned 202. Retrying...
2023-10-15T01:36:45.1036065Z A path returned 202. Retrying...
2023-10-15T01:36:45.1036589Z A path returned 202. Retrying...
2023-10-15T01:36:45.1037112Z A path returned 202. Retrying...
2023-10-15T01:36:45.1037620Z A path returned 202. Retrying...
2023-10-15T01:36:45.1038137Z A path returned 202. Retrying...
2023-10-15T01:36:45.1038654Z A path returned 202. Retrying...
2023-10-15T01:36:45.1039181Z A path returned 202. Retrying...
2023-10-15T01:36:45.1039698Z A path returned 202. Retrying...
2023-10-15T01:36:45.1040215Z A path returned 202. Retrying...
2023-10-15T01:36:45.1040730Z A path returned 202. Retrying...
2023-10-15T01:36:45.1041231Z A path returned 202. Retrying...
2023-10-15T01:36:45.1041755Z A path returned 202. Retrying...
2023-10-15T01:36:45.1042273Z A path returned 202. Retrying...
2023-10-15T01:36:45.1042790Z A path returned 202. Retrying...
2023-10-15T01:36:45.1043316Z A path returned 202. Retrying...
2023-10-15T01:36:45.1043842Z A path returned 202. Retrying...
2023-10-15T01:36:45.1044356Z A path returned 202. Retrying...
2023-10-15T01:36:45.1045084Z A path returned 202. Retrying...
2023-10-15T01:36:45.1045615Z A path returned 202. Retrying...
2023-10-15T01:36:45.1046135Z A path returned 202. Retrying...
2023-10-15T01:36:45.1046657Z A path returned 202. Retrying...
2023-10-15T01:36:45.1047173Z A path returned 202. Retrying...
2023-10-15T01:36:45.1047690Z A path returned 202. Retrying...
2023-10-15T01:36:45.1048206Z A path returned 202. Retrying...
2023-10-15T01:36:45.1048707Z A path returned 202. Retrying...
2023-10-15T01:36:45.1049224Z A path returned 202. Retrying...
2023-10-15T01:36:45.1049744Z A path returned 202. Retrying...
2023-10-15T01:36:45.1050262Z A path returned 202. Retrying...
2023-10-15T01:36:45.1050777Z A path returned 202. Retrying...
2023-10-15T01:36:45.1051292Z A path returned 202. Retrying...
2023-10-15T01:36:45.1051816Z A path returned 202. Retrying...
2023-10-15T01:36:45.1052333Z A path returned 202. Retrying...
2023-10-15T01:36:45.1053318Z A path returned 202. Retrying...
2023-10-15T01:36:45.1053851Z A path returned 202. Retrying...
2023-10-15T01:36:45.1054372Z A path returned 202. Retrying...
2023-10-15T01:36:45.1054892Z A path returned 202. Retrying...
2023-10-15T01:36:45.1055419Z A path returned 202. Retrying...
2023-10-15T01:36:45.1055934Z A path returned 202. Retrying...
2023-10-15T01:36:45.1056920Z A path returned 202. Retrying...
2023-10-15T01:36:45.1057513Z A path returned 202. Retrying...
2023-10-15T01:36:45.1058022Z A path returned 202. Retrying...
2023-10-15T01:36:45.1058540Z A path returned 202. Retrying...
2023-10-15T01:36:45.1059058Z A path returned 202. Retrying...
2023-10-15T01:36:45.1059575Z A path returned 202. Retrying...
2023-10-15T01:36:45.1060089Z A path returned 202. Retrying...
2023-10-15T01:36:45.1060608Z A path returned 202. Retrying...
2023-10-15T01:36:45.1061159Z A path returned 202. Retrying...
2023-10-15T01:36:45.1061682Z A path returned 202. Retrying...
2023-10-15T01:36:45.1062197Z A path returned 202. Retrying...
2023-10-15T01:36:45.1062720Z A path returned 202. Retrying...
2023-10-15T01:36:45.1063246Z A path returned 202. Retrying...
2023-10-15T01:36:45.1063773Z A path returned 202. Retrying...
2023-10-15T01:36:45.1064288Z A path returned 202. Retrying...
2023-10-15T01:36:45.1064803Z A path returned 202. Retrying...
2023-10-15T01:36:45.1065307Z A path returned 202. Retrying...
2023-10-15T01:36:45.1065827Z A path returned 202. Retrying...
2023-10-15T01:36:45.1066344Z A path returned 202. Retrying...
2023-10-15T01:36:45.1066858Z A path returned 202. Retrying...
2023-10-15T01:36:45.1067372Z A path returned 202. Retrying...
2023-10-15T01:36:45.1067885Z A path returned 202. Retrying...
2023-10-15T01:36:45.1068398Z A path returned 202. Retrying...
2023-10-15T01:36:45.1068901Z A path returned 202. Retrying...
2023-10-15T01:36:45.1069420Z A path returned 202. Retrying...
2023-10-15T01:36:45.1070191Z A path returned 202. Retrying...
2023-10-15T01:36:45.1070706Z A path returned 202. Retrying...
2023-10-15T01:36:45.1071227Z A path returned 202. Retrying...
2023-10-15T01:36:45.1071752Z A path returned 202. Retrying...
2023-10-15T01:36:45.1072270Z A path returned 202. Retrying...
2023-10-15T01:36:45.1072776Z A path returned 202. Retrying...
2023-10-15T01:36:45.1073291Z A path returned 202. Retrying...
2023-10-15T01:36:45.1073808Z A path returned 202. Retrying...
2023-10-15T01:36:45.1074323Z A path returned 202. Retrying...
2023-10-15T01:36:45.1074839Z A path returned 202. Retrying...
2023-10-15T01:36:45.1075353Z A path returned 202. Retrying...
2023-10-15T01:36:45.1075866Z A path returned 202. Retrying...
2023-10-15T01:36:45.1076367Z A path returned 202. Retrying...
2023-10-15T01:36:45.1076886Z A path returned 202. Retrying...
2023-10-15T01:36:45.1077402Z A path returned 202. Retrying...
2023-10-15T01:36:45.1077916Z A path returned 202. Retrying...
2023-10-15T01:36:45.1078432Z A path returned 202. Retrying...
2023-10-15T01:36:45.1078955Z A path returned 202. Retrying...
2023-10-15T01:36:45.1079469Z A path returned 202. Retrying...
2023-10-15T01:36:45.1079972Z A path returned 202. Retrying...
2023-10-15T01:36:45.1080623Z A path returned 202. Retrying...
2023-10-15T01:36:45.1081150Z A path returned 202. Retrying...
2023-10-15T01:36:45.1081668Z A path returned 202. Retrying...
2023-10-15T01:36:45.1082188Z A path returned 202. Retrying...
2023-10-15T01:36:45.1082709Z A path returned 202. Retrying...
2023-10-15T01:36:45.1083225Z A path returned 202. Retrying...
2023-10-15T01:36:45.1083734Z A path returned 202. Retrying...
2023-10-15T01:36:45.1084254Z A path returned 202. Retrying...
2023-10-15T01:36:45.1084775Z A path returned 202. Retrying...
2023-10-15T01:36:45.1085292Z A path returned 202. Retrying...
2023-10-15T01:36:45.1085803Z A path returned 202. Retrying...
2023-10-15T01:36:45.1086318Z A path returned 202. Retrying...
2023-10-15T01:36:45.1086834Z A path returned 202. Retrying...
2023-10-15T01:36:45.1087345Z A path returned 202. Retrying...
2023-10-15T01:36:45.1087858Z A path returned 202. Retrying...
2023-10-15T01:36:45.1088372Z A path returned 202. Retrying...
2023-10-15T01:36:45.1088896Z A path returned 202. Retrying...
2023-10-15T01:36:45.1089412Z A path returned 202. Retrying...
2023-10-15T01:36:45.1089932Z A path returned 202. Retrying...
2023-10-15T01:36:45.1090449Z A path returned 202. Retrying...
2023-10-15T01:36:45.1090959Z A path returned 202. Retrying...
2023-10-15T01:36:45.1091474Z A path returned 202. Retrying...
2023-10-15T01:36:45.1091989Z A path returned 202. Retrying...
2023-10-15T01:36:45.1092643Z A path returned 202. Retrying...
2023-10-15T01:36:45.1093170Z A path returned 202. Retrying...
2023-10-15T01:36:45.1093690Z A path returned 202. Retrying...
2023-10-15T01:36:45.1094209Z A path returned 202. Retrying...
2023-10-15T01:36:45.1094712Z A path returned 202. Retrying...
2023-10-15T01:36:45.1095242Z A path returned 202. Retrying...
2023-10-15T01:36:45.1095808Z A path returned 202. Retrying...
2023-10-15T01:36:45.1096330Z A path returned 202. Retrying...
2023-10-15T01:36:45.1096846Z A path returned 202. Retrying...
2023-10-15T01:36:45.1097362Z A path returned 202. Retrying...
2023-10-15T01:36:45.1097898Z A path returned 202. Retrying...
2023-10-15T01:36:45.1098419Z A path returned 202. Retrying...
2023-10-15T01:36:45.1098930Z A path returned 202. Retrying...
2023-10-15T01:36:45.1099436Z A path returned 202. Retrying...
2023-10-15T01:36:45.1099948Z A path returned 202. Retrying...
2023-10-15T01:36:45.1100465Z A path returned 202. Retrying...
2023-10-15T01:36:45.1100980Z A path returned 202. Retrying...
2023-10-15T01:36:45.1101496Z A path returned 202. Retrying...
2023-10-15T01:36:45.1102013Z A path returned 202. Retrying...
2023-10-15T01:36:45.1102528Z A path returned 202. Retrying...
2023-10-15T01:36:45.1103035Z A path returned 202. Retrying...
2023-10-15T01:36:45.1103551Z A path returned 202. Retrying...
2023-10-15T01:36:45.1104070Z A path returned 202. Retrying...
2023-10-15T01:36:45.1104787Z A path returned 202. Retrying...
2023-10-15T01:36:45.1105314Z A path returned 202. Retrying...
2023-10-15T01:36:45.1105833Z A path returned 202. Retrying...
2023-10-15T01:36:45.1106362Z A path returned 202. Retrying...
2023-10-15T01:36:45.1106867Z A path returned 202. Retrying...
2023-10-15T01:36:45.1107450Z A path returned 202. Retrying...
2023-10-15T01:36:45.1107902Z A path returned 202. Retrying...
2023-10-15T01:36:45.1108357Z A path returned 202. Retrying...
2023-10-15T01:36:45.1108807Z A path returned 202. Retrying...
2023-10-15T01:36:45.1109257Z A path returned 202. Retrying...
2023-10-15T01:36:45.1109716Z A path returned 202. Retrying...
2023-10-15T01:36:45.1110161Z A path returned 202. Retrying...
2023-10-15T01:36:45.1110616Z A path returned 202. Retrying...
2023-10-15T01:36:45.1111064Z A path returned 202. Retrying...
2023-10-15T01:36:45.1111515Z A path returned 202. Retrying...
2023-10-15T01:36:45.1111970Z A path returned 202. Retrying...
2023-10-15T01:36:45.1112422Z A path returned 202. Retrying...
2023-10-15T01:36:45.1112879Z A path returned 202. Retrying...
2023-10-15T01:36:45.1113320Z A path returned 202. Retrying...
2023-10-15T01:36:45.1113770Z A path returned 202. Retrying...
2023-10-15T01:36:45.1114345Z A path returned 202. Retrying...
2023-10-15T01:36:45.1114806Z A path returned 202. Retrying...
2023-10-15T01:36:45.1115261Z A path returned 202. Retrying...
2023-10-15T01:36:45.1115715Z A path returned 202. Retrying...
2023-10-15T01:36:45.1116174Z A path returned 202. Retrying...
2023-10-15T01:36:45.1116613Z A path returned 202. Retrying...
2023-10-15T01:36:45.1117073Z A path returned 202. Retrying...
2023-10-15T01:36:45.1117529Z A path returned 202. Retrying...
2023-10-15T01:36:45.1117981Z A path returned 202. Retrying...
2023-10-15T01:36:45.1118434Z A path returned 202. Retrying...
2023-10-15T01:36:45.1118881Z A path returned 202. Retrying...
2023-10-15T01:36:45.1119331Z A path returned 202. Retrying...
2023-10-15T01:36:45.1119769Z A path returned 202. Retrying...
2023-10-15T01:36:45.1120230Z A path returned 202. Retrying...
2023-10-15T01:36:45.1120688Z A path returned 202. Retrying...
2023-10-15T01:36:45.1121145Z A path returned 202. Retrying...
2023-10-15T01:36:45.1121600Z A path returned 202. Retrying...
2023-10-15T01:36:45.1122058Z A path returned 202. Retrying...
2023-10-15T01:36:45.1122510Z A path returned 202. Retrying...
2023-10-15T01:36:45.1122948Z A path returned 202. Retrying...
2023-10-15T01:36:45.1123397Z A path returned 202. Retrying...
2023-10-15T01:36:45.1123853Z A path returned 202. Retrying...
2023-10-15T01:36:45.1124304Z A path returned 202. Retrying...
2023-10-15T01:36:45.1124757Z A path returned 202. Retrying...
2023-10-15T01:36:45.1125212Z A path returned 202. Retrying...
2023-10-15T01:36:45.1125661Z A path returned 202. Retrying...
2023-10-15T01:36:45.1126104Z A path returned 202. Retrying...
2023-10-15T01:36:45.1126560Z A path returned 202. Retrying...
2023-10-15T01:36:45.1127010Z A path returned 202. Retrying...
2023-10-15T01:36:45.1127468Z A path returned 202. Retrying...
2023-10-15T01:36:45.1127924Z A path returned 202. Retrying...
2023-10-15T01:36:45.1128377Z A path returned 202. Retrying...
2023-10-15T01:36:45.1128831Z A path returned 202. Retrying...
2023-10-15T01:36:45.1129276Z A path returned 202. Retrying...
2023-10-15T01:36:45.1129728Z A path returned 202. Retrying...
2023-10-15T01:36:45.1130182Z A path returned 202. Retrying...
2023-10-15T01:36:45.1130635Z A path returned 202. Retrying...
2023-10-15T01:36:45.1131086Z A path returned 202. Retrying...
2023-10-15T01:36:45.1131544Z A path returned 202. Retrying...
2023-10-15T01:36:45.1132001Z A path returned 202. Retrying...
2023-10-15T01:36:45.1132543Z A path returned 202. Retrying...
2023-10-15T01:36:45.1133001Z A path returned 202. Retrying...
2023-10-15T01:36:45.1133458Z A path returned 202. Retrying...
2023-10-15T01:36:45.1133917Z A path returned 202. Retrying...
2023-10-15T01:36:45.1134370Z A path returned 202. Retrying...
2023-10-15T01:36:45.1134826Z A path returned 202. Retrying...
2023-10-15T01:36:45.1135450Z A path returned 202. Retrying...
2023-10-15T01:36:45.1135890Z A path returned 202. Retrying...
2023-10-15T01:36:45.1136345Z A path returned 202. Retrying...
2023-10-15T01:36:45.1136809Z A path returned 202. Retrying...
2023-10-15T01:36:45.1137272Z A path returned 202. Retrying...
2023-10-15T01:36:45.1137728Z A path returned 202. Retrying...
2023-10-15T01:36:45.1138182Z A path returned 202. Retrying...
2023-10-15T01:36:45.1138632Z A path returned 202. Retrying...
2023-10-15T01:36:45.1139076Z A path returned 202. Retrying...
2023-10-15T01:36:45.1139525Z A path returned 202. Retrying...
2023-10-15T01:36:45.1139976Z A path returned 202. Retrying...
2023-10-15T01:36:45.1140427Z A path returned 202. Retrying...
2023-10-15T01:36:45.1140878Z A path returned 202. Retrying...
2023-10-15T01:36:45.1141338Z A path returned 202. Retrying...
2023-10-15T01:36:45.1141792Z A path returned 202. Retrying...
2023-10-15T01:36:45.1142231Z A path returned 202. Retrying...
2023-10-15T01:36:45.1142680Z A path returned 202. Retrying...
2023-10-15T01:36:45.1143140Z A path returned 202. Retrying...
2023-10-15T01:36:45.1143596Z A path returned 202. Retrying...
2023-10-15T01:36:45.1144050Z A path returned 202. Retrying...
2023-10-15T01:36:45.1144652Z A path returned 202. Retrying...
2023-10-15T01:36:45.1145112Z A path returned 202. Retrying...
2023-10-15T01:36:45.1145554Z A path returned 202. Retrying...
2023-10-15T01:36:45.1146014Z A path returned 202. Retrying...
2023-10-15T01:36:45.1146469Z A path returned 202. Retrying...
2023-10-15T01:36:45.1146922Z A path returned 202. Retrying...
2023-10-15T01:36:45.1147379Z A path returned 202. Retrying...
2023-10-15T01:36:45.1147839Z A path returned 202. Retrying...
2023-10-15T01:36:45.1148300Z A path returned 202. Retrying...
2023-10-15T01:36:45.1148737Z A path returned 202. Retrying...
2023-10-15T01:36:45.1149189Z A path returned 202. Retrying...
2023-10-15T01:36:45.1149639Z A path returned 202. Retrying...
2023-10-15T01:36:45.1150091Z A path returned 202. Retrying...
2023-10-15T01:36:45.1150549Z A path returned 202. Retrying...
2023-10-15T01:36:45.1150998Z A path returned 202. Retrying...
2023-10-15T01:36:45.1151449Z A path returned 202. Retrying...
2023-10-15T01:36:45.1151893Z A path returned 202. Retrying...
2023-10-15T01:36:45.1152342Z A path returned 202. Retrying...
2023-10-15T01:36:45.1152794Z A path returned 202. Retrying...
2023-10-15T01:36:45.1153316Z A path returned 202. Retrying...
2023-10-15T01:36:45.1153767Z A path returned 202. Retrying...
2023-10-15T01:41:58.6863338Z A path returned 202. Retrying...
2023-10-15T01:41:58.6864148Z A path returned 202. Retrying...
2023-10-15T01:41:58.6864793Z A path returned 202. Retrying...
2023-10-15T01:41:58.6865413Z A path returned 202. Retrying...
2023-10-15T01:41:58.6866047Z A path returned 202. Retrying...
2023-10-15T01:41:58.6866654Z A path returned 202. Retrying...
2023-10-15T01:41:58.6867263Z A path returned 202. Retrying...
2023-10-15T01:41:58.6867865Z A path returned 202. Retrying...
2023-10-15T01:41:58.6868461Z A path returned 202. Retrying...
2023-10-15T01:41:58.6869103Z A path returned 202. Retrying...
2023-10-15T01:41:58.6869688Z A path returned 202. Retrying...
2023-10-15T01:41:58.6870297Z A path returned 202. Retrying...
2023-10-15T01:41:58.6870916Z A path returned 202. Retrying...
2023-10-15T01:41:58.6871519Z A path returned 202. Retrying...
2023-10-15T01:41:58.6872123Z A path returned 202. Retrying...
2023-10-15T01:41:58.6872726Z A path returned 202. Retrying...
2023-10-15T01:41:58.6873327Z A path returned 202. Retrying...
2023-10-15T01:41:58.6873927Z A path returned 202. Retrying...
2023-10-15T01:41:58.6874529Z A path returned 202. Retrying...
2023-10-15T01:41:58.6875132Z A path returned 202. Retrying...
2023-10-15T01:41:58.6875719Z A path returned 202. Retrying...
2023-10-15T01:41:58.6876325Z A path returned 202. Retrying...
2023-10-15T01:41:58.6876932Z A path returned 202. Retrying...
2023-10-15T01:41:58.6877531Z A path returned 202. Retrying...
2023-10-15T01:41:58.6878130Z A path returned 202. Retrying...
2023-10-15T01:41:58.6878728Z A path returned 202. Retrying...
2023-10-15T01:41:58.6879681Z A path returned 202. Retrying...
2023-10-15T01:41:58.6880287Z A path returned 202. Retrying...
2023-10-15T01:41:58.6880909Z A path returned 202. Retrying...
2023-10-15T01:41:58.6881494Z A path returned 202. Retrying...
2023-10-15T01:41:58.6882097Z A path returned 202. Retrying...
2023-10-15T01:41:58.6882706Z A path returned 202. Retrying...
2023-10-15T01:41:58.6883311Z A path returned 202. Retrying...
2023-10-15T01:41:58.6883912Z A path returned 202. Retrying...
2023-10-15T01:41:58.6884514Z A path returned 202. Retrying...
2023-10-15T01:41:58.6885112Z A path returned 202. Retrying...
2023-10-15T01:41:58.6885735Z A path returned 202. Retrying...
2023-10-15T01:41:58.6886338Z A path returned 202. Retrying...
2023-10-15T01:41:58.6887090Z A path returned 202. Retrying...
2023-10-15T01:41:58.6888017Z A path returned 202. Retrying...
2023-10-15T01:41:58.6888926Z A path returned 202. Retrying...
2023-10-15T01:41:58.6889480Z A path returned 202. Retrying...
2023-10-15T01:41:58.6890065Z A path returned 202. Retrying...
2023-10-15T01:41:58.6890602Z A path returned 202. Retrying...
2023-10-15T01:41:58.6891143Z A path returned 202. Retrying...
2023-10-15T01:41:58.6891881Z A path returned 202. Retrying...
2023-10-15T01:41:58.6892718Z A path returned 202. Retrying...
2023-10-15T01:41:58.6893277Z A path returned 202. Retrying...
2023-10-15T01:41:58.6893815Z A path returned 202. Retrying...
2023-10-15T01:41:58.6894344Z A path returned 202. Retrying...
2023-10-15T01:41:58.6894879Z A path returned 202. Retrying...
2023-10-15T01:41:58.6895413Z A path returned 202. Retrying...
2023-10-15T01:41:58.6895947Z A path returned 202. Retrying...
2023-10-15T01:41:58.6896480Z A path returned 202. Retrying...
2023-10-15T01:41:58.6897014Z A path returned 202. Retrying...
2023-10-15T01:41:58.6897985Z A path returned 202. Retrying...
2023-10-15T01:41:58.6898445Z A path returned 202. Retrying...
2023-10-15T01:41:58.6898905Z A path returned 202. Retrying...
2023-10-15T01:41:58.6899363Z A path returned 202. Retrying...
2023-10-15T01:41:58.6899813Z A path returned 202. Retrying...
2023-10-15T01:41:58.6900267Z A path returned 202. Retrying...
2023-10-15T01:41:58.6900733Z A path returned 202. Retrying...
2023-10-15T01:41:58.6901196Z A path returned 202. Retrying...
2023-10-15T01:41:58.6901653Z A path returned 202. Retrying...
2023-10-15T01:41:58.6902114Z A path returned 202. Retrying...
2023-10-15T01:41:58.6902574Z A path returned 202. Retrying...
2023-10-15T01:41:58.6903015Z A path returned 202. Retrying...
2023-10-15T01:41:58.6903468Z A path returned 202. Retrying...
2023-10-15T01:41:58.6903925Z A path returned 202. Retrying...
2023-10-15T01:41:58.6904382Z A path returned 202. Retrying...
2023-10-15T01:41:58.6904833Z A path returned 202. Retrying...
2023-10-15T01:41:58.6905290Z A path returned 202. Retrying...
2023-10-15T01:41:58.6905746Z A path returned 202. Retrying...
2023-10-15T01:41:58.6906185Z A path returned 202. Retrying...
2023-10-15T01:41:58.6906640Z A path returned 202. Retrying...
2023-10-15T01:41:58.6907103Z A path returned 202. Retrying...
2023-10-15T01:41:58.6907559Z A path returned 202. Retrying...
2023-10-15T01:41:58.6908018Z A path returned 202. Retrying...
2023-10-15T01:41:58.6908478Z A path returned 202. Retrying...
2023-10-15T01:41:58.6908933Z A path returned 202. Retrying...
2023-10-15T01:41:58.6909372Z A path returned 202. Retrying...
2023-10-15T01:41:58.6909826Z A path returned 202. Retrying...
2023-10-15T01:41:58.6910283Z A path returned 202. Retrying...
2023-10-15T01:41:58.6910738Z A path returned 202. Retrying...
2023-10-15T01:41:58.6911191Z A path returned 202. Retrying...
2023-10-15T01:41:58.6911651Z A path returned 202. Retrying...
2023-10-15T01:41:58.6912111Z A path returned 202. Retrying...
2023-10-15T01:41:58.6912554Z A path returned 202. Retrying...
2023-10-15T01:41:58.6913013Z A path returned 202. Retrying...
2023-10-15T01:41:58.6913466Z A path returned 202. Retrying...
2023-10-15T01:41:58.6913921Z A path returned 202. Retrying...
2023-10-15T01:41:58.6914375Z A path returned 202. Retrying...
2023-10-15T01:41:58.6915021Z A path returned 202. Retrying...
2023-10-15T01:41:58.6915477Z A path returned 202. Retrying...
2023-10-15T01:41:58.6915918Z A path returned 202. Retrying...
2023-10-15T01:41:58.6916381Z A path returned 202. Retrying...
2023-10-15T01:41:58.6916837Z A path returned 202. Retrying...
2023-10-15T01:41:58.6917294Z A path returned 202. Retrying...
2023-10-15T01:41:58.6917749Z A path returned 202. Retrying...
2023-10-15T01:41:58.6918208Z A path returned 202. Retrying...
2023-10-15T01:41:58.6918673Z A path returned 202. Retrying...
2023-10-15T01:41:58.6919119Z A path returned 202. Retrying...
2023-10-15T01:41:58.6919574Z A path returned 202. Retrying...
2023-10-15T01:41:58.6920027Z A path returned 202. Retrying...
2023-10-15T01:41:58.6920485Z A path returned 202. Retrying...
2023-10-15T01:41:58.6920939Z A path returned 202. Retrying...
2023-10-15T01:41:58.6921397Z A path returned 202. Retrying...
2023-10-15T01:41:58.6921851Z A path returned 202. Retrying...
2023-10-15T01:41:58.6922296Z A path returned 202. Retrying...
2023-10-15T01:41:58.7210947Z ##[group]Run git config --global user.name "jstrieb/github-stats"
2023-10-15T01:41:58.7211826Z [36;1mgit config --global user.name "jstrieb/github-stats"[0m
2023-10-15T01:41:58.7213082Z [36;1mgit config --global user.email "github-stats[bot]@jstrieb.github.io"[0m
2023-10-15T01:41:58.7213826Z [36;1mgit add .[0m
2023-10-15T01:41:58.7214389Z [36;1m# Force the build to succeed, even if no files were changed[0m
2023-10-15T01:41:58.7215186Z [36;1mgit commit -m 'Update generated files' || true[0m
2023-10-15T01:41:58.7215773Z [36;1mgit push[0m
2023-10-15T01:41:58.7273440Z shell: /usr/bin/bash -e {0}
2023-10-15T01:41:58.7273861Z env:
2023-10-15T01:41:58.7274307Z   pythonLocation: /opt/hostedtoolcache/Python/3.8.18/x64
2023-10-15T01:41:58.7275110Z   PKG_CONFIG_PATH: /opt/hostedtoolcache/Python/3.8.18/x64/lib/pkgconfig
2023-10-15T01:41:58.7275927Z   Python_ROOT_DIR: /opt/hostedtoolcache/Python/3.8.18/x64
2023-10-15T01:41:58.7276710Z   Python2_ROOT_DIR: /opt/hostedtoolcache/Python/3.8.18/x64
2023-10-15T01:41:58.7277424Z   Python3_ROOT_DIR: /opt/hostedtoolcache/Python/3.8.18/x64
2023-10-15T01:41:58.7278154Z   LD_LIBRARY_PATH: /opt/hostedtoolcache/Python/3.8.18/x64/lib
2023-10-15T01:41:58.7278733Z ##[endgroup]
2023-10-15T01:41:59.9914274Z [master 5dfdebc] Update generated files
2023-10-15T01:41:59.9924788Z  2 files changed, 421 insertions(+), 430 deletions(-)
2023-10-15T01:42:00.8961917Z To https://github.com/seanpm2001/GitHub_Stats_A
2023-10-15T01:42:00.8962959Z    d37eab5..5dfdebc  master -> master
2023-10-15T01:42:00.9076243Z Post job cleanup.
2023-10-15T01:42:01.0677694Z Cache hit occurred on the primary key setup-python-Linux-22.04-Ubuntu-python-3.8.18-pip-60f2a6c0212a9b74a155cd81b58dd07fd8b180833132566260d95f4de42fe218, not saving cache.
2023-10-15T01:42:01.0821540Z Post job cleanup.
2023-10-15T01:42:01.1919677Z [command]/usr/bin/git version
2023-10-15T01:42:01.1977300Z git version 2.42.0
2023-10-15T01:42:01.2057777Z Copying '/home/runner/.gitconfig' to '/home/runner/work/_temp/261b72a8-b0e2-42f9-a171-73e844daf1a4/.gitconfig'
2023-10-15T01:42:01.2071698Z Temporarily overriding HOME='/home/runner/work/_temp/261b72a8-b0e2-42f9-a171-73e844daf1a4' before making global git config changes
2023-10-15T01:42:01.2075789Z Adding repository directory to the temporary git global config as a safe directory
2023-10-15T01:42:01.2078373Z [command]/usr/bin/git config --global --add safe.directory /home/runner/work/GitHub_Stats_A/GitHub_Stats_A
2023-10-15T01:42:01.2126482Z [command]/usr/bin/git config --local --name-only --get-regexp core\.sshCommand
2023-10-15T01:42:01.2168507Z [command]/usr/bin/git submodule foreach --recursive sh -c "git config --local --name-only --get-regexp 'core\.sshCommand' && git config --local --unset-all 'core.sshCommand' || :"
2023-10-15T01:42:01.2455943Z [command]/usr/bin/git config --local --name-only --get-regexp http\.https\:\/\/github\.com\/\.extraheader
2023-10-15T01:42:01.2490117Z http.https://github.com/.extraheader
2023-10-15T01:42:01.2503854Z [command]/usr/bin/git config --local --unset-all http.https://github.com/.extraheader
2023-10-15T01:42:01.2545080Z [command]/usr/bin/git submodule foreach --recursive sh -c "git config --local --name-only --get-regexp 'http\.https\:\/\/github\.com\/\.extraheader' && git config --local --unset-all 'http.https://github.com/.extraheader' || :"
2023-10-15T01:42:01.3062067Z Cleaning up orphan processes
