2023-12-24T00:25:45.6066502Z Requested labels: ubuntu-latest
2023-12-24T00:25:45.6066920Z Job defined at: seanpm2001/GitHub_Stats_A/.github/workflows/main.yml@refs/heads/master
2023-12-24T00:25:45.6067104Z Waiting for a runner to pick up this job...
2023-12-24T00:25:46.4368940Z Job is waiting for a hosted runner to come online.
2023-12-24T00:25:48.9661308Z Job is about to start running on the hosted runner: GitHub Actions 2 (hosted)
2023-12-24T00:25:50.8713134Z Current runner version: '2.311.0'
2023-12-24T00:25:50.8734946Z ##[group]Operating System
2023-12-24T00:25:50.8735702Z Ubuntu
2023-12-24T00:25:50.8736061Z 22.04.3
2023-12-24T00:25:50.8736351Z LTS
2023-12-24T00:25:50.8736762Z ##[endgroup]
2023-12-24T00:25:50.8737155Z ##[group]Runner Image
2023-12-24T00:25:50.8737645Z Image: ubuntu-22.04
2023-12-24T00:25:50.8738006Z Version: 20231217.2.0
2023-12-24T00:25:50.8739015Z Included Software: https://github.com/actions/runner-images/blob/ubuntu22/20231217.2/images/ubuntu/Ubuntu2204-Readme.md
2023-12-24T00:25:50.8740542Z Image Release: https://github.com/actions/runner-images/releases/tag/ubuntu22%2F20231217.2
2023-12-24T00:25:50.8741450Z ##[endgroup]
2023-12-24T00:25:50.8741837Z ##[group]Runner Image Provisioner
2023-12-24T00:25:50.8742389Z 2.0.321.1
2023-12-24T00:25:50.8742749Z ##[endgroup]
2023-12-24T00:25:50.8743599Z ##[group]GITHUB_TOKEN Permissions
2023-12-24T00:25:50.8745193Z Contents: write
2023-12-24T00:25:50.8745641Z Metadata: read
2023-12-24T00:25:50.8746275Z ##[endgroup]
2023-12-24T00:25:50.8749213Z Secret source: Actions
2023-12-24T00:25:50.8749890Z Prepare workflow directory
2023-12-24T00:25:50.9368633Z Prepare all required actions
2023-12-24T00:25:50.9523477Z Getting action download info
2023-12-24T00:25:51.1645221Z Download action repository 'actions/checkout@v3' (SHA:f43a0e5ff2bd294095638e18286ca9a3d1956744)
2023-12-24T00:25:51.5590494Z Download action repository 'actions/setup-python@v4' (SHA:65d7f2d534ac1bc67fcd62888c5f4f3d2cb2b236)
2023-12-24T00:25:51.8106970Z Complete job name: build
2023-12-24T00:25:51.8996599Z ##[group]Run actions/checkout@v3
2023-12-24T00:25:51.8997187Z with:
2023-12-24T00:25:51.8997557Z   repository: seanpm2001/GitHub_Stats_A
2023-12-24T00:25:51.8998399Z   token: ***
2023-12-24T00:25:51.8998788Z   ssh-strict: true
2023-12-24T00:25:51.8999213Z   persist-credentials: true
2023-12-24T00:25:51.8999736Z   clean: true
2023-12-24T00:25:51.9000171Z   sparse-checkout-cone-mode: true
2023-12-24T00:25:51.9000667Z   fetch-depth: 1
2023-12-24T00:25:51.9001150Z   fetch-tags: false
2023-12-24T00:25:51.9001507Z   lfs: false
2023-12-24T00:25:51.9001881Z   submodules: false
2023-12-24T00:25:51.9002350Z   set-safe-directory: true
2023-12-24T00:25:51.9002794Z ##[endgroup]
2023-12-24T00:25:53.0079262Z Syncing repository: seanpm2001/GitHub_Stats_A
2023-12-24T00:25:53.0081436Z ##[group]Getting Git version info
2023-12-24T00:25:53.0082435Z Working directory is '/home/runner/work/GitHub_Stats_A/GitHub_Stats_A'
2023-12-24T00:25:53.0083653Z [command]/usr/bin/git version
2023-12-24T00:25:53.0939360Z git version 2.43.0
2023-12-24T00:25:53.0961880Z ##[endgroup]
2023-12-24T00:25:53.0978098Z Temporarily overriding HOME='/home/runner/work/_temp/901b178d-6bf8-4ad4-93a7-9470ea0a723f' before making global git config changes
2023-12-24T00:25:53.0980932Z Adding repository directory to the temporary git global config as a safe directory
2023-12-24T00:25:53.0983753Z [command]/usr/bin/git config --global --add safe.directory /home/runner/work/GitHub_Stats_A/GitHub_Stats_A
2023-12-24T00:25:53.1027813Z Deleting the contents of '/home/runner/work/GitHub_Stats_A/GitHub_Stats_A'
2023-12-24T00:25:53.1032226Z ##[group]Initializing the repository
2023-12-24T00:25:53.1036018Z [command]/usr/bin/git init /home/runner/work/GitHub_Stats_A/GitHub_Stats_A
2023-12-24T00:25:53.2034421Z hint: Using 'master' as the name for the initial branch. This default branch name
2023-12-24T00:25:53.2036271Z hint: is subject to change. To configure the initial branch name to use in all
2023-12-24T00:25:53.2037835Z hint: of your new repositories, which will suppress this warning, call:
2023-12-24T00:25:53.2038895Z hint: 
2023-12-24T00:25:53.2039732Z hint: 	git config --global init.defaultBranch <name>
2023-12-24T00:25:53.2040607Z hint: 
2023-12-24T00:25:53.2041511Z hint: Names commonly chosen instead of 'master' are 'main', 'trunk' and
2023-12-24T00:25:53.2042795Z hint: 'development'. The just-created branch can be renamed via this command:
2023-12-24T00:25:53.2043620Z hint: 
2023-12-24T00:25:53.2044049Z hint: 	git branch -m <name>
2023-12-24T00:25:53.2209999Z Initialized empty Git repository in /home/runner/work/GitHub_Stats_A/GitHub_Stats_A/.git/
2023-12-24T00:25:53.2220059Z [command]/usr/bin/git remote add origin https://github.com/seanpm2001/GitHub_Stats_A
2023-12-24T00:25:53.2400102Z ##[endgroup]
2023-12-24T00:25:53.2400784Z ##[group]Disabling automatic garbage collection
2023-12-24T00:25:53.2403973Z [command]/usr/bin/git config --local gc.auto 0
2023-12-24T00:25:53.2440269Z ##[endgroup]
2023-12-24T00:25:53.2440984Z ##[group]Setting up auth
2023-12-24T00:25:53.2446265Z [command]/usr/bin/git config --local --name-only --get-regexp core\.sshCommand
2023-12-24T00:25:53.2482992Z [command]/usr/bin/git submodule foreach --recursive sh -c "git config --local --name-only --get-regexp 'core\.sshCommand' && git config --local --unset-all 'core.sshCommand' || :"
2023-12-24T00:25:53.6935815Z [command]/usr/bin/git config --local --name-only --get-regexp http\.https\:\/\/github\.com\/\.extraheader
2023-12-24T00:25:53.6972648Z [command]/usr/bin/git submodule foreach --recursive sh -c "git config --local --name-only --get-regexp 'http\.https\:\/\/github\.com\/\.extraheader' && git config --local --unset-all 'http.https://github.com/.extraheader' || :"
2023-12-24T00:25:53.7208889Z [command]/usr/bin/git config --local http.https://github.com/.extraheader AUTHORIZATION: basic ***
2023-12-24T00:25:53.7250631Z ##[endgroup]
2023-12-24T00:25:53.7251512Z ##[group]Fetching the repository
2023-12-24T00:25:53.7259458Z [command]/usr/bin/git -c protocol.version=2 fetch --no-tags --prune --progress --no-recurse-submodules --depth=1 origin +fd0b0dc29f1fd985db9849bb24a2cce1fafafd22:refs/remotes/origin/master
2023-12-24T00:25:54.2178981Z remote: Enumerating objects: 9656, done.        
2023-12-24T00:25:54.2224197Z remote: Counting objects:   0% (1/9656)        
2023-12-24T00:25:54.2225465Z remote: Counting objects:   1% (97/9656)        
2023-12-24T00:25:54.2226681Z remote: Counting objects:   2% (194/9656)        
2023-12-24T00:25:54.2227827Z remote: Counting objects:   3% (290/9656)        
2023-12-24T00:25:54.2229061Z remote: Counting objects:   4% (387/9656)        
2023-12-24T00:25:54.2230233Z remote: Counting objects:   5% (483/9656)        
2023-12-24T00:25:54.2231184Z remote: Counting objects:   6% (580/9656)        
2023-12-24T00:25:54.2232242Z remote: Counting objects:   7% (676/9656)        
2023-12-24T00:25:54.2232961Z remote: Counting objects:   8% (773/9656)        
2023-12-24T00:25:54.2233600Z remote: Counting objects:   9% (870/9656)        
2023-12-24T00:25:54.2234224Z remote: Counting objects:  10% (966/9656)        
2023-12-24T00:25:54.2234737Z remote: Counting objects:  11% (1063/9656)        
2023-12-24T00:25:54.2235215Z remote: Counting objects:  12% (1159/9656)        
2023-12-24T00:25:54.2235901Z remote: Counting objects:  13% (1256/9656)        
2023-12-24T00:25:54.2236425Z remote: Counting objects:  14% (1352/9656)        
2023-12-24T00:25:54.2236933Z remote: Counting objects:  15% (1449/9656)        
2023-12-24T00:25:54.2237508Z remote: Counting objects:  16% (1545/9656)        
2023-12-24T00:25:54.2238014Z remote: Counting objects:  17% (1642/9656)        
2023-12-24T00:25:54.2238511Z remote: Counting objects:  18% (1739/9656)        
2023-12-24T00:25:54.2239114Z remote: Counting objects:  19% (1835/9656)        
2023-12-24T00:25:54.2239612Z remote: Counting objects:  20% (1932/9656)        
2023-12-24T00:25:54.2240107Z remote: Counting objects:  21% (2028/9656)        
2023-12-24T00:25:54.2240917Z remote: Counting objects:  22% (2125/9656)        
2023-12-24T00:25:54.2241431Z remote: Counting objects:  23% (2221/9656)        
2023-12-24T00:25:54.2241894Z remote: Counting objects:  24% (2318/9656)        
2023-12-24T00:25:54.2242458Z remote: Counting objects:  25% (2414/9656)        
2023-12-24T00:25:54.2242938Z remote: Counting objects:  26% (2511/9656)        
2023-12-24T00:25:54.2243490Z remote: Counting objects:  27% (2608/9656)        
2023-12-24T00:25:54.2243934Z remote: Counting objects:  28% (2704/9656)        
2023-12-24T00:25:54.2245092Z remote: Counting objects:  29% (2801/9656)        
2023-12-24T00:25:54.2245699Z remote: Counting objects:  30% (2897/9656)        
2023-12-24T00:25:54.2246208Z remote: Counting objects:  31% (2994/9656)        
2023-12-24T00:25:54.2246764Z remote: Counting objects:  32% (3090/9656)        
2023-12-24T00:25:54.2247343Z remote: Counting objects:  33% (3187/9656)        
2023-12-24T00:25:54.2247829Z remote: Counting objects:  34% (3284/9656)        
2023-12-24T00:25:54.2248340Z remote: Counting objects:  35% (3380/9656)        
2023-12-24T00:25:54.2248858Z remote: Counting objects:  36% (3477/9656)        
2023-12-24T00:25:54.2249352Z remote: Counting objects:  37% (3573/9656)        
2023-12-24T00:25:54.2249858Z remote: Counting objects:  38% (3670/9656)        
2023-12-24T00:25:54.2250407Z remote: Counting objects:  39% (3766/9656)        
2023-12-24T00:25:54.2250881Z remote: Counting objects:  40% (3863/9656)        
2023-12-24T00:25:54.2251523Z remote: Counting objects:  41% (3959/9656)        
2023-12-24T00:25:54.2276161Z remote: Counting objects:  42% (4056/9656)        
2023-12-24T00:25:54.2277574Z remote: Counting objects:  43% (4153/9656)        
2023-12-24T00:25:54.2278442Z remote: Counting objects:  44% (4249/9656)        
2023-12-24T00:25:54.2279109Z remote: Counting objects:  45% (4346/9656)        
2023-12-24T00:25:54.2279791Z remote: Counting objects:  46% (4442/9656)        
2023-12-24T00:25:54.2280567Z remote: Counting objects:  47% (4539/9656)        
2023-12-24T00:25:54.2281414Z remote: Counting objects:  48% (4635/9656)        
2023-12-24T00:25:54.2281885Z remote: Counting objects:  49% (4732/9656)        
2023-12-24T00:25:54.2282437Z remote: Counting objects:  50% (4828/9656)        
2023-12-24T00:25:54.2282934Z remote: Counting objects:  51% (4925/9656)        
2023-12-24T00:25:54.2283409Z remote: Counting objects:  52% (5022/9656)        
2023-12-24T00:25:54.2283919Z remote: Counting objects:  53% (5118/9656)        
2023-12-24T00:25:54.2284838Z remote: Counting objects:  54% (5215/9656)        
2023-12-24T00:25:54.2285440Z remote: Counting objects:  55% (5311/9656)        
2023-12-24T00:25:54.2286037Z remote: Counting objects:  56% (5408/9656)        
2023-12-24T00:25:54.2286497Z remote: Counting objects:  57% (5504/9656)        
2023-12-24T00:25:54.2286998Z remote: Counting objects:  58% (5601/9656)        
2023-12-24T00:25:54.2287552Z remote: Counting objects:  59% (5698/9656)        
2023-12-24T00:25:54.2288050Z remote: Counting objects:  60% (5794/9656)        
2023-12-24T00:25:54.2288515Z remote: Counting objects:  61% (5891/9656)        
2023-12-24T00:25:54.2289059Z remote: Counting objects:  62% (5987/9656)        
2023-12-24T00:25:54.2289557Z remote: Counting objects:  63% (6084/9656)        
2023-12-24T00:25:54.2290098Z remote: Counting objects:  64% (6180/9656)        
2023-12-24T00:25:54.2290556Z remote: Counting objects:  65% (6277/9656)        
2023-12-24T00:25:54.2291071Z remote: Counting objects:  66% (6373/9656)        
2023-12-24T00:25:54.2291643Z remote: Counting objects:  67% (6470/9656)        
2023-12-24T00:25:54.2292151Z remote: Counting objects:  68% (6567/9656)        
2023-12-24T00:25:54.2292630Z remote: Counting objects:  69% (6663/9656)        
2023-12-24T00:25:54.2293177Z remote: Counting objects:  70% (6760/9656)        
2023-12-24T00:25:54.2293678Z remote: Counting objects:  71% (6856/9656)        
2023-12-24T00:25:54.2294159Z remote: Counting objects:  72% (6953/9656)        
2023-12-24T00:25:54.2294672Z remote: Counting objects:  73% (7049/9656)        
2023-12-24T00:25:54.2295210Z remote: Counting objects:  74% (7146/9656)        
2023-12-24T00:25:54.2295686Z remote: Counting objects:  75% (7242/9656)        
2023-12-24T00:25:54.2296200Z remote: Counting objects:  76% (7339/9656)        
2023-12-24T00:25:54.2296710Z remote: Counting objects:  77% (7436/9656)        
2023-12-24T00:25:54.2297207Z remote: Counting objects:  78% (7532/9656)        
2023-12-24T00:25:54.2297748Z remote: Counting objects:  79% (7629/9656)        
2023-12-24T00:25:54.2298453Z remote: Counting objects:  80% (7725/9656)        
2023-12-24T00:25:54.2298945Z remote: Counting objects:  81% (7822/9656)        
2023-12-24T00:25:54.2299516Z remote: Counting objects:  82% (7918/9656)        
2023-12-24T00:25:54.2299998Z remote: Counting objects:  83% (8015/9656)        
2023-12-24T00:25:54.2300438Z remote: Counting objects:  84% (8112/9656)        
2023-12-24T00:25:54.2301011Z remote: Counting objects:  85% (8208/9656)        
2023-12-24T00:25:54.2301488Z remote: Counting objects:  86% (8305/9656)        
2023-12-24T00:25:54.2301983Z remote: Counting objects:  87% (8401/9656)        
2023-12-24T00:25:54.2302490Z remote: Counting objects:  88% (8498/9656)        
2023-12-24T00:25:54.2302969Z remote: Counting objects:  89% (8594/9656)        
2023-12-24T00:25:54.2303483Z remote: Counting objects:  90% (8691/9656)        
2023-12-24T00:25:54.2304023Z remote: Counting objects:  91% (8787/9656)        
2023-12-24T00:25:54.2304466Z remote: Counting objects:  92% (8884/9656)        
2023-12-24T00:25:54.2304963Z remote: Counting objects:  93% (8981/9656)        
2023-12-24T00:25:54.2305501Z remote: Counting objects:  94% (9077/9656)        
2023-12-24T00:25:54.2305971Z remote: Counting objects:  95% (9174/9656)        
2023-12-24T00:25:54.2306536Z remote: Counting objects:  96% (9270/9656)        
2023-12-24T00:25:54.2306978Z remote: Counting objects:  97% (9367/9656)        
2023-12-24T00:25:54.2307473Z remote: Counting objects:  98% (9463/9656)        
2023-12-24T00:25:54.2308155Z remote: Counting objects:  99% (9560/9656)        
2023-12-24T00:25:54.2308661Z remote: Counting objects: 100% (9656/9656)        
2023-12-24T00:25:54.2309161Z remote: Counting objects: 100% (9656/9656), done.        
2023-12-24T00:25:54.2489602Z remote: Compressing objects:   0% (1/3734)        
2023-12-24T00:25:54.2490651Z remote: Compressing objects:   1% (38/3734)        
2023-12-24T00:25:54.2502212Z remote: Compressing objects:   2% (75/3734)        
2023-12-24T00:25:54.3320986Z remote: Compressing objects:   3% (113/3734)        
2023-12-24T00:25:54.3350328Z remote: Compressing objects:   4% (150/3734)        
2023-12-24T00:25:54.3362869Z remote: Compressing objects:   5% (187/3734)        
2023-12-24T00:25:54.3364033Z remote: Compressing objects:   6% (225/3734)        
2023-12-24T00:25:54.3365107Z remote: Compressing objects:   7% (262/3734)        
2023-12-24T00:25:54.3365898Z remote: Compressing objects:   8% (299/3734)        
2023-12-24T00:25:54.3366542Z remote: Compressing objects:   9% (337/3734)        
2023-12-24T00:25:54.3367359Z remote: Compressing objects:  10% (374/3734)        
2023-12-24T00:25:54.3368111Z remote: Compressing objects:  11% (411/3734)        
2023-12-24T00:25:54.3368611Z remote: Compressing objects:  12% (449/3734)        
2023-12-24T00:25:54.3369157Z remote: Compressing objects:  13% (486/3734)        
2023-12-24T00:25:54.3369744Z remote: Compressing objects:  14% (523/3734)        
2023-12-24T00:25:54.3370263Z remote: Compressing objects:  15% (561/3734)        
2023-12-24T00:25:54.3370766Z remote: Compressing objects:  16% (598/3734)        
2023-12-24T00:25:54.3371354Z remote: Compressing objects:  17% (635/3734)        
2023-12-24T00:25:54.3452500Z remote: Compressing objects:  18% (673/3734)        
2023-12-24T00:25:54.3456864Z remote: Compressing objects:  19% (710/3734)        
2023-12-24T00:25:54.3458027Z remote: Compressing objects:  20% (747/3734)        
2023-12-24T00:25:54.3458983Z remote: Compressing objects:  21% (785/3734)        
2023-12-24T00:25:54.3459540Z remote: Compressing objects:  22% (822/3734)        
2023-12-24T00:25:54.3460464Z remote: Compressing objects:  23% (859/3734)        
2023-12-24T00:25:54.3461173Z remote: Compressing objects:  24% (897/3734)        
2023-12-24T00:25:54.3461665Z remote: Compressing objects:  25% (934/3734)        
2023-12-24T00:25:54.3462288Z remote: Compressing objects:  26% (971/3734)        
2023-12-24T00:25:54.3462838Z remote: Compressing objects:  27% (1009/3734)        
2023-12-24T00:25:54.3463362Z remote: Compressing objects:  28% (1046/3734)        
2023-12-24T00:25:54.3464240Z remote: Compressing objects:  29% (1083/3734)        
2023-12-24T00:25:54.3691735Z remote: Compressing objects:  30% (1121/3734)        
2023-12-24T00:25:54.4137898Z remote: Compressing objects:  31% (1158/3734)        
2023-12-24T00:25:54.4562896Z remote: Compressing objects:  32% (1195/3734)        
2023-12-24T00:25:54.5003127Z remote: Compressing objects:  33% (1233/3734)        
2023-12-24T00:25:54.5573747Z remote: Compressing objects:  34% (1270/3734)        
2023-12-24T00:25:54.6034514Z remote: Compressing objects:  35% (1307/3734)        
2023-12-24T00:25:54.6397218Z remote: Compressing objects:  36% (1345/3734)        
2023-12-24T00:25:54.6842517Z remote: Compressing objects:  37% (1382/3734)        
2023-12-24T00:25:54.7298410Z remote: Compressing objects:  38% (1419/3734)        
2023-12-24T00:25:54.7662719Z remote: Compressing objects:  39% (1457/3734)        
2023-12-24T00:25:54.8114526Z remote: Compressing objects:  40% (1494/3734)        
2023-12-24T00:25:54.8438558Z remote: Compressing objects:  41% (1531/3734)        
2023-12-24T00:25:54.8676130Z remote: Compressing objects:  42% (1569/3734)        
2023-12-24T00:25:54.9008075Z remote: Compressing objects:  43% (1606/3734)        
2023-12-24T00:25:55.0158762Z remote: Compressing objects:  44% (1643/3734)        
2023-12-24T00:25:55.0244566Z remote: Compressing objects:  45% (1681/3734)        
2023-12-24T00:25:55.0266848Z remote: Compressing objects:  46% (1718/3734)        
2023-12-24T00:25:55.0307061Z remote: Compressing objects:  47% (1755/3734)        
2023-12-24T00:25:55.0313974Z remote: Compressing objects:  48% (1793/3734)        
2023-12-24T00:25:55.0315626Z remote: Compressing objects:  49% (1830/3734)        
2023-12-24T00:25:55.0322669Z remote: Compressing objects:  50% (1867/3734)        
2023-12-24T00:25:55.0329636Z remote: Compressing objects:  51% (1905/3734)        
2023-12-24T00:25:55.0334690Z remote: Compressing objects:  52% (1942/3734)        
2023-12-24T00:25:55.0340724Z remote: Compressing objects:  53% (1980/3734)        
2023-12-24T00:25:55.0346367Z remote: Compressing objects:  54% (2017/3734)        
2023-12-24T00:25:55.0351473Z remote: Compressing objects:  55% (2054/3734)        
2023-12-24T00:25:55.0357951Z remote: Compressing objects:  56% (2092/3734)        
2023-12-24T00:25:55.0364753Z remote: Compressing objects:  57% (2129/3734)        
2023-12-24T00:25:55.0372004Z remote: Compressing objects:  58% (2166/3734)        
2023-12-24T00:25:55.0377207Z remote: Compressing objects:  59% (2204/3734)        
2023-12-24T00:25:55.0382751Z remote: Compressing objects:  60% (2241/3734)        
2023-12-24T00:25:55.0390982Z remote: Compressing objects:  61% (2278/3734)        
2023-12-24T00:25:55.0391949Z remote: Compressing objects:  62% (2316/3734)        
2023-12-24T00:25:55.0412965Z remote: Compressing objects:  63% (2353/3734)        
2023-12-24T00:25:55.0414131Z remote: Compressing objects:  64% (2390/3734)        
2023-12-24T00:25:55.0415580Z remote: Compressing objects:  65% (2428/3734)        
2023-12-24T00:25:55.0417384Z remote: Compressing objects:  66% (2465/3734)        
2023-12-24T00:25:55.0419156Z remote: Compressing objects:  67% (2502/3734)        
2023-12-24T00:25:55.0420910Z remote: Compressing objects:  68% (2540/3734)        
2023-12-24T00:25:55.0422509Z remote: Compressing objects:  69% (2577/3734)        
2023-12-24T00:25:55.0424250Z remote: Compressing objects:  70% (2614/3734)        
2023-12-24T00:25:55.0425678Z remote: Compressing objects:  71% (2652/3734)        
2023-12-24T00:25:55.0427486Z remote: Compressing objects:  72% (2689/3734)        
2023-12-24T00:25:55.0429162Z remote: Compressing objects:  73% (2726/3734)        
2023-12-24T00:25:55.0431019Z remote: Compressing objects:  74% (2764/3734)        
2023-12-24T00:25:55.0433035Z remote: Compressing objects:  75% (2801/3734)        
2023-12-24T00:25:55.0434319Z remote: Compressing objects:  76% (2838/3734)        
2023-12-24T00:25:55.0435576Z remote: Compressing objects:  77% (2876/3734)        
2023-12-24T00:25:55.0436937Z remote: Compressing objects:  78% (2913/3734)        
2023-12-24T00:25:55.0438210Z remote: Compressing objects:  79% (2950/3734)        
2023-12-24T00:25:55.0440329Z remote: Compressing objects:  80% (2988/3734)        
2023-12-24T00:25:55.0441421Z remote: Compressing objects:  81% (3025/3734)        
2023-12-24T00:25:55.0443101Z remote: Compressing objects:  82% (3062/3734)        
2023-12-24T00:25:55.0444574Z remote: Compressing objects:  83% (3100/3734)        
2023-12-24T00:25:55.0446890Z remote: Compressing objects:  84% (3137/3734)        
2023-12-24T00:25:55.0447980Z remote: Compressing objects:  85% (3174/3734)        
2023-12-24T00:25:55.0449619Z remote: Compressing objects:  86% (3212/3734)        
2023-12-24T00:25:55.0450956Z remote: Compressing objects:  87% (3249/3734)        
2023-12-24T00:25:55.0452326Z remote: Compressing objects:  88% (3286/3734)        
2023-12-24T00:25:55.0462389Z remote: Compressing objects:  89% (3324/3734)        
2023-12-24T00:25:55.0463482Z remote: Compressing objects:  90% (3361/3734)        
2023-12-24T00:25:55.0468190Z remote: Compressing objects:  91% (3398/3734)        
2023-12-24T00:25:55.0469385Z remote: Compressing objects:  92% (3436/3734)        
2023-12-24T00:25:55.0470558Z remote: Compressing objects:  93% (3473/3734)        
2023-12-24T00:25:55.0471452Z remote: Compressing objects:  94% (3510/3734)        
2023-12-24T00:25:55.0471988Z remote: Compressing objects:  95% (3548/3734)        
2023-12-24T00:25:55.0473072Z remote: Compressing objects:  96% (3585/3734)        
2023-12-24T00:25:55.0473925Z remote: Compressing objects:  97% (3622/3734)        
2023-12-24T00:25:55.0474754Z remote: Compressing objects:  98% (3660/3734)        
2023-12-24T00:25:55.0475592Z remote: Compressing objects:  99% (3697/3734)        
2023-12-24T00:25:55.0476087Z remote: Compressing objects: 100% (3734/3734)        
2023-12-24T00:25:55.0476634Z remote: Compressing objects: 100% (3734/3734), done.        
2023-12-24T00:25:55.0833724Z Receiving objects:   0% (1/9656)
2023-12-24T00:25:55.0849522Z Receiving objects:   1% (97/9656)
2023-12-24T00:25:55.0948639Z Receiving objects:   2% (194/9656)
2023-12-24T00:25:55.1073036Z Receiving objects:   3% (290/9656)
2023-12-24T00:25:55.1143558Z Receiving objects:   4% (387/9656)
2023-12-24T00:25:55.1201074Z Receiving objects:   5% (483/9656)
2023-12-24T00:25:55.1253080Z Receiving objects:   6% (580/9656)
2023-12-24T00:25:55.1305969Z Receiving objects:   7% (676/9656)
2023-12-24T00:25:55.1357862Z Receiving objects:   8% (773/9656)
2023-12-24T00:25:55.1416933Z Receiving objects:   9% (870/9656)
2023-12-24T00:25:55.1469643Z Receiving objects:  10% (966/9656)
2023-12-24T00:25:55.1550404Z Receiving objects:  11% (1063/9656)
2023-12-24T00:25:55.1552641Z Receiving objects:  12% (1159/9656)
2023-12-24T00:25:55.1560825Z Receiving objects:  13% (1256/9656)
2023-12-24T00:25:55.1727302Z Receiving objects:  14% (1352/9656)
2023-12-24T00:25:55.1943763Z Receiving objects:  15% (1449/9656)
2023-12-24T00:25:55.2097971Z Receiving objects:  16% (1545/9656)
2023-12-24T00:25:55.2250800Z Receiving objects:  17% (1642/9656)
2023-12-24T00:25:55.2354648Z Receiving objects:  18% (1739/9656)
2023-12-24T00:25:55.2468006Z Receiving objects:  19% (1835/9656)
2023-12-24T00:25:55.2589593Z Receiving objects:  20% (1932/9656)
2023-12-24T00:25:55.2681835Z Receiving objects:  21% (2028/9656)
2023-12-24T00:25:55.2765680Z Receiving objects:  22% (2125/9656)
2023-12-24T00:25:55.2908010Z Receiving objects:  23% (2221/9656)
2023-12-24T00:25:55.3018345Z Receiving objects:  24% (2318/9656)
2023-12-24T00:25:55.3166725Z Receiving objects:  25% (2414/9656)
2023-12-24T00:25:55.3345041Z Receiving objects:  26% (2511/9656)
2023-12-24T00:25:55.3510698Z Receiving objects:  27% (2608/9656)
2023-12-24T00:25:55.3629928Z Receiving objects:  28% (2704/9656)
2023-12-24T00:25:55.3799299Z Receiving objects:  29% (2801/9656)
2023-12-24T00:25:55.3915210Z Receiving objects:  30% (2897/9656)
2023-12-24T00:25:55.4079919Z Receiving objects:  31% (2994/9656)
2023-12-24T00:25:55.4295341Z Receiving objects:  32% (3090/9656)
2023-12-24T00:25:55.4473221Z Receiving objects:  33% (3187/9656)
2023-12-24T00:25:55.4600481Z Receiving objects:  34% (3284/9656)
2023-12-24T00:25:55.4672576Z Receiving objects:  35% (3380/9656)
2023-12-24T00:25:55.4732914Z Receiving objects:  36% (3477/9656)
2023-12-24T00:25:55.4817645Z Receiving objects:  37% (3573/9656)
2023-12-24T00:25:55.4886715Z Receiving objects:  38% (3670/9656)
2023-12-24T00:25:55.4960704Z Receiving objects:  39% (3766/9656)
2023-12-24T00:25:55.5035695Z Receiving objects:  40% (3863/9656)
2023-12-24T00:25:55.5322935Z Receiving objects:  41% (3959/9656)
2023-12-24T00:25:55.5602962Z Receiving objects:  42% (4056/9656)
2023-12-24T00:25:55.5822521Z Receiving objects:  43% (4153/9656)
2023-12-24T00:25:55.5955654Z Receiving objects:  44% (4249/9656), 14.37 MiB | 28.73 MiB/s
2023-12-24T00:25:55.6178592Z Receiving objects:  45% (4346/9656), 14.37 MiB | 28.73 MiB/s
2023-12-24T00:25:55.6341468Z Receiving objects:  46% (4442/9656), 14.37 MiB | 28.73 MiB/s
2023-12-24T00:25:55.6563464Z Receiving objects:  47% (4539/9656), 14.37 MiB | 28.73 MiB/s
2023-12-24T00:25:55.6807376Z Receiving objects:  48% (4635/9656), 14.37 MiB | 28.73 MiB/s
2023-12-24T00:25:55.7059824Z Receiving objects:  49% (4732/9656), 14.37 MiB | 28.73 MiB/s
2023-12-24T00:25:55.7159410Z Receiving objects:  50% (4828/9656), 14.37 MiB | 28.73 MiB/s
2023-12-24T00:25:55.7342991Z Receiving objects:  51% (4925/9656), 14.37 MiB | 28.73 MiB/s
2023-12-24T00:25:55.7558893Z Receiving objects:  52% (5022/9656), 14.37 MiB | 28.73 MiB/s
2023-12-24T00:25:55.7802315Z Receiving objects:  53% (5118/9656), 14.37 MiB | 28.73 MiB/s
2023-12-24T00:25:55.7999866Z Receiving objects:  54% (5215/9656), 14.37 MiB | 28.73 MiB/s
2023-12-24T00:25:55.8280910Z Receiving objects:  55% (5311/9656), 14.37 MiB | 28.73 MiB/s
2023-12-24T00:25:55.8469058Z Receiving objects:  56% (5408/9656), 14.37 MiB | 28.73 MiB/s
2023-12-24T00:25:55.8644282Z Receiving objects:  57% (5504/9656), 14.37 MiB | 28.73 MiB/s
2023-12-24T00:25:55.8836688Z Receiving objects:  58% (5601/9656), 14.37 MiB | 28.73 MiB/s
2023-12-24T00:25:55.9105779Z Receiving objects:  59% (5698/9656), 14.37 MiB | 28.73 MiB/s
2023-12-24T00:25:55.9337892Z Receiving objects:  60% (5794/9656), 14.37 MiB | 28.73 MiB/s
2023-12-24T00:25:55.9630225Z Receiving objects:  61% (5891/9656), 14.37 MiB | 28.73 MiB/s
2023-12-24T00:25:55.9818795Z Receiving objects:  62% (5987/9656), 14.37 MiB | 28.73 MiB/s
2023-12-24T00:25:55.9942042Z Receiving objects:  63% (6084/9656), 14.37 MiB | 28.73 MiB/s
2023-12-24T00:25:56.0151136Z Receiving objects:  64% (6180/9656), 14.37 MiB | 28.73 MiB/s
2023-12-24T00:25:56.0327492Z Receiving objects:  65% (6277/9656), 14.37 MiB | 28.73 MiB/s
2023-12-24T00:25:56.0557577Z Receiving objects:  66% (6373/9656), 14.37 MiB | 28.73 MiB/s
2023-12-24T00:25:56.0727822Z Receiving objects:  67% (6470/9656), 14.37 MiB | 28.73 MiB/s
2023-12-24T00:25:56.0747853Z Receiving objects:  67% (6554/9656), 29.79 MiB | 29.69 MiB/s
2023-12-24T00:25:56.0913875Z Receiving objects:  68% (6567/9656), 29.79 MiB | 29.69 MiB/s
2023-12-24T00:25:56.1149260Z Receiving objects:  69% (6663/9656), 29.79 MiB | 29.69 MiB/s
2023-12-24T00:25:56.1383412Z Receiving objects:  70% (6760/9656), 29.79 MiB | 29.69 MiB/s
2023-12-24T00:25:56.1538233Z Receiving objects:  71% (6856/9656), 29.79 MiB | 29.69 MiB/s
2023-12-24T00:25:56.1700138Z Receiving objects:  72% (6953/9656), 29.79 MiB | 29.69 MiB/s
2023-12-24T00:25:56.1867388Z Receiving objects:  73% (7049/9656), 29.79 MiB | 29.69 MiB/s
2023-12-24T00:25:56.2051702Z Receiving objects:  74% (7146/9656), 29.79 MiB | 29.69 MiB/s
2023-12-24T00:25:56.2238137Z Receiving objects:  75% (7242/9656), 29.79 MiB | 29.69 MiB/s
2023-12-24T00:25:56.2469942Z Receiving objects:  76% (7339/9656), 29.79 MiB | 29.69 MiB/s
2023-12-24T00:25:56.2649377Z Receiving objects:  77% (7436/9656), 29.79 MiB | 29.69 MiB/s
2023-12-24T00:25:56.2848593Z Receiving objects:  78% (7532/9656), 29.79 MiB | 29.69 MiB/s
2023-12-24T00:25:56.3061636Z Receiving objects:  79% (7629/9656), 29.79 MiB | 29.69 MiB/s
2023-12-24T00:25:56.3294217Z Receiving objects:  80% (7725/9656), 29.79 MiB | 29.69 MiB/s
2023-12-24T00:25:56.3416347Z Receiving objects:  81% (7822/9656), 29.79 MiB | 29.69 MiB/s
2023-12-24T00:25:56.3643455Z Receiving objects:  82% (7918/9656), 29.79 MiB | 29.69 MiB/s
2023-12-24T00:25:56.3785406Z Receiving objects:  83% (8015/9656), 29.79 MiB | 29.69 MiB/s
2023-12-24T00:25:56.4021220Z Receiving objects:  84% (8112/9656), 29.79 MiB | 29.69 MiB/s
2023-12-24T00:25:56.4175866Z Receiving objects:  85% (8208/9656), 29.79 MiB | 29.69 MiB/s
2023-12-24T00:25:56.4309328Z Receiving objects:  86% (8305/9656), 29.79 MiB | 29.69 MiB/s
2023-12-24T00:25:56.4489076Z Receiving objects:  87% (8401/9656), 29.79 MiB | 29.69 MiB/s
2023-12-24T00:25:56.4658100Z Receiving objects:  88% (8498/9656), 29.79 MiB | 29.69 MiB/s
2023-12-24T00:25:56.4776295Z Receiving objects:  89% (8594/9656), 29.79 MiB | 29.69 MiB/s
2023-12-24T00:25:56.4801537Z Receiving objects:  90% (8691/9656), 29.79 MiB | 29.69 MiB/s
2023-12-24T00:25:56.4813488Z Receiving objects:  91% (8787/9656), 29.79 MiB | 29.69 MiB/s
2023-12-24T00:25:56.4816882Z Receiving objects:  92% (8884/9656), 29.79 MiB | 29.69 MiB/s
2023-12-24T00:25:56.4824579Z Receiving objects:  93% (8981/9656), 29.79 MiB | 29.69 MiB/s
2023-12-24T00:25:56.4833790Z Receiving objects:  94% (9077/9656), 29.79 MiB | 29.69 MiB/s
2023-12-24T00:25:56.4994496Z Receiving objects:  95% (9174/9656), 29.79 MiB | 29.69 MiB/s
2023-12-24T00:25:56.5321187Z Receiving objects:  96% (9270/9656), 29.79 MiB | 29.69 MiB/s
2023-12-24T00:25:56.5910325Z Receiving objects:  97% (9367/9656), 29.79 MiB | 29.69 MiB/s
2023-12-24T00:25:56.5970388Z Receiving objects:  98% (9463/9656), 45.10 MiB | 30.00 MiB/s
2023-12-24T00:25:56.6362490Z Receiving objects:  99% (9560/9656), 45.10 MiB | 30.00 MiB/s
2023-12-24T00:25:56.6364166Z remote: Total 9656 (delta 5626), reused 9255 (delta 5520), pack-reused 0        
2023-12-24T00:25:56.6368130Z Receiving objects: 100% (9656/9656), 45.10 MiB | 30.00 MiB/s
2023-12-24T00:25:56.6369265Z Receiving objects: 100% (9656/9656), 47.08 MiB | 30.06 MiB/s, done.
2023-12-24T00:25:56.6438896Z Resolving deltas:   0% (0/5626)
2023-12-24T00:25:56.6534911Z Resolving deltas:   1% (57/5626)
2023-12-24T00:25:56.6629989Z Resolving deltas:   2% (113/5626)
2023-12-24T00:25:56.6705143Z Resolving deltas:   3% (169/5626)
2023-12-24T00:25:56.6778440Z Resolving deltas:   4% (226/5626)
2023-12-24T00:25:56.6801300Z Resolving deltas:   5% (282/5626)
2023-12-24T00:25:56.6859011Z Resolving deltas:   6% (338/5626)
2023-12-24T00:25:56.6866788Z Resolving deltas:   7% (394/5626)
2023-12-24T00:25:56.6871697Z Resolving deltas:   8% (451/5626)
2023-12-24T00:25:56.6877395Z Resolving deltas:   9% (507/5626)
2023-12-24T00:25:56.6882814Z Resolving deltas:  10% (563/5626)
2023-12-24T00:25:56.6889574Z Resolving deltas:  11% (619/5626)
2023-12-24T00:25:56.6893841Z Resolving deltas:  12% (676/5626)
2023-12-24T00:25:56.6904083Z Resolving deltas:  13% (732/5626)
2023-12-24T00:25:56.6924269Z Resolving deltas:  14% (788/5626)
2023-12-24T00:25:56.6937045Z Resolving deltas:  15% (844/5626)
2023-12-24T00:25:56.6991456Z Resolving deltas:  16% (901/5626)
2023-12-24T00:25:56.7090755Z Resolving deltas:  17% (957/5626)
2023-12-24T00:25:56.7246647Z Resolving deltas:  18% (1013/5626)
2023-12-24T00:25:56.7393965Z Resolving deltas:  19% (1069/5626)
2023-12-24T00:25:56.7535904Z Resolving deltas:  20% (1126/5626)
2023-12-24T00:25:56.7727703Z Resolving deltas:  21% (1183/5626)
2023-12-24T00:25:56.7830979Z Resolving deltas:  22% (1238/5626)
2023-12-24T00:25:56.7975674Z Resolving deltas:  23% (1294/5626)
2023-12-24T00:25:56.8035348Z Resolving deltas:  24% (1351/5626)
2023-12-24T00:25:56.8038108Z Resolving deltas:  25% (1407/5626)
2023-12-24T00:25:56.8046614Z Resolving deltas:  26% (1463/5626)
2023-12-24T00:25:56.8056382Z Resolving deltas:  27% (1520/5626)
2023-12-24T00:25:56.8066185Z Resolving deltas:  28% (1576/5626)
2023-12-24T00:25:56.8073920Z Resolving deltas:  29% (1632/5626)
2023-12-24T00:25:56.8081892Z Resolving deltas:  30% (1688/5626)
2023-12-24T00:25:56.8147155Z Resolving deltas:  31% (1745/5626)
2023-12-24T00:25:56.8189472Z Resolving deltas:  32% (1801/5626)
2023-12-24T00:25:56.8214163Z Resolving deltas:  33% (1857/5626)
2023-12-24T00:25:56.8279324Z Resolving deltas:  34% (1913/5626)
2023-12-24T00:25:56.8284225Z Resolving deltas:  35% (1970/5626)
2023-12-24T00:25:56.8287529Z Resolving deltas:  36% (2026/5626)
2023-12-24T00:25:56.8290282Z Resolving deltas:  37% (2082/5626)
2023-12-24T00:25:56.8309552Z Resolving deltas:  38% (2138/5626)
2023-12-24T00:25:56.8338185Z Resolving deltas:  39% (2195/5626)
2023-12-24T00:25:56.8372328Z Resolving deltas:  40% (2251/5626)
2023-12-24T00:25:56.8392387Z Resolving deltas:  41% (2307/5626)
2023-12-24T00:25:56.8406850Z Resolving deltas:  42% (2363/5626)
2023-12-24T00:25:56.8412969Z Resolving deltas:  43% (2420/5626)
2023-12-24T00:25:56.8430630Z Resolving deltas:  44% (2476/5626)
2023-12-24T00:25:56.8450191Z Resolving deltas:  45% (2532/5626)
2023-12-24T00:25:56.8610109Z Resolving deltas:  46% (2588/5626)
2023-12-24T00:25:56.8695562Z Resolving deltas:  47% (2646/5626)
2023-12-24T00:25:56.8818832Z Resolving deltas:  48% (2701/5626)
2023-12-24T00:25:56.9008812Z Resolving deltas:  49% (2757/5626)
2023-12-24T00:25:56.9166572Z Resolving deltas:  50% (2813/5626)
2023-12-24T00:25:56.9344816Z Resolving deltas:  51% (2870/5626)
2023-12-24T00:25:56.9555037Z Resolving deltas:  52% (2926/5626)
2023-12-24T00:25:56.9792638Z Resolving deltas:  53% (2982/5626)
2023-12-24T00:25:56.9968916Z Resolving deltas:  54% (3039/5626)
2023-12-24T00:25:57.0080670Z Resolving deltas:  55% (3095/5626)
2023-12-24T00:25:57.0243833Z Resolving deltas:  56% (3151/5626)
2023-12-24T00:25:57.0289938Z Resolving deltas:  57% (3207/5626)
2023-12-24T00:25:57.0306418Z Resolving deltas:  58% (3264/5626)
2023-12-24T00:25:57.0465957Z Resolving deltas:  59% (3320/5626)
2023-12-24T00:25:57.0648842Z Resolving deltas:  60% (3376/5626)
2023-12-24T00:25:57.0785752Z Resolving deltas:  61% (3432/5626)
2023-12-24T00:25:57.0865917Z Resolving deltas:  62% (3489/5626)
2023-12-24T00:25:57.0908420Z Resolving deltas:  63% (3545/5626)
2023-12-24T00:25:57.0952081Z Resolving deltas:  64% (3601/5626)
2023-12-24T00:25:57.0961888Z Resolving deltas:  65% (3657/5626)
2023-12-24T00:25:57.0967528Z Resolving deltas:  66% (3714/5626)
2023-12-24T00:25:57.0970243Z Resolving deltas:  67% (3770/5626)
2023-12-24T00:25:57.0979908Z Resolving deltas:  68% (3826/5626)
2023-12-24T00:25:57.0983535Z Resolving deltas:  69% (3882/5626)
2023-12-24T00:25:57.0987161Z Resolving deltas:  70% (3939/5626)
2023-12-24T00:25:57.0990960Z Resolving deltas:  71% (3995/5626)
2023-12-24T00:25:57.1000220Z Resolving deltas:  72% (4051/5626)
2023-12-24T00:25:57.1008119Z Resolving deltas:  73% (4107/5626)
2023-12-24T00:25:57.1026623Z Resolving deltas:  74% (4164/5626)
2023-12-24T00:25:57.1042283Z Resolving deltas:  75% (4220/5626)
2023-12-24T00:25:57.1049185Z Resolving deltas:  76% (4276/5626)
2023-12-24T00:25:57.1059619Z Resolving deltas:  77% (4333/5626)
2023-12-24T00:25:57.1064589Z Resolving deltas:  78% (4389/5626)
2023-12-24T00:25:57.1107343Z Resolving deltas:  79% (4445/5626)
2023-12-24T00:25:57.1228519Z Resolving deltas:  80% (4501/5626)
2023-12-24T00:25:57.1363485Z Resolving deltas:  81% (4558/5626)
2023-12-24T00:25:57.1473911Z Resolving deltas:  82% (4614/5626)
2023-12-24T00:25:57.1564004Z Resolving deltas:  83% (4670/5626)
2023-12-24T00:25:57.1688183Z Resolving deltas:  84% (4726/5626)
2023-12-24T00:25:57.1706961Z Resolving deltas:  85% (4783/5626)
2023-12-24T00:25:57.1723119Z Resolving deltas:  86% (4839/5626)
2023-12-24T00:25:57.1765000Z Resolving deltas:  87% (4895/5626)
2023-12-24T00:25:57.1800707Z Resolving deltas:  88% (4951/5626)
2023-12-24T00:25:57.1838843Z Resolving deltas:  89% (5008/5626)
2023-12-24T00:25:57.1879858Z Resolving deltas:  90% (5064/5626)
2023-12-24T00:25:57.1918740Z Resolving deltas:  91% (5120/5626)
2023-12-24T00:25:57.1959201Z Resolving deltas:  92% (5176/5626)
2023-12-24T00:25:57.2003661Z Resolving deltas:  93% (5233/5626)
2023-12-24T00:25:57.2054527Z Resolving deltas:  94% (5289/5626)
2023-12-24T00:25:57.2127932Z Resolving deltas:  95% (5345/5626)
2023-12-24T00:25:57.2228302Z Resolving deltas:  96% (5401/5626)
2023-12-24T00:25:57.2265313Z Resolving deltas:  97% (5458/5626)
2023-12-24T00:25:57.2339626Z Resolving deltas:  98% (5514/5626)
2023-12-24T00:25:57.2374127Z Resolving deltas:  99% (5570/5626)
2023-12-24T00:25:57.2374856Z Resolving deltas: 100% (5626/5626)
2023-12-24T00:25:57.2375669Z Resolving deltas: 100% (5626/5626), done.
2023-12-24T00:25:57.3397266Z From https://github.com/seanpm2001/GitHub_Stats_A
2023-12-24T00:25:57.3399182Z  * [new ref]         fd0b0dc29f1fd985db9849bb24a2cce1fafafd22 -> origin/master
2023-12-24T00:25:57.3567562Z ##[endgroup]
2023-12-24T00:25:57.3568873Z ##[group]Determining the checkout info
2023-12-24T00:25:57.3569906Z ##[endgroup]
2023-12-24T00:25:57.3570854Z ##[group]Checking out the ref
2023-12-24T00:25:57.3574573Z [command]/usr/bin/git checkout --progress --force -B master refs/remotes/origin/master
2023-12-24T00:25:58.3756440Z Updating files:  66% (6705/10054)
2023-12-24T00:25:58.3911310Z Updating files:  67% (6737/10054)
2023-12-24T00:25:58.4106257Z Updating files:  68% (6837/10054)
2023-12-24T00:25:58.4285082Z Updating files:  69% (6938/10054)
2023-12-24T00:25:58.4409624Z Updating files:  70% (7038/10054)
2023-12-24T00:25:58.4593697Z Updating files:  71% (7139/10054)
2023-12-24T00:25:58.4728195Z Updating files:  72% (7239/10054)
2023-12-24T00:25:58.4873355Z Updating files:  73% (7340/10054)
2023-12-24T00:25:58.5002513Z Updating files:  74% (7440/10054)
2023-12-24T00:25:58.5143227Z Updating files:  75% (7541/10054)
2023-12-24T00:25:58.5281151Z Updating files:  76% (7642/10054)
2023-12-24T00:25:58.5395476Z Updating files:  77% (7742/10054)
2023-12-24T00:25:58.5510701Z Updating files:  78% (7843/10054)
2023-12-24T00:25:58.5680562Z Updating files:  79% (7943/10054)
2023-12-24T00:25:58.5737660Z Updating files:  80% (8044/10054)
2023-12-24T00:25:58.5919115Z Updating files:  81% (8144/10054)
2023-12-24T00:25:58.6082526Z Updating files:  82% (8245/10054)
2023-12-24T00:25:58.6121788Z Updating files:  83% (8345/10054)
2023-12-24T00:25:58.6162861Z Updating files:  84% (8446/10054)
2023-12-24T00:25:58.6253171Z Updating files:  85% (8546/10054)
2023-12-24T00:25:58.6342395Z Updating files:  86% (8647/10054)
2023-12-24T00:25:58.6459773Z Updating files:  87% (8747/10054)
2023-12-24T00:25:58.6557968Z Updating files:  88% (8848/10054)
2023-12-24T00:25:58.6714428Z Updating files:  89% (8949/10054)
2023-12-24T00:25:58.6858548Z Updating files:  90% (9049/10054)
2023-12-24T00:25:58.7016880Z Updating files:  91% (9150/10054)
2023-12-24T00:25:58.7213851Z Updating files:  92% (9250/10054)
2023-12-24T00:25:58.7423781Z Updating files:  93% (9351/10054)
2023-12-24T00:25:58.7599934Z Updating files:  94% (9451/10054)
2023-12-24T00:25:58.7681196Z Updating files:  95% (9552/10054)
2023-12-24T00:25:58.7795742Z Updating files:  96% (9652/10054)
2023-12-24T00:25:58.7934073Z Updating files:  97% (9753/10054)
2023-12-24T00:25:58.8074937Z Updating files:  98% (9853/10054)
2023-12-24T00:25:58.8217547Z Updating files:  99% (9954/10054)
2023-12-24T00:25:58.8219009Z Updating files: 100% (10054/10054)
2023-12-24T00:25:58.8219658Z Updating files: 100% (10054/10054), done.
2023-12-24T00:25:58.8343262Z Reset branch 'master'
2023-12-24T00:25:58.8345287Z branch 'master' set up to track 'origin/master'.
2023-12-24T00:25:58.8450926Z ##[endgroup]
2023-12-24T00:25:58.8496411Z [command]/usr/bin/git log -1 --format='%H'
2023-12-24T00:25:58.8529792Z 'fd0b0dc29f1fd985db9849bb24a2cce1fafafd22'
2023-12-24T00:25:58.8893286Z ##[group]Run actions/setup-python@v4
2023-12-24T00:25:58.8894191Z with:
2023-12-24T00:25:58.8894717Z   python-version: 3.8
2023-12-24T00:25:58.8895344Z   architecture: x64
2023-12-24T00:25:58.8895889Z   cache: pip
2023-12-24T00:25:58.8896420Z   check-latest: false
2023-12-24T00:25:58.8897347Z   token: ***
2023-12-24T00:25:58.8897876Z   update-environment: true
2023-12-24T00:25:58.8898531Z   allow-prereleases: false
2023-12-24T00:25:58.8899117Z ##[endgroup]
2023-12-24T00:25:59.0237529Z ##[group]Installed versions
2023-12-24T00:25:59.0313893Z Successfully set up CPython (3.8.18)
2023-12-24T00:25:59.0315635Z ##[endgroup]
2023-12-24T00:25:59.9696866Z [command]/opt/hostedtoolcache/Python/3.8.18/x64/bin/pip cache dir
2023-12-24T00:26:03.3691923Z /home/runner/.cache/pip
2023-12-24T00:26:03.8119652Z Received 6245959 of 6245959 (100.0%), 40.0 MBs/sec
2023-12-24T00:26:03.8120516Z Cache Size: ~6 MB (6245959 B)
2023-12-24T00:26:03.8162676Z [command]/usr/bin/tar -xf /home/runner/work/_temp/847e46fc-100f-42ba-bb80-66154810e51f/cache.tzst -P -C /home/runner/work/GitHub_Stats_A/GitHub_Stats_A --use-compress-program unzstd
2023-12-24T00:26:03.8716879Z Cache restored successfully
2023-12-24T00:26:03.8738429Z Cache restored from key: setup-python-Linux-22.04-Ubuntu-python-3.8.18-pip-60f2a6c0212a9b74a155cd81b58dd07fd8b180833132566260d95f4de42fe218
2023-12-24T00:26:03.8919014Z ##[group]Run python3 -m pip install --upgrade pip setuptools wheel
2023-12-24T00:26:03.8919930Z [36;1mpython3 -m pip install --upgrade pip setuptools wheel[0m
2023-12-24T00:26:03.8920561Z [36;1mpython3 -m pip install -r requirements.txt[0m
2023-12-24T00:26:03.8988329Z shell: /usr/bin/bash -e {0}
2023-12-24T00:26:03.8988713Z env:
2023-12-24T00:26:03.8989254Z   pythonLocation: /opt/hostedtoolcache/Python/3.8.18/x64
2023-12-24T00:26:03.8989935Z   PKG_CONFIG_PATH: /opt/hostedtoolcache/Python/3.8.18/x64/lib/pkgconfig
2023-12-24T00:26:03.8990666Z   Python_ROOT_DIR: /opt/hostedtoolcache/Python/3.8.18/x64
2023-12-24T00:26:03.8991254Z   Python2_ROOT_DIR: /opt/hostedtoolcache/Python/3.8.18/x64
2023-12-24T00:26:03.8991824Z   Python3_ROOT_DIR: /opt/hostedtoolcache/Python/3.8.18/x64
2023-12-24T00:26:03.8992487Z   LD_LIBRARY_PATH: /opt/hostedtoolcache/Python/3.8.18/x64/lib
2023-12-24T00:26:03.8992986Z ##[endgroup]
2023-12-24T00:26:05.3728375Z Requirement already satisfied: pip in /opt/hostedtoolcache/Python/3.8.18/x64/lib/python3.8/site-packages (23.0.1)
2023-12-24T00:26:05.5518997Z Collecting pip
2023-12-24T00:26:05.6102731Z   Downloading pip-23.3.2-py3-none-any.whl.metadata (3.5 kB)
2023-12-24T00:26:05.6134120Z Requirement already satisfied: setuptools in /opt/hostedtoolcache/Python/3.8.18/x64/lib/python3.8/site-packages (56.0.0)
2023-12-24T00:26:05.8355930Z Collecting setuptools
2023-12-24T00:26:05.8439790Z   Downloading setuptools-69.0.3-py3-none-any.whl.metadata (6.3 kB)
2023-12-24T00:26:05.8840372Z Collecting wheel
2023-12-24T00:26:05.8920920Z   Downloading wheel-0.42.0-py3-none-any.whl.metadata (2.2 kB)
2023-12-24T00:26:05.9432996Z Downloading pip-23.3.2-py3-none-any.whl (2.1 MB)
2023-12-24T00:26:06.0523754Z    â”â”â”â”â”â”â”â”â”â”â”â”â”â”â”â”â”â”â”â”â”â”â”â”â”â”â”â”â”â”â”â”â”â”â”â”â”â”â”â” 2.1/2.1 MB 20.2 MB/s eta 0:00:00
2023-12-24T00:26:06.0689984Z Downloading setuptools-69.0.3-py3-none-any.whl (819 kB)
2023-12-24T00:26:06.0958641Z    â”â”â”â”â”â”â”â”â”â”â”â”â”â”â”â”â”â”â”â”â”â”â”â”â”â”â”â”â”â”â”â”â”â”â”â”â”â”â”â” 819.5/819.5 kB 32.7 MB/s eta 0:00:00
2023-12-24T00:26:06.1036640Z Downloading wheel-0.42.0-py3-none-any.whl (65 kB)
2023-12-24T00:26:06.1082159Z    â”â”â”â”â”â”â”â”â”â”â”â”â”â”â”â”â”â”â”â”â”â”â”â”â”â”â”â”â”â”â”â”â”â”â”â”â”â”â”â” 65.4/65.4 kB 21.6 MB/s eta 0:00:00
2023-12-24T00:26:06.1998182Z Installing collected packages: wheel, setuptools, pip
2023-12-24T00:26:06.2371395Z   Attempting uninstall: setuptools
2023-12-24T00:26:06.2377904Z     Found existing installation: setuptools 56.0.0
2023-12-24T00:26:06.2647162Z     Uninstalling setuptools-56.0.0:
2023-12-24T00:26:06.2743023Z       Successfully uninstalled setuptools-56.0.0
2023-12-24T00:26:06.6461045Z   Attempting uninstall: pip
2023-12-24T00:26:06.6467784Z     Found existing installation: pip 23.0.1
2023-12-24T00:26:06.7071476Z     Uninstalling pip-23.0.1:
2023-12-24T00:26:06.7697474Z       Successfully uninstalled pip-23.0.1
2023-12-24T00:26:07.6948134Z Successfully installed pip-23.3.2 setuptools-69.0.3 wheel-0.42.0
2023-12-24T00:26:09.3192856Z Collecting requests (from -r requirements.txt (line 1))
2023-12-24T00:26:09.3766791Z   Downloading requests-2.31.0-py3-none-any.whl.metadata (4.6 kB)
2023-12-24T00:26:09.6562619Z Collecting aiohttp (from -r requirements.txt (line 2))
2023-12-24T00:26:09.6645078Z   Downloading aiohttp-3.9.1-cp38-cp38-manylinux_2_17_x86_64.manylinux2014_x86_64.whl.metadata (7.4 kB)
2023-12-24T00:26:09.7619296Z Collecting charset-normalizer<4,>=2 (from requests->-r requirements.txt (line 1))
2023-12-24T00:26:09.7708396Z   Downloading charset_normalizer-3.3.2-cp38-cp38-manylinux_2_17_x86_64.manylinux2014_x86_64.whl.metadata (33 kB)
2023-12-24T00:26:09.8030950Z Collecting idna<4,>=2.5 (from requests->-r requirements.txt (line 1))
2023-12-24T00:26:09.8109372Z   Downloading idna-3.6-py3-none-any.whl.metadata (9.9 kB)
2023-12-24T00:26:09.8647557Z Collecting urllib3<3,>=1.21.1 (from requests->-r requirements.txt (line 1))
2023-12-24T00:26:09.8838740Z   Downloading urllib3-2.1.0-py3-none-any.whl.metadata (6.4 kB)
2023-12-24T00:26:09.9139790Z Collecting certifi>=2017.4.17 (from requests->-r requirements.txt (line 1))
2023-12-24T00:26:09.9263403Z   Downloading certifi-2023.11.17-py3-none-any.whl.metadata (2.2 kB)
2023-12-24T00:26:09.9653966Z Collecting attrs>=17.3.0 (from aiohttp->-r requirements.txt (line 2))
2023-12-24T00:26:09.9729626Z   Downloading attrs-23.1.0-py3-none-any.whl (61 kB)
2023-12-24T00:26:09.9840826Z      â”â”â”â”â”â”â”â”â”â”â”â”â”â”â”â”â”â”â”â”â”â”â”â”â”â”â”â”â”â”â”â”â”â”â”â”â”â”â”â” 61.2/61.2 kB 6.0 MB/s eta 0:00:00
2023-12-24T00:26:10.1823427Z Collecting multidict<7.0,>=4.5 (from aiohttp->-r requirements.txt (line 2))
2023-12-24T00:26:10.1902438Z   Downloading multidict-6.0.4-cp38-cp38-manylinux_2_17_x86_64.manylinux2014_x86_64.whl (121 kB)
2023-12-24T00:26:10.1988243Z      â”â”â”â”â”â”â”â”â”â”â”â”â”â”â”â”â”â”â”â”â”â”â”â”â”â”â”â”â”â”â”â”â”â”â”â”â”â” 121.3/121.3 kB 17.5 MB/s eta 0:00:00
2023-12-24T00:26:10.3368160Z Collecting yarl<2.0,>=1.0 (from aiohttp->-r requirements.txt (line 2))
2023-12-24T00:26:10.3447392Z   Downloading yarl-1.9.4-cp38-cp38-manylinux_2_17_x86_64.manylinux2014_x86_64.whl.metadata (31 kB)
2023-12-24T00:26:10.4347539Z Collecting frozenlist>=1.1.1 (from aiohttp->-r requirements.txt (line 2))
2023-12-24T00:26:10.4428086Z   Downloading frozenlist-1.4.1-cp38-cp38-manylinux_2_5_x86_64.manylinux1_x86_64.manylinux_2_17_x86_64.manylinux2014_x86_64.whl.metadata (12 kB)
2023-12-24T00:26:10.4630373Z Collecting aiosignal>=1.1.2 (from aiohttp->-r requirements.txt (line 2))
2023-12-24T00:26:10.4707446Z   Downloading aiosignal-1.3.1-py3-none-any.whl (7.6 kB)
2023-12-24T00:26:10.4956285Z Collecting async-timeout<5.0,>=4.0 (from aiohttp->-r requirements.txt (line 2))
2023-12-24T00:26:10.5032102Z   Downloading async_timeout-4.0.3-py3-none-any.whl.metadata (4.2 kB)
2023-12-24T00:26:10.5809917Z Downloading requests-2.31.0-py3-none-any.whl (62 kB)
2023-12-24T00:26:10.5863691Z    â”â”â”â”â”â”â”â”â”â”â”â”â”â”â”â”â”â”â”â”â”â”â”â”â”â”â”â”â”â”â”â”â”â”â”â”â”â”â”â” 62.6/62.6 kB 17.3 MB/s eta 0:00:00
2023-12-24T00:26:10.5971288Z Downloading aiohttp-3.9.1-cp38-cp38-manylinux_2_17_x86_64.manylinux2014_x86_64.whl (1.3 MB)
2023-12-24T00:26:10.6170124Z    â”â”â”â”â”â”â”â”â”â”â”â”â”â”â”â”â”â”â”â”â”â”â”â”â”â”â”â”â”â”â”â”â”â”â”â”â”â”â”â” 1.3/1.3 MB 69.6 MB/s eta 0:00:00
2023-12-24T00:26:10.6252424Z Downloading async_timeout-4.0.3-py3-none-any.whl (5.7 kB)
2023-12-24T00:26:10.6352245Z Downloading certifi-2023.11.17-py3-none-any.whl (162 kB)
2023-12-24T00:26:10.6407352Z    â”â”â”â”â”â”â”â”â”â”â”â”â”â”â”â”â”â”â”â”â”â”â”â”â”â”â”â”â”â”â”â”â”â”â”â”â”â”â”â” 162.5/162.5 kB 44.8 MB/s eta 0:00:00
2023-12-24T00:26:10.6486442Z Downloading charset_normalizer-3.3.2-cp38-cp38-manylinux_2_17_x86_64.manylinux2014_x86_64.whl (141 kB)
2023-12-24T00:26:10.6543760Z    â”â”â”â”â”â”â”â”â”â”â”â”â”â”â”â”â”â”â”â”â”â”â”â”â”â”â”â”â”â”â”â”â”â”â”â”â”â”â”â” 141.1/141.1 kB 40.7 MB/s eta 0:00:00
2023-12-24T00:26:10.6678699Z Downloading frozenlist-1.4.1-cp38-cp38-manylinux_2_5_x86_64.manylinux1_x86_64.manylinux_2_17_x86_64.manylinux2014_x86_64.whl (240 kB)
2023-12-24T00:26:10.6740084Z    â”â”â”â”â”â”â”â”â”â”â”â”â”â”â”â”â”â”â”â”â”â”â”â”â”â”â”â”â”â”â”â”â”â”â”â”â”â”â”â” 240.9/240.9 kB 57.7 MB/s eta 0:00:00
2023-12-24T00:26:10.6815501Z Downloading idna-3.6-py3-none-any.whl (61 kB)
2023-12-24T00:26:10.6871530Z    â”â”â”â”â”â”â”â”â”â”â”â”â”â”â”â”â”â”â”â”â”â”â”â”â”â”â”â”â”â”â”â”â”â”â”â”â”â”â”â” 61.6/61.6 kB 18.0 MB/s eta 0:00:00
2023-12-24T00:26:10.6957841Z Downloading urllib3-2.1.0-py3-none-any.whl (104 kB)
2023-12-24T00:26:10.7019771Z    â”â”â”â”â”â”â”â”â”â”â”â”â”â”â”â”â”â”â”â”â”â”â”â”â”â”â”â”â”â”â”â”â”â”â”â”â”â”â”â” 104.6/104.6 kB 24.0 MB/s eta 0:00:00
2023-12-24T00:26:10.7122371Z Downloading yarl-1.9.4-cp38-cp38-manylinux_2_17_x86_64.manylinux2014_x86_64.whl (308 kB)
2023-12-24T00:26:10.7202581Z    â”â”â”â”â”â”â”â”â”â”â”â”â”â”â”â”â”â”â”â”â”â”â”â”â”â”â”â”â”â”â”â”â”â”â”â”â”â”â”â” 308.8/308.8 kB 52.3 MB/s eta 0:00:00
2023-12-24T00:26:10.8189608Z Installing collected packages: urllib3, multidict, idna, frozenlist, charset-normalizer, certifi, attrs, async-timeout, yarl, requests, aiosignal, aiohttp
2023-12-24T00:26:11.2045885Z Successfully installed aiohttp-3.9.1 aiosignal-1.3.1 async-timeout-4.0.3 attrs-23.1.0 certifi-2023.11.17 charset-normalizer-3.3.2 frozenlist-1.4.1 idna-3.6 multidict-6.0.4 requests-2.31.0 urllib3-2.1.0 yarl-1.9.4
2023-12-24T00:26:11.8071080Z ##[group]Run python3 --version
2023-12-24T00:26:11.8071656Z [36;1mpython3 --version[0m
2023-12-24T00:26:11.8072068Z [36;1mpython3 generate_images.py[0m
2023-12-24T00:26:11.8122895Z shell: /usr/bin/bash -e {0}
2023-12-24T00:26:11.8123241Z env:
2023-12-24T00:26:11.8123751Z   pythonLocation: /opt/hostedtoolcache/Python/3.8.18/x64
2023-12-24T00:26:11.8124575Z   PKG_CONFIG_PATH: /opt/hostedtoolcache/Python/3.8.18/x64/lib/pkgconfig
2023-12-24T00:26:11.8125323Z   Python_ROOT_DIR: /opt/hostedtoolcache/Python/3.8.18/x64
2023-12-24T00:26:11.8125887Z   Python2_ROOT_DIR: /opt/hostedtoolcache/Python/3.8.18/x64
2023-12-24T00:26:11.8126470Z   Python3_ROOT_DIR: /opt/hostedtoolcache/Python/3.8.18/x64
2023-12-24T00:26:11.8127125Z   LD_LIBRARY_PATH: /opt/hostedtoolcache/Python/3.8.18/x64/lib
2023-12-24T00:26:11.8127882Z   ACCESS_TOKEN: ***
2023-12-24T00:26:11.8128346Z   GITHUB_TOKEN: ***
2023-12-24T00:26:11.8128748Z   EXCLUDED: 
2023-12-24T00:26:11.8129057Z   EXCLUDED_LANGS: 
2023-12-24T00:26:11.8129566Z   EXCLUDE_FORKED_REPOS: true
2023-12-24T00:26:11.8129954Z ##[endgroup]
2023-12-24T00:26:11.8213552Z Python 3.8.18
2023-12-24T00:26:48.2102875Z A path returned 202. Retrying...
2023-12-24T00:26:48.2949392Z Traceback (most recent call last):
2023-12-24T00:26:48.2961329Z   File "generate_images.py", line 136, in <module>
2023-12-24T00:26:48.2964864Z     asyncio.run(main())
2023-12-24T00:26:48.2966190Z   File "/opt/hostedtoolcache/Python/3.8.18/x64/lib/python3.8/asyncio/runners.py", line 44, in run
2023-12-24T00:26:48.2967342Z     return loop.run_until_complete(main)
2023-12-24T00:26:48.2968722Z   File "/opt/hostedtoolcache/Python/3.8.18/x64/lib/python3.8/asyncio/base_events.py", line 616, in run_until_complete
2023-12-24T00:26:48.2969906Z     return future.result()
2023-12-24T00:26:48.2970615Z   File "generate_images.py", line 132, in main
2023-12-24T00:26:48.2971595Z     await asyncio.gather(generate_languages(s), generate_overview(s))
2023-12-24T00:26:48.2972614Z   File "generate_images.py", line 42, in generate_overview
2023-12-24T00:26:48.2973616Z     changed = (await s.lines_changed)[0] + (await s.lines_changed)[1]
2023-12-24T00:26:48.2974878Z   File "/home/runner/work/GitHub_Stats_A/GitHub_Stats_A/github_stats.py", line 486, in lines_changed
2023-12-24T00:26:48.2975977Z     for repo in await self.repos:
2023-12-24T00:26:48.2976710Z RuntimeError: Set changed size during iteration
2023-12-24T00:26:48.3146626Z ##[error]Process completed with exit code 1.
2023-12-24T00:26:48.3240783Z Post job cleanup.
2023-12-24T00:26:48.4058246Z [command]/usr/bin/git version
2023-12-24T00:26:48.4102486Z git version 2.43.0
2023-12-24T00:26:48.4142286Z Temporarily overriding HOME='/home/runner/work/_temp/9c1df966-0a90-4832-99c2-612d49933846' before making global git config changes
2023-12-24T00:26:48.4144281Z Adding repository directory to the temporary git global config as a safe directory
2023-12-24T00:26:48.4149333Z [command]/usr/bin/git config --global --add safe.directory /home/runner/work/GitHub_Stats_A/GitHub_Stats_A
2023-12-24T00:26:48.4190792Z [command]/usr/bin/git config --local --name-only --get-regexp core\.sshCommand
2023-12-24T00:26:48.4230044Z [command]/usr/bin/git submodule foreach --recursive sh -c "git config --local --name-only --get-regexp 'core\.sshCommand' && git config --local --unset-all 'core.sshCommand' || :"
2023-12-24T00:26:48.4539814Z [command]/usr/bin/git config --local --name-only --get-regexp http\.https\:\/\/github\.com\/\.extraheader
2023-12-24T00:26:48.4569577Z http.https://github.com/.extraheader
2023-12-24T00:26:48.4580874Z [command]/usr/bin/git config --local --unset-all http.https://github.com/.extraheader
2023-12-24T00:26:48.4620779Z [command]/usr/bin/git submodule foreach --recursive sh -c "git config --local --name-only --get-regexp 'http\.https\:\/\/github\.com\/\.extraheader' && git config --local --unset-all 'http.https://github.com/.extraheader' || :"
2023-12-24T00:26:48.5098379Z Cleaning up orphan processes
