2022-10-26T02:29:29.7712279Z Requested labels: ubuntu-latest
2022-10-26T02:29:29.7712329Z Job defined at: seanpm2001/GitHub_Stats_A/.github/workflows/main.yml@refs/heads/master
2022-10-26T02:29:29.7712351Z Waiting for a runner to pick up this job...
2022-10-26T02:29:29.9640126Z Job is waiting for a hosted runner to come online.
2022-10-26T02:29:33.7270258Z Job is about to start running on the hosted runner: Hosted Agent (hosted)
2022-10-26T02:30:09.4292719Z Current runner version: '2.298.2'
2022-10-26T02:30:09.4322321Z ##[group]Operating System
2022-10-26T02:30:09.4322916Z Ubuntu
2022-10-26T02:30:09.4323227Z 20.04.5
2022-10-26T02:30:09.4323484Z LTS
2022-10-26T02:30:09.4323920Z ##[endgroup]
2022-10-26T02:30:09.4324274Z ##[group]Runner Image
2022-10-26T02:30:09.4324663Z Image: ubuntu-20.04
2022-10-26T02:30:09.4324971Z Version: 20221018.2
2022-10-26T02:30:09.4325527Z Included Software: https://github.com/actions/runner-images/blob/ubuntu20/20221018.2/images/linux/Ubuntu2004-Readme.md
2022-10-26T02:30:09.4326271Z Image Release: https://github.com/actions/runner-images/releases/tag/ubuntu20%2F20221018.2
2022-10-26T02:30:09.4326753Z ##[endgroup]
2022-10-26T02:30:09.4327078Z ##[group]Runner Image Provisioner
2022-10-26T02:30:09.4327449Z 2.0.91.1
2022-10-26T02:30:09.4327819Z ##[endgroup]
2022-10-26T02:30:09.4328547Z ##[group]GITHUB_TOKEN Permissions
2022-10-26T02:30:09.4329184Z Contents: write
2022-10-26T02:30:09.4329486Z Metadata: read
2022-10-26T02:30:09.4330066Z ##[endgroup]
2022-10-26T02:30:09.4333750Z Secret source: Actions
2022-10-26T02:30:09.4334357Z Prepare workflow directory
2022-10-26T02:30:09.5179496Z Prepare all required actions
2022-10-26T02:30:09.5364110Z Getting action download info
2022-10-26T02:30:09.7228434Z Download action repository 'actions/checkout@v2' (SHA:e2f20e631ae6d7dd3b768f56a5d2af784dd54791)
2022-10-26T02:30:10.0206614Z Download action repository 'actions/setup-python@v2' (SHA:7f80679172b057fc5e90d70d197929d454754a5a)
2022-10-26T02:30:10.2089584Z Download action repository 'actions/cache@v2' (SHA:937d24475381cd9c75ae6db12cb4e79714b926ed)
2022-10-26T02:30:10.8333869Z ##[group]Run actions/checkout@v2
2022-10-26T02:30:10.8334194Z with:
2022-10-26T02:30:10.8334420Z   repository: seanpm2001/GitHub_Stats_A
2022-10-26T02:30:10.8334912Z   token: ***
2022-10-26T02:30:10.8335130Z   ssh-strict: true
2022-10-26T02:30:10.8335375Z   persist-credentials: true
2022-10-26T02:30:10.8335608Z   clean: true
2022-10-26T02:30:10.8335803Z   fetch-depth: 1
2022-10-26T02:30:10.8336025Z   lfs: false
2022-10-26T02:30:10.8336229Z   submodules: false
2022-10-26T02:30:10.8336447Z   set-safe-directory: true
2022-10-26T02:30:10.8336682Z ##[endgroup]
2022-10-26T02:30:11.1179830Z Syncing repository: seanpm2001/GitHub_Stats_A
2022-10-26T02:30:11.1181810Z ##[group]Getting Git version info
2022-10-26T02:30:11.1182396Z Working directory is '/home/runner/work/GitHub_Stats_A/GitHub_Stats_A'
2022-10-26T02:30:11.1200644Z [command]/usr/bin/git version
2022-10-26T02:30:11.1366797Z git version 2.38.1
2022-10-26T02:30:11.1388020Z ##[endgroup]
2022-10-26T02:30:11.1406701Z Temporarily overriding HOME='/home/runner/work/_temp/7559bab5-07fa-42ab-91b6-b14ac9e20785' before making global git config changes
2022-10-26T02:30:11.1441119Z Adding repository directory to the temporary git global config as a safe directory
2022-10-26T02:30:11.1441820Z [command]/usr/bin/git config --global --add safe.directory /home/runner/work/GitHub_Stats_A/GitHub_Stats_A
2022-10-26T02:30:11.1498728Z Deleting the contents of '/home/runner/work/GitHub_Stats_A/GitHub_Stats_A'
2022-10-26T02:30:11.1504509Z ##[group]Initializing the repository
2022-10-26T02:30:11.1507270Z [command]/usr/bin/git init /home/runner/work/GitHub_Stats_A/GitHub_Stats_A
2022-10-26T02:30:11.1584079Z hint: Using 'master' as the name for the initial branch. This default branch name
2022-10-26T02:30:11.1584846Z hint: is subject to change. To configure the initial branch name to use in all
2022-10-26T02:30:11.1585846Z hint: of your new repositories, which will suppress this warning, call:
2022-10-26T02:30:11.1586203Z hint: 
2022-10-26T02:30:11.1586701Z hint: 	git config --global init.defaultBranch <name>
2022-10-26T02:30:11.1587024Z hint: 
2022-10-26T02:30:11.1587430Z hint: Names commonly chosen instead of 'master' are 'main', 'trunk' and
2022-10-26T02:30:11.1587915Z hint: 'development'. The just-created branch can be renamed via this command:
2022-10-26T02:30:11.1588211Z hint: 
2022-10-26T02:30:11.1588477Z hint: 	git branch -m <name>
2022-10-26T02:30:11.1596897Z Initialized empty Git repository in /home/runner/work/GitHub_Stats_A/GitHub_Stats_A/.git/
2022-10-26T02:30:11.1607494Z [command]/usr/bin/git remote add origin https://github.com/seanpm2001/GitHub_Stats_A
2022-10-26T02:30:11.1648506Z ##[endgroup]
2022-10-26T02:30:11.1649341Z ##[group]Disabling automatic garbage collection
2022-10-26T02:30:11.1653808Z [command]/usr/bin/git config --local gc.auto 0
2022-10-26T02:30:11.1685950Z ##[endgroup]
2022-10-26T02:30:11.1686802Z ##[group]Setting up auth
2022-10-26T02:30:11.1694633Z [command]/usr/bin/git config --local --name-only --get-regexp core\.sshCommand
2022-10-26T02:30:11.1729585Z [command]/usr/bin/git submodule foreach --recursive git config --local --name-only --get-regexp 'core\.sshCommand' && git config --local --unset-all 'core.sshCommand' || :
2022-10-26T02:30:11.2122793Z [command]/usr/bin/git config --local --name-only --get-regexp http\.https\:\/\/github\.com\/\.extraheader
2022-10-26T02:30:11.2147249Z [command]/usr/bin/git submodule foreach --recursive git config --local --name-only --get-regexp 'http\.https\:\/\/github\.com\/\.extraheader' && git config --local --unset-all 'http.https://github.com/.extraheader' || :
2022-10-26T02:30:11.2383849Z [command]/usr/bin/git config --local http.https://github.com/.extraheader AUTHORIZATION: basic ***
2022-10-26T02:30:11.2427923Z ##[endgroup]
2022-10-26T02:30:11.2428458Z ##[group]Fetching the repository
2022-10-26T02:30:11.2436568Z [command]/usr/bin/git -c protocol.version=2 fetch --no-tags --prune --progress --no-recurse-submodules --depth=1 origin +3641b173fcc6bc669ea909d9646abfbfd56d64fa:refs/remotes/origin/master
2022-10-26T02:30:11.4398279Z remote: Enumerating objects: 1576, done.        
2022-10-26T02:30:11.4398687Z remote: Counting objects:   0% (1/1576)        
2022-10-26T02:30:11.4398963Z remote: Counting objects:   1% (16/1576)        
2022-10-26T02:30:11.4399249Z remote: Counting objects:   2% (32/1576)        
2022-10-26T02:30:11.4407192Z remote: Counting objects:   3% (48/1576)        
2022-10-26T02:30:11.4412698Z remote: Counting objects:   4% (64/1576)        
2022-10-26T02:30:11.4412967Z remote: Counting objects:   5% (79/1576)        
2022-10-26T02:30:11.4413244Z remote: Counting objects:   6% (95/1576)        
2022-10-26T02:30:11.4413528Z remote: Counting objects:   7% (111/1576)        
2022-10-26T02:30:11.4413811Z remote: Counting objects:   8% (127/1576)        
2022-10-26T02:30:11.4414076Z remote: Counting objects:   9% (142/1576)        
2022-10-26T02:30:11.4414357Z remote: Counting objects:  10% (158/1576)        
2022-10-26T02:30:11.4414632Z remote: Counting objects:  11% (174/1576)        
2022-10-26T02:30:11.4414914Z remote: Counting objects:  12% (190/1576)        
2022-10-26T02:30:11.4415173Z remote: Counting objects:  13% (205/1576)        
2022-10-26T02:30:11.4415449Z remote: Counting objects:  14% (221/1576)        
2022-10-26T02:30:11.4415723Z remote: Counting objects:  15% (237/1576)        
2022-10-26T02:30:11.4415991Z remote: Counting objects:  16% (253/1576)        
2022-10-26T02:30:11.4416268Z remote: Counting objects:  17% (268/1576)        
2022-10-26T02:30:11.4416525Z remote: Counting objects:  18% (284/1576)        
2022-10-26T02:30:11.4416794Z remote: Counting objects:  19% (300/1576)        
2022-10-26T02:30:11.4417063Z remote: Counting objects:  20% (316/1576)        
2022-10-26T02:30:11.4417333Z remote: Counting objects:  21% (331/1576)        
2022-10-26T02:30:11.4417591Z remote: Counting objects:  22% (347/1576)        
2022-10-26T02:30:11.4417860Z remote: Counting objects:  23% (363/1576)        
2022-10-26T02:30:11.4418132Z remote: Counting objects:  24% (379/1576)        
2022-10-26T02:30:11.4418401Z remote: Counting objects:  25% (394/1576)        
2022-10-26T02:30:11.4418656Z remote: Counting objects:  26% (410/1576)        
2022-10-26T02:30:11.4418923Z remote: Counting objects:  27% (426/1576)        
2022-10-26T02:30:11.4419196Z remote: Counting objects:  28% (442/1576)        
2022-10-26T02:30:11.4419465Z remote: Counting objects:  29% (458/1576)        
2022-10-26T02:30:11.4419996Z remote: Counting objects:  30% (473/1576)        
2022-10-26T02:30:11.4420269Z remote: Counting objects:  31% (489/1576)        
2022-10-26T02:30:11.4420540Z remote: Counting objects:  32% (505/1576)        
2022-10-26T02:30:11.4420815Z remote: Counting objects:  33% (521/1576)        
2022-10-26T02:30:11.4421071Z remote: Counting objects:  34% (536/1576)        
2022-10-26T02:30:11.4421342Z remote: Counting objects:  35% (552/1576)        
2022-10-26T02:30:11.4421616Z remote: Counting objects:  36% (568/1576)        
2022-10-26T02:30:11.4421893Z remote: Counting objects:  37% (584/1576)        
2022-10-26T02:30:11.4422154Z remote: Counting objects:  38% (599/1576)        
2022-10-26T02:30:11.4422423Z remote: Counting objects:  39% (615/1576)        
2022-10-26T02:30:11.4422693Z remote: Counting objects:  40% (631/1576)        
2022-10-26T02:30:11.4422964Z remote: Counting objects:  41% (647/1576)        
2022-10-26T02:30:11.4423220Z remote: Counting objects:  42% (662/1576)        
2022-10-26T02:30:11.4423492Z remote: Counting objects:  43% (678/1576)        
2022-10-26T02:30:11.4423761Z remote: Counting objects:  44% (694/1576)        
2022-10-26T02:30:11.4424029Z remote: Counting objects:  45% (710/1576)        
2022-10-26T02:30:11.4424339Z remote: Counting objects:  46% (725/1576)        
2022-10-26T02:30:11.4424599Z remote: Counting objects:  47% (741/1576)        
2022-10-26T02:30:11.4424869Z remote: Counting objects:  48% (757/1576)        
2022-10-26T02:30:11.4425142Z remote: Counting objects:  49% (773/1576)        
2022-10-26T02:30:11.4425512Z remote: Counting objects:  50% (788/1576)        
2022-10-26T02:30:11.4425779Z remote: Counting objects:  51% (804/1576)        
2022-10-26T02:30:11.4426045Z remote: Counting objects:  52% (820/1576)        
2022-10-26T02:30:11.4426315Z remote: Counting objects:  53% (836/1576)        
2022-10-26T02:30:11.4426585Z remote: Counting objects:  54% (852/1576)        
2022-10-26T02:30:11.4426841Z remote: Counting objects:  55% (867/1576)        
2022-10-26T02:30:11.4427119Z remote: Counting objects:  56% (883/1576)        
2022-10-26T02:30:11.4427392Z remote: Counting objects:  57% (899/1576)        
2022-10-26T02:30:11.4427660Z remote: Counting objects:  58% (915/1576)        
2022-10-26T02:30:11.4427935Z remote: Counting objects:  59% (930/1576)        
2022-10-26T02:30:11.4428193Z remote: Counting objects:  60% (946/1576)        
2022-10-26T02:30:11.4428461Z remote: Counting objects:  61% (962/1576)        
2022-10-26T02:30:11.4428728Z remote: Counting objects:  62% (978/1576)        
2022-10-26T02:30:11.4429005Z remote: Counting objects:  63% (993/1576)        
2022-10-26T02:30:11.4429512Z remote: Counting objects:  64% (1009/1576)        
2022-10-26T02:30:11.4429788Z remote: Counting objects:  65% (1025/1576)        
2022-10-26T02:30:11.4430077Z remote: Counting objects:  66% (1041/1576)        
2022-10-26T02:30:11.4430365Z remote: Counting objects:  67% (1056/1576)        
2022-10-26T02:30:11.4430646Z remote: Counting objects:  68% (1072/1576)        
2022-10-26T02:30:11.4430919Z remote: Counting objects:  69% (1088/1576)        
2022-10-26T02:30:11.4431201Z remote: Counting objects:  70% (1104/1576)        
2022-10-26T02:30:11.4431485Z remote: Counting objects:  71% (1119/1576)        
2022-10-26T02:30:11.4431766Z remote: Counting objects:  72% (1135/1576)        
2022-10-26T02:30:11.4432032Z remote: Counting objects:  73% (1151/1576)        
2022-10-26T02:30:11.4432313Z remote: Counting objects:  74% (1167/1576)        
2022-10-26T02:30:11.4432593Z remote: Counting objects:  75% (1182/1576)        
2022-10-26T02:30:11.4432873Z remote: Counting objects:  76% (1198/1576)        
2022-10-26T02:30:11.4433139Z remote: Counting objects:  77% (1214/1576)        
2022-10-26T02:30:11.4433418Z remote: Counting objects:  78% (1230/1576)        
2022-10-26T02:30:11.4433698Z remote: Counting objects:  79% (1246/1576)        
2022-10-26T02:30:11.4434143Z remote: Counting objects:  80% (1261/1576)        
2022-10-26T02:30:11.4434410Z remote: Counting objects:  81% (1277/1576)        
2022-10-26T02:30:11.4542983Z remote: Counting objects:  82% (1293/1576)        
2022-10-26T02:30:11.4543518Z remote: Counting objects:  83% (1309/1576)        
2022-10-26T02:30:11.4543848Z remote: Counting objects:  84% (1324/1576)        
2022-10-26T02:30:11.4544225Z remote: Counting objects:  85% (1340/1576)        
2022-10-26T02:30:11.4544497Z remote: Counting objects:  86% (1356/1576)        
2022-10-26T02:30:11.4544763Z remote: Counting objects:  87% (1372/1576)        
2022-10-26T02:30:11.4545030Z remote: Counting objects:  88% (1387/1576)        
2022-10-26T02:30:11.4545318Z remote: Counting objects:  89% (1403/1576)        
2022-10-26T02:30:11.4545576Z remote: Counting objects:  90% (1419/1576)        
2022-10-26T02:30:11.4545840Z remote: Counting objects:  91% (1435/1576)        
2022-10-26T02:30:11.4546118Z remote: Counting objects:  92% (1450/1576)        
2022-10-26T02:30:11.4546387Z remote: Counting objects:  93% (1466/1576)        
2022-10-26T02:30:11.4546649Z remote: Counting objects:  94% (1482/1576)        
2022-10-26T02:30:11.4546933Z remote: Counting objects:  95% (1498/1576)        
2022-10-26T02:30:11.4547203Z remote: Counting objects:  96% (1513/1576)        
2022-10-26T02:30:11.4547478Z remote: Counting objects:  97% (1529/1576)        
2022-10-26T02:30:11.4547739Z remote: Counting objects:  98% (1545/1576)        
2022-10-26T02:30:11.4548000Z remote: Counting objects:  99% (1561/1576)        
2022-10-26T02:30:11.4548261Z remote: Counting objects: 100% (1576/1576)        
2022-10-26T02:30:11.4548545Z remote: Counting objects: 100% (1576/1576), done.        
2022-10-26T02:30:11.4549074Z remote: Compressing objects:   0% (1/573)        
2022-10-26T02:30:11.4549379Z remote: Compressing objects:   1% (6/573)        
2022-10-26T02:30:11.4570009Z remote: Compressing objects:   2% (12/573)        
2022-10-26T02:30:11.4651862Z remote: Compressing objects:   3% (18/573)        
2022-10-26T02:30:11.4652227Z remote: Compressing objects:   4% (23/573)        
2022-10-26T02:30:11.4652510Z remote: Compressing objects:   5% (29/573)        
2022-10-26T02:30:11.4652809Z remote: Compressing objects:   6% (35/573)        
2022-10-26T02:30:11.4653191Z remote: Compressing objects:   7% (41/573)        
2022-10-26T02:30:11.4653479Z remote: Compressing objects:   8% (46/573)        
2022-10-26T02:30:11.4653754Z remote: Compressing objects:   9% (52/573)        
2022-10-26T02:30:11.4654038Z remote: Compressing objects:  10% (58/573)        
2022-10-26T02:30:11.4654563Z remote: Compressing objects:  11% (64/573)        
2022-10-26T02:30:11.4654849Z remote: Compressing objects:  12% (69/573)        
2022-10-26T02:30:11.4656251Z remote: Compressing objects:  13% (75/573)        
2022-10-26T02:30:11.4661025Z remote: Compressing objects:  14% (81/573)        
2022-10-26T02:30:11.4661335Z remote: Compressing objects:  15% (86/573)        
2022-10-26T02:30:11.4661615Z remote: Compressing objects:  16% (92/573)        
2022-10-26T02:30:11.4661905Z remote: Compressing objects:  17% (98/573)        
2022-10-26T02:30:11.4662212Z remote: Compressing objects:  18% (104/573)        
2022-10-26T02:30:11.4662508Z remote: Compressing objects:  19% (109/573)        
2022-10-26T02:30:11.4662789Z remote: Compressing objects:  20% (115/573)        
2022-10-26T02:30:11.4663081Z remote: Compressing objects:  21% (121/573)        
2022-10-26T02:30:11.4663367Z remote: Compressing objects:  22% (127/573)        
2022-10-26T02:30:11.4663655Z remote: Compressing objects:  23% (132/573)        
2022-10-26T02:30:11.4829979Z remote: Compressing objects:  24% (138/573)        
2022-10-26T02:30:11.4930470Z remote: Compressing objects:  25% (144/573)        
2022-10-26T02:30:11.5090298Z remote: Compressing objects:  26% (149/573)        
2022-10-26T02:30:11.5192233Z remote: Compressing objects:  27% (155/573)        
2022-10-26T02:30:11.5229809Z remote: Compressing objects:  28% (161/573)        
2022-10-26T02:30:11.5232797Z remote: Compressing objects:  29% (167/573)        
2022-10-26T02:30:11.5233289Z remote: Compressing objects:  30% (172/573)        
2022-10-26T02:30:11.5286972Z remote: Compressing objects:  31% (178/573)        
2022-10-26T02:30:11.5363911Z remote: Compressing objects:  32% (184/573)        
2022-10-26T02:30:11.5469572Z remote: Compressing objects:  33% (190/573)        
2022-10-26T02:30:11.5543896Z remote: Compressing objects:  34% (195/573)        
2022-10-26T02:30:11.5596788Z remote: Compressing objects:  35% (201/573)        
2022-10-26T02:30:11.5706484Z remote: Compressing objects:  36% (207/573)        
2022-10-26T02:30:11.5706947Z remote: Compressing objects:  37% (213/573)        
2022-10-26T02:30:11.5707575Z remote: Compressing objects:  38% (218/573)        
2022-10-26T02:30:11.5708155Z remote: Compressing objects:  39% (224/573)        
2022-10-26T02:30:11.5709224Z remote: Compressing objects:  40% (230/573)        
2022-10-26T02:30:11.5738021Z remote: Compressing objects:  41% (235/573)        
2022-10-26T02:30:11.5738363Z remote: Compressing objects:  42% (241/573)        
2022-10-26T02:30:11.5738636Z remote: Compressing objects:  43% (247/573)        
2022-10-26T02:30:11.5738916Z remote: Compressing objects:  44% (253/573)        
2022-10-26T02:30:11.5739179Z remote: Compressing objects:  45% (258/573)        
2022-10-26T02:30:11.5739440Z remote: Compressing objects:  46% (264/573)        
2022-10-26T02:30:11.5739684Z remote: Compressing objects:  47% (270/573)        
2022-10-26T02:30:11.5739943Z remote: Compressing objects:  48% (276/573)        
2022-10-26T02:30:11.5740204Z remote: Compressing objects:  49% (281/573)        
2022-10-26T02:30:11.5740870Z remote: Compressing objects:  50% (287/573)        
2022-10-26T02:30:11.5741158Z remote: Compressing objects:  51% (293/573)        
2022-10-26T02:30:11.5741446Z remote: Compressing objects:  52% (298/573)        
2022-10-26T02:30:11.5741737Z remote: Compressing objects:  53% (304/573)        
2022-10-26T02:30:11.5770745Z remote: Compressing objects:  54% (310/573)        
2022-10-26T02:30:11.5771089Z remote: Compressing objects:  55% (316/573)        
2022-10-26T02:30:11.5771387Z remote: Compressing objects:  56% (321/573)        
2022-10-26T02:30:11.5771685Z remote: Compressing objects:  57% (327/573)        
2022-10-26T02:30:11.5771980Z remote: Compressing objects:  58% (333/573)        
2022-10-26T02:30:11.5772266Z remote: Compressing objects:  59% (339/573)        
2022-10-26T02:30:11.5772546Z remote: Compressing objects:  60% (344/573)        
2022-10-26T02:30:11.5772836Z remote: Compressing objects:  61% (350/573)        
2022-10-26T02:30:11.5773129Z remote: Compressing objects:  62% (356/573)        
2022-10-26T02:30:11.5773418Z remote: Compressing objects:  63% (361/573)        
2022-10-26T02:30:11.5773690Z remote: Compressing objects:  64% (367/573)        
2022-10-26T02:30:11.5773977Z remote: Compressing objects:  65% (373/573)        
2022-10-26T02:30:11.5774264Z remote: Compressing objects:  66% (379/573)        
2022-10-26T02:30:11.5774545Z remote: Compressing objects:  67% (384/573)        
2022-10-26T02:30:11.5776318Z remote: Compressing objects:  68% (390/573)        
2022-10-26T02:30:11.5776648Z remote: Compressing objects:  69% (396/573)        
2022-10-26T02:30:11.5779014Z remote: Compressing objects:  70% (402/573)        
2022-10-26T02:30:11.5779314Z remote: Compressing objects:  71% (407/573)        
2022-10-26T02:30:11.5780251Z remote: Compressing objects:  72% (413/573)        
2022-10-26T02:30:11.5780564Z remote: Compressing objects:  73% (419/573)        
2022-10-26T02:30:11.5780858Z remote: Compressing objects:  74% (425/573)        
2022-10-26T02:30:11.5781148Z remote: Compressing objects:  75% (430/573)        
2022-10-26T02:30:11.5781431Z remote: Compressing objects:  76% (436/573)        
2022-10-26T02:30:11.5781723Z remote: Compressing objects:  77% (442/573)        
2022-10-26T02:30:11.5782009Z remote: Compressing objects:  78% (447/573)        
2022-10-26T02:30:11.5782296Z remote: Compressing objects:  79% (453/573)        
2022-10-26T02:30:11.5782568Z remote: Compressing objects:  80% (459/573)        
2022-10-26T02:30:11.5782853Z remote: Compressing objects:  81% (465/573)        
2022-10-26T02:30:11.5783348Z remote: Compressing objects:  82% (470/573)        
2022-10-26T02:30:11.5783638Z remote: Compressing objects:  83% (476/573)        
2022-10-26T02:30:11.5783927Z remote: Compressing objects:  84% (482/573)        
2022-10-26T02:30:11.5784199Z remote: Compressing objects:  85% (488/573)        
2022-10-26T02:30:11.5784484Z remote: Compressing objects:  86% (493/573)        
2022-10-26T02:30:11.5786305Z remote: Compressing objects:  87% (499/573)        
2022-10-26T02:30:11.5786878Z remote: Compressing objects:  88% (505/573)        
2022-10-26T02:30:11.5787159Z remote: Compressing objects:  89% (510/573)        
2022-10-26T02:30:11.5787513Z remote: Compressing objects:  90% (516/573)        
2022-10-26T02:30:11.5787787Z remote: Compressing objects:  91% (522/573)        
2022-10-26T02:30:11.5788072Z remote: Compressing objects:  92% (528/573)        
2022-10-26T02:30:11.5788362Z remote: Compressing objects:  93% (533/573)        
2022-10-26T02:30:11.5788650Z remote: Compressing objects:  94% (539/573)        
2022-10-26T02:30:11.5788925Z remote: Compressing objects:  95% (545/573)        
2022-10-26T02:30:11.5789211Z remote: Compressing objects:  96% (551/573)        
2022-10-26T02:30:11.5789498Z remote: Compressing objects:  97% (556/573)        
2022-10-26T02:30:11.5789779Z remote: Compressing objects:  98% (562/573)        
2022-10-26T02:30:11.5790053Z remote: Compressing objects:  99% (568/573)        
2022-10-26T02:30:11.5790337Z remote: Compressing objects: 100% (573/573)        
2022-10-26T02:30:11.5790826Z remote: Compressing objects: 100% (573/573), done.        
2022-10-26T02:30:11.5817257Z Receiving objects:   0% (1/1576)
2022-10-26T02:30:11.5817831Z Receiving objects:   1% (16/1576)
2022-10-26T02:30:11.5818092Z Receiving objects:   2% (32/1576)
2022-10-26T02:30:11.5844480Z Receiving objects:   3% (48/1576)
2022-10-26T02:30:11.5859025Z Receiving objects:   4% (64/1576)
2022-10-26T02:30:11.5859327Z Receiving objects:   5% (79/1576)
2022-10-26T02:30:11.5859575Z Receiving objects:   6% (95/1576)
2022-10-26T02:30:11.5859828Z Receiving objects:   7% (111/1576)
2022-10-26T02:30:11.5862974Z Receiving objects:   8% (127/1576)
2022-10-26T02:30:11.5866389Z Receiving objects:   9% (142/1576)
2022-10-26T02:30:11.5872786Z Receiving objects:  10% (158/1576)
2022-10-26T02:30:11.5873085Z Receiving objects:  11% (174/1576)
2022-10-26T02:30:11.5877505Z Receiving objects:  12% (190/1576)
2022-10-26T02:30:11.5879579Z Receiving objects:  13% (205/1576)
2022-10-26T02:30:11.5883904Z Receiving objects:  14% (221/1576)
2022-10-26T02:30:11.5888618Z Receiving objects:  15% (237/1576)
2022-10-26T02:30:11.5899737Z Receiving objects:  16% (253/1576)
2022-10-26T02:30:11.5900031Z Receiving objects:  17% (268/1576)
2022-10-26T02:30:11.5934217Z Receiving objects:  18% (284/1576)
2022-10-26T02:30:11.5946934Z Receiving objects:  19% (300/1576)
2022-10-26T02:30:11.5947243Z Receiving objects:  20% (316/1576)
2022-10-26T02:30:11.5947500Z Receiving objects:  21% (331/1576)
2022-10-26T02:30:11.5947760Z Receiving objects:  22% (347/1576)
2022-10-26T02:30:11.5947996Z Receiving objects:  23% (363/1576)
2022-10-26T02:30:11.5948242Z Receiving objects:  24% (379/1576)
2022-10-26T02:30:11.5948486Z Receiving objects:  25% (394/1576)
2022-10-26T02:30:11.5948730Z Receiving objects:  26% (410/1576)
2022-10-26T02:30:11.5948962Z Receiving objects:  27% (426/1576)
2022-10-26T02:30:11.5949206Z Receiving objects:  28% (442/1576)
2022-10-26T02:30:11.5949451Z Receiving objects:  29% (458/1576)
2022-10-26T02:30:11.5950221Z Receiving objects:  30% (473/1576)
2022-10-26T02:30:11.5950462Z Receiving objects:  31% (489/1576)
2022-10-26T02:30:11.5950726Z Receiving objects:  32% (505/1576)
2022-10-26T02:30:11.5950970Z Receiving objects:  33% (521/1576)
2022-10-26T02:30:11.5951213Z Receiving objects:  34% (536/1576)
2022-10-26T02:30:11.5951443Z Receiving objects:  35% (552/1576)
2022-10-26T02:30:11.6013684Z Receiving objects:  36% (568/1576)
2022-10-26T02:30:11.6014332Z Receiving objects:  37% (584/1576)
2022-10-26T02:30:11.6022899Z Receiving objects:  38% (599/1576)
2022-10-26T02:30:11.6064098Z Receiving objects:  39% (615/1576)
2022-10-26T02:30:11.6076389Z Receiving objects:  40% (631/1576)
2022-10-26T02:30:11.6101065Z Receiving objects:  41% (647/1576)
2022-10-26T02:30:11.6118473Z Receiving objects:  42% (662/1576)
2022-10-26T02:30:11.6137862Z Receiving objects:  43% (678/1576)
2022-10-26T02:30:11.6148332Z Receiving objects:  44% (694/1576)
2022-10-26T02:30:11.6164880Z Receiving objects:  45% (710/1576)
2022-10-26T02:30:11.6178130Z Receiving objects:  46% (725/1576)
2022-10-26T02:30:11.6192052Z Receiving objects:  47% (741/1576)
2022-10-26T02:30:11.6209790Z Receiving objects:  48% (757/1576)
2022-10-26T02:30:11.6226695Z Receiving objects:  49% (773/1576)
2022-10-26T02:30:11.6241221Z Receiving objects:  50% (788/1576)
2022-10-26T02:30:11.6267152Z Receiving objects:  51% (804/1576)
2022-10-26T02:30:11.6267453Z Receiving objects:  52% (820/1576)
2022-10-26T02:30:11.6290138Z Receiving objects:  53% (836/1576)
2022-10-26T02:30:11.6308433Z Receiving objects:  54% (852/1576)
2022-10-26T02:30:11.6323624Z Receiving objects:  55% (867/1576)
2022-10-26T02:30:11.6347428Z Receiving objects:  56% (883/1576)
2022-10-26T02:30:11.6355663Z Receiving objects:  57% (899/1576)
2022-10-26T02:30:11.6370792Z Receiving objects:  58% (915/1576)
2022-10-26T02:30:11.6384734Z Receiving objects:  59% (930/1576)
2022-10-26T02:30:11.6394107Z Receiving objects:  60% (946/1576)
2022-10-26T02:30:11.6410490Z Receiving objects:  61% (962/1576)
2022-10-26T02:30:11.6419304Z Receiving objects:  62% (978/1576)
2022-10-26T02:30:11.6444757Z Receiving objects:  63% (993/1576)
2022-10-26T02:30:11.6450477Z Receiving objects:  64% (1009/1576)
2022-10-26T02:30:11.6461928Z Receiving objects:  65% (1025/1576)
2022-10-26T02:30:11.6476138Z Receiving objects:  66% (1041/1576)
2022-10-26T02:30:11.6496209Z Receiving objects:  67% (1056/1576)
2022-10-26T02:30:11.6520226Z Receiving objects:  68% (1072/1576)
2022-10-26T02:30:11.6538998Z Receiving objects:  69% (1088/1576)
2022-10-26T02:30:11.6546132Z Receiving objects:  70% (1104/1576)
2022-10-26T02:30:11.6556617Z Receiving objects:  71% (1119/1576)
2022-10-26T02:30:11.6562145Z Receiving objects:  72% (1135/1576)
2022-10-26T02:30:11.6571044Z Receiving objects:  73% (1151/1576)
2022-10-26T02:30:11.6601227Z Receiving objects:  74% (1167/1576)
2022-10-26T02:30:11.6632312Z Receiving objects:  75% (1182/1576)
2022-10-26T02:30:11.6651607Z Receiving objects:  76% (1198/1576)
2022-10-26T02:30:11.6660550Z Receiving objects:  77% (1214/1576)
2022-10-26T02:30:11.6669607Z Receiving objects:  78% (1230/1576)
2022-10-26T02:30:11.6680235Z Receiving objects:  79% (1246/1576)
2022-10-26T02:30:11.6699683Z Receiving objects:  80% (1261/1576)
2022-10-26T02:30:11.6713377Z Receiving objects:  81% (1277/1576)
2022-10-26T02:30:11.6729129Z Receiving objects:  82% (1293/1576)
2022-10-26T02:30:11.6743143Z Receiving objects:  83% (1309/1576)
2022-10-26T02:30:11.6748516Z Receiving objects:  84% (1324/1576)
2022-10-26T02:30:11.6754907Z Receiving objects:  85% (1340/1576)
2022-10-26T02:30:11.6756713Z Receiving objects:  86% (1356/1576)
2022-10-26T02:30:11.6758331Z Receiving objects:  87% (1372/1576)
2022-10-26T02:30:11.6762695Z Receiving objects:  88% (1387/1576)
2022-10-26T02:30:11.6764509Z Receiving objects:  89% (1403/1576)
2022-10-26T02:30:11.6765845Z Receiving objects:  90% (1419/1576)
2022-10-26T02:30:11.6779851Z Receiving objects:  91% (1435/1576)
2022-10-26T02:30:11.6785214Z Receiving objects:  92% (1450/1576)
2022-10-26T02:30:11.6785829Z Receiving objects:  93% (1466/1576)
2022-10-26T02:30:11.6787582Z Receiving objects:  94% (1482/1576)
2022-10-26T02:30:11.6791174Z Receiving objects:  95% (1498/1576)
2022-10-26T02:30:11.6795837Z Receiving objects:  96% (1513/1576)
2022-10-26T02:30:11.6796386Z Receiving objects:  97% (1529/1576)
2022-10-26T02:30:11.6865767Z Receiving objects:  98% (1545/1576)
2022-10-26T02:30:11.6890641Z Receiving objects:  99% (1561/1576)
2022-10-26T02:30:11.6891636Z remote: Total 1576 (delta 773), reused 1477 (delta 726), pack-reused 0        
2022-10-26T02:30:11.6899055Z Receiving objects: 100% (1576/1576)
2022-10-26T02:30:11.6899659Z Receiving objects: 100% (1576/1576), 4.65 MiB | 42.50 MiB/s, done.
2022-10-26T02:30:11.6927018Z Resolving deltas:   0% (0/773)
2022-10-26T02:30:11.6947857Z Resolving deltas:   1% (8/773)
2022-10-26T02:30:11.6968877Z Resolving deltas:   2% (16/773)
2022-10-26T02:30:11.6984181Z Resolving deltas:   3% (24/773)
2022-10-26T02:30:11.7001246Z Resolving deltas:   4% (31/773)
2022-10-26T02:30:11.7021886Z Resolving deltas:   5% (39/773)
2022-10-26T02:30:11.7047076Z Resolving deltas:   6% (47/773)
2022-10-26T02:30:11.7064968Z Resolving deltas:   7% (55/773)
2022-10-26T02:30:11.7085673Z Resolving deltas:   8% (62/773)
2022-10-26T02:30:11.7106500Z Resolving deltas:   9% (70/773)
2022-10-26T02:30:11.7114460Z Resolving deltas:  10% (78/773)
2022-10-26T02:30:11.7116072Z Resolving deltas:  11% (86/773)
2022-10-26T02:30:11.7118753Z Resolving deltas:  12% (93/773)
2022-10-26T02:30:11.7121224Z Resolving deltas:  13% (101/773)
2022-10-26T02:30:11.7124565Z Resolving deltas:  14% (109/773)
2022-10-26T02:30:11.7125901Z Resolving deltas:  15% (117/773)
2022-10-26T02:30:11.7128092Z Resolving deltas:  16% (124/773)
2022-10-26T02:30:11.7131601Z Resolving deltas:  17% (132/773)
2022-10-26T02:30:11.7133874Z Resolving deltas:  18% (140/773)
2022-10-26T02:30:11.7136049Z Resolving deltas:  19% (147/773)
2022-10-26T02:30:11.7143000Z Resolving deltas:  20% (155/773)
2022-10-26T02:30:11.7143406Z Resolving deltas:  21% (163/773)
2022-10-26T02:30:11.7143751Z Resolving deltas:  22% (171/773)
2022-10-26T02:30:11.7144309Z Resolving deltas:  23% (178/773)
2022-10-26T02:30:11.7145200Z Resolving deltas:  24% (186/773)
2022-10-26T02:30:11.7145548Z Resolving deltas:  25% (194/773)
2022-10-26T02:30:11.7145827Z Resolving deltas:  26% (201/773)
2022-10-26T02:30:11.7146060Z Resolving deltas:  27% (209/773)
2022-10-26T02:30:11.7146304Z Resolving deltas:  28% (217/773)
2022-10-26T02:30:11.7147983Z Resolving deltas:  29% (225/773)
2022-10-26T02:30:11.7155173Z Resolving deltas:  30% (232/773)
2022-10-26T02:30:11.7160952Z Resolving deltas:  31% (240/773)
2022-10-26T02:30:11.7164029Z Resolving deltas:  32% (248/773)
2022-10-26T02:30:11.7223689Z Resolving deltas:  33% (256/773)
2022-10-26T02:30:11.7235892Z Resolving deltas:  34% (263/773)
2022-10-26T02:30:11.7281307Z Resolving deltas:  35% (271/773)
2022-10-26T02:30:11.7311792Z Resolving deltas:  36% (279/773)
2022-10-26T02:30:11.7324037Z Resolving deltas:  37% (287/773)
2022-10-26T02:30:11.7365264Z Resolving deltas:  38% (294/773)
2022-10-26T02:30:11.7427656Z Resolving deltas:  39% (302/773)
2022-10-26T02:30:11.7487832Z Resolving deltas:  40% (310/773)
2022-10-26T02:30:11.7498552Z Resolving deltas:  41% (317/773)
2022-10-26T02:30:11.7518183Z Resolving deltas:  42% (325/773)
2022-10-26T02:30:11.7556909Z Resolving deltas:  43% (333/773)
2022-10-26T02:30:11.7598669Z Resolving deltas:  44% (341/773)
2022-10-26T02:30:11.7620185Z Resolving deltas:  45% (348/773)
2022-10-26T02:30:11.7671279Z Resolving deltas:  46% (356/773)
2022-10-26T02:30:11.7712137Z Resolving deltas:  47% (364/773)
2022-10-26T02:30:11.7714347Z Resolving deltas:  48% (372/773)
2022-10-26T02:30:11.7716951Z Resolving deltas:  49% (379/773)
2022-10-26T02:30:11.7719307Z Resolving deltas:  50% (387/773)
2022-10-26T02:30:11.7724411Z Resolving deltas:  51% (395/773)
2022-10-26T02:30:11.7727093Z Resolving deltas:  52% (402/773)
2022-10-26T02:30:11.7729766Z Resolving deltas:  53% (410/773)
2022-10-26T02:30:11.7735077Z Resolving deltas:  54% (418/773)
2022-10-26T02:30:11.7739114Z Resolving deltas:  55% (426/773)
2022-10-26T02:30:11.7741762Z Resolving deltas:  56% (433/773)
2022-10-26T02:30:11.7743839Z Resolving deltas:  57% (441/773)
2022-10-26T02:30:11.7745384Z Resolving deltas:  58% (449/773)
2022-10-26T02:30:11.7746806Z Resolving deltas:  59% (457/773)
2022-10-26T02:30:11.7750093Z Resolving deltas:  60% (464/773)
2022-10-26T02:30:11.7752582Z Resolving deltas:  61% (472/773)
2022-10-26T02:30:11.7754833Z Resolving deltas:  62% (480/773)
2022-10-26T02:30:11.7757209Z Resolving deltas:  63% (487/773)
2022-10-26T02:30:11.7766063Z Resolving deltas:  64% (495/773)
2022-10-26T02:30:11.7767888Z Resolving deltas:  65% (503/773)
2022-10-26T02:30:11.7770536Z Resolving deltas:  66% (511/773)
2022-10-26T02:30:11.7773126Z Resolving deltas:  67% (518/773)
2022-10-26T02:30:11.7779913Z Resolving deltas:  68% (526/773)
2022-10-26T02:30:11.7799487Z Resolving deltas:  69% (534/773)
2022-10-26T02:30:11.7817481Z Resolving deltas:  70% (542/773)
2022-10-26T02:30:11.7854119Z Resolving deltas:  71% (549/773)
2022-10-26T02:30:11.7864048Z Resolving deltas:  72% (557/773)
2022-10-26T02:30:11.7866268Z Resolving deltas:  73% (565/773)
2022-10-26T02:30:11.7868089Z Resolving deltas:  74% (573/773)
2022-10-26T02:30:11.7963850Z Resolving deltas:  75% (580/773)
2022-10-26T02:30:11.7997780Z Resolving deltas:  76% (588/773)
2022-10-26T02:30:11.8002019Z Resolving deltas:  77% (596/773)
2022-10-26T02:30:11.8010604Z Resolving deltas:  78% (603/773)
2022-10-26T02:30:11.8024858Z Resolving deltas:  79% (611/773)
2022-10-26T02:30:11.8059203Z Resolving deltas:  80% (619/773)
2022-10-26T02:30:11.8091300Z Resolving deltas:  81% (627/773)
2022-10-26T02:30:11.8094030Z Resolving deltas:  82% (634/773)
2022-10-26T02:30:11.8099331Z Resolving deltas:  83% (642/773)
2022-10-26T02:30:11.8110760Z Resolving deltas:  84% (650/773)
2022-10-26T02:30:11.8120241Z Resolving deltas:  85% (658/773)
2022-10-26T02:30:11.8126115Z Resolving deltas:  86% (665/773)
2022-10-26T02:30:11.8140586Z Resolving deltas:  87% (673/773)
2022-10-26T02:30:11.8144398Z Resolving deltas:  88% (681/773)
2022-10-26T02:30:11.8195370Z Resolving deltas:  89% (688/773)
2022-10-26T02:30:11.8205889Z Resolving deltas:  90% (696/773)
2022-10-26T02:30:11.8219870Z Resolving deltas:  91% (704/773)
2022-10-26T02:30:11.8239426Z Resolving deltas:  92% (712/773)
2022-10-26T02:30:11.8248176Z Resolving deltas:  93% (719/773)
2022-10-26T02:30:11.8258240Z Resolving deltas:  94% (727/773)
2022-10-26T02:30:11.8274426Z Resolving deltas:  95% (735/773)
2022-10-26T02:30:11.8295821Z Resolving deltas:  96% (743/773)
2022-10-26T02:30:11.8335159Z Resolving deltas:  97% (750/773)
2022-10-26T02:30:11.8349846Z Resolving deltas:  98% (758/773)
2022-10-26T02:30:11.8361231Z Resolving deltas:  99% (766/773)
2022-10-26T02:30:11.8368656Z Resolving deltas: 100% (773/773)
2022-10-26T02:30:11.8370509Z Resolving deltas: 100% (773/773), done.
2022-10-26T02:30:11.8533522Z From https://github.com/seanpm2001/GitHub_Stats_A
2022-10-26T02:30:11.8534620Z  * [new ref]         3641b173fcc6bc669ea909d9646abfbfd56d64fa -> origin/master
2022-10-26T02:30:11.8578664Z ##[endgroup]
2022-10-26T02:30:11.8579507Z ##[group]Determining the checkout info
2022-10-26T02:30:11.8580575Z ##[endgroup]
2022-10-26T02:30:11.8581176Z ##[group]Checking out the ref
2022-10-26T02:30:11.8582318Z [command]/usr/bin/git checkout --progress --force -B master refs/remotes/origin/master
2022-10-26T02:30:12.0582287Z Reset branch 'master'
2022-10-26T02:30:12.0589560Z branch 'master' set up to track 'origin/master'.
2022-10-26T02:30:12.0601591Z ##[endgroup]
2022-10-26T02:30:12.0661686Z [command]/usr/bin/git log -1 --format='%H'
2022-10-26T02:30:12.0691711Z '3641b173fcc6bc669ea909d9646abfbfd56d64fa'
2022-10-26T02:30:12.1032858Z ##[group]Run actions/setup-python@v2
2022-10-26T02:30:12.1033116Z with:
2022-10-26T02:30:12.1033330Z   python-version: 3.8
2022-10-26T02:30:12.1033556Z   architecture: x64
2022-10-26T02:30:12.1033940Z   token: ***
2022-10-26T02:30:12.1034130Z ##[endgroup]
2022-10-26T02:30:12.2544417Z ##[warning]The `set-output` command is deprecated and will be disabled soon. Please upgrade to using Environment Files. For more information see: https://github.blog/changelog/2022-10-11-github-actions-deprecating-save-state-and-set-output-commands/
2022-10-26T02:30:12.2560400Z Successfully setup CPython (3.8.14)
2022-10-26T02:30:12.7036240Z ##[group]Run actions/cache@v2
2022-10-26T02:30:12.7036507Z with:
2022-10-26T02:30:12.7036713Z   path: ~/.cache/pip
2022-10-26T02:30:12.7037061Z   key: Linux-pip-60f2a6c0212a9b74a155cd81b58dd07fd8b180833132566260d95f4de42fe218
2022-10-26T02:30:12.7037546Z   restore-keys: Linux-pip-

2022-10-26T02:30:12.7037781Z env:
2022-10-26T02:30:12.7038050Z   pythonLocation: /opt/hostedtoolcache/Python/3.8.14/x64
2022-10-26T02:30:12.7038392Z   LD_LIBRARY_PATH: /opt/hostedtoolcache/Python/3.8.14/x64/lib
2022-10-26T02:30:12.7038647Z ##[endgroup]
2022-10-26T02:30:12.8433775Z ##[warning]The `save-state` command is deprecated and will be disabled soon. Please upgrade to using Environment Files. For more information see: https://github.blog/changelog/2022-10-11-github-actions-deprecating-save-state-and-set-output-commands/
2022-10-26T02:30:13.1945439Z Received 4175495 of 4175495 (100.0%), 28.2 MBs/sec
2022-10-26T02:30:13.1946469Z Cache Size: ~4 MB (4175495 B)
2022-10-26T02:30:13.1967275Z [command]/usr/bin/tar --use-compress-program zstd -d -xf /home/runner/work/_temp/085e1958-37b4-4508-ae11-c0122572e43a/cache.tzst -P -C /home/runner/work/GitHub_Stats_A/GitHub_Stats_A
2022-10-26T02:30:13.2146021Z Cache restored successfully
2022-10-26T02:30:13.2158845Z ##[warning]The `save-state` command is deprecated and will be disabled soon. Please upgrade to using Environment Files. For more information see: https://github.blog/changelog/2022-10-11-github-actions-deprecating-save-state-and-set-output-commands/
2022-10-26T02:30:13.2214006Z 
2022-10-26T02:30:13.2216660Z ##[warning]The `set-output` command is deprecated and will be disabled soon. Please upgrade to using Environment Files. For more information see: https://github.blog/changelog/2022-10-11-github-actions-deprecating-save-state-and-set-output-commands/
2022-10-26T02:30:13.2218953Z Cache restored from key: Linux-pip-60f2a6c0212a9b74a155cd81b58dd07fd8b180833132566260d95f4de42fe218
2022-10-26T02:30:13.2343812Z ##[group]Run python3 -m pip install --upgrade pip setuptools wheel
2022-10-26T02:30:13.2344288Z [36;1mpython3 -m pip install --upgrade pip setuptools wheel[0m
2022-10-26T02:30:13.2344636Z [36;1mpython3 -m pip install -r requirements.txt[0m
2022-10-26T02:30:13.2398651Z shell: /usr/bin/bash -e {0}
2022-10-26T02:30:13.2398911Z env:
2022-10-26T02:30:13.2399195Z   pythonLocation: /opt/hostedtoolcache/Python/3.8.14/x64
2022-10-26T02:30:13.2399550Z   LD_LIBRARY_PATH: /opt/hostedtoolcache/Python/3.8.14/x64/lib
2022-10-26T02:30:13.2400071Z ##[endgroup]
2022-10-26T02:30:14.1117492Z Requirement already satisfied: pip in /opt/hostedtoolcache/Python/3.8.14/x64/lib/python3.8/site-packages (22.3)
2022-10-26T02:30:14.2337856Z Requirement already satisfied: setuptools in /opt/hostedtoolcache/Python/3.8.14/x64/lib/python3.8/site-packages (56.0.0)
2022-10-26T02:30:14.5033552Z Collecting setuptools
2022-10-26T02:30:14.5257649Z   Downloading setuptools-65.5.0-py3-none-any.whl (1.2 MB)
2022-10-26T02:30:14.5436847Z      â”â”â”â”â”â”â”â”â”â”â”â”â”â”â”â”â”â”â”â”â”â”â”â”â”â”â”â”â”â”â”â”â”â”â”â”â”â”â”â” 1.2/1.2 MB 85.6 MB/s eta 0:00:00
2022-10-26T02:30:14.5905257Z Collecting wheel
2022-10-26T02:30:14.5926449Z   Using cached wheel-0.37.1-py2.py3-none-any.whl (35 kB)
2022-10-26T02:30:14.7107164Z Installing collected packages: wheel, setuptools
2022-10-26T02:30:14.7407141Z   Attempting uninstall: setuptools
2022-10-26T02:30:14.7417719Z     Found existing installation: setuptools 56.0.0
2022-10-26T02:30:14.7962367Z     Uninstalling setuptools-56.0.0:
2022-10-26T02:30:14.8084902Z       Successfully uninstalled setuptools-56.0.0
2022-10-26T02:30:15.3596795Z Successfully installed setuptools-65.5.0 wheel-0.37.1
2022-10-26T02:30:16.1385574Z Collecting requests
2022-10-26T02:30:16.1409998Z   Using cached requests-2.28.1-py3-none-any.whl (62 kB)
2022-10-26T02:30:16.6109692Z Collecting aiohttp
2022-10-26T02:30:16.6353876Z   Downloading aiohttp-3.8.3-cp38-cp38-manylinux_2_17_x86_64.manylinux2014_x86_64.whl (1.0 MB)
2022-10-26T02:30:16.6579907Z      â”â”â”â”â”â”â”â”â”â”â”â”â”â”â”â”â”â”â”â”â”â”â”â”â”â”â”â”â”â”â”â”â”â”â”â”â”â”â”â” 1.0/1.0 MB 53.8 MB/s eta 0:00:00
2022-10-26T02:30:16.7040582Z Collecting certifi>=2017.4.17
2022-10-26T02:30:16.7088081Z   Downloading certifi-2022.9.24-py3-none-any.whl (161 kB)
2022-10-26T02:30:16.7148720Z      â”â”â”â”â”â”â”â”â”â”â”â”â”â”â”â”â”â”â”â”â”â”â”â”â”â”â”â”â”â”â”â”â”â”â”â”â”â” 161.1/161.1 kB 47.1 MB/s eta 0:00:00
2022-10-26T02:30:16.7706316Z Collecting urllib3<1.27,>=1.21.1
2022-10-26T02:30:16.7736613Z   Using cached urllib3-1.26.12-py2.py3-none-any.whl (140 kB)
2022-10-26T02:30:16.8061176Z Collecting idna<4,>=2.5
2022-10-26T02:30:16.8117364Z   Downloading idna-3.4-py3-none-any.whl (61 kB)
2022-10-26T02:30:16.8169820Z      â”â”â”â”â”â”â”â”â”â”â”â”â”â”â”â”â”â”â”â”â”â”â”â”â”â”â”â”â”â”â”â”â”â”â”â”â”â”â”â” 61.5/61.5 kB 21.6 MB/s eta 0:00:00
2022-10-26T02:30:16.9097128Z Collecting charset-normalizer<3,>=2
2022-10-26T02:30:16.9120499Z   Using cached charset_normalizer-2.1.1-py3-none-any.whl (39 kB)
2022-10-26T02:30:17.0080568Z Collecting frozenlist>=1.1.1
2022-10-26T02:30:17.0108034Z   Using cached frozenlist-1.3.1-cp38-cp38-manylinux_2_5_x86_64.manylinux1_x86_64.manylinux_2_17_x86_64.manylinux2014_x86_64.whl (161 kB)
2022-10-26T02:30:17.2186816Z Collecting yarl<2.0,>=1.0
2022-10-26T02:30:17.2215258Z   Using cached yarl-1.8.1-cp38-cp38-manylinux_2_17_x86_64.manylinux2014_x86_64.whl (262 kB)
2022-10-26T02:30:17.2493914Z Collecting async-timeout<5.0,>=4.0.0a3
2022-10-26T02:30:17.2519230Z   Using cached async_timeout-4.0.2-py3-none-any.whl (5.8 kB)
2022-10-26T02:30:17.2812428Z Collecting attrs>=17.3.0
2022-10-26T02:30:17.2837419Z   Using cached attrs-22.1.0-py2.py3-none-any.whl (58 kB)
2022-10-26T02:30:17.3016675Z Collecting aiosignal>=1.1.2
2022-10-26T02:30:17.3041115Z   Using cached aiosignal-1.2.0-py3-none-any.whl (8.2 kB)
2022-10-26T02:30:17.6797343Z Collecting multidict<7.0,>=4.5
2022-10-26T02:30:17.6821844Z   Using cached multidict-6.0.2-cp38-cp38-manylinux_2_17_x86_64.manylinux2014_x86_64.whl (121 kB)
2022-10-26T02:30:17.9062978Z Installing collected packages: urllib3, multidict, idna, frozenlist, charset-normalizer, certifi, attrs, async-timeout, yarl, requests, aiosignal, aiohttp
2022-10-26T02:30:18.4149564Z Successfully installed aiohttp-3.8.3 aiosignal-1.2.0 async-timeout-4.0.2 attrs-22.1.0 certifi-2022.9.24 charset-normalizer-2.1.1 frozenlist-1.3.1 idna-3.4 multidict-6.0.2 requests-2.28.1 urllib3-1.26.12 yarl-1.8.1
2022-10-26T02:30:18.6424515Z ##[group]Run python3 --version
2022-10-26T02:30:18.6424821Z [36;1mpython3 --version[0m
2022-10-26T02:30:18.6425086Z [36;1mpython3 generate_images.py[0m
2022-10-26T02:30:18.6480886Z shell: /usr/bin/bash -e {0}
2022-10-26T02:30:18.6481109Z env:
2022-10-26T02:30:18.6481872Z   pythonLocation: /opt/hostedtoolcache/Python/3.8.14/x64
2022-10-26T02:30:18.6482214Z   LD_LIBRARY_PATH: /opt/hostedtoolcache/Python/3.8.14/x64/lib
2022-10-26T02:30:18.6482902Z   ACCESS_TOKEN: ***
2022-10-26T02:30:18.6483196Z   GITHUB_TOKEN: ***
2022-10-26T02:30:18.6483390Z   EXCLUDED: 
2022-10-26T02:30:18.6483579Z   EXCLUDED_LANGS: 
2022-10-26T02:30:18.6483790Z   EXCLUDE_FORKED_REPOS: true
2022-10-26T02:30:18.6484104Z ##[endgroup]
2022-10-26T02:30:18.6581051Z Python 3.8.14
2022-10-26T02:39:39.7315589Z A path returned 202. Retrying...
2022-10-26T02:39:39.7316156Z A path returned 202. Retrying...
2022-10-26T02:39:39.7316548Z A path returned 202. Retrying...
2022-10-26T02:39:39.7317778Z A path returned 202. Retrying...
2022-10-26T02:39:39.7318237Z A path returned 202. Retrying...
2022-10-26T02:39:39.7318637Z A path returned 202. Retrying...
2022-10-26T02:39:39.7319014Z A path returned 202. Retrying...
2022-10-26T02:39:39.7319471Z A path returned 202. Retrying...
2022-10-26T02:39:39.7319999Z A path returned 202. Retrying...
2022-10-26T02:39:39.7320380Z A path returned 202. Retrying...
2022-10-26T02:39:39.7320765Z A path returned 202. Retrying...
2022-10-26T02:39:39.7321182Z A path returned 202. Retrying...
2022-10-26T02:39:39.7321505Z A path returned 202. Retrying...
2022-10-26T02:39:39.7321880Z A path returned 202. Retrying...
2022-10-26T02:39:39.7322258Z A path returned 202. Retrying...
2022-10-26T02:39:39.7322680Z A path returned 202. Retrying...
2022-10-26T02:39:39.7323057Z A path returned 202. Retrying...
2022-10-26T02:39:39.7323434Z A path returned 202. Retrying...
2022-10-26T02:39:39.7323820Z A path returned 202. Retrying...
2022-10-26T02:39:39.7324139Z A path returned 202. Retrying...
2022-10-26T02:39:39.7324549Z A path returned 202. Retrying...
2022-10-26T02:39:39.7325320Z A path returned 202. Retrying...
2022-10-26T02:39:39.7325711Z A path returned 202. Retrying...
2022-10-26T02:39:39.7326084Z A path returned 202. Retrying...
2022-10-26T02:39:39.7326494Z A path returned 202. Retrying...
2022-10-26T02:39:39.7326865Z A path returned 202. Retrying...
2022-10-26T02:39:39.7327251Z A path returned 202. Retrying...
2022-10-26T02:39:39.7327573Z A path returned 202. Retrying...
2022-10-26T02:39:39.7328006Z A path returned 202. Retrying...
2022-10-26T02:39:39.7328380Z A path returned 202. Retrying...
2022-10-26T02:39:39.7328777Z A path returned 202. Retrying...
2022-10-26T02:39:39.7329149Z A path returned 202. Retrying...
2022-10-26T02:39:39.7329557Z A path returned 202. Retrying...
2022-10-26T02:39:39.7366565Z A path returned 202. Retrying...
2022-10-26T02:39:39.7367037Z A path returned 202. Retrying...
2022-10-26T02:39:39.7367327Z A path returned 202. Retrying...
2022-10-26T02:39:39.7367643Z A path returned 202. Retrying...
2022-10-26T02:39:39.7367935Z A path returned 202. Retrying...
2022-10-26T02:39:39.7368234Z A path returned 202. Retrying...
2022-10-26T02:39:39.7368524Z A path returned 202. Retrying...
2022-10-26T02:39:39.7368814Z A path returned 202. Retrying...
2022-10-26T02:39:39.7369100Z A path returned 202. Retrying...
2022-10-26T02:39:39.7369389Z A path returned 202. Retrying...
2022-10-26T02:39:39.7369662Z A path returned 202. Retrying...
2022-10-26T02:39:39.7369946Z A path returned 202. Retrying...
2022-10-26T02:39:39.7370232Z A path returned 202. Retrying...
2022-10-26T02:39:39.7370518Z A path returned 202. Retrying...
2022-10-26T02:39:39.7370803Z A path returned 202. Retrying...
2022-10-26T02:39:39.7377120Z A path returned 202. Retrying...
2022-10-26T02:39:39.7377411Z A path returned 202. Retrying...
2022-10-26T02:39:39.7377699Z A path returned 202. Retrying...
2022-10-26T02:39:39.7377973Z A path returned 202. Retrying...
2022-10-26T02:39:39.7378257Z A path returned 202. Retrying...
2022-10-26T02:39:39.7378847Z A path returned 202. Retrying...
2022-10-26T02:39:39.7379147Z A path returned 202. Retrying...
2022-10-26T02:39:39.7379438Z A path returned 202. Retrying...
2022-10-26T02:39:39.7379722Z A path returned 202. Retrying...
2022-10-26T02:39:39.7380007Z A path returned 202. Retrying...
2022-10-26T02:39:39.7380280Z A path returned 202. Retrying...
2022-10-26T02:39:39.7380566Z A path returned 202. Retrying...
2022-10-26T02:39:39.7380852Z A path returned 202. Retrying...
2022-10-26T02:39:39.7381136Z A path returned 202. Retrying...
2022-10-26T02:39:39.7381424Z A path returned 202. Retrying...
2022-10-26T02:39:39.7381707Z A path returned 202. Retrying...
2022-10-26T02:39:39.7381993Z A path returned 202. Retrying...
2022-10-26T02:39:39.7382275Z A path returned 202. Retrying...
2022-10-26T02:39:39.7382545Z A path returned 202. Retrying...
2022-10-26T02:39:39.7382831Z A path returned 202. Retrying...
2022-10-26T02:39:39.7383116Z A path returned 202. Retrying...
2022-10-26T02:39:39.7383403Z A path returned 202. Retrying...
2022-10-26T02:39:39.7383686Z A path returned 202. Retrying...
2022-10-26T02:39:39.7383975Z A path returned 202. Retrying...
2022-10-26T02:39:39.7384260Z A path returned 202. Retrying...
2022-10-26T02:39:39.7384541Z A path returned 202. Retrying...
2022-10-26T02:39:39.7384810Z A path returned 202. Retrying...
2022-10-26T02:39:39.7385091Z A path returned 202. Retrying...
2022-10-26T02:39:39.7385375Z A path returned 202. Retrying...
2022-10-26T02:39:39.7385661Z A path returned 202. Retrying...
2022-10-26T02:39:39.7385947Z A path returned 202. Retrying...
2022-10-26T02:39:39.7386231Z A path returned 202. Retrying...
2022-10-26T02:39:39.7386514Z A path returned 202. Retrying...
2022-10-26T02:39:39.7386779Z A path returned 202. Retrying...
2022-10-26T02:39:39.7387063Z A path returned 202. Retrying...
2022-10-26T02:39:39.7387347Z A path returned 202. Retrying...
2022-10-26T02:39:39.7387631Z A path returned 202. Retrying...
2022-10-26T02:39:39.7387918Z A path returned 202. Retrying...
2022-10-26T02:39:39.7388206Z A path returned 202. Retrying...
2022-10-26T02:39:39.7388595Z A path returned 202. Retrying...
2022-10-26T02:39:39.7388879Z A path returned 202. Retrying...
2022-10-26T02:39:39.7389148Z A path returned 202. Retrying...
2022-10-26T02:39:39.7389430Z A path returned 202. Retrying...
2022-10-26T02:39:39.7389716Z A path returned 202. Retrying...
2022-10-26T02:39:39.7390002Z A path returned 202. Retrying...
2022-10-26T02:39:39.7390287Z A path returned 202. Retrying...
2022-10-26T02:39:39.7390573Z A path returned 202. Retrying...
2022-10-26T02:39:39.7390859Z A path returned 202. Retrying...
2022-10-26T02:39:39.7391142Z A path returned 202. Retrying...
2022-10-26T02:39:39.7391411Z A path returned 202. Retrying...
2022-10-26T02:39:39.7391693Z A path returned 202. Retrying...
2022-10-26T02:39:39.7391980Z A path returned 202. Retrying...
2022-10-26T02:39:39.7392265Z A path returned 202. Retrying...
2022-10-26T02:39:39.7392553Z A path returned 202. Retrying...
2022-10-26T02:39:39.7392841Z A path returned 202. Retrying...
2022-10-26T02:39:39.7393124Z A path returned 202. Retrying...
2022-10-26T02:39:39.7393396Z A path returned 202. Retrying...
2022-10-26T02:39:39.7393681Z A path returned 202. Retrying...
2022-10-26T02:39:39.7393966Z A path returned 202. Retrying...
2022-10-26T02:39:39.7394249Z A path returned 202. Retrying...
2022-10-26T02:39:39.7394532Z A path returned 202. Retrying...
2022-10-26T02:39:39.7394849Z A path returned 202. Retrying...
2022-10-26T02:39:39.7395137Z A path returned 202. Retrying...
2022-10-26T02:39:39.7395418Z A path returned 202. Retrying...
2022-10-26T02:39:39.7395688Z A path returned 202. Retrying...
2022-10-26T02:39:39.7395971Z A path returned 202. Retrying...
2022-10-26T02:39:39.7396253Z A path returned 202. Retrying...
2022-10-26T02:39:39.7396536Z A path returned 202. Retrying...
2022-10-26T02:39:39.7396819Z A path returned 202. Retrying...
2022-10-26T02:39:39.7397101Z A path returned 202. Retrying...
2022-10-26T02:39:39.7397385Z A path returned 202. Retrying...
2022-10-26T02:39:39.7397750Z A path returned 202. Retrying...
2022-10-26T02:39:39.7398030Z A path returned 202. Retrying...
2022-10-26T02:39:39.7398313Z A path returned 202. Retrying...
2022-10-26T02:39:39.7398598Z A path returned 202. Retrying...
2022-10-26T02:39:39.7398885Z A path returned 202. Retrying...
2022-10-26T02:39:39.7399241Z A path returned 202. Retrying...
2022-10-26T02:39:39.7399527Z A path returned 202. Retrying...
2022-10-26T02:39:39.7399975Z A path returned 202. Retrying...
2022-10-26T02:39:39.7400261Z A path returned 202. Retrying...
2022-10-26T02:39:39.7400545Z A path returned 202. Retrying...
2022-10-26T02:39:39.7400829Z A path returned 202. Retrying...
2022-10-26T02:39:39.7401106Z A path returned 202. Retrying...
2022-10-26T02:39:39.7401388Z A path returned 202. Retrying...
2022-10-26T02:39:39.7401673Z A path returned 202. Retrying...
2022-10-26T02:39:39.7401957Z A path returned 202. Retrying...
2022-10-26T02:39:39.7402242Z A path returned 202. Retrying...
2022-10-26T02:39:39.7402526Z A path returned 202. Retrying...
2022-10-26T02:39:39.7402814Z A path returned 202. Retrying...
2022-10-26T02:39:39.7403094Z A path returned 202. Retrying...
2022-10-26T02:39:39.7403381Z A path returned 202. Retrying...
2022-10-26T02:39:39.7403662Z A path returned 202. Retrying...
2022-10-26T02:39:39.7403946Z A path returned 202. Retrying...
2022-10-26T02:39:39.7404232Z A path returned 202. Retrying...
2022-10-26T02:39:39.7404516Z A path returned 202. Retrying...
2022-10-26T02:39:39.7404797Z A path returned 202. Retrying...
2022-10-26T02:39:39.7405080Z A path returned 202. Retrying...
2022-10-26T02:39:39.7405350Z A path returned 202. Retrying...
2022-10-26T02:39:39.7405632Z A path returned 202. Retrying...
2022-10-26T02:39:39.7405917Z A path returned 202. Retrying...
2022-10-26T02:39:39.7406200Z A path returned 202. Retrying...
2022-10-26T02:39:39.7406483Z A path returned 202. Retrying...
2022-10-26T02:39:39.7406760Z A path returned 202. Retrying...
2022-10-26T02:39:39.7407044Z A path returned 202. Retrying...
2022-10-26T02:39:39.7407330Z A path returned 202. Retrying...
2022-10-26T02:39:39.7407700Z A path returned 202. Retrying...
2022-10-26T02:39:39.7407983Z A path returned 202. Retrying...
2022-10-26T02:39:39.7408267Z A path returned 202. Retrying...
2022-10-26T02:39:39.7408553Z A path returned 202. Retrying...
2022-10-26T02:39:39.7408837Z A path returned 202. Retrying...
2022-10-26T02:39:39.7409124Z A path returned 202. Retrying...
2022-10-26T02:39:39.7409408Z A path returned 202. Retrying...
2022-10-26T02:39:39.7409679Z A path returned 202. Retrying...
2022-10-26T02:39:39.7409964Z A path returned 202. Retrying...
2022-10-26T02:39:39.7410246Z A path returned 202. Retrying...
2022-10-26T02:39:39.7410532Z A path returned 202. Retrying...
2022-10-26T02:39:39.7410819Z A path returned 202. Retrying...
2022-10-26T02:39:39.7411101Z A path returned 202. Retrying...
2022-10-26T02:39:39.7411387Z A path returned 202. Retrying...
2022-10-26T02:39:39.7411670Z A path returned 202. Retrying...
2022-10-26T02:39:39.7411938Z A path returned 202. Retrying...
2022-10-26T02:39:39.7412221Z A path returned 202. Retrying...
2022-10-26T02:39:39.7412508Z A path returned 202. Retrying...
2022-10-26T02:39:39.7412792Z A path returned 202. Retrying...
2022-10-26T02:39:39.7413075Z A path returned 202. Retrying...
2022-10-26T02:39:39.7414491Z A path returned 202. Retrying...
2022-10-26T02:39:39.7414776Z A path returned 202. Retrying...
2022-10-26T02:39:39.7415061Z A path returned 202. Retrying...
2022-10-26T02:39:39.7415333Z A path returned 202. Retrying...
2022-10-26T02:39:39.7415682Z A path returned 202. Retrying...
2022-10-26T02:39:39.7415934Z A path returned 202. Retrying...
2022-10-26T02:39:39.7416186Z A path returned 202. Retrying...
2022-10-26T02:39:39.7416437Z A path returned 202. Retrying...
2022-10-26T02:39:39.7416685Z A path returned 202. Retrying...
2022-10-26T02:39:39.7416935Z A path returned 202. Retrying...
2022-10-26T02:39:39.7417170Z A path returned 202. Retrying...
2022-10-26T02:39:39.7417419Z A path returned 202. Retrying...
2022-10-26T02:39:39.7417758Z A path returned 202. Retrying...
2022-10-26T02:39:39.7418014Z A path returned 202. Retrying...
2022-10-26T02:39:39.7418265Z A path returned 202. Retrying...
2022-10-26T02:39:39.7418517Z A path returned 202. Retrying...
2022-10-26T02:39:39.7418766Z A path returned 202. Retrying...
2022-10-26T02:39:39.7419014Z A path returned 202. Retrying...
2022-10-26T02:39:39.7419248Z A path returned 202. Retrying...
2022-10-26T02:39:39.7419499Z A path returned 202. Retrying...
2022-10-26T02:39:39.7419751Z A path returned 202. Retrying...
2022-10-26T02:39:39.7419999Z A path returned 202. Retrying...
2022-10-26T02:39:39.7420249Z A path returned 202. Retrying...
2022-10-26T02:39:39.7420502Z A path returned 202. Retrying...
2022-10-26T02:39:39.7420749Z A path returned 202. Retrying...
2022-10-26T02:39:39.7421029Z A path returned 202. Retrying...
2022-10-26T02:39:39.7421264Z A path returned 202. Retrying...
2022-10-26T02:39:39.7421511Z A path returned 202. Retrying...
2022-10-26T02:39:39.7421759Z A path returned 202. Retrying...
2022-10-26T02:39:39.7422009Z A path returned 202. Retrying...
2022-10-26T02:39:39.7422261Z A path returned 202. Retrying...
2022-10-26T02:39:39.7422510Z A path returned 202. Retrying...
2022-10-26T02:39:39.7422757Z A path returned 202. Retrying...
2022-10-26T02:39:39.7423006Z A path returned 202. Retrying...
2022-10-26T02:39:39.7423240Z A path returned 202. Retrying...
2022-10-26T02:39:39.7423485Z A path returned 202. Retrying...
2022-10-26T02:39:39.7423734Z A path returned 202. Retrying...
2022-10-26T02:39:39.7423982Z A path returned 202. Retrying...
2022-10-26T02:39:39.7424232Z A path returned 202. Retrying...
2022-10-26T02:39:39.7424480Z A path returned 202. Retrying...
2022-10-26T02:39:39.7424728Z A path returned 202. Retrying...
2022-10-26T02:39:39.7424964Z A path returned 202. Retrying...
2022-10-26T02:39:39.7425213Z A path returned 202. Retrying...
2022-10-26T02:39:39.7425463Z A path returned 202. Retrying...
2022-10-26T02:39:39.7425712Z A path returned 202. Retrying...
2022-10-26T02:39:39.7425964Z A path returned 202. Retrying...
2022-10-26T02:39:39.7426281Z A path returned 202. Retrying...
2022-10-26T02:39:39.7426533Z A path returned 202. Retrying...
2022-10-26T02:39:39.7426789Z A path returned 202. Retrying...
2022-10-26T02:39:39.7427022Z A path returned 202. Retrying...
2022-10-26T02:39:39.7427270Z A path returned 202. Retrying...
2022-10-26T02:39:39.7427523Z A path returned 202. Retrying...
2022-10-26T02:39:39.7427772Z A path returned 202. Retrying...
2022-10-26T02:39:39.7428022Z A path returned 202. Retrying...
2022-10-26T02:39:39.7428271Z A path returned 202. Retrying...
2022-10-26T02:39:39.7428518Z A path returned 202. Retrying...
2022-10-26T02:39:39.7428765Z A path returned 202. Retrying...
2022-10-26T02:39:39.7429000Z A path returned 202. Retrying...
2022-10-26T02:39:39.7429246Z A path returned 202. Retrying...
2022-10-26T02:39:39.7429495Z A path returned 202. Retrying...
2022-10-26T02:39:39.7429745Z A path returned 202. Retrying...
2022-10-26T02:39:39.7429993Z A path returned 202. Retrying...
2022-10-26T02:39:39.7430244Z A path returned 202. Retrying...
2022-10-26T02:39:39.7430488Z A path returned 202. Retrying...
2022-10-26T02:39:39.7430723Z A path returned 202. Retrying...
2022-10-26T02:39:39.7430972Z A path returned 202. Retrying...
2022-10-26T02:39:39.7431218Z A path returned 202. Retrying...
2022-10-26T02:39:39.7431468Z A path returned 202. Retrying...
2022-10-26T02:39:39.7431714Z A path returned 202. Retrying...
2022-10-26T02:39:39.7431961Z A path returned 202. Retrying...
2022-10-26T02:39:39.7432209Z A path returned 202. Retrying...
2022-10-26T02:39:39.7432456Z A path returned 202. Retrying...
2022-10-26T02:39:39.7432692Z A path returned 202. Retrying...
2022-10-26T02:39:39.7432939Z A path returned 202. Retrying...
2022-10-26T02:39:39.7433186Z A path returned 202. Retrying...
2022-10-26T02:48:29.2394955Z A path returned 202. Retrying...
2022-10-26T02:48:29.2395461Z A path returned 202. Retrying...
2022-10-26T02:48:29.2395761Z A path returned 202. Retrying...
2022-10-26T02:48:29.2396436Z A path returned 202. Retrying...
2022-10-26T02:48:29.2396742Z A path returned 202. Retrying...
2022-10-26T02:48:29.2397062Z A path returned 202. Retrying...
2022-10-26T02:48:29.2397353Z A path returned 202. Retrying...
2022-10-26T02:48:29.2397639Z A path returned 202. Retrying...
2022-10-26T02:48:29.2397922Z A path returned 202. Retrying...
2022-10-26T02:48:29.2398204Z A path returned 202. Retrying...
2022-10-26T02:48:29.2398487Z A path returned 202. Retrying...
2022-10-26T02:48:29.2398756Z A path returned 202. Retrying...
2022-10-26T02:48:29.2399034Z A path returned 202. Retrying...
2022-10-26T02:48:29.2399316Z A path returned 202. Retrying...
2022-10-26T02:48:29.2399602Z A path returned 202. Retrying...
2022-10-26T02:48:29.2400060Z A path returned 202. Retrying...
2022-10-26T02:48:29.2400346Z A path returned 202. Retrying...
2022-10-26T02:48:29.2400629Z A path returned 202. Retrying...
2022-10-26T02:48:29.2400899Z A path returned 202. Retrying...
2022-10-26T02:48:29.2401185Z A path returned 202. Retrying...
2022-10-26T02:48:29.2401470Z A path returned 202. Retrying...
2022-10-26T02:48:29.2401758Z A path returned 202. Retrying...
2022-10-26T02:48:29.2402043Z A path returned 202. Retrying...
2022-10-26T02:48:29.2402324Z A path returned 202. Retrying...
2022-10-26T02:48:29.2402601Z A path returned 202. Retrying...
2022-10-26T02:48:29.2402883Z A path returned 202. Retrying...
2022-10-26T02:48:29.2403149Z A path returned 202. Retrying...
2022-10-26T02:48:29.2403426Z A path returned 202. Retrying...
2022-10-26T02:48:29.2403707Z A path returned 202. Retrying...
2022-10-26T02:48:29.2403987Z A path returned 202. Retrying...
2022-10-26T02:48:29.2404268Z A path returned 202. Retrying...
2022-10-26T02:48:29.2404554Z A path returned 202. Retrying...
2022-10-26T02:48:29.2404834Z A path returned 202. Retrying...
2022-10-26T02:48:29.2405113Z A path returned 202. Retrying...
2022-10-26T02:48:29.2405382Z A path returned 202. Retrying...
2022-10-26T02:48:29.2405664Z A path returned 202. Retrying...
2022-10-26T02:48:29.2405958Z A path returned 202. Retrying...
2022-10-26T02:48:29.2406379Z A path returned 202. Retrying...
2022-10-26T02:48:29.2406660Z A path returned 202. Retrying...
2022-10-26T02:48:29.2406946Z A path returned 202. Retrying...
2022-10-26T02:48:29.2407224Z A path returned 202. Retrying...
2022-10-26T02:48:29.2407491Z A path returned 202. Retrying...
2022-10-26T02:48:29.2407773Z A path returned 202. Retrying...
2022-10-26T02:48:29.2408051Z A path returned 202. Retrying...
2022-10-26T02:48:29.2408334Z A path returned 202. Retrying...
2022-10-26T02:48:29.2408620Z A path returned 202. Retrying...
2022-10-26T02:48:29.2408903Z A path returned 202. Retrying...
2022-10-26T02:48:29.2409181Z A path returned 202. Retrying...
2022-10-26T02:48:29.2409498Z A path returned 202. Retrying...
2022-10-26T02:48:29.2409768Z A path returned 202. Retrying...
2022-10-26T02:48:29.2410045Z A path returned 202. Retrying...
2022-10-26T02:48:29.2410327Z A path returned 202. Retrying...
2022-10-26T02:48:29.2410608Z A path returned 202. Retrying...
2022-10-26T02:48:29.2410899Z A path returned 202. Retrying...
2022-10-26T02:48:29.2411185Z A path returned 202. Retrying...
2022-10-26T02:48:29.2411467Z A path returned 202. Retrying...
2022-10-26T02:48:29.2411748Z A path returned 202. Retrying...
2022-10-26T02:48:29.2412022Z A path returned 202. Retrying...
2022-10-26T02:48:29.2412299Z A path returned 202. Retrying...
2022-10-26T02:48:29.2412577Z A path returned 202. Retrying...
2022-10-26T02:48:29.2412856Z A path returned 202. Retrying...
2022-10-26T02:48:29.2413134Z A path returned 202. Retrying...
2022-10-26T02:48:29.2413413Z A path returned 202. Retrying...
2022-10-26T02:48:29.2413694Z A path returned 202. Retrying...
2022-10-26T02:48:29.2413960Z A path returned 202. Retrying...
2022-10-26T02:48:29.2414310Z A path returned 202. Retrying...
2022-10-26T02:48:29.2414589Z A path returned 202. Retrying...
2022-10-26T02:48:29.2414888Z A path returned 202. Retrying...
2022-10-26T02:48:29.2415190Z A path returned 202. Retrying...
2022-10-26T02:48:29.2415544Z A path returned 202. Retrying...
2022-10-26T02:48:29.2415833Z A path returned 202. Retrying...
2022-10-26T02:48:29.2416112Z A path returned 202. Retrying...
2022-10-26T02:48:29.2416377Z A path returned 202. Retrying...
2022-10-26T02:48:29.2416653Z A path returned 202. Retrying...
2022-10-26T02:48:29.2416935Z A path returned 202. Retrying...
2022-10-26T02:48:29.2417215Z A path returned 202. Retrying...
2022-10-26T02:48:29.2417496Z A path returned 202. Retrying...
2022-10-26T02:48:29.2417778Z A path returned 202. Retrying...
2022-10-26T02:48:29.2418059Z A path returned 202. Retrying...
2022-10-26T02:48:29.2418338Z A path returned 202. Retrying...
2022-10-26T02:48:29.2418605Z A path returned 202. Retrying...
2022-10-26T02:48:29.2418885Z A path returned 202. Retrying...
2022-10-26T02:48:29.2419164Z A path returned 202. Retrying...
2022-10-26T02:48:29.2419443Z A path returned 202. Retrying...
2022-10-26T02:48:29.2419723Z A path returned 202. Retrying...
2022-10-26T02:48:29.2420001Z A path returned 202. Retrying...
2022-10-26T02:48:29.2420281Z A path returned 202. Retrying...
2022-10-26T02:48:29.2420549Z A path returned 202. Retrying...
2022-10-26T02:48:29.2420829Z A path returned 202. Retrying...
2022-10-26T02:48:29.2421106Z A path returned 202. Retrying...
2022-10-26T02:48:29.2421385Z A path returned 202. Retrying...
2022-10-26T02:48:29.2421666Z A path returned 202. Retrying...
2022-10-26T02:48:29.2421946Z A path returned 202. Retrying...
2022-10-26T02:48:29.2422224Z A path returned 202. Retrying...
2022-10-26T02:48:29.2422505Z A path returned 202. Retrying...
2022-10-26T02:48:29.2422772Z A path returned 202. Retrying...
2022-10-26T02:48:29.2423048Z A path returned 202. Retrying...
2022-10-26T02:48:29.2423327Z A path returned 202. Retrying...
2022-10-26T02:48:29.2423605Z A path returned 202. Retrying...
2022-10-26T02:48:29.2423886Z A path returned 202. Retrying...
2022-10-26T02:48:29.2424164Z A path returned 202. Retrying...
2022-10-26T02:48:29.2424444Z A path returned 202. Retrying...
2022-10-26T02:48:29.2424731Z A path returned 202. Retrying...
2022-10-26T02:48:29.2425082Z A path returned 202. Retrying...
2022-10-26T02:48:29.2425357Z A path returned 202. Retrying...
2022-10-26T02:48:29.2425639Z A path returned 202. Retrying...
2022-10-26T02:48:29.2425921Z A path returned 202. Retrying...
2022-10-26T02:48:29.2426205Z A path returned 202. Retrying...
2022-10-26T02:48:29.2426486Z A path returned 202. Retrying...
2022-10-26T02:48:29.2426768Z A path returned 202. Retrying...
2022-10-26T02:48:29.2427035Z A path returned 202. Retrying...
2022-10-26T02:48:29.2427318Z A path returned 202. Retrying...
2022-10-26T02:48:29.2427598Z A path returned 202. Retrying...
2022-10-26T02:48:29.2427877Z A path returned 202. Retrying...
2022-10-26T02:48:29.2428159Z A path returned 202. Retrying...
2022-10-26T02:48:29.2428440Z A path returned 202. Retrying...
2022-10-26T02:48:29.2428718Z A path returned 202. Retrying...
2022-10-26T02:48:29.2428996Z A path returned 202. Retrying...
2022-10-26T02:48:29.2429261Z A path returned 202. Retrying...
2022-10-26T02:48:29.2429542Z A path returned 202. Retrying...
2022-10-26T02:48:29.2429825Z A path returned 202. Retrying...
2022-10-26T02:48:29.2430104Z A path returned 202. Retrying...
2022-10-26T02:48:29.2430383Z A path returned 202. Retrying...
2022-10-26T02:48:29.2430663Z A path returned 202. Retrying...
2022-10-26T02:48:29.2430942Z A path returned 202. Retrying...
2022-10-26T02:48:29.2431221Z A path returned 202. Retrying...
2022-10-26T02:48:29.2431487Z A path returned 202. Retrying...
2022-10-26T02:48:29.2431766Z A path returned 202. Retrying...
2022-10-26T02:48:29.2432047Z A path returned 202. Retrying...
2022-10-26T02:48:29.2432331Z A path returned 202. Retrying...
2022-10-26T02:48:29.2432648Z A path returned 202. Retrying...
2022-10-26T02:48:29.2432926Z A path returned 202. Retrying...
2022-10-26T02:48:29.2433205Z A path returned 202. Retrying...
2022-10-26T02:48:29.2433471Z A path returned 202. Retrying...
2022-10-26T02:48:29.2433755Z A path returned 202. Retrying...
2022-10-26T02:48:29.2434094Z A path returned 202. Retrying...
2022-10-26T02:48:29.2434506Z A path returned 202. Retrying...
2022-10-26T02:48:29.2434751Z A path returned 202. Retrying...
2022-10-26T02:48:29.2435003Z A path returned 202. Retrying...
2022-10-26T02:48:29.2435249Z A path returned 202. Retrying...
2022-10-26T02:48:29.2435495Z A path returned 202. Retrying...
2022-10-26T02:48:29.2435728Z A path returned 202. Retrying...
2022-10-26T02:48:29.2435973Z A path returned 202. Retrying...
2022-10-26T02:48:29.2436218Z A path returned 202. Retrying...
2022-10-26T02:48:29.2436463Z A path returned 202. Retrying...
2022-10-26T02:48:29.2436709Z A path returned 202. Retrying...
2022-10-26T02:48:29.2436954Z A path returned 202. Retrying...
2022-10-26T02:48:29.2437198Z A path returned 202. Retrying...
2022-10-26T02:48:29.2437442Z A path returned 202. Retrying...
2022-10-26T02:48:29.2437674Z A path returned 202. Retrying...
2022-10-26T02:48:29.2437918Z A path returned 202. Retrying...
2022-10-26T02:48:29.2438165Z A path returned 202. Retrying...
2022-10-26T02:48:29.2438412Z A path returned 202. Retrying...
2022-10-26T02:48:29.2438660Z A path returned 202. Retrying...
2022-10-26T02:48:29.2438904Z A path returned 202. Retrying...
2022-10-26T02:48:29.2439149Z A path returned 202. Retrying...
2022-10-26T02:48:29.2439381Z A path returned 202. Retrying...
2022-10-26T02:48:29.2439626Z A path returned 202. Retrying...
2022-10-26T02:48:29.2440000Z A path returned 202. Retrying...
2022-10-26T02:48:29.2440250Z A path returned 202. Retrying...
2022-10-26T02:48:29.2440499Z A path returned 202. Retrying...
2022-10-26T02:48:29.2440747Z A path returned 202. Retrying...
2022-10-26T02:48:29.2440993Z A path returned 202. Retrying...
2022-10-26T02:48:29.2441243Z A path returned 202. Retrying...
2022-10-26T02:48:29.2441477Z A path returned 202. Retrying...
2022-10-26T02:48:29.2441722Z A path returned 202. Retrying...
2022-10-26T02:48:29.2441968Z A path returned 202. Retrying...
2022-10-26T02:48:29.2442215Z A path returned 202. Retrying...
2022-10-26T02:48:29.2442480Z A path returned 202. Retrying...
2022-10-26T02:48:29.2442792Z A path returned 202. Retrying...
2022-10-26T02:48:29.2443035Z A path returned 202. Retrying...
2022-10-26T02:48:29.2443277Z A path returned 202. Retrying...
2022-10-26T02:48:29.2443524Z A path returned 202. Retrying...
2022-10-26T02:48:29.2443770Z A path returned 202. Retrying...
2022-10-26T02:48:29.2444016Z A path returned 202. Retrying...
2022-10-26T02:48:29.2444260Z A path returned 202. Retrying...
2022-10-26T02:48:29.2444505Z A path returned 202. Retrying...
2022-10-26T02:48:29.2444743Z A path returned 202. Retrying...
2022-10-26T02:48:29.2444994Z A path returned 202. Retrying...
2022-10-26T02:48:29.2445242Z A path returned 202. Retrying...
2022-10-26T02:48:29.2445487Z A path returned 202. Retrying...
2022-10-26T02:48:29.2445733Z A path returned 202. Retrying...
2022-10-26T02:48:29.2445978Z A path returned 202. Retrying...
2022-10-26T02:48:29.2446221Z A path returned 202. Retrying...
2022-10-26T02:48:29.2446468Z A path returned 202. Retrying...
2022-10-26T02:48:29.2446707Z A path returned 202. Retrying...
2022-10-26T02:48:29.2446955Z A path returned 202. Retrying...
2022-10-26T02:48:29.2447203Z A path returned 202. Retrying...
2022-10-26T02:48:29.2447451Z A path returned 202. Retrying...
2022-10-26T02:48:29.2447697Z A path returned 202. Retrying...
2022-10-26T02:48:29.2447942Z A path returned 202. Retrying...
2022-10-26T02:48:29.2448191Z A path returned 202. Retrying...
2022-10-26T02:48:29.2448435Z A path returned 202. Retrying...
2022-10-26T02:48:29.2448666Z A path returned 202. Retrying...
2022-10-26T02:48:29.2448911Z A path returned 202. Retrying...
2022-10-26T02:48:29.2449157Z A path returned 202. Retrying...
2022-10-26T02:48:29.2449402Z A path returned 202. Retrying...
2022-10-26T02:48:29.2449644Z A path returned 202. Retrying...
2022-10-26T02:48:29.2449886Z A path returned 202. Retrying...
2022-10-26T02:48:29.2450132Z A path returned 202. Retrying...
2022-10-26T02:48:29.2450363Z A path returned 202. Retrying...
2022-10-26T02:48:29.2450676Z A path returned 202. Retrying...
2022-10-26T02:48:29.2450932Z A path returned 202. Retrying...
2022-10-26T02:48:29.2451177Z A path returned 202. Retrying...
2022-10-26T02:48:29.2451425Z A path returned 202. Retrying...
2022-10-26T02:48:29.2451673Z A path returned 202. Retrying...
2022-10-26T02:48:29.2451919Z A path returned 202. Retrying...
2022-10-26T02:48:29.2452164Z A path returned 202. Retrying...
2022-10-26T02:48:29.2452396Z A path returned 202. Retrying...
2022-10-26T02:48:29.2452641Z A path returned 202. Retrying...
2022-10-26T02:48:29.2452889Z A path returned 202. Retrying...
2022-10-26T02:48:29.2453132Z A path returned 202. Retrying...
2022-10-26T02:48:29.2453376Z A path returned 202. Retrying...
2022-10-26T02:48:29.2453619Z A path returned 202. Retrying...
2022-10-26T02:48:29.2453861Z A path returned 202. Retrying...
2022-10-26T02:48:29.2454104Z A path returned 202. Retrying...
2022-10-26T02:48:29.2454337Z A path returned 202. Retrying...
2022-10-26T02:48:29.2454581Z A path returned 202. Retrying...
2022-10-26T02:48:29.2454829Z A path returned 202. Retrying...
2022-10-26T02:48:29.2455077Z A path returned 202. Retrying...
2022-10-26T02:48:29.2455321Z A path returned 202. Retrying...
2022-10-26T02:48:29.2455564Z A path returned 202. Retrying...
2022-10-26T02:48:29.2455811Z A path returned 202. Retrying...
2022-10-26T02:48:29.2456041Z A path returned 202. Retrying...
2022-10-26T02:48:29.2456286Z A path returned 202. Retrying...
2022-10-26T02:48:29.2456530Z A path returned 202. Retrying...
2022-10-26T02:48:29.2456776Z A path returned 202. Retrying...
2022-10-26T02:48:29.2457023Z A path returned 202. Retrying...
2022-10-26T02:48:29.2457267Z A path returned 202. Retrying...
2022-10-26T02:48:29.2457513Z A path returned 202. Retrying...
2022-10-26T02:48:29.2457756Z A path returned 202. Retrying...
2022-10-26T02:48:29.2457987Z A path returned 202. Retrying...
2022-10-26T02:48:29.2458232Z A path returned 202. Retrying...
2022-10-26T02:48:29.2458476Z A path returned 202. Retrying...
2022-10-26T02:48:29.2458723Z A path returned 202. Retrying...
2022-10-26T02:48:29.2459033Z A path returned 202. Retrying...
2022-10-26T02:48:29.2459278Z A path returned 202. Retrying...
2022-10-26T02:48:29.2459522Z A path returned 202. Retrying...
2022-10-26T02:48:29.2459768Z A path returned 202. Retrying...
2022-10-26T02:48:29.2460001Z A path returned 202. Retrying...
2022-10-26T02:48:29.2460245Z A path returned 202. Retrying...
2022-10-26T02:48:29.2460489Z A path returned 202. Retrying...
2022-10-26T02:48:29.2460735Z A path returned 202. Retrying...
2022-10-26T02:48:29.2460979Z A path returned 202. Retrying...
2022-10-26T02:48:29.2461223Z A path returned 202. Retrying...
2022-10-26T02:48:29.2461472Z A path returned 202. Retrying...
2022-10-26T02:48:29.2461702Z A path returned 202. Retrying...
2022-10-26T02:48:29.2461947Z A path returned 202. Retrying...
2022-10-26T02:57:19.3161599Z A path returned 202. Retrying...
2022-10-26T02:57:19.3161970Z A path returned 202. Retrying...
2022-10-26T02:57:19.3162271Z A path returned 202. Retrying...
2022-10-26T02:57:19.3162568Z A path returned 202. Retrying...
2022-10-26T02:57:19.3162860Z A path returned 202. Retrying...
2022-10-26T02:57:19.3163149Z A path returned 202. Retrying...
2022-10-26T02:57:19.3163436Z A path returned 202. Retrying...
2022-10-26T02:57:19.3163722Z A path returned 202. Retrying...
2022-10-26T02:57:19.3164004Z A path returned 202. Retrying...
2022-10-26T02:57:19.3164289Z A path returned 202. Retrying...
2022-10-26T02:57:19.3164560Z A path returned 202. Retrying...
2022-10-26T02:57:19.3164844Z A path returned 202. Retrying...
2022-10-26T02:57:19.3165124Z A path returned 202. Retrying...
2022-10-26T02:57:19.3165407Z A path returned 202. Retrying...
2022-10-26T02:57:19.3165690Z A path returned 202. Retrying...
2022-10-26T02:57:19.3165974Z A path returned 202. Retrying...
2022-10-26T02:57:19.3166255Z A path returned 202. Retrying...
2022-10-26T02:57:19.3166538Z A path returned 202. Retrying...
2022-10-26T02:57:19.3166804Z A path returned 202. Retrying...
2022-10-26T02:57:19.3167477Z A path returned 202. Retrying...
2022-10-26T02:57:19.3167772Z A path returned 202. Retrying...
2022-10-26T02:57:19.3168063Z A path returned 202. Retrying...
2022-10-26T02:57:19.3168350Z A path returned 202. Retrying...
2022-10-26T02:57:19.3168635Z A path returned 202. Retrying...
2022-10-26T02:57:19.3168922Z A path returned 202. Retrying...
2022-10-26T02:57:19.3169211Z A path returned 202. Retrying...
2022-10-26T02:57:19.3169484Z A path returned 202. Retrying...
2022-10-26T02:57:19.3169766Z A path returned 202. Retrying...
2022-10-26T02:57:19.3170052Z A path returned 202. Retrying...
2022-10-26T02:57:19.3170335Z A path returned 202. Retrying...
2022-10-26T02:57:19.3170619Z A path returned 202. Retrying...
2022-10-26T02:57:19.3170900Z A path returned 202. Retrying...
2022-10-26T02:57:19.3171465Z A path returned 202. Retrying...
2022-10-26T02:57:19.3171751Z A path returned 202. Retrying...
2022-10-26T02:57:19.3172124Z A path returned 202. Retrying...
2022-10-26T02:57:19.3172500Z A path returned 202. Retrying...
2022-10-26T02:57:19.3172872Z A path returned 202. Retrying...
2022-10-26T02:57:19.3173243Z A path returned 202. Retrying...
2022-10-26T02:57:19.3173612Z A path returned 202. Retrying...
2022-10-26T02:57:19.3173978Z A path returned 202. Retrying...
2022-10-26T02:57:19.3174343Z A path returned 202. Retrying...
2022-10-26T02:57:19.3174709Z A path returned 202. Retrying...
2022-10-26T02:57:19.3175077Z A path returned 202. Retrying...
2022-10-26T02:57:19.3175442Z A path returned 202. Retrying...
2022-10-26T02:57:19.3175811Z A path returned 202. Retrying...
2022-10-26T02:57:19.3176181Z A path returned 202. Retrying...
2022-10-26T02:57:19.3176535Z A path returned 202. Retrying...
2022-10-26T02:57:19.3176902Z A path returned 202. Retrying...
2022-10-26T02:57:19.3177269Z A path returned 202. Retrying...
2022-10-26T02:57:19.3177634Z A path returned 202. Retrying...
2022-10-26T02:57:19.3177995Z A path returned 202. Retrying...
2022-10-26T02:57:19.3178366Z A path returned 202. Retrying...
2022-10-26T02:57:19.3178656Z A path returned 202. Retrying...
2022-10-26T02:57:19.3178959Z A path returned 202. Retrying...
2022-10-26T02:57:19.3179387Z A path returned 202. Retrying...
2022-10-26T02:57:19.3179671Z A path returned 202. Retrying...
2022-10-26T02:57:19.3179938Z A path returned 202. Retrying...
2022-10-26T02:57:19.3180223Z A path returned 202. Retrying...
2022-10-26T02:57:19.3180508Z A path returned 202. Retrying...
2022-10-26T02:57:19.3180794Z A path returned 202. Retrying...
2022-10-26T02:57:19.3181079Z A path returned 202. Retrying...
2022-10-26T02:57:19.3181363Z A path returned 202. Retrying...
2022-10-26T02:57:19.3181758Z A path returned 202. Retrying...
2022-10-26T02:57:19.3182128Z A path returned 202. Retrying...
2022-10-26T02:57:19.3182495Z A path returned 202. Retrying...
2022-10-26T02:57:19.3182848Z A path returned 202. Retrying...
2022-10-26T02:57:19.3183282Z A path returned 202. Retrying...
2022-10-26T02:57:19.3183646Z A path returned 202. Retrying...
2022-10-26T02:57:19.3184010Z A path returned 202. Retrying...
2022-10-26T02:57:19.3184388Z A path returned 202. Retrying...
2022-10-26T02:57:19.3184760Z A path returned 202. Retrying...
2022-10-26T02:57:19.3185124Z A path returned 202. Retrying...
2022-10-26T02:57:19.3185493Z A path returned 202. Retrying...
2022-10-26T02:57:19.3186004Z A path returned 202. Retrying...
2022-10-26T02:57:19.3186370Z A path returned 202. Retrying...
2022-10-26T02:57:19.3186733Z A path returned 202. Retrying...
2022-10-26T02:57:19.3187098Z A path returned 202. Retrying...
2022-10-26T02:57:19.3187449Z A path returned 202. Retrying...
2022-10-26T02:57:19.3187817Z A path returned 202. Retrying...
2022-10-26T02:57:19.3188183Z A path returned 202. Retrying...
2022-10-26T02:57:19.3188556Z A path returned 202. Retrying...
2022-10-26T02:57:19.3188923Z A path returned 202. Retrying...
2022-10-26T02:57:19.3189294Z A path returned 202. Retrying...
2022-10-26T02:57:19.3189660Z A path returned 202. Retrying...
2022-10-26T02:57:19.3190026Z A path returned 202. Retrying...
2022-10-26T02:57:19.3190496Z A path returned 202. Retrying...
2022-10-26T02:57:19.3190880Z A path returned 202. Retrying...
2022-10-26T02:57:19.3191249Z A path returned 202. Retrying...
2022-10-26T02:57:19.3191616Z A path returned 202. Retrying...
2022-10-26T02:57:19.3191965Z A path returned 202. Retrying...
2022-10-26T02:57:19.3192329Z A path returned 202. Retrying...
2022-10-26T02:57:19.3192695Z A path returned 202. Retrying...
2022-10-26T02:57:19.3193065Z A path returned 202. Retrying...
2022-10-26T02:57:19.3193431Z A path returned 202. Retrying...
2022-10-26T02:57:19.3193797Z A path returned 202. Retrying...
2022-10-26T02:57:19.3194162Z A path returned 202. Retrying...
2022-10-26T02:57:19.3194528Z A path returned 202. Retrying...
2022-10-26T02:57:19.3194894Z A path returned 202. Retrying...
2022-10-26T02:57:19.3195256Z A path returned 202. Retrying...
2022-10-26T02:57:19.3195621Z A path returned 202. Retrying...
2022-10-26T02:57:19.3195982Z A path returned 202. Retrying...
2022-10-26T02:57:19.3196329Z A path returned 202. Retrying...
2022-10-26T02:57:19.3196695Z A path returned 202. Retrying...
2022-10-26T02:57:19.3197062Z A path returned 202. Retrying...
2022-10-26T02:57:19.3197427Z A path returned 202. Retrying...
2022-10-26T02:57:19.3197795Z A path returned 202. Retrying...
2022-10-26T02:57:19.3198162Z A path returned 202. Retrying...
2022-10-26T02:57:19.3198527Z A path returned 202. Retrying...
2022-10-26T02:57:19.3198892Z A path returned 202. Retrying...
2022-10-26T02:57:19.3199253Z A path returned 202. Retrying...
2022-10-26T02:57:19.3199619Z A path returned 202. Retrying...
2022-10-26T02:57:19.3200146Z A path returned 202. Retrying...
2022-10-26T02:57:19.3200514Z A path returned 202. Retrying...
2022-10-26T02:57:19.3200863Z A path returned 202. Retrying...
2022-10-26T02:57:19.3201228Z A path returned 202. Retrying...
2022-10-26T02:57:19.3201597Z A path returned 202. Retrying...
2022-10-26T02:57:19.3201964Z A path returned 202. Retrying...
2022-10-26T02:57:19.3202332Z A path returned 202. Retrying...
2022-10-26T02:57:19.3202700Z A path returned 202. Retrying...
2022-10-26T02:57:19.3203188Z A path returned 202. Retrying...
2022-10-26T02:57:19.3203682Z A path returned 202. Retrying...
2022-10-26T02:57:19.3204059Z A path returned 202. Retrying...
2022-10-26T02:57:19.3204443Z A path returned 202. Retrying...
2022-10-26T02:57:19.3204808Z A path returned 202. Retrying...
2022-10-26T02:57:19.3205110Z A path returned 202. Retrying...
2022-10-26T02:57:19.3205383Z A path returned 202. Retrying...
2022-10-26T02:57:19.3205753Z A path returned 202. Retrying...
2022-10-26T02:57:19.3206118Z A path returned 202. Retrying...
2022-10-26T02:57:19.3206485Z A path returned 202. Retrying...
2022-10-26T02:57:19.3206852Z A path returned 202. Retrying...
2022-10-26T02:57:19.3207217Z A path returned 202. Retrying...
2022-10-26T02:57:19.3207581Z A path returned 202. Retrying...
2022-10-26T02:57:19.3207946Z A path returned 202. Retrying...
2022-10-26T02:57:19.3208314Z A path returned 202. Retrying...
2022-10-26T02:57:19.3208680Z A path returned 202. Retrying...
2022-10-26T02:57:19.3209051Z A path returned 202. Retrying...
2022-10-26T02:57:19.3209419Z A path returned 202. Retrying...
2022-10-26T02:57:19.3209764Z A path returned 202. Retrying...
2022-10-26T02:57:19.3210130Z A path returned 202. Retrying...
2022-10-26T02:57:19.3210503Z A path returned 202. Retrying...
2022-10-26T02:57:19.3210870Z A path returned 202. Retrying...
2022-10-26T02:57:19.3211240Z A path returned 202. Retrying...
2022-10-26T02:57:19.3211606Z A path returned 202. Retrying...
2022-10-26T02:57:19.3211971Z A path returned 202. Retrying...
2022-10-26T02:57:19.3212335Z A path returned 202. Retrying...
2022-10-26T02:57:19.3212703Z A path returned 202. Retrying...
2022-10-26T02:57:19.3213069Z A path returned 202. Retrying...
2022-10-26T02:57:19.3213434Z A path returned 202. Retrying...
2022-10-26T02:57:19.3213838Z A path returned 202. Retrying...
2022-10-26T02:57:19.3214197Z A path returned 202. Retrying...
2022-10-26T02:57:19.3214565Z A path returned 202. Retrying...
2022-10-26T02:57:19.3214934Z A path returned 202. Retrying...
2022-10-26T02:57:19.3215391Z A path returned 202. Retrying...
2022-10-26T02:57:19.3215775Z A path returned 202. Retrying...
2022-10-26T02:57:19.3216143Z A path returned 202. Retrying...
2022-10-26T02:57:19.3216521Z A path returned 202. Retrying...
2022-10-26T02:57:19.3216891Z A path returned 202. Retrying...
2022-10-26T02:57:19.3217257Z A path returned 202. Retrying...
2022-10-26T02:57:19.3217624Z A path returned 202. Retrying...
2022-10-26T02:57:19.3217988Z A path returned 202. Retrying...
2022-10-26T02:57:19.3218356Z A path returned 202. Retrying...
2022-10-26T02:57:19.3218703Z A path returned 202. Retrying...
2022-10-26T02:57:19.3219074Z A path returned 202. Retrying...
2022-10-26T02:57:19.3219439Z A path returned 202. Retrying...
2022-10-26T02:57:19.3219802Z A path returned 202. Retrying...
2022-10-26T02:57:19.3220250Z A path returned 202. Retrying...
2022-10-26T02:57:19.3220576Z A path returned 202. Retrying...
2022-10-26T02:57:19.3220899Z A path returned 202. Retrying...
2022-10-26T02:57:19.3221228Z A path returned 202. Retrying...
2022-10-26T02:57:19.3221553Z A path returned 202. Retrying...
2022-10-26T02:57:19.3221877Z A path returned 202. Retrying...
2022-10-26T02:57:19.3222201Z A path returned 202. Retrying...
2022-10-26T02:57:19.3222523Z A path returned 202. Retrying...
2022-10-26T02:57:19.3222845Z A path returned 202. Retrying...
2022-10-26T02:57:19.3223158Z A path returned 202. Retrying...
2022-10-26T02:57:19.3223483Z A path returned 202. Retrying...
2022-10-26T02:57:19.3223808Z A path returned 202. Retrying...
2022-10-26T02:57:19.3224135Z A path returned 202. Retrying...
2022-10-26T02:57:19.3224461Z A path returned 202. Retrying...
2022-10-26T02:57:19.3224784Z A path returned 202. Retrying...
2022-10-26T02:57:19.3225108Z A path returned 202. Retrying...
2022-10-26T02:57:19.3225433Z A path returned 202. Retrying...
2022-10-26T02:57:19.3225757Z A path returned 202. Retrying...
2022-10-26T02:57:19.3226076Z A path returned 202. Retrying...
2022-10-26T02:57:19.3226396Z A path returned 202. Retrying...
2022-10-26T02:57:19.3226723Z A path returned 202. Retrying...
2022-10-26T02:57:19.3227122Z A path returned 202. Retrying...
2022-10-26T02:57:19.3227452Z A path returned 202. Retrying...
2022-10-26T02:57:19.3227777Z A path returned 202. Retrying...
2022-10-26T02:57:19.3228103Z A path returned 202. Retrying...
2022-10-26T02:57:19.3228428Z A path returned 202. Retrying...
2022-10-26T02:57:19.3228755Z A path returned 202. Retrying...
2022-10-26T02:57:19.3229086Z A path returned 202. Retrying...
2022-10-26T02:57:19.3229417Z A path returned 202. Retrying...
2022-10-26T02:57:19.3229742Z A path returned 202. Retrying...
2022-10-26T02:57:19.3230062Z A path returned 202. Retrying...
2022-10-26T02:57:19.3230385Z A path returned 202. Retrying...
2022-10-26T02:57:19.3230778Z A path returned 202. Retrying...
2022-10-26T02:57:19.3231146Z A path returned 202. Retrying...
2022-10-26T02:57:19.3231442Z A path returned 202. Retrying...
2022-10-26T02:57:19.3231765Z A path returned 202. Retrying...
2022-10-26T02:57:19.3232092Z A path returned 202. Retrying...
2022-10-26T02:57:19.3232420Z A path returned 202. Retrying...
2022-10-26T02:57:19.3232743Z A path returned 202. Retrying...
2022-10-26T02:57:19.3233066Z A path returned 202. Retrying...
2022-10-26T02:57:19.3233396Z A path returned 202. Retrying...
2022-10-26T02:57:19.3233721Z A path returned 202. Retrying...
2022-10-26T02:57:19.3234044Z A path returned 202. Retrying...
2022-10-26T02:57:19.3234367Z A path returned 202. Retrying...
2022-10-26T02:57:19.3234690Z A path returned 202. Retrying...
2022-10-26T02:57:19.3234997Z A path returned 202. Retrying...
2022-10-26T02:57:19.3235305Z A path returned 202. Retrying...
2022-10-26T02:57:19.3235632Z A path returned 202. Retrying...
2022-10-26T02:57:19.3235960Z A path returned 202. Retrying...
2022-10-26T02:57:19.3236285Z A path returned 202. Retrying...
2022-10-26T02:57:19.3236610Z A path returned 202. Retrying...
2022-10-26T02:57:19.3236932Z A path returned 202. Retrying...
2022-10-26T02:57:19.3237259Z A path returned 202. Retrying...
2022-10-26T02:57:19.3237653Z A path returned 202. Retrying...
2022-10-26T02:57:19.3237990Z A path returned 202. Retrying...
2022-10-26T02:57:19.3238311Z A path returned 202. Retrying...
2022-10-26T02:57:19.3238633Z A path returned 202. Retrying...
2022-10-26T02:57:19.3238942Z A path returned 202. Retrying...
2022-10-26T02:57:19.3239258Z A path returned 202. Retrying...
2022-10-26T02:57:19.3239587Z A path returned 202. Retrying...
2022-10-26T02:57:19.3240013Z A path returned 202. Retrying...
2022-10-26T02:57:19.3240341Z A path returned 202. Retrying...
2022-10-26T02:57:19.3240665Z A path returned 202. Retrying...
2022-10-26T02:57:19.3240990Z A path returned 202. Retrying...
2022-10-26T02:57:19.3241320Z A path returned 202. Retrying...
2022-10-26T02:57:19.3241647Z A path returned 202. Retrying...
2022-10-26T02:57:19.3241971Z A path returned 202. Retrying...
2022-10-26T02:57:19.3242292Z A path returned 202. Retrying...
2022-10-26T02:57:19.3242613Z A path returned 202. Retrying...
2022-10-26T02:57:19.3242922Z A path returned 202. Retrying...
2022-10-26T02:57:19.3243188Z A path returned 202. Retrying...
2022-10-26T02:57:19.3243515Z A path returned 202. Retrying...
2022-10-26T02:57:19.3243843Z A path returned 202. Retrying...
2022-10-26T02:57:19.3244170Z A path returned 202. Retrying...
2022-10-26T02:57:19.3244494Z A path returned 202. Retrying...
2022-10-26T02:57:19.3244819Z A path returned 202. Retrying...
2022-10-26T02:57:19.3245143Z A path returned 202. Retrying...
2022-10-26T02:57:19.3245470Z A path returned 202. Retrying...
2022-10-26T02:57:19.3245790Z A path returned 202. Retrying...
2022-10-26T02:57:19.3246110Z A path returned 202. Retrying...
2022-10-26T02:57:19.3246434Z A path returned 202. Retrying...
2022-10-26T02:57:19.3246743Z A path returned 202. Retrying...
2022-10-26T02:57:19.3247065Z A path returned 202. Retrying...
2022-10-26T03:06:09.8200296Z A path returned 202. Retrying...
2022-10-26T03:06:09.8201184Z A path returned 202. Retrying...
2022-10-26T03:06:09.8201506Z A path returned 202. Retrying...
2022-10-26T03:06:09.8201779Z A path returned 202. Retrying...
2022-10-26T03:06:09.8202776Z A path returned 202. Retrying...
2022-10-26T03:06:09.8203034Z A path returned 202. Retrying...
2022-10-26T03:06:09.8203289Z A path returned 202. Retrying...
2022-10-26T03:06:09.8203541Z A path returned 202. Retrying...
2022-10-26T03:06:09.8203789Z A path returned 202. Retrying...
2022-10-26T03:06:09.8204932Z A path returned 202. Retrying...
2022-10-26T03:06:09.8205400Z A path returned 202. Retrying...
2022-10-26T03:06:09.8205640Z A path returned 202. Retrying...
2022-10-26T03:06:09.8205890Z A path returned 202. Retrying...
2022-10-26T03:06:09.8206135Z A path returned 202. Retrying...
2022-10-26T03:06:09.8206387Z A path returned 202. Retrying...
2022-10-26T03:06:09.8207511Z A path returned 202. Retrying...
2022-10-26T03:06:09.8207740Z A path returned 202. Retrying...
2022-10-26T03:06:09.8207962Z A path returned 202. Retrying...
2022-10-26T03:06:09.8208190Z A path returned 202. Retrying...
2022-10-26T03:06:09.8208409Z A path returned 202. Retrying...
2022-10-26T03:06:09.8208638Z A path returned 202. Retrying...
2022-10-26T03:06:09.8208860Z A path returned 202. Retrying...
2022-10-26T03:06:09.8209083Z A path returned 202. Retrying...
2022-10-26T03:06:09.8209310Z A path returned 202. Retrying...
2022-10-26T03:06:09.8209608Z A path returned 202. Retrying...
2022-10-26T03:06:09.8209829Z A path returned 202. Retrying...
2022-10-26T03:06:09.8210048Z A path returned 202. Retrying...
2022-10-26T03:06:09.8210270Z A path returned 202. Retrying...
2022-10-26T03:06:09.8210494Z A path returned 202. Retrying...
2022-10-26T03:06:09.8210715Z A path returned 202. Retrying...
2022-10-26T03:06:09.8210935Z A path returned 202. Retrying...
2022-10-26T03:06:09.8211144Z A path returned 202. Retrying...
2022-10-26T03:06:09.8211366Z A path returned 202. Retrying...
2022-10-26T03:06:09.8211587Z A path returned 202. Retrying...
2022-10-26T03:06:09.8211811Z A path returned 202. Retrying...
2022-10-26T03:06:09.8212035Z A path returned 202. Retrying...
2022-10-26T03:06:09.8212507Z A path returned 202. Retrying...
2022-10-26T03:06:09.8212851Z A path returned 202. Retrying...
2022-10-26T03:06:09.8213099Z A path returned 202. Retrying...
2022-10-26T03:06:09.8213332Z A path returned 202. Retrying...
2022-10-26T03:06:09.8213581Z A path returned 202. Retrying...
2022-10-26T03:06:09.8213828Z A path returned 202. Retrying...
2022-10-26T03:06:09.8214075Z A path returned 202. Retrying...
2022-10-26T03:06:09.8214324Z A path returned 202. Retrying...
2022-10-26T03:06:09.8214571Z A path returned 202. Retrying...
2022-10-26T03:06:09.8214824Z A path returned 202. Retrying...
2022-10-26T03:06:09.8215062Z A path returned 202. Retrying...
2022-10-26T03:06:09.8215312Z A path returned 202. Retrying...
2022-10-26T03:06:09.8215558Z A path returned 202. Retrying...
2022-10-26T03:06:09.8215804Z A path returned 202. Retrying...
2022-10-26T03:06:09.8216053Z A path returned 202. Retrying...
2022-10-26T03:06:09.8216299Z A path returned 202. Retrying...
2022-10-26T03:06:09.8216549Z A path returned 202. Retrying...
2022-10-26T03:06:09.8216797Z A path returned 202. Retrying...
2022-10-26T03:06:09.8217032Z A path returned 202. Retrying...
2022-10-26T03:06:09.8217278Z A path returned 202. Retrying...
2022-10-26T03:06:09.8217528Z A path returned 202. Retrying...
2022-10-26T03:06:09.8217777Z A path returned 202. Retrying...
2022-10-26T03:06:09.8218024Z A path returned 202. Retrying...
2022-10-26T03:06:09.8218272Z A path returned 202. Retrying...
2022-10-26T03:06:09.8218519Z A path returned 202. Retrying...
2022-10-26T03:06:09.8218768Z A path returned 202. Retrying...
2022-10-26T03:06:09.8219000Z A path returned 202. Retrying...
2022-10-26T03:06:09.8219249Z A path returned 202. Retrying...
2022-10-26T03:06:09.8219497Z A path returned 202. Retrying...
2022-10-26T03:06:09.8219743Z A path returned 202. Retrying...
2022-10-26T03:06:09.8220029Z A path returned 202. Retrying...
2022-10-26T03:06:09.8220279Z A path returned 202. Retrying...
2022-10-26T03:06:09.8220525Z A path returned 202. Retrying...
2022-10-26T03:06:09.8220760Z A path returned 202. Retrying...
2022-10-26T03:06:09.8221094Z A path returned 202. Retrying...
2022-10-26T03:06:09.8221341Z A path returned 202. Retrying...
2022-10-26T03:06:09.8221589Z A path returned 202. Retrying...
2022-10-26T03:06:09.8221840Z A path returned 202. Retrying...
2022-10-26T03:06:09.8222125Z A path returned 202. Retrying...
2022-10-26T03:06:09.8222385Z A path returned 202. Retrying...
2022-10-26T03:06:09.8222634Z A path returned 202. Retrying...
2022-10-26T03:06:09.8222873Z A path returned 202. Retrying...
2022-10-26T03:06:09.8223122Z A path returned 202. Retrying...
2022-10-26T03:06:09.8223372Z A path returned 202. Retrying...
2022-10-26T03:06:09.8223623Z A path returned 202. Retrying...
2022-10-26T03:06:09.8223879Z A path returned 202. Retrying...
2022-10-26T03:06:09.8224129Z A path returned 202. Retrying...
2022-10-26T03:06:09.8224376Z A path returned 202. Retrying...
2022-10-26T03:06:09.8224626Z A path returned 202. Retrying...
2022-10-26T03:06:09.8224863Z A path returned 202. Retrying...
2022-10-26T03:06:09.8225111Z A path returned 202. Retrying...
2022-10-26T03:06:09.8225359Z A path returned 202. Retrying...
2022-10-26T03:06:09.8225606Z A path returned 202. Retrying...
2022-10-26T03:06:09.8225856Z A path returned 202. Retrying...
2022-10-26T03:06:09.8226104Z A path returned 202. Retrying...
2022-10-26T03:06:09.8226351Z A path returned 202. Retrying...
2022-10-26T03:06:09.8226584Z A path returned 202. Retrying...
2022-10-26T03:06:09.8226833Z A path returned 202. Retrying...
2022-10-26T03:06:09.8227081Z A path returned 202. Retrying...
2022-10-26T03:06:09.8227327Z A path returned 202. Retrying...
2022-10-26T03:06:09.8227573Z A path returned 202. Retrying...
2022-10-26T03:06:09.8227822Z A path returned 202. Retrying...
2022-10-26T03:06:09.8228069Z A path returned 202. Retrying...
2022-10-26T03:06:09.8228316Z A path returned 202. Retrying...
2022-10-26T03:06:09.8228551Z A path returned 202. Retrying...
2022-10-26T03:06:09.8228796Z A path returned 202. Retrying...
2022-10-26T03:06:09.8229106Z A path returned 202. Retrying...
2022-10-26T03:06:09.8229366Z A path returned 202. Retrying...
2022-10-26T03:06:09.8229614Z A path returned 202. Retrying...
2022-10-26T03:06:09.8229860Z A path returned 202. Retrying...
2022-10-26T03:06:09.8230106Z A path returned 202. Retrying...
2022-10-26T03:06:09.8230353Z A path returned 202. Retrying...
2022-10-26T03:06:09.8230586Z A path returned 202. Retrying...
2022-10-26T03:06:09.8230831Z A path returned 202. Retrying...
2022-10-26T03:06:09.8231079Z A path returned 202. Retrying...
2022-10-26T03:06:09.8231326Z A path returned 202. Retrying...
2022-10-26T03:06:09.8231573Z A path returned 202. Retrying...
2022-10-26T03:06:09.8231821Z A path returned 202. Retrying...
2022-10-26T03:06:09.8232068Z A path returned 202. Retrying...
2022-10-26T03:06:09.8232301Z A path returned 202. Retrying...
2022-10-26T03:06:09.8232553Z A path returned 202. Retrying...
2022-10-26T03:06:09.8232800Z A path returned 202. Retrying...
2022-10-26T03:06:09.8233051Z A path returned 202. Retrying...
2022-10-26T03:06:09.8233302Z A path returned 202. Retrying...
2022-10-26T03:06:09.8233548Z A path returned 202. Retrying...
2022-10-26T03:06:09.8233795Z A path returned 202. Retrying...
2022-10-26T03:06:09.8234043Z A path returned 202. Retrying...
2022-10-26T03:06:09.8234279Z A path returned 202. Retrying...
2022-10-26T03:06:09.8234527Z A path returned 202. Retrying...
2022-10-26T03:06:09.8234776Z A path returned 202. Retrying...
2022-10-26T03:06:09.8235036Z A path returned 202. Retrying...
2022-10-26T03:06:09.8235287Z A path returned 202. Retrying...
2022-10-26T03:06:09.8235535Z A path returned 202. Retrying...
2022-10-26T03:06:09.8235782Z A path returned 202. Retrying...
2022-10-26T03:06:09.8236035Z A path returned 202. Retrying...
2022-10-26T03:06:09.8236277Z A path returned 202. Retrying...
2022-10-26T03:06:09.8236522Z A path returned 202. Retrying...
2022-10-26T03:06:09.8236771Z A path returned 202. Retrying...
2022-10-26T03:06:09.8237016Z A path returned 202. Retrying...
2022-10-26T03:06:09.8237266Z A path returned 202. Retrying...
2022-10-26T03:06:09.8237586Z A path returned 202. Retrying...
2022-10-26T03:06:09.8237835Z A path returned 202. Retrying...
2022-10-26T03:06:09.8238069Z A path returned 202. Retrying...
2022-10-26T03:06:09.8238319Z A path returned 202. Retrying...
2022-10-26T03:06:09.8238565Z A path returned 202. Retrying...
2022-10-26T03:06:09.8238814Z A path returned 202. Retrying...
2022-10-26T03:06:09.8239062Z A path returned 202. Retrying...
2022-10-26T03:06:09.8239308Z A path returned 202. Retrying...
2022-10-26T03:06:09.8239553Z A path returned 202. Retrying...
2022-10-26T03:06:09.8239976Z A path returned 202. Retrying...
2022-10-26T03:06:09.8240213Z A path returned 202. Retrying...
2022-10-26T03:06:09.8240459Z A path returned 202. Retrying...
2022-10-26T03:06:09.8240705Z A path returned 202. Retrying...
2022-10-26T03:06:09.8240955Z A path returned 202. Retrying...
2022-10-26T03:06:09.8241206Z A path returned 202. Retrying...
2022-10-26T03:06:09.8241458Z A path returned 202. Retrying...
2022-10-26T03:06:09.8241705Z A path returned 202. Retrying...
2022-10-26T03:06:09.8241955Z A path returned 202. Retrying...
2022-10-26T03:06:09.8242194Z A path returned 202. Retrying...
2022-10-26T03:06:09.8242447Z A path returned 202. Retrying...
2022-10-26T03:06:09.8242697Z A path returned 202. Retrying...
2022-10-26T03:06:09.8242944Z A path returned 202. Retrying...
2022-10-26T03:06:09.8243191Z A path returned 202. Retrying...
2022-10-26T03:06:09.8243438Z A path returned 202. Retrying...
2022-10-26T03:06:09.8243688Z A path returned 202. Retrying...
2022-10-26T03:06:09.8243935Z A path returned 202. Retrying...
2022-10-26T03:06:09.8244170Z A path returned 202. Retrying...
2022-10-26T03:06:09.8244418Z A path returned 202. Retrying...
2022-10-26T03:06:09.8244667Z A path returned 202. Retrying...
2022-10-26T03:06:09.8244914Z A path returned 202. Retrying...
2022-10-26T03:06:09.8245160Z A path returned 202. Retrying...
2022-10-26T03:06:09.8245437Z A path returned 202. Retrying...
2022-10-26T03:06:09.8245764Z A path returned 202. Retrying...
2022-10-26T03:06:09.8246011Z A path returned 202. Retrying...
2022-10-26T03:06:09.8246261Z A path returned 202. Retrying...
2022-10-26T03:06:09.8246508Z A path returned 202. Retrying...
2022-10-26T03:06:09.8246756Z A path returned 202. Retrying...
2022-10-26T03:06:09.8247005Z A path returned 202. Retrying...
2022-10-26T03:06:09.8247304Z A path returned 202. Retrying...
2022-10-26T03:06:09.8247554Z A path returned 202. Retrying...
2022-10-26T03:06:09.8247803Z A path returned 202. Retrying...
2022-10-26T03:06:09.8248038Z A path returned 202. Retrying...
2022-10-26T03:06:09.8248285Z A path returned 202. Retrying...
2022-10-26T03:06:09.8248534Z A path returned 202. Retrying...
2022-10-26T03:06:09.8248782Z A path returned 202. Retrying...
2022-10-26T03:06:09.8249033Z A path returned 202. Retrying...
2022-10-26T03:06:09.8249280Z A path returned 202. Retrying...
2022-10-26T03:06:09.8249528Z A path returned 202. Retrying...
2022-10-26T03:06:09.8249780Z A path returned 202. Retrying...
2022-10-26T03:06:09.8250022Z A path returned 202. Retrying...
2022-10-26T03:06:09.8250272Z A path returned 202. Retrying...
2022-10-26T03:06:09.8250526Z A path returned 202. Retrying...
2022-10-26T03:06:09.8250777Z A path returned 202. Retrying...
2022-10-26T03:06:09.8251027Z A path returned 202. Retrying...
2022-10-26T03:06:09.8251274Z A path returned 202. Retrying...
2022-10-26T03:06:09.8251520Z A path returned 202. Retrying...
2022-10-26T03:06:09.8251756Z A path returned 202. Retrying...
2022-10-26T03:06:09.8252002Z A path returned 202. Retrying...
2022-10-26T03:06:09.8252251Z A path returned 202. Retrying...
2022-10-26T03:06:09.8252502Z A path returned 202. Retrying...
2022-10-26T03:06:09.8252748Z A path returned 202. Retrying...
2022-10-26T03:06:09.8252997Z A path returned 202. Retrying...
2022-10-26T03:06:09.8253250Z A path returned 202. Retrying...
2022-10-26T03:06:09.8253504Z A path returned 202. Retrying...
2022-10-26T03:06:09.8253738Z A path returned 202. Retrying...
2022-10-26T03:06:09.8253987Z A path returned 202. Retrying...
2022-10-26T03:06:09.8254318Z A path returned 202. Retrying...
2022-10-26T03:06:09.8254569Z A path returned 202. Retrying...
2022-10-26T03:06:09.8254817Z A path returned 202. Retrying...
2022-10-26T03:06:09.8255067Z A path returned 202. Retrying...
2022-10-26T03:06:09.8255319Z A path returned 202. Retrying...
2022-10-26T03:06:09.8255568Z A path returned 202. Retrying...
2022-10-26T03:06:09.8255802Z A path returned 202. Retrying...
2022-10-26T03:06:09.8256048Z A path returned 202. Retrying...
2022-10-26T03:06:09.8256295Z A path returned 202. Retrying...
2022-10-26T03:06:09.8256542Z A path returned 202. Retrying...
2022-10-26T03:06:09.8256789Z A path returned 202. Retrying...
2022-10-26T03:06:09.8257037Z A path returned 202. Retrying...
2022-10-26T03:06:09.8257284Z A path returned 202. Retrying...
2022-10-26T03:06:09.8257519Z A path returned 202. Retrying...
2022-10-26T03:06:09.8257768Z A path returned 202. Retrying...
2022-10-26T03:06:09.8258018Z A path returned 202. Retrying...
2022-10-26T03:06:09.8258274Z A path returned 202. Retrying...
2022-10-26T03:06:09.8258522Z A path returned 202. Retrying...
2022-10-26T03:06:09.8258768Z A path returned 202. Retrying...
2022-10-26T03:06:09.8259015Z A path returned 202. Retrying...
2022-10-26T03:06:09.8259695Z A path returned 202. Retrying...
2022-10-26T03:06:09.8260098Z A path returned 202. Retrying...
2022-10-26T03:06:09.8260426Z A path returned 202. Retrying...
2022-10-26T03:06:09.8260675Z A path returned 202. Retrying...
2022-10-26T03:06:09.8260925Z A path returned 202. Retrying...
2022-10-26T03:06:09.8261173Z A path returned 202. Retrying...
2022-10-26T03:06:09.8261421Z A path returned 202. Retrying...
2022-10-26T03:06:09.8261669Z A path returned 202. Retrying...
2022-10-26T03:06:09.8261920Z A path returned 202. Retrying...
2022-10-26T03:06:09.8262155Z A path returned 202. Retrying...
2022-10-26T03:06:09.8262404Z A path returned 202. Retrying...
2022-10-26T03:06:09.8262653Z A path returned 202. Retrying...
2022-10-26T03:06:09.8263009Z A path returned 202. Retrying...
2022-10-26T03:06:09.8263268Z A path returned 202. Retrying...
2022-10-26T03:06:09.8263524Z A path returned 202. Retrying...
2022-10-26T03:06:09.8263778Z A path returned 202. Retrying...
2022-10-26T03:06:09.8264018Z A path returned 202. Retrying...
2022-10-26T03:06:09.8264275Z A path returned 202. Retrying...
2022-10-26T03:06:09.8264527Z A path returned 202. Retrying...
2022-10-26T03:06:09.8264777Z A path returned 202. Retrying...
2022-10-26T03:06:09.8265032Z A path returned 202. Retrying...
2022-10-26T03:06:09.8265279Z A path returned 202. Retrying...
2022-10-26T03:06:09.8265525Z A path returned 202. Retrying...
2022-10-26T03:06:09.8265773Z A path returned 202. Retrying...
2022-10-26T03:06:09.8266006Z A path returned 202. Retrying...
2022-10-26T03:06:09.8266254Z A path returned 202. Retrying...
2022-10-26T03:15:00.5645812Z A path returned 202. Retrying...
2022-10-26T03:15:00.5646210Z A path returned 202. Retrying...
2022-10-26T03:15:00.5646522Z A path returned 202. Retrying...
2022-10-26T03:15:00.5646814Z A path returned 202. Retrying...
2022-10-26T03:15:00.5647104Z A path returned 202. Retrying...
2022-10-26T03:15:00.5647387Z A path returned 202. Retrying...
2022-10-26T03:15:00.5647676Z A path returned 202. Retrying...
2022-10-26T03:15:00.5647968Z A path returned 202. Retrying...
2022-10-26T03:15:00.5648260Z A path returned 202. Retrying...
2022-10-26T03:15:00.5648544Z A path returned 202. Retrying...
2022-10-26T03:15:00.5648815Z A path returned 202. Retrying...
2022-10-26T03:15:00.5649104Z A path returned 202. Retrying...
2022-10-26T03:15:00.5649393Z A path returned 202. Retrying...
2022-10-26T03:15:00.5649683Z A path returned 202. Retrying...
2022-10-26T03:15:00.5649967Z A path returned 202. Retrying...
2022-10-26T03:15:00.5650253Z A path returned 202. Retrying...
2022-10-26T03:15:00.5650540Z A path returned 202. Retrying...
2022-10-26T03:15:00.5650829Z A path returned 202. Retrying...
2022-10-26T03:15:00.5651097Z A path returned 202. Retrying...
2022-10-26T03:15:00.5651384Z A path returned 202. Retrying...
2022-10-26T03:15:00.5652030Z A path returned 202. Retrying...
2022-10-26T03:15:00.5652315Z A path returned 202. Retrying...
2022-10-26T03:15:00.5652603Z A path returned 202. Retrying...
2022-10-26T03:15:00.5652888Z A path returned 202. Retrying...
2022-10-26T03:15:00.5653173Z A path returned 202. Retrying...
2022-10-26T03:15:00.5653457Z A path returned 202. Retrying...
2022-10-26T03:15:00.5653728Z A path returned 202. Retrying...
2022-10-26T03:15:00.5654010Z A path returned 202. Retrying...
2022-10-26T03:15:00.5654295Z A path returned 202. Retrying...
2022-10-26T03:15:00.5654582Z A path returned 202. Retrying...
2022-10-26T03:15:00.5654869Z A path returned 202. Retrying...
2022-10-26T03:15:00.5655158Z A path returned 202. Retrying...
2022-10-26T03:15:00.5655443Z A path returned 202. Retrying...
2022-10-26T03:15:00.5655714Z A path returned 202. Retrying...
2022-10-26T03:15:00.5656000Z A path returned 202. Retrying...
2022-10-26T03:15:00.5656285Z A path returned 202. Retrying...
2022-10-26T03:15:00.5656575Z A path returned 202. Retrying...
2022-10-26T03:15:00.5656863Z A path returned 202. Retrying...
2022-10-26T03:15:00.5657147Z A path returned 202. Retrying...
2022-10-26T03:15:00.5657432Z A path returned 202. Retrying...
2022-10-26T03:15:00.5657716Z A path returned 202. Retrying...
2022-10-26T03:15:00.5657984Z A path returned 202. Retrying...
2022-10-26T03:15:00.5658266Z A path returned 202. Retrying...
2022-10-26T03:15:00.5658554Z A path returned 202. Retrying...
2022-10-26T03:15:00.5658839Z A path returned 202. Retrying...
2022-10-26T03:15:00.5659127Z A path returned 202. Retrying...
2022-10-26T03:15:00.5659410Z A path returned 202. Retrying...
2022-10-26T03:15:00.5659695Z A path returned 202. Retrying...
2022-10-26T03:15:00.5659979Z A path returned 202. Retrying...
2022-10-26T03:15:00.5660250Z A path returned 202. Retrying...
2022-10-26T03:15:00.5660604Z A path returned 202. Retrying...
2022-10-26T03:15:00.5660888Z A path returned 202. Retrying...
2022-10-26T03:15:00.5661302Z A path returned 202. Retrying...
2022-10-26T03:15:00.5661581Z A path returned 202. Retrying...
2022-10-26T03:15:00.5661864Z A path returned 202. Retrying...
2022-10-26T03:15:00.5662148Z A path returned 202. Retrying...
2022-10-26T03:15:00.5662437Z A path returned 202. Retrying...
2022-10-26T03:15:00.5662723Z A path returned 202. Retrying...
2022-10-26T03:15:00.5663013Z A path returned 202. Retrying...
2022-10-26T03:15:00.5663346Z A path returned 202. Retrying...
2022-10-26T03:15:00.5663633Z A path returned 202. Retrying...
2022-10-26T03:15:00.5663901Z A path returned 202. Retrying...
2022-10-26T03:15:00.5664184Z A path returned 202. Retrying...
2022-10-26T03:15:00.5664468Z A path returned 202. Retrying...
2022-10-26T03:15:00.5664757Z A path returned 202. Retrying...
2022-10-26T03:15:00.5665043Z A path returned 202. Retrying...
2022-10-26T03:15:00.5665327Z A path returned 202. Retrying...
2022-10-26T03:15:00.5665611Z A path returned 202. Retrying...
2022-10-26T03:15:00.5665885Z A path returned 202. Retrying...
2022-10-26T03:15:00.5666171Z A path returned 202. Retrying...
2022-10-26T03:15:00.5666462Z A path returned 202. Retrying...
2022-10-26T03:15:00.5666750Z A path returned 202. Retrying...
2022-10-26T03:15:00.5667036Z A path returned 202. Retrying...
2022-10-26T03:15:00.5667321Z A path returned 202. Retrying...
2022-10-26T03:15:00.5667648Z A path returned 202. Retrying...
2022-10-26T03:15:00.5667933Z A path returned 202. Retrying...
2022-10-26T03:15:00.5668205Z A path returned 202. Retrying...
2022-10-26T03:15:00.5668486Z A path returned 202. Retrying...
2022-10-26T03:15:00.5668773Z A path returned 202. Retrying...
2022-10-26T03:15:00.5669061Z A path returned 202. Retrying...
2022-10-26T03:15:00.5669346Z A path returned 202. Retrying...
2022-10-26T03:15:00.5669632Z A path returned 202. Retrying...
2022-10-26T03:15:00.5669918Z A path returned 202. Retrying...
2022-10-26T03:15:00.5670202Z A path returned 202. Retrying...
2022-10-26T03:15:00.5670471Z A path returned 202. Retrying...
2022-10-26T03:15:00.5670755Z A path returned 202. Retrying...
2022-10-26T03:15:00.5671125Z A path returned 202. Retrying...
2022-10-26T03:15:00.5671410Z A path returned 202. Retrying...
2022-10-26T03:15:00.5671694Z A path returned 202. Retrying...
2022-10-26T03:15:00.5671978Z A path returned 202. Retrying...
2022-10-26T03:15:00.5672266Z A path returned 202. Retrying...
2022-10-26T03:15:00.5672536Z A path returned 202. Retrying...
2022-10-26T03:15:00.5672821Z A path returned 202. Retrying...
2022-10-26T03:15:00.5673105Z A path returned 202. Retrying...
2022-10-26T03:15:00.5673390Z A path returned 202. Retrying...
2022-10-26T03:15:00.5673679Z A path returned 202. Retrying...
2022-10-26T03:15:00.5673965Z A path returned 202. Retrying...
2022-10-26T03:15:00.5674249Z A path returned 202. Retrying...
2022-10-26T03:15:00.5674534Z A path returned 202. Retrying...
2022-10-26T03:15:00.5674806Z A path returned 202. Retrying...
2022-10-26T03:15:00.5675091Z A path returned 202. Retrying...
2022-10-26T03:15:00.5675380Z A path returned 202. Retrying...
2022-10-26T03:15:00.5675665Z A path returned 202. Retrying...
2022-10-26T03:15:00.5675952Z A path returned 202. Retrying...
2022-10-26T03:15:00.5676238Z A path returned 202. Retrying...
2022-10-26T03:15:00.5676523Z A path returned 202. Retrying...
2022-10-26T03:15:00.5676810Z A path returned 202. Retrying...
2022-10-26T03:15:00.5677078Z A path returned 202. Retrying...
2022-10-26T03:15:00.5677360Z A path returned 202. Retrying...
2022-10-26T03:15:00.5677646Z A path returned 202. Retrying...
2022-10-26T03:15:00.5677929Z A path returned 202. Retrying...
2022-10-26T03:15:00.5678212Z A path returned 202. Retrying...
2022-10-26T03:15:00.5678497Z A path returned 202. Retrying...
2022-10-26T03:15:00.5678784Z A path returned 202. Retrying...
2022-10-26T03:15:00.5679053Z A path returned 202. Retrying...
2022-10-26T03:15:00.5679338Z A path returned 202. Retrying...
2022-10-26T03:15:00.5679622Z A path returned 202. Retrying...
2022-10-26T03:15:00.5680075Z A path returned 202. Retrying...
2022-10-26T03:15:00.5680450Z A path returned 202. Retrying...
2022-10-26T03:15:00.5680740Z A path returned 202. Retrying...
2022-10-26T03:15:00.5681024Z A path returned 202. Retrying...
2022-10-26T03:15:00.5681310Z A path returned 202. Retrying...
2022-10-26T03:15:00.5681583Z A path returned 202. Retrying...
2022-10-26T03:15:00.5681867Z A path returned 202. Retrying...
2022-10-26T03:15:00.5682153Z A path returned 202. Retrying...
2022-10-26T03:15:00.5682440Z A path returned 202. Retrying...
2022-10-26T03:15:00.5682725Z A path returned 202. Retrying...
2022-10-26T03:15:00.5683009Z A path returned 202. Retrying...
2022-10-26T03:15:00.5683291Z A path returned 202. Retrying...
2022-10-26T03:15:00.5683577Z A path returned 202. Retrying...
2022-10-26T03:15:00.5683850Z A path returned 202. Retrying...
2022-10-26T03:15:00.5684130Z A path returned 202. Retrying...
2022-10-26T03:15:00.5684416Z A path returned 202. Retrying...
2022-10-26T03:15:00.5684701Z A path returned 202. Retrying...
2022-10-26T03:15:00.5684987Z A path returned 202. Retrying...
2022-10-26T03:15:00.5685271Z A path returned 202. Retrying...
2022-10-26T03:15:00.5685560Z A path returned 202. Retrying...
2022-10-26T03:15:00.5685828Z A path returned 202. Retrying...
2022-10-26T03:15:00.5686115Z A path returned 202. Retrying...
2022-10-26T03:15:00.5686398Z A path returned 202. Retrying...
2022-10-26T03:15:00.5686682Z A path returned 202. Retrying...
2022-10-26T03:15:00.5686967Z A path returned 202. Retrying...
2022-10-26T03:15:00.5687252Z A path returned 202. Retrying...
2022-10-26T03:15:00.5687537Z A path returned 202. Retrying...
2022-10-26T03:15:00.5687859Z A path returned 202. Retrying...
2022-10-26T03:15:00.5688127Z A path returned 202. Retrying...
2022-10-26T03:15:00.5688410Z A path returned 202. Retrying...
2022-10-26T03:15:00.5688693Z A path returned 202. Retrying...
2022-10-26T03:15:00.5688977Z A path returned 202. Retrying...
2022-10-26T03:15:00.5689258Z A path returned 202. Retrying...
2022-10-26T03:15:00.5689545Z A path returned 202. Retrying...
2022-10-26T03:15:00.5689832Z A path returned 202. Retrying...
2022-10-26T03:15:00.5690243Z A path returned 202. Retrying...
2022-10-26T03:15:00.5690511Z A path returned 202. Retrying...
2022-10-26T03:15:00.5690796Z A path returned 202. Retrying...
2022-10-26T03:15:00.5691085Z A path returned 202. Retrying...
2022-10-26T03:15:00.5691371Z A path returned 202. Retrying...
2022-10-26T03:15:00.5691655Z A path returned 202. Retrying...
2022-10-26T03:15:00.5691939Z A path returned 202. Retrying...
2022-10-26T03:15:00.5692226Z A path returned 202. Retrying...
2022-10-26T03:15:00.5692497Z A path returned 202. Retrying...
2022-10-26T03:15:00.5692785Z A path returned 202. Retrying...
2022-10-26T03:15:00.5693067Z A path returned 202. Retrying...
2022-10-26T03:15:00.5693354Z A path returned 202. Retrying...
2022-10-26T03:15:00.5693642Z A path returned 202. Retrying...
2022-10-26T03:15:00.5693926Z A path returned 202. Retrying...
2022-10-26T03:15:00.5694212Z A path returned 202. Retrying...
2022-10-26T03:15:00.5694495Z A path returned 202. Retrying...
2022-10-26T03:15:00.5694771Z A path returned 202. Retrying...
2022-10-26T03:15:00.5695057Z A path returned 202. Retrying...
2022-10-26T03:15:00.5695347Z A path returned 202. Retrying...
2022-10-26T03:15:00.5695635Z A path returned 202. Retrying...
2022-10-26T03:15:00.5695921Z A path returned 202. Retrying...
2022-10-26T03:15:00.5696206Z A path returned 202. Retrying...
2022-10-26T03:15:00.5696496Z A path returned 202. Retrying...
2022-10-26T03:15:00.5696779Z A path returned 202. Retrying...
2022-10-26T03:15:00.5697049Z A path returned 202. Retrying...
2022-10-26T03:15:00.5697333Z A path returned 202. Retrying...
2022-10-26T03:15:00.5697619Z A path returned 202. Retrying...
2022-10-26T03:15:00.5697907Z A path returned 202. Retrying...
2022-10-26T03:15:00.5698192Z A path returned 202. Retrying...
2022-10-26T03:15:00.5698476Z A path returned 202. Retrying...
2022-10-26T03:15:00.5698760Z A path returned 202. Retrying...
2022-10-26T03:15:00.5699032Z A path returned 202. Retrying...
2022-10-26T03:15:00.5699391Z A path returned 202. Retrying...
2022-10-26T03:15:00.5699686Z A path returned 202. Retrying...
2022-10-26T03:15:00.5699973Z A path returned 202. Retrying...
2022-10-26T03:15:00.5700257Z A path returned 202. Retrying...
2022-10-26T03:15:00.5700547Z A path returned 202. Retrying...
2022-10-26T03:15:00.5700832Z A path returned 202. Retrying...
2022-10-26T03:15:00.5701118Z A path returned 202. Retrying...
2022-10-26T03:15:00.5701389Z A path returned 202. Retrying...
2022-10-26T03:15:00.5701671Z A path returned 202. Retrying...
2022-10-26T03:15:00.5701956Z A path returned 202. Retrying...
2022-10-26T03:15:00.5702241Z A path returned 202. Retrying...
2022-10-26T03:15:00.5702525Z A path returned 202. Retrying...
2022-10-26T03:15:00.5702810Z A path returned 202. Retrying...
2022-10-26T03:15:00.5703094Z A path returned 202. Retrying...
2022-10-26T03:15:00.5703380Z A path returned 202. Retrying...
2022-10-26T03:15:00.5703649Z A path returned 202. Retrying...
2022-10-26T03:15:00.5703933Z A path returned 202. Retrying...
2022-10-26T03:15:00.5704221Z A path returned 202. Retrying...
2022-10-26T03:15:00.5704511Z A path returned 202. Retrying...
2022-10-26T03:15:00.5704796Z A path returned 202. Retrying...
2022-10-26T03:15:00.5705081Z A path returned 202. Retrying...
2022-10-26T03:15:00.5705365Z A path returned 202. Retrying...
2022-10-26T03:15:00.5705634Z A path returned 202. Retrying...
2022-10-26T03:15:00.5705922Z A path returned 202. Retrying...
2022-10-26T03:15:00.5706205Z A path returned 202. Retrying...
2022-10-26T03:15:00.5706492Z A path returned 202. Retrying...
2022-10-26T03:15:00.5706777Z A path returned 202. Retrying...
2022-10-26T03:15:00.5707067Z A path returned 202. Retrying...
2022-10-26T03:15:00.5707353Z A path returned 202. Retrying...
2022-10-26T03:15:00.5707636Z A path returned 202. Retrying...
2022-10-26T03:15:00.5707907Z A path returned 202. Retrying...
2022-10-26T03:15:00.5708188Z A path returned 202. Retrying...
2022-10-26T03:15:00.5708475Z A path returned 202. Retrying...
2022-10-26T03:15:00.5708762Z A path returned 202. Retrying...
2022-10-26T03:15:00.5709118Z A path returned 202. Retrying...
2022-10-26T03:15:00.5709401Z A path returned 202. Retrying...
2022-10-26T03:15:00.5709688Z A path returned 202. Retrying...
2022-10-26T03:15:00.5709972Z A path returned 202. Retrying...
2022-10-26T03:15:00.5710240Z A path returned 202. Retrying...
2022-10-26T03:15:00.5710523Z A path returned 202. Retrying...
2022-10-26T03:15:00.5710808Z A path returned 202. Retrying...
2022-10-26T03:15:00.5711093Z A path returned 202. Retrying...
2022-10-26T03:15:00.5711378Z A path returned 202. Retrying...
2022-10-26T03:15:00.5711661Z A path returned 202. Retrying...
2022-10-26T03:15:00.5711945Z A path returned 202. Retrying...
2022-10-26T03:15:00.5712214Z A path returned 202. Retrying...
2022-10-26T03:15:00.5712502Z A path returned 202. Retrying...
2022-10-26T03:15:00.5712784Z A path returned 202. Retrying...
2022-10-26T03:15:00.5713068Z A path returned 202. Retrying...
2022-10-26T03:15:00.5713355Z A path returned 202. Retrying...
2022-10-26T03:15:00.5713642Z A path returned 202. Retrying...
2022-10-26T03:15:00.5713928Z A path returned 202. Retrying...
2022-10-26T03:15:00.5714210Z A path returned 202. Retrying...
2022-10-26T03:15:00.5714480Z A path returned 202. Retrying...
2022-10-26T03:15:00.5714763Z A path returned 202. Retrying...
2022-10-26T03:15:00.5715044Z A path returned 202. Retrying...
2022-10-26T03:15:00.5715333Z A path returned 202. Retrying...
2022-10-26T03:15:00.5715616Z A path returned 202. Retrying...
2022-10-26T03:15:00.5715906Z A path returned 202. Retrying...
2022-10-26T03:15:00.5716190Z A path returned 202. Retrying...
2022-10-26T03:15:00.5716477Z A path returned 202. Retrying...
2022-10-26T03:15:00.5716745Z A path returned 202. Retrying...
2022-10-26T03:15:00.5717028Z A path returned 202. Retrying...
2022-10-26T03:15:00.5717314Z A path returned 202. Retrying...
2022-10-26T03:23:52.8368887Z A path returned 202. Retrying...
2022-10-26T03:23:52.8369211Z A path returned 202. Retrying...
2022-10-26T03:23:52.8369859Z A path returned 202. Retrying...
2022-10-26T03:23:52.8370238Z A path returned 202. Retrying...
2022-10-26T03:23:52.8370489Z A path returned 202. Retrying...
2022-10-26T03:23:52.8370730Z A path returned 202. Retrying...
2022-10-26T03:23:52.8370980Z A path returned 202. Retrying...
2022-10-26T03:23:52.8371237Z A path returned 202. Retrying...
2022-10-26T03:23:52.8371490Z A path returned 202. Retrying...
2022-10-26T03:23:52.8371735Z A path returned 202. Retrying...
2022-10-26T03:23:52.8371982Z A path returned 202. Retrying...
2022-10-26T03:23:52.8372230Z A path returned 202. Retrying...
2022-10-26T03:23:52.8372479Z A path returned 202. Retrying...
2022-10-26T03:23:52.8372712Z A path returned 202. Retrying...
2022-10-26T03:23:52.8372956Z A path returned 202. Retrying...
2022-10-26T03:23:52.8373203Z A path returned 202. Retrying...
2022-10-26T03:23:52.8373451Z A path returned 202. Retrying...
2022-10-26T03:23:52.8373699Z A path returned 202. Retrying...
2022-10-26T03:23:52.8373944Z A path returned 202. Retrying...
2022-10-26T03:23:52.8374193Z A path returned 202. Retrying...
2022-10-26T03:23:52.8374431Z A path returned 202. Retrying...
2022-10-26T03:23:52.8374681Z A path returned 202. Retrying...
2022-10-26T03:23:52.8374926Z A path returned 202. Retrying...
2022-10-26T03:23:52.8375176Z A path returned 202. Retrying...
2022-10-26T03:23:52.8375423Z A path returned 202. Retrying...
2022-10-26T03:23:52.8375668Z A path returned 202. Retrying...
2022-10-26T03:23:52.8375914Z A path returned 202. Retrying...
2022-10-26T03:23:52.8376159Z A path returned 202. Retrying...
2022-10-26T03:23:52.8376394Z A path returned 202. Retrying...
2022-10-26T03:23:52.8376639Z A path returned 202. Retrying...
2022-10-26T03:23:52.8376884Z A path returned 202. Retrying...
2022-10-26T03:23:52.8377132Z A path returned 202. Retrying...
2022-10-26T03:23:52.8377378Z A path returned 202. Retrying...
2022-10-26T03:23:52.8377625Z A path returned 202. Retrying...
2022-10-26T03:23:52.8377871Z A path returned 202. Retrying...
2022-10-26T03:23:52.8378120Z A path returned 202. Retrying...
2022-10-26T03:23:52.8378479Z A path returned 202. Retrying...
2022-10-26T03:23:52.8378723Z A path returned 202. Retrying...
2022-10-26T03:23:52.8379461Z A path returned 202. Retrying...
2022-10-26T03:23:52.8379735Z A path returned 202. Retrying...
2022-10-26T03:23:52.8379968Z A path returned 202. Retrying...
2022-10-26T03:23:52.8380199Z A path returned 202. Retrying...
2022-10-26T03:23:52.8380424Z A path returned 202. Retrying...
2022-10-26T03:23:52.8393279Z A path returned 202. Retrying...
2022-10-26T03:23:52.8393685Z A path returned 202. Retrying...
2022-10-26T03:23:52.8393936Z A path returned 202. Retrying...
2022-10-26T03:23:52.8394197Z A path returned 202. Retrying...
2022-10-26T03:23:52.8394447Z A path returned 202. Retrying...
2022-10-26T03:23:52.8394700Z A path returned 202. Retrying...
2022-10-26T03:23:52.8394954Z A path returned 202. Retrying...
2022-10-26T03:23:52.8395204Z A path returned 202. Retrying...
2022-10-26T03:23:52.8395452Z A path returned 202. Retrying...
2022-10-26T03:23:52.8395714Z A path returned 202. Retrying...
2022-10-26T03:23:52.8395957Z A path returned 202. Retrying...
2022-10-26T03:23:52.8396203Z A path returned 202. Retrying...
2022-10-26T03:23:52.8396453Z A path returned 202. Retrying...
2022-10-26T03:23:52.8396703Z A path returned 202. Retrying...
2022-10-26T03:23:52.8396952Z A path returned 202. Retrying...
2022-10-26T03:23:52.8397197Z A path returned 202. Retrying...
2022-10-26T03:23:52.8397446Z A path returned 202. Retrying...
2022-10-26T03:23:52.8397691Z A path returned 202. Retrying...
2022-10-26T03:23:52.8397926Z A path returned 202. Retrying...
2022-10-26T03:23:52.8398171Z A path returned 202. Retrying...
2022-10-26T03:23:52.8398417Z A path returned 202. Retrying...
2022-10-26T03:23:52.8398663Z A path returned 202. Retrying...
2022-10-26T03:23:52.8398909Z A path returned 202. Retrying...
2022-10-26T03:23:52.8399154Z A path returned 202. Retrying...
2022-10-26T03:23:52.8399400Z A path returned 202. Retrying...
2022-10-26T03:23:52.8400104Z A path returned 202. Retrying...
2022-10-26T03:23:52.8400376Z A path returned 202. Retrying...
2022-10-26T03:23:52.8400620Z A path returned 202. Retrying...
2022-10-26T03:23:52.8400865Z A path returned 202. Retrying...
2022-10-26T03:23:52.8401113Z A path returned 202. Retrying...
2022-10-26T03:23:52.8401361Z A path returned 202. Retrying...
2022-10-26T03:23:52.8401608Z A path returned 202. Retrying...
2022-10-26T03:23:52.8401855Z A path returned 202. Retrying...
2022-10-26T03:23:52.8402088Z A path returned 202. Retrying...
2022-10-26T03:23:52.8402333Z A path returned 202. Retrying...
2022-10-26T03:23:52.8402580Z A path returned 202. Retrying...
2022-10-26T03:23:52.8402827Z A path returned 202. Retrying...
2022-10-26T03:23:52.8403075Z A path returned 202. Retrying...
2022-10-26T03:23:52.8403320Z A path returned 202. Retrying...
2022-10-26T03:23:52.8403568Z A path returned 202. Retrying...
2022-10-26T03:23:52.8403817Z A path returned 202. Retrying...
2022-10-26T03:23:52.8404051Z A path returned 202. Retrying...
2022-10-26T03:23:52.8404300Z A path returned 202. Retrying...
2022-10-26T03:23:52.8404552Z A path returned 202. Retrying...
2022-10-26T03:23:52.8404802Z A path returned 202. Retrying...
2022-10-26T03:23:52.8405052Z A path returned 202. Retrying...
2022-10-26T03:23:52.8405300Z A path returned 202. Retrying...
2022-10-26T03:23:52.8405544Z A path returned 202. Retrying...
2022-10-26T03:23:52.8405778Z A path returned 202. Retrying...
2022-10-26T03:23:52.8406028Z A path returned 202. Retrying...
2022-10-26T03:23:52.8406272Z A path returned 202. Retrying...
2022-10-26T03:23:52.8406519Z A path returned 202. Retrying...
2022-10-26T03:23:52.8406769Z A path returned 202. Retrying...
2022-10-26T03:23:52.8407017Z A path returned 202. Retrying...
2022-10-26T03:23:52.8407264Z A path returned 202. Retrying...
2022-10-26T03:23:52.8407511Z A path returned 202. Retrying...
2022-10-26T03:23:52.8407743Z A path returned 202. Retrying...
2022-10-26T03:23:52.8407990Z A path returned 202. Retrying...
2022-10-26T03:23:52.8408241Z A path returned 202. Retrying...
2022-10-26T03:23:52.8408585Z A path returned 202. Retrying...
2022-10-26T03:23:52.8408832Z A path returned 202. Retrying...
2022-10-26T03:23:52.8409078Z A path returned 202. Retrying...
2022-10-26T03:23:52.8409325Z A path returned 202. Retrying...
2022-10-26T03:23:52.8409571Z A path returned 202. Retrying...
2022-10-26T03:23:52.8409804Z A path returned 202. Retrying...
2022-10-26T03:23:52.8410049Z A path returned 202. Retrying...
2022-10-26T03:23:52.8410301Z A path returned 202. Retrying...
2022-10-26T03:23:52.8410551Z A path returned 202. Retrying...
2022-10-26T03:23:52.8410798Z A path returned 202. Retrying...
2022-10-26T03:23:52.8411044Z A path returned 202. Retrying...
2022-10-26T03:23:52.8411293Z A path returned 202. Retrying...
2022-10-26T03:23:52.8411527Z A path returned 202. Retrying...
2022-10-26T03:23:52.8411776Z A path returned 202. Retrying...
2022-10-26T03:23:52.8412021Z A path returned 202. Retrying...
2022-10-26T03:23:52.8412269Z A path returned 202. Retrying...
2022-10-26T03:23:52.8412521Z A path returned 202. Retrying...
2022-10-26T03:23:52.8412773Z A path returned 202. Retrying...
2022-10-26T03:23:52.8413019Z A path returned 202. Retrying...
2022-10-26T03:23:52.8413266Z A path returned 202. Retrying...
2022-10-26T03:23:52.8413500Z A path returned 202. Retrying...
2022-10-26T03:23:52.8413747Z A path returned 202. Retrying...
2022-10-26T03:23:52.8414033Z A path returned 202. Retrying...
2022-10-26T03:23:52.8414281Z A path returned 202. Retrying...
2022-10-26T03:23:52.8414531Z A path returned 202. Retrying...
2022-10-26T03:23:52.8414776Z A path returned 202. Retrying...
2022-10-26T03:23:52.8415024Z A path returned 202. Retrying...
2022-10-26T03:23:52.8415270Z A path returned 202. Retrying...
2022-10-26T03:23:52.8415504Z A path returned 202. Retrying...
2022-10-26T03:23:52.8415749Z A path returned 202. Retrying...
2022-10-26T03:23:52.8415995Z A path returned 202. Retrying...
2022-10-26T03:23:52.8416244Z A path returned 202. Retrying...
2022-10-26T03:23:52.8416558Z A path returned 202. Retrying...
2022-10-26T03:23:52.8416813Z A path returned 202. Retrying...
2022-10-26T03:23:52.8417062Z A path returned 202. Retrying...
2022-10-26T03:23:52.8417296Z A path returned 202. Retrying...
2022-10-26T03:23:52.8417545Z A path returned 202. Retrying...
2022-10-26T03:23:52.8417792Z A path returned 202. Retrying...
2022-10-26T03:23:52.8418039Z A path returned 202. Retrying...
2022-10-26T03:23:52.8418286Z A path returned 202. Retrying...
2022-10-26T03:23:52.8418533Z A path returned 202. Retrying...
2022-10-26T03:23:52.8418782Z A path returned 202. Retrying...
2022-10-26T03:23:52.8419029Z A path returned 202. Retrying...
2022-10-26T03:23:52.8419263Z A path returned 202. Retrying...
2022-10-26T03:23:52.8419510Z A path returned 202. Retrying...
2022-10-26T03:23:52.8419756Z A path returned 202. Retrying...
2022-10-26T03:23:52.8420005Z A path returned 202. Retrying...
2022-10-26T03:23:52.8420259Z A path returned 202. Retrying...
2022-10-26T03:23:52.8420506Z A path returned 202. Retrying...
2022-10-26T03:23:52.8420756Z A path returned 202. Retrying...
2022-10-26T03:23:52.8421006Z A path returned 202. Retrying...
2022-10-26T03:23:52.8421238Z A path returned 202. Retrying...
2022-10-26T03:23:52.8421481Z A path returned 202. Retrying...
2022-10-26T03:23:52.8421728Z A path returned 202. Retrying...
2022-10-26T03:23:52.8421980Z A path returned 202. Retrying...
2022-10-26T03:23:52.8422227Z A path returned 202. Retrying...
2022-10-26T03:23:52.8422473Z A path returned 202. Retrying...
2022-10-26T03:23:52.8422721Z A path returned 202. Retrying...
2022-10-26T03:23:52.8422955Z A path returned 202. Retrying...
2022-10-26T03:23:52.8423202Z A path returned 202. Retrying...
2022-10-26T03:23:52.8423448Z A path returned 202. Retrying...
2022-10-26T03:23:52.8423694Z A path returned 202. Retrying...
2022-10-26T03:23:52.8423944Z A path returned 202. Retrying...
2022-10-26T03:23:52.8424191Z A path returned 202. Retrying...
2022-10-26T03:23:52.8424438Z A path returned 202. Retrying...
2022-10-26T03:23:52.8424687Z A path returned 202. Retrying...
2022-10-26T03:23:52.8424989Z A path returned 202. Retrying...
2022-10-26T03:23:52.8425241Z A path returned 202. Retrying...
2022-10-26T03:23:52.8425488Z A path returned 202. Retrying...
2022-10-26T03:23:52.8425734Z A path returned 202. Retrying...
2022-10-26T03:23:52.8425980Z A path returned 202. Retrying...
2022-10-26T03:23:52.8426227Z A path returned 202. Retrying...
2022-10-26T03:23:52.8426474Z A path returned 202. Retrying...
2022-10-26T03:23:52.8426720Z A path returned 202. Retrying...
2022-10-26T03:23:52.8426954Z A path returned 202. Retrying...
2022-10-26T03:23:52.8427200Z A path returned 202. Retrying...
2022-10-26T03:23:52.8427448Z A path returned 202. Retrying...
2022-10-26T03:23:52.8427696Z A path returned 202. Retrying...
2022-10-26T03:23:52.8427944Z A path returned 202. Retrying...
2022-10-26T03:23:52.8428191Z A path returned 202. Retrying...
2022-10-26T03:23:52.8428439Z A path returned 202. Retrying...
2022-10-26T03:23:52.8428685Z A path returned 202. Retrying...
2022-10-26T03:23:52.8428929Z A path returned 202. Retrying...
2022-10-26T03:23:52.8429180Z A path returned 202. Retrying...
2022-10-26T03:23:52.8429430Z A path returned 202. Retrying...
2022-10-26T03:23:52.8429680Z A path returned 202. Retrying...
2022-10-26T03:23:52.8429928Z A path returned 202. Retrying...
2022-10-26T03:23:52.8430174Z A path returned 202. Retrying...
2022-10-26T03:23:52.8430423Z A path returned 202. Retrying...
2022-10-26T03:23:52.8430657Z A path returned 202. Retrying...
2022-10-26T03:23:52.8430905Z A path returned 202. Retrying...
2022-10-26T03:23:52.8431148Z A path returned 202. Retrying...
2022-10-26T03:23:52.8431395Z A path returned 202. Retrying...
2022-10-26T03:23:52.8431641Z A path returned 202. Retrying...
2022-10-26T03:23:52.8431882Z A path returned 202. Retrying...
2022-10-26T03:23:52.8432122Z A path returned 202. Retrying...
2022-10-26T03:23:52.8432370Z A path returned 202. Retrying...
2022-10-26T03:23:52.8432600Z A path returned 202. Retrying...
2022-10-26T03:23:52.8432901Z A path returned 202. Retrying...
2022-10-26T03:23:52.8433154Z A path returned 202. Retrying...
2022-10-26T03:23:52.8433401Z A path returned 202. Retrying...
2022-10-26T03:23:52.8433650Z A path returned 202. Retrying...
2022-10-26T03:23:52.8433897Z A path returned 202. Retrying...
2022-10-26T03:23:52.8434146Z A path returned 202. Retrying...
2022-10-26T03:23:52.8434396Z A path returned 202. Retrying...
2022-10-26T03:23:52.8434631Z A path returned 202. Retrying...
2022-10-26T03:23:52.8434878Z A path returned 202. Retrying...
2022-10-26T03:23:52.8435240Z A path returned 202. Retrying...
2022-10-26T03:23:52.8435531Z A path returned 202. Retrying...
2022-10-26T03:23:52.8435779Z A path returned 202. Retrying...
2022-10-26T03:23:52.8436027Z A path returned 202. Retrying...
2022-10-26T03:23:52.8436273Z A path returned 202. Retrying...
2022-10-26T03:23:52.8436506Z A path returned 202. Retrying...
2022-10-26T03:23:52.8437654Z A path returned 202. Retrying...
2022-10-26T03:23:52.8437876Z A path returned 202. Retrying...
2022-10-26T03:23:52.8438103Z A path returned 202. Retrying...
2022-10-26T03:23:52.8438328Z A path returned 202. Retrying...
2022-10-26T03:23:52.8438549Z A path returned 202. Retrying...
2022-10-26T03:23:52.8438770Z A path returned 202. Retrying...
2022-10-26T03:23:52.8438992Z A path returned 202. Retrying...
2022-10-26T03:23:52.8439200Z A path returned 202. Retrying...
2022-10-26T03:23:52.8439422Z A path returned 202. Retrying...
2022-10-26T03:23:52.8439644Z A path returned 202. Retrying...
2022-10-26T03:23:52.8440091Z A path returned 202. Retrying...
2022-10-26T03:23:52.8440316Z A path returned 202. Retrying...
2022-10-26T03:23:52.8440535Z A path returned 202. Retrying...
2022-10-26T03:23:52.8440759Z A path returned 202. Retrying...
2022-10-26T03:23:52.8440980Z A path returned 202. Retrying...
2022-10-26T03:23:52.8441190Z A path returned 202. Retrying...
2022-10-26T03:23:52.8441410Z A path returned 202. Retrying...
2022-10-26T03:23:52.8441632Z A path returned 202. Retrying...
2022-10-26T03:23:52.8442068Z A path returned 202. Retrying...
2022-10-26T03:23:52.8442423Z A path returned 202. Retrying...
2022-10-26T03:23:52.8443255Z A path returned 202. Retrying...
2022-10-26T03:23:52.8443511Z A path returned 202. Retrying...
2022-10-26T03:23:52.8444107Z A path returned 202. Retrying...
2022-10-26T03:23:52.8444671Z A path returned 202. Retrying...
2022-10-26T03:23:52.8444926Z A path returned 202. Retrying...
2022-10-26T03:23:52.8445173Z A path returned 202. Retrying...
2022-10-26T03:23:52.8445421Z A path returned 202. Retrying...
2022-10-26T03:23:52.8445996Z A path returned 202. Retrying...
2022-10-26T03:23:52.8446254Z A path returned 202. Retrying...
2022-10-26T03:23:52.8446504Z A path returned 202. Retrying...
2022-10-26T03:23:52.8446737Z A path returned 202. Retrying...
2022-10-26T03:23:52.8446985Z A path returned 202. Retrying...
2022-10-26T03:23:52.8447543Z A path returned 202. Retrying...
2022-10-26T03:32:42.3327899Z A path returned 202. Retrying...
2022-10-26T03:32:42.3328273Z A path returned 202. Retrying...
2022-10-26T03:32:42.3328585Z A path returned 202. Retrying...
2022-10-26T03:32:42.3328870Z A path returned 202. Retrying...
2022-10-26T03:32:42.3329165Z A path returned 202. Retrying...
2022-10-26T03:32:42.3329447Z A path returned 202. Retrying...
2022-10-26T03:32:42.3329732Z A path returned 202. Retrying...
2022-10-26T03:32:42.3330018Z A path returned 202. Retrying...
2022-10-26T03:32:42.3330305Z A path returned 202. Retrying...
2022-10-26T03:32:42.3330586Z A path returned 202. Retrying...
2022-10-26T03:32:42.3330866Z A path returned 202. Retrying...
2022-10-26T03:32:42.3331135Z A path returned 202. Retrying...
2022-10-26T03:32:42.3331414Z A path returned 202. Retrying...
2022-10-26T03:32:42.3331699Z A path returned 202. Retrying...
2022-10-26T03:32:42.3331980Z A path returned 202. Retrying...
2022-10-26T03:32:42.3332260Z A path returned 202. Retrying...
2022-10-26T03:32:42.3332539Z A path returned 202. Retrying...
2022-10-26T03:32:42.3332821Z A path returned 202. Retrying...
2022-10-26T03:32:42.3333462Z A path returned 202. Retrying...
2022-10-26T03:32:42.3333743Z A path returned 202. Retrying...
2022-10-26T03:32:42.3334027Z A path returned 202. Retrying...
2022-10-26T03:32:42.3334307Z A path returned 202. Retrying...
2022-10-26T03:32:42.3334587Z A path returned 202. Retrying...
2022-10-26T03:32:42.3334867Z A path returned 202. Retrying...
2022-10-26T03:32:42.3335146Z A path returned 202. Retrying...
2022-10-26T03:32:42.3335427Z A path returned 202. Retrying...
2022-10-26T03:32:42.3335693Z A path returned 202. Retrying...
2022-10-26T03:32:42.3335975Z A path returned 202. Retrying...
2022-10-26T03:32:42.3336253Z A path returned 202. Retrying...
2022-10-26T03:32:42.3336534Z A path returned 202. Retrying...
2022-10-26T03:32:42.3336813Z A path returned 202. Retrying...
2022-10-26T03:32:42.3337094Z A path returned 202. Retrying...
2022-10-26T03:32:42.3337372Z A path returned 202. Retrying...
2022-10-26T03:32:42.3337650Z A path returned 202. Retrying...
2022-10-26T03:32:42.3337916Z A path returned 202. Retrying...
2022-10-26T03:32:42.3338199Z A path returned 202. Retrying...
2022-10-26T03:32:42.3338489Z A path returned 202. Retrying...
2022-10-26T03:32:42.3338768Z A path returned 202. Retrying...
2022-10-26T03:32:42.3339048Z A path returned 202. Retrying...
2022-10-26T03:32:42.3339328Z A path returned 202. Retrying...
2022-10-26T03:32:42.3339607Z A path returned 202. Retrying...
2022-10-26T03:32:42.3339889Z A path returned 202. Retrying...
2022-10-26T03:32:42.3340155Z A path returned 202. Retrying...
2022-10-26T03:32:42.3340436Z A path returned 202. Retrying...
2022-10-26T03:32:42.3340719Z A path returned 202. Retrying...
2022-10-26T03:32:42.3341002Z A path returned 202. Retrying...
2022-10-26T03:32:42.3341281Z A path returned 202. Retrying...
2022-10-26T03:32:42.3341563Z A path returned 202. Retrying...
2022-10-26T03:32:42.3341841Z A path returned 202. Retrying...
2022-10-26T03:32:42.3342111Z A path returned 202. Retrying...
2022-10-26T03:32:42.3342390Z A path returned 202. Retrying...
2022-10-26T03:32:42.3342676Z A path returned 202. Retrying...
2022-10-26T03:32:42.3342958Z A path returned 202. Retrying...
2022-10-26T03:32:42.3343360Z A path returned 202. Retrying...
2022-10-26T03:32:42.3343639Z A path returned 202. Retrying...
2022-10-26T03:32:42.3343915Z A path returned 202. Retrying...
2022-10-26T03:32:42.3344195Z A path returned 202. Retrying...
2022-10-26T03:32:42.3344460Z A path returned 202. Retrying...
2022-10-26T03:32:42.3344735Z A path returned 202. Retrying...
2022-10-26T03:32:42.3345013Z A path returned 202. Retrying...
2022-10-26T03:32:42.3345293Z A path returned 202. Retrying...
2022-10-26T03:32:42.3345572Z A path returned 202. Retrying...
2022-10-26T03:32:42.3345851Z A path returned 202. Retrying...
2022-10-26T03:32:42.3346132Z A path returned 202. Retrying...
2022-10-26T03:32:42.3346410Z A path returned 202. Retrying...
2022-10-26T03:32:42.3346678Z A path returned 202. Retrying...
2022-10-26T03:32:42.3347048Z A path returned 202. Retrying...
2022-10-26T03:32:42.3347600Z A path returned 202. Retrying...
2022-10-26T03:32:42.3347865Z A path returned 202. Retrying...
2022-10-26T03:32:42.3348113Z A path returned 202. Retrying...
2022-10-26T03:32:42.3348358Z A path returned 202. Retrying...
2022-10-26T03:32:42.3348603Z A path returned 202. Retrying...
2022-10-26T03:32:42.3348836Z A path returned 202. Retrying...
2022-10-26T03:32:42.3349087Z A path returned 202. Retrying...
2022-10-26T03:32:42.3349332Z A path returned 202. Retrying...
2022-10-26T03:32:42.3349581Z A path returned 202. Retrying...
2022-10-26T03:32:42.3349827Z A path returned 202. Retrying...
2022-10-26T03:32:42.3350073Z A path returned 202. Retrying...
2022-10-26T03:32:42.3350316Z A path returned 202. Retrying...
2022-10-26T03:32:42.3350562Z A path returned 202. Retrying...
2022-10-26T03:32:42.3350794Z A path returned 202. Retrying...
2022-10-26T03:32:42.3351117Z A path returned 202. Retrying...
2022-10-26T03:32:42.3351361Z A path returned 202. Retrying...
2022-10-26T03:32:42.3351610Z A path returned 202. Retrying...
2022-10-26T03:32:42.3351958Z A path returned 202. Retrying...
2022-10-26T03:32:42.3352214Z A path returned 202. Retrying...
2022-10-26T03:32:42.3352462Z A path returned 202. Retrying...
2022-10-26T03:32:42.3352707Z A path returned 202. Retrying...
2022-10-26T03:32:42.3352954Z A path returned 202. Retrying...
2022-10-26T03:32:42.3353198Z A path returned 202. Retrying...
2022-10-26T03:32:42.3353442Z A path returned 202. Retrying...
2022-10-26T03:32:42.3353687Z A path returned 202. Retrying...
2022-10-26T03:32:42.3353920Z A path returned 202. Retrying...
2022-10-26T03:32:42.3354162Z A path returned 202. Retrying...
2022-10-26T03:32:42.3354406Z A path returned 202. Retrying...
2022-10-26T03:32:42.3354651Z A path returned 202. Retrying...
2022-10-26T03:32:42.3354895Z A path returned 202. Retrying...
2022-10-26T03:32:42.3355139Z A path returned 202. Retrying...
2022-10-26T03:32:42.3355381Z A path returned 202. Retrying...
2022-10-26T03:32:42.3355614Z A path returned 202. Retrying...
2022-10-26T03:32:42.3355858Z A path returned 202. Retrying...
2022-10-26T03:32:42.3356104Z A path returned 202. Retrying...
2022-10-26T03:32:42.3356356Z A path returned 202. Retrying...
2022-10-26T03:32:42.3356602Z A path returned 202. Retrying...
2022-10-26T03:32:42.3356851Z A path returned 202. Retrying...
2022-10-26T03:32:42.3357091Z A path returned 202. Retrying...
2022-10-26T03:32:42.3357335Z A path returned 202. Retrying...
2022-10-26T03:32:42.3357579Z A path returned 202. Retrying...
2022-10-26T03:32:42.3357822Z A path returned 202. Retrying...
2022-10-26T03:32:42.3358065Z A path returned 202. Retrying...
2022-10-26T03:32:42.3358308Z A path returned 202. Retrying...
2022-10-26T03:32:42.3358539Z A path returned 202. Retrying...
2022-10-26T03:32:42.3358782Z A path returned 202. Retrying...
2022-10-26T03:32:42.3359024Z A path returned 202. Retrying...
2022-10-26T03:32:42.3359268Z A path returned 202. Retrying...
2022-10-26T03:32:42.3359511Z A path returned 202. Retrying...
2022-10-26T03:32:42.3359906Z A path returned 202. Retrying...
2022-10-26T03:32:42.3360157Z A path returned 202. Retrying...
2022-10-26T03:32:42.3360401Z A path returned 202. Retrying...
2022-10-26T03:32:42.3360763Z A path returned 202. Retrying...
2022-10-26T03:32:42.3361012Z A path returned 202. Retrying...
2022-10-26T03:32:42.3361258Z A path returned 202. Retrying...
2022-10-26T03:32:42.3361504Z A path returned 202. Retrying...
2022-10-26T03:32:42.3361748Z A path returned 202. Retrying...
2022-10-26T03:32:42.3361994Z A path returned 202. Retrying...
2022-10-26T03:32:42.3362238Z A path returned 202. Retrying...
2022-10-26T03:32:42.3362469Z A path returned 202. Retrying...
2022-10-26T03:32:42.3362716Z A path returned 202. Retrying...
2022-10-26T03:32:42.3362965Z A path returned 202. Retrying...
2022-10-26T03:32:42.3363210Z A path returned 202. Retrying...
2022-10-26T03:32:42.3363455Z A path returned 202. Retrying...
2022-10-26T03:32:42.3363698Z A path returned 202. Retrying...
2022-10-26T03:32:42.3363941Z A path returned 202. Retrying...
2022-10-26T03:32:42.3364185Z A path returned 202. Retrying...
2022-10-26T03:32:42.3364419Z A path returned 202. Retrying...
2022-10-26T03:32:42.3364664Z A path returned 202. Retrying...
2022-10-26T03:32:42.3364911Z A path returned 202. Retrying...
2022-10-26T03:32:42.3365865Z A path returned 202. Retrying...
2022-10-26T03:32:42.3366151Z A path returned 202. Retrying...
2022-10-26T03:32:42.3366402Z A path returned 202. Retrying...
2022-10-26T03:32:42.3366646Z A path returned 202. Retrying...
2022-10-26T03:32:42.3366889Z A path returned 202. Retrying...
2022-10-26T03:32:42.3367120Z A path returned 202. Retrying...
2022-10-26T03:32:42.3367363Z A path returned 202. Retrying...
2022-10-26T03:32:42.3367609Z A path returned 202. Retrying...
2022-10-26T03:32:42.3367852Z A path returned 202. Retrying...
2022-10-26T03:32:42.3368096Z A path returned 202. Retrying...
2022-10-26T03:32:42.3368340Z A path returned 202. Retrying...
2022-10-26T03:32:42.3368586Z A path returned 202. Retrying...
2022-10-26T03:32:42.3368815Z A path returned 202. Retrying...
2022-10-26T03:32:42.3369210Z A path returned 202. Retrying...
2022-10-26T03:32:42.3369464Z A path returned 202. Retrying...
2022-10-26T03:32:42.3369715Z A path returned 202. Retrying...
2022-10-26T03:32:42.3369959Z A path returned 202. Retrying...
2022-10-26T03:32:42.3370203Z A path returned 202. Retrying...
2022-10-26T03:32:42.3370448Z A path returned 202. Retrying...
2022-10-26T03:32:42.3371016Z A path returned 202. Retrying...
2022-10-26T03:32:42.3371290Z A path returned 202. Retrying...
2022-10-26T03:32:42.3371544Z A path returned 202. Retrying...
2022-10-26T03:32:42.3371790Z A path returned 202. Retrying...
2022-10-26T03:32:42.3372040Z A path returned 202. Retrying...
2022-10-26T03:32:42.3372288Z A path returned 202. Retrying...
2022-10-26T03:32:42.3372532Z A path returned 202. Retrying...
2022-10-26T03:32:42.3372776Z A path returned 202. Retrying...
2022-10-26T03:32:42.3373020Z A path returned 202. Retrying...
2022-10-26T03:32:42.3373251Z A path returned 202. Retrying...
2022-10-26T03:32:42.3373492Z A path returned 202. Retrying...
2022-10-26T03:32:42.3373740Z A path returned 202. Retrying...
2022-10-26T03:32:42.3373988Z A path returned 202. Retrying...
2022-10-26T03:32:42.3374232Z A path returned 202. Retrying...
2022-10-26T03:32:42.3374477Z A path returned 202. Retrying...
2022-10-26T03:32:42.3374721Z A path returned 202. Retrying...
2022-10-26T03:32:42.3374950Z A path returned 202. Retrying...
2022-10-26T03:32:42.3375194Z A path returned 202. Retrying...
2022-10-26T03:32:42.3375437Z A path returned 202. Retrying...
2022-10-26T03:32:42.3375682Z A path returned 202. Retrying...
2022-10-26T03:32:42.3375927Z A path returned 202. Retrying...
2022-10-26T03:32:42.3376170Z A path returned 202. Retrying...
2022-10-26T03:32:42.3376412Z A path returned 202. Retrying...
2022-10-26T03:32:42.3376655Z A path returned 202. Retrying...
2022-10-26T03:32:42.3376886Z A path returned 202. Retrying...
2022-10-26T03:32:42.3377551Z A path returned 202. Retrying...
2022-10-26T03:32:42.3377847Z A path returned 202. Retrying...
2022-10-26T03:32:42.3378096Z A path returned 202. Retrying...
2022-10-26T03:32:42.3378342Z A path returned 202. Retrying...
2022-10-26T03:32:42.3378721Z A path returned 202. Retrying...
2022-10-26T03:32:42.3378963Z A path returned 202. Retrying...
2022-10-26T03:32:42.3379206Z A path returned 202. Retrying...
2022-10-26T03:32:42.3379441Z A path returned 202. Retrying...
2022-10-26T03:32:42.3379684Z A path returned 202. Retrying...
2022-10-26T03:32:42.3379930Z A path returned 202. Retrying...
2022-10-26T03:32:42.3380173Z A path returned 202. Retrying...
2022-10-26T03:32:42.3380417Z A path returned 202. Retrying...
2022-10-26T03:32:42.3380661Z A path returned 202. Retrying...
2022-10-26T03:32:42.3380905Z A path returned 202. Retrying...
2022-10-26T03:32:42.3381147Z A path returned 202. Retrying...
2022-10-26T03:32:42.3381380Z A path returned 202. Retrying...
2022-10-26T03:32:42.3381626Z A path returned 202. Retrying...
2022-10-26T03:32:42.3381870Z A path returned 202. Retrying...
2022-10-26T03:32:42.3382114Z A path returned 202. Retrying...
2022-10-26T03:32:42.3382360Z A path returned 202. Retrying...
2022-10-26T03:32:42.3382605Z A path returned 202. Retrying...
2022-10-26T03:32:42.3382848Z A path returned 202. Retrying...
2022-10-26T03:32:42.3383079Z A path returned 202. Retrying...
2022-10-26T03:32:42.3383324Z A path returned 202. Retrying...
2022-10-26T03:32:42.3383570Z A path returned 202. Retrying...
2022-10-26T03:32:42.3383816Z A path returned 202. Retrying...
2022-10-26T03:32:42.3384058Z A path returned 202. Retrying...
2022-10-26T03:32:42.3384303Z A path returned 202. Retrying...
2022-10-26T03:32:42.3384546Z A path returned 202. Retrying...
2022-10-26T03:32:42.3384789Z A path returned 202. Retrying...
2022-10-26T03:32:42.3385022Z A path returned 202. Retrying...
2022-10-26T03:32:42.3385263Z A path returned 202. Retrying...
2022-10-26T03:32:42.3385510Z A path returned 202. Retrying...
2022-10-26T03:32:42.3385753Z A path returned 202. Retrying...
2022-10-26T03:32:42.3385997Z A path returned 202. Retrying...
2022-10-26T03:32:42.3386239Z A path returned 202. Retrying...
2022-10-26T03:32:42.3386545Z A path returned 202. Retrying...
2022-10-26T03:32:42.3386797Z A path returned 202. Retrying...
2022-10-26T03:32:42.3387027Z A path returned 202. Retrying...
2022-10-26T03:32:42.3387271Z A path returned 202. Retrying...
2022-10-26T03:32:42.3387514Z A path returned 202. Retrying...
2022-10-26T03:32:42.3387758Z A path returned 202. Retrying...
2022-10-26T03:32:42.3388002Z A path returned 202. Retrying...
2022-10-26T03:32:42.3388244Z A path returned 202. Retrying...
2022-10-26T03:32:42.3388489Z A path returned 202. Retrying...
2022-10-26T03:32:42.3388721Z A path returned 202. Retrying...
2022-10-26T03:32:42.3388968Z A path returned 202. Retrying...
2022-10-26T03:32:42.3389212Z A path returned 202. Retrying...
2022-10-26T03:32:42.3389455Z A path returned 202. Retrying...
2022-10-26T03:32:42.3389698Z A path returned 202. Retrying...
2022-10-26T03:32:42.3389941Z A path returned 202. Retrying...
2022-10-26T03:32:42.3390185Z A path returned 202. Retrying...
2022-10-26T03:32:42.3390430Z A path returned 202. Retrying...
2022-10-26T03:32:42.3390662Z A path returned 202. Retrying...
2022-10-26T03:32:42.3390903Z A path returned 202. Retrying...
2022-10-26T03:32:42.3391147Z A path returned 202. Retrying...
2022-10-26T03:32:42.3391390Z A path returned 202. Retrying...
2022-10-26T03:32:42.3391633Z A path returned 202. Retrying...
2022-10-26T03:32:42.3391877Z A path returned 202. Retrying...
2022-10-26T03:32:42.3392124Z A path returned 202. Retrying...
2022-10-26T03:32:42.3392367Z A path returned 202. Retrying...
2022-10-26T03:32:42.3392601Z A path returned 202. Retrying...
2022-10-26T03:32:42.3392844Z A path returned 202. Retrying...
2022-10-26T03:32:42.3393089Z A path returned 202. Retrying...
2022-10-26T03:32:42.3393333Z A path returned 202. Retrying...
2022-10-26T03:32:42.3393576Z A path returned 202. Retrying...
2022-10-26T03:32:42.3393819Z A path returned 202. Retrying...
2022-10-26T03:41:32.4841006Z A path returned 202. Retrying...
2022-10-26T03:41:32.4841326Z A path returned 202. Retrying...
2022-10-26T03:41:32.4841611Z A path returned 202. Retrying...
2022-10-26T03:41:32.4842238Z A path returned 202. Retrying...
2022-10-26T03:41:32.4842492Z A path returned 202. Retrying...
2022-10-26T03:41:32.4842742Z A path returned 202. Retrying...
2022-10-26T03:41:32.4842992Z A path returned 202. Retrying...
2022-10-26T03:41:32.4843240Z A path returned 202. Retrying...
2022-10-26T03:41:32.4843485Z A path returned 202. Retrying...
2022-10-26T03:41:32.4843718Z A path returned 202. Retrying...
2022-10-26T03:41:32.4843963Z A path returned 202. Retrying...
2022-10-26T03:41:32.4844214Z A path returned 202. Retrying...
2022-10-26T03:41:32.4844461Z A path returned 202. Retrying...
2022-10-26T03:41:32.4844708Z A path returned 202. Retrying...
2022-10-26T03:41:32.4844953Z A path returned 202. Retrying...
2022-10-26T03:41:32.4845202Z A path returned 202. Retrying...
2022-10-26T03:41:32.4845436Z A path returned 202. Retrying...
2022-10-26T03:41:32.4845684Z A path returned 202. Retrying...
2022-10-26T03:41:32.4845932Z A path returned 202. Retrying...
2022-10-26T03:41:32.4846183Z A path returned 202. Retrying...
2022-10-26T03:41:32.4846429Z A path returned 202. Retrying...
2022-10-26T03:41:32.4846674Z A path returned 202. Retrying...
2022-10-26T03:41:32.4846919Z A path returned 202. Retrying...
2022-10-26T03:41:32.4847163Z A path returned 202. Retrying...
2022-10-26T03:41:32.4847394Z A path returned 202. Retrying...
2022-10-26T03:41:32.4847640Z A path returned 202. Retrying...
2022-10-26T03:41:32.4847919Z A path returned 202. Retrying...
2022-10-26T03:41:32.4848164Z A path returned 202. Retrying...
2022-10-26T03:41:32.4848409Z A path returned 202. Retrying...
2022-10-26T03:41:32.4848653Z A path returned 202. Retrying...
2022-10-26T03:41:32.4848898Z A path returned 202. Retrying...
2022-10-26T03:41:32.4849146Z A path returned 202. Retrying...
2022-10-26T03:41:32.4849377Z A path returned 202. Retrying...
2022-10-26T03:41:32.4849621Z A path returned 202. Retrying...
2022-10-26T03:41:32.4849869Z A path returned 202. Retrying...
2022-10-26T03:41:32.4850216Z A path returned 202. Retrying...
2022-10-26T03:41:32.4850470Z A path returned 202. Retrying...
2022-10-26T03:41:32.4850715Z A path returned 202. Retrying...
2022-10-26T03:41:32.4850964Z A path returned 202. Retrying...
2022-10-26T03:41:32.4851211Z A path returned 202. Retrying...
2022-10-26T03:41:32.4851444Z A path returned 202. Retrying...
2022-10-26T03:41:32.4851686Z A path returned 202. Retrying...
2022-10-26T03:41:32.4852016Z A path returned 202. Retrying...
2022-10-26T03:41:32.4852260Z A path returned 202. Retrying...
2022-10-26T03:41:32.4852492Z A path returned 202. Retrying...
2022-10-26T03:41:32.4852734Z A path returned 202. Retrying...
2022-10-26T03:41:32.4852978Z A path returned 202. Retrying...
2022-10-26T03:41:32.4853227Z A path returned 202. Retrying...
2022-10-26T03:41:32.4853472Z A path returned 202. Retrying...
2022-10-26T03:41:32.4853716Z A path returned 202. Retrying...
2022-10-26T03:41:32.4853962Z A path returned 202. Retrying...
2022-10-26T03:41:32.4854197Z A path returned 202. Retrying...
2022-10-26T03:41:32.4854445Z A path returned 202. Retrying...
2022-10-26T03:41:32.4854692Z A path returned 202. Retrying...
2022-10-26T03:41:32.4854941Z A path returned 202. Retrying...
2022-10-26T03:41:32.4855186Z A path returned 202. Retrying...
2022-10-26T03:41:32.4855430Z A path returned 202. Retrying...
2022-10-26T03:41:32.4855672Z A path returned 202. Retrying...
2022-10-26T03:41:32.4855915Z A path returned 202. Retrying...
2022-10-26T03:41:32.4856146Z A path returned 202. Retrying...
2022-10-26T03:41:32.4856389Z A path returned 202. Retrying...
2022-10-26T03:41:32.4856634Z A path returned 202. Retrying...
2022-10-26T03:41:32.4856878Z A path returned 202. Retrying...
2022-10-26T03:41:32.4857120Z A path returned 202. Retrying...
2022-10-26T03:41:32.4857364Z A path returned 202. Retrying...
2022-10-26T03:41:32.4857606Z A path returned 202. Retrying...
2022-10-26T03:41:32.4857851Z A path returned 202. Retrying...
2022-10-26T03:41:32.4858081Z A path returned 202. Retrying...
2022-10-26T03:41:32.4858327Z A path returned 202. Retrying...
2022-10-26T03:41:32.4858653Z A path returned 202. Retrying...
2022-10-26T03:41:32.4858898Z A path returned 202. Retrying...
2022-10-26T03:41:32.4859143Z A path returned 202. Retrying...
2022-10-26T03:41:32.4859387Z A path returned 202. Retrying...
2022-10-26T03:41:32.4859632Z A path returned 202. Retrying...
2022-10-26T03:41:32.4859863Z A path returned 202. Retrying...
2022-10-26T03:41:32.4860109Z A path returned 202. Retrying...
2022-10-26T03:41:32.4860353Z A path returned 202. Retrying...
2022-10-26T03:41:32.4860596Z A path returned 202. Retrying...
2022-10-26T03:41:32.4860842Z A path returned 202. Retrying...
2022-10-26T03:41:32.4861087Z A path returned 202. Retrying...
2022-10-26T03:41:32.4861331Z A path returned 202. Retrying...
2022-10-26T03:41:32.4861575Z A path returned 202. Retrying...
2022-10-26T03:41:32.4861808Z A path returned 202. Retrying...
2022-10-26T03:41:32.4862052Z A path returned 202. Retrying...
2022-10-26T03:41:32.4862305Z A path returned 202. Retrying...
2022-10-26T03:41:32.4862553Z A path returned 202. Retrying...
2022-10-26T03:41:32.4862799Z A path returned 202. Retrying...
2022-10-26T03:41:32.4863043Z A path returned 202. Retrying...
2022-10-26T03:41:32.4863289Z A path returned 202. Retrying...
2022-10-26T03:41:32.4863535Z A path returned 202. Retrying...
2022-10-26T03:41:32.4863767Z A path returned 202. Retrying...
2022-10-26T03:41:32.4864010Z A path returned 202. Retrying...
2022-10-26T03:41:32.4864255Z A path returned 202. Retrying...
2022-10-26T03:41:32.4864504Z A path returned 202. Retrying...
2022-10-26T03:41:32.4864781Z A path returned 202. Retrying...
2022-10-26T03:41:32.4865023Z A path returned 202. Retrying...
2022-10-26T03:41:32.4865269Z A path returned 202. Retrying...
2022-10-26T03:41:32.4865500Z A path returned 202. Retrying...
2022-10-26T03:41:32.4865745Z A path returned 202. Retrying...
2022-10-26T03:41:32.4865991Z A path returned 202. Retrying...
2022-10-26T03:41:32.4866235Z A path returned 202. Retrying...
2022-10-26T03:41:32.4866543Z A path returned 202. Retrying...
2022-10-26T03:41:32.4866796Z A path returned 202. Retrying...
2022-10-26T03:41:32.4867039Z A path returned 202. Retrying...
2022-10-26T03:41:32.4867282Z A path returned 202. Retrying...
2022-10-26T03:41:32.4867513Z A path returned 202. Retrying...
2022-10-26T03:41:32.4867755Z A path returned 202. Retrying...
2022-10-26T03:41:32.4868001Z A path returned 202. Retrying...
2022-10-26T03:41:32.4868244Z A path returned 202. Retrying...
2022-10-26T03:41:32.4868486Z A path returned 202. Retrying...
2022-10-26T03:41:32.4868730Z A path returned 202. Retrying...
2022-10-26T03:41:32.4868973Z A path returned 202. Retrying...
2022-10-26T03:41:32.4869217Z A path returned 202. Retrying...
2022-10-26T03:41:32.4869448Z A path returned 202. Retrying...
2022-10-26T03:41:32.4869692Z A path returned 202. Retrying...
2022-10-26T03:41:32.4869943Z A path returned 202. Retrying...
2022-10-26T03:41:32.4870189Z A path returned 202. Retrying...
2022-10-26T03:41:32.4870435Z A path returned 202. Retrying...
2022-10-26T03:41:32.4870681Z A path returned 202. Retrying...
2022-10-26T03:41:32.4870926Z A path returned 202. Retrying...
2022-10-26T03:41:32.4871157Z A path returned 202. Retrying...
2022-10-26T03:41:32.4871403Z A path returned 202. Retrying...
2022-10-26T03:41:32.4871649Z A path returned 202. Retrying...
2022-10-26T03:41:32.4871894Z A path returned 202. Retrying...
2022-10-26T03:41:32.4872141Z A path returned 202. Retrying...
2022-10-26T03:41:32.4872391Z A path returned 202. Retrying...
2022-10-26T03:41:32.4872634Z A path returned 202. Retrying...
2022-10-26T03:41:32.4872878Z A path returned 202. Retrying...
2022-10-26T03:41:32.4873108Z A path returned 202. Retrying...
2022-10-26T03:41:32.4873354Z A path returned 202. Retrying...
2022-10-26T03:41:32.4873601Z A path returned 202. Retrying...
2022-10-26T03:41:32.4873844Z A path returned 202. Retrying...
2022-10-26T03:41:32.4874089Z A path returned 202. Retrying...
2022-10-26T03:41:32.4874334Z A path returned 202. Retrying...
2022-10-26T03:41:32.4874584Z A path returned 202. Retrying...
2022-10-26T03:41:32.4874895Z A path returned 202. Retrying...
2022-10-26T03:41:32.4875125Z A path returned 202. Retrying...
2022-10-26T03:41:32.4875368Z A path returned 202. Retrying...
2022-10-26T03:41:32.4875615Z A path returned 202. Retrying...
2022-10-26T03:41:32.4875861Z A path returned 202. Retrying...
2022-10-26T03:41:32.4876105Z A path returned 202. Retrying...
2022-10-26T03:41:32.4876348Z A path returned 202. Retrying...
2022-10-26T03:41:32.4876593Z A path returned 202. Retrying...
2022-10-26T03:41:32.4876823Z A path returned 202. Retrying...
2022-10-26T03:41:32.4877069Z A path returned 202. Retrying...
2022-10-26T03:41:32.4877314Z A path returned 202. Retrying...
2022-10-26T03:41:32.4877560Z A path returned 202. Retrying...
2022-10-26T03:41:32.4877809Z A path returned 202. Retrying...
2022-10-26T03:41:32.4878053Z A path returned 202. Retrying...
2022-10-26T03:41:32.4878295Z A path returned 202. Retrying...
2022-10-26T03:41:32.4878542Z A path returned 202. Retrying...
2022-10-26T03:41:32.4878778Z A path returned 202. Retrying...
2022-10-26T03:41:32.4879029Z A path returned 202. Retrying...
2022-10-26T03:41:32.4879281Z A path returned 202. Retrying...
2022-10-26T03:41:32.4879527Z A path returned 202. Retrying...
2022-10-26T03:41:32.4879930Z A path returned 202. Retrying...
2022-10-26T03:41:32.4880180Z A path returned 202. Retrying...
2022-10-26T03:41:32.4880425Z A path returned 202. Retrying...
2022-10-26T03:41:32.4880671Z A path returned 202. Retrying...
2022-10-26T03:41:32.4880903Z A path returned 202. Retrying...
2022-10-26T03:41:32.4881144Z A path returned 202. Retrying...
2022-10-26T03:41:32.4881389Z A path returned 202. Retrying...
2022-10-26T03:41:32.4881633Z A path returned 202. Retrying...
2022-10-26T03:41:32.4881877Z A path returned 202. Retrying...
2022-10-26T03:41:32.4882119Z A path returned 202. Retrying...
2022-10-26T03:41:32.4882365Z A path returned 202. Retrying...
2022-10-26T03:41:32.4882610Z A path returned 202. Retrying...
2022-10-26T03:41:32.4882929Z A path returned 202. Retrying...
2022-10-26T03:41:32.4883180Z A path returned 202. Retrying...
2022-10-26T03:41:32.4883427Z A path returned 202. Retrying...
2022-10-26T03:41:32.4883672Z A path returned 202. Retrying...
2022-10-26T03:41:32.4883916Z A path returned 202. Retrying...
2022-10-26T03:41:32.4884161Z A path returned 202. Retrying...
2022-10-26T03:41:32.4884404Z A path returned 202. Retrying...
2022-10-26T03:41:32.4884635Z A path returned 202. Retrying...
2022-10-26T03:41:32.4884881Z A path returned 202. Retrying...
2022-10-26T03:41:32.4885127Z A path returned 202. Retrying...
2022-10-26T03:41:32.4885372Z A path returned 202. Retrying...
2022-10-26T03:41:32.4885615Z A path returned 202. Retrying...
2022-10-26T03:41:32.4885860Z A path returned 202. Retrying...
2022-10-26T03:41:32.4886103Z A path returned 202. Retrying...
2022-10-26T03:41:32.4886346Z A path returned 202. Retrying...
2022-10-26T03:41:32.4886577Z A path returned 202. Retrying...
2022-10-26T03:41:32.4886822Z A path returned 202. Retrying...
2022-10-26T03:41:32.4887073Z A path returned 202. Retrying...
2022-10-26T03:41:32.4887318Z A path returned 202. Retrying...
2022-10-26T03:41:32.4887562Z A path returned 202. Retrying...
2022-10-26T03:41:32.4887807Z A path returned 202. Retrying...
2022-10-26T03:41:32.4888514Z A path returned 202. Retrying...
2022-10-26T03:41:32.4888770Z A path returned 202. Retrying...
2022-10-26T03:41:32.4889004Z A path returned 202. Retrying...
2022-10-26T03:41:32.4889249Z A path returned 202. Retrying...
2022-10-26T03:41:32.4889497Z A path returned 202. Retrying...
2022-10-26T03:41:32.4889743Z A path returned 202. Retrying...
2022-10-26T03:41:32.4889988Z A path returned 202. Retrying...
2022-10-26T03:41:32.4890233Z A path returned 202. Retrying...
2022-10-26T03:41:32.4890481Z A path returned 202. Retrying...
2022-10-26T03:41:32.4890713Z A path returned 202. Retrying...
2022-10-26T03:41:32.4890958Z A path returned 202. Retrying...
2022-10-26T03:41:32.4891202Z A path returned 202. Retrying...
2022-10-26T03:41:32.4891455Z A path returned 202. Retrying...
2022-10-26T03:41:32.4891863Z A path returned 202. Retrying...
2022-10-26T03:41:32.4892110Z A path returned 202. Retrying...
2022-10-26T03:41:32.4892355Z A path returned 202. Retrying...
2022-10-26T03:41:32.4892599Z A path returned 202. Retrying...
2022-10-26T03:41:32.4892829Z A path returned 202. Retrying...
2022-10-26T03:41:32.4893072Z A path returned 202. Retrying...
2022-10-26T03:41:32.4893318Z A path returned 202. Retrying...
2022-10-26T03:41:32.4893562Z A path returned 202. Retrying...
2022-10-26T03:41:32.4893806Z A path returned 202. Retrying...
2022-10-26T03:41:32.4894051Z A path returned 202. Retrying...
2022-10-26T03:41:32.4894296Z A path returned 202. Retrying...
2022-10-26T03:41:32.4894541Z A path returned 202. Retrying...
2022-10-26T03:41:32.4894776Z A path returned 202. Retrying...
2022-10-26T03:41:32.4895021Z A path returned 202. Retrying...
2022-10-26T03:41:32.4895264Z A path returned 202. Retrying...
2022-10-26T03:41:32.4895514Z A path returned 202. Retrying...
2022-10-26T03:41:32.4895762Z A path returned 202. Retrying...
2022-10-26T03:41:32.4896005Z A path returned 202. Retrying...
2022-10-26T03:41:32.4896249Z A path returned 202. Retrying...
2022-10-26T03:41:32.4896481Z A path returned 202. Retrying...
2022-10-26T03:41:32.4896727Z A path returned 202. Retrying...
2022-10-26T03:41:32.4896971Z A path returned 202. Retrying...
2022-10-26T03:41:32.4897222Z A path returned 202. Retrying...
2022-10-26T03:41:32.4897468Z A path returned 202. Retrying...
2022-10-26T03:41:32.4897713Z A path returned 202. Retrying...
2022-10-26T03:41:32.4897957Z A path returned 202. Retrying...
2022-10-26T03:41:32.4898203Z A path returned 202. Retrying...
2022-10-26T03:41:32.4898434Z A path returned 202. Retrying...
2022-10-26T03:41:32.4898679Z A path returned 202. Retrying...
2022-10-26T03:41:32.4898923Z A path returned 202. Retrying...
2022-10-26T03:41:32.4899171Z A path returned 202. Retrying...
2022-10-26T03:41:32.4899415Z A path returned 202. Retrying...
2022-10-26T03:41:32.4899726Z A path returned 202. Retrying...
2022-10-26T03:41:32.4899985Z A path returned 202. Retrying...
2022-10-26T03:41:32.4900230Z A path returned 202. Retrying...
2022-10-26T03:41:32.4900462Z A path returned 202. Retrying...
2022-10-26T03:41:32.4900708Z A path returned 202. Retrying...
2022-10-26T03:41:32.4900957Z A path returned 202. Retrying...
2022-10-26T03:41:32.4901538Z A path returned 202. Retrying...
2022-10-26T03:41:32.4902027Z A path returned 202. Retrying...
2022-10-26T03:41:32.4902284Z A path returned 202. Retrying...
2022-10-26T03:41:32.4902531Z A path returned 202. Retrying...
2022-10-26T03:41:32.4902764Z A path returned 202. Retrying...
2022-10-26T03:41:32.4903012Z A path returned 202. Retrying...
2022-10-26T03:41:32.4903257Z A path returned 202. Retrying...
2022-10-26T03:41:32.4903503Z A path returned 202. Retrying...
2022-10-26T03:41:32.4903752Z A path returned 202. Retrying...
2022-10-26T03:50:24.1808521Z A path returned 202. Retrying...
2022-10-26T03:50:24.1809024Z A path returned 202. Retrying...
2022-10-26T03:50:24.1809375Z A path returned 202. Retrying...
2022-10-26T03:50:24.1809723Z A path returned 202. Retrying...
2022-10-26T03:50:24.1810075Z A path returned 202. Retrying...
2022-10-26T03:50:24.1810387Z A path returned 202. Retrying...
2022-10-26T03:50:24.1810748Z A path returned 202. Retrying...
2022-10-26T03:50:24.1811073Z A path returned 202. Retrying...
2022-10-26T03:50:24.1811401Z A path returned 202. Retrying...
2022-10-26T03:50:24.1811726Z A path returned 202. Retrying...
2022-10-26T03:50:24.1812053Z A path returned 202. Retrying...
2022-10-26T03:50:24.1812375Z A path returned 202. Retrying...
2022-10-26T03:50:24.1812696Z A path returned 202. Retrying...
2022-10-26T03:50:24.1813017Z A path returned 202. Retrying...
2022-10-26T03:50:24.1813337Z A path returned 202. Retrying...
2022-10-26T03:50:24.1813656Z A path returned 202. Retrying...
2022-10-26T03:50:24.1814127Z A path returned 202. Retrying...
2022-10-26T03:50:24.1814448Z A path returned 202. Retrying...
2022-10-26T03:50:24.1814773Z A path returned 202. Retrying...
2022-10-26T03:50:24.1815477Z A path returned 202. Retrying...
2022-10-26T03:50:24.1815801Z A path returned 202. Retrying...
2022-10-26T03:50:24.1816126Z A path returned 202. Retrying...
2022-10-26T03:50:24.1816451Z A path returned 202. Retrying...
2022-10-26T03:50:24.1816774Z A path returned 202. Retrying...
2022-10-26T03:50:24.1817095Z A path returned 202. Retrying...
2022-10-26T03:50:24.1817420Z A path returned 202. Retrying...
2022-10-26T03:50:24.1817748Z A path returned 202. Retrying...
2022-10-26T03:50:24.1818054Z A path returned 202. Retrying...
2022-10-26T03:50:24.1818372Z A path returned 202. Retrying...
2022-10-26T03:50:24.1818691Z A path returned 202. Retrying...
2022-10-26T03:50:24.1819010Z A path returned 202. Retrying...
2022-10-26T03:50:24.1819330Z A path returned 202. Retrying...
2022-10-26T03:50:24.1819651Z A path returned 202. Retrying...
2022-10-26T03:50:24.1819970Z A path returned 202. Retrying...
2022-10-26T03:50:24.1820294Z A path returned 202. Retrying...
2022-10-26T03:50:24.1820617Z A path returned 202. Retrying...
2022-10-26T03:50:24.1820938Z A path returned 202. Retrying...
2022-10-26T03:50:24.1821243Z A path returned 202. Retrying...
2022-10-26T03:50:24.1821564Z A path returned 202. Retrying...
2022-10-26T03:50:24.1821883Z A path returned 202. Retrying...
2022-10-26T03:50:24.1822204Z A path returned 202. Retrying...
2022-10-26T03:50:24.1822528Z A path returned 202. Retrying...
2022-10-26T03:50:24.1822849Z A path returned 202. Retrying...
2022-10-26T03:50:24.1823167Z A path returned 202. Retrying...
2022-10-26T03:50:24.1823486Z A path returned 202. Retrying...
2022-10-26T03:50:24.1823807Z A path returned 202. Retrying...
2022-10-26T03:50:24.1824130Z A path returned 202. Retrying...
2022-10-26T03:50:24.1824449Z A path returned 202. Retrying...
2022-10-26T03:50:24.1824756Z A path returned 202. Retrying...
2022-10-26T03:50:24.1825080Z A path returned 202. Retrying...
2022-10-26T03:50:24.1825402Z A path returned 202. Retrying...
2022-10-26T03:50:24.1825830Z A path returned 202. Retrying...
2022-10-26T03:50:24.1826171Z A path returned 202. Retrying...
2022-10-26T03:50:24.1826533Z A path returned 202. Retrying...
2022-10-26T03:50:24.1826854Z A path returned 202. Retrying...
2022-10-26T03:50:24.1827198Z A path returned 202. Retrying...
2022-10-26T03:50:24.1827522Z A path returned 202. Retrying...
2022-10-26T03:50:24.1827847Z A path returned 202. Retrying...
2022-10-26T03:50:24.1828166Z A path returned 202. Retrying...
2022-10-26T03:50:24.1828471Z A path returned 202. Retrying...
2022-10-26T03:50:24.1828791Z A path returned 202. Retrying...
2022-10-26T03:50:24.1829111Z A path returned 202. Retrying...
2022-10-26T03:50:24.1829431Z A path returned 202. Retrying...
2022-10-26T03:50:24.1829748Z A path returned 202. Retrying...
2022-10-26T03:50:24.1830068Z A path returned 202. Retrying...
2022-10-26T03:50:24.1830402Z A path returned 202. Retrying...
2022-10-26T03:50:24.1830721Z A path returned 202. Retrying...
2022-10-26T03:50:24.1831040Z A path returned 202. Retrying...
2022-10-26T03:50:24.1831359Z A path returned 202. Retrying...
2022-10-26T03:50:24.1831790Z A path returned 202. Retrying...
2022-10-26T03:50:24.1899660Z A path returned 202. Retrying...
2022-10-26T03:50:24.1899979Z A path returned 202. Retrying...
2022-10-26T03:50:24.1900239Z A path returned 202. Retrying...
2022-10-26T03:50:24.1900480Z A path returned 202. Retrying...
2022-10-26T03:50:24.1900731Z A path returned 202. Retrying...
2022-10-26T03:50:24.1900984Z A path returned 202. Retrying...
2022-10-26T03:50:24.1901241Z A path returned 202. Retrying...
2022-10-26T03:50:24.1901490Z A path returned 202. Retrying...
2022-10-26T03:50:24.1901739Z A path returned 202. Retrying...
2022-10-26T03:50:24.1901992Z A path returned 202. Retrying...
2022-10-26T03:50:24.1902229Z A path returned 202. Retrying...
2022-10-26T03:50:24.1902479Z A path returned 202. Retrying...
2022-10-26T03:50:24.1902725Z A path returned 202. Retrying...
2022-10-26T03:50:24.1902972Z A path returned 202. Retrying...
2022-10-26T03:50:24.1903235Z A path returned 202. Retrying...
2022-10-26T03:50:24.1903757Z A path returned 202. Retrying...
2022-10-26T03:50:24.1904006Z A path returned 202. Retrying...
2022-10-26T03:50:24.1904253Z A path returned 202. Retrying...
2022-10-26T03:50:24.1904551Z A path returned 202. Retrying...
2022-10-26T03:50:24.1904798Z A path returned 202. Retrying...
2022-10-26T03:50:24.1905046Z A path returned 202. Retrying...
2022-10-26T03:50:24.1905294Z A path returned 202. Retrying...
2022-10-26T03:50:24.1905542Z A path returned 202. Retrying...
2022-10-26T03:50:24.1905788Z A path returned 202. Retrying...
2022-10-26T03:50:24.1906034Z A path returned 202. Retrying...
2022-10-26T03:50:24.1906284Z A path returned 202. Retrying...
2022-10-26T03:50:24.1906546Z A path returned 202. Retrying...
2022-10-26T03:50:24.1906788Z A path returned 202. Retrying...
2022-10-26T03:50:24.1907036Z A path returned 202. Retrying...
2022-10-26T03:50:24.1907284Z A path returned 202. Retrying...
2022-10-26T03:50:24.1907557Z A path returned 202. Retrying...
2022-10-26T03:50:24.1907802Z A path returned 202. Retrying...
2022-10-26T03:50:24.1908050Z A path returned 202. Retrying...
2022-10-26T03:50:24.1908284Z A path returned 202. Retrying...
2022-10-26T03:50:24.1908532Z A path returned 202. Retrying...
2022-10-26T03:50:24.1908775Z A path returned 202. Retrying...
2022-10-26T03:50:24.1909020Z A path returned 202. Retrying...
2022-10-26T03:50:24.1909266Z A path returned 202. Retrying...
2022-10-26T03:50:24.1909509Z A path returned 202. Retrying...
2022-10-26T03:50:24.1909752Z A path returned 202. Retrying...
2022-10-26T03:50:24.1909997Z A path returned 202. Retrying...
2022-10-26T03:50:24.1910229Z A path returned 202. Retrying...
2022-10-26T03:50:24.1910474Z A path returned 202. Retrying...
2022-10-26T03:50:24.1910718Z A path returned 202. Retrying...
2022-10-26T03:50:24.1910965Z A path returned 202. Retrying...
2022-10-26T03:50:24.1911209Z A path returned 202. Retrying...
2022-10-26T03:50:24.1911453Z A path returned 202. Retrying...
2022-10-26T03:50:24.1911782Z A path returned 202. Retrying...
2022-10-26T03:50:24.1912033Z A path returned 202. Retrying...
2022-10-26T03:50:24.1912264Z A path returned 202. Retrying...
2022-10-26T03:50:24.1912508Z A path returned 202. Retrying...
2022-10-26T03:50:24.1912756Z A path returned 202. Retrying...
2022-10-26T03:50:24.1913001Z A path returned 202. Retrying...
2022-10-26T03:50:24.1913248Z A path returned 202. Retrying...
2022-10-26T03:50:24.1913747Z A path returned 202. Retrying...
2022-10-26T03:50:24.1919876Z A path returned 202. Retrying...
2022-10-26T03:50:24.1921371Z A path returned 202. Retrying...
2022-10-26T03:50:24.1922217Z A path returned 202. Retrying...
2022-10-26T03:50:24.1922816Z A path returned 202. Retrying...
2022-10-26T03:50:24.1923081Z A path returned 202. Retrying...
2022-10-26T03:50:24.1923337Z A path returned 202. Retrying...
2022-10-26T03:50:24.1923585Z A path returned 202. Retrying...
2022-10-26T03:50:24.1923834Z A path returned 202. Retrying...
2022-10-26T03:50:24.1924090Z A path returned 202. Retrying...
2022-10-26T03:50:24.1924341Z A path returned 202. Retrying...
2022-10-26T03:50:24.1924592Z A path returned 202. Retrying...
2022-10-26T03:50:24.1924839Z A path returned 202. Retrying...
2022-10-26T03:50:24.1925072Z A path returned 202. Retrying...
2022-10-26T03:50:24.1925317Z A path returned 202. Retrying...
2022-10-26T03:50:24.1925566Z A path returned 202. Retrying...
2022-10-26T03:50:24.1925812Z A path returned 202. Retrying...
2022-10-26T03:50:24.1926057Z A path returned 202. Retrying...
2022-10-26T03:50:24.1926300Z A path returned 202. Retrying...
2022-10-26T03:50:24.1926547Z A path returned 202. Retrying...
2022-10-26T03:50:24.1926779Z A path returned 202. Retrying...
2022-10-26T03:50:24.1927025Z A path returned 202. Retrying...
2022-10-26T03:50:24.1927267Z A path returned 202. Retrying...
2022-10-26T03:50:24.1927513Z A path returned 202. Retrying...
2022-10-26T03:50:24.1927761Z A path returned 202. Retrying...
2022-10-26T03:50:24.1928004Z A path returned 202. Retrying...
2022-10-26T03:50:24.1928248Z A path returned 202. Retrying...
2022-10-26T03:50:24.1928670Z A path returned 202. Retrying...
2022-10-26T03:50:24.1928903Z A path returned 202. Retrying...
2022-10-26T03:50:24.1929150Z A path returned 202. Retrying...
2022-10-26T03:50:24.1929397Z A path returned 202. Retrying...
2022-10-26T03:50:24.1929644Z A path returned 202. Retrying...
2022-10-26T03:50:24.1929894Z A path returned 202. Retrying...
2022-10-26T03:50:24.1930143Z A path returned 202. Retrying...
2022-10-26T03:50:24.1930392Z A path returned 202. Retrying...
2022-10-26T03:50:24.1930640Z A path returned 202. Retrying...
2022-10-26T03:50:24.1930872Z A path returned 202. Retrying...
2022-10-26T03:50:24.1931114Z A path returned 202. Retrying...
2022-10-26T03:50:24.1931359Z A path returned 202. Retrying...
2022-10-26T03:50:24.1931607Z A path returned 202. Retrying...
2022-10-26T03:50:24.1931852Z A path returned 202. Retrying...
2022-10-26T03:50:24.1932096Z A path returned 202. Retrying...
2022-10-26T03:50:24.1932345Z A path returned 202. Retrying...
2022-10-26T03:50:24.1932589Z A path returned 202. Retrying...
2022-10-26T03:50:24.1932828Z A path returned 202. Retrying...
2022-10-26T03:50:24.1933070Z A path returned 202. Retrying...
2022-10-26T03:50:24.1933315Z A path returned 202. Retrying...
2022-10-26T03:50:24.1933558Z A path returned 202. Retrying...
2022-10-26T03:50:24.1933801Z A path returned 202. Retrying...
2022-10-26T03:50:24.1934044Z A path returned 202. Retrying...
2022-10-26T03:50:24.1934288Z A path returned 202. Retrying...
2022-10-26T03:50:24.1934518Z A path returned 202. Retrying...
2022-10-26T03:50:24.1934764Z A path returned 202. Retrying...
2022-10-26T03:50:24.1935044Z A path returned 202. Retrying...
2022-10-26T03:50:24.1935289Z A path returned 202. Retrying...
2022-10-26T03:50:24.1935532Z A path returned 202. Retrying...
2022-10-26T03:50:24.1935777Z A path returned 202. Retrying...
2022-10-26T03:50:24.1936022Z A path returned 202. Retrying...
2022-10-26T03:50:24.1936269Z A path returned 202. Retrying...
2022-10-26T03:50:24.1936588Z A path returned 202. Retrying...
2022-10-26T03:50:24.1936844Z A path returned 202. Retrying...
2022-10-26T03:50:24.1937076Z A path returned 202. Retrying...
2022-10-26T03:50:24.1937326Z A path returned 202. Retrying...
2022-10-26T03:50:24.1937571Z A path returned 202. Retrying...
2022-10-26T03:50:24.1937818Z A path returned 202. Retrying...
2022-10-26T03:50:24.1938065Z A path returned 202. Retrying...
2022-10-26T03:50:24.1938313Z A path returned 202. Retrying...
2022-10-26T03:50:24.1938560Z A path returned 202. Retrying...
2022-10-26T03:50:24.1938806Z A path returned 202. Retrying...
2022-10-26T03:50:24.1939038Z A path returned 202. Retrying...
2022-10-26T03:50:24.1939282Z A path returned 202. Retrying...
2022-10-26T03:50:24.1939526Z A path returned 202. Retrying...
2022-10-26T03:50:24.1939770Z A path returned 202. Retrying...
2022-10-26T03:50:24.1940015Z A path returned 202. Retrying...
2022-10-26T03:50:24.1940259Z A path returned 202. Retrying...
2022-10-26T03:50:24.1940504Z A path returned 202. Retrying...
2022-10-26T03:50:24.1940738Z A path returned 202. Retrying...
2022-10-26T03:50:24.1940988Z A path returned 202. Retrying...
2022-10-26T03:50:24.1941231Z A path returned 202. Retrying...
2022-10-26T03:50:24.1941478Z A path returned 202. Retrying...
2022-10-26T03:50:24.1941723Z A path returned 202. Retrying...
2022-10-26T03:50:24.1941970Z A path returned 202. Retrying...
2022-10-26T03:50:24.1942214Z A path returned 202. Retrying...
2022-10-26T03:50:24.1942459Z A path returned 202. Retrying...
2022-10-26T03:50:24.1942694Z A path returned 202. Retrying...
2022-10-26T03:50:24.1942940Z A path returned 202. Retrying...
2022-10-26T03:50:24.1943183Z A path returned 202. Retrying...
2022-10-26T03:50:24.1943428Z A path returned 202. Retrying...
2022-10-26T03:50:24.1943674Z A path returned 202. Retrying...
2022-10-26T03:50:24.1943920Z A path returned 202. Retrying...
2022-10-26T03:50:24.1944165Z A path returned 202. Retrying...
2022-10-26T03:50:24.1944410Z A path returned 202. Retrying...
2022-10-26T03:50:24.1944647Z A path returned 202. Retrying...
2022-10-26T03:50:24.1944952Z A path returned 202. Retrying...
2022-10-26T03:50:24.1945195Z A path returned 202. Retrying...
2022-10-26T03:50:24.1945442Z A path returned 202. Retrying...
2022-10-26T03:50:24.1945687Z A path returned 202. Retrying...
2022-10-26T03:50:24.1945933Z A path returned 202. Retrying...
2022-10-26T03:50:24.1946175Z A path returned 202. Retrying...
2022-10-26T03:50:24.1946422Z A path returned 202. Retrying...
2022-10-26T03:50:24.1946659Z A path returned 202. Retrying...
2022-10-26T03:50:24.1946905Z A path returned 202. Retrying...
2022-10-26T03:50:24.1947154Z A path returned 202. Retrying...
2022-10-26T03:50:24.1947400Z A path returned 202. Retrying...
2022-10-26T03:50:24.1947646Z A path returned 202. Retrying...
2022-10-26T03:50:24.1947891Z A path returned 202. Retrying...
2022-10-26T03:50:24.1948140Z A path returned 202. Retrying...
2022-10-26T03:50:24.1948376Z A path returned 202. Retrying...
2022-10-26T03:50:24.1948623Z A path returned 202. Retrying...
2022-10-26T03:50:24.1948873Z A path returned 202. Retrying...
2022-10-26T03:50:24.1949121Z A path returned 202. Retrying...
2022-10-26T03:50:24.1949366Z A path returned 202. Retrying...
2022-10-26T03:50:24.1949609Z A path returned 202. Retrying...
2022-10-26T03:50:24.1949855Z A path returned 202. Retrying...
2022-10-26T03:50:24.1950099Z A path returned 202. Retrying...
2022-10-26T03:50:24.1950331Z A path returned 202. Retrying...
2022-10-26T03:50:24.1950574Z A path returned 202. Retrying...
2022-10-26T03:50:24.1950819Z A path returned 202. Retrying...
2022-10-26T03:50:24.1951065Z A path returned 202. Retrying...
2022-10-26T03:50:24.1951309Z A path returned 202. Retrying...
2022-10-26T03:50:24.1951555Z A path returned 202. Retrying...
2022-10-26T03:50:24.1951798Z A path returned 202. Retrying...
2022-10-26T03:50:24.1952041Z A path returned 202. Retrying...
2022-10-26T03:50:24.1952274Z A path returned 202. Retrying...
2022-10-26T03:53:12.7198103Z A path returned 202. Retrying...
2022-10-26T03:53:12.7199071Z A path returned 202. Retrying...
2022-10-26T03:53:12.7199943Z A path returned 202. Retrying...
2022-10-26T03:53:12.7200769Z A path returned 202. Retrying...
2022-10-26T03:53:12.7201036Z A path returned 202. Retrying...
2022-10-26T03:53:12.7201302Z A path returned 202. Retrying...
2022-10-26T03:53:12.7202993Z A path returned 202. Retrying...
2022-10-26T03:53:12.7203469Z A path returned 202. Retrying...
2022-10-26T03:53:12.7203849Z A path returned 202. Retrying...
2022-10-26T03:53:12.7204115Z A path returned 202. Retrying...
2022-10-26T03:53:12.7204366Z A path returned 202. Retrying...
2022-10-26T03:53:12.7204617Z A path returned 202. Retrying...
2022-10-26T03:53:12.7204852Z A path returned 202. Retrying...
2022-10-26T03:53:12.7205097Z A path returned 202. Retrying...
2022-10-26T03:53:12.7205346Z A path returned 202. Retrying...
2022-10-26T03:53:12.7205592Z A path returned 202. Retrying...
2022-10-26T03:53:12.7205896Z A path returned 202. Retrying...
2022-10-26T03:53:12.7206139Z A path returned 202. Retrying...
2022-10-26T03:53:12.7206401Z A path returned 202. Retrying...
2022-10-26T03:53:12.7206656Z A path returned 202. Retrying...
2022-10-26T03:53:12.7206907Z A path returned 202. Retrying...
2022-10-26T03:53:12.7207167Z A path returned 202. Retrying...
2022-10-26T03:53:12.7207409Z A path returned 202. Retrying...
2022-10-26T03:53:12.7207654Z A path returned 202. Retrying...
2022-10-26T03:53:12.7207898Z A path returned 202. Retrying...
2022-10-26T03:53:12.7208146Z A path returned 202. Retrying...
2022-10-26T03:53:12.7208388Z A path returned 202. Retrying...
2022-10-26T03:53:12.7208634Z A path returned 202. Retrying...
2022-10-26T03:53:12.7208866Z A path returned 202. Retrying...
2022-10-26T03:53:12.7209110Z A path returned 202. Retrying...
2022-10-26T03:53:12.7209356Z A path returned 202. Retrying...
2022-10-26T03:53:12.7209604Z A path returned 202. Retrying...
2022-10-26T03:53:12.7209848Z A path returned 202. Retrying...
2022-10-26T03:53:12.7210095Z A path returned 202. Retrying...
2022-10-26T03:53:12.7210342Z A path returned 202. Retrying...
2022-10-26T03:53:12.7210839Z A path returned 202. Retrying...
2022-10-26T03:53:12.7211075Z A path returned 202. Retrying...
2022-10-26T03:53:12.7211323Z A path returned 202. Retrying...
2022-10-26T03:53:12.7211571Z A path returned 202. Retrying...
2022-10-26T03:53:12.7211822Z A path returned 202. Retrying...
2022-10-26T03:53:12.7212071Z A path returned 202. Retrying...
2022-10-26T03:53:12.7212319Z A path returned 202. Retrying...
2022-10-26T03:53:12.7212569Z A path returned 202. Retrying...
2022-10-26T03:53:12.7212802Z A path returned 202. Retrying...
2022-10-26T03:53:12.7213053Z A path returned 202. Retrying...
2022-10-26T03:53:12.7213296Z A path returned 202. Retrying...
2022-10-26T03:53:12.7213539Z A path returned 202. Retrying...
2022-10-26T03:53:12.7213782Z A path returned 202. Retrying...
2022-10-26T03:53:12.7214026Z A path returned 202. Retrying...
2022-10-26T03:53:12.7492842Z ##[group]Run git config --global user.name "jstrieb/github-stats"
2022-10-26T03:53:12.7493668Z [36;1mgit config --global user.name "jstrieb/github-stats"[0m
2022-10-26T03:53:12.7494084Z [36;1mgit config --global user.email "github-stats[bot]@jstrieb.github.io"[0m
2022-10-26T03:53:12.7494395Z [36;1mgit add .[0m
2022-10-26T03:53:12.7494670Z [36;1m# Force the build to succeed, even if no files were changed[0m
2022-10-26T03:53:12.7495007Z [36;1mgit commit -m 'Update generated files' || true[0m
2022-10-26T03:53:12.7495272Z [36;1mgit push[0m
2022-10-26T03:53:12.7545650Z shell: /usr/bin/bash -e {0}
2022-10-26T03:53:12.7545889Z env:
2022-10-26T03:53:12.7546173Z   pythonLocation: /opt/hostedtoolcache/Python/3.8.14/x64
2022-10-26T03:53:12.7546521Z   LD_LIBRARY_PATH: /opt/hostedtoolcache/Python/3.8.14/x64/lib
2022-10-26T03:53:12.7546785Z ##[endgroup]
2022-10-26T03:53:12.8890807Z [master be92260] Update generated files
2022-10-26T03:53:12.8891898Z  2 files changed, 514 insertions(+), 514 deletions(-)
2022-10-26T03:53:13.6502183Z To https://github.com/seanpm2001/GitHub_Stats_A
2022-10-26T03:53:13.6503315Z    3641b17..be92260  master -> master
2022-10-26T03:53:13.9630792Z Post job cleanup.
2022-10-26T03:53:14.1244566Z Cache hit occurred on the primary key Linux-pip-60f2a6c0212a9b74a155cd81b58dd07fd8b180833132566260d95f4de42fe218, not saving cache.
2022-10-26T03:53:14.1348070Z Post job cleanup.
2022-10-26T03:53:14.2850593Z Post job cleanup.
2022-10-26T03:53:14.4251225Z [command]/usr/bin/git version
2022-10-26T03:53:14.4301000Z git version 2.38.1
2022-10-26T03:53:14.4336404Z Copying '/home/runner/.gitconfig' to '/home/runner/work/_temp/44de27f1-9e46-433d-b5b0-3efdadcd13f4/.gitconfig'
2022-10-26T03:53:14.4346766Z Temporarily overriding HOME='/home/runner/work/_temp/44de27f1-9e46-433d-b5b0-3efdadcd13f4' before making global git config changes
2022-10-26T03:53:14.4347754Z Adding repository directory to the temporary git global config as a safe directory
2022-10-26T03:53:14.4352917Z [command]/usr/bin/git config --global --add safe.directory /home/runner/work/GitHub_Stats_A/GitHub_Stats_A
2022-10-26T03:53:14.4396493Z [command]/usr/bin/git config --local --name-only --get-regexp core\.sshCommand
2022-10-26T03:53:14.4432651Z [command]/usr/bin/git submodule foreach --recursive git config --local --name-only --get-regexp 'core\.sshCommand' && git config --local --unset-all 'core.sshCommand' || :
2022-10-26T03:53:14.4690014Z [command]/usr/bin/git config --local --name-only --get-regexp http\.https\:\/\/github\.com\/\.extraheader
2022-10-26T03:53:14.4721490Z http.https://github.com/.extraheader
2022-10-26T03:53:14.4731697Z [command]/usr/bin/git config --local --unset-all http.https://github.com/.extraheader
2022-10-26T03:53:14.4772010Z [command]/usr/bin/git submodule foreach --recursive git config --local --name-only --get-regexp 'http\.https\:\/\/github\.com\/\.extraheader' && git config --local --unset-all 'http.https://github.com/.extraheader' || :
2022-10-26T03:53:14.5278432Z Cleaning up orphan processes
