2023-10-11T00:22:22.7752256Z Requested labels: ubuntu-latest
2023-10-11T00:22:22.7752555Z Job defined at: seanpm2001/GitHub_Stats_A/.github/workflows/main.yml@refs/heads/master
2023-10-11T00:22:22.7752667Z Waiting for a runner to pick up this job...
2023-10-11T00:22:23.4727390Z Job is waiting for a hosted runner to come online.
2023-10-11T00:22:27.2327417Z Job is about to start running on the hosted runner: GitHub Actions 2 (hosted)
2023-10-11T00:22:30.8089205Z Current runner version: '2.309.0'
2023-10-11T00:22:30.8123213Z ##[group]Operating System
2023-10-11T00:22:30.8123973Z Ubuntu
2023-10-11T00:22:30.8124308Z 22.04.3
2023-10-11T00:22:30.8124690Z LTS
2023-10-11T00:22:30.8125085Z ##[endgroup]
2023-10-11T00:22:30.8125622Z ##[group]Runner Image
2023-10-11T00:22:30.8126043Z Image: ubuntu-22.04
2023-10-11T00:22:30.8126484Z Version: 20231001.1.0
2023-10-11T00:22:30.8127188Z Included Software: https://github.com/actions/runner-images/blob/ubuntu22/20231001.1/images/linux/Ubuntu2204-Readme.md
2023-10-11T00:22:30.8128187Z Image Release: https://github.com/actions/runner-images/releases/tag/ubuntu22%2F20231001.1
2023-10-11T00:22:30.8128847Z ##[endgroup]
2023-10-11T00:22:30.8129265Z ##[group]Runner Image Provisioner
2023-10-11T00:22:30.8129741Z 2.0.310.1
2023-10-11T00:22:30.8130151Z ##[endgroup]
2023-10-11T00:22:30.8131062Z ##[group]GITHUB_TOKEN Permissions
2023-10-11T00:22:30.8133114Z Contents: write
2023-10-11T00:22:30.8133631Z Metadata: read
2023-10-11T00:22:30.8134505Z ##[endgroup]
2023-10-11T00:22:30.8138872Z Secret source: Actions
2023-10-11T00:22:30.8139537Z Prepare workflow directory
2023-10-11T00:22:30.9040358Z Prepare all required actions
2023-10-11T00:22:30.9275045Z Getting action download info
2023-10-11T00:22:31.1437893Z Download action repository 'actions/checkout@v3' (SHA:f43a0e5ff2bd294095638e18286ca9a3d1956744)
2023-10-11T00:22:31.5792081Z Download action repository 'actions/setup-python@v4' (SHA:65d7f2d534ac1bc67fcd62888c5f4f3d2cb2b236)
2023-10-11T00:22:32.0451950Z Complete job name: build
2023-10-11T00:22:32.1602098Z ##[group]Run actions/checkout@v3
2023-10-11T00:22:32.1602549Z with:
2023-10-11T00:22:32.1602926Z   repository: seanpm2001/GitHub_Stats_A
2023-10-11T00:22:32.1603634Z   token: ***
2023-10-11T00:22:32.1603969Z   ssh-strict: true
2023-10-11T00:22:32.1604331Z   persist-credentials: true
2023-10-11T00:22:32.1604705Z   clean: true
2023-10-11T00:22:32.1605084Z   sparse-checkout-cone-mode: true
2023-10-11T00:22:32.1605472Z   fetch-depth: 1
2023-10-11T00:22:32.1605828Z   fetch-tags: false
2023-10-11T00:22:32.1606158Z   lfs: false
2023-10-11T00:22:32.1606518Z   submodules: false
2023-10-11T00:22:32.1606882Z   set-safe-directory: true
2023-10-11T00:22:32.1607225Z ##[endgroup]
2023-10-11T00:22:32.5777131Z Syncing repository: seanpm2001/GitHub_Stats_A
2023-10-11T00:22:32.5779238Z ##[group]Getting Git version info
2023-10-11T00:22:32.5779979Z Working directory is '/home/runner/work/GitHub_Stats_A/GitHub_Stats_A'
2023-10-11T00:22:32.5781891Z [command]/usr/bin/git version
2023-10-11T00:22:32.5838067Z git version 2.42.0
2023-10-11T00:22:32.5889388Z ##[endgroup]
2023-10-11T00:22:32.5907466Z Temporarily overriding HOME='/home/runner/work/_temp/d4fb3e59-2a82-4d46-96f3-7b04ca1cb386' before making global git config changes
2023-10-11T00:22:32.5908122Z Adding repository directory to the temporary git global config as a safe directory
2023-10-11T00:22:32.5908862Z [command]/usr/bin/git config --global --add safe.directory /home/runner/work/GitHub_Stats_A/GitHub_Stats_A
2023-10-11T00:22:32.5959389Z Deleting the contents of '/home/runner/work/GitHub_Stats_A/GitHub_Stats_A'
2023-10-11T00:22:32.5963769Z ##[group]Initializing the repository
2023-10-11T00:22:32.5968297Z [command]/usr/bin/git init /home/runner/work/GitHub_Stats_A/GitHub_Stats_A
2023-10-11T00:22:32.6130931Z hint: Using 'master' as the name for the initial branch. This default branch name
2023-10-11T00:22:32.6131994Z hint: is subject to change. To configure the initial branch name to use in all
2023-10-11T00:22:32.6133118Z hint: of your new repositories, which will suppress this warning, call:
2023-10-11T00:22:32.6133781Z hint: 
2023-10-11T00:22:32.6134678Z hint: 	git config --global init.defaultBranch <name>
2023-10-11T00:22:32.6135240Z hint: 
2023-10-11T00:22:32.6136190Z hint: Names commonly chosen instead of 'master' are 'main', 'trunk' and
2023-10-11T00:22:32.6137075Z hint: 'development'. The just-created branch can be renamed via this command:
2023-10-11T00:22:32.6137911Z hint: 
2023-10-11T00:22:32.6138451Z hint: 	git branch -m <name>
2023-10-11T00:22:32.6177028Z Initialized empty Git repository in /home/runner/work/GitHub_Stats_A/GitHub_Stats_A/.git/
2023-10-11T00:22:32.6190135Z [command]/usr/bin/git remote add origin https://github.com/seanpm2001/GitHub_Stats_A
2023-10-11T00:22:32.6271443Z ##[endgroup]
2023-10-11T00:22:32.6272321Z ##[group]Disabling automatic garbage collection
2023-10-11T00:22:32.6274747Z [command]/usr/bin/git config --local gc.auto 0
2023-10-11T00:22:32.6318615Z ##[endgroup]
2023-10-11T00:22:32.6319386Z ##[group]Setting up auth
2023-10-11T00:22:32.6327767Z [command]/usr/bin/git config --local --name-only --get-regexp core\.sshCommand
2023-10-11T00:22:32.6376003Z [command]/usr/bin/git submodule foreach --recursive sh -c "git config --local --name-only --get-regexp 'core\.sshCommand' && git config --local --unset-all 'core.sshCommand' || :"
2023-10-11T00:22:32.6892222Z [command]/usr/bin/git config --local --name-only --get-regexp http\.https\:\/\/github\.com\/\.extraheader
2023-10-11T00:22:32.6937404Z [command]/usr/bin/git submodule foreach --recursive sh -c "git config --local --name-only --get-regexp 'http\.https\:\/\/github\.com\/\.extraheader' && git config --local --unset-all 'http.https://github.com/.extraheader' || :"
2023-10-11T00:22:32.7250844Z [command]/usr/bin/git config --local http.https://github.com/.extraheader AUTHORIZATION: basic ***
2023-10-11T00:22:32.7308094Z ##[endgroup]
2023-10-11T00:22:32.7497443Z ##[group]Fetching the repository
2023-10-11T00:22:32.7699978Z [command]/usr/bin/git -c protocol.version=2 fetch --no-tags --prune --progress --no-recurse-submodules --depth=1 origin +0f130a3fbaf53e821fd4799e8c7adfb9d550583c:refs/remotes/origin/master
2023-10-11T00:22:33.1604479Z remote: Enumerating objects: 8388, done.        
2023-10-11T00:22:33.1680977Z remote: Counting objects:   0% (1/8388)        
2023-10-11T00:22:33.1685623Z remote: Counting objects:   1% (84/8388)        
2023-10-11T00:22:33.1686067Z remote: Counting objects:   2% (168/8388)        
2023-10-11T00:22:33.1686450Z remote: Counting objects:   3% (252/8388)        
2023-10-11T00:22:33.1686856Z remote: Counting objects:   4% (336/8388)        
2023-10-11T00:22:33.1687224Z remote: Counting objects:   5% (420/8388)        
2023-10-11T00:22:33.1694894Z remote: Counting objects:   6% (504/8388)        
2023-10-11T00:22:33.1695530Z remote: Counting objects:   7% (588/8388)        
2023-10-11T00:22:33.1740218Z remote: Counting objects:   8% (672/8388)        
2023-10-11T00:22:33.1740632Z remote: Counting objects:   9% (755/8388)        
2023-10-11T00:22:33.1741018Z remote: Counting objects:  10% (839/8388)        
2023-10-11T00:22:33.1741388Z remote: Counting objects:  11% (923/8388)        
2023-10-11T00:22:33.1741764Z remote: Counting objects:  12% (1007/8388)        
2023-10-11T00:22:33.1742141Z remote: Counting objects:  13% (1091/8388)        
2023-10-11T00:22:33.1742509Z remote: Counting objects:  14% (1175/8388)        
2023-10-11T00:22:33.1743109Z remote: Counting objects:  15% (1259/8388)        
2023-10-11T00:22:33.1744172Z remote: Counting objects:  16% (1343/8388)        
2023-10-11T00:22:33.1744546Z remote: Counting objects:  17% (1426/8388)        
2023-10-11T00:22:33.1744903Z remote: Counting objects:  18% (1510/8388)        
2023-10-11T00:22:33.1745272Z remote: Counting objects:  19% (1594/8388)        
2023-10-11T00:22:33.1745640Z remote: Counting objects:  20% (1678/8388)        
2023-10-11T00:22:33.1746014Z remote: Counting objects:  21% (1762/8388)        
2023-10-11T00:22:33.1746370Z remote: Counting objects:  22% (1846/8388)        
2023-10-11T00:22:33.1746753Z remote: Counting objects:  23% (1930/8388)        
2023-10-11T00:22:33.1747123Z remote: Counting objects:  24% (2014/8388)        
2023-10-11T00:22:33.1747491Z remote: Counting objects:  25% (2097/8388)        
2023-10-11T00:22:33.1747844Z remote: Counting objects:  26% (2181/8388)        
2023-10-11T00:22:33.1748211Z remote: Counting objects:  27% (2265/8388)        
2023-10-11T00:22:33.1748595Z remote: Counting objects:  28% (2349/8388)        
2023-10-11T00:22:33.1752730Z remote: Counting objects:  29% (2433/8388)        
2023-10-11T00:22:33.1753088Z remote: Counting objects:  30% (2517/8388)        
2023-10-11T00:22:33.1753458Z remote: Counting objects:  31% (2601/8388)        
2023-10-11T00:22:33.1753828Z remote: Counting objects:  32% (2685/8388)        
2023-10-11T00:22:33.1754200Z remote: Counting objects:  33% (2769/8388)        
2023-10-11T00:22:33.1754555Z remote: Counting objects:  34% (2852/8388)        
2023-10-11T00:22:33.1754937Z remote: Counting objects:  35% (2936/8388)        
2023-10-11T00:22:33.1755310Z remote: Counting objects:  36% (3020/8388)        
2023-10-11T00:22:33.1755677Z remote: Counting objects:  37% (3104/8388)        
2023-10-11T00:22:33.1756040Z remote: Counting objects:  38% (3188/8388)        
2023-10-11T00:22:33.1756391Z remote: Counting objects:  39% (3272/8388)        
2023-10-11T00:22:33.1756758Z remote: Counting objects:  40% (3356/8388)        
2023-10-11T00:22:33.1757133Z remote: Counting objects:  41% (3440/8388)        
2023-10-11T00:22:33.1757512Z remote: Counting objects:  42% (3523/8388)        
2023-10-11T00:22:33.1757872Z remote: Counting objects:  43% (3607/8388)        
2023-10-11T00:22:33.1758241Z remote: Counting objects:  44% (3691/8388)        
2023-10-11T00:22:33.1758613Z remote: Counting objects:  45% (3775/8388)        
2023-10-11T00:22:33.1758977Z remote: Counting objects:  46% (3859/8388)        
2023-10-11T00:22:33.1759331Z remote: Counting objects:  47% (3943/8388)        
2023-10-11T00:22:33.1759848Z remote: Counting objects:  48% (4027/8388)        
2023-10-11T00:22:33.1762892Z remote: Counting objects:  49% (4111/8388)        
2023-10-11T00:22:33.1763269Z remote: Counting objects:  50% (4194/8388)        
2023-10-11T00:22:33.1763623Z remote: Counting objects:  51% (4278/8388)        
2023-10-11T00:22:33.1763990Z remote: Counting objects:  52% (4362/8388)        
2023-10-11T00:22:33.1766969Z remote: Counting objects:  53% (4446/8388)        
2023-10-11T00:22:33.1767337Z remote: Counting objects:  54% (4530/8388)        
2023-10-11T00:22:33.1767699Z remote: Counting objects:  55% (4614/8388)        
2023-10-11T00:22:33.1768065Z remote: Counting objects:  56% (4698/8388)        
2023-10-11T00:22:33.1768432Z remote: Counting objects:  57% (4782/8388)        
2023-10-11T00:22:33.1768799Z remote: Counting objects:  58% (4866/8388)        
2023-10-11T00:22:33.1769158Z remote: Counting objects:  59% (4949/8388)        
2023-10-11T00:22:33.1769524Z remote: Counting objects:  60% (5033/8388)        
2023-10-11T00:22:33.1769897Z remote: Counting objects:  61% (5117/8388)        
2023-10-11T00:22:33.1770262Z remote: Counting objects:  62% (5201/8388)        
2023-10-11T00:22:33.1770630Z remote: Counting objects:  63% (5285/8388)        
2023-10-11T00:22:33.1771016Z remote: Counting objects:  64% (5369/8388)        
2023-10-11T00:22:33.1771373Z remote: Counting objects:  65% (5453/8388)        
2023-10-11T00:22:33.1771740Z remote: Counting objects:  66% (5537/8388)        
2023-10-11T00:22:33.1772106Z remote: Counting objects:  67% (5620/8388)        
2023-10-11T00:22:33.1772480Z remote: Counting objects:  68% (5704/8388)        
2023-10-11T00:22:33.1772833Z remote: Counting objects:  69% (5788/8388)        
2023-10-11T00:22:33.1773198Z remote: Counting objects:  70% (5872/8388)        
2023-10-11T00:22:33.1773563Z remote: Counting objects:  71% (5956/8388)        
2023-10-11T00:22:33.1773926Z remote: Counting objects:  72% (6040/8388)        
2023-10-11T00:22:33.1774280Z remote: Counting objects:  73% (6124/8388)        
2023-10-11T00:22:33.1774655Z remote: Counting objects:  74% (6208/8388)        
2023-10-11T00:22:33.1775023Z remote: Counting objects:  75% (6291/8388)        
2023-10-11T00:22:33.1775385Z remote: Counting objects:  76% (6375/8388)        
2023-10-11T00:22:33.1775738Z remote: Counting objects:  77% (6459/8388)        
2023-10-11T00:22:33.1776105Z remote: Counting objects:  78% (6543/8388)        
2023-10-11T00:22:33.1776471Z remote: Counting objects:  79% (6627/8388)        
2023-10-11T00:22:33.1777046Z remote: Counting objects:  80% (6711/8388)        
2023-10-11T00:22:33.1777398Z remote: Counting objects:  81% (6795/8388)        
2023-10-11T00:22:33.1777762Z remote: Counting objects:  82% (6879/8388)        
2023-10-11T00:22:33.1778126Z remote: Counting objects:  83% (6963/8388)        
2023-10-11T00:22:33.1778490Z remote: Counting objects:  84% (7046/8388)        
2023-10-11T00:22:33.1778845Z remote: Counting objects:  85% (7130/8388)        
2023-10-11T00:22:33.1779214Z remote: Counting objects:  86% (7214/8388)        
2023-10-11T00:22:33.1782342Z remote: Counting objects:  87% (7298/8388)        
2023-10-11T00:22:33.1782901Z remote: Counting objects:  88% (7382/8388)        
2023-10-11T00:22:33.1783282Z remote: Counting objects:  89% (7466/8388)        
2023-10-11T00:22:33.1783636Z remote: Counting objects:  90% (7550/8388)        
2023-10-11T00:22:33.1784026Z remote: Counting objects:  91% (7634/8388)        
2023-10-11T00:22:33.1784396Z remote: Counting objects:  92% (7717/8388)        
2023-10-11T00:22:33.1784772Z remote: Counting objects:  93% (7801/8388)        
2023-10-11T00:22:33.1785124Z remote: Counting objects:  94% (7885/8388)        
2023-10-11T00:22:33.1785493Z remote: Counting objects:  95% (7969/8388)        
2023-10-11T00:22:33.1785863Z remote: Counting objects:  96% (8053/8388)        
2023-10-11T00:22:33.1786229Z remote: Counting objects:  97% (8137/8388)        
2023-10-11T00:22:33.1786588Z remote: Counting objects:  98% (8221/8388)        
2023-10-11T00:22:33.1797921Z remote: Counting objects:  99% (8305/8388)        
2023-10-11T00:22:33.1798330Z remote: Counting objects: 100% (8388/8388)        
2023-10-11T00:22:33.1798723Z remote: Counting objects: 100% (8388/8388), done.        
2023-10-11T00:22:33.2092861Z remote: Compressing objects:   0% (1/3205)        
2023-10-11T00:22:33.3204445Z remote: Compressing objects:   1% (33/3205)        
2023-10-11T00:22:33.3245882Z remote: Compressing objects:   2% (65/3205)        
2023-10-11T00:22:33.3246749Z remote: Compressing objects:   3% (97/3205)        
2023-10-11T00:22:33.3247511Z remote: Compressing objects:   4% (129/3205)        
2023-10-11T00:22:33.3248216Z remote: Compressing objects:   5% (161/3205)        
2023-10-11T00:22:33.3248937Z remote: Compressing objects:   6% (193/3205)        
2023-10-11T00:22:33.3249601Z remote: Compressing objects:   7% (225/3205)        
2023-10-11T00:22:33.3250283Z remote: Compressing objects:   8% (257/3205)        
2023-10-11T00:22:33.3250964Z remote: Compressing objects:   9% (289/3205)        
2023-10-11T00:22:33.3251660Z remote: Compressing objects:  10% (321/3205)        
2023-10-11T00:22:33.3252315Z remote: Compressing objects:  11% (353/3205)        
2023-10-11T00:22:33.3252989Z remote: Compressing objects:  12% (385/3205)        
2023-10-11T00:22:33.3253666Z remote: Compressing objects:  13% (417/3205)        
2023-10-11T00:22:33.3254334Z remote: Compressing objects:  14% (449/3205)        
2023-10-11T00:22:33.3368054Z remote: Compressing objects:  15% (481/3205)        
2023-10-11T00:22:33.3444816Z remote: Compressing objects:  16% (513/3205)        
2023-10-11T00:22:33.3447485Z remote: Compressing objects:  17% (545/3205)        
2023-10-11T00:22:33.3447913Z remote: Compressing objects:  18% (577/3205)        
2023-10-11T00:22:33.3451878Z remote: Compressing objects:  19% (609/3205)        
2023-10-11T00:22:33.3452351Z remote: Compressing objects:  20% (641/3205)        
2023-10-11T00:22:33.3457935Z remote: Compressing objects:  21% (674/3205)        
2023-10-11T00:22:33.3458410Z remote: Compressing objects:  22% (706/3205)        
2023-10-11T00:22:33.3458904Z remote: Compressing objects:  23% (738/3205)        
2023-10-11T00:22:33.3459287Z remote: Compressing objects:  24% (770/3205)        
2023-10-11T00:22:33.3459882Z remote: Compressing objects:  25% (802/3205)        
2023-10-11T00:22:33.3461405Z remote: Compressing objects:  26% (834/3205)        
2023-10-11T00:22:33.3464064Z remote: Compressing objects:  27% (866/3205)        
2023-10-11T00:22:33.3464449Z remote: Compressing objects:  28% (898/3205)        
2023-10-11T00:22:33.3546360Z remote: Compressing objects:  29% (930/3205)        
2023-10-11T00:22:33.3871314Z remote: Compressing objects:  30% (962/3205)        
2023-10-11T00:22:33.4358213Z remote: Compressing objects:  31% (994/3205)        
2023-10-11T00:22:33.4817551Z remote: Compressing objects:  32% (1026/3205)        
2023-10-11T00:22:33.5236453Z remote: Compressing objects:  33% (1058/3205)        
2023-10-11T00:22:33.5839397Z remote: Compressing objects:  34% (1090/3205)        
2023-10-11T00:22:33.6263343Z remote: Compressing objects:  35% (1122/3205)        
2023-10-11T00:22:33.6799686Z remote: Compressing objects:  36% (1154/3205)        
2023-10-11T00:22:33.7419537Z remote: Compressing objects:  37% (1186/3205)        
2023-10-11T00:22:33.7953378Z remote: Compressing objects:  38% (1218/3205)        
2023-10-11T00:22:33.8369271Z remote: Compressing objects:  39% (1250/3205)        
2023-10-11T00:22:33.8857083Z remote: Compressing objects:  40% (1282/3205)        
2023-10-11T00:22:33.9314847Z remote: Compressing objects:  41% (1315/3205)        
2023-10-11T00:22:33.9528602Z remote: Compressing objects:  42% (1347/3205)        
2023-10-11T00:22:34.0727684Z remote: Compressing objects:  43% (1379/3205)        
2023-10-11T00:22:34.1276182Z remote: Compressing objects:  44% (1411/3205)        
2023-10-11T00:22:34.1286844Z remote: Compressing objects:  45% (1443/3205)        
2023-10-11T00:22:34.1398518Z remote: Compressing objects:  46% (1475/3205)        
2023-10-11T00:22:34.1468129Z remote: Compressing objects:  47% (1507/3205)        
2023-10-11T00:22:34.1471604Z remote: Compressing objects:  48% (1539/3205)        
2023-10-11T00:22:34.1473130Z remote: Compressing objects:  49% (1571/3205)        
2023-10-11T00:22:34.1477840Z remote: Compressing objects:  50% (1603/3205)        
2023-10-11T00:22:34.1483608Z remote: Compressing objects:  51% (1635/3205)        
2023-10-11T00:22:34.1488688Z remote: Compressing objects:  52% (1667/3205)        
2023-10-11T00:22:34.1494954Z remote: Compressing objects:  53% (1699/3205)        
2023-10-11T00:22:34.1502232Z remote: Compressing objects:  54% (1731/3205)        
2023-10-11T00:22:34.1510443Z remote: Compressing objects:  55% (1763/3205)        
2023-10-11T00:22:34.1518418Z remote: Compressing objects:  56% (1795/3205)        
2023-10-11T00:22:34.1525270Z remote: Compressing objects:  57% (1827/3205)        
2023-10-11T00:22:34.1539822Z remote: Compressing objects:  58% (1859/3205)        
2023-10-11T00:22:34.1541038Z remote: Compressing objects:  59% (1891/3205)        
2023-10-11T00:22:34.1546658Z remote: Compressing objects:  60% (1923/3205)        
2023-10-11T00:22:34.1555159Z remote: Compressing objects:  61% (1956/3205)        
2023-10-11T00:22:34.1555582Z remote: Compressing objects:  62% (1988/3205)        
2023-10-11T00:22:34.1578620Z remote: Compressing objects:  63% (2020/3205)        
2023-10-11T00:22:34.1580650Z remote: Compressing objects:  64% (2052/3205)        
2023-10-11T00:22:34.1581195Z remote: Compressing objects:  65% (2084/3205)        
2023-10-11T00:22:34.1583037Z remote: Compressing objects:  66% (2116/3205)        
2023-10-11T00:22:34.1583682Z remote: Compressing objects:  67% (2148/3205)        
2023-10-11T00:22:34.1586604Z remote: Compressing objects:  68% (2180/3205)        
2023-10-11T00:22:34.1587455Z remote: Compressing objects:  69% (2212/3205)        
2023-10-11T00:22:34.1591269Z remote: Compressing objects:  70% (2244/3205)        
2023-10-11T00:22:34.1594534Z remote: Compressing objects:  71% (2276/3205)        
2023-10-11T00:22:34.1596502Z remote: Compressing objects:  72% (2308/3205)        
2023-10-11T00:22:34.1596916Z remote: Compressing objects:  73% (2340/3205)        
2023-10-11T00:22:34.1597318Z remote: Compressing objects:  74% (2372/3205)        
2023-10-11T00:22:34.1599250Z remote: Compressing objects:  75% (2404/3205)        
2023-10-11T00:22:34.1601153Z remote: Compressing objects:  76% (2436/3205)        
2023-10-11T00:22:34.1603003Z remote: Compressing objects:  77% (2468/3205)        
2023-10-11T00:22:34.1606898Z remote: Compressing objects:  78% (2500/3205)        
2023-10-11T00:22:34.1612495Z remote: Compressing objects:  79% (2532/3205)        
2023-10-11T00:22:34.1614462Z remote: Compressing objects:  80% (2564/3205)        
2023-10-11T00:22:34.1617591Z remote: Compressing objects:  81% (2597/3205)        
2023-10-11T00:22:34.1620680Z remote: Compressing objects:  82% (2629/3205)        
2023-10-11T00:22:34.1621138Z remote: Compressing objects:  83% (2661/3205)        
2023-10-11T00:22:34.1621528Z remote: Compressing objects:  84% (2693/3205)        
2023-10-11T00:22:34.1623742Z remote: Compressing objects:  85% (2725/3205)        
2023-10-11T00:22:34.1624141Z remote: Compressing objects:  86% (2757/3205)        
2023-10-11T00:22:34.1624525Z remote: Compressing objects:  87% (2789/3205)        
2023-10-11T00:22:34.1626527Z remote: Compressing objects:  88% (2821/3205)        
2023-10-11T00:22:34.1629795Z remote: Compressing objects:  89% (2853/3205)        
2023-10-11T00:22:34.1633459Z remote: Compressing objects:  90% (2885/3205)        
2023-10-11T00:22:34.1633975Z remote: Compressing objects:  91% (2917/3205)        
2023-10-11T00:22:34.1634357Z remote: Compressing objects:  92% (2949/3205)        
2023-10-11T00:22:34.1634735Z remote: Compressing objects:  93% (2981/3205)        
2023-10-11T00:22:34.1635115Z remote: Compressing objects:  94% (3013/3205)        
2023-10-11T00:22:34.1635485Z remote: Compressing objects:  95% (3045/3205)        
2023-10-11T00:22:34.1635856Z remote: Compressing objects:  96% (3077/3205)        
2023-10-11T00:22:34.1636550Z remote: Compressing objects:  97% (3109/3205)        
2023-10-11T00:22:34.1636916Z remote: Compressing objects:  98% (3141/3205)        
2023-10-11T00:22:34.1637289Z remote: Compressing objects:  99% (3173/3205)        
2023-10-11T00:22:34.1637670Z remote: Compressing objects: 100% (3205/3205)        
2023-10-11T00:22:34.1638072Z remote: Compressing objects: 100% (3205/3205), done.        
2023-10-11T00:22:34.1752172Z Receiving objects:   0% (1/8388)
2023-10-11T00:22:34.1778164Z Receiving objects:   1% (84/8388)
2023-10-11T00:22:34.1832419Z Receiving objects:   2% (168/8388)
2023-10-11T00:22:34.1877417Z Receiving objects:   3% (252/8388)
2023-10-11T00:22:34.1914748Z Receiving objects:   4% (336/8388)
2023-10-11T00:22:34.1987795Z Receiving objects:   5% (420/8388)
2023-10-11T00:22:34.2014954Z Receiving objects:   6% (504/8388)
2023-10-11T00:22:34.2036476Z Receiving objects:   7% (588/8388)
2023-10-11T00:22:34.2063632Z Receiving objects:   8% (672/8388)
2023-10-11T00:22:34.2099520Z Receiving objects:   9% (755/8388)
2023-10-11T00:22:34.2119608Z Receiving objects:  10% (839/8388)
2023-10-11T00:22:34.2173127Z Receiving objects:  11% (923/8388)
2023-10-11T00:22:34.2173499Z Receiving objects:  12% (1007/8388)
2023-10-11T00:22:34.2173832Z Receiving objects:  13% (1091/8388)
2023-10-11T00:22:34.2251862Z Receiving objects:  14% (1175/8388)
2023-10-11T00:22:34.2397887Z Receiving objects:  15% (1259/8388)
2023-10-11T00:22:34.2513793Z Receiving objects:  16% (1343/8388)
2023-10-11T00:22:34.2647168Z Receiving objects:  17% (1426/8388)
2023-10-11T00:22:34.2764675Z Receiving objects:  18% (1510/8388)
2023-10-11T00:22:34.2881816Z Receiving objects:  19% (1594/8388)
2023-10-11T00:22:34.3000324Z Receiving objects:  20% (1678/8388)
2023-10-11T00:22:34.3108063Z Receiving objects:  21% (1762/8388)
2023-10-11T00:22:34.3254028Z Receiving objects:  22% (1846/8388)
2023-10-11T00:22:34.3368721Z Receiving objects:  23% (1930/8388)
2023-10-11T00:22:34.3468893Z Receiving objects:  24% (2014/8388)
2023-10-11T00:22:34.3633924Z Receiving objects:  25% (2097/8388)
2023-10-11T00:22:34.3769598Z Receiving objects:  26% (2181/8388)
2023-10-11T00:22:34.3876858Z Receiving objects:  27% (2265/8388)
2023-10-11T00:22:34.3981010Z Receiving objects:  28% (2349/8388)
2023-10-11T00:22:34.4098361Z Receiving objects:  29% (2433/8388)
2023-10-11T00:22:34.4177387Z Receiving objects:  30% (2517/8388)
2023-10-11T00:22:34.4275392Z Receiving objects:  31% (2601/8388)
2023-10-11T00:22:34.4393738Z Receiving objects:  32% (2685/8388)
2023-10-11T00:22:34.4459760Z Receiving objects:  33% (2769/8388)
2023-10-11T00:22:34.4523077Z Receiving objects:  34% (2852/8388)
2023-10-11T00:22:34.4662247Z Receiving objects:  35% (2936/8388)
2023-10-11T00:22:34.4820594Z Receiving objects:  36% (3020/8388)
2023-10-11T00:22:34.4925665Z Receiving objects:  37% (3104/8388)
2023-10-11T00:22:34.4974491Z Receiving objects:  38% (3188/8388)
2023-10-11T00:22:34.5038787Z Receiving objects:  39% (3272/8388)
2023-10-11T00:22:34.5098639Z Receiving objects:  40% (3356/8388)
2023-10-11T00:22:34.5150981Z Receiving objects:  41% (3440/8388)
2023-10-11T00:22:34.5198819Z Receiving objects:  42% (3523/8388)
2023-10-11T00:22:34.5245897Z Receiving objects:  43% (3607/8388)
2023-10-11T00:22:34.5294188Z Receiving objects:  44% (3691/8388)
2023-10-11T00:22:34.5453701Z Receiving objects:  45% (3775/8388)
2023-10-11T00:22:34.5604169Z Receiving objects:  46% (3859/8388)
2023-10-11T00:22:34.5750910Z Receiving objects:  47% (3943/8388)
2023-10-11T00:22:34.5925377Z Receiving objects:  48% (4027/8388)
2023-10-11T00:22:34.6029476Z Receiving objects:  49% (4111/8388)
2023-10-11T00:22:34.6163972Z Receiving objects:  50% (4194/8388)
2023-10-11T00:22:34.6278725Z Receiving objects:  51% (4278/8388)
2023-10-11T00:22:34.6439131Z Receiving objects:  52% (4362/8388)
2023-10-11T00:22:34.6575263Z Receiving objects:  53% (4446/8388)
2023-10-11T00:22:34.6755493Z Receiving objects:  54% (4530/8388)
2023-10-11T00:22:34.6912648Z Receiving objects:  55% (4614/8388), 17.51 MiB | 35.01 MiB/s
2023-10-11T00:22:34.7016703Z Receiving objects:  56% (4698/8388), 17.51 MiB | 35.01 MiB/s
2023-10-11T00:22:34.7129062Z Receiving objects:  57% (4782/8388), 17.51 MiB | 35.01 MiB/s
2023-10-11T00:22:34.7288321Z Receiving objects:  58% (4866/8388), 17.51 MiB | 35.01 MiB/s
2023-10-11T00:22:34.7437544Z Receiving objects:  59% (4949/8388), 17.51 MiB | 35.01 MiB/s
2023-10-11T00:22:34.7576172Z Receiving objects:  60% (5033/8388), 17.51 MiB | 35.01 MiB/s
2023-10-11T00:22:34.7719276Z Receiving objects:  61% (5117/8388), 17.51 MiB | 35.01 MiB/s
2023-10-11T00:22:34.7854051Z Receiving objects:  62% (5201/8388), 17.51 MiB | 35.01 MiB/s
2023-10-11T00:22:34.8011026Z Receiving objects:  63% (5285/8388), 17.51 MiB | 35.01 MiB/s
2023-10-11T00:22:34.8132048Z Receiving objects:  64% (5369/8388), 17.51 MiB | 35.01 MiB/s
2023-10-11T00:22:34.8268048Z Receiving objects:  65% (5453/8388), 17.51 MiB | 35.01 MiB/s
2023-10-11T00:22:34.8440188Z Receiving objects:  66% (5537/8388), 17.51 MiB | 35.01 MiB/s
2023-10-11T00:22:34.8557090Z Receiving objects:  67% (5620/8388), 17.51 MiB | 35.01 MiB/s
2023-10-11T00:22:34.8752931Z Receiving objects:  68% (5704/8388), 17.51 MiB | 35.01 MiB/s
2023-10-11T00:22:34.8926838Z Receiving objects:  69% (5788/8388), 17.51 MiB | 35.01 MiB/s
2023-10-11T00:22:34.9089728Z Receiving objects:  70% (5872/8388), 17.51 MiB | 35.01 MiB/s
2023-10-11T00:22:34.9189161Z Receiving objects:  71% (5956/8388), 17.51 MiB | 35.01 MiB/s
2023-10-11T00:22:34.9314189Z Receiving objects:  72% (6040/8388), 17.51 MiB | 35.01 MiB/s
2023-10-11T00:22:34.9427156Z Receiving objects:  73% (6124/8388), 17.51 MiB | 35.01 MiB/s
2023-10-11T00:22:34.9552873Z Receiving objects:  74% (6208/8388), 17.51 MiB | 35.01 MiB/s
2023-10-11T00:22:34.9714468Z Receiving objects:  75% (6291/8388), 17.51 MiB | 35.01 MiB/s
2023-10-11T00:22:34.9878453Z Receiving objects:  76% (6375/8388), 17.51 MiB | 35.01 MiB/s
2023-10-11T00:22:35.0042538Z Receiving objects:  77% (6459/8388), 17.51 MiB | 35.01 MiB/s
2023-10-11T00:22:35.0199973Z Receiving objects:  78% (6543/8388), 17.51 MiB | 35.01 MiB/s
2023-10-11T00:22:35.0371148Z Receiving objects:  79% (6627/8388), 17.51 MiB | 35.01 MiB/s
2023-10-11T00:22:35.0462541Z Receiving objects:  80% (6711/8388), 17.51 MiB | 35.01 MiB/s
2023-10-11T00:22:35.0588892Z Receiving objects:  81% (6795/8388), 17.51 MiB | 35.01 MiB/s
2023-10-11T00:22:35.0667234Z Receiving objects:  82% (6879/8388), 17.51 MiB | 35.01 MiB/s
2023-10-11T00:22:35.0812559Z Receiving objects:  83% (6963/8388), 17.51 MiB | 35.01 MiB/s
2023-10-11T00:22:35.0960269Z Receiving objects:  84% (7046/8388), 17.51 MiB | 35.01 MiB/s
2023-10-11T00:22:35.1067522Z Receiving objects:  85% (7130/8388), 17.51 MiB | 35.01 MiB/s
2023-10-11T00:22:35.1379896Z Receiving objects:  86% (7214/8388), 17.51 MiB | 35.01 MiB/s
2023-10-11T00:22:35.1561740Z Receiving objects:  87% (7298/8388), 17.51 MiB | 35.01 MiB/s
2023-10-11T00:22:35.1647073Z Receiving objects:  88% (7382/8388), 17.51 MiB | 35.01 MiB/s
2023-10-11T00:22:35.1677611Z Receiving objects:  89% (7466/8388), 17.51 MiB | 35.01 MiB/s
2023-10-11T00:22:35.1708717Z Receiving objects:  89% (7512/8388), 35.48 MiB | 35.48 MiB/s
2023-10-11T00:22:35.1717457Z Receiving objects:  90% (7550/8388), 35.48 MiB | 35.48 MiB/s
2023-10-11T00:22:35.1725340Z Receiving objects:  91% (7634/8388), 35.48 MiB | 35.48 MiB/s
2023-10-11T00:22:35.1741370Z Receiving objects:  92% (7717/8388), 35.48 MiB | 35.48 MiB/s
2023-10-11T00:22:35.1753876Z Receiving objects:  93% (7801/8388), 35.48 MiB | 35.48 MiB/s
2023-10-11T00:22:35.1812209Z Receiving objects:  94% (7885/8388), 35.48 MiB | 35.48 MiB/s
2023-10-11T00:22:35.2057073Z Receiving objects:  95% (7969/8388), 35.48 MiB | 35.48 MiB/s
2023-10-11T00:22:35.2286552Z Receiving objects:  96% (8053/8388), 35.48 MiB | 35.48 MiB/s
2023-10-11T00:22:35.2424245Z Receiving objects:  97% (8137/8388), 35.48 MiB | 35.48 MiB/s
2023-10-11T00:22:35.2472300Z Receiving objects:  98% (8221/8388), 35.48 MiB | 35.48 MiB/s
2023-10-11T00:22:35.2716682Z Receiving objects:  99% (8305/8388), 35.48 MiB | 35.48 MiB/s
2023-10-11T00:22:35.2718170Z remote: Total 8388 (delta 4904), reused 8041 (delta 4782), pack-reused 0        
2023-10-11T00:22:35.2730091Z Receiving objects: 100% (8388/8388), 35.48 MiB | 35.48 MiB/s
2023-10-11T00:22:35.2730747Z Receiving objects: 100% (8388/8388), 39.65 MiB | 35.86 MiB/s, done.
2023-10-11T00:22:35.2898442Z Resolving deltas:   0% (0/4904)
2023-10-11T00:22:35.3080326Z Resolving deltas:   1% (50/4904)
2023-10-11T00:22:35.3214778Z Resolving deltas:   2% (99/4904)
2023-10-11T00:22:35.3360166Z Resolving deltas:   3% (148/4904)
2023-10-11T00:22:35.3499352Z Resolving deltas:   4% (197/4904)
2023-10-11T00:22:35.3591701Z Resolving deltas:   5% (246/4904)
2023-10-11T00:22:35.3601954Z Resolving deltas:   6% (295/4904)
2023-10-11T00:22:35.3610588Z Resolving deltas:   7% (344/4904)
2023-10-11T00:22:35.3620233Z Resolving deltas:   8% (393/4904)
2023-10-11T00:22:35.3629251Z Resolving deltas:   9% (442/4904)
2023-10-11T00:22:35.3639096Z Resolving deltas:  10% (491/4904)
2023-10-11T00:22:35.3648682Z Resolving deltas:  11% (540/4904)
2023-10-11T00:22:35.3653824Z Resolving deltas:  12% (589/4904)
2023-10-11T00:22:35.3687564Z Resolving deltas:  13% (638/4904)
2023-10-11T00:22:35.3804800Z Resolving deltas:  14% (687/4904)
2023-10-11T00:22:35.4010107Z Resolving deltas:  15% (736/4904)
2023-10-11T00:22:35.4230376Z Resolving deltas:  16% (785/4904)
2023-10-11T00:22:35.4351440Z Resolving deltas:  17% (834/4904)
2023-10-11T00:22:35.4678680Z Resolving deltas:  18% (883/4904)
2023-10-11T00:22:35.4956502Z Resolving deltas:  19% (932/4904)
2023-10-11T00:22:35.5318852Z Resolving deltas:  20% (981/4904)
2023-10-11T00:22:35.5500955Z Resolving deltas:  21% (1030/4904)
2023-10-11T00:22:35.5672206Z Resolving deltas:  22% (1079/4904)
2023-10-11T00:22:35.5854351Z Resolving deltas:  23% (1128/4904)
2023-10-11T00:22:35.5981061Z Resolving deltas:  24% (1177/4904)
2023-10-11T00:22:35.6127510Z Resolving deltas:  25% (1226/4904)
2023-10-11T00:22:35.6134832Z Resolving deltas:  26% (1276/4904)
2023-10-11T00:22:35.6142578Z Resolving deltas:  27% (1325/4904)
2023-10-11T00:22:35.6157102Z Resolving deltas:  28% (1374/4904)
2023-10-11T00:22:35.6165778Z Resolving deltas:  29% (1423/4904)
2023-10-11T00:22:35.6181007Z Resolving deltas:  30% (1472/4904)
2023-10-11T00:22:35.6194095Z Resolving deltas:  31% (1521/4904)
2023-10-11T00:22:35.6204461Z Resolving deltas:  32% (1570/4904)
2023-10-11T00:22:35.6222990Z Resolving deltas:  33% (1619/4904)
2023-10-11T00:22:35.6252790Z Resolving deltas:  34% (1668/4904)
2023-10-11T00:22:35.6293794Z Resolving deltas:  35% (1717/4904)
2023-10-11T00:22:35.6311130Z Resolving deltas:  36% (1766/4904)
2023-10-11T00:22:35.6321101Z Resolving deltas:  37% (1815/4904)
2023-10-11T00:22:35.6324474Z Resolving deltas:  38% (1864/4904)
2023-10-11T00:22:35.6328596Z Resolving deltas:  39% (1913/4904)
2023-10-11T00:22:35.6332086Z Resolving deltas:  40% (1962/4904)
2023-10-11T00:22:35.6365226Z Resolving deltas:  41% (2011/4904)
2023-10-11T00:22:35.6407505Z Resolving deltas:  42% (2060/4904)
2023-10-11T00:22:35.6445712Z Resolving deltas:  43% (2109/4904)
2023-10-11T00:22:35.6477734Z Resolving deltas:  44% (2158/4904)
2023-10-11T00:22:35.6533815Z Resolving deltas:  45% (2207/4904)
2023-10-11T00:22:35.6582656Z Resolving deltas:  46% (2256/4904)
2023-10-11T00:22:35.6594876Z Resolving deltas:  47% (2305/4904)
2023-10-11T00:22:35.6598406Z Resolving deltas:  48% (2354/4904)
2023-10-11T00:22:35.6724672Z Resolving deltas:  49% (2403/4904)
2023-10-11T00:22:35.6930903Z Resolving deltas:  50% (2452/4904)
2023-10-11T00:22:35.7057168Z Resolving deltas:  51% (2502/4904)
2023-10-11T00:22:35.7278291Z Resolving deltas:  52% (2551/4904)
2023-10-11T00:22:35.7722351Z Resolving deltas:  53% (2600/4904)
2023-10-11T00:22:35.7928124Z Resolving deltas:  54% (2649/4904)
2023-10-11T00:22:35.8269340Z Resolving deltas:  55% (2698/4904)
2023-10-11T00:22:35.8643436Z Resolving deltas:  56% (2747/4904)
2023-10-11T00:22:35.8853297Z Resolving deltas:  57% (2796/4904)
2023-10-11T00:22:35.8910614Z Resolving deltas:  58% (2845/4904)
2023-10-11T00:22:35.9033068Z Resolving deltas:  59% (2894/4904)
2023-10-11T00:22:35.9049403Z Resolving deltas:  60% (2943/4904)
2023-10-11T00:22:35.9072844Z Resolving deltas:  61% (2992/4904)
2023-10-11T00:22:35.9309219Z Resolving deltas:  62% (3041/4904)
2023-10-11T00:22:35.9610332Z Resolving deltas:  63% (3090/4904)
2023-10-11T00:22:35.9823551Z Resolving deltas:  64% (3139/4904)
2023-10-11T00:22:35.9959468Z Resolving deltas:  65% (3188/4904)
2023-10-11T00:22:36.0100357Z Resolving deltas:  66% (3237/4904)
2023-10-11T00:22:36.0127718Z Resolving deltas:  67% (3286/4904)
2023-10-11T00:22:36.0146084Z Resolving deltas:  68% (3335/4904)
2023-10-11T00:22:36.0167816Z Resolving deltas:  69% (3384/4904)
2023-10-11T00:22:36.0172435Z Resolving deltas:  70% (3433/4904)
2023-10-11T00:22:36.0184826Z Resolving deltas:  71% (3482/4904)
2023-10-11T00:22:36.0189798Z Resolving deltas:  72% (3531/4904)
2023-10-11T00:22:36.0194931Z Resolving deltas:  73% (3581/4904)
2023-10-11T00:22:36.0208683Z Resolving deltas:  74% (3630/4904)
2023-10-11T00:22:36.0217585Z Resolving deltas:  75% (3678/4904)
2023-10-11T00:22:36.0233467Z Resolving deltas:  76% (3728/4904)
2023-10-11T00:22:36.0251743Z Resolving deltas:  77% (3777/4904)
2023-10-11T00:22:36.0279533Z Resolving deltas:  78% (3826/4904)
2023-10-11T00:22:36.0398548Z Resolving deltas:  79% (3875/4904)
2023-10-11T00:22:36.0687968Z Resolving deltas:  80% (3924/4904)
2023-10-11T00:22:36.0931404Z Resolving deltas:  81% (3973/4904)
2023-10-11T00:22:36.1112004Z Resolving deltas:  82% (4022/4904)
2023-10-11T00:22:36.1176236Z Resolving deltas:  83% (4071/4904)
2023-10-11T00:22:36.1192546Z Resolving deltas:  84% (4120/4904)
2023-10-11T00:22:36.1267133Z Resolving deltas:  85% (4169/4904)
2023-10-11T00:22:36.1331878Z Resolving deltas:  86% (4218/4904)
2023-10-11T00:22:36.1390427Z Resolving deltas:  87% (4267/4904)
2023-10-11T00:22:36.1457189Z Resolving deltas:  88% (4316/4904)
2023-10-11T00:22:36.1529361Z Resolving deltas:  89% (4365/4904)
2023-10-11T00:22:36.1654894Z Resolving deltas:  90% (4414/4904)
2023-10-11T00:22:36.1798902Z Resolving deltas:  91% (4463/4904)
2023-10-11T00:22:36.1896624Z Resolving deltas:  92% (4512/4904)
2023-10-11T00:22:36.1966210Z Resolving deltas:  93% (4561/4904)
2023-10-11T00:22:36.2042965Z Resolving deltas:  94% (4610/4904)
2023-10-11T00:22:36.2100816Z Resolving deltas:  95% (4659/4904)
2023-10-11T00:22:36.2162950Z Resolving deltas:  96% (4708/4904)
2023-10-11T00:22:36.2233025Z Resolving deltas:  97% (4757/4904)
2023-10-11T00:22:36.2359750Z Resolving deltas:  98% (4806/4904)
2023-10-11T00:22:36.2418277Z Resolving deltas:  99% (4855/4904)
2023-10-11T00:22:36.2427021Z Resolving deltas: 100% (4904/4904)
2023-10-11T00:22:36.2427828Z Resolving deltas: 100% (4904/4904), done.
2023-10-11T00:22:36.3487503Z From https://github.com/seanpm2001/GitHub_Stats_A
2023-10-11T00:22:36.3489203Z  * [new ref]         0f130a3fbaf53e821fd4799e8c7adfb9d550583c -> origin/master
2023-10-11T00:22:36.3546299Z ##[endgroup]
2023-10-11T00:22:36.3547435Z ##[group]Determining the checkout info
2023-10-11T00:22:36.3548655Z ##[endgroup]
2023-10-11T00:22:36.3549443Z ##[group]Checking out the ref
2023-10-11T00:22:36.3550784Z [command]/usr/bin/git checkout --progress --force -B master refs/remotes/origin/master
2023-10-11T00:22:37.3790478Z Updating files:  63% (5532/8713)
2023-10-11T00:22:37.3953526Z Updating files:  64% (5577/8713)
2023-10-11T00:22:37.4209166Z Updating files:  65% (5664/8713)
2023-10-11T00:22:37.4377607Z Updating files:  66% (5751/8713)
2023-10-11T00:22:37.4593631Z Updating files:  67% (5838/8713)
2023-10-11T00:22:37.4818483Z Updating files:  68% (5925/8713)
2023-10-11T00:22:37.4967684Z Updating files:  69% (6012/8713)
2023-10-11T00:22:37.5126512Z Updating files:  70% (6100/8713)
2023-10-11T00:22:37.5295796Z Updating files:  71% (6187/8713)
2023-10-11T00:22:37.5454345Z Updating files:  72% (6274/8713)
2023-10-11T00:22:37.5639561Z Updating files:  73% (6361/8713)
2023-10-11T00:22:37.5805332Z Updating files:  74% (6448/8713)
2023-10-11T00:22:37.5923268Z Updating files:  75% (6535/8713)
2023-10-11T00:22:37.6033822Z Updating files:  76% (6622/8713)
2023-10-11T00:22:37.6144864Z Updating files:  77% (6710/8713)
2023-10-11T00:22:37.6339535Z Updating files:  78% (6797/8713)
2023-10-11T00:22:37.6340294Z Updating files:  79% (6884/8713)
2023-10-11T00:22:37.6490497Z Updating files:  80% (6971/8713)
2023-10-11T00:22:37.6646343Z Updating files:  81% (7058/8713)
2023-10-11T00:22:37.6678463Z Updating files:  82% (7145/8713)
2023-10-11T00:22:37.6728251Z Updating files:  83% (7232/8713)
2023-10-11T00:22:37.6795079Z Updating files:  84% (7319/8713)
2023-10-11T00:22:37.6863888Z Updating files:  85% (7407/8713)
2023-10-11T00:22:37.6989602Z Updating files:  86% (7494/8713)
2023-10-11T00:22:37.7047542Z Updating files:  87% (7581/8713)
2023-10-11T00:22:37.7126699Z Updating files:  88% (7668/8713)
2023-10-11T00:22:37.7287632Z Updating files:  89% (7755/8713)
2023-10-11T00:22:37.7431902Z Updating files:  90% (7842/8713)
2023-10-11T00:22:37.7576833Z Updating files:  91% (7929/8713)
2023-10-11T00:22:37.7771340Z Updating files:  92% (8016/8713)
2023-10-11T00:22:37.8005066Z Updating files:  93% (8104/8713)
2023-10-11T00:22:37.8113835Z Updating files:  94% (8191/8713)
2023-10-11T00:22:37.8205974Z Updating files:  95% (8278/8713)
2023-10-11T00:22:37.8299273Z Updating files:  96% (8365/8713)
2023-10-11T00:22:37.8417987Z Updating files:  97% (8452/8713)
2023-10-11T00:22:37.8576388Z Updating files:  98% (8539/8713)
2023-10-11T00:22:37.8692596Z Updating files:  99% (8626/8713)
2023-10-11T00:22:37.8693329Z Updating files: 100% (8713/8713)
2023-10-11T00:22:37.8694443Z Updating files: 100% (8713/8713), done.
2023-10-11T00:22:37.8866297Z Reset branch 'master'
2023-10-11T00:22:37.8866914Z branch 'master' set up to track 'origin/master'.
2023-10-11T00:22:37.8944321Z ##[endgroup]
2023-10-11T00:22:37.8997732Z [command]/usr/bin/git log -1 --format='%H'
2023-10-11T00:22:37.9039598Z '0f130a3fbaf53e821fd4799e8c7adfb9d550583c'
2023-10-11T00:22:37.9494831Z ##[group]Run actions/setup-python@v4
2023-10-11T00:22:37.9495371Z with:
2023-10-11T00:22:37.9495745Z   python-version: 3.8
2023-10-11T00:22:37.9496079Z   architecture: x64
2023-10-11T00:22:37.9496432Z   cache: pip
2023-10-11T00:22:37.9496857Z   check-latest: false
2023-10-11T00:22:37.9497413Z   token: ***
2023-10-11T00:22:37.9497729Z   update-environment: true
2023-10-11T00:22:37.9498132Z   allow-prereleases: false
2023-10-11T00:22:37.9498506Z ##[endgroup]
2023-10-11T00:22:38.1602676Z ##[group]Installed versions
2023-10-11T00:22:38.1742046Z Successfully set up CPython (3.8.18)
2023-10-11T00:22:38.1745559Z ##[endgroup]
2023-10-11T00:22:39.2265890Z [command]/opt/hostedtoolcache/Python/3.8.18/x64/bin/pip cache dir
2023-10-11T00:22:41.4694515Z /home/runner/.cache/pip
2023-10-11T00:22:41.8322410Z Received 6245959 of 6245959 (100.0%), 44.1 MBs/sec
2023-10-11T00:22:41.8323274Z Cache Size: ~6 MB (6245959 B)
2023-10-11T00:22:41.8360420Z [command]/usr/bin/tar -xf /home/runner/work/_temp/a8548ccb-e47f-4db7-86e2-d6cec4a532de/cache.tzst -P -C /home/runner/work/GitHub_Stats_A/GitHub_Stats_A --use-compress-program unzstd
2023-10-11T00:22:41.8654541Z Cache restored successfully
2023-10-11T00:22:41.8677576Z Cache restored from key: setup-python-Linux-22.04-Ubuntu-python-3.8.18-pip-60f2a6c0212a9b74a155cd81b58dd07fd8b180833132566260d95f4de42fe218
2023-10-11T00:22:41.8931411Z ##[group]Run python3 -m pip install --upgrade pip setuptools wheel
2023-10-11T00:22:41.8931996Z [36;1mpython3 -m pip install --upgrade pip setuptools wheel[0m
2023-10-11T00:22:41.8932438Z [36;1mpython3 -m pip install -r requirements.txt[0m
2023-10-11T00:22:41.9003564Z shell: /usr/bin/bash -e {0}
2023-10-11T00:22:41.9003897Z env:
2023-10-11T00:22:41.9004294Z   pythonLocation: /opt/hostedtoolcache/Python/3.8.18/x64
2023-10-11T00:22:41.9004770Z   PKG_CONFIG_PATH: /opt/hostedtoolcache/Python/3.8.18/x64/lib/pkgconfig
2023-10-11T00:22:41.9005235Z   Python_ROOT_DIR: /opt/hostedtoolcache/Python/3.8.18/x64
2023-10-11T00:22:41.9005676Z   Python2_ROOT_DIR: /opt/hostedtoolcache/Python/3.8.18/x64
2023-10-11T00:22:41.9006108Z   Python3_ROOT_DIR: /opt/hostedtoolcache/Python/3.8.18/x64
2023-10-11T00:22:41.9006544Z   LD_LIBRARY_PATH: /opt/hostedtoolcache/Python/3.8.18/x64/lib
2023-10-11T00:22:41.9006903Z ##[endgroup]
2023-10-11T00:22:43.2841740Z Requirement already satisfied: pip in /opt/hostedtoolcache/Python/3.8.18/x64/lib/python3.8/site-packages (23.0.1)
2023-10-11T00:22:43.5242387Z Collecting pip
2023-10-11T00:22:43.5245589Z   Obtaining dependency information for pip from https://files.pythonhosted.org/packages/50/c2/e06851e8cc28dcad7c155f4753da8833ac06a5c704c109313b8d5a62968a/pip-23.2.1-py3-none-any.whl.metadata
2023-10-11T00:22:43.5275434Z   Using cached pip-23.2.1-py3-none-any.whl.metadata (4.2 kB)
2023-10-11T00:22:43.5288681Z Requirement already satisfied: setuptools in /opt/hostedtoolcache/Python/3.8.18/x64/lib/python3.8/site-packages (56.0.0)
2023-10-11T00:22:43.9532028Z Collecting setuptools
2023-10-11T00:22:43.9534151Z   Obtaining dependency information for setuptools from https://files.pythonhosted.org/packages/bb/26/7945080113158354380a12ce26873dd6c1ebd88d47f5bc24e2c5bb38c16a/setuptools-68.2.2-py3-none-any.whl.metadata
2023-10-11T00:22:44.0498560Z   Downloading setuptools-68.2.2-py3-none-any.whl.metadata (6.3 kB)
2023-10-11T00:22:44.1115578Z Collecting wheel
2023-10-11T00:22:44.1117715Z   Obtaining dependency information for wheel from https://files.pythonhosted.org/packages/b8/8b/31273bf66016be6ad22bb7345c37ff350276cfd46e389a0c2ac5da9d9073/wheel-0.41.2-py3-none-any.whl.metadata
2023-10-11T00:22:44.1149218Z   Using cached wheel-0.41.2-py3-none-any.whl.metadata (2.2 kB)
2023-10-11T00:22:44.1877863Z Using cached pip-23.2.1-py3-none-any.whl (2.1 MB)
2023-10-11T00:22:44.1972961Z Downloading setuptools-68.2.2-py3-none-any.whl (807 kB)
2023-10-11T00:22:44.2635796Z    ‚îÅ‚îÅ‚îÅ‚îÅ‚îÅ‚îÅ‚îÅ‚îÅ‚îÅ‚îÅ‚îÅ‚îÅ‚îÅ‚îÅ‚îÅ‚îÅ‚îÅ‚îÅ‚îÅ‚îÅ‚îÅ‚îÅ‚îÅ‚îÅ‚îÅ‚îÅ‚îÅ‚îÅ‚îÅ‚îÅ‚îÅ‚îÅ‚îÅ‚îÅ‚îÅ‚îÅ‚îÅ‚îÅ‚îÅ‚îÅ 807.9/807.9 kB 12.9 MB/s eta 0:00:00
2023-10-11T00:22:44.2685493Z Using cached wheel-0.41.2-py3-none-any.whl (64 kB)
2023-10-11T00:22:44.4974495Z Installing collected packages: wheel, setuptools, pip
2023-10-11T00:22:44.5535420Z   Attempting uninstall: setuptools
2023-10-11T00:22:44.5548613Z     Found existing installation: setuptools 56.0.0
2023-10-11T00:22:44.5773041Z     Uninstalling setuptools-56.0.0:
2023-10-11T00:22:44.5914320Z       Successfully uninstalled setuptools-56.0.0
2023-10-11T00:22:45.1786498Z   Attempting uninstall: pip
2023-10-11T00:22:45.1792632Z     Found existing installation: pip 23.0.1
2023-10-11T00:22:45.2888118Z     Uninstalling pip-23.0.1:
2023-10-11T00:22:45.3488439Z       Successfully uninstalled pip-23.0.1
2023-10-11T00:22:46.8243127Z Successfully installed pip-23.2.1 setuptools-68.2.2 wheel-0.41.2
2023-10-11T00:22:48.8649167Z Collecting requests (from -r requirements.txt (line 1))
2023-10-11T00:22:48.8653216Z   Obtaining dependency information for requests from https://files.pythonhosted.org/packages/70/8e/0e2d847013cb52cd35b38c009bb167a1a26b2ce6cd6965bf26b47bc0bf44/requests-2.31.0-py3-none-any.whl.metadata
2023-10-11T00:22:48.8710492Z   Using cached requests-2.31.0-py3-none-any.whl.metadata (4.6 kB)
2023-10-11T00:22:49.5882104Z Collecting aiohttp (from -r requirements.txt (line 2))
2023-10-11T00:22:49.5884910Z   Obtaining dependency information for aiohttp from https://files.pythonhosted.org/packages/91/1b/9b5da3748ddd924288d9a946a0f48a34b179330d342c6cdeb89683bcf971/aiohttp-3.8.6-cp38-cp38-manylinux_2_17_x86_64.manylinux2014_x86_64.whl.metadata
2023-10-11T00:22:49.6820906Z   Downloading aiohttp-3.8.6-cp38-cp38-manylinux_2_17_x86_64.manylinux2014_x86_64.whl.metadata (7.7 kB)
2023-10-11T00:22:49.8696151Z Collecting charset-normalizer<4,>=2 (from requests->-r requirements.txt (line 1))
2023-10-11T00:22:49.8703822Z   Obtaining dependency information for charset-normalizer<4,>=2 from https://files.pythonhosted.org/packages/1e/c8/fd52271326c052f95f47ef718b018aa2bc3fd097d9bac44d7d48894c6130/charset_normalizer-3.3.0-cp38-cp38-manylinux_2_17_x86_64.manylinux2014_x86_64.whl.metadata
2023-10-11T00:22:49.8774996Z   Downloading charset_normalizer-3.3.0-cp38-cp38-manylinux_2_17_x86_64.manylinux2014_x86_64.whl.metadata (32 kB)
2023-10-11T00:22:49.9257085Z Collecting idna<4,>=2.5 (from requests->-r requirements.txt (line 1))
2023-10-11T00:22:49.9286331Z   Using cached idna-3.4-py3-none-any.whl (61 kB)
2023-10-11T00:22:50.0076585Z Collecting urllib3<3,>=1.21.1 (from requests->-r requirements.txt (line 1))
2023-10-11T00:22:50.0079272Z   Obtaining dependency information for urllib3<3,>=1.21.1 from https://files.pythonhosted.org/packages/26/40/9957270221b6d3e9a3b92fdfba80dd5c9661ff45a664b47edd5d00f707f5/urllib3-2.0.6-py3-none-any.whl.metadata
2023-10-11T00:22:50.0135074Z   Downloading urllib3-2.0.6-py3-none-any.whl.metadata (6.6 kB)
2023-10-11T00:22:50.0708383Z Collecting certifi>=2017.4.17 (from requests->-r requirements.txt (line 1))
2023-10-11T00:22:50.0712090Z   Obtaining dependency information for certifi>=2017.4.17 from https://files.pythonhosted.org/packages/4c/dd/2234eab22353ffc7d94e8d13177aaa050113286e93e7b40eae01fbf7c3d9/certifi-2023.7.22-py3-none-any.whl.metadata
2023-10-11T00:22:50.0743499Z   Using cached certifi-2023.7.22-py3-none-any.whl.metadata (2.2 kB)
2023-10-11T00:22:50.1269048Z Collecting attrs>=17.3.0 (from aiohttp->-r requirements.txt (line 2))
2023-10-11T00:22:50.1301626Z   Using cached attrs-23.1.0-py3-none-any.whl (61 kB)
2023-10-11T00:22:50.6764004Z Collecting multidict<7.0,>=4.5 (from aiohttp->-r requirements.txt (line 2))
2023-10-11T00:22:50.6809412Z   Using cached multidict-6.0.4-cp38-cp38-manylinux_2_17_x86_64.manylinux2014_x86_64.whl (121 kB)
2023-10-11T00:22:50.7373918Z Collecting async-timeout<5.0,>=4.0.0a3 (from aiohttp->-r requirements.txt (line 2))
2023-10-11T00:22:50.7379359Z   Obtaining dependency information for async-timeout<5.0,>=4.0.0a3 from https://files.pythonhosted.org/packages/a7/fa/e01228c2938de91d47b307831c62ab9e4001e747789d0b05baf779a6488c/async_timeout-4.0.3-py3-none-any.whl.metadata
2023-10-11T00:22:50.7409620Z   Using cached async_timeout-4.0.3-py3-none-any.whl.metadata (4.2 kB)
2023-10-11T00:22:51.0945609Z Collecting yarl<2.0,>=1.0 (from aiohttp->-r requirements.txt (line 2))
2023-10-11T00:22:51.0977676Z   Using cached yarl-1.9.2-cp38-cp38-manylinux_2_17_x86_64.manylinux2014_x86_64.whl (266 kB)
2023-10-11T00:22:51.3744464Z Collecting frozenlist>=1.1.1 (from aiohttp->-r requirements.txt (line 2))
2023-10-11T00:22:51.3748252Z   Obtaining dependency information for frozenlist>=1.1.1 from https://files.pythonhosted.org/packages/0b/36/c276486f89bee9098332710af2207344f360c6c6f104a4931a7566039b1d/frozenlist-1.4.0-cp38-cp38-manylinux_2_5_x86_64.manylinux1_x86_64.manylinux_2_17_x86_64.manylinux2014_x86_64.whl.metadata
2023-10-11T00:22:51.3779875Z   Using cached frozenlist-1.4.0-cp38-cp38-manylinux_2_5_x86_64.manylinux1_x86_64.manylinux_2_17_x86_64.manylinux2014_x86_64.whl.metadata (5.2 kB)
2023-10-11T00:22:51.4872687Z Collecting aiosignal>=1.1.2 (from aiohttp->-r requirements.txt (line 2))
2023-10-11T00:22:51.4901857Z   Using cached aiosignal-1.3.1-py3-none-any.whl (7.6 kB)
2023-10-11T00:22:51.6187267Z Using cached requests-2.31.0-py3-none-any.whl (62 kB)
2023-10-11T00:22:51.6282441Z Downloading aiohttp-3.8.6-cp38-cp38-manylinux_2_17_x86_64.manylinux2014_x86_64.whl (1.1 MB)
2023-10-11T00:22:51.8272014Z    ‚îÅ‚îÅ‚îÅ‚îÅ‚îÅ‚îÅ‚îÅ‚îÅ‚îÅ‚îÅ‚îÅ‚îÅ‚îÅ‚îÅ‚îÅ‚îÅ‚îÅ‚îÅ‚îÅ‚îÅ‚îÅ‚îÅ‚îÅ‚îÅ‚îÅ‚îÅ‚îÅ‚îÅ‚îÅ‚îÅ‚îÅ‚îÅ‚îÅ‚îÅ‚îÅ‚îÅ‚îÅ‚îÅ‚îÅ‚îÅ 1.1/1.1 MB 5.6 MB/s eta 0:00:00
2023-10-11T00:22:51.8280115Z Using cached async_timeout-4.0.3-py3-none-any.whl (5.7 kB)
2023-10-11T00:22:51.8323025Z Using cached certifi-2023.7.22-py3-none-any.whl (158 kB)
2023-10-11T00:22:51.8434265Z Downloading charset_normalizer-3.3.0-cp38-cp38-manylinux_2_17_x86_64.manylinux2014_x86_64.whl (137 kB)
2023-10-11T00:22:52.0354320Z    ‚îÅ‚îÅ‚îÅ‚îÅ‚îÅ‚îÅ‚îÅ‚îÅ‚îÅ‚îÅ‚îÅ‚îÅ‚îÅ‚îÅ‚îÅ‚îÅ‚îÅ‚îÅ‚îÅ‚îÅ‚îÅ‚îÅ‚îÅ‚îÅ‚îÅ‚îÅ‚îÅ‚îÅ‚îÅ‚îÅ‚îÅ‚îÅ‚îÅ‚îÅ‚îÅ‚îÅ‚îÅ‚îÅ‚îÅ 137.9/137.9 kB 689.6 kB/s eta 0:00:00
2023-10-11T00:22:52.0395567Z Using cached frozenlist-1.4.0-cp38-cp38-manylinux_2_5_x86_64.manylinux1_x86_64.manylinux_2_17_x86_64.manylinux2014_x86_64.whl (220 kB)
2023-10-11T00:22:52.0461781Z Downloading urllib3-2.0.6-py3-none-any.whl (123 kB)
2023-10-11T00:22:52.1380304Z    ‚îÅ‚îÅ‚îÅ‚îÅ‚îÅ‚îÅ‚îÅ‚îÅ‚îÅ‚îÅ‚îÅ‚îÅ‚îÅ‚îÅ‚îÅ‚îÅ‚îÅ‚îÅ‚îÅ‚îÅ‚îÅ‚îÅ‚îÅ‚îÅ‚îÅ‚îÅ‚îÅ‚îÅ‚îÅ‚îÅ‚îÅ‚îÅ‚îÅ‚îÅ‚îÅ‚îÅ‚îÅ‚îÅ‚îÅ‚îÅ 123.8/123.8 kB 1.3 MB/s eta 0:00:00
2023-10-11T00:22:52.3103482Z Installing collected packages: urllib3, multidict, idna, frozenlist, charset-normalizer, certifi, attrs, async-timeout, yarl, requests, aiosignal, aiohttp
2023-10-11T00:22:52.9286467Z Successfully installed aiohttp-3.8.6 aiosignal-1.3.1 async-timeout-4.0.3 attrs-23.1.0 certifi-2023.7.22 charset-normalizer-3.3.0 frozenlist-1.4.0 idna-3.4 multidict-6.0.4 requests-2.31.0 urllib3-2.0.6 yarl-1.9.2
2023-10-11T00:22:53.6254682Z ##[group]Run python3 --version
2023-10-11T00:22:53.6255055Z [36;1mpython3 --version[0m
2023-10-11T00:22:53.6255451Z [36;1mpython3 generate_images.py[0m
2023-10-11T00:22:53.6318490Z shell: /usr/bin/bash -e {0}
2023-10-11T00:22:53.6318790Z env:
2023-10-11T00:22:53.6319166Z   pythonLocation: /opt/hostedtoolcache/Python/3.8.18/x64
2023-10-11T00:22:53.6319636Z   PKG_CONFIG_PATH: /opt/hostedtoolcache/Python/3.8.18/x64/lib/pkgconfig
2023-10-11T00:22:53.6320094Z   Python_ROOT_DIR: /opt/hostedtoolcache/Python/3.8.18/x64
2023-10-11T00:22:53.6320523Z   Python2_ROOT_DIR: /opt/hostedtoolcache/Python/3.8.18/x64
2023-10-11T00:22:53.6320953Z   Python3_ROOT_DIR: /opt/hostedtoolcache/Python/3.8.18/x64
2023-10-11T00:22:53.6321383Z   LD_LIBRARY_PATH: /opt/hostedtoolcache/Python/3.8.18/x64/lib
2023-10-11T00:22:53.6321949Z   ACCESS_TOKEN: ***
2023-10-11T00:22:53.6322363Z   GITHUB_TOKEN: ***
2023-10-11T00:22:53.6322644Z   EXCLUDED: 
2023-10-11T00:22:53.6322912Z   EXCLUDED_LANGS: 
2023-10-11T00:22:53.6323259Z   EXCLUDE_FORKED_REPOS: true
2023-10-11T00:22:53.6323561Z ##[endgroup]
2023-10-11T00:22:53.6441579Z Python 3.8.18
2023-10-11T00:32:10.4842844Z A path returned 202. Retrying...
2023-10-11T00:32:10.4843758Z A path returned 202. Retrying...
2023-10-11T00:32:10.4844489Z A path returned 202. Retrying...
2023-10-11T00:32:10.4845238Z A path returned 202. Retrying...
2023-10-11T00:32:10.4845950Z A path returned 202. Retrying...
2023-10-11T00:32:10.4846638Z A path returned 202. Retrying...
2023-10-11T00:32:10.4847327Z A path returned 202. Retrying...
2023-10-11T00:32:10.4848014Z A path returned 202. Retrying...
2023-10-11T00:32:10.4848695Z A path returned 202. Retrying...
2023-10-11T00:32:10.4849375Z A path returned 202. Retrying...
2023-10-11T00:32:10.4850115Z A path returned 202. Retrying...
2023-10-11T00:32:10.4850789Z A path returned 202. Retrying...
2023-10-11T00:32:10.4851483Z A path returned 202. Retrying...
2023-10-11T00:32:10.4852178Z A path returned 202. Retrying...
2023-10-11T00:32:10.4852890Z A path returned 202. Retrying...
2023-10-11T00:32:10.4853576Z A path returned 202. Retrying...
2023-10-11T00:32:10.4854266Z A path returned 202. Retrying...
2023-10-11T00:32:10.4854946Z A path returned 202. Retrying...
2023-10-11T00:32:10.4855634Z A path returned 202. Retrying...
2023-10-11T00:32:10.4857063Z A path returned 202. Retrying...
2023-10-11T00:32:10.4858565Z A path returned 202. Retrying...
2023-10-11T00:32:10.4859264Z A path returned 202. Retrying...
2023-10-11T00:32:10.4860065Z A path returned 202. Retrying...
2023-10-11T00:32:10.4860602Z A path returned 202. Retrying...
2023-10-11T00:32:10.4861365Z A path returned 202. Retrying...
2023-10-11T00:32:10.4861892Z A path returned 202. Retrying...
2023-10-11T00:32:10.4862643Z A path returned 202. Retrying...
2023-10-11T00:32:10.4867739Z A path returned 202. Retrying...
2023-10-11T00:32:10.4869525Z A path returned 202. Retrying...
2023-10-11T00:32:10.4870251Z A path returned 202. Retrying...
2023-10-11T00:32:10.4871091Z A path returned 202. Retrying...
2023-10-11T00:32:10.4871670Z A path returned 202. Retrying...
2023-10-11T00:32:10.4872457Z A path returned 202. Retrying...
2023-10-11T00:32:10.4873310Z A path returned 202. Retrying...
2023-10-11T00:32:10.4874104Z A path returned 202. Retrying...
2023-10-11T00:32:10.4874642Z A path returned 202. Retrying...
2023-10-11T00:32:10.4875441Z A path returned 202. Retrying...
2023-10-11T00:32:10.4875978Z A path returned 202. Retrying...
2023-10-11T00:32:10.4876741Z A path returned 202. Retrying...
2023-10-11T00:32:10.4877271Z A path returned 202. Retrying...
2023-10-11T00:32:10.4878053Z A path returned 202. Retrying...
2023-10-11T00:32:10.4878583Z A path returned 202. Retrying...
2023-10-11T00:32:10.4879344Z A path returned 202. Retrying...
2023-10-11T00:32:10.4879861Z A path returned 202. Retrying...
2023-10-11T00:32:10.4880626Z A path returned 202. Retrying...
2023-10-11T00:32:10.4881156Z A path returned 202. Retrying...
2023-10-11T00:32:10.4881918Z A path returned 202. Retrying...
2023-10-11T00:32:10.4882911Z A path returned 202. Retrying...
2023-10-11T00:32:10.4884309Z A path returned 202. Retrying...
2023-10-11T00:32:10.4885528Z A path returned 202. Retrying...
2023-10-11T00:32:10.4886026Z A path returned 202. Retrying...
2023-10-11T00:32:10.4886696Z A path returned 202. Retrying...
2023-10-11T00:32:10.4889516Z A path returned 202. Retrying...
2023-10-11T00:32:10.4889863Z A path returned 202. Retrying...
2023-10-11T00:32:10.4890184Z A path returned 202. Retrying...
2023-10-11T00:32:10.4890519Z A path returned 202. Retrying...
2023-10-11T00:32:10.4890847Z A path returned 202. Retrying...
2023-10-11T00:32:10.4891180Z A path returned 202. Retrying...
2023-10-11T00:32:10.4891515Z A path returned 202. Retrying...
2023-10-11T00:32:10.4891851Z A path returned 202. Retrying...
2023-10-11T00:32:10.4892180Z A path returned 202. Retrying...
2023-10-11T00:32:10.4892513Z A path returned 202. Retrying...
2023-10-11T00:32:10.4892834Z A path returned 202. Retrying...
2023-10-11T00:32:10.4893166Z A path returned 202. Retrying...
2023-10-11T00:32:10.4893509Z A path returned 202. Retrying...
2023-10-11T00:32:10.4893843Z A path returned 202. Retrying...
2023-10-11T00:32:10.4894175Z A path returned 202. Retrying...
2023-10-11T00:32:10.4894506Z A path returned 202. Retrying...
2023-10-11T00:32:10.4894836Z A path returned 202. Retrying...
2023-10-11T00:32:10.4895177Z A path returned 202. Retrying...
2023-10-11T00:32:10.4895524Z A path returned 202. Retrying...
2023-10-11T00:32:10.4895853Z A path returned 202. Retrying...
2023-10-11T00:32:10.4896184Z A path returned 202. Retrying...
2023-10-11T00:32:10.4896514Z A path returned 202. Retrying...
2023-10-11T00:32:10.4896878Z A path returned 202. Retrying...
2023-10-11T00:32:10.4897208Z A path returned 202. Retrying...
2023-10-11T00:32:10.4897671Z A path returned 202. Retrying...
2023-10-11T00:32:10.4898682Z A path returned 202. Retrying...
2023-10-11T00:32:10.4899131Z A path returned 202. Retrying...
2023-10-11T00:32:10.4899807Z A path returned 202. Retrying...
2023-10-11T00:32:10.4900396Z A path returned 202. Retrying...
2023-10-11T00:32:10.4900942Z A path returned 202. Retrying...
2023-10-11T00:32:10.4901821Z A path returned 202. Retrying...
2023-10-11T00:32:10.4903115Z A path returned 202. Retrying...
2023-10-11T00:32:10.4904085Z A path returned 202. Retrying...
2023-10-11T00:32:10.4904887Z A path returned 202. Retrying...
2023-10-11T00:32:10.4905485Z A path returned 202. Retrying...
2023-10-11T00:32:10.4906105Z A path returned 202. Retrying...
2023-10-11T00:32:10.4906700Z A path returned 202. Retrying...
2023-10-11T00:32:10.4907751Z A path returned 202. Retrying...
2023-10-11T00:32:10.4909263Z A path returned 202. Retrying...
2023-10-11T00:32:10.4909691Z A path returned 202. Retrying...
2023-10-11T00:32:10.4910261Z A path returned 202. Retrying...
2023-10-11T00:32:10.4911108Z A path returned 202. Retrying...
2023-10-11T00:32:10.4911814Z A path returned 202. Retrying...
2023-10-11T00:32:10.4912428Z A path returned 202. Retrying...
2023-10-11T00:32:10.4913174Z A path returned 202. Retrying...
2023-10-11T00:32:10.4913822Z A path returned 202. Retrying...
2023-10-11T00:32:10.4914330Z A path returned 202. Retrying...
2023-10-11T00:32:10.4915072Z A path returned 202. Retrying...
2023-10-11T00:32:10.4915770Z A path returned 202. Retrying...
2023-10-11T00:32:10.4916512Z A path returned 202. Retrying...
2023-10-11T00:32:10.4916982Z A path returned 202. Retrying...
2023-10-11T00:32:10.4917318Z A path returned 202. Retrying...
2023-10-11T00:32:10.4917736Z A path returned 202. Retrying...
2023-10-11T00:32:10.4918368Z A path returned 202. Retrying...
2023-10-11T00:32:10.4920154Z A path returned 202. Retrying...
2023-10-11T00:32:10.4920599Z A path returned 202. Retrying...
2023-10-11T00:32:10.4921256Z A path returned 202. Retrying...
2023-10-11T00:32:10.4921910Z A path returned 202. Retrying...
2023-10-11T00:32:10.4922426Z A path returned 202. Retrying...
2023-10-11T00:32:10.4923241Z A path returned 202. Retrying...
2023-10-11T00:32:10.4923928Z A path returned 202. Retrying...
2023-10-11T00:32:10.4924957Z A path returned 202. Retrying...
2023-10-11T00:32:10.4925405Z A path returned 202. Retrying...
2023-10-11T00:32:10.4925979Z A path returned 202. Retrying...
2023-10-11T00:32:10.4926610Z A path returned 202. Retrying...
2023-10-11T00:32:10.4927462Z A path returned 202. Retrying...
2023-10-11T00:32:10.4927809Z A path returned 202. Retrying...
2023-10-11T00:32:10.4928144Z A path returned 202. Retrying...
2023-10-11T00:32:10.4928476Z A path returned 202. Retrying...
2023-10-11T00:32:10.4928804Z A path returned 202. Retrying...
2023-10-11T00:32:10.4929136Z A path returned 202. Retrying...
2023-10-11T00:32:10.4929543Z A path returned 202. Retrying...
2023-10-11T00:32:10.4930633Z A path returned 202. Retrying...
2023-10-11T00:32:10.4931201Z A path returned 202. Retrying...
2023-10-11T00:32:10.4931861Z A path returned 202. Retrying...
2023-10-11T00:32:10.4932808Z A path returned 202. Retrying...
2023-10-11T00:32:10.4933260Z A path returned 202. Retrying...
2023-10-11T00:32:10.4933848Z A path returned 202. Retrying...
2023-10-11T00:32:10.4934879Z A path returned 202. Retrying...
2023-10-11T00:32:10.4935317Z A path returned 202. Retrying...
2023-10-11T00:32:10.4935955Z A path returned 202. Retrying...
2023-10-11T00:32:10.4936599Z A path returned 202. Retrying...
2023-10-11T00:32:10.4937242Z A path returned 202. Retrying...
2023-10-11T00:32:10.4937908Z A path returned 202. Retrying...
2023-10-11T00:32:10.4938538Z A path returned 202. Retrying...
2023-10-11T00:32:10.4939345Z A path returned 202. Retrying...
2023-10-11T00:32:10.4940585Z A path returned 202. Retrying...
2023-10-11T00:32:10.4941625Z A path returned 202. Retrying...
2023-10-11T00:32:10.4942247Z A path returned 202. Retrying...
2023-10-11T00:32:10.4943327Z A path returned 202. Retrying...
2023-10-11T00:32:10.4944175Z A path returned 202. Retrying...
2023-10-11T00:32:10.4944864Z A path returned 202. Retrying...
2023-10-11T00:32:10.4945676Z A path returned 202. Retrying...
2023-10-11T00:32:10.4946466Z A path returned 202. Retrying...
2023-10-11T00:32:10.4947233Z A path returned 202. Retrying...
2023-10-11T00:32:10.4947899Z A path returned 202. Retrying...
2023-10-11T00:32:10.4948598Z A path returned 202. Retrying...
2023-10-11T00:32:10.4949443Z A path returned 202. Retrying...
2023-10-11T00:32:10.4950411Z A path returned 202. Retrying...
2023-10-11T00:32:10.4951664Z A path returned 202. Retrying...
2023-10-11T00:32:10.4968501Z A path returned 202. Retrying...
2023-10-11T00:32:10.4970113Z A path returned 202. Retrying...
2023-10-11T00:32:10.4971298Z A path returned 202. Retrying...
2023-10-11T00:32:10.4972444Z A path returned 202. Retrying...
2023-10-11T00:32:10.4972943Z A path returned 202. Retrying...
2023-10-11T00:32:10.4973615Z A path returned 202. Retrying...
2023-10-11T00:32:10.4974961Z A path returned 202. Retrying...
2023-10-11T00:32:10.4975809Z A path returned 202. Retrying...
2023-10-11T00:32:10.4977222Z A path returned 202. Retrying...
2023-10-11T00:32:10.4977730Z A path returned 202. Retrying...
2023-10-11T00:32:10.4978507Z A path returned 202. Retrying...
2023-10-11T00:32:10.4979006Z A path returned 202. Retrying...
2023-10-11T00:32:10.4979431Z A path returned 202. Retrying...
2023-10-11T00:32:10.4979854Z A path returned 202. Retrying...
2023-10-11T00:32:10.4980277Z A path returned 202. Retrying...
2023-10-11T00:32:10.4980694Z A path returned 202. Retrying...
2023-10-11T00:32:10.4981126Z A path returned 202. Retrying...
2023-10-11T00:32:10.4982218Z A path returned 202. Retrying...
2023-10-11T00:32:10.4983688Z A path returned 202. Retrying...
2023-10-11T00:32:10.4984548Z A path returned 202. Retrying...
2023-10-11T00:32:10.4986258Z A path returned 202. Retrying...
2023-10-11T00:32:10.4986964Z A path returned 202. Retrying...
2023-10-11T00:32:10.4987931Z A path returned 202. Retrying...
2023-10-11T00:32:10.4988324Z A path returned 202. Retrying...
2023-10-11T00:32:10.4988741Z A path returned 202. Retrying...
2023-10-11T00:32:10.4989331Z A path returned 202. Retrying...
2023-10-11T00:32:10.4990253Z A path returned 202. Retrying...
2023-10-11T00:32:10.4991272Z A path returned 202. Retrying...
2023-10-11T00:32:10.4991718Z A path returned 202. Retrying...
2023-10-11T00:32:10.4992520Z A path returned 202. Retrying...
2023-10-11T00:32:10.4993326Z A path returned 202. Retrying...
2023-10-11T00:32:10.5002362Z A path returned 202. Retrying...
2023-10-11T00:32:10.5002972Z A path returned 202. Retrying...
2023-10-11T00:32:10.5003393Z A path returned 202. Retrying...
2023-10-11T00:32:10.5003822Z A path returned 202. Retrying...
2023-10-11T00:32:10.5004244Z A path returned 202. Retrying...
2023-10-11T00:32:10.5004665Z A path returned 202. Retrying...
2023-10-11T00:32:10.5005087Z A path returned 202. Retrying...
2023-10-11T00:32:10.5005510Z A path returned 202. Retrying...
2023-10-11T00:32:10.5005929Z A path returned 202. Retrying...
2023-10-11T00:32:10.5006345Z A path returned 202. Retrying...
2023-10-11T00:32:10.5006763Z A path returned 202. Retrying...
2023-10-11T00:32:10.5007179Z A path returned 202. Retrying...
2023-10-11T00:32:10.5007596Z A path returned 202. Retrying...
2023-10-11T00:32:10.5008006Z A path returned 202. Retrying...
2023-10-11T00:32:10.5008419Z A path returned 202. Retrying...
2023-10-11T00:32:10.5008834Z A path returned 202. Retrying...
2023-10-11T00:32:10.5009246Z A path returned 202. Retrying...
2023-10-11T00:32:10.5009665Z A path returned 202. Retrying...
2023-10-11T00:32:10.5010096Z A path returned 202. Retrying...
2023-10-11T00:32:10.5010516Z A path returned 202. Retrying...
2023-10-11T00:32:10.5010931Z A path returned 202. Retrying...
2023-10-11T00:32:10.5011345Z A path returned 202. Retrying...
2023-10-11T00:32:10.5011765Z A path returned 202. Retrying...
2023-10-11T00:32:10.5012183Z A path returned 202. Retrying...
2023-10-11T00:32:10.5012584Z A path returned 202. Retrying...
2023-10-11T00:32:10.5012996Z A path returned 202. Retrying...
2023-10-11T00:32:10.5013413Z A path returned 202. Retrying...
2023-10-11T00:32:10.5013826Z A path returned 202. Retrying...
2023-10-11T00:32:10.5014240Z A path returned 202. Retrying...
2023-10-11T00:32:10.5014660Z A path returned 202. Retrying...
2023-10-11T00:32:10.5015075Z A path returned 202. Retrying...
2023-10-11T00:32:10.5016065Z A path returned 202. Retrying...
2023-10-11T00:32:10.5016655Z A path returned 202. Retrying...
2023-10-11T00:32:10.5017627Z A path returned 202. Retrying...
2023-10-11T00:32:10.5018261Z A path returned 202. Retrying...
2023-10-11T00:32:10.5018577Z A path returned 202. Retrying...
2023-10-11T00:32:10.5018908Z A path returned 202. Retrying...
2023-10-11T00:32:10.5019242Z A path returned 202. Retrying...
2023-10-11T00:32:10.5019576Z A path returned 202. Retrying...
2023-10-11T00:32:10.5019908Z A path returned 202. Retrying...
2023-10-11T00:32:10.5020241Z A path returned 202. Retrying...
2023-10-11T00:32:10.5020573Z A path returned 202. Retrying...
2023-10-11T00:32:10.5020892Z A path returned 202. Retrying...
2023-10-11T00:32:10.5021222Z A path returned 202. Retrying...
2023-10-11T00:32:10.5021551Z A path returned 202. Retrying...
2023-10-11T00:32:10.5021880Z A path returned 202. Retrying...
2023-10-11T00:32:10.5022221Z A path returned 202. Retrying...
2023-10-11T00:32:10.5022553Z A path returned 202. Retrying...
2023-10-11T00:32:10.5023088Z A path returned 202. Retrying...
2023-10-11T00:32:10.5023420Z A path returned 202. Retrying...
2023-10-11T00:32:10.5023736Z A path returned 202. Retrying...
2023-10-11T00:32:10.5024071Z A path returned 202. Retrying...
2023-10-11T00:32:10.5024400Z A path returned 202. Retrying...
2023-10-11T00:32:10.5024731Z A path returned 202. Retrying...
2023-10-11T00:32:10.5025059Z A path returned 202. Retrying...
2023-10-11T00:32:10.5025387Z A path returned 202. Retrying...
2023-10-11T00:32:10.5025719Z A path returned 202. Retrying...
2023-10-11T00:32:10.5026048Z A path returned 202. Retrying...
2023-10-11T00:32:10.5026363Z A path returned 202. Retrying...
2023-10-11T00:32:10.5026691Z A path returned 202. Retrying...
2023-10-11T00:32:10.5027021Z A path returned 202. Retrying...
2023-10-11T00:32:10.5027351Z A path returned 202. Retrying...
2023-10-11T00:32:10.5027830Z A path returned 202. Retrying...
2023-10-11T00:32:10.5028164Z A path returned 202. Retrying...
2023-10-11T00:32:10.5028496Z A path returned 202. Retrying...
2023-10-11T00:40:56.1294875Z A path returned 202. Retrying...
2023-10-11T00:40:56.1295290Z A path returned 202. Retrying...
2023-10-11T00:40:56.1295668Z A path returned 202. Retrying...
2023-10-11T00:40:56.1296043Z A path returned 202. Retrying...
2023-10-11T00:40:56.1296383Z A path returned 202. Retrying...
2023-10-11T00:40:56.1296717Z A path returned 202. Retrying...
2023-10-11T00:40:56.1297049Z A path returned 202. Retrying...
2023-10-11T00:40:56.1297380Z A path returned 202. Retrying...
2023-10-11T00:40:56.1297701Z A path returned 202. Retrying...
2023-10-11T00:40:56.1298036Z A path returned 202. Retrying...
2023-10-11T00:40:56.1298370Z A path returned 202. Retrying...
2023-10-11T00:40:56.1298697Z A path returned 202. Retrying...
2023-10-11T00:40:56.1299021Z A path returned 202. Retrying...
2023-10-11T00:40:56.1299348Z A path returned 202. Retrying...
2023-10-11T00:40:56.1299686Z A path returned 202. Retrying...
2023-10-11T00:40:56.1300014Z A path returned 202. Retrying...
2023-10-11T00:40:56.1300325Z A path returned 202. Retrying...
2023-10-11T00:40:56.1300654Z A path returned 202. Retrying...
2023-10-11T00:40:56.1300978Z A path returned 202. Retrying...
2023-10-11T00:40:56.1301314Z A path returned 202. Retrying...
2023-10-11T00:40:56.1301670Z A path returned 202. Retrying...
2023-10-11T00:40:56.1301999Z A path returned 202. Retrying...
2023-10-11T00:40:56.1302320Z A path returned 202. Retrying...
2023-10-11T00:40:56.1302647Z A path returned 202. Retrying...
2023-10-11T00:40:56.1303161Z A path returned 202. Retrying...
2023-10-11T00:40:56.1303485Z A path returned 202. Retrying...
2023-10-11T00:40:56.1303821Z A path returned 202. Retrying...
2023-10-11T00:40:56.1304150Z A path returned 202. Retrying...
2023-10-11T00:40:56.1304481Z A path returned 202. Retrying...
2023-10-11T00:40:56.1304807Z A path returned 202. Retrying...
2023-10-11T00:40:56.1305141Z A path returned 202. Retrying...
2023-10-11T00:40:56.1305470Z A path returned 202. Retrying...
2023-10-11T00:40:56.1305782Z A path returned 202. Retrying...
2023-10-11T00:40:56.1306109Z A path returned 202. Retrying...
2023-10-11T00:40:56.1306546Z A path returned 202. Retrying...
2023-10-11T00:40:56.1307391Z A path returned 202. Retrying...
2023-10-11T00:40:56.1307708Z A path returned 202. Retrying...
2023-10-11T00:40:56.1308034Z A path returned 202. Retrying...
2023-10-11T00:40:56.1308367Z A path returned 202. Retrying...
2023-10-11T00:40:56.1308694Z A path returned 202. Retrying...
2023-10-11T00:40:56.1309025Z A path returned 202. Retrying...
2023-10-11T00:40:56.1309350Z A path returned 202. Retrying...
2023-10-11T00:40:56.1309677Z A path returned 202. Retrying...
2023-10-11T00:40:56.1309988Z A path returned 202. Retrying...
2023-10-11T00:40:56.1310317Z A path returned 202. Retrying...
2023-10-11T00:40:56.1310642Z A path returned 202. Retrying...
2023-10-11T00:40:56.1310969Z A path returned 202. Retrying...
2023-10-11T00:40:56.1311301Z A path returned 202. Retrying...
2023-10-11T00:40:56.1311629Z A path returned 202. Retrying...
2023-10-11T00:40:56.1311954Z A path returned 202. Retrying...
2023-10-11T00:40:56.1312279Z A path returned 202. Retrying...
2023-10-11T00:40:56.1312591Z A path returned 202. Retrying...
2023-10-11T00:40:56.1312959Z A path returned 202. Retrying...
2023-10-11T00:40:56.1313291Z A path returned 202. Retrying...
2023-10-11T00:40:56.1313612Z A path returned 202. Retrying...
2023-10-11T00:40:56.1313943Z A path returned 202. Retrying...
2023-10-11T00:40:56.1314270Z A path returned 202. Retrying...
2023-10-11T00:40:56.1314598Z A path returned 202. Retrying...
2023-10-11T00:40:56.1314927Z A path returned 202. Retrying...
2023-10-11T00:40:56.1315240Z A path returned 202. Retrying...
2023-10-11T00:40:56.1315568Z A path returned 202. Retrying...
2023-10-11T00:40:56.1315896Z A path returned 202. Retrying...
2023-10-11T00:40:56.1316224Z A path returned 202. Retrying...
2023-10-11T00:40:56.1316731Z A path returned 202. Retrying...
2023-10-11T00:40:56.1317071Z A path returned 202. Retrying...
2023-10-11T00:40:56.1317401Z A path returned 202. Retrying...
2023-10-11T00:40:56.1317717Z A path returned 202. Retrying...
2023-10-11T00:40:56.1318047Z A path returned 202. Retrying...
2023-10-11T00:40:56.1318381Z A path returned 202. Retrying...
2023-10-11T00:40:56.1318712Z A path returned 202. Retrying...
2023-10-11T00:40:56.1319049Z A path returned 202. Retrying...
2023-10-11T00:40:56.1319379Z A path returned 202. Retrying...
2023-10-11T00:40:56.1319721Z A path returned 202. Retrying...
2023-10-11T00:40:56.1320039Z A path returned 202. Retrying...
2023-10-11T00:40:56.1320367Z A path returned 202. Retrying...
2023-10-11T00:40:56.1320692Z A path returned 202. Retrying...
2023-10-11T00:40:56.1321022Z A path returned 202. Retrying...
2023-10-11T00:40:56.1321349Z A path returned 202. Retrying...
2023-10-11T00:40:56.1321674Z A path returned 202. Retrying...
2023-10-11T00:40:56.1322001Z A path returned 202. Retrying...
2023-10-11T00:40:56.1322336Z A path returned 202. Retrying...
2023-10-11T00:40:56.1322651Z A path returned 202. Retrying...
2023-10-11T00:40:56.1322979Z A path returned 202. Retrying...
2023-10-11T00:40:56.1323335Z A path returned 202. Retrying...
2023-10-11T00:40:56.1323664Z A path returned 202. Retrying...
2023-10-11T00:40:56.1323999Z A path returned 202. Retrying...
2023-10-11T00:40:56.1324330Z A path returned 202. Retrying...
2023-10-11T00:40:56.1324655Z A path returned 202. Retrying...
2023-10-11T00:40:56.1324982Z A path returned 202. Retrying...
2023-10-11T00:40:56.1325298Z A path returned 202. Retrying...
2023-10-11T00:40:56.1325632Z A path returned 202. Retrying...
2023-10-11T00:40:56.1325959Z A path returned 202. Retrying...
2023-10-11T00:40:56.1326282Z A path returned 202. Retrying...
2023-10-11T00:40:56.1326611Z A path returned 202. Retrying...
2023-10-11T00:40:56.1326930Z A path returned 202. Retrying...
2023-10-11T00:40:56.1327262Z A path returned 202. Retrying...
2023-10-11T00:40:56.1327583Z A path returned 202. Retrying...
2023-10-11T00:40:56.1327910Z A path returned 202. Retrying...
2023-10-11T00:40:56.1328235Z A path returned 202. Retrying...
2023-10-11T00:40:56.1328561Z A path returned 202. Retrying...
2023-10-11T00:40:56.1329321Z A path returned 202. Retrying...
2023-10-11T00:40:56.1329863Z A path returned 202. Retrying...
2023-10-11T00:40:56.1330394Z A path returned 202. Retrying...
2023-10-11T00:40:56.1330720Z A path returned 202. Retrying...
2023-10-11T00:40:56.1331032Z A path returned 202. Retrying...
2023-10-11T00:40:56.1331359Z A path returned 202. Retrying...
2023-10-11T00:40:56.1331684Z A path returned 202. Retrying...
2023-10-11T00:40:56.1332009Z A path returned 202. Retrying...
2023-10-11T00:40:56.1332335Z A path returned 202. Retrying...
2023-10-11T00:40:56.1332662Z A path returned 202. Retrying...
2023-10-11T00:40:56.1332987Z A path returned 202. Retrying...
2023-10-11T00:40:56.1333312Z A path returned 202. Retrying...
2023-10-11T00:40:56.1333626Z A path returned 202. Retrying...
2023-10-11T00:40:56.1333956Z A path returned 202. Retrying...
2023-10-11T00:40:56.1334610Z A path returned 202. Retrying...
2023-10-11T00:40:56.1335094Z A path returned 202. Retrying...
2023-10-11T00:40:56.1335424Z A path returned 202. Retrying...
2023-10-11T00:40:56.1335834Z A path returned 202. Retrying...
2023-10-11T00:40:56.1336448Z A path returned 202. Retrying...
2023-10-11T00:40:56.1336913Z A path returned 202. Retrying...
2023-10-11T00:40:56.1337244Z A path returned 202. Retrying...
2023-10-11T00:40:56.1337570Z A path returned 202. Retrying...
2023-10-11T00:40:56.1337898Z A path returned 202. Retrying...
2023-10-11T00:40:56.1338223Z A path returned 202. Retrying...
2023-10-11T00:40:56.1338550Z A path returned 202. Retrying...
2023-10-11T00:40:56.1338877Z A path returned 202. Retrying...
2023-10-11T00:40:56.1339203Z A path returned 202. Retrying...
2023-10-11T00:40:56.1339517Z A path returned 202. Retrying...
2023-10-11T00:40:56.1339912Z A path returned 202. Retrying...
2023-10-11T00:40:56.1340915Z A path returned 202. Retrying...
2023-10-11T00:40:56.1341336Z A path returned 202. Retrying...
2023-10-11T00:40:56.1341718Z A path returned 202. Retrying...
2023-10-11T00:40:56.1342043Z A path returned 202. Retrying...
2023-10-11T00:40:56.1342374Z A path returned 202. Retrying...
2023-10-11T00:40:56.1342868Z A path returned 202. Retrying...
2023-10-11T00:40:56.1343195Z A path returned 202. Retrying...
2023-10-11T00:40:56.1343520Z A path returned 202. Retrying...
2023-10-11T00:40:56.1343849Z A path returned 202. Retrying...
2023-10-11T00:40:56.1344175Z A path returned 202. Retrying...
2023-10-11T00:40:56.1344504Z A path returned 202. Retrying...
2023-10-11T00:40:56.1344837Z A path returned 202. Retrying...
2023-10-11T00:40:56.1345166Z A path returned 202. Retrying...
2023-10-11T00:40:56.1345479Z A path returned 202. Retrying...
2023-10-11T00:40:56.1345851Z A path returned 202. Retrying...
2023-10-11T00:40:56.1346271Z A path returned 202. Retrying...
2023-10-11T00:40:56.1346693Z A path returned 202. Retrying...
2023-10-11T00:40:56.1347392Z A path returned 202. Retrying...
2023-10-11T00:40:56.1347818Z A path returned 202. Retrying...
2023-10-11T00:40:56.1348182Z A path returned 202. Retrying...
2023-10-11T00:40:56.1348597Z A path returned 202. Retrying...
2023-10-11T00:40:56.1349032Z A path returned 202. Retrying...
2023-10-11T00:40:56.1349554Z A path returned 202. Retrying...
2023-10-11T00:40:56.1349978Z A path returned 202. Retrying...
2023-10-11T00:40:56.1350405Z A path returned 202. Retrying...
2023-10-11T00:40:56.1350844Z A path returned 202. Retrying...
2023-10-11T00:40:56.1351331Z A path returned 202. Retrying...
2023-10-11T00:40:56.1351695Z A path returned 202. Retrying...
2023-10-11T00:40:56.1352111Z A path returned 202. Retrying...
2023-10-11T00:40:56.1352539Z A path returned 202. Retrying...
2023-10-11T00:40:56.1353019Z A path returned 202. Retrying...
2023-10-11T00:40:56.1353440Z A path returned 202. Retrying...
2023-10-11T00:40:56.1353865Z A path returned 202. Retrying...
2023-10-11T00:40:56.1354305Z A path returned 202. Retrying...
2023-10-11T00:40:56.1354667Z A path returned 202. Retrying...
2023-10-11T00:40:56.1355182Z A path returned 202. Retrying...
2023-10-11T00:40:56.1355601Z A path returned 202. Retrying...
2023-10-11T00:40:56.1356033Z A path returned 202. Retrying...
2023-10-11T00:40:56.1356452Z A path returned 202. Retrying...
2023-10-11T00:40:56.1357163Z A path returned 202. Retrying...
2023-10-11T00:40:56.1357585Z A path returned 202. Retrying...
2023-10-11T00:40:56.1358020Z A path returned 202. Retrying...
2023-10-11T00:40:56.1358379Z A path returned 202. Retrying...
2023-10-11T00:40:56.1358866Z A path returned 202. Retrying...
2023-10-11T00:40:56.1359289Z A path returned 202. Retrying...
2023-10-11T00:40:56.1359722Z A path returned 202. Retrying...
2023-10-11T00:40:56.1360143Z A path returned 202. Retrying...
2023-10-11T00:40:56.1360616Z A path returned 202. Retrying...
2023-10-11T00:40:56.1361038Z A path returned 202. Retrying...
2023-10-11T00:40:56.1361472Z A path returned 202. Retrying...
2023-10-11T00:40:56.1361841Z A path returned 202. Retrying...
2023-10-11T00:40:56.1362256Z A path returned 202. Retrying...
2023-10-11T00:40:56.1362735Z A path returned 202. Retrying...
2023-10-11T00:40:56.1363166Z A path returned 202. Retrying...
2023-10-11T00:40:56.1363586Z A path returned 202. Retrying...
2023-10-11T00:40:56.1364011Z A path returned 202. Retrying...
2023-10-11T00:40:56.1364494Z A path returned 202. Retrying...
2023-10-11T00:40:56.1364874Z A path returned 202. Retrying...
2023-10-11T00:40:56.1365297Z A path returned 202. Retrying...
2023-10-11T00:40:56.1365710Z A path returned 202. Retrying...
2023-10-11T00:40:56.1366206Z A path returned 202. Retrying...
2023-10-11T00:40:56.1366642Z A path returned 202. Retrying...
2023-10-11T00:40:56.1367061Z A path returned 202. Retrying...
2023-10-11T00:40:56.1367479Z A path returned 202. Retrying...
2023-10-11T00:40:56.1367969Z A path returned 202. Retrying...
2023-10-11T00:40:56.1368345Z A path returned 202. Retrying...
2023-10-11T00:40:56.1368916Z A path returned 202. Retrying...
2023-10-11T00:40:56.1369348Z A path returned 202. Retrying...
2023-10-11T00:40:56.1369783Z A path returned 202. Retrying...
2023-10-11T00:40:56.1370272Z A path returned 202. Retrying...
2023-10-11T00:40:56.1370693Z A path returned 202. Retrying...
2023-10-11T00:40:56.1371116Z A path returned 202. Retrying...
2023-10-11T00:40:56.1371560Z A path returned 202. Retrying...
2023-10-11T00:40:56.1398029Z A path returned 202. Retrying...
2023-10-11T00:40:56.1398552Z A path returned 202. Retrying...
2023-10-11T00:40:56.1398892Z A path returned 202. Retrying...
2023-10-11T00:40:56.1399232Z A path returned 202. Retrying...
2023-10-11T00:40:56.1399552Z A path returned 202. Retrying...
2023-10-11T00:40:56.1399891Z A path returned 202. Retrying...
2023-10-11T00:40:56.1400223Z A path returned 202. Retrying...
2023-10-11T00:40:56.1400550Z A path returned 202. Retrying...
2023-10-11T00:40:56.1400874Z A path returned 202. Retrying...
2023-10-11T00:40:56.1401192Z A path returned 202. Retrying...
2023-10-11T00:40:56.1401538Z A path returned 202. Retrying...
2023-10-11T00:40:56.1401869Z A path returned 202. Retrying...
2023-10-11T00:40:56.1402184Z A path returned 202. Retrying...
2023-10-11T00:40:56.1402507Z A path returned 202. Retrying...
2023-10-11T00:40:56.1402829Z A path returned 202. Retrying...
2023-10-11T00:40:56.1403165Z A path returned 202. Retrying...
2023-10-11T00:40:56.1403491Z A path returned 202. Retrying...
2023-10-11T00:40:56.1403821Z A path returned 202. Retrying...
2023-10-11T00:40:56.1404150Z A path returned 202. Retrying...
2023-10-11T00:40:56.1404477Z A path returned 202. Retrying...
2023-10-11T00:40:56.1404791Z A path returned 202. Retrying...
2023-10-11T00:40:56.1405118Z A path returned 202. Retrying...
2023-10-11T00:40:56.1405446Z A path returned 202. Retrying...
2023-10-11T00:40:56.1405774Z A path returned 202. Retrying...
2023-10-11T00:40:56.1406102Z A path returned 202. Retrying...
2023-10-11T00:40:56.1406431Z A path returned 202. Retrying...
2023-10-11T00:40:56.1406766Z A path returned 202. Retrying...
2023-10-11T00:40:56.1407082Z A path returned 202. Retrying...
2023-10-11T00:40:56.1407414Z A path returned 202. Retrying...
2023-10-11T00:40:56.1407737Z A path returned 202. Retrying...
2023-10-11T00:40:56.1408064Z A path returned 202. Retrying...
2023-10-11T00:40:56.1408389Z A path returned 202. Retrying...
2023-10-11T00:40:56.1409078Z A path returned 202. Retrying...
2023-10-11T00:40:56.1409407Z A path returned 202. Retrying...
2023-10-11T00:40:56.1409739Z A path returned 202. Retrying...
2023-10-11T00:40:56.1410057Z A path returned 202. Retrying...
2023-10-11T00:40:56.1410387Z A path returned 202. Retrying...
2023-10-11T00:40:56.1410723Z A path returned 202. Retrying...
2023-10-11T00:40:56.1411054Z A path returned 202. Retrying...
2023-10-11T00:40:56.1411385Z A path returned 202. Retrying...
2023-10-11T00:40:56.1411715Z A path returned 202. Retrying...
2023-10-11T00:40:56.1412046Z A path returned 202. Retrying...
2023-10-11T00:40:56.1412372Z A path returned 202. Retrying...
2023-10-11T00:40:56.1412693Z A path returned 202. Retrying...
2023-10-11T00:40:56.1413071Z A path returned 202. Retrying...
2023-10-11T00:40:56.1413402Z A path returned 202. Retrying...
2023-10-11T00:49:40.2148962Z A path returned 202. Retrying...
2023-10-11T00:49:40.2149524Z A path returned 202. Retrying...
2023-10-11T00:49:40.2149977Z A path returned 202. Retrying...
2023-10-11T00:49:40.2150394Z A path returned 202. Retrying...
2023-10-11T00:49:40.2150743Z A path returned 202. Retrying...
2023-10-11T00:49:40.2151078Z A path returned 202. Retrying...
2023-10-11T00:49:40.2151484Z A path returned 202. Retrying...
2023-10-11T00:49:40.2151889Z A path returned 202. Retrying...
2023-10-11T00:49:40.2152273Z A path returned 202. Retrying...
2023-10-11T00:49:40.2152683Z A path returned 202. Retrying...
2023-10-11T00:49:40.2153080Z A path returned 202. Retrying...
2023-10-11T00:49:40.2153485Z A path returned 202. Retrying...
2023-10-11T00:49:40.2153831Z A path returned 202. Retrying...
2023-10-11T00:49:40.2154164Z A path returned 202. Retrying...
2023-10-11T00:49:40.2155093Z A path returned 202. Retrying...
2023-10-11T00:49:40.2155522Z A path returned 202. Retrying...
2023-10-11T00:49:40.2155929Z A path returned 202. Retrying...
2023-10-11T00:49:40.2156307Z A path returned 202. Retrying...
2023-10-11T00:49:40.2156712Z A path returned 202. Retrying...
2023-10-11T00:49:40.2157102Z A path returned 202. Retrying...
2023-10-11T00:49:40.2157482Z A path returned 202. Retrying...
2023-10-11T00:49:40.2157888Z A path returned 202. Retrying...
2023-10-11T00:49:40.2158294Z A path returned 202. Retrying...
2023-10-11T00:49:40.2158640Z A path returned 202. Retrying...
2023-10-11T00:49:40.2159053Z A path returned 202. Retrying...
2023-10-11T00:49:40.2159463Z A path returned 202. Retrying...
2023-10-11T00:49:40.2159870Z A path returned 202. Retrying...
2023-10-11T00:49:40.2160272Z A path returned 202. Retrying...
2023-10-11T00:49:40.2160680Z A path returned 202. Retrying...
2023-10-11T00:49:40.2161110Z A path returned 202. Retrying...
2023-10-11T00:49:40.2161522Z A path returned 202. Retrying...
2023-10-11T00:49:40.2161888Z A path returned 202. Retrying...
2023-10-11T00:49:40.2162287Z A path returned 202. Retrying...
2023-10-11T00:49:40.2162635Z A path returned 202. Retrying...
2023-10-11T00:49:40.2163041Z A path returned 202. Retrying...
2023-10-11T00:49:40.2163452Z A path returned 202. Retrying...
2023-10-11T00:49:40.2163855Z A path returned 202. Retrying...
2023-10-11T00:49:40.2164241Z A path returned 202. Retrying...
2023-10-11T00:49:40.2164648Z A path returned 202. Retrying...
2023-10-11T00:49:40.2165048Z A path returned 202. Retrying...
2023-10-11T00:49:40.2165448Z A path returned 202. Retrying...
2023-10-11T00:49:40.2165851Z A path returned 202. Retrying...
2023-10-11T00:49:40.2166255Z A path returned 202. Retrying...
2023-10-11T00:49:40.2166642Z A path returned 202. Retrying...
2023-10-11T00:49:40.2167073Z A path returned 202. Retrying...
2023-10-11T00:49:40.2167491Z A path returned 202. Retrying...
2023-10-11T00:49:40.2167876Z A path returned 202. Retrying...
2023-10-11T00:49:40.2168291Z A path returned 202. Retrying...
2023-10-11T00:49:40.2168670Z A path returned 202. Retrying...
2023-10-11T00:49:40.2169393Z A path returned 202. Retrying...
2023-10-11T00:49:40.2170311Z A path returned 202. Retrying...
2023-10-11T00:49:40.2170752Z A path returned 202. Retrying...
2023-10-11T00:49:40.2171646Z A path returned 202. Retrying...
2023-10-11T00:49:40.2172065Z A path returned 202. Retrying...
2023-10-11T00:49:40.2172923Z A path returned 202. Retrying...
2023-10-11T00:49:40.2173322Z A path returned 202. Retrying...
2023-10-11T00:49:40.2173670Z A path returned 202. Retrying...
2023-10-11T00:49:40.2174085Z A path returned 202. Retrying...
2023-10-11T00:49:40.2174492Z A path returned 202. Retrying...
2023-10-11T00:49:40.2174897Z A path returned 202. Retrying...
2023-10-11T00:49:40.2175307Z A path returned 202. Retrying...
2023-10-11T00:49:40.2175688Z A path returned 202. Retrying...
2023-10-11T00:49:40.2176086Z A path returned 202. Retrying...
2023-10-11T00:49:40.2176497Z A path returned 202. Retrying...
2023-10-11T00:49:40.2176901Z A path returned 202. Retrying...
2023-10-11T00:49:40.2177302Z A path returned 202. Retrying...
2023-10-11T00:49:40.2177700Z A path returned 202. Retrying...
2023-10-11T00:49:40.2178084Z A path returned 202. Retrying...
2023-10-11T00:49:40.2178498Z A path returned 202. Retrying...
2023-10-11T00:49:40.2178914Z A path returned 202. Retrying...
2023-10-11T00:49:40.2179320Z A path returned 202. Retrying...
2023-10-11T00:49:40.2180070Z A path returned 202. Retrying...
2023-10-11T00:49:40.2180490Z A path returned 202. Retrying...
2023-10-11T00:49:40.2180954Z A path returned 202. Retrying...
2023-10-11T00:49:40.2181358Z A path returned 202. Retrying...
2023-10-11T00:49:40.2181757Z A path returned 202. Retrying...
2023-10-11T00:49:40.2182156Z A path returned 202. Retrying...
2023-10-11T00:49:40.2182556Z A path returned 202. Retrying...
2023-10-11T00:49:40.2182904Z A path returned 202. Retrying...
2023-10-11T00:49:40.2183985Z A path returned 202. Retrying...
2023-10-11T00:49:40.2184662Z A path returned 202. Retrying...
2023-10-11T00:49:40.2185106Z A path returned 202. Retrying...
2023-10-11T00:49:40.2185517Z A path returned 202. Retrying...
2023-10-11T00:49:40.2185937Z A path returned 202. Retrying...
2023-10-11T00:49:40.2186359Z A path returned 202. Retrying...
2023-10-11T00:49:40.2186791Z A path returned 202. Retrying...
2023-10-11T00:49:40.2187201Z A path returned 202. Retrying...
2023-10-11T00:49:40.2187605Z A path returned 202. Retrying...
2023-10-11T00:49:40.2187940Z A path returned 202. Retrying...
2023-10-11T00:49:40.2188376Z A path returned 202. Retrying...
2023-10-11T00:49:40.2188712Z A path returned 202. Retrying...
2023-10-11T00:49:40.2189039Z A path returned 202. Retrying...
2023-10-11T00:49:40.2189373Z A path returned 202. Retrying...
2023-10-11T00:49:40.2189710Z A path returned 202. Retrying...
2023-10-11T00:49:40.2190048Z A path returned 202. Retrying...
2023-10-11T00:49:40.2190380Z A path returned 202. Retrying...
2023-10-11T00:49:40.2190706Z A path returned 202. Retrying...
2023-10-11T00:49:40.2191119Z A path returned 202. Retrying...
2023-10-11T00:49:40.2191526Z A path returned 202. Retrying...
2023-10-11T00:49:40.2191931Z A path returned 202. Retrying...
2023-10-11T00:49:40.2192284Z A path returned 202. Retrying...
2023-10-11T00:49:40.2192620Z A path returned 202. Retrying...
2023-10-11T00:49:40.2193030Z A path returned 202. Retrying...
2023-10-11T00:49:40.2193439Z A path returned 202. Retrying...
2023-10-11T00:49:40.2193850Z A path returned 202. Retrying...
2023-10-11T00:49:40.2194262Z A path returned 202. Retrying...
2023-10-11T00:49:40.2194678Z A path returned 202. Retrying...
2023-10-11T00:49:40.2195079Z A path returned 202. Retrying...
2023-10-11T00:49:40.2195487Z A path returned 202. Retrying...
2023-10-11T00:49:40.2195895Z A path returned 202. Retrying...
2023-10-11T00:49:40.2196312Z A path returned 202. Retrying...
2023-10-11T00:49:40.2196714Z A path returned 202. Retrying...
2023-10-11T00:49:40.2197071Z A path returned 202. Retrying...
2023-10-11T00:49:40.2197408Z A path returned 202. Retrying...
2023-10-11T00:49:40.2197828Z A path returned 202. Retrying...
2023-10-11T00:49:40.2198237Z A path returned 202. Retrying...
2023-10-11T00:49:40.2198647Z A path returned 202. Retrying...
2023-10-11T00:49:40.2198997Z A path returned 202. Retrying...
2023-10-11T00:49:40.2199485Z A path returned 202. Retrying...
2023-10-11T00:49:40.2199906Z A path returned 202. Retrying...
2023-10-11T00:49:40.2200313Z A path returned 202. Retrying...
2023-10-11T00:49:40.2200721Z A path returned 202. Retrying...
2023-10-11T00:49:40.2201128Z A path returned 202. Retrying...
2023-10-11T00:49:40.2201540Z A path returned 202. Retrying...
2023-10-11T00:49:40.2201891Z A path returned 202. Retrying...
2023-10-11T00:49:40.2202233Z A path returned 202. Retrying...
2023-10-11T00:49:40.2202647Z A path returned 202. Retrying...
2023-10-11T00:49:40.2203057Z A path returned 202. Retrying...
2023-10-11T00:49:40.2203466Z A path returned 202. Retrying...
2023-10-11T00:49:40.2203869Z A path returned 202. Retrying...
2023-10-11T00:49:40.2204590Z A path returned 202. Retrying...
2023-10-11T00:49:40.2205088Z A path returned 202. Retrying...
2023-10-11T00:49:40.2205512Z A path returned 202. Retrying...
2023-10-11T00:49:40.2205923Z A path returned 202. Retrying...
2023-10-11T00:49:40.2206344Z A path returned 202. Retrying...
2023-10-11T00:49:40.2206764Z A path returned 202. Retrying...
2023-10-11T00:49:40.2207186Z A path returned 202. Retrying...
2023-10-11T00:49:40.2207597Z A path returned 202. Retrying...
2023-10-11T00:49:40.2207982Z A path returned 202. Retrying...
2023-10-11T00:49:40.2208388Z A path returned 202. Retrying...
2023-10-11T00:49:40.2208809Z A path returned 202. Retrying...
2023-10-11T00:49:40.2209209Z A path returned 202. Retrying...
2023-10-11T00:49:40.2209624Z A path returned 202. Retrying...
2023-10-11T00:49:40.2209981Z A path returned 202. Retrying...
2023-10-11T00:49:40.2210318Z A path returned 202. Retrying...
2023-10-11T00:49:40.2210652Z A path returned 202. Retrying...
2023-10-11T00:49:40.2211301Z A path returned 202. Retrying...
2023-10-11T00:49:40.2211735Z A path returned 202. Retrying...
2023-10-11T00:49:40.2212146Z A path returned 202. Retrying...
2023-10-11T00:49:40.2212558Z A path returned 202. Retrying...
2023-10-11T00:49:40.2212968Z A path returned 202. Retrying...
2023-10-11T00:49:40.2213384Z A path returned 202. Retrying...
2023-10-11T00:49:40.2213727Z A path returned 202. Retrying...
2023-10-11T00:49:40.2214066Z A path returned 202. Retrying...
2023-10-11T00:49:40.2214402Z A path returned 202. Retrying...
2023-10-11T00:49:40.2214820Z A path returned 202. Retrying...
2023-10-11T00:49:40.2215233Z A path returned 202. Retrying...
2023-10-11T00:49:40.2215655Z A path returned 202. Retrying...
2023-10-11T00:49:40.2216073Z A path returned 202. Retrying...
2023-10-11T00:49:40.2216489Z A path returned 202. Retrying...
2023-10-11T00:49:40.2216893Z A path returned 202. Retrying...
2023-10-11T00:49:40.2217239Z A path returned 202. Retrying...
2023-10-11T00:49:40.2217660Z A path returned 202. Retrying...
2023-10-11T00:49:40.2218057Z A path returned 202. Retrying...
2023-10-11T00:49:40.2218463Z A path returned 202. Retrying...
2023-10-11T00:49:40.2218870Z A path returned 202. Retrying...
2023-10-11T00:49:40.2219223Z A path returned 202. Retrying...
2023-10-11T00:49:40.2219561Z A path returned 202. Retrying...
2023-10-11T00:49:40.2219891Z A path returned 202. Retrying...
2023-10-11T00:49:40.2220308Z A path returned 202. Retrying...
2023-10-11T00:49:40.2220642Z A path returned 202. Retrying...
2023-10-11T00:49:40.2221056Z A path returned 202. Retrying...
2023-10-11T00:49:40.2221462Z A path returned 202. Retrying...
2023-10-11T00:49:40.2221858Z A path returned 202. Retrying...
2023-10-11T00:49:40.2222260Z A path returned 202. Retrying...
2023-10-11T00:49:40.2222677Z A path returned 202. Retrying...
2023-10-11T00:49:40.2223223Z A path returned 202. Retrying...
2023-10-11T00:49:40.2223609Z A path returned 202. Retrying...
2023-10-11T00:49:40.2224014Z A path returned 202. Retrying...
2023-10-11T00:49:40.2224429Z A path returned 202. Retrying...
2023-10-11T00:49:40.2224838Z A path returned 202. Retrying...
2023-10-11T00:49:40.2225249Z A path returned 202. Retrying...
2023-10-11T00:49:40.2225651Z A path returned 202. Retrying...
2023-10-11T00:49:40.2226057Z A path returned 202. Retrying...
2023-10-11T00:49:40.2226667Z A path returned 202. Retrying...
2023-10-11T00:49:40.2227058Z A path returned 202. Retrying...
2023-10-11T00:49:40.2227404Z A path returned 202. Retrying...
2023-10-11T00:49:40.2227820Z A path returned 202. Retrying...
2023-10-11T00:49:40.2228226Z A path returned 202. Retrying...
2023-10-11T00:49:40.2228631Z A path returned 202. Retrying...
2023-10-11T00:49:40.2229044Z A path returned 202. Retrying...
2023-10-11T00:49:40.2229453Z A path returned 202. Retrying...
2023-10-11T00:49:40.2229847Z A path returned 202. Retrying...
2023-10-11T00:49:40.2230256Z A path returned 202. Retrying...
2023-10-11T00:49:40.2230658Z A path returned 202. Retrying...
2023-10-11T00:49:40.2231015Z A path returned 202. Retrying...
2023-10-11T00:49:40.2231350Z A path returned 202. Retrying...
2023-10-11T00:49:40.2231750Z A path returned 202. Retrying...
2023-10-11T00:49:40.2232154Z A path returned 202. Retrying...
2023-10-11T00:49:40.2232558Z A path returned 202. Retrying...
2023-10-11T00:49:40.2232983Z A path returned 202. Retrying...
2023-10-11T00:49:40.2233386Z A path returned 202. Retrying...
2023-10-11T00:49:40.2233814Z A path returned 202. Retrying...
2023-10-11T00:49:40.2234221Z A path returned 202. Retrying...
2023-10-11T00:49:40.2234585Z A path returned 202. Retrying...
2023-10-11T00:49:40.2234918Z A path returned 202. Retrying...
2023-10-11T00:49:40.2235326Z A path returned 202. Retrying...
2023-10-11T00:49:40.2235729Z A path returned 202. Retrying...
2023-10-11T00:49:40.2236117Z A path returned 202. Retrying...
2023-10-11T00:49:40.2236530Z A path returned 202. Retrying...
2023-10-11T00:49:40.2236936Z A path returned 202. Retrying...
2023-10-11T00:49:40.2237351Z A path returned 202. Retrying...
2023-10-11T00:49:40.2237907Z A path returned 202. Retrying...
2023-10-11T00:49:40.2238333Z A path returned 202. Retrying...
2023-10-11T00:49:40.2238682Z A path returned 202. Retrying...
2023-10-11T00:49:40.2239014Z A path returned 202. Retrying...
2023-10-11T00:49:40.2239418Z A path returned 202. Retrying...
2023-10-11T00:49:40.2239827Z A path returned 202. Retrying...
2023-10-11T00:49:40.2240175Z A path returned 202. Retrying...
2023-10-11T00:49:40.2240569Z A path returned 202. Retrying...
2023-10-11T00:49:40.2240975Z A path returned 202. Retrying...
2023-10-11T00:49:40.2241380Z A path returned 202. Retrying...
2023-10-11T00:49:40.2241784Z A path returned 202. Retrying...
2023-10-11T00:49:40.2242185Z A path returned 202. Retrying...
2023-10-11T00:49:40.2242587Z A path returned 202. Retrying...
2023-10-11T00:49:40.2243010Z A path returned 202. Retrying...
2023-10-11T00:49:40.2244232Z A path returned 202. Retrying...
2023-10-11T00:49:40.2244672Z A path returned 202. Retrying...
2023-10-11T00:49:40.2245100Z A path returned 202. Retrying...
2023-10-11T00:49:40.2245459Z A path returned 202. Retrying...
2023-10-11T00:49:40.2245788Z A path returned 202. Retrying...
2023-10-11T00:49:40.2246101Z A path returned 202. Retrying...
2023-10-11T00:49:40.2246436Z A path returned 202. Retrying...
2023-10-11T00:49:40.2246871Z A path returned 202. Retrying...
2023-10-11T00:49:40.2247277Z A path returned 202. Retrying...
2023-10-11T00:49:40.2247686Z A path returned 202. Retrying...
2023-10-11T00:49:40.2248096Z A path returned 202. Retrying...
2023-10-11T00:49:40.2250073Z A path returned 202. Retrying...
2023-10-11T00:49:40.2250585Z A path returned 202. Retrying...
2023-10-11T00:49:40.2252411Z A path returned 202. Retrying...
2023-10-11T00:49:40.2252845Z A path returned 202. Retrying...
2023-10-11T00:49:40.2253589Z A path returned 202. Retrying...
2023-10-11T00:49:40.2253983Z A path returned 202. Retrying...
2023-10-11T00:49:40.2254400Z A path returned 202. Retrying...
2023-10-11T00:49:40.2255471Z A path returned 202. Retrying...
2023-10-11T00:49:40.2255915Z A path returned 202. Retrying...
2023-10-11T00:49:40.2256321Z A path returned 202. Retrying...
2023-10-11T00:49:40.2256727Z A path returned 202. Retrying...
2023-10-11T00:58:25.9565169Z A path returned 202. Retrying...
2023-10-11T00:58:25.9565736Z A path returned 202. Retrying...
2023-10-11T00:58:25.9566789Z A path returned 202. Retrying...
2023-10-11T00:58:25.9567217Z A path returned 202. Retrying...
2023-10-11T00:58:25.9567627Z A path returned 202. Retrying...
2023-10-11T00:58:25.9568052Z A path returned 202. Retrying...
2023-10-11T00:58:25.9568471Z A path returned 202. Retrying...
2023-10-11T00:58:25.9568889Z A path returned 202. Retrying...
2023-10-11T00:58:25.9569310Z A path returned 202. Retrying...
2023-10-11T00:58:25.9569736Z A path returned 202. Retrying...
2023-10-11T00:58:25.9570186Z A path returned 202. Retrying...
2023-10-11T00:58:25.9570601Z A path returned 202. Retrying...
2023-10-11T00:58:25.9571017Z A path returned 202. Retrying...
2023-10-11T00:58:25.9571449Z A path returned 202. Retrying...
2023-10-11T00:58:25.9571868Z A path returned 202. Retrying...
2023-10-11T00:58:25.9572274Z A path returned 202. Retrying...
2023-10-11T00:58:25.9572688Z A path returned 202. Retrying...
2023-10-11T00:58:25.9573107Z A path returned 202. Retrying...
2023-10-11T00:58:25.9573532Z A path returned 202. Retrying...
2023-10-11T00:58:25.9573944Z A path returned 202. Retrying...
2023-10-11T00:58:25.9574381Z A path returned 202. Retrying...
2023-10-11T00:58:25.9574795Z A path returned 202. Retrying...
2023-10-11T00:58:25.9575211Z A path returned 202. Retrying...
2023-10-11T00:58:25.9575626Z A path returned 202. Retrying...
2023-10-11T00:58:25.9576041Z A path returned 202. Retrying...
2023-10-11T00:58:25.9576456Z A path returned 202. Retrying...
2023-10-11T00:58:25.9576857Z A path returned 202. Retrying...
2023-10-11T00:58:25.9577269Z A path returned 202. Retrying...
2023-10-11T00:58:25.9577680Z A path returned 202. Retrying...
2023-10-11T00:58:25.9578098Z A path returned 202. Retrying...
2023-10-11T00:58:25.9578709Z A path returned 202. Retrying...
2023-10-11T00:58:25.9579136Z A path returned 202. Retrying...
2023-10-11T00:58:25.9579549Z A path returned 202. Retrying...
2023-10-11T00:58:25.9579969Z A path returned 202. Retrying...
2023-10-11T00:58:25.9580381Z A path returned 202. Retrying...
2023-10-11T00:58:25.9580802Z A path returned 202. Retrying...
2023-10-11T00:58:25.9581197Z A path returned 202. Retrying...
2023-10-11T00:58:25.9581617Z A path returned 202. Retrying...
2023-10-11T00:58:25.9582031Z A path returned 202. Retrying...
2023-10-11T00:58:25.9582440Z A path returned 202. Retrying...
2023-10-11T00:58:25.9583099Z A path returned 202. Retrying...
2023-10-11T00:58:25.9583616Z A path returned 202. Retrying...
2023-10-11T00:58:25.9584034Z A path returned 202. Retrying...
2023-10-11T00:58:25.9584444Z A path returned 202. Retrying...
2023-10-11T00:58:25.9584860Z A path returned 202. Retrying...
2023-10-11T00:58:25.9585274Z A path returned 202. Retrying...
2023-10-11T00:58:25.9585696Z A path returned 202. Retrying...
2023-10-11T00:58:25.9586092Z A path returned 202. Retrying...
2023-10-11T00:58:25.9586509Z A path returned 202. Retrying...
2023-10-11T00:58:25.9586920Z A path returned 202. Retrying...
2023-10-11T00:58:25.9587334Z A path returned 202. Retrying...
2023-10-11T00:58:25.9587757Z A path returned 202. Retrying...
2023-10-11T00:58:25.9588169Z A path returned 202. Retrying...
2023-10-11T00:58:25.9588585Z A path returned 202. Retrying...
2023-10-11T00:58:25.9588997Z A path returned 202. Retrying...
2023-10-11T00:58:25.9589840Z A path returned 202. Retrying...
2023-10-11T00:58:25.9590249Z A path returned 202. Retrying...
2023-10-11T00:58:25.9590641Z A path returned 202. Retrying...
2023-10-11T00:58:25.9591016Z A path returned 202. Retrying...
2023-10-11T00:58:25.9591369Z A path returned 202. Retrying...
2023-10-11T00:58:25.9591773Z A path returned 202. Retrying...
2023-10-11T00:58:25.9592119Z A path returned 202. Retrying...
2023-10-11T00:58:25.9592520Z A path returned 202. Retrying...
2023-10-11T00:58:25.9592871Z A path returned 202. Retrying...
2023-10-11T00:58:25.9593278Z A path returned 202. Retrying...
2023-10-11T00:58:25.9593631Z A path returned 202. Retrying...
2023-10-11T00:58:25.9593963Z A path returned 202. Retrying...
2023-10-11T00:58:25.9594372Z A path returned 202. Retrying...
2023-10-11T00:58:25.9594901Z A path returned 202. Retrying...
2023-10-11T00:58:25.9595317Z A path returned 202. Retrying...
2023-10-11T00:58:25.9595662Z A path returned 202. Retrying...
2023-10-11T00:58:25.9596068Z A path returned 202. Retrying...
2023-10-11T00:58:25.9596414Z A path returned 202. Retrying...
2023-10-11T00:58:25.9596815Z A path returned 202. Retrying...
2023-10-11T00:58:25.9597160Z A path returned 202. Retrying...
2023-10-11T00:58:25.9597596Z A path returned 202. Retrying...
2023-10-11T00:58:25.9597978Z A path returned 202. Retrying...
2023-10-11T00:58:25.9598359Z A path returned 202. Retrying...
2023-10-11T00:58:25.9598762Z A path returned 202. Retrying...
2023-10-11T00:58:25.9599114Z A path returned 202. Retrying...
2023-10-11T00:58:25.9599509Z A path returned 202. Retrying...
2023-10-11T00:58:25.9599854Z A path returned 202. Retrying...
2023-10-11T00:58:25.9600183Z A path returned 202. Retrying...
2023-10-11T00:58:25.9600587Z A path returned 202. Retrying...
2023-10-11T00:58:25.9600942Z A path returned 202. Retrying...
2023-10-11T00:58:25.9601704Z A path returned 202. Retrying...
2023-10-11T00:58:25.9603432Z A path returned 202. Retrying...
2023-10-11T00:58:25.9604022Z A path returned 202. Retrying...
2023-10-11T00:58:25.9605069Z A path returned 202. Retrying...
2023-10-11T00:58:25.9605414Z A path returned 202. Retrying...
2023-10-11T00:58:25.9605732Z A path returned 202. Retrying...
2023-10-11T00:58:25.9606062Z A path returned 202. Retrying...
2023-10-11T00:58:25.9606501Z A path returned 202. Retrying...
2023-10-11T00:58:25.9606914Z A path returned 202. Retrying...
2023-10-11T00:58:25.9607324Z A path returned 202. Retrying...
2023-10-11T00:58:25.9607741Z A path returned 202. Retrying...
2023-10-11T00:58:25.9608949Z A path returned 202. Retrying...
2023-10-11T00:58:25.9609478Z A path returned 202. Retrying...
2023-10-11T00:58:25.9609882Z A path returned 202. Retrying...
2023-10-11T00:58:25.9610284Z A path returned 202. Retrying...
2023-10-11T00:58:25.9610689Z A path returned 202. Retrying...
2023-10-11T00:58:25.9611091Z A path returned 202. Retrying...
2023-10-11T00:58:25.9611456Z A path returned 202. Retrying...
2023-10-11T00:58:25.9611795Z A path returned 202. Retrying...
2023-10-11T00:58:25.9612124Z A path returned 202. Retrying...
2023-10-11T00:58:25.9612456Z A path returned 202. Retrying...
2023-10-11T00:58:25.9612872Z A path returned 202. Retrying...
2023-10-11T00:58:25.9613276Z A path returned 202. Retrying...
2023-10-11T00:58:25.9613673Z A path returned 202. Retrying...
2023-10-11T00:58:25.9615886Z A path returned 202. Retrying...
2023-10-11T00:58:25.9617255Z A path returned 202. Retrying...
2023-10-11T00:58:25.9617603Z A path returned 202. Retrying...
2023-10-11T00:58:25.9617956Z A path returned 202. Retrying...
2023-10-11T00:58:25.9618290Z A path returned 202. Retrying...
2023-10-11T00:58:25.9618632Z A path returned 202. Retrying...
2023-10-11T00:58:25.9618967Z A path returned 202. Retrying...
2023-10-11T00:58:25.9619298Z A path returned 202. Retrying...
2023-10-11T00:58:25.9619627Z A path returned 202. Retrying...
2023-10-11T00:58:25.9619971Z A path returned 202. Retrying...
2023-10-11T00:58:25.9620286Z A path returned 202. Retrying...
2023-10-11T00:58:25.9620615Z A path returned 202. Retrying...
2023-10-11T00:58:25.9620947Z A path returned 202. Retrying...
2023-10-11T00:58:25.9621274Z A path returned 202. Retrying...
2023-10-11T00:58:25.9621605Z A path returned 202. Retrying...
2023-10-11T00:58:25.9622127Z A path returned 202. Retrying...
2023-10-11T00:58:25.9622532Z A path returned 202. Retrying...
2023-10-11T00:58:25.9623099Z A path returned 202. Retrying...
2023-10-11T00:58:25.9623498Z A path returned 202. Retrying...
2023-10-11T00:58:25.9623869Z A path returned 202. Retrying...
2023-10-11T00:58:25.9624277Z A path returned 202. Retrying...
2023-10-11T00:58:25.9624681Z A path returned 202. Retrying...
2023-10-11T00:58:25.9625086Z A path returned 202. Retrying...
2023-10-11T00:58:25.9625486Z A path returned 202. Retrying...
2023-10-11T00:58:25.9625842Z A path returned 202. Retrying...
2023-10-11T00:58:25.9626467Z A path returned 202. Retrying...
2023-10-11T00:58:25.9626879Z A path returned 202. Retrying...
2023-10-11T00:58:25.9627289Z A path returned 202. Retrying...
2023-10-11T00:58:25.9627689Z A path returned 202. Retrying...
2023-10-11T00:58:25.9628033Z A path returned 202. Retrying...
2023-10-11T00:58:25.9628417Z A path returned 202. Retrying...
2023-10-11T00:58:25.9628824Z A path returned 202. Retrying...
2023-10-11T00:58:25.9629230Z A path returned 202. Retrying...
2023-10-11T00:58:25.9629635Z A path returned 202. Retrying...
2023-10-11T00:58:25.9629982Z A path returned 202. Retrying...
2023-10-11T00:58:25.9630314Z A path returned 202. Retrying...
2023-10-11T00:58:25.9630724Z A path returned 202. Retrying...
2023-10-11T00:58:25.9631130Z A path returned 202. Retrying...
2023-10-11T00:58:25.9631536Z A path returned 202. Retrying...
2023-10-11T00:58:25.9631932Z A path returned 202. Retrying...
2023-10-11T00:58:25.9635524Z A path returned 202. Retrying...
2023-10-11T00:58:25.9635889Z A path returned 202. Retrying...
2023-10-11T00:58:25.9636236Z A path returned 202. Retrying...
2023-10-11T00:58:25.9636567Z A path returned 202. Retrying...
2023-10-11T00:58:25.9636983Z A path returned 202. Retrying...
2023-10-11T00:58:25.9637415Z A path returned 202. Retrying...
2023-10-11T00:58:25.9637822Z A path returned 202. Retrying...
2023-10-11T00:58:25.9638224Z A path returned 202. Retrying...
2023-10-11T00:58:25.9638590Z A path returned 202. Retrying...
2023-10-11T00:58:25.9638919Z A path returned 202. Retrying...
2023-10-11T00:58:25.9639251Z A path returned 202. Retrying...
2023-10-11T00:58:25.9639569Z A path returned 202. Retrying...
2023-10-11T00:58:25.9639898Z A path returned 202. Retrying...
2023-10-11T00:58:25.9640464Z A path returned 202. Retrying...
2023-10-11T00:58:25.9640798Z A path returned 202. Retrying...
2023-10-11T00:58:25.9641132Z A path returned 202. Retrying...
2023-10-11T00:58:25.9641465Z A path returned 202. Retrying...
2023-10-11T00:58:25.9641899Z A path returned 202. Retrying...
2023-10-11T00:58:25.9642239Z A path returned 202. Retrying...
2023-10-11T00:58:25.9642633Z A path returned 202. Retrying...
2023-10-11T00:58:25.9643034Z A path returned 202. Retrying...
2023-10-11T00:58:25.9643439Z A path returned 202. Retrying...
2023-10-11T00:58:25.9643820Z A path returned 202. Retrying...
2023-10-11T00:58:25.9644224Z A path returned 202. Retrying...
2023-10-11T00:58:25.9644623Z A path returned 202. Retrying...
2023-10-11T00:58:25.9644986Z A path returned 202. Retrying...
2023-10-11T00:58:25.9645314Z A path returned 202. Retrying...
2023-10-11T00:58:25.9645645Z A path returned 202. Retrying...
2023-10-11T00:58:25.9645976Z A path returned 202. Retrying...
2023-10-11T00:58:25.9646298Z A path returned 202. Retrying...
2023-10-11T00:58:25.9646629Z A path returned 202. Retrying...
2023-10-11T00:58:25.9646958Z A path returned 202. Retrying...
2023-10-11T00:58:25.9647369Z A path returned 202. Retrying...
2023-10-11T00:58:25.9647773Z A path returned 202. Retrying...
2023-10-11T00:58:25.9648172Z A path returned 202. Retrying...
2023-10-11T00:58:25.9648574Z A path returned 202. Retrying...
2023-10-11T00:58:25.9648975Z A path returned 202. Retrying...
2023-10-11T00:58:25.9649372Z A path returned 202. Retrying...
2023-10-11T00:58:25.9649771Z A path returned 202. Retrying...
2023-10-11T00:58:25.9650175Z A path returned 202. Retrying...
2023-10-11T00:58:25.9650562Z A path returned 202. Retrying...
2023-10-11T00:58:25.9651001Z A path returned 202. Retrying...
2023-10-11T00:58:25.9651329Z A path returned 202. Retrying...
2023-10-11T00:58:25.9651661Z A path returned 202. Retrying...
2023-10-11T00:58:25.9652069Z A path returned 202. Retrying...
2023-10-11T00:58:25.9652503Z A path returned 202. Retrying...
2023-10-11T00:58:25.9652911Z A path returned 202. Retrying...
2023-10-11T00:58:25.9653310Z A path returned 202. Retrying...
2023-10-11T00:58:25.9653715Z A path returned 202. Retrying...
2023-10-11T00:58:25.9654173Z A path returned 202. Retrying...
2023-10-11T00:58:25.9654568Z A path returned 202. Retrying...
2023-10-11T00:58:25.9655154Z A path returned 202. Retrying...
2023-10-11T00:58:25.9655554Z A path returned 202. Retrying...
2023-10-11T00:58:25.9655909Z A path returned 202. Retrying...
2023-10-11T00:58:25.9656238Z A path returned 202. Retrying...
2023-10-11T00:58:25.9656567Z A path returned 202. Retrying...
2023-10-11T00:58:25.9656968Z A path returned 202. Retrying...
2023-10-11T00:58:25.9657363Z A path returned 202. Retrying...
2023-10-11T00:58:25.9657759Z A path returned 202. Retrying...
2023-10-11T00:58:25.9658178Z A path returned 202. Retrying...
2023-10-11T00:58:25.9658662Z A path returned 202. Retrying...
2023-10-11T00:58:25.9659069Z A path returned 202. Retrying...
2023-10-11T00:58:25.9659464Z A path returned 202. Retrying...
2023-10-11T00:58:25.9659813Z A path returned 202. Retrying...
2023-10-11T00:58:25.9660212Z A path returned 202. Retrying...
2023-10-11T00:58:25.9660618Z A path returned 202. Retrying...
2023-10-11T00:58:25.9661016Z A path returned 202. Retrying...
2023-10-11T00:58:25.9661416Z A path returned 202. Retrying...
2023-10-11T00:58:25.9661824Z A path returned 202. Retrying...
2023-10-11T00:58:25.9662170Z A path returned 202. Retrying...
2023-10-11T00:58:25.9662569Z A path returned 202. Retrying...
2023-10-11T00:58:25.9663141Z A path returned 202. Retrying...
2023-10-11T00:58:25.9663541Z A path returned 202. Retrying...
2023-10-11T00:58:25.9663882Z A path returned 202. Retrying...
2023-10-11T00:58:25.9664270Z A path returned 202. Retrying...
2023-10-11T00:58:25.9664670Z A path returned 202. Retrying...
2023-10-11T00:58:25.9665070Z A path returned 202. Retrying...
2023-10-11T00:58:25.9665419Z A path returned 202. Retrying...
2023-10-11T00:58:25.9665747Z A path returned 202. Retrying...
2023-10-11T00:58:25.9666303Z A path returned 202. Retrying...
2023-10-11T00:58:25.9666720Z A path returned 202. Retrying...
2023-10-11T00:58:25.9667133Z A path returned 202. Retrying...
2023-10-11T00:58:25.9667533Z A path returned 202. Retrying...
2023-10-11T00:58:25.9667878Z A path returned 202. Retrying...
2023-10-11T00:58:25.9668199Z A path returned 202. Retrying...
2023-10-11T00:58:25.9668531Z A path returned 202. Retrying...
2023-10-11T00:58:25.9668932Z A path returned 202. Retrying...
2023-10-11T00:58:25.9669334Z A path returned 202. Retrying...
2023-10-11T00:58:25.9669733Z A path returned 202. Retrying...
2023-10-11T00:58:25.9670128Z A path returned 202. Retrying...
2023-10-11T00:58:25.9670474Z A path returned 202. Retrying...
2023-10-11T00:58:25.9670804Z A path returned 202. Retrying...
2023-10-11T00:58:25.9671133Z A path returned 202. Retrying...
2023-10-11T00:58:25.9671541Z A path returned 202. Retrying...
2023-10-11T00:58:25.9671942Z A path returned 202. Retrying...
2023-10-11T00:58:25.9672332Z A path returned 202. Retrying...
2023-10-11T00:58:25.9672681Z A path returned 202. Retrying...
2023-10-11T00:58:25.9673084Z A path returned 202. Retrying...
2023-10-11T00:58:25.9673481Z A path returned 202. Retrying...
2023-10-11T01:07:13.0916569Z A path returned 202. Retrying...
2023-10-11T01:07:13.0917502Z A path returned 202. Retrying...
2023-10-11T01:07:13.0918266Z A path returned 202. Retrying...
2023-10-11T01:07:13.0918962Z A path returned 202. Retrying...
2023-10-11T01:07:13.0919648Z A path returned 202. Retrying...
2023-10-11T01:07:13.0920339Z A path returned 202. Retrying...
2023-10-11T01:07:13.0920938Z A path returned 202. Retrying...
2023-10-11T01:07:13.0921641Z A path returned 202. Retrying...
2023-10-11T01:07:13.0922311Z A path returned 202. Retrying...
2023-10-11T01:07:13.0923001Z A path returned 202. Retrying...
2023-10-11T01:07:13.0923686Z A path returned 202. Retrying...
2023-10-11T01:07:13.0924363Z A path returned 202. Retrying...
2023-10-11T01:07:13.0925039Z A path returned 202. Retrying...
2023-10-11T01:07:13.0925734Z A path returned 202. Retrying...
2023-10-11T01:07:13.0926408Z A path returned 202. Retrying...
2023-10-11T01:07:13.0927086Z A path returned 202. Retrying...
2023-10-11T01:07:13.0927768Z A path returned 202. Retrying...
2023-10-11T01:07:13.0928445Z A path returned 202. Retrying...
2023-10-11T01:07:13.0929879Z A path returned 202. Retrying...
2023-10-11T01:07:13.0930560Z A path returned 202. Retrying...
2023-10-11T01:07:13.0931220Z A path returned 202. Retrying...
2023-10-11T01:07:13.0931911Z A path returned 202. Retrying...
2023-10-11T01:07:13.0932965Z A path returned 202. Retrying...
2023-10-11T01:07:13.0933538Z A path returned 202. Retrying...
2023-10-11T01:07:13.0934106Z A path returned 202. Retrying...
2023-10-11T01:07:13.0934673Z A path returned 202. Retrying...
2023-10-11T01:07:13.0935376Z A path returned 202. Retrying...
2023-10-11T01:07:13.0935943Z A path returned 202. Retrying...
2023-10-11T01:07:13.0936635Z A path returned 202. Retrying...
2023-10-11T01:07:13.0937305Z A path returned 202. Retrying...
2023-10-11T01:07:13.0937997Z A path returned 202. Retrying...
2023-10-11T01:07:13.0938672Z A path returned 202. Retrying...
2023-10-11T01:07:13.0939352Z A path returned 202. Retrying...
2023-10-11T01:07:13.0940030Z A path returned 202. Retrying...
2023-10-11T01:07:13.0940706Z A path returned 202. Retrying...
2023-10-11T01:07:13.0941396Z A path returned 202. Retrying...
2023-10-11T01:07:13.0942146Z A path returned 202. Retrying...
2023-10-11T01:07:13.0943129Z A path returned 202. Retrying...
2023-10-11T01:07:13.0943842Z A path returned 202. Retrying...
2023-10-11T01:07:13.0944525Z A path returned 202. Retrying...
2023-10-11T01:07:13.0945199Z A path returned 202. Retrying...
2023-10-11T01:07:13.0945882Z A path returned 202. Retrying...
2023-10-11T01:07:13.0946563Z A path returned 202. Retrying...
2023-10-11T01:07:13.0946965Z A path returned 202. Retrying...
2023-10-11T01:07:13.0947377Z A path returned 202. Retrying...
2023-10-11T01:07:13.0947778Z A path returned 202. Retrying...
2023-10-11T01:07:13.0948390Z A path returned 202. Retrying...
2023-10-11T01:07:13.0948806Z A path returned 202. Retrying...
2023-10-11T01:07:13.0949212Z A path returned 202. Retrying...
2023-10-11T01:07:13.0949613Z A path returned 202. Retrying...
2023-10-11T01:07:13.0950015Z A path returned 202. Retrying...
2023-10-11T01:07:13.0950421Z A path returned 202. Retrying...
2023-10-11T01:07:13.0950820Z A path returned 202. Retrying...
2023-10-11T01:07:13.0951219Z A path returned 202. Retrying...
2023-10-11T01:07:13.0951651Z A path returned 202. Retrying...
2023-10-11T01:07:13.0952056Z A path returned 202. Retrying...
2023-10-11T01:07:13.0952405Z A path returned 202. Retrying...
2023-10-11T01:07:13.0952808Z A path returned 202. Retrying...
2023-10-11T01:07:13.0953207Z A path returned 202. Retrying...
2023-10-11T01:07:13.0953552Z A path returned 202. Retrying...
2023-10-11T01:07:13.0953960Z A path returned 202. Retrying...
2023-10-11T01:07:13.0954365Z A path returned 202. Retrying...
2023-10-11T01:07:13.0954767Z A path returned 202. Retrying...
2023-10-11T01:07:13.0955173Z A path returned 202. Retrying...
2023-10-11T01:07:13.0955521Z A path returned 202. Retrying...
2023-10-11T01:07:13.0955925Z A path returned 202. Retrying...
2023-10-11T01:07:13.0956308Z A path returned 202. Retrying...
2023-10-11T01:07:13.0956711Z A path returned 202. Retrying...
2023-10-11T01:07:13.0957126Z A path returned 202. Retrying...
2023-10-11T01:07:13.0957524Z A path returned 202. Retrying...
2023-10-11T01:07:13.0957923Z A path returned 202. Retrying...
2023-10-11T01:07:13.0958273Z A path returned 202. Retrying...
2023-10-11T01:07:13.0958674Z A path returned 202. Retrying...
2023-10-11T01:07:13.0959077Z A path returned 202. Retrying...
2023-10-11T01:07:13.0959478Z A path returned 202. Retrying...
2023-10-11T01:07:13.0959883Z A path returned 202. Retrying...
2023-10-11T01:07:13.0960263Z A path returned 202. Retrying...
2023-10-11T01:07:13.0960669Z A path returned 202. Retrying...
2023-10-11T01:07:13.0961056Z A path returned 202. Retrying...
2023-10-11T01:07:13.0961446Z A path returned 202. Retrying...
2023-10-11T01:07:13.0961777Z A path returned 202. Retrying...
2023-10-11T01:07:13.0962105Z A path returned 202. Retrying...
2023-10-11T01:07:13.0962431Z A path returned 202. Retrying...
2023-10-11T01:07:13.0962759Z A path returned 202. Retrying...
2023-10-11T01:07:13.0963253Z A path returned 202. Retrying...
2023-10-11T01:07:13.0963583Z A path returned 202. Retrying...
2023-10-11T01:07:13.0963897Z A path returned 202. Retrying...
2023-10-11T01:07:13.0964226Z A path returned 202. Retrying...
2023-10-11T01:07:13.0964556Z A path returned 202. Retrying...
2023-10-11T01:07:13.0964885Z A path returned 202. Retrying...
2023-10-11T01:07:13.0965214Z A path returned 202. Retrying...
2023-10-11T01:07:13.0965544Z A path returned 202. Retrying...
2023-10-11T01:07:13.0965872Z A path returned 202. Retrying...
2023-10-11T01:07:13.0966201Z A path returned 202. Retrying...
2023-10-11T01:07:13.0966515Z A path returned 202. Retrying...
2023-10-11T01:07:13.0966851Z A path returned 202. Retrying...
2023-10-11T01:07:13.0967188Z A path returned 202. Retrying...
2023-10-11T01:07:13.0967521Z A path returned 202. Retrying...
2023-10-11T01:07:13.0967850Z A path returned 202. Retrying...
2023-10-11T01:07:13.0968292Z A path returned 202. Retrying...
2023-10-11T01:07:13.0969849Z A path returned 202. Retrying...
2023-10-11T01:07:13.0970200Z A path returned 202. Retrying...
2023-10-11T01:07:13.0970516Z A path returned 202. Retrying...
2023-10-11T01:07:13.0970937Z A path returned 202. Retrying...
2023-10-11T01:07:13.0971341Z A path returned 202. Retrying...
2023-10-11T01:07:13.0971744Z A path returned 202. Retrying...
2023-10-11T01:07:13.0972152Z A path returned 202. Retrying...
2023-10-11T01:07:13.0972553Z A path returned 202. Retrying...
2023-10-11T01:07:13.0972898Z A path returned 202. Retrying...
2023-10-11T01:07:13.0973301Z A path returned 202. Retrying...
2023-10-11T01:07:13.0973702Z A path returned 202. Retrying...
2023-10-11T01:07:13.0974105Z A path returned 202. Retrying...
2023-10-11T01:07:13.0974658Z A path returned 202. Retrying...
2023-10-11T01:07:13.0975084Z A path returned 202. Retrying...
2023-10-11T01:07:13.0975476Z A path returned 202. Retrying...
2023-10-11T01:07:13.0975883Z A path returned 202. Retrying...
2023-10-11T01:07:13.0976283Z A path returned 202. Retrying...
2023-10-11T01:07:13.0976697Z A path returned 202. Retrying...
2023-10-11T01:07:13.0977104Z A path returned 202. Retrying...
2023-10-11T01:07:13.0977540Z A path returned 202. Retrying...
2023-10-11T01:07:13.0977940Z A path returned 202. Retrying...
2023-10-11T01:07:13.0978323Z A path returned 202. Retrying...
2023-10-11T01:07:13.0978728Z A path returned 202. Retrying...
2023-10-11T01:07:13.0979129Z A path returned 202. Retrying...
2023-10-11T01:07:13.0979475Z A path returned 202. Retrying...
2023-10-11T01:07:13.0979877Z A path returned 202. Retrying...
2023-10-11T01:07:13.0980263Z A path returned 202. Retrying...
2023-10-11T01:07:13.0980667Z A path returned 202. Retrying...
2023-10-11T01:07:13.0981073Z A path returned 202. Retrying...
2023-10-11T01:07:13.0981430Z A path returned 202. Retrying...
2023-10-11T01:07:13.0981777Z A path returned 202. Retrying...
2023-10-11T01:07:13.0982177Z A path returned 202. Retrying...
2023-10-11T01:07:13.0982560Z A path returned 202. Retrying...
2023-10-11T01:07:13.0983202Z A path returned 202. Retrying...
2023-10-11T01:07:13.0983618Z A path returned 202. Retrying...
2023-10-11T01:07:13.0984018Z A path returned 202. Retrying...
2023-10-11T01:07:13.0984417Z A path returned 202. Retrying...
2023-10-11T01:07:13.0984818Z A path returned 202. Retrying...
2023-10-11T01:07:13.0985209Z A path returned 202. Retrying...
2023-10-11T01:07:13.0985550Z A path returned 202. Retrying...
2023-10-11T01:07:13.0985955Z A path returned 202. Retrying...
2023-10-11T01:07:13.0986809Z A path returned 202. Retrying...
2023-10-11T01:07:13.0987218Z A path returned 202. Retrying...
2023-10-11T01:07:13.0987563Z A path returned 202. Retrying...
2023-10-11T01:07:13.0988158Z A path returned 202. Retrying...
2023-10-11T01:07:13.0988493Z A path returned 202. Retrying...
2023-10-11T01:07:13.0988899Z A path returned 202. Retrying...
2023-10-11T01:07:13.0989304Z A path returned 202. Retrying...
2023-10-11T01:07:13.0989680Z A path returned 202. Retrying...
2023-10-11T01:07:13.0990008Z A path returned 202. Retrying...
2023-10-11T01:07:13.0990610Z A path returned 202. Retrying...
2023-10-11T01:07:13.0991016Z A path returned 202. Retrying...
2023-10-11T01:07:13.0991418Z A path returned 202. Retrying...
2023-10-11T01:07:13.0991820Z A path returned 202. Retrying...
2023-10-11T01:07:13.0992235Z A path returned 202. Retrying...
2023-10-11T01:07:13.0992681Z A path returned 202. Retrying...
2023-10-11T01:07:13.0993089Z A path returned 202. Retrying...
2023-10-11T01:07:13.0993489Z A path returned 202. Retrying...
2023-10-11T01:07:13.0993906Z A path returned 202. Retrying...
2023-10-11T01:07:13.0994310Z A path returned 202. Retrying...
2023-10-11T01:07:13.0995008Z A path returned 202. Retrying...
2023-10-11T01:07:13.0995403Z A path returned 202. Retrying...
2023-10-11T01:07:13.0995817Z A path returned 202. Retrying...
2023-10-11T01:07:13.0996226Z A path returned 202. Retrying...
2023-10-11T01:07:13.0996620Z A path returned 202. Retrying...
2023-10-11T01:07:13.0997193Z A path returned 202. Retrying...
2023-10-11T01:07:13.0997523Z A path returned 202. Retrying...
2023-10-11T01:07:13.0997936Z A path returned 202. Retrying...
2023-10-11T01:07:13.0998333Z A path returned 202. Retrying...
2023-10-11T01:07:13.0998730Z A path returned 202. Retrying...
2023-10-11T01:07:13.0999129Z A path returned 202. Retrying...
2023-10-11T01:07:13.0999525Z A path returned 202. Retrying...
2023-10-11T01:07:13.0999911Z A path returned 202. Retrying...
2023-10-11T01:07:13.1000255Z A path returned 202. Retrying...
2023-10-11T01:07:13.1000603Z A path returned 202. Retrying...
2023-10-11T01:07:13.1001008Z A path returned 202. Retrying...
2023-10-11T01:07:13.1001413Z A path returned 202. Retrying...
2023-10-11T01:07:13.1001814Z A path returned 202. Retrying...
2023-10-11T01:07:13.1002371Z A path returned 202. Retrying...
2023-10-11T01:07:13.1002815Z A path returned 202. Retrying...
2023-10-11T01:07:13.1003228Z A path returned 202. Retrying...
2023-10-11T01:07:13.1003629Z A path returned 202. Retrying...
2023-10-11T01:07:13.1004030Z A path returned 202. Retrying...
2023-10-11T01:07:13.1004441Z A path returned 202. Retrying...
2023-10-11T01:07:13.1004825Z A path returned 202. Retrying...
2023-10-11T01:07:13.1005227Z A path returned 202. Retrying...
2023-10-11T01:07:13.1005633Z A path returned 202. Retrying...
2023-10-11T01:07:13.1006037Z A path returned 202. Retrying...
2023-10-11T01:07:13.1006439Z A path returned 202. Retrying...
2023-10-11T01:07:13.1006842Z A path returned 202. Retrying...
2023-10-11T01:07:13.1007187Z A path returned 202. Retrying...
2023-10-11T01:07:13.1007589Z A path returned 202. Retrying...
2023-10-11T01:07:13.1008034Z A path returned 202. Retrying...
2023-10-11T01:07:13.1008363Z A path returned 202. Retrying...
2023-10-11T01:07:13.1008778Z A path returned 202. Retrying...
2023-10-11T01:07:13.1009186Z A path returned 202. Retrying...
2023-10-11T01:07:13.1009568Z A path returned 202. Retrying...
2023-10-11T01:07:13.1009970Z A path returned 202. Retrying...
2023-10-11T01:07:13.1010368Z A path returned 202. Retrying...
2023-10-11T01:07:13.1010768Z A path returned 202. Retrying...
2023-10-11T01:07:13.1011180Z A path returned 202. Retrying...
2023-10-11T01:07:13.1011587Z A path returned 202. Retrying...
2023-10-11T01:07:13.1011983Z A path returned 202. Retrying...
2023-10-11T01:07:13.1012386Z A path returned 202. Retrying...
2023-10-11T01:07:13.1012785Z A path returned 202. Retrying...
2023-10-11T01:07:13.1013184Z A path returned 202. Retrying...
2023-10-11T01:07:13.1013578Z A path returned 202. Retrying...
2023-10-11T01:07:13.1013977Z A path returned 202. Retrying...
2023-10-11T01:07:13.1014363Z A path returned 202. Retrying...
2023-10-11T01:07:13.1014769Z A path returned 202. Retrying...
2023-10-11T01:07:13.1015171Z A path returned 202. Retrying...
2023-10-11T01:07:13.1015573Z A path returned 202. Retrying...
2023-10-11T01:07:13.1015973Z A path returned 202. Retrying...
2023-10-11T01:07:13.1016314Z A path returned 202. Retrying...
2023-10-11T01:07:13.1016659Z A path returned 202. Retrying...
2023-10-11T01:07:13.1017054Z A path returned 202. Retrying...
2023-10-11T01:07:13.1017613Z A path returned 202. Retrying...
2023-10-11T01:07:13.1018013Z A path returned 202. Retrying...
2023-10-11T01:07:13.1018416Z A path returned 202. Retrying...
2023-10-11T01:07:13.1018814Z A path returned 202. Retrying...
2023-10-11T01:07:13.1019203Z A path returned 202. Retrying...
2023-10-11T01:07:13.1019602Z A path returned 202. Retrying...
2023-10-11T01:07:13.1019999Z A path returned 202. Retrying...
2023-10-11T01:07:13.1020401Z A path returned 202. Retrying...
2023-10-11T01:07:13.1020798Z A path returned 202. Retrying...
2023-10-11T01:07:13.1021201Z A path returned 202. Retrying...
2023-10-11T01:07:13.1021598Z A path returned 202. Retrying...
2023-10-11T01:07:13.1021996Z A path returned 202. Retrying...
2023-10-11T01:07:13.1022402Z A path returned 202. Retrying...
2023-10-11T01:07:13.1022920Z A path returned 202. Retrying...
2023-10-11T01:07:13.1023361Z A path returned 202. Retrying...
2023-10-11T01:07:13.1023765Z A path returned 202. Retrying...
2023-10-11T01:07:13.1024216Z A path returned 202. Retrying...
2023-10-11T01:07:13.1024628Z A path returned 202. Retrying...
2023-10-11T01:07:13.1025028Z A path returned 202. Retrying...
2023-10-11T01:07:13.1025432Z A path returned 202. Retrying...
2023-10-11T01:07:13.1025830Z A path returned 202. Retrying...
2023-10-11T01:07:13.1026231Z A path returned 202. Retrying...
2023-10-11T01:07:13.1026632Z A path returned 202. Retrying...
2023-10-11T01:07:13.1027038Z A path returned 202. Retrying...
2023-10-11T01:07:13.1027439Z A path returned 202. Retrying...
2023-10-11T01:07:13.1027838Z A path returned 202. Retrying...
2023-10-11T01:07:13.1028242Z A path returned 202. Retrying...
2023-10-11T01:07:13.1028644Z A path returned 202. Retrying...
2023-10-11T01:07:13.1029220Z A path returned 202. Retrying...
2023-10-11T01:07:13.1029640Z A path returned 202. Retrying...
2023-10-11T01:07:13.1030043Z A path returned 202. Retrying...
2023-10-11T01:07:13.1030444Z A path returned 202. Retrying...
2023-10-11T01:15:56.8872599Z A path returned 202. Retrying...
2023-10-11T01:15:56.8873080Z A path returned 202. Retrying...
2023-10-11T01:15:56.8873509Z A path returned 202. Retrying...
2023-10-11T01:15:56.8873956Z A path returned 202. Retrying...
2023-10-11T01:15:56.8874306Z A path returned 202. Retrying...
2023-10-11T01:15:56.8874728Z A path returned 202. Retrying...
2023-10-11T01:15:56.8875074Z A path returned 202. Retrying...
2023-10-11T01:15:56.8875494Z A path returned 202. Retrying...
2023-10-11T01:15:56.8875823Z A path returned 202. Retrying...
2023-10-11T01:15:56.8876257Z A path returned 202. Retrying...
2023-10-11T01:15:56.8876601Z A path returned 202. Retrying...
2023-10-11T01:15:56.8877034Z A path returned 202. Retrying...
2023-10-11T01:15:56.8877376Z A path returned 202. Retrying...
2023-10-11T01:15:56.8877809Z A path returned 202. Retrying...
2023-10-11T01:15:56.8878156Z A path returned 202. Retrying...
2023-10-11T01:15:56.8878572Z A path returned 202. Retrying...
2023-10-11T01:15:56.8878911Z A path returned 202. Retrying...
2023-10-11T01:15:56.8879331Z A path returned 202. Retrying...
2023-10-11T01:15:56.8879681Z A path returned 202. Retrying...
2023-10-11T01:15:56.8880095Z A path returned 202. Retrying...
2023-10-11T01:15:56.8880423Z A path returned 202. Retrying...
2023-10-11T01:15:56.8880764Z A path returned 202. Retrying...
2023-10-11T01:15:56.8881187Z A path returned 202. Retrying...
2023-10-11T01:15:56.8881524Z A path returned 202. Retrying...
2023-10-11T01:15:56.8881947Z A path returned 202. Retrying...
2023-10-11T01:15:56.8882288Z A path returned 202. Retrying...
2023-10-11T01:15:56.8882708Z A path returned 202. Retrying...
2023-10-11T01:15:56.8883053Z A path returned 202. Retrying...
2023-10-11T01:15:56.8883469Z A path returned 202. Retrying...
2023-10-11T01:15:56.8883819Z A path returned 202. Retrying...
2023-10-11T01:15:56.8884233Z A path returned 202. Retrying...
2023-10-11T01:15:56.8884577Z A path returned 202. Retrying...
2023-10-11T01:15:56.8884900Z A path returned 202. Retrying...
2023-10-11T01:15:56.8885220Z A path returned 202. Retrying...
2023-10-11T01:15:56.8886087Z A path returned 202. Retrying...
2023-10-11T01:15:56.8886421Z A path returned 202. Retrying...
2023-10-11T01:15:56.8886745Z A path returned 202. Retrying...
2023-10-11T01:15:56.8887067Z A path returned 202. Retrying...
2023-10-11T01:15:56.8887390Z A path returned 202. Retrying...
2023-10-11T01:15:56.8887706Z A path returned 202. Retrying...
2023-10-11T01:15:56.8888149Z A path returned 202. Retrying...
2023-10-11T01:15:56.8888470Z A path returned 202. Retrying...
2023-10-11T01:15:56.8888792Z A path returned 202. Retrying...
2023-10-11T01:15:56.8889102Z A path returned 202. Retrying...
2023-10-11T01:15:56.8889423Z A path returned 202. Retrying...
2023-10-11T01:15:56.8889748Z A path returned 202. Retrying...
2023-10-11T01:15:56.8890077Z A path returned 202. Retrying...
2023-10-11T01:15:56.8890399Z A path returned 202. Retrying...
2023-10-11T01:15:56.8890723Z A path returned 202. Retrying...
2023-10-11T01:15:56.8891044Z A path returned 202. Retrying...
2023-10-11T01:15:56.8891365Z A path returned 202. Retrying...
2023-10-11T01:15:56.8891681Z A path returned 202. Retrying...
2023-10-11T01:15:56.8892001Z A path returned 202. Retrying...
2023-10-11T01:15:56.8892325Z A path returned 202. Retrying...
2023-10-11T01:15:56.8892650Z A path returned 202. Retrying...
2023-10-11T01:15:56.8892971Z A path returned 202. Retrying...
2023-10-11T01:15:56.8893293Z A path returned 202. Retrying...
2023-10-11T01:15:56.8893618Z A path returned 202. Retrying...
2023-10-11T01:15:56.8893938Z A path returned 202. Retrying...
2023-10-11T01:15:56.8894248Z A path returned 202. Retrying...
2023-10-11T01:15:56.8894570Z A path returned 202. Retrying...
2023-10-11T01:15:56.8894890Z A path returned 202. Retrying...
2023-10-11T01:15:56.8895409Z A path returned 202. Retrying...
2023-10-11T01:15:56.8895739Z A path returned 202. Retrying...
2023-10-11T01:15:56.8896061Z A path returned 202. Retrying...
2023-10-11T01:15:56.8896385Z A path returned 202. Retrying...
2023-10-11T01:15:56.8896694Z A path returned 202. Retrying...
2023-10-11T01:15:56.8897027Z A path returned 202. Retrying...
2023-10-11T01:15:56.8897347Z A path returned 202. Retrying...
2023-10-11T01:15:56.8897669Z A path returned 202. Retrying...
2023-10-11T01:15:56.8897993Z A path returned 202. Retrying...
2023-10-11T01:15:56.8898316Z A path returned 202. Retrying...
2023-10-11T01:15:56.8898637Z A path returned 202. Retrying...
2023-10-11T01:15:56.8899584Z A path returned 202. Retrying...
2023-10-11T01:15:56.8900033Z A path returned 202. Retrying...
2023-10-11T01:15:56.8900446Z A path returned 202. Retrying...
2023-10-11T01:15:56.8900859Z A path returned 202. Retrying...
2023-10-11T01:15:56.8901268Z A path returned 202. Retrying...
2023-10-11T01:15:56.8901675Z A path returned 202. Retrying...
2023-10-11T01:15:56.8902094Z A path returned 202. Retrying...
2023-10-11T01:15:56.8902499Z A path returned 202. Retrying...
2023-10-11T01:15:56.8903219Z A path returned 202. Retrying...
2023-10-11T01:15:56.8903614Z A path returned 202. Retrying...
2023-10-11T01:15:56.8904012Z A path returned 202. Retrying...
2023-10-11T01:15:56.8904423Z A path returned 202. Retrying...
2023-10-11T01:15:56.8904823Z A path returned 202. Retrying...
2023-10-11T01:15:56.8905224Z A path returned 202. Retrying...
2023-10-11T01:15:56.8906021Z A path returned 202. Retrying...
2023-10-11T01:15:56.8906432Z A path returned 202. Retrying...
2023-10-11T01:15:56.8906819Z A path returned 202. Retrying...
2023-10-11T01:15:56.8907219Z A path returned 202. Retrying...
2023-10-11T01:15:56.8907617Z A path returned 202. Retrying...
2023-10-11T01:15:56.8908020Z A path returned 202. Retrying...
2023-10-11T01:15:56.8908419Z A path returned 202. Retrying...
2023-10-11T01:15:56.8908820Z A path returned 202. Retrying...
2023-10-11T01:15:56.8909231Z A path returned 202. Retrying...
2023-10-11T01:15:56.8909630Z A path returned 202. Retrying...
2023-10-11T01:15:56.8910017Z A path returned 202. Retrying...
2023-10-11T01:15:56.8910413Z A path returned 202. Retrying...
2023-10-11T01:15:56.8910818Z A path returned 202. Retrying...
2023-10-11T01:15:56.8911633Z A path returned 202. Retrying...
2023-10-11T01:15:56.8912033Z A path returned 202. Retrying...
2023-10-11T01:15:56.8912432Z A path returned 202. Retrying...
2023-10-11T01:15:56.8912832Z A path returned 202. Retrying...
2023-10-11T01:15:56.8913231Z A path returned 202. Retrying...
2023-10-11T01:15:56.8913618Z A path returned 202. Retrying...
2023-10-11T01:15:56.8914016Z A path returned 202. Retrying...
2023-10-11T01:15:56.8914415Z A path returned 202. Retrying...
2023-10-11T01:15:56.8914819Z A path returned 202. Retrying...
2023-10-11T01:15:56.8915218Z A path returned 202. Retrying...
2023-10-11T01:15:56.8915618Z A path returned 202. Retrying...
2023-10-11T01:15:56.8916013Z A path returned 202. Retrying...
2023-10-11T01:15:56.8916412Z A path returned 202. Retrying...
2023-10-11T01:15:56.8916813Z A path returned 202. Retrying...
2023-10-11T01:15:56.8917231Z A path returned 202. Retrying...
2023-10-11T01:15:56.8917631Z A path returned 202. Retrying...
2023-10-11T01:15:56.8918029Z A path returned 202. Retrying...
2023-10-11T01:15:56.8918438Z A path returned 202. Retrying...
2023-10-11T01:15:56.8918836Z A path returned 202. Retrying...
2023-10-11T01:15:56.8919235Z A path returned 202. Retrying...
2023-10-11T01:15:56.8919621Z A path returned 202. Retrying...
2023-10-11T01:15:56.8920019Z A path returned 202. Retrying...
2023-10-11T01:15:56.8920424Z A path returned 202. Retrying...
2023-10-11T01:15:56.8920825Z A path returned 202. Retrying...
2023-10-11T01:15:56.8921231Z A path returned 202. Retrying...
2023-10-11T01:15:56.8921630Z A path returned 202. Retrying...
2023-10-11T01:15:56.8922031Z A path returned 202. Retrying...
2023-10-11T01:15:56.8922428Z A path returned 202. Retrying...
2023-10-11T01:15:56.8922998Z A path returned 202. Retrying...
2023-10-11T01:15:56.8923407Z A path returned 202. Retrying...
2023-10-11T01:15:56.8923807Z A path returned 202. Retrying...
2023-10-11T01:15:56.8924206Z A path returned 202. Retrying...
2023-10-11T01:15:56.8924603Z A path returned 202. Retrying...
2023-10-11T01:15:56.8924998Z A path returned 202. Retrying...
2023-10-11T01:15:56.8925405Z A path returned 202. Retrying...
2023-10-11T01:15:56.8925793Z A path returned 202. Retrying...
2023-10-11T01:15:56.8926188Z A path returned 202. Retrying...
2023-10-11T01:15:56.8926587Z A path returned 202. Retrying...
2023-10-11T01:15:56.8926988Z A path returned 202. Retrying...
2023-10-11T01:15:56.8927387Z A path returned 202. Retrying...
2023-10-11T01:15:56.8927790Z A path returned 202. Retrying...
2023-10-11T01:15:56.8928255Z A path returned 202. Retrying...
2023-10-11T01:15:56.8928653Z A path returned 202. Retrying...
2023-10-11T01:15:56.8929039Z A path returned 202. Retrying...
2023-10-11T01:15:56.8929438Z A path returned 202. Retrying...
2023-10-11T01:15:56.8929847Z A path returned 202. Retrying...
2023-10-11T01:15:56.8930244Z A path returned 202. Retrying...
2023-10-11T01:15:56.8930650Z A path returned 202. Retrying...
2023-10-11T01:15:56.8931046Z A path returned 202. Retrying...
2023-10-11T01:15:56.8931443Z A path returned 202. Retrying...
2023-10-11T01:15:56.8932636Z A path returned 202. Retrying...
2023-10-11T01:15:56.8933067Z A path returned 202. Retrying...
2023-10-11T01:15:56.8933464Z A path returned 202. Retrying...
2023-10-11T01:15:56.8933868Z A path returned 202. Retrying...
2023-10-11T01:15:56.8934269Z A path returned 202. Retrying...
2023-10-11T01:15:56.8934668Z A path returned 202. Retrying...
2023-10-11T01:15:56.8935074Z A path returned 202. Retrying...
2023-10-11T01:15:56.8935485Z A path returned 202. Retrying...
2023-10-11T01:15:56.8935870Z A path returned 202. Retrying...
2023-10-11T01:15:56.8936271Z A path returned 202. Retrying...
2023-10-11T01:15:56.8936664Z A path returned 202. Retrying...
2023-10-11T01:15:56.8937074Z A path returned 202. Retrying...
2023-10-11T01:15:56.8937471Z A path returned 202. Retrying...
2023-10-11T01:15:56.8937871Z A path returned 202. Retrying...
2023-10-11T01:15:56.8938271Z A path returned 202. Retrying...
2023-10-11T01:15:56.8938670Z A path returned 202. Retrying...
2023-10-11T01:15:56.8939055Z A path returned 202. Retrying...
2023-10-11T01:15:56.8940016Z A path returned 202. Retrying...
2023-10-11T01:15:56.8940418Z A path returned 202. Retrying...
2023-10-11T01:15:56.8940817Z A path returned 202. Retrying...
2023-10-11T01:15:56.8941218Z A path returned 202. Retrying...
2023-10-11T01:15:56.8942388Z A path returned 202. Retrying...
2023-10-11T01:15:56.8942990Z A path returned 202. Retrying...
2023-10-11T01:15:56.8943400Z A path returned 202. Retrying...
2023-10-11T01:15:56.8943785Z A path returned 202. Retrying...
2023-10-11T01:15:56.8944181Z A path returned 202. Retrying...
2023-10-11T01:15:56.8944585Z A path returned 202. Retrying...
2023-10-11T01:15:56.8944984Z A path returned 202. Retrying...
2023-10-11T01:15:56.8945397Z A path returned 202. Retrying...
2023-10-11T01:15:56.8945794Z A path returned 202. Retrying...
2023-10-11T01:15:56.8946196Z A path returned 202. Retrying...
2023-10-11T01:15:56.8946583Z A path returned 202. Retrying...
2023-10-11T01:15:56.8946984Z A path returned 202. Retrying...
2023-10-11T01:15:56.8947422Z A path returned 202. Retrying...
2023-10-11T01:15:56.8947823Z A path returned 202. Retrying...
2023-10-11T01:15:56.8948224Z A path returned 202. Retrying...
2023-10-11T01:15:56.8948622Z A path returned 202. Retrying...
2023-10-11T01:15:56.8949024Z A path returned 202. Retrying...
2023-10-11T01:15:56.8949426Z A path returned 202. Retrying...
2023-10-11T01:15:56.8949809Z A path returned 202. Retrying...
2023-10-11T01:15:56.8950211Z A path returned 202. Retrying...
2023-10-11T01:15:56.8950611Z A path returned 202. Retrying...
2023-10-11T01:15:56.8951009Z A path returned 202. Retrying...
2023-10-11T01:15:56.8951406Z A path returned 202. Retrying...
2023-10-11T01:15:56.8952063Z A path returned 202. Retrying...
2023-10-11T01:15:56.8952473Z A path returned 202. Retrying...
2023-10-11T01:15:56.8952873Z A path returned 202. Retrying...
2023-10-11T01:15:56.8953259Z A path returned 202. Retrying...
2023-10-11T01:15:56.8953661Z A path returned 202. Retrying...
2023-10-11T01:15:56.8954063Z A path returned 202. Retrying...
2023-10-11T01:15:56.8954476Z A path returned 202. Retrying...
2023-10-11T01:15:56.8954876Z A path returned 202. Retrying...
2023-10-11T01:15:56.8955274Z A path returned 202. Retrying...
2023-10-11T01:15:56.8955674Z A path returned 202. Retrying...
2023-10-11T01:15:56.8956065Z A path returned 202. Retrying...
2023-10-11T01:15:56.8956467Z A path returned 202. Retrying...
2023-10-11T01:15:56.8956864Z A path returned 202. Retrying...
2023-10-11T01:15:56.8957261Z A path returned 202. Retrying...
2023-10-11T01:15:56.8957660Z A path returned 202. Retrying...
2023-10-11T01:15:56.8958060Z A path returned 202. Retrying...
2023-10-11T01:15:56.8958456Z A path returned 202. Retrying...
2023-10-11T01:15:56.8958862Z A path returned 202. Retrying...
2023-10-11T01:15:56.8959249Z A path returned 202. Retrying...
2023-10-11T01:15:56.8959650Z A path returned 202. Retrying...
2023-10-11T01:15:56.8960046Z A path returned 202. Retrying...
2023-10-11T01:15:56.8960441Z A path returned 202. Retrying...
2023-10-11T01:15:56.8960849Z A path returned 202. Retrying...
2023-10-11T01:15:56.8961348Z A path returned 202. Retrying...
2023-10-11T01:15:56.8961673Z A path returned 202. Retrying...
2023-10-11T01:15:56.8961996Z A path returned 202. Retrying...
2023-10-11T01:15:56.8962306Z A path returned 202. Retrying...
2023-10-11T01:15:56.8962632Z A path returned 202. Retrying...
2023-10-11T01:15:56.8962954Z A path returned 202. Retrying...
2023-10-11T01:15:56.8963279Z A path returned 202. Retrying...
2023-10-11T01:15:56.8963602Z A path returned 202. Retrying...
2023-10-11T01:15:56.8963923Z A path returned 202. Retrying...
2023-10-11T01:15:56.8964247Z A path returned 202. Retrying...
2023-10-11T01:15:56.8964567Z A path returned 202. Retrying...
2023-10-11T01:15:56.8964894Z A path returned 202. Retrying...
2023-10-11T01:15:56.8965215Z A path returned 202. Retrying...
2023-10-11T01:15:56.8965545Z A path returned 202. Retrying...
2023-10-11T01:15:56.8965869Z A path returned 202. Retrying...
2023-10-11T01:15:56.8966191Z A path returned 202. Retrying...
2023-10-11T01:15:56.8966660Z A path returned 202. Retrying...
2023-10-11T01:15:56.8966986Z A path returned 202. Retrying...
2023-10-11T01:15:56.8967297Z A path returned 202. Retrying...
2023-10-11T01:15:56.8967620Z A path returned 202. Retrying...
2023-10-11T01:15:56.8967942Z A path returned 202. Retrying...
2023-10-11T01:15:56.8968282Z A path returned 202. Retrying...
2023-10-11T01:15:56.8968605Z A path returned 202. Retrying...
2023-10-11T01:15:56.8968929Z A path returned 202. Retrying...
2023-10-11T01:15:56.8969251Z A path returned 202. Retrying...
2023-10-11T01:15:56.8969574Z A path returned 202. Retrying...
2023-10-11T01:15:56.8969885Z A path returned 202. Retrying...
2023-10-11T01:15:56.8970210Z A path returned 202. Retrying...
2023-10-11T01:15:56.8970532Z A path returned 202. Retrying...
2023-10-11T01:15:56.8970854Z A path returned 202. Retrying...
2023-10-11T01:15:56.8971181Z A path returned 202. Retrying...
2023-10-11T01:24:41.8978425Z A path returned 202. Retrying...
2023-10-11T01:24:41.8979217Z A path returned 202. Retrying...
2023-10-11T01:24:41.8979741Z A path returned 202. Retrying...
2023-10-11T01:24:41.8980253Z A path returned 202. Retrying...
2023-10-11T01:24:41.8980764Z A path returned 202. Retrying...
2023-10-11T01:24:41.8981265Z A path returned 202. Retrying...
2023-10-11T01:24:41.8981770Z A path returned 202. Retrying...
2023-10-11T01:24:41.8982271Z A path returned 202. Retrying...
2023-10-11T01:24:41.8983085Z A path returned 202. Retrying...
2023-10-11T01:24:41.8983581Z A path returned 202. Retrying...
2023-10-11T01:24:41.8984081Z A path returned 202. Retrying...
2023-10-11T01:24:41.8984585Z A path returned 202. Retrying...
2023-10-11T01:24:41.8985692Z A path returned 202. Retrying...
2023-10-11T01:24:41.8986210Z A path returned 202. Retrying...
2023-10-11T01:24:41.8986708Z A path returned 202. Retrying...
2023-10-11T01:24:41.8987206Z A path returned 202. Retrying...
2023-10-11T01:24:41.8987688Z A path returned 202. Retrying...
2023-10-11T01:24:41.8988191Z A path returned 202. Retrying...
2023-10-11T01:24:41.8988702Z A path returned 202. Retrying...
2023-10-11T01:24:41.8989247Z A path returned 202. Retrying...
2023-10-11T01:24:41.8989751Z A path returned 202. Retrying...
2023-10-11T01:24:41.8990248Z A path returned 202. Retrying...
2023-10-11T01:24:41.8990840Z A path returned 202. Retrying...
2023-10-11T01:24:41.8991169Z A path returned 202. Retrying...
2023-10-11T01:24:41.8991482Z A path returned 202. Retrying...
2023-10-11T01:24:41.8991807Z A path returned 202. Retrying...
2023-10-11T01:24:41.8992134Z A path returned 202. Retrying...
2023-10-11T01:24:41.8992463Z A path returned 202. Retrying...
2023-10-11T01:24:41.8992792Z A path returned 202. Retrying...
2023-10-11T01:24:41.8993127Z A path returned 202. Retrying...
2023-10-11T01:24:41.8993453Z A path returned 202. Retrying...
2023-10-11T01:24:41.8993827Z A path returned 202. Retrying...
2023-10-11T01:24:41.8994140Z A path returned 202. Retrying...
2023-10-11T01:24:41.8994465Z A path returned 202. Retrying...
2023-10-11T01:24:41.8994798Z A path returned 202. Retrying...
2023-10-11T01:24:41.8995124Z A path returned 202. Retrying...
2023-10-11T01:24:41.8995451Z A path returned 202. Retrying...
2023-10-11T01:24:41.8995777Z A path returned 202. Retrying...
2023-10-11T01:24:41.8996147Z A path returned 202. Retrying...
2023-10-11T01:24:41.8996458Z A path returned 202. Retrying...
2023-10-11T01:24:41.8996786Z A path returned 202. Retrying...
2023-10-11T01:24:41.8997112Z A path returned 202. Retrying...
2023-10-11T01:24:41.8997436Z A path returned 202. Retrying...
2023-10-11T01:24:41.8997760Z A path returned 202. Retrying...
2023-10-11T01:24:41.8998085Z A path returned 202. Retrying...
2023-10-11T01:24:41.8998412Z A path returned 202. Retrying...
2023-10-11T01:24:41.8998743Z A path returned 202. Retrying...
2023-10-11T01:24:41.8999060Z A path returned 202. Retrying...
2023-10-11T01:24:41.8999386Z A path returned 202. Retrying...
2023-10-11T01:24:41.8999713Z A path returned 202. Retrying...
2023-10-11T01:24:41.9000040Z A path returned 202. Retrying...
2023-10-11T01:24:41.9000580Z A path returned 202. Retrying...
2023-10-11T01:24:41.9000907Z A path returned 202. Retrying...
2023-10-11T01:24:41.9001234Z A path returned 202. Retrying...
2023-10-11T01:24:41.9001561Z A path returned 202. Retrying...
2023-10-11T01:24:41.9001875Z A path returned 202. Retrying...
2023-10-11T01:24:41.9002199Z A path returned 202. Retrying...
2023-10-11T01:24:41.9002528Z A path returned 202. Retrying...
2023-10-11T01:24:41.9002856Z A path returned 202. Retrying...
2023-10-11T01:24:41.9003185Z A path returned 202. Retrying...
2023-10-11T01:24:41.9003512Z A path returned 202. Retrying...
2023-10-11T01:24:41.9003840Z A path returned 202. Retrying...
2023-10-11T01:24:41.9004162Z A path returned 202. Retrying...
2023-10-11T01:24:41.9004488Z A path returned 202. Retrying...
2023-10-11T01:24:41.9004820Z A path returned 202. Retrying...
2023-10-11T01:24:41.9005145Z A path returned 202. Retrying...
2023-10-11T01:24:41.9005472Z A path returned 202. Retrying...
2023-10-11T01:24:41.9005811Z A path returned 202. Retrying...
2023-10-11T01:24:41.9006137Z A path returned 202. Retrying...
2023-10-11T01:24:41.9006461Z A path returned 202. Retrying...
2023-10-11T01:24:41.9006776Z A path returned 202. Retrying...
2023-10-11T01:24:41.9007100Z A path returned 202. Retrying...
2023-10-11T01:24:41.9007431Z A path returned 202. Retrying...
2023-10-11T01:24:41.9007759Z A path returned 202. Retrying...
2023-10-11T01:24:41.9008089Z A path returned 202. Retrying...
2023-10-11T01:24:41.9008416Z A path returned 202. Retrying...
2023-10-11T01:24:41.9008741Z A path returned 202. Retrying...
2023-10-11T01:24:41.9009066Z A path returned 202. Retrying...
2023-10-11T01:24:41.9009375Z A path returned 202. Retrying...
2023-10-11T01:24:41.9009992Z A path returned 202. Retrying...
2023-10-11T01:24:41.9010336Z A path returned 202. Retrying...
2023-10-11T01:24:41.9010668Z A path returned 202. Retrying...
2023-10-11T01:24:41.9010998Z A path returned 202. Retrying...
2023-10-11T01:24:41.9011323Z A path returned 202. Retrying...
2023-10-11T01:24:41.9011659Z A path returned 202. Retrying...
2023-10-11T01:24:41.9011971Z A path returned 202. Retrying...
2023-10-11T01:24:41.9012300Z A path returned 202. Retrying...
2023-10-11T01:24:41.9012630Z A path returned 202. Retrying...
2023-10-11T01:24:41.9012957Z A path returned 202. Retrying...
2023-10-11T01:24:41.9013287Z A path returned 202. Retrying...
2023-10-11T01:24:41.9013613Z A path returned 202. Retrying...
2023-10-11T01:24:41.9013941Z A path returned 202. Retrying...
2023-10-11T01:24:41.9014265Z A path returned 202. Retrying...
2023-10-11T01:24:41.9014576Z A path returned 202. Retrying...
2023-10-11T01:24:41.9014903Z A path returned 202. Retrying...
2023-10-11T01:24:41.9015235Z A path returned 202. Retrying...
2023-10-11T01:24:41.9015558Z A path returned 202. Retrying...
2023-10-11T01:24:41.9015890Z A path returned 202. Retrying...
2023-10-11T01:24:41.9016219Z A path returned 202. Retrying...
2023-10-11T01:24:41.9016544Z A path returned 202. Retrying...
2023-10-11T01:24:41.9016876Z A path returned 202. Retrying...
2023-10-11T01:24:41.9017184Z A path returned 202. Retrying...
2023-10-11T01:24:41.9017511Z A path returned 202. Retrying...
2023-10-11T01:24:41.9017836Z A path returned 202. Retrying...
2023-10-11T01:24:41.9018163Z A path returned 202. Retrying...
2023-10-11T01:24:41.9018492Z A path returned 202. Retrying...
2023-10-11T01:24:41.9018814Z A path returned 202. Retrying...
2023-10-11T01:24:41.9019144Z A path returned 202. Retrying...
2023-10-11T01:24:41.9019455Z A path returned 202. Retrying...
2023-10-11T01:24:41.9019781Z A path returned 202. Retrying...
2023-10-11T01:24:41.9020103Z A path returned 202. Retrying...
2023-10-11T01:24:41.9020426Z A path returned 202. Retrying...
2023-10-11T01:24:41.9020759Z A path returned 202. Retrying...
2023-10-11T01:24:41.9021086Z A path returned 202. Retrying...
2023-10-11T01:24:41.9021413Z A path returned 202. Retrying...
2023-10-11T01:24:41.9021738Z A path returned 202. Retrying...
2023-10-11T01:24:41.9022047Z A path returned 202. Retrying...
2023-10-11T01:24:41.9022519Z A path returned 202. Retrying...
2023-10-11T01:24:41.9022980Z A path returned 202. Retrying...
2023-10-11T01:24:41.9023312Z A path returned 202. Retrying...
2023-10-11T01:24:41.9023642Z A path returned 202. Retrying...
2023-10-11T01:24:41.9023975Z A path returned 202. Retrying...
2023-10-11T01:24:41.9024303Z A path returned 202. Retrying...
2023-10-11T01:24:41.9024637Z A path returned 202. Retrying...
2023-10-11T01:24:41.9024948Z A path returned 202. Retrying...
2023-10-11T01:24:41.9025311Z A path returned 202. Retrying...
2023-10-11T01:24:41.9025639Z A path returned 202. Retrying...
2023-10-11T01:24:41.9025974Z A path returned 202. Retrying...
2023-10-11T01:24:41.9026311Z A path returned 202. Retrying...
2023-10-11T01:24:41.9026639Z A path returned 202. Retrying...
2023-10-11T01:24:41.9026976Z A path returned 202. Retrying...
2023-10-11T01:24:41.9027288Z A path returned 202. Retrying...
2023-10-11T01:24:41.9027706Z A path returned 202. Retrying...
2023-10-11T01:24:41.9028140Z A path returned 202. Retrying...
2023-10-11T01:24:41.9028595Z A path returned 202. Retrying...
2023-10-11T01:24:41.9029247Z A path returned 202. Retrying...
2023-10-11T01:24:41.9029681Z A path returned 202. Retrying...
2023-10-11T01:24:41.9137972Z A path returned 202. Retrying...
2023-10-11T01:24:41.9138527Z A path returned 202. Retrying...
2023-10-11T01:24:41.9138876Z A path returned 202. Retrying...
2023-10-11T01:24:41.9139203Z A path returned 202. Retrying...
2023-10-11T01:24:41.9139533Z A path returned 202. Retrying...
2023-10-11T01:24:41.9139852Z A path returned 202. Retrying...
2023-10-11T01:24:41.9140164Z A path returned 202. Retrying...
2023-10-11T01:24:41.9140476Z A path returned 202. Retrying...
2023-10-11T01:24:41.9141144Z A path returned 202. Retrying...
2023-10-11T01:24:41.9141465Z A path returned 202. Retrying...
2023-10-11T01:24:41.9141789Z A path returned 202. Retrying...
2023-10-11T01:24:41.9142111Z A path returned 202. Retrying...
2023-10-11T01:24:41.9142425Z A path returned 202. Retrying...
2023-10-11T01:24:41.9142898Z A path returned 202. Retrying...
2023-10-11T01:24:41.9143222Z A path returned 202. Retrying...
2023-10-11T01:24:41.9143549Z A path returned 202. Retrying...
2023-10-11T01:24:41.9143881Z A path returned 202. Retrying...
2023-10-11T01:24:41.9144276Z A path returned 202. Retrying...
2023-10-11T01:24:41.9144592Z A path returned 202. Retrying...
2023-10-11T01:24:41.9144909Z A path returned 202. Retrying...
2023-10-11T01:24:41.9145226Z A path returned 202. Retrying...
2023-10-11T01:24:41.9145540Z A path returned 202. Retrying...
2023-10-11T01:24:41.9145858Z A path returned 202. Retrying...
2023-10-11T01:24:41.9146177Z A path returned 202. Retrying...
2023-10-11T01:24:41.9146493Z A path returned 202. Retrying...
2023-10-11T01:24:41.9146808Z A path returned 202. Retrying...
2023-10-11T01:24:41.9147134Z A path returned 202. Retrying...
2023-10-11T01:24:41.9147461Z A path returned 202. Retrying...
2023-10-11T01:24:41.9147788Z A path returned 202. Retrying...
2023-10-11T01:24:41.9148112Z A path returned 202. Retrying...
2023-10-11T01:24:41.9148427Z A path returned 202. Retrying...
2023-10-11T01:24:41.9148751Z A path returned 202. Retrying...
2023-10-11T01:24:41.9149059Z A path returned 202. Retrying...
2023-10-11T01:24:41.9149373Z A path returned 202. Retrying...
2023-10-11T01:24:41.9149698Z A path returned 202. Retrying...
2023-10-11T01:24:41.9150018Z A path returned 202. Retrying...
2023-10-11T01:24:41.9150339Z A path returned 202. Retrying...
2023-10-11T01:24:41.9150652Z A path returned 202. Retrying...
2023-10-11T01:24:41.9150969Z A path returned 202. Retrying...
2023-10-11T01:24:41.9151291Z A path returned 202. Retrying...
2023-10-11T01:24:41.9151600Z A path returned 202. Retrying...
2023-10-11T01:24:41.9151932Z A path returned 202. Retrying...
2023-10-11T01:24:41.9152259Z A path returned 202. Retrying...
2023-10-11T01:24:41.9152591Z A path returned 202. Retrying...
2023-10-11T01:24:41.9152918Z A path returned 202. Retrying...
2023-10-11T01:24:41.9153244Z A path returned 202. Retrying...
2023-10-11T01:24:41.9153727Z A path returned 202. Retrying...
2023-10-11T01:24:41.9154045Z A path returned 202. Retrying...
2023-10-11T01:24:41.9154374Z A path returned 202. Retrying...
2023-10-11T01:24:41.9154702Z A path returned 202. Retrying...
2023-10-11T01:24:41.9155031Z A path returned 202. Retrying...
2023-10-11T01:24:41.9155360Z A path returned 202. Retrying...
2023-10-11T01:24:41.9155693Z A path returned 202. Retrying...
2023-10-11T01:24:41.9156020Z A path returned 202. Retrying...
2023-10-11T01:24:41.9156348Z A path returned 202. Retrying...
2023-10-11T01:24:41.9156664Z A path returned 202. Retrying...
2023-10-11T01:24:41.9156999Z A path returned 202. Retrying...
2023-10-11T01:24:41.9157332Z A path returned 202. Retrying...
2023-10-11T01:24:41.9157659Z A path returned 202. Retrying...
2023-10-11T01:24:41.9157988Z A path returned 202. Retrying...
2023-10-11T01:24:41.9158318Z A path returned 202. Retrying...
2023-10-11T01:24:41.9158646Z A path returned 202. Retrying...
2023-10-11T01:24:41.9158982Z A path returned 202. Retrying...
2023-10-11T01:24:41.9159296Z A path returned 202. Retrying...
2023-10-11T01:24:41.9159623Z A path returned 202. Retrying...
2023-10-11T01:24:41.9159954Z A path returned 202. Retrying...
2023-10-11T01:24:41.9160284Z A path returned 202. Retrying...
2023-10-11T01:24:41.9160614Z A path returned 202. Retrying...
2023-10-11T01:24:41.9160944Z A path returned 202. Retrying...
2023-10-11T01:24:41.9161273Z A path returned 202. Retrying...
2023-10-11T01:24:41.9161600Z A path returned 202. Retrying...
2023-10-11T01:24:41.9161915Z A path returned 202. Retrying...
2023-10-11T01:24:41.9162242Z A path returned 202. Retrying...
2023-10-11T01:24:41.9162570Z A path returned 202. Retrying...
2023-10-11T01:24:41.9163022Z A path returned 202. Retrying...
2023-10-11T01:24:41.9163356Z A path returned 202. Retrying...
2023-10-11T01:24:41.9163683Z A path returned 202. Retrying...
2023-10-11T01:24:41.9164012Z A path returned 202. Retrying...
2023-10-11T01:24:41.9164324Z A path returned 202. Retrying...
2023-10-11T01:24:41.9164663Z A path returned 202. Retrying...
2023-10-11T01:24:41.9164992Z A path returned 202. Retrying...
2023-10-11T01:24:41.9165327Z A path returned 202. Retrying...
2023-10-11T01:24:41.9165657Z A path returned 202. Retrying...
2023-10-11T01:24:41.9165982Z A path returned 202. Retrying...
2023-10-11T01:24:41.9166310Z A path returned 202. Retrying...
2023-10-11T01:24:41.9166639Z A path returned 202. Retrying...
2023-10-11T01:24:41.9166954Z A path returned 202. Retrying...
2023-10-11T01:24:41.9167283Z A path returned 202. Retrying...
2023-10-11T01:24:41.9167612Z A path returned 202. Retrying...
2023-10-11T01:24:41.9167943Z A path returned 202. Retrying...
2023-10-11T01:24:41.9168279Z A path returned 202. Retrying...
2023-10-11T01:24:41.9168608Z A path returned 202. Retrying...
2023-10-11T01:24:41.9169032Z A path returned 202. Retrying...
2023-10-11T01:24:41.9169363Z A path returned 202. Retrying...
2023-10-11T01:24:41.9169677Z A path returned 202. Retrying...
2023-10-11T01:24:41.9170010Z A path returned 202. Retrying...
2023-10-11T01:24:41.9170340Z A path returned 202. Retrying...
2023-10-11T01:24:41.9170667Z A path returned 202. Retrying...
2023-10-11T01:24:41.9170998Z A path returned 202. Retrying...
2023-10-11T01:24:41.9171324Z A path returned 202. Retrying...
2023-10-11T01:24:41.9171653Z A path returned 202. Retrying...
2023-10-11T01:24:41.9171971Z A path returned 202. Retrying...
2023-10-11T01:24:41.9172301Z A path returned 202. Retrying...
2023-10-11T01:24:41.9172630Z A path returned 202. Retrying...
2023-10-11T01:24:41.9172957Z A path returned 202. Retrying...
2023-10-11T01:24:41.9173283Z A path returned 202. Retrying...
2023-10-11T01:24:41.9173611Z A path returned 202. Retrying...
2023-10-11T01:24:41.9173945Z A path returned 202. Retrying...
2023-10-11T01:24:41.9174274Z A path returned 202. Retrying...
2023-10-11T01:24:41.9174586Z A path returned 202. Retrying...
2023-10-11T01:24:41.9174913Z A path returned 202. Retrying...
2023-10-11T01:33:26.7233391Z A path returned 202. Retrying...
2023-10-11T01:33:26.7237066Z A path returned 202. Retrying...
2023-10-11T01:33:26.7237566Z A path returned 202. Retrying...
2023-10-11T01:33:26.7237912Z A path returned 202. Retrying...
2023-10-11T01:33:26.7238249Z A path returned 202. Retrying...
2023-10-11T01:33:26.7238584Z A path returned 202. Retrying...
2023-10-11T01:33:26.7238919Z A path returned 202. Retrying...
2023-10-11T01:33:26.7239238Z A path returned 202. Retrying...
2023-10-11T01:33:26.7239570Z A path returned 202. Retrying...
2023-10-11T01:33:26.7239902Z A path returned 202. Retrying...
2023-10-11T01:33:26.7240230Z A path returned 202. Retrying...
2023-10-11T01:33:26.7240561Z A path returned 202. Retrying...
2023-10-11T01:33:26.7240914Z A path returned 202. Retrying...
2023-10-11T01:33:26.7241247Z A path returned 202. Retrying...
2023-10-11T01:33:26.7241575Z A path returned 202. Retrying...
2023-10-11T01:33:26.7241899Z A path returned 202. Retrying...
2023-10-11T01:33:26.7242231Z A path returned 202. Retrying...
2023-10-11T01:33:26.7242573Z A path returned 202. Retrying...
2023-10-11T01:33:26.7242905Z A path returned 202. Retrying...
2023-10-11T01:33:26.7243232Z A path returned 202. Retrying...
2023-10-11T01:33:26.7243558Z A path returned 202. Retrying...
2023-10-11T01:33:26.7243885Z A path returned 202. Retrying...
2023-10-11T01:33:26.7245541Z A path returned 202. Retrying...
2023-10-11T01:33:26.7245916Z A path returned 202. Retrying...
2023-10-11T01:33:26.7246246Z A path returned 202. Retrying...
2023-10-11T01:33:26.7246598Z A path returned 202. Retrying...
2023-10-11T01:33:26.7246927Z A path returned 202. Retrying...
2023-10-11T01:33:26.7247257Z A path returned 202. Retrying...
2023-10-11T01:33:26.7247587Z A path returned 202. Retrying...
2023-10-11T01:33:26.7248307Z A path returned 202. Retrying...
2023-10-11T01:33:26.7248630Z A path returned 202. Retrying...
2023-10-11T01:33:26.7248960Z A path returned 202. Retrying...
2023-10-11T01:33:26.7249287Z A path returned 202. Retrying...
2023-10-11T01:33:26.7249617Z A path returned 202. Retrying...
2023-10-11T01:33:26.7249957Z A path returned 202. Retrying...
2023-10-11T01:33:26.7250286Z A path returned 202. Retrying...
2023-10-11T01:33:26.7250617Z A path returned 202. Retrying...
2023-10-11T01:33:26.7250937Z A path returned 202. Retrying...
2023-10-11T01:33:26.7251273Z A path returned 202. Retrying...
2023-10-11T01:33:26.7251602Z A path returned 202. Retrying...
2023-10-11T01:33:26.7251936Z A path returned 202. Retrying...
2023-10-11T01:33:26.7252266Z A path returned 202. Retrying...
2023-10-11T01:33:26.7252581Z A path returned 202. Retrying...
2023-10-11T01:33:26.7252910Z A path returned 202. Retrying...
2023-10-11T01:33:26.7253239Z A path returned 202. Retrying...
2023-10-11T01:33:26.7253573Z A path returned 202. Retrying...
2023-10-11T01:33:26.7253903Z A path returned 202. Retrying...
2023-10-11T01:33:26.7254230Z A path returned 202. Retrying...
2023-10-11T01:33:26.7254559Z A path returned 202. Retrying...
2023-10-11T01:33:26.7254886Z A path returned 202. Retrying...
2023-10-11T01:33:26.7255207Z A path returned 202. Retrying...
2023-10-11T01:33:26.7255538Z A path returned 202. Retrying...
2023-10-11T01:33:26.7255867Z A path returned 202. Retrying...
2023-10-11T01:33:26.7256193Z A path returned 202. Retrying...
2023-10-11T01:33:26.7256522Z A path returned 202. Retrying...
2023-10-11T01:33:26.7256849Z A path returned 202. Retrying...
2023-10-11T01:33:26.7257179Z A path returned 202. Retrying...
2023-10-11T01:33:26.7257507Z A path returned 202. Retrying...
2023-10-11T01:33:26.7257821Z A path returned 202. Retrying...
2023-10-11T01:33:26.7258148Z A path returned 202. Retrying...
2023-10-11T01:33:26.7258475Z A path returned 202. Retrying...
2023-10-11T01:33:26.7258803Z A path returned 202. Retrying...
2023-10-11T01:33:26.7259139Z A path returned 202. Retrying...
2023-10-11T01:33:26.7259467Z A path returned 202. Retrying...
2023-10-11T01:33:26.7259794Z A path returned 202. Retrying...
2023-10-11T01:33:26.7260109Z A path returned 202. Retrying...
2023-10-11T01:33:26.7260437Z A path returned 202. Retrying...
2023-10-11T01:33:26.7260931Z A path returned 202. Retrying...
2023-10-11T01:33:26.7261262Z A path returned 202. Retrying...
2023-10-11T01:33:26.7261590Z A path returned 202. Retrying...
2023-10-11T01:33:26.7261917Z A path returned 202. Retrying...
2023-10-11T01:33:26.7262247Z A path returned 202. Retrying...
2023-10-11T01:33:26.7262575Z A path returned 202. Retrying...
2023-10-11T01:33:26.7263138Z A path returned 202. Retrying...
2023-10-11T01:33:26.7263467Z A path returned 202. Retrying...
2023-10-11T01:33:26.7263800Z A path returned 202. Retrying...
2023-10-11T01:33:26.7264127Z A path returned 202. Retrying...
2023-10-11T01:33:26.7264458Z A path returned 202. Retrying...
2023-10-11T01:33:26.7264809Z A path returned 202. Retrying...
2023-10-11T01:33:26.7265138Z A path returned 202. Retrying...
2023-10-11T01:33:26.7265501Z A path returned 202. Retrying...
2023-10-11T01:33:26.7265819Z A path returned 202. Retrying...
2023-10-11T01:33:26.7266148Z A path returned 202. Retrying...
2023-10-11T01:33:26.7266482Z A path returned 202. Retrying...
2023-10-11T01:33:26.7266810Z A path returned 202. Retrying...
2023-10-11T01:33:26.7267140Z A path returned 202. Retrying...
2023-10-11T01:33:26.7267468Z A path returned 202. Retrying...
2023-10-11T01:33:26.7267796Z A path returned 202. Retrying...
2023-10-11T01:33:26.7268112Z A path returned 202. Retrying...
2023-10-11T01:33:26.7268438Z A path returned 202. Retrying...
2023-10-11T01:33:26.7268766Z A path returned 202. Retrying...
2023-10-11T01:33:26.7269094Z A path returned 202. Retrying...
2023-10-11T01:33:26.7269421Z A path returned 202. Retrying...
2023-10-11T01:33:26.7269748Z A path returned 202. Retrying...
2023-10-11T01:33:26.7270075Z A path returned 202. Retrying...
2023-10-11T01:33:26.7270556Z A path returned 202. Retrying...
2023-10-11T01:33:26.7270872Z A path returned 202. Retrying...
2023-10-11T01:33:26.7271198Z A path returned 202. Retrying...
2023-10-11T01:33:26.7271529Z A path returned 202. Retrying...
2023-10-11T01:33:26.7271857Z A path returned 202. Retrying...
2023-10-11T01:33:26.7272192Z A path returned 202. Retrying...
2023-10-11T01:33:26.7272525Z A path returned 202. Retrying...
2023-10-11T01:33:26.7272851Z A path returned 202. Retrying...
2023-10-11T01:33:26.7273182Z A path returned 202. Retrying...
2023-10-11T01:33:26.7273494Z A path returned 202. Retrying...
2023-10-11T01:33:26.7273819Z A path returned 202. Retrying...
2023-10-11T01:33:26.7274149Z A path returned 202. Retrying...
2023-10-11T01:33:26.7274479Z A path returned 202. Retrying...
2023-10-11T01:33:26.7274808Z A path returned 202. Retrying...
2023-10-11T01:33:26.7275134Z A path returned 202. Retrying...
2023-10-11T01:33:26.7275464Z A path returned 202. Retrying...
2023-10-11T01:33:26.7275785Z A path returned 202. Retrying...
2023-10-11T01:33:26.7276115Z A path returned 202. Retrying...
2023-10-11T01:33:26.7276442Z A path returned 202. Retrying...
2023-10-11T01:33:26.7276770Z A path returned 202. Retrying...
2023-10-11T01:33:26.7277098Z A path returned 202. Retrying...
2023-10-11T01:33:26.7277431Z A path returned 202. Retrying...
2023-10-11T01:33:26.7277761Z A path returned 202. Retrying...
2023-10-11T01:33:26.7278088Z A path returned 202. Retrying...
2023-10-11T01:33:26.7278400Z A path returned 202. Retrying...
2023-10-11T01:33:26.7278727Z A path returned 202. Retrying...
2023-10-11T01:33:26.7279092Z A path returned 202. Retrying...
2023-10-11T01:33:26.7279420Z A path returned 202. Retrying...
2023-10-11T01:33:26.7279748Z A path returned 202. Retrying...
2023-10-11T01:33:26.7280076Z A path returned 202. Retrying...
2023-10-11T01:33:26.7280413Z A path returned 202. Retrying...
2023-10-11T01:33:26.7280739Z A path returned 202. Retrying...
2023-10-11T01:33:26.7281053Z A path returned 202. Retrying...
2023-10-11T01:33:26.7281388Z A path returned 202. Retrying...
2023-10-11T01:33:26.7281717Z A path returned 202. Retrying...
2023-10-11T01:33:26.7282045Z A path returned 202. Retrying...
2023-10-11T01:33:26.7282375Z A path returned 202. Retrying...
2023-10-11T01:33:26.7282702Z A path returned 202. Retrying...
2023-10-11T01:33:26.7283162Z A path returned 202. Retrying...
2023-10-11T01:33:26.7283476Z A path returned 202. Retrying...
2023-10-11T01:33:26.7283805Z A path returned 202. Retrying...
2023-10-11T01:33:26.7284131Z A path returned 202. Retrying...
2023-10-11T01:33:26.7284458Z A path returned 202. Retrying...
2023-10-11T01:33:26.7284787Z A path returned 202. Retrying...
2023-10-11T01:33:26.7285115Z A path returned 202. Retrying...
2023-10-11T01:33:26.7285440Z A path returned 202. Retrying...
2023-10-11T01:33:26.7285769Z A path returned 202. Retrying...
2023-10-11T01:33:26.7286082Z A path returned 202. Retrying...
2023-10-11T01:33:26.7286409Z A path returned 202. Retrying...
2023-10-11T01:33:26.7286746Z A path returned 202. Retrying...
2023-10-11T01:33:26.7287074Z A path returned 202. Retrying...
2023-10-11T01:33:26.7287404Z A path returned 202. Retrying...
2023-10-11T01:33:26.7287731Z A path returned 202. Retrying...
2023-10-11T01:33:26.7288059Z A path returned 202. Retrying...
2023-10-11T01:33:26.7288388Z A path returned 202. Retrying...
2023-10-11T01:33:26.7288706Z A path returned 202. Retrying...
2023-10-11T01:33:26.7289033Z A path returned 202. Retrying...
2023-10-11T01:33:26.7289360Z A path returned 202. Retrying...
2023-10-11T01:33:26.7289691Z A path returned 202. Retrying...
2023-10-11T01:33:26.7290018Z A path returned 202. Retrying...
2023-10-11T01:33:26.7290344Z A path returned 202. Retrying...
2023-10-11T01:33:26.7290674Z A path returned 202. Retrying...
2023-10-11T01:33:26.7290989Z A path returned 202. Retrying...
2023-10-11T01:33:26.7291316Z A path returned 202. Retrying...
2023-10-11T01:33:26.7291641Z A path returned 202. Retrying...
2023-10-11T01:33:26.7291968Z A path returned 202. Retrying...
2023-10-11T01:33:26.7292413Z A path returned 202. Retrying...
2023-10-11T01:33:26.7292747Z A path returned 202. Retrying...
2023-10-11T01:33:26.7293073Z A path returned 202. Retrying...
2023-10-11T01:33:26.7293402Z A path returned 202. Retrying...
2023-10-11T01:33:26.7293716Z A path returned 202. Retrying...
2023-10-11T01:33:26.7294053Z A path returned 202. Retrying...
2023-10-11T01:33:26.7294380Z A path returned 202. Retrying...
2023-10-11T01:33:26.7294708Z A path returned 202. Retrying...
2023-10-11T01:33:26.7295060Z A path returned 202. Retrying...
2023-10-11T01:33:26.7295391Z A path returned 202. Retrying...
2023-10-11T01:33:26.7295721Z A path returned 202. Retrying...
2023-10-11T01:33:26.7296051Z A path returned 202. Retrying...
2023-10-11T01:33:26.7296365Z A path returned 202. Retrying...
2023-10-11T01:33:26.7296692Z A path returned 202. Retrying...
2023-10-11T01:33:26.7297019Z A path returned 202. Retrying...
2023-10-11T01:33:26.7297347Z A path returned 202. Retrying...
2023-10-11T01:33:26.7297681Z A path returned 202. Retrying...
2023-10-11T01:33:26.7298009Z A path returned 202. Retrying...
2023-10-11T01:33:26.7298335Z A path returned 202. Retrying...
2023-10-11T01:33:26.7298648Z A path returned 202. Retrying...
2023-10-11T01:33:26.7298975Z A path returned 202. Retrying...
2023-10-11T01:33:26.7299300Z A path returned 202. Retrying...
2023-10-11T01:33:26.7299636Z A path returned 202. Retrying...
2023-10-11T01:33:26.7299963Z A path returned 202. Retrying...
2023-10-11T01:33:26.7300291Z A path returned 202. Retrying...
2023-10-11T01:33:26.7300616Z A path returned 202. Retrying...
2023-10-11T01:33:26.7300946Z A path returned 202. Retrying...
2023-10-11T01:33:26.7301258Z A path returned 202. Retrying...
2023-10-11T01:33:26.7301587Z A path returned 202. Retrying...
2023-10-11T01:33:26.7301914Z A path returned 202. Retrying...
2023-10-11T01:33:26.7302241Z A path returned 202. Retrying...
2023-10-11T01:33:26.7302568Z A path returned 202. Retrying...
2023-10-11T01:33:26.7303001Z A path returned 202. Retrying...
2023-10-11T01:33:26.7303335Z A path returned 202. Retrying...
2023-10-11T01:33:26.7303662Z A path returned 202. Retrying...
2023-10-11T01:33:26.7303978Z A path returned 202. Retrying...
2023-10-11T01:33:26.7304309Z A path returned 202. Retrying...
2023-10-11T01:33:26.7304636Z A path returned 202. Retrying...
2023-10-11T01:33:26.7305144Z A path returned 202. Retrying...
2023-10-11T01:33:26.7305471Z A path returned 202. Retrying...
2023-10-11T01:33:26.7305799Z A path returned 202. Retrying...
2023-10-11T01:33:26.7306130Z A path returned 202. Retrying...
2023-10-11T01:33:26.7306461Z A path returned 202. Retrying...
2023-10-11T01:33:26.7306776Z A path returned 202. Retrying...
2023-10-11T01:33:26.7307102Z A path returned 202. Retrying...
2023-10-11T01:33:26.7307430Z A path returned 202. Retrying...
2023-10-11T01:33:26.7307756Z A path returned 202. Retrying...
2023-10-11T01:33:26.7308086Z A path returned 202. Retrying...
2023-10-11T01:33:26.7308429Z A path returned 202. Retrying...
2023-10-11T01:33:26.7308767Z A path returned 202. Retrying...
2023-10-11T01:33:26.7309083Z A path returned 202. Retrying...
2023-10-11T01:33:26.7309413Z A path returned 202. Retrying...
2023-10-11T01:33:26.7309740Z A path returned 202. Retrying...
2023-10-11T01:33:26.7310066Z A path returned 202. Retrying...
2023-10-11T01:33:26.7310394Z A path returned 202. Retrying...
2023-10-11T01:33:26.7310729Z A path returned 202. Retrying...
2023-10-11T01:33:26.7311056Z A path returned 202. Retrying...
2023-10-11T01:33:26.7311385Z A path returned 202. Retrying...
2023-10-11T01:33:26.7311703Z A path returned 202. Retrying...
2023-10-11T01:33:26.7312031Z A path returned 202. Retrying...
2023-10-11T01:33:26.7312359Z A path returned 202. Retrying...
2023-10-11T01:33:26.7312687Z A path returned 202. Retrying...
2023-10-11T01:33:26.7313015Z A path returned 202. Retrying...
2023-10-11T01:33:26.7313343Z A path returned 202. Retrying...
2023-10-11T01:33:26.7313671Z A path returned 202. Retrying...
2023-10-11T01:33:26.7314002Z A path returned 202. Retrying...
2023-10-11T01:33:26.7314440Z A path returned 202. Retrying...
2023-10-11T01:33:26.7314777Z A path returned 202. Retrying...
2023-10-11T01:33:26.7315106Z A path returned 202. Retrying...
2023-10-11T01:33:26.7315435Z A path returned 202. Retrying...
2023-10-11T01:33:26.7315764Z A path returned 202. Retrying...
2023-10-11T01:33:26.7316097Z A path returned 202. Retrying...
2023-10-11T01:33:26.7316425Z A path returned 202. Retrying...
2023-10-11T01:33:26.7316738Z A path returned 202. Retrying...
2023-10-11T01:33:26.7317071Z A path returned 202. Retrying...
2023-10-11T01:33:26.7317398Z A path returned 202. Retrying...
2023-10-11T01:33:26.7317724Z A path returned 202. Retrying...
2023-10-11T01:33:26.7318055Z A path returned 202. Retrying...
2023-10-11T01:33:26.7318383Z A path returned 202. Retrying...
2023-10-11T01:33:26.7318710Z A path returned 202. Retrying...
2023-10-11T01:33:26.7319039Z A path returned 202. Retrying...
2023-10-11T01:33:26.7319352Z A path returned 202. Retrying...
2023-10-11T01:33:26.7319687Z A path returned 202. Retrying...
2023-10-11T01:33:26.7320013Z A path returned 202. Retrying...
2023-10-11T01:33:26.7320341Z A path returned 202. Retrying...
2023-10-11T01:33:26.7320669Z A path returned 202. Retrying...
2023-10-11T01:33:26.7320998Z A path returned 202. Retrying...
2023-10-11T01:39:05.1477331Z A path returned 202. Retrying...
2023-10-11T01:39:05.1478743Z A path returned 202. Retrying...
2023-10-11T01:39:05.1479417Z A path returned 202. Retrying...
2023-10-11T01:39:05.1480006Z A path returned 202. Retrying...
2023-10-11T01:39:05.1480583Z A path returned 202. Retrying...
2023-10-11T01:39:05.1481161Z A path returned 202. Retrying...
2023-10-11T01:39:05.1481741Z A path returned 202. Retrying...
2023-10-11T01:39:05.1482318Z A path returned 202. Retrying...
2023-10-11T01:39:05.1482884Z A path returned 202. Retrying...
2023-10-11T01:39:05.1483441Z A path returned 202. Retrying...
2023-10-11T01:39:05.1484012Z A path returned 202. Retrying...
2023-10-11T01:39:05.1484586Z A path returned 202. Retrying...
2023-10-11T01:39:05.1485179Z A path returned 202. Retrying...
2023-10-11T01:39:05.1485752Z A path returned 202. Retrying...
2023-10-11T01:39:05.1486318Z A path returned 202. Retrying...
2023-10-11T01:39:05.1486888Z A path returned 202. Retrying...
2023-10-11T01:39:05.1487434Z A path returned 202. Retrying...
2023-10-11T01:39:05.1488558Z A path returned 202. Retrying...
2023-10-11T01:39:05.1489121Z A path returned 202. Retrying...
2023-10-11T01:39:05.1489687Z A path returned 202. Retrying...
2023-10-11T01:39:05.1490275Z A path returned 202. Retrying...
2023-10-11T01:39:05.1490842Z A path returned 202. Retrying...
2023-10-11T01:39:05.1491410Z A path returned 202. Retrying...
2023-10-11T01:39:05.1491975Z A path returned 202. Retrying...
2023-10-11T01:39:05.1492530Z A path returned 202. Retrying...
2023-10-11T01:39:05.1493120Z A path returned 202. Retrying...
2023-10-11T01:39:05.1493699Z A path returned 202. Retrying...
2023-10-11T01:39:05.1494268Z A path returned 202. Retrying...
2023-10-11T01:39:05.1494848Z A path returned 202. Retrying...
2023-10-11T01:39:05.1495418Z A path returned 202. Retrying...
2023-10-11T01:39:05.1495983Z A path returned 202. Retrying...
2023-10-11T01:39:05.1496549Z A path returned 202. Retrying...
2023-10-11T01:39:05.1497100Z A path returned 202. Retrying...
2023-10-11T01:39:05.1497659Z A path returned 202. Retrying...
2023-10-11T01:39:05.1498241Z A path returned 202. Retrying...
2023-10-11T01:39:05.1498807Z A path returned 202. Retrying...
2023-10-11T01:39:05.1499373Z A path returned 202. Retrying...
2023-10-11T01:39:05.1499936Z A path returned 202. Retrying...
2023-10-11T01:39:05.1500503Z A path returned 202. Retrying...
2023-10-11T01:39:05.1501067Z A path returned 202. Retrying...
2023-10-11T01:39:05.1501642Z A path returned 202. Retrying...
2023-10-11T01:39:05.1502210Z A path returned 202. Retrying...
2023-10-11T01:39:05.1508141Z A path returned 202. Retrying...
2023-10-11T01:39:05.1508889Z A path returned 202. Retrying...
2023-10-11T01:39:05.1509464Z A path returned 202. Retrying...
2023-10-11T01:39:05.1510484Z A path returned 202. Retrying...
2023-10-11T01:39:05.1511074Z A path returned 202. Retrying...
2023-10-11T01:39:05.1511635Z A path returned 202. Retrying...
2023-10-11T01:39:05.1512198Z A path returned 202. Retrying...
2023-10-11T01:39:05.1512780Z A path returned 202. Retrying...
2023-10-11T01:39:05.1513453Z A path returned 202. Retrying...
2023-10-11T01:39:05.1514025Z A path returned 202. Retrying...
2023-10-11T01:39:05.1514598Z A path returned 202. Retrying...
2023-10-11T01:39:05.1515181Z A path returned 202. Retrying...
2023-10-11T01:39:05.1515759Z A path returned 202. Retrying...
2023-10-11T01:39:05.1516343Z A path returned 202. Retrying...
2023-10-11T01:39:05.1516927Z A path returned 202. Retrying...
2023-10-11T01:39:05.1517490Z A path returned 202. Retrying...
2023-10-11T01:39:05.1518056Z A path returned 202. Retrying...
2023-10-11T01:39:05.1518635Z A path returned 202. Retrying...
2023-10-11T01:39:05.1519203Z A path returned 202. Retrying...
2023-10-11T01:39:05.1519783Z A path returned 202. Retrying...
2023-10-11T01:39:05.1520365Z A path returned 202. Retrying...
2023-10-11T01:39:05.1520929Z A path returned 202. Retrying...
2023-10-11T01:39:05.1521501Z A path returned 202. Retrying...
2023-10-11T01:39:05.1522399Z A path returned 202. Retrying...
2023-10-11T01:39:05.1522895Z A path returned 202. Retrying...
2023-10-11T01:39:05.1523264Z A path returned 202. Retrying...
2023-10-11T01:39:05.1523600Z A path returned 202. Retrying...
2023-10-11T01:39:05.1523935Z A path returned 202. Retrying...
2023-10-11T01:39:05.1524268Z A path returned 202. Retrying...
2023-10-11T01:39:05.1524599Z A path returned 202. Retrying...
2023-10-11T01:39:05.1524914Z A path returned 202. Retrying...
2023-10-11T01:39:05.1525246Z A path returned 202. Retrying...
2023-10-11T01:39:05.1525573Z A path returned 202. Retrying...
2023-10-11T01:39:05.1525901Z A path returned 202. Retrying...
2023-10-11T01:39:05.1526228Z A path returned 202. Retrying...
2023-10-11T01:39:05.1526557Z A path returned 202. Retrying...
2023-10-11T01:39:05.1526899Z A path returned 202. Retrying...
2023-10-11T01:39:05.1527228Z A path returned 202. Retrying...
2023-10-11T01:39:05.1527543Z A path returned 202. Retrying...
2023-10-11T01:39:05.1527905Z A path returned 202. Retrying...
2023-10-11T01:39:05.1528235Z A path returned 202. Retrying...
2023-10-11T01:39:05.1528997Z A path returned 202. Retrying...
2023-10-11T01:39:05.1529326Z A path returned 202. Retrying...
2023-10-11T01:39:05.1529669Z A path returned 202. Retrying...
2023-10-11T01:39:05.1530002Z A path returned 202. Retrying...
2023-10-11T01:39:05.1530332Z A path returned 202. Retrying...
2023-10-11T01:39:05.1530649Z A path returned 202. Retrying...
2023-10-11T01:39:05.1530976Z A path returned 202. Retrying...
2023-10-11T01:39:05.1531307Z A path returned 202. Retrying...
2023-10-11T01:39:05.1531638Z A path returned 202. Retrying...
2023-10-11T01:39:05.1531973Z A path returned 202. Retrying...
2023-10-11T01:39:05.1532299Z A path returned 202. Retrying...
2023-10-11T01:39:05.1532632Z A path returned 202. Retrying...
2023-10-11T01:39:05.1532959Z A path returned 202. Retrying...
2023-10-11T01:39:05.1533293Z A path returned 202. Retrying...
2023-10-11T01:39:05.1533624Z A path returned 202. Retrying...
2023-10-11T01:39:05.1533952Z A path returned 202. Retrying...
2023-10-11T01:39:05.1534282Z A path returned 202. Retrying...
2023-10-11T01:39:05.1534629Z A path returned 202. Retrying...
2023-10-11T01:39:05.1534958Z A path returned 202. Retrying...
2023-10-11T01:39:05.1535286Z A path returned 202. Retrying...
2023-10-11T01:39:05.1535604Z A path returned 202. Retrying...
2023-10-11T01:39:05.1535949Z A path returned 202. Retrying...
2023-10-11T01:39:05.1536285Z A path returned 202. Retrying...
2023-10-11T01:39:05.1536617Z A path returned 202. Retrying...
2023-10-11T01:39:05.1536947Z A path returned 202. Retrying...
2023-10-11T01:39:05.1537277Z A path returned 202. Retrying...
2023-10-11T01:39:05.1537606Z A path returned 202. Retrying...
2023-10-11T01:39:05.1537933Z A path returned 202. Retrying...
2023-10-11T01:39:05.1538395Z A path returned 202. Retrying...
2023-10-11T01:39:05.1538732Z A path returned 202. Retrying...
2023-10-11T01:39:05.1539065Z A path returned 202. Retrying...
2023-10-11T01:39:05.1539392Z A path returned 202. Retrying...
2023-10-11T01:39:05.1539723Z A path returned 202. Retrying...
2023-10-11T01:39:05.1540060Z A path returned 202. Retrying...
2023-10-11T01:39:05.1540392Z A path returned 202. Retrying...
2023-10-11T01:39:05.1540704Z A path returned 202. Retrying...
2023-10-11T01:39:05.1541032Z A path returned 202. Retrying...
2023-10-11T01:39:05.1566383Z A path returned 202. Retrying...
2023-10-11T01:39:05.1566894Z A path returned 202. Retrying...
2023-10-11T01:39:05.1567251Z A path returned 202. Retrying...
2023-10-11T01:39:05.1567578Z A path returned 202. Retrying...
2023-10-11T01:39:05.1567918Z A path returned 202. Retrying...
2023-10-11T01:39:05.1568253Z A path returned 202. Retrying...
2023-10-11T01:39:05.1568587Z A path returned 202. Retrying...
2023-10-11T01:39:05.1568922Z A path returned 202. Retrying...
2023-10-11T01:39:05.1569271Z A path returned 202. Retrying...
2023-10-11T01:39:05.1569606Z A path returned 202. Retrying...
2023-10-11T01:39:05.1569934Z A path returned 202. Retrying...
2023-10-11T01:39:05.1570249Z A path returned 202. Retrying...
2023-10-11T01:39:05.1570637Z A path returned 202. Retrying...
2023-10-11T01:39:05.1829730Z ##[group]Run git config --global user.name "jstrieb/github-stats"
2023-10-11T01:39:05.1830261Z [36;1mgit config --global user.name "jstrieb/github-stats"[0m
2023-10-11T01:39:05.1830744Z [36;1mgit config --global user.email "github-stats[bot]@jstrieb.github.io"[0m
2023-10-11T01:39:05.1831141Z [36;1mgit add .[0m
2023-10-11T01:39:05.1831523Z [36;1m# Force the build to succeed, even if no files were changed[0m
2023-10-11T01:39:05.1831969Z [36;1mgit commit -m 'Update generated files' || true[0m
2023-10-11T01:39:05.1832317Z [36;1mgit push[0m
2023-10-11T01:39:05.1899058Z shell: /usr/bin/bash -e {0}
2023-10-11T01:39:05.1899357Z env:
2023-10-11T01:39:05.1899704Z   pythonLocation: /opt/hostedtoolcache/Python/3.8.18/x64
2023-10-11T01:39:05.1900181Z   PKG_CONFIG_PATH: /opt/hostedtoolcache/Python/3.8.18/x64/lib/pkgconfig
2023-10-11T01:39:05.1900637Z   Python_ROOT_DIR: /opt/hostedtoolcache/Python/3.8.18/x64
2023-10-11T01:39:05.1901118Z   Python2_ROOT_DIR: /opt/hostedtoolcache/Python/3.8.18/x64
2023-10-11T01:39:05.1901757Z   Python3_ROOT_DIR: /opt/hostedtoolcache/Python/3.8.18/x64
2023-10-11T01:39:05.1902184Z   LD_LIBRARY_PATH: /opt/hostedtoolcache/Python/3.8.18/x64/lib
2023-10-11T01:39:05.1902531Z ##[endgroup]
2023-10-11T01:39:06.4838141Z [master d37eab5] Update generated files
2023-10-11T01:39:06.4839272Z  2 files changed, 374 insertions(+), 356 deletions(-)
2023-10-11T01:39:07.3225913Z To https://github.com/seanpm2001/GitHub_Stats_A
2023-10-11T01:39:07.3226632Z    0f130a3..d37eab5  master -> master
2023-10-11T01:39:07.3356732Z Post job cleanup.
2023-10-11T01:39:07.5396784Z Cache hit occurred on the primary key setup-python-Linux-22.04-Ubuntu-python-3.8.18-pip-60f2a6c0212a9b74a155cd81b58dd07fd8b180833132566260d95f4de42fe218, not saving cache.
2023-10-11T01:39:07.5543763Z Post job cleanup.
2023-10-11T01:39:07.6819052Z [command]/usr/bin/git version
2023-10-11T01:39:07.6883936Z git version 2.42.0
2023-10-11T01:39:07.6936031Z Copying '/home/runner/.gitconfig' to '/home/runner/work/_temp/34830ebe-d5f8-4adb-976c-0659296375fc/.gitconfig'
2023-10-11T01:39:07.6951517Z Temporarily overriding HOME='/home/runner/work/_temp/34830ebe-d5f8-4adb-976c-0659296375fc' before making global git config changes
2023-10-11T01:39:07.6953501Z Adding repository directory to the temporary git global config as a safe directory
2023-10-11T01:39:07.6961995Z [command]/usr/bin/git config --global --add safe.directory /home/runner/work/GitHub_Stats_A/GitHub_Stats_A
2023-10-11T01:39:07.7033588Z [command]/usr/bin/git config --local --name-only --get-regexp core\.sshCommand
2023-10-11T01:39:07.7087787Z [command]/usr/bin/git submodule foreach --recursive sh -c "git config --local --name-only --get-regexp 'core\.sshCommand' && git config --local --unset-all 'core.sshCommand' || :"
2023-10-11T01:39:07.7466299Z [command]/usr/bin/git config --local --name-only --get-regexp http\.https\:\/\/github\.com\/\.extraheader
2023-10-11T01:39:07.7491534Z http.https://github.com/.extraheader
2023-10-11T01:39:07.7523797Z [command]/usr/bin/git config --local --unset-all http.https://github.com/.extraheader
2023-10-11T01:39:07.7568511Z [command]/usr/bin/git submodule foreach --recursive sh -c "git config --local --name-only --get-regexp 'http\.https\:\/\/github\.com\/\.extraheader' && git config --local --unset-all 'http.https://github.com/.extraheader' || :"
2023-10-11T01:39:07.8279198Z Cleaning up orphan processes
