2022-10-04T02:07:08.2629598Z Requested labels: ubuntu-latest
2022-10-04T02:07:08.2629651Z Job defined at: seanpm2001/GitHub_Stats_A/.github/workflows/main.yml@refs/heads/master
2022-10-04T02:07:08.2629675Z Waiting for a runner to pick up this job...
2022-10-04T02:07:08.8036331Z Job is waiting for a hosted runner to come online.
2022-10-04T02:07:13.4687945Z Job is about to start running on the hosted runner: Hosted Agent (hosted)
2022-10-04T02:07:16.0363863Z Current runner version: '2.297.0'
2022-10-04T02:07:16.0397118Z ##[group]Operating System
2022-10-04T02:07:16.0397819Z Ubuntu
2022-10-04T02:07:16.0398148Z 20.04.5
2022-10-04T02:07:16.0398517Z LTS
2022-10-04T02:07:16.0398918Z ##[endgroup]
2022-10-04T02:07:16.0399385Z ##[group]Runner Image
2022-10-04T02:07:16.0399793Z Image: ubuntu-20.04
2022-10-04T02:07:16.0400229Z Version: 20220922.2
2022-10-04T02:07:16.0400915Z Included Software: https://github.com/actions/runner-images/blob/ubuntu20/20220922.2/images/linux/Ubuntu2004-Readme.md
2022-10-04T02:07:16.0401804Z Image Release: https://github.com/actions/runner-images/releases/tag/ubuntu20%2F20220922.2
2022-10-04T02:07:16.0402337Z ##[endgroup]
2022-10-04T02:07:16.0403147Z ##[group]Runner Image Provisioner
2022-10-04T02:07:16.0403631Z 1.0.0.0-main-20220916-1
2022-10-04T02:07:16.0404088Z ##[endgroup]
2022-10-04T02:07:16.0404974Z ##[group]GITHUB_TOKEN Permissions
2022-10-04T02:07:16.0405759Z Contents: write
2022-10-04T02:07:16.0406413Z Metadata: read
2022-10-04T02:07:16.0406919Z ##[endgroup]
2022-10-04T02:07:16.0411228Z Secret source: Actions
2022-10-04T02:07:16.0411882Z Prepare workflow directory
2022-10-04T02:07:16.1417878Z Prepare all required actions
2022-10-04T02:07:16.1635402Z Getting action download info
2022-10-04T02:07:16.4391785Z Download action repository 'actions/checkout@v2' (SHA:7884fcad6b5d53d10323aee724dc68d8b9096a2e)
2022-10-04T02:07:17.7915258Z Download action repository 'actions/setup-python@v2' (SHA:7f80679172b057fc5e90d70d197929d454754a5a)
2022-10-04T02:07:19.0086169Z Download action repository 'actions/cache@v2' (SHA:937d24475381cd9c75ae6db12cb4e79714b926ed)
2022-10-04T02:07:20.6135519Z ##[group]Run actions/checkout@v2
2022-10-04T02:07:20.6135859Z with:
2022-10-04T02:07:20.6136117Z   repository: seanpm2001/GitHub_Stats_A
2022-10-04T02:07:20.6136680Z   token: ***
2022-10-04T02:07:20.6136912Z   ssh-strict: true
2022-10-04T02:07:20.6137162Z   persist-credentials: true
2022-10-04T02:07:20.6137417Z   clean: true
2022-10-04T02:07:20.6137642Z   fetch-depth: 1
2022-10-04T02:07:20.6137875Z   lfs: false
2022-10-04T02:07:20.6138083Z   submodules: false
2022-10-04T02:07:20.6138337Z   set-safe-directory: true
2022-10-04T02:07:20.6138585Z ##[endgroup]
2022-10-04T02:07:20.9576427Z Syncing repository: seanpm2001/GitHub_Stats_A
2022-10-04T02:07:20.9578699Z ##[group]Getting Git version info
2022-10-04T02:07:20.9579417Z Working directory is '/home/runner/work/GitHub_Stats_A/GitHub_Stats_A'
2022-10-04T02:07:20.9580058Z [command]/usr/bin/git version
2022-10-04T02:07:20.9752354Z git version 2.37.3
2022-10-04T02:07:20.9784137Z ##[endgroup]
2022-10-04T02:07:20.9822160Z Temporarily overriding HOME='/home/runner/work/_temp/79266862-9248-4214-a6d4-fd2571feeca8' before making global git config changes
2022-10-04T02:07:20.9826507Z Adding repository directory to the temporary git global config as a safe directory
2022-10-04T02:07:20.9835937Z [command]/usr/bin/git config --global --add safe.directory /home/runner/work/GitHub_Stats_A/GitHub_Stats_A
2022-10-04T02:07:20.9980547Z Deleting the contents of '/home/runner/work/GitHub_Stats_A/GitHub_Stats_A'
2022-10-04T02:07:20.9984978Z ##[group]Initializing the repository
2022-10-04T02:07:20.9991018Z [command]/usr/bin/git init /home/runner/work/GitHub_Stats_A/GitHub_Stats_A
2022-10-04T02:07:21.0092831Z hint: Using 'master' as the name for the initial branch. This default branch name
2022-10-04T02:07:21.0093898Z hint: is subject to change. To configure the initial branch name to use in all
2022-10-04T02:07:21.0094461Z hint: of your new repositories, which will suppress this warning, call:
2022-10-04T02:07:21.0095295Z hint: 
2022-10-04T02:07:21.0095857Z hint: 	git config --global init.defaultBranch <name>
2022-10-04T02:07:21.0096376Z hint: 
2022-10-04T02:07:21.0096821Z hint: Names commonly chosen instead of 'master' are 'main', 'trunk' and
2022-10-04T02:07:21.0097380Z hint: 'development'. The just-created branch can be renamed via this command:
2022-10-04T02:07:21.0097702Z hint: 
2022-10-04T02:07:21.0098010Z hint: 	git branch -m <name>
2022-10-04T02:07:21.0101902Z Initialized empty Git repository in /home/runner/work/GitHub_Stats_A/GitHub_Stats_A/.git/
2022-10-04T02:07:21.0119067Z [command]/usr/bin/git remote add origin https://github.com/seanpm2001/GitHub_Stats_A
2022-10-04T02:07:21.0176060Z ##[endgroup]
2022-10-04T02:07:21.0176778Z ##[group]Disabling automatic garbage collection
2022-10-04T02:07:21.0230092Z [command]/usr/bin/git config --local gc.auto 0
2022-10-04T02:07:21.0271388Z ##[endgroup]
2022-10-04T02:07:21.0272113Z ##[group]Setting up auth
2022-10-04T02:07:21.0285588Z [command]/usr/bin/git config --local --name-only --get-regexp core\.sshCommand
2022-10-04T02:07:21.0340435Z [command]/usr/bin/git submodule foreach --recursive git config --local --name-only --get-regexp 'core\.sshCommand' && git config --local --unset-all 'core.sshCommand' || :
2022-10-04T02:07:21.0877352Z [command]/usr/bin/git config --local --name-only --get-regexp http\.https\:\/\/github\.com\/\.extraheader
2022-10-04T02:07:21.0981837Z [command]/usr/bin/git submodule foreach --recursive git config --local --name-only --get-regexp 'http\.https\:\/\/github\.com\/\.extraheader' && git config --local --unset-all 'http.https://github.com/.extraheader' || :
2022-10-04T02:07:21.1208335Z [command]/usr/bin/git config --local http.https://github.com/.extraheader AUTHORIZATION: basic ***
2022-10-04T02:07:21.1253833Z ##[endgroup]
2022-10-04T02:07:21.1254805Z ##[group]Fetching the repository
2022-10-04T02:07:21.1263497Z [command]/usr/bin/git -c protocol.version=2 fetch --no-tags --prune --progress --no-recurse-submodules --depth=1 origin +5531296ebc988328c5f0d6afa4629df706eb1c54:refs/remotes/origin/master
2022-10-04T02:07:21.7900744Z remote: Enumerating objects: 1043, done.        
2022-10-04T02:07:21.7958711Z remote: Counting objects:   0% (1/1043)        
2022-10-04T02:07:21.7971298Z remote: Counting objects:   1% (11/1043)        
2022-10-04T02:07:21.7972428Z remote: Counting objects:   2% (21/1043)        
2022-10-04T02:07:21.7972759Z remote: Counting objects:   3% (32/1043)        
2022-10-04T02:07:21.7973106Z remote: Counting objects:   4% (42/1043)        
2022-10-04T02:07:21.7973429Z remote: Counting objects:   5% (53/1043)        
2022-10-04T02:07:21.7973869Z remote: Counting objects:   6% (63/1043)        
2022-10-04T02:07:21.7975251Z remote: Counting objects:   7% (74/1043)        
2022-10-04T02:07:21.7976046Z remote: Counting objects:   8% (84/1043)        
2022-10-04T02:07:21.7976657Z remote: Counting objects:   9% (94/1043)        
2022-10-04T02:07:21.7977318Z remote: Counting objects:  10% (105/1043)        
2022-10-04T02:07:21.7977869Z remote: Counting objects:  11% (115/1043)        
2022-10-04T02:07:21.7979196Z remote: Counting objects:  12% (126/1043)        
2022-10-04T02:07:21.7979997Z remote: Counting objects:  13% (136/1043)        
2022-10-04T02:07:21.7981008Z remote: Counting objects:  14% (147/1043)        
2022-10-04T02:07:21.7981457Z remote: Counting objects:  15% (157/1043)        
2022-10-04T02:07:21.7982138Z remote: Counting objects:  16% (167/1043)        
2022-10-04T02:07:21.7983100Z remote: Counting objects:  17% (178/1043)        
2022-10-04T02:07:21.7983872Z remote: Counting objects:  18% (188/1043)        
2022-10-04T02:07:21.7984361Z remote: Counting objects:  19% (199/1043)        
2022-10-04T02:07:21.7985115Z remote: Counting objects:  20% (209/1043)        
2022-10-04T02:07:21.7985690Z remote: Counting objects:  21% (220/1043)        
2022-10-04T02:07:21.7986633Z remote: Counting objects:  22% (230/1043)        
2022-10-04T02:07:21.7987061Z remote: Counting objects:  23% (240/1043)        
2022-10-04T02:07:21.7987946Z remote: Counting objects:  24% (251/1043)        
2022-10-04T02:07:21.7988388Z remote: Counting objects:  25% (261/1043)        
2022-10-04T02:07:21.7988972Z remote: Counting objects:  26% (272/1043)        
2022-10-04T02:07:21.7989641Z remote: Counting objects:  27% (282/1043)        
2022-10-04T02:07:21.7990601Z remote: Counting objects:  28% (293/1043)        
2022-10-04T02:07:21.7991494Z remote: Counting objects:  29% (303/1043)        
2022-10-04T02:07:21.7992236Z remote: Counting objects:  30% (313/1043)        
2022-10-04T02:07:21.7992809Z remote: Counting objects:  31% (324/1043)        
2022-10-04T02:07:21.7993470Z remote: Counting objects:  32% (334/1043)        
2022-10-04T02:07:21.7994037Z remote: Counting objects:  33% (345/1043)        
2022-10-04T02:07:21.7995018Z remote: Counting objects:  34% (355/1043)        
2022-10-04T02:07:21.7995443Z remote: Counting objects:  35% (366/1043)        
2022-10-04T02:07:21.7996367Z remote: Counting objects:  36% (376/1043)        
2022-10-04T02:07:21.7996914Z remote: Counting objects:  37% (386/1043)        
2022-10-04T02:07:21.7997583Z remote: Counting objects:  38% (397/1043)        
2022-10-04T02:07:21.7998208Z remote: Counting objects:  39% (407/1043)        
2022-10-04T02:07:21.7999065Z remote: Counting objects:  40% (418/1043)        
2022-10-04T02:07:21.7999789Z remote: Counting objects:  41% (428/1043)        
2022-10-04T02:07:21.8000483Z remote: Counting objects:  42% (439/1043)        
2022-10-04T02:07:21.8001085Z remote: Counting objects:  43% (449/1043)        
2022-10-04T02:07:21.8001733Z remote: Counting objects:  44% (459/1043)        
2022-10-04T02:07:21.8002371Z remote: Counting objects:  45% (470/1043)        
2022-10-04T02:07:21.8003192Z remote: Counting objects:  46% (480/1043)        
2022-10-04T02:07:21.8003831Z remote: Counting objects:  47% (491/1043)        
2022-10-04T02:07:21.8004378Z remote: Counting objects:  48% (501/1043)        
2022-10-04T02:07:21.8004817Z remote: Counting objects:  49% (512/1043)        
2022-10-04T02:07:21.8005376Z remote: Counting objects:  50% (522/1043)        
2022-10-04T02:07:21.8005903Z remote: Counting objects:  51% (532/1043)        
2022-10-04T02:07:21.8007093Z remote: Counting objects:  52% (543/1043)        
2022-10-04T02:07:21.8007536Z remote: Counting objects:  53% (553/1043)        
2022-10-04T02:07:21.8008229Z remote: Counting objects:  54% (564/1043)        
2022-10-04T02:07:21.8009177Z remote: Counting objects:  55% (574/1043)        
2022-10-04T02:07:21.8009863Z remote: Counting objects:  56% (585/1043)        
2022-10-04T02:07:21.8010289Z remote: Counting objects:  57% (595/1043)        
2022-10-04T02:07:21.8010700Z remote: Counting objects:  58% (605/1043)        
2022-10-04T02:07:21.8011103Z remote: Counting objects:  59% (616/1043)        
2022-10-04T02:07:21.8011509Z remote: Counting objects:  60% (626/1043)        
2022-10-04T02:07:21.8011896Z remote: Counting objects:  61% (637/1043)        
2022-10-04T02:07:21.8012300Z remote: Counting objects:  62% (647/1043)        
2022-10-04T02:07:21.8012654Z remote: Counting objects:  63% (658/1043)        
2022-10-04T02:07:21.8012972Z remote: Counting objects:  64% (668/1043)        
2022-10-04T02:07:21.8013407Z remote: Counting objects:  65% (678/1043)        
2022-10-04T02:07:21.8013812Z remote: Counting objects:  66% (689/1043)        
2022-10-04T02:07:21.8014221Z remote: Counting objects:  67% (699/1043)        
2022-10-04T02:07:21.8014545Z remote: Counting objects:  68% (710/1043)        
2022-10-04T02:07:21.8015213Z remote: Counting objects:  69% (720/1043)        
2022-10-04T02:07:21.8015678Z remote: Counting objects:  70% (731/1043)        
2022-10-04T02:07:21.8016086Z remote: Counting objects:  71% (741/1043)        
2022-10-04T02:07:21.8016490Z remote: Counting objects:  72% (751/1043)        
2022-10-04T02:07:21.8017227Z remote: Counting objects:  73% (762/1043)        
2022-10-04T02:07:21.8017642Z remote: Counting objects:  74% (772/1043)        
2022-10-04T02:07:21.8018046Z remote: Counting objects:  75% (783/1043)        
2022-10-04T02:07:21.8018394Z remote: Counting objects:  76% (793/1043)        
2022-10-04T02:07:21.8018800Z remote: Counting objects:  77% (804/1043)        
2022-10-04T02:07:21.8019191Z remote: Counting objects:  78% (814/1043)        
2022-10-04T02:07:21.8019595Z remote: Counting objects:  79% (824/1043)        
2022-10-04T02:07:21.8019999Z remote: Counting objects:  80% (835/1043)        
2022-10-04T02:07:21.8020456Z remote: Counting objects:  81% (845/1043)        
2022-10-04T02:07:21.8452045Z remote: Counting objects:  82% (856/1043)        
2022-10-04T02:07:21.8453854Z remote: Counting objects:  83% (866/1043)        
2022-10-04T02:07:21.8456208Z remote: Counting objects:  84% (877/1043)        
2022-10-04T02:07:21.8456628Z remote: Counting objects:  85% (887/1043)        
2022-10-04T02:07:21.8457017Z remote: Counting objects:  86% (897/1043)        
2022-10-04T02:07:21.8457443Z remote: Counting objects:  87% (908/1043)        
2022-10-04T02:07:21.8457816Z remote: Counting objects:  88% (918/1043)        
2022-10-04T02:07:21.8458202Z remote: Counting objects:  89% (929/1043)        
2022-10-04T02:07:21.8458580Z remote: Counting objects:  90% (939/1043)        
2022-10-04T02:07:21.8458951Z remote: Counting objects:  91% (950/1043)        
2022-10-04T02:07:21.8459329Z remote: Counting objects:  92% (960/1043)        
2022-10-04T02:07:21.8459699Z remote: Counting objects:  93% (970/1043)        
2022-10-04T02:07:21.8460059Z remote: Counting objects:  94% (981/1043)        
2022-10-04T02:07:21.8460442Z remote: Counting objects:  95% (991/1043)        
2022-10-04T02:07:21.8460818Z remote: Counting objects:  96% (1002/1043)        
2022-10-04T02:07:21.8461208Z remote: Counting objects:  97% (1012/1043)        
2022-10-04T02:07:21.8461580Z remote: Counting objects:  98% (1023/1043)        
2022-10-04T02:07:21.8461964Z remote: Counting objects:  99% (1033/1043)        
2022-10-04T02:07:21.8462353Z remote: Counting objects: 100% (1043/1043)        
2022-10-04T02:07:21.8462849Z remote: Counting objects: 100% (1043/1043), done.        
2022-10-04T02:07:21.8463587Z remote: Compressing objects:   0% (1/377)        
2022-10-04T02:07:21.8464000Z remote: Compressing objects:   1% (4/377)        
2022-10-04T02:07:21.8464392Z remote: Compressing objects:   2% (8/377)        
2022-10-04T02:07:21.8464785Z remote: Compressing objects:   3% (12/377)        
2022-10-04T02:07:21.8465172Z remote: Compressing objects:   4% (16/377)        
2022-10-04T02:07:21.8465569Z remote: Compressing objects:   5% (19/377)        
2022-10-04T02:07:21.8465971Z remote: Compressing objects:   6% (23/377)        
2022-10-04T02:07:21.8466365Z remote: Compressing objects:   7% (27/377)        
2022-10-04T02:07:21.8466741Z remote: Compressing objects:   8% (31/377)        
2022-10-04T02:07:21.8467130Z remote: Compressing objects:   9% (34/377)        
2022-10-04T02:07:21.8467530Z remote: Compressing objects:  10% (38/377)        
2022-10-04T02:07:21.8467925Z remote: Compressing objects:  11% (42/377)        
2022-10-04T02:07:21.8468299Z remote: Compressing objects:  12% (46/377)        
2022-10-04T02:07:21.8468698Z remote: Compressing objects:  13% (50/377)        
2022-10-04T02:07:21.8469094Z remote: Compressing objects:  14% (53/377)        
2022-10-04T02:07:21.8469487Z remote: Compressing objects:  15% (57/377)        
2022-10-04T02:07:21.8469860Z remote: Compressing objects:  16% (61/377)        
2022-10-04T02:07:21.8470251Z remote: Compressing objects:  17% (65/377)        
2022-10-04T02:07:21.8470684Z remote: Compressing objects:  18% (68/377)        
2022-10-04T02:07:21.8471086Z remote: Compressing objects:  19% (72/377)        
2022-10-04T02:07:21.8471475Z remote: Compressing objects:  20% (76/377)        
2022-10-04T02:07:21.8471848Z remote: Compressing objects:  21% (80/377)        
2022-10-04T02:07:21.8472237Z remote: Compressing objects:  22% (83/377)        
2022-10-04T02:07:21.8472630Z remote: Compressing objects:  23% (87/377)        
2022-10-04T02:07:21.8473016Z remote: Compressing objects:  24% (91/377)        
2022-10-04T02:07:21.8693776Z remote: Compressing objects:  25% (95/377)        
2022-10-04T02:07:21.8694188Z remote: Compressing objects:  26% (99/377)        
2022-10-04T02:07:21.8694539Z remote: Compressing objects:  27% (102/377)        
2022-10-04T02:07:21.8694882Z remote: Compressing objects:  28% (106/377)        
2022-10-04T02:07:21.8695209Z remote: Compressing objects:  29% (110/377)        
2022-10-04T02:07:21.8695545Z remote: Compressing objects:  30% (114/377)        
2022-10-04T02:07:21.8696147Z remote: Compressing objects:  31% (117/377)        
2022-10-04T02:07:21.8696487Z remote: Compressing objects:  32% (121/377)        
2022-10-04T02:07:21.8696809Z remote: Compressing objects:  33% (125/377)        
2022-10-04T02:07:21.8697143Z remote: Compressing objects:  34% (129/377)        
2022-10-04T02:07:21.8697475Z remote: Compressing objects:  35% (132/377)        
2022-10-04T02:07:21.8697812Z remote: Compressing objects:  36% (136/377)        
2022-10-04T02:07:21.8698142Z remote: Compressing objects:  37% (140/377)        
2022-10-04T02:07:21.8698462Z remote: Compressing objects:  38% (144/377)        
2022-10-04T02:07:21.8698796Z remote: Compressing objects:  39% (148/377)        
2022-10-04T02:07:21.8699132Z remote: Compressing objects:  40% (151/377)        
2022-10-04T02:07:21.8699463Z remote: Compressing objects:  41% (155/377)        
2022-10-04T02:07:21.8699779Z remote: Compressing objects:  42% (159/377)        
2022-10-04T02:07:21.8700107Z remote: Compressing objects:  43% (163/377)        
2022-10-04T02:07:21.8700659Z remote: Compressing objects:  44% (166/377)        
2022-10-04T02:07:21.8700993Z remote: Compressing objects:  45% (170/377)        
2022-10-04T02:07:21.8701317Z remote: Compressing objects:  46% (174/377)        
2022-10-04T02:07:21.8701647Z remote: Compressing objects:  47% (178/377)        
2022-10-04T02:07:21.8701978Z remote: Compressing objects:  48% (181/377)        
2022-10-04T02:07:21.8704902Z remote: Compressing objects:  49% (185/377)        
2022-10-04T02:07:21.8705827Z remote: Compressing objects:  50% (189/377)        
2022-10-04T02:07:21.8708200Z remote: Compressing objects:  51% (193/377)        
2022-10-04T02:07:21.8708834Z remote: Compressing objects:  52% (197/377)        
2022-10-04T02:07:21.8712514Z remote: Compressing objects:  53% (200/377)        
2022-10-04T02:07:21.8713457Z remote: Compressing objects:  54% (204/377)        
2022-10-04T02:07:21.8714538Z remote: Compressing objects:  55% (208/377)        
2022-10-04T02:07:21.8715437Z remote: Compressing objects:  56% (212/377)        
2022-10-04T02:07:21.8716320Z remote: Compressing objects:  57% (215/377)        
2022-10-04T02:07:21.8717187Z remote: Compressing objects:  58% (219/377)        
2022-10-04T02:07:21.8718070Z remote: Compressing objects:  59% (223/377)        
2022-10-04T02:07:21.8719991Z remote: Compressing objects:  60% (227/377)        
2022-10-04T02:07:21.8720814Z remote: Compressing objects:  61% (230/377)        
2022-10-04T02:07:21.8721693Z remote: Compressing objects:  62% (234/377)        
2022-10-04T02:07:21.8724035Z remote: Compressing objects:  63% (238/377)        
2022-10-04T02:07:21.8724487Z remote: Compressing objects:  64% (242/377)        
2022-10-04T02:07:21.8725695Z remote: Compressing objects:  65% (246/377)        
2022-10-04T02:07:21.8731595Z remote: Compressing objects:  66% (249/377)        
2022-10-04T02:07:21.8732041Z remote: Compressing objects:  67% (253/377)        
2022-10-04T02:07:21.8732444Z remote: Compressing objects:  68% (257/377)        
2022-10-04T02:07:21.8732850Z remote: Compressing objects:  69% (261/377)        
2022-10-04T02:07:21.8733226Z remote: Compressing objects:  70% (264/377)        
2022-10-04T02:07:21.8733622Z remote: Compressing objects:  71% (268/377)        
2022-10-04T02:07:21.8734022Z remote: Compressing objects:  72% (272/377)        
2022-10-04T02:07:21.8734420Z remote: Compressing objects:  73% (276/377)        
2022-10-04T02:07:21.8734796Z remote: Compressing objects:  74% (279/377)        
2022-10-04T02:07:21.8735191Z remote: Compressing objects:  75% (283/377)        
2022-10-04T02:07:21.8735590Z remote: Compressing objects:  76% (287/377)        
2022-10-04T02:07:21.8735985Z remote: Compressing objects:  77% (291/377)        
2022-10-04T02:07:21.8736362Z remote: Compressing objects:  78% (295/377)        
2022-10-04T02:07:21.8736756Z remote: Compressing objects:  79% (298/377)        
2022-10-04T02:07:21.8737149Z remote: Compressing objects:  80% (302/377)        
2022-10-04T02:07:21.8737541Z remote: Compressing objects:  81% (306/377)        
2022-10-04T02:07:21.8738098Z remote: Compressing objects:  82% (310/377)        
2022-10-04T02:07:21.8738474Z remote: Compressing objects:  83% (313/377)        
2022-10-04T02:07:21.8738858Z remote: Compressing objects:  84% (317/377)        
2022-10-04T02:07:21.8739253Z remote: Compressing objects:  85% (321/377)        
2022-10-04T02:07:21.8739640Z remote: Compressing objects:  86% (325/377)        
2022-10-04T02:07:21.8740008Z remote: Compressing objects:  87% (328/377)        
2022-10-04T02:07:21.8740960Z remote: Compressing objects:  88% (332/377)        
2022-10-04T02:07:21.8741362Z remote: Compressing objects:  89% (336/377)        
2022-10-04T02:07:21.8741746Z remote: Compressing objects:  90% (340/377)        
2022-10-04T02:07:21.8742176Z remote: Compressing objects:  91% (344/377)        
2022-10-04T02:07:21.8742566Z remote: Compressing objects:  92% (347/377)        
2022-10-04T02:07:21.8742937Z remote: Compressing objects:  93% (351/377)        
2022-10-04T02:07:21.8743663Z remote: Compressing objects:  94% (355/377)        
2022-10-04T02:07:21.8744112Z remote: Compressing objects:  95% (359/377)        
2022-10-04T02:07:21.8744501Z remote: Compressing objects:  96% (362/377)        
2022-10-04T02:07:21.8744873Z remote: Compressing objects:  97% (366/377)        
2022-10-04T02:07:21.8745259Z remote: Compressing objects:  98% (370/377)        
2022-10-04T02:07:21.8745649Z remote: Compressing objects:  99% (374/377)        
2022-10-04T02:07:21.8746034Z remote: Compressing objects: 100% (377/377)        
2022-10-04T02:07:21.8746463Z remote: Compressing objects: 100% (377/377), done.        
2022-10-04T02:07:21.8747008Z Receiving objects:   0% (1/1043)
2022-10-04T02:07:21.8747360Z Receiving objects:   1% (11/1043)
2022-10-04T02:07:22.0786746Z Receiving objects:   2% (21/1043)
2022-10-04T02:07:22.0793983Z Receiving objects:   3% (32/1043)
2022-10-04T02:07:22.0795851Z Receiving objects:   4% (42/1043)
2022-10-04T02:07:22.0799014Z Receiving objects:   5% (53/1043)
2022-10-04T02:07:22.0801140Z Receiving objects:   6% (63/1043)
2022-10-04T02:07:22.0804203Z Receiving objects:   7% (74/1043)
2022-10-04T02:07:22.0807161Z Receiving objects:   8% (84/1043)
2022-10-04T02:07:22.1275619Z Receiving objects:   9% (94/1043)
2022-10-04T02:07:22.1279212Z Receiving objects:  10% (105/1043)
2022-10-04T02:07:22.1285899Z Receiving objects:  11% (115/1043)
2022-10-04T02:07:22.1287395Z Receiving objects:  12% (126/1043)
2022-10-04T02:07:22.1293436Z Receiving objects:  13% (136/1043)
2022-10-04T02:07:22.1295776Z Receiving objects:  14% (147/1043)
2022-10-04T02:07:22.1300951Z Receiving objects:  15% (157/1043)
2022-10-04T02:07:22.1483258Z Receiving objects:  16% (167/1043)
2022-10-04T02:07:22.1485311Z Receiving objects:  17% (178/1043)
2022-10-04T02:07:22.1491352Z Receiving objects:  18% (188/1043)
2022-10-04T02:07:22.1491838Z Receiving objects:  19% (199/1043)
2022-10-04T02:07:22.1497443Z Receiving objects:  20% (209/1043)
2022-10-04T02:07:22.1497835Z Receiving objects:  21% (220/1043)
2022-10-04T02:07:22.1498726Z Receiving objects:  22% (230/1043)
2022-10-04T02:07:22.1500470Z Receiving objects:  23% (240/1043)
2022-10-04T02:07:22.1501730Z Receiving objects:  24% (251/1043)
2022-10-04T02:07:22.1503093Z Receiving objects:  25% (261/1043)
2022-10-04T02:07:22.1504279Z Receiving objects:  26% (272/1043)
2022-10-04T02:07:22.1505371Z Receiving objects:  27% (282/1043)
2022-10-04T02:07:22.1506558Z Receiving objects:  28% (293/1043)
2022-10-04T02:07:22.1508515Z Receiving objects:  29% (303/1043)
2022-10-04T02:07:22.1509725Z Receiving objects:  30% (313/1043)
2022-10-04T02:07:22.1510831Z Receiving objects:  31% (324/1043)
2022-10-04T02:07:22.1511936Z Receiving objects:  32% (334/1043)
2022-10-04T02:07:22.1513079Z Receiving objects:  33% (345/1043)
2022-10-04T02:07:22.1514208Z Receiving objects:  34% (355/1043)
2022-10-04T02:07:22.1515227Z Receiving objects:  35% (366/1043)
2022-10-04T02:07:22.1517582Z Receiving objects:  36% (376/1043)
2022-10-04T02:07:22.1518857Z Receiving objects:  37% (386/1043)
2022-10-04T02:07:22.1519935Z Receiving objects:  38% (397/1043)
2022-10-04T02:07:22.1520982Z Receiving objects:  39% (407/1043)
2022-10-04T02:07:22.1522124Z Receiving objects:  40% (418/1043)
2022-10-04T02:07:22.1523547Z Receiving objects:  41% (428/1043)
2022-10-04T02:07:22.1524752Z Receiving objects:  42% (439/1043)
2022-10-04T02:07:22.1526444Z Receiving objects:  43% (449/1043)
2022-10-04T02:07:22.1527851Z Receiving objects:  44% (459/1043)
2022-10-04T02:07:22.1528911Z Receiving objects:  45% (470/1043)
2022-10-04T02:07:22.1992177Z Receiving objects:  46% (480/1043)
2022-10-04T02:07:22.1992628Z Receiving objects:  47% (491/1043)
2022-10-04T02:07:22.1993972Z Receiving objects:  48% (501/1043)
2022-10-04T02:07:22.2004357Z Receiving objects:  49% (512/1043)
2022-10-04T02:07:22.2192581Z Receiving objects:  50% (522/1043)
2022-10-04T02:07:22.2209134Z Receiving objects:  51% (532/1043)
2022-10-04T02:07:22.2225601Z Receiving objects:  52% (543/1043)
2022-10-04T02:07:22.2249544Z Receiving objects:  53% (553/1043)
2022-10-04T02:07:22.2257357Z Receiving objects:  54% (564/1043)
2022-10-04T02:07:22.2704766Z Receiving objects:  55% (574/1043)
2022-10-04T02:07:22.2716327Z Receiving objects:  56% (585/1043)
2022-10-04T02:07:22.2724975Z Receiving objects:  57% (595/1043)
2022-10-04T02:07:22.2735248Z Receiving objects:  58% (605/1043)
2022-10-04T02:07:22.2737238Z Receiving objects:  59% (616/1043)
2022-10-04T02:07:22.2895901Z Receiving objects:  60% (626/1043)
2022-10-04T02:07:22.2896800Z Receiving objects:  61% (637/1043)
2022-10-04T02:07:22.2908568Z Receiving objects:  62% (647/1043)
2022-10-04T02:07:22.2922462Z Receiving objects:  63% (658/1043)
2022-10-04T02:07:22.2934542Z Receiving objects:  64% (668/1043)
2022-10-04T02:07:22.2935212Z Receiving objects:  65% (678/1043)
2022-10-04T02:07:22.2953630Z Receiving objects:  66% (689/1043)
2022-10-04T02:07:22.2969417Z Receiving objects:  67% (699/1043)
2022-10-04T02:07:22.2986661Z Receiving objects:  68% (710/1043)
2022-10-04T02:07:22.2998021Z Receiving objects:  69% (720/1043)
2022-10-04T02:07:22.2998661Z Receiving objects:  70% (731/1043)
2022-10-04T02:07:22.3035029Z Receiving objects:  71% (741/1043)
2022-10-04T02:07:22.3038054Z Receiving objects:  72% (751/1043)
2022-10-04T02:07:22.3409510Z Receiving objects:  73% (762/1043)
2022-10-04T02:07:22.3423409Z Receiving objects:  74% (772/1043)
2022-10-04T02:07:22.3432280Z Receiving objects:  75% (783/1043)
2022-10-04T02:07:22.3444495Z Receiving objects:  76% (793/1043)
2022-10-04T02:07:22.3455645Z Receiving objects:  77% (804/1043)
2022-10-04T02:07:22.3477710Z Receiving objects:  78% (814/1043)
2022-10-04T02:07:22.3491241Z Receiving objects:  79% (824/1043)
2022-10-04T02:07:22.3498305Z Receiving objects:  80% (835/1043)
2022-10-04T02:07:22.3509094Z Receiving objects:  81% (845/1043)
2022-10-04T02:07:22.3513032Z Receiving objects:  82% (856/1043)
2022-10-04T02:07:22.3528120Z Receiving objects:  83% (866/1043)
2022-10-04T02:07:22.3528428Z Receiving objects:  84% (877/1043)
2022-10-04T02:07:22.3528699Z Receiving objects:  85% (887/1043)
2022-10-04T02:07:22.3528999Z Receiving objects:  86% (897/1043)
2022-10-04T02:07:22.3529285Z Receiving objects:  87% (908/1043)
2022-10-04T02:07:22.3529565Z Receiving objects:  88% (918/1043)
2022-10-04T02:07:22.3553982Z Receiving objects:  89% (929/1043)
2022-10-04T02:07:22.3554313Z Receiving objects:  90% (939/1043)
2022-10-04T02:07:22.3554603Z Receiving objects:  91% (950/1043)
2022-10-04T02:07:22.3554888Z Receiving objects:  92% (960/1043)
2022-10-04T02:07:22.3555156Z Receiving objects:  93% (970/1043)
2022-10-04T02:07:22.3555440Z Receiving objects:  94% (981/1043)
2022-10-04T02:07:22.3555724Z Receiving objects:  95% (991/1043)
2022-10-04T02:07:22.3561012Z Receiving objects:  96% (1002/1043)
2022-10-04T02:07:22.3561580Z Receiving objects:  97% (1012/1043)
2022-10-04T02:07:22.3562960Z Receiving objects:  98% (1023/1043)
2022-10-04T02:07:22.3606707Z Receiving objects:  99% (1033/1043)
2022-10-04T02:07:22.3607816Z remote: Total 1043 (delta 473), reused 963 (delta 444), pack-reused 0        
2022-10-04T02:07:22.3627588Z Receiving objects: 100% (1043/1043)
2022-10-04T02:07:22.3628575Z Receiving objects: 100% (1043/1043), 2.51 MiB | 5.11 MiB/s, done.
2022-10-04T02:07:22.3640950Z Resolving deltas:   0% (0/473)
2022-10-04T02:07:22.3655804Z Resolving deltas:   1% (5/473)
2022-10-04T02:07:22.3668995Z Resolving deltas:   2% (10/473)
2022-10-04T02:07:22.3680055Z Resolving deltas:   3% (15/473)
2022-10-04T02:07:22.3696361Z Resolving deltas:   4% (19/473)
2022-10-04T02:07:22.3714107Z Resolving deltas:   5% (24/473)
2022-10-04T02:07:22.3728474Z Resolving deltas:   6% (29/473)
2022-10-04T02:07:22.3743156Z Resolving deltas:   7% (34/473)
2022-10-04T02:07:22.3754392Z Resolving deltas:   8% (38/473)
2022-10-04T02:07:22.3770769Z Resolving deltas:   9% (43/473)
2022-10-04T02:07:22.3786045Z Resolving deltas:  10% (48/473)
2022-10-04T02:07:22.3796340Z Resolving deltas:  11% (53/473)
2022-10-04T02:07:22.3797693Z Resolving deltas:  12% (57/473)
2022-10-04T02:07:22.3800433Z Resolving deltas:  13% (62/473)
2022-10-04T02:07:22.3802128Z Resolving deltas:  14% (67/473)
2022-10-04T02:07:22.3804764Z Resolving deltas:  15% (71/473)
2022-10-04T02:07:22.3807057Z Resolving deltas:  16% (76/473)
2022-10-04T02:07:22.3809393Z Resolving deltas:  17% (81/473)
2022-10-04T02:07:22.3811260Z Resolving deltas:  18% (86/473)
2022-10-04T02:07:22.3813530Z Resolving deltas:  19% (90/473)
2022-10-04T02:07:22.3815801Z Resolving deltas:  20% (95/473)
2022-10-04T02:07:22.3817943Z Resolving deltas:  21% (100/473)
2022-10-04T02:07:22.3820001Z Resolving deltas:  22% (105/473)
2022-10-04T02:07:22.3822291Z Resolving deltas:  23% (109/473)
2022-10-04T02:07:22.3829609Z Resolving deltas:  24% (114/473)
2022-10-04T02:07:22.3830646Z Resolving deltas:  25% (119/473)
2022-10-04T02:07:22.3831003Z Resolving deltas:  26% (123/473)
2022-10-04T02:07:22.3831278Z Resolving deltas:  27% (128/473)
2022-10-04T02:07:22.3831580Z Resolving deltas:  28% (133/473)
2022-10-04T02:07:22.3831860Z Resolving deltas:  29% (138/473)
2022-10-04T02:07:22.3832138Z Resolving deltas:  30% (142/473)
2022-10-04T02:07:22.3832408Z Resolving deltas:  31% (147/473)
2022-10-04T02:07:22.3832693Z Resolving deltas:  32% (152/473)
2022-10-04T02:07:22.3832975Z Resolving deltas:  33% (157/473)
2022-10-04T02:07:22.3833255Z Resolving deltas:  34% (161/473)
2022-10-04T02:07:22.3833519Z Resolving deltas:  35% (166/473)
2022-10-04T02:07:22.3833789Z Resolving deltas:  36% (171/473)
2022-10-04T02:07:22.3834294Z Resolving deltas:  37% (176/473)
2022-10-04T02:07:22.3837124Z Resolving deltas:  38% (180/473)
2022-10-04T02:07:22.3844355Z Resolving deltas:  39% (185/473)
2022-10-04T02:07:22.3849494Z Resolving deltas:  40% (190/473)
2022-10-04T02:07:22.3853586Z Resolving deltas:  41% (194/473)
2022-10-04T02:07:22.3872573Z Resolving deltas:  42% (199/473)
2022-10-04T02:07:22.3927513Z Resolving deltas:  43% (204/473)
2022-10-04T02:07:22.3930412Z Resolving deltas:  44% (209/473)
2022-10-04T02:07:22.3935991Z Resolving deltas:  45% (213/473)
2022-10-04T02:07:22.3972105Z Resolving deltas:  46% (218/473)
2022-10-04T02:07:22.4001839Z Resolving deltas:  47% (223/473)
2022-10-04T02:07:22.4029432Z Resolving deltas:  48% (228/473)
2022-10-04T02:07:22.4058784Z Resolving deltas:  49% (232/473)
2022-10-04T02:07:22.4085337Z Resolving deltas:  50% (237/473)
2022-10-04T02:07:22.4098209Z Resolving deltas:  51% (242/473)
2022-10-04T02:07:22.4105785Z Resolving deltas:  52% (246/473)
2022-10-04T02:07:22.4134646Z Resolving deltas:  53% (251/473)
2022-10-04T02:07:22.4138205Z Resolving deltas:  54% (256/473)
2022-10-04T02:07:22.4138856Z Resolving deltas:  55% (261/473)
2022-10-04T02:07:22.4140107Z Resolving deltas:  56% (265/473)
2022-10-04T02:07:22.4141839Z Resolving deltas:  57% (270/473)
2022-10-04T02:07:22.4143873Z Resolving deltas:  58% (275/473)
2022-10-04T02:07:22.4146511Z Resolving deltas:  59% (280/473)
2022-10-04T02:07:22.4147053Z Resolving deltas:  60% (284/473)
2022-10-04T02:07:22.4147683Z Resolving deltas:  61% (289/473)
2022-10-04T02:07:22.4148096Z Resolving deltas:  62% (294/473)
2022-10-04T02:07:22.4150422Z Resolving deltas:  63% (298/473)
2022-10-04T02:07:22.4152414Z Resolving deltas:  64% (303/473)
2022-10-04T02:07:22.4153255Z Resolving deltas:  65% (308/473)
2022-10-04T02:07:22.4153787Z Resolving deltas:  66% (313/473)
2022-10-04T02:07:22.4159840Z Resolving deltas:  67% (317/473)
2022-10-04T02:07:22.4199513Z Resolving deltas:  68% (322/473)
2022-10-04T02:07:22.4206678Z Resolving deltas:  69% (327/473)
2022-10-04T02:07:22.4217678Z Resolving deltas:  70% (332/473)
2022-10-04T02:07:22.4242685Z Resolving deltas:  71% (336/473)
2022-10-04T02:07:22.4252021Z Resolving deltas:  72% (341/473)
2022-10-04T02:07:22.4275787Z Resolving deltas:  73% (346/473)
2022-10-04T02:07:22.4288576Z Resolving deltas:  74% (351/473)
2022-10-04T02:07:22.4299509Z Resolving deltas:  75% (355/473)
2022-10-04T02:07:22.4309999Z Resolving deltas:  76% (360/473)
2022-10-04T02:07:22.4314637Z Resolving deltas:  77% (365/473)
2022-10-04T02:07:22.4323783Z Resolving deltas:  78% (369/473)
2022-10-04T02:07:22.4327557Z Resolving deltas:  79% (374/473)
2022-10-04T02:07:22.4330097Z Resolving deltas:  80% (379/473)
2022-10-04T02:07:22.4334965Z Resolving deltas:  81% (384/473)
2022-10-04T02:07:22.4342290Z Resolving deltas:  82% (388/473)
2022-10-04T02:07:22.4347386Z Resolving deltas:  83% (393/473)
2022-10-04T02:07:22.4353273Z Resolving deltas:  84% (398/473)
2022-10-04T02:07:22.4358995Z Resolving deltas:  85% (403/473)
2022-10-04T02:07:22.4365900Z Resolving deltas:  86% (407/473)
2022-10-04T02:07:22.4369723Z Resolving deltas:  87% (412/473)
2022-10-04T02:07:22.4375966Z Resolving deltas:  88% (417/473)
2022-10-04T02:07:22.4382001Z Resolving deltas:  89% (421/473)
2022-10-04T02:07:22.4396700Z Resolving deltas:  90% (426/473)
2022-10-04T02:07:22.4413607Z Resolving deltas:  91% (431/473)
2022-10-04T02:07:22.4421715Z Resolving deltas:  92% (436/473)
2022-10-04T02:07:22.4426749Z Resolving deltas:  93% (440/473)
2022-10-04T02:07:22.4438853Z Resolving deltas:  94% (445/473)
2022-10-04T02:07:22.4452540Z Resolving deltas:  95% (450/473)
2022-10-04T02:07:22.4455398Z Resolving deltas:  96% (455/473)
2022-10-04T02:07:22.4464919Z Resolving deltas:  97% (459/473)
2022-10-04T02:07:22.4476127Z Resolving deltas:  98% (464/473)
2022-10-04T02:07:22.4494452Z Resolving deltas:  99% (469/473)
2022-10-04T02:07:22.4494999Z Resolving deltas: 100% (473/473)
2022-10-04T02:07:22.4495455Z Resolving deltas: 100% (473/473), done.
2022-10-04T02:07:22.4668351Z From https://github.com/seanpm2001/GitHub_Stats_A
2022-10-04T02:07:22.4669553Z  * [new ref]         5531296ebc988328c5f0d6afa4629df706eb1c54 -> origin/master
2022-10-04T02:07:22.4694548Z ##[endgroup]
2022-10-04T02:07:22.4696033Z ##[group]Determining the checkout info
2022-10-04T02:07:22.4696794Z ##[endgroup]
2022-10-04T02:07:22.4697625Z ##[group]Checking out the ref
2022-10-04T02:07:22.4712600Z [command]/usr/bin/git checkout --progress --force -B master refs/remotes/origin/master
2022-10-04T02:07:22.6414597Z Reset branch 'master'
2022-10-04T02:07:22.6419016Z branch 'master' set up to track 'origin/master'.
2022-10-04T02:07:22.6428120Z ##[endgroup]
2022-10-04T02:07:22.6490045Z [command]/usr/bin/git log -1 --format='%H'
2022-10-04T02:07:22.6525812Z '5531296ebc988328c5f0d6afa4629df706eb1c54'
2022-10-04T02:07:22.6956908Z ##[group]Run actions/setup-python@v2
2022-10-04T02:07:22.6957300Z with:
2022-10-04T02:07:22.6957640Z   python-version: 3.8
2022-10-04T02:07:22.6957934Z   architecture: x64
2022-10-04T02:07:22.6958410Z   token: ***
2022-10-04T02:07:22.6958766Z ##[endgroup]
2022-10-04T02:07:22.8767154Z Successfully setup CPython (3.8.14)
2022-10-04T02:07:23.3789748Z ##[group]Run actions/cache@v2
2022-10-04T02:07:23.3790180Z with:
2022-10-04T02:07:23.3790495Z   path: ~/.cache/pip
2022-10-04T02:07:23.3790938Z   key: Linux-pip-60f2a6c0212a9b74a155cd81b58dd07fd8b180833132566260d95f4de42fe218
2022-10-04T02:07:23.3791451Z   restore-keys: Linux-pip-

2022-10-04T02:07:23.3791829Z env:
2022-10-04T02:07:23.3792253Z   pythonLocation: /opt/hostedtoolcache/Python/3.8.14/x64
2022-10-04T02:07:23.3792681Z   LD_LIBRARY_PATH: /opt/hostedtoolcache/Python/3.8.14/x64/lib
2022-10-04T02:07:23.3793073Z ##[endgroup]
2022-10-04T02:07:25.4909927Z Received 0 of 4175495 (0.0%), 0.0 MBs/sec
2022-10-04T02:07:25.8338815Z Received 4175495 of 4175495 (100.0%), 3.0 MBs/sec
2022-10-04T02:07:25.8341237Z Cache Size: ~4 MB (4175495 B)
2022-10-04T02:07:25.8390363Z [command]/usr/bin/tar --use-compress-program zstd -d -xf /home/runner/work/_temp/8bf9996f-67cd-4998-b63f-bc2f07b5eaf4/cache.tzst -P -C /home/runner/work/GitHub_Stats_A/GitHub_Stats_A
2022-10-04T02:07:25.8609118Z Cache restored successfully
2022-10-04T02:07:25.8675124Z 
2022-10-04T02:07:25.8679332Z Cache restored from key: Linux-pip-60f2a6c0212a9b74a155cd81b58dd07fd8b180833132566260d95f4de42fe218
2022-10-04T02:07:25.8822409Z ##[group]Run python3 -m pip install --upgrade pip setuptools wheel
2022-10-04T02:07:25.8822949Z [36;1mpython3 -m pip install --upgrade pip setuptools wheel[0m
2022-10-04T02:07:25.8823363Z [36;1mpython3 -m pip install -r requirements.txt[0m
2022-10-04T02:07:25.8885462Z shell: /usr/bin/bash -e {0}
2022-10-04T02:07:25.8885761Z env:
2022-10-04T02:07:25.8886101Z   pythonLocation: /opt/hostedtoolcache/Python/3.8.14/x64
2022-10-04T02:07:25.8886538Z   LD_LIBRARY_PATH: /opt/hostedtoolcache/Python/3.8.14/x64/lib
2022-10-04T02:07:25.8886857Z ##[endgroup]
2022-10-04T02:07:27.0454209Z Requirement already satisfied: pip in /opt/hostedtoolcache/Python/3.8.14/x64/lib/python3.8/site-packages (22.2.2)
2022-10-04T02:07:27.1685400Z Requirement already satisfied: setuptools in /opt/hostedtoolcache/Python/3.8.14/x64/lib/python3.8/site-packages (56.0.0)
2022-10-04T02:07:27.4861382Z Collecting setuptools
2022-10-04T02:07:27.5102009Z   Downloading setuptools-65.4.1-py3-none-any.whl (1.2 MB)
2022-10-04T02:07:27.5469586Z      â”â”â”â”â”â”â”â”â”â”â”â”â”â”â”â”â”â”â”â”â”â”â”â”â”â”â”â”â”â”â”â”â”â”â”â”â”â”â”â” 1.2/1.2 MB 37.7 MB/s eta 0:00:00
2022-10-04T02:07:27.6042468Z Collecting wheel
2022-10-04T02:07:27.6066844Z   Using cached wheel-0.37.1-py2.py3-none-any.whl (35 kB)
2022-10-04T02:07:27.7461328Z Installing collected packages: wheel, setuptools
2022-10-04T02:07:27.7820507Z   Attempting uninstall: setuptools
2022-10-04T02:07:27.7830377Z     Found existing installation: setuptools 56.0.0
2022-10-04T02:07:27.8437840Z     Uninstalling setuptools-56.0.0:
2022-10-04T02:07:27.8573132Z       Successfully uninstalled setuptools-56.0.0
2022-10-04T02:07:28.5008737Z Successfully installed setuptools-65.4.1 wheel-0.37.1
2022-10-04T02:07:29.4771087Z Collecting requests
2022-10-04T02:07:29.4800186Z   Using cached requests-2.28.1-py3-none-any.whl (62 kB)
2022-10-04T02:07:29.9488394Z Collecting aiohttp
2022-10-04T02:07:29.9742260Z   Downloading aiohttp-3.8.3-cp38-cp38-manylinux_2_17_x86_64.manylinux2014_x86_64.whl (1.0 MB)
2022-10-04T02:07:30.0523037Z      â”â”â”â”â”â”â”â”â”â”â”â”â”â”â”â”â”â”â”â”â”â”â”â”â”â”â”â”â”â”â”â”â”â”â”â”â”â”â”â” 1.0/1.0 MB 13.9 MB/s eta 0:00:00
2022-10-04T02:07:30.1287129Z Collecting urllib3<1.27,>=1.21.1
2022-10-04T02:07:30.1320093Z   Using cached urllib3-1.26.12-py2.py3-none-any.whl (140 kB)
2022-10-04T02:07:30.1686548Z Collecting certifi>=2017.4.17
2022-10-04T02:07:30.1739810Z   Downloading certifi-2022.9.24-py3-none-any.whl (161 kB)
2022-10-04T02:07:30.1830814Z      â”â”â”â”â”â”â”â”â”â”â”â”â”â”â”â”â”â”â”â”â”â”â”â”â”â”â”â”â”â”â”â”â”â”â”â”â”â” 161.1/161.1 kB 26.3 MB/s eta 0:00:00
2022-10-04T02:07:30.2091936Z Collecting idna<4,>=2.5
2022-10-04T02:07:30.2196948Z   Downloading idna-3.4-py3-none-any.whl (61 kB)
2022-10-04T02:07:30.2257190Z      â”â”â”â”â”â”â”â”â”â”â”â”â”â”â”â”â”â”â”â”â”â”â”â”â”â”â”â”â”â”â”â”â”â”â”â”â”â”â”â” 61.5/61.5 kB 16.8 MB/s eta 0:00:00
2022-10-04T02:07:30.2850877Z Collecting charset-normalizer<3,>=2
2022-10-04T02:07:30.2876414Z   Using cached charset_normalizer-2.1.1-py3-none-any.whl (39 kB)
2022-10-04T02:07:30.3994471Z Collecting frozenlist>=1.1.1
2022-10-04T02:07:30.4026502Z   Using cached frozenlist-1.3.1-cp38-cp38-manylinux_2_5_x86_64.manylinux1_x86_64.manylinux_2_17_x86_64.manylinux2014_x86_64.whl (161 kB)
2022-10-04T02:07:30.6365210Z Collecting yarl<2.0,>=1.0
2022-10-04T02:07:30.6394507Z   Using cached yarl-1.8.1-cp38-cp38-manylinux_2_17_x86_64.manylinux2014_x86_64.whl (262 kB)
2022-10-04T02:07:31.1150994Z Collecting multidict<7.0,>=4.5
2022-10-04T02:07:31.1179244Z   Using cached multidict-6.0.2-cp38-cp38-manylinux_2_17_x86_64.manylinux2014_x86_64.whl (121 kB)
2022-10-04T02:07:31.1497645Z Collecting attrs>=17.3.0
2022-10-04T02:07:31.1521861Z   Using cached attrs-22.1.0-py2.py3-none-any.whl (58 kB)
2022-10-04T02:07:31.1790904Z Collecting async-timeout<5.0,>=4.0.0a3
2022-10-04T02:07:31.1815440Z   Using cached async_timeout-4.0.2-py3-none-any.whl (5.8 kB)
2022-10-04T02:07:31.1998375Z Collecting aiosignal>=1.1.2
2022-10-04T02:07:31.2022036Z   Using cached aiosignal-1.2.0-py3-none-any.whl (8.2 kB)
2022-10-04T02:07:31.4607814Z Installing collected packages: urllib3, multidict, idna, frozenlist, charset-normalizer, certifi, attrs, async-timeout, yarl, requests, aiosignal, aiohttp
2022-10-04T02:07:32.1235004Z Successfully installed aiohttp-3.8.3 aiosignal-1.2.0 async-timeout-4.0.2 attrs-22.1.0 certifi-2022.9.24 charset-normalizer-2.1.1 frozenlist-1.3.1 idna-3.4 multidict-6.0.2 requests-2.28.1 urllib3-1.26.12 yarl-1.8.1
2022-10-04T02:07:32.3516074Z ##[group]Run python3 --version
2022-10-04T02:07:32.3516416Z [36;1mpython3 --version[0m
2022-10-04T02:07:32.3516737Z [36;1mpython3 generate_images.py[0m
2022-10-04T02:07:32.3573708Z shell: /usr/bin/bash -e {0}
2022-10-04T02:07:32.3573970Z env:
2022-10-04T02:07:32.3574301Z   pythonLocation: /opt/hostedtoolcache/Python/3.8.14/x64
2022-10-04T02:07:32.3574715Z   LD_LIBRARY_PATH: /opt/hostedtoolcache/Python/3.8.14/x64/lib
2022-10-04T02:07:32.3575256Z   ACCESS_TOKEN: ***
2022-10-04T02:07:32.3575650Z   GITHUB_TOKEN: ***
2022-10-04T02:07:32.3575905Z   EXCLUDED: 
2022-10-04T02:07:32.3576158Z   EXCLUDED_LANGS: 
2022-10-04T02:07:32.3576428Z   EXCLUDE_FORKED_REPOS: true
2022-10-04T02:07:32.3576702Z ##[endgroup]
2022-10-04T02:07:32.3685977Z Python 3.8.14
2022-10-04T02:17:45.5382745Z A path returned 202. Retrying...
2022-10-04T02:17:45.5383109Z A path returned 202. Retrying...
2022-10-04T02:17:45.5383414Z A path returned 202. Retrying...
2022-10-04T02:17:45.5383796Z A path returned 202. Retrying...
2022-10-04T02:17:45.5384096Z A path returned 202. Retrying...
2022-10-04T02:17:45.5384394Z A path returned 202. Retrying...
2022-10-04T02:17:45.5384688Z A path returned 202. Retrying...
2022-10-04T02:17:45.5384990Z A path returned 202. Retrying...
2022-10-04T02:17:45.5385285Z A path returned 202. Retrying...
2022-10-04T02:17:45.5385583Z A path returned 202. Retrying...
2022-10-04T02:17:45.5385878Z A path returned 202. Retrying...
2022-10-04T02:17:45.5386172Z A path returned 202. Retrying...
2022-10-04T02:17:45.5386463Z A path returned 202. Retrying...
2022-10-04T02:17:45.5386752Z A path returned 202. Retrying...
2022-10-04T02:17:45.5387029Z A path returned 202. Retrying...
2022-10-04T02:17:45.5387320Z A path returned 202. Retrying...
2022-10-04T02:17:45.5387616Z A path returned 202. Retrying...
2022-10-04T02:17:45.5387912Z A path returned 202. Retrying...
2022-10-04T02:17:45.5388204Z A path returned 202. Retrying...
2022-10-04T02:17:45.5388493Z A path returned 202. Retrying...
2022-10-04T02:17:45.5389109Z A path returned 202. Retrying...
2022-10-04T02:17:45.5389653Z A path returned 202. Retrying...
2022-10-04T02:17:45.5389954Z A path returned 202. Retrying...
2022-10-04T02:17:45.5390264Z A path returned 202. Retrying...
2022-10-04T02:17:45.5390565Z A path returned 202. Retrying...
2022-10-04T02:17:45.5390865Z A path returned 202. Retrying...
2022-10-04T02:17:45.5391163Z A path returned 202. Retrying...
2022-10-04T02:17:45.5391456Z A path returned 202. Retrying...
2022-10-04T02:17:45.5391750Z A path returned 202. Retrying...
2022-10-04T02:17:45.5392032Z A path returned 202. Retrying...
2022-10-04T02:17:45.5392328Z A path returned 202. Retrying...
2022-10-04T02:17:45.5392618Z A path returned 202. Retrying...
2022-10-04T02:17:45.5392910Z A path returned 202. Retrying...
2022-10-04T02:17:45.5393203Z A path returned 202. Retrying...
2022-10-04T02:17:45.5393925Z A path returned 202. Retrying...
2022-10-04T02:17:45.5394659Z A path returned 202. Retrying...
2022-10-04T02:17:45.5394960Z A path returned 202. Retrying...
2022-10-04T02:17:45.5395254Z A path returned 202. Retrying...
2022-10-04T02:17:45.5395534Z A path returned 202. Retrying...
2022-10-04T02:17:45.5396410Z A path returned 202. Retrying...
2022-10-04T02:17:45.5396735Z A path returned 202. Retrying...
2022-10-04T02:17:45.5397029Z A path returned 202. Retrying...
2022-10-04T02:17:45.5397413Z A path returned 202. Retrying...
2022-10-04T02:17:45.5397728Z A path returned 202. Retrying...
2022-10-04T02:17:45.5398113Z A path returned 202. Retrying...
2022-10-04T02:17:45.5398425Z A path returned 202. Retrying...
2022-10-04T02:17:45.5398807Z A path returned 202. Retrying...
2022-10-04T02:17:45.5399161Z A path returned 202. Retrying...
2022-10-04T02:17:45.5399542Z A path returned 202. Retrying...
2022-10-04T02:17:45.5399837Z A path returned 202. Retrying...
2022-10-04T02:17:45.5400215Z A path returned 202. Retrying...
2022-10-04T02:17:45.5400524Z A path returned 202. Retrying...
2022-10-04T02:17:45.5400903Z A path returned 202. Retrying...
2022-10-04T02:17:45.5401439Z A path returned 202. Retrying...
2022-10-04T02:17:45.5401846Z A path returned 202. Retrying...
2022-10-04T02:17:45.5402228Z A path returned 202. Retrying...
2022-10-04T02:17:45.5402540Z A path returned 202. Retrying...
2022-10-04T02:17:45.5403118Z A path returned 202. Retrying...
2022-10-04T02:17:45.5403479Z A path returned 202. Retrying...
2022-10-04T02:17:45.5403864Z A path returned 202. Retrying...
2022-10-04T02:17:45.5404164Z A path returned 202. Retrying...
2022-10-04T02:17:45.5404466Z A path returned 202. Retrying...
2022-10-04T02:17:45.5404854Z A path returned 202. Retrying...
2022-10-04T02:17:45.5405287Z A path returned 202. Retrying...
2022-10-04T02:17:45.5405654Z A path returned 202. Retrying...
2022-10-04T02:17:45.5406112Z A path returned 202. Retrying...
2022-10-04T02:17:45.5406492Z A path returned 202. Retrying...
2022-10-04T02:17:45.5406805Z A path returned 202. Retrying...
2022-10-04T02:17:45.5407188Z A path returned 202. Retrying...
2022-10-04T02:17:45.5407555Z A path returned 202. Retrying...
2022-10-04T02:17:45.5407911Z A path returned 202. Retrying...
2022-10-04T02:17:45.5408455Z A path returned 202. Retrying...
2022-10-04T02:17:45.5408827Z A path returned 202. Retrying...
2022-10-04T02:17:45.5409215Z A path returned 202. Retrying...
2022-10-04T02:17:45.5409604Z A path returned 202. Retrying...
2022-10-04T02:17:45.5409965Z A path returned 202. Retrying...
2022-10-04T02:17:45.5410348Z A path returned 202. Retrying...
2022-10-04T02:17:45.5410708Z A path returned 202. Retrying...
2022-10-04T02:17:45.5411064Z A path returned 202. Retrying...
2022-10-04T02:17:45.5411441Z A path returned 202. Retrying...
2022-10-04T02:17:45.5411752Z A path returned 202. Retrying...
2022-10-04T02:17:45.5412045Z A path returned 202. Retrying...
2022-10-04T02:17:45.5412420Z A path returned 202. Retrying...
2022-10-04T02:17:45.5412716Z A path returned 202. Retrying...
2022-10-04T02:17:45.5413016Z A path returned 202. Retrying...
2022-10-04T02:17:45.5413422Z A path returned 202. Retrying...
2022-10-04T02:17:45.5413716Z A path returned 202. Retrying...
2022-10-04T02:17:45.5414007Z A path returned 202. Retrying...
2022-10-04T02:17:45.5414303Z A path returned 202. Retrying...
2022-10-04T02:17:45.5414601Z A path returned 202. Retrying...
2022-10-04T02:17:45.5414890Z A path returned 202. Retrying...
2022-10-04T02:17:45.5415170Z A path returned 202. Retrying...
2022-10-04T02:17:45.5415458Z A path returned 202. Retrying...
2022-10-04T02:17:45.5415842Z A path returned 202. Retrying...
2022-10-04T02:17:45.5416164Z A path returned 202. Retrying...
2022-10-04T02:17:45.5416458Z A path returned 202. Retrying...
2022-10-04T02:17:45.5416753Z A path returned 202. Retrying...
2022-10-04T02:17:45.5417049Z A path returned 202. Retrying...
2022-10-04T02:17:45.5417547Z A path returned 202. Retrying...
2022-10-04T02:17:45.5417835Z A path returned 202. Retrying...
2022-10-04T02:17:45.5418092Z A path returned 202. Retrying...
2022-10-04T02:17:45.5418448Z A path returned 202. Retrying...
2022-10-04T02:17:45.5418734Z A path returned 202. Retrying...
2022-10-04T02:17:45.5419087Z A path returned 202. Retrying...
2022-10-04T02:17:45.5419376Z A path returned 202. Retrying...
2022-10-04T02:17:45.5420850Z A path returned 202. Retrying...
2022-10-04T02:17:45.5421242Z A path returned 202. Retrying...
2022-10-04T02:17:45.5421603Z A path returned 202. Retrying...
2022-10-04T02:17:45.5421978Z A path returned 202. Retrying...
2022-10-04T02:17:45.5422285Z A path returned 202. Retrying...
2022-10-04T02:17:45.5422580Z A path returned 202. Retrying...
2022-10-04T02:17:45.5422944Z A path returned 202. Retrying...
2022-10-04T02:17:45.5423236Z A path returned 202. Retrying...
2022-10-04T02:17:45.5423611Z A path returned 202. Retrying...
2022-10-04T02:17:45.5423976Z A path returned 202. Retrying...
2022-10-04T02:17:45.5424332Z A path returned 202. Retrying...
2022-10-04T02:17:45.5424689Z A path returned 202. Retrying...
2022-10-04T02:17:45.5425066Z A path returned 202. Retrying...
2022-10-04T02:17:45.5425428Z A path returned 202. Retrying...
2022-10-04T02:17:45.5425954Z A path returned 202. Retrying...
2022-10-04T02:17:45.5426352Z A path returned 202. Retrying...
2022-10-04T02:17:45.5426665Z A path returned 202. Retrying...
2022-10-04T02:17:45.5427038Z A path returned 202. Retrying...
2022-10-04T02:17:45.5427346Z A path returned 202. Retrying...
2022-10-04T02:17:45.5427654Z A path returned 202. Retrying...
2022-10-04T02:17:45.5428032Z A path returned 202. Retrying...
2022-10-04T02:17:45.5428341Z A path returned 202. Retrying...
2022-10-04T02:17:45.5428719Z A path returned 202. Retrying...
2022-10-04T02:17:45.5429029Z A path returned 202. Retrying...
2022-10-04T02:17:45.5429410Z A path returned 202. Retrying...
2022-10-04T02:17:45.5429774Z A path returned 202. Retrying...
2022-10-04T02:17:45.5430128Z A path returned 202. Retrying...
2022-10-04T02:17:45.5430499Z A path returned 202. Retrying...
2022-10-04T02:17:45.5430806Z A path returned 202. Retrying...
2022-10-04T02:17:45.5431174Z A path returned 202. Retrying...
2022-10-04T02:17:45.5431591Z A path returned 202. Retrying...
2022-10-04T02:17:45.5431949Z A path returned 202. Retrying...
2022-10-04T02:17:45.5432238Z A path returned 202. Retrying...
2022-10-04T02:17:45.5432514Z A path returned 202. Retrying...
2022-10-04T02:17:45.5432869Z A path returned 202. Retrying...
2022-10-04T02:17:45.5433153Z A path returned 202. Retrying...
2022-10-04T02:17:45.5433505Z A path returned 202. Retrying...
2022-10-04T02:17:45.5433791Z A path returned 202. Retrying...
2022-10-04T02:17:45.5434142Z A path returned 202. Retrying...
2022-10-04T02:17:45.5434428Z A path returned 202. Retrying...
2022-10-04T02:17:45.5434774Z A path returned 202. Retrying...
2022-10-04T02:17:45.5435062Z A path returned 202. Retrying...
2022-10-04T02:17:45.5435417Z A path returned 202. Retrying...
2022-10-04T02:17:45.5435703Z A path returned 202. Retrying...
2022-10-04T02:17:45.5436087Z A path returned 202. Retrying...
2022-10-04T02:17:45.5436599Z A path returned 202. Retrying...
2022-10-04T02:17:45.5437010Z A path returned 202. Retrying...
2022-10-04T02:17:45.5437375Z A path returned 202. Retrying...
2022-10-04T02:17:45.5437729Z A path returned 202. Retrying...
2022-10-04T02:17:45.5438109Z A path returned 202. Retrying...
2022-10-04T02:17:45.5438420Z A path returned 202. Retrying...
2022-10-04T02:17:45.5438704Z A path returned 202. Retrying...
2022-10-04T02:17:45.5439086Z A path returned 202. Retrying...
2022-10-04T02:17:45.5439396Z A path returned 202. Retrying...
2022-10-04T02:17:45.5439778Z A path returned 202. Retrying...
2022-10-04T02:17:45.5440141Z A path returned 202. Retrying...
2022-10-04T02:17:45.5440452Z A path returned 202. Retrying...
2022-10-04T02:17:45.5440829Z A path returned 202. Retrying...
2022-10-04T02:17:45.5441142Z A path returned 202. Retrying...
2022-10-04T02:17:45.5441435Z A path returned 202. Retrying...
2022-10-04T02:17:45.5441725Z A path returned 202. Retrying...
2022-10-04T02:17:45.5442111Z A path returned 202. Retrying...
2022-10-04T02:17:45.5442408Z A path returned 202. Retrying...
2022-10-04T02:17:45.5442924Z A path returned 202. Retrying...
2022-10-04T02:17:45.5443262Z A path returned 202. Retrying...
2022-10-04T02:17:45.5443555Z A path returned 202. Retrying...
2022-10-04T02:17:45.5443999Z A path returned 202. Retrying...
2022-10-04T02:17:45.5444292Z A path returned 202. Retrying...
2022-10-04T02:17:45.5444586Z A path returned 202. Retrying...
2022-10-04T02:17:45.5444877Z A path returned 202. Retrying...
2022-10-04T02:17:45.5445153Z A path returned 202. Retrying...
2022-10-04T02:17:45.5445445Z A path returned 202. Retrying...
2022-10-04T02:17:45.5445850Z A path returned 202. Retrying...
2022-10-04T02:17:45.5446161Z A path returned 202. Retrying...
2022-10-04T02:17:45.5446454Z A path returned 202. Retrying...
2022-10-04T02:17:45.5446746Z A path returned 202. Retrying...
2022-10-04T02:17:45.5447133Z A path returned 202. Retrying...
2022-10-04T02:17:45.5447453Z A path returned 202. Retrying...
2022-10-04T02:17:45.5447836Z A path returned 202. Retrying...
2022-10-04T02:17:45.5448197Z A path returned 202. Retrying...
2022-10-04T02:17:45.5448633Z A path returned 202. Retrying...
2022-10-04T02:17:45.5449028Z A path returned 202. Retrying...
2022-10-04T02:17:45.5449398Z A path returned 202. Retrying...
2022-10-04T02:17:45.5449895Z A path returned 202. Retrying...
2022-10-04T02:17:45.5450358Z A path returned 202. Retrying...
2022-10-04T02:17:45.5450736Z A path returned 202. Retrying...
2022-10-04T02:17:45.5451098Z A path returned 202. Retrying...
2022-10-04T02:17:45.5451457Z A path returned 202. Retrying...
2022-10-04T02:17:45.5451814Z A path returned 202. Retrying...
2022-10-04T02:17:45.5452198Z A path returned 202. Retrying...
2022-10-04T02:17:45.5452506Z A path returned 202. Retrying...
2022-10-04T02:17:45.5452804Z A path returned 202. Retrying...
2022-10-04T02:17:45.5453172Z A path returned 202. Retrying...
2022-10-04T02:17:45.5453527Z A path returned 202. Retrying...
2022-10-04T02:17:45.5453908Z A path returned 202. Retrying...
2022-10-04T02:17:45.5454289Z A path returned 202. Retrying...
2022-10-04T02:17:45.5454660Z A path returned 202. Retrying...
2022-10-04T02:17:45.5455021Z A path returned 202. Retrying...
2022-10-04T02:17:45.5455400Z A path returned 202. Retrying...
2022-10-04T02:17:45.5455735Z A path returned 202. Retrying...
2022-10-04T02:17:45.5456032Z A path returned 202. Retrying...
2022-10-04T02:17:45.5456334Z A path returned 202. Retrying...
2022-10-04T02:17:45.5456613Z A path returned 202. Retrying...
2022-10-04T02:17:45.5456904Z A path returned 202. Retrying...
2022-10-04T02:17:45.5457198Z A path returned 202. Retrying...
2022-10-04T02:17:45.5457491Z A path returned 202. Retrying...
2022-10-04T02:17:45.5457785Z A path returned 202. Retrying...
2022-10-04T02:17:45.5458078Z A path returned 202. Retrying...
2022-10-04T02:17:45.5458367Z A path returned 202. Retrying...
2022-10-04T02:17:45.5458765Z A path returned 202. Retrying...
2022-10-04T02:17:45.5459140Z A path returned 202. Retrying...
2022-10-04T02:17:45.5459435Z A path returned 202. Retrying...
2022-10-04T02:17:45.5459725Z A path returned 202. Retrying...
2022-10-04T02:17:45.5460106Z A path returned 202. Retrying...
2022-10-04T02:17:45.5460481Z A path returned 202. Retrying...
2022-10-04T02:17:45.5460855Z A path returned 202. Retrying...
2022-10-04T02:17:45.5461236Z A path returned 202. Retrying...
2022-10-04T02:17:45.5461609Z A path returned 202. Retrying...
2022-10-04T02:17:45.5461982Z A path returned 202. Retrying...
2022-10-04T02:17:45.5462287Z A path returned 202. Retrying...
2022-10-04T02:17:45.5462661Z A path returned 202. Retrying...
2022-10-04T02:17:45.5463032Z A path returned 202. Retrying...
2022-10-04T02:17:45.5463393Z A path returned 202. Retrying...
2022-10-04T02:17:45.5463770Z A path returned 202. Retrying...
2022-10-04T02:17:45.5464150Z A path returned 202. Retrying...
2022-10-04T02:17:45.5464457Z A path returned 202. Retrying...
2022-10-04T02:17:45.5464752Z A path returned 202. Retrying...
2022-10-04T02:17:45.5465127Z A path returned 202. Retrying...
2022-10-04T02:17:45.5465506Z A path returned 202. Retrying...
2022-10-04T02:17:45.5465888Z A path returned 202. Retrying...
2022-10-04T02:17:45.5466265Z A path returned 202. Retrying...
2022-10-04T02:17:45.5466641Z A path returned 202. Retrying...
2022-10-04T02:17:45.5467138Z A path returned 202. Retrying...
2022-10-04T02:17:45.5467504Z A path returned 202. Retrying...
2022-10-04T02:17:45.5467816Z A path returned 202. Retrying...
2022-10-04T02:17:45.5468110Z A path returned 202. Retrying...
2022-10-04T02:17:45.5468607Z A path returned 202. Retrying...
2022-10-04T02:17:45.5468961Z A path returned 202. Retrying...
2022-10-04T02:17:45.5469323Z A path returned 202. Retrying...
2022-10-04T02:17:45.5469674Z A path returned 202. Retrying...
2022-10-04T02:17:45.5469959Z A path returned 202. Retrying...
2022-10-04T02:17:45.5470312Z A path returned 202. Retrying...
2022-10-04T02:17:45.5470664Z A path returned 202. Retrying...
2022-10-04T02:27:34.6380414Z A path returned 202. Retrying...
2022-10-04T02:27:34.6381219Z A path returned 202. Retrying...
2022-10-04T02:27:34.6382063Z A path returned 202. Retrying...
2022-10-04T02:27:34.6383088Z A path returned 202. Retrying...
2022-10-04T02:27:34.6383745Z A path returned 202. Retrying...
2022-10-04T02:27:34.6384299Z A path returned 202. Retrying...
2022-10-04T02:27:34.6384799Z A path returned 202. Retrying...
2022-10-04T02:27:34.6385456Z A path returned 202. Retrying...
2022-10-04T02:27:34.6386032Z A path returned 202. Retrying...
2022-10-04T02:27:34.6386588Z A path returned 202. Retrying...
2022-10-04T02:27:34.6387141Z A path returned 202. Retrying...
2022-10-04T02:27:34.6387728Z A path returned 202. Retrying...
2022-10-04T02:27:34.6388294Z A path returned 202. Retrying...
2022-10-04T02:27:34.6388836Z A path returned 202. Retrying...
2022-10-04T02:27:34.6389374Z A path returned 202. Retrying...
2022-10-04T02:27:34.6389968Z A path returned 202. Retrying...
2022-10-04T02:27:34.6390531Z A path returned 202. Retrying...
2022-10-04T02:27:34.6391073Z A path returned 202. Retrying...
2022-10-04T02:27:34.6391555Z A path returned 202. Retrying...
2022-10-04T02:27:34.6392152Z A path returned 202. Retrying...
2022-10-04T02:27:34.6392737Z A path returned 202. Retrying...
2022-10-04T02:27:34.6393283Z A path returned 202. Retrying...
2022-10-04T02:27:34.6393834Z A path returned 202. Retrying...
2022-10-04T02:27:34.6394414Z A path returned 202. Retrying...
2022-10-04T02:27:34.6394979Z A path returned 202. Retrying...
2022-10-04T02:27:34.6395639Z A path returned 202. Retrying...
2022-10-04T02:27:34.6396109Z A path returned 202. Retrying...
2022-10-04T02:27:34.6396543Z A path returned 202. Retrying...
2022-10-04T02:27:34.6396948Z A path returned 202. Retrying...
2022-10-04T02:27:34.6397362Z A path returned 202. Retrying...
2022-10-04T02:27:34.6397824Z A path returned 202. Retrying...
2022-10-04T02:27:34.6398342Z A path returned 202. Retrying...
2022-10-04T02:27:34.6398835Z A path returned 202. Retrying...
2022-10-04T02:27:34.6399305Z A path returned 202. Retrying...
2022-10-04T02:27:34.6430126Z A path returned 202. Retrying...
2022-10-04T02:27:34.6430697Z A path returned 202. Retrying...
2022-10-04T02:27:34.6431285Z A path returned 202. Retrying...
2022-10-04T02:27:34.6431587Z A path returned 202. Retrying...
2022-10-04T02:27:34.6431893Z A path returned 202. Retrying...
2022-10-04T02:27:34.6433327Z A path returned 202. Retrying...
2022-10-04T02:27:34.6433628Z A path returned 202. Retrying...
2022-10-04T02:27:34.6433924Z A path returned 202. Retrying...
2022-10-04T02:27:34.6434218Z A path returned 202. Retrying...
2022-10-04T02:27:34.6434521Z A path returned 202. Retrying...
2022-10-04T02:27:34.6434804Z A path returned 202. Retrying...
2022-10-04T02:27:34.6435103Z A path returned 202. Retrying...
2022-10-04T02:27:34.6435401Z A path returned 202. Retrying...
2022-10-04T02:27:34.6435700Z A path returned 202. Retrying...
2022-10-04T02:27:34.6435996Z A path returned 202. Retrying...
2022-10-04T02:27:34.6436287Z A path returned 202. Retrying...
2022-10-04T02:27:34.6436580Z A path returned 202. Retrying...
2022-10-04T02:27:34.6436860Z A path returned 202. Retrying...
2022-10-04T02:27:34.6437157Z A path returned 202. Retrying...
2022-10-04T02:27:34.6437455Z A path returned 202. Retrying...
2022-10-04T02:27:34.6437749Z A path returned 202. Retrying...
2022-10-04T02:27:34.6438329Z A path returned 202. Retrying...
2022-10-04T02:27:34.6438624Z A path returned 202. Retrying...
2022-10-04T02:27:34.6438971Z A path returned 202. Retrying...
2022-10-04T02:27:34.6439270Z A path returned 202. Retrying...
2022-10-04T02:27:34.6439554Z A path returned 202. Retrying...
2022-10-04T02:27:34.6439847Z A path returned 202. Retrying...
2022-10-04T02:27:34.6440143Z A path returned 202. Retrying...
2022-10-04T02:27:34.6440439Z A path returned 202. Retrying...
2022-10-04T02:27:34.6440736Z A path returned 202. Retrying...
2022-10-04T02:27:34.6441031Z A path returned 202. Retrying...
2022-10-04T02:27:34.6441330Z A path returned 202. Retrying...
2022-10-04T02:27:34.6441622Z A path returned 202. Retrying...
2022-10-04T02:27:34.6441901Z A path returned 202. Retrying...
2022-10-04T02:27:34.6442191Z A path returned 202. Retrying...
2022-10-04T02:27:34.6442587Z A path returned 202. Retrying...
2022-10-04T02:27:34.6443069Z A path returned 202. Retrying...
2022-10-04T02:27:34.6443366Z A path returned 202. Retrying...
2022-10-04T02:27:34.6443667Z A path returned 202. Retrying...
2022-10-04T02:27:34.6443965Z A path returned 202. Retrying...
2022-10-04T02:27:34.6444244Z A path returned 202. Retrying...
2022-10-04T02:27:34.6444539Z A path returned 202. Retrying...
2022-10-04T02:27:34.6444836Z A path returned 202. Retrying...
2022-10-04T02:27:34.6445133Z A path returned 202. Retrying...
2022-10-04T02:27:34.6445429Z A path returned 202. Retrying...
2022-10-04T02:27:34.6445723Z A path returned 202. Retrying...
2022-10-04T02:27:34.6446015Z A path returned 202. Retrying...
2022-10-04T02:27:34.6446311Z A path returned 202. Retrying...
2022-10-04T02:27:34.6446592Z A path returned 202. Retrying...
2022-10-04T02:27:34.6446881Z A path returned 202. Retrying...
2022-10-04T02:27:34.6447171Z A path returned 202. Retrying...
2022-10-04T02:27:34.6447456Z A path returned 202. Retrying...
2022-10-04T02:27:34.6447749Z A path returned 202. Retrying...
2022-10-04T02:27:34.6448037Z A path returned 202. Retrying...
2022-10-04T02:27:34.6448333Z A path returned 202. Retrying...
2022-10-04T02:27:34.6448625Z A path returned 202. Retrying...
2022-10-04T02:27:34.6448905Z A path returned 202. Retrying...
2022-10-04T02:27:34.6449196Z A path returned 202. Retrying...
2022-10-04T02:27:34.6449487Z A path returned 202. Retrying...
2022-10-04T02:27:34.6449778Z A path returned 202. Retrying...
2022-10-04T02:27:34.6450069Z A path returned 202. Retrying...
2022-10-04T02:27:34.6450362Z A path returned 202. Retrying...
2022-10-04T02:27:34.6450651Z A path returned 202. Retrying...
2022-10-04T02:27:34.6450929Z A path returned 202. Retrying...
2022-10-04T02:27:34.6451223Z A path returned 202. Retrying...
2022-10-04T02:27:34.6451512Z A path returned 202. Retrying...
2022-10-04T02:27:34.6451805Z A path returned 202. Retrying...
2022-10-04T02:27:34.6452097Z A path returned 202. Retrying...
2022-10-04T02:27:34.6452391Z A path returned 202. Retrying...
2022-10-04T02:27:34.6452683Z A path returned 202. Retrying...
2022-10-04T02:27:34.6452973Z A path returned 202. Retrying...
2022-10-04T02:27:34.6453256Z A path returned 202. Retrying...
2022-10-04T02:27:34.6453546Z A path returned 202. Retrying...
2022-10-04T02:27:34.6453837Z A path returned 202. Retrying...
2022-10-04T02:27:34.6454127Z A path returned 202. Retrying...
2022-10-04T02:27:34.6454419Z A path returned 202. Retrying...
2022-10-04T02:27:34.6454705Z A path returned 202. Retrying...
2022-10-04T02:27:34.6454998Z A path returned 202. Retrying...
2022-10-04T02:27:34.6455290Z A path returned 202. Retrying...
2022-10-04T02:27:34.6455568Z A path returned 202. Retrying...
2022-10-04T02:27:34.6455858Z A path returned 202. Retrying...
2022-10-04T02:27:34.6456151Z A path returned 202. Retrying...
2022-10-04T02:27:34.6456445Z A path returned 202. Retrying...
2022-10-04T02:27:34.6456738Z A path returned 202. Retrying...
2022-10-04T02:27:34.6457030Z A path returned 202. Retrying...
2022-10-04T02:27:34.6457326Z A path returned 202. Retrying...
2022-10-04T02:27:34.6457606Z A path returned 202. Retrying...
2022-10-04T02:27:34.6458001Z A path returned 202. Retrying...
2022-10-04T02:27:34.6458293Z A path returned 202. Retrying...
2022-10-04T02:27:34.6458588Z A path returned 202. Retrying...
2022-10-04T02:27:34.6458885Z A path returned 202. Retrying...
2022-10-04T02:27:34.6459182Z A path returned 202. Retrying...
2022-10-04T02:27:34.6459479Z A path returned 202. Retrying...
2022-10-04T02:27:34.6459775Z A path returned 202. Retrying...
2022-10-04T02:27:34.6460055Z A path returned 202. Retrying...
2022-10-04T02:27:34.6460349Z A path returned 202. Retrying...
2022-10-04T02:27:34.6460641Z A path returned 202. Retrying...
2022-10-04T02:27:34.6460966Z A path returned 202. Retrying...
2022-10-04T02:27:34.6461258Z A path returned 202. Retrying...
2022-10-04T02:27:34.6461551Z A path returned 202. Retrying...
2022-10-04T02:27:34.6461843Z A path returned 202. Retrying...
2022-10-04T02:27:34.6462202Z A path returned 202. Retrying...
2022-10-04T02:27:34.6462487Z A path returned 202. Retrying...
2022-10-04T02:27:34.6462779Z A path returned 202. Retrying...
2022-10-04T02:27:34.6463077Z A path returned 202. Retrying...
2022-10-04T02:27:34.6463370Z A path returned 202. Retrying...
2022-10-04T02:27:34.6463696Z A path returned 202. Retrying...
2022-10-04T02:27:34.6463988Z A path returned 202. Retrying...
2022-10-04T02:27:34.6464277Z A path returned 202. Retrying...
2022-10-04T02:27:34.6464551Z A path returned 202. Retrying...
2022-10-04T02:27:34.6464839Z A path returned 202. Retrying...
2022-10-04T02:27:34.6465126Z A path returned 202. Retrying...
2022-10-04T02:27:34.6465416Z A path returned 202. Retrying...
2022-10-04T02:27:34.6465710Z A path returned 202. Retrying...
2022-10-04T02:27:34.6466000Z A path returned 202. Retrying...
2022-10-04T02:27:34.6466292Z A path returned 202. Retrying...
2022-10-04T02:27:34.6466587Z A path returned 202. Retrying...
2022-10-04T02:27:34.6466866Z A path returned 202. Retrying...
2022-10-04T02:27:34.6467154Z A path returned 202. Retrying...
2022-10-04T02:27:34.6467446Z A path returned 202. Retrying...
2022-10-04T02:27:34.6467733Z A path returned 202. Retrying...
2022-10-04T02:27:34.6468019Z A path returned 202. Retrying...
2022-10-04T02:27:34.6468310Z A path returned 202. Retrying...
2022-10-04T02:27:34.6468602Z A path returned 202. Retrying...
2022-10-04T02:27:34.6468898Z A path returned 202. Retrying...
2022-10-04T02:27:34.6469176Z A path returned 202. Retrying...
2022-10-04T02:27:34.6469471Z A path returned 202. Retrying...
2022-10-04T02:27:34.6469762Z A path returned 202. Retrying...
2022-10-04T02:27:34.6470056Z A path returned 202. Retrying...
2022-10-04T02:27:34.6470348Z A path returned 202. Retrying...
2022-10-04T02:27:34.6470639Z A path returned 202. Retrying...
2022-10-04T02:27:34.6470929Z A path returned 202. Retrying...
2022-10-04T02:27:34.6471218Z A path returned 202. Retrying...
2022-10-04T02:27:34.6471495Z A path returned 202. Retrying...
2022-10-04T02:27:34.6471788Z A path returned 202. Retrying...
2022-10-04T02:27:34.6472083Z A path returned 202. Retrying...
2022-10-04T02:27:34.6472375Z A path returned 202. Retrying...
2022-10-04T02:27:34.6472675Z A path returned 202. Retrying...
2022-10-04T02:27:34.6472970Z A path returned 202. Retrying...
2022-10-04T02:27:34.6473263Z A path returned 202. Retrying...
2022-10-04T02:27:34.6473555Z A path returned 202. Retrying...
2022-10-04T02:27:34.6473835Z A path returned 202. Retrying...
2022-10-04T02:27:34.6474129Z A path returned 202. Retrying...
2022-10-04T02:27:34.6474417Z A path returned 202. Retrying...
2022-10-04T02:27:34.6474708Z A path returned 202. Retrying...
2022-10-04T02:27:34.6475001Z A path returned 202. Retrying...
2022-10-04T02:27:34.6475295Z A path returned 202. Retrying...
2022-10-04T02:27:34.6475586Z A path returned 202. Retrying...
2022-10-04T02:27:34.6475863Z A path returned 202. Retrying...
2022-10-04T02:27:34.6476156Z A path returned 202. Retrying...
2022-10-04T02:27:34.6476447Z A path returned 202. Retrying...
2022-10-04T02:27:34.6476743Z A path returned 202. Retrying...
2022-10-04T02:27:34.6477036Z A path returned 202. Retrying...
2022-10-04T02:27:34.6477400Z A path returned 202. Retrying...
2022-10-04T02:27:34.6477693Z A path returned 202. Retrying...
2022-10-04T02:27:34.6477986Z A path returned 202. Retrying...
2022-10-04T02:27:34.6478262Z A path returned 202. Retrying...
2022-10-04T02:27:34.6478550Z A path returned 202. Retrying...
2022-10-04T02:27:34.6478842Z A path returned 202. Retrying...
2022-10-04T02:27:34.6479138Z A path returned 202. Retrying...
2022-10-04T02:27:34.6479432Z A path returned 202. Retrying...
2022-10-04T02:27:34.6479726Z A path returned 202. Retrying...
2022-10-04T02:27:34.6480093Z A path returned 202. Retrying...
2022-10-04T02:27:34.6480385Z A path returned 202. Retrying...
2022-10-04T02:27:34.6480663Z A path returned 202. Retrying...
2022-10-04T02:27:34.6480956Z A path returned 202. Retrying...
2022-10-04T02:27:34.6481248Z A path returned 202. Retrying...
2022-10-04T02:27:34.6481637Z A path returned 202. Retrying...
2022-10-04T02:27:34.6481936Z A path returned 202. Retrying...
2022-10-04T02:27:34.6482230Z A path returned 202. Retrying...
2022-10-04T02:27:34.6482527Z A path returned 202. Retrying...
2022-10-04T02:27:34.6482986Z A path returned 202. Retrying...
2022-10-04T02:27:34.6483285Z A path returned 202. Retrying...
2022-10-04T02:27:34.6483575Z A path returned 202. Retrying...
2022-10-04T02:27:34.6483866Z A path returned 202. Retrying...
2022-10-04T02:27:34.6484154Z A path returned 202. Retrying...
2022-10-04T02:27:34.6484447Z A path returned 202. Retrying...
2022-10-04T02:27:34.6484740Z A path returned 202. Retrying...
2022-10-04T02:27:34.6485034Z A path returned 202. Retrying...
2022-10-04T02:27:34.6485311Z A path returned 202. Retrying...
2022-10-04T02:27:34.6485603Z A path returned 202. Retrying...
2022-10-04T02:27:34.6485893Z A path returned 202. Retrying...
2022-10-04T02:27:34.6486185Z A path returned 202. Retrying...
2022-10-04T02:27:34.6486478Z A path returned 202. Retrying...
2022-10-04T02:27:34.6486773Z A path returned 202. Retrying...
2022-10-04T02:27:34.6487065Z A path returned 202. Retrying...
2022-10-04T02:27:34.6487362Z A path returned 202. Retrying...
2022-10-04T02:27:34.6487641Z A path returned 202. Retrying...
2022-10-04T02:27:34.6487933Z A path returned 202. Retrying...
2022-10-04T02:27:34.6488228Z A path returned 202. Retrying...
2022-10-04T02:27:34.6488519Z A path returned 202. Retrying...
2022-10-04T02:27:34.6488810Z A path returned 202. Retrying...
2022-10-04T02:27:34.6489103Z A path returned 202. Retrying...
2022-10-04T02:27:34.6489390Z A path returned 202. Retrying...
2022-10-04T02:27:34.6489667Z A path returned 202. Retrying...
2022-10-04T02:27:34.6489961Z A path returned 202. Retrying...
2022-10-04T02:27:34.6490252Z A path returned 202. Retrying...
2022-10-04T02:27:34.6490547Z A path returned 202. Retrying...
2022-10-04T02:27:34.6490837Z A path returned 202. Retrying...
2022-10-04T02:27:34.6491130Z A path returned 202. Retrying...
2022-10-04T02:27:34.6491426Z A path returned 202. Retrying...
2022-10-04T02:27:34.6491718Z A path returned 202. Retrying...
2022-10-04T02:27:34.6491996Z A path returned 202. Retrying...
2022-10-04T02:27:34.6492331Z A path returned 202. Retrying...
2022-10-04T02:27:34.6492624Z A path returned 202. Retrying...
2022-10-04T02:27:34.6492917Z A path returned 202. Retrying...
2022-10-04T02:27:34.6493210Z A path returned 202. Retrying...
2022-10-04T02:27:34.6493504Z A path returned 202. Retrying...
2022-10-04T02:27:34.6493797Z A path returned 202. Retrying...
2022-10-04T02:27:34.6494088Z A path returned 202. Retrying...
2022-10-04T02:27:34.6494366Z A path returned 202. Retrying...
2022-10-04T02:27:34.6494658Z A path returned 202. Retrying...
2022-10-04T02:27:34.6494953Z A path returned 202. Retrying...
2022-10-04T02:27:34.6495246Z A path returned 202. Retrying...
2022-10-04T02:37:20.6108332Z A path returned 202. Retrying...
2022-10-04T02:37:20.6108721Z A path returned 202. Retrying...
2022-10-04T02:37:20.6109029Z A path returned 202. Retrying...
2022-10-04T02:37:20.6109471Z A path returned 202. Retrying...
2022-10-04T02:37:20.6109779Z A path returned 202. Retrying...
2022-10-04T02:37:20.6110077Z A path returned 202. Retrying...
2022-10-04T02:37:20.6114204Z A path returned 202. Retrying...
2022-10-04T02:37:20.6114511Z A path returned 202. Retrying...
2022-10-04T02:37:20.6114815Z A path returned 202. Retrying...
2022-10-04T02:37:20.6115100Z A path returned 202. Retrying...
2022-10-04T02:37:20.6115395Z A path returned 202. Retrying...
2022-10-04T02:37:20.6115695Z A path returned 202. Retrying...
2022-10-04T02:37:20.6115993Z A path returned 202. Retrying...
2022-10-04T02:37:20.6116290Z A path returned 202. Retrying...
2022-10-04T02:37:20.6116584Z A path returned 202. Retrying...
2022-10-04T02:37:20.6117007Z A path returned 202. Retrying...
2022-10-04T02:37:20.6117308Z A path returned 202. Retrying...
2022-10-04T02:37:20.6117592Z A path returned 202. Retrying...
2022-10-04T02:37:20.6117993Z A path returned 202. Retrying...
2022-10-04T02:37:20.6118484Z A path returned 202. Retrying...
2022-10-04T02:37:20.6118788Z A path returned 202. Retrying...
2022-10-04T02:37:20.6119084Z A path returned 202. Retrying...
2022-10-04T02:37:20.6119385Z A path returned 202. Retrying...
2022-10-04T02:37:20.6119683Z A path returned 202. Retrying...
2022-10-04T02:37:20.6119968Z A path returned 202. Retrying...
2022-10-04T02:37:20.6120265Z A path returned 202. Retrying...
2022-10-04T02:37:20.6120556Z A path returned 202. Retrying...
2022-10-04T02:37:20.6120854Z A path returned 202. Retrying...
2022-10-04T02:37:20.6121150Z A path returned 202. Retrying...
2022-10-04T02:37:20.6121446Z A path returned 202. Retrying...
2022-10-04T02:37:20.6121739Z A path returned 202. Retrying...
2022-10-04T02:37:20.6122033Z A path returned 202. Retrying...
2022-10-04T02:37:20.6122315Z A path returned 202. Retrying...
2022-10-04T02:37:20.6122609Z A path returned 202. Retrying...
2022-10-04T02:37:20.6123061Z A path returned 202. Retrying...
2022-10-04T02:37:20.6123358Z A path returned 202. Retrying...
2022-10-04T02:37:20.6123661Z A path returned 202. Retrying...
2022-10-04T02:37:20.6123957Z A path returned 202. Retrying...
2022-10-04T02:37:20.6124254Z A path returned 202. Retrying...
2022-10-04T02:37:20.6124552Z A path returned 202. Retrying...
2022-10-04T02:37:20.6124834Z A path returned 202. Retrying...
2022-10-04T02:37:20.6125129Z A path returned 202. Retrying...
2022-10-04T02:37:20.6125424Z A path returned 202. Retrying...
2022-10-04T02:37:20.6125722Z A path returned 202. Retrying...
2022-10-04T02:37:20.6126016Z A path returned 202. Retrying...
2022-10-04T02:37:20.6126309Z A path returned 202. Retrying...
2022-10-04T02:37:20.6126605Z A path returned 202. Retrying...
2022-10-04T02:37:20.6126884Z A path returned 202. Retrying...
2022-10-04T02:37:20.6127181Z A path returned 202. Retrying...
2022-10-04T02:37:20.6127472Z A path returned 202. Retrying...
2022-10-04T02:37:20.6127767Z A path returned 202. Retrying...
2022-10-04T02:37:20.6128058Z A path returned 202. Retrying...
2022-10-04T02:37:20.6128360Z A path returned 202. Retrying...
2022-10-04T02:37:20.6128653Z A path returned 202. Retrying...
2022-10-04T02:37:20.6128947Z A path returned 202. Retrying...
2022-10-04T02:37:20.6129230Z A path returned 202. Retrying...
2022-10-04T02:37:20.6129563Z A path returned 202. Retrying...
2022-10-04T02:37:20.6129858Z A path returned 202. Retrying...
2022-10-04T02:37:20.6130150Z A path returned 202. Retrying...
2022-10-04T02:37:20.6130442Z A path returned 202. Retrying...
2022-10-04T02:37:20.6130740Z A path returned 202. Retrying...
2022-10-04T02:37:20.6131036Z A path returned 202. Retrying...
2022-10-04T02:37:20.6131330Z A path returned 202. Retrying...
2022-10-04T02:37:20.6131606Z A path returned 202. Retrying...
2022-10-04T02:37:20.6131898Z A path returned 202. Retrying...
2022-10-04T02:37:20.6132192Z A path returned 202. Retrying...
2022-10-04T02:37:20.6132489Z A path returned 202. Retrying...
2022-10-04T02:37:20.6132783Z A path returned 202. Retrying...
2022-10-04T02:37:20.6133075Z A path returned 202. Retrying...
2022-10-04T02:37:20.6133375Z A path returned 202. Retrying...
2022-10-04T02:37:20.6133657Z A path returned 202. Retrying...
2022-10-04T02:37:20.6133949Z A path returned 202. Retrying...
2022-10-04T02:37:20.6134360Z A path returned 202. Retrying...
2022-10-04T02:37:20.6134657Z A path returned 202. Retrying...
2022-10-04T02:37:20.6134954Z A path returned 202. Retrying...
2022-10-04T02:37:20.6135249Z A path returned 202. Retrying...
2022-10-04T02:37:20.6135544Z A path returned 202. Retrying...
2022-10-04T02:37:20.6135841Z A path returned 202. Retrying...
2022-10-04T02:37:20.6136120Z A path returned 202. Retrying...
2022-10-04T02:37:20.6136415Z A path returned 202. Retrying...
2022-10-04T02:37:20.6136712Z A path returned 202. Retrying...
2022-10-04T02:37:20.6137004Z A path returned 202. Retrying...
2022-10-04T02:37:20.6137299Z A path returned 202. Retrying...
2022-10-04T02:37:20.6137595Z A path returned 202. Retrying...
2022-10-04T02:37:20.6137890Z A path returned 202. Retrying...
2022-10-04T02:37:20.6138274Z A path returned 202. Retrying...
2022-10-04T02:37:20.6138556Z A path returned 202. Retrying...
2022-10-04T02:37:20.6138850Z A path returned 202. Retrying...
2022-10-04T02:37:20.6139149Z A path returned 202. Retrying...
2022-10-04T02:37:20.6139445Z A path returned 202. Retrying...
2022-10-04T02:37:20.6139739Z A path returned 202. Retrying...
2022-10-04T02:37:20.6140032Z A path returned 202. Retrying...
2022-10-04T02:37:20.6140329Z A path returned 202. Retrying...
2022-10-04T02:37:20.6140609Z A path returned 202. Retrying...
2022-10-04T02:37:20.6140924Z A path returned 202. Retrying...
2022-10-04T02:37:20.6141218Z A path returned 202. Retrying...
2022-10-04T02:37:20.6141513Z A path returned 202. Retrying...
2022-10-04T02:37:20.6141808Z A path returned 202. Retrying...
2022-10-04T02:37:20.6142105Z A path returned 202. Retrying...
2022-10-04T02:37:20.6142403Z A path returned 202. Retrying...
2022-10-04T02:37:20.6142697Z A path returned 202. Retrying...
2022-10-04T02:37:20.6142978Z A path returned 202. Retrying...
2022-10-04T02:37:20.6143275Z A path returned 202. Retrying...
2022-10-04T02:37:20.6143573Z A path returned 202. Retrying...
2022-10-04T02:37:20.6143870Z A path returned 202. Retrying...
2022-10-04T02:37:20.6144751Z A path returned 202. Retrying...
2022-10-04T02:37:20.6145240Z A path returned 202. Retrying...
2022-10-04T02:37:20.6145559Z A path returned 202. Retrying...
2022-10-04T02:37:20.6145866Z A path returned 202. Retrying...
2022-10-04T02:37:20.6146152Z A path returned 202. Retrying...
2022-10-04T02:37:20.6146451Z A path returned 202. Retrying...
2022-10-04T02:37:20.6146750Z A path returned 202. Retrying...
2022-10-04T02:37:20.6147051Z A path returned 202. Retrying...
2022-10-04T02:37:20.6147352Z A path returned 202. Retrying...
2022-10-04T02:37:20.6147648Z A path returned 202. Retrying...
2022-10-04T02:37:20.6147947Z A path returned 202. Retrying...
2022-10-04T02:37:20.6148231Z A path returned 202. Retrying...
2022-10-04T02:37:20.6148531Z A path returned 202. Retrying...
2022-10-04T02:37:20.6148838Z A path returned 202. Retrying...
2022-10-04T02:37:20.6149136Z A path returned 202. Retrying...
2022-10-04T02:37:20.6149435Z A path returned 202. Retrying...
2022-10-04T02:37:20.6149740Z A path returned 202. Retrying...
2022-10-04T02:37:20.6150035Z A path returned 202. Retrying...
2022-10-04T02:37:20.6150331Z A path returned 202. Retrying...
2022-10-04T02:37:20.6150613Z A path returned 202. Retrying...
2022-10-04T02:37:20.6150910Z A path returned 202. Retrying...
2022-10-04T02:37:20.6151207Z A path returned 202. Retrying...
2022-10-04T02:37:20.6151500Z A path returned 202. Retrying...
2022-10-04T02:37:20.6151798Z A path returned 202. Retrying...
2022-10-04T02:37:20.6152093Z A path returned 202. Retrying...
2022-10-04T02:37:20.6152391Z A path returned 202. Retrying...
2022-10-04T02:37:20.6152686Z A path returned 202. Retrying...
2022-10-04T02:37:20.6152967Z A path returned 202. Retrying...
2022-10-04T02:37:20.6153257Z A path returned 202. Retrying...
2022-10-04T02:37:20.6154002Z A path returned 202. Retrying...
2022-10-04T02:37:20.6154314Z A path returned 202. Retrying...
2022-10-04T02:37:20.6154897Z A path returned 202. Retrying...
2022-10-04T02:37:20.6155226Z A path returned 202. Retrying...
2022-10-04T02:37:20.6155814Z A path returned 202. Retrying...
2022-10-04T02:37:20.6156094Z A path returned 202. Retrying...
2022-10-04T02:37:20.6156391Z A path returned 202. Retrying...
2022-10-04T02:37:20.6156917Z A path returned 202. Retrying...
2022-10-04T02:37:20.6157217Z A path returned 202. Retrying...
2022-10-04T02:37:20.6157511Z A path returned 202. Retrying...
2022-10-04T02:37:20.6158061Z A path returned 202. Retrying...
2022-10-04T02:37:20.6159191Z A path returned 202. Retrying...
2022-10-04T02:37:20.6159526Z A path returned 202. Retrying...
2022-10-04T02:37:20.6159810Z A path returned 202. Retrying...
2022-10-04T02:37:20.6160104Z A path returned 202. Retrying...
2022-10-04T02:37:20.6160616Z A path returned 202. Retrying...
2022-10-04T02:37:20.6160946Z A path returned 202. Retrying...
2022-10-04T02:37:20.6161242Z A path returned 202. Retrying...
2022-10-04T02:37:20.6161723Z A path returned 202. Retrying...
2022-10-04T02:37:20.6162028Z A path returned 202. Retrying...
2022-10-04T02:37:20.6162329Z A path returned 202. Retrying...
2022-10-04T02:37:20.6162608Z A path returned 202. Retrying...
2022-10-04T02:37:20.6163077Z A path returned 202. Retrying...
2022-10-04T02:37:20.6163376Z A path returned 202. Retrying...
2022-10-04T02:37:20.6163672Z A path returned 202. Retrying...
2022-10-04T02:37:20.6163965Z A path returned 202. Retrying...
2022-10-04T02:37:20.6164258Z A path returned 202. Retrying...
2022-10-04T02:37:20.6164554Z A path returned 202. Retrying...
2022-10-04T02:37:20.6164835Z A path returned 202. Retrying...
2022-10-04T02:37:20.6165130Z A path returned 202. Retrying...
2022-10-04T02:37:20.6165421Z A path returned 202. Retrying...
2022-10-04T02:37:20.6165715Z A path returned 202. Retrying...
2022-10-04T02:37:20.6166010Z A path returned 202. Retrying...
2022-10-04T02:37:20.6166304Z A path returned 202. Retrying...
2022-10-04T02:37:20.6166604Z A path returned 202. Retrying...
2022-10-04T02:37:20.6166899Z A path returned 202. Retrying...
2022-10-04T02:37:20.6167178Z A path returned 202. Retrying...
2022-10-04T02:37:20.6167481Z A path returned 202. Retrying...
2022-10-04T02:37:20.6167777Z A path returned 202. Retrying...
2022-10-04T02:37:20.6168070Z A path returned 202. Retrying...
2022-10-04T02:37:20.6168365Z A path returned 202. Retrying...
2022-10-04T02:37:20.6168660Z A path returned 202. Retrying...
2022-10-04T02:37:20.6168957Z A path returned 202. Retrying...
2022-10-04T02:37:20.6169250Z A path returned 202. Retrying...
2022-10-04T02:37:20.6169533Z A path returned 202. Retrying...
2022-10-04T02:37:20.6169822Z A path returned 202. Retrying...
2022-10-04T02:37:20.6170118Z A path returned 202. Retrying...
2022-10-04T02:37:20.6170662Z A path returned 202. Retrying...
2022-10-04T02:37:20.6171198Z A path returned 202. Retrying...
2022-10-04T02:37:20.6171499Z A path returned 202. Retrying...
2022-10-04T02:37:20.6171797Z A path returned 202. Retrying...
2022-10-04T02:37:20.6172303Z A path returned 202. Retrying...
2022-10-04T02:37:20.6172606Z A path returned 202. Retrying...
2022-10-04T02:37:20.6172905Z A path returned 202. Retrying...
2022-10-04T02:37:20.6173202Z A path returned 202. Retrying...
2022-10-04T02:37:20.6173496Z A path returned 202. Retrying...
2022-10-04T02:37:20.6173792Z A path returned 202. Retrying...
2022-10-04T02:37:20.6174087Z A path returned 202. Retrying...
2022-10-04T02:37:20.6174592Z A path returned 202. Retrying...
2022-10-04T02:37:20.6174894Z A path returned 202. Retrying...
2022-10-04T02:37:20.6175192Z A path returned 202. Retrying...
2022-10-04T02:37:20.6175485Z A path returned 202. Retrying...
2022-10-04T02:37:20.6175778Z A path returned 202. Retrying...
2022-10-04T02:37:20.6176461Z A path returned 202. Retrying...
2022-10-04T02:37:20.6176793Z A path returned 202. Retrying...
2022-10-04T02:37:20.6177091Z A path returned 202. Retrying...
2022-10-04T02:37:20.6177385Z A path returned 202. Retrying...
2022-10-04T02:37:20.6177672Z A path returned 202. Retrying...
2022-10-04T02:37:20.6177965Z A path returned 202. Retrying...
2022-10-04T02:37:20.6178261Z A path returned 202. Retrying...
2022-10-04T02:37:20.6178733Z A path returned 202. Retrying...
2022-10-04T02:37:20.6179029Z A path returned 202. Retrying...
2022-10-04T02:37:20.6179541Z A path returned 202. Retrying...
2022-10-04T02:37:20.6179863Z A path returned 202. Retrying...
2022-10-04T02:37:20.6180163Z A path returned 202. Retrying...
2022-10-04T02:37:20.6180848Z A path returned 202. Retrying...
2022-10-04T02:37:20.6181177Z A path returned 202. Retrying...
2022-10-04T02:37:20.6181469Z A path returned 202. Retrying...
2022-10-04T02:37:20.6181764Z A path returned 202. Retrying...
2022-10-04T02:37:20.6182440Z A path returned 202. Retrying...
2022-10-04T02:37:20.6182776Z A path returned 202. Retrying...
2022-10-04T02:37:20.6183069Z A path returned 202. Retrying...
2022-10-04T02:37:20.6183540Z A path returned 202. Retrying...
2022-10-04T02:37:20.6184059Z A path returned 202. Retrying...
2022-10-04T02:37:20.6184879Z A path returned 202. Retrying...
2022-10-04T02:37:20.6185218Z A path returned 202. Retrying...
2022-10-04T02:37:20.6186041Z A path returned 202. Retrying...
2022-10-04T02:37:20.6186374Z A path returned 202. Retrying...
2022-10-04T02:37:20.6187139Z A path returned 202. Retrying...
2022-10-04T02:37:20.6187441Z A path returned 202. Retrying...
2022-10-04T02:37:20.6188128Z A path returned 202. Retrying...
2022-10-04T02:37:20.6188617Z A path returned 202. Retrying...
2022-10-04T02:37:20.6189152Z A path returned 202. Retrying...
2022-10-04T02:37:20.6189641Z A path returned 202. Retrying...
2022-10-04T02:37:20.6190166Z A path returned 202. Retrying...
2022-10-04T02:37:20.6190466Z A path returned 202. Retrying...
2022-10-04T02:37:20.6191150Z A path returned 202. Retrying...
2022-10-04T02:37:20.6191484Z A path returned 202. Retrying...
2022-10-04T02:37:20.6191978Z A path returned 202. Retrying...
2022-10-04T02:37:20.6192512Z A path returned 202. Retrying...
2022-10-04T02:37:20.6192833Z A path returned 202. Retrying...
2022-10-04T02:37:20.6193131Z A path returned 202. Retrying...
2022-10-04T02:37:20.6193801Z A path returned 202. Retrying...
2022-10-04T02:37:20.6194136Z A path returned 202. Retrying...
2022-10-04T02:37:20.6194830Z A path returned 202. Retrying...
2022-10-04T02:37:20.6195136Z A path returned 202. Retrying...
2022-10-04T02:37:20.6195821Z A path returned 202. Retrying...
2022-10-04T02:37:20.6196148Z A path returned 202. Retrying...
2022-10-04T02:37:20.6196839Z A path returned 202. Retrying...
2022-10-04T02:37:20.6197142Z A path returned 202. Retrying...
2022-10-04T02:37:20.6197837Z A path returned 202. Retrying...
2022-10-04T02:37:20.6198140Z A path returned 202. Retrying...
2022-10-04T02:37:20.6198907Z A path returned 202. Retrying...
2022-10-04T02:37:20.6199193Z A path returned 202. Retrying...
2022-10-04T02:47:03.9123040Z A path returned 202. Retrying...
2022-10-04T02:47:03.9123523Z A path returned 202. Retrying...
2022-10-04T02:47:03.9123834Z A path returned 202. Retrying...
2022-10-04T02:47:03.9124148Z A path returned 202. Retrying...
2022-10-04T02:47:03.9124456Z A path returned 202. Retrying...
2022-10-04T02:47:03.9124765Z A path returned 202. Retrying...
2022-10-04T02:47:03.9125067Z A path returned 202. Retrying...
2022-10-04T02:47:03.9125364Z A path returned 202. Retrying...
2022-10-04T02:47:03.9125668Z A path returned 202. Retrying...
2022-10-04T02:47:03.9125965Z A path returned 202. Retrying...
2022-10-04T02:47:03.9126264Z A path returned 202. Retrying...
2022-10-04T02:47:03.9126543Z A path returned 202. Retrying...
2022-10-04T02:47:03.9126842Z A path returned 202. Retrying...
2022-10-04T02:47:03.9127138Z A path returned 202. Retrying...
2022-10-04T02:47:03.9127437Z A path returned 202. Retrying...
2022-10-04T02:47:03.9127737Z A path returned 202. Retrying...
2022-10-04T02:47:03.9128032Z A path returned 202. Retrying...
2022-10-04T02:47:03.9128327Z A path returned 202. Retrying...
2022-10-04T02:47:03.9128626Z A path returned 202. Retrying...
2022-10-04T02:47:03.9128952Z A path returned 202. Retrying...
2022-10-04T02:47:03.9129282Z A path returned 202. Retrying...
2022-10-04T02:47:03.9129578Z A path returned 202. Retrying...
2022-10-04T02:47:03.9130284Z A path returned 202. Retrying...
2022-10-04T02:47:03.9130579Z A path returned 202. Retrying...
2022-10-04T02:47:03.9130877Z A path returned 202. Retrying...
2022-10-04T02:47:03.9131174Z A path returned 202. Retrying...
2022-10-04T02:47:03.9131468Z A path returned 202. Retrying...
2022-10-04T02:47:03.9131751Z A path returned 202. Retrying...
2022-10-04T02:47:03.9132048Z A path returned 202. Retrying...
2022-10-04T02:47:03.9132344Z A path returned 202. Retrying...
2022-10-04T02:47:03.9132640Z A path returned 202. Retrying...
2022-10-04T02:47:03.9132936Z A path returned 202. Retrying...
2022-10-04T02:47:03.9133229Z A path returned 202. Retrying...
2022-10-04T02:47:03.9133524Z A path returned 202. Retrying...
2022-10-04T02:47:03.9133806Z A path returned 202. Retrying...
2022-10-04T02:47:03.9134101Z A path returned 202. Retrying...
2022-10-04T02:47:03.9134555Z A path returned 202. Retrying...
2022-10-04T02:47:03.9134852Z A path returned 202. Retrying...
2022-10-04T02:47:03.9135153Z A path returned 202. Retrying...
2022-10-04T02:47:03.9135449Z A path returned 202. Retrying...
2022-10-04T02:47:03.9135743Z A path returned 202. Retrying...
2022-10-04T02:47:03.9136036Z A path returned 202. Retrying...
2022-10-04T02:47:03.9136316Z A path returned 202. Retrying...
2022-10-04T02:47:03.9136610Z A path returned 202. Retrying...
2022-10-04T02:47:03.9136904Z A path returned 202. Retrying...
2022-10-04T02:47:03.9137199Z A path returned 202. Retrying...
2022-10-04T02:47:03.9137492Z A path returned 202. Retrying...
2022-10-04T02:47:03.9137784Z A path returned 202. Retrying...
2022-10-04T02:47:03.9138081Z A path returned 202. Retrying...
2022-10-04T02:47:03.9138376Z A path returned 202. Retrying...
2022-10-04T02:47:03.9138653Z A path returned 202. Retrying...
2022-10-04T02:47:03.9138946Z A path returned 202. Retrying...
2022-10-04T02:47:03.9139245Z A path returned 202. Retrying...
2022-10-04T02:47:03.9139540Z A path returned 202. Retrying...
2022-10-04T02:47:03.9139834Z A path returned 202. Retrying...
2022-10-04T02:47:03.9141109Z A path returned 202. Retrying...
2022-10-04T02:47:03.9141523Z A path returned 202. Retrying...
2022-10-04T02:47:03.9141869Z A path returned 202. Retrying...
2022-10-04T02:47:03.9142233Z A path returned 202. Retrying...
2022-10-04T02:47:03.9142584Z A path returned 202. Retrying...
2022-10-04T02:47:03.9142936Z A path returned 202. Retrying...
2022-10-04T02:47:03.9143287Z A path returned 202. Retrying...
2022-10-04T02:47:03.9143640Z A path returned 202. Retrying...
2022-10-04T02:47:03.9143986Z A path returned 202. Retrying...
2022-10-04T02:47:03.9144336Z A path returned 202. Retrying...
2022-10-04T02:47:03.9144668Z A path returned 202. Retrying...
2022-10-04T02:47:03.9145013Z A path returned 202. Retrying...
2022-10-04T02:47:03.9145360Z A path returned 202. Retrying...
2022-10-04T02:47:03.9145708Z A path returned 202. Retrying...
2022-10-04T02:47:03.9146076Z A path returned 202. Retrying...
2022-10-04T02:47:03.9146429Z A path returned 202. Retrying...
2022-10-04T02:47:03.9146784Z A path returned 202. Retrying...
2022-10-04T02:47:03.9147136Z A path returned 202. Retrying...
2022-10-04T02:47:03.9147469Z A path returned 202. Retrying...
2022-10-04T02:47:03.9147813Z A path returned 202. Retrying...
2022-10-04T02:47:03.9148158Z A path returned 202. Retrying...
2022-10-04T02:47:03.9148505Z A path returned 202. Retrying...
2022-10-04T02:47:03.9149090Z A path returned 202. Retrying...
2022-10-04T02:47:03.9149406Z A path returned 202. Retrying...
2022-10-04T02:47:03.9149726Z A path returned 202. Retrying...
2022-10-04T02:47:03.9150030Z A path returned 202. Retrying...
2022-10-04T02:47:03.9150354Z A path returned 202. Retrying...
2022-10-04T02:47:03.9150671Z A path returned 202. Retrying...
2022-10-04T02:47:03.9150989Z A path returned 202. Retrying...
2022-10-04T02:47:03.9151305Z A path returned 202. Retrying...
2022-10-04T02:47:03.9151630Z A path returned 202. Retrying...
2022-10-04T02:47:03.9151951Z A path returned 202. Retrying...
2022-10-04T02:47:03.9152271Z A path returned 202. Retrying...
2022-10-04T02:47:03.9152917Z A path returned 202. Retrying...
2022-10-04T02:47:03.9153234Z A path returned 202. Retrying...
2022-10-04T02:47:03.9153555Z A path returned 202. Retrying...
2022-10-04T02:47:03.9153876Z A path returned 202. Retrying...
2022-10-04T02:47:03.9154251Z A path returned 202. Retrying...
2022-10-04T02:47:03.9154570Z A path returned 202. Retrying...
2022-10-04T02:47:03.9154888Z A path returned 202. Retrying...
2022-10-04T02:47:03.9155207Z A path returned 202. Retrying...
2022-10-04T02:47:03.9155510Z A path returned 202. Retrying...
2022-10-04T02:47:03.9155826Z A path returned 202. Retrying...
2022-10-04T02:47:03.9156142Z A path returned 202. Retrying...
2022-10-04T02:47:03.9156459Z A path returned 202. Retrying...
2022-10-04T02:47:03.9156778Z A path returned 202. Retrying...
2022-10-04T02:47:03.9157097Z A path returned 202. Retrying...
2022-10-04T02:47:03.9157516Z A path returned 202. Retrying...
2022-10-04T02:47:03.9157830Z A path returned 202. Retrying...
2022-10-04T02:47:03.9158162Z A path returned 202. Retrying...
2022-10-04T02:47:03.9158480Z A path returned 202. Retrying...
2022-10-04T02:47:03.9158799Z A path returned 202. Retrying...
2022-10-04T02:47:03.9159124Z A path returned 202. Retrying...
2022-10-04T02:47:03.9159443Z A path returned 202. Retrying...
2022-10-04T02:47:03.9159762Z A path returned 202. Retrying...
2022-10-04T02:47:03.9160082Z A path returned 202. Retrying...
2022-10-04T02:47:03.9160385Z A path returned 202. Retrying...
2022-10-04T02:47:03.9160701Z A path returned 202. Retrying...
2022-10-04T02:47:03.9161018Z A path returned 202. Retrying...
2022-10-04T02:47:03.9161338Z A path returned 202. Retrying...
2022-10-04T02:47:03.9161655Z A path returned 202. Retrying...
2022-10-04T02:47:03.9161971Z A path returned 202. Retrying...
2022-10-04T02:47:03.9162291Z A path returned 202. Retrying...
2022-10-04T02:47:03.9162612Z A path returned 202. Retrying...
2022-10-04T02:47:03.9162914Z A path returned 202. Retrying...
2022-10-04T02:47:03.9163510Z A path returned 202. Retrying...
2022-10-04T02:47:03.9163835Z A path returned 202. Retrying...
2022-10-04T02:47:03.9164153Z A path returned 202. Retrying...
2022-10-04T02:47:03.9164482Z A path returned 202. Retrying...
2022-10-04T02:47:03.9164802Z A path returned 202. Retrying...
2022-10-04T02:47:03.9165122Z A path returned 202. Retrying...
2022-10-04T02:47:03.9165426Z A path returned 202. Retrying...
2022-10-04T02:47:03.9165747Z A path returned 202. Retrying...
2022-10-04T02:47:03.9166063Z A path returned 202. Retrying...
2022-10-04T02:47:03.9166381Z A path returned 202. Retrying...
2022-10-04T02:47:03.9166700Z A path returned 202. Retrying...
2022-10-04T02:47:03.9167021Z A path returned 202. Retrying...
2022-10-04T02:47:03.9167341Z A path returned 202. Retrying...
2022-10-04T02:47:03.9167659Z A path returned 202. Retrying...
2022-10-04T02:47:03.9167963Z A path returned 202. Retrying...
2022-10-04T02:47:03.9168280Z A path returned 202. Retrying...
2022-10-04T02:47:03.9168600Z A path returned 202. Retrying...
2022-10-04T02:47:03.9168920Z A path returned 202. Retrying...
2022-10-04T02:47:03.9169239Z A path returned 202. Retrying...
2022-10-04T02:47:03.9169557Z A path returned 202. Retrying...
2022-10-04T02:47:03.9169878Z A path returned 202. Retrying...
2022-10-04T02:47:03.9170196Z A path returned 202. Retrying...
2022-10-04T02:47:03.9170498Z A path returned 202. Retrying...
2022-10-04T02:47:03.9170815Z A path returned 202. Retrying...
2022-10-04T02:47:03.9171133Z A path returned 202. Retrying...
2022-10-04T02:47:03.9171451Z A path returned 202. Retrying...
2022-10-04T02:47:03.9173892Z A path returned 202. Retrying...
2022-10-04T02:47:03.9174242Z A path returned 202. Retrying...
2022-10-04T02:47:03.9174570Z A path returned 202. Retrying...
2022-10-04T02:47:03.9174873Z A path returned 202. Retrying...
2022-10-04T02:47:03.9175193Z A path returned 202. Retrying...
2022-10-04T02:47:03.9175598Z A path returned 202. Retrying...
2022-10-04T02:47:03.9175905Z A path returned 202. Retrying...
2022-10-04T02:47:03.9176222Z A path returned 202. Retrying...
2022-10-04T02:47:03.9176729Z A path returned 202. Retrying...
2022-10-04T02:47:03.9177051Z A path returned 202. Retrying...
2022-10-04T02:47:03.9177371Z A path returned 202. Retrying...
2022-10-04T02:47:03.9177688Z A path returned 202. Retrying...
2022-10-04T02:47:03.9178006Z A path returned 202. Retrying...
2022-10-04T02:47:03.9178310Z A path returned 202. Retrying...
2022-10-04T02:47:03.9178632Z A path returned 202. Retrying...
2022-10-04T02:47:03.9178951Z A path returned 202. Retrying...
2022-10-04T02:47:03.9179269Z A path returned 202. Retrying...
2022-10-04T02:47:03.9179588Z A path returned 202. Retrying...
2022-10-04T02:47:03.9179910Z A path returned 202. Retrying...
2022-10-04T02:47:03.9180227Z A path returned 202. Retrying...
2022-10-04T02:47:03.9180543Z A path returned 202. Retrying...
2022-10-04T02:47:03.9180845Z A path returned 202. Retrying...
2022-10-04T02:47:03.9181327Z A path returned 202. Retrying...
2022-10-04T02:47:03.9181684Z A path returned 202. Retrying...
2022-10-04T02:47:03.9182008Z A path returned 202. Retrying...
2022-10-04T02:47:03.9182329Z A path returned 202. Retrying...
2022-10-04T02:47:03.9182648Z A path returned 202. Retrying...
2022-10-04T02:47:03.9182967Z A path returned 202. Retrying...
2022-10-04T02:47:03.9183288Z A path returned 202. Retrying...
2022-10-04T02:47:03.9183593Z A path returned 202. Retrying...
2022-10-04T02:47:03.9183909Z A path returned 202. Retrying...
2022-10-04T02:47:03.9184226Z A path returned 202. Retrying...
2022-10-04T02:47:03.9184544Z A path returned 202. Retrying...
2022-10-04T02:47:03.9184859Z A path returned 202. Retrying...
2022-10-04T02:47:03.9185178Z A path returned 202. Retrying...
2022-10-04T02:47:03.9185495Z A path returned 202. Retrying...
2022-10-04T02:47:03.9185795Z A path returned 202. Retrying...
2022-10-04T02:47:03.9186111Z A path returned 202. Retrying...
2022-10-04T02:47:03.9186428Z A path returned 202. Retrying...
2022-10-04T02:47:03.9186745Z A path returned 202. Retrying...
2022-10-04T02:47:03.9187060Z A path returned 202. Retrying...
2022-10-04T02:47:03.9187380Z A path returned 202. Retrying...
2022-10-04T02:47:03.9187695Z A path returned 202. Retrying...
2022-10-04T02:47:03.9188013Z A path returned 202. Retrying...
2022-10-04T02:47:03.9188312Z A path returned 202. Retrying...
2022-10-04T02:47:03.9188627Z A path returned 202. Retrying...
2022-10-04T02:47:03.9188943Z A path returned 202. Retrying...
2022-10-04T02:47:03.9189260Z A path returned 202. Retrying...
2022-10-04T02:47:03.9189577Z A path returned 202. Retrying...
2022-10-04T02:47:03.9189892Z A path returned 202. Retrying...
2022-10-04T02:47:03.9190450Z A path returned 202. Retrying...
2022-10-04T02:47:03.9190922Z A path returned 202. Retrying...
2022-10-04T02:47:03.9191223Z A path returned 202. Retrying...
2022-10-04T02:47:03.9191522Z A path returned 202. Retrying...
2022-10-04T02:47:03.9191824Z A path returned 202. Retrying...
2022-10-04T02:47:03.9192136Z A path returned 202. Retrying...
2022-10-04T02:47:03.9192439Z A path returned 202. Retrying...
2022-10-04T02:47:03.9192739Z A path returned 202. Retrying...
2022-10-04T02:47:03.9193039Z A path returned 202. Retrying...
2022-10-04T02:47:03.9193318Z A path returned 202. Retrying...
2022-10-04T02:47:03.9193614Z A path returned 202. Retrying...
2022-10-04T02:47:03.9193942Z A path returned 202. Retrying...
2022-10-04T02:47:03.9194236Z A path returned 202. Retrying...
2022-10-04T02:47:03.9194534Z A path returned 202. Retrying...
2022-10-04T02:47:03.9194832Z A path returned 202. Retrying...
2022-10-04T02:47:03.9195129Z A path returned 202. Retrying...
2022-10-04T02:47:03.9195423Z A path returned 202. Retrying...
2022-10-04T02:47:03.9195707Z A path returned 202. Retrying...
2022-10-04T02:47:03.9196000Z A path returned 202. Retrying...
2022-10-04T02:47:03.9196295Z A path returned 202. Retrying...
2022-10-04T02:47:03.9196592Z A path returned 202. Retrying...
2022-10-04T02:47:03.9196890Z A path returned 202. Retrying...
2022-10-04T02:47:03.9197185Z A path returned 202. Retrying...
2022-10-04T02:47:03.9197479Z A path returned 202. Retrying...
2022-10-04T02:47:03.9198038Z A path returned 202. Retrying...
2022-10-04T02:47:03.9198319Z A path returned 202. Retrying...
2022-10-04T02:47:03.9198614Z A path returned 202. Retrying...
2022-10-04T02:47:03.9198909Z A path returned 202. Retrying...
2022-10-04T02:47:03.9199202Z A path returned 202. Retrying...
2022-10-04T02:47:03.9199498Z A path returned 202. Retrying...
2022-10-04T02:47:03.9199790Z A path returned 202. Retrying...
2022-10-04T02:47:03.9200085Z A path returned 202. Retrying...
2022-10-04T02:47:03.9200365Z A path returned 202. Retrying...
2022-10-04T02:47:03.9200662Z A path returned 202. Retrying...
2022-10-04T02:47:03.9200958Z A path returned 202. Retrying...
2022-10-04T02:47:03.9201254Z A path returned 202. Retrying...
2022-10-04T02:47:03.9201548Z A path returned 202. Retrying...
2022-10-04T02:47:03.9201840Z A path returned 202. Retrying...
2022-10-04T02:47:03.9202206Z A path returned 202. Retrying...
2022-10-04T02:47:03.9202504Z A path returned 202. Retrying...
2022-10-04T02:47:03.9202790Z A path returned 202. Retrying...
2022-10-04T02:47:03.9203082Z A path returned 202. Retrying...
2022-10-04T02:47:03.9203540Z A path returned 202. Retrying...
2022-10-04T02:47:03.9203835Z A path returned 202. Retrying...
2022-10-04T02:47:03.9204129Z A path returned 202. Retrying...
2022-10-04T02:47:03.9204421Z A path returned 202. Retrying...
2022-10-04T02:47:03.9204714Z A path returned 202. Retrying...
2022-10-04T02:47:03.9205007Z A path returned 202. Retrying...
2022-10-04T02:47:03.9205289Z A path returned 202. Retrying...
2022-10-04T02:47:03.9205581Z A path returned 202. Retrying...
2022-10-04T02:47:03.9205874Z A path returned 202. Retrying...
2022-10-04T02:47:03.9206167Z A path returned 202. Retrying...
2022-10-04T02:56:48.8899414Z A path returned 202. Retrying...
2022-10-04T02:56:48.8899893Z A path returned 202. Retrying...
2022-10-04T02:56:48.8900225Z A path returned 202. Retrying...
2022-10-04T02:56:48.8900533Z A path returned 202. Retrying...
2022-10-04T02:56:48.8900820Z A path returned 202. Retrying...
2022-10-04T02:56:48.8901132Z A path returned 202. Retrying...
2022-10-04T02:56:48.8901431Z A path returned 202. Retrying...
2022-10-04T02:56:48.8901727Z A path returned 202. Retrying...
2022-10-04T02:56:48.8902024Z A path returned 202. Retrying...
2022-10-04T02:56:48.8902321Z A path returned 202. Retrying...
2022-10-04T02:56:48.8902614Z A path returned 202. Retrying...
2022-10-04T02:56:48.8902907Z A path returned 202. Retrying...
2022-10-04T02:56:48.8903186Z A path returned 202. Retrying...
2022-10-04T02:56:48.8903479Z A path returned 202. Retrying...
2022-10-04T02:56:48.8903769Z A path returned 202. Retrying...
2022-10-04T02:56:48.8904063Z A path returned 202. Retrying...
2022-10-04T02:56:48.8904357Z A path returned 202. Retrying...
2022-10-04T02:56:48.8904651Z A path returned 202. Retrying...
2022-10-04T02:56:48.8904942Z A path returned 202. Retrying...
2022-10-04T02:56:48.8905235Z A path returned 202. Retrying...
2022-10-04T02:56:48.8905516Z A path returned 202. Retrying...
2022-10-04T02:56:48.8905806Z A path returned 202. Retrying...
2022-10-04T02:56:48.8906103Z A path returned 202. Retrying...
2022-10-04T02:56:48.8906397Z A path returned 202. Retrying...
2022-10-04T02:56:48.8906689Z A path returned 202. Retrying...
2022-10-04T02:56:48.8906984Z A path returned 202. Retrying...
2022-10-04T02:56:48.8907274Z A path returned 202. Retrying...
2022-10-04T02:56:48.8907549Z A path returned 202. Retrying...
2022-10-04T02:56:48.8907842Z A path returned 202. Retrying...
2022-10-04T02:56:48.8908130Z A path returned 202. Retrying...
2022-10-04T02:56:48.8908425Z A path returned 202. Retrying...
2022-10-04T02:56:48.8908719Z A path returned 202. Retrying...
2022-10-04T02:56:48.8909073Z A path returned 202. Retrying...
2022-10-04T02:56:48.8909362Z A path returned 202. Retrying...
2022-10-04T02:56:48.8909659Z A path returned 202. Retrying...
2022-10-04T02:56:48.8909943Z A path returned 202. Retrying...
2022-10-04T02:56:48.8910239Z A path returned 202. Retrying...
2022-10-04T02:56:48.8910530Z A path returned 202. Retrying...
2022-10-04T02:56:48.8911235Z A path returned 202. Retrying...
2022-10-04T02:56:48.8911533Z A path returned 202. Retrying...
2022-10-04T02:56:48.8911832Z A path returned 202. Retrying...
2022-10-04T02:56:48.8912129Z A path returned 202. Retrying...
2022-10-04T02:56:48.8912430Z A path returned 202. Retrying...
2022-10-04T02:56:48.8912712Z A path returned 202. Retrying...
2022-10-04T02:56:48.8913016Z A path returned 202. Retrying...
2022-10-04T02:56:48.8913309Z A path returned 202. Retrying...
2022-10-04T02:56:48.8913602Z A path returned 202. Retrying...
2022-10-04T02:56:48.8913895Z A path returned 202. Retrying...
2022-10-04T02:56:48.8914206Z A path returned 202. Retrying...
2022-10-04T02:56:48.8914499Z A path returned 202. Retrying...
2022-10-04T02:56:48.8914774Z A path returned 202. Retrying...
2022-10-04T02:56:48.8915067Z A path returned 202. Retrying...
2022-10-04T02:56:48.8915480Z A path returned 202. Retrying...
2022-10-04T02:56:48.8916292Z A path returned 202. Retrying...
2022-10-04T02:56:48.8916869Z A path returned 202. Retrying...
2022-10-04T02:56:48.8917177Z A path returned 202. Retrying...
2022-10-04T02:56:48.8917470Z A path returned 202. Retrying...
2022-10-04T02:56:48.8917760Z A path returned 202. Retrying...
2022-10-04T02:56:48.8918037Z A path returned 202. Retrying...
2022-10-04T02:56:48.8918546Z A path returned 202. Retrying...
2022-10-04T02:56:48.8919190Z A path returned 202. Retrying...
2022-10-04T02:56:48.8919583Z A path returned 202. Retrying...
2022-10-04T02:56:48.8919884Z A path returned 202. Retrying...
2022-10-04T02:56:48.8920217Z A path returned 202. Retrying...
2022-10-04T02:56:48.8920507Z A path returned 202. Retrying...
2022-10-04T02:56:48.8920820Z A path returned 202. Retrying...
2022-10-04T02:56:48.8921335Z A path returned 202. Retrying...
2022-10-04T02:56:48.8921713Z A path returned 202. Retrying...
2022-10-04T02:56:48.8922099Z A path returned 202. Retrying...
2022-10-04T02:56:48.8922504Z A path returned 202. Retrying...
2022-10-04T02:56:48.8923177Z A path returned 202. Retrying...
2022-10-04T02:56:48.8923568Z A path returned 202. Retrying...
2022-10-04T02:56:48.8923952Z A path returned 202. Retrying...
2022-10-04T02:56:48.8924348Z A path returned 202. Retrying...
2022-10-04T02:56:48.8924671Z A path returned 202. Retrying...
2022-10-04T02:56:48.8925081Z A path returned 202. Retrying...
2022-10-04T02:56:48.8925472Z A path returned 202. Retrying...
2022-10-04T02:56:48.8925864Z A path returned 202. Retrying...
2022-10-04T02:56:48.8926241Z A path returned 202. Retrying...
2022-10-04T02:56:48.8926650Z A path returned 202. Retrying...
2022-10-04T02:56:48.8927029Z A path returned 202. Retrying...
2022-10-04T02:56:48.8927427Z A path returned 202. Retrying...
2022-10-04T02:56:48.8927750Z A path returned 202. Retrying...
2022-10-04T02:56:48.8928158Z A path returned 202. Retrying...
2022-10-04T02:56:48.8928538Z A path returned 202. Retrying...
2022-10-04T02:56:48.8949513Z A path returned 202. Retrying...
2022-10-04T02:56:48.8949960Z A path returned 202. Retrying...
2022-10-04T02:56:48.8950253Z A path returned 202. Retrying...
2022-10-04T02:56:48.8950549Z A path returned 202. Retrying...
2022-10-04T02:56:48.8951697Z A path returned 202. Retrying...
2022-10-04T02:56:48.8952028Z A path returned 202. Retrying...
2022-10-04T02:56:48.8952305Z A path returned 202. Retrying...
2022-10-04T02:56:48.8952600Z A path returned 202. Retrying...
2022-10-04T02:56:48.8952900Z A path returned 202. Retrying...
2022-10-04T02:56:48.8953202Z A path returned 202. Retrying...
2022-10-04T02:56:48.8953497Z A path returned 202. Retrying...
2022-10-04T02:56:48.8953784Z A path returned 202. Retrying...
2022-10-04T02:56:48.8954072Z A path returned 202. Retrying...
2022-10-04T02:56:48.8954350Z A path returned 202. Retrying...
2022-10-04T02:56:48.8954639Z A path returned 202. Retrying...
2022-10-04T02:56:48.8954931Z A path returned 202. Retrying...
2022-10-04T02:56:48.8955224Z A path returned 202. Retrying...
2022-10-04T02:56:48.8960965Z A path returned 202. Retrying...
2022-10-04T02:56:48.8961349Z A path returned 202. Retrying...
2022-10-04T02:56:48.8961964Z A path returned 202. Retrying...
2022-10-04T02:56:48.8962264Z A path returned 202. Retrying...
2022-10-04T02:56:48.8962546Z A path returned 202. Retrying...
2022-10-04T02:56:48.8962835Z A path returned 202. Retrying...
2022-10-04T02:56:48.8963125Z A path returned 202. Retrying...
2022-10-04T02:56:48.8963597Z A path returned 202. Retrying...
2022-10-04T02:56:48.8963897Z A path returned 202. Retrying...
2022-10-04T02:56:48.8964192Z A path returned 202. Retrying...
2022-10-04T02:56:48.8964489Z A path returned 202. Retrying...
2022-10-04T02:56:48.8964787Z A path returned 202. Retrying...
2022-10-04T02:56:48.8965069Z A path returned 202. Retrying...
2022-10-04T02:56:48.8965363Z A path returned 202. Retrying...
2022-10-04T02:56:48.8965659Z A path returned 202. Retrying...
2022-10-04T02:56:48.8965953Z A path returned 202. Retrying...
2022-10-04T02:56:48.8966344Z A path returned 202. Retrying...
2022-10-04T02:56:48.8966642Z A path returned 202. Retrying...
2022-10-04T02:56:48.8966935Z A path returned 202. Retrying...
2022-10-04T02:56:48.8967218Z A path returned 202. Retrying...
2022-10-04T02:56:48.8967515Z A path returned 202. Retrying...
2022-10-04T02:56:48.8967810Z A path returned 202. Retrying...
2022-10-04T02:56:48.8968104Z A path returned 202. Retrying...
2022-10-04T02:56:48.8968399Z A path returned 202. Retrying...
2022-10-04T02:56:48.8968691Z A path returned 202. Retrying...
2022-10-04T02:56:48.8968982Z A path returned 202. Retrying...
2022-10-04T02:56:48.8969271Z A path returned 202. Retrying...
2022-10-04T02:56:48.8969548Z A path returned 202. Retrying...
2022-10-04T02:56:48.8969839Z A path returned 202. Retrying...
2022-10-04T02:56:48.8970129Z A path returned 202. Retrying...
2022-10-04T02:56:48.8970420Z A path returned 202. Retrying...
2022-10-04T02:56:48.8970712Z A path returned 202. Retrying...
2022-10-04T02:56:48.8971007Z A path returned 202. Retrying...
2022-10-04T02:56:48.8971297Z A path returned 202. Retrying...
2022-10-04T02:56:48.8971588Z A path returned 202. Retrying...
2022-10-04T02:56:48.8971869Z A path returned 202. Retrying...
2022-10-04T02:56:48.8972158Z A path returned 202. Retrying...
2022-10-04T02:56:48.8972451Z A path returned 202. Retrying...
2022-10-04T02:56:48.8972743Z A path returned 202. Retrying...
2022-10-04T02:56:48.8973036Z A path returned 202. Retrying...
2022-10-04T02:56:48.8973328Z A path returned 202. Retrying...
2022-10-04T02:56:48.8973620Z A path returned 202. Retrying...
2022-10-04T02:56:48.8973899Z A path returned 202. Retrying...
2022-10-04T02:56:48.8974192Z A path returned 202. Retrying...
2022-10-04T02:56:48.8974482Z A path returned 202. Retrying...
2022-10-04T02:56:48.8974775Z A path returned 202. Retrying...
2022-10-04T02:56:48.8975067Z A path returned 202. Retrying...
2022-10-04T02:56:48.8975390Z A path returned 202. Retrying...
2022-10-04T02:56:48.8975679Z A path returned 202. Retrying...
2022-10-04T02:56:48.8975974Z A path returned 202. Retrying...
2022-10-04T02:56:48.8976252Z A path returned 202. Retrying...
2022-10-04T02:56:48.8976540Z A path returned 202. Retrying...
2022-10-04T02:56:48.8976834Z A path returned 202. Retrying...
2022-10-04T02:56:48.8977126Z A path returned 202. Retrying...
2022-10-04T02:56:48.8977418Z A path returned 202. Retrying...
2022-10-04T02:56:48.8977710Z A path returned 202. Retrying...
2022-10-04T02:56:48.8977999Z A path returned 202. Retrying...
2022-10-04T02:56:48.8978288Z A path returned 202. Retrying...
2022-10-04T02:56:48.8978566Z A path returned 202. Retrying...
2022-10-04T02:56:48.8978917Z A path returned 202. Retrying...
2022-10-04T02:56:48.8979209Z A path returned 202. Retrying...
2022-10-04T02:56:48.8979500Z A path returned 202. Retrying...
2022-10-04T02:56:48.8979792Z A path returned 202. Retrying...
2022-10-04T02:56:48.8980082Z A path returned 202. Retrying...
2022-10-04T02:56:48.8980372Z A path returned 202. Retrying...
2022-10-04T02:56:48.8980648Z A path returned 202. Retrying...
2022-10-04T02:56:48.8980944Z A path returned 202. Retrying...
2022-10-04T02:56:48.8981233Z A path returned 202. Retrying...
2022-10-04T02:56:48.8981617Z A path returned 202. Retrying...
2022-10-04T02:56:48.8981913Z A path returned 202. Retrying...
2022-10-04T02:56:48.8982207Z A path returned 202. Retrying...
2022-10-04T02:56:48.8982501Z A path returned 202. Retrying...
2022-10-04T02:56:48.8982795Z A path returned 202. Retrying...
2022-10-04T02:56:48.8983117Z A path returned 202. Retrying...
2022-10-04T02:56:48.8983413Z A path returned 202. Retrying...
2022-10-04T02:56:48.8983706Z A path returned 202. Retrying...
2022-10-04T02:56:48.8984003Z A path returned 202. Retrying...
2022-10-04T02:56:48.8984300Z A path returned 202. Retrying...
2022-10-04T02:56:48.8984598Z A path returned 202. Retrying...
2022-10-04T02:56:48.8984891Z A path returned 202. Retrying...
2022-10-04T02:56:48.8985205Z A path returned 202. Retrying...
2022-10-04T02:56:48.8985483Z A path returned 202. Retrying...
2022-10-04T02:56:48.8985837Z A path returned 202. Retrying...
2022-10-04T02:56:48.8986135Z A path returned 202. Retrying...
2022-10-04T02:56:48.8986427Z A path returned 202. Retrying...
2022-10-04T02:56:48.8986724Z A path returned 202. Retrying...
2022-10-04T02:56:48.8987015Z A path returned 202. Retrying...
2022-10-04T02:56:48.8987308Z A path returned 202. Retrying...
2022-10-04T02:56:48.8987586Z A path returned 202. Retrying...
2022-10-04T02:56:48.8987878Z A path returned 202. Retrying...
2022-10-04T02:56:48.8988171Z A path returned 202. Retrying...
2022-10-04T02:56:48.8988462Z A path returned 202. Retrying...
2022-10-04T02:56:48.8988753Z A path returned 202. Retrying...
2022-10-04T02:56:48.8989045Z A path returned 202. Retrying...
2022-10-04T02:56:48.8989336Z A path returned 202. Retrying...
2022-10-04T02:56:48.8989626Z A path returned 202. Retrying...
2022-10-04T02:56:48.8989904Z A path returned 202. Retrying...
2022-10-04T02:56:48.8990193Z A path returned 202. Retrying...
2022-10-04T02:56:48.8990481Z A path returned 202. Retrying...
2022-10-04T02:56:48.8990776Z A path returned 202. Retrying...
2022-10-04T02:56:48.8991071Z A path returned 202. Retrying...
2022-10-04T02:56:48.8991367Z A path returned 202. Retrying...
2022-10-04T02:56:48.8991658Z A path returned 202. Retrying...
2022-10-04T02:56:48.8991949Z A path returned 202. Retrying...
2022-10-04T02:56:48.8992227Z A path returned 202. Retrying...
2022-10-04T02:56:48.8992515Z A path returned 202. Retrying...
2022-10-04T02:56:48.8992807Z A path returned 202. Retrying...
2022-10-04T02:56:48.8993098Z A path returned 202. Retrying...
2022-10-04T02:56:48.8993389Z A path returned 202. Retrying...
2022-10-04T02:56:48.8993679Z A path returned 202. Retrying...
2022-10-04T02:56:48.8993970Z A path returned 202. Retrying...
2022-10-04T02:56:48.8994262Z A path returned 202. Retrying...
2022-10-04T02:56:48.8994541Z A path returned 202. Retrying...
2022-10-04T02:56:48.8994833Z A path returned 202. Retrying...
2022-10-04T02:56:48.8995142Z A path returned 202. Retrying...
2022-10-04T02:56:48.8995421Z A path returned 202. Retrying...
2022-10-04T02:56:48.8995712Z A path returned 202. Retrying...
2022-10-04T02:56:48.8996006Z A path returned 202. Retrying...
2022-10-04T02:56:48.8996305Z A path returned 202. Retrying...
2022-10-04T02:56:48.8996602Z A path returned 202. Retrying...
2022-10-04T02:56:48.8996893Z A path returned 202. Retrying...
2022-10-04T02:56:48.8997186Z A path returned 202. Retrying...
2022-10-04T02:56:48.8997481Z A path returned 202. Retrying...
2022-10-04T02:56:48.8997763Z A path returned 202. Retrying...
2022-10-04T02:56:48.8998058Z A path returned 202. Retrying...
2022-10-04T02:56:48.8998351Z A path returned 202. Retrying...
2022-10-04T02:56:48.8998645Z A path returned 202. Retrying...
2022-10-04T02:56:48.8998938Z A path returned 202. Retrying...
2022-10-04T02:56:48.8999232Z A path returned 202. Retrying...
2022-10-04T02:56:48.8999528Z A path returned 202. Retrying...
2022-10-04T02:56:48.8999809Z A path returned 202. Retrying...
2022-10-04T02:56:48.9000104Z A path returned 202. Retrying...
2022-10-04T02:56:48.9000399Z A path returned 202. Retrying...
2022-10-04T02:56:48.9000693Z A path returned 202. Retrying...
2022-10-04T02:56:48.9001076Z A path returned 202. Retrying...
2022-10-04T02:56:48.9001372Z A path returned 202. Retrying...
2022-10-04T02:56:48.9001666Z A path returned 202. Retrying...
2022-10-04T02:56:48.9001962Z A path returned 202. Retrying...
2022-10-04T02:56:48.9002241Z A path returned 202. Retrying...
2022-10-04T02:56:48.9002536Z A path returned 202. Retrying...
2022-10-04T02:56:48.9002961Z A path returned 202. Retrying...
2022-10-04T02:56:48.9003257Z A path returned 202. Retrying...
2022-10-04T02:56:48.9003554Z A path returned 202. Retrying...
2022-10-04T02:56:48.9003850Z A path returned 202. Retrying...
2022-10-04T02:56:48.9004145Z A path returned 202. Retrying...
2022-10-04T02:56:48.9004440Z A path returned 202. Retrying...
2022-10-04T02:59:39.5097294Z A path returned 202. Retrying...
2022-10-04T02:59:39.5097835Z A path returned 202. Retrying...
2022-10-04T02:59:39.5098481Z A path returned 202. Retrying...
2022-10-04T02:59:39.5098895Z A path returned 202. Retrying...
2022-10-04T02:59:39.5099261Z A path returned 202. Retrying...
2022-10-04T02:59:39.5099650Z A path returned 202. Retrying...
2022-10-04T02:59:39.5100022Z A path returned 202. Retrying...
2022-10-04T02:59:39.5100404Z A path returned 202. Retrying...
2022-10-04T02:59:39.5100780Z A path returned 202. Retrying...
2022-10-04T02:59:39.5101149Z A path returned 202. Retrying...
2022-10-04T02:59:39.5101517Z A path returned 202. Retrying...
2022-10-04T02:59:39.5101888Z A path returned 202. Retrying...
2022-10-04T02:59:39.5102260Z A path returned 202. Retrying...
2022-10-04T02:59:39.5102631Z A path returned 202. Retrying...
2022-10-04T02:59:39.5102983Z A path returned 202. Retrying...
2022-10-04T02:59:39.5103357Z A path returned 202. Retrying...
2022-10-04T02:59:39.5103725Z A path returned 202. Retrying...
2022-10-04T02:59:39.5104096Z A path returned 202. Retrying...
2022-10-04T02:59:39.5104467Z A path returned 202. Retrying...
2022-10-04T02:59:39.5104845Z A path returned 202. Retrying...
2022-10-04T02:59:39.5427576Z ##[group]Run git config --global user.name "jstrieb/github-stats"
2022-10-04T02:59:39.5428066Z [36;1mgit config --global user.name "jstrieb/github-stats"[0m
2022-10-04T02:59:39.5428519Z [36;1mgit config --global user.email "github-stats[bot]@jstrieb.github.io"[0m
2022-10-04T02:59:39.5428883Z [36;1mgit add .[0m
2022-10-04T02:59:39.5429220Z [36;1m# Force the build to succeed, even if no files were changed[0m
2022-10-04T02:59:39.5429622Z [36;1mgit commit -m 'Update generated files' || true[0m
2022-10-04T02:59:39.5429932Z [36;1mgit push[0m
2022-10-04T02:59:39.5491716Z shell: /usr/bin/bash -e {0}
2022-10-04T02:59:39.5491993Z env:
2022-10-04T02:59:39.5492322Z   pythonLocation: /opt/hostedtoolcache/Python/3.8.14/x64
2022-10-04T02:59:39.5492740Z   LD_LIBRARY_PATH: /opt/hostedtoolcache/Python/3.8.14/x64/lib
2022-10-04T02:59:39.5493064Z ##[endgroup]
2022-10-04T02:59:39.7697570Z [master 750e724] Update generated files
2022-10-04T02:59:39.7698506Z  2 files changed, 255 insertions(+), 192 deletions(-)
2022-10-04T02:59:40.7749926Z To https://github.com/seanpm2001/GitHub_Stats_A
2022-10-04T02:59:40.7751048Z    5531296..750e724  master -> master
2022-10-04T02:59:41.0671356Z Post job cleanup.
2022-10-04T02:59:41.2573441Z Cache hit occurred on the primary key Linux-pip-60f2a6c0212a9b74a155cd81b58dd07fd8b180833132566260d95f4de42fe218, not saving cache.
2022-10-04T02:59:41.2679284Z Post job cleanup.
2022-10-04T02:59:41.4673894Z Post job cleanup.
2022-10-04T02:59:41.6210232Z [command]/usr/bin/git version
2022-10-04T02:59:41.6266205Z git version 2.37.3
2022-10-04T02:59:41.6306693Z Copying '/home/runner/.gitconfig' to '/home/runner/work/_temp/d6d18e0f-bde9-43c6-a187-7ce455e5fa38/.gitconfig'
2022-10-04T02:59:41.6318919Z Temporarily overriding HOME='/home/runner/work/_temp/d6d18e0f-bde9-43c6-a187-7ce455e5fa38' before making global git config changes
2022-10-04T02:59:41.6319860Z Adding repository directory to the temporary git global config as a safe directory
2022-10-04T02:59:41.6326553Z [command]/usr/bin/git config --global --add safe.directory /home/runner/work/GitHub_Stats_A/GitHub_Stats_A
2022-10-04T02:59:41.6379720Z [command]/usr/bin/git config --local --name-only --get-regexp core\.sshCommand
2022-10-04T02:59:41.6421921Z [command]/usr/bin/git submodule foreach --recursive git config --local --name-only --get-regexp 'core\.sshCommand' && git config --local --unset-all 'core.sshCommand' || :
2022-10-04T02:59:41.6779798Z [command]/usr/bin/git config --local --name-only --get-regexp http\.https\:\/\/github\.com\/\.extraheader
2022-10-04T02:59:41.6816251Z http.https://github.com/.extraheader
2022-10-04T02:59:41.6828828Z [command]/usr/bin/git config --local --unset-all http.https://github.com/.extraheader
2022-10-04T02:59:41.6872521Z [command]/usr/bin/git submodule foreach --recursive git config --local --name-only --get-regexp 'http\.https\:\/\/github\.com\/\.extraheader' && git config --local --unset-all 'http.https://github.com/.extraheader' || :
2022-10-04T02:59:41.7416393Z Cleaning up orphan processes
