2023-12-21T00:24:09.3773699Z Requested labels: ubuntu-latest
2023-12-21T00:24:09.3774054Z Job defined at: seanpm2001/GitHub_Stats_A/.github/workflows/main.yml@refs/heads/master
2023-12-21T00:24:09.3774247Z Waiting for a runner to pick up this job...
2023-12-21T00:24:10.1017902Z Job is waiting for a hosted runner to come online.
2023-12-21T00:24:12.0015778Z Job is about to start running on the hosted runner: GitHub Actions 3 (hosted)
2023-12-21T00:24:14.3788212Z Current runner version: '2.311.0'
2023-12-21T00:24:14.3813658Z ##[group]Operating System
2023-12-21T00:24:14.3814370Z Ubuntu
2023-12-21T00:24:14.3814732Z 22.04.3
2023-12-21T00:24:14.3815075Z LTS
2023-12-21T00:24:14.3815474Z ##[endgroup]
2023-12-21T00:24:14.3815817Z ##[group]Runner Image
2023-12-21T00:24:14.3816254Z Image: ubuntu-22.04
2023-12-21T00:24:14.3816710Z Version: 20231217.2.0
2023-12-21T00:24:14.3817710Z Included Software: https://github.com/actions/runner-images/blob/ubuntu22/20231217.2/images/ubuntu/Ubuntu2204-Readme.md
2023-12-21T00:24:14.3819108Z Image Release: https://github.com/actions/runner-images/releases/tag/ubuntu22%2F20231217.2
2023-12-21T00:24:14.3820040Z ##[endgroup]
2023-12-21T00:24:14.3820454Z ##[group]Runner Image Provisioner
2023-12-21T00:24:14.3820967Z 2.0.321.1
2023-12-21T00:24:14.3821329Z ##[endgroup]
2023-12-21T00:24:14.3822188Z ##[group]GITHUB_TOKEN Permissions
2023-12-21T00:24:14.3823797Z Contents: write
2023-12-21T00:24:14.3824258Z Metadata: read
2023-12-21T00:24:14.3824867Z ##[endgroup]
2023-12-21T00:24:14.3827851Z Secret source: Actions
2023-12-21T00:24:14.3828450Z Prepare workflow directory
2023-12-21T00:24:14.4455836Z Prepare all required actions
2023-12-21T00:24:14.4614024Z Getting action download info
2023-12-21T00:24:14.7299608Z Download action repository 'actions/checkout@v3' (SHA:f43a0e5ff2bd294095638e18286ca9a3d1956744)
2023-12-21T00:24:14.8704561Z Download action repository 'actions/setup-python@v4' (SHA:65d7f2d534ac1bc67fcd62888c5f4f3d2cb2b236)
2023-12-21T00:24:15.1095889Z Complete job name: build
2023-12-21T00:24:15.1994117Z ##[group]Run actions/checkout@v3
2023-12-21T00:24:15.1994666Z with:
2023-12-21T00:24:15.1995187Z   repository: seanpm2001/GitHub_Stats_A
2023-12-21T00:24:15.1995949Z   token: ***
2023-12-21T00:24:15.1996331Z   ssh-strict: true
2023-12-21T00:24:15.1996816Z   persist-credentials: true
2023-12-21T00:24:15.1997315Z   clean: true
2023-12-21T00:24:15.1997737Z   sparse-checkout-cone-mode: true
2023-12-21T00:24:15.1998263Z   fetch-depth: 1
2023-12-21T00:24:15.1998672Z   fetch-tags: false
2023-12-21T00:24:15.1999073Z   lfs: false
2023-12-21T00:24:15.1999497Z   submodules: false
2023-12-21T00:24:15.1999867Z   set-safe-directory: true
2023-12-21T00:24:15.2000327Z ##[endgroup]
2023-12-21T00:24:15.3660156Z Syncing repository: seanpm2001/GitHub_Stats_A
2023-12-21T00:24:15.3663022Z ##[group]Getting Git version info
2023-12-21T00:24:15.3664484Z Working directory is '/home/runner/work/GitHub_Stats_A/GitHub_Stats_A'
2023-12-21T00:24:15.3666601Z [command]/usr/bin/git version
2023-12-21T00:24:15.3667586Z git version 2.43.0
2023-12-21T00:24:15.3676406Z ##[endgroup]
2023-12-21T00:24:15.3695874Z Temporarily overriding HOME='/home/runner/work/_temp/4fab4712-bf97-413d-8bf3-1276ac91af93' before making global git config changes
2023-12-21T00:24:15.3698468Z Adding repository directory to the temporary git global config as a safe directory
2023-12-21T00:24:15.3700867Z [command]/usr/bin/git config --global --add safe.directory /home/runner/work/GitHub_Stats_A/GitHub_Stats_A
2023-12-21T00:24:15.3745732Z Deleting the contents of '/home/runner/work/GitHub_Stats_A/GitHub_Stats_A'
2023-12-21T00:24:15.3750306Z ##[group]Initializing the repository
2023-12-21T00:24:15.3754471Z [command]/usr/bin/git init /home/runner/work/GitHub_Stats_A/GitHub_Stats_A
2023-12-21T00:24:15.3820215Z hint: Using 'master' as the name for the initial branch. This default branch name
2023-12-21T00:24:15.3821813Z hint: is subject to change. To configure the initial branch name to use in all
2023-12-21T00:24:15.3823287Z hint: of your new repositories, which will suppress this warning, call:
2023-12-21T00:24:15.3824087Z hint: 
2023-12-21T00:24:15.3824640Z hint: 	git config --global init.defaultBranch <name>
2023-12-21T00:24:15.3825324Z hint: 
2023-12-21T00:24:15.3826478Z hint: Names commonly chosen instead of 'master' are 'main', 'trunk' and
2023-12-21T00:24:15.3828308Z hint: 'development'. The just-created branch can be renamed via this command:
2023-12-21T00:24:15.3829788Z hint: 
2023-12-21T00:24:15.3830617Z hint: 	git branch -m <name>
2023-12-21T00:24:15.3832640Z Initialized empty Git repository in /home/runner/work/GitHub_Stats_A/GitHub_Stats_A/.git/
2023-12-21T00:24:15.3838289Z [command]/usr/bin/git remote add origin https://github.com/seanpm2001/GitHub_Stats_A
2023-12-21T00:24:15.3880726Z ##[endgroup]
2023-12-21T00:24:15.3881839Z ##[group]Disabling automatic garbage collection
2023-12-21T00:24:15.3885653Z [command]/usr/bin/git config --local gc.auto 0
2023-12-21T00:24:15.3931094Z ##[endgroup]
2023-12-21T00:24:15.3931832Z ##[group]Setting up auth
2023-12-21T00:24:15.3937098Z [command]/usr/bin/git config --local --name-only --get-regexp core\.sshCommand
2023-12-21T00:24:15.3975477Z [command]/usr/bin/git submodule foreach --recursive sh -c "git config --local --name-only --get-regexp 'core\.sshCommand' && git config --local --unset-all 'core.sshCommand' || :"
2023-12-21T00:24:15.4296422Z [command]/usr/bin/git config --local --name-only --get-regexp http\.https\:\/\/github\.com\/\.extraheader
2023-12-21T00:24:15.4333338Z [command]/usr/bin/git submodule foreach --recursive sh -c "git config --local --name-only --get-regexp 'http\.https\:\/\/github\.com\/\.extraheader' && git config --local --unset-all 'http.https://github.com/.extraheader' || :"
2023-12-21T00:24:15.4571975Z [command]/usr/bin/git config --local http.https://github.com/.extraheader AUTHORIZATION: basic ***
2023-12-21T00:24:15.4613523Z ##[endgroup]
2023-12-21T00:24:15.4614266Z ##[group]Fetching the repository
2023-12-21T00:24:15.4622041Z [command]/usr/bin/git -c protocol.version=2 fetch --no-tags --prune --progress --no-recurse-submodules --depth=1 origin +fd6a05ff61da4de3b319dcc0fe29a14555dad24b:refs/remotes/origin/master
2023-12-21T00:24:15.9081817Z remote: Enumerating objects: 9604, done.        
2023-12-21T00:24:15.9090579Z remote: Counting objects:   0% (1/9604)        
2023-12-21T00:24:15.9092214Z remote: Counting objects:   1% (97/9604)        
2023-12-21T00:24:15.9093722Z remote: Counting objects:   2% (193/9604)        
2023-12-21T00:24:15.9094918Z remote: Counting objects:   3% (289/9604)        
2023-12-21T00:24:15.9096066Z remote: Counting objects:   4% (385/9604)        
2023-12-21T00:24:15.9097233Z remote: Counting objects:   5% (481/9604)        
2023-12-21T00:24:15.9098209Z remote: Counting objects:   6% (577/9604)        
2023-12-21T00:24:15.9098971Z remote: Counting objects:   7% (673/9604)        
2023-12-21T00:24:15.9099622Z remote: Counting objects:   8% (769/9604)        
2023-12-21T00:24:15.9100293Z remote: Counting objects:   9% (865/9604)        
2023-12-21T00:24:15.9101071Z remote: Counting objects:  10% (961/9604)        
2023-12-21T00:24:15.9101683Z remote: Counting objects:  11% (1057/9604)        
2023-12-21T00:24:15.9102366Z remote: Counting objects:  12% (1153/9604)        
2023-12-21T00:24:15.9103148Z remote: Counting objects:  13% (1249/9604)        
2023-12-21T00:24:15.9103831Z remote: Counting objects:  14% (1345/9604)        
2023-12-21T00:24:15.9104444Z remote: Counting objects:  15% (1441/9604)        
2023-12-21T00:24:15.9105175Z remote: Counting objects:  16% (1537/9604)        
2023-12-21T00:24:15.9105843Z remote: Counting objects:  17% (1633/9604)        
2023-12-21T00:24:15.9106548Z remote: Counting objects:  18% (1729/9604)        
2023-12-21T00:24:15.9613582Z remote: Counting objects:  19% (1825/9604)        
2023-12-21T00:24:15.9614823Z remote: Counting objects:  20% (1921/9604)        
2023-12-21T00:24:15.9616489Z remote: Counting objects:  21% (2017/9604)        
2023-12-21T00:24:15.9617793Z remote: Counting objects:  22% (2113/9604)        
2023-12-21T00:24:15.9619241Z remote: Counting objects:  23% (2209/9604)        
2023-12-21T00:24:15.9620553Z remote: Counting objects:  24% (2305/9604)        
2023-12-21T00:24:15.9621865Z remote: Counting objects:  25% (2401/9604)        
2023-12-21T00:24:15.9623240Z remote: Counting objects:  26% (2498/9604)        
2023-12-21T00:24:15.9624245Z remote: Counting objects:  27% (2594/9604)        
2023-12-21T00:24:15.9625048Z remote: Counting objects:  28% (2690/9604)        
2023-12-21T00:24:15.9626150Z remote: Counting objects:  29% (2786/9604)        
2023-12-21T00:24:15.9626814Z remote: Counting objects:  30% (2882/9604)        
2023-12-21T00:24:15.9627447Z remote: Counting objects:  31% (2978/9604)        
2023-12-21T00:24:15.9628118Z remote: Counting objects:  32% (3074/9604)        
2023-12-21T00:24:15.9628762Z remote: Counting objects:  33% (3170/9604)        
2023-12-21T00:24:15.9629399Z remote: Counting objects:  34% (3266/9604)        
2023-12-21T00:24:15.9630148Z remote: Counting objects:  35% (3362/9604)        
2023-12-21T00:24:15.9630775Z remote: Counting objects:  36% (3458/9604)        
2023-12-21T00:24:15.9631403Z remote: Counting objects:  37% (3554/9604)        
2023-12-21T00:24:15.9632429Z remote: Counting objects:  38% (3650/9604)        
2023-12-21T00:24:15.9633128Z remote: Counting objects:  39% (3746/9604)        
2023-12-21T00:24:15.9633726Z remote: Counting objects:  40% (3842/9604)        
2023-12-21T00:24:15.9634459Z remote: Counting objects:  41% (3938/9604)        
2023-12-21T00:24:15.9635097Z remote: Counting objects:  42% (4034/9604)        
2023-12-21T00:24:15.9635786Z remote: Counting objects:  43% (4130/9604)        
2023-12-21T00:24:15.9636402Z remote: Counting objects:  44% (4226/9604)        
2023-12-21T00:24:15.9637028Z remote: Counting objects:  45% (4322/9604)        
2023-12-21T00:24:15.9637720Z remote: Counting objects:  46% (4418/9604)        
2023-12-21T00:24:15.9638356Z remote: Counting objects:  47% (4514/9604)        
2023-12-21T00:24:15.9639161Z remote: Counting objects:  48% (4610/9604)        
2023-12-21T00:24:15.9639897Z remote: Counting objects:  49% (4706/9604)        
2023-12-21T00:24:15.9640551Z remote: Counting objects:  50% (4802/9604)        
2023-12-21T00:24:15.9641157Z remote: Counting objects:  51% (4899/9604)        
2023-12-21T00:24:15.9641881Z remote: Counting objects:  52% (4995/9604)        
2023-12-21T00:24:15.9642520Z remote: Counting objects:  53% (5091/9604)        
2023-12-21T00:24:15.9643148Z remote: Counting objects:  54% (5187/9604)        
2023-12-21T00:24:15.9643834Z remote: Counting objects:  55% (5283/9604)        
2023-12-21T00:24:15.9644470Z remote: Counting objects:  56% (5379/9604)        
2023-12-21T00:24:15.9645120Z remote: Counting objects:  57% (5475/9604)        
2023-12-21T00:24:15.9645838Z remote: Counting objects:  58% (5571/9604)        
2023-12-21T00:24:15.9646438Z remote: Counting objects:  59% (5667/9604)        
2023-12-21T00:24:15.9647082Z remote: Counting objects:  60% (5763/9604)        
2023-12-21T00:24:15.9647784Z remote: Counting objects:  61% (5859/9604)        
2023-12-21T00:24:15.9648411Z remote: Counting objects:  62% (5955/9604)        
2023-12-21T00:24:15.9649022Z remote: Counting objects:  63% (6051/9604)        
2023-12-21T00:24:15.9649733Z remote: Counting objects:  64% (6147/9604)        
2023-12-21T00:24:15.9650365Z remote: Counting objects:  65% (6243/9604)        
2023-12-21T00:24:15.9651011Z remote: Counting objects:  66% (6339/9604)        
2023-12-21T00:24:15.9651721Z remote: Counting objects:  67% (6435/9604)        
2023-12-21T00:24:15.9652336Z remote: Counting objects:  68% (6531/9604)        
2023-12-21T00:24:15.9652990Z remote: Counting objects:  69% (6627/9604)        
2023-12-21T00:24:15.9653710Z remote: Counting objects:  70% (6723/9604)        
2023-12-21T00:24:15.9654364Z remote: Counting objects:  71% (6819/9604)        
2023-12-21T00:24:15.9655051Z remote: Counting objects:  72% (6915/9604)        
2023-12-21T00:24:15.9655651Z remote: Counting objects:  73% (7011/9604)        
2023-12-21T00:24:15.9656297Z remote: Counting objects:  74% (7107/9604)        
2023-12-21T00:24:15.9656979Z remote: Counting objects:  75% (7203/9604)        
2023-12-21T00:24:15.9657621Z remote: Counting objects:  76% (7300/9604)        
2023-12-21T00:24:15.9658214Z remote: Counting objects:  77% (7396/9604)        
2023-12-21T00:24:15.9658901Z remote: Counting objects:  78% (7492/9604)        
2023-12-21T00:24:15.9659552Z remote: Counting objects:  79% (7588/9604)        
2023-12-21T00:24:15.9660403Z remote: Counting objects:  80% (7684/9604)        
2023-12-21T00:24:15.9661088Z remote: Counting objects:  81% (7780/9604)        
2023-12-21T00:24:15.9661751Z remote: Counting objects:  82% (7876/9604)        
2023-12-21T00:24:15.9662380Z remote: Counting objects:  83% (7972/9604)        
2023-12-21T00:24:15.9663091Z remote: Counting objects:  84% (8068/9604)        
2023-12-21T00:24:15.9663684Z remote: Counting objects:  85% (8164/9604)        
2023-12-21T00:24:15.9664307Z remote: Counting objects:  86% (8260/9604)        
2023-12-21T00:24:15.9665023Z remote: Counting objects:  87% (8356/9604)        
2023-12-21T00:24:15.9665651Z remote: Counting objects:  88% (8452/9604)        
2023-12-21T00:24:15.9666244Z remote: Counting objects:  89% (8548/9604)        
2023-12-21T00:24:15.9666946Z remote: Counting objects:  90% (8644/9604)        
2023-12-21T00:24:15.9667571Z remote: Counting objects:  91% (8740/9604)        
2023-12-21T00:24:15.9668236Z remote: Counting objects:  92% (8836/9604)        
2023-12-21T00:24:15.9668898Z remote: Counting objects:  93% (8932/9604)        
2023-12-21T00:24:15.9669520Z remote: Counting objects:  94% (9028/9604)        
2023-12-21T00:24:15.9670160Z remote: Counting objects:  95% (9124/9604)        
2023-12-21T00:24:15.9670845Z remote: Counting objects:  96% (9220/9604)        
2023-12-21T00:24:15.9671436Z remote: Counting objects:  97% (9316/9604)        
2023-12-21T00:24:15.9672228Z remote: Counting objects:  98% (9412/9604)        
2023-12-21T00:24:15.9673085Z remote: Counting objects:  99% (9508/9604)        
2023-12-21T00:24:15.9673728Z remote: Counting objects: 100% (9604/9604)        
2023-12-21T00:24:15.9674418Z remote: Counting objects: 100% (9604/9604), done.        
2023-12-21T00:24:15.9675205Z remote: Compressing objects:   0% (1/3696)        
2023-12-21T00:24:15.9675914Z remote: Compressing objects:   1% (37/3696)        
2023-12-21T00:24:15.9676543Z remote: Compressing objects:   2% (74/3696)        
2023-12-21T00:24:15.9794843Z remote: Compressing objects:   3% (111/3696)        
2023-12-21T00:24:15.9832649Z remote: Compressing objects:   4% (148/3696)        
2023-12-21T00:24:15.9836694Z remote: Compressing objects:   5% (185/3696)        
2023-12-21T00:24:15.9837868Z remote: Compressing objects:   6% (222/3696)        
2023-12-21T00:24:15.9838810Z remote: Compressing objects:   7% (259/3696)        
2023-12-21T00:24:15.9839589Z remote: Compressing objects:   8% (296/3696)        
2023-12-21T00:24:15.9840300Z remote: Compressing objects:   9% (333/3696)        
2023-12-21T00:24:15.9840987Z remote: Compressing objects:  10% (370/3696)        
2023-12-21T00:24:15.9841698Z remote: Compressing objects:  11% (407/3696)        
2023-12-21T00:24:15.9842406Z remote: Compressing objects:  12% (444/3696)        
2023-12-21T00:24:15.9843068Z remote: Compressing objects:  13% (481/3696)        
2023-12-21T00:24:15.9843810Z remote: Compressing objects:  14% (518/3696)        
2023-12-21T00:24:15.9844448Z remote: Compressing objects:  15% (555/3696)        
2023-12-21T00:24:15.9845117Z remote: Compressing objects:  16% (592/3696)        
2023-12-21T00:24:15.9845856Z remote: Compressing objects:  17% (629/3696)        
2023-12-21T00:24:15.9863433Z remote: Compressing objects:  18% (666/3696)        
2023-12-21T00:24:15.9864491Z remote: Compressing objects:  19% (703/3696)        
2023-12-21T00:24:15.9865855Z remote: Compressing objects:  20% (740/3696)        
2023-12-21T00:24:15.9867128Z remote: Compressing objects:  21% (777/3696)        
2023-12-21T00:24:15.9868015Z remote: Compressing objects:  22% (814/3696)        
2023-12-21T00:24:15.9868950Z remote: Compressing objects:  23% (851/3696)        
2023-12-21T00:24:15.9869828Z remote: Compressing objects:  24% (888/3696)        
2023-12-21T00:24:15.9870696Z remote: Compressing objects:  25% (924/3696)        
2023-12-21T00:24:15.9871605Z remote: Compressing objects:  26% (961/3696)        
2023-12-21T00:24:15.9872734Z remote: Compressing objects:  27% (998/3696)        
2023-12-21T00:24:15.9873610Z remote: Compressing objects:  28% (1035/3696)        
2023-12-21T00:24:15.9874839Z remote: Compressing objects:  29% (1072/3696)        
2023-12-21T00:24:16.0174565Z remote: Compressing objects:  30% (1109/3696)        
2023-12-21T00:24:16.0531768Z remote: Compressing objects:  31% (1146/3696)        
2023-12-21T00:24:16.0962922Z remote: Compressing objects:  32% (1183/3696)        
2023-12-21T00:24:16.1369205Z remote: Compressing objects:  33% (1220/3696)        
2023-12-21T00:24:16.1873984Z remote: Compressing objects:  34% (1257/3696)        
2023-12-21T00:24:16.2298364Z remote: Compressing objects:  35% (1294/3696)        
2023-12-21T00:24:16.2700397Z remote: Compressing objects:  36% (1331/3696)        
2023-12-21T00:24:16.3161662Z remote: Compressing objects:  37% (1368/3696)        
2023-12-21T00:24:16.3597713Z remote: Compressing objects:  38% (1405/3696)        
2023-12-21T00:24:16.3994122Z remote: Compressing objects:  39% (1442/3696)        
2023-12-21T00:24:16.4399817Z remote: Compressing objects:  40% (1479/3696)        
2023-12-21T00:24:16.4723989Z remote: Compressing objects:  41% (1516/3696)        
2023-12-21T00:24:16.4905506Z remote: Compressing objects:  42% (1553/3696)        
2023-12-21T00:24:16.5251159Z remote: Compressing objects:  43% (1590/3696)        
2023-12-21T00:24:16.6405207Z remote: Compressing objects:  44% (1627/3696)        
2023-12-21T00:24:16.6425937Z remote: Compressing objects:  45% (1664/3696)        
2023-12-21T00:24:16.6470240Z remote: Compressing objects:  46% (1701/3696)        
2023-12-21T00:24:16.6472750Z remote: Compressing objects:  47% (1738/3696)        
2023-12-21T00:24:16.6478612Z remote: Compressing objects:  48% (1775/3696)        
2023-12-21T00:24:16.6482199Z remote: Compressing objects:  49% (1812/3696)        
2023-12-21T00:24:16.6488576Z remote: Compressing objects:  50% (1848/3696)        
2023-12-21T00:24:16.6493507Z remote: Compressing objects:  51% (1885/3696)        
2023-12-21T00:24:16.6499984Z remote: Compressing objects:  52% (1922/3696)        
2023-12-21T00:24:16.6504351Z remote: Compressing objects:  53% (1959/3696)        
2023-12-21T00:24:16.6513987Z remote: Compressing objects:  54% (1996/3696)        
2023-12-21T00:24:16.6519302Z remote: Compressing objects:  55% (2033/3696)        
2023-12-21T00:24:16.6523123Z remote: Compressing objects:  56% (2070/3696)        
2023-12-21T00:24:16.6528515Z remote: Compressing objects:  57% (2107/3696)        
2023-12-21T00:24:16.6535880Z remote: Compressing objects:  58% (2144/3696)        
2023-12-21T00:24:16.6543137Z remote: Compressing objects:  59% (2181/3696)        
2023-12-21T00:24:16.6548192Z remote: Compressing objects:  60% (2218/3696)        
2023-12-21T00:24:16.6550553Z remote: Compressing objects:  61% (2255/3696)        
2023-12-21T00:24:16.6559029Z remote: Compressing objects:  62% (2292/3696)        
2023-12-21T00:24:16.6579269Z remote: Compressing objects:  63% (2329/3696)        
2023-12-21T00:24:16.6587159Z remote: Compressing objects:  64% (2366/3696)        
2023-12-21T00:24:16.6587788Z remote: Compressing objects:  65% (2403/3696)        
2023-12-21T00:24:16.6588302Z remote: Compressing objects:  66% (2440/3696)        
2023-12-21T00:24:16.6588920Z remote: Compressing objects:  67% (2477/3696)        
2023-12-21T00:24:16.6589388Z remote: Compressing objects:  68% (2514/3696)        
2023-12-21T00:24:16.6589890Z remote: Compressing objects:  69% (2551/3696)        
2023-12-21T00:24:16.6606844Z remote: Compressing objects:  70% (2588/3696)        
2023-12-21T00:24:16.6607402Z remote: Compressing objects:  71% (2625/3696)        
2023-12-21T00:24:16.6608057Z remote: Compressing objects:  72% (2662/3696)        
2023-12-21T00:24:16.6608761Z remote: Compressing objects:  73% (2699/3696)        
2023-12-21T00:24:16.6609417Z remote: Compressing objects:  74% (2736/3696)        
2023-12-21T00:24:16.6610069Z remote: Compressing objects:  75% (2772/3696)        
2023-12-21T00:24:16.6610908Z remote: Compressing objects:  76% (2809/3696)        
2023-12-21T00:24:16.6611847Z remote: Compressing objects:  77% (2846/3696)        
2023-12-21T00:24:16.6612776Z remote: Compressing objects:  78% (2883/3696)        
2023-12-21T00:24:16.6613874Z remote: Compressing objects:  79% (2920/3696)        
2023-12-21T00:24:16.6614781Z remote: Compressing objects:  80% (2957/3696)        
2023-12-21T00:24:16.6615365Z remote: Compressing objects:  81% (2994/3696)        
2023-12-21T00:24:16.6616087Z remote: Compressing objects:  82% (3031/3696)        
2023-12-21T00:24:16.6616749Z remote: Compressing objects:  83% (3068/3696)        
2023-12-21T00:24:16.6617391Z remote: Compressing objects:  84% (3105/3696)        
2023-12-21T00:24:16.6618063Z remote: Compressing objects:  85% (3142/3696)        
2023-12-21T00:24:16.6618578Z remote: Compressing objects:  86% (3179/3696)        
2023-12-21T00:24:16.6619069Z remote: Compressing objects:  87% (3216/3696)        
2023-12-21T00:24:16.6938625Z remote: Compressing objects:  88% (3253/3696)        
2023-12-21T00:24:16.6939693Z remote: Compressing objects:  89% (3290/3696)        
2023-12-21T00:24:16.6946023Z remote: Compressing objects:  90% (3327/3696)        
2023-12-21T00:24:16.6947354Z remote: Compressing objects:  91% (3364/3696)        
2023-12-21T00:24:16.6948867Z remote: Compressing objects:  92% (3401/3696)        
2023-12-21T00:24:16.6949862Z remote: Compressing objects:  93% (3438/3696)        
2023-12-21T00:24:16.6951330Z remote: Compressing objects:  94% (3475/3696)        
2023-12-21T00:24:16.6952398Z remote: Compressing objects:  95% (3512/3696)        
2023-12-21T00:24:16.6953617Z remote: Compressing objects:  96% (3549/3696)        
2023-12-21T00:24:16.6955224Z remote: Compressing objects:  97% (3586/3696)        
2023-12-21T00:24:16.6956146Z remote: Compressing objects:  98% (3623/3696)        
2023-12-21T00:24:16.6956839Z remote: Compressing objects:  99% (3660/3696)        
2023-12-21T00:24:16.6957412Z remote: Compressing objects: 100% (3696/3696)        
2023-12-21T00:24:16.6958001Z remote: Compressing objects: 100% (3696/3696), done.        
2023-12-21T00:24:16.8102499Z Receiving objects:   0% (1/9604)
2023-12-21T00:24:16.8205145Z Receiving objects:   1% (97/9604)
2023-12-21T00:24:16.8620566Z Receiving objects:   2% (193/9604)
2023-12-21T00:24:16.8667085Z Receiving objects:   3% (289/9604)
2023-12-21T00:24:16.8739590Z Receiving objects:   4% (385/9604)
2023-12-21T00:24:16.9138048Z Receiving objects:   5% (481/9604)
2023-12-21T00:24:16.9152739Z Receiving objects:   6% (577/9604)
2023-12-21T00:24:16.9166829Z Receiving objects:   7% (673/9604)
2023-12-21T00:24:16.9183797Z Receiving objects:   8% (769/9604)
2023-12-21T00:24:16.9199601Z Receiving objects:   9% (865/9604)
2023-12-21T00:24:16.9214101Z Receiving objects:  10% (961/9604)
2023-12-21T00:24:16.9244303Z Receiving objects:  11% (1057/9604)
2023-12-21T00:24:16.9246911Z Receiving objects:  12% (1153/9604)
2023-12-21T00:24:16.9249628Z Receiving objects:  13% (1249/9604)
2023-12-21T00:24:16.9697387Z Receiving objects:  14% (1345/9604)
2023-12-21T00:24:16.9788886Z Receiving objects:  15% (1441/9604)
2023-12-21T00:24:16.9874079Z Receiving objects:  16% (1537/9604)
2023-12-21T00:24:17.0229624Z Receiving objects:  17% (1633/9604)
2023-12-21T00:24:17.0300018Z Receiving objects:  18% (1729/9604)
2023-12-21T00:24:17.0374261Z Receiving objects:  19% (1825/9604)
2023-12-21T00:24:17.0449206Z Receiving objects:  20% (1921/9604)
2023-12-21T00:24:17.0521313Z Receiving objects:  21% (2017/9604)
2023-12-21T00:24:17.0592461Z Receiving objects:  22% (2113/9604)
2023-12-21T00:24:17.0704609Z Receiving objects:  23% (2209/9604)
2023-12-21T00:24:17.0799546Z Receiving objects:  24% (2305/9604)
2023-12-21T00:24:17.0877434Z Receiving objects:  25% (2401/9604)
2023-12-21T00:24:17.0971527Z Receiving objects:  26% (2498/9604)
2023-12-21T00:24:17.1263208Z Receiving objects:  27% (2594/9604)
2023-12-21T00:24:17.1345411Z Receiving objects:  28% (2690/9604)
2023-12-21T00:24:17.1437290Z Receiving objects:  29% (2786/9604)
2023-12-21T00:24:17.1511558Z Receiving objects:  30% (2882/9604)
2023-12-21T00:24:17.1606312Z Receiving objects:  31% (2978/9604)
2023-12-21T00:24:17.1779318Z Receiving objects:  32% (3074/9604)
2023-12-21T00:24:17.1872186Z Receiving objects:  33% (3170/9604)
2023-12-21T00:24:17.1952149Z Receiving objects:  34% (3266/9604)
2023-12-21T00:24:17.1988524Z Receiving objects:  35% (3362/9604)
2023-12-21T00:24:17.2026068Z Receiving objects:  36% (3458/9604)
2023-12-21T00:24:17.2066051Z Receiving objects:  37% (3554/9604), 11.43 MiB | 22.90 MiB/s
2023-12-21T00:24:17.2103751Z Receiving objects:  38% (3650/9604), 11.43 MiB | 22.90 MiB/s
2023-12-21T00:24:17.2303945Z Receiving objects:  39% (3746/9604), 11.43 MiB | 22.90 MiB/s
2023-12-21T00:24:17.2346422Z Receiving objects:  40% (3842/9604), 11.43 MiB | 22.90 MiB/s
2023-12-21T00:24:17.2494460Z Receiving objects:  41% (3938/9604), 11.43 MiB | 22.90 MiB/s
2023-12-21T00:24:17.2654516Z Receiving objects:  42% (4034/9604), 11.43 MiB | 22.90 MiB/s
2023-12-21T00:24:17.2890610Z Receiving objects:  43% (4130/9604), 11.43 MiB | 22.90 MiB/s
2023-12-21T00:24:17.2981314Z Receiving objects:  44% (4226/9604), 11.43 MiB | 22.90 MiB/s
2023-12-21T00:24:17.3102219Z Receiving objects:  45% (4322/9604), 11.43 MiB | 22.90 MiB/s
2023-12-21T00:24:17.3177286Z Receiving objects:  46% (4418/9604), 11.43 MiB | 22.90 MiB/s
2023-12-21T00:24:17.3432280Z Receiving objects:  47% (4514/9604), 11.43 MiB | 22.90 MiB/s
2023-12-21T00:24:17.3567209Z Receiving objects:  48% (4610/9604), 11.43 MiB | 22.90 MiB/s
2023-12-21T00:24:17.3702155Z Receiving objects:  49% (4706/9604), 11.43 MiB | 22.90 MiB/s
2023-12-21T00:24:17.3800126Z Receiving objects:  50% (4802/9604), 11.43 MiB | 22.90 MiB/s
2023-12-21T00:24:17.3944158Z Receiving objects:  51% (4899/9604), 11.43 MiB | 22.90 MiB/s
2023-12-21T00:24:17.4051250Z Receiving objects:  52% (4995/9604), 11.43 MiB | 22.90 MiB/s
2023-12-21T00:24:17.4183306Z Receiving objects:  53% (5091/9604), 11.43 MiB | 22.90 MiB/s
2023-12-21T00:24:17.4274224Z Receiving objects:  54% (5187/9604), 11.43 MiB | 22.90 MiB/s
2023-12-21T00:24:17.4526550Z Receiving objects:  55% (5283/9604), 11.43 MiB | 22.90 MiB/s
2023-12-21T00:24:17.4630519Z Receiving objects:  56% (5379/9604), 11.43 MiB | 22.90 MiB/s
2023-12-21T00:24:17.4745770Z Receiving objects:  57% (5475/9604), 11.43 MiB | 22.90 MiB/s
2023-12-21T00:24:17.4864692Z Receiving objects:  58% (5571/9604), 11.43 MiB | 22.90 MiB/s
2023-12-21T00:24:17.5067179Z Receiving objects:  59% (5667/9604), 11.43 MiB | 22.90 MiB/s
2023-12-21T00:24:17.5165623Z Receiving objects:  60% (5763/9604), 11.43 MiB | 22.90 MiB/s
2023-12-21T00:24:17.5327542Z Receiving objects:  61% (5859/9604), 11.43 MiB | 22.90 MiB/s
2023-12-21T00:24:17.5546100Z Receiving objects:  62% (5955/9604), 11.43 MiB | 22.90 MiB/s
2023-12-21T00:24:17.5637655Z Receiving objects:  63% (6051/9604), 11.43 MiB | 22.90 MiB/s
2023-12-21T00:24:17.5723818Z Receiving objects:  64% (6147/9604), 11.43 MiB | 22.90 MiB/s
2023-12-21T00:24:17.5845353Z Receiving objects:  65% (6243/9604), 11.43 MiB | 22.90 MiB/s
2023-12-21T00:24:17.5955274Z Receiving objects:  66% (6339/9604), 11.43 MiB | 22.90 MiB/s
2023-12-21T00:24:17.6124065Z Receiving objects:  67% (6435/9604), 11.43 MiB | 22.90 MiB/s
2023-12-21T00:24:17.6223520Z Receiving objects:  68% (6531/9604), 11.43 MiB | 22.90 MiB/s
2023-12-21T00:24:17.6330488Z Receiving objects:  69% (6627/9604), 11.43 MiB | 22.90 MiB/s
2023-12-21T00:24:17.6575423Z Receiving objects:  70% (6723/9604), 11.43 MiB | 22.90 MiB/s
2023-12-21T00:24:17.6681553Z Receiving objects:  71% (6819/9604), 11.43 MiB | 22.90 MiB/s
2023-12-21T00:24:17.6781717Z Receiving objects:  72% (6915/9604), 11.43 MiB | 22.90 MiB/s
2023-12-21T00:24:17.6868764Z Receiving objects:  73% (7011/9604), 11.43 MiB | 22.90 MiB/s
2023-12-21T00:24:17.6971420Z Receiving objects:  74% (7107/9604), 11.43 MiB | 22.90 MiB/s
2023-12-21T00:24:17.7024209Z Receiving objects:  75% (7203/9604), 11.43 MiB | 22.90 MiB/s
2023-12-21T00:24:17.7110691Z Receiving objects:  75% (7249/9604), 11.43 MiB | 22.90 MiB/s
2023-12-21T00:24:17.7206534Z Receiving objects:  76% (7300/9604), 34.21 MiB | 34.24 MiB/s
2023-12-21T00:24:17.7297829Z Receiving objects:  77% (7396/9604), 34.21 MiB | 34.24 MiB/s
2023-12-21T00:24:17.7453626Z Receiving objects:  78% (7492/9604), 34.21 MiB | 34.24 MiB/s
2023-12-21T00:24:17.7640485Z Receiving objects:  79% (7588/9604), 34.21 MiB | 34.24 MiB/s
2023-12-21T00:24:17.7793097Z Receiving objects:  80% (7684/9604), 34.21 MiB | 34.24 MiB/s
2023-12-21T00:24:17.7859319Z Receiving objects:  81% (7780/9604), 34.21 MiB | 34.24 MiB/s
2023-12-21T00:24:17.7956370Z Receiving objects:  82% (7876/9604), 34.21 MiB | 34.24 MiB/s
2023-12-21T00:24:17.8063500Z Receiving objects:  83% (7972/9604), 34.21 MiB | 34.24 MiB/s
2023-12-21T00:24:17.8198552Z Receiving objects:  84% (8068/9604), 34.21 MiB | 34.24 MiB/s
2023-12-21T00:24:17.8299924Z Receiving objects:  85% (8164/9604), 34.21 MiB | 34.24 MiB/s
2023-12-21T00:24:17.8377932Z Receiving objects:  86% (8260/9604), 34.21 MiB | 34.24 MiB/s
2023-12-21T00:24:17.8480966Z Receiving objects:  87% (8356/9604), 34.21 MiB | 34.24 MiB/s
2023-12-21T00:24:17.8575040Z Receiving objects:  88% (8452/9604), 34.21 MiB | 34.24 MiB/s
2023-12-21T00:24:17.8617470Z Receiving objects:  89% (8548/9604), 34.21 MiB | 34.24 MiB/s
2023-12-21T00:24:17.8643427Z Receiving objects:  90% (8644/9604), 34.21 MiB | 34.24 MiB/s
2023-12-21T00:24:17.8650065Z Receiving objects:  91% (8740/9604), 34.21 MiB | 34.24 MiB/s
2023-12-21T00:24:17.8653447Z Receiving objects:  92% (8836/9604), 34.21 MiB | 34.24 MiB/s
2023-12-21T00:24:17.8658767Z Receiving objects:  93% (8932/9604), 34.21 MiB | 34.24 MiB/s
2023-12-21T00:24:17.8667376Z Receiving objects:  94% (9028/9604), 34.21 MiB | 34.24 MiB/s
2023-12-21T00:24:17.8807375Z Receiving objects:  95% (9124/9604), 34.21 MiB | 34.24 MiB/s
2023-12-21T00:24:17.8938979Z Receiving objects:  96% (9220/9604), 34.21 MiB | 34.24 MiB/s
2023-12-21T00:24:17.9313564Z Receiving objects:  97% (9316/9604), 34.21 MiB | 34.24 MiB/s
2023-12-21T00:24:17.9350734Z Receiving objects:  98% (9412/9604), 34.21 MiB | 34.24 MiB/s
2023-12-21T00:24:17.9557653Z Receiving objects:  99% (9508/9604), 34.21 MiB | 34.24 MiB/s
2023-12-21T00:24:17.9559402Z remote: Total 9604 (delta 5599), reused 9235 (delta 5506), pack-reused 0        
2023-12-21T00:24:17.9571550Z Receiving objects: 100% (9604/9604), 34.21 MiB | 34.24 MiB/s
2023-12-21T00:24:17.9572544Z Receiving objects: 100% (9604/9604), 46.71 MiB | 37.25 MiB/s, done.
2023-12-21T00:24:17.9627213Z Resolving deltas:   0% (0/5599)
2023-12-21T00:24:17.9721411Z Resolving deltas:   1% (56/5599)
2023-12-21T00:24:17.9809759Z Resolving deltas:   2% (112/5599)
2023-12-21T00:24:17.9899093Z Resolving deltas:   3% (168/5599)
2023-12-21T00:24:17.9961645Z Resolving deltas:   4% (224/5599)
2023-12-21T00:24:18.0034998Z Resolving deltas:   5% (280/5599)
2023-12-21T00:24:18.0059661Z Resolving deltas:   6% (336/5599)
2023-12-21T00:24:18.0066436Z Resolving deltas:   7% (392/5599)
2023-12-21T00:24:18.0072461Z Resolving deltas:   8% (448/5599)
2023-12-21T00:24:18.0077531Z Resolving deltas:   9% (504/5599)
2023-12-21T00:24:18.0083016Z Resolving deltas:  10% (560/5599)
2023-12-21T00:24:18.0090780Z Resolving deltas:  11% (616/5599)
2023-12-21T00:24:18.0094632Z Resolving deltas:  12% (672/5599)
2023-12-21T00:24:18.0104361Z Resolving deltas:  13% (728/5599)
2023-12-21T00:24:18.0227982Z Resolving deltas:  14% (784/5599)
2023-12-21T00:24:18.0370989Z Resolving deltas:  15% (840/5599)
2023-12-21T00:24:18.0470779Z Resolving deltas:  16% (896/5599)
2023-12-21T00:24:18.0624455Z Resolving deltas:  17% (952/5599)
2023-12-21T00:24:18.0799591Z Resolving deltas:  18% (1008/5599)
2023-12-21T00:24:18.1030575Z Resolving deltas:  19% (1064/5599)
2023-12-21T00:24:18.1132127Z Resolving deltas:  20% (1121/5599)
2023-12-21T00:24:18.1217892Z Resolving deltas:  21% (1176/5599)
2023-12-21T00:24:18.1239132Z Resolving deltas:  22% (1232/5599)
2023-12-21T00:24:18.1244670Z Resolving deltas:  23% (1288/5599)
2023-12-21T00:24:18.1248671Z Resolving deltas:  24% (1344/5599)
2023-12-21T00:24:18.1257319Z Resolving deltas:  25% (1400/5599)
2023-12-21T00:24:18.1265123Z Resolving deltas:  26% (1456/5599)
2023-12-21T00:24:18.1323101Z Resolving deltas:  27% (1512/5599)
2023-12-21T00:24:18.1358706Z Resolving deltas:  28% (1568/5599)
2023-12-21T00:24:18.1374330Z Resolving deltas:  29% (1624/5599)
2023-12-21T00:24:18.1407605Z Resolving deltas:  30% (1680/5599)
2023-12-21T00:24:18.1460376Z Resolving deltas:  31% (1736/5599)
2023-12-21T00:24:18.1488416Z Resolving deltas:  32% (1792/5599)
2023-12-21T00:24:18.1506937Z Resolving deltas:  33% (1848/5599)
2023-12-21T00:24:18.1511264Z Resolving deltas:  34% (1904/5599)
2023-12-21T00:24:18.1513397Z Resolving deltas:  35% (1960/5599)
2023-12-21T00:24:18.1516440Z Resolving deltas:  36% (2016/5599)
2023-12-21T00:24:18.1529282Z Resolving deltas:  37% (2072/5599)
2023-12-21T00:24:18.1556015Z Resolving deltas:  38% (2128/5599)
2023-12-21T00:24:18.1575503Z Resolving deltas:  39% (2184/5599)
2023-12-21T00:24:18.1604488Z Resolving deltas:  40% (2240/5599)
2023-12-21T00:24:18.1622624Z Resolving deltas:  41% (2296/5599)
2023-12-21T00:24:18.1649743Z Resolving deltas:  42% (2352/5599)
2023-12-21T00:24:18.1660811Z Resolving deltas:  43% (2409/5599)
2023-12-21T00:24:18.1664517Z Resolving deltas:  44% (2464/5599)
2023-12-21T00:24:18.1795655Z Resolving deltas:  45% (2520/5599)
2023-12-21T00:24:18.1931599Z Resolving deltas:  46% (2576/5599)
2023-12-21T00:24:18.2084824Z Resolving deltas:  47% (2632/5599)
2023-12-21T00:24:18.2236145Z Resolving deltas:  48% (2688/5599)
2023-12-21T00:24:18.2365899Z Resolving deltas:  49% (2744/5599)
2023-12-21T00:24:18.2445409Z Resolving deltas:  50% (2800/5599)
2023-12-21T00:24:18.2678314Z Resolving deltas:  51% (2856/5599)
2023-12-21T00:24:18.2830351Z Resolving deltas:  52% (2912/5599)
2023-12-21T00:24:18.2985893Z Resolving deltas:  53% (2968/5599)
2023-12-21T00:24:18.3225366Z Resolving deltas:  54% (3024/5599)
2023-12-21T00:24:18.3408549Z Resolving deltas:  55% (3080/5599)
2023-12-21T00:24:18.3547656Z Resolving deltas:  56% (3136/5599)
2023-12-21T00:24:18.3558337Z Resolving deltas:  57% (3192/5599)
2023-12-21T00:24:18.3571839Z Resolving deltas:  58% (3248/5599)
2023-12-21T00:24:18.3631205Z Resolving deltas:  59% (3304/5599)
2023-12-21T00:24:18.3794799Z Resolving deltas:  60% (3360/5599)
2023-12-21T00:24:18.3965894Z Resolving deltas:  61% (3416/5599)
2023-12-21T00:24:18.4052537Z Resolving deltas:  62% (3472/5599)
2023-12-21T00:24:18.4124987Z Resolving deltas:  63% (3528/5599)
2023-12-21T00:24:18.4157528Z Resolving deltas:  64% (3584/5599)
2023-12-21T00:24:18.4172118Z Resolving deltas:  65% (3640/5599)
2023-12-21T00:24:18.4175652Z Resolving deltas:  66% (3696/5599)
2023-12-21T00:24:18.4179718Z Resolving deltas:  67% (3752/5599)
2023-12-21T00:24:18.4184793Z Resolving deltas:  68% (3808/5599)
2023-12-21T00:24:18.4189085Z Resolving deltas:  69% (3864/5599)
2023-12-21T00:24:18.4192075Z Resolving deltas:  70% (3921/5599)
2023-12-21T00:24:18.4199893Z Resolving deltas:  71% (3976/5599)
2023-12-21T00:24:18.4206662Z Resolving deltas:  72% (4032/5599)
2023-12-21T00:24:18.4217396Z Resolving deltas:  73% (4088/5599)
2023-12-21T00:24:18.4233216Z Resolving deltas:  74% (4144/5599)
2023-12-21T00:24:18.4247867Z Resolving deltas:  75% (4200/5599)
2023-12-21T00:24:18.4259566Z Resolving deltas:  76% (4256/5599)
2023-12-21T00:24:18.4268456Z Resolving deltas:  77% (4312/5599)
2023-12-21T00:24:18.4275179Z Resolving deltas:  78% (4368/5599)
2023-12-21T00:24:18.4284516Z Resolving deltas:  79% (4424/5599)
2023-12-21T00:24:18.4415249Z Resolving deltas:  80% (4480/5599)
2023-12-21T00:24:18.4543499Z Resolving deltas:  81% (4536/5599)
2023-12-21T00:24:18.4659424Z Resolving deltas:  82% (4592/5599)
2023-12-21T00:24:18.4736516Z Resolving deltas:  83% (4648/5599)
2023-12-21T00:24:18.4849949Z Resolving deltas:  84% (4704/5599)
2023-12-21T00:24:18.4882698Z Resolving deltas:  85% (4760/5599)
2023-12-21T00:24:18.4901725Z Resolving deltas:  86% (4816/5599)
2023-12-21T00:24:18.4933014Z Resolving deltas:  87% (4872/5599)
2023-12-21T00:24:18.4963533Z Resolving deltas:  88% (4928/5599)
2023-12-21T00:24:18.5004575Z Resolving deltas:  89% (4984/5599)
2023-12-21T00:24:18.5041146Z Resolving deltas:  90% (5040/5599)
2023-12-21T00:24:18.5084303Z Resolving deltas:  91% (5096/5599)
2023-12-21T00:24:18.5135017Z Resolving deltas:  92% (5152/5599)
2023-12-21T00:24:18.5187833Z Resolving deltas:  93% (5208/5599)
2023-12-21T00:24:18.5229278Z Resolving deltas:  94% (5264/5599)
2023-12-21T00:24:18.5309389Z Resolving deltas:  95% (5320/5599)
2023-12-21T00:24:18.5397367Z Resolving deltas:  96% (5376/5599)
2023-12-21T00:24:18.5475587Z Resolving deltas:  97% (5432/5599)
2023-12-21T00:24:18.5513009Z Resolving deltas:  98% (5488/5599)
2023-12-21T00:24:18.5566117Z Resolving deltas:  99% (5544/5599)
2023-12-21T00:24:18.5569470Z Resolving deltas: 100% (5599/5599)
2023-12-21T00:24:18.5570009Z Resolving deltas: 100% (5599/5599), done.
2023-12-21T00:24:18.6223287Z From https://github.com/seanpm2001/GitHub_Stats_A
2023-12-21T00:24:18.6224356Z  * [new ref]         fd6a05ff61da4de3b319dcc0fe29a14555dad24b -> origin/master
2023-12-21T00:24:18.6250129Z ##[endgroup]
2023-12-21T00:24:18.6250839Z ##[group]Determining the checkout info
2023-12-21T00:24:18.6252012Z ##[endgroup]
2023-12-21T00:24:18.6252800Z ##[group]Checking out the ref
2023-12-21T00:24:18.6256728Z [command]/usr/bin/git checkout --progress --force -B master refs/remotes/origin/master
2023-12-21T00:24:19.6468069Z Updating files:  66% (6661/9998)
2023-12-21T00:24:19.6613266Z Updating files:  67% (6699/9998)
2023-12-21T00:24:19.6801929Z Updating files:  68% (6799/9998)
2023-12-21T00:24:19.7005144Z Updating files:  69% (6899/9998)
2023-12-21T00:24:19.7128035Z Updating files:  70% (6999/9998)
2023-12-21T00:24:19.7316568Z Updating files:  71% (7099/9998)
2023-12-21T00:24:19.7431086Z Updating files:  72% (7199/9998)
2023-12-21T00:24:19.7607725Z Updating files:  73% (7299/9998)
2023-12-21T00:24:19.7730685Z Updating files:  74% (7399/9998)
2023-12-21T00:24:19.7881030Z Updating files:  75% (7499/9998)
2023-12-21T00:24:19.8002815Z Updating files:  76% (7599/9998)
2023-12-21T00:24:19.8094134Z Updating files:  77% (7699/9998)
2023-12-21T00:24:19.8209089Z Updating files:  78% (7799/9998)
2023-12-21T00:24:19.8373125Z Updating files:  79% (7899/9998)
2023-12-21T00:24:19.8434588Z Updating files:  80% (7999/9998)
2023-12-21T00:24:19.8618956Z Updating files:  81% (8099/9998)
2023-12-21T00:24:19.8777942Z Updating files:  82% (8199/9998)
2023-12-21T00:24:19.8817381Z Updating files:  83% (8299/9998)
2023-12-21T00:24:19.8859947Z Updating files:  84% (8399/9998)
2023-12-21T00:24:19.8951231Z Updating files:  85% (8499/9998)
2023-12-21T00:24:19.9043486Z Updating files:  86% (8599/9998)
2023-12-21T00:24:19.9162282Z Updating files:  87% (8699/9998)
2023-12-21T00:24:19.9257584Z Updating files:  88% (8799/9998)
2023-12-21T00:24:19.9415379Z Updating files:  89% (8899/9998)
2023-12-21T00:24:19.9560648Z Updating files:  90% (8999/9998)
2023-12-21T00:24:19.9721933Z Updating files:  91% (9099/9998)
2023-12-21T00:24:19.9924418Z Updating files:  92% (9199/9998)
2023-12-21T00:24:20.0133508Z Updating files:  93% (9299/9998)
2023-12-21T00:24:20.0309296Z Updating files:  94% (9399/9998)
2023-12-21T00:24:20.0392752Z Updating files:  95% (9499/9998)
2023-12-21T00:24:20.0508797Z Updating files:  96% (9599/9998)
2023-12-21T00:24:20.0647068Z Updating files:  97% (9699/9998)
2023-12-21T00:24:20.0789983Z Updating files:  98% (9799/9998)
2023-12-21T00:24:20.0928524Z Updating files:  99% (9899/9998)
2023-12-21T00:24:20.0929051Z Updating files: 100% (9998/9998)
2023-12-21T00:24:20.0929513Z Updating files: 100% (9998/9998), done.
2023-12-21T00:24:20.1060768Z Reset branch 'master'
2023-12-21T00:24:20.1061563Z branch 'master' set up to track 'origin/master'.
2023-12-21T00:24:20.1163594Z ##[endgroup]
2023-12-21T00:24:20.1214492Z [command]/usr/bin/git log -1 --format='%H'
2023-12-21T00:24:20.1250671Z 'fd6a05ff61da4de3b319dcc0fe29a14555dad24b'
2023-12-21T00:24:20.1590255Z ##[group]Run actions/setup-python@v4
2023-12-21T00:24:20.1590847Z with:
2023-12-21T00:24:20.1591223Z   python-version: 3.8
2023-12-21T00:24:20.1591584Z   architecture: x64
2023-12-21T00:24:20.1592685Z   cache: pip
2023-12-21T00:24:20.1593025Z   check-latest: false
2023-12-21T00:24:20.1593682Z   token: ***
2023-12-21T00:24:20.1594009Z   update-environment: true
2023-12-21T00:24:20.1594398Z   allow-prereleases: false
2023-12-21T00:24:20.1595094Z ##[endgroup]
2023-12-21T00:24:20.2964101Z ##[group]Installed versions
2023-12-21T00:24:20.3041967Z Successfully set up CPython (3.8.18)
2023-12-21T00:24:20.3043583Z ##[endgroup]
2023-12-21T00:24:21.2378002Z [command]/opt/hostedtoolcache/Python/3.8.18/x64/bin/pip cache dir
2023-12-21T00:24:22.8352816Z /home/runner/.cache/pip
2023-12-21T00:24:24.2614303Z Received 6245959 of 6245959 (100.0%), 6.7 MBs/sec
2023-12-21T00:24:24.2615194Z Cache Size: ~6 MB (6245959 B)
2023-12-21T00:24:24.2658333Z [command]/usr/bin/tar -xf /home/runner/work/_temp/8b05f319-6211-4fd0-8f0e-06ce12b8fc58/cache.tzst -P -C /home/runner/work/GitHub_Stats_A/GitHub_Stats_A --use-compress-program unzstd
2023-12-21T00:24:24.2982474Z Cache restored successfully
2023-12-21T00:24:24.3002916Z Cache restored from key: setup-python-Linux-22.04-Ubuntu-python-3.8.18-pip-60f2a6c0212a9b74a155cd81b58dd07fd8b180833132566260d95f4de42fe218
2023-12-21T00:24:24.3182471Z ##[group]Run python3 -m pip install --upgrade pip setuptools wheel
2023-12-21T00:24:24.3183266Z [36;1mpython3 -m pip install --upgrade pip setuptools wheel[0m
2023-12-21T00:24:24.3183992Z [36;1mpython3 -m pip install -r requirements.txt[0m
2023-12-21T00:24:24.3251390Z shell: /usr/bin/bash -e {0}
2023-12-21T00:24:24.3251814Z env:
2023-12-21T00:24:24.3252256Z   pythonLocation: /opt/hostedtoolcache/Python/3.8.18/x64
2023-12-21T00:24:24.3252996Z   PKG_CONFIG_PATH: /opt/hostedtoolcache/Python/3.8.18/x64/lib/pkgconfig
2023-12-21T00:24:24.3253599Z   Python_ROOT_DIR: /opt/hostedtoolcache/Python/3.8.18/x64
2023-12-21T00:24:24.3254177Z   Python2_ROOT_DIR: /opt/hostedtoolcache/Python/3.8.18/x64
2023-12-21T00:24:24.3254807Z   Python3_ROOT_DIR: /opt/hostedtoolcache/Python/3.8.18/x64
2023-12-21T00:24:24.3255393Z   LD_LIBRARY_PATH: /opt/hostedtoolcache/Python/3.8.18/x64/lib
2023-12-21T00:24:24.3255903Z ##[endgroup]
2023-12-21T00:24:25.4266679Z Requirement already satisfied: pip in /opt/hostedtoolcache/Python/3.8.18/x64/lib/python3.8/site-packages (23.0.1)
2023-12-21T00:24:25.5753834Z Collecting pip
2023-12-21T00:24:25.6538415Z   Downloading pip-23.3.2-py3-none-any.whl.metadata (3.5 kB)
2023-12-21T00:24:25.6570804Z Requirement already satisfied: setuptools in /opt/hostedtoolcache/Python/3.8.18/x64/lib/python3.8/site-packages (56.0.0)
2023-12-21T00:24:25.8817318Z Collecting setuptools
2023-12-21T00:24:25.8935185Z   Downloading setuptools-69.0.2-py3-none-any.whl.metadata (6.3 kB)
2023-12-21T00:24:25.9369210Z Collecting wheel
2023-12-21T00:24:25.9477110Z   Downloading wheel-0.42.0-py3-none-any.whl.metadata (2.2 kB)
2023-12-21T00:24:26.0041549Z Downloading pip-23.3.2-py3-none-any.whl (2.1 MB)
2023-12-21T00:24:26.1776727Z    â”â”â”â”â”â”â”â”â”â”â”â”â”â”â”â”â”â”â”â”â”â”â”â”â”â”â”â”â”â”â”â”â”â”â”â”â”â”â”â” 2.1/2.1 MB 12.4 MB/s eta 0:00:00
2023-12-21T00:24:26.1881573Z Downloading setuptools-69.0.2-py3-none-any.whl (819 kB)
2023-12-21T00:24:26.2288437Z    â”â”â”â”â”â”â”â”â”â”â”â”â”â”â”â”â”â”â”â”â”â”â”â”â”â”â”â”â”â”â”â”â”â”â”â”â”â”â”â” 819.5/819.5 kB 20.9 MB/s eta 0:00:00
2023-12-21T00:24:26.2394162Z Downloading wheel-0.42.0-py3-none-any.whl (65 kB)
2023-12-21T00:24:26.2455082Z    â”â”â”â”â”â”â”â”â”â”â”â”â”â”â”â”â”â”â”â”â”â”â”â”â”â”â”â”â”â”â”â”â”â”â”â”â”â”â”â” 65.4/65.4 kB 13.7 MB/s eta 0:00:00
2023-12-21T00:24:26.3291848Z Installing collected packages: wheel, setuptools, pip
2023-12-21T00:24:26.3680412Z   Attempting uninstall: setuptools
2023-12-21T00:24:26.3687222Z     Found existing installation: setuptools 56.0.0
2023-12-21T00:24:26.3887523Z     Uninstalling setuptools-56.0.0:
2023-12-21T00:24:26.3986223Z       Successfully uninstalled setuptools-56.0.0
2023-12-21T00:24:26.7711270Z   Attempting uninstall: pip
2023-12-21T00:24:26.7716915Z     Found existing installation: pip 23.0.1
2023-12-21T00:24:26.8249244Z     Uninstalling pip-23.0.1:
2023-12-21T00:24:26.8877635Z       Successfully uninstalled pip-23.0.1
2023-12-21T00:24:27.8209609Z Successfully installed pip-23.3.2 setuptools-69.0.2 wheel-0.42.0
2023-12-21T00:24:29.4764252Z Collecting requests (from -r requirements.txt (line 1))
2023-12-21T00:24:29.5429088Z   Downloading requests-2.31.0-py3-none-any.whl.metadata (4.6 kB)
2023-12-21T00:24:29.8092065Z Collecting aiohttp (from -r requirements.txt (line 2))
2023-12-21T00:24:29.8205435Z   Downloading aiohttp-3.9.1-cp38-cp38-manylinux_2_17_x86_64.manylinux2014_x86_64.whl.metadata (7.4 kB)
2023-12-21T00:24:29.9202309Z Collecting charset-normalizer<4,>=2 (from requests->-r requirements.txt (line 1))
2023-12-21T00:24:29.9314890Z   Downloading charset_normalizer-3.3.2-cp38-cp38-manylinux_2_17_x86_64.manylinux2014_x86_64.whl.metadata (33 kB)
2023-12-21T00:24:29.9679461Z Collecting idna<4,>=2.5 (from requests->-r requirements.txt (line 1))
2023-12-21T00:24:29.9786206Z   Downloading idna-3.6-py3-none-any.whl.metadata (9.9 kB)
2023-12-21T00:24:30.0384230Z Collecting urllib3<3,>=1.21.1 (from requests->-r requirements.txt (line 1))
2023-12-21T00:24:30.0494523Z   Downloading urllib3-2.1.0-py3-none-any.whl.metadata (6.4 kB)
2023-12-21T00:24:30.0840937Z Collecting certifi>=2017.4.17 (from requests->-r requirements.txt (line 1))
2023-12-21T00:24:30.0948242Z   Downloading certifi-2023.11.17-py3-none-any.whl.metadata (2.2 kB)
2023-12-21T00:24:30.1368343Z Collecting attrs>=17.3.0 (from aiohttp->-r requirements.txt (line 2))
2023-12-21T00:24:30.1488541Z   Downloading attrs-23.1.0-py3-none-any.whl (61 kB)
2023-12-21T00:24:30.1585710Z      â”â”â”â”â”â”â”â”â”â”â”â”â”â”â”â”â”â”â”â”â”â”â”â”â”â”â”â”â”â”â”â”â”â”â”â”â”â”â”â” 61.2/61.2 kB 7.2 MB/s eta 0:00:00
2023-12-21T00:24:30.3575114Z Collecting multidict<7.0,>=4.5 (from aiohttp->-r requirements.txt (line 2))
2023-12-21T00:24:30.3685916Z   Downloading multidict-6.0.4-cp38-cp38-manylinux_2_17_x86_64.manylinux2014_x86_64.whl (121 kB)
2023-12-21T00:24:30.3763768Z      â”â”â”â”â”â”â”â”â”â”â”â”â”â”â”â”â”â”â”â”â”â”â”â”â”â”â”â”â”â”â”â”â”â”â”â”â”â” 121.3/121.3 kB 21.0 MB/s eta 0:00:00
2023-12-21T00:24:30.5143327Z Collecting yarl<2.0,>=1.0 (from aiohttp->-r requirements.txt (line 2))
2023-12-21T00:24:30.5284313Z   Downloading yarl-1.9.4-cp38-cp38-manylinux_2_17_x86_64.manylinux2014_x86_64.whl.metadata (31 kB)
2023-12-21T00:24:30.6170857Z Collecting frozenlist>=1.1.1 (from aiohttp->-r requirements.txt (line 2))
2023-12-21T00:24:30.6404180Z   Downloading frozenlist-1.4.1-cp38-cp38-manylinux_2_5_x86_64.manylinux1_x86_64.manylinux_2_17_x86_64.manylinux2014_x86_64.whl.metadata (12 kB)
2023-12-21T00:24:30.6651365Z Collecting aiosignal>=1.1.2 (from aiohttp->-r requirements.txt (line 2))
2023-12-21T00:24:30.6759574Z   Downloading aiosignal-1.3.1-py3-none-any.whl (7.6 kB)
2023-12-21T00:24:30.7043284Z Collecting async-timeout<5.0,>=4.0 (from aiohttp->-r requirements.txt (line 2))
2023-12-21T00:24:30.7148932Z   Downloading async_timeout-4.0.3-py3-none-any.whl.metadata (4.2 kB)
2023-12-21T00:24:30.7841109Z Downloading requests-2.31.0-py3-none-any.whl (62 kB)
2023-12-21T00:24:30.7891597Z    â”â”â”â”â”â”â”â”â”â”â”â”â”â”â”â”â”â”â”â”â”â”â”â”â”â”â”â”â”â”â”â”â”â”â”â”â”â”â”â” 62.6/62.6 kB 18.1 MB/s eta 0:00:00
2023-12-21T00:24:30.8013251Z Downloading aiohttp-3.9.1-cp38-cp38-manylinux_2_17_x86_64.manylinux2014_x86_64.whl (1.3 MB)
2023-12-21T00:24:30.8299791Z    â”â”â”â”â”â”â”â”â”â”â”â”â”â”â”â”â”â”â”â”â”â”â”â”â”â”â”â”â”â”â”â”â”â”â”â”â”â”â”â” 1.3/1.3 MB 47.0 MB/s eta 0:00:00
2023-12-21T00:24:30.8406763Z Downloading async_timeout-4.0.3-py3-none-any.whl (5.7 kB)
2023-12-21T00:24:30.8539935Z Downloading certifi-2023.11.17-py3-none-any.whl (162 kB)
2023-12-21T00:24:30.8607093Z    â”â”â”â”â”â”â”â”â”â”â”â”â”â”â”â”â”â”â”â”â”â”â”â”â”â”â”â”â”â”â”â”â”â”â”â”â”â”â”â” 162.5/162.5 kB 32.5 MB/s eta 0:00:00
2023-12-21T00:24:30.8724594Z Downloading charset_normalizer-3.3.2-cp38-cp38-manylinux_2_17_x86_64.manylinux2014_x86_64.whl (141 kB)
2023-12-21T00:24:30.8781409Z    â”â”â”â”â”â”â”â”â”â”â”â”â”â”â”â”â”â”â”â”â”â”â”â”â”â”â”â”â”â”â”â”â”â”â”â”â”â”â”â” 141.1/141.1 kB 39.7 MB/s eta 0:00:00
2023-12-21T00:24:30.8909941Z Downloading frozenlist-1.4.1-cp38-cp38-manylinux_2_5_x86_64.manylinux1_x86_64.manylinux_2_17_x86_64.manylinux2014_x86_64.whl (240 kB)
2023-12-21T00:24:30.8976265Z    â”â”â”â”â”â”â”â”â”â”â”â”â”â”â”â”â”â”â”â”â”â”â”â”â”â”â”â”â”â”â”â”â”â”â”â”â”â”â”â” 240.9/240.9 kB 49.0 MB/s eta 0:00:00
2023-12-21T00:24:30.9082947Z Downloading idna-3.6-py3-none-any.whl (61 kB)
2023-12-21T00:24:30.9128959Z    â”â”â”â”â”â”â”â”â”â”â”â”â”â”â”â”â”â”â”â”â”â”â”â”â”â”â”â”â”â”â”â”â”â”â”â”â”â”â”â” 61.6/61.6 kB 19.5 MB/s eta 0:00:00
2023-12-21T00:24:30.9239522Z Downloading urllib3-2.1.0-py3-none-any.whl (104 kB)
2023-12-21T00:24:30.9298683Z    â”â”â”â”â”â”â”â”â”â”â”â”â”â”â”â”â”â”â”â”â”â”â”â”â”â”â”â”â”â”â”â”â”â”â”â”â”â”â”â” 104.6/104.6 kB 23.8 MB/s eta 0:00:00
2023-12-21T00:24:30.9424309Z Downloading yarl-1.9.4-cp38-cp38-manylinux_2_17_x86_64.manylinux2014_x86_64.whl (308 kB)
2023-12-21T00:24:30.9503721Z    â”â”â”â”â”â”â”â”â”â”â”â”â”â”â”â”â”â”â”â”â”â”â”â”â”â”â”â”â”â”â”â”â”â”â”â”â”â”â”â” 308.8/308.8 kB 49.6 MB/s eta 0:00:00
2023-12-21T00:24:31.0442509Z Installing collected packages: urllib3, multidict, idna, frozenlist, charset-normalizer, certifi, attrs, async-timeout, yarl, requests, aiosignal, aiohttp
2023-12-21T00:24:31.4423735Z Successfully installed aiohttp-3.9.1 aiosignal-1.3.1 async-timeout-4.0.3 attrs-23.1.0 certifi-2023.11.17 charset-normalizer-3.3.2 frozenlist-1.4.1 idna-3.6 multidict-6.0.4 requests-2.31.0 urllib3-2.1.0 yarl-1.9.4
2023-12-21T00:24:31.7920758Z ##[group]Run python3 --version
2023-12-21T00:24:31.7921320Z [36;1mpython3 --version[0m
2023-12-21T00:24:31.7921745Z [36;1mpython3 generate_images.py[0m
2023-12-21T00:24:31.7976457Z shell: /usr/bin/bash -e {0}
2023-12-21T00:24:31.7976872Z env:
2023-12-21T00:24:31.7977279Z   pythonLocation: /opt/hostedtoolcache/Python/3.8.18/x64
2023-12-21T00:24:31.7978013Z   PKG_CONFIG_PATH: /opt/hostedtoolcache/Python/3.8.18/x64/lib/pkgconfig
2023-12-21T00:24:31.7978669Z   Python_ROOT_DIR: /opt/hostedtoolcache/Python/3.8.18/x64
2023-12-21T00:24:31.7979236Z   Python2_ROOT_DIR: /opt/hostedtoolcache/Python/3.8.18/x64
2023-12-21T00:24:31.7979875Z   Python3_ROOT_DIR: /opt/hostedtoolcache/Python/3.8.18/x64
2023-12-21T00:24:31.7980448Z   LD_LIBRARY_PATH: /opt/hostedtoolcache/Python/3.8.18/x64/lib
2023-12-21T00:24:31.7981257Z   ACCESS_TOKEN: ***
2023-12-21T00:24:31.7981814Z   GITHUB_TOKEN: ***
2023-12-21T00:24:31.7982147Z   EXCLUDED: 
2023-12-21T00:24:31.7982547Z   EXCLUDED_LANGS: 
2023-12-21T00:24:31.7982960Z   EXCLUDE_FORKED_REPOS: true
2023-12-21T00:24:31.7983332Z ##[endgroup]
2023-12-21T00:24:31.8069764Z Python 3.8.18
2023-12-21T00:34:09.3603128Z A path returned 202. Retrying...
2023-12-21T00:34:09.3603995Z A path returned 202. Retrying...
2023-12-21T00:34:09.3607059Z A path returned 202. Retrying...
2023-12-21T00:34:09.3608719Z A path returned 202. Retrying...
2023-12-21T00:34:09.3610060Z A path returned 202. Retrying...
2023-12-21T00:34:09.3610784Z A path returned 202. Retrying...
2023-12-21T00:34:09.3611628Z A path returned 202. Retrying...
2023-12-21T00:34:09.3612146Z A path returned 202. Retrying...
2023-12-21T00:34:09.3612544Z A path returned 202. Retrying...
2023-12-21T00:34:09.3612906Z A path returned 202. Retrying...
2023-12-21T00:34:09.3613388Z A path returned 202. Retrying...
2023-12-21T00:34:09.3613786Z A path returned 202. Retrying...
2023-12-21T00:34:09.3614177Z A path returned 202. Retrying...
2023-12-21T00:34:09.3614650Z A path returned 202. Retrying...
2023-12-21T00:34:09.3615054Z A path returned 202. Retrying...
2023-12-21T00:34:09.3615461Z A path returned 202. Retrying...
2023-12-21T00:34:09.3615886Z A path returned 202. Retrying...
2023-12-21T00:34:09.3616277Z A path returned 202. Retrying...
2023-12-21T00:34:09.3616685Z A path returned 202. Retrying...
2023-12-21T00:34:09.3617136Z A path returned 202. Retrying...
2023-12-21T00:34:09.3617925Z A path returned 202. Retrying...
2023-12-21T00:34:09.3618411Z A path returned 202. Retrying...
2023-12-21T00:34:09.3618815Z A path returned 202. Retrying...
2023-12-21T00:34:09.3619191Z A path returned 202. Retrying...
2023-12-21T00:34:09.3619649Z A path returned 202. Retrying...
2023-12-21T00:34:09.3620047Z A path returned 202. Retrying...
2023-12-21T00:34:09.3620456Z A path returned 202. Retrying...
2023-12-21T00:34:09.3620908Z A path returned 202. Retrying...
2023-12-21T00:34:09.3621311Z A path returned 202. Retrying...
2023-12-21T00:34:09.3621693Z A path returned 202. Retrying...
2023-12-21T00:34:09.3622108Z A path returned 202. Retrying...
2023-12-21T00:34:09.3622522Z A path returned 202. Retrying...
2023-12-21T00:34:09.3622913Z A path returned 202. Retrying...
2023-12-21T00:34:09.3623381Z A path returned 202. Retrying...
2023-12-21T00:34:09.3623765Z A path returned 202. Retrying...
2023-12-21T00:34:09.3624211Z A path returned 202. Retrying...
2023-12-21T00:34:09.3624619Z A path returned 202. Retrying...
2023-12-21T00:34:09.3624981Z A path returned 202. Retrying...
2023-12-21T00:34:09.3625432Z A path returned 202. Retrying...
2023-12-21T00:34:09.3625839Z A path returned 202. Retrying...
2023-12-21T00:34:09.3626222Z A path returned 202. Retrying...
2023-12-21T00:34:09.3626687Z A path returned 202. Retrying...
2023-12-21T00:34:09.3627071Z A path returned 202. Retrying...
2023-12-21T00:34:09.3627454Z A path returned 202. Retrying...
2023-12-21T00:34:09.3627891Z A path returned 202. Retrying...
2023-12-21T00:34:09.3628278Z A path returned 202. Retrying...
2023-12-21T00:34:09.3628666Z A path returned 202. Retrying...
2023-12-21T00:34:09.3629398Z A path returned 202. Retrying...
2023-12-21T00:34:09.3629824Z A path returned 202. Retrying...
2023-12-21T00:34:09.3630308Z A path returned 202. Retrying...
2023-12-21T00:34:09.3630701Z A path returned 202. Retrying...
2023-12-21T00:34:09.3631057Z A path returned 202. Retrying...
2023-12-21T00:34:09.3631529Z A path returned 202. Retrying...
2023-12-21T00:34:09.3632208Z A path returned 202. Retrying...
2023-12-21T00:34:09.3632635Z A path returned 202. Retrying...
2023-12-21T00:34:09.3633105Z A path returned 202. Retrying...
2023-12-21T00:34:09.3633495Z A path returned 202. Retrying...
2023-12-21T00:34:09.3633899Z A path returned 202. Retrying...
2023-12-21T00:34:09.3634321Z A path returned 202. Retrying...
2023-12-21T00:34:09.3634764Z A path returned 202. Retrying...
2023-12-21T00:34:09.3635150Z A path returned 202. Retrying...
2023-12-21T00:34:09.3635606Z A path returned 202. Retrying...
2023-12-21T00:34:09.3636007Z A path returned 202. Retrying...
2023-12-21T00:34:09.3636459Z A path returned 202. Retrying...
2023-12-21T00:34:09.3636867Z A path returned 202. Retrying...
2023-12-21T00:34:09.3637218Z A path returned 202. Retrying...
2023-12-21T00:34:09.3637673Z A path returned 202. Retrying...
2023-12-21T00:34:09.3638081Z A path returned 202. Retrying...
2023-12-21T00:34:09.3638464Z A path returned 202. Retrying...
2023-12-21T00:34:09.3638908Z A path returned 202. Retrying...
2023-12-21T00:34:09.3639316Z A path returned 202. Retrying...
2023-12-21T00:34:09.3639700Z A path returned 202. Retrying...
2023-12-21T00:34:09.3640120Z A path returned 202. Retrying...
2023-12-21T00:34:09.3640521Z A path returned 202. Retrying...
2023-12-21T00:34:09.3640908Z A path returned 202. Retrying...
2023-12-21T00:34:09.3641365Z A path returned 202. Retrying...
2023-12-21T00:34:09.3641750Z A path returned 202. Retrying...
2023-12-21T00:34:09.3642194Z A path returned 202. Retrying...
2023-12-21T00:34:09.3642594Z A path returned 202. Retrying...
2023-12-21T00:34:09.3642944Z A path returned 202. Retrying...
2023-12-21T00:34:09.3643418Z A path returned 202. Retrying...
2023-12-21T00:34:09.3643805Z A path returned 202. Retrying...
2023-12-21T00:34:09.3644189Z A path returned 202. Retrying...
2023-12-21T00:34:09.3644777Z A path returned 202. Retrying...
2023-12-21T00:34:09.3645161Z A path returned 202. Retrying...
2023-12-21T00:34:09.3645557Z A path returned 202. Retrying...
2023-12-21T00:34:09.3646164Z A path returned 202. Retrying...
2023-12-21T00:34:09.3646556Z A path returned 202. Retrying...
2023-12-21T00:34:09.3646956Z A path returned 202. Retrying...
2023-12-21T00:34:09.3647413Z A path returned 202. Retrying...
2023-12-21T00:34:09.3647814Z A path returned 202. Retrying...
2023-12-21T00:34:09.3648257Z A path returned 202. Retrying...
2023-12-21T00:34:09.3648645Z A path returned 202. Retrying...
2023-12-21T00:34:09.3649012Z A path returned 202. Retrying...
2023-12-21T00:34:09.3649456Z A path returned 202. Retrying...
2023-12-21T00:34:09.3649840Z A path returned 202. Retrying...
2023-12-21T00:34:09.3650240Z A path returned 202. Retrying...
2023-12-21T00:34:09.3650695Z A path returned 202. Retrying...
2023-12-21T00:34:09.3651095Z A path returned 202. Retrying...
2023-12-21T00:34:09.3651477Z A path returned 202. Retrying...
2023-12-21T00:34:09.3651890Z A path returned 202. Retrying...
2023-12-21T00:34:09.3652295Z A path returned 202. Retrying...
2023-12-21T00:34:09.3652682Z A path returned 202. Retrying...
2023-12-21T00:34:09.3653154Z A path returned 202. Retrying...
2023-12-21T00:34:09.3653542Z A path returned 202. Retrying...
2023-12-21T00:34:09.3653997Z A path returned 202. Retrying...
2023-12-21T00:34:09.3654405Z A path returned 202. Retrying...
2023-12-21T00:34:09.3654755Z A path returned 202. Retrying...
2023-12-21T00:34:09.3655198Z A path returned 202. Retrying...
2023-12-21T00:34:09.3655600Z A path returned 202. Retrying...
2023-12-21T00:34:09.3655984Z A path returned 202. Retrying...
2023-12-21T00:34:09.3656451Z A path returned 202. Retrying...
2023-12-21T00:34:09.3656833Z A path returned 202. Retrying...
2023-12-21T00:34:09.3657393Z A path returned 202. Retrying...
2023-12-21T00:34:09.3657830Z A path returned 202. Retrying...
2023-12-21T00:34:09.3658217Z A path returned 202. Retrying...
2023-12-21T00:34:09.3658622Z A path returned 202. Retrying...
2023-12-21T00:34:09.3659076Z A path returned 202. Retrying...
2023-12-21T00:34:09.3659461Z A path returned 202. Retrying...
2023-12-21T00:34:09.3659936Z A path returned 202. Retrying...
2023-12-21T00:34:09.3660323Z A path returned 202. Retrying...
2023-12-21T00:34:09.3660673Z A path returned 202. Retrying...
2023-12-21T00:34:09.3661136Z A path returned 202. Retrying...
2023-12-21T00:34:09.3661521Z A path returned 202. Retrying...
2023-12-21T00:34:09.3661923Z A path returned 202. Retrying...
2023-12-21T00:34:09.3662366Z A path returned 202. Retrying...
2023-12-21T00:34:09.3662752Z A path returned 202. Retrying...
2023-12-21T00:34:09.3663150Z A path returned 202. Retrying...
2023-12-21T00:34:09.3663565Z A path returned 202. Retrying...
2023-12-21T00:34:09.3664020Z A path returned 202. Retrying...
2023-12-21T00:34:09.3664473Z A path returned 202. Retrying...
2023-12-21T00:34:09.3664862Z A path returned 202. Retrying...
2023-12-21T00:34:09.3665230Z A path returned 202. Retrying...
2023-12-21T00:34:09.3665675Z A path returned 202. Retrying...
2023-12-21T00:34:09.3666080Z A path returned 202. Retrying...
2023-12-21T00:34:09.3666463Z A path returned 202. Retrying...
2023-12-21T00:34:09.3666917Z A path returned 202. Retrying...
2023-12-21T00:34:09.3667319Z A path returned 202. Retrying...
2023-12-21T00:34:09.3667704Z A path returned 202. Retrying...
2023-12-21T00:34:09.3668138Z A path returned 202. Retrying...
2023-12-21T00:34:09.3668542Z A path returned 202. Retrying...
2023-12-21T00:34:09.3668923Z A path returned 202. Retrying...
2023-12-21T00:34:09.3669384Z A path returned 202. Retrying...
2023-12-21T00:34:09.3669769Z A path returned 202. Retrying...
2023-12-21T00:34:09.3670233Z A path returned 202. Retrying...
2023-12-21T00:34:09.3670726Z A path returned 202. Retrying...
2023-12-21T00:34:09.3671091Z A path returned 202. Retrying...
2023-12-21T00:34:09.3671540Z A path returned 202. Retrying...
2023-12-21T00:34:09.3672077Z A path returned 202. Retrying...
2023-12-21T00:34:09.3672467Z A path returned 202. Retrying...
2023-12-21T00:34:09.3672941Z A path returned 202. Retrying...
2023-12-21T00:34:09.3673329Z A path returned 202. Retrying...
2023-12-21T00:34:09.3673906Z A path returned 202. Retrying...
2023-12-21T00:34:09.3674339Z A path returned 202. Retrying...
2023-12-21T00:34:09.3674731Z A path returned 202. Retrying...
2023-12-21T00:34:09.3675129Z A path returned 202. Retrying...
2023-12-21T00:34:09.3675579Z A path returned 202. Retrying...
2023-12-21T00:34:09.3675962Z A path returned 202. Retrying...
2023-12-21T00:34:09.3676419Z A path returned 202. Retrying...
2023-12-21T00:34:09.3676806Z A path returned 202. Retrying...
2023-12-21T00:34:09.3677172Z A path returned 202. Retrying...
2023-12-21T00:34:09.3677617Z A path returned 202. Retrying...
2023-12-21T00:34:09.3678001Z A path returned 202. Retrying...
2023-12-21T00:34:09.3678405Z A path returned 202. Retrying...
2023-12-21T00:34:09.3678847Z A path returned 202. Retrying...
2023-12-21T00:34:09.3679252Z A path returned 202. Retrying...
2023-12-21T00:34:09.3679637Z A path returned 202. Retrying...
2023-12-21T00:34:09.3680048Z A path returned 202. Retrying...
2023-12-21T00:34:09.3680456Z A path returned 202. Retrying...
2023-12-21T00:34:09.3680845Z A path returned 202. Retrying...
2023-12-21T00:34:09.3681294Z A path returned 202. Retrying...
2023-12-21T00:34:09.3681699Z A path returned 202. Retrying...
2023-12-21T00:34:09.3682142Z A path returned 202. Retrying...
2023-12-21T00:34:09.3682543Z A path returned 202. Retrying...
2023-12-21T00:34:09.3682892Z A path returned 202. Retrying...
2023-12-21T00:34:09.3683338Z A path returned 202. Retrying...
2023-12-21T00:34:09.3683740Z A path returned 202. Retrying...
2023-12-21T00:34:09.3684123Z A path returned 202. Retrying...
2023-12-21T00:34:09.3684585Z A path returned 202. Retrying...
2023-12-21T00:34:09.3685124Z A path returned 202. Retrying...
2023-12-21T00:34:09.3685532Z A path returned 202. Retrying...
2023-12-21T00:34:09.3685983Z A path returned 202. Retrying...
2023-12-21T00:34:09.3686370Z A path returned 202. Retrying...
2023-12-21T00:34:09.3686754Z A path returned 202. Retrying...
2023-12-21T00:34:09.3687213Z A path returned 202. Retrying...
2023-12-21T00:34:09.3687604Z A path returned 202. Retrying...
2023-12-21T00:34:09.3688068Z A path returned 202. Retrying...
2023-12-21T00:34:09.3688456Z A path returned 202. Retrying...
2023-12-21T00:34:09.3688807Z A path returned 202. Retrying...
2023-12-21T00:34:09.3689274Z A path returned 202. Retrying...
2023-12-21T00:34:09.3689658Z A path returned 202. Retrying...
2023-12-21T00:34:09.3690056Z A path returned 202. Retrying...
2023-12-21T00:34:09.3690497Z A path returned 202. Retrying...
2023-12-21T00:34:09.3690880Z A path returned 202. Retrying...
2023-12-21T00:34:09.3691279Z A path returned 202. Retrying...
2023-12-21T00:34:09.3691693Z A path returned 202. Retrying...
2023-12-21T00:34:09.3692082Z A path returned 202. Retrying...
2023-12-21T00:34:09.3692485Z A path returned 202. Retrying...
2023-12-21T00:34:09.3692949Z A path returned 202. Retrying...
2023-12-21T00:34:09.3693351Z A path returned 202. Retrying...
2023-12-21T00:34:09.3693800Z A path returned 202. Retrying...
2023-12-21T00:34:09.3694182Z A path returned 202. Retrying...
2023-12-21T00:34:09.3694553Z A path returned 202. Retrying...
2023-12-21T00:34:09.3694995Z A path returned 202. Retrying...
2023-12-21T00:34:09.3695382Z A path returned 202. Retrying...
2023-12-21T00:34:09.3695777Z A path returned 202. Retrying...
2023-12-21T00:34:09.3696216Z A path returned 202. Retrying...
2023-12-21T00:34:09.3696616Z A path returned 202. Retrying...
2023-12-21T00:34:09.3696998Z A path returned 202. Retrying...
2023-12-21T00:34:09.3697410Z A path returned 202. Retrying...
2023-12-21T00:34:09.3697815Z A path returned 202. Retrying...
2023-12-21T00:34:09.3698197Z A path returned 202. Retrying...
2023-12-21T00:34:09.3698662Z A path returned 202. Retrying...
2023-12-21T00:34:09.3699046Z A path returned 202. Retrying...
2023-12-21T00:34:09.3699487Z A path returned 202. Retrying...
2023-12-21T00:34:09.3699890Z A path returned 202. Retrying...
2023-12-21T00:34:09.3700245Z A path returned 202. Retrying...
2023-12-21T00:34:09.3700692Z A path returned 202. Retrying...
2023-12-21T00:34:09.3701247Z A path returned 202. Retrying...
2023-12-21T00:34:09.3701640Z A path returned 202. Retrying...
2023-12-21T00:34:09.3702110Z A path returned 202. Retrying...
2023-12-21T00:34:09.3702496Z A path returned 202. Retrying...
2023-12-21T00:34:09.3702846Z A path returned 202. Retrying...
2023-12-21T00:34:09.3703316Z A path returned 202. Retrying...
2023-12-21T00:34:09.3703702Z A path returned 202. Retrying...
2023-12-21T00:34:09.3704100Z A path returned 202. Retrying...
2023-12-21T00:34:09.3704543Z A path returned 202. Retrying...
2023-12-21T00:34:09.3704926Z A path returned 202. Retrying...
2023-12-21T00:34:09.3705384Z A path returned 202. Retrying...
2023-12-21T00:34:09.3705786Z A path returned 202. Retrying...
2023-12-21T00:34:09.3706177Z A path returned 202. Retrying...
2023-12-21T00:34:09.3706642Z A path returned 202. Retrying...
2023-12-21T00:34:09.3707031Z A path returned 202. Retrying...
2023-12-21T00:34:09.3707436Z A path returned 202. Retrying...
2023-12-21T00:34:09.3707882Z A path returned 202. Retrying...
2023-12-21T00:34:09.3708278Z A path returned 202. Retrying...
2023-12-21T00:34:09.3708647Z A path returned 202. Retrying...
2023-12-21T00:34:09.3709093Z A path returned 202. Retrying...
2023-12-21T00:34:09.3709495Z A path returned 202. Retrying...
2023-12-21T00:34:09.3709880Z A path returned 202. Retrying...
2023-12-21T00:34:09.3710328Z A path returned 202. Retrying...
2023-12-21T00:34:09.3710728Z A path returned 202. Retrying...
2023-12-21T00:34:09.3711172Z A path returned 202. Retrying...
2023-12-21T00:34:09.3711522Z A path returned 202. Retrying...
2023-12-21T00:34:09.3712046Z A path returned 202. Retrying...
2023-12-21T00:34:09.3712655Z A path returned 202. Retrying...
2023-12-21T00:34:09.3713076Z A path returned 202. Retrying...
2023-12-21T00:34:09.3713461Z A path returned 202. Retrying...
2023-12-21T00:43:11.2753602Z A path returned 202. Retrying...
2023-12-21T00:43:11.2754916Z A path returned 202. Retrying...
2023-12-21T00:43:11.2756348Z A path returned 202. Retrying...
2023-12-21T00:43:11.2757183Z A path returned 202. Retrying...
2023-12-21T00:43:11.2757826Z A path returned 202. Retrying...
2023-12-21T00:43:11.2758346Z A path returned 202. Retrying...
2023-12-21T00:43:11.2758829Z A path returned 202. Retrying...
2023-12-21T00:43:11.2759224Z A path returned 202. Retrying...
2023-12-21T00:43:11.2759707Z A path returned 202. Retrying...
2023-12-21T00:43:11.2760081Z A path returned 202. Retrying...
2023-12-21T00:43:11.2760506Z A path returned 202. Retrying...
2023-12-21T00:43:11.2760979Z A path returned 202. Retrying...
2023-12-21T00:43:11.2761385Z A path returned 202. Retrying...
2023-12-21T00:43:11.2761800Z A path returned 202. Retrying...
2023-12-21T00:43:11.2762271Z A path returned 202. Retrying...
2023-12-21T00:43:11.2762680Z A path returned 202. Retrying...
2023-12-21T00:43:11.2763040Z A path returned 202. Retrying...
2023-12-21T00:43:11.2763507Z A path returned 202. Retrying...
2023-12-21T00:43:11.2763919Z A path returned 202. Retrying...
2023-12-21T00:43:11.2764308Z A path returned 202. Retrying...
2023-12-21T00:43:11.2764773Z A path returned 202. Retrying...
2023-12-21T00:43:11.2765174Z A path returned 202. Retrying...
2023-12-21T00:43:11.2765632Z A path returned 202. Retrying...
2023-12-21T00:43:11.2765992Z A path returned 202. Retrying...
2023-12-21T00:43:11.2766402Z A path returned 202. Retrying...
2023-12-21T00:43:11.2766861Z A path returned 202. Retrying...
2023-12-21T00:43:11.2767263Z A path returned 202. Retrying...
2023-12-21T00:43:11.2767649Z A path returned 202. Retrying...
2023-12-21T00:43:11.2768230Z A path returned 202. Retrying...
2023-12-21T00:43:11.2768620Z A path returned 202. Retrying...
2023-12-21T00:43:11.2768981Z A path returned 202. Retrying...
2023-12-21T00:43:11.2769452Z A path returned 202. Retrying...
2023-12-21T00:43:11.2769840Z A path returned 202. Retrying...
2023-12-21T00:43:11.2770228Z A path returned 202. Retrying...
2023-12-21T00:43:11.2770715Z A path returned 202. Retrying...
2023-12-21T00:43:11.2771101Z A path returned 202. Retrying...
2023-12-21T00:43:11.2772106Z A path returned 202. Retrying...
2023-12-21T00:43:11.2772480Z A path returned 202. Retrying...
2023-12-21T00:43:11.2772878Z A path returned 202. Retrying...
2023-12-21T00:43:11.2773345Z A path returned 202. Retrying...
2023-12-21T00:43:11.2773733Z A path returned 202. Retrying...
2023-12-21T00:43:11.2774140Z A path returned 202. Retrying...
2023-12-21T00:43:11.2774598Z A path returned 202. Retrying...
2023-12-21T00:43:11.2774986Z A path returned 202. Retrying...
2023-12-21T00:43:11.2775356Z A path returned 202. Retrying...
2023-12-21T00:43:11.2775815Z A path returned 202. Retrying...
2023-12-21T00:43:11.2776203Z A path returned 202. Retrying...
2023-12-21T00:43:11.2776611Z A path returned 202. Retrying...
2023-12-21T00:43:11.2777062Z A path returned 202. Retrying...
2023-12-21T00:43:11.2777465Z A path returned 202. Retrying...
2023-12-21T00:43:11.2777912Z A path returned 202. Retrying...
2023-12-21T00:43:11.2778267Z A path returned 202. Retrying...
2023-12-21T00:43:11.2778676Z A path returned 202. Retrying...
2023-12-21T00:43:11.2779127Z A path returned 202. Retrying...
2023-12-21T00:43:11.2779529Z A path returned 202. Retrying...
2023-12-21T00:43:11.2779915Z A path returned 202. Retrying...
2023-12-21T00:43:11.2780374Z A path returned 202. Retrying...
2023-12-21T00:43:11.2780778Z A path returned 202. Retrying...
2023-12-21T00:43:11.2781131Z A path returned 202. Retrying...
2023-12-21T00:43:11.2781576Z A path returned 202. Retrying...
2023-12-21T00:43:11.2781979Z A path returned 202. Retrying...
2023-12-21T00:43:11.2782372Z A path returned 202. Retrying...
2023-12-21T00:43:11.2782842Z A path returned 202. Retrying...
2023-12-21T00:43:11.2783420Z A path returned 202. Retrying...
2023-12-21T00:43:11.2783924Z A path returned 202. Retrying...
2023-12-21T00:43:11.2784290Z A path returned 202. Retrying...
2023-12-21T00:43:11.2784688Z A path returned 202. Retrying...
2023-12-21T00:43:11.2785162Z A path returned 202. Retrying...
2023-12-21T00:43:11.2785554Z A path returned 202. Retrying...
2023-12-21T00:43:11.2785946Z A path returned 202. Retrying...
2023-12-21T00:43:11.2786416Z A path returned 202. Retrying...
2023-12-21T00:43:11.2786812Z A path returned 202. Retrying...
2023-12-21T00:43:11.2787197Z A path returned 202. Retrying...
2023-12-21T00:43:11.2787670Z A path returned 202. Retrying...
2023-12-21T00:43:11.2788059Z A path returned 202. Retrying...
2023-12-21T00:43:11.2788459Z A path returned 202. Retrying...
2023-12-21T00:43:11.2788908Z A path returned 202. Retrying...
2023-12-21T00:43:11.2789296Z A path returned 202. Retrying...
2023-12-21T00:43:11.2789760Z A path returned 202. Retrying...
2023-12-21T00:43:11.2790115Z A path returned 202. Retrying...
2023-12-21T00:43:11.2790526Z A path returned 202. Retrying...
2023-12-21T00:43:11.2790973Z A path returned 202. Retrying...
2023-12-21T00:43:11.2791363Z A path returned 202. Retrying...
2023-12-21T00:43:11.2791766Z A path returned 202. Retrying...
2023-12-21T00:43:11.2792594Z A path returned 202. Retrying...
2023-12-21T00:43:11.2793031Z A path returned 202. Retrying...
2023-12-21T00:43:11.2793403Z A path returned 202. Retrying...
2023-12-21T00:43:11.2793871Z A path returned 202. Retrying...
2023-12-21T00:43:11.2794284Z A path returned 202. Retrying...
2023-12-21T00:43:11.2794677Z A path returned 202. Retrying...
2023-12-21T00:43:11.2795137Z A path returned 202. Retrying...
2023-12-21T00:43:11.2795545Z A path returned 202. Retrying...
2023-12-21T00:43:11.2796008Z A path returned 202. Retrying...
2023-12-21T00:43:11.2796370Z A path returned 202. Retrying...
2023-12-21T00:43:11.2796785Z A path returned 202. Retrying...
2023-12-21T00:43:11.2797234Z A path returned 202. Retrying...
2023-12-21T00:43:11.2797647Z A path returned 202. Retrying...
2023-12-21T00:43:11.2798035Z A path returned 202. Retrying...
2023-12-21T00:43:11.2798486Z A path returned 202. Retrying...
2023-12-21T00:43:11.2798894Z A path returned 202. Retrying...
2023-12-21T00:43:11.2799250Z A path returned 202. Retrying...
2023-12-21T00:43:11.2799722Z A path returned 202. Retrying...
2023-12-21T00:43:11.2800288Z A path returned 202. Retrying...
2023-12-21T00:43:11.2800674Z A path returned 202. Retrying...
2023-12-21T00:43:11.2801150Z A path returned 202. Retrying...
2023-12-21T00:43:11.2801535Z A path returned 202. Retrying...
2023-12-21T00:43:11.2801994Z A path returned 202. Retrying...
2023-12-21T00:43:11.2802349Z A path returned 202. Retrying...
2023-12-21T00:43:11.2802735Z A path returned 202. Retrying...
2023-12-21T00:43:11.2803203Z A path returned 202. Retrying...
2023-12-21T00:43:11.2803590Z A path returned 202. Retrying...
2023-12-21T00:43:11.2803990Z A path returned 202. Retrying...
2023-12-21T00:43:11.2804435Z A path returned 202. Retrying...
2023-12-21T00:43:11.2804829Z A path returned 202. Retrying...
2023-12-21T00:43:11.2805270Z A path returned 202. Retrying...
2023-12-21T00:43:11.2806013Z A path returned 202. Retrying...
2023-12-21T00:43:11.2806542Z A path returned 202. Retrying...
2023-12-21T00:43:11.2806944Z A path returned 202. Retrying...
2023-12-21T00:43:11.2807402Z A path returned 202. Retrying...
2023-12-21T00:43:11.2807809Z A path returned 202. Retrying...
2023-12-21T00:43:11.2808257Z A path returned 202. Retrying...
2023-12-21T00:43:11.2808610Z A path returned 202. Retrying...
2023-12-21T00:43:11.2809015Z A path returned 202. Retrying...
2023-12-21T00:43:11.2809473Z A path returned 202. Retrying...
2023-12-21T00:43:11.2809861Z A path returned 202. Retrying...
2023-12-21T00:43:11.2810268Z A path returned 202. Retrying...
2023-12-21T00:43:11.2810711Z A path returned 202. Retrying...
2023-12-21T00:43:11.2811115Z A path returned 202. Retrying...
2023-12-21T00:43:11.2811467Z A path returned 202. Retrying...
2023-12-21T00:43:11.2812080Z A path returned 202. Retrying...
2023-12-21T00:43:11.2812511Z A path returned 202. Retrying...
2023-12-21T00:43:11.2812910Z A path returned 202. Retrying...
2023-12-21T00:43:11.2813406Z A path returned 202. Retrying...
2023-12-21T00:43:11.2813796Z A path returned 202. Retrying...
2023-12-21T00:43:11.2814248Z A path returned 202. Retrying...
2023-12-21T00:43:11.2814620Z A path returned 202. Retrying...
2023-12-21T00:43:11.2815015Z A path returned 202. Retrying...
2023-12-21T00:43:11.2815483Z A path returned 202. Retrying...
2023-12-21T00:43:11.2815870Z A path returned 202. Retrying...
2023-12-21T00:43:11.2816261Z A path returned 202. Retrying...
2023-12-21T00:43:11.2816723Z A path returned 202. Retrying...
2023-12-21T00:43:11.2817113Z A path returned 202. Retrying...
2023-12-21T00:43:11.2817466Z A path returned 202. Retrying...
2023-12-21T00:43:11.2817940Z A path returned 202. Retrying...
2023-12-21T00:43:11.2818326Z A path returned 202. Retrying...
2023-12-21T00:43:11.2818728Z A path returned 202. Retrying...
2023-12-21T00:43:11.2819182Z A path returned 202. Retrying...
2023-12-21T00:43:11.2819567Z A path returned 202. Retrying...
2023-12-21T00:43:11.2819935Z A path returned 202. Retrying...
2023-12-21T00:43:11.2820384Z A path returned 202. Retrying...
2023-12-21T00:43:11.2820768Z A path returned 202. Retrying...
2023-12-21T00:43:11.2821233Z A path returned 202. Retrying...
2023-12-21T00:43:11.2821626Z A path returned 202. Retrying...
2023-12-21T00:43:11.2822031Z A path returned 202. Retrying...
2023-12-21T00:43:11.2822480Z A path returned 202. Retrying...
2023-12-21T00:43:11.2822834Z A path returned 202. Retrying...
2023-12-21T00:43:11.2823237Z A path returned 202. Retrying...
2023-12-21T00:43:11.2823688Z A path returned 202. Retrying...
2023-12-21T00:43:11.2824092Z A path returned 202. Retrying...
2023-12-21T00:43:11.2824477Z A path returned 202. Retrying...
2023-12-21T00:43:11.2824926Z A path returned 202. Retrying...
2023-12-21T00:43:11.2825327Z A path returned 202. Retrying...
2023-12-21T00:43:11.2825681Z A path returned 202. Retrying...
2023-12-21T00:43:11.2826140Z A path returned 202. Retrying...
2023-12-21T00:43:11.2826542Z A path returned 202. Retrying...
2023-12-21T00:43:11.2826985Z A path returned 202. Retrying...
2023-12-21T00:43:11.2827394Z A path returned 202. Retrying...
2023-12-21T00:43:11.2827778Z A path returned 202. Retrying...
2023-12-21T00:43:11.2828224Z A path returned 202. Retrying...
2023-12-21T00:43:11.2828744Z A path returned 202. Retrying...
2023-12-21T00:43:11.2829140Z A path returned 202. Retrying...
2023-12-21T00:43:11.2829622Z A path returned 202. Retrying...
2023-12-21T00:43:11.2830010Z A path returned 202. Retrying...
2023-12-21T00:43:11.2830397Z A path returned 202. Retrying...
2023-12-21T00:43:11.2830863Z A path returned 202. Retrying...
2023-12-21T00:43:11.2831247Z A path returned 202. Retrying...
2023-12-21T00:43:11.2831598Z A path returned 202. Retrying...
2023-12-21T00:43:11.2832325Z A path returned 202. Retrying...
2023-12-21T00:43:11.2832729Z A path returned 202. Retrying...
2023-12-21T00:43:11.2833225Z A path returned 202. Retrying...
2023-12-21T00:43:11.2833619Z A path returned 202. Retrying...
2023-12-21T00:43:11.2834013Z A path returned 202. Retrying...
2023-12-21T00:43:11.2834485Z A path returned 202. Retrying...
2023-12-21T00:43:11.2834841Z A path returned 202. Retrying...
2023-12-21T00:43:11.2835242Z A path returned 202. Retrying...
2023-12-21T00:43:11.2835700Z A path returned 202. Retrying...
2023-12-21T00:43:11.2836091Z A path returned 202. Retrying...
2023-12-21T00:43:11.2836501Z A path returned 202. Retrying...
2023-12-21T00:43:11.2836951Z A path returned 202. Retrying...
2023-12-21T00:43:11.2837355Z A path returned 202. Retrying...
2023-12-21T00:43:11.2837707Z A path returned 202. Retrying...
2023-12-21T00:43:11.2838167Z A path returned 202. Retrying...
2023-12-21T00:43:11.2838569Z A path returned 202. Retrying...
2023-12-21T00:43:11.2839018Z A path returned 202. Retrying...
2023-12-21T00:43:11.2839407Z A path returned 202. Retrying...
2023-12-21T00:43:11.2839964Z A path returned 202. Retrying...
2023-12-21T00:43:11.2840422Z A path returned 202. Retrying...
2023-12-21T00:43:11.2840836Z A path returned 202. Retrying...
2023-12-21T00:43:11.2841224Z A path returned 202. Retrying...
2023-12-21T00:43:11.2841685Z A path returned 202. Retrying...
2023-12-21T00:43:11.2842101Z A path returned 202. Retrying...
2023-12-21T00:43:11.2842502Z A path returned 202. Retrying...
2023-12-21T00:43:11.2842986Z A path returned 202. Retrying...
2023-12-21T00:43:11.2843378Z A path returned 202. Retrying...
2023-12-21T00:43:11.2843731Z A path returned 202. Retrying...
2023-12-21T00:43:11.2844208Z A path returned 202. Retrying...
2023-12-21T00:43:11.2844600Z A path returned 202. Retrying...
2023-12-21T00:43:11.2845058Z A path returned 202. Retrying...
2023-12-21T00:43:11.2845469Z A path returned 202. Retrying...
2023-12-21T00:43:11.2845862Z A path returned 202. Retrying...
2023-12-21T00:43:11.2846337Z A path returned 202. Retrying...
2023-12-21T00:43:11.2846695Z A path returned 202. Retrying...
2023-12-21T00:43:11.2847093Z A path returned 202. Retrying...
2023-12-21T00:43:11.2847576Z A path returned 202. Retrying...
2023-12-21T00:43:11.2847968Z A path returned 202. Retrying...
2023-12-21T00:43:11.2848368Z A path returned 202. Retrying...
2023-12-21T00:43:11.2848815Z A path returned 202. Retrying...
2023-12-21T00:43:11.2849197Z A path returned 202. Retrying...
2023-12-21T00:43:11.2849568Z A path returned 202. Retrying...
2023-12-21T00:43:11.2850023Z A path returned 202. Retrying...
2023-12-21T00:43:11.2850408Z A path returned 202. Retrying...
2023-12-21T00:43:11.2850880Z A path returned 202. Retrying...
2023-12-21T00:43:11.2851272Z A path returned 202. Retrying...
2023-12-21T00:43:11.2851676Z A path returned 202. Retrying...
2023-12-21T00:43:11.2852124Z A path returned 202. Retrying...
2023-12-21T00:43:11.2852478Z A path returned 202. Retrying...
2023-12-21T00:43:11.2852881Z A path returned 202. Retrying...
2023-12-21T00:43:11.2853333Z A path returned 202. Retrying...
2023-12-21T00:43:11.2853725Z A path returned 202. Retrying...
2023-12-21T00:43:11.2854128Z A path returned 202. Retrying...
2023-12-21T00:43:11.2854578Z A path returned 202. Retrying...
2023-12-21T00:43:11.2854982Z A path returned 202. Retrying...
2023-12-21T00:43:11.2855338Z A path returned 202. Retrying...
2023-12-21T00:43:11.2855803Z A path returned 202. Retrying...
2023-12-21T00:43:11.2856213Z A path returned 202. Retrying...
2023-12-21T00:43:11.2856837Z A path returned 202. Retrying...
2023-12-21T00:43:11.2857257Z A path returned 202. Retrying...
2023-12-21T00:43:11.2857651Z A path returned 202. Retrying...
2023-12-21T00:43:11.2858104Z A path returned 202. Retrying...
2023-12-21T00:43:11.2858475Z A path returned 202. Retrying...
2023-12-21T00:43:11.2858864Z A path returned 202. Retrying...
2023-12-21T00:43:11.2859335Z A path returned 202. Retrying...
2023-12-21T00:43:11.2859724Z A path returned 202. Retrying...
2023-12-21T00:43:11.2860117Z A path returned 202. Retrying...
2023-12-21T00:43:11.2860602Z A path returned 202. Retrying...
2023-12-21T00:43:11.2860992Z A path returned 202. Retrying...
2023-12-21T00:43:11.2861348Z A path returned 202. Retrying...
2023-12-21T00:43:11.2861821Z A path returned 202. Retrying...
2023-12-21T00:52:14.5313589Z A path returned 202. Retrying...
2023-12-21T00:52:14.5314652Z A path returned 202. Retrying...
2023-12-21T00:52:14.5315477Z A path returned 202. Retrying...
2023-12-21T00:52:14.5316337Z A path returned 202. Retrying...
2023-12-21T00:52:14.5316749Z A path returned 202. Retrying...
2023-12-21T00:52:14.5317297Z A path returned 202. Retrying...
2023-12-21T00:52:14.5317734Z A path returned 202. Retrying...
2023-12-21T00:52:14.5318234Z A path returned 202. Retrying...
2023-12-21T00:52:14.5318686Z A path returned 202. Retrying...
2023-12-21T00:52:14.5319118Z A path returned 202. Retrying...
2023-12-21T00:52:14.5319649Z A path returned 202. Retrying...
2023-12-21T00:52:14.5320056Z A path returned 202. Retrying...
2023-12-21T00:52:14.5320494Z A path returned 202. Retrying...
2023-12-21T00:52:14.5321005Z A path returned 202. Retrying...
2023-12-21T00:52:14.5321713Z A path returned 202. Retrying...
2023-12-21T00:52:14.5322193Z A path returned 202. Retrying...
2023-12-21T00:52:14.5322710Z A path returned 202. Retrying...
2023-12-21T00:52:14.5323146Z A path returned 202. Retrying...
2023-12-21T00:52:14.5323559Z A path returned 202. Retrying...
2023-12-21T00:52:14.5324054Z A path returned 202. Retrying...
2023-12-21T00:52:14.5324512Z A path returned 202. Retrying...
2023-12-21T00:52:14.5325013Z A path returned 202. Retrying...
2023-12-21T00:52:14.5325417Z A path returned 202. Retrying...
2023-12-21T00:52:14.5325832Z A path returned 202. Retrying...
2023-12-21T00:52:14.5326288Z A path returned 202. Retrying...
2023-12-21T00:52:14.5326650Z A path returned 202. Retrying...
2023-12-21T00:52:14.5327057Z A path returned 202. Retrying...
2023-12-21T00:52:14.5327514Z A path returned 202. Retrying...
2023-12-21T00:52:14.5328111Z A path returned 202. Retrying...
2023-12-21T00:52:14.5328730Z A path returned 202. Retrying...
2023-12-21T00:52:14.5329547Z A path returned 202. Retrying...
2023-12-21T00:52:14.5330120Z A path returned 202. Retrying...
2023-12-21T00:52:14.5330488Z A path returned 202. Retrying...
2023-12-21T00:52:14.5330964Z A path returned 202. Retrying...
2023-12-21T00:52:14.5331384Z A path returned 202. Retrying...
2023-12-21T00:52:14.5331841Z A path returned 202. Retrying...
2023-12-21T00:52:14.5332264Z A path returned 202. Retrying...
2023-12-21T00:52:14.5332659Z A path returned 202. Retrying...
2023-12-21T00:52:14.5333112Z A path returned 202. Retrying...
2023-12-21T00:52:14.5333534Z A path returned 202. Retrying...
2023-12-21T00:52:14.5333945Z A path returned 202. Retrying...
2023-12-21T00:52:14.5334427Z A path returned 202. Retrying...
2023-12-21T00:52:14.5334820Z A path returned 202. Retrying...
2023-12-21T00:52:14.5335209Z A path returned 202. Retrying...
2023-12-21T00:52:14.5335688Z A path returned 202. Retrying...
2023-12-21T00:52:14.5336077Z A path returned 202. Retrying...
2023-12-21T00:52:14.5336429Z A path returned 202. Retrying...
2023-12-21T00:52:14.5336903Z A path returned 202. Retrying...
2023-12-21T00:52:14.5337292Z A path returned 202. Retrying...
2023-12-21T00:52:14.5337755Z A path returned 202. Retrying...
2023-12-21T00:52:14.5338144Z A path returned 202. Retrying...
2023-12-21T00:52:14.5338536Z A path returned 202. Retrying...
2023-12-21T00:52:14.5339007Z A path returned 202. Retrying...
2023-12-21T00:52:14.5339615Z A path returned 202. Retrying...
2023-12-21T00:52:14.5340027Z A path returned 202. Retrying...
2023-12-21T00:52:14.5340491Z A path returned 202. Retrying...
2023-12-21T00:52:14.5340883Z A path returned 202. Retrying...
2023-12-21T00:52:14.5341286Z A path returned 202. Retrying...
2023-12-21T00:52:14.5341731Z A path returned 202. Retrying...
2023-12-21T00:52:14.5342130Z A path returned 202. Retrying...
2023-12-21T00:52:14.5342481Z A path returned 202. Retrying...
2023-12-21T00:52:14.5342929Z A path returned 202. Retrying...
2023-12-21T00:52:14.5343332Z A path returned 202. Retrying...
2023-12-21T00:52:14.5343784Z A path returned 202. Retrying...
2023-12-21T00:52:14.5344182Z A path returned 202. Retrying...
2023-12-21T00:52:14.5344588Z A path returned 202. Retrying...
2023-12-21T00:52:14.5345039Z A path returned 202. Retrying...
2023-12-21T00:52:14.5345410Z A path returned 202. Retrying...
2023-12-21T00:52:14.5345795Z A path returned 202. Retrying...
2023-12-21T00:52:14.5346270Z A path returned 202. Retrying...
2023-12-21T00:52:14.5346674Z A path returned 202. Retrying...
2023-12-21T00:52:14.5347059Z A path returned 202. Retrying...
2023-12-21T00:52:14.5347530Z A path returned 202. Retrying...
2023-12-21T00:52:14.5347915Z A path returned 202. Retrying...
2023-12-21T00:52:14.5348269Z A path returned 202. Retrying...
2023-12-21T00:52:14.5348734Z A path returned 202. Retrying...
2023-12-21T00:52:14.5349120Z A path returned 202. Retrying...
2023-12-21T00:52:14.5349577Z A path returned 202. Retrying...
2023-12-21T00:52:14.5349986Z A path returned 202. Retrying...
2023-12-21T00:52:14.5350377Z A path returned 202. Retrying...
2023-12-21T00:52:14.5350966Z A path returned 202. Retrying...
2023-12-21T00:52:14.5351334Z A path returned 202. Retrying...
2023-12-21T00:52:14.5351724Z A path returned 202. Retrying...
2023-12-21T00:52:14.5352460Z A path returned 202. Retrying...
2023-12-21T00:52:14.5352873Z A path returned 202. Retrying...
2023-12-21T00:52:14.5353281Z A path returned 202. Retrying...
2023-12-21T00:52:14.5353748Z A path returned 202. Retrying...
2023-12-21T00:52:14.5354143Z A path returned 202. Retrying...
2023-12-21T00:52:14.5354514Z A path returned 202. Retrying...
2023-12-21T00:52:14.5354987Z A path returned 202. Retrying...
2023-12-21T00:52:14.5355376Z A path returned 202. Retrying...
2023-12-21T00:52:14.5355848Z A path returned 202. Retrying...
2023-12-21T00:52:14.5356235Z A path returned 202. Retrying...
2023-12-21T00:52:14.5356639Z A path returned 202. Retrying...
2023-12-21T00:52:14.5357080Z A path returned 202. Retrying...
2023-12-21T00:52:14.5357432Z A path returned 202. Retrying...
2023-12-21T00:52:14.5357841Z A path returned 202. Retrying...
2023-12-21T00:52:14.5358298Z A path returned 202. Retrying...
2023-12-21T00:52:14.5358700Z A path returned 202. Retrying...
2023-12-21T00:52:14.5359085Z A path returned 202. Retrying...
2023-12-21T00:52:14.5359530Z A path returned 202. Retrying...
2023-12-21T00:52:14.5359932Z A path returned 202. Retrying...
2023-12-21T00:52:14.5360286Z A path returned 202. Retrying...
2023-12-21T00:52:14.5360734Z A path returned 202. Retrying...
2023-12-21T00:52:14.5361136Z A path returned 202. Retrying...
2023-12-21T00:52:14.5361579Z A path returned 202. Retrying...
2023-12-21T00:52:14.5361986Z A path returned 202. Retrying...
2023-12-21T00:52:14.5362372Z A path returned 202. Retrying...
2023-12-21T00:52:14.5362811Z A path returned 202. Retrying...
2023-12-21T00:52:14.5363180Z A path returned 202. Retrying...
2023-12-21T00:52:14.5363564Z A path returned 202. Retrying...
2023-12-21T00:52:14.5364009Z A path returned 202. Retrying...
2023-12-21T00:52:14.5364407Z A path returned 202. Retrying...
2023-12-21T00:52:14.5364794Z A path returned 202. Retrying...
2023-12-21T00:52:14.5365258Z A path returned 202. Retrying...
2023-12-21T00:52:14.5365640Z A path returned 202. Retrying...
2023-12-21T00:52:14.5365995Z A path returned 202. Retrying...
2023-12-21T00:52:14.5366468Z A path returned 202. Retrying...
2023-12-21T00:52:14.5366855Z A path returned 202. Retrying...
2023-12-21T00:52:14.5367499Z A path returned 202. Retrying...
2023-12-21T00:52:14.5367893Z A path returned 202. Retrying...
2023-12-21T00:52:14.5368274Z A path returned 202. Retrying...
2023-12-21T00:52:14.5368751Z A path returned 202. Retrying...
2023-12-21T00:52:14.5369110Z A path returned 202. Retrying...
2023-12-21T00:52:14.5369511Z A path returned 202. Retrying...
2023-12-21T00:52:14.5369959Z A path returned 202. Retrying...
2023-12-21T00:52:14.5370343Z A path returned 202. Retrying...
2023-12-21T00:52:14.5370741Z A path returned 202. Retrying...
2023-12-21T00:52:14.5371188Z A path returned 202. Retrying...
2023-12-21T00:52:14.5371590Z A path returned 202. Retrying...
2023-12-21T00:52:14.5371943Z A path returned 202. Retrying...
2023-12-21T00:52:14.5372397Z A path returned 202. Retrying...
2023-12-21T00:52:14.5372794Z A path returned 202. Retrying...
2023-12-21T00:52:14.5373231Z A path returned 202. Retrying...
2023-12-21T00:52:14.5373617Z A path returned 202. Retrying...
2023-12-21T00:52:14.5374021Z A path returned 202. Retrying...
2023-12-21T00:52:14.5374467Z A path returned 202. Retrying...
2023-12-21T00:52:14.5374819Z A path returned 202. Retrying...
2023-12-21T00:52:14.5375223Z A path returned 202. Retrying...
2023-12-21T00:52:14.5375669Z A path returned 202. Retrying...
2023-12-21T00:52:14.5376070Z A path returned 202. Retrying...
2023-12-21T00:52:14.5376452Z A path returned 202. Retrying...
2023-12-21T00:52:14.5376893Z A path returned 202. Retrying...
2023-12-21T00:52:14.5377294Z A path returned 202. Retrying...
2023-12-21T00:52:14.5377645Z A path returned 202. Retrying...
2023-12-21T00:52:14.5378118Z A path returned 202. Retrying...
2023-12-21T00:52:14.5378643Z A path returned 202. Retrying...
2023-12-21T00:52:14.5379127Z A path returned 202. Retrying...
2023-12-21T00:52:14.5379539Z A path returned 202. Retrying...
2023-12-21T00:52:14.5379926Z A path returned 202. Retrying...
2023-12-21T00:52:14.5380399Z A path returned 202. Retrying...
2023-12-21T00:52:14.5380766Z A path returned 202. Retrying...
2023-12-21T00:52:14.5381163Z A path returned 202. Retrying...
2023-12-21T00:52:14.5381625Z A path returned 202. Retrying...
2023-12-21T00:52:14.5382013Z A path returned 202. Retrying...
2023-12-21T00:52:14.5382415Z A path returned 202. Retrying...
2023-12-21T00:52:14.5382862Z A path returned 202. Retrying...
2023-12-21T00:52:14.5383245Z A path returned 202. Retrying...
2023-12-21T00:52:14.5383610Z A path returned 202. Retrying...
2023-12-21T00:52:14.5384134Z A path returned 202. Retrying...
2023-12-21T00:52:14.5384525Z A path returned 202. Retrying...
2023-12-21T00:52:14.5384994Z A path returned 202. Retrying...
2023-12-21T00:52:14.5385386Z A path returned 202. Retrying...
2023-12-21T00:52:14.5385790Z A path returned 202. Retrying...
2023-12-21T00:52:14.5386232Z A path returned 202. Retrying...
2023-12-21T00:52:14.5386587Z A path returned 202. Retrying...
2023-12-21T00:52:14.5386993Z A path returned 202. Retrying...
2023-12-21T00:52:14.5387442Z A path returned 202. Retrying...
2023-12-21T00:52:14.5387832Z A path returned 202. Retrying...
2023-12-21T00:52:14.5388235Z A path returned 202. Retrying...
2023-12-21T00:52:14.5388746Z A path returned 202. Retrying...
2023-12-21T00:52:14.5389148Z A path returned 202. Retrying...
2023-12-21T00:52:14.5389500Z A path returned 202. Retrying...
2023-12-21T00:52:14.5389949Z A path returned 202. Retrying...
2023-12-21T00:52:14.5390353Z A path returned 202. Retrying...
2023-12-21T00:52:14.5390802Z A path returned 202. Retrying...
2023-12-21T00:52:14.5391207Z A path returned 202. Retrying...
2023-12-21T00:52:14.5391596Z A path returned 202. Retrying...
2023-12-21T00:52:14.5392192Z A path returned 202. Retrying...
2023-12-21T00:52:14.5392591Z A path returned 202. Retrying...
2023-12-21T00:52:14.5393006Z A path returned 202. Retrying...
2023-12-21T00:52:14.5393521Z A path returned 202. Retrying...
2023-12-21T00:52:14.5393926Z A path returned 202. Retrying...
2023-12-21T00:52:14.5394322Z A path returned 202. Retrying...
2023-12-21T00:52:14.5394787Z A path returned 202. Retrying...
2023-12-21T00:52:14.5395339Z A path returned 202. Retrying...
2023-12-21T00:52:14.5395701Z A path returned 202. Retrying...
2023-12-21T00:52:14.5396171Z A path returned 202. Retrying...
2023-12-21T00:52:14.5396561Z A path returned 202. Retrying...
2023-12-21T00:52:14.5397022Z A path returned 202. Retrying...
2023-12-21T00:52:14.5397411Z A path returned 202. Retrying...
2023-12-21T00:52:14.5397796Z A path returned 202. Retrying...
2023-12-21T00:52:14.5398320Z A path returned 202. Retrying...
2023-12-21T00:52:14.5398673Z A path returned 202. Retrying...
2023-12-21T00:52:14.5399060Z A path returned 202. Retrying...
2023-12-21T00:52:14.5399539Z A path returned 202. Retrying...
2023-12-21T00:52:14.5399926Z A path returned 202. Retrying...
2023-12-21T00:52:14.5400327Z A path returned 202. Retrying...
2023-12-21T00:52:14.5400776Z A path returned 202. Retrying...
2023-12-21T00:52:14.5401162Z A path returned 202. Retrying...
2023-12-21T00:52:14.5401530Z A path returned 202. Retrying...
2023-12-21T00:52:14.5401987Z A path returned 202. Retrying...
2023-12-21T00:52:14.5402388Z A path returned 202. Retrying...
2023-12-21T00:52:14.5402889Z A path returned 202. Retrying...
2023-12-21T00:52:14.5403275Z A path returned 202. Retrying...
2023-12-21T00:52:14.5403681Z A path returned 202. Retrying...
2023-12-21T00:52:14.5404139Z A path returned 202. Retrying...
2023-12-21T00:52:14.5404492Z A path returned 202. Retrying...
2023-12-21T00:52:14.5404895Z A path returned 202. Retrying...
2023-12-21T00:52:14.5405344Z A path returned 202. Retrying...
2023-12-21T00:52:14.5405746Z A path returned 202. Retrying...
2023-12-21T00:52:14.5406134Z A path returned 202. Retrying...
2023-12-21T00:52:14.5406741Z A path returned 202. Retrying...
2023-12-21T00:52:14.5407197Z A path returned 202. Retrying...
2023-12-21T00:52:14.5407548Z A path returned 202. Retrying...
2023-12-21T00:52:14.5408019Z A path returned 202. Retrying...
2023-12-21T00:52:14.5408405Z A path returned 202. Retrying...
2023-12-21T00:52:14.5408849Z A path returned 202. Retrying...
2023-12-21T00:52:14.5409259Z A path returned 202. Retrying...
2023-12-21T00:52:14.5409643Z A path returned 202. Retrying...
2023-12-21T00:52:14.5410108Z A path returned 202. Retrying...
2023-12-21T00:52:14.5410462Z A path returned 202. Retrying...
2023-12-21T00:52:14.5410853Z A path returned 202. Retrying...
2023-12-21T00:52:14.5411323Z A path returned 202. Retrying...
2023-12-21T00:52:14.5411707Z A path returned 202. Retrying...
2023-12-21T00:52:14.5412153Z A path returned 202. Retrying...
2023-12-21T00:52:14.5412620Z A path returned 202. Retrying...
2023-12-21T00:52:14.5413007Z A path returned 202. Retrying...
2023-12-21T00:52:14.5413383Z A path returned 202. Retrying...
2023-12-21T00:52:14.5413832Z A path returned 202. Retrying...
2023-12-21T00:52:14.5414218Z A path returned 202. Retrying...
2023-12-21T00:52:14.5414677Z A path returned 202. Retrying...
2023-12-21T00:52:14.5415063Z A path returned 202. Retrying...
2023-12-21T00:52:14.5415465Z A path returned 202. Retrying...
2023-12-21T00:52:14.5415915Z A path returned 202. Retrying...
2023-12-21T00:52:14.5416390Z A path returned 202. Retrying...
2023-12-21T00:52:14.5416867Z A path returned 202. Retrying...
2023-12-21T00:52:14.5417351Z A path returned 202. Retrying...
2023-12-21T00:52:14.5417742Z A path returned 202. Retrying...
2023-12-21T00:52:14.5418159Z A path returned 202. Retrying...
2023-12-21T00:52:14.5418619Z A path returned 202. Retrying...
2023-12-21T00:52:14.5419030Z A path returned 202. Retrying...
2023-12-21T00:52:14.5419390Z A path returned 202. Retrying...
2023-12-21T00:52:14.5419851Z A path returned 202. Retrying...
2023-12-21T00:52:14.5420265Z A path returned 202. Retrying...
2023-12-21T00:52:14.5420722Z A path returned 202. Retrying...
2023-12-21T00:52:14.5421118Z A path returned 202. Retrying...
2023-12-21T00:52:14.5421595Z A path returned 202. Retrying...
2023-12-21T01:01:19.4708940Z A path returned 202. Retrying...
2023-12-21T01:01:19.4709427Z A path returned 202. Retrying...
2023-12-21T01:01:19.4709809Z A path returned 202. Retrying...
2023-12-21T01:01:19.4710556Z A path returned 202. Retrying...
2023-12-21T01:01:19.4710869Z A path returned 202. Retrying...
2023-12-21T01:01:19.4711167Z A path returned 202. Retrying...
2023-12-21T01:01:19.4711476Z A path returned 202. Retrying...
2023-12-21T01:01:19.4711776Z A path returned 202. Retrying...
2023-12-21T01:01:19.4712325Z A path returned 202. Retrying...
2023-12-21T01:01:19.4712627Z A path returned 202. Retrying...
2023-12-21T01:01:19.4712925Z A path returned 202. Retrying...
2023-12-21T01:01:19.4713219Z A path returned 202. Retrying...
2023-12-21T01:01:19.4713511Z A path returned 202. Retrying...
2023-12-21T01:01:19.4713819Z A path returned 202. Retrying...
2023-12-21T01:01:19.4714123Z A path returned 202. Retrying...
2023-12-21T01:01:19.4714421Z A path returned 202. Retrying...
2023-12-21T01:01:19.4714717Z A path returned 202. Retrying...
2023-12-21T01:01:19.4715013Z A path returned 202. Retrying...
2023-12-21T01:01:19.4715309Z A path returned 202. Retrying...
2023-12-21T01:01:19.4715612Z A path returned 202. Retrying...
2023-12-21T01:01:19.4715914Z A path returned 202. Retrying...
2023-12-21T01:01:19.4716212Z A path returned 202. Retrying...
2023-12-21T01:01:19.4716507Z A path returned 202. Retrying...
2023-12-21T01:01:19.4716801Z A path returned 202. Retrying...
2023-12-21T01:01:19.4717095Z A path returned 202. Retrying...
2023-12-21T01:01:19.4717392Z A path returned 202. Retrying...
2023-12-21T01:01:19.4717680Z A path returned 202. Retrying...
2023-12-21T01:01:19.4717976Z A path returned 202. Retrying...
2023-12-21T01:01:19.4718270Z A path returned 202. Retrying...
2023-12-21T01:01:19.4718564Z A path returned 202. Retrying...
2023-12-21T01:01:19.4719079Z A path returned 202. Retrying...
2023-12-21T01:01:19.4719388Z A path returned 202. Retrying...
2023-12-21T01:01:19.4719680Z A path returned 202. Retrying...
2023-12-21T01:01:19.4719961Z A path returned 202. Retrying...
2023-12-21T01:01:19.4720250Z A path returned 202. Retrying...
2023-12-21T01:01:19.4720541Z A path returned 202. Retrying...
2023-12-21T01:01:19.4720831Z A path returned 202. Retrying...
2023-12-21T01:01:19.4721115Z A path returned 202. Retrying...
2023-12-21T01:01:19.4721401Z A path returned 202. Retrying...
2023-12-21T01:01:19.4721689Z A path returned 202. Retrying...
2023-12-21T01:01:19.4721972Z A path returned 202. Retrying...
2023-12-21T01:01:19.4722258Z A path returned 202. Retrying...
2023-12-21T01:01:19.4722542Z A path returned 202. Retrying...
2023-12-21T01:01:19.4722827Z A path returned 202. Retrying...
2023-12-21T01:01:19.4723113Z A path returned 202. Retrying...
2023-12-21T01:01:19.4723397Z A path returned 202. Retrying...
2023-12-21T01:01:19.4723688Z A path returned 202. Retrying...
2023-12-21T01:01:19.4723969Z A path returned 202. Retrying...
2023-12-21T01:01:19.4724254Z A path returned 202. Retrying...
2023-12-21T01:01:19.4724539Z A path returned 202. Retrying...
2023-12-21T01:01:19.4724826Z A path returned 202. Retrying...
2023-12-21T01:01:19.4725110Z A path returned 202. Retrying...
2023-12-21T01:01:19.4725401Z A path returned 202. Retrying...
2023-12-21T01:01:19.4725688Z A path returned 202. Retrying...
2023-12-21T01:01:19.4725970Z A path returned 202. Retrying...
2023-12-21T01:01:19.4726255Z A path returned 202. Retrying...
2023-12-21T01:01:19.4726541Z A path returned 202. Retrying...
2023-12-21T01:01:19.4726826Z A path returned 202. Retrying...
2023-12-21T01:01:19.4727110Z A path returned 202. Retrying...
2023-12-21T01:01:19.4727398Z A path returned 202. Retrying...
2023-12-21T01:01:19.4727702Z A path returned 202. Retrying...
2023-12-21T01:01:19.4728007Z A path returned 202. Retrying...
2023-12-21T01:01:19.4728294Z A path returned 202. Retrying...
2023-12-21T01:01:19.4728583Z A path returned 202. Retrying...
2023-12-21T01:01:19.4728871Z A path returned 202. Retrying...
2023-12-21T01:01:19.4729157Z A path returned 202. Retrying...
2023-12-21T01:01:19.4729444Z A path returned 202. Retrying...
2023-12-21T01:01:19.4729731Z A path returned 202. Retrying...
2023-12-21T01:01:19.4730013Z A path returned 202. Retrying...
2023-12-21T01:01:19.4730454Z A path returned 202. Retrying...
2023-12-21T01:01:19.4730742Z A path returned 202. Retrying...
2023-12-21T01:01:19.4731028Z A path returned 202. Retrying...
2023-12-21T01:01:19.4731316Z A path returned 202. Retrying...
2023-12-21T01:01:19.4731600Z A path returned 202. Retrying...
2023-12-21T01:01:19.4731886Z A path returned 202. Retrying...
2023-12-21T01:01:19.4732165Z A path returned 202. Retrying...
2023-12-21T01:01:19.4732452Z A path returned 202. Retrying...
2023-12-21T01:01:19.4732741Z A path returned 202. Retrying...
2023-12-21T01:01:19.4733025Z A path returned 202. Retrying...
2023-12-21T01:01:19.4733314Z A path returned 202. Retrying...
2023-12-21T01:01:19.4733600Z A path returned 202. Retrying...
2023-12-21T01:01:19.4733886Z A path returned 202. Retrying...
2023-12-21T01:01:19.4734169Z A path returned 202. Retrying...
2023-12-21T01:01:19.4734456Z A path returned 202. Retrying...
2023-12-21T01:01:19.4734741Z A path returned 202. Retrying...
2023-12-21T01:01:19.4735034Z A path returned 202. Retrying...
2023-12-21T01:01:19.4735350Z A path returned 202. Retrying...
2023-12-21T01:01:19.4735655Z A path returned 202. Retrying...
2023-12-21T01:01:19.4735949Z A path returned 202. Retrying...
2023-12-21T01:01:19.4736249Z A path returned 202. Retrying...
2023-12-21T01:01:19.4736554Z A path returned 202. Retrying...
2023-12-21T01:01:19.4736852Z A path returned 202. Retrying...
2023-12-21T01:01:19.4737147Z A path returned 202. Retrying...
2023-12-21T01:01:19.4737440Z A path returned 202. Retrying...
2023-12-21T01:01:19.4737733Z A path returned 202. Retrying...
2023-12-21T01:01:19.4738018Z A path returned 202. Retrying...
2023-12-21T01:01:19.4738431Z A path returned 202. Retrying...
2023-12-21T01:01:19.4738730Z A path returned 202. Retrying...
2023-12-21T01:01:19.4739023Z A path returned 202. Retrying...
2023-12-21T01:01:19.4739312Z A path returned 202. Retrying...
2023-12-21T01:01:19.4739602Z A path returned 202. Retrying...
2023-12-21T01:01:19.4739894Z A path returned 202. Retrying...
2023-12-21T01:01:19.4740183Z A path returned 202. Retrying...
2023-12-21T01:01:19.4740474Z A path returned 202. Retrying...
2023-12-21T01:01:19.4740762Z A path returned 202. Retrying...
2023-12-21T01:01:19.4741053Z A path returned 202. Retrying...
2023-12-21T01:01:19.4741344Z A path returned 202. Retrying...
2023-12-21T01:01:19.4741635Z A path returned 202. Retrying...
2023-12-21T01:01:19.4741926Z A path returned 202. Retrying...
2023-12-21T01:01:19.4742212Z A path returned 202. Retrying...
2023-12-21T01:01:19.4742503Z A path returned 202. Retrying...
2023-12-21T01:01:19.4742794Z A path returned 202. Retrying...
2023-12-21T01:01:19.4743089Z A path returned 202. Retrying...
2023-12-21T01:01:19.4743379Z A path returned 202. Retrying...
2023-12-21T01:01:19.4743668Z A path returned 202. Retrying...
2023-12-21T01:01:19.4743958Z A path returned 202. Retrying...
2023-12-21T01:01:19.4744243Z A path returned 202. Retrying...
2023-12-21T01:01:19.4744534Z A path returned 202. Retrying...
2023-12-21T01:01:19.4744828Z A path returned 202. Retrying...
2023-12-21T01:01:19.4745118Z A path returned 202. Retrying...
2023-12-21T01:01:19.4745409Z A path returned 202. Retrying...
2023-12-21T01:01:19.4745698Z A path returned 202. Retrying...
2023-12-21T01:01:19.4745989Z A path returned 202. Retrying...
2023-12-21T01:01:19.4746276Z A path returned 202. Retrying...
2023-12-21T01:01:19.4746567Z A path returned 202. Retrying...
2023-12-21T01:01:19.4746858Z A path returned 202. Retrying...
2023-12-21T01:01:19.4747147Z A path returned 202. Retrying...
2023-12-21T01:01:19.4747436Z A path returned 202. Retrying...
2023-12-21T01:01:19.4747726Z A path returned 202. Retrying...
2023-12-21T01:01:19.4748019Z A path returned 202. Retrying...
2023-12-21T01:01:19.4748305Z A path returned 202. Retrying...
2023-12-21T01:01:19.4748595Z A path returned 202. Retrying...
2023-12-21T01:01:19.4748885Z A path returned 202. Retrying...
2023-12-21T01:01:19.4749175Z A path returned 202. Retrying...
2023-12-21T01:01:19.4749465Z A path returned 202. Retrying...
2023-12-21T01:01:19.4749887Z A path returned 202. Retrying...
2023-12-21T01:01:19.4750182Z A path returned 202. Retrying...
2023-12-21T01:01:19.4750469Z A path returned 202. Retrying...
2023-12-21T01:01:19.4750759Z A path returned 202. Retrying...
2023-12-21T01:01:19.4751051Z A path returned 202. Retrying...
2023-12-21T01:01:19.4751339Z A path returned 202. Retrying...
2023-12-21T01:01:19.4751670Z A path returned 202. Retrying...
2023-12-21T01:01:19.4752080Z A path returned 202. Retrying...
2023-12-21T01:01:19.4752389Z A path returned 202. Retrying...
2023-12-21T01:01:19.4752684Z A path returned 202. Retrying...
2023-12-21T01:01:19.4752985Z A path returned 202. Retrying...
2023-12-21T01:01:19.4753286Z A path returned 202. Retrying...
2023-12-21T01:01:19.4753585Z A path returned 202. Retrying...
2023-12-21T01:01:19.4753884Z A path returned 202. Retrying...
2023-12-21T01:01:19.4754177Z A path returned 202. Retrying...
2023-12-21T01:01:19.4754469Z A path returned 202. Retrying...
2023-12-21T01:01:19.4754757Z A path returned 202. Retrying...
2023-12-21T01:01:19.4755053Z A path returned 202. Retrying...
2023-12-21T01:01:19.4755347Z A path returned 202. Retrying...
2023-12-21T01:01:19.4755639Z A path returned 202. Retrying...
2023-12-21T01:01:19.4755934Z A path returned 202. Retrying...
2023-12-21T01:01:19.4756225Z A path returned 202. Retrying...
2023-12-21T01:01:19.4756515Z A path returned 202. Retrying...
2023-12-21T01:01:19.4756801Z A path returned 202. Retrying...
2023-12-21T01:01:19.4757091Z A path returned 202. Retrying...
2023-12-21T01:01:19.4757381Z A path returned 202. Retrying...
2023-12-21T01:01:19.4757675Z A path returned 202. Retrying...
2023-12-21T01:01:19.4758145Z A path returned 202. Retrying...
2023-12-21T01:01:19.4758451Z A path returned 202. Retrying...
2023-12-21T01:01:19.4758741Z A path returned 202. Retrying...
2023-12-21T01:01:19.4759029Z A path returned 202. Retrying...
2023-12-21T01:01:19.4759318Z A path returned 202. Retrying...
2023-12-21T01:01:19.4759607Z A path returned 202. Retrying...
2023-12-21T01:01:19.4759902Z A path returned 202. Retrying...
2023-12-21T01:01:19.4760195Z A path returned 202. Retrying...
2023-12-21T01:01:19.4760484Z A path returned 202. Retrying...
2023-12-21T01:01:19.4760773Z A path returned 202. Retrying...
2023-12-21T01:01:19.4761058Z A path returned 202. Retrying...
2023-12-21T01:01:19.4761347Z A path returned 202. Retrying...
2023-12-21T01:01:19.4761637Z A path returned 202. Retrying...
2023-12-21T01:01:19.4761929Z A path returned 202. Retrying...
2023-12-21T01:01:19.4762219Z A path returned 202. Retrying...
2023-12-21T01:01:19.4762508Z A path returned 202. Retrying...
2023-12-21T01:01:19.4762802Z A path returned 202. Retrying...
2023-12-21T01:01:19.4763090Z A path returned 202. Retrying...
2023-12-21T01:01:19.4763378Z A path returned 202. Retrying...
2023-12-21T01:01:19.4763667Z A path returned 202. Retrying...
2023-12-21T01:01:19.4763956Z A path returned 202. Retrying...
2023-12-21T01:01:19.4764245Z A path returned 202. Retrying...
2023-12-21T01:01:19.4764533Z A path returned 202. Retrying...
2023-12-21T01:01:19.4764826Z A path returned 202. Retrying...
2023-12-21T01:01:19.4765109Z A path returned 202. Retrying...
2023-12-21T01:01:19.4765399Z A path returned 202. Retrying...
2023-12-21T01:01:19.4765690Z A path returned 202. Retrying...
2023-12-21T01:01:19.4765981Z A path returned 202. Retrying...
2023-12-21T01:01:19.4766273Z A path returned 202. Retrying...
2023-12-21T01:01:19.4766560Z A path returned 202. Retrying...
2023-12-21T01:01:19.4766853Z A path returned 202. Retrying...
2023-12-21T01:01:19.4767138Z A path returned 202. Retrying...
2023-12-21T01:01:19.4767427Z A path returned 202. Retrying...
2023-12-21T01:01:19.4767721Z A path returned 202. Retrying...
2023-12-21T01:01:19.4768018Z A path returned 202. Retrying...
2023-12-21T01:01:19.4768308Z A path returned 202. Retrying...
2023-12-21T01:01:19.4768599Z A path returned 202. Retrying...
2023-12-21T01:01:19.4768888Z A path returned 202. Retrying...
2023-12-21T01:01:19.4769171Z A path returned 202. Retrying...
2023-12-21T01:01:19.4769615Z A path returned 202. Retrying...
2023-12-21T01:01:19.4769907Z A path returned 202. Retrying...
2023-12-21T01:01:19.4770197Z A path returned 202. Retrying...
2023-12-21T01:01:19.4770485Z A path returned 202. Retrying...
2023-12-21T01:01:19.4770776Z A path returned 202. Retrying...
2023-12-21T01:01:19.4771065Z A path returned 202. Retrying...
2023-12-21T01:01:19.4771354Z A path returned 202. Retrying...
2023-12-21T01:01:19.4771647Z A path returned 202. Retrying...
2023-12-21T01:01:19.4771935Z A path returned 202. Retrying...
2023-12-21T01:01:19.4772225Z A path returned 202. Retrying...
2023-12-21T01:01:19.4772517Z A path returned 202. Retrying...
2023-12-21T01:01:19.4772808Z A path returned 202. Retrying...
2023-12-21T01:01:19.4773098Z A path returned 202. Retrying...
2023-12-21T01:01:19.4773386Z A path returned 202. Retrying...
2023-12-21T01:01:19.4773679Z A path returned 202. Retrying...
2023-12-21T01:01:19.4773968Z A path returned 202. Retrying...
2023-12-21T01:01:19.4774259Z A path returned 202. Retrying...
2023-12-21T01:01:19.4774559Z A path returned 202. Retrying...
2023-12-21T01:01:19.4774849Z A path returned 202. Retrying...
2023-12-21T01:01:19.4775140Z A path returned 202. Retrying...
2023-12-21T01:01:19.4775424Z A path returned 202. Retrying...
2023-12-21T01:01:19.4775718Z A path returned 202. Retrying...
2023-12-21T01:01:19.4776007Z A path returned 202. Retrying...
2023-12-21T01:01:19.4776296Z A path returned 202. Retrying...
2023-12-21T01:01:19.4776586Z A path returned 202. Retrying...
2023-12-21T01:01:19.4776875Z A path returned 202. Retrying...
2023-12-21T01:01:19.4777163Z A path returned 202. Retrying...
2023-12-21T01:01:19.4777567Z A path returned 202. Retrying...
2023-12-21T01:01:19.4777866Z A path returned 202. Retrying...
2023-12-21T01:01:19.4778165Z A path returned 202. Retrying...
2023-12-21T01:01:19.4778456Z A path returned 202. Retrying...
2023-12-21T01:01:19.4778745Z A path returned 202. Retrying...
2023-12-21T01:01:19.4779038Z A path returned 202. Retrying...
2023-12-21T01:01:19.4779335Z A path returned 202. Retrying...
2023-12-21T01:01:19.4779621Z A path returned 202. Retrying...
2023-12-21T01:01:19.4779912Z A path returned 202. Retrying...
2023-12-21T01:01:19.4780202Z A path returned 202. Retrying...
2023-12-21T01:01:19.4780493Z A path returned 202. Retrying...
2023-12-21T01:01:19.4780782Z A path returned 202. Retrying...
2023-12-21T01:01:19.4781072Z A path returned 202. Retrying...
2023-12-21T01:01:19.4781361Z A path returned 202. Retrying...
2023-12-21T01:01:19.4781645Z A path returned 202. Retrying...
2023-12-21T01:01:19.4781936Z A path returned 202. Retrying...
2023-12-21T01:01:19.4782232Z A path returned 202. Retrying...
2023-12-21T01:01:19.4782522Z A path returned 202. Retrying...
2023-12-21T01:01:19.4782813Z A path returned 202. Retrying...
2023-12-21T01:01:19.4783102Z A path returned 202. Retrying...
2023-12-21T01:10:24.0983863Z A path returned 202. Retrying...
2023-12-21T01:10:24.0984557Z A path returned 202. Retrying...
2023-12-21T01:10:24.0985015Z A path returned 202. Retrying...
2023-12-21T01:10:24.0985479Z A path returned 202. Retrying...
2023-12-21T01:10:24.0985905Z A path returned 202. Retrying...
2023-12-21T01:10:24.0986328Z A path returned 202. Retrying...
2023-12-21T01:10:24.0986747Z A path returned 202. Retrying...
2023-12-21T01:10:24.0987164Z A path returned 202. Retrying...
2023-12-21T01:10:24.0987594Z A path returned 202. Retrying...
2023-12-21T01:10:24.0988024Z A path returned 202. Retrying...
2023-12-21T01:10:24.0988449Z A path returned 202. Retrying...
2023-12-21T01:10:24.0988874Z A path returned 202. Retrying...
2023-12-21T01:10:24.0989313Z A path returned 202. Retrying...
2023-12-21T01:10:24.0989742Z A path returned 202. Retrying...
2023-12-21T01:10:24.0990218Z A path returned 202. Retrying...
2023-12-21T01:10:24.0990651Z A path returned 202. Retrying...
2023-12-21T01:10:24.0991083Z A path returned 202. Retrying...
2023-12-21T01:10:24.0991455Z A path returned 202. Retrying...
2023-12-21T01:10:24.0991799Z A path returned 202. Retrying...
2023-12-21T01:10:24.0992842Z A path returned 202. Retrying...
2023-12-21T01:10:24.0993180Z A path returned 202. Retrying...
2023-12-21T01:10:24.0993510Z A path returned 202. Retrying...
2023-12-21T01:10:24.0993827Z A path returned 202. Retrying...
2023-12-21T01:10:24.0994141Z A path returned 202. Retrying...
2023-12-21T01:10:24.0994453Z A path returned 202. Retrying...
2023-12-21T01:10:24.0994771Z A path returned 202. Retrying...
2023-12-21T01:10:24.0995086Z A path returned 202. Retrying...
2023-12-21T01:10:24.0995401Z A path returned 202. Retrying...
2023-12-21T01:10:24.0995716Z A path returned 202. Retrying...
2023-12-21T01:10:24.0996031Z A path returned 202. Retrying...
2023-12-21T01:10:24.0996348Z A path returned 202. Retrying...
2023-12-21T01:10:24.0996660Z A path returned 202. Retrying...
2023-12-21T01:10:24.0996978Z A path returned 202. Retrying...
2023-12-21T01:10:24.0997295Z A path returned 202. Retrying...
2023-12-21T01:10:24.0997614Z A path returned 202. Retrying...
2023-12-21T01:10:24.0997928Z A path returned 202. Retrying...
2023-12-21T01:10:24.0998252Z A path returned 202. Retrying...
2023-12-21T01:10:24.0998569Z A path returned 202. Retrying...
2023-12-21T01:10:24.0998885Z A path returned 202. Retrying...
2023-12-21T01:10:24.0999201Z A path returned 202. Retrying...
2023-12-21T01:10:24.0999515Z A path returned 202. Retrying...
2023-12-21T01:10:24.0999831Z A path returned 202. Retrying...
2023-12-21T01:10:24.1000145Z A path returned 202. Retrying...
2023-12-21T01:10:24.1000460Z A path returned 202. Retrying...
2023-12-21T01:10:24.1000775Z A path returned 202. Retrying...
2023-12-21T01:10:24.1001086Z A path returned 202. Retrying...
2023-12-21T01:10:24.1001607Z A path returned 202. Retrying...
2023-12-21T01:10:24.1001942Z A path returned 202. Retrying...
2023-12-21T01:10:24.1002257Z A path returned 202. Retrying...
2023-12-21T01:10:24.1002555Z A path returned 202. Retrying...
2023-12-21T01:10:24.1002857Z A path returned 202. Retrying...
2023-12-21T01:10:24.1003153Z A path returned 202. Retrying...
2023-12-21T01:10:24.1003444Z A path returned 202. Retrying...
2023-12-21T01:10:24.1003735Z A path returned 202. Retrying...
2023-12-21T01:10:24.1004029Z A path returned 202. Retrying...
2023-12-21T01:10:24.1004330Z A path returned 202. Retrying...
2023-12-21T01:10:24.1004621Z A path returned 202. Retrying...
2023-12-21T01:10:24.1004914Z A path returned 202. Retrying...
2023-12-21T01:10:24.1005208Z A path returned 202. Retrying...
2023-12-21T01:10:24.1005496Z A path returned 202. Retrying...
2023-12-21T01:10:24.1005791Z A path returned 202. Retrying...
2023-12-21T01:10:24.1006082Z A path returned 202. Retrying...
2023-12-21T01:10:24.1006372Z A path returned 202. Retrying...
2023-12-21T01:10:24.1006669Z A path returned 202. Retrying...
2023-12-21T01:10:24.1006961Z A path returned 202. Retrying...
2023-12-21T01:10:24.1007253Z A path returned 202. Retrying...
2023-12-21T01:10:24.1007540Z A path returned 202. Retrying...
2023-12-21T01:10:24.1007834Z A path returned 202. Retrying...
2023-12-21T01:10:24.1008150Z A path returned 202. Retrying...
2023-12-21T01:10:24.1008459Z A path returned 202. Retrying...
2023-12-21T01:10:24.1008760Z A path returned 202. Retrying...
2023-12-21T01:10:24.1009059Z A path returned 202. Retrying...
2023-12-21T01:10:24.1009355Z A path returned 202. Retrying...
2023-12-21T01:10:24.1009649Z A path returned 202. Retrying...
2023-12-21T01:10:24.1009942Z A path returned 202. Retrying...
2023-12-21T01:10:24.1010243Z A path returned 202. Retrying...
2023-12-21T01:10:24.1010539Z A path returned 202. Retrying...
2023-12-21T01:10:24.1010833Z A path returned 202. Retrying...
2023-12-21T01:10:24.1011131Z A path returned 202. Retrying...
2023-12-21T01:10:24.1011428Z A path returned 202. Retrying...
2023-12-21T01:10:24.1011719Z A path returned 202. Retrying...
2023-12-21T01:10:24.1012014Z A path returned 202. Retrying...
2023-12-21T01:10:24.1012312Z A path returned 202. Retrying...
2023-12-21T01:10:24.1012606Z A path returned 202. Retrying...
2023-12-21T01:10:24.1012903Z A path returned 202. Retrying...
2023-12-21T01:10:24.1013349Z A path returned 202. Retrying...
2023-12-21T01:10:24.1013643Z A path returned 202. Retrying...
2023-12-21T01:10:24.1013930Z A path returned 202. Retrying...
2023-12-21T01:10:24.1014224Z A path returned 202. Retrying...
2023-12-21T01:10:24.1014520Z A path returned 202. Retrying...
2023-12-21T01:10:24.1014819Z A path returned 202. Retrying...
2023-12-21T01:10:24.1015112Z A path returned 202. Retrying...
2023-12-21T01:10:24.1015403Z A path returned 202. Retrying...
2023-12-21T01:10:24.1015698Z A path returned 202. Retrying...
2023-12-21T01:10:24.1015984Z A path returned 202. Retrying...
2023-12-21T01:10:24.1016289Z A path returned 202. Retrying...
2023-12-21T01:10:24.1016589Z A path returned 202. Retrying...
2023-12-21T01:10:24.1016882Z A path returned 202. Retrying...
2023-12-21T01:10:24.1017178Z A path returned 202. Retrying...
2023-12-21T01:10:24.1017468Z A path returned 202. Retrying...
2023-12-21T01:10:24.1017761Z A path returned 202. Retrying...
2023-12-21T01:10:24.1018046Z A path returned 202. Retrying...
2023-12-21T01:10:24.1018345Z A path returned 202. Retrying...
2023-12-21T01:10:24.1018639Z A path returned 202. Retrying...
2023-12-21T01:10:24.1018933Z A path returned 202. Retrying...
2023-12-21T01:10:24.1019228Z A path returned 202. Retrying...
2023-12-21T01:10:24.1019520Z A path returned 202. Retrying...
2023-12-21T01:10:24.1019812Z A path returned 202. Retrying...
2023-12-21T01:10:24.1020098Z A path returned 202. Retrying...
2023-12-21T01:10:24.1020390Z A path returned 202. Retrying...
2023-12-21T01:10:24.1020685Z A path returned 202. Retrying...
2023-12-21T01:10:24.1020978Z A path returned 202. Retrying...
2023-12-21T01:10:24.1021396Z A path returned 202. Retrying...
2023-12-21T01:10:24.1021710Z A path returned 202. Retrying...
2023-12-21T01:10:24.1022012Z A path returned 202. Retrying...
2023-12-21T01:10:24.1022306Z A path returned 202. Retrying...
2023-12-21T01:10:24.1022601Z A path returned 202. Retrying...
2023-12-21T01:10:24.1022894Z A path returned 202. Retrying...
2023-12-21T01:10:24.1023194Z A path returned 202. Retrying...
2023-12-21T01:10:24.1023487Z A path returned 202. Retrying...
2023-12-21T01:10:24.1023780Z A path returned 202. Retrying...
2023-12-21T01:10:24.1024073Z A path returned 202. Retrying...
2023-12-21T01:10:24.1024359Z A path returned 202. Retrying...
2023-12-21T01:10:24.1024656Z A path returned 202. Retrying...
2023-12-21T01:10:24.1024949Z A path returned 202. Retrying...
2023-12-21T01:10:24.1025240Z A path returned 202. Retrying...
2023-12-21T01:10:24.1025533Z A path returned 202. Retrying...
2023-12-21T01:10:24.1025822Z A path returned 202. Retrying...
2023-12-21T01:10:24.1026112Z A path returned 202. Retrying...
2023-12-21T01:10:24.1026404Z A path returned 202. Retrying...
2023-12-21T01:10:24.1026699Z A path returned 202. Retrying...
2023-12-21T01:10:24.1026989Z A path returned 202. Retrying...
2023-12-21T01:10:24.1027284Z A path returned 202. Retrying...
2023-12-21T01:10:24.1027577Z A path returned 202. Retrying...
2023-12-21T01:10:24.1027867Z A path returned 202. Retrying...
2023-12-21T01:10:24.1028168Z A path returned 202. Retrying...
2023-12-21T01:10:24.1028459Z A path returned 202. Retrying...
2023-12-21T01:10:24.1028752Z A path returned 202. Retrying...
2023-12-21T01:10:24.1029046Z A path returned 202. Retrying...
2023-12-21T01:10:24.1029338Z A path returned 202. Retrying...
2023-12-21T01:10:24.1029630Z A path returned 202. Retrying...
2023-12-21T01:10:24.1029929Z A path returned 202. Retrying...
2023-12-21T01:10:24.1030224Z A path returned 202. Retrying...
2023-12-21T01:10:24.1030510Z A path returned 202. Retrying...
2023-12-21T01:10:24.1030803Z A path returned 202. Retrying...
2023-12-21T01:10:24.1031101Z A path returned 202. Retrying...
2023-12-21T01:10:24.1031392Z A path returned 202. Retrying...
2023-12-21T01:10:24.1031684Z A path returned 202. Retrying...
2023-12-21T01:10:24.1032101Z A path returned 202. Retrying...
2023-12-21T01:10:24.1032396Z A path returned 202. Retrying...
2023-12-21T01:10:24.1032684Z A path returned 202. Retrying...
2023-12-21T01:10:24.1033141Z A path returned 202. Retrying...
2023-12-21T01:10:24.1033434Z A path returned 202. Retrying...
2023-12-21T01:10:24.1033725Z A path returned 202. Retrying...
2023-12-21T01:10:24.1034019Z A path returned 202. Retrying...
2023-12-21T01:10:24.1034309Z A path returned 202. Retrying...
2023-12-21T01:10:24.1034601Z A path returned 202. Retrying...
2023-12-21T01:10:24.1034888Z A path returned 202. Retrying...
2023-12-21T01:10:24.1035177Z A path returned 202. Retrying...
2023-12-21T01:10:24.1035470Z A path returned 202. Retrying...
2023-12-21T01:10:24.1035761Z A path returned 202. Retrying...
2023-12-21T01:10:24.1036053Z A path returned 202. Retrying...
2023-12-21T01:10:24.1036349Z A path returned 202. Retrying...
2023-12-21T01:10:24.1036643Z A path returned 202. Retrying...
2023-12-21T01:10:24.1036929Z A path returned 202. Retrying...
2023-12-21T01:10:24.1037224Z A path returned 202. Retrying...
2023-12-21T01:10:24.1037519Z A path returned 202. Retrying...
2023-12-21T01:10:24.1037812Z A path returned 202. Retrying...
2023-12-21T01:10:24.1038113Z A path returned 202. Retrying...
2023-12-21T01:10:24.1038406Z A path returned 202. Retrying...
2023-12-21T01:10:24.1038698Z A path returned 202. Retrying...
2023-12-21T01:10:24.1038984Z A path returned 202. Retrying...
2023-12-21T01:10:24.1039280Z A path returned 202. Retrying...
2023-12-21T01:10:24.1039575Z A path returned 202. Retrying...
2023-12-21T01:10:24.1039869Z A path returned 202. Retrying...
2023-12-21T01:10:24.1040163Z A path returned 202. Retrying...
2023-12-21T01:10:24.1040457Z A path returned 202. Retrying...
2023-12-21T01:10:24.1040752Z A path returned 202. Retrying...
2023-12-21T01:10:24.1041183Z A path returned 202. Retrying...
2023-12-21T01:10:24.1041482Z A path returned 202. Retrying...
2023-12-21T01:10:24.1041775Z A path returned 202. Retrying...
2023-12-21T01:10:24.1042068Z A path returned 202. Retrying...
2023-12-21T01:10:24.1042362Z A path returned 202. Retrying...
2023-12-21T01:10:24.1042653Z A path returned 202. Retrying...
2023-12-21T01:10:24.1042948Z A path returned 202. Retrying...
2023-12-21T01:10:24.1043240Z A path returned 202. Retrying...
2023-12-21T01:10:24.1043533Z A path returned 202. Retrying...
2023-12-21T01:10:24.1043825Z A path returned 202. Retrying...
2023-12-21T01:10:24.1044115Z A path returned 202. Retrying...
2023-12-21T01:10:24.1044408Z A path returned 202. Retrying...
2023-12-21T01:10:24.1044698Z A path returned 202. Retrying...
2023-12-21T01:10:24.1044987Z A path returned 202. Retrying...
2023-12-21T01:10:24.1045277Z A path returned 202. Retrying...
2023-12-21T01:10:24.1045569Z A path returned 202. Retrying...
2023-12-21T01:10:24.1045861Z A path returned 202. Retrying...
2023-12-21T01:10:24.1046157Z A path returned 202. Retrying...
2023-12-21T01:10:24.1046450Z A path returned 202. Retrying...
2023-12-21T01:10:24.1046743Z A path returned 202. Retrying...
2023-12-21T01:10:24.1047033Z A path returned 202. Retrying...
2023-12-21T01:10:24.1047320Z A path returned 202. Retrying...
2023-12-21T01:10:24.1047610Z A path returned 202. Retrying...
2023-12-21T01:10:24.1047904Z A path returned 202. Retrying...
2023-12-21T01:10:24.1048194Z A path returned 202. Retrying...
2023-12-21T01:10:24.1048482Z A path returned 202. Retrying...
2023-12-21T01:10:24.1048775Z A path returned 202. Retrying...
2023-12-21T01:10:24.1049064Z A path returned 202. Retrying...
2023-12-21T01:10:24.1049352Z A path returned 202. Retrying...
2023-12-21T01:10:24.1049644Z A path returned 202. Retrying...
2023-12-21T01:10:24.1049935Z A path returned 202. Retrying...
2023-12-21T01:10:24.1050227Z A path returned 202. Retrying...
2023-12-21T01:10:24.1050520Z A path returned 202. Retrying...
2023-12-21T01:10:24.1050814Z A path returned 202. Retrying...
2023-12-21T01:10:24.1051105Z A path returned 202. Retrying...
2023-12-21T01:10:24.1051390Z A path returned 202. Retrying...
2023-12-21T01:10:24.1051679Z A path returned 202. Retrying...
2023-12-21T01:10:24.1051971Z A path returned 202. Retrying...
2023-12-21T01:10:24.1052261Z A path returned 202. Retrying...
2023-12-21T01:10:24.1052730Z A path returned 202. Retrying...
2023-12-21T01:10:24.1053021Z A path returned 202. Retrying...
2023-12-21T01:10:24.1053310Z A path returned 202. Retrying...
2023-12-21T01:10:24.1053595Z A path returned 202. Retrying...
2023-12-21T01:10:24.1053889Z A path returned 202. Retrying...
2023-12-21T01:10:24.1054181Z A path returned 202. Retrying...
2023-12-21T01:10:24.1054475Z A path returned 202. Retrying...
2023-12-21T01:10:24.1054769Z A path returned 202. Retrying...
2023-12-21T01:10:24.1055061Z A path returned 202. Retrying...
2023-12-21T01:10:24.1055349Z A path returned 202. Retrying...
2023-12-21T01:10:24.1055636Z A path returned 202. Retrying...
2023-12-21T01:10:24.1055937Z A path returned 202. Retrying...
2023-12-21T01:10:24.1056233Z A path returned 202. Retrying...
2023-12-21T01:10:24.1056527Z A path returned 202. Retrying...
2023-12-21T01:10:24.1056827Z A path returned 202. Retrying...
2023-12-21T01:10:24.1057118Z A path returned 202. Retrying...
2023-12-21T01:10:24.1057408Z A path returned 202. Retrying...
2023-12-21T01:10:24.1057703Z A path returned 202. Retrying...
2023-12-21T01:10:24.1057993Z A path returned 202. Retrying...
2023-12-21T01:10:24.1058283Z A path returned 202. Retrying...
2023-12-21T01:10:24.1058575Z A path returned 202. Retrying...
2023-12-21T01:10:24.1058866Z A path returned 202. Retrying...
2023-12-21T01:10:24.1059160Z A path returned 202. Retrying...
2023-12-21T01:10:24.1059455Z A path returned 202. Retrying...
2023-12-21T01:10:24.1059741Z A path returned 202. Retrying...
2023-12-21T01:10:24.1060040Z A path returned 202. Retrying...
2023-12-21T01:10:24.1060339Z A path returned 202. Retrying...
2023-12-21T01:10:24.1060755Z A path returned 202. Retrying...
2023-12-21T01:10:24.1061056Z A path returned 202. Retrying...
2023-12-21T01:10:24.1061348Z A path returned 202. Retrying...
2023-12-21T01:10:24.1061642Z A path returned 202. Retrying...
2023-12-21T01:17:56.1151508Z A path returned 202. Retrying...
2023-12-21T01:17:56.1152656Z A path returned 202. Retrying...
2023-12-21T01:17:56.1153114Z A path returned 202. Retrying...
2023-12-21T01:17:56.1153509Z A path returned 202. Retrying...
2023-12-21T01:17:56.1153892Z A path returned 202. Retrying...
2023-12-21T01:17:56.1154255Z A path returned 202. Retrying...
2023-12-21T01:17:56.1154627Z A path returned 202. Retrying...
2023-12-21T01:17:56.1155000Z A path returned 202. Retrying...
2023-12-21T01:17:56.1155365Z A path returned 202. Retrying...
2023-12-21T01:17:56.1155738Z A path returned 202. Retrying...
2023-12-21T01:17:56.1156106Z A path returned 202. Retrying...
2023-12-21T01:17:56.1156411Z A path returned 202. Retrying...
2023-12-21T01:17:56.1156705Z A path returned 202. Retrying...
2023-12-21T01:17:56.1157020Z A path returned 202. Retrying...
2023-12-21T01:17:56.1157320Z A path returned 202. Retrying...
2023-12-21T01:17:56.1157623Z A path returned 202. Retrying...
2023-12-21T01:17:56.1157919Z A path returned 202. Retrying...
2023-12-21T01:17:56.1158215Z A path returned 202. Retrying...
2023-12-21T01:17:56.1158514Z A path returned 202. Retrying...
2023-12-21T01:17:56.1158812Z A path returned 202. Retrying...
2023-12-21T01:17:56.1159114Z A path returned 202. Retrying...
2023-12-21T01:17:56.1159411Z A path returned 202. Retrying...
2023-12-21T01:17:56.1159710Z A path returned 202. Retrying...
2023-12-21T01:17:56.1160008Z A path returned 202. Retrying...
2023-12-21T01:17:56.1160305Z A path returned 202. Retrying...
2023-12-21T01:17:56.1160602Z A path returned 202. Retrying...
2023-12-21T01:17:56.1160893Z A path returned 202. Retrying...
2023-12-21T01:17:56.1161189Z A path returned 202. Retrying...
2023-12-21T01:17:56.1161486Z A path returned 202. Retrying...
2023-12-21T01:17:56.1161786Z A path returned 202. Retrying...
2023-12-21T01:17:56.1162085Z A path returned 202. Retrying...
2023-12-21T01:17:56.1162381Z A path returned 202. Retrying...
2023-12-21T01:17:56.1162678Z A path returned 202. Retrying...
2023-12-21T01:17:56.1162971Z A path returned 202. Retrying...
2023-12-21T01:17:56.1163271Z A path returned 202. Retrying...
2023-12-21T01:17:56.1163979Z A path returned 202. Retrying...
2023-12-21T01:17:56.1164283Z A path returned 202. Retrying...
2023-12-21T01:17:56.1164584Z A path returned 202. Retrying...
2023-12-21T01:17:56.1164879Z A path returned 202. Retrying...
2023-12-21T01:17:56.1165177Z A path returned 202. Retrying...
2023-12-21T01:17:56.1165468Z A path returned 202. Retrying...
2023-12-21T01:17:56.1165767Z A path returned 202. Retrying...
2023-12-21T01:17:56.1166074Z A path returned 202. Retrying...
2023-12-21T01:17:56.1166372Z A path returned 202. Retrying...
2023-12-21T01:17:56.1166669Z A path returned 202. Retrying...
2023-12-21T01:17:56.1166960Z A path returned 202. Retrying...
2023-12-21T01:17:56.1167250Z A path returned 202. Retrying...
2023-12-21T01:17:56.1167533Z A path returned 202. Retrying...
2023-12-21T01:17:56.1167820Z A path returned 202. Retrying...
2023-12-21T01:17:56.1168108Z A path returned 202. Retrying...
2023-12-21T01:17:56.1168395Z A path returned 202. Retrying...
2023-12-21T01:17:56.1168686Z A path returned 202. Retrying...
2023-12-21T01:17:56.1168979Z A path returned 202. Retrying...
2023-12-21T01:17:56.1169269Z A path returned 202. Retrying...
2023-12-21T01:17:56.1169551Z A path returned 202. Retrying...
2023-12-21T01:17:56.1169837Z A path returned 202. Retrying...
2023-12-21T01:17:56.1170131Z A path returned 202. Retrying...
2023-12-21T01:17:56.1170419Z A path returned 202. Retrying...
2023-12-21T01:17:56.1170706Z A path returned 202. Retrying...
2023-12-21T01:17:56.1170991Z A path returned 202. Retrying...
2023-12-21T01:17:56.1171277Z A path returned 202. Retrying...
2023-12-21T01:17:56.1171559Z A path returned 202. Retrying...
2023-12-21T01:17:56.1172051Z A path returned 202. Retrying...
2023-12-21T01:17:56.1172360Z A path returned 202. Retrying...
2023-12-21T01:17:56.1172652Z A path returned 202. Retrying...
2023-12-21T01:17:56.1172939Z A path returned 202. Retrying...
2023-12-21T01:17:56.1173228Z A path returned 202. Retrying...
2023-12-21T01:17:56.1173514Z A path returned 202. Retrying...
2023-12-21T01:17:56.1173800Z A path returned 202. Retrying...
2023-12-21T01:17:56.1174087Z A path returned 202. Retrying...
2023-12-21T01:17:56.1174372Z A path returned 202. Retrying...
2023-12-21T01:17:56.1174658Z A path returned 202. Retrying...
2023-12-21T01:17:56.1174945Z A path returned 202. Retrying...
2023-12-21T01:17:56.1175230Z A path returned 202. Retrying...
2023-12-21T01:17:56.1175520Z A path returned 202. Retrying...
2023-12-21T01:17:56.1175833Z A path returned 202. Retrying...
2023-12-21T01:17:56.1176143Z A path returned 202. Retrying...
2023-12-21T01:17:56.1176444Z A path returned 202. Retrying...
2023-12-21T01:17:56.1176748Z A path returned 202. Retrying...
2023-12-21T01:17:56.1177062Z A path returned 202. Retrying...
2023-12-21T01:17:56.1177367Z A path returned 202. Retrying...
2023-12-21T01:17:56.1177664Z A path returned 202. Retrying...
2023-12-21T01:17:56.1177956Z A path returned 202. Retrying...
2023-12-21T01:17:56.1178255Z A path returned 202. Retrying...
2023-12-21T01:17:56.1178555Z A path returned 202. Retrying...
2023-12-21T01:17:56.1178856Z A path returned 202. Retrying...
2023-12-21T01:17:56.1179151Z A path returned 202. Retrying...
2023-12-21T01:17:56.1179445Z A path returned 202. Retrying...
2023-12-21T01:17:56.1179739Z A path returned 202. Retrying...
2023-12-21T01:17:56.1180028Z A path returned 202. Retrying...
2023-12-21T01:17:56.1180321Z A path returned 202. Retrying...
2023-12-21T01:17:56.1180618Z A path returned 202. Retrying...
2023-12-21T01:17:56.1180909Z A path returned 202. Retrying...
2023-12-21T01:17:56.1181201Z A path returned 202. Retrying...
2023-12-21T01:17:56.1181491Z A path returned 202. Retrying...
2023-12-21T01:17:56.1181791Z A path returned 202. Retrying...
2023-12-21T01:17:56.1182077Z A path returned 202. Retrying...
2023-12-21T01:17:56.1182371Z A path returned 202. Retrying...
2023-12-21T01:17:56.1182661Z A path returned 202. Retrying...
2023-12-21T01:17:56.1182956Z A path returned 202. Retrying...
2023-12-21T01:17:56.1183250Z A path returned 202. Retrying...
2023-12-21T01:17:56.1183688Z A path returned 202. Retrying...
2023-12-21T01:17:56.1183988Z A path returned 202. Retrying...
2023-12-21T01:17:56.1184275Z A path returned 202. Retrying...
2023-12-21T01:17:56.1184575Z A path returned 202. Retrying...
2023-12-21T01:17:56.1184874Z A path returned 202. Retrying...
2023-12-21T01:17:56.1185166Z A path returned 202. Retrying...
2023-12-21T01:17:56.1185458Z A path returned 202. Retrying...
2023-12-21T01:17:56.1185748Z A path returned 202. Retrying...
2023-12-21T01:17:56.1186042Z A path returned 202. Retrying...
2023-12-21T01:17:56.1186332Z A path returned 202. Retrying...
2023-12-21T01:17:56.1186628Z A path returned 202. Retrying...
2023-12-21T01:17:56.1186929Z A path returned 202. Retrying...
2023-12-21T01:17:56.1187230Z A path returned 202. Retrying...
2023-12-21T01:17:56.1187527Z A path returned 202. Retrying...
2023-12-21T01:17:56.1187822Z A path returned 202. Retrying...
2023-12-21T01:17:56.1188114Z A path returned 202. Retrying...
2023-12-21T01:17:56.1188401Z A path returned 202. Retrying...
2023-12-21T01:17:56.1188700Z A path returned 202. Retrying...
2023-12-21T01:17:56.1188993Z A path returned 202. Retrying...
2023-12-21T01:17:56.1189282Z A path returned 202. Retrying...
2023-12-21T01:17:56.1189573Z A path returned 202. Retrying...
2023-12-21T01:17:56.1189862Z A path returned 202. Retrying...
2023-12-21T01:17:56.1190155Z A path returned 202. Retrying...
2023-12-21T01:17:56.1190441Z A path returned 202. Retrying...
2023-12-21T01:17:56.1190734Z A path returned 202. Retrying...
2023-12-21T01:17:56.1191024Z A path returned 202. Retrying...
2023-12-21T01:17:56.1191314Z A path returned 202. Retrying...
2023-12-21T01:17:56.1191726Z A path returned 202. Retrying...
2023-12-21T01:17:56.1192405Z A path returned 202. Retrying...
2023-12-21T01:17:56.1192718Z A path returned 202. Retrying...
2023-12-21T01:17:56.1193007Z A path returned 202. Retrying...
2023-12-21T01:17:56.1193303Z A path returned 202. Retrying...
2023-12-21T01:17:56.1193596Z A path returned 202. Retrying...
2023-12-21T01:17:56.1193896Z A path returned 202. Retrying...
2023-12-21T01:17:56.1194186Z A path returned 202. Retrying...
2023-12-21T01:17:56.1194472Z A path returned 202. Retrying...
2023-12-21T01:17:56.1194761Z A path returned 202. Retrying...
2023-12-21T01:17:56.1195044Z A path returned 202. Retrying...
2023-12-21T01:17:56.1195338Z A path returned 202. Retrying...
2023-12-21T01:17:56.1195631Z A path returned 202. Retrying...
2023-12-21T01:17:56.1195918Z A path returned 202. Retrying...
2023-12-21T01:17:56.1196210Z A path returned 202. Retrying...
2023-12-21T01:17:56.1196496Z A path returned 202. Retrying...
2023-12-21T01:17:56.1196794Z A path returned 202. Retrying...
2023-12-21T01:17:56.1197099Z A path returned 202. Retrying...
2023-12-21T01:17:56.1197403Z A path returned 202. Retrying...
2023-12-21T01:17:56.1197700Z A path returned 202. Retrying...
2023-12-21T01:17:56.1198001Z A path returned 202. Retrying...
2023-12-21T01:17:56.1198298Z A path returned 202. Retrying...
2023-12-21T01:17:56.1198589Z A path returned 202. Retrying...
2023-12-21T01:17:56.1198886Z A path returned 202. Retrying...
2023-12-21T01:17:56.1199171Z A path returned 202. Retrying...
2023-12-21T01:17:56.1199466Z A path returned 202. Retrying...
2023-12-21T01:17:56.1199763Z A path returned 202. Retrying...
2023-12-21T01:17:56.1200053Z A path returned 202. Retrying...
2023-12-21T01:17:56.1200348Z A path returned 202. Retrying...
2023-12-21T01:17:56.1200638Z A path returned 202. Retrying...
2023-12-21T01:17:56.1200928Z A path returned 202. Retrying...
2023-12-21T01:17:56.1201213Z A path returned 202. Retrying...
2023-12-21T01:17:56.1201508Z A path returned 202. Retrying...
2023-12-21T01:17:56.1201806Z A path returned 202. Retrying...
2023-12-21T01:17:56.1202102Z A path returned 202. Retrying...
2023-12-21T01:17:56.1202396Z A path returned 202. Retrying...
2023-12-21T01:17:56.1202691Z A path returned 202. Retrying...
2023-12-21T01:17:56.1202986Z A path returned 202. Retrying...
2023-12-21T01:17:56.1203275Z A path returned 202. Retrying...
2023-12-21T01:17:56.1203571Z A path returned 202. Retrying...
2023-12-21T01:17:56.1204101Z aiohttp failed for rest query
2023-12-21T01:17:56.1204407Z aiohttp failed for rest query
2023-12-21T01:17:56.1204703Z aiohttp failed for rest query
2023-12-21T01:17:56.1204996Z aiohttp failed for rest query
2023-12-21T01:17:56.1205288Z aiohttp failed for rest query
2023-12-21T01:17:56.1205572Z aiohttp failed for rest query
2023-12-21T01:17:56.1205878Z aiohttp failed for rest query
2023-12-21T01:17:56.1206169Z aiohttp failed for rest query
2023-12-21T01:17:56.1206455Z aiohttp failed for rest query
2023-12-21T01:17:56.1206750Z aiohttp failed for rest query
2023-12-21T01:17:56.1207037Z aiohttp failed for rest query
2023-12-21T01:17:56.1207321Z aiohttp failed for rest query
2023-12-21T01:17:56.1207600Z aiohttp failed for rest query
2023-12-21T01:17:56.1207889Z aiohttp failed for rest query
2023-12-21T01:17:56.1208175Z aiohttp failed for rest query
2023-12-21T01:17:56.1208465Z aiohttp failed for rest query
2023-12-21T01:17:56.1208754Z aiohttp failed for rest query
2023-12-21T01:17:56.1209047Z aiohttp failed for rest query
2023-12-21T01:17:56.1209356Z aiohttp failed for rest query
2023-12-21T01:17:56.1209638Z aiohttp failed for rest query
2023-12-21T01:17:56.1209923Z aiohttp failed for rest query
2023-12-21T01:17:56.1210206Z aiohttp failed for rest query
2023-12-21T01:17:56.1210490Z aiohttp failed for rest query
2023-12-21T01:17:56.1210777Z aiohttp failed for rest query
2023-12-21T01:17:56.1211058Z aiohttp failed for rest query
2023-12-21T01:17:56.1211336Z aiohttp failed for rest query
2023-12-21T01:17:56.1211622Z aiohttp failed for rest query
2023-12-21T01:17:56.1211904Z aiohttp failed for rest query
2023-12-21T01:17:56.1212335Z aiohttp failed for rest query
2023-12-21T01:17:56.1212632Z aiohttp failed for rest query
2023-12-21T01:17:56.1212920Z aiohttp failed for rest query
2023-12-21T01:17:56.1213208Z aiohttp failed for rest query
2023-12-21T01:17:56.1213485Z aiohttp failed for rest query
2023-12-21T01:17:56.1213767Z aiohttp failed for rest query
2023-12-21T01:17:56.1214056Z aiohttp failed for rest query
2023-12-21T01:17:56.1214340Z aiohttp failed for rest query
2023-12-21T01:17:56.1214622Z aiohttp failed for rest query
2023-12-21T01:17:56.1214906Z aiohttp failed for rest query
2023-12-21T01:17:56.1215190Z aiohttp failed for rest query
2023-12-21T01:17:56.1215467Z aiohttp failed for rest query
2023-12-21T01:17:56.1215748Z aiohttp failed for rest query
2023-12-21T01:17:56.1216031Z aiohttp failed for rest query
2023-12-21T01:17:56.1216315Z aiohttp failed for rest query
2023-12-21T01:17:56.1216599Z aiohttp failed for rest query
2023-12-21T01:17:56.1216884Z aiohttp failed for rest query
2023-12-21T01:17:56.1217172Z aiohttp failed for rest query
2023-12-21T01:17:56.1217450Z aiohttp failed for rest query
2023-12-21T01:17:56.1217732Z aiohttp failed for rest query
2023-12-21T01:17:56.1218013Z aiohttp failed for rest query
2023-12-21T01:17:56.1218296Z aiohttp failed for rest query
2023-12-21T01:17:56.1218580Z aiohttp failed for rest query
2023-12-21T01:17:56.1218874Z aiohttp failed for rest query
2023-12-21T01:17:56.1219162Z aiohttp failed for rest query
2023-12-21T01:17:56.1219439Z aiohttp failed for rest query
2023-12-21T01:17:56.1219720Z aiohttp failed for rest query
2023-12-21T01:17:56.1220149Z There were too many 202s. Data for this repository will be incomplete.
2023-12-21T01:17:56.1220639Z A path returned 202. Retrying...
2023-12-21T01:17:56.1220957Z A path returned 202. Retrying...
2023-12-21T01:17:56.1221261Z A path returned 202. Retrying...
2023-12-21T01:17:56.1221559Z A path returned 202. Retrying...
2023-12-21T01:17:56.1221850Z A path returned 202. Retrying...
2023-12-21T01:17:56.1222150Z A path returned 202. Retrying...
2023-12-21T01:17:56.1222452Z A path returned 202. Retrying...
2023-12-21T01:17:56.1222753Z A path returned 202. Retrying...
2023-12-21T01:17:56.1223047Z A path returned 202. Retrying...
2023-12-21T01:17:56.1223343Z A path returned 202. Retrying...
2023-12-21T01:17:56.1223634Z A path returned 202. Retrying...
2023-12-21T01:17:56.1223923Z A path returned 202. Retrying...
2023-12-21T01:17:56.1224359Z A path returned 202. Retrying...
2023-12-21T01:17:56.1224655Z A path returned 202. Retrying...
2023-12-21T01:17:56.1224949Z A path returned 202. Retrying...
2023-12-21T01:17:56.1225243Z A path returned 202. Retrying...
2023-12-21T01:17:56.1225538Z A path returned 202. Retrying...
2023-12-21T01:17:56.1225832Z A path returned 202. Retrying...
2023-12-21T01:17:56.1226120Z A path returned 202. Retrying...
2023-12-21T01:17:56.1226414Z A path returned 202. Retrying...
2023-12-21T01:17:56.1226707Z A path returned 202. Retrying...
2023-12-21T01:17:56.1227000Z A path returned 202. Retrying...
2023-12-21T01:17:56.1227295Z A path returned 202. Retrying...
2023-12-21T01:17:56.1227587Z A path returned 202. Retrying...
2023-12-21T01:17:56.1227878Z A path returned 202. Retrying...
2023-12-21T01:17:56.1228164Z A path returned 202. Retrying...
2023-12-21T01:17:56.1228459Z A path returned 202. Retrying...
2023-12-21T01:17:56.1228754Z A path returned 202. Retrying...
2023-12-21T01:27:00.9926586Z A path returned 202. Retrying...
2023-12-21T01:27:00.9927509Z A path returned 202. Retrying...
2023-12-21T01:27:00.9928183Z A path returned 202. Retrying...
2023-12-21T01:27:00.9928636Z A path returned 202. Retrying...
2023-12-21T01:27:00.9929056Z A path returned 202. Retrying...
2023-12-21T01:27:00.9929481Z A path returned 202. Retrying...
2023-12-21T01:27:00.9929917Z A path returned 202. Retrying...
2023-12-21T01:27:00.9930355Z A path returned 202. Retrying...
2023-12-21T01:27:00.9930801Z A path returned 202. Retrying...
2023-12-21T01:27:00.9931236Z A path returned 202. Retrying...
2023-12-21T01:27:00.9931677Z A path returned 202. Retrying...
2023-12-21T01:27:00.9932594Z A path returned 202. Retrying...
2023-12-21T01:27:00.9933053Z A path returned 202. Retrying...
2023-12-21T01:27:00.9933485Z A path returned 202. Retrying...
2023-12-21T01:27:00.9933914Z A path returned 202. Retrying...
2023-12-21T01:27:00.9934336Z A path returned 202. Retrying...
2023-12-21T01:27:00.9934761Z A path returned 202. Retrying...
2023-12-21T01:27:00.9935193Z A path returned 202. Retrying...
2023-12-21T01:27:00.9935504Z A path returned 202. Retrying...
2023-12-21T01:27:00.9935816Z A path returned 202. Retrying...
2023-12-21T01:27:00.9936112Z A path returned 202. Retrying...
2023-12-21T01:27:00.9936405Z A path returned 202. Retrying...
2023-12-21T01:27:00.9936702Z A path returned 202. Retrying...
2023-12-21T01:27:00.9936997Z A path returned 202. Retrying...
2023-12-21T01:27:00.9937302Z A path returned 202. Retrying...
2023-12-21T01:27:00.9937599Z A path returned 202. Retrying...
2023-12-21T01:27:00.9937906Z A path returned 202. Retrying...
2023-12-21T01:27:00.9938212Z A path returned 202. Retrying...
2023-12-21T01:27:00.9938509Z A path returned 202. Retrying...
2023-12-21T01:27:00.9938807Z A path returned 202. Retrying...
2023-12-21T01:27:00.9939100Z A path returned 202. Retrying...
2023-12-21T01:27:00.9939393Z A path returned 202. Retrying...
2023-12-21T01:27:00.9939681Z A path returned 202. Retrying...
2023-12-21T01:27:00.9939981Z A path returned 202. Retrying...
2023-12-21T01:27:00.9940283Z A path returned 202. Retrying...
2023-12-21T01:27:00.9940586Z A path returned 202. Retrying...
2023-12-21T01:27:00.9940881Z A path returned 202. Retrying...
2023-12-21T01:27:00.9941173Z A path returned 202. Retrying...
2023-12-21T01:27:00.9941466Z A path returned 202. Retrying...
2023-12-21T01:27:00.9941754Z A path returned 202. Retrying...
2023-12-21T01:27:00.9942048Z A path returned 202. Retrying...
2023-12-21T01:27:00.9942341Z A path returned 202. Retrying...
2023-12-21T01:27:00.9942633Z A path returned 202. Retrying...
2023-12-21T01:27:00.9942929Z A path returned 202. Retrying...
2023-12-21T01:27:00.9943229Z A path returned 202. Retrying...
2023-12-21T01:27:00.9943532Z A path returned 202. Retrying...
2023-12-21T01:27:00.9943835Z A path returned 202. Retrying...
2023-12-21T01:27:00.9944139Z A path returned 202. Retrying...
2023-12-21T01:27:00.9944439Z A path returned 202. Retrying...
2023-12-21T01:27:00.9944735Z A path returned 202. Retrying...
2023-12-21T01:27:00.9945360Z A path returned 202. Retrying...
2023-12-21T01:27:00.9945655Z A path returned 202. Retrying...
2023-12-21T01:27:00.9945952Z A path returned 202. Retrying...
2023-12-21T01:27:00.9946239Z A path returned 202. Retrying...
2023-12-21T01:27:00.9946538Z A path returned 202. Retrying...
2023-12-21T01:27:00.9946836Z A path returned 202. Retrying...
2023-12-21T01:27:00.9947133Z A path returned 202. Retrying...
2023-12-21T01:27:00.9947430Z A path returned 202. Retrying...
2023-12-21T01:27:00.9947722Z A path returned 202. Retrying...
2023-12-21T01:27:00.9948014Z A path returned 202. Retrying...
2023-12-21T01:27:00.9948306Z A path returned 202. Retrying...
2023-12-21T01:27:00.9948601Z A path returned 202. Retrying...
2023-12-21T01:27:00.9948895Z A path returned 202. Retrying...
2023-12-21T01:27:00.9949188Z A path returned 202. Retrying...
2023-12-21T01:27:00.9949482Z A path returned 202. Retrying...
2023-12-21T01:27:00.9949774Z A path returned 202. Retrying...
2023-12-21T01:27:00.9950072Z A path returned 202. Retrying...
2023-12-21T01:27:00.9950362Z A path returned 202. Retrying...
2023-12-21T01:27:00.9950655Z A path returned 202. Retrying...
2023-12-21T01:27:00.9950946Z A path returned 202. Retrying...
2023-12-21T01:27:00.9951237Z A path returned 202. Retrying...
2023-12-21T01:27:00.9951532Z A path returned 202. Retrying...
2023-12-21T01:27:00.9951824Z A path returned 202. Retrying...
2023-12-21T01:27:00.9952367Z A path returned 202. Retrying...
2023-12-21T01:27:00.9952658Z A path returned 202. Retrying...
2023-12-21T01:27:00.9952952Z A path returned 202. Retrying...
2023-12-21T01:27:00.9953246Z A path returned 202. Retrying...
2023-12-21T01:27:00.9953702Z A path returned 202. Retrying...
2023-12-21T01:27:00.9954010Z A path returned 202. Retrying...
2023-12-21T01:27:00.9954302Z A path returned 202. Retrying...
2023-12-21T01:27:00.9954594Z A path returned 202. Retrying...
2023-12-21T01:27:00.9954892Z A path returned 202. Retrying...
2023-12-21T01:27:00.9955187Z A path returned 202. Retrying...
2023-12-21T01:27:00.9955496Z A path returned 202. Retrying...
2023-12-21T01:27:00.9955800Z A path returned 202. Retrying...
2023-12-21T01:27:00.9956094Z A path returned 202. Retrying...
2023-12-21T01:27:00.9956387Z A path returned 202. Retrying...
2023-12-21T01:27:00.9956681Z A path returned 202. Retrying...
2023-12-21T01:27:00.9956971Z A path returned 202. Retrying...
2023-12-21T01:27:00.9957265Z A path returned 202. Retrying...
2023-12-21T01:27:00.9957564Z A path returned 202. Retrying...
2023-12-21T01:27:00.9957857Z A path returned 202. Retrying...
2023-12-21T01:27:00.9958149Z A path returned 202. Retrying...
2023-12-21T01:27:00.9958449Z A path returned 202. Retrying...
2023-12-21T01:27:00.9958741Z A path returned 202. Retrying...
2023-12-21T01:27:00.9959029Z A path returned 202. Retrying...
2023-12-21T01:27:00.9959322Z A path returned 202. Retrying...
2023-12-21T01:27:00.9959614Z A path returned 202. Retrying...
2023-12-21T01:27:00.9959907Z A path returned 202. Retrying...
2023-12-21T01:27:00.9960205Z A path returned 202. Retrying...
2023-12-21T01:27:00.9960498Z A path returned 202. Retrying...
2023-12-21T01:27:00.9960792Z A path returned 202. Retrying...
2023-12-21T01:27:00.9961081Z A path returned 202. Retrying...
2023-12-21T01:27:00.9961375Z A path returned 202. Retrying...
2023-12-21T01:27:00.9961669Z A path returned 202. Retrying...
2023-12-21T01:27:00.9961960Z A path returned 202. Retrying...
2023-12-21T01:27:00.9962253Z A path returned 202. Retrying...
2023-12-21T01:27:00.9962546Z A path returned 202. Retrying...
2023-12-21T01:27:00.9962838Z A path returned 202. Retrying...
2023-12-21T01:27:00.9963128Z A path returned 202. Retrying...
2023-12-21T01:27:00.9963432Z A path returned 202. Retrying...
2023-12-21T01:27:00.9963724Z A path returned 202. Retrying...
2023-12-21T01:27:00.9964023Z A path returned 202. Retrying...
2023-12-21T01:27:00.9964315Z A path returned 202. Retrying...
2023-12-21T01:27:00.9964609Z A path returned 202. Retrying...
2023-12-21T01:27:00.9964902Z A path returned 202. Retrying...
2023-12-21T01:27:00.9965345Z A path returned 202. Retrying...
2023-12-21T01:27:00.9965646Z A path returned 202. Retrying...
2023-12-21T01:27:00.9965942Z A path returned 202. Retrying...
2023-12-21T01:27:00.9966234Z A path returned 202. Retrying...
2023-12-21T01:27:00.9966530Z A path returned 202. Retrying...
2023-12-21T01:27:00.9966824Z A path returned 202. Retrying...
2023-12-21T01:27:00.9967116Z A path returned 202. Retrying...
2023-12-21T01:27:00.9967406Z A path returned 202. Retrying...
2023-12-21T01:27:00.9967707Z A path returned 202. Retrying...
2023-12-21T01:27:00.9968004Z A path returned 202. Retrying...
2023-12-21T01:27:00.9968304Z A path returned 202. Retrying...
2023-12-21T01:27:00.9968600Z A path returned 202. Retrying...
2023-12-21T01:27:00.9968892Z A path returned 202. Retrying...
2023-12-21T01:27:00.9969184Z A path returned 202. Retrying...
2023-12-21T01:27:00.9969472Z A path returned 202. Retrying...
2023-12-21T01:27:00.9969764Z A path returned 202. Retrying...
2023-12-21T01:27:00.9970061Z A path returned 202. Retrying...
2023-12-21T01:27:00.9970355Z A path returned 202. Retrying...
2023-12-21T01:27:00.9970647Z A path returned 202. Retrying...
2023-12-21T01:27:00.9970942Z A path returned 202. Retrying...
2023-12-21T01:27:00.9971238Z A path returned 202. Retrying...
2023-12-21T01:27:00.9971525Z A path returned 202. Retrying...
2023-12-21T01:27:00.9971817Z A path returned 202. Retrying...
2023-12-21T01:27:00.9972110Z A path returned 202. Retrying...
2023-12-21T01:27:00.9972406Z A path returned 202. Retrying...
2023-12-21T01:27:00.9972699Z A path returned 202. Retrying...
2023-12-21T01:27:00.9972992Z A path returned 202. Retrying...
2023-12-21T01:27:00.9973436Z A path returned 202. Retrying...
2023-12-21T01:27:00.9973736Z A path returned 202. Retrying...
2023-12-21T01:27:00.9974035Z A path returned 202. Retrying...
2023-12-21T01:27:00.9974328Z A path returned 202. Retrying...
2023-12-21T01:27:00.9974619Z A path returned 202. Retrying...
2023-12-21T01:27:00.9974919Z A path returned 202. Retrying...
2023-12-21T01:27:00.9975215Z A path returned 202. Retrying...
2023-12-21T01:27:00.9975506Z A path returned 202. Retrying...
2023-12-21T01:27:00.9975794Z A path returned 202. Retrying...
2023-12-21T01:27:00.9976086Z A path returned 202. Retrying...
2023-12-21T01:27:00.9976377Z A path returned 202. Retrying...
2023-12-21T01:27:00.9976668Z A path returned 202. Retrying...
2023-12-21T01:27:00.9976962Z A path returned 202. Retrying...
2023-12-21T01:27:00.9977253Z A path returned 202. Retrying...
2023-12-21T01:27:00.9977547Z A path returned 202. Retrying...
2023-12-21T01:27:00.9977835Z A path returned 202. Retrying...
2023-12-21T01:27:00.9978131Z A path returned 202. Retrying...
2023-12-21T01:27:00.9978426Z A path returned 202. Retrying...
2023-12-21T01:27:00.9978717Z A path returned 202. Retrying...
2023-12-21T01:27:00.9979009Z A path returned 202. Retrying...
2023-12-21T01:27:00.9979303Z A path returned 202. Retrying...
2023-12-21T01:27:00.9979593Z A path returned 202. Retrying...
2023-12-21T01:27:00.9979922Z A path returned 202. Retrying...
2023-12-21T01:27:00.9980216Z A path returned 202. Retrying...
2023-12-21T01:27:00.9980510Z A path returned 202. Retrying...
2023-12-21T01:27:00.9980805Z A path returned 202. Retrying...
2023-12-21T01:27:00.9981095Z A path returned 202. Retrying...
2023-12-21T01:27:00.9981393Z A path returned 202. Retrying...
2023-12-21T01:27:00.9981683Z A path returned 202. Retrying...
2023-12-21T01:27:00.9981972Z A path returned 202. Retrying...
2023-12-21T01:27:00.9982266Z A path returned 202. Retrying...
2023-12-21T01:27:00.9982558Z A path returned 202. Retrying...
2023-12-21T01:27:00.9982852Z A path returned 202. Retrying...
2023-12-21T01:27:00.9983147Z A path returned 202. Retrying...
2023-12-21T01:27:00.9983440Z A path returned 202. Retrying...
2023-12-21T01:27:00.9983732Z A path returned 202. Retrying...
2023-12-21T01:27:00.9984020Z A path returned 202. Retrying...
2023-12-21T01:27:00.9984312Z A path returned 202. Retrying...
2023-12-21T01:27:00.9984603Z A path returned 202. Retrying...
2023-12-21T01:27:00.9985065Z A path returned 202. Retrying...
2023-12-21T01:27:00.9985360Z A path returned 202. Retrying...
2023-12-21T01:27:00.9985651Z A path returned 202. Retrying...
2023-12-21T01:27:00.9985946Z A path returned 202. Retrying...
2023-12-21T01:27:00.9986232Z A path returned 202. Retrying...
2023-12-21T01:27:00.9986524Z A path returned 202. Retrying...
2023-12-21T01:27:00.9986817Z A path returned 202. Retrying...
2023-12-21T01:27:00.9987108Z A path returned 202. Retrying...
2023-12-21T01:27:00.9987398Z A path returned 202. Retrying...
2023-12-21T01:27:00.9987692Z A path returned 202. Retrying...
2023-12-21T01:27:00.9987990Z A path returned 202. Retrying...
2023-12-21T01:27:00.9988281Z A path returned 202. Retrying...
2023-12-21T01:27:00.9988578Z A path returned 202. Retrying...
2023-12-21T01:27:00.9988873Z A path returned 202. Retrying...
2023-12-21T01:27:00.9989168Z A path returned 202. Retrying...
2023-12-21T01:27:00.9989462Z A path returned 202. Retrying...
2023-12-21T01:27:00.9989899Z A path returned 202. Retrying...
2023-12-21T01:27:00.9990197Z A path returned 202. Retrying...
2023-12-21T01:27:00.9990488Z A path returned 202. Retrying...
2023-12-21T01:27:00.9991311Z A path returned 202. Retrying...
2023-12-21T01:27:00.9991691Z A path returned 202. Retrying...
2023-12-21T01:27:00.9992318Z A path returned 202. Retrying...
2023-12-21T01:27:00.9992713Z A path returned 202. Retrying...
2023-12-21T01:27:00.9993009Z A path returned 202. Retrying...
2023-12-21T01:27:00.9993885Z A path returned 202. Retrying...
2023-12-21T01:27:00.9994204Z A path returned 202. Retrying...
2023-12-21T01:27:00.9994680Z A path returned 202. Retrying...
2023-12-21T01:27:00.9995228Z A path returned 202. Retrying...
2023-12-21T01:27:00.9995537Z A path returned 202. Retrying...
2023-12-21T01:27:00.9995830Z A path returned 202. Retrying...
2023-12-21T01:27:00.9996318Z A path returned 202. Retrying...
2023-12-21T01:27:00.9996788Z A path returned 202. Retrying...
2023-12-21T01:27:00.9997177Z A path returned 202. Retrying...
2023-12-21T01:27:00.9997987Z A path returned 202. Retrying...
2023-12-21T01:27:00.9998774Z A path returned 202. Retrying...
2023-12-21T01:27:00.9999238Z A path returned 202. Retrying...
2023-12-21T01:27:00.9999530Z A path returned 202. Retrying...
2023-12-21T01:27:00.9999824Z A path returned 202. Retrying...
2023-12-21T01:27:01.0000367Z A path returned 202. Retrying...
2023-12-21T01:27:01.0000678Z A path returned 202. Retrying...
2023-12-21T01:27:01.0001820Z A path returned 202. Retrying...
2023-12-21T01:27:01.0002117Z A path returned 202. Retrying...
2023-12-21T01:27:01.0002904Z A path returned 202. Retrying...
2023-12-21T01:27:01.0003901Z A path returned 202. Retrying...
2023-12-21T01:27:01.0004296Z A path returned 202. Retrying...
2023-12-21T01:27:01.0004898Z A path returned 202. Retrying...
2023-12-21T01:27:01.0005371Z A path returned 202. Retrying...
2023-12-21T01:27:01.0006399Z A path returned 202. Retrying...
2023-12-21T01:27:01.0006723Z A path returned 202. Retrying...
2023-12-21T01:27:01.0007363Z A path returned 202. Retrying...
2023-12-21T01:27:01.0007845Z A path returned 202. Retrying...
2023-12-21T01:27:01.0008861Z A path returned 202. Retrying...
2023-12-21T01:27:01.0009152Z A path returned 202. Retrying...
2023-12-21T01:27:01.0009741Z A path returned 202. Retrying...
2023-12-21T01:27:01.0010234Z A path returned 202. Retrying...
2023-12-21T01:27:01.0010579Z A path returned 202. Retrying...
2023-12-21T01:27:01.0010874Z A path returned 202. Retrying...
2023-12-21T01:27:01.0011165Z A path returned 202. Retrying...
2023-12-21T01:27:01.0011458Z A path returned 202. Retrying...
2023-12-21T01:27:01.0011745Z A path returned 202. Retrying...
2023-12-21T01:27:01.0012042Z A path returned 202. Retrying...
2023-12-21T01:27:01.0012338Z A path returned 202. Retrying...
2023-12-21T01:27:01.0012633Z A path returned 202. Retrying...
2023-12-21T01:27:01.0012925Z A path returned 202. Retrying...
2023-12-21T01:27:01.0013224Z A path returned 202. Retrying...
2023-12-21T01:27:01.0013517Z A path returned 202. Retrying...
2023-12-21T01:35:41.0168646Z A path returned 202. Retrying...
2023-12-21T01:35:41.0169350Z A path returned 202. Retrying...
2023-12-21T01:35:41.0169892Z A path returned 202. Retrying...
2023-12-21T01:35:41.0170400Z A path returned 202. Retrying...
2023-12-21T01:35:41.0170728Z A path returned 202. Retrying...
2023-12-21T01:35:41.0171057Z A path returned 202. Retrying...
2023-12-21T01:35:41.0171381Z A path returned 202. Retrying...
2023-12-21T01:35:41.0171700Z A path returned 202. Retrying...
2023-12-21T01:35:41.0172027Z A path returned 202. Retrying...
2023-12-21T01:35:41.0172349Z A path returned 202. Retrying...
2023-12-21T01:35:41.0172693Z A path returned 202. Retrying...
2023-12-21T01:35:41.0173015Z A path returned 202. Retrying...
2023-12-21T01:35:41.0173337Z A path returned 202. Retrying...
2023-12-21T01:35:41.0173657Z A path returned 202. Retrying...
2023-12-21T01:35:41.0173975Z A path returned 202. Retrying...
2023-12-21T01:35:41.0174292Z A path returned 202. Retrying...
2023-12-21T01:35:41.0174620Z A path returned 202. Retrying...
2023-12-21T01:35:41.0174936Z A path returned 202. Retrying...
2023-12-21T01:35:41.0175251Z A path returned 202. Retrying...
2023-12-21T01:35:41.0175569Z A path returned 202. Retrying...
2023-12-21T01:35:41.0175888Z A path returned 202. Retrying...
2023-12-21T01:35:41.0176209Z A path returned 202. Retrying...
2023-12-21T01:35:41.0176524Z A path returned 202. Retrying...
2023-12-21T01:35:41.0176839Z A path returned 202. Retrying...
2023-12-21T01:35:41.0177156Z A path returned 202. Retrying...
2023-12-21T01:35:41.0177469Z A path returned 202. Retrying...
2023-12-21T01:35:41.0177787Z A path returned 202. Retrying...
2023-12-21T01:35:41.0178415Z A path returned 202. Retrying...
2023-12-21T01:35:41.0178777Z A path returned 202. Retrying...
2023-12-21T01:35:41.0179112Z A path returned 202. Retrying...
2023-12-21T01:35:41.0179441Z A path returned 202. Retrying...
2023-12-21T01:35:41.0179771Z A path returned 202. Retrying...
2023-12-21T01:35:41.0180125Z A path returned 202. Retrying...
2023-12-21T01:35:41.0180451Z A path returned 202. Retrying...
2023-12-21T01:35:41.0180770Z A path returned 202. Retrying...
2023-12-21T01:35:41.0181084Z A path returned 202. Retrying...
2023-12-21T01:35:41.0181408Z A path returned 202. Retrying...
2023-12-21T01:35:41.0181730Z A path returned 202. Retrying...
2023-12-21T01:35:41.0182051Z A path returned 202. Retrying...
2023-12-21T01:35:41.0182382Z A path returned 202. Retrying...
2023-12-21T01:35:41.0182709Z A path returned 202. Retrying...
2023-12-21T01:35:41.0183029Z A path returned 202. Retrying...
2023-12-21T01:35:41.0183343Z A path returned 202. Retrying...
2023-12-21T01:35:41.0183678Z A path returned 202. Retrying...
2023-12-21T01:35:41.0184006Z A path returned 202. Retrying...
2023-12-21T01:35:41.0184329Z A path returned 202. Retrying...
2023-12-21T01:35:41.0184651Z A path returned 202. Retrying...
2023-12-21T01:35:41.0184971Z A path returned 202. Retrying...
2023-12-21T01:35:41.0185289Z A path returned 202. Retrying...
2023-12-21T01:35:41.0185589Z A path returned 202. Retrying...
2023-12-21T01:35:41.0185882Z A path returned 202. Retrying...
2023-12-21T01:35:41.0186176Z A path returned 202. Retrying...
2023-12-21T01:35:41.0186470Z A path returned 202. Retrying...
2023-12-21T01:35:41.0186761Z A path returned 202. Retrying...
2023-12-21T01:35:41.0187055Z A path returned 202. Retrying...
2023-12-21T01:35:41.0187345Z A path returned 202. Retrying...
2023-12-21T01:35:41.0187646Z A path returned 202. Retrying...
2023-12-21T01:35:41.0187945Z A path returned 202. Retrying...
2023-12-21T01:35:41.0188242Z A path returned 202. Retrying...
2023-12-21T01:35:41.0188536Z A path returned 202. Retrying...
2023-12-21T01:35:41.0188837Z A path returned 202. Retrying...
2023-12-21T01:35:41.0189130Z A path returned 202. Retrying...
2023-12-21T01:35:41.0189423Z A path returned 202. Retrying...
2023-12-21T01:35:41.0189714Z A path returned 202. Retrying...
2023-12-21T01:35:41.0190009Z A path returned 202. Retrying...
2023-12-21T01:35:41.0190306Z A path returned 202. Retrying...
2023-12-21T01:35:41.0190800Z A path returned 202. Retrying...
2023-12-21T01:35:41.0191103Z A path returned 202. Retrying...
2023-12-21T01:35:41.0191398Z A path returned 202. Retrying...
2023-12-21T01:35:41.0191691Z A path returned 202. Retrying...
2023-12-21T01:35:41.0192298Z A path returned 202. Retrying...
2023-12-21T01:35:41.0192621Z A path returned 202. Retrying...
2023-12-21T01:35:41.0192917Z A path returned 202. Retrying...
2023-12-21T01:35:41.0193212Z A path returned 202. Retrying...
2023-12-21T01:35:41.0193508Z A path returned 202. Retrying...
2023-12-21T01:35:41.0193798Z A path returned 202. Retrying...
2023-12-21T01:35:41.0194099Z A path returned 202. Retrying...
2023-12-21T01:35:41.0194392Z A path returned 202. Retrying...
2023-12-21T01:35:41.0194689Z A path returned 202. Retrying...
2023-12-21T01:35:41.0194984Z A path returned 202. Retrying...
2023-12-21T01:35:41.0195275Z A path returned 202. Retrying...
2023-12-21T01:35:41.0195565Z A path returned 202. Retrying...
2023-12-21T01:35:41.0195867Z A path returned 202. Retrying...
2023-12-21T01:35:41.0196163Z A path returned 202. Retrying...
2023-12-21T01:35:41.0196451Z A path returned 202. Retrying...
2023-12-21T01:35:41.0196747Z A path returned 202. Retrying...
2023-12-21T01:35:41.0197044Z A path returned 202. Retrying...
2023-12-21T01:35:41.0197338Z A path returned 202. Retrying...
2023-12-21T01:35:41.0197630Z A path returned 202. Retrying...
2023-12-21T01:35:41.0197924Z A path returned 202. Retrying...
2023-12-21T01:35:41.0198216Z A path returned 202. Retrying...
2023-12-21T01:35:41.0198506Z A path returned 202. Retrying...
2023-12-21T01:35:41.0198799Z A path returned 202. Retrying...
2023-12-21T01:35:41.0199261Z A path returned 202. Retrying...
2023-12-21T01:35:41.0199566Z A path returned 202. Retrying...
2023-12-21T01:35:41.0199861Z A path returned 202. Retrying...
2023-12-21T01:35:41.0200152Z A path returned 202. Retrying...
2023-12-21T01:35:41.0200442Z A path returned 202. Retrying...
2023-12-21T01:35:41.0200732Z A path returned 202. Retrying...
2023-12-21T01:35:41.0201031Z A path returned 202. Retrying...
2023-12-21T01:35:41.0201323Z A path returned 202. Retrying...
2023-12-21T01:35:41.0201616Z A path returned 202. Retrying...
2023-12-21T01:35:41.0201908Z A path returned 202. Retrying...
2023-12-21T01:35:41.0202201Z A path returned 202. Retrying...
2023-12-21T01:35:41.0202493Z A path returned 202. Retrying...
2023-12-21T01:35:41.0202779Z A path returned 202. Retrying...
2023-12-21T01:35:41.0203075Z A path returned 202. Retrying...
2023-12-21T01:35:41.0203369Z A path returned 202. Retrying...
2023-12-21T01:35:41.0203663Z A path returned 202. Retrying...
2023-12-21T01:35:41.0203961Z A path returned 202. Retrying...
2023-12-21T01:35:41.0204255Z A path returned 202. Retrying...
2023-12-21T01:35:41.0204547Z A path returned 202. Retrying...
2023-12-21T01:35:41.0204834Z A path returned 202. Retrying...
2023-12-21T01:35:41.0205128Z A path returned 202. Retrying...
2023-12-21T01:35:41.0205423Z A path returned 202. Retrying...
2023-12-21T01:35:41.0205717Z A path returned 202. Retrying...
2023-12-21T01:35:41.0206016Z A path returned 202. Retrying...
2023-12-21T01:35:41.0206310Z A path returned 202. Retrying...
2023-12-21T01:35:41.0206614Z A path returned 202. Retrying...
2023-12-21T01:35:41.0206912Z A path returned 202. Retrying...
2023-12-21T01:35:41.0207212Z A path returned 202. Retrying...
2023-12-21T01:35:41.0207512Z A path returned 202. Retrying...
2023-12-21T01:35:41.0207806Z A path returned 202. Retrying...
2023-12-21T01:35:41.0208104Z A path returned 202. Retrying...
2023-12-21T01:35:41.0208410Z A path returned 202. Retrying...
2023-12-21T01:35:41.0208702Z A path returned 202. Retrying...
2023-12-21T01:35:41.0209001Z A path returned 202. Retrying...
2023-12-21T01:35:41.0209301Z A path returned 202. Retrying...
2023-12-21T01:35:41.0209595Z A path returned 202. Retrying...
2023-12-21T01:35:41.0209893Z A path returned 202. Retrying...
2023-12-21T01:35:41.0210188Z A path returned 202. Retrying...
2023-12-21T01:35:41.0210479Z A path returned 202. Retrying...
2023-12-21T01:35:41.0210931Z A path returned 202. Retrying...
2023-12-21T01:35:41.0211224Z A path returned 202. Retrying...
2023-12-21T01:35:41.0211519Z A path returned 202. Retrying...
2023-12-21T01:35:41.0211812Z A path returned 202. Retrying...
2023-12-21T01:35:41.0212104Z A path returned 202. Retrying...
2023-12-21T01:35:41.0212401Z A path returned 202. Retrying...
2023-12-21T01:35:41.0212693Z A path returned 202. Retrying...
2023-12-21T01:35:41.0212986Z A path returned 202. Retrying...
2023-12-21T01:35:41.0213271Z A path returned 202. Retrying...
2023-12-21T01:35:41.0213563Z A path returned 202. Retrying...
2023-12-21T01:35:41.0213864Z A path returned 202. Retrying...
2023-12-21T01:35:41.0214158Z A path returned 202. Retrying...
2023-12-21T01:35:41.0214450Z A path returned 202. Retrying...
2023-12-21T01:35:41.0214742Z A path returned 202. Retrying...
2023-12-21T01:35:41.0215035Z A path returned 202. Retrying...
2023-12-21T01:35:41.0215322Z A path returned 202. Retrying...
2023-12-21T01:35:41.0215615Z A path returned 202. Retrying...
2023-12-21T01:35:41.0215914Z A path returned 202. Retrying...
2023-12-21T01:35:41.0216204Z A path returned 202. Retrying...
2023-12-21T01:35:41.0216501Z A path returned 202. Retrying...
2023-12-21T01:35:41.0216792Z A path returned 202. Retrying...
2023-12-21T01:35:41.0217084Z A path returned 202. Retrying...
2023-12-21T01:35:41.0217390Z A path returned 202. Retrying...
2023-12-21T01:35:41.0217907Z A path returned 202. Retrying...
2023-12-21T01:35:41.0218463Z A path returned 202. Retrying...
2023-12-21T01:35:41.0218854Z A path returned 202. Retrying...
2023-12-21T01:35:41.0219146Z A path returned 202. Retrying...
2023-12-21T01:35:41.0219585Z A path returned 202. Retrying...
2023-12-21T01:35:41.0219889Z A path returned 202. Retrying...
2023-12-21T01:35:41.0220174Z A path returned 202. Retrying...
2023-12-21T01:35:41.0220470Z A path returned 202. Retrying...
2023-12-21T01:35:41.0220762Z A path returned 202. Retrying...
2023-12-21T01:35:41.0221117Z A path returned 202. Retrying...
2023-12-21T01:35:41.0221414Z A path returned 202. Retrying...
2023-12-21T01:35:41.0221707Z A path returned 202. Retrying...
2023-12-21T01:35:41.0221998Z A path returned 202. Retrying...
2023-12-21T01:35:41.0222288Z A path returned 202. Retrying...
2023-12-21T01:35:41.0222579Z A path returned 202. Retrying...
2023-12-21T01:35:41.0222871Z A path returned 202. Retrying...
2023-12-21T01:35:41.0223161Z A path returned 202. Retrying...
2023-12-21T01:35:41.0223454Z A path returned 202. Retrying...
2023-12-21T01:35:41.0223747Z A path returned 202. Retrying...
2023-12-21T01:35:41.0224039Z A path returned 202. Retrying...
2023-12-21T01:35:41.0224336Z A path returned 202. Retrying...
2023-12-21T01:35:41.0224631Z A path returned 202. Retrying...
2023-12-21T01:35:41.0224924Z A path returned 202. Retrying...
2023-12-21T01:35:41.0225218Z A path returned 202. Retrying...
2023-12-21T01:35:41.0225510Z A path returned 202. Retrying...
2023-12-21T01:35:41.0225800Z A path returned 202. Retrying...
2023-12-21T01:35:41.0226093Z A path returned 202. Retrying...
2023-12-21T01:35:41.0226385Z A path returned 202. Retrying...
2023-12-21T01:35:41.0226678Z A path returned 202. Retrying...
2023-12-21T01:35:41.0226971Z A path returned 202. Retrying...
2023-12-21T01:35:41.0227262Z A path returned 202. Retrying...
2023-12-21T01:35:41.0227555Z A path returned 202. Retrying...
2023-12-21T01:35:41.0227846Z A path returned 202. Retrying...
2023-12-21T01:35:41.0228136Z A path returned 202. Retrying...
2023-12-21T01:35:41.0228423Z A path returned 202. Retrying...
2023-12-21T01:35:41.0228714Z A path returned 202. Retrying...
2023-12-21T01:35:41.0229006Z A path returned 202. Retrying...
2023-12-21T01:35:41.0229307Z A path returned 202. Retrying...
2023-12-21T01:35:41.0229603Z A path returned 202. Retrying...
2023-12-21T01:35:41.0229895Z A path returned 202. Retrying...
2023-12-21T01:35:41.0230187Z A path returned 202. Retrying...
2023-12-21T01:35:41.0230477Z A path returned 202. Retrying...
2023-12-21T01:35:41.0378821Z ##[group]Run git config --global user.name "jstrieb/github-stats"
2023-12-21T01:35:41.0379573Z [36;1mgit config --global user.name "jstrieb/github-stats"[0m
2023-12-21T01:35:41.0380157Z [36;1mgit config --global user.email "github-stats[bot]@jstrieb.github.io"[0m
2023-12-21T01:35:41.0380626Z [36;1mgit add .[0m
2023-12-21T01:35:41.0381015Z [36;1m# Force the build to succeed, even if no files were changed[0m
2023-12-21T01:35:41.0381532Z [36;1mgit commit -m 'Update generated files' || true[0m
2023-12-21T01:35:41.0381914Z [36;1mgit push[0m
2023-12-21T01:35:41.0432516Z shell: /usr/bin/bash -e {0}
2023-12-21T01:35:41.0432831Z env:
2023-12-21T01:35:41.0433134Z   pythonLocation: /opt/hostedtoolcache/Python/3.8.18/x64
2023-12-21T01:35:41.0433680Z   PKG_CONFIG_PATH: /opt/hostedtoolcache/Python/3.8.18/x64/lib/pkgconfig
2023-12-21T01:35:41.0434205Z   Python_ROOT_DIR: /opt/hostedtoolcache/Python/3.8.18/x64
2023-12-21T01:35:41.0434697Z   Python2_ROOT_DIR: /opt/hostedtoolcache/Python/3.8.18/x64
2023-12-21T01:35:41.0435174Z   Python3_ROOT_DIR: /opt/hostedtoolcache/Python/3.8.18/x64
2023-12-21T01:35:41.0435666Z   LD_LIBRARY_PATH: /opt/hostedtoolcache/Python/3.8.18/x64/lib
2023-12-21T01:35:41.0436052Z ##[endgroup]
2023-12-21T01:35:41.2402275Z [master 280338c] Update generated files
2023-12-21T01:35:41.2403283Z  2 files changed, 461 insertions(+), 632 deletions(-)
2023-12-21T01:35:42.1261610Z To https://github.com/seanpm2001/GitHub_Stats_A
2023-12-21T01:35:42.1262299Z    fd6a05f..280338c  master -> master
2023-12-21T01:35:42.1349280Z Post job cleanup.
2023-12-21T01:35:42.2541071Z Cache hit occurred on the primary key setup-python-Linux-22.04-Ubuntu-python-3.8.18-pip-60f2a6c0212a9b74a155cd81b58dd07fd8b180833132566260d95f4de42fe218, not saving cache.
2023-12-21T01:35:42.2648821Z Post job cleanup.
2023-12-21T01:35:42.3464195Z [command]/usr/bin/git version
2023-12-21T01:35:42.3507865Z git version 2.43.0
2023-12-21T01:35:42.3542302Z Copying '/home/runner/.gitconfig' to '/home/runner/work/_temp/f64829a0-de78-48e6-9053-36a79a44276a/.gitconfig'
2023-12-21T01:35:42.3553552Z Temporarily overriding HOME='/home/runner/work/_temp/f64829a0-de78-48e6-9053-36a79a44276a' before making global git config changes
2023-12-21T01:35:42.3555312Z Adding repository directory to the temporary git global config as a safe directory
2023-12-21T01:35:42.3559524Z [command]/usr/bin/git config --global --add safe.directory /home/runner/work/GitHub_Stats_A/GitHub_Stats_A
2023-12-21T01:35:42.3600591Z [command]/usr/bin/git config --local --name-only --get-regexp core\.sshCommand
2023-12-21T01:35:42.3641146Z [command]/usr/bin/git submodule foreach --recursive sh -c "git config --local --name-only --get-regexp 'core\.sshCommand' && git config --local --unset-all 'core.sshCommand' || :"
2023-12-21T01:35:42.3909748Z [command]/usr/bin/git config --local --name-only --get-regexp http\.https\:\/\/github\.com\/\.extraheader
2023-12-21T01:35:42.3939612Z http.https://github.com/.extraheader
2023-12-21T01:35:42.3949406Z [command]/usr/bin/git config --local --unset-all http.https://github.com/.extraheader
2023-12-21T01:35:42.3988043Z [command]/usr/bin/git submodule foreach --recursive sh -c "git config --local --name-only --get-regexp 'http\.https\:\/\/github\.com\/\.extraheader' && git config --local --unset-all 'http.https://github.com/.extraheader' || :"
2023-12-21T01:35:42.4458596Z Cleaning up orphan processes
