2023-01-12T01:45:35.5298602Z Requested labels: ubuntu-latest
2023-01-12T01:45:35.5298649Z Job defined at: seanpm2001/GitHub_Stats_A/.github/workflows/main.yml@refs/heads/master
2023-01-12T01:45:35.5298675Z Waiting for a runner to pick up this job...
2023-01-12T01:45:37.1608213Z Job is waiting for a hosted runner to come online.
2023-01-12T01:45:41.2675875Z Job is about to start running on the hosted runner: Hosted Agent (hosted)
2023-01-12T01:45:45.8346163Z Current runner version: '2.300.2'
2023-01-12T01:45:45.8376781Z ##[group]Operating System
2023-01-12T01:45:45.8377349Z Ubuntu
2023-01-12T01:45:45.8377766Z 22.04.1
2023-01-12T01:45:45.8378083Z LTS
2023-01-12T01:45:45.8378374Z ##[endgroup]
2023-01-12T01:45:45.8378728Z ##[group]Runner Image
2023-01-12T01:45:45.8379157Z Image: ubuntu-22.04
2023-01-12T01:45:45.8379541Z Version: 20221212.1
2023-01-12T01:45:45.8380066Z Included Software: https://github.com/actions/runner-images/blob/ubuntu22/20221212.1/images/linux/Ubuntu2204-Readme.md
2023-01-12T01:45:45.8380789Z Image Release: https://github.com/actions/runner-images/releases/tag/ubuntu22%2F20221212.1
2023-01-12T01:45:45.8381302Z ##[endgroup]
2023-01-12T01:45:45.8381716Z ##[group]Runner Image Provisioner
2023-01-12T01:45:45.8382095Z 2.0.98.1
2023-01-12T01:45:45.8382389Z ##[endgroup]
2023-01-12T01:45:45.8383130Z ##[group]GITHUB_TOKEN Permissions
2023-01-12T01:45:45.8383801Z Contents: write
2023-01-12T01:45:45.8384161Z Metadata: read
2023-01-12T01:45:45.8384657Z ##[endgroup]
2023-01-12T01:45:45.8388526Z Secret source: Actions
2023-01-12T01:45:45.8389100Z Prepare workflow directory
2023-01-12T01:45:45.9209275Z Prepare all required actions
2023-01-12T01:45:45.9394336Z Getting action download info
2023-01-12T01:45:46.2393332Z Download action repository 'actions/checkout@v2' (SHA:dc323e67f16fb5f7663d20ff7941f27f5809e9b6)
2023-01-12T01:45:46.5525357Z Download action repository 'actions/setup-python@v2' (SHA:75f3110429a8c05be0e1bf360334e4cced2b63fa)
2023-01-12T01:45:46.7659649Z Download action repository 'actions/cache@v2' (SHA:937d24475381cd9c75ae6db12cb4e79714b926ed)
2023-01-12T01:45:47.2131798Z ##[group]Run actions/checkout@v2
2023-01-12T01:45:47.2132113Z with:
2023-01-12T01:45:47.2132360Z   repository: seanpm2001/GitHub_Stats_A
2023-01-12T01:45:47.2132832Z   token: ***
2023-01-12T01:45:47.2133054Z   ssh-strict: true
2023-01-12T01:45:47.2133297Z   persist-credentials: true
2023-01-12T01:45:47.2133530Z   clean: true
2023-01-12T01:45:47.2133724Z   fetch-depth: 1
2023-01-12T01:45:47.2133941Z   lfs: false
2023-01-12T01:45:47.2134143Z   submodules: false
2023-01-12T01:45:47.2134373Z   set-safe-directory: true
2023-01-12T01:45:47.2134593Z ##[endgroup]
2023-01-12T01:45:47.5456253Z Syncing repository: seanpm2001/GitHub_Stats_A
2023-01-12T01:45:47.5458016Z ##[group]Getting Git version info
2023-01-12T01:45:47.5458609Z Working directory is '/home/runner/work/GitHub_Stats_A/GitHub_Stats_A'
2023-01-12T01:45:47.5459164Z [command]/usr/bin/git version
2023-01-12T01:45:47.5606709Z git version 2.38.2
2023-01-12T01:45:47.5632822Z ##[endgroup]
2023-01-12T01:45:47.5653940Z Temporarily overriding HOME='/home/runner/work/_temp/af138d07-b7f3-4c82-8ec7-2429acfcd51d' before making global git config changes
2023-01-12T01:45:47.5654461Z Adding repository directory to the temporary git global config as a safe directory
2023-01-12T01:45:47.5655028Z [command]/usr/bin/git config --global --add safe.directory /home/runner/work/GitHub_Stats_A/GitHub_Stats_A
2023-01-12T01:45:47.5705126Z Deleting the contents of '/home/runner/work/GitHub_Stats_A/GitHub_Stats_A'
2023-01-12T01:45:47.5719588Z ##[group]Initializing the repository
2023-01-12T01:45:47.5719936Z [command]/usr/bin/git init /home/runner/work/GitHub_Stats_A/GitHub_Stats_A
2023-01-12T01:45:47.5822254Z hint: Using 'master' as the name for the initial branch. This default branch name
2023-01-12T01:45:47.5823436Z hint: is subject to change. To configure the initial branch name to use in all
2023-01-12T01:45:47.5824262Z hint: of your new repositories, which will suppress this warning, call:
2023-01-12T01:45:47.5825011Z hint: 
2023-01-12T01:45:47.5825815Z hint: 	git config --global init.defaultBranch <name>
2023-01-12T01:45:47.5826384Z hint: 
2023-01-12T01:45:47.5829090Z hint: Names commonly chosen instead of 'master' are 'main', 'trunk' and
2023-01-12T01:45:47.5832219Z hint: 'development'. The just-created branch can be renamed via this command:
2023-01-12T01:45:47.5832700Z hint: 
2023-01-12T01:45:47.5833627Z hint: 	git branch -m <name>
2023-01-12T01:45:47.5847333Z Initialized empty Git repository in /home/runner/work/GitHub_Stats_A/GitHub_Stats_A/.git/
2023-01-12T01:45:47.5856684Z [command]/usr/bin/git remote add origin https://github.com/seanpm2001/GitHub_Stats_A
2023-01-12T01:45:47.5902252Z ##[endgroup]
2023-01-12T01:45:47.5903146Z ##[group]Disabling automatic garbage collection
2023-01-12T01:45:47.5906043Z [command]/usr/bin/git config --local gc.auto 0
2023-01-12T01:45:47.5936244Z ##[endgroup]
2023-01-12T01:45:47.5937356Z ##[group]Setting up auth
2023-01-12T01:45:47.5943849Z [command]/usr/bin/git config --local --name-only --get-regexp core\.sshCommand
2023-01-12T01:45:47.5976062Z [command]/usr/bin/git submodule foreach --recursive sh -c "git config --local --name-only --get-regexp 'core\.sshCommand' && git config --local --unset-all 'core.sshCommand' || :"
2023-01-12T01:45:47.6372727Z [command]/usr/bin/git config --local --name-only --get-regexp http\.https\:\/\/github\.com\/\.extraheader
2023-01-12T01:45:47.6404446Z [command]/usr/bin/git submodule foreach --recursive sh -c "git config --local --name-only --get-regexp 'http\.https\:\/\/github\.com\/\.extraheader' && git config --local --unset-all 'http.https://github.com/.extraheader' || :"
2023-01-12T01:45:47.6621922Z [command]/usr/bin/git config --local http.https://github.com/.extraheader AUTHORIZATION: basic ***
2023-01-12T01:45:47.6660587Z ##[endgroup]
2023-01-12T01:45:47.6661096Z ##[group]Fetching the repository
2023-01-12T01:45:47.6666888Z [command]/usr/bin/git -c protocol.version=2 fetch --no-tags --prune --progress --no-recurse-submodules --depth=1 origin +08da2408218455ee9553f7acaa2e85c8aa4edcc3:refs/remotes/origin/master
2023-01-12T01:45:47.9105820Z remote: Enumerating objects: 3198, done.        
2023-01-12T01:45:47.9107720Z remote: Counting objects:   0% (1/3198)        
2023-01-12T01:45:47.9161791Z remote: Counting objects:   1% (32/3198)        
2023-01-12T01:45:47.9162183Z remote: Counting objects:   2% (64/3198)        
2023-01-12T01:45:47.9162511Z remote: Counting objects:   3% (96/3198)        
2023-01-12T01:45:47.9162838Z remote: Counting objects:   4% (128/3198)        
2023-01-12T01:45:47.9163158Z remote: Counting objects:   5% (160/3198)        
2023-01-12T01:45:47.9163478Z remote: Counting objects:   6% (192/3198)        
2023-01-12T01:45:47.9163793Z remote: Counting objects:   7% (224/3198)        
2023-01-12T01:45:47.9164093Z remote: Counting objects:   8% (256/3198)        
2023-01-12T01:45:47.9164409Z remote: Counting objects:   9% (288/3198)        
2023-01-12T01:45:47.9164719Z remote: Counting objects:  10% (320/3198)        
2023-01-12T01:45:47.9165034Z remote: Counting objects:  11% (352/3198)        
2023-01-12T01:45:47.9165328Z remote: Counting objects:  12% (384/3198)        
2023-01-12T01:45:47.9165639Z remote: Counting objects:  13% (416/3198)        
2023-01-12T01:45:47.9165948Z remote: Counting objects:  14% (448/3198)        
2023-01-12T01:45:47.9166253Z remote: Counting objects:  15% (480/3198)        
2023-01-12T01:45:47.9166559Z remote: Counting objects:  16% (512/3198)        
2023-01-12T01:45:47.9166856Z remote: Counting objects:  17% (544/3198)        
2023-01-12T01:45:47.9167166Z remote: Counting objects:  18% (576/3198)        
2023-01-12T01:45:47.9167473Z remote: Counting objects:  19% (608/3198)        
2023-01-12T01:45:47.9167781Z remote: Counting objects:  20% (640/3198)        
2023-01-12T01:45:47.9168239Z remote: Counting objects:  21% (672/3198)        
2023-01-12T01:45:47.9168547Z remote: Counting objects:  22% (704/3198)        
2023-01-12T01:45:47.9168849Z remote: Counting objects:  23% (736/3198)        
2023-01-12T01:45:47.9169156Z remote: Counting objects:  24% (768/3198)        
2023-01-12T01:45:47.9169450Z remote: Counting objects:  25% (800/3198)        
2023-01-12T01:45:47.9169761Z remote: Counting objects:  26% (832/3198)        
2023-01-12T01:45:47.9170064Z remote: Counting objects:  27% (864/3198)        
2023-01-12T01:45:47.9170371Z remote: Counting objects:  28% (896/3198)        
2023-01-12T01:45:47.9170663Z remote: Counting objects:  29% (928/3198)        
2023-01-12T01:45:47.9171255Z remote: Counting objects:  30% (960/3198)        
2023-01-12T01:45:47.9171561Z remote: Counting objects:  31% (992/3198)        
2023-01-12T01:45:47.9171870Z remote: Counting objects:  32% (1024/3198)        
2023-01-12T01:45:47.9172180Z remote: Counting objects:  33% (1056/3198)        
2023-01-12T01:45:47.9172497Z remote: Counting objects:  34% (1088/3198)        
2023-01-12T01:45:47.9172820Z remote: Counting objects:  35% (1120/3198)        
2023-01-12T01:45:47.9173200Z remote: Counting objects:  36% (1152/3198)        
2023-01-12T01:45:47.9173504Z remote: Counting objects:  37% (1184/3198)        
2023-01-12T01:45:47.9173823Z remote: Counting objects:  38% (1216/3198)        
2023-01-12T01:45:47.9174140Z remote: Counting objects:  39% (1248/3198)        
2023-01-12T01:45:47.9174456Z remote: Counting objects:  40% (1280/3198)        
2023-01-12T01:45:47.9174756Z remote: Counting objects:  41% (1312/3198)        
2023-01-12T01:45:47.9175066Z remote: Counting objects:  42% (1344/3198)        
2023-01-12T01:45:47.9175381Z remote: Counting objects:  43% (1376/3198)        
2023-01-12T01:45:47.9175696Z remote: Counting objects:  44% (1408/3198)        
2023-01-12T01:45:47.9176004Z remote: Counting objects:  45% (1440/3198)        
2023-01-12T01:45:47.9176343Z remote: Counting objects:  46% (1472/3198)        
2023-01-12T01:45:47.9176654Z remote: Counting objects:  47% (1504/3198)        
2023-01-12T01:45:47.9176964Z remote: Counting objects:  48% (1536/3198)        
2023-01-12T01:45:47.9177274Z remote: Counting objects:  49% (1568/3198)        
2023-01-12T01:45:47.9177668Z remote: Counting objects:  50% (1599/3198)        
2023-01-12T01:45:47.9177986Z remote: Counting objects:  51% (1631/3198)        
2023-01-12T01:45:47.9178297Z remote: Counting objects:  52% (1663/3198)        
2023-01-12T01:45:47.9178606Z remote: Counting objects:  53% (1695/3198)        
2023-01-12T01:45:47.9178904Z remote: Counting objects:  54% (1727/3198)        
2023-01-12T01:45:47.9179213Z remote: Counting objects:  55% (1759/3198)        
2023-01-12T01:45:47.9179528Z remote: Counting objects:  56% (1791/3198)        
2023-01-12T01:45:47.9179836Z remote: Counting objects:  57% (1823/3198)        
2023-01-12T01:45:47.9180133Z remote: Counting objects:  58% (1855/3198)        
2023-01-12T01:45:47.9180445Z remote: Counting objects:  59% (1887/3198)        
2023-01-12T01:45:47.9180760Z remote: Counting objects:  60% (1919/3198)        
2023-01-12T01:45:47.9181070Z remote: Counting objects:  61% (1951/3198)        
2023-01-12T01:45:47.9181365Z remote: Counting objects:  62% (1983/3198)        
2023-01-12T01:45:47.9181679Z remote: Counting objects:  63% (2015/3198)        
2023-01-12T01:45:47.9182200Z remote: Counting objects:  64% (2047/3198)        
2023-01-12T01:45:47.9182513Z remote: Counting objects:  65% (2079/3198)        
2023-01-12T01:45:47.9182825Z remote: Counting objects:  66% (2111/3198)        
2023-01-12T01:45:47.9183135Z remote: Counting objects:  67% (2143/3198)        
2023-01-12T01:45:47.9183432Z remote: Counting objects:  68% (2175/3198)        
2023-01-12T01:45:47.9183744Z remote: Counting objects:  69% (2207/3198)        
2023-01-12T01:45:47.9184053Z remote: Counting objects:  70% (2239/3198)        
2023-01-12T01:45:47.9184359Z remote: Counting objects:  71% (2271/3198)        
2023-01-12T01:45:47.9184654Z remote: Counting objects:  72% (2303/3198)        
2023-01-12T01:45:47.9184963Z remote: Counting objects:  73% (2335/3198)        
2023-01-12T01:45:47.9185273Z remote: Counting objects:  74% (2367/3198)        
2023-01-12T01:45:47.9185581Z remote: Counting objects:  75% (2399/3198)        
2023-01-12T01:45:47.9185879Z remote: Counting objects:  76% (2431/3198)        
2023-01-12T01:45:47.9186349Z remote: Counting objects:  77% (2463/3198)        
2023-01-12T01:45:47.9186664Z remote: Counting objects:  78% (2495/3198)        
2023-01-12T01:45:47.9186970Z remote: Counting objects:  79% (2527/3198)        
2023-01-12T01:45:47.9187266Z remote: Counting objects:  80% (2559/3198)        
2023-01-12T01:45:47.9187683Z remote: Counting objects:  81% (2591/3198)        
2023-01-12T01:45:47.9187992Z remote: Counting objects:  82% (2623/3198)        
2023-01-12T01:45:47.9188300Z remote: Counting objects:  83% (2655/3198)        
2023-01-12T01:45:47.9188596Z remote: Counting objects:  84% (2687/3198)        
2023-01-12T01:45:47.9188906Z remote: Counting objects:  85% (2719/3198)        
2023-01-12T01:45:47.9189213Z remote: Counting objects:  86% (2751/3198)        
2023-01-12T01:45:47.9189522Z remote: Counting objects:  87% (2783/3198)        
2023-01-12T01:45:47.9189821Z remote: Counting objects:  88% (2815/3198)        
2023-01-12T01:45:47.9190129Z remote: Counting objects:  89% (2847/3198)        
2023-01-12T01:45:47.9190438Z remote: Counting objects:  90% (2879/3198)        
2023-01-12T01:45:47.9190747Z remote: Counting objects:  91% (2911/3198)        
2023-01-12T01:45:47.9191041Z remote: Counting objects:  92% (2943/3198)        
2023-01-12T01:45:47.9191347Z remote: Counting objects:  93% (2975/3198)        
2023-01-12T01:45:47.9191656Z remote: Counting objects:  94% (3007/3198)        
2023-01-12T01:45:47.9191967Z remote: Counting objects:  95% (3039/3198)        
2023-01-12T01:45:47.9192273Z remote: Counting objects:  96% (3071/3198)        
2023-01-12T01:45:47.9585087Z remote: Counting objects:  97% (3103/3198)        
2023-01-12T01:45:47.9585520Z remote: Counting objects:  98% (3135/3198)        
2023-01-12T01:45:47.9586051Z remote: Counting objects:  99% (3167/3198)        
2023-01-12T01:45:47.9586380Z remote: Counting objects: 100% (3198/3198)        
2023-01-12T01:45:47.9587011Z remote: Counting objects: 100% (3198/3198), done.        
2023-01-12T01:45:47.9587370Z remote: Compressing objects:   0% (1/1128)        
2023-01-12T01:45:47.9587705Z remote: Compressing objects:   1% (12/1128)        
2023-01-12T01:45:47.9588038Z remote: Compressing objects:   2% (23/1128)        
2023-01-12T01:45:47.9588356Z remote: Compressing objects:   3% (34/1128)        
2023-01-12T01:45:47.9588682Z remote: Compressing objects:   4% (46/1128)        
2023-01-12T01:45:47.9589337Z remote: Compressing objects:   5% (57/1128)        
2023-01-12T01:45:47.9589962Z remote: Compressing objects:   6% (68/1128)        
2023-01-12T01:45:47.9590582Z remote: Compressing objects:   7% (79/1128)        
2023-01-12T01:45:47.9591188Z remote: Compressing objects:   8% (91/1128)        
2023-01-12T01:45:47.9591813Z remote: Compressing objects:   9% (102/1128)        
2023-01-12T01:45:47.9592437Z remote: Compressing objects:  10% (113/1128)        
2023-01-12T01:45:47.9593069Z remote: Compressing objects:  11% (125/1128)        
2023-01-12T01:45:47.9593699Z remote: Compressing objects:  12% (136/1128)        
2023-01-12T01:45:47.9594309Z remote: Compressing objects:  13% (147/1128)        
2023-01-12T01:45:47.9594928Z remote: Compressing objects:  14% (158/1128)        
2023-01-12T01:45:47.9595566Z remote: Compressing objects:  15% (170/1128)        
2023-01-12T01:45:47.9596226Z remote: Compressing objects:  16% (181/1128)        
2023-01-12T01:45:47.9596851Z remote: Compressing objects:  17% (192/1128)        
2023-01-12T01:45:47.9597477Z remote: Compressing objects:  18% (204/1128)        
2023-01-12T01:45:47.9598106Z remote: Compressing objects:  19% (215/1128)        
2023-01-12T01:45:47.9598725Z remote: Compressing objects:  20% (226/1128)        
2023-01-12T01:45:47.9599350Z remote: Compressing objects:  21% (237/1128)        
2023-01-12T01:45:47.9599972Z remote: Compressing objects:  22% (249/1128)        
2023-01-12T01:45:47.9600591Z remote: Compressing objects:  23% (260/1128)        
2023-01-12T01:45:47.9601217Z remote: Compressing objects:  24% (271/1128)        
2023-01-12T01:45:47.9601831Z remote: Compressing objects:  25% (282/1128)        
2023-01-12T01:45:47.9602450Z remote: Compressing objects:  26% (294/1128)        
2023-01-12T01:45:47.9603063Z remote: Compressing objects:  27% (305/1128)        
2023-01-12T01:45:47.9603680Z remote: Compressing objects:  28% (316/1128)        
2023-01-12T01:45:47.9980006Z remote: Compressing objects:  29% (328/1128)        
2023-01-12T01:45:47.9980631Z remote: Compressing objects:  30% (339/1128)        
2023-01-12T01:45:47.9980970Z remote: Compressing objects:  31% (350/1128)        
2023-01-12T01:45:47.9981308Z remote: Compressing objects:  32% (361/1128)        
2023-01-12T01:45:47.9981642Z remote: Compressing objects:  33% (373/1128)        
2023-01-12T01:45:47.9981958Z remote: Compressing objects:  34% (384/1128)        
2023-01-12T01:45:47.9982284Z remote: Compressing objects:  35% (395/1128)        
2023-01-12T01:45:47.9982617Z remote: Compressing objects:  36% (407/1128)        
2023-01-12T01:45:47.9982957Z remote: Compressing objects:  37% (418/1128)        
2023-01-12T01:45:47.9983273Z remote: Compressing objects:  38% (429/1128)        
2023-01-12T01:45:47.9983599Z remote: Compressing objects:  39% (440/1128)        
2023-01-12T01:45:47.9983926Z remote: Compressing objects:  40% (452/1128)        
2023-01-12T01:45:47.9984251Z remote: Compressing objects:  41% (463/1128)        
2023-01-12T01:45:47.9984581Z remote: Compressing objects:  42% (474/1128)        
2023-01-12T01:45:47.9984897Z remote: Compressing objects:  43% (486/1128)        
2023-01-12T01:45:47.9985227Z remote: Compressing objects:  44% (497/1128)        
2023-01-12T01:45:47.9985600Z remote: Compressing objects:  45% (508/1128)        
2023-01-12T01:45:47.9985929Z remote: Compressing objects:  46% (519/1128)        
2023-01-12T01:45:47.9986240Z remote: Compressing objects:  47% (531/1128)        
2023-01-12T01:45:47.9986566Z remote: Compressing objects:  48% (542/1128)        
2023-01-12T01:45:47.9986977Z remote: Compressing objects:  49% (553/1128)        
2023-01-12T01:45:47.9987309Z remote: Compressing objects:  50% (564/1128)        
2023-01-12T01:45:47.9987617Z remote: Compressing objects:  51% (576/1128)        
2023-01-12T01:45:47.9987939Z remote: Compressing objects:  52% (587/1128)        
2023-01-12T01:45:47.9988270Z remote: Compressing objects:  53% (598/1128)        
2023-01-12T01:45:47.9988597Z remote: Compressing objects:  54% (610/1128)        
2023-01-12T01:45:47.9988912Z remote: Compressing objects:  55% (621/1128)        
2023-01-12T01:45:47.9989236Z remote: Compressing objects:  56% (632/1128)        
2023-01-12T01:45:47.9989562Z remote: Compressing objects:  57% (643/1128)        
2023-01-12T01:45:47.9989885Z remote: Compressing objects:  58% (655/1128)        
2023-01-12T01:45:47.9990196Z remote: Compressing objects:  59% (666/1128)        
2023-01-12T01:45:47.9990520Z remote: Compressing objects:  60% (677/1128)        
2023-01-12T01:45:47.9990848Z remote: Compressing objects:  61% (689/1128)        
2023-01-12T01:45:47.9991181Z remote: Compressing objects:  62% (700/1128)        
2023-01-12T01:45:47.9991489Z remote: Compressing objects:  63% (711/1128)        
2023-01-12T01:45:47.9991810Z remote: Compressing objects:  64% (722/1128)        
2023-01-12T01:45:47.9992134Z remote: Compressing objects:  65% (734/1128)        
2023-01-12T01:45:47.9992462Z remote: Compressing objects:  66% (745/1128)        
2023-01-12T01:45:47.9992774Z remote: Compressing objects:  67% (756/1128)        
2023-01-12T01:45:47.9993097Z remote: Compressing objects:  68% (768/1128)        
2023-01-12T01:45:47.9993427Z remote: Compressing objects:  69% (779/1128)        
2023-01-12T01:45:47.9993751Z remote: Compressing objects:  70% (790/1128)        
2023-01-12T01:45:47.9994073Z remote: Compressing objects:  71% (801/1128)        
2023-01-12T01:45:47.9994382Z remote: Compressing objects:  72% (813/1128)        
2023-01-12T01:45:47.9994704Z remote: Compressing objects:  73% (824/1128)        
2023-01-12T01:45:47.9995035Z remote: Compressing objects:  74% (835/1128)        
2023-01-12T01:45:47.9995356Z remote: Compressing objects:  75% (846/1128)        
2023-01-12T01:45:47.9995666Z remote: Compressing objects:  76% (858/1128)        
2023-01-12T01:45:47.9995996Z remote: Compressing objects:  77% (869/1128)        
2023-01-12T01:45:47.9996322Z remote: Compressing objects:  78% (880/1128)        
2023-01-12T01:45:47.9996644Z remote: Compressing objects:  79% (892/1128)        
2023-01-12T01:45:47.9997027Z remote: Compressing objects:  80% (903/1128)        
2023-01-12T01:45:47.9997357Z remote: Compressing objects:  81% (914/1128)        
2023-01-12T01:45:47.9997681Z remote: Compressing objects:  82% (925/1128)        
2023-01-12T01:45:47.9998002Z remote: Compressing objects:  83% (937/1128)        
2023-01-12T01:45:47.9998310Z remote: Compressing objects:  84% (948/1128)        
2023-01-12T01:45:47.9998644Z remote: Compressing objects:  85% (959/1128)        
2023-01-12T01:45:47.9998971Z remote: Compressing objects:  86% (971/1128)        
2023-01-12T01:45:47.9999300Z remote: Compressing objects:  87% (982/1128)        
2023-01-12T01:45:47.9999608Z remote: Compressing objects:  88% (993/1128)        
2023-01-12T01:45:47.9999936Z remote: Compressing objects:  89% (1004/1128)        
2023-01-12T01:45:48.0000290Z remote: Compressing objects:  90% (1016/1128)        
2023-01-12T01:45:48.0000632Z remote: Compressing objects:  91% (1027/1128)        
2023-01-12T01:45:48.0000970Z remote: Compressing objects:  92% (1038/1128)        
2023-01-12T01:45:48.0001301Z remote: Compressing objects:  93% (1050/1128)        
2023-01-12T01:45:48.0001624Z remote: Compressing objects:  94% (1061/1128)        
2023-01-12T01:45:48.0001933Z remote: Compressing objects:  95% (1072/1128)        
2023-01-12T01:45:48.0002276Z remote: Compressing objects:  96% (1083/1128)        
2023-01-12T01:45:48.0002608Z remote: Compressing objects:  97% (1095/1128)        
2023-01-12T01:45:48.0002934Z remote: Compressing objects:  98% (1106/1128)        
2023-01-12T01:45:48.0003805Z remote: Compressing objects:  99% (1117/1128)        
2023-01-12T01:45:48.0004155Z remote: Compressing objects: 100% (1128/1128)        
2023-01-12T01:45:48.0004503Z remote: Compressing objects: 100% (1128/1128), done.        
2023-01-12T01:45:48.0032887Z Receiving objects:   0% (1/3198)
2023-01-12T01:45:48.0083676Z Receiving objects:   1% (32/3198)
2023-01-12T01:45:48.0102393Z Receiving objects:   2% (64/3198)
2023-01-12T01:45:48.0116488Z Receiving objects:   3% (96/3198)
2023-01-12T01:45:48.0144087Z Receiving objects:   4% (128/3198)
2023-01-12T01:45:48.0160729Z Receiving objects:   5% (160/3198)
2023-01-12T01:45:48.0177598Z Receiving objects:   6% (192/3198)
2023-01-12T01:45:48.0189974Z Receiving objects:   7% (224/3198)
2023-01-12T01:45:48.0210911Z Receiving objects:   8% (256/3198)
2023-01-12T01:45:48.0227399Z Receiving objects:   9% (288/3198)
2023-01-12T01:45:48.0243763Z Receiving objects:  10% (320/3198)
2023-01-12T01:45:48.0276447Z Receiving objects:  11% (352/3198)
2023-01-12T01:45:48.0282347Z Receiving objects:  12% (384/3198)
2023-01-12T01:45:48.0329962Z Receiving objects:  13% (416/3198)
2023-01-12T01:45:48.0341061Z Receiving objects:  14% (448/3198)
2023-01-12T01:45:48.0345261Z Receiving objects:  15% (480/3198)
2023-01-12T01:45:48.0348756Z Receiving objects:  16% (512/3198)
2023-01-12T01:45:48.0354212Z Receiving objects:  17% (544/3198)
2023-01-12T01:45:48.0357674Z Receiving objects:  18% (576/3198)
2023-01-12T01:45:48.0361435Z Receiving objects:  19% (608/3198)
2023-01-12T01:45:48.0364728Z Receiving objects:  20% (640/3198)
2023-01-12T01:45:48.0369575Z Receiving objects:  21% (672/3198)
2023-01-12T01:45:48.0374106Z Receiving objects:  22% (704/3198)
2023-01-12T01:45:48.0456937Z Receiving objects:  23% (736/3198)
2023-01-12T01:45:48.0537674Z Receiving objects:  24% (768/3198)
2023-01-12T01:45:48.0594623Z Receiving objects:  25% (800/3198)
2023-01-12T01:45:48.0649538Z Receiving objects:  26% (832/3198)
2023-01-12T01:45:48.0695019Z Receiving objects:  27% (864/3198)
2023-01-12T01:45:48.0741165Z Receiving objects:  28% (896/3198)
2023-01-12T01:45:48.0782583Z Receiving objects:  29% (928/3198)
2023-01-12T01:45:48.0832197Z Receiving objects:  30% (960/3198)
2023-01-12T01:45:48.0884793Z Receiving objects:  31% (992/3198)
2023-01-12T01:45:48.0930988Z Receiving objects:  32% (1024/3198)
2023-01-12T01:45:48.0990764Z Receiving objects:  33% (1056/3198)
2023-01-12T01:45:48.1022349Z Receiving objects:  34% (1088/3198)
2023-01-12T01:45:48.1062887Z Receiving objects:  35% (1120/3198)
2023-01-12T01:45:48.1114015Z Receiving objects:  36% (1152/3198)
2023-01-12T01:45:48.1154040Z Receiving objects:  37% (1184/3198)
2023-01-12T01:45:48.1194508Z Receiving objects:  38% (1216/3198)
2023-01-12T01:45:48.1252628Z Receiving objects:  39% (1248/3198)
2023-01-12T01:45:48.1283148Z Receiving objects:  40% (1280/3198)
2023-01-12T01:45:48.1324669Z Receiving objects:  41% (1312/3198)
2023-01-12T01:45:48.1385703Z Receiving objects:  42% (1344/3198)
2023-01-12T01:45:48.1418534Z Receiving objects:  43% (1376/3198)
2023-01-12T01:45:48.1446048Z Receiving objects:  44% (1408/3198)
2023-01-12T01:45:48.1493712Z Receiving objects:  45% (1440/3198)
2023-01-12T01:45:48.1554218Z Receiving objects:  46% (1472/3198)
2023-01-12T01:45:48.1599715Z Receiving objects:  47% (1504/3198)
2023-01-12T01:45:48.1625732Z Receiving objects:  48% (1536/3198)
2023-01-12T01:45:48.1680721Z Receiving objects:  49% (1568/3198)
2023-01-12T01:45:48.1732827Z Receiving objects:  50% (1599/3198)
2023-01-12T01:45:48.1793272Z Receiving objects:  51% (1631/3198)
2023-01-12T01:45:48.1824746Z Receiving objects:  52% (1663/3198)
2023-01-12T01:45:48.1866034Z Receiving objects:  53% (1695/3198)
2023-01-12T01:45:48.1938329Z Receiving objects:  54% (1727/3198)
2023-01-12T01:45:48.1974677Z Receiving objects:  55% (1759/3198)
2023-01-12T01:45:48.2027108Z Receiving objects:  56% (1791/3198)
2023-01-12T01:45:48.2075032Z Receiving objects:  57% (1823/3198)
2023-01-12T01:45:48.2128306Z Receiving objects:  58% (1855/3198)
2023-01-12T01:45:48.2171099Z Receiving objects:  59% (1887/3198)
2023-01-12T01:45:48.2231734Z Receiving objects:  60% (1919/3198)
2023-01-12T01:45:48.2275194Z Receiving objects:  61% (1951/3198)
2023-01-12T01:45:48.2337053Z Receiving objects:  62% (1983/3198)
2023-01-12T01:45:48.2371387Z Receiving objects:  63% (2015/3198)
2023-01-12T01:45:48.2411586Z Receiving objects:  64% (2047/3198)
2023-01-12T01:45:48.2434059Z Receiving objects:  65% (2079/3198)
2023-01-12T01:45:48.2503939Z Receiving objects:  66% (2111/3198)
2023-01-12T01:45:48.2560229Z Receiving objects:  67% (2143/3198)
2023-01-12T01:45:48.2602013Z Receiving objects:  68% (2175/3198)
2023-01-12T01:45:48.2639237Z Receiving objects:  69% (2207/3198)
2023-01-12T01:45:48.2685514Z Receiving objects:  70% (2239/3198)
2023-01-12T01:45:48.2715040Z Receiving objects:  71% (2271/3198)
2023-01-12T01:45:48.2750311Z Receiving objects:  72% (2303/3198)
2023-01-12T01:45:48.2781222Z Receiving objects:  73% (2335/3198)
2023-01-12T01:45:48.2819524Z Receiving objects:  74% (2367/3198)
2023-01-12T01:45:48.2897390Z Receiving objects:  75% (2399/3198)
2023-01-12T01:45:48.2952461Z Receiving objects:  76% (2431/3198)
2023-01-12T01:45:48.2978075Z Receiving objects:  77% (2463/3198)
2023-01-12T01:45:48.3057209Z Receiving objects:  78% (2495/3198)
2023-01-12T01:45:48.3083189Z Receiving objects:  79% (2527/3198)
2023-01-12T01:45:48.3128500Z Receiving objects:  80% (2559/3198)
2023-01-12T01:45:48.3154873Z Receiving objects:  81% (2591/3198)
2023-01-12T01:45:48.3195600Z Receiving objects:  82% (2623/3198)
2023-01-12T01:45:48.3223916Z Receiving objects:  83% (2655/3198)
2023-01-12T01:45:48.3242627Z Receiving objects:  84% (2687/3198)
2023-01-12T01:45:48.3256087Z Receiving objects:  85% (2719/3198)
2023-01-12T01:45:48.3267229Z Receiving objects:  86% (2751/3198)
2023-01-12T01:45:48.3275950Z Receiving objects:  87% (2783/3198)
2023-01-12T01:45:48.3278226Z Receiving objects:  88% (2815/3198)
2023-01-12T01:45:48.3282012Z Receiving objects:  89% (2847/3198)
2023-01-12T01:45:48.3299145Z Receiving objects:  90% (2879/3198)
2023-01-12T01:45:48.3303356Z Receiving objects:  91% (2911/3198)
2023-01-12T01:45:48.3307383Z Receiving objects:  92% (2943/3198)
2023-01-12T01:45:48.3330145Z Receiving objects:  93% (2975/3198)
2023-01-12T01:45:48.3334415Z Receiving objects:  94% (3007/3198)
2023-01-12T01:45:48.3338186Z Receiving objects:  95% (3039/3198)
2023-01-12T01:45:48.3344355Z Receiving objects:  96% (3071/3198)
2023-01-12T01:45:48.3379921Z Receiving objects:  97% (3103/3198)
2023-01-12T01:45:48.3426826Z Receiving objects:  98% (3135/3198)
2023-01-12T01:45:48.3501537Z Receiving objects:  99% (3167/3198)
2023-01-12T01:45:48.3502444Z remote: Total 3198 (delta 1750), reused 3048 (delta 1707), pack-reused 0        
2023-01-12T01:45:48.3514737Z Receiving objects: 100% (3198/3198)
2023-01-12T01:45:48.3515285Z Receiving objects: 100% (3198/3198), 11.76 MiB | 33.72 MiB/s, done.
2023-01-12T01:45:48.3544598Z Resolving deltas:   0% (0/1750)
2023-01-12T01:45:48.3575707Z Resolving deltas:   1% (18/1750)
2023-01-12T01:45:48.3614801Z Resolving deltas:   2% (35/1750)
2023-01-12T01:45:48.3664256Z Resolving deltas:   3% (53/1750)
2023-01-12T01:45:48.3710092Z Resolving deltas:   4% (70/1750)
2023-01-12T01:45:48.3756253Z Resolving deltas:   5% (88/1750)
2023-01-12T01:45:48.3796590Z Resolving deltas:   6% (105/1750)
2023-01-12T01:45:48.3800381Z Resolving deltas:   7% (123/1750)
2023-01-12T01:45:48.3804685Z Resolving deltas:   8% (140/1750)
2023-01-12T01:45:48.3809254Z Resolving deltas:   9% (158/1750)
2023-01-12T01:45:48.3814584Z Resolving deltas:  10% (175/1750)
2023-01-12T01:45:48.3818438Z Resolving deltas:  11% (193/1750)
2023-01-12T01:45:48.3822738Z Resolving deltas:  12% (210/1750)
2023-01-12T01:45:48.3826675Z Resolving deltas:  13% (228/1750)
2023-01-12T01:45:48.3831218Z Resolving deltas:  14% (245/1750)
2023-01-12T01:45:48.3831732Z Resolving deltas:  15% (263/1750)
2023-01-12T01:45:48.3833326Z Resolving deltas:  16% (280/1750)
2023-01-12T01:45:48.3833778Z Resolving deltas:  17% (298/1750)
2023-01-12T01:45:48.3840723Z Resolving deltas:  18% (315/1750)
2023-01-12T01:45:48.3917533Z Resolving deltas:  19% (333/1750)
2023-01-12T01:45:48.3997311Z Resolving deltas:  20% (350/1750)
2023-01-12T01:45:48.4058876Z Resolving deltas:  21% (368/1750)
2023-01-12T01:45:48.4118286Z Resolving deltas:  22% (385/1750)
2023-01-12T01:45:48.4222210Z Resolving deltas:  23% (403/1750)
2023-01-12T01:45:48.4250945Z Resolving deltas:  24% (420/1750)
2023-01-12T01:45:48.4321045Z Resolving deltas:  25% (438/1750)
2023-01-12T01:45:48.4373900Z Resolving deltas:  26% (455/1750)
2023-01-12T01:45:48.4388634Z Resolving deltas:  27% (473/1750)
2023-01-12T01:45:48.4444954Z Resolving deltas:  28% (490/1750)
2023-01-12T01:45:48.4529234Z Resolving deltas:  29% (508/1750)
2023-01-12T01:45:48.4649038Z Resolving deltas:  30% (525/1750)
2023-01-12T01:45:48.4730475Z Resolving deltas:  31% (543/1750)
2023-01-12T01:45:48.4813679Z Resolving deltas:  32% (560/1750)
2023-01-12T01:45:48.4887329Z Resolving deltas:  33% (578/1750)
2023-01-12T01:45:48.4998348Z Resolving deltas:  34% (595/1750)
2023-01-12T01:45:48.5114954Z Resolving deltas:  35% (613/1750)
2023-01-12T01:45:48.5143867Z Resolving deltas:  36% (630/1750)
2023-01-12T01:45:48.5164580Z Resolving deltas:  37% (648/1750)
2023-01-12T01:45:48.5198679Z Resolving deltas:  38% (665/1750)
2023-01-12T01:45:48.5205205Z Resolving deltas:  39% (683/1750)
2023-01-12T01:45:48.5207884Z Resolving deltas:  40% (700/1750)
2023-01-12T01:45:48.5215761Z Resolving deltas:  41% (718/1750)
2023-01-12T01:45:48.5223575Z Resolving deltas:  42% (735/1750)
2023-01-12T01:45:48.5230331Z Resolving deltas:  43% (753/1750)
2023-01-12T01:45:48.5237667Z Resolving deltas:  44% (770/1750)
2023-01-12T01:45:48.5238233Z Resolving deltas:  45% (788/1750)
2023-01-12T01:45:48.5265929Z Resolving deltas:  46% (805/1750)
2023-01-12T01:45:48.5266518Z Resolving deltas:  47% (823/1750)
2023-01-12T01:45:48.5267313Z Resolving deltas:  48% (840/1750)
2023-01-12T01:45:48.5267740Z Resolving deltas:  49% (858/1750)
2023-01-12T01:45:48.5268452Z Resolving deltas:  50% (875/1750)
2023-01-12T01:45:48.5268862Z Resolving deltas:  51% (893/1750)
2023-01-12T01:45:48.5269611Z Resolving deltas:  52% (910/1750)
2023-01-12T01:45:48.5270024Z Resolving deltas:  53% (928/1750)
2023-01-12T01:45:48.5275254Z Resolving deltas:  54% (945/1750)
2023-01-12T01:45:48.5278256Z Resolving deltas:  55% (963/1750)
2023-01-12T01:45:48.5278772Z Resolving deltas:  56% (980/1750)
2023-01-12T01:45:48.5283324Z Resolving deltas:  57% (998/1750)
2023-01-12T01:45:48.5289909Z Resolving deltas:  58% (1015/1750)
2023-01-12T01:45:48.5299295Z Resolving deltas:  59% (1033/1750)
2023-01-12T01:45:48.5300675Z Resolving deltas:  60% (1050/1750)
2023-01-12T01:45:48.5306698Z Resolving deltas:  61% (1068/1750)
2023-01-12T01:45:48.5309907Z Resolving deltas:  62% (1085/1750)
2023-01-12T01:45:48.5315049Z Resolving deltas:  63% (1103/1750)
2023-01-12T01:45:48.5318453Z Resolving deltas:  64% (1120/1750)
2023-01-12T01:45:48.5323871Z Resolving deltas:  65% (1138/1750)
2023-01-12T01:45:48.5330285Z Resolving deltas:  66% (1155/1750)
2023-01-12T01:45:48.5339430Z Resolving deltas:  67% (1173/1750)
2023-01-12T01:45:48.5353403Z Resolving deltas:  68% (1190/1750)
2023-01-12T01:45:48.5365893Z Resolving deltas:  69% (1208/1750)
2023-01-12T01:45:48.5379858Z Resolving deltas:  70% (1225/1750)
2023-01-12T01:45:48.5390328Z Resolving deltas:  71% (1243/1750)
2023-01-12T01:45:48.5413972Z Resolving deltas:  72% (1260/1750)
2023-01-12T01:45:48.5425387Z Resolving deltas:  73% (1278/1750)
2023-01-12T01:45:48.5484663Z Resolving deltas:  74% (1295/1750)
2023-01-12T01:45:48.5499919Z Resolving deltas:  75% (1313/1750)
2023-01-12T01:45:48.5551458Z Resolving deltas:  76% (1330/1750)
2023-01-12T01:45:48.5649530Z Resolving deltas:  77% (1348/1750)
2023-01-12T01:45:48.5738559Z Resolving deltas:  78% (1365/1750)
2023-01-12T01:45:48.5743514Z Resolving deltas:  79% (1383/1750)
2023-01-12T01:45:48.5748823Z Resolving deltas:  80% (1400/1750)
2023-01-12T01:45:48.5752761Z Resolving deltas:  81% (1418/1750)
2023-01-12T01:45:48.5756656Z Resolving deltas:  82% (1435/1750)
2023-01-12T01:45:48.5775533Z Resolving deltas:  83% (1453/1750)
2023-01-12T01:45:48.5808718Z Resolving deltas:  84% (1470/1750)
2023-01-12T01:45:48.5830521Z Resolving deltas:  85% (1488/1750)
2023-01-12T01:45:48.5858581Z Resolving deltas:  86% (1505/1750)
2023-01-12T01:45:48.5898018Z Resolving deltas:  87% (1523/1750)
2023-01-12T01:45:48.5926278Z Resolving deltas:  88% (1540/1750)
2023-01-12T01:45:48.5954186Z Resolving deltas:  89% (1558/1750)
2023-01-12T01:45:48.5989897Z Resolving deltas:  90% (1575/1750)
2023-01-12T01:45:48.6009779Z Resolving deltas:  91% (1593/1750)
2023-01-12T01:45:48.6039040Z Resolving deltas:  92% (1610/1750)
2023-01-12T01:45:48.6068899Z Resolving deltas:  93% (1628/1750)
2023-01-12T01:45:48.6103045Z Resolving deltas:  94% (1645/1750)
2023-01-12T01:45:48.6118141Z Resolving deltas:  95% (1663/1750)
2023-01-12T01:45:48.6139140Z Resolving deltas:  96% (1680/1750)
2023-01-12T01:45:48.6153767Z Resolving deltas:  97% (1698/1750)
2023-01-12T01:45:48.6170671Z Resolving deltas:  98% (1715/1750)
2023-01-12T01:45:48.6196047Z Resolving deltas:  99% (1733/1750)
2023-01-12T01:45:48.6197423Z Resolving deltas: 100% (1750/1750)
2023-01-12T01:45:48.6197784Z Resolving deltas: 100% (1750/1750), done.
2023-01-12T01:45:48.6603270Z From https://github.com/seanpm2001/GitHub_Stats_A
2023-01-12T01:45:48.6604235Z  * [new ref]         08da2408218455ee9553f7acaa2e85c8aa4edcc3 -> origin/master
2023-01-12T01:45:48.6644447Z ##[endgroup]
2023-01-12T01:45:48.6645140Z ##[group]Determining the checkout info
2023-01-12T01:45:48.6646258Z ##[endgroup]
2023-01-12T01:45:48.6646846Z ##[group]Checking out the ref
2023-01-12T01:45:48.6648084Z [command]/usr/bin/git checkout --progress --force -B master refs/remotes/origin/master
2023-01-12T01:45:49.0786682Z Reset branch 'master'
2023-01-12T01:45:49.0791720Z branch 'master' set up to track 'origin/master'.
2023-01-12T01:45:49.0818570Z ##[endgroup]
2023-01-12T01:45:49.0863359Z [command]/usr/bin/git log -1 --format='%H'
2023-01-12T01:45:49.0892495Z '08da2408218455ee9553f7acaa2e85c8aa4edcc3'
2023-01-12T01:45:49.1244449Z ##[group]Run actions/setup-python@v2
2023-01-12T01:45:49.1244819Z with:
2023-01-12T01:45:49.1245121Z   python-version: 3.8
2023-01-12T01:45:49.1245368Z   architecture: x64
2023-01-12T01:45:49.1245770Z   token: ***
2023-01-12T01:45:49.1246039Z ##[endgroup]
2023-01-12T01:45:49.2828399Z Successfully setup CPython (3.8.15)
2023-01-12T01:45:49.8528864Z ##[group]Run actions/cache@v2
2023-01-12T01:45:49.8529181Z with:
2023-01-12T01:45:49.8529404Z   path: ~/.cache/pip
2023-01-12T01:45:49.8530030Z   key: Linux-pip-60f2a6c0212a9b74a155cd81b58dd07fd8b180833132566260d95f4de42fe218
2023-01-12T01:45:49.8530479Z   restore-keys: Linux-pip-

2023-01-12T01:45:49.8530745Z env:
2023-01-12T01:45:49.8531088Z   pythonLocation: /opt/hostedtoolcache/Python/3.8.15/x64
2023-01-12T01:45:49.8531530Z   LD_LIBRARY_PATH: /opt/hostedtoolcache/Python/3.8.15/x64/lib
2023-01-12T01:45:49.8531879Z ##[endgroup]
2023-01-12T01:45:49.9950242Z ##[warning]The `save-state` command is deprecated and will be disabled soon. Please upgrade to using Environment Files. For more information see: https://github.blog/changelog/2022-10-11-github-actions-deprecating-save-state-and-set-output-commands/
2023-01-12T01:45:50.3614236Z Received 4175495 of 4175495 (100.0%), 24.7 MBs/sec
2023-01-12T01:45:50.3614563Z Cache Size: ~4 MB (4175495 B)
2023-01-12T01:45:50.3615519Z [command]/usr/bin/tar --use-compress-program zstd -d -xf /home/runner/work/_temp/43deae14-5b26-4e23-afce-5c61b7022e9c/cache.tzst -P -C /home/runner/work/GitHub_Stats_A/GitHub_Stats_A
2023-01-12T01:45:50.3625434Z Cache restored successfully
2023-01-12T01:45:50.3636633Z ##[warning]The `save-state` command is deprecated and will be disabled soon. Please upgrade to using Environment Files. For more information see: https://github.blog/changelog/2022-10-11-github-actions-deprecating-save-state-and-set-output-commands/
2023-01-12T01:45:50.3738803Z 
2023-01-12T01:45:50.3745344Z ##[warning]The `set-output` command is deprecated and will be disabled soon. Please upgrade to using Environment Files. For more information see: https://github.blog/changelog/2022-10-11-github-actions-deprecating-save-state-and-set-output-commands/
2023-01-12T01:45:50.3747026Z Cache restored from key: Linux-pip-60f2a6c0212a9b74a155cd81b58dd07fd8b180833132566260d95f4de42fe218
2023-01-12T01:45:50.3854759Z ##[group]Run python3 -m pip install --upgrade pip setuptools wheel
2023-01-12T01:45:50.3855212Z [36;1mpython3 -m pip install --upgrade pip setuptools wheel[0m
2023-01-12T01:45:50.3855557Z [36;1mpython3 -m pip install -r requirements.txt[0m
2023-01-12T01:45:50.3914664Z shell: /usr/bin/bash -e {0}
2023-01-12T01:45:50.3914910Z env:
2023-01-12T01:45:50.3915203Z   pythonLocation: /opt/hostedtoolcache/Python/3.8.15/x64
2023-01-12T01:45:50.3915538Z   LD_LIBRARY_PATH: /opt/hostedtoolcache/Python/3.8.15/x64/lib
2023-01-12T01:45:50.3915856Z ##[endgroup]
2023-01-12T01:45:52.9316929Z Requirement already satisfied: pip in /opt/hostedtoolcache/Python/3.8.15/x64/lib/python3.8/site-packages (22.3.1)
2023-01-12T01:45:53.1313227Z Requirement already satisfied: setuptools in /opt/hostedtoolcache/Python/3.8.15/x64/lib/python3.8/site-packages (56.0.0)
2023-01-12T01:45:53.4350933Z Collecting setuptools
2023-01-12T01:45:53.5226063Z   Downloading setuptools-65.7.0-py3-none-any.whl (1.2 MB)
2023-01-12T01:45:53.5871956Z      ━━━━━━━━━━━━━━━━━━━━━━━━━━━━━━━━━━━━━━━━ 1.2/1.2 MB 20.0 MB/s eta 0:00:00
2023-01-12T01:45:53.6439031Z Collecting wheel
2023-01-12T01:45:53.6557198Z   Downloading wheel-0.38.4-py3-none-any.whl (36 kB)
2023-01-12T01:45:53.7860696Z Installing collected packages: wheel, setuptools
2023-01-12T01:45:53.8191810Z   Attempting uninstall: setuptools
2023-01-12T01:45:53.8200069Z     Found existing installation: setuptools 56.0.0
2023-01-12T01:45:53.8719616Z     Uninstalling setuptools-56.0.0:
2023-01-12T01:45:53.8827976Z       Successfully uninstalled setuptools-56.0.0
2023-01-12T01:45:54.4249366Z Successfully installed setuptools-65.7.0 wheel-0.38.4
2023-01-12T01:45:55.3451558Z Collecting requests
2023-01-12T01:45:55.3477386Z   Using cached requests-2.28.1-py3-none-any.whl (62 kB)
2023-01-12T01:45:55.8176835Z Collecting aiohttp
2023-01-12T01:45:55.9095487Z   Downloading aiohttp-3.8.3-cp38-cp38-manylinux_2_17_x86_64.manylinux2014_x86_64.whl (1.0 MB)
2023-01-12T01:45:55.9737826Z      ━━━━━━━━━━━━━━━━━━━━━━━━━━━━━━━━━━━━━━━━ 1.0/1.0 MB 17.3 MB/s eta 0:00:00
2023-01-12T01:45:56.0445588Z Collecting urllib3<1.27,>=1.21.1
2023-01-12T01:45:56.0511604Z   Downloading urllib3-1.26.14-py2.py3-none-any.whl (140 kB)
2023-01-12T01:45:56.0577134Z      ━━━━━━━━━━━━━━━━━━━━━━━━━━━━━━━━━━━━━━ 140.6/140.6 kB 37.6 MB/s eta 0:00:00
2023-01-12T01:45:56.0858576Z Collecting idna<4,>=2.5
2023-01-12T01:45:56.0911104Z   Downloading idna-3.4-py3-none-any.whl (61 kB)
2023-01-12T01:45:56.0975888Z      ━━━━━━━━━━━━━━━━━━━━━━━━━━━━━━━━━━━━━━━━ 61.5/61.5 kB 13.2 MB/s eta 0:00:00
2023-01-12T01:45:56.2046927Z Collecting charset-normalizer<3,>=2
2023-01-12T01:45:56.2069400Z   Using cached charset_normalizer-2.1.1-py3-none-any.whl (39 kB)
2023-01-12T01:45:56.2459757Z Collecting certifi>=2017.4.17
2023-01-12T01:45:56.2521505Z   Downloading certifi-2022.12.7-py3-none-any.whl (155 kB)
2023-01-12T01:45:56.2590031Z      ━━━━━━━━━━━━━━━━━━━━━━━━━━━━━━━━━━━━━━ 155.3/155.3 kB 36.0 MB/s eta 0:00:00
2023-01-12T01:45:56.3793363Z Collecting frozenlist>=1.1.1
2023-01-12T01:45:56.3868167Z   Downloading frozenlist-1.3.3-cp38-cp38-manylinux_2_5_x86_64.manylinux1_x86_64.manylinux_2_17_x86_64.manylinux2014_x86_64.whl (161 kB)
2023-01-12T01:45:56.3933691Z      ━━━━━━━━━━━━━━━━━━━━━━━━━━━━━━━━━━━━━━ 161.3/161.3 kB 41.0 MB/s eta 0:00:00
2023-01-12T01:45:56.4203281Z Collecting async-timeout<5.0,>=4.0.0a3
2023-01-12T01:45:56.4224470Z   Using cached async_timeout-4.0.2-py3-none-any.whl (5.8 kB)
2023-01-12T01:45:56.8451851Z Collecting multidict<7.0,>=4.5
2023-01-12T01:45:56.8501401Z   Downloading multidict-6.0.4-cp38-cp38-manylinux_2_17_x86_64.manylinux2014_x86_64.whl (121 kB)
2023-01-12T01:45:56.8566997Z      ━━━━━━━━━━━━━━━━━━━━━━━━━━━━━━━━━━━━━━ 121.3/121.3 kB 29.5 MB/s eta 0:00:00
2023-01-12T01:45:56.8853343Z Collecting attrs>=17.3.0
2023-01-12T01:45:56.8897177Z   Downloading attrs-22.2.0-py3-none-any.whl (60 kB)
2023-01-12T01:45:56.8948275Z      ━━━━━━━━━━━━━━━━━━━━━━━━━━━━━━━━━━━━━━━━ 60.0/60.0 kB 18.8 MB/s eta 0:00:00
2023-01-12T01:45:57.1306785Z Collecting yarl<2.0,>=1.0
2023-01-12T01:45:57.1355188Z   Downloading yarl-1.8.2-cp38-cp38-manylinux_2_17_x86_64.manylinux2014_x86_64.whl (262 kB)
2023-01-12T01:45:57.1430344Z      ━━━━━━━━━━━━━━━━━━━━━━━━━━━━━━━━━━━━━━ 262.1/262.1 kB 52.6 MB/s eta 0:00:00
2023-01-12T01:45:57.1615874Z Collecting aiosignal>=1.1.2
2023-01-12T01:45:57.1659787Z   Downloading aiosignal-1.3.1-py3-none-any.whl (7.6 kB)
2023-01-12T01:45:57.3961434Z Installing collected packages: urllib3, multidict, idna, frozenlist, charset-normalizer, certifi, attrs, async-timeout, yarl, requests, aiosignal, aiohttp
2023-01-12T01:45:57.8791679Z Successfully installed aiohttp-3.8.3 aiosignal-1.3.1 async-timeout-4.0.2 attrs-22.2.0 certifi-2022.12.7 charset-normalizer-2.1.1 frozenlist-1.3.3 idna-3.4 multidict-6.0.4 requests-2.28.1 urllib3-1.26.14 yarl-1.8.2
2023-01-12T01:45:58.0964397Z ##[group]Run python3 --version
2023-01-12T01:45:58.0964698Z [36;1mpython3 --version[0m
2023-01-12T01:45:58.0964960Z [36;1mpython3 generate_images.py[0m
2023-01-12T01:45:58.1019695Z shell: /usr/bin/bash -e {0}
2023-01-12T01:45:58.1019942Z env:
2023-01-12T01:45:58.1020225Z   pythonLocation: /opt/hostedtoolcache/Python/3.8.15/x64
2023-01-12T01:45:58.1020576Z   LD_LIBRARY_PATH: /opt/hostedtoolcache/Python/3.8.15/x64/lib
2023-01-12T01:45:58.1021064Z   ACCESS_TOKEN: ***
2023-01-12T01:45:58.1021393Z   GITHUB_TOKEN: ***
2023-01-12T01:45:58.1021608Z   EXCLUDED: 
2023-01-12T01:45:58.1021816Z   EXCLUDED_LANGS: 
2023-01-12T01:45:58.1022046Z   EXCLUDE_FORKED_REPOS: true
2023-01-12T01:45:58.1022280Z ##[endgroup]
2023-01-12T01:45:58.1114904Z Python 3.8.15
2023-01-12T01:46:24.0370569Z unhandled exception during asyncio.run() shutdown
2023-01-12T01:46:24.0371687Z task: <Task finished name='Task-3' coro=<generate_overview() done, defined at generate_images.py:30> exception=AttributeError("'NoneType' object has no attribute 'get'")>
2023-01-12T01:46:24.0372221Z Traceback (most recent call last):
2023-01-12T01:46:24.0386457Z   File "/opt/hostedtoolcache/Python/3.8.15/x64/lib/python3.8/asyncio/runners.py", line 44, in run
2023-01-12T01:46:24.0386961Z     return loop.run_until_complete(main)
2023-01-12T01:46:24.0387484Z   File "/opt/hostedtoolcache/Python/3.8.15/x64/lib/python3.8/asyncio/base_events.py", line 616, in run_until_complete
2023-01-12T01:46:24.0388472Z     return future.result()
2023-01-12T01:46:24.0388826Z   File "generate_images.py", line 132, in main
2023-01-12T01:46:24.0389210Z     await asyncio.gather(generate_languages(s), generate_overview(s))
2023-01-12T01:46:24.0389660Z   File "generate_images.py", line 63, in generate_languages
2023-01-12T01:46:24.0390081Z     (await s.languages).items(), reverse=True, key=lambda t: t[1].get("size")
2023-01-12T01:46:24.0390577Z   File "/home/runner/work/GitHub_Stats_A/GitHub_Stats_A/github_stats.py", line 423, in languages
2023-01-12T01:46:24.0390966Z     await self.get_stats()
2023-01-12T01:46:24.0391387Z   File "/home/runner/work/GitHub_Stats_A/GitHub_Stats_A/github_stats.py", line 319, in get_stats
2023-01-12T01:46:24.0391832Z     self._name = raw_results.get("data", {}).get("viewer", {}).get("name", None)
2023-01-12T01:46:24.0392419Z AttributeError: 'NoneType' object has no attribute 'get'
2023-01-12T01:46:24.0392647Z 
2023-01-12T01:46:24.0392851Z During handling of the above exception, another exception occurred:
2023-01-12T01:46:24.0393093Z 
2023-01-12T01:46:24.0393229Z Traceback (most recent call last):
2023-01-12T01:46:24.0393622Z   File "generate_images.py", line 38, in generate_overview
2023-01-12T01:46:24.0393996Z     output = re.sub("{{ name }}", await s.name, output)
2023-01-12T01:46:24.0394438Z   File "/home/runner/work/GitHub_Stats_A/GitHub_Stats_A/github_stats.py", line 390, in name
2023-01-12T01:46:24.0394804Z     await self.get_stats()
2023-01-12T01:46:24.0395255Z   File "/home/runner/work/GitHub_Stats_A/GitHub_Stats_A/github_stats.py", line 319, in get_stats
2023-01-12T01:46:24.0395712Z     self._name = raw_results.get("data", {}).get("viewer", {}).get("name", None)
2023-01-12T01:46:24.0396183Z AttributeError: 'NoneType' object has no attribute 'get'
2023-01-12T01:46:24.0396561Z Traceback (most recent call last):
2023-01-12T01:46:24.0396922Z   File "generate_images.py", line 136, in <module>
2023-01-12T01:46:24.0397235Z     asyncio.run(main())
2023-01-12T01:46:24.0397658Z   File "/opt/hostedtoolcache/Python/3.8.15/x64/lib/python3.8/asyncio/runners.py", line 44, in run
2023-01-12T01:46:24.0398070Z     return loop.run_until_complete(main)
2023-01-12T01:46:24.0398559Z   File "/opt/hostedtoolcache/Python/3.8.15/x64/lib/python3.8/asyncio/base_events.py", line 616, in run_until_complete
2023-01-12T01:46:24.0398961Z     return future.result()
2023-01-12T01:46:24.0399301Z   File "generate_images.py", line 132, in main
2023-01-12T01:46:24.0399688Z     await asyncio.gather(generate_languages(s), generate_overview(s))
2023-01-12T01:46:24.0400348Z   File "generate_images.py", line 63, in generate_languages
2023-01-12T01:46:24.0400773Z     (await s.languages).items(), reverse=True, key=lambda t: t[1].get("size")
2023-01-12T01:46:24.0401333Z   File "/home/runner/work/GitHub_Stats_A/GitHub_Stats_A/github_stats.py", line 423, in languages
2023-01-12T01:46:24.0401713Z     await self.get_stats()
2023-01-12T01:46:24.0402127Z   File "/home/runner/work/GitHub_Stats_A/GitHub_Stats_A/github_stats.py", line 319, in get_stats
2023-01-12T01:46:24.0402581Z     self._name = raw_results.get("data", {}).get("viewer", {}).get("name", None)
2023-01-12T01:46:24.0403084Z AttributeError: 'NoneType' object has no attribute 'get'
2023-01-12T01:46:24.0403444Z aiohttp failed for GraphQL query
2023-01-12T01:46:24.0673462Z ##[error]Process completed with exit code 1.
2023-01-12T01:46:24.0734602Z Post job cleanup.
2023-01-12T01:46:24.2045809Z [command]/usr/bin/git version
2023-01-12T01:46:24.2094738Z git version 2.38.2
2023-01-12T01:46:24.2136625Z Temporarily overriding HOME='/home/runner/work/_temp/74061173-3ac6-45c2-b70d-551025975fac' before making global git config changes
2023-01-12T01:46:24.2137578Z Adding repository directory to the temporary git global config as a safe directory
2023-01-12T01:46:24.2143153Z [command]/usr/bin/git config --global --add safe.directory /home/runner/work/GitHub_Stats_A/GitHub_Stats_A
2023-01-12T01:46:24.2186801Z [command]/usr/bin/git config --local --name-only --get-regexp core\.sshCommand
2023-01-12T01:46:24.2224708Z [command]/usr/bin/git submodule foreach --recursive sh -c "git config --local --name-only --get-regexp 'core\.sshCommand' && git config --local --unset-all 'core.sshCommand' || :"
2023-01-12T01:46:24.2496372Z [command]/usr/bin/git config --local --name-only --get-regexp http\.https\:\/\/github\.com\/\.extraheader
2023-01-12T01:46:24.2533446Z http.https://github.com/.extraheader
2023-01-12T01:46:24.2552922Z [command]/usr/bin/git config --local --unset-all http.https://github.com/.extraheader
2023-01-12T01:46:24.2595990Z [command]/usr/bin/git submodule foreach --recursive sh -c "git config --local --name-only --get-regexp 'http\.https\:\/\/github\.com\/\.extraheader' && git config --local --unset-all 'http.https://github.com/.extraheader' || :"
2023-01-12T01:46:24.3076064Z Cleaning up orphan processes
