2023-11-22T00:24:27.6984898Z Requested labels: ubuntu-latest
2023-11-22T00:24:27.6985357Z Job defined at: seanpm2001/GitHub_Stats_A/.github/workflows/main.yml@refs/heads/master
2023-11-22T00:24:27.6985529Z Waiting for a runner to pick up this job...
2023-11-22T00:24:28.6590684Z Job is waiting for a hosted runner to come online.
2023-11-22T00:24:32.1730582Z Job is about to start running on the hosted runner: GitHub Actions 2 (hosted)
2023-11-22T00:24:34.4087515Z Current runner version: '2.311.0'
2023-11-22T00:24:34.4110341Z ##[group]Operating System
2023-11-22T00:24:34.4111090Z Ubuntu
2023-11-22T00:24:34.4111402Z 22.04.3
2023-11-22T00:24:34.4111756Z LTS
2023-11-22T00:24:34.4112197Z ##[endgroup]
2023-11-22T00:24:34.4112590Z ##[group]Runner Image
2023-11-22T00:24:34.4112984Z Image: ubuntu-22.04
2023-11-22T00:24:34.4113441Z Version: 20231115.7.0
2023-11-22T00:24:34.4114452Z Included Software: https://github.com/actions/runner-images/blob/ubuntu22/20231115.7/images/ubuntu/Ubuntu2204-Readme.md
2023-11-22T00:24:34.4115904Z Image Release: https://github.com/actions/runner-images/releases/tag/ubuntu22%2F20231115.7
2023-11-22T00:24:34.4116788Z ##[endgroup]
2023-11-22T00:24:34.4117199Z ##[group]Runner Image Provisioner
2023-11-22T00:24:34.4117684Z 2.0.321.1
2023-11-22T00:24:34.4118088Z ##[endgroup]
2023-11-22T00:24:34.4118968Z ##[group]GITHUB_TOKEN Permissions
2023-11-22T00:24:34.4120637Z Contents: write
2023-11-22T00:24:34.4121056Z Metadata: read
2023-11-22T00:24:34.4121608Z ##[endgroup]
2023-11-22T00:24:34.4124766Z Secret source: Actions
2023-11-22T00:24:34.4125345Z Prepare workflow directory
2023-11-22T00:24:34.4741459Z Prepare all required actions
2023-11-22T00:24:34.4899261Z Getting action download info
2023-11-22T00:24:34.7617845Z Download action repository 'actions/checkout@v3' (SHA:f43a0e5ff2bd294095638e18286ca9a3d1956744)
2023-11-22T00:24:34.8776621Z Download action repository 'actions/setup-python@v4' (SHA:65d7f2d534ac1bc67fcd62888c5f4f3d2cb2b236)
2023-11-22T00:24:35.0702096Z Complete job name: build
2023-11-22T00:24:35.1611923Z ##[group]Run actions/checkout@v3
2023-11-22T00:24:35.1612554Z with:
2023-11-22T00:24:35.1612979Z   repository: seanpm2001/GitHub_Stats_A
2023-11-22T00:24:35.1613900Z   token: ***
2023-11-22T00:24:35.1614308Z   ssh-strict: true
2023-11-22T00:24:35.1614756Z   persist-credentials: true
2023-11-22T00:24:35.1615345Z   clean: true
2023-11-22T00:24:35.1615741Z   sparse-checkout-cone-mode: true
2023-11-22T00:24:35.1616295Z   fetch-depth: 1
2023-11-22T00:24:35.1616815Z   fetch-tags: false
2023-11-22T00:24:35.1617238Z   lfs: false
2023-11-22T00:24:35.1617620Z   submodules: false
2023-11-22T00:24:35.1618124Z   set-safe-directory: true
2023-11-22T00:24:35.1618594Z ##[endgroup]
2023-11-22T00:24:35.3400480Z Syncing repository: seanpm2001/GitHub_Stats_A
2023-11-22T00:24:35.3403709Z ##[group]Getting Git version info
2023-11-22T00:24:35.3405596Z Working directory is '/home/runner/work/GitHub_Stats_A/GitHub_Stats_A'
2023-11-22T00:24:35.3407785Z [command]/usr/bin/git version
2023-11-22T00:24:35.3409099Z git version 2.42.0
2023-11-22T00:24:35.3416340Z ##[endgroup]
2023-11-22T00:24:35.3436809Z Temporarily overriding HOME='/home/runner/work/_temp/2bc0c9c4-62bc-47db-b7a7-7e012e6e23c7' before making global git config changes
2023-11-22T00:24:35.3439953Z Adding repository directory to the temporary git global config as a safe directory
2023-11-22T00:24:35.3442625Z [command]/usr/bin/git config --global --add safe.directory /home/runner/work/GitHub_Stats_A/GitHub_Stats_A
2023-11-22T00:24:35.3486046Z Deleting the contents of '/home/runner/work/GitHub_Stats_A/GitHub_Stats_A'
2023-11-22T00:24:35.3490259Z ##[group]Initializing the repository
2023-11-22T00:24:35.3494297Z [command]/usr/bin/git init /home/runner/work/GitHub_Stats_A/GitHub_Stats_A
2023-11-22T00:24:35.3580762Z hint: Using 'master' as the name for the initial branch. This default branch name
2023-11-22T00:24:35.3582567Z hint: is subject to change. To configure the initial branch name to use in all
2023-11-22T00:24:35.3583792Z hint: of your new repositories, which will suppress this warning, call:
2023-11-22T00:24:35.3584695Z hint: 
2023-11-22T00:24:35.3585522Z hint: 	git config --global init.defaultBranch <name>
2023-11-22T00:24:35.3586588Z hint: 
2023-11-22T00:24:35.3587975Z hint: Names commonly chosen instead of 'master' are 'main', 'trunk' and
2023-11-22T00:24:35.3590007Z hint: 'development'. The just-created branch can be renamed via this command:
2023-11-22T00:24:35.3591057Z hint: 
2023-11-22T00:24:35.3591659Z hint: 	git branch -m <name>
2023-11-22T00:24:35.3597149Z Initialized empty Git repository in /home/runner/work/GitHub_Stats_A/GitHub_Stats_A/.git/
2023-11-22T00:24:35.3606880Z [command]/usr/bin/git remote add origin https://github.com/seanpm2001/GitHub_Stats_A
2023-11-22T00:24:35.3652755Z ##[endgroup]
2023-11-22T00:24:35.3654264Z ##[group]Disabling automatic garbage collection
2023-11-22T00:24:35.3656762Z [command]/usr/bin/git config --local gc.auto 0
2023-11-22T00:24:35.3694107Z ##[endgroup]
2023-11-22T00:24:35.3695523Z ##[group]Setting up auth
2023-11-22T00:24:35.3700733Z [command]/usr/bin/git config --local --name-only --get-regexp core\.sshCommand
2023-11-22T00:24:35.3739666Z [command]/usr/bin/git submodule foreach --recursive sh -c "git config --local --name-only --get-regexp 'core\.sshCommand' && git config --local --unset-all 'core.sshCommand' || :"
2023-11-22T00:24:35.4044074Z [command]/usr/bin/git config --local --name-only --get-regexp http\.https\:\/\/github\.com\/\.extraheader
2023-11-22T00:24:35.4083358Z [command]/usr/bin/git submodule foreach --recursive sh -c "git config --local --name-only --get-regexp 'http\.https\:\/\/github\.com\/\.extraheader' && git config --local --unset-all 'http.https://github.com/.extraheader' || :"
2023-11-22T00:24:35.4340606Z [command]/usr/bin/git config --local http.https://github.com/.extraheader AUTHORIZATION: basic ***
2023-11-22T00:24:35.4383812Z ##[endgroup]
2023-11-22T00:24:35.4385196Z ##[group]Fetching the repository
2023-11-22T00:24:35.4395124Z [command]/usr/bin/git -c protocol.version=2 fetch --no-tags --prune --progress --no-recurse-submodules --depth=1 origin +cd8dba3a6c5aa2ee551087b0713f667847f9f478:refs/remotes/origin/master
2023-11-22T00:24:36.0965357Z remote: Enumerating objects: 9024, done.        
2023-11-22T00:24:36.1172081Z remote: Counting objects:   0% (1/9024)        
2023-11-22T00:24:36.1172943Z remote: Counting objects:   1% (91/9024)        
2023-11-22T00:24:36.1194445Z remote: Counting objects:   2% (181/9024)        
2023-11-22T00:24:36.1195439Z remote: Counting objects:   3% (271/9024)        
2023-11-22T00:24:36.1196332Z remote: Counting objects:   4% (361/9024)        
2023-11-22T00:24:36.1197303Z remote: Counting objects:   5% (452/9024)        
2023-11-22T00:24:36.1198169Z remote: Counting objects:   6% (542/9024)        
2023-11-22T00:24:36.1199005Z remote: Counting objects:   7% (632/9024)        
2023-11-22T00:24:36.1200044Z remote: Counting objects:   8% (722/9024)        
2023-11-22T00:24:36.1200888Z remote: Counting objects:   9% (813/9024)        
2023-11-22T00:24:36.1201882Z remote: Counting objects:  10% (903/9024)        
2023-11-22T00:24:36.1202712Z remote: Counting objects:  11% (993/9024)        
2023-11-22T00:24:36.1203571Z remote: Counting objects:  12% (1083/9024)        
2023-11-22T00:24:36.1204645Z remote: Counting objects:  13% (1174/9024)        
2023-11-22T00:24:36.1205526Z remote: Counting objects:  14% (1264/9024)        
2023-11-22T00:24:36.1206427Z remote: Counting objects:  15% (1354/9024)        
2023-11-22T00:24:36.1207398Z remote: Counting objects:  16% (1444/9024)        
2023-11-22T00:24:36.1208313Z remote: Counting objects:  17% (1535/9024)        
2023-11-22T00:24:36.1209234Z remote: Counting objects:  18% (1625/9024)        
2023-11-22T00:24:36.1210348Z remote: Counting objects:  19% (1715/9024)        
2023-11-22T00:24:36.1211010Z remote: Counting objects:  20% (1805/9024)        
2023-11-22T00:24:36.1211512Z remote: Counting objects:  21% (1896/9024)        
2023-11-22T00:24:36.1212112Z remote: Counting objects:  22% (1986/9024)        
2023-11-22T00:24:36.1212584Z remote: Counting objects:  23% (2076/9024)        
2023-11-22T00:24:36.1213074Z remote: Counting objects:  24% (2166/9024)        
2023-11-22T00:24:36.1213869Z remote: Counting objects:  25% (2256/9024)        
2023-11-22T00:24:36.1214609Z remote: Counting objects:  26% (2347/9024)        
2023-11-22T00:24:36.1215067Z remote: Counting objects:  27% (2437/9024)        
2023-11-22T00:24:36.1215671Z remote: Counting objects:  28% (2527/9024)        
2023-11-22T00:24:36.1216430Z remote: Counting objects:  29% (2617/9024)        
2023-11-22T00:24:36.1216931Z remote: Counting objects:  30% (2708/9024)        
2023-11-22T00:24:36.1236592Z remote: Counting objects:  31% (2798/9024)        
2023-11-22T00:24:36.1237618Z remote: Counting objects:  32% (2888/9024)        
2023-11-22T00:24:36.1238427Z remote: Counting objects:  33% (2978/9024)        
2023-11-22T00:24:36.1238949Z remote: Counting objects:  34% (3069/9024)        
2023-11-22T00:24:36.1239498Z remote: Counting objects:  35% (3159/9024)        
2023-11-22T00:24:36.1240041Z remote: Counting objects:  36% (3249/9024)        
2023-11-22T00:24:36.1240537Z remote: Counting objects:  37% (3339/9024)        
2023-11-22T00:24:36.1241064Z remote: Counting objects:  38% (3430/9024)        
2023-11-22T00:24:36.1241581Z remote: Counting objects:  39% (3520/9024)        
2023-11-22T00:24:36.1242088Z remote: Counting objects:  40% (3610/9024)        
2023-11-22T00:24:36.1242564Z remote: Counting objects:  41% (3700/9024)        
2023-11-22T00:24:36.1243126Z remote: Counting objects:  42% (3791/9024)        
2023-11-22T00:24:36.1243605Z remote: Counting objects:  43% (3881/9024)        
2023-11-22T00:24:36.1244096Z remote: Counting objects:  44% (3971/9024)        
2023-11-22T00:24:36.1244660Z remote: Counting objects:  45% (4061/9024)        
2023-11-22T00:24:36.1245174Z remote: Counting objects:  46% (4152/9024)        
2023-11-22T00:24:36.1245632Z remote: Counting objects:  47% (4242/9024)        
2023-11-22T00:24:36.1246436Z remote: Counting objects:  48% (4332/9024)        
2023-11-22T00:24:36.1246955Z remote: Counting objects:  49% (4422/9024)        
2023-11-22T00:24:36.1247434Z remote: Counting objects:  50% (4512/9024)        
2023-11-22T00:24:36.1247975Z remote: Counting objects:  51% (4603/9024)        
2023-11-22T00:24:36.1248464Z remote: Counting objects:  52% (4693/9024)        
2023-11-22T00:24:36.1248942Z remote: Counting objects:  53% (4783/9024)        
2023-11-22T00:24:36.1249502Z remote: Counting objects:  54% (4873/9024)        
2023-11-22T00:24:36.1249957Z remote: Counting objects:  55% (4964/9024)        
2023-11-22T00:24:36.1250452Z remote: Counting objects:  56% (5054/9024)        
2023-11-22T00:24:36.1250992Z remote: Counting objects:  57% (5144/9024)        
2023-11-22T00:24:36.1251517Z remote: Counting objects:  58% (5234/9024)        
2023-11-22T00:24:36.1251985Z remote: Counting objects:  59% (5325/9024)        
2023-11-22T00:24:36.1252561Z remote: Counting objects:  60% (5415/9024)        
2023-11-22T00:24:36.1253041Z remote: Counting objects:  61% (5505/9024)        
2023-11-22T00:24:36.1253599Z remote: Counting objects:  62% (5595/9024)        
2023-11-22T00:24:36.1254043Z remote: Counting objects:  63% (5686/9024)        
2023-11-22T00:24:36.1254516Z remote: Counting objects:  64% (5776/9024)        
2023-11-22T00:24:36.1255083Z remote: Counting objects:  65% (5866/9024)        
2023-11-22T00:24:36.1255588Z remote: Counting objects:  66% (5956/9024)        
2023-11-22T00:24:36.1256486Z remote: Counting objects:  67% (6047/9024)        
2023-11-22T00:24:36.1257326Z remote: Counting objects:  68% (6137/9024)        
2023-11-22T00:24:36.1257833Z remote: Counting objects:  69% (6227/9024)        
2023-11-22T00:24:36.1258330Z remote: Counting objects:  70% (6317/9024)        
2023-11-22T00:24:36.1258872Z remote: Counting objects:  71% (6408/9024)        
2023-11-22T00:24:36.1259344Z remote: Counting objects:  72% (6498/9024)        
2023-11-22T00:24:36.1259854Z remote: Counting objects:  73% (6588/9024)        
2023-11-22T00:24:36.1260419Z remote: Counting objects:  74% (6678/9024)        
2023-11-22T00:24:36.1260911Z remote: Counting objects:  75% (6768/9024)        
2023-11-22T00:24:36.1261356Z remote: Counting objects:  76% (6859/9024)        
2023-11-22T00:24:36.1261898Z remote: Counting objects:  77% (6949/9024)        
2023-11-22T00:24:36.1262392Z remote: Counting objects:  78% (7039/9024)        
2023-11-22T00:24:36.1262867Z remote: Counting objects:  79% (7129/9024)        
2023-11-22T00:24:36.1278021Z remote: Counting objects:  80% (7220/9024)        
2023-11-22T00:24:36.1279050Z remote: Counting objects:  81% (7310/9024)        
2023-11-22T00:24:36.1279916Z remote: Counting objects:  82% (7400/9024)        
2023-11-22T00:24:36.1280489Z remote: Counting objects:  83% (7490/9024)        
2023-11-22T00:24:36.1280954Z remote: Counting objects:  84% (7581/9024)        
2023-11-22T00:24:36.1281536Z remote: Counting objects:  85% (7671/9024)        
2023-11-22T00:24:36.1282047Z remote: Counting objects:  86% (7761/9024)        
2023-11-22T00:24:36.1282541Z remote: Counting objects:  87% (7851/9024)        
2023-11-22T00:24:36.1283124Z remote: Counting objects:  88% (7942/9024)        
2023-11-22T00:24:36.1283580Z remote: Counting objects:  89% (8032/9024)        
2023-11-22T00:24:36.1284067Z remote: Counting objects:  90% (8122/9024)        
2023-11-22T00:24:36.1284628Z remote: Counting objects:  91% (8212/9024)        
2023-11-22T00:24:36.1285110Z remote: Counting objects:  92% (8303/9024)        
2023-11-22T00:24:36.1285567Z remote: Counting objects:  93% (8393/9024)        
2023-11-22T00:24:36.1286148Z remote: Counting objects:  94% (8483/9024)        
2023-11-22T00:24:36.1286623Z remote: Counting objects:  95% (8573/9024)        
2023-11-22T00:24:36.1287070Z remote: Counting objects:  96% (8664/9024)        
2023-11-22T00:24:36.1307048Z remote: Counting objects:  97% (8754/9024)        
2023-11-22T00:24:36.1327013Z remote: Counting objects:  98% (8844/9024)        
2023-11-22T00:24:36.1327828Z remote: Counting objects:  99% (8934/9024)        
2023-11-22T00:24:36.1328635Z remote: Counting objects: 100% (9024/9024)        
2023-11-22T00:24:36.1329265Z remote: Counting objects: 100% (9024/9024), done.        
2023-11-22T00:24:36.1565336Z remote: Compressing objects:   0% (1/3450)        
2023-11-22T00:24:36.1570601Z remote: Compressing objects:   1% (35/3450)        
2023-11-22T00:24:36.2466798Z remote: Compressing objects:   2% (69/3450)        
2023-11-22T00:24:36.2516856Z remote: Compressing objects:   3% (104/3450)        
2023-11-22T00:24:36.2543323Z remote: Compressing objects:   4% (138/3450)        
2023-11-22T00:24:36.2544153Z remote: Compressing objects:   5% (173/3450)        
2023-11-22T00:24:36.2544931Z remote: Compressing objects:   6% (207/3450)        
2023-11-22T00:24:36.2545608Z remote: Compressing objects:   7% (242/3450)        
2023-11-22T00:24:36.2546543Z remote: Compressing objects:   8% (276/3450)        
2023-11-22T00:24:36.2547314Z remote: Compressing objects:   9% (311/3450)        
2023-11-22T00:24:36.2547982Z remote: Compressing objects:  10% (345/3450)        
2023-11-22T00:24:36.2548635Z remote: Compressing objects:  11% (380/3450)        
2023-11-22T00:24:36.2549310Z remote: Compressing objects:  12% (414/3450)        
2023-11-22T00:24:36.2549967Z remote: Compressing objects:  13% (449/3450)        
2023-11-22T00:24:36.2550635Z remote: Compressing objects:  14% (483/3450)        
2023-11-22T00:24:36.2551254Z remote: Compressing objects:  15% (518/3450)        
2023-11-22T00:24:36.2570105Z remote: Compressing objects:  16% (552/3450)        
2023-11-22T00:24:36.2721096Z remote: Compressing objects:  17% (587/3450)        
2023-11-22T00:24:36.2750259Z remote: Compressing objects:  18% (621/3450)        
2023-11-22T00:24:36.2751041Z remote: Compressing objects:  19% (656/3450)        
2023-11-22T00:24:36.2751554Z remote: Compressing objects:  20% (690/3450)        
2023-11-22T00:24:36.2752206Z remote: Compressing objects:  21% (725/3450)        
2023-11-22T00:24:36.2752770Z remote: Compressing objects:  22% (759/3450)        
2023-11-22T00:24:36.2753374Z remote: Compressing objects:  23% (794/3450)        
2023-11-22T00:24:36.2753877Z remote: Compressing objects:  24% (828/3450)        
2023-11-22T00:24:36.2754419Z remote: Compressing objects:  25% (863/3450)        
2023-11-22T00:24:36.2755030Z remote: Compressing objects:  26% (897/3450)        
2023-11-22T00:24:36.2755574Z remote: Compressing objects:  27% (932/3450)        
2023-11-22T00:24:36.2756072Z remote: Compressing objects:  28% (966/3450)        
2023-11-22T00:24:36.2757074Z remote: Compressing objects:  29% (1001/3450)        
2023-11-22T00:24:36.2955540Z remote: Compressing objects:  30% (1035/3450)        
2023-11-22T00:24:36.3318318Z remote: Compressing objects:  31% (1070/3450)        
2023-11-22T00:24:36.3599319Z remote: Compressing objects:  32% (1104/3450)        
2023-11-22T00:24:36.3877925Z remote: Compressing objects:  33% (1139/3450)        
2023-11-22T00:24:36.4201356Z remote: Compressing objects:  34% (1173/3450)        
2023-11-22T00:24:36.4518275Z remote: Compressing objects:  35% (1208/3450)        
2023-11-22T00:24:36.4709355Z remote: Compressing objects:  36% (1242/3450)        
2023-11-22T00:24:36.5079127Z remote: Compressing objects:  37% (1277/3450)        
2023-11-22T00:24:36.5538948Z remote: Compressing objects:  38% (1311/3450)        
2023-11-22T00:24:36.5866459Z remote: Compressing objects:  39% (1346/3450)        
2023-11-22T00:24:36.6205221Z remote: Compressing objects:  40% (1380/3450)        
2023-11-22T00:24:36.6314187Z remote: Compressing objects:  41% (1415/3450)        
2023-11-22T00:24:36.6340000Z remote: Compressing objects:  42% (1449/3450)        
2023-11-22T00:24:36.6680561Z remote: Compressing objects:  43% (1484/3450)        
2023-11-22T00:24:36.7560637Z remote: Compressing objects:  44% (1518/3450)        
2023-11-22T00:24:36.7568917Z remote: Compressing objects:  45% (1553/3450)        
2023-11-22T00:24:36.7586680Z remote: Compressing objects:  46% (1587/3450)        
2023-11-22T00:24:36.7590079Z remote: Compressing objects:  47% (1622/3450)        
2023-11-22T00:24:36.7594998Z remote: Compressing objects:  48% (1656/3450)        
2023-11-22T00:24:36.7598218Z remote: Compressing objects:  49% (1691/3450)        
2023-11-22T00:24:36.7604761Z remote: Compressing objects:  50% (1725/3450)        
2023-11-22T00:24:36.7608736Z remote: Compressing objects:  51% (1760/3450)        
2023-11-22T00:24:36.7613132Z remote: Compressing objects:  52% (1794/3450)        
2023-11-22T00:24:36.7616352Z remote: Compressing objects:  53% (1829/3450)        
2023-11-22T00:24:36.7622686Z remote: Compressing objects:  54% (1863/3450)        
2023-11-22T00:24:36.7626696Z remote: Compressing objects:  55% (1898/3450)        
2023-11-22T00:24:36.7630552Z remote: Compressing objects:  56% (1932/3450)        
2023-11-22T00:24:36.7636841Z remote: Compressing objects:  57% (1967/3450)        
2023-11-22T00:24:36.7641583Z remote: Compressing objects:  58% (2001/3450)        
2023-11-22T00:24:36.7647942Z remote: Compressing objects:  59% (2036/3450)        
2023-11-22T00:24:36.7649617Z remote: Compressing objects:  60% (2070/3450)        
2023-11-22T00:24:36.7650607Z remote: Compressing objects:  61% (2105/3450)        
2023-11-22T00:24:36.7669979Z remote: Compressing objects:  62% (2139/3450)        
2023-11-22T00:24:36.7676168Z remote: Compressing objects:  63% (2174/3450)        
2023-11-22T00:24:36.7677554Z remote: Compressing objects:  64% (2208/3450)        
2023-11-22T00:24:36.7678858Z remote: Compressing objects:  65% (2243/3450)        
2023-11-22T00:24:36.8092234Z remote: Compressing objects:  66% (2277/3450)        
2023-11-22T00:24:36.8093523Z remote: Compressing objects:  67% (2312/3450)        
2023-11-22T00:24:36.8094363Z remote: Compressing objects:  68% (2346/3450)        
2023-11-22T00:24:36.8094985Z remote: Compressing objects:  69% (2381/3450)        
2023-11-22T00:24:36.8095640Z remote: Compressing objects:  70% (2415/3450)        
2023-11-22T00:24:36.8096209Z remote: Compressing objects:  71% (2450/3450)        
2023-11-22T00:24:36.8096842Z remote: Compressing objects:  72% (2484/3450)        
2023-11-22T00:24:36.8097376Z remote: Compressing objects:  73% (2519/3450)        
2023-11-22T00:24:36.8097913Z remote: Compressing objects:  74% (2553/3450)        
2023-11-22T00:24:36.8098520Z remote: Compressing objects:  75% (2588/3450)        
2023-11-22T00:24:36.8099355Z remote: Compressing objects:  76% (2622/3450)        
2023-11-22T00:24:36.8100073Z remote: Compressing objects:  77% (2657/3450)        
2023-11-22T00:24:36.8101355Z remote: Compressing objects:  78% (2691/3450)        
2023-11-22T00:24:36.8101988Z remote: Compressing objects:  79% (2726/3450)        
2023-11-22T00:24:36.8102523Z remote: Compressing objects:  80% (2760/3450)        
2023-11-22T00:24:36.8103088Z remote: Compressing objects:  81% (2795/3450)        
2023-11-22T00:24:36.8103581Z remote: Compressing objects:  82% (2829/3450)        
2023-11-22T00:24:36.8104104Z remote: Compressing objects:  83% (2864/3450)        
2023-11-22T00:24:36.8104677Z remote: Compressing objects:  84% (2898/3450)        
2023-11-22T00:24:36.8105148Z remote: Compressing objects:  85% (2933/3450)        
2023-11-22T00:24:36.8105657Z remote: Compressing objects:  86% (2967/3450)        
2023-11-22T00:24:36.8106499Z remote: Compressing objects:  87% (3002/3450)        
2023-11-22T00:24:36.8107020Z remote: Compressing objects:  88% (3036/3450)        
2023-11-22T00:24:36.8107534Z remote: Compressing objects:  89% (3071/3450)        
2023-11-22T00:24:36.8108112Z remote: Compressing objects:  90% (3105/3450)        
2023-11-22T00:24:36.8108629Z remote: Compressing objects:  91% (3140/3450)        
2023-11-22T00:24:36.8109184Z remote: Compressing objects:  92% (3174/3450)        
2023-11-22T00:24:36.8109652Z remote: Compressing objects:  93% (3209/3450)        
2023-11-22T00:24:36.8110174Z remote: Compressing objects:  94% (3243/3450)        
2023-11-22T00:24:36.8110733Z remote: Compressing objects:  95% (3278/3450)        
2023-11-22T00:24:36.8111225Z remote: Compressing objects:  96% (3312/3450)        
2023-11-22T00:24:36.8111898Z remote: Compressing objects:  97% (3347/3450)        
2023-11-22T00:24:36.8112503Z remote: Compressing objects:  98% (3381/3450)        
2023-11-22T00:24:36.8113036Z remote: Compressing objects:  99% (3416/3450)        
2023-11-22T00:24:36.8113570Z remote: Compressing objects: 100% (3450/3450)        
2023-11-22T00:24:36.8114144Z remote: Compressing objects: 100% (3450/3450), done.        
2023-11-22T00:24:36.9218886Z Receiving objects:   0% (1/9024)
2023-11-22T00:24:36.9273317Z Receiving objects:   1% (91/9024)
2023-11-22T00:24:36.9734514Z Receiving objects:   2% (181/9024)
2023-11-22T00:24:36.9771182Z Receiving objects:   3% (271/9024)
2023-11-22T00:24:36.9807443Z Receiving objects:   4% (361/9024)
2023-11-22T00:24:37.0261745Z Receiving objects:   5% (452/9024)
2023-11-22T00:24:37.0280731Z Receiving objects:   6% (542/9024)
2023-11-22T00:24:37.0297951Z Receiving objects:   7% (632/9024)
2023-11-22T00:24:37.0312145Z Receiving objects:   8% (722/9024)
2023-11-22T00:24:37.0329449Z Receiving objects:   9% (813/9024)
2023-11-22T00:24:37.0347123Z Receiving objects:  10% (903/9024)
2023-11-22T00:24:37.0380202Z Receiving objects:  11% (993/9024)
2023-11-22T00:24:37.0382837Z Receiving objects:  12% (1083/9024)
2023-11-22T00:24:37.0385024Z Receiving objects:  13% (1174/9024)
2023-11-22T00:24:37.0443897Z Receiving objects:  14% (1264/9024)
2023-11-22T00:24:37.0901606Z Receiving objects:  15% (1354/9024)
2023-11-22T00:24:37.0971703Z Receiving objects:  16% (1444/9024)
2023-11-22T00:24:37.1330175Z Receiving objects:  17% (1535/9024)
2023-11-22T00:24:37.1406729Z Receiving objects:  18% (1625/9024)
2023-11-22T00:24:37.1475507Z Receiving objects:  19% (1715/9024)
2023-11-22T00:24:37.1546498Z Receiving objects:  20% (1805/9024)
2023-11-22T00:24:37.1632417Z Receiving objects:  21% (1896/9024)
2023-11-22T00:24:37.1703091Z Receiving objects:  22% (1986/9024)
2023-11-22T00:24:37.1771958Z Receiving objects:  23% (2076/9024)
2023-11-22T00:24:37.1934741Z Receiving objects:  24% (2166/9024)
2023-11-22T00:24:37.2025444Z Receiving objects:  25% (2256/9024)
2023-11-22T00:24:37.2104764Z Receiving objects:  26% (2347/9024)
2023-11-22T00:24:37.2422434Z Receiving objects:  27% (2437/9024)
2023-11-22T00:24:37.2509653Z Receiving objects:  28% (2527/9024)
2023-11-22T00:24:37.2587332Z Receiving objects:  29% (2617/9024)
2023-11-22T00:24:37.2662359Z Receiving objects:  30% (2708/9024)
2023-11-22T00:24:37.2734086Z Receiving objects:  31% (2798/9024)
2023-11-22T00:24:37.2913127Z Receiving objects:  32% (2888/9024)
2023-11-22T00:24:37.3032186Z Receiving objects:  33% (2978/9024)
2023-11-22T00:24:37.3132395Z Receiving objects:  34% (3069/9024)
2023-11-22T00:24:37.3241547Z Receiving objects:  35% (3159/9024)
2023-11-22T00:24:37.3473828Z Receiving objects:  36% (3249/9024), 10.34 MiB | 20.67 MiB/s
2023-11-22T00:24:37.3508997Z Receiving objects:  37% (3339/9024), 10.34 MiB | 20.67 MiB/s
2023-11-22T00:24:37.3544778Z Receiving objects:  38% (3430/9024), 10.34 MiB | 20.67 MiB/s
2023-11-22T00:24:37.3579996Z Receiving objects:  39% (3520/9024), 10.34 MiB | 20.67 MiB/s
2023-11-22T00:24:37.3615065Z Receiving objects:  40% (3610/9024), 10.34 MiB | 20.67 MiB/s
2023-11-22T00:24:37.3655581Z Receiving objects:  41% (3700/9024), 10.34 MiB | 20.67 MiB/s
2023-11-22T00:24:37.3694495Z Receiving objects:  42% (3791/9024), 10.34 MiB | 20.67 MiB/s
2023-11-22T00:24:37.3990257Z Receiving objects:  43% (3881/9024), 10.34 MiB | 20.67 MiB/s
2023-11-22T00:24:37.4122207Z Receiving objects:  44% (3971/9024), 10.34 MiB | 20.67 MiB/s
2023-11-22T00:24:37.4253470Z Receiving objects:  45% (4061/9024), 10.34 MiB | 20.67 MiB/s
2023-11-22T00:24:37.4341491Z Receiving objects:  46% (4152/9024), 10.34 MiB | 20.67 MiB/s
2023-11-22T00:24:37.4615439Z Receiving objects:  47% (4242/9024), 10.34 MiB | 20.67 MiB/s
2023-11-22T00:24:37.4698454Z Receiving objects:  48% (4332/9024), 10.34 MiB | 20.67 MiB/s
2023-11-22T00:24:37.4804263Z Receiving objects:  49% (4422/9024), 10.34 MiB | 20.67 MiB/s
2023-11-22T00:24:37.5080723Z Receiving objects:  50% (4512/9024), 10.34 MiB | 20.67 MiB/s
2023-11-22T00:24:37.5205708Z Receiving objects:  51% (4603/9024), 10.34 MiB | 20.67 MiB/s
2023-11-22T00:24:37.5324384Z Receiving objects:  52% (4693/9024), 10.34 MiB | 20.67 MiB/s
2023-11-22T00:24:37.5379619Z Receiving objects:  53% (4783/9024), 10.34 MiB | 20.67 MiB/s
2023-11-22T00:24:37.5628100Z Receiving objects:  54% (4873/9024), 10.34 MiB | 20.67 MiB/s
2023-11-22T00:24:37.5739855Z Receiving objects:  55% (4964/9024), 10.34 MiB | 20.67 MiB/s
2023-11-22T00:24:37.5884449Z Receiving objects:  56% (5054/9024), 10.34 MiB | 20.67 MiB/s
2023-11-22T00:24:37.5962044Z Receiving objects:  57% (5144/9024), 10.34 MiB | 20.67 MiB/s
2023-11-22T00:24:37.6231145Z Receiving objects:  58% (5234/9024), 10.34 MiB | 20.67 MiB/s
2023-11-22T00:24:37.6344803Z Receiving objects:  59% (5325/9024), 10.34 MiB | 20.67 MiB/s
2023-11-22T00:24:37.6444106Z Receiving objects:  60% (5415/9024), 10.34 MiB | 20.67 MiB/s
2023-11-22T00:24:37.6682297Z Receiving objects:  61% (5505/9024), 10.34 MiB | 20.67 MiB/s
2023-11-22T00:24:37.6812903Z Receiving objects:  62% (5595/9024), 10.34 MiB | 20.67 MiB/s
2023-11-22T00:24:37.6896970Z Receiving objects:  63% (5686/9024), 10.34 MiB | 20.67 MiB/s
2023-11-22T00:24:37.7190704Z Receiving objects:  64% (5776/9024), 10.34 MiB | 20.67 MiB/s
2023-11-22T00:24:37.7322433Z Receiving objects:  65% (5866/9024), 10.34 MiB | 20.67 MiB/s
2023-11-22T00:24:37.7427120Z Receiving objects:  66% (5956/9024), 10.34 MiB | 20.67 MiB/s
2023-11-22T00:24:37.7497037Z Receiving objects:  67% (6047/9024), 10.34 MiB | 20.67 MiB/s
2023-11-22T00:24:37.7726442Z Receiving objects:  68% (6137/9024), 10.34 MiB | 20.67 MiB/s
2023-11-22T00:24:37.7816896Z Receiving objects:  69% (6227/9024), 10.34 MiB | 20.67 MiB/s
2023-11-22T00:24:37.7943291Z Receiving objects:  70% (6317/9024), 10.34 MiB | 20.67 MiB/s
2023-11-22T00:24:37.8040526Z Receiving objects:  71% (6408/9024), 10.34 MiB | 20.67 MiB/s
2023-11-22T00:24:37.8225878Z Receiving objects:  72% (6498/9024), 10.34 MiB | 20.67 MiB/s
2023-11-22T00:24:37.8299171Z Receiving objects:  72% (6537/9024), 30.11 MiB | 29.90 MiB/s
2023-11-22T00:24:37.8436167Z Receiving objects:  73% (6588/9024), 30.11 MiB | 29.90 MiB/s
2023-11-22T00:24:37.8552342Z Receiving objects:  74% (6678/9024), 30.11 MiB | 29.90 MiB/s
2023-11-22T00:24:37.8631478Z Receiving objects:  75% (6768/9024), 30.11 MiB | 29.90 MiB/s
2023-11-22T00:24:37.8860305Z Receiving objects:  76% (6859/9024), 30.11 MiB | 29.90 MiB/s
2023-11-22T00:24:37.8929927Z Receiving objects:  77% (6949/9024), 30.11 MiB | 29.90 MiB/s
2023-11-22T00:24:37.9025566Z Receiving objects:  78% (7039/9024), 30.11 MiB | 29.90 MiB/s
2023-11-22T00:24:37.9134777Z Receiving objects:  79% (7129/9024), 30.11 MiB | 29.90 MiB/s
2023-11-22T00:24:37.9200392Z Receiving objects:  80% (7220/9024), 30.11 MiB | 29.90 MiB/s
2023-11-22T00:24:37.9387389Z Receiving objects:  81% (7310/9024), 30.11 MiB | 29.90 MiB/s
2023-11-22T00:24:37.9474984Z Receiving objects:  82% (7400/9024), 30.11 MiB | 29.90 MiB/s
2023-11-22T00:24:37.9585676Z Receiving objects:  83% (7490/9024), 30.11 MiB | 29.90 MiB/s
2023-11-22T00:24:37.9729182Z Receiving objects:  84% (7581/9024), 30.11 MiB | 29.90 MiB/s
2023-11-22T00:24:37.9918513Z Receiving objects:  85% (7671/9024), 30.11 MiB | 29.90 MiB/s
2023-11-22T00:24:37.9998098Z Receiving objects:  86% (7761/9024), 30.11 MiB | 29.90 MiB/s
2023-11-22T00:24:38.0121068Z Receiving objects:  87% (7851/9024), 30.11 MiB | 29.90 MiB/s
2023-11-22T00:24:38.0188505Z Receiving objects:  88% (7942/9024), 30.11 MiB | 29.90 MiB/s
2023-11-22T00:24:38.0195998Z Receiving objects:  89% (8032/9024), 30.11 MiB | 29.90 MiB/s
2023-11-22T00:24:38.0222015Z Receiving objects:  90% (8122/9024), 30.11 MiB | 29.90 MiB/s
2023-11-22T00:24:38.0224705Z Receiving objects:  91% (8212/9024), 30.11 MiB | 29.90 MiB/s
2023-11-22T00:24:38.0229627Z Receiving objects:  92% (8303/9024), 30.11 MiB | 29.90 MiB/s
2023-11-22T00:24:38.0233620Z Receiving objects:  93% (8393/9024), 30.11 MiB | 29.90 MiB/s
2023-11-22T00:24:38.0244869Z Receiving objects:  94% (8483/9024), 30.11 MiB | 29.90 MiB/s
2023-11-22T00:24:38.0417606Z Receiving objects:  95% (8573/9024), 30.11 MiB | 29.90 MiB/s
2023-11-22T00:24:38.0596562Z Receiving objects:  96% (8664/9024), 30.11 MiB | 29.90 MiB/s
2023-11-22T00:24:38.0825713Z Receiving objects:  97% (8754/9024), 30.11 MiB | 29.90 MiB/s
2023-11-22T00:24:38.0923784Z Receiving objects:  98% (8844/9024), 30.11 MiB | 29.90 MiB/s
2023-11-22T00:24:38.1136015Z Receiving objects:  99% (8934/9024), 30.11 MiB | 29.90 MiB/s
2023-11-22T00:24:38.1137761Z remote: Total 9024 (delta 5273), reused 8669 (delta 5172), pack-reused 0        
2023-11-22T00:24:38.1150844Z Receiving objects: 100% (9024/9024), 30.11 MiB | 29.90 MiB/s
2023-11-22T00:24:38.1151683Z Receiving objects: 100% (9024/9024), 43.75 MiB | 33.66 MiB/s, done.
2023-11-22T00:24:38.1197821Z Resolving deltas:   0% (0/5273)
2023-11-22T00:24:38.1283544Z Resolving deltas:   1% (53/5273)
2023-11-22T00:24:38.1380022Z Resolving deltas:   2% (106/5273)
2023-11-22T00:24:38.1448802Z Resolving deltas:   3% (159/5273)
2023-11-22T00:24:38.1523270Z Resolving deltas:   4% (211/5273)
2023-11-22T00:24:38.1594342Z Resolving deltas:   5% (264/5273)
2023-11-22T00:24:38.1602975Z Resolving deltas:   6% (317/5273)
2023-11-22T00:24:38.1608083Z Resolving deltas:   7% (370/5273)
2023-11-22T00:24:38.1613813Z Resolving deltas:   8% (422/5273)
2023-11-22T00:24:38.1619397Z Resolving deltas:   9% (475/5273)
2023-11-22T00:24:38.1625714Z Resolving deltas:  10% (529/5273)
2023-11-22T00:24:38.1632142Z Resolving deltas:  11% (581/5273)
2023-11-22T00:24:38.1635309Z Resolving deltas:  12% (633/5273)
2023-11-22T00:24:38.1644850Z Resolving deltas:  13% (686/5273)
2023-11-22T00:24:38.1747055Z Resolving deltas:  14% (739/5273)
2023-11-22T00:24:38.1888260Z Resolving deltas:  15% (791/5273)
2023-11-22T00:24:38.1997532Z Resolving deltas:  16% (844/5273)
2023-11-22T00:24:38.2119622Z Resolving deltas:  17% (897/5273)
2023-11-22T00:24:38.2295512Z Resolving deltas:  18% (950/5273)
2023-11-22T00:24:38.2400558Z Resolving deltas:  19% (1002/5273)
2023-11-22T00:24:38.2580359Z Resolving deltas:  20% (1055/5273)
2023-11-22T00:24:38.2704772Z Resolving deltas:  21% (1108/5273)
2023-11-22T00:24:38.2799947Z Resolving deltas:  22% (1161/5273)
2023-11-22T00:24:38.2903288Z Resolving deltas:  23% (1213/5273)
2023-11-22T00:24:38.2912978Z Resolving deltas:  24% (1266/5273)
2023-11-22T00:24:38.2914685Z Resolving deltas:  25% (1319/5273)
2023-11-22T00:24:38.2920985Z Resolving deltas:  26% (1371/5273)
2023-11-22T00:24:38.2929153Z Resolving deltas:  27% (1424/5273)
2023-11-22T00:24:38.2938482Z Resolving deltas:  28% (1477/5273)
2023-11-22T00:24:38.2944218Z Resolving deltas:  29% (1530/5273)
2023-11-22T00:24:38.2952829Z Resolving deltas:  30% (1582/5273)
2023-11-22T00:24:38.2958402Z Resolving deltas:  31% (1635/5273)
2023-11-22T00:24:38.2971897Z Resolving deltas:  32% (1688/5273)
2023-11-22T00:24:38.2989155Z Resolving deltas:  33% (1741/5273)
2023-11-22T00:24:38.3001743Z Resolving deltas:  34% (1793/5273)
2023-11-22T00:24:38.3008126Z Resolving deltas:  35% (1846/5273)
2023-11-22T00:24:38.3009560Z Resolving deltas:  36% (1899/5273)
2023-11-22T00:24:38.3011821Z Resolving deltas:  37% (1953/5273)
2023-11-22T00:24:38.3015367Z Resolving deltas:  38% (2004/5273)
2023-11-22T00:24:38.3036955Z Resolving deltas:  39% (2058/5273)
2023-11-22T00:24:38.3054395Z Resolving deltas:  40% (2111/5273)
2023-11-22T00:24:38.3078795Z Resolving deltas:  41% (2162/5273)
2023-11-22T00:24:38.3103283Z Resolving deltas:  42% (2215/5273)
2023-11-22T00:24:38.3133728Z Resolving deltas:  43% (2268/5273)
2023-11-22T00:24:38.3149129Z Resolving deltas:  44% (2321/5273)
2023-11-22T00:24:38.3156487Z Resolving deltas:  45% (2373/5273)
2023-11-22T00:24:38.3160416Z Resolving deltas:  46% (2426/5273)
2023-11-22T00:24:38.3322748Z Resolving deltas:  47% (2479/5273)
2023-11-22T00:24:38.3399212Z Resolving deltas:  48% (2532/5273)
2023-11-22T00:24:38.3529745Z Resolving deltas:  49% (2584/5273)
2023-11-22T00:24:38.3694110Z Resolving deltas:  50% (2637/5273)
2023-11-22T00:24:38.3796365Z Resolving deltas:  51% (2690/5273)
2023-11-22T00:24:38.3942134Z Resolving deltas:  52% (2742/5273)
2023-11-22T00:24:38.4081534Z Resolving deltas:  53% (2795/5273)
2023-11-22T00:24:38.4289045Z Resolving deltas:  54% (2848/5273)
2023-11-22T00:24:38.4418508Z Resolving deltas:  55% (2902/5273)
2023-11-22T00:24:38.4591300Z Resolving deltas:  56% (2953/5273)
2023-11-22T00:24:38.4800725Z Resolving deltas:  57% (3006/5273)
2023-11-22T00:24:38.4987145Z Resolving deltas:  58% (3060/5273)
2023-11-22T00:24:38.5073530Z Resolving deltas:  59% (3112/5273)
2023-11-22T00:24:38.5082470Z Resolving deltas:  60% (3164/5273)
2023-11-22T00:24:38.5092382Z Resolving deltas:  61% (3217/5273)
2023-11-22T00:24:38.5179551Z Resolving deltas:  62% (3270/5273)
2023-11-22T00:24:38.5341672Z Resolving deltas:  63% (3322/5273)
2023-11-22T00:24:38.5501801Z Resolving deltas:  64% (3375/5273)
2023-11-22T00:24:38.5560951Z Resolving deltas:  65% (3428/5273)
2023-11-22T00:24:38.5603304Z Resolving deltas:  66% (3481/5273)
2023-11-22T00:24:38.5678473Z Resolving deltas:  67% (3533/5273)
2023-11-22T00:24:38.5690679Z Resolving deltas:  68% (3586/5273)
2023-11-22T00:24:38.5698984Z Resolving deltas:  69% (3639/5273)
2023-11-22T00:24:38.5702675Z Resolving deltas:  70% (3692/5273)
2023-11-22T00:24:38.5711309Z Resolving deltas:  71% (3745/5273)
2023-11-22T00:24:38.5716436Z Resolving deltas:  72% (3797/5273)
2023-11-22T00:24:38.5719613Z Resolving deltas:  73% (3850/5273)
2023-11-22T00:24:38.5723154Z Resolving deltas:  74% (3903/5273)
2023-11-22T00:24:38.5727472Z Resolving deltas:  75% (3955/5273)
2023-11-22T00:24:38.5735533Z Resolving deltas:  76% (4008/5273)
2023-11-22T00:24:38.5742805Z Resolving deltas:  77% (4061/5273)
2023-11-22T00:24:38.5761946Z Resolving deltas:  78% (4113/5273)
2023-11-22T00:24:38.5776816Z Resolving deltas:  79% (4167/5273)
2023-11-22T00:24:38.5787485Z Resolving deltas:  80% (4219/5273)
2023-11-22T00:24:38.5794331Z Resolving deltas:  81% (4272/5273)
2023-11-22T00:24:38.5805294Z Resolving deltas:  82% (4324/5273)
2023-11-22T00:24:38.5956212Z Resolving deltas:  83% (4377/5273)
2023-11-22T00:24:38.6072756Z Resolving deltas:  84% (4430/5273)
2023-11-22T00:24:38.6114581Z Resolving deltas:  85% (4483/5273)
2023-11-22T00:24:38.6150022Z Resolving deltas:  86% (4535/5273)
2023-11-22T00:24:38.6188111Z Resolving deltas:  87% (4588/5273)
2023-11-22T00:24:38.6254388Z Resolving deltas:  88% (4641/5273)
2023-11-22T00:24:38.6291174Z Resolving deltas:  89% (4693/5273)
2023-11-22T00:24:38.6343124Z Resolving deltas:  90% (4746/5273)
2023-11-22T00:24:38.6434784Z Resolving deltas:  91% (4799/5273)
2023-11-22T00:24:38.6467386Z Resolving deltas:  92% (4852/5273)
2023-11-22T00:24:38.6499675Z Resolving deltas:  93% (4904/5273)
2023-11-22T00:24:38.6535936Z Resolving deltas:  94% (4958/5273)
2023-11-22T00:24:38.6579324Z Resolving deltas:  95% (5010/5273)
2023-11-22T00:24:38.6627030Z Resolving deltas:  96% (5063/5273)
2023-11-22T00:24:38.6654460Z Resolving deltas:  97% (5115/5273)
2023-11-22T00:24:38.6714193Z Resolving deltas:  98% (5168/5273)
2023-11-22T00:24:38.6754694Z Resolving deltas:  99% (5221/5273)
2023-11-22T00:24:38.6761022Z Resolving deltas: 100% (5273/5273)
2023-11-22T00:24:38.6762057Z Resolving deltas: 100% (5273/5273), done.
2023-11-22T00:24:38.7348060Z From https://github.com/seanpm2001/GitHub_Stats_A
2023-11-22T00:24:38.7349746Z  * [new ref]         cd8dba3a6c5aa2ee551087b0713f667847f9f478 -> origin/master
2023-11-22T00:24:38.7374362Z ##[endgroup]
2023-11-22T00:24:38.7375942Z ##[group]Determining the checkout info
2023-11-22T00:24:38.7377190Z ##[endgroup]
2023-11-22T00:24:38.7377872Z ##[group]Checking out the ref
2023-11-22T00:24:38.7382547Z [command]/usr/bin/git checkout --progress --force -B master refs/remotes/origin/master
2023-11-22T00:24:39.7537249Z Updating files:  71% (6744/9375)
2023-11-22T00:24:39.7707549Z Updating files:  72% (6750/9375)
2023-11-22T00:24:39.7886611Z Updating files:  73% (6844/9375)
2023-11-22T00:24:39.7995992Z Updating files:  74% (6938/9375)
2023-11-22T00:24:39.8165927Z Updating files:  75% (7032/9375)
2023-11-22T00:24:39.8280057Z Updating files:  76% (7125/9375)
2023-11-22T00:24:39.8348480Z Updating files:  77% (7219/9375)
2023-11-22T00:24:39.8515658Z Updating files:  78% (7313/9375)
2023-11-22T00:24:39.8605932Z Updating files:  79% (7407/9375)
2023-11-22T00:24:39.8702105Z Updating files:  80% (7500/9375)
2023-11-22T00:24:39.8864827Z Updating files:  81% (7594/9375)
2023-11-22T00:24:39.8972278Z Updating files:  82% (7688/9375)
2023-11-22T00:24:39.9009794Z Updating files:  83% (7782/9375)
2023-11-22T00:24:39.9079177Z Updating files:  84% (7875/9375)
2023-11-22T00:24:39.9153713Z Updating files:  85% (7969/9375)
2023-11-22T00:24:39.9246435Z Updating files:  86% (8063/9375)
2023-11-22T00:24:39.9360285Z Updating files:  87% (8157/9375)
2023-11-22T00:24:39.9449190Z Updating files:  88% (8250/9375)
2023-11-22T00:24:39.9594743Z Updating files:  89% (8344/9375)
2023-11-22T00:24:39.9739792Z Updating files:  90% (8438/9375)
2023-11-22T00:24:39.9889495Z Updating files:  91% (8532/9375)
2023-11-22T00:24:40.0077698Z Updating files:  92% (8625/9375)
2023-11-22T00:24:40.0290416Z Updating files:  93% (8719/9375)
2023-11-22T00:24:40.0435347Z Updating files:  94% (8813/9375)
2023-11-22T00:24:40.0516537Z Updating files:  95% (8907/9375)
2023-11-22T00:24:40.0636603Z Updating files:  96% (9000/9375)
2023-11-22T00:24:40.0761291Z Updating files:  97% (9094/9375)
2023-11-22T00:24:40.0906036Z Updating files:  98% (9188/9375)
2023-11-22T00:24:40.1021110Z Updating files:  99% (9282/9375)
2023-11-22T00:24:40.1022185Z Updating files: 100% (9375/9375)
2023-11-22T00:24:40.1022752Z Updating files: 100% (9375/9375), done.
2023-11-22T00:24:40.1139599Z Reset branch 'master'
2023-11-22T00:24:40.1141162Z branch 'master' set up to track 'origin/master'.
2023-11-22T00:24:40.1245656Z ##[endgroup]
2023-11-22T00:24:40.1290489Z [command]/usr/bin/git log -1 --format='%H'
2023-11-22T00:24:40.1322807Z 'cd8dba3a6c5aa2ee551087b0713f667847f9f478'
2023-11-22T00:24:40.1651167Z ##[group]Run actions/setup-python@v4
2023-11-22T00:24:40.1651674Z with:
2023-11-22T00:24:40.1652090Z   python-version: 3.8
2023-11-22T00:24:40.1652469Z   architecture: x64
2023-11-22T00:24:40.1652776Z   cache: pip
2023-11-22T00:24:40.1653177Z   check-latest: false
2023-11-22T00:24:40.1653699Z   token: ***
2023-11-22T00:24:40.1654032Z   update-environment: true
2023-11-22T00:24:40.1654454Z   allow-prereleases: false
2023-11-22T00:24:40.1654829Z ##[endgroup]
2023-11-22T00:24:40.3003755Z ##[group]Installed versions
2023-11-22T00:24:40.3077365Z Successfully set up CPython (3.8.18)
2023-11-22T00:24:40.3078731Z ##[endgroup]
2023-11-22T00:24:41.2270214Z [command]/opt/hostedtoolcache/Python/3.8.18/x64/bin/pip cache dir
2023-11-22T00:24:44.0527165Z /home/runner/.cache/pip
2023-11-22T00:24:45.3888684Z Received 6245959 of 6245959 (100.0%), 7.6 MBs/sec
2023-11-22T00:24:45.3889542Z Cache Size: ~6 MB (6245959 B)
2023-11-22T00:24:45.3931850Z [command]/usr/bin/tar -xf /home/runner/work/_temp/46d8d6bc-4e60-42ce-9cdd-4ae71600d97e/cache.tzst -P -C /home/runner/work/GitHub_Stats_A/GitHub_Stats_A --use-compress-program unzstd
2023-11-22T00:24:45.4193077Z Cache restored successfully
2023-11-22T00:24:45.4213085Z Cache restored from key: setup-python-Linux-22.04-Ubuntu-python-3.8.18-pip-60f2a6c0212a9b74a155cd81b58dd07fd8b180833132566260d95f4de42fe218
2023-11-22T00:24:45.4381763Z ##[group]Run python3 -m pip install --upgrade pip setuptools wheel
2023-11-22T00:24:45.4382712Z [36;1mpython3 -m pip install --upgrade pip setuptools wheel[0m
2023-11-22T00:24:45.4383373Z [36;1mpython3 -m pip install -r requirements.txt[0m
2023-11-22T00:24:45.4461680Z shell: /usr/bin/bash -e {0}
2023-11-22T00:24:45.4462105Z env:
2023-11-22T00:24:45.4462546Z   pythonLocation: /opt/hostedtoolcache/Python/3.8.18/x64
2023-11-22T00:24:45.4463341Z   PKG_CONFIG_PATH: /opt/hostedtoolcache/Python/3.8.18/x64/lib/pkgconfig
2023-11-22T00:24:45.4463994Z   Python_ROOT_DIR: /opt/hostedtoolcache/Python/3.8.18/x64
2023-11-22T00:24:45.4464703Z   Python2_ROOT_DIR: /opt/hostedtoolcache/Python/3.8.18/x64
2023-11-22T00:24:45.4465244Z   Python3_ROOT_DIR: /opt/hostedtoolcache/Python/3.8.18/x64
2023-11-22T00:24:45.4465829Z   LD_LIBRARY_PATH: /opt/hostedtoolcache/Python/3.8.18/x64/lib
2023-11-22T00:24:45.4467052Z ##[endgroup]
2023-11-22T00:24:46.6857839Z Requirement already satisfied: pip in /opt/hostedtoolcache/Python/3.8.18/x64/lib/python3.8/site-packages (23.0.1)
2023-11-22T00:24:46.8690485Z Collecting pip
2023-11-22T00:24:46.9466510Z   Downloading pip-23.3.1-py3-none-any.whl.metadata (3.5 kB)
2023-11-22T00:24:46.9503494Z Requirement already satisfied: setuptools in /opt/hostedtoolcache/Python/3.8.18/x64/lib/python3.8/site-packages (56.0.0)
2023-11-22T00:24:47.1904349Z Collecting setuptools
2023-11-22T00:24:47.2021580Z   Downloading setuptools-69.0.2-py3-none-any.whl.metadata (6.3 kB)
2023-11-22T00:24:47.2466599Z Collecting wheel
2023-11-22T00:24:47.2576251Z   Downloading wheel-0.41.3-py3-none-any.whl.metadata (2.2 kB)
2023-11-22T00:24:47.3123286Z Downloading pip-23.3.1-py3-none-any.whl (2.1 MB)
2023-11-22T00:24:47.3768411Z    â”â”â”â”â”â”â”â”â”â”â”â”â”â”â”â”â”â”â”â”â”â”â”â”â”â”â”â”â”â”â”â”â”â”â”â”â”â”â”â” 2.1/2.1 MB 35.2 MB/s eta 0:00:00
2023-11-22T00:24:47.3888324Z Downloading setuptools-69.0.2-py3-none-any.whl (819 kB)
2023-11-22T00:24:47.4000227Z    â”â”â”â”â”â”â”â”â”â”â”â”â”â”â”â”â”â”â”â”â”â”â”â”â”â”â”â”â”â”â”â”â”â”â”â”â”â”â”â” 819.5/819.5 kB 89.2 MB/s eta 0:00:00
2023-11-22T00:24:47.4107951Z Downloading wheel-0.41.3-py3-none-any.whl (65 kB)
2023-11-22T00:24:47.4158055Z    â”â”â”â”â”â”â”â”â”â”â”â”â”â”â”â”â”â”â”â”â”â”â”â”â”â”â”â”â”â”â”â”â”â”â”â”â”â”â”â” 65.8/65.8 kB 18.8 MB/s eta 0:00:00
2023-11-22T00:24:47.5067436Z Installing collected packages: wheel, setuptools, pip
2023-11-22T00:24:47.5446000Z   Attempting uninstall: setuptools
2023-11-22T00:24:47.5452214Z     Found existing installation: setuptools 56.0.0
2023-11-22T00:24:47.5724170Z     Uninstalling setuptools-56.0.0:
2023-11-22T00:24:47.5821461Z       Successfully uninstalled setuptools-56.0.0
2023-11-22T00:24:47.9541359Z   Attempting uninstall: pip
2023-11-22T00:24:47.9547284Z     Found existing installation: pip 23.0.1
2023-11-22T00:24:48.0277410Z     Uninstalling pip-23.0.1:
2023-11-22T00:24:48.0742858Z       Successfully uninstalled pip-23.0.1
2023-11-22T00:24:49.0032293Z Successfully installed pip-23.3.1 setuptools-69.0.2 wheel-0.41.3
2023-11-22T00:24:50.6633959Z Collecting requests (from -r requirements.txt (line 1))
2023-11-22T00:24:50.7302900Z   Downloading requests-2.31.0-py3-none-any.whl.metadata (4.6 kB)
2023-11-22T00:24:51.0009921Z Collecting aiohttp (from -r requirements.txt (line 2))
2023-11-22T00:24:51.0120446Z   Downloading aiohttp-3.9.0-cp38-cp38-manylinux_2_17_x86_64.manylinux2014_x86_64.whl.metadata (7.4 kB)
2023-11-22T00:24:51.1138287Z Collecting charset-normalizer<4,>=2 (from requests->-r requirements.txt (line 1))
2023-11-22T00:24:51.1248177Z   Downloading charset_normalizer-3.3.2-cp38-cp38-manylinux_2_17_x86_64.manylinux2014_x86_64.whl.metadata (33 kB)
2023-11-22T00:24:51.1624576Z Collecting idna<4,>=2.5 (from requests->-r requirements.txt (line 1))
2023-11-22T00:24:51.1728424Z   Downloading idna-3.4-py3-none-any.whl (61 kB)
2023-11-22T00:24:51.1809417Z      â”â”â”â”â”â”â”â”â”â”â”â”â”â”â”â”â”â”â”â”â”â”â”â”â”â”â”â”â”â”â”â”â”â”â”â”â”â”â”â” 61.5/61.5 kB 9.4 MB/s eta 0:00:00
2023-11-22T00:24:51.2396372Z Collecting urllib3<3,>=1.21.1 (from requests->-r requirements.txt (line 1))
2023-11-22T00:24:51.2504910Z   Downloading urllib3-2.1.0-py3-none-any.whl.metadata (6.4 kB)
2023-11-22T00:24:51.2838936Z Collecting certifi>=2017.4.17 (from requests->-r requirements.txt (line 1))
2023-11-22T00:24:51.2947065Z   Downloading certifi-2023.11.17-py3-none-any.whl.metadata (2.2 kB)
2023-11-22T00:24:51.3353237Z Collecting attrs>=17.3.0 (from aiohttp->-r requirements.txt (line 2))
2023-11-22T00:24:51.3457775Z   Downloading attrs-23.1.0-py3-none-any.whl (61 kB)
2023-11-22T00:24:51.3514697Z      â”â”â”â”â”â”â”â”â”â”â”â”â”â”â”â”â”â”â”â”â”â”â”â”â”â”â”â”â”â”â”â”â”â”â”â”â”â”â”â” 61.2/61.2 kB 14.5 MB/s eta 0:00:00
2023-11-22T00:24:51.5547455Z Collecting multidict<7.0,>=4.5 (from aiohttp->-r requirements.txt (line 2))
2023-11-22T00:24:51.5657999Z   Downloading multidict-6.0.4-cp38-cp38-manylinux_2_17_x86_64.manylinux2014_x86_64.whl (121 kB)
2023-11-22T00:24:51.5729820Z      â”â”â”â”â”â”â”â”â”â”â”â”â”â”â”â”â”â”â”â”â”â”â”â”â”â”â”â”â”â”â”â”â”â”â”â”â”â” 121.3/121.3 kB 23.5 MB/s eta 0:00:00
2023-11-22T00:24:51.7103313Z Collecting yarl<2.0,>=1.0 (from aiohttp->-r requirements.txt (line 2))
2023-11-22T00:24:51.7211708Z   Downloading yarl-1.9.3-cp38-cp38-manylinux_2_17_x86_64.manylinux2014_x86_64.whl.metadata (28 kB)
2023-11-22T00:24:51.7843853Z Collecting frozenlist>=1.1.1 (from aiohttp->-r requirements.txt (line 2))
2023-11-22T00:24:51.7957009Z   Downloading frozenlist-1.4.0-cp38-cp38-manylinux_2_5_x86_64.manylinux1_x86_64.manylinux_2_17_x86_64.manylinux2014_x86_64.whl.metadata (5.2 kB)
2023-11-22T00:24:51.8210566Z Collecting aiosignal>=1.1.2 (from aiohttp->-r requirements.txt (line 2))
2023-11-22T00:24:51.8315621Z   Downloading aiosignal-1.3.1-py3-none-any.whl (7.6 kB)
2023-11-22T00:24:51.8798307Z Collecting async-timeout<5.0,>=4.0 (from aiohttp->-r requirements.txt (line 2))
2023-11-22T00:24:51.8904039Z   Downloading async_timeout-4.0.3-py3-none-any.whl.metadata (4.2 kB)
2023-11-22T00:24:51.9614566Z Downloading requests-2.31.0-py3-none-any.whl (62 kB)
2023-11-22T00:24:51.9671324Z    â”â”â”â”â”â”â”â”â”â”â”â”â”â”â”â”â”â”â”â”â”â”â”â”â”â”â”â”â”â”â”â”â”â”â”â”â”â”â”â” 62.6/62.6 kB 15.4 MB/s eta 0:00:00
2023-11-22T00:24:51.9797054Z Downloading aiohttp-3.9.0-cp38-cp38-manylinux_2_17_x86_64.manylinux2014_x86_64.whl (1.3 MB)
2023-11-22T00:24:52.0056250Z    â”â”â”â”â”â”â”â”â”â”â”â”â”â”â”â”â”â”â”â”â”â”â”â”â”â”â”â”â”â”â”â”â”â”â”â”â”â”â”â” 1.3/1.3 MB 52.1 MB/s eta 0:00:00
2023-11-22T00:24:52.0173798Z Downloading async_timeout-4.0.3-py3-none-any.whl (5.7 kB)
2023-11-22T00:24:52.0320733Z Downloading certifi-2023.11.17-py3-none-any.whl (162 kB)
2023-11-22T00:24:52.0377916Z    â”â”â”â”â”â”â”â”â”â”â”â”â”â”â”â”â”â”â”â”â”â”â”â”â”â”â”â”â”â”â”â”â”â”â”â”â”â”â”â” 162.5/162.5 kB 41.7 MB/s eta 0:00:00
2023-11-22T00:24:52.0493081Z Downloading charset_normalizer-3.3.2-cp38-cp38-manylinux_2_17_x86_64.manylinux2014_x86_64.whl (141 kB)
2023-11-22T00:24:52.0544865Z    â”â”â”â”â”â”â”â”â”â”â”â”â”â”â”â”â”â”â”â”â”â”â”â”â”â”â”â”â”â”â”â”â”â”â”â”â”â”â”â” 141.1/141.1 kB 42.3 MB/s eta 0:00:00
2023-11-22T00:24:52.0661350Z Downloading frozenlist-1.4.0-cp38-cp38-manylinux_2_5_x86_64.manylinux1_x86_64.manylinux_2_17_x86_64.manylinux2014_x86_64.whl (220 kB)
2023-11-22T00:24:52.0724842Z    â”â”â”â”â”â”â”â”â”â”â”â”â”â”â”â”â”â”â”â”â”â”â”â”â”â”â”â”â”â”â”â”â”â”â”â”â”â”â”â” 220.1/220.1 kB 48.7 MB/s eta 0:00:00
2023-11-22T00:24:52.0828996Z Downloading urllib3-2.1.0-py3-none-any.whl (104 kB)
2023-11-22T00:24:52.0882997Z    â”â”â”â”â”â”â”â”â”â”â”â”â”â”â”â”â”â”â”â”â”â”â”â”â”â”â”â”â”â”â”â”â”â”â”â”â”â”â”â” 104.6/104.6 kB 28.0 MB/s eta 0:00:00
2023-11-22T00:24:52.0998508Z Downloading yarl-1.9.3-cp38-cp38-manylinux_2_17_x86_64.manylinux2014_x86_64.whl (307 kB)
2023-11-22T00:24:52.1066991Z    â”â”â”â”â”â”â”â”â”â”â”â”â”â”â”â”â”â”â”â”â”â”â”â”â”â”â”â”â”â”â”â”â”â”â”â”â”â”â”â” 307.9/307.9 kB 64.8 MB/s eta 0:00:00
2023-11-22T00:24:52.2027555Z Installing collected packages: urllib3, multidict, idna, frozenlist, charset-normalizer, certifi, attrs, async-timeout, yarl, requests, aiosignal, aiohttp
2023-11-22T00:24:52.5895724Z Successfully installed aiohttp-3.9.0 aiosignal-1.3.1 async-timeout-4.0.3 attrs-23.1.0 certifi-2023.11.17 charset-normalizer-3.3.2 frozenlist-1.4.0 idna-3.4 multidict-6.0.4 requests-2.31.0 urllib3-2.1.0 yarl-1.9.3
2023-11-22T00:24:53.1938226Z ##[group]Run python3 --version
2023-11-22T00:24:53.1938692Z [36;1mpython3 --version[0m
2023-11-22T00:24:53.1939212Z [36;1mpython3 generate_images.py[0m
2023-11-22T00:24:53.2000574Z shell: /usr/bin/bash -e {0}
2023-11-22T00:24:53.2000985Z env:
2023-11-22T00:24:53.2001386Z   pythonLocation: /opt/hostedtoolcache/Python/3.8.18/x64
2023-11-22T00:24:53.2002137Z   PKG_CONFIG_PATH: /opt/hostedtoolcache/Python/3.8.18/x64/lib/pkgconfig
2023-11-22T00:24:53.2002756Z   Python_ROOT_DIR: /opt/hostedtoolcache/Python/3.8.18/x64
2023-11-22T00:24:53.2003330Z   Python2_ROOT_DIR: /opt/hostedtoolcache/Python/3.8.18/x64
2023-11-22T00:24:53.2003976Z   Python3_ROOT_DIR: /opt/hostedtoolcache/Python/3.8.18/x64
2023-11-22T00:24:53.2004569Z   LD_LIBRARY_PATH: /opt/hostedtoolcache/Python/3.8.18/x64/lib
2023-11-22T00:24:53.2005539Z   ACCESS_TOKEN: ***
2023-11-22T00:24:53.2006051Z   GITHUB_TOKEN: ***
2023-11-22T00:24:53.2006386Z   EXCLUDED: 
2023-11-22T00:24:53.2006799Z   EXCLUDED_LANGS: 
2023-11-22T00:24:53.2007203Z   EXCLUDE_FORKED_REPOS: true
2023-11-22T00:24:53.2007659Z ##[endgroup]
2023-11-22T00:24:53.2101905Z Python 3.8.18
2023-11-22T00:25:40.0562744Z A path returned 202. Retrying...
2023-11-22T00:25:40.0563989Z A path returned 202. Retrying...
2023-11-22T00:25:40.0567325Z A path returned 202. Retrying...
2023-11-22T00:25:40.0568216Z A path returned 202. Retrying...
2023-11-22T00:25:40.0569128Z A path returned 202. Retrying...
2023-11-22T00:25:40.0570458Z A path returned 202. Retrying...
2023-11-22T00:25:40.0571111Z A path returned 202. Retrying...
2023-11-22T00:25:40.1048311Z Traceback (most recent call last):
2023-11-22T00:25:40.1063383Z   File "generate_images.py", line 136, in <module>
2023-11-22T00:25:40.1064288Z     asyncio.run(main())
2023-11-22T00:25:40.1065381Z   File "/opt/hostedtoolcache/Python/3.8.18/x64/lib/python3.8/asyncio/runners.py", line 44, in run
2023-11-22T00:25:40.1066754Z     return loop.run_until_complete(main)
2023-11-22T00:25:40.1068127Z   File "/opt/hostedtoolcache/Python/3.8.18/x64/lib/python3.8/asyncio/base_events.py", line 616, in run_until_complete
2023-11-22T00:25:40.1069361Z     return future.result()
2023-11-22T00:25:40.1070028Z   File "generate_images.py", line 132, in main
2023-11-22T00:25:40.1071053Z     await asyncio.gather(generate_languages(s), generate_overview(s))
2023-11-22T00:25:40.1072081Z   File "generate_images.py", line 42, in generate_overview
2023-11-22T00:25:40.1073115Z     changed = (await s.lines_changed)[0] + (await s.lines_changed)[1]
2023-11-22T00:25:40.1074406Z   File "/home/runner/work/GitHub_Stats_A/GitHub_Stats_A/github_stats.py", line 486, in lines_changed
2023-11-22T00:25:40.1075489Z     for repo in await self.repos:
2023-11-22T00:25:40.1076274Z RuntimeError: Set changed size during iteration
2023-11-22T00:25:40.1247669Z ##[error]Process completed with exit code 1.
2023-11-22T00:25:40.1340579Z Post job cleanup.
2023-11-22T00:25:40.2162665Z [command]/usr/bin/git version
2023-11-22T00:25:40.2206578Z git version 2.42.0
2023-11-22T00:25:40.2245232Z Temporarily overriding HOME='/home/runner/work/_temp/2d5102d8-2722-4d46-9620-fbefe71aa230' before making global git config changes
2023-11-22T00:25:40.2246788Z Adding repository directory to the temporary git global config as a safe directory
2023-11-22T00:25:40.2251491Z [command]/usr/bin/git config --global --add safe.directory /home/runner/work/GitHub_Stats_A/GitHub_Stats_A
2023-11-22T00:25:40.2292240Z [command]/usr/bin/git config --local --name-only --get-regexp core\.sshCommand
2023-11-22T00:25:40.2330269Z [command]/usr/bin/git submodule foreach --recursive sh -c "git config --local --name-only --get-regexp 'core\.sshCommand' && git config --local --unset-all 'core.sshCommand' || :"
2023-11-22T00:25:40.2602388Z [command]/usr/bin/git config --local --name-only --get-regexp http\.https\:\/\/github\.com\/\.extraheader
2023-11-22T00:25:40.2631752Z http.https://github.com/.extraheader
2023-11-22T00:25:40.2643178Z [command]/usr/bin/git config --local --unset-all http.https://github.com/.extraheader
2023-11-22T00:25:40.2683063Z [command]/usr/bin/git submodule foreach --recursive sh -c "git config --local --name-only --get-regexp 'http\.https\:\/\/github\.com\/\.extraheader' && git config --local --unset-all 'http.https://github.com/.extraheader' || :"
2023-11-22T00:25:40.3166070Z Cleaning up orphan processes
