2022-09-21T02:55:04.7017813Z Requested labels: ubuntu-latest
2022-09-21T02:55:04.7017862Z Job defined at: seanpm2001/GitHub_Stats_A/.github/workflows/main.yml@refs/heads/master
2022-09-21T02:55:04.7018050Z Waiting for a runner to pick up this job...
2022-09-21T02:55:05.3405220Z Job is waiting for a hosted runner to come online.
2022-09-21T02:55:07.9759127Z Job is about to start running on the hosted runner: Hosted Agent (hosted)
2022-09-21T02:55:11.2182267Z Current runner version: '2.296.2'
2022-09-21T02:55:11.2209866Z ##[group]Operating System
2022-09-21T02:55:11.2210425Z Ubuntu
2022-09-21T02:55:11.2210694Z 20.04.5
2022-09-21T02:55:11.2211071Z LTS
2022-09-21T02:55:11.2211378Z ##[endgroup]
2022-09-21T02:55:11.2211708Z ##[group]Runner Image
2022-09-21T02:55:11.2212324Z Image: ubuntu-20.04
2022-09-21T02:55:11.2212672Z Version: 20220905.1
2022-09-21T02:55:11.2213265Z Included Software: https://github.com/actions/runner-images/blob/ubuntu20/20220905.1/images/linux/Ubuntu2004-Readme.md
2022-09-21T02:55:11.2213958Z Image Release: https://github.com/actions/runner-images/releases/tag/ubuntu20%2F20220905.1
2022-09-21T02:55:11.2214370Z ##[endgroup]
2022-09-21T02:55:11.2214735Z ##[group]Runner Image Provisioner
2022-09-21T02:55:11.2215135Z 1.0.0.0-main-20220916-1
2022-09-21T02:55:11.2215463Z ##[endgroup]
2022-09-21T02:55:11.2216105Z ##[group]GITHUB_TOKEN Permissions
2022-09-21T02:55:11.2216649Z Contents: write
2022-09-21T02:55:11.2217206Z Metadata: read
2022-09-21T02:55:11.2217562Z ##[endgroup]
2022-09-21T02:55:11.2221191Z Secret source: Actions
2022-09-21T02:55:11.2221678Z Prepare workflow directory
2022-09-21T02:55:11.3048688Z Prepare all required actions
2022-09-21T02:55:11.3229213Z Getting action download info
2022-09-21T02:55:11.5101001Z Download action repository 'actions/checkout@v2' (SHA:7884fcad6b5d53d10323aee724dc68d8b9096a2e)
2022-09-21T02:55:11.8086796Z Download action repository 'actions/setup-python@v2' (SHA:7f80679172b057fc5e90d70d197929d454754a5a)
2022-09-21T02:55:11.9913104Z Download action repository 'actions/cache@v2' (SHA:937d24475381cd9c75ae6db12cb4e79714b926ed)
2022-09-21T02:55:12.4171545Z ##[group]Run actions/checkout@v2
2022-09-21T02:55:12.4172084Z with:
2022-09-21T02:55:12.4172370Z   repository: seanpm2001/GitHub_Stats_A
2022-09-21T02:55:12.4172943Z   token: ***
2022-09-21T02:55:12.4173207Z   ssh-strict: true
2022-09-21T02:55:12.4173506Z   persist-credentials: true
2022-09-21T02:55:12.4173778Z   clean: true
2022-09-21T02:55:12.4174029Z   fetch-depth: 1
2022-09-21T02:55:12.4174291Z   lfs: false
2022-09-21T02:55:12.4174543Z   submodules: false
2022-09-21T02:55:12.4174815Z   set-safe-directory: true
2022-09-21T02:55:12.4175096Z ##[endgroup]
2022-09-21T02:55:12.6841338Z Syncing repository: seanpm2001/GitHub_Stats_A
2022-09-21T02:55:12.6843632Z ##[group]Getting Git version info
2022-09-21T02:55:12.6844617Z Working directory is '/home/runner/work/GitHub_Stats_A/GitHub_Stats_A'
2022-09-21T02:55:12.6845237Z [command]/usr/bin/git version
2022-09-21T02:55:12.6973254Z git version 2.37.3
2022-09-21T02:55:12.6988078Z ##[endgroup]
2022-09-21T02:55:12.7007544Z Temporarily overriding HOME='/home/runner/work/_temp/99e8ed20-90c1-44ff-9b24-3dc8c79990ed' before making global git config changes
2022-09-21T02:55:12.7008130Z Adding repository directory to the temporary git global config as a safe directory
2022-09-21T02:55:12.7008786Z [command]/usr/bin/git config --global --add safe.directory /home/runner/work/GitHub_Stats_A/GitHub_Stats_A
2022-09-21T02:55:12.7051080Z Deleting the contents of '/home/runner/work/GitHub_Stats_A/GitHub_Stats_A'
2022-09-21T02:55:12.7055780Z ##[group]Initializing the repository
2022-09-21T02:55:12.7059178Z [command]/usr/bin/git init /home/runner/work/GitHub_Stats_A/GitHub_Stats_A
2022-09-21T02:55:12.7136709Z hint: Using 'master' as the name for the initial branch. This default branch name
2022-09-21T02:55:12.7137486Z hint: is subject to change. To configure the initial branch name to use in all
2022-09-21T02:55:12.7138704Z hint: of your new repositories, which will suppress this warning, call:
2022-09-21T02:55:12.7139152Z hint: 
2022-09-21T02:55:12.7140045Z hint: 	git config --global init.defaultBranch <name>
2022-09-21T02:55:12.7140530Z hint: 
2022-09-21T02:55:12.7141299Z hint: Names commonly chosen instead of 'master' are 'main', 'trunk' and
2022-09-21T02:55:12.7141949Z hint: 'development'. The just-created branch can be renamed via this command:
2022-09-21T02:55:12.7142374Z hint: 
2022-09-21T02:55:12.7143139Z hint: 	git branch -m <name>
2022-09-21T02:55:12.7152234Z Initialized empty Git repository in /home/runner/work/GitHub_Stats_A/GitHub_Stats_A/.git/
2022-09-21T02:55:12.7197123Z [command]/usr/bin/git remote add origin https://github.com/seanpm2001/GitHub_Stats_A
2022-09-21T02:55:12.7241095Z ##[endgroup]
2022-09-21T02:55:12.7241955Z ##[group]Disabling automatic garbage collection
2022-09-21T02:55:12.7245771Z [command]/usr/bin/git config --local gc.auto 0
2022-09-21T02:55:12.7292356Z ##[endgroup]
2022-09-21T02:55:12.7292995Z ##[group]Setting up auth
2022-09-21T02:55:12.7293687Z [command]/usr/bin/git config --local --name-only --get-regexp core\.sshCommand
2022-09-21T02:55:12.7319443Z [command]/usr/bin/git submodule foreach --recursive git config --local --name-only --get-regexp 'core\.sshCommand' && git config --local --unset-all 'core.sshCommand' || :
2022-09-21T02:55:12.7721986Z [command]/usr/bin/git config --local --name-only --get-regexp http\.https\:\/\/github\.com\/\.extraheader
2022-09-21T02:55:12.7743342Z [command]/usr/bin/git submodule foreach --recursive git config --local --name-only --get-regexp 'http\.https\:\/\/github\.com\/\.extraheader' && git config --local --unset-all 'http.https://github.com/.extraheader' || :
2022-09-21T02:55:12.8021474Z [command]/usr/bin/git config --local http.https://github.com/.extraheader AUTHORIZATION: basic ***
2022-09-21T02:55:12.8022324Z ##[endgroup]
2022-09-21T02:55:12.8022805Z ##[group]Fetching the repository
2022-09-21T02:55:12.8023842Z [command]/usr/bin/git -c protocol.version=2 fetch --no-tags --prune --progress --no-recurse-submodules --depth=1 origin +79278f3f14582bf4d919c2ea108eb968bfd93605:refs/remotes/origin/master
2022-09-21T02:55:12.9906230Z remote: Enumerating objects: 754, done.        
2022-09-21T02:55:12.9927678Z remote: Counting objects:   0% (1/754)        
2022-09-21T02:55:12.9943195Z remote: Counting objects:   1% (8/754)        
2022-09-21T02:55:12.9971415Z remote: Counting objects:   2% (16/754)        
2022-09-21T02:55:12.9979186Z remote: Counting objects:   3% (23/754)        
2022-09-21T02:55:13.0026638Z remote: Counting objects:   4% (31/754)        
2022-09-21T02:55:13.0026974Z remote: Counting objects:   5% (38/754)        
2022-09-21T02:55:13.0027283Z remote: Counting objects:   6% (46/754)        
2022-09-21T02:55:13.0027593Z remote: Counting objects:   7% (53/754)        
2022-09-21T02:55:13.0027901Z remote: Counting objects:   8% (61/754)        
2022-09-21T02:55:13.0028192Z remote: Counting objects:   9% (68/754)        
2022-09-21T02:55:13.0028490Z remote: Counting objects:  10% (76/754)        
2022-09-21T02:55:13.0028793Z remote: Counting objects:  11% (83/754)        
2022-09-21T02:55:13.0029156Z remote: Counting objects:  12% (91/754)        
2022-09-21T02:55:13.0029445Z remote: Counting objects:  13% (99/754)        
2022-09-21T02:55:13.0029751Z remote: Counting objects:  14% (106/754)        
2022-09-21T02:55:13.0030061Z remote: Counting objects:  15% (114/754)        
2022-09-21T02:55:13.0030370Z remote: Counting objects:  16% (121/754)        
2022-09-21T02:55:13.0030662Z remote: Counting objects:  17% (129/754)        
2022-09-21T02:55:13.0030971Z remote: Counting objects:  18% (136/754)        
2022-09-21T02:55:13.0031279Z remote: Counting objects:  19% (144/754)        
2022-09-21T02:55:13.0031583Z remote: Counting objects:  20% (151/754)        
2022-09-21T02:55:13.0031873Z remote: Counting objects:  21% (159/754)        
2022-09-21T02:55:13.0032172Z remote: Counting objects:  22% (166/754)        
2022-09-21T02:55:13.0032473Z remote: Counting objects:  23% (174/754)        
2022-09-21T02:55:13.0032776Z remote: Counting objects:  24% (181/754)        
2022-09-21T02:55:13.0033067Z remote: Counting objects:  25% (189/754)        
2022-09-21T02:55:13.0033369Z remote: Counting objects:  26% (197/754)        
2022-09-21T02:55:13.0033669Z remote: Counting objects:  27% (204/754)        
2022-09-21T02:55:13.0033987Z remote: Counting objects:  28% (212/754)        
2022-09-21T02:55:13.0034277Z remote: Counting objects:  29% (219/754)        
2022-09-21T02:55:13.0034575Z remote: Counting objects:  30% (227/754)        
2022-09-21T02:55:13.0035110Z remote: Counting objects:  31% (234/754)        
2022-09-21T02:55:13.0035411Z remote: Counting objects:  32% (242/754)        
2022-09-21T02:55:13.0035702Z remote: Counting objects:  33% (249/754)        
2022-09-21T02:55:13.0036091Z remote: Counting objects:  34% (257/754)        
2022-09-21T02:55:13.0036393Z remote: Counting objects:  35% (264/754)        
2022-09-21T02:55:13.0036694Z remote: Counting objects:  36% (272/754)        
2022-09-21T02:55:13.0037002Z remote: Counting objects:  37% (279/754)        
2022-09-21T02:55:13.0037472Z remote: Counting objects:  38% (287/754)        
2022-09-21T02:55:13.0037781Z remote: Counting objects:  39% (295/754)        
2022-09-21T02:55:13.0038085Z remote: Counting objects:  40% (302/754)        
2022-09-21T02:55:13.0038387Z remote: Counting objects:  41% (310/754)        
2022-09-21T02:55:13.0038676Z remote: Counting objects:  42% (317/754)        
2022-09-21T02:55:13.0038973Z remote: Counting objects:  43% (325/754)        
2022-09-21T02:55:13.0039277Z remote: Counting objects:  44% (332/754)        
2022-09-21T02:55:13.0039577Z remote: Counting objects:  45% (340/754)        
2022-09-21T02:55:13.0039864Z remote: Counting objects:  46% (347/754)        
2022-09-21T02:55:13.0040163Z remote: Counting objects:  47% (355/754)        
2022-09-21T02:55:13.0040462Z remote: Counting objects:  48% (362/754)        
2022-09-21T02:55:13.0040761Z remote: Counting objects:  49% (370/754)        
2022-09-21T02:55:13.0041052Z remote: Counting objects:  50% (377/754)        
2022-09-21T02:55:13.0041458Z remote: Counting objects:  51% (385/754)        
2022-09-21T02:55:13.0041771Z remote: Counting objects:  52% (393/754)        
2022-09-21T02:55:13.0042074Z remote: Counting objects:  53% (400/754)        
2022-09-21T02:55:13.0042362Z remote: Counting objects:  54% (408/754)        
2022-09-21T02:55:13.0042661Z remote: Counting objects:  55% (415/754)        
2022-09-21T02:55:13.0042965Z remote: Counting objects:  56% (423/754)        
2022-09-21T02:55:13.0043269Z remote: Counting objects:  57% (430/754)        
2022-09-21T02:55:13.0043556Z remote: Counting objects:  58% (438/754)        
2022-09-21T02:55:13.0043855Z remote: Counting objects:  59% (445/754)        
2022-09-21T02:55:13.0044159Z remote: Counting objects:  60% (453/754)        
2022-09-21T02:55:13.0044460Z remote: Counting objects:  61% (460/754)        
2022-09-21T02:55:13.0044748Z remote: Counting objects:  62% (468/754)        
2022-09-21T02:55:13.0045044Z remote: Counting objects:  63% (476/754)        
2022-09-21T02:55:13.0045532Z remote: Counting objects:  64% (483/754)        
2022-09-21T02:55:13.0045840Z remote: Counting objects:  65% (491/754)        
2022-09-21T02:55:13.0046142Z remote: Counting objects:  66% (498/754)        
2022-09-21T02:55:13.0046429Z remote: Counting objects:  67% (506/754)        
2022-09-21T02:55:13.0046728Z remote: Counting objects:  68% (513/754)        
2022-09-21T02:55:13.0047030Z remote: Counting objects:  69% (521/754)        
2022-09-21T02:55:13.0047335Z remote: Counting objects:  70% (528/754)        
2022-09-21T02:55:13.0047636Z remote: Counting objects:  71% (536/754)        
2022-09-21T02:55:13.0047924Z remote: Counting objects:  72% (543/754)        
2022-09-21T02:55:13.0048226Z remote: Counting objects:  73% (551/754)        
2022-09-21T02:55:13.0048528Z remote: Counting objects:  74% (558/754)        
2022-09-21T02:55:13.0048833Z remote: Counting objects:  75% (566/754)        
2022-09-21T02:55:13.0049121Z remote: Counting objects:  76% (574/754)        
2022-09-21T02:55:13.0049425Z remote: Counting objects:  77% (581/754)        
2022-09-21T02:55:13.0049727Z remote: Counting objects:  78% (589/754)        
2022-09-21T02:55:13.0050028Z remote: Counting objects:  79% (596/754)        
2022-09-21T02:55:13.0050320Z remote: Counting objects:  80% (604/754)        
2022-09-21T02:55:13.0050618Z remote: Counting objects:  81% (611/754)        
2022-09-21T02:55:13.0050916Z remote: Counting objects:  82% (619/754)        
2022-09-21T02:55:13.0051295Z remote: Counting objects:  83% (626/754)        
2022-09-21T02:55:13.0051585Z remote: Counting objects:  84% (634/754)        
2022-09-21T02:55:13.0052048Z remote: Counting objects:  85% (641/754)        
2022-09-21T02:55:13.0052358Z remote: Counting objects:  86% (649/754)        
2022-09-21T02:55:13.0052660Z remote: Counting objects:  87% (656/754)        
2022-09-21T02:55:13.0052949Z remote: Counting objects:  88% (664/754)        
2022-09-21T02:55:13.0053247Z remote: Counting objects:  89% (672/754)        
2022-09-21T02:55:13.0053547Z remote: Counting objects:  90% (679/754)        
2022-09-21T02:55:13.0053855Z remote: Counting objects:  91% (687/754)        
2022-09-21T02:55:13.0054147Z remote: Counting objects:  92% (694/754)        
2022-09-21T02:55:13.0054446Z remote: Counting objects:  93% (702/754)        
2022-09-21T02:55:13.0054748Z remote: Counting objects:  94% (709/754)        
2022-09-21T02:55:13.0055048Z remote: Counting objects:  95% (717/754)        
2022-09-21T02:55:13.0055342Z remote: Counting objects:  96% (724/754)        
2022-09-21T02:55:13.0055642Z remote: Counting objects:  97% (732/754)        
2022-09-21T02:55:13.0055940Z remote: Counting objects:  98% (739/754)        
2022-09-21T02:55:13.0056239Z remote: Counting objects:  99% (747/754)        
2022-09-21T02:55:13.0056525Z remote: Counting objects: 100% (754/754)        
2022-09-21T02:55:13.0056846Z remote: Counting objects: 100% (754/754), done.        
2022-09-21T02:55:13.0057192Z remote: Compressing objects:   0% (1/272)        
2022-09-21T02:55:13.0095601Z remote: Compressing objects:   1% (3/272)        
2022-09-21T02:55:13.0166858Z remote: Compressing objects:   2% (6/272)        
2022-09-21T02:55:13.0289108Z remote: Compressing objects:   3% (9/272)        
2022-09-21T02:55:13.0289618Z remote: Compressing objects:   4% (11/272)        
2022-09-21T02:55:13.0290055Z remote: Compressing objects:   5% (14/272)        
2022-09-21T02:55:13.0290482Z remote: Compressing objects:   6% (17/272)        
2022-09-21T02:55:13.0290918Z remote: Compressing objects:   7% (20/272)        
2022-09-21T02:55:13.0297365Z remote: Compressing objects:   8% (22/272)        
2022-09-21T02:55:13.0298021Z remote: Compressing objects:   9% (25/272)        
2022-09-21T02:55:13.0298451Z remote: Compressing objects:  10% (28/272)        
2022-09-21T02:55:13.0298879Z remote: Compressing objects:  11% (30/272)        
2022-09-21T02:55:13.0299301Z remote: Compressing objects:  12% (33/272)        
2022-09-21T02:55:13.0299713Z remote: Compressing objects:  13% (36/272)        
2022-09-21T02:55:13.0300137Z remote: Compressing objects:  14% (39/272)        
2022-09-21T02:55:13.0300556Z remote: Compressing objects:  15% (41/272)        
2022-09-21T02:55:13.0300967Z remote: Compressing objects:  16% (44/272)        
2022-09-21T02:55:13.0301366Z remote: Compressing objects:  17% (47/272)        
2022-09-21T02:55:13.0356713Z remote: Compressing objects:  18% (49/272)        
2022-09-21T02:55:13.0377378Z remote: Compressing objects:  19% (52/272)        
2022-09-21T02:55:13.0384547Z remote: Compressing objects:  20% (55/272)        
2022-09-21T02:55:13.0397732Z remote: Compressing objects:  21% (58/272)        
2022-09-21T02:55:13.0398190Z remote: Compressing objects:  22% (60/272)        
2022-09-21T02:55:13.0407707Z remote: Compressing objects:  23% (63/272)        
2022-09-21T02:55:13.0413193Z remote: Compressing objects:  24% (66/272)        
2022-09-21T02:55:13.0464074Z remote: Compressing objects:  25% (68/272)        
2022-09-21T02:55:13.0487935Z remote: Compressing objects:  26% (71/272)        
2022-09-21T02:55:13.0538035Z remote: Compressing objects:  27% (74/272)        
2022-09-21T02:55:13.0538401Z remote: Compressing objects:  28% (77/272)        
2022-09-21T02:55:13.0538700Z remote: Compressing objects:  29% (79/272)        
2022-09-21T02:55:13.0538988Z remote: Compressing objects:  30% (82/272)        
2022-09-21T02:55:13.0539263Z remote: Compressing objects:  31% (85/272)        
2022-09-21T02:55:13.0539551Z remote: Compressing objects:  32% (88/272)        
2022-09-21T02:55:13.0540076Z remote: Compressing objects:  33% (90/272)        
2022-09-21T02:55:13.0543734Z remote: Compressing objects:  34% (93/272)        
2022-09-21T02:55:13.0550859Z remote: Compressing objects:  35% (96/272)        
2022-09-21T02:55:13.0552246Z remote: Compressing objects:  36% (98/272)        
2022-09-21T02:55:13.0553432Z remote: Compressing objects:  37% (101/272)        
2022-09-21T02:55:13.0554780Z remote: Compressing objects:  38% (104/272)        
2022-09-21T02:55:13.0555078Z remote: Compressing objects:  39% (107/272)        
2022-09-21T02:55:13.0555381Z remote: Compressing objects:  40% (109/272)        
2022-09-21T02:55:13.0561294Z remote: Compressing objects:  41% (112/272)        
2022-09-21T02:55:13.0563687Z remote: Compressing objects:  42% (115/272)        
2022-09-21T02:55:13.0564012Z remote: Compressing objects:  43% (117/272)        
2022-09-21T02:55:13.0564308Z remote: Compressing objects:  44% (120/272)        
2022-09-21T02:55:13.0565561Z remote: Compressing objects:  45% (123/272)        
2022-09-21T02:55:13.0566735Z remote: Compressing objects:  46% (126/272)        
2022-09-21T02:55:13.0568273Z remote: Compressing objects:  47% (128/272)        
2022-09-21T02:55:13.0573975Z remote: Compressing objects:  48% (131/272)        
2022-09-21T02:55:13.0574282Z remote: Compressing objects:  49% (134/272)        
2022-09-21T02:55:13.0574610Z remote: Compressing objects:  50% (136/272)        
2022-09-21T02:55:13.0574886Z remote: Compressing objects:  51% (139/272)        
2022-09-21T02:55:13.0575173Z remote: Compressing objects:  52% (142/272)        
2022-09-21T02:55:13.0575642Z remote: Compressing objects:  53% (145/272)        
2022-09-21T02:55:13.0575954Z remote: Compressing objects:  54% (147/272)        
2022-09-21T02:55:13.0576273Z remote: Compressing objects:  55% (150/272)        
2022-09-21T02:55:13.0576563Z remote: Compressing objects:  56% (153/272)        
2022-09-21T02:55:13.0577790Z remote: Compressing objects:  57% (156/272)        
2022-09-21T02:55:13.0578983Z remote: Compressing objects:  58% (158/272)        
2022-09-21T02:55:13.0580129Z remote: Compressing objects:  59% (161/272)        
2022-09-21T02:55:13.0581256Z remote: Compressing objects:  60% (164/272)        
2022-09-21T02:55:13.0584945Z remote: Compressing objects:  61% (166/272)        
2022-09-21T02:55:13.0585263Z remote: Compressing objects:  62% (169/272)        
2022-09-21T02:55:13.0585570Z remote: Compressing objects:  63% (172/272)        
2022-09-21T02:55:13.0585840Z remote: Compressing objects:  64% (175/272)        
2022-09-21T02:55:13.0586182Z remote: Compressing objects:  65% (177/272)        
2022-09-21T02:55:13.0586467Z remote: Compressing objects:  66% (180/272)        
2022-09-21T02:55:13.0586752Z remote: Compressing objects:  67% (183/272)        
2022-09-21T02:55:13.0587034Z remote: Compressing objects:  68% (185/272)        
2022-09-21T02:55:13.0587305Z remote: Compressing objects:  69% (188/272)        
2022-09-21T02:55:13.0588501Z remote: Compressing objects:  70% (191/272)        
2022-09-21T02:55:13.0592983Z remote: Compressing objects:  71% (194/272)        
2022-09-21T02:55:13.0593319Z remote: Compressing objects:  72% (196/272)        
2022-09-21T02:55:13.0593615Z remote: Compressing objects:  73% (199/272)        
2022-09-21T02:55:13.0593904Z remote: Compressing objects:  74% (202/272)        
2022-09-21T02:55:13.0594180Z remote: Compressing objects:  75% (204/272)        
2022-09-21T02:55:13.0594473Z remote: Compressing objects:  76% (207/272)        
2022-09-21T02:55:13.0594761Z remote: Compressing objects:  77% (210/272)        
2022-09-21T02:55:13.0595056Z remote: Compressing objects:  78% (213/272)        
2022-09-21T02:55:13.0595327Z remote: Compressing objects:  79% (215/272)        
2022-09-21T02:55:13.0595612Z remote: Compressing objects:  80% (218/272)        
2022-09-21T02:55:13.0595896Z remote: Compressing objects:  81% (221/272)        
2022-09-21T02:55:13.0596178Z remote: Compressing objects:  82% (224/272)        
2022-09-21T02:55:13.0596618Z remote: Compressing objects:  83% (226/272)        
2022-09-21T02:55:13.0596937Z remote: Compressing objects:  84% (229/272)        
2022-09-21T02:55:13.0597225Z remote: Compressing objects:  85% (232/272)        
2022-09-21T02:55:13.0597508Z remote: Compressing objects:  86% (234/272)        
2022-09-21T02:55:13.0599653Z remote: Compressing objects:  87% (237/272)        
2022-09-21T02:55:13.0599975Z remote: Compressing objects:  88% (240/272)        
2022-09-21T02:55:13.0600261Z remote: Compressing objects:  89% (243/272)        
2022-09-21T02:55:13.0600570Z remote: Compressing objects:  90% (245/272)        
2022-09-21T02:55:13.0600859Z remote: Compressing objects:  91% (248/272)        
2022-09-21T02:55:13.0601140Z remote: Compressing objects:  92% (251/272)        
2022-09-21T02:55:13.0601417Z remote: Compressing objects:  93% (253/272)        
2022-09-21T02:55:13.0601684Z remote: Compressing objects:  94% (256/272)        
2022-09-21T02:55:13.0601964Z remote: Compressing objects:  95% (259/272)        
2022-09-21T02:55:13.0602250Z remote: Compressing objects:  96% (262/272)        
2022-09-21T02:55:13.0602530Z remote: Compressing objects:  97% (264/272)        
2022-09-21T02:55:13.0602800Z remote: Compressing objects:  98% (267/272)        
2022-09-21T02:55:13.0603080Z remote: Compressing objects:  99% (270/272)        
2022-09-21T02:55:13.0603361Z remote: Compressing objects: 100% (272/272)        
2022-09-21T02:55:13.0603656Z remote: Compressing objects: 100% (272/272), done.        
2022-09-21T02:55:13.0647348Z Receiving objects:   0% (1/754)
2022-09-21T02:55:13.0649245Z Receiving objects:   1% (8/754)
2022-09-21T02:55:13.0652142Z Receiving objects:   2% (16/754)
2022-09-21T02:55:13.0677977Z Receiving objects:   3% (23/754)
2022-09-21T02:55:13.0688024Z Receiving objects:   4% (31/754)
2022-09-21T02:55:13.0691115Z Receiving objects:   5% (38/754)
2022-09-21T02:55:13.0696504Z Receiving objects:   6% (46/754)
2022-09-21T02:55:13.0698783Z Receiving objects:   7% (53/754)
2022-09-21T02:55:13.0702043Z Receiving objects:   8% (61/754)
2022-09-21T02:55:13.0705247Z Receiving objects:   9% (68/754)
2022-09-21T02:55:13.0707906Z Receiving objects:  10% (76/754)
2022-09-21T02:55:13.0711356Z Receiving objects:  11% (83/754)
2022-09-21T02:55:13.0715230Z Receiving objects:  12% (91/754)
2022-09-21T02:55:13.0718154Z Receiving objects:  13% (99/754)
2022-09-21T02:55:13.0721885Z Receiving objects:  14% (106/754)
2022-09-21T02:55:13.0727211Z Receiving objects:  15% (114/754)
2022-09-21T02:55:13.0731333Z Receiving objects:  16% (121/754)
2022-09-21T02:55:13.0736118Z Receiving objects:  17% (129/754)
2022-09-21T02:55:13.0740148Z Receiving objects:  18% (136/754)
2022-09-21T02:55:13.0740412Z Receiving objects:  19% (144/754)
2022-09-21T02:55:13.0743882Z Receiving objects:  20% (151/754)
2022-09-21T02:55:13.0748025Z Receiving objects:  21% (159/754)
2022-09-21T02:55:13.0748297Z Receiving objects:  22% (166/754)
2022-09-21T02:55:13.0754132Z Receiving objects:  23% (174/754)
2022-09-21T02:55:13.0756452Z Receiving objects:  24% (181/754)
2022-09-21T02:55:13.0759415Z Receiving objects:  25% (189/754)
2022-09-21T02:55:13.0759681Z Receiving objects:  26% (197/754)
2022-09-21T02:55:13.0763739Z Receiving objects:  27% (204/754)
2022-09-21T02:55:13.0763994Z Receiving objects:  28% (212/754)
2022-09-21T02:55:13.0764239Z Receiving objects:  29% (219/754)
2022-09-21T02:55:13.0764481Z Receiving objects:  30% (227/754)
2022-09-21T02:55:13.0766848Z Receiving objects:  31% (234/754)
2022-09-21T02:55:13.0767095Z Receiving objects:  32% (242/754)
2022-09-21T02:55:13.0770407Z Receiving objects:  33% (249/754)
2022-09-21T02:55:13.0772426Z Receiving objects:  34% (257/754)
2022-09-21T02:55:13.0772735Z Receiving objects:  35% (264/754)
2022-09-21T02:55:13.0778340Z Receiving objects:  36% (272/754)
2022-09-21T02:55:13.0784525Z Receiving objects:  37% (279/754)
2022-09-21T02:55:13.0784791Z Receiving objects:  38% (287/754)
2022-09-21T02:55:13.0785025Z Receiving objects:  39% (295/754)
2022-09-21T02:55:13.0785270Z Receiving objects:  40% (302/754)
2022-09-21T02:55:13.0785715Z Receiving objects:  41% (310/754)
2022-09-21T02:55:13.0785954Z Receiving objects:  42% (317/754)
2022-09-21T02:55:13.0786182Z Receiving objects:  43% (325/754)
2022-09-21T02:55:13.0786418Z Receiving objects:  44% (332/754)
2022-09-21T02:55:13.0786655Z Receiving objects:  45% (340/754)
2022-09-21T02:55:13.0786892Z Receiving objects:  46% (347/754)
2022-09-21T02:55:13.0787118Z Receiving objects:  47% (355/754)
2022-09-21T02:55:13.0787355Z Receiving objects:  48% (362/754)
2022-09-21T02:55:13.0787594Z Receiving objects:  49% (370/754)
2022-09-21T02:55:13.0787831Z Receiving objects:  50% (377/754)
2022-09-21T02:55:13.0788061Z Receiving objects:  51% (385/754)
2022-09-21T02:55:13.0788299Z Receiving objects:  52% (393/754)
2022-09-21T02:55:13.0788536Z Receiving objects:  53% (400/754)
2022-09-21T02:55:13.0788772Z Receiving objects:  54% (408/754)
2022-09-21T02:55:13.0788997Z Receiving objects:  55% (415/754)
2022-09-21T02:55:13.0789235Z Receiving objects:  56% (423/754)
2022-09-21T02:55:13.0789477Z Receiving objects:  57% (430/754)
2022-09-21T02:55:13.0789718Z Receiving objects:  58% (438/754)
2022-09-21T02:55:13.0854602Z Receiving objects:  59% (445/754)
2022-09-21T02:55:13.0855444Z Receiving objects:  60% (453/754)
2022-09-21T02:55:13.0855715Z Receiving objects:  61% (460/754)
2022-09-21T02:55:13.0855960Z Receiving objects:  62% (468/754)
2022-09-21T02:55:13.0856187Z Receiving objects:  63% (476/754)
2022-09-21T02:55:13.0880708Z Receiving objects:  64% (483/754)
2022-09-21T02:55:13.0897572Z Receiving objects:  65% (491/754)
2022-09-21T02:55:13.0912349Z Receiving objects:  66% (498/754)
2022-09-21T02:55:13.0915113Z Receiving objects:  67% (506/754)
2022-09-21T02:55:13.0926894Z Receiving objects:  68% (513/754)
2022-09-21T02:55:13.0942162Z Receiving objects:  69% (521/754)
2022-09-21T02:55:13.0947770Z Receiving objects:  70% (528/754)
2022-09-21T02:55:13.0961633Z Receiving objects:  71% (536/754)
2022-09-21T02:55:13.0966576Z Receiving objects:  72% (543/754)
2022-09-21T02:55:13.0980442Z Receiving objects:  73% (551/754)
2022-09-21T02:55:13.0984089Z Receiving objects:  74% (558/754)
2022-09-21T02:55:13.0994835Z Receiving objects:  75% (566/754)
2022-09-21T02:55:13.0995131Z Receiving objects:  76% (574/754)
2022-09-21T02:55:13.1084967Z Receiving objects:  77% (581/754)
2022-09-21T02:55:13.1107087Z Receiving objects:  78% (589/754)
2022-09-21T02:55:13.1107378Z Receiving objects:  79% (596/754)
2022-09-21T02:55:13.1107629Z Receiving objects:  80% (604/754)
2022-09-21T02:55:13.1107860Z Receiving objects:  81% (611/754)
2022-09-21T02:55:13.1108099Z Receiving objects:  82% (619/754)
2022-09-21T02:55:13.1108349Z Receiving objects:  83% (626/754)
2022-09-21T02:55:13.1110436Z Receiving objects:  84% (634/754)
2022-09-21T02:55:13.1110677Z Receiving objects:  85% (641/754)
2022-09-21T02:55:13.1110917Z Receiving objects:  86% (649/754)
2022-09-21T02:55:13.1111157Z Receiving objects:  87% (656/754)
2022-09-21T02:55:13.1161408Z Receiving objects:  88% (664/754)
2022-09-21T02:55:13.1161691Z Receiving objects:  89% (672/754)
2022-09-21T02:55:13.1162356Z remote: Total 754 (delta 304), reused 675 (delta 276), pack-reused 0        
2022-09-21T02:55:13.1162664Z Receiving objects:  90% (679/754)
2022-09-21T02:55:13.1162911Z Receiving objects:  91% (687/754)
2022-09-21T02:55:13.1163141Z Receiving objects:  92% (694/754)
2022-09-21T02:55:13.1163481Z Receiving objects:  93% (702/754)
2022-09-21T02:55:13.1163730Z Receiving objects:  94% (709/754)
2022-09-21T02:55:13.1163971Z Receiving objects:  95% (717/754)
2022-09-21T02:55:13.1164199Z Receiving objects:  96% (724/754)
2022-09-21T02:55:13.1164441Z Receiving objects:  97% (732/754)
2022-09-21T02:55:13.1164688Z Receiving objects:  98% (739/754)
2022-09-21T02:55:13.1164928Z Receiving objects:  99% (747/754)
2022-09-21T02:55:13.1165153Z Receiving objects: 100% (754/754)
2022-09-21T02:55:13.1165433Z Receiving objects: 100% (754/754), 1.31 MiB | 26.34 MiB/s, done.
2022-09-21T02:55:13.1171178Z Resolving deltas:   0% (0/304)
2022-09-21T02:55:13.1174296Z Resolving deltas:   1% (4/304)
2022-09-21T02:55:13.1180048Z Resolving deltas:   2% (7/304)
2022-09-21T02:55:13.1187430Z Resolving deltas:   3% (10/304)
2022-09-21T02:55:13.1193579Z Resolving deltas:   4% (13/304)
2022-09-21T02:55:13.1201320Z Resolving deltas:   5% (16/304)
2022-09-21T02:55:13.1206868Z Resolving deltas:   6% (19/304)
2022-09-21T02:55:13.1211801Z Resolving deltas:   7% (22/304)
2022-09-21T02:55:13.1218573Z Resolving deltas:   8% (25/304)
2022-09-21T02:55:13.1225102Z Resolving deltas:   9% (28/304)
2022-09-21T02:55:13.1231535Z Resolving deltas:  10% (31/304)
2022-09-21T02:55:13.1240202Z Resolving deltas:  11% (34/304)
2022-09-21T02:55:13.1247250Z Resolving deltas:  12% (37/304)
2022-09-21T02:55:13.1254259Z Resolving deltas:  13% (40/304)
2022-09-21T02:55:13.1255555Z Resolving deltas:  14% (43/304)
2022-09-21T02:55:13.1256891Z Resolving deltas:  15% (46/304)
2022-09-21T02:55:13.1258198Z Resolving deltas:  16% (49/304)
2022-09-21T02:55:13.1259558Z Resolving deltas:  17% (52/304)
2022-09-21T02:55:13.1261061Z Resolving deltas:  18% (55/304)
2022-09-21T02:55:13.1262399Z Resolving deltas:  19% (58/304)
2022-09-21T02:55:13.1263859Z Resolving deltas:  20% (61/304)
2022-09-21T02:55:13.1265364Z Resolving deltas:  21% (64/304)
2022-09-21T02:55:13.1266530Z Resolving deltas:  22% (67/304)
2022-09-21T02:55:13.1267818Z Resolving deltas:  23% (70/304)
2022-09-21T02:55:13.1269845Z Resolving deltas:  24% (73/304)
2022-09-21T02:55:13.1276933Z Resolving deltas:  25% (76/304)
2022-09-21T02:55:13.1281328Z Resolving deltas:  26% (80/304)
2022-09-21T02:55:13.1282622Z Resolving deltas:  27% (83/304)
2022-09-21T02:55:13.1283800Z Resolving deltas:  28% (86/304)
2022-09-21T02:55:13.1286710Z Resolving deltas:  29% (89/304)
2022-09-21T02:55:13.1290227Z Resolving deltas:  30% (92/304)
2022-09-21T02:55:13.1291673Z Resolving deltas:  31% (95/304)
2022-09-21T02:55:13.1292549Z Resolving deltas:  32% (98/304)
2022-09-21T02:55:13.1293197Z Resolving deltas:  33% (101/304)
2022-09-21T02:55:13.1293743Z Resolving deltas:  34% (104/304)
2022-09-21T02:55:13.1294319Z Resolving deltas:  35% (107/304)
2022-09-21T02:55:13.1294905Z Resolving deltas:  36% (110/304)
2022-09-21T02:55:13.1295460Z Resolving deltas:  37% (113/304)
2022-09-21T02:55:13.1296028Z Resolving deltas:  38% (116/304)
2022-09-21T02:55:13.1296600Z Resolving deltas:  39% (119/304)
2022-09-21T02:55:13.1297170Z Resolving deltas:  40% (122/304)
2022-09-21T02:55:13.1297733Z Resolving deltas:  41% (125/304)
2022-09-21T02:55:13.1298387Z Resolving deltas:  42% (128/304)
2022-09-21T02:55:13.1298984Z Resolving deltas:  43% (131/304)
2022-09-21T02:55:13.1299582Z Resolving deltas:  44% (134/304)
2022-09-21T02:55:13.1300168Z Resolving deltas:  45% (137/304)
2022-09-21T02:55:13.1306588Z Resolving deltas:  46% (140/304)
2022-09-21T02:55:13.1312110Z Resolving deltas:  47% (143/304)
2022-09-21T02:55:13.1365390Z Resolving deltas:  48% (146/304)
2022-09-21T02:55:13.1371078Z Resolving deltas:  49% (149/304)
2022-09-21T02:55:13.1373723Z Resolving deltas:  50% (152/304)
2022-09-21T02:55:13.1376472Z Resolving deltas:  51% (156/304)
2022-09-21T02:55:13.1397510Z Resolving deltas:  52% (160/304)
2022-09-21T02:55:13.1402374Z Resolving deltas:  53% (162/304)
2022-09-21T02:55:13.1425234Z Resolving deltas:  54% (165/304)
2022-09-21T02:55:13.1441603Z Resolving deltas:  55% (168/304)
2022-09-21T02:55:13.1454342Z Resolving deltas:  56% (171/304)
2022-09-21T02:55:13.1459006Z Resolving deltas:  57% (174/304)
2022-09-21T02:55:13.1464449Z Resolving deltas:  58% (177/304)
2022-09-21T02:55:13.1467165Z Resolving deltas:  59% (180/304)
2022-09-21T02:55:13.1478110Z Resolving deltas:  60% (183/304)
2022-09-21T02:55:13.1483059Z Resolving deltas:  61% (186/304)
2022-09-21T02:55:13.1485428Z Resolving deltas:  62% (189/304)
2022-09-21T02:55:13.1487553Z Resolving deltas:  63% (192/304)
2022-09-21T02:55:13.1489401Z Resolving deltas:  64% (195/304)
2022-09-21T02:55:13.1492472Z Resolving deltas:  65% (198/304)
2022-09-21T02:55:13.1494417Z Resolving deltas:  66% (201/304)
2022-09-21T02:55:13.1496163Z Resolving deltas:  67% (204/304)
2022-09-21T02:55:13.1498363Z Resolving deltas:  68% (207/304)
2022-09-21T02:55:13.1504358Z Resolving deltas:  69% (210/304)
2022-09-21T02:55:13.1507472Z Resolving deltas:  70% (213/304)
2022-09-21T02:55:13.1508701Z Resolving deltas:  71% (216/304)
2022-09-21T02:55:13.1510499Z Resolving deltas:  72% (219/304)
2022-09-21T02:55:13.1513769Z Resolving deltas:  73% (222/304)
2022-09-21T02:55:13.1516192Z Resolving deltas:  74% (225/304)
2022-09-21T02:55:13.1518451Z Resolving deltas:  75% (228/304)
2022-09-21T02:55:13.1521178Z Resolving deltas:  76% (232/304)
2022-09-21T02:55:13.1523502Z Resolving deltas:  77% (235/304)
2022-09-21T02:55:13.1525782Z Resolving deltas:  78% (238/304)
2022-09-21T02:55:13.1528153Z Resolving deltas:  79% (241/304)
2022-09-21T02:55:13.1538048Z Resolving deltas:  80% (244/304)
2022-09-21T02:55:13.1540766Z Resolving deltas:  81% (247/304)
2022-09-21T02:55:13.1598477Z Resolving deltas:  82% (250/304)
2022-09-21T02:55:13.1603431Z Resolving deltas:  83% (253/304)
2022-09-21T02:55:13.1607456Z Resolving deltas:  84% (256/304)
2022-09-21T02:55:13.1612652Z Resolving deltas:  85% (259/304)
2022-09-21T02:55:13.1619151Z Resolving deltas:  86% (262/304)
2022-09-21T02:55:13.1621938Z Resolving deltas:  87% (265/304)
2022-09-21T02:55:13.1623887Z Resolving deltas:  88% (268/304)
2022-09-21T02:55:13.1628523Z Resolving deltas:  89% (271/304)
2022-09-21T02:55:13.1631667Z Resolving deltas:  90% (274/304)
2022-09-21T02:55:13.1634765Z Resolving deltas:  91% (277/304)
2022-09-21T02:55:13.1639992Z Resolving deltas:  92% (280/304)
2022-09-21T02:55:13.1645090Z Resolving deltas:  93% (283/304)
2022-09-21T02:55:13.1653456Z Resolving deltas:  94% (286/304)
2022-09-21T02:55:13.1659730Z Resolving deltas:  95% (289/304)
2022-09-21T02:55:13.1668269Z Resolving deltas:  96% (292/304)
2022-09-21T02:55:13.1676267Z Resolving deltas:  97% (295/304)
2022-09-21T02:55:13.1685555Z Resolving deltas:  98% (298/304)
2022-09-21T02:55:13.1699966Z Resolving deltas:  99% (301/304)
2022-09-21T02:55:13.1700407Z Resolving deltas: 100% (304/304)
2022-09-21T02:55:13.1701070Z Resolving deltas: 100% (304/304), done.
2022-09-21T02:55:13.3429514Z From https://github.com/seanpm2001/GitHub_Stats_A
2022-09-21T02:55:13.3451249Z  * [new ref]         79278f3f14582bf4d919c2ea108eb968bfd93605 -> origin/master
2022-09-21T02:55:13.3452545Z ##[endgroup]
2022-09-21T02:55:13.3453354Z ##[group]Determining the checkout info
2022-09-21T02:55:13.3503480Z ##[endgroup]
2022-09-21T02:55:13.3503923Z ##[group]Checking out the ref
2022-09-21T02:55:13.3504511Z [command]/usr/bin/git checkout --progress --force -B master refs/remotes/origin/master
2022-09-21T02:55:13.4239374Z Reset branch 'master'
2022-09-21T02:55:13.4239969Z branch 'master' set up to track 'origin/master'.
2022-09-21T02:55:13.4240804Z ##[endgroup]
2022-09-21T02:55:13.4268254Z [command]/usr/bin/git log -1 --format='%H'
2022-09-21T02:55:13.4297453Z '79278f3f14582bf4d919c2ea108eb968bfd93605'
2022-09-21T02:55:13.4601825Z ##[group]Run actions/setup-python@v2
2022-09-21T02:55:13.4602086Z with:
2022-09-21T02:55:13.4602279Z   python-version: 3.8
2022-09-21T02:55:13.4602519Z   architecture: x64
2022-09-21T02:55:13.4602905Z   token: ***
2022-09-21T02:55:13.4603109Z ##[endgroup]
2022-09-21T02:55:13.6097776Z Successfully setup CPython (3.8.13)
2022-09-21T02:55:13.9486036Z ##[group]Run actions/cache@v2
2022-09-21T02:55:13.9486389Z with:
2022-09-21T02:55:13.9486619Z   path: ~/.cache/pip
2022-09-21T02:55:13.9487046Z   key: Linux-pip-60f2a6c0212a9b74a155cd81b58dd07fd8b180833132566260d95f4de42fe218
2022-09-21T02:55:13.9487499Z   restore-keys: Linux-pip-

2022-09-21T02:55:13.9487851Z env:
2022-09-21T02:55:13.9488146Z   pythonLocation: /opt/hostedtoolcache/Python/3.8.13/x64
2022-09-21T02:55:13.9488564Z   LD_LIBRARY_PATH: /opt/hostedtoolcache/Python/3.8.13/x64/lib
2022-09-21T02:55:13.9488921Z ##[endgroup]
2022-09-21T02:55:14.4288889Z Received 4175495 of 4175495 (100.0%), 35.2 MBs/sec
2022-09-21T02:55:14.4289784Z Cache Size: ~4 MB (4175495 B)
2022-09-21T02:55:14.4312603Z [command]/usr/bin/tar --use-compress-program zstd -d -xf /home/runner/work/_temp/2f7e7f3a-c46d-470d-919a-439e0048c168/cache.tzst -P -C /home/runner/work/GitHub_Stats_A/GitHub_Stats_A
2022-09-21T02:55:14.4491473Z Cache restored successfully
2022-09-21T02:55:14.4539031Z 
2022-09-21T02:55:14.4541182Z Cache restored from key: Linux-pip-60f2a6c0212a9b74a155cd81b58dd07fd8b180833132566260d95f4de42fe218
2022-09-21T02:55:14.4698121Z ##[group]Run python3 -m pip install --upgrade pip setuptools wheel
2022-09-21T02:55:14.4698612Z [36;1mpython3 -m pip install --upgrade pip setuptools wheel[0m
2022-09-21T02:55:14.4699107Z [36;1mpython3 -m pip install -r requirements.txt[0m
2022-09-21T02:55:14.4756034Z shell: /usr/bin/bash -e {0}
2022-09-21T02:55:14.4756451Z env:
2022-09-21T02:55:14.4756820Z   pythonLocation: /opt/hostedtoolcache/Python/3.8.13/x64
2022-09-21T02:55:14.4757272Z   LD_LIBRARY_PATH: /opt/hostedtoolcache/Python/3.8.13/x64/lib
2022-09-21T02:55:14.4757631Z ##[endgroup]
2022-09-21T02:55:15.3872071Z Requirement already satisfied: pip in /opt/hostedtoolcache/Python/3.8.13/x64/lib/python3.8/site-packages (22.2.2)
2022-09-21T02:55:15.4804886Z Requirement already satisfied: setuptools in /opt/hostedtoolcache/Python/3.8.13/x64/lib/python3.8/site-packages (56.0.0)
2022-09-21T02:55:15.7457864Z Collecting setuptools
2022-09-21T02:55:15.7523189Z   Using cached setuptools-65.3.0-py3-none-any.whl (1.2 MB)
2022-09-21T02:55:15.8064338Z Collecting wheel
2022-09-21T02:55:15.8084435Z   Using cached wheel-0.37.1-py2.py3-none-any.whl (35 kB)
2022-09-21T02:55:15.9249721Z Installing collected packages: wheel, setuptools
2022-09-21T02:55:15.9547422Z   Attempting uninstall: setuptools
2022-09-21T02:55:15.9554557Z     Found existing installation: setuptools 56.0.0
2022-09-21T02:55:16.0298710Z     Uninstalling setuptools-56.0.0:
2022-09-21T02:55:16.0409187Z       Successfully uninstalled setuptools-56.0.0
2022-09-21T02:55:16.5828644Z Successfully installed setuptools-65.3.0 wheel-0.37.1
2022-09-21T02:55:17.3549762Z Collecting requests
2022-09-21T02:55:17.3570750Z   Using cached requests-2.28.1-py3-none-any.whl (62 kB)
2022-09-21T02:55:17.7505530Z Collecting aiohttp
2022-09-21T02:55:17.7746757Z   Downloading aiohttp-3.8.2-cp38-cp38-manylinux_2_17_x86_64.manylinux2014_x86_64.whl (1.0 MB)
2022-09-21T02:55:17.7961002Z      ━━━━━━━━━━━━━━━━━━━━━━━━━━━━━━━━━━━━━━━━ 1.0/1.0 MB 58.1 MB/s eta 0:00:00
2022-09-21T02:55:17.8381593Z Collecting certifi>=2017.4.17
2022-09-21T02:55:17.8422765Z   Downloading certifi-2022.9.14-py3-none-any.whl (162 kB)
2022-09-21T02:55:17.8484975Z      ━━━━━━━━━━━━━━━━━━━━━━━━━━━━━━━━━━━━━━ 162.5/162.5 kB 44.5 MB/s eta 0:00:00
2022-09-21T02:55:17.8705069Z Collecting idna<4,>=2.5
2022-09-21T02:55:17.8743782Z   Downloading idna-3.4-py3-none-any.whl (61 kB)
2022-09-21T02:55:17.8801544Z      ━━━━━━━━━━━━━━━━━━━━━━━━━━━━━━━━━━━━━━━━ 61.5/61.5 kB 17.8 MB/s eta 0:00:00
2022-09-21T02:55:17.9309089Z Collecting charset-normalizer<3,>=2
2022-09-21T02:55:17.9333332Z   Using cached charset_normalizer-2.1.1-py3-none-any.whl (39 kB)
2022-09-21T02:55:17.9850065Z Collecting urllib3<1.27,>=1.21.1
2022-09-21T02:55:17.9875398Z   Using cached urllib3-1.26.12-py2.py3-none-any.whl (140 kB)
2022-09-21T02:55:18.3611749Z Collecting multidict<6.0,>=4.5
2022-09-21T02:55:18.3659384Z   Downloading multidict-5.2.0-cp38-cp38-manylinux_2_5_x86_64.manylinux1_x86_64.manylinux_2_12_x86_64.manylinux2010_x86_64.whl (187 kB)
2022-09-21T02:55:18.3736357Z      ━━━━━━━━━━━━━━━━━━━━━━━━━━━━━━━━━━━━━━ 187.4/187.4 kB 37.4 MB/s eta 0:00:00
2022-09-21T02:55:18.4576480Z Collecting frozenlist>=1.1.1
2022-09-21T02:55:18.4577434Z   Using cached frozenlist-1.3.1-cp38-cp38-manylinux_2_5_x86_64.manylinux1_x86_64.manylinux_2_17_x86_64.manylinux2014_x86_64.whl (161 kB)
2022-09-21T02:55:18.6617353Z Collecting yarl<2.0,>=1.0
2022-09-21T02:55:18.6645703Z   Using cached yarl-1.8.1-cp38-cp38-manylinux_2_17_x86_64.manylinux2014_x86_64.whl (262 kB)
2022-09-21T02:55:18.6873923Z Collecting aiosignal>=1.1.2
2022-09-21T02:55:18.6896192Z   Using cached aiosignal-1.2.0-py3-none-any.whl (8.2 kB)
2022-09-21T02:55:18.7111584Z Collecting async-timeout<5.0,>=4.0.0a3
2022-09-21T02:55:18.7131396Z   Using cached async_timeout-4.0.2-py3-none-any.whl (5.8 kB)
2022-09-21T02:55:18.7390584Z Collecting attrs>=17.3.0
2022-09-21T02:55:18.7413155Z   Using cached attrs-22.1.0-py2.py3-none-any.whl (58 kB)
2022-09-21T02:55:18.9662659Z Installing collected packages: urllib3, multidict, idna, frozenlist, charset-normalizer, certifi, attrs, async-timeout, yarl, requests, aiosignal, aiohttp
2022-09-21T02:55:19.4548031Z Successfully installed aiohttp-3.8.2 aiosignal-1.2.0 async-timeout-4.0.2 attrs-22.1.0 certifi-2022.9.14 charset-normalizer-2.1.1 frozenlist-1.3.1 idna-3.4 multidict-5.2.0 requests-2.28.1 urllib3-1.26.12 yarl-1.8.1
2022-09-21T02:55:19.6255980Z ##[group]Run python3 --version
2022-09-21T02:55:19.6256279Z [36;1mpython3 --version[0m
2022-09-21T02:55:19.6256542Z [36;1mpython3 generate_images.py[0m
2022-09-21T02:55:19.6310383Z shell: /usr/bin/bash -e {0}
2022-09-21T02:55:19.6310621Z env:
2022-09-21T02:55:19.6310903Z   pythonLocation: /opt/hostedtoolcache/Python/3.8.13/x64
2022-09-21T02:55:19.6311253Z   LD_LIBRARY_PATH: /opt/hostedtoolcache/Python/3.8.13/x64/lib
2022-09-21T02:55:19.6311891Z   ACCESS_TOKEN: ***
2022-09-21T02:55:19.6312247Z   GITHUB_TOKEN: ***
2022-09-21T02:55:19.6312466Z   EXCLUDED: 
2022-09-21T02:55:19.6312678Z   EXCLUDED_LANGS: 
2022-09-21T02:55:19.6312894Z   EXCLUDE_FORKED_REPOS: true
2022-09-21T02:55:19.6313123Z ##[endgroup]
2022-09-21T02:55:19.6408179Z Python 3.8.13
2022-09-21T03:04:37.2554419Z A path returned 202. Retrying...
2022-09-21T03:04:37.2554789Z A path returned 202. Retrying...
2022-09-21T03:04:37.2600140Z A path returned 202. Retrying...
2022-09-21T03:04:37.2600507Z A path returned 202. Retrying...
2022-09-21T03:04:37.2600766Z A path returned 202. Retrying...
2022-09-21T03:04:37.2601002Z A path returned 202. Retrying...
2022-09-21T03:04:37.2601257Z A path returned 202. Retrying...
2022-09-21T03:04:37.2601513Z A path returned 202. Retrying...
2022-09-21T03:04:37.2601765Z A path returned 202. Retrying...
2022-09-21T03:04:37.2602011Z A path returned 202. Retrying...
2022-09-21T03:04:37.2602257Z A path returned 202. Retrying...
2022-09-21T03:04:37.2602510Z A path returned 202. Retrying...
2022-09-21T03:04:37.2602753Z A path returned 202. Retrying...
2022-09-21T03:04:37.2602985Z A path returned 202. Retrying...
2022-09-21T03:04:37.2603229Z A path returned 202. Retrying...
2022-09-21T03:04:37.2603473Z A path returned 202. Retrying...
2022-09-21T03:04:37.2603716Z A path returned 202. Retrying...
2022-09-21T03:04:37.2603960Z A path returned 202. Retrying...
2022-09-21T03:04:37.2604203Z A path returned 202. Retrying...
2022-09-21T03:04:37.2604448Z A path returned 202. Retrying...
2022-09-21T03:04:37.2604694Z A path returned 202. Retrying...
2022-09-21T03:04:37.2604925Z A path returned 202. Retrying...
2022-09-21T03:04:37.2605172Z A path returned 202. Retrying...
2022-09-21T03:04:37.2605417Z A path returned 202. Retrying...
2022-09-21T03:04:37.2605664Z A path returned 202. Retrying...
2022-09-21T03:04:37.2605910Z A path returned 202. Retrying...
2022-09-21T03:04:37.2606152Z A path returned 202. Retrying...
2022-09-21T03:04:37.2606398Z A path returned 202. Retrying...
2022-09-21T03:04:37.2606629Z A path returned 202. Retrying...
2022-09-21T03:04:37.2606877Z A path returned 202. Retrying...
2022-09-21T03:04:37.2607117Z A path returned 202. Retrying...
2022-09-21T03:04:37.2607359Z A path returned 202. Retrying...
2022-09-21T03:04:37.2607603Z A path returned 202. Retrying...
2022-09-21T03:04:37.2607844Z A path returned 202. Retrying...
2022-09-21T03:04:37.2608085Z A path returned 202. Retrying...
2022-09-21T03:04:37.2608329Z A path returned 202. Retrying...
2022-09-21T03:04:37.2608562Z A path returned 202. Retrying...
2022-09-21T03:04:37.2608804Z A path returned 202. Retrying...
2022-09-21T03:04:37.2609046Z A path returned 202. Retrying...
2022-09-21T03:04:37.2609286Z A path returned 202. Retrying...
2022-09-21T03:04:37.2609527Z A path returned 202. Retrying...
2022-09-21T03:04:37.2609769Z A path returned 202. Retrying...
2022-09-21T03:04:37.2610011Z A path returned 202. Retrying...
2022-09-21T03:04:37.2610252Z A path returned 202. Retrying...
2022-09-21T03:04:37.2610789Z A path returned 202. Retrying...
2022-09-21T03:04:37.2611036Z A path returned 202. Retrying...
2022-09-21T03:04:37.2611281Z A path returned 202. Retrying...
2022-09-21T03:04:37.2611528Z A path returned 202. Retrying...
2022-09-21T03:04:37.2611773Z A path returned 202. Retrying...
2022-09-21T03:04:37.2612225Z A path returned 202. Retrying...
2022-09-21T03:04:37.2612479Z A path returned 202. Retrying...
2022-09-21T03:04:37.2612712Z A path returned 202. Retrying...
2022-09-21T03:04:37.2612958Z A path returned 202. Retrying...
2022-09-21T03:04:37.2613359Z A path returned 202. Retrying...
2022-09-21T03:04:37.2613613Z A path returned 202. Retrying...
2022-09-21T03:04:37.2613859Z A path returned 202. Retrying...
2022-09-21T03:04:37.2614107Z A path returned 202. Retrying...
2022-09-21T03:04:37.2614353Z A path returned 202. Retrying...
2022-09-21T03:04:37.2614604Z A path returned 202. Retrying...
2022-09-21T03:04:37.2614834Z A path returned 202. Retrying...
2022-09-21T03:04:37.2615079Z A path returned 202. Retrying...
2022-09-21T03:04:37.2615329Z A path returned 202. Retrying...
2022-09-21T03:04:37.2615576Z A path returned 202. Retrying...
2022-09-21T03:04:37.2615819Z A path returned 202. Retrying...
2022-09-21T03:04:37.2616061Z A path returned 202. Retrying...
2022-09-21T03:04:37.2616303Z A path returned 202. Retrying...
2022-09-21T03:04:37.2616547Z A path returned 202. Retrying...
2022-09-21T03:04:37.2616778Z A path returned 202. Retrying...
2022-09-21T03:04:37.2617019Z A path returned 202. Retrying...
2022-09-21T03:04:37.2617264Z A path returned 202. Retrying...
2022-09-21T03:04:37.2617508Z A path returned 202. Retrying...
2022-09-21T03:04:37.2617750Z A path returned 202. Retrying...
2022-09-21T03:04:37.2617993Z A path returned 202. Retrying...
2022-09-21T03:04:37.2618235Z A path returned 202. Retrying...
2022-09-21T03:04:37.2618464Z A path returned 202. Retrying...
2022-09-21T03:04:37.2618707Z A path returned 202. Retrying...
2022-09-21T03:04:37.2618947Z A path returned 202. Retrying...
2022-09-21T03:04:37.2619194Z A path returned 202. Retrying...
2022-09-21T03:04:37.2619435Z A path returned 202. Retrying...
2022-09-21T03:04:37.2619678Z A path returned 202. Retrying...
2022-09-21T03:04:37.2619922Z A path returned 202. Retrying...
2022-09-21T03:04:37.2620163Z A path returned 202. Retrying...
2022-09-21T03:04:37.2620393Z A path returned 202. Retrying...
2022-09-21T03:04:37.2620636Z A path returned 202. Retrying...
2022-09-21T03:04:37.2620881Z A path returned 202. Retrying...
2022-09-21T03:04:37.2621124Z A path returned 202. Retrying...
2022-09-21T03:04:37.2621370Z A path returned 202. Retrying...
2022-09-21T03:04:37.2621612Z A path returned 202. Retrying...
2022-09-21T03:04:37.2621858Z A path returned 202. Retrying...
2022-09-21T03:04:37.2622100Z A path returned 202. Retrying...
2022-09-21T03:04:37.2622328Z A path returned 202. Retrying...
2022-09-21T03:04:37.2622569Z A path returned 202. Retrying...
2022-09-21T03:04:37.2622813Z A path returned 202. Retrying...
2022-09-21T03:04:37.2623059Z A path returned 202. Retrying...
2022-09-21T03:04:37.2623301Z A path returned 202. Retrying...
2022-09-21T03:04:37.2623542Z A path returned 202. Retrying...
2022-09-21T03:04:37.2623783Z A path returned 202. Retrying...
2022-09-21T03:04:37.2624015Z A path returned 202. Retrying...
2022-09-21T03:04:37.2624257Z A path returned 202. Retrying...
2022-09-21T03:04:37.2624501Z A path returned 202. Retrying...
2022-09-21T03:04:37.2624744Z A path returned 202. Retrying...
2022-09-21T03:04:37.2624992Z A path returned 202. Retrying...
2022-09-21T03:04:37.2625241Z A path returned 202. Retrying...
2022-09-21T03:04:37.2625483Z A path returned 202. Retrying...
2022-09-21T03:04:37.2625726Z A path returned 202. Retrying...
2022-09-21T03:04:37.2625958Z A path returned 202. Retrying...
2022-09-21T03:04:37.2626200Z A path returned 202. Retrying...
2022-09-21T03:04:37.2626443Z A path returned 202. Retrying...
2022-09-21T03:04:37.2626685Z A path returned 202. Retrying...
2022-09-21T03:04:37.2626928Z A path returned 202. Retrying...
2022-09-21T03:04:37.2627273Z A path returned 202. Retrying...
2022-09-21T03:04:37.2627518Z A path returned 202. Retrying...
2022-09-21T03:04:37.2627765Z A path returned 202. Retrying...
2022-09-21T03:04:37.2627996Z A path returned 202. Retrying...
2022-09-21T03:04:37.2628240Z A path returned 202. Retrying...
2022-09-21T03:04:37.2628484Z A path returned 202. Retrying...
2022-09-21T03:04:37.2628730Z A path returned 202. Retrying...
2022-09-21T03:04:37.2628975Z A path returned 202. Retrying...
2022-09-21T03:04:37.2629220Z A path returned 202. Retrying...
2022-09-21T03:04:37.2629536Z A path returned 202. Retrying...
2022-09-21T03:04:37.2629769Z A path returned 202. Retrying...
2022-09-21T03:04:37.2630012Z A path returned 202. Retrying...
2022-09-21T03:04:37.2630257Z A path returned 202. Retrying...
2022-09-21T03:04:37.2630502Z A path returned 202. Retrying...
2022-09-21T03:04:37.2630749Z A path returned 202. Retrying...
2022-09-21T03:04:37.2630994Z A path returned 202. Retrying...
2022-09-21T03:04:37.2631241Z A path returned 202. Retrying...
2022-09-21T03:04:37.2631484Z A path returned 202. Retrying...
2022-09-21T03:04:37.2631716Z A path returned 202. Retrying...
2022-09-21T03:04:37.2631957Z A path returned 202. Retrying...
2022-09-21T03:04:37.2632198Z A path returned 202. Retrying...
2022-09-21T03:04:37.2632439Z A path returned 202. Retrying...
2022-09-21T03:04:37.2632682Z A path returned 202. Retrying...
2022-09-21T03:04:37.2632926Z A path returned 202. Retrying...
2022-09-21T03:04:37.2633167Z A path returned 202. Retrying...
2022-09-21T03:04:37.2633410Z A path returned 202. Retrying...
2022-09-21T03:04:37.2633642Z A path returned 202. Retrying...
2022-09-21T03:04:37.2633886Z A path returned 202. Retrying...
2022-09-21T03:04:37.2634132Z A path returned 202. Retrying...
2022-09-21T03:04:37.2634374Z A path returned 202. Retrying...
2022-09-21T03:04:37.2634614Z A path returned 202. Retrying...
2022-09-21T03:04:37.2634859Z A path returned 202. Retrying...
2022-09-21T03:04:37.2635101Z A path returned 202. Retrying...
2022-09-21T03:04:37.2635333Z A path returned 202. Retrying...
2022-09-21T03:04:37.2635575Z A path returned 202. Retrying...
2022-09-21T03:04:37.2635817Z A path returned 202. Retrying...
2022-09-21T03:04:37.2636058Z A path returned 202. Retrying...
2022-09-21T03:04:37.2636305Z A path returned 202. Retrying...
2022-09-21T03:04:37.2636548Z A path returned 202. Retrying...
2022-09-21T03:04:37.2636790Z A path returned 202. Retrying...
2022-09-21T03:04:37.2637029Z A path returned 202. Retrying...
2022-09-21T03:04:37.2637257Z A path returned 202. Retrying...
2022-09-21T03:04:37.2637502Z A path returned 202. Retrying...
2022-09-21T03:04:37.2637745Z A path returned 202. Retrying...
2022-09-21T03:04:37.2637990Z A path returned 202. Retrying...
2022-09-21T03:04:37.2638232Z A path returned 202. Retrying...
2022-09-21T03:04:37.2638471Z A path returned 202. Retrying...
2022-09-21T03:04:37.2638713Z A path returned 202. Retrying...
2022-09-21T03:04:37.2638952Z A path returned 202. Retrying...
2022-09-21T03:04:37.2639187Z A path returned 202. Retrying...
2022-09-21T03:04:37.2639426Z A path returned 202. Retrying...
2022-09-21T03:04:37.2639666Z A path returned 202. Retrying...
2022-09-21T03:04:37.2639909Z A path returned 202. Retrying...
2022-09-21T03:04:37.2640151Z A path returned 202. Retrying...
2022-09-21T03:04:37.2640392Z A path returned 202. Retrying...
2022-09-21T03:04:37.2640632Z A path returned 202. Retrying...
2022-09-21T03:04:37.2640860Z A path returned 202. Retrying...
2022-09-21T03:04:37.2641101Z A path returned 202. Retrying...
2022-09-21T03:04:37.2641349Z A path returned 202. Retrying...
2022-09-21T03:04:37.2641593Z A path returned 202. Retrying...
2022-09-21T03:04:37.2641834Z A path returned 202. Retrying...
2022-09-21T03:04:37.2642076Z A path returned 202. Retrying...
2022-09-21T03:04:37.2642318Z A path returned 202. Retrying...
2022-09-21T03:04:37.2642562Z A path returned 202. Retrying...
2022-09-21T03:04:37.2642792Z A path returned 202. Retrying...
2022-09-21T03:04:37.2643034Z A path returned 202. Retrying...
2022-09-21T03:04:37.2643376Z A path returned 202. Retrying...
2022-09-21T03:04:37.2643629Z A path returned 202. Retrying...
2022-09-21T03:04:37.2643876Z A path returned 202. Retrying...
2022-09-21T03:04:37.2644121Z A path returned 202. Retrying...
2022-09-21T03:04:37.2644365Z A path returned 202. Retrying...
2022-09-21T03:04:37.2644609Z A path returned 202. Retrying...
2022-09-21T03:04:37.2644842Z A path returned 202. Retrying...
2022-09-21T03:04:37.2645086Z A path returned 202. Retrying...
2022-09-21T03:04:37.2645331Z A path returned 202. Retrying...
2022-09-21T03:04:37.2645645Z A path returned 202. Retrying...
2022-09-21T03:04:37.2645893Z A path returned 202. Retrying...
2022-09-21T03:04:37.2646138Z A path returned 202. Retrying...
2022-09-21T03:04:37.2646380Z A path returned 202. Retrying...
2022-09-21T03:04:37.2646624Z A path returned 202. Retrying...
2022-09-21T03:04:37.2646858Z A path returned 202. Retrying...
2022-09-21T03:04:37.2647103Z A path returned 202. Retrying...
2022-09-21T03:04:37.2647350Z A path returned 202. Retrying...
2022-09-21T03:04:37.2647595Z A path returned 202. Retrying...
2022-09-21T03:04:37.2647842Z A path returned 202. Retrying...
2022-09-21T03:04:37.2648086Z A path returned 202. Retrying...
2022-09-21T03:04:37.2648333Z A path returned 202. Retrying...
2022-09-21T03:04:37.2648568Z A path returned 202. Retrying...
2022-09-21T03:04:37.2648811Z A path returned 202. Retrying...
2022-09-21T03:04:37.2649054Z A path returned 202. Retrying...
2022-09-21T03:04:37.2649296Z A path returned 202. Retrying...
2022-09-21T03:04:37.2649542Z A path returned 202. Retrying...
2022-09-21T03:04:37.2649787Z A path returned 202. Retrying...
2022-09-21T03:04:37.2650037Z A path returned 202. Retrying...
2022-09-21T03:04:37.2650278Z A path returned 202. Retrying...
2022-09-21T03:04:37.2650509Z A path returned 202. Retrying...
2022-09-21T03:04:37.2650749Z A path returned 202. Retrying...
2022-09-21T03:04:37.2650994Z A path returned 202. Retrying...
2022-09-21T03:04:37.2651238Z A path returned 202. Retrying...
2022-09-21T03:04:37.2651485Z A path returned 202. Retrying...
2022-09-21T03:04:37.2651727Z A path returned 202. Retrying...
2022-09-21T03:04:37.2652088Z A path returned 202. Retrying...
2022-09-21T03:04:37.2652334Z A path returned 202. Retrying...
2022-09-21T03:04:37.2652576Z A path returned 202. Retrying...
2022-09-21T03:04:37.2652822Z A path returned 202. Retrying...
2022-09-21T03:04:37.2653066Z A path returned 202. Retrying...
2022-09-21T03:04:37.2653312Z A path returned 202. Retrying...
2022-09-21T03:04:37.2653558Z A path returned 202. Retrying...
2022-09-21T03:04:37.2653809Z A path returned 202. Retrying...
2022-09-21T03:04:37.2654053Z A path returned 202. Retrying...
2022-09-21T03:04:37.2654286Z A path returned 202. Retrying...
2022-09-21T03:04:37.2654528Z A path returned 202. Retrying...
2022-09-21T03:04:37.2654772Z A path returned 202. Retrying...
2022-09-21T03:04:37.2655015Z A path returned 202. Retrying...
2022-09-21T03:04:37.2655259Z A path returned 202. Retrying...
2022-09-21T03:04:37.2655504Z A path returned 202. Retrying...
2022-09-21T03:04:37.2655748Z A path returned 202. Retrying...
2022-09-21T03:04:37.2655991Z A path returned 202. Retrying...
2022-09-21T03:04:37.2656221Z A path returned 202. Retrying...
2022-09-21T03:04:37.2656462Z A path returned 202. Retrying...
2022-09-21T03:04:37.2656707Z A path returned 202. Retrying...
2022-09-21T03:04:37.2656950Z A path returned 202. Retrying...
2022-09-21T03:04:37.2657193Z A path returned 202. Retrying...
2022-09-21T03:04:37.2657436Z A path returned 202. Retrying...
2022-09-21T03:04:37.2657681Z A path returned 202. Retrying...
2022-09-21T03:04:37.2657925Z A path returned 202. Retrying...
2022-09-21T03:04:37.2658159Z A path returned 202. Retrying...
2022-09-21T03:04:37.2658405Z A path returned 202. Retrying...
2022-09-21T03:04:37.2658649Z A path returned 202. Retrying...
2022-09-21T03:04:37.2658892Z A path returned 202. Retrying...
2022-09-21T03:04:37.2659136Z A path returned 202. Retrying...
2022-09-21T03:04:37.2659381Z A path returned 202. Retrying...
2022-09-21T03:04:37.2659720Z A path returned 202. Retrying...
2022-09-21T03:04:37.2659952Z A path returned 202. Retrying...
2022-09-21T03:04:37.2660201Z A path returned 202. Retrying...
2022-09-21T03:04:37.2660445Z A path returned 202. Retrying...
2022-09-21T03:04:37.2660692Z A path returned 202. Retrying...
2022-09-21T03:04:37.2660939Z A path returned 202. Retrying...
2022-09-21T03:13:23.1956617Z A path returned 202. Retrying...
2022-09-21T03:13:23.1957019Z A path returned 202. Retrying...
2022-09-21T03:13:23.1957418Z A path returned 202. Retrying...
2022-09-21T03:13:23.1959510Z A path returned 202. Retrying...
2022-09-21T03:13:23.1960445Z A path returned 202. Retrying...
2022-09-21T03:13:23.1961015Z A path returned 202. Retrying...
2022-09-21T03:13:23.1961451Z A path returned 202. Retrying...
2022-09-21T03:13:23.1962161Z A path returned 202. Retrying...
2022-09-21T03:13:23.1962563Z A path returned 202. Retrying...
2022-09-21T03:13:23.1962914Z A path returned 202. Retrying...
2022-09-21T03:13:23.1963312Z A path returned 202. Retrying...
2022-09-21T03:13:23.1963678Z A path returned 202. Retrying...
2022-09-21T03:13:23.1964047Z A path returned 202. Retrying...
2022-09-21T03:13:23.1964443Z A path returned 202. Retrying...
2022-09-21T03:13:23.1964823Z A path returned 202. Retrying...
2022-09-21T03:13:23.1965188Z A path returned 202. Retrying...
2022-09-21T03:13:23.1965554Z A path returned 202. Retrying...
2022-09-21T03:13:23.1965865Z A path returned 202. Retrying...
2022-09-21T03:13:23.1966272Z A path returned 202. Retrying...
2022-09-21T03:13:23.1966635Z A path returned 202. Retrying...
2022-09-21T03:13:23.1967003Z A path returned 202. Retrying...
2022-09-21T03:13:23.1967364Z A path returned 202. Retrying...
2022-09-21T03:13:23.1967765Z A path returned 202. Retrying...
2022-09-21T03:13:23.1968124Z A path returned 202. Retrying...
2022-09-21T03:13:23.1968434Z A path returned 202. Retrying...
2022-09-21T03:13:23.1968794Z A path returned 202. Retrying...
2022-09-21T03:13:23.1969198Z A path returned 202. Retrying...
2022-09-21T03:13:23.1969561Z A path returned 202. Retrying...
2022-09-21T03:13:23.1969924Z A path returned 202. Retrying...
2022-09-21T03:13:23.1970284Z A path returned 202. Retrying...
2022-09-21T03:13:23.1970686Z A path returned 202. Retrying...
2022-09-21T03:13:23.1971045Z A path returned 202. Retrying...
2022-09-21T03:13:23.1971353Z A path returned 202. Retrying...
2022-09-21T03:13:23.1971718Z A path returned 202. Retrying...
2022-09-21T03:13:23.1972281Z A path returned 202. Retrying...
2022-09-21T03:13:23.1972688Z A path returned 202. Retrying...
2022-09-21T03:13:23.1973057Z A path returned 202. Retrying...
2022-09-21T03:13:23.1973420Z A path returned 202. Retrying...
2022-09-21T03:13:23.1973800Z A path returned 202. Retrying...
2022-09-21T03:13:23.1974252Z A path returned 202. Retrying...
2022-09-21T03:13:23.1974561Z A path returned 202. Retrying...
2022-09-21T03:13:23.1974923Z A path returned 202. Retrying...
2022-09-21T03:13:23.1975295Z A path returned 202. Retrying...
2022-09-21T03:13:23.1975694Z A path returned 202. Retrying...
2022-09-21T03:13:23.1976095Z A path returned 202. Retrying...
2022-09-21T03:13:23.1976452Z A path returned 202. Retrying...
2022-09-21T03:13:23.1976802Z A path returned 202. Retrying...
2022-09-21T03:13:23.2008050Z A path returned 202. Retrying...
2022-09-21T03:13:23.2008361Z A path returned 202. Retrying...
2022-09-21T03:13:23.2008638Z A path returned 202. Retrying...
2022-09-21T03:13:23.2008912Z A path returned 202. Retrying...
2022-09-21T03:13:23.2009184Z A path returned 202. Retrying...
2022-09-21T03:13:23.2009446Z A path returned 202. Retrying...
2022-09-21T03:13:23.2009735Z A path returned 202. Retrying...
2022-09-21T03:13:23.2010017Z A path returned 202. Retrying...
2022-09-21T03:13:23.2010300Z A path returned 202. Retrying...
2022-09-21T03:13:23.2010582Z A path returned 202. Retrying...
2022-09-21T03:13:23.2010863Z A path returned 202. Retrying...
2022-09-21T03:13:23.2011147Z A path returned 202. Retrying...
2022-09-21T03:13:23.2011412Z A path returned 202. Retrying...
2022-09-21T03:13:23.2012239Z A path returned 202. Retrying...
2022-09-21T03:13:23.2012525Z A path returned 202. Retrying...
2022-09-21T03:13:23.2012810Z A path returned 202. Retrying...
2022-09-21T03:13:23.2013093Z A path returned 202. Retrying...
2022-09-21T03:13:23.2013376Z A path returned 202. Retrying...
2022-09-21T03:13:23.2013658Z A path returned 202. Retrying...
2022-09-21T03:13:23.2013933Z A path returned 202. Retrying...
2022-09-21T03:13:23.2014195Z A path returned 202. Retrying...
2022-09-21T03:13:23.2014467Z A path returned 202. Retrying...
2022-09-21T03:13:23.2014863Z A path returned 202. Retrying...
2022-09-21T03:13:23.2015150Z A path returned 202. Retrying...
2022-09-21T03:13:23.2015428Z A path returned 202. Retrying...
2022-09-21T03:13:23.2015709Z A path returned 202. Retrying...
2022-09-21T03:13:23.2015988Z A path returned 202. Retrying...
2022-09-21T03:13:23.2016271Z A path returned 202. Retrying...
2022-09-21T03:13:23.2016537Z A path returned 202. Retrying...
2022-09-21T03:13:23.2016821Z A path returned 202. Retrying...
2022-09-21T03:13:23.2017100Z A path returned 202. Retrying...
2022-09-21T03:13:23.2017381Z A path returned 202. Retrying...
2022-09-21T03:13:23.2017664Z A path returned 202. Retrying...
2022-09-21T03:13:23.2017945Z A path returned 202. Retrying...
2022-09-21T03:13:23.2018223Z A path returned 202. Retrying...
2022-09-21T03:13:23.2018488Z A path returned 202. Retrying...
2022-09-21T03:13:23.2018766Z A path returned 202. Retrying...
2022-09-21T03:13:23.2019045Z A path returned 202. Retrying...
2022-09-21T03:13:23.2019327Z A path returned 202. Retrying...
2022-09-21T03:13:23.2019608Z A path returned 202. Retrying...
2022-09-21T03:13:23.2019887Z A path returned 202. Retrying...
2022-09-21T03:13:23.2020165Z A path returned 202. Retrying...
2022-09-21T03:13:23.2020445Z A path returned 202. Retrying...
2022-09-21T03:13:23.2020707Z A path returned 202. Retrying...
2022-09-21T03:13:23.2020986Z A path returned 202. Retrying...
2022-09-21T03:13:23.2021262Z A path returned 202. Retrying...
2022-09-21T03:13:23.2021545Z A path returned 202. Retrying...
2022-09-21T03:13:23.2021824Z A path returned 202. Retrying...
2022-09-21T03:13:23.2022102Z A path returned 202. Retrying...
2022-09-21T03:13:23.2022379Z A path returned 202. Retrying...
2022-09-21T03:13:23.2022659Z A path returned 202. Retrying...
2022-09-21T03:13:23.2022921Z A path returned 202. Retrying...
2022-09-21T03:13:23.2023195Z A path returned 202. Retrying...
2022-09-21T03:13:23.2023472Z A path returned 202. Retrying...
2022-09-21T03:13:23.2023750Z A path returned 202. Retrying...
2022-09-21T03:13:23.2024033Z A path returned 202. Retrying...
2022-09-21T03:13:23.2024313Z A path returned 202. Retrying...
2022-09-21T03:13:23.2024591Z A path returned 202. Retrying...
2022-09-21T03:13:23.2024869Z A path returned 202. Retrying...
2022-09-21T03:13:23.2025135Z A path returned 202. Retrying...
2022-09-21T03:13:23.2025414Z A path returned 202. Retrying...
2022-09-21T03:13:23.2025693Z A path returned 202. Retrying...
2022-09-21T03:13:23.2025976Z A path returned 202. Retrying...
2022-09-21T03:13:23.2026257Z A path returned 202. Retrying...
2022-09-21T03:13:23.2026534Z A path returned 202. Retrying...
2022-09-21T03:13:23.2026812Z A path returned 202. Retrying...
2022-09-21T03:13:23.2027077Z A path returned 202. Retrying...
2022-09-21T03:13:23.2027354Z A path returned 202. Retrying...
2022-09-21T03:13:23.2027635Z A path returned 202. Retrying...
2022-09-21T03:13:23.2027914Z A path returned 202. Retrying...
2022-09-21T03:13:23.2028195Z A path returned 202. Retrying...
2022-09-21T03:13:23.2028473Z A path returned 202. Retrying...
2022-09-21T03:13:23.2028752Z A path returned 202. Retrying...
2022-09-21T03:13:23.2029028Z A path returned 202. Retrying...
2022-09-21T03:13:23.2029293Z A path returned 202. Retrying...
2022-09-21T03:13:23.2029566Z A path returned 202. Retrying...
2022-09-21T03:13:23.2029842Z A path returned 202. Retrying...
2022-09-21T03:13:23.2030121Z A path returned 202. Retrying...
2022-09-21T03:13:23.2030399Z A path returned 202. Retrying...
2022-09-21T03:13:23.2030778Z A path returned 202. Retrying...
2022-09-21T03:13:23.2031056Z A path returned 202. Retrying...
2022-09-21T03:13:23.2031332Z A path returned 202. Retrying...
2022-09-21T03:13:23.2031597Z A path returned 202. Retrying...
2022-09-21T03:13:23.2031874Z A path returned 202. Retrying...
2022-09-21T03:13:23.2032153Z A path returned 202. Retrying...
2022-09-21T03:13:23.2032432Z A path returned 202. Retrying...
2022-09-21T03:13:23.2032712Z A path returned 202. Retrying...
2022-09-21T03:13:23.2032993Z A path returned 202. Retrying...
2022-09-21T03:13:23.2033325Z A path returned 202. Retrying...
2022-09-21T03:13:23.2033623Z A path returned 202. Retrying...
2022-09-21T03:13:23.2033903Z A path returned 202. Retrying...
2022-09-21T03:13:23.2034179Z A path returned 202. Retrying...
2022-09-21T03:13:23.2034461Z A path returned 202. Retrying...
2022-09-21T03:13:23.2034740Z A path returned 202. Retrying...
2022-09-21T03:13:23.2035020Z A path returned 202. Retrying...
2022-09-21T03:13:23.2035300Z A path returned 202. Retrying...
2022-09-21T03:13:23.2035579Z A path returned 202. Retrying...
2022-09-21T03:13:23.2035844Z A path returned 202. Retrying...
2022-09-21T03:13:23.2036121Z A path returned 202. Retrying...
2022-09-21T03:13:23.2036399Z A path returned 202. Retrying...
2022-09-21T03:13:23.2036677Z A path returned 202. Retrying...
2022-09-21T03:13:23.2036956Z A path returned 202. Retrying...
2022-09-21T03:13:23.2037233Z A path returned 202. Retrying...
2022-09-21T03:13:23.2037512Z A path returned 202. Retrying...
2022-09-21T03:13:23.2037790Z A path returned 202. Retrying...
2022-09-21T03:13:23.2038059Z A path returned 202. Retrying...
2022-09-21T03:13:23.2038334Z A path returned 202. Retrying...
2022-09-21T03:13:23.2038613Z A path returned 202. Retrying...
2022-09-21T03:13:23.2038891Z A path returned 202. Retrying...
2022-09-21T03:13:23.2039169Z A path returned 202. Retrying...
2022-09-21T03:13:23.2039442Z A path returned 202. Retrying...
2022-09-21T03:13:23.2039722Z A path returned 202. Retrying...
2022-09-21T03:13:23.2039988Z A path returned 202. Retrying...
2022-09-21T03:13:23.2040270Z A path returned 202. Retrying...
2022-09-21T03:13:23.2040547Z A path returned 202. Retrying...
2022-09-21T03:13:23.2040824Z A path returned 202. Retrying...
2022-09-21T03:13:23.2041102Z A path returned 202. Retrying...
2022-09-21T03:13:23.2041378Z A path returned 202. Retrying...
2022-09-21T03:13:23.2041656Z A path returned 202. Retrying...
2022-09-21T03:13:23.2041935Z A path returned 202. Retrying...
2022-09-21T03:13:23.2042199Z A path returned 202. Retrying...
2022-09-21T03:13:23.2042479Z A path returned 202. Retrying...
2022-09-21T03:13:23.2042755Z A path returned 202. Retrying...
2022-09-21T03:13:23.2043031Z A path returned 202. Retrying...
2022-09-21T03:13:23.2043308Z A path returned 202. Retrying...
2022-09-21T03:13:23.2043583Z A path returned 202. Retrying...
2022-09-21T03:13:23.2043857Z A path returned 202. Retrying...
2022-09-21T03:13:23.2044128Z A path returned 202. Retrying...
2022-09-21T03:13:23.2044397Z A path returned 202. Retrying...
2022-09-21T03:13:23.2044664Z A path returned 202. Retrying...
2022-09-21T03:13:23.2044933Z A path returned 202. Retrying...
2022-09-21T03:13:23.2045207Z A path returned 202. Retrying...
2022-09-21T03:13:23.2045485Z A path returned 202. Retrying...
2022-09-21T03:13:23.2045761Z A path returned 202. Retrying...
2022-09-21T03:13:23.2046086Z A path returned 202. Retrying...
2022-09-21T03:13:23.2046364Z A path returned 202. Retrying...
2022-09-21T03:13:23.2046637Z A path returned 202. Retrying...
2022-09-21T03:13:23.2046908Z A path returned 202. Retrying...
2022-09-21T03:13:23.2047176Z A path returned 202. Retrying...
2022-09-21T03:13:23.2047447Z A path returned 202. Retrying...
2022-09-21T03:13:23.2047723Z A path returned 202. Retrying...
2022-09-21T03:13:23.2047999Z A path returned 202. Retrying...
2022-09-21T03:13:23.2048281Z A path returned 202. Retrying...
2022-09-21T03:13:23.2048560Z A path returned 202. Retrying...
2022-09-21T03:13:23.2048841Z A path returned 202. Retrying...
2022-09-21T03:13:23.2049191Z A path returned 202. Retrying...
2022-09-21T03:13:23.2049458Z A path returned 202. Retrying...
2022-09-21T03:13:23.2049741Z A path returned 202. Retrying...
2022-09-21T03:13:23.2050019Z A path returned 202. Retrying...
2022-09-21T03:13:23.2050302Z A path returned 202. Retrying...
2022-09-21T03:13:23.2050584Z A path returned 202. Retrying...
2022-09-21T03:13:23.2050867Z A path returned 202. Retrying...
2022-09-21T03:13:23.2051150Z A path returned 202. Retrying...
2022-09-21T03:13:23.2051430Z A path returned 202. Retrying...
2022-09-21T03:13:23.2051755Z A path returned 202. Retrying...
2022-09-21T03:13:23.2052175Z A path returned 202. Retrying...
2022-09-21T03:13:23.2052460Z A path returned 202. Retrying...
2022-09-21T03:13:23.2052823Z A path returned 202. Retrying...
2022-09-21T03:13:23.2053074Z A path returned 202. Retrying...
2022-09-21T03:13:23.2053319Z A path returned 202. Retrying...
2022-09-21T03:13:23.2053567Z A path returned 202. Retrying...
2022-09-21T03:13:23.2053814Z A path returned 202. Retrying...
2022-09-21T03:13:23.2054046Z A path returned 202. Retrying...
2022-09-21T03:13:23.2054291Z A path returned 202. Retrying...
2022-09-21T03:13:23.2054542Z A path returned 202. Retrying...
2022-09-21T03:13:23.2054783Z A path returned 202. Retrying...
2022-09-21T03:13:23.2055013Z A path returned 202. Retrying...
2022-09-21T03:13:23.2055258Z A path returned 202. Retrying...
2022-09-21T03:13:23.2055499Z A path returned 202. Retrying...
2022-09-21T03:13:23.2055730Z A path returned 202. Retrying...
2022-09-21T03:13:23.2055971Z A path returned 202. Retrying...
2022-09-21T03:13:23.2056214Z A path returned 202. Retrying...
2022-09-21T03:13:23.2056456Z A path returned 202. Retrying...
2022-09-21T03:13:23.2056687Z A path returned 202. Retrying...
2022-09-21T03:13:23.2056922Z A path returned 202. Retrying...
2022-09-21T03:13:23.2057165Z A path returned 202. Retrying...
2022-09-21T03:13:23.2057410Z A path returned 202. Retrying...
2022-09-21T03:13:23.2057643Z A path returned 202. Retrying...
2022-09-21T03:13:23.2057887Z A path returned 202. Retrying...
2022-09-21T03:13:23.2058133Z A path returned 202. Retrying...
2022-09-21T03:13:23.2058376Z A path returned 202. Retrying...
2022-09-21T03:13:23.2058617Z A path returned 202. Retrying...
2022-09-21T03:13:23.2058862Z A path returned 202. Retrying...
2022-09-21T03:13:23.2059105Z A path returned 202. Retrying...
2022-09-21T03:13:23.2059347Z A path returned 202. Retrying...
2022-09-21T03:13:23.2059577Z A path returned 202. Retrying...
2022-09-21T03:13:23.2059821Z A path returned 202. Retrying...
2022-09-21T03:13:23.2060066Z A path returned 202. Retrying...
2022-09-21T03:13:23.2060311Z A path returned 202. Retrying...
2022-09-21T03:13:23.2060555Z A path returned 202. Retrying...
2022-09-21T03:13:23.2060797Z A path returned 202. Retrying...
2022-09-21T03:13:23.2061040Z A path returned 202. Retrying...
2022-09-21T03:13:23.2061269Z A path returned 202. Retrying...
2022-09-21T03:13:23.2061509Z A path returned 202. Retrying...
2022-09-21T03:13:23.2061744Z A path returned 202. Retrying...
2022-09-21T03:13:23.2061993Z A path returned 202. Retrying...
2022-09-21T03:13:23.2062230Z A path returned 202. Retrying...
2022-09-21T03:13:23.2062473Z A path returned 202. Retrying...
2022-09-21T03:13:23.2062718Z A path returned 202. Retrying...
2022-09-21T03:13:23.2062963Z A path returned 202. Retrying...
2022-09-21T03:13:23.2063188Z A path returned 202. Retrying...
2022-09-21T03:22:07.8247685Z A path returned 202. Retrying...
2022-09-21T03:22:07.8248057Z A path returned 202. Retrying...
2022-09-21T03:22:07.8248347Z A path returned 202. Retrying...
2022-09-21T03:22:07.8248762Z A path returned 202. Retrying...
2022-09-21T03:22:07.8249043Z A path returned 202. Retrying...
2022-09-21T03:22:07.8249325Z A path returned 202. Retrying...
2022-09-21T03:22:07.8249610Z A path returned 202. Retrying...
2022-09-21T03:22:07.8249878Z A path returned 202. Retrying...
2022-09-21T03:22:07.8250160Z A path returned 202. Retrying...
2022-09-21T03:22:07.8250434Z A path returned 202. Retrying...
2022-09-21T03:22:07.8251094Z A path returned 202. Retrying...
2022-09-21T03:22:07.8251377Z A path returned 202. Retrying...
2022-09-21T03:22:07.8251656Z A path returned 202. Retrying...
2022-09-21T03:22:07.8252144Z A path returned 202. Retrying...
2022-09-21T03:22:07.8252428Z A path returned 202. Retrying...
2022-09-21T03:22:07.8252695Z A path returned 202. Retrying...
2022-09-21T03:22:07.8252972Z A path returned 202. Retrying...
2022-09-21T03:22:07.8253251Z A path returned 202. Retrying...
2022-09-21T03:22:07.8253530Z A path returned 202. Retrying...
2022-09-21T03:22:07.8253934Z A path returned 202. Retrying...
2022-09-21T03:22:07.8254220Z A path returned 202. Retrying...
2022-09-21T03:22:07.8254498Z A path returned 202. Retrying...
2022-09-21T03:22:07.8254777Z A path returned 202. Retrying...
2022-09-21T03:22:07.8255043Z A path returned 202. Retrying...
2022-09-21T03:22:07.8255321Z A path returned 202. Retrying...
2022-09-21T03:22:07.8255600Z A path returned 202. Retrying...
2022-09-21T03:22:07.8255879Z A path returned 202. Retrying...
2022-09-21T03:22:07.8256158Z A path returned 202. Retrying...
2022-09-21T03:22:07.8256430Z A path returned 202. Retrying...
2022-09-21T03:22:07.8256704Z A path returned 202. Retrying...
2022-09-21T03:22:07.8256970Z A path returned 202. Retrying...
2022-09-21T03:22:07.8257246Z A path returned 202. Retrying...
2022-09-21T03:22:07.8257519Z A path returned 202. Retrying...
2022-09-21T03:22:07.8257793Z A path returned 202. Retrying...
2022-09-21T03:22:07.8258065Z A path returned 202. Retrying...
2022-09-21T03:22:07.8258340Z A path returned 202. Retrying...
2022-09-21T03:22:07.8258619Z A path returned 202. Retrying...
2022-09-21T03:22:07.8258894Z A path returned 202. Retrying...
2022-09-21T03:22:07.8259157Z A path returned 202. Retrying...
2022-09-21T03:22:07.8259430Z A path returned 202. Retrying...
2022-09-21T03:22:07.8259708Z A path returned 202. Retrying...
2022-09-21T03:22:07.8259981Z A path returned 202. Retrying...
2022-09-21T03:22:07.8260257Z A path returned 202. Retrying...
2022-09-21T03:22:07.8260533Z A path returned 202. Retrying...
2022-09-21T03:22:07.8260806Z A path returned 202. Retrying...
2022-09-21T03:22:07.8261079Z A path returned 202. Retrying...
2022-09-21T03:22:07.8261339Z A path returned 202. Retrying...
2022-09-21T03:22:07.8261612Z A path returned 202. Retrying...
2022-09-21T03:22:07.8261889Z A path returned 202. Retrying...
2022-09-21T03:22:07.8262164Z A path returned 202. Retrying...
2022-09-21T03:22:07.8262441Z A path returned 202. Retrying...
2022-09-21T03:22:07.8262716Z A path returned 202. Retrying...
2022-09-21T03:22:07.8262992Z A path returned 202. Retrying...
2022-09-21T03:22:07.8263254Z A path returned 202. Retrying...
2022-09-21T03:22:07.8263529Z A path returned 202. Retrying...
2022-09-21T03:22:07.8263802Z A path returned 202. Retrying...
2022-09-21T03:22:07.8264076Z A path returned 202. Retrying...
2022-09-21T03:22:07.8264350Z A path returned 202. Retrying...
2022-09-21T03:22:07.8264625Z A path returned 202. Retrying...
2022-09-21T03:22:07.8264899Z A path returned 202. Retrying...
2022-09-21T03:22:07.8265175Z A path returned 202. Retrying...
2022-09-21T03:22:07.8265437Z A path returned 202. Retrying...
2022-09-21T03:22:07.8265715Z A path returned 202. Retrying...
2022-09-21T03:22:07.8265989Z A path returned 202. Retrying...
2022-09-21T03:22:07.8266267Z A path returned 202. Retrying...
2022-09-21T03:22:07.8266543Z A path returned 202. Retrying...
2022-09-21T03:22:07.8266819Z A path returned 202. Retrying...
2022-09-21T03:22:07.8267093Z A path returned 202. Retrying...
2022-09-21T03:22:07.8267369Z A path returned 202. Retrying...
2022-09-21T03:22:07.8267635Z A path returned 202. Retrying...
2022-09-21T03:22:07.8267910Z A path returned 202. Retrying...
2022-09-21T03:22:07.8268186Z A path returned 202. Retrying...
2022-09-21T03:22:07.8268461Z A path returned 202. Retrying...
2022-09-21T03:22:07.8268740Z A path returned 202. Retrying...
2022-09-21T03:22:07.8269012Z A path returned 202. Retrying...
2022-09-21T03:22:07.8269289Z A path returned 202. Retrying...
2022-09-21T03:22:07.8269638Z A path returned 202. Retrying...
2022-09-21T03:22:07.8269919Z A path returned 202. Retrying...
2022-09-21T03:22:07.8270197Z A path returned 202. Retrying...
2022-09-21T03:22:07.8270473Z A path returned 202. Retrying...
2022-09-21T03:22:07.8270750Z A path returned 202. Retrying...
2022-09-21T03:22:07.8271028Z A path returned 202. Retrying...
2022-09-21T03:22:07.8271308Z A path returned 202. Retrying...
2022-09-21T03:22:07.8271584Z A path returned 202. Retrying...
2022-09-21T03:22:07.8271846Z A path returned 202. Retrying...
2022-09-21T03:22:07.8272185Z A path returned 202. Retrying...
2022-09-21T03:22:07.8272468Z A path returned 202. Retrying...
2022-09-21T03:22:07.8272743Z A path returned 202. Retrying...
2022-09-21T03:22:07.8273020Z A path returned 202. Retrying...
2022-09-21T03:22:07.8273295Z A path returned 202. Retrying...
2022-09-21T03:22:07.8273571Z A path returned 202. Retrying...
2022-09-21T03:22:07.8273847Z A path returned 202. Retrying...
2022-09-21T03:22:07.8274111Z A path returned 202. Retrying...
2022-09-21T03:22:07.8274389Z A path returned 202. Retrying...
2022-09-21T03:22:07.8274667Z A path returned 202. Retrying...
2022-09-21T03:22:07.8274943Z A path returned 202. Retrying...
2022-09-21T03:22:07.8275220Z A path returned 202. Retrying...
2022-09-21T03:22:07.8275495Z A path returned 202. Retrying...
2022-09-21T03:22:07.8275768Z A path returned 202. Retrying...
2022-09-21T03:22:07.8276043Z A path returned 202. Retrying...
2022-09-21T03:22:07.8276307Z A path returned 202. Retrying...
2022-09-21T03:22:07.8276582Z A path returned 202. Retrying...
2022-09-21T03:22:07.8276861Z A path returned 202. Retrying...
2022-09-21T03:22:07.8277138Z A path returned 202. Retrying...
2022-09-21T03:22:07.8277413Z A path returned 202. Retrying...
2022-09-21T03:22:07.8277687Z A path returned 202. Retrying...
2022-09-21T03:22:07.8277961Z A path returned 202. Retrying...
2022-09-21T03:22:07.8278304Z A path returned 202. Retrying...
2022-09-21T03:22:07.8278544Z A path returned 202. Retrying...
2022-09-21T03:22:07.8278787Z A path returned 202. Retrying...
2022-09-21T03:22:07.8279029Z A path returned 202. Retrying...
2022-09-21T03:22:07.8279268Z A path returned 202. Retrying...
2022-09-21T03:22:07.8279510Z A path returned 202. Retrying...
2022-09-21T03:22:07.8279748Z A path returned 202. Retrying...
2022-09-21T03:22:07.8279988Z A path returned 202. Retrying...
2022-09-21T03:22:07.8280216Z A path returned 202. Retrying...
2022-09-21T03:22:07.8280456Z A path returned 202. Retrying...
2022-09-21T03:22:07.8280697Z A path returned 202. Retrying...
2022-09-21T03:22:07.8280943Z A path returned 202. Retrying...
2022-09-21T03:22:07.8281186Z A path returned 202. Retrying...
2022-09-21T03:22:07.8281425Z A path returned 202. Retrying...
2022-09-21T03:22:07.8281666Z A path returned 202. Retrying...
2022-09-21T03:22:07.8281905Z A path returned 202. Retrying...
2022-09-21T03:22:07.8282136Z A path returned 202. Retrying...
2022-09-21T03:22:07.8282376Z A path returned 202. Retrying...
2022-09-21T03:22:07.8282618Z A path returned 202. Retrying...
2022-09-21T03:22:07.8282862Z A path returned 202. Retrying...
2022-09-21T03:22:07.8283102Z A path returned 202. Retrying...
2022-09-21T03:22:07.8283342Z A path returned 202. Retrying...
2022-09-21T03:22:07.8283583Z A path returned 202. Retrying...
2022-09-21T03:22:07.8283809Z A path returned 202. Retrying...
2022-09-21T03:22:07.8284051Z A path returned 202. Retrying...
2022-09-21T03:22:07.8284291Z A path returned 202. Retrying...
2022-09-21T03:22:07.8284535Z A path returned 202. Retrying...
2022-09-21T03:22:07.8284775Z A path returned 202. Retrying...
2022-09-21T03:22:07.8285019Z A path returned 202. Retrying...
2022-09-21T03:22:07.8285259Z A path returned 202. Retrying...
2022-09-21T03:22:07.8285500Z A path returned 202. Retrying...
2022-09-21T03:22:07.8285727Z A path returned 202. Retrying...
2022-09-21T03:22:07.8285967Z A path returned 202. Retrying...
2022-09-21T03:22:07.8286208Z A path returned 202. Retrying...
2022-09-21T03:22:07.8286448Z A path returned 202. Retrying...
2022-09-21T03:22:07.8286769Z A path returned 202. Retrying...
2022-09-21T03:22:07.8287012Z A path returned 202. Retrying...
2022-09-21T03:22:07.8287255Z A path returned 202. Retrying...
2022-09-21T03:22:07.8287498Z A path returned 202. Retrying...
2022-09-21T03:22:07.8287729Z A path returned 202. Retrying...
2022-09-21T03:22:07.8287971Z A path returned 202. Retrying...
2022-09-21T03:22:07.8288215Z A path returned 202. Retrying...
2022-09-21T03:22:07.8288460Z A path returned 202. Retrying...
2022-09-21T03:22:07.8288708Z A path returned 202. Retrying...
2022-09-21T03:22:07.8288948Z A path returned 202. Retrying...
2022-09-21T03:22:07.8289253Z A path returned 202. Retrying...
2022-09-21T03:22:07.8289485Z A path returned 202. Retrying...
2022-09-21T03:22:07.8289729Z A path returned 202. Retrying...
2022-09-21T03:22:07.8289970Z A path returned 202. Retrying...
2022-09-21T03:22:07.8290211Z A path returned 202. Retrying...
2022-09-21T03:22:07.8290452Z A path returned 202. Retrying...
2022-09-21T03:22:07.8290696Z A path returned 202. Retrying...
2022-09-21T03:22:07.8290944Z A path returned 202. Retrying...
2022-09-21T03:22:07.8291187Z A path returned 202. Retrying...
2022-09-21T03:22:07.8291414Z A path returned 202. Retrying...
2022-09-21T03:22:07.8291655Z A path returned 202. Retrying...
2022-09-21T03:22:07.8292004Z A path returned 202. Retrying...
2022-09-21T03:22:07.8292251Z A path returned 202. Retrying...
2022-09-21T03:22:07.8292498Z A path returned 202. Retrying...
2022-09-21T03:22:07.8292742Z A path returned 202. Retrying...
2022-09-21T03:22:07.8292986Z A path returned 202. Retrying...
2022-09-21T03:22:07.8293233Z A path returned 202. Retrying...
2022-09-21T03:22:07.8293464Z A path returned 202. Retrying...
2022-09-21T03:22:07.8293715Z A path returned 202. Retrying...
2022-09-21T03:22:07.8293959Z A path returned 202. Retrying...
2022-09-21T03:22:07.8294205Z A path returned 202. Retrying...
2022-09-21T03:22:07.8294447Z A path returned 202. Retrying...
2022-09-21T03:22:07.8294687Z A path returned 202. Retrying...
2022-09-21T03:22:07.8294935Z A path returned 202. Retrying...
2022-09-21T03:22:07.8295164Z A path returned 202. Retrying...
2022-09-21T03:22:07.8295405Z A path returned 202. Retrying...
2022-09-21T03:22:07.8295645Z A path returned 202. Retrying...
2022-09-21T03:22:07.8295888Z A path returned 202. Retrying...
2022-09-21T03:22:07.8296127Z A path returned 202. Retrying...
2022-09-21T03:22:07.8296366Z A path returned 202. Retrying...
2022-09-21T03:22:07.8296607Z A path returned 202. Retrying...
2022-09-21T03:22:07.8296846Z A path returned 202. Retrying...
2022-09-21T03:22:07.8297077Z A path returned 202. Retrying...
2022-09-21T03:22:07.8297319Z A path returned 202. Retrying...
2022-09-21T03:22:07.8297563Z A path returned 202. Retrying...
2022-09-21T03:22:07.8297804Z A path returned 202. Retrying...
2022-09-21T03:22:07.8298046Z A path returned 202. Retrying...
2022-09-21T03:22:07.8298286Z A path returned 202. Retrying...
2022-09-21T03:22:07.8298526Z A path returned 202. Retrying...
2022-09-21T03:22:07.8298766Z A path returned 202. Retrying...
2022-09-21T03:22:07.8299001Z A path returned 202. Retrying...
2022-09-21T03:22:07.8299240Z A path returned 202. Retrying...
2022-09-21T03:22:07.8299483Z A path returned 202. Retrying...
2022-09-21T03:22:07.8299725Z A path returned 202. Retrying...
2022-09-21T03:22:07.8299967Z A path returned 202. Retrying...
2022-09-21T03:22:07.8300207Z A path returned 202. Retrying...
2022-09-21T03:22:07.8300447Z A path returned 202. Retrying...
2022-09-21T03:22:07.8300674Z A path returned 202. Retrying...
2022-09-21T03:22:07.8300915Z A path returned 202. Retrying...
2022-09-21T03:22:07.8301158Z A path returned 202. Retrying...
2022-09-21T03:22:07.8301401Z A path returned 202. Retrying...
2022-09-21T03:22:07.8301641Z A path returned 202. Retrying...
2022-09-21T03:22:07.8301882Z A path returned 202. Retrying...
2022-09-21T03:22:07.8302124Z A path returned 202. Retrying...
2022-09-21T03:22:07.8302365Z A path returned 202. Retrying...
2022-09-21T03:22:07.8302594Z A path returned 202. Retrying...
2022-09-21T03:22:07.8302917Z A path returned 202. Retrying...
2022-09-21T03:22:07.8303162Z A path returned 202. Retrying...
2022-09-21T03:22:07.8303406Z A path returned 202. Retrying...
2022-09-21T03:22:07.8303653Z A path returned 202. Retrying...
2022-09-21T03:22:07.8303898Z A path returned 202. Retrying...
2022-09-21T03:22:07.8304141Z A path returned 202. Retrying...
2022-09-21T03:22:07.8304425Z A path returned 202. Retrying...
2022-09-21T03:22:07.8304658Z A path returned 202. Retrying...
2022-09-21T03:22:07.8304902Z A path returned 202. Retrying...
2022-09-21T03:22:07.8305148Z A path returned 202. Retrying...
2022-09-21T03:22:07.8305458Z A path returned 202. Retrying...
2022-09-21T03:22:07.8305707Z A path returned 202. Retrying...
2022-09-21T03:22:07.8305950Z A path returned 202. Retrying...
2022-09-21T03:22:07.8306190Z A path returned 202. Retrying...
2022-09-21T03:22:07.8306418Z A path returned 202. Retrying...
2022-09-21T03:22:07.8306661Z A path returned 202. Retrying...
2022-09-21T03:22:07.8306900Z A path returned 202. Retrying...
2022-09-21T03:22:07.8307149Z A path returned 202. Retrying...
2022-09-21T03:22:07.8307392Z A path returned 202. Retrying...
2022-09-21T03:22:07.8307637Z A path returned 202. Retrying...
2022-09-21T03:22:07.8307877Z A path returned 202. Retrying...
2022-09-21T03:22:07.8308122Z A path returned 202. Retrying...
2022-09-21T03:22:07.8308350Z A path returned 202. Retrying...
2022-09-21T03:22:07.8308589Z A path returned 202. Retrying...
2022-09-21T03:22:07.8308831Z A path returned 202. Retrying...
2022-09-21T03:22:07.8309071Z A path returned 202. Retrying...
2022-09-21T03:22:07.8309316Z A path returned 202. Retrying...
2022-09-21T03:22:07.8309555Z A path returned 202. Retrying...
2022-09-21T03:22:07.8309795Z A path returned 202. Retrying...
2022-09-21T03:22:07.8310036Z A path returned 202. Retrying...
2022-09-21T03:22:07.8310265Z A path returned 202. Retrying...
2022-09-21T03:22:07.8310506Z A path returned 202. Retrying...
2022-09-21T03:22:07.8310746Z A path returned 202. Retrying...
2022-09-21T03:22:07.8310989Z A path returned 202. Retrying...
2022-09-21T03:22:07.8311230Z A path returned 202. Retrying...
2022-09-21T03:22:07.8311470Z A path returned 202. Retrying...
2022-09-21T03:22:07.8311711Z A path returned 202. Retrying...
2022-09-21T03:22:07.8311938Z A path returned 202. Retrying...
2022-09-21T03:22:07.8312267Z A path returned 202. Retrying...
2022-09-21T03:22:07.8312505Z A path returned 202. Retrying...
2022-09-21T03:30:55.7930697Z A path returned 202. Retrying...
2022-09-21T03:30:55.7931061Z A path returned 202. Retrying...
2022-09-21T03:30:55.7931353Z A path returned 202. Retrying...
2022-09-21T03:30:55.7931762Z A path returned 202. Retrying...
2022-09-21T03:30:55.7932224Z A path returned 202. Retrying...
2022-09-21T03:30:55.7932508Z A path returned 202. Retrying...
2022-09-21T03:30:55.7932792Z A path returned 202. Retrying...
2022-09-21T03:30:55.7933075Z A path returned 202. Retrying...
2022-09-21T03:30:55.7933342Z A path returned 202. Retrying...
2022-09-21T03:30:55.7933624Z A path returned 202. Retrying...
2022-09-21T03:30:55.7933916Z A path returned 202. Retrying...
2022-09-21T03:30:55.7934200Z A path returned 202. Retrying...
2022-09-21T03:30:55.7934483Z A path returned 202. Retrying...
2022-09-21T03:30:55.7934792Z A path returned 202. Retrying...
2022-09-21T03:30:55.7935071Z A path returned 202. Retrying...
2022-09-21T03:30:55.7935350Z A path returned 202. Retrying...
2022-09-21T03:30:55.7935617Z A path returned 202. Retrying...
2022-09-21T03:30:55.7935897Z A path returned 202. Retrying...
2022-09-21T03:30:55.7936173Z A path returned 202. Retrying...
2022-09-21T03:30:55.7936458Z A path returned 202. Retrying...
2022-09-21T03:30:55.7936739Z A path returned 202. Retrying...
2022-09-21T03:30:55.7937018Z A path returned 202. Retrying...
2022-09-21T03:30:55.7937293Z A path returned 202. Retrying...
2022-09-21T03:30:55.7937571Z A path returned 202. Retrying...
2022-09-21T03:30:55.7937836Z A path returned 202. Retrying...
2022-09-21T03:30:55.7938115Z A path returned 202. Retrying...
2022-09-21T03:30:55.7938760Z A path returned 202. Retrying...
2022-09-21T03:30:55.7939039Z A path returned 202. Retrying...
2022-09-21T03:30:55.7939319Z A path returned 202. Retrying...
2022-09-21T03:30:55.7939596Z A path returned 202. Retrying...
2022-09-21T03:30:55.7939875Z A path returned 202. Retrying...
2022-09-21T03:30:55.7940139Z A path returned 202. Retrying...
2022-09-21T03:30:55.7940418Z A path returned 202. Retrying...
2022-09-21T03:30:55.7940695Z A path returned 202. Retrying...
2022-09-21T03:30:55.7940974Z A path returned 202. Retrying...
2022-09-21T03:30:55.7941253Z A path returned 202. Retrying...
2022-09-21T03:30:55.7941657Z A path returned 202. Retrying...
2022-09-21T03:30:55.7941943Z A path returned 202. Retrying...
2022-09-21T03:30:55.7942222Z A path returned 202. Retrying...
2022-09-21T03:30:55.7942486Z A path returned 202. Retrying...
2022-09-21T03:30:55.7942766Z A path returned 202. Retrying...
2022-09-21T03:30:55.7943044Z A path returned 202. Retrying...
2022-09-21T03:30:55.7943324Z A path returned 202. Retrying...
2022-09-21T03:30:55.7943607Z A path returned 202. Retrying...
2022-09-21T03:30:55.7943886Z A path returned 202. Retrying...
2022-09-21T03:30:55.7944164Z A path returned 202. Retrying...
2022-09-21T03:30:55.7944442Z A path returned 202. Retrying...
2022-09-21T03:30:55.7944706Z A path returned 202. Retrying...
2022-09-21T03:30:55.7944984Z A path returned 202. Retrying...
2022-09-21T03:30:55.7945264Z A path returned 202. Retrying...
2022-09-21T03:30:55.7945544Z A path returned 202. Retrying...
2022-09-21T03:30:55.7945822Z A path returned 202. Retrying...
2022-09-21T03:30:55.7946105Z A path returned 202. Retrying...
2022-09-21T03:30:55.7946385Z A path returned 202. Retrying...
2022-09-21T03:30:55.7946662Z A path returned 202. Retrying...
2022-09-21T03:30:55.7946927Z A path returned 202. Retrying...
2022-09-21T03:30:55.7947203Z A path returned 202. Retrying...
2022-09-21T03:30:55.7947481Z A path returned 202. Retrying...
2022-09-21T03:30:55.7947760Z A path returned 202. Retrying...
2022-09-21T03:30:55.7948039Z A path returned 202. Retrying...
2022-09-21T03:30:55.7948315Z A path returned 202. Retrying...
2022-09-21T03:30:55.7948593Z A path returned 202. Retrying...
2022-09-21T03:30:55.7948858Z A path returned 202. Retrying...
2022-09-21T03:30:55.7949137Z A path returned 202. Retrying...
2022-09-21T03:30:55.7949416Z A path returned 202. Retrying...
2022-09-21T03:30:55.7949694Z A path returned 202. Retrying...
2022-09-21T03:30:55.7949974Z A path returned 202. Retrying...
2022-09-21T03:30:55.7950252Z A path returned 202. Retrying...
2022-09-21T03:30:55.7950527Z A path returned 202. Retrying...
2022-09-21T03:30:55.7950806Z A path returned 202. Retrying...
2022-09-21T03:30:55.7951070Z A path returned 202. Retrying...
2022-09-21T03:30:55.7951344Z A path returned 202. Retrying...
2022-09-21T03:30:55.7951621Z A path returned 202. Retrying...
2022-09-21T03:30:55.7951900Z A path returned 202. Retrying...
2022-09-21T03:30:55.7952180Z A path returned 202. Retrying...
2022-09-21T03:30:55.7952457Z A path returned 202. Retrying...
2022-09-21T03:30:55.7952739Z A path returned 202. Retrying...
2022-09-21T03:30:55.7953016Z A path returned 202. Retrying...
2022-09-21T03:30:55.7953279Z A path returned 202. Retrying...
2022-09-21T03:30:55.7953555Z A path returned 202. Retrying...
2022-09-21T03:30:55.7953833Z A path returned 202. Retrying...
2022-09-21T03:30:55.7954110Z A path returned 202. Retrying...
2022-09-21T03:30:55.7954388Z A path returned 202. Retrying...
2022-09-21T03:30:55.7954662Z A path returned 202. Retrying...
2022-09-21T03:30:55.7954938Z A path returned 202. Retrying...
2022-09-21T03:30:55.7955205Z A path returned 202. Retrying...
2022-09-21T03:30:55.7955486Z A path returned 202. Retrying...
2022-09-21T03:30:55.7955764Z A path returned 202. Retrying...
2022-09-21T03:30:55.7956040Z A path returned 202. Retrying...
2022-09-21T03:30:55.7956318Z A path returned 202. Retrying...
2022-09-21T03:30:55.7956594Z A path returned 202. Retrying...
2022-09-21T03:30:55.7956870Z A path returned 202. Retrying...
2022-09-21T03:30:55.7957238Z A path returned 202. Retrying...
2022-09-21T03:30:55.7957502Z A path returned 202. Retrying...
2022-09-21T03:30:55.7957779Z A path returned 202. Retrying...
2022-09-21T03:30:55.7958056Z A path returned 202. Retrying...
2022-09-21T03:30:55.7958336Z A path returned 202. Retrying...
2022-09-21T03:30:55.7958613Z A path returned 202. Retrying...
2022-09-21T03:30:55.7958894Z A path returned 202. Retrying...
2022-09-21T03:30:55.7959172Z A path returned 202. Retrying...
2022-09-21T03:30:55.7959450Z A path returned 202. Retrying...
2022-09-21T03:30:55.7959886Z A path returned 202. Retrying...
2022-09-21T03:30:55.7960244Z A path returned 202. Retrying...
2022-09-21T03:30:55.7960531Z A path returned 202. Retrying...
2022-09-21T03:30:55.7960812Z A path returned 202. Retrying...
2022-09-21T03:30:55.7961092Z A path returned 202. Retrying...
2022-09-21T03:30:55.7961372Z A path returned 202. Retrying...
2022-09-21T03:30:55.7961651Z A path returned 202. Retrying...
2022-09-21T03:30:55.7961914Z A path returned 202. Retrying...
2022-09-21T03:30:55.7962198Z A path returned 202. Retrying...
2022-09-21T03:30:55.7962476Z A path returned 202. Retrying...
2022-09-21T03:30:55.7962753Z A path returned 202. Retrying...
2022-09-21T03:30:55.7963034Z A path returned 202. Retrying...
2022-09-21T03:30:55.7963311Z A path returned 202. Retrying...
2022-09-21T03:30:55.7963589Z A path returned 202. Retrying...
2022-09-21T03:30:55.7963865Z A path returned 202. Retrying...
2022-09-21T03:30:55.7964183Z A path returned 202. Retrying...
2022-09-21T03:30:55.7964459Z A path returned 202. Retrying...
2022-09-21T03:30:55.7964738Z A path returned 202. Retrying...
2022-09-21T03:30:55.7965050Z A path returned 202. Retrying...
2022-09-21T03:30:55.7965329Z A path returned 202. Retrying...
2022-09-21T03:30:55.7965609Z A path returned 202. Retrying...
2022-09-21T03:30:55.7965887Z A path returned 202. Retrying...
2022-09-21T03:30:55.7966164Z A path returned 202. Retrying...
2022-09-21T03:30:55.7966429Z A path returned 202. Retrying...
2022-09-21T03:30:55.7966710Z A path returned 202. Retrying...
2022-09-21T03:30:55.7966990Z A path returned 202. Retrying...
2022-09-21T03:30:55.7967272Z A path returned 202. Retrying...
2022-09-21T03:30:55.7967550Z A path returned 202. Retrying...
2022-09-21T03:30:55.7967827Z A path returned 202. Retrying...
2022-09-21T03:30:55.7968107Z A path returned 202. Retrying...
2022-09-21T03:30:55.7968373Z A path returned 202. Retrying...
2022-09-21T03:30:55.7968651Z A path returned 202. Retrying...
2022-09-21T03:30:55.7968929Z A path returned 202. Retrying...
2022-09-21T03:30:55.7969206Z A path returned 202. Retrying...
2022-09-21T03:30:55.7969491Z A path returned 202. Retrying...
2022-09-21T03:30:55.7969768Z A path returned 202. Retrying...
2022-09-21T03:30:55.7970048Z A path returned 202. Retrying...
2022-09-21T03:30:55.7970326Z A path returned 202. Retrying...
2022-09-21T03:30:55.7970589Z A path returned 202. Retrying...
2022-09-21T03:30:55.7970868Z A path returned 202. Retrying...
2022-09-21T03:30:55.7971147Z A path returned 202. Retrying...
2022-09-21T03:30:55.7971430Z A path returned 202. Retrying...
2022-09-21T03:30:55.7971709Z A path returned 202. Retrying...
2022-09-21T03:30:55.7972085Z A path returned 202. Retrying...
2022-09-21T03:30:55.7972364Z A path returned 202. Retrying...
2022-09-21T03:30:55.7972643Z A path returned 202. Retrying...
2022-09-21T03:30:55.7972911Z A path returned 202. Retrying...
2022-09-21T03:30:55.7973186Z A path returned 202. Retrying...
2022-09-21T03:30:55.7973467Z A path returned 202. Retrying...
2022-09-21T03:30:55.7973745Z A path returned 202. Retrying...
2022-09-21T03:30:55.7974028Z A path returned 202. Retrying...
2022-09-21T03:30:55.7974305Z A path returned 202. Retrying...
2022-09-21T03:30:55.7974584Z A path returned 202. Retrying...
2022-09-21T03:30:55.7974846Z A path returned 202. Retrying...
2022-09-21T03:30:55.7975124Z A path returned 202. Retrying...
2022-09-21T03:30:55.7975400Z A path returned 202. Retrying...
2022-09-21T03:30:55.7975681Z A path returned 202. Retrying...
2022-09-21T03:30:55.7976068Z A path returned 202. Retrying...
2022-09-21T03:30:55.7976346Z A path returned 202. Retrying...
2022-09-21T03:30:55.7976624Z A path returned 202. Retrying...
2022-09-21T03:30:55.7976901Z A path returned 202. Retrying...
2022-09-21T03:30:55.7977166Z A path returned 202. Retrying...
2022-09-21T03:30:55.7977442Z A path returned 202. Retrying...
2022-09-21T03:30:55.7977722Z A path returned 202. Retrying...
2022-09-21T03:30:55.7977999Z A path returned 202. Retrying...
2022-09-21T03:30:55.7978277Z A path returned 202. Retrying...
2022-09-21T03:30:55.7978557Z A path returned 202. Retrying...
2022-09-21T03:30:55.7978899Z A path returned 202. Retrying...
2022-09-21T03:30:55.7979178Z A path returned 202. Retrying...
2022-09-21T03:30:55.7979442Z A path returned 202. Retrying...
2022-09-21T03:30:55.7979718Z A path returned 202. Retrying...
2022-09-21T03:30:55.7979995Z A path returned 202. Retrying...
2022-09-21T03:30:55.7980276Z A path returned 202. Retrying...
2022-09-21T03:30:55.7980554Z A path returned 202. Retrying...
2022-09-21T03:30:55.7980836Z A path returned 202. Retrying...
2022-09-21T03:30:55.7981115Z A path returned 202. Retrying...
2022-09-21T03:30:55.7981378Z A path returned 202. Retrying...
2022-09-21T03:30:55.7981660Z A path returned 202. Retrying...
2022-09-21T03:30:55.7981937Z A path returned 202. Retrying...
2022-09-21T03:30:55.7982215Z A path returned 202. Retrying...
2022-09-21T03:30:55.7982493Z A path returned 202. Retrying...
2022-09-21T03:30:55.7982772Z A path returned 202. Retrying...
2022-09-21T03:30:55.7983049Z A path returned 202. Retrying...
2022-09-21T03:30:55.7983328Z A path returned 202. Retrying...
2022-09-21T03:30:55.7983591Z A path returned 202. Retrying...
2022-09-21T03:30:55.7983866Z A path returned 202. Retrying...
2022-09-21T03:30:55.7984143Z A path returned 202. Retrying...
2022-09-21T03:30:55.7984421Z A path returned 202. Retrying...
2022-09-21T03:30:55.7984701Z A path returned 202. Retrying...
2022-09-21T03:30:55.7984979Z A path returned 202. Retrying...
2022-09-21T03:30:55.7985260Z A path returned 202. Retrying...
2022-09-21T03:30:55.7985537Z A path returned 202. Retrying...
2022-09-21T03:30:55.7985800Z A path returned 202. Retrying...
2022-09-21T03:30:55.7986075Z A path returned 202. Retrying...
2022-09-21T03:30:55.7986351Z A path returned 202. Retrying...
2022-09-21T03:30:55.7986631Z A path returned 202. Retrying...
2022-09-21T03:30:55.7986909Z A path returned 202. Retrying...
2022-09-21T03:30:55.7987186Z A path returned 202. Retrying...
2022-09-21T03:30:55.7987464Z A path returned 202. Retrying...
2022-09-21T03:30:55.7987727Z A path returned 202. Retrying...
2022-09-21T03:30:55.7988008Z A path returned 202. Retrying...
2022-09-21T03:30:55.7988286Z A path returned 202. Retrying...
2022-09-21T03:30:55.7988563Z A path returned 202. Retrying...
2022-09-21T03:30:55.7988843Z A path returned 202. Retrying...
2022-09-21T03:30:55.7989121Z A path returned 202. Retrying...
2022-09-21T03:30:55.7989396Z A path returned 202. Retrying...
2022-09-21T03:30:55.7989672Z A path returned 202. Retrying...
2022-09-21T03:30:55.7989939Z A path returned 202. Retrying...
2022-09-21T03:30:55.7990216Z A path returned 202. Retrying...
2022-09-21T03:30:55.7990496Z A path returned 202. Retrying...
2022-09-21T03:30:55.7990774Z A path returned 202. Retrying...
2022-09-21T03:30:55.7991051Z A path returned 202. Retrying...
2022-09-21T03:30:55.7991331Z A path returned 202. Retrying...
2022-09-21T03:30:55.7991608Z A path returned 202. Retrying...
2022-09-21T03:30:55.7991884Z A path returned 202. Retrying...
2022-09-21T03:30:55.7992146Z A path returned 202. Retrying...
2022-09-21T03:30:55.7992424Z A path returned 202. Retrying...
2022-09-21T03:30:55.7992706Z A path returned 202. Retrying...
2022-09-21T03:30:55.7992984Z A path returned 202. Retrying...
2022-09-21T03:30:55.7993264Z A path returned 202. Retrying...
2022-09-21T03:30:55.7993541Z A path returned 202. Retrying...
2022-09-21T03:30:55.7993818Z A path returned 202. Retrying...
2022-09-21T03:30:55.7994081Z A path returned 202. Retrying...
2022-09-21T03:30:55.7994439Z A path returned 202. Retrying...
2022-09-21T03:30:55.7994715Z A path returned 202. Retrying...
2022-09-21T03:30:55.7994992Z A path returned 202. Retrying...
2022-09-21T03:30:55.7995271Z A path returned 202. Retrying...
2022-09-21T03:30:55.7995549Z A path returned 202. Retrying...
2022-09-21T03:30:55.7995829Z A path returned 202. Retrying...
2022-09-21T03:30:55.7996106Z A path returned 202. Retrying...
2022-09-21T03:30:55.7996370Z A path returned 202. Retrying...
2022-09-21T03:30:55.7996649Z A path returned 202. Retrying...
2022-09-21T03:30:55.7996930Z A path returned 202. Retrying...
2022-09-21T03:30:55.7997263Z A path returned 202. Retrying...
2022-09-21T03:30:55.7997543Z A path returned 202. Retrying...
2022-09-21T03:30:55.7997820Z A path returned 202. Retrying...
2022-09-21T03:30:55.7998096Z A path returned 202. Retrying...
2022-09-21T03:30:55.7998373Z A path returned 202. Retrying...
2022-09-21T03:30:55.7998635Z A path returned 202. Retrying...
2022-09-21T03:30:55.7998910Z A path returned 202. Retrying...
2022-09-21T03:30:55.7999194Z A path returned 202. Retrying...
2022-09-21T03:30:55.7999473Z A path returned 202. Retrying...
2022-09-21T03:30:55.7999752Z A path returned 202. Retrying...
2022-09-21T03:30:55.8000029Z A path returned 202. Retrying...
2022-09-21T03:30:55.8000308Z A path returned 202. Retrying...
2022-09-21T03:30:55.8000573Z A path returned 202. Retrying...
2022-09-21T03:30:55.8000851Z A path returned 202. Retrying...
2022-09-21T03:39:43.4726667Z A path returned 202. Retrying...
2022-09-21T03:39:43.4727052Z A path returned 202. Retrying...
2022-09-21T03:39:43.4727375Z A path returned 202. Retrying...
2022-09-21T03:39:43.4727690Z A path returned 202. Retrying...
2022-09-21T03:39:43.4728133Z A path returned 202. Retrying...
2022-09-21T03:39:43.4728444Z A path returned 202. Retrying...
2022-09-21T03:39:43.4728742Z A path returned 202. Retrying...
2022-09-21T03:39:43.4729052Z A path returned 202. Retrying...
2022-09-21T03:39:43.4729361Z A path returned 202. Retrying...
2022-09-21T03:39:43.4729665Z A path returned 202. Retrying...
2022-09-21T03:39:43.4729980Z A path returned 202. Retrying...
2022-09-21T03:39:43.4730288Z A path returned 202. Retrying...
2022-09-21T03:39:43.4730594Z A path returned 202. Retrying...
2022-09-21T03:39:43.4730902Z A path returned 202. Retrying...
2022-09-21T03:39:43.4731195Z A path returned 202. Retrying...
2022-09-21T03:39:43.4731502Z A path returned 202. Retrying...
2022-09-21T03:39:43.4731806Z A path returned 202. Retrying...
2022-09-21T03:39:43.4732345Z A path returned 202. Retrying...
2022-09-21T03:39:43.4732657Z A path returned 202. Retrying...
2022-09-21T03:39:43.4732973Z A path returned 202. Retrying...
2022-09-21T03:39:43.4733284Z A path returned 202. Retrying...
2022-09-21T03:39:43.4733597Z A path returned 202. Retrying...
2022-09-21T03:39:43.4733891Z A path returned 202. Retrying...
2022-09-21T03:39:43.4734200Z A path returned 202. Retrying...
2022-09-21T03:39:43.4734504Z A path returned 202. Retrying...
2022-09-21T03:39:43.4734810Z A path returned 202. Retrying...
2022-09-21T03:39:43.4735124Z A path returned 202. Retrying...
2022-09-21T03:39:43.4735433Z A path returned 202. Retrying...
2022-09-21T03:39:43.4735738Z A path returned 202. Retrying...
2022-09-21T03:39:43.4736045Z A path returned 202. Retrying...
2022-09-21T03:39:43.4736370Z A path returned 202. Retrying...
2022-09-21T03:39:43.4736675Z A path returned 202. Retrying...
2022-09-21T03:39:43.4736975Z A path returned 202. Retrying...
2022-09-21T03:39:43.4737280Z A path returned 202. Retrying...
2022-09-21T03:39:43.4737583Z A path returned 202. Retrying...
2022-09-21T03:39:43.4737892Z A path returned 202. Retrying...
2022-09-21T03:39:43.4738197Z A path returned 202. Retrying...
2022-09-21T03:39:43.4738488Z A path returned 202. Retrying...
2022-09-21T03:39:43.4738796Z A path returned 202. Retrying...
2022-09-21T03:39:43.4739105Z A path returned 202. Retrying...
2022-09-21T03:39:43.4739408Z A path returned 202. Retrying...
2022-09-21T03:39:43.4739718Z A path returned 202. Retrying...
2022-09-21T03:39:43.4740022Z A path returned 202. Retrying...
2022-09-21T03:39:43.4740701Z A path returned 202. Retrying...
2022-09-21T03:39:43.4741009Z A path returned 202. Retrying...
2022-09-21T03:39:43.4741300Z A path returned 202. Retrying...
2022-09-21T03:39:43.4741605Z A path returned 202. Retrying...
2022-09-21T03:39:43.4741911Z A path returned 202. Retrying...
2022-09-21T03:39:43.4742214Z A path returned 202. Retrying...
2022-09-21T03:39:43.4742509Z A path returned 202. Retrying...
2022-09-21T03:39:43.4742803Z A path returned 202. Retrying...
2022-09-21T03:39:43.4743091Z A path returned 202. Retrying...
2022-09-21T03:39:43.4743480Z A path returned 202. Retrying...
2022-09-21T03:39:43.4743755Z A path returned 202. Retrying...
2022-09-21T03:39:43.4744041Z A path returned 202. Retrying...
2022-09-21T03:39:43.4744329Z A path returned 202. Retrying...
2022-09-21T03:39:43.4744615Z A path returned 202. Retrying...
2022-09-21T03:39:43.4744901Z A path returned 202. Retrying...
2022-09-21T03:39:43.4745189Z A path returned 202. Retrying...
2022-09-21T03:39:43.4745477Z A path returned 202. Retrying...
2022-09-21T03:39:43.4745743Z A path returned 202. Retrying...
2022-09-21T03:39:43.4746023Z A path returned 202. Retrying...
2022-09-21T03:39:43.4746301Z A path returned 202. Retrying...
2022-09-21T03:39:43.4746581Z A path returned 202. Retrying...
2022-09-21T03:39:43.4746860Z A path returned 202. Retrying...
2022-09-21T03:39:43.4747141Z A path returned 202. Retrying...
2022-09-21T03:39:43.4747422Z A path returned 202. Retrying...
2022-09-21T03:39:43.4747697Z A path returned 202. Retrying...
2022-09-21T03:39:43.4747966Z A path returned 202. Retrying...
2022-09-21T03:39:43.4748243Z A path returned 202. Retrying...
2022-09-21T03:39:43.4748522Z A path returned 202. Retrying...
2022-09-21T03:39:43.4748802Z A path returned 202. Retrying...
2022-09-21T03:39:43.4749080Z A path returned 202. Retrying...
2022-09-21T03:39:43.4749360Z A path returned 202. Retrying...
2022-09-21T03:39:43.4749638Z A path returned 202. Retrying...
2022-09-21T03:39:43.4749915Z A path returned 202. Retrying...
2022-09-21T03:39:43.4750181Z A path returned 202. Retrying...
2022-09-21T03:39:43.4750457Z A path returned 202. Retrying...
2022-09-21T03:39:43.4750737Z A path returned 202. Retrying...
2022-09-21T03:39:43.4751014Z A path returned 202. Retrying...
2022-09-21T03:39:43.4751338Z A path returned 202. Retrying...
2022-09-21T03:39:43.4751618Z A path returned 202. Retrying...
2022-09-21T03:39:43.4751900Z A path returned 202. Retrying...
2022-09-21T03:39:43.4752164Z A path returned 202. Retrying...
2022-09-21T03:39:43.4752445Z A path returned 202. Retrying...
2022-09-21T03:39:43.4752729Z A path returned 202. Retrying...
2022-09-21T03:39:43.4753012Z A path returned 202. Retrying...
2022-09-21T03:39:43.4753292Z A path returned 202. Retrying...
2022-09-21T03:39:43.4753572Z A path returned 202. Retrying...
2022-09-21T03:39:43.4753861Z A path returned 202. Retrying...
2022-09-21T03:39:43.4754142Z A path returned 202. Retrying...
2022-09-21T03:39:43.4754411Z A path returned 202. Retrying...
2022-09-21T03:39:43.4754694Z A path returned 202. Retrying...
2022-09-21T03:39:43.4754972Z A path returned 202. Retrying...
2022-09-21T03:39:43.4755249Z A path returned 202. Retrying...
2022-09-21T03:39:43.4755527Z A path returned 202. Retrying...
2022-09-21T03:39:43.4755804Z A path returned 202. Retrying...
2022-09-21T03:39:43.4756080Z A path returned 202. Retrying...
2022-09-21T03:39:43.4756357Z A path returned 202. Retrying...
2022-09-21T03:39:43.4756621Z A path returned 202. Retrying...
2022-09-21T03:39:43.4756896Z A path returned 202. Retrying...
2022-09-21T03:39:43.4757179Z A path returned 202. Retrying...
2022-09-21T03:39:43.4757456Z A path returned 202. Retrying...
2022-09-21T03:39:43.4757735Z A path returned 202. Retrying...
2022-09-21T03:39:43.4758012Z A path returned 202. Retrying...
2022-09-21T03:39:43.4758288Z A path returned 202. Retrying...
2022-09-21T03:39:43.4758551Z A path returned 202. Retrying...
2022-09-21T03:39:43.4758830Z A path returned 202. Retrying...
2022-09-21T03:39:43.4759111Z A path returned 202. Retrying...
2022-09-21T03:39:43.4759493Z A path returned 202. Retrying...
2022-09-21T03:39:43.4759774Z A path returned 202. Retrying...
2022-09-21T03:39:43.4760055Z A path returned 202. Retrying...
2022-09-21T03:39:43.4760337Z A path returned 202. Retrying...
2022-09-21T03:39:43.4760619Z A path returned 202. Retrying...
2022-09-21T03:39:43.4760884Z A path returned 202. Retrying...
2022-09-21T03:39:43.4761164Z A path returned 202. Retrying...
2022-09-21T03:39:43.4761447Z A path returned 202. Retrying...
2022-09-21T03:39:43.4761729Z A path returned 202. Retrying...
2022-09-21T03:39:43.4762089Z A path returned 202. Retrying...
2022-09-21T03:39:43.4762374Z A path returned 202. Retrying...
2022-09-21T03:39:43.4762654Z A path returned 202. Retrying...
2022-09-21T03:39:43.4762934Z A path returned 202. Retrying...
2022-09-21T03:39:43.4763199Z A path returned 202. Retrying...
2022-09-21T03:39:43.4763479Z A path returned 202. Retrying...
2022-09-21T03:39:43.4763762Z A path returned 202. Retrying...
2022-09-21T03:39:43.4764046Z A path returned 202. Retrying...
2022-09-21T03:39:43.4764328Z A path returned 202. Retrying...
2022-09-21T03:39:43.4764606Z A path returned 202. Retrying...
2022-09-21T03:39:43.4764883Z A path returned 202. Retrying...
2022-09-21T03:39:43.4765149Z A path returned 202. Retrying...
2022-09-21T03:39:43.4765428Z A path returned 202. Retrying...
2022-09-21T03:39:43.4765707Z A path returned 202. Retrying...
2022-09-21T03:39:43.4765985Z A path returned 202. Retrying...
2022-09-21T03:39:43.4766265Z A path returned 202. Retrying...
2022-09-21T03:39:43.4766577Z A path returned 202. Retrying...
2022-09-21T03:39:43.4766856Z A path returned 202. Retrying...
2022-09-21T03:39:43.4767133Z A path returned 202. Retrying...
2022-09-21T03:39:43.4767399Z A path returned 202. Retrying...
2022-09-21T03:39:43.4767677Z A path returned 202. Retrying...
2022-09-21T03:39:43.4767962Z A path returned 202. Retrying...
2022-09-21T03:39:43.4768242Z A path returned 202. Retrying...
2022-09-21T03:39:43.4768520Z A path returned 202. Retrying...
2022-09-21T03:39:43.4768801Z A path returned 202. Retrying...
2022-09-21T03:39:43.4769083Z A path returned 202. Retrying...
2022-09-21T03:39:43.4769358Z A path returned 202. Retrying...
2022-09-21T03:39:43.4769621Z A path returned 202. Retrying...
2022-09-21T03:39:43.4769901Z A path returned 202. Retrying...
2022-09-21T03:39:43.4770178Z A path returned 202. Retrying...
2022-09-21T03:39:43.4770458Z A path returned 202. Retrying...
2022-09-21T03:39:43.4770735Z A path returned 202. Retrying...
2022-09-21T03:39:43.4771016Z A path returned 202. Retrying...
2022-09-21T03:39:43.4771298Z A path returned 202. Retrying...
2022-09-21T03:39:43.4771563Z A path returned 202. Retrying...
2022-09-21T03:39:43.4771843Z A path returned 202. Retrying...
2022-09-21T03:39:43.4772267Z A path returned 202. Retrying...
2022-09-21T03:39:43.4772555Z A path returned 202. Retrying...
2022-09-21T03:39:43.4772841Z A path returned 202. Retrying...
2022-09-21T03:39:43.4773441Z A path returned 202. Retrying...
2022-09-21T03:39:43.4773969Z A path returned 202. Retrying...
2022-09-21T03:39:43.4774323Z A path returned 202. Retrying...
2022-09-21T03:39:43.4774591Z A path returned 202. Retrying...
2022-09-21T03:39:43.4774871Z A path returned 202. Retrying...
2022-09-21T03:39:43.4775156Z A path returned 202. Retrying...
2022-09-21T03:39:43.4775437Z A path returned 202. Retrying...
2022-09-21T03:39:43.4775719Z A path returned 202. Retrying...
2022-09-21T03:39:43.4776002Z A path returned 202. Retrying...
2022-09-21T03:39:43.4776282Z A path returned 202. Retrying...
2022-09-21T03:39:43.4776563Z A path returned 202. Retrying...
2022-09-21T03:39:43.4776830Z A path returned 202. Retrying...
2022-09-21T03:39:43.4777108Z A path returned 202. Retrying...
2022-09-21T03:39:43.4777467Z A path returned 202. Retrying...
2022-09-21T03:39:43.4777862Z A path returned 202. Retrying...
2022-09-21T03:39:43.4778228Z A path returned 202. Retrying...
2022-09-21T03:39:43.4778790Z A path returned 202. Retrying...
2022-09-21T03:39:43.4779170Z A path returned 202. Retrying...
2022-09-21T03:39:43.4779641Z A path returned 202. Retrying...
2022-09-21T03:39:43.4780011Z A path returned 202. Retrying...
2022-09-21T03:39:43.4780378Z A path returned 202. Retrying...
2022-09-21T03:39:43.4780806Z A path returned 202. Retrying...
2022-09-21T03:39:43.4781171Z A path returned 202. Retrying...
2022-09-21T03:39:43.4781535Z A path returned 202. Retrying...
2022-09-21T03:39:43.4781894Z A path returned 202. Retrying...
2022-09-21T03:39:43.4782300Z A path returned 202. Retrying...
2022-09-21T03:39:43.4782610Z A path returned 202. Retrying...
2022-09-21T03:39:43.4817736Z A path returned 202. Retrying...
2022-09-21T03:39:43.4818071Z A path returned 202. Retrying...
2022-09-21T03:39:43.4818356Z A path returned 202. Retrying...
2022-09-21T03:39:43.4818627Z A path returned 202. Retrying...
2022-09-21T03:39:43.4818895Z A path returned 202. Retrying...
2022-09-21T03:39:43.4819165Z A path returned 202. Retrying...
2022-09-21T03:39:43.4819435Z A path returned 202. Retrying...
2022-09-21T03:39:43.4819717Z A path returned 202. Retrying...
2022-09-21T03:39:43.4819984Z A path returned 202. Retrying...
2022-09-21T03:39:43.4820256Z A path returned 202. Retrying...
2022-09-21T03:39:43.4820534Z A path returned 202. Retrying...
2022-09-21T03:39:43.4820797Z A path returned 202. Retrying...
2022-09-21T03:39:43.4821064Z A path returned 202. Retrying...
2022-09-21T03:39:43.4821336Z A path returned 202. Retrying...
2022-09-21T03:39:43.4821604Z A path returned 202. Retrying...
2022-09-21T03:39:43.4821873Z A path returned 202. Retrying...
2022-09-21T03:39:43.4822144Z A path returned 202. Retrying...
2022-09-21T03:39:43.4822421Z A path returned 202. Retrying...
2022-09-21T03:39:43.4822684Z A path returned 202. Retrying...
2022-09-21T03:39:43.4822964Z A path returned 202. Retrying...
2022-09-21T03:39:43.4823238Z A path returned 202. Retrying...
2022-09-21T03:39:43.4823502Z A path returned 202. Retrying...
2022-09-21T03:39:43.4823773Z A path returned 202. Retrying...
2022-09-21T03:39:43.4824049Z A path returned 202. Retrying...
2022-09-21T03:39:43.4824327Z A path returned 202. Retrying...
2022-09-21T03:39:43.4824603Z A path returned 202. Retrying...
2022-09-21T03:39:43.4824867Z A path returned 202. Retrying...
2022-09-21T03:39:43.4825142Z A path returned 202. Retrying...
2022-09-21T03:39:43.4825417Z A path returned 202. Retrying...
2022-09-21T03:39:43.4825695Z A path returned 202. Retrying...
2022-09-21T03:39:43.4825970Z A path returned 202. Retrying...
2022-09-21T03:39:43.4826246Z A path returned 202. Retrying...
2022-09-21T03:39:43.4826510Z A path returned 202. Retrying...
2022-09-21T03:39:43.4826780Z A path returned 202. Retrying...
2022-09-21T03:39:43.4827040Z A path returned 202. Retrying...
2022-09-21T03:39:43.4827310Z A path returned 202. Retrying...
2022-09-21T03:39:43.4827577Z A path returned 202. Retrying...
2022-09-21T03:39:43.4827855Z A path returned 202. Retrying...
2022-09-21T03:39:43.4828136Z A path returned 202. Retrying...
2022-09-21T03:39:43.4828412Z A path returned 202. Retrying...
2022-09-21T03:39:43.4828693Z A path returned 202. Retrying...
2022-09-21T03:39:43.4828954Z A path returned 202. Retrying...
2022-09-21T03:39:43.4829229Z A path returned 202. Retrying...
2022-09-21T03:39:43.4829504Z A path returned 202. Retrying...
2022-09-21T03:39:43.4829780Z A path returned 202. Retrying...
2022-09-21T03:39:43.4830058Z A path returned 202. Retrying...
2022-09-21T03:39:43.4830331Z A path returned 202. Retrying...
2022-09-21T03:39:43.4830678Z A path returned 202. Retrying...
2022-09-21T03:39:43.4830918Z A path returned 202. Retrying...
2022-09-21T03:39:43.4831150Z A path returned 202. Retrying...
2022-09-21T03:39:43.4831395Z A path returned 202. Retrying...
2022-09-21T03:39:43.4831635Z A path returned 202. Retrying...
2022-09-21T03:39:43.4831877Z A path returned 202. Retrying...
2022-09-21T03:39:43.4832121Z A path returned 202. Retrying...
2022-09-21T03:39:43.4832362Z A path returned 202. Retrying...
2022-09-21T03:39:43.4832603Z A path returned 202. Retrying...
2022-09-21T03:39:43.4832841Z A path returned 202. Retrying...
2022-09-21T03:39:43.4833175Z A path returned 202. Retrying...
2022-09-21T03:39:43.4833423Z A path returned 202. Retrying...
2022-09-21T03:39:43.4833670Z A path returned 202. Retrying...
2022-09-21T03:39:43.4833920Z A path returned 202. Retrying...
2022-09-21T03:39:43.4834168Z A path returned 202. Retrying...
2022-09-21T03:39:43.4834415Z A path returned 202. Retrying...
2022-09-21T03:39:43.4834661Z A path returned 202. Retrying...
2022-09-21T03:48:30.4380369Z A path returned 202. Retrying...
2022-09-21T03:48:30.4383065Z A path returned 202. Retrying...
2022-09-21T03:48:30.4383954Z A path returned 202. Retrying...
2022-09-21T03:48:30.4384269Z A path returned 202. Retrying...
2022-09-21T03:48:30.4384652Z A path returned 202. Retrying...
2022-09-21T03:48:30.4384940Z A path returned 202. Retrying...
2022-09-21T03:48:30.4385227Z A path returned 202. Retrying...
2022-09-21T03:48:30.4385519Z A path returned 202. Retrying...
2022-09-21T03:48:30.4385809Z A path returned 202. Retrying...
2022-09-21T03:48:30.4386090Z A path returned 202. Retrying...
2022-09-21T03:48:30.4386374Z A path returned 202. Retrying...
2022-09-21T03:48:30.4386658Z A path returned 202. Retrying...
2022-09-21T03:48:30.4386947Z A path returned 202. Retrying...
2022-09-21T03:48:30.4387229Z A path returned 202. Retrying...
2022-09-21T03:48:30.4387762Z A path returned 202. Retrying...
2022-09-21T03:48:30.4388052Z A path returned 202. Retrying...
2022-09-21T03:48:30.4388343Z A path returned 202. Retrying...
2022-09-21T03:48:30.4388617Z A path returned 202. Retrying...
2022-09-21T03:48:30.4388998Z A path returned 202. Retrying...
2022-09-21T03:48:30.4389295Z A path returned 202. Retrying...
2022-09-21T03:48:30.4389581Z A path returned 202. Retrying...
2022-09-21T03:48:30.4389991Z A path returned 202. Retrying...
2022-09-21T03:48:30.4390277Z A path returned 202. Retrying...
2022-09-21T03:48:30.4390560Z A path returned 202. Retrying...
2022-09-21T03:48:30.4390844Z A path returned 202. Retrying...
2022-09-21T03:48:30.4391114Z A path returned 202. Retrying...
2022-09-21T03:48:30.4391402Z A path returned 202. Retrying...
2022-09-21T03:48:30.4391685Z A path returned 202. Retrying...
2022-09-21T03:48:30.4391966Z A path returned 202. Retrying...
2022-09-21T03:48:30.4392248Z A path returned 202. Retrying...
2022-09-21T03:48:30.4392535Z A path returned 202. Retrying...
2022-09-21T03:48:30.4392818Z A path returned 202. Retrying...
2022-09-21T03:48:30.4393087Z A path returned 202. Retrying...
2022-09-21T03:48:30.4393372Z A path returned 202. Retrying...
2022-09-21T03:48:30.4393655Z A path returned 202. Retrying...
2022-09-21T03:48:30.4393955Z A path returned 202. Retrying...
2022-09-21T03:48:30.4394238Z A path returned 202. Retrying...
2022-09-21T03:48:30.4394519Z A path returned 202. Retrying...
2022-09-21T03:48:30.4394804Z A path returned 202. Retrying...
2022-09-21T03:48:30.4395087Z A path returned 202. Retrying...
2022-09-21T03:48:30.4395351Z A path returned 202. Retrying...
2022-09-21T03:48:30.4395635Z A path returned 202. Retrying...
2022-09-21T03:48:30.4395925Z A path returned 202. Retrying...
2022-09-21T03:48:30.4396207Z A path returned 202. Retrying...
2022-09-21T03:48:30.4396488Z A path returned 202. Retrying...
2022-09-21T03:48:30.4396765Z A path returned 202. Retrying...
2022-09-21T03:48:30.4397048Z A path returned 202. Retrying...
2022-09-21T03:48:30.4397329Z A path returned 202. Retrying...
2022-09-21T03:48:30.4397598Z A path returned 202. Retrying...
2022-09-21T03:48:30.4397879Z A path returned 202. Retrying...
2022-09-21T03:48:30.4398162Z A path returned 202. Retrying...
2022-09-21T03:48:30.4398445Z A path returned 202. Retrying...
2022-09-21T03:48:30.4398737Z A path returned 202. Retrying...
2022-09-21T03:48:30.4399024Z A path returned 202. Retrying...
2022-09-21T03:48:30.4399302Z A path returned 202. Retrying...
2022-09-21T03:48:30.4399567Z A path returned 202. Retrying...
2022-09-21T03:48:30.4399852Z A path returned 202. Retrying...
2022-09-21T03:48:30.4400131Z A path returned 202. Retrying...
2022-09-21T03:48:30.4400409Z A path returned 202. Retrying...
2022-09-21T03:48:30.4400858Z A path returned 202. Retrying...
2022-09-21T03:48:30.4401143Z A path returned 202. Retrying...
2022-09-21T03:48:30.4401430Z A path returned 202. Retrying...
2022-09-21T03:48:30.4401716Z A path returned 202. Retrying...
2022-09-21T03:48:30.4401986Z A path returned 202. Retrying...
2022-09-21T03:48:30.4402270Z A path returned 202. Retrying...
2022-09-21T03:48:30.4402554Z A path returned 202. Retrying...
2022-09-21T03:48:30.4402839Z A path returned 202. Retrying...
2022-09-21T03:48:30.4403123Z A path returned 202. Retrying...
2022-09-21T03:48:30.4403485Z A path returned 202. Retrying...
2022-09-21T03:48:30.4403775Z A path returned 202. Retrying...
2022-09-21T03:48:30.4404056Z A path returned 202. Retrying...
2022-09-21T03:48:30.4404323Z A path returned 202. Retrying...
2022-09-21T03:48:30.4404601Z A path returned 202. Retrying...
2022-09-21T03:48:30.4404880Z A path returned 202. Retrying...
2022-09-21T03:48:30.4405160Z A path returned 202. Retrying...
2022-09-21T03:48:30.4405445Z A path returned 202. Retrying...
2022-09-21T03:48:30.4405725Z A path returned 202. Retrying...
2022-09-21T03:48:30.4406007Z A path returned 202. Retrying...
2022-09-21T03:48:30.4406275Z A path returned 202. Retrying...
2022-09-21T03:48:30.4406562Z A path returned 202. Retrying...
2022-09-21T03:48:30.4406850Z A path returned 202. Retrying...
2022-09-21T03:48:30.4407135Z A path returned 202. Retrying...
2022-09-21T03:48:30.4407413Z A path returned 202. Retrying...
2022-09-21T03:48:30.4407697Z A path returned 202. Retrying...
2022-09-21T03:48:30.4407977Z A path returned 202. Retrying...
2022-09-21T03:48:30.4408270Z A path returned 202. Retrying...
2022-09-21T03:48:30.4408539Z A path returned 202. Retrying...
2022-09-21T03:48:30.4408818Z A path returned 202. Retrying...
2022-09-21T03:48:30.4409098Z A path returned 202. Retrying...
2022-09-21T03:48:30.4409373Z A path returned 202. Retrying...
2022-09-21T03:48:30.4409652Z A path returned 202. Retrying...
2022-09-21T03:48:30.4409930Z A path returned 202. Retrying...
2022-09-21T03:48:30.4410216Z A path returned 202. Retrying...
2022-09-21T03:48:30.4410500Z A path returned 202. Retrying...
2022-09-21T03:48:30.4410766Z A path returned 202. Retrying...
2022-09-21T03:48:30.4411045Z A path returned 202. Retrying...
2022-09-21T03:48:30.4411326Z A path returned 202. Retrying...
2022-09-21T03:48:30.4411608Z A path returned 202. Retrying...
2022-09-21T03:48:30.4412350Z A path returned 202. Retrying...
2022-09-21T03:48:30.4412647Z A path returned 202. Retrying...
2022-09-21T03:48:30.4412931Z A path returned 202. Retrying...
2022-09-21T03:48:30.4413204Z A path returned 202. Retrying...
2022-09-21T03:48:30.4413571Z A path returned 202. Retrying...
2022-09-21T03:48:30.4413825Z A path returned 202. Retrying...
2022-09-21T03:48:30.4414077Z A path returned 202. Retrying...
2022-09-21T03:48:30.4414331Z A path returned 202. Retrying...
2022-09-21T03:48:30.4414577Z A path returned 202. Retrying...
2022-09-21T03:48:30.4414827Z A path returned 202. Retrying...
2022-09-21T03:48:30.4415076Z A path returned 202. Retrying...
2022-09-21T03:48:30.4415308Z A path returned 202. Retrying...
2022-09-21T03:48:30.4415551Z A path returned 202. Retrying...
2022-09-21T03:48:30.4415796Z A path returned 202. Retrying...
2022-09-21T03:48:30.4416040Z A path returned 202. Retrying...
2022-09-21T03:48:30.4416282Z A path returned 202. Retrying...
2022-09-21T03:48:30.4416528Z A path returned 202. Retrying...
2022-09-21T03:48:30.4416778Z A path returned 202. Retrying...
2022-09-21T03:48:30.4417024Z A path returned 202. Retrying...
2022-09-21T03:48:30.4417255Z A path returned 202. Retrying...
2022-09-21T03:48:30.4417499Z A path returned 202. Retrying...
2022-09-21T03:48:30.4417743Z A path returned 202. Retrying...
2022-09-21T03:48:30.4417988Z A path returned 202. Retrying...
2022-09-21T03:48:30.4418232Z A path returned 202. Retrying...
2022-09-21T03:48:30.4418477Z A path returned 202. Retrying...
2022-09-21T03:48:30.4418720Z A path returned 202. Retrying...
2022-09-21T03:48:30.4418955Z A path returned 202. Retrying...
2022-09-21T03:48:30.4419336Z A path returned 202. Retrying...
2022-09-21T03:48:30.4419583Z A path returned 202. Retrying...
2022-09-21T03:48:30.4419830Z A path returned 202. Retrying...
2022-09-21T03:48:30.4420084Z A path returned 202. Retrying...
2022-09-21T03:48:30.4420336Z A path returned 202. Retrying...
2022-09-21T03:48:30.4420583Z A path returned 202. Retrying...
2022-09-21T03:48:30.4420830Z A path returned 202. Retrying...
2022-09-21T03:48:30.4421060Z A path returned 202. Retrying...
2022-09-21T03:48:30.4421303Z A path returned 202. Retrying...
2022-09-21T03:48:30.4421619Z A path returned 202. Retrying...
2022-09-21T03:48:30.4421870Z A path returned 202. Retrying...
2022-09-21T03:48:30.4422114Z A path returned 202. Retrying...
2022-09-21T03:48:30.4422359Z A path returned 202. Retrying...
2022-09-21T03:48:30.4422606Z A path returned 202. Retrying...
2022-09-21T03:48:30.4422852Z A path returned 202. Retrying...
2022-09-21T03:48:30.4423089Z A path returned 202. Retrying...
2022-09-21T03:48:30.4423345Z A path returned 202. Retrying...
2022-09-21T03:48:30.4423594Z A path returned 202. Retrying...
2022-09-21T03:48:30.4423842Z A path returned 202. Retrying...
2022-09-21T03:48:30.4424087Z A path returned 202. Retrying...
2022-09-21T03:48:30.4424333Z A path returned 202. Retrying...
2022-09-21T03:48:30.4424583Z A path returned 202. Retrying...
2022-09-21T03:48:30.4424815Z A path returned 202. Retrying...
2022-09-21T03:48:30.4425058Z A path returned 202. Retrying...
2022-09-21T03:48:30.4425302Z A path returned 202. Retrying...
2022-09-21T03:48:30.4425551Z A path returned 202. Retrying...
2022-09-21T03:48:30.4425803Z A path returned 202. Retrying...
2022-09-21T03:48:30.4426053Z A path returned 202. Retrying...
2022-09-21T03:48:30.4426296Z A path returned 202. Retrying...
2022-09-21T03:48:30.4426544Z A path returned 202. Retrying...
2022-09-21T03:48:30.4426778Z A path returned 202. Retrying...
2022-09-21T03:48:30.4427030Z A path returned 202. Retrying...
2022-09-21T03:48:30.4427276Z A path returned 202. Retrying...
2022-09-21T03:48:30.4427525Z A path returned 202. Retrying...
2022-09-21T03:48:30.4427772Z A path returned 202. Retrying...
2022-09-21T03:48:30.4428025Z A path returned 202. Retrying...
2022-09-21T03:48:30.4428270Z A path returned 202. Retrying...
2022-09-21T03:48:30.4428515Z A path returned 202. Retrying...
2022-09-21T03:48:30.4428746Z A path returned 202. Retrying...
2022-09-21T03:48:30.4428990Z A path returned 202. Retrying...
2022-09-21T03:48:30.4429235Z A path returned 202. Retrying...
2022-09-21T03:48:30.4429481Z A path returned 202. Retrying...
2022-09-21T03:48:30.4429729Z A path returned 202. Retrying...
2022-09-21T03:48:30.4429975Z A path returned 202. Retrying...
2022-09-21T03:48:30.4430220Z A path returned 202. Retrying...
2022-09-21T03:48:30.4430452Z A path returned 202. Retrying...
2022-09-21T03:48:30.4430697Z A path returned 202. Retrying...
2022-09-21T03:48:30.4430940Z A path returned 202. Retrying...
2022-09-21T03:48:30.4431184Z A path returned 202. Retrying...
2022-09-21T03:48:30.4431434Z A path returned 202. Retrying...
2022-09-21T03:48:30.4431679Z A path returned 202. Retrying...
2022-09-21T03:48:30.4431925Z A path returned 202. Retrying...
2022-09-21T03:48:30.4432174Z A path returned 202. Retrying...
2022-09-21T03:48:30.4432404Z A path returned 202. Retrying...
2022-09-21T03:48:30.4432649Z A path returned 202. Retrying...
2022-09-21T03:48:30.4432892Z A path returned 202. Retrying...
2022-09-21T03:48:30.4433140Z A path returned 202. Retrying...
2022-09-21T03:48:30.4433388Z A path returned 202. Retrying...
2022-09-21T03:48:30.4433635Z A path returned 202. Retrying...
2022-09-21T03:48:30.4433885Z A path returned 202. Retrying...
2022-09-21T03:48:30.4434135Z A path returned 202. Retrying...
2022-09-21T03:48:30.4434369Z A path returned 202. Retrying...
2022-09-21T03:48:30.4434610Z A path returned 202. Retrying...
2022-09-21T03:48:30.4434854Z A path returned 202. Retrying...
2022-09-21T03:48:30.4435101Z A path returned 202. Retrying...
2022-09-21T03:48:30.4435346Z A path returned 202. Retrying...
2022-09-21T03:48:30.4435694Z A path returned 202. Retrying...
2022-09-21T03:48:30.4435942Z A path returned 202. Retrying...
2022-09-21T03:48:30.4436191Z A path returned 202. Retrying...
2022-09-21T03:48:30.4436424Z A path returned 202. Retrying...
2022-09-21T03:48:30.4436670Z A path returned 202. Retrying...
2022-09-21T03:48:30.4436917Z A path returned 202. Retrying...
2022-09-21T03:48:30.4437164Z A path returned 202. Retrying...
2022-09-21T03:48:30.4437412Z A path returned 202. Retrying...
2022-09-21T03:48:30.4437656Z A path returned 202. Retrying...
2022-09-21T03:48:30.4437963Z A path returned 202. Retrying...
2022-09-21T03:48:30.4438198Z A path returned 202. Retrying...
2022-09-21T03:48:30.4438446Z A path returned 202. Retrying...
2022-09-21T03:48:30.4438696Z A path returned 202. Retrying...
2022-09-21T03:48:30.4438975Z A path returned 202. Retrying...
2022-09-21T03:48:30.4439218Z A path returned 202. Retrying...
2022-09-21T03:48:30.4439466Z A path returned 202. Retrying...
2022-09-21T03:48:30.4439721Z A path returned 202. Retrying...
2022-09-21T03:48:30.4439966Z A path returned 202. Retrying...
2022-09-21T03:48:30.4440196Z A path returned 202. Retrying...
2022-09-21T03:48:30.4440442Z A path returned 202. Retrying...
2022-09-21T03:48:30.4440690Z A path returned 202. Retrying...
2022-09-21T03:48:30.4440941Z A path returned 202. Retrying...
2022-09-21T03:48:30.4441186Z A path returned 202. Retrying...
2022-09-21T03:48:30.4441432Z A path returned 202. Retrying...
2022-09-21T03:48:30.4441677Z A path returned 202. Retrying...
2022-09-21T03:48:30.4441923Z A path returned 202. Retrying...
2022-09-21T03:48:30.4442156Z A path returned 202. Retrying...
2022-09-21T03:48:30.4442399Z A path returned 202. Retrying...
2022-09-21T03:48:30.4442645Z A path returned 202. Retrying...
2022-09-21T03:48:30.4442899Z A path returned 202. Retrying...
2022-09-21T03:48:30.4443148Z A path returned 202. Retrying...
2022-09-21T03:48:30.4443393Z A path returned 202. Retrying...
2022-09-21T03:48:30.4443637Z A path returned 202. Retrying...
2022-09-21T03:48:30.4443875Z A path returned 202. Retrying...
2022-09-21T03:48:30.4444126Z A path returned 202. Retrying...
2022-09-21T03:48:30.4444375Z A path returned 202. Retrying...
2022-09-21T03:48:30.4444620Z A path returned 202. Retrying...
2022-09-21T03:48:30.4444865Z A path returned 202. Retrying...
2022-09-21T03:48:30.4445110Z A path returned 202. Retrying...
2022-09-21T03:48:30.4445354Z A path returned 202. Retrying...
2022-09-21T03:48:30.4445597Z A path returned 202. Retrying...
2022-09-21T03:48:30.4445826Z A path returned 202. Retrying...
2022-09-21T03:48:30.4446073Z A path returned 202. Retrying...
2022-09-21T03:48:30.4446321Z A path returned 202. Retrying...
2022-09-21T03:48:30.4446565Z A path returned 202. Retrying...
2022-09-21T03:48:30.4446811Z A path returned 202. Retrying...
2022-09-21T03:48:30.4447057Z A path returned 202. Retrying...
2022-09-21T03:48:30.4447305Z A path returned 202. Retrying...
2022-09-21T03:48:30.4447552Z A path returned 202. Retrying...
2022-09-21T03:48:30.4447787Z A path returned 202. Retrying...
2022-09-21T03:48:30.4448029Z A path returned 202. Retrying...
2022-09-21T03:48:30.4448275Z A path returned 202. Retrying...
2022-09-21T03:48:30.4448522Z A path returned 202. Retrying...
2022-09-21T03:48:30.4448768Z A path returned 202. Retrying...
2022-09-21T03:48:30.4449012Z A path returned 202. Retrying...
2022-09-21T03:48:30.4449256Z A path returned 202. Retrying...
2022-09-21T03:48:30.4449489Z A path returned 202. Retrying...
2022-09-21T03:57:20.1680350Z A path returned 202. Retrying...
2022-09-21T03:57:20.1680826Z A path returned 202. Retrying...
2022-09-21T03:57:20.1681141Z A path returned 202. Retrying...
2022-09-21T03:57:20.1681432Z A path returned 202. Retrying...
2022-09-21T03:57:20.1681704Z A path returned 202. Retrying...
2022-09-21T03:57:20.1681987Z A path returned 202. Retrying...
2022-09-21T03:57:20.1682269Z A path returned 202. Retrying...
2022-09-21T03:57:20.1682548Z A path returned 202. Retrying...
2022-09-21T03:57:20.1682831Z A path returned 202. Retrying...
2022-09-21T03:57:20.1691135Z A path returned 202. Retrying...
2022-09-21T03:57:20.1691837Z A path returned 202. Retrying...
2022-09-21T03:57:20.1693056Z A path returned 202. Retrying...
2022-09-21T03:57:20.1693739Z A path returned 202. Retrying...
2022-09-21T03:57:20.1694441Z A path returned 202. Retrying...
2022-09-21T03:57:20.1695141Z A path returned 202. Retrying...
2022-09-21T03:57:20.1695839Z A path returned 202. Retrying...
2022-09-21T03:57:20.1696532Z A path returned 202. Retrying...
2022-09-21T03:57:20.1697005Z A path returned 202. Retrying...
2022-09-21T03:57:20.1697384Z A path returned 202. Retrying...
2022-09-21T03:57:20.1697623Z A path returned 202. Retrying...
2022-09-21T03:57:20.1697873Z A path returned 202. Retrying...
2022-09-21T03:57:20.1698117Z A path returned 202. Retrying...
2022-09-21T03:57:20.1698367Z A path returned 202. Retrying...
2022-09-21T03:57:20.1698615Z A path returned 202. Retrying...
2022-09-21T03:57:20.1698863Z A path returned 202. Retrying...
2022-09-21T03:57:20.1699109Z A path returned 202. Retrying...
2022-09-21T03:57:20.1699357Z A path returned 202. Retrying...
2022-09-21T03:57:20.1699588Z A path returned 202. Retrying...
2022-09-21T03:57:20.1699829Z A path returned 202. Retrying...
2022-09-21T03:57:20.1700073Z A path returned 202. Retrying...
2022-09-21T03:57:20.1700316Z A path returned 202. Retrying...
2022-09-21T03:57:20.1700558Z A path returned 202. Retrying...
2022-09-21T03:57:20.1700812Z A path returned 202. Retrying...
2022-09-21T03:57:20.1701057Z A path returned 202. Retrying...
2022-09-21T03:57:20.1701303Z A path returned 202. Retrying...
2022-09-21T03:57:20.1701551Z A path returned 202. Retrying...
2022-09-21T03:57:20.1701797Z A path returned 202. Retrying...
2022-09-21T03:57:20.1702029Z A path returned 202. Retrying...
2022-09-21T03:57:20.1702271Z A path returned 202. Retrying...
2022-09-21T03:57:20.1702514Z A path returned 202. Retrying...
2022-09-21T03:57:20.1702762Z A path returned 202. Retrying...
2022-09-21T03:57:20.1703009Z A path returned 202. Retrying...
2022-09-21T03:57:20.1703259Z A path returned 202. Retrying...
2022-09-21T03:57:20.1703505Z A path returned 202. Retrying...
2022-09-21T03:57:20.1703752Z A path returned 202. Retrying...
2022-09-21T03:57:20.1703983Z A path returned 202. Retrying...
2022-09-21T03:57:20.1704228Z A path returned 202. Retrying...
2022-09-21T03:57:20.1704471Z A path returned 202. Retrying...
2022-09-21T03:57:20.1704716Z A path returned 202. Retrying...
2022-09-21T03:57:20.1704960Z A path returned 202. Retrying...
2022-09-21T03:57:20.1705204Z A path returned 202. Retrying...
2022-09-21T03:57:20.1705453Z A path returned 202. Retrying...
2022-09-21T03:57:20.1705683Z A path returned 202. Retrying...
2022-09-21T03:57:20.1705928Z A path returned 202. Retrying...
2022-09-21T03:57:20.1706171Z A path returned 202. Retrying...
2022-09-21T03:57:20.1706413Z A path returned 202. Retrying...
2022-09-21T03:57:20.1706656Z A path returned 202. Retrying...
2022-09-21T03:57:20.1706904Z A path returned 202. Retrying...
2022-09-21T03:57:20.1707148Z A path returned 202. Retrying...
2022-09-21T03:57:20.1707397Z A path returned 202. Retrying...
2022-09-21T03:57:20.1707629Z A path returned 202. Retrying...
2022-09-21T03:57:20.1707876Z A path returned 202. Retrying...
2022-09-21T03:57:20.1708118Z A path returned 202. Retrying...
2022-09-21T03:57:20.1708361Z A path returned 202. Retrying...
2022-09-21T03:57:20.1708605Z A path returned 202. Retrying...
2022-09-21T03:57:20.1708848Z A path returned 202. Retrying...
2022-09-21T03:57:20.1709092Z A path returned 202. Retrying...
2022-09-21T03:57:20.1709337Z A path returned 202. Retrying...
2022-09-21T03:57:20.1709572Z A path returned 202. Retrying...
2022-09-21T03:57:20.1709816Z A path returned 202. Retrying...
2022-09-21T03:57:20.1710063Z A path returned 202. Retrying...
2022-09-21T03:57:20.1710305Z A path returned 202. Retrying...
2022-09-21T03:57:20.1710548Z A path returned 202. Retrying...
2022-09-21T03:57:20.1710791Z A path returned 202. Retrying...
2022-09-21T03:57:20.1711036Z A path returned 202. Retrying...
2022-09-21T03:57:20.1711355Z A path returned 202. Retrying...
2022-09-21T03:57:20.1711600Z A path returned 202. Retrying...
2022-09-21T03:57:20.1711844Z A path returned 202. Retrying...
2022-09-21T03:57:20.1712089Z A path returned 202. Retrying...
2022-09-21T03:57:20.1712334Z A path returned 202. Retrying...
2022-09-21T03:57:20.1712576Z A path returned 202. Retrying...
2022-09-21T03:57:20.1712818Z A path returned 202. Retrying...
2022-09-21T03:57:20.1713062Z A path returned 202. Retrying...
2022-09-21T03:57:20.1713291Z A path returned 202. Retrying...
2022-09-21T03:57:20.1713591Z A path returned 202. Retrying...
2022-09-21T03:57:20.1713839Z A path returned 202. Retrying...
2022-09-21T03:57:20.1714085Z A path returned 202. Retrying...
2022-09-21T03:57:20.1714329Z A path returned 202. Retrying...
2022-09-21T03:57:20.1714575Z A path returned 202. Retrying...
2022-09-21T03:57:20.1714820Z A path returned 202. Retrying...
2022-09-21T03:57:20.1715064Z A path returned 202. Retrying...
2022-09-21T03:57:20.1715295Z A path returned 202. Retrying...
2022-09-21T03:57:20.1715543Z A path returned 202. Retrying...
2022-09-21T03:57:20.1715790Z A path returned 202. Retrying...
2022-09-21T03:57:20.1716032Z A path returned 202. Retrying...
2022-09-21T03:57:20.1716277Z A path returned 202. Retrying...
2022-09-21T03:57:20.1716520Z A path returned 202. Retrying...
2022-09-21T03:57:20.1716765Z A path returned 202. Retrying...
2022-09-21T03:57:20.1716994Z A path returned 202. Retrying...
2022-09-21T03:57:20.1717241Z A path returned 202. Retrying...
2022-09-21T03:57:20.1717485Z A path returned 202. Retrying...
2022-09-21T03:57:20.1717734Z A path returned 202. Retrying...
2022-09-21T03:57:20.1717984Z A path returned 202. Retrying...
2022-09-21T03:57:20.1718227Z A path returned 202. Retrying...
2022-09-21T03:57:20.1718473Z A path returned 202. Retrying...
2022-09-21T03:57:20.1718719Z A path returned 202. Retrying...
2022-09-21T03:57:20.1718950Z A path returned 202. Retrying...
2022-09-21T03:57:20.1719196Z A path returned 202. Retrying...
2022-09-21T03:57:20.1719443Z A path returned 202. Retrying...
2022-09-21T03:57:20.1719687Z A path returned 202. Retrying...
2022-09-21T03:57:20.1719934Z A path returned 202. Retrying...
2022-09-21T03:57:20.1720180Z A path returned 202. Retrying...
2022-09-21T03:57:20.1720425Z A path returned 202. Retrying...
2022-09-21T03:57:20.1720668Z A path returned 202. Retrying...
2022-09-21T03:57:20.1720900Z A path returned 202. Retrying...
2022-09-21T03:57:20.1721144Z A path returned 202. Retrying...
2022-09-21T03:57:20.1721390Z A path returned 202. Retrying...
2022-09-21T03:57:20.1721638Z A path returned 202. Retrying...
2022-09-21T03:57:20.1721882Z A path returned 202. Retrying...
2022-09-21T03:57:20.1722126Z A path returned 202. Retrying...
2022-09-21T03:57:20.1722371Z A path returned 202. Retrying...
2022-09-21T03:57:20.1722602Z A path returned 202. Retrying...
2022-09-21T03:57:20.1722846Z A path returned 202. Retrying...
2022-09-21T03:57:20.1723092Z A path returned 202. Retrying...
2022-09-21T03:57:20.1723337Z A path returned 202. Retrying...
2022-09-21T03:57:20.1723585Z A path returned 202. Retrying...
2022-09-21T03:57:20.1723828Z A path returned 202. Retrying...
2022-09-21T03:57:20.1724074Z A path returned 202. Retrying...
2022-09-21T03:57:20.1724318Z A path returned 202. Retrying...
2022-09-21T03:57:20.1724549Z A path returned 202. Retrying...
2022-09-21T03:57:20.1724792Z A path returned 202. Retrying...
2022-09-21T03:57:20.1725041Z A path returned 202. Retrying...
2022-09-21T03:57:20.1725285Z A path returned 202. Retrying...
2022-09-21T03:57:20.1725533Z A path returned 202. Retrying...
2022-09-21T03:57:20.1725780Z A path returned 202. Retrying...
2022-09-21T03:57:20.1726024Z A path returned 202. Retrying...
2022-09-21T03:57:20.1726271Z A path returned 202. Retrying...
2022-09-21T03:57:20.1726502Z A path returned 202. Retrying...
2022-09-21T03:57:20.1726749Z A path returned 202. Retrying...
2022-09-21T03:57:20.1727000Z A path returned 202. Retrying...
2022-09-21T03:57:20.1727244Z A path returned 202. Retrying...
2022-09-21T03:57:20.1727555Z A path returned 202. Retrying...
2022-09-21T03:57:20.1727800Z A path returned 202. Retrying...
2022-09-21T03:57:20.1728045Z A path returned 202. Retrying...
2022-09-21T03:57:20.1728275Z A path returned 202. Retrying...
2022-09-21T03:57:20.1728519Z A path returned 202. Retrying...
2022-09-21T03:57:20.1728764Z A path returned 202. Retrying...
2022-09-21T03:57:20.1729010Z A path returned 202. Retrying...
2022-09-21T03:57:20.1729255Z A path returned 202. Retrying...
2022-09-21T03:57:20.1729503Z A path returned 202. Retrying...
2022-09-21T03:57:20.1729801Z A path returned 202. Retrying...
2022-09-21T03:57:20.1730050Z A path returned 202. Retrying...
2022-09-21T03:57:20.1730281Z A path returned 202. Retrying...
2022-09-21T03:57:20.1730524Z A path returned 202. Retrying...
2022-09-21T03:57:20.1730769Z A path returned 202. Retrying...
2022-09-21T03:57:20.1731015Z A path returned 202. Retrying...
2022-09-21T03:57:20.1731261Z A path returned 202. Retrying...
2022-09-21T03:57:20.1731506Z A path returned 202. Retrying...
2022-09-21T03:57:20.1731755Z A path returned 202. Retrying...
2022-09-21T03:57:20.1732099Z A path returned 202. Retrying...
2022-09-21T03:57:20.1732331Z A path returned 202. Retrying...
2022-09-21T03:57:20.1732575Z A path returned 202. Retrying...
2022-09-21T03:57:20.1732823Z A path returned 202. Retrying...
2022-09-21T03:57:20.1733068Z A path returned 202. Retrying...
2022-09-21T03:57:20.1733312Z A path returned 202. Retrying...
2022-09-21T03:57:20.1733558Z A path returned 202. Retrying...
2022-09-21T03:57:20.1733802Z A path returned 202. Retrying...
2022-09-21T03:57:20.1734036Z A path returned 202. Retrying...
2022-09-21T03:57:20.1734282Z A path returned 202. Retrying...
2022-09-21T03:57:20.1734526Z A path returned 202. Retrying...
2022-09-21T03:57:20.1734773Z A path returned 202. Retrying...
2022-09-21T03:57:20.1735018Z A path returned 202. Retrying...
2022-09-21T03:57:20.1735262Z A path returned 202. Retrying...
2022-09-21T03:57:20.1735506Z A path returned 202. Retrying...
2022-09-21T03:57:20.1735755Z A path returned 202. Retrying...
2022-09-21T03:57:20.1735986Z A path returned 202. Retrying...
2022-09-21T03:57:20.1736231Z A path returned 202. Retrying...
2022-09-21T03:57:20.1736476Z A path returned 202. Retrying...
2022-09-21T03:57:20.1736719Z A path returned 202. Retrying...
2022-09-21T03:57:20.1737073Z A path returned 202. Retrying...
2022-09-21T03:57:20.1737333Z A path returned 202. Retrying...
2022-09-21T03:57:20.1737578Z A path returned 202. Retrying...
2022-09-21T03:57:20.1737826Z A path returned 202. Retrying...
2022-09-21T03:57:20.1738061Z A path returned 202. Retrying...
2022-09-21T03:57:20.1738307Z A path returned 202. Retrying...
2022-09-21T03:57:20.1738553Z A path returned 202. Retrying...
2022-09-21T03:57:20.1738797Z A path returned 202. Retrying...
2022-09-21T03:57:20.1739041Z A path returned 202. Retrying...
2022-09-21T03:57:20.1739285Z A path returned 202. Retrying...
2022-09-21T03:57:20.1739529Z A path returned 202. Retrying...
2022-09-21T03:57:20.1739759Z A path returned 202. Retrying...
2022-09-21T03:57:20.1740008Z A path returned 202. Retrying...
2022-09-21T03:57:20.1740252Z A path returned 202. Retrying...
2022-09-21T03:57:20.1740495Z A path returned 202. Retrying...
2022-09-21T03:57:20.1740740Z A path returned 202. Retrying...
2022-09-21T03:57:20.1740984Z A path returned 202. Retrying...
2022-09-21T03:57:20.1741228Z A path returned 202. Retrying...
2022-09-21T03:57:20.1741473Z A path returned 202. Retrying...
2022-09-21T03:57:20.1741706Z A path returned 202. Retrying...
2022-09-21T03:57:20.1741949Z A path returned 202. Retrying...
2022-09-21T03:57:20.1742199Z A path returned 202. Retrying...
2022-09-21T03:57:20.1742444Z A path returned 202. Retrying...
2022-09-21T03:57:20.1742718Z A path returned 202. Retrying...
2022-09-21T03:57:20.1742966Z A path returned 202. Retrying...
2022-09-21T03:57:20.1743210Z A path returned 202. Retrying...
2022-09-21T03:57:20.1743453Z A path returned 202. Retrying...
2022-09-21T03:57:20.1743696Z A path returned 202. Retrying...
2022-09-21T03:57:20.1744010Z A path returned 202. Retrying...
2022-09-21T03:57:20.1744256Z A path returned 202. Retrying...
2022-09-21T03:57:20.1744503Z A path returned 202. Retrying...
2022-09-21T03:57:20.1744746Z A path returned 202. Retrying...
2022-09-21T03:57:20.1744990Z A path returned 202. Retrying...
2022-09-21T03:57:20.1745234Z A path returned 202. Retrying...
2022-09-21T03:57:20.1745479Z A path returned 202. Retrying...
2022-09-21T03:57:20.1745724Z A path returned 202. Retrying...
2022-09-21T03:57:20.1745957Z A path returned 202. Retrying...
2022-09-21T03:57:20.1746202Z A path returned 202. Retrying...
2022-09-21T03:57:20.1746504Z A path returned 202. Retrying...
2022-09-21T03:57:20.1746755Z A path returned 202. Retrying...
2022-09-21T03:57:20.1746999Z A path returned 202. Retrying...
2022-09-21T03:57:20.1747244Z A path returned 202. Retrying...
2022-09-21T03:57:20.1747490Z A path returned 202. Retrying...
2022-09-21T03:57:20.1747722Z A path returned 202. Retrying...
2022-09-21T03:57:20.1747968Z A path returned 202. Retrying...
2022-09-21T03:57:20.1748214Z A path returned 202. Retrying...
2022-09-21T03:57:20.1748459Z A path returned 202. Retrying...
2022-09-21T03:57:20.1748707Z A path returned 202. Retrying...
2022-09-21T03:57:20.1748951Z A path returned 202. Retrying...
2022-09-21T03:57:20.1749195Z A path returned 202. Retrying...
2022-09-21T03:57:20.1749441Z A path returned 202. Retrying...
2022-09-21T03:57:20.1749671Z A path returned 202. Retrying...
2022-09-21T03:57:20.1749917Z A path returned 202. Retrying...
2022-09-21T03:57:20.1750163Z A path returned 202. Retrying...
2022-09-21T03:57:20.1750409Z A path returned 202. Retrying...
2022-09-21T03:57:20.1750654Z A path returned 202. Retrying...
2022-09-21T03:57:20.1750900Z A path returned 202. Retrying...
2022-09-21T03:57:20.1751144Z A path returned 202. Retrying...
2022-09-21T03:57:20.1751391Z A path returned 202. Retrying...
2022-09-21T03:57:20.1751620Z A path returned 202. Retrying...
2022-09-21T03:57:20.1751862Z A path returned 202. Retrying...
2022-09-21T03:57:20.1752109Z A path returned 202. Retrying...
2022-09-21T03:57:20.1752353Z A path returned 202. Retrying...
2022-09-21T03:57:20.1752599Z A path returned 202. Retrying...
2022-09-21T03:57:20.1752878Z A path returned 202. Retrying...
2022-09-21T03:57:20.1753124Z A path returned 202. Retrying...
2022-09-21T03:57:20.1753355Z A path returned 202. Retrying...
2022-09-21T03:57:20.1753600Z A path returned 202. Retrying...
2022-09-21T03:57:20.1753845Z A path returned 202. Retrying...
2022-09-21T04:06:06.4161475Z A path returned 202. Retrying...
2022-09-21T04:06:06.4161839Z A path returned 202. Retrying...
2022-09-21T04:06:06.4162151Z A path returned 202. Retrying...
2022-09-21T04:06:06.4162442Z A path returned 202. Retrying...
2022-09-21T04:06:06.4162901Z A path returned 202. Retrying...
2022-09-21T04:06:06.4163266Z A path returned 202. Retrying...
2022-09-21T04:06:06.4163645Z A path returned 202. Retrying...
2022-09-21T04:06:06.4164023Z A path returned 202. Retrying...
2022-09-21T04:06:06.4164436Z A path returned 202. Retrying...
2022-09-21T04:06:06.4164815Z A path returned 202. Retrying...
2022-09-21T04:06:06.4165182Z A path returned 202. Retrying...
2022-09-21T04:06:06.4165551Z A path returned 202. Retrying...
2022-09-21T04:06:06.4165921Z A path returned 202. Retrying...
2022-09-21T04:06:06.4166284Z A path returned 202. Retrying...
2022-09-21T04:06:06.4166647Z A path returned 202. Retrying...
2022-09-21T04:06:06.4167009Z A path returned 202. Retrying...
2022-09-21T04:06:06.4167371Z A path returned 202. Retrying...
2022-09-21T04:06:06.4167717Z A path returned 202. Retrying...
2022-09-21T04:06:06.4168091Z A path returned 202. Retrying...
2022-09-21T04:06:06.4168467Z A path returned 202. Retrying...
2022-09-21T04:06:06.4168837Z A path returned 202. Retrying...
2022-09-21T04:06:06.4169207Z A path returned 202. Retrying...
2022-09-21T04:06:06.4169575Z A path returned 202. Retrying...
2022-09-21T04:06:06.4169944Z A path returned 202. Retrying...
2022-09-21T04:06:06.4170310Z A path returned 202. Retrying...
2022-09-21T04:06:06.4171048Z A path returned 202. Retrying...
2022-09-21T04:06:06.4171416Z A path returned 202. Retrying...
2022-09-21T04:06:06.4171781Z A path returned 202. Retrying...
2022-09-21T04:06:06.4172477Z A path returned 202. Retrying...
2022-09-21T04:06:06.4172831Z A path returned 202. Retrying...
2022-09-21T04:06:06.4173198Z A path returned 202. Retrying...
2022-09-21T04:06:06.4173578Z A path returned 202. Retrying...
2022-09-21T04:06:06.4173949Z A path returned 202. Retrying...
2022-09-21T04:06:06.4174319Z A path returned 202. Retrying...
2022-09-21T04:06:06.4174689Z A path returned 202. Retrying...
2022-09-21T04:06:06.4175210Z A path returned 202. Retrying...
2022-09-21T04:06:06.4175596Z A path returned 202. Retrying...
2022-09-21T04:06:06.4175961Z A path returned 202. Retrying...
2022-09-21T04:06:06.4176326Z A path returned 202. Retrying...
2022-09-21T04:06:06.4176694Z A path returned 202. Retrying...
2022-09-21T04:06:06.4177063Z A path returned 202. Retrying...
2022-09-21T04:06:06.4177415Z A path returned 202. Retrying...
2022-09-21T04:06:06.4177781Z A path returned 202. Retrying...
2022-09-21T04:06:06.4178162Z A path returned 202. Retrying...
2022-09-21T04:06:06.4178532Z A path returned 202. Retrying...
2022-09-21T04:06:06.4178901Z A path returned 202. Retrying...
2022-09-21T04:06:06.4179273Z A path returned 202. Retrying...
2022-09-21T04:06:06.4179717Z A path returned 202. Retrying...
2022-09-21T04:06:06.4180090Z A path returned 202. Retrying...
2022-09-21T04:06:06.4180458Z A path returned 202. Retrying...
2022-09-21T04:06:06.4180820Z A path returned 202. Retrying...
2022-09-21T04:06:06.4181190Z A path returned 202. Retrying...
2022-09-21T04:06:06.4181560Z A path returned 202. Retrying...
2022-09-21T04:06:06.4181923Z A path returned 202. Retrying...
2022-09-21T04:06:06.4182273Z A path returned 202. Retrying...
2022-09-21T04:06:06.4182643Z A path returned 202. Retrying...
2022-09-21T04:06:06.4183012Z A path returned 202. Retrying...
2022-09-21T04:06:06.4183379Z A path returned 202. Retrying...
2022-09-21T04:06:06.4183751Z A path returned 202. Retrying...
2022-09-21T04:06:06.4184121Z A path returned 202. Retrying...
2022-09-21T04:06:06.4184487Z A path returned 202. Retrying...
2022-09-21T04:06:06.4184932Z A path returned 202. Retrying...
2022-09-21T04:06:06.4185255Z A path returned 202. Retrying...
2022-09-21T04:06:06.4185578Z A path returned 202. Retrying...
2022-09-21T04:06:06.4185898Z A path returned 202. Retrying...
2022-09-21T04:06:06.4186217Z A path returned 202. Retrying...
2022-09-21T04:06:06.4186525Z A path returned 202. Retrying...
2022-09-21T04:06:06.4186854Z A path returned 202. Retrying...
2022-09-21T04:06:06.4187185Z A path returned 202. Retrying...
2022-09-21T04:06:06.4187512Z A path returned 202. Retrying...
2022-09-21T04:06:06.4187838Z A path returned 202. Retrying...
2022-09-21T04:06:06.4188162Z A path returned 202. Retrying...
2022-09-21T04:06:06.4188489Z A path returned 202. Retrying...
2022-09-21T04:06:06.4188812Z A path returned 202. Retrying...
2022-09-21T04:06:06.4189139Z A path returned 202. Retrying...
2022-09-21T04:06:06.4189468Z A path returned 202. Retrying...
2022-09-21T04:06:06.4189795Z A path returned 202. Retrying...
2022-09-21T04:06:06.4190123Z A path returned 202. Retrying...
2022-09-21T04:06:06.4190434Z A path returned 202. Retrying...
2022-09-21T04:06:06.4190768Z A path returned 202. Retrying...
2022-09-21T04:06:06.4191095Z A path returned 202. Retrying...
2022-09-21T04:06:06.4191422Z A path returned 202. Retrying...
2022-09-21T04:06:06.4191746Z A path returned 202. Retrying...
2022-09-21T04:06:06.4192074Z A path returned 202. Retrying...
2022-09-21T04:06:06.4192402Z A path returned 202. Retrying...
2022-09-21T04:06:06.4192728Z A path returned 202. Retrying...
2022-09-21T04:06:06.4193057Z A path returned 202. Retrying...
2022-09-21T04:06:06.4193381Z A path returned 202. Retrying...
2022-09-21T04:06:06.4193702Z A path returned 202. Retrying...
2022-09-21T04:06:06.4194024Z A path returned 202. Retrying...
2022-09-21T04:06:06.4194332Z A path returned 202. Retrying...
2022-09-21T04:06:06.4194769Z A path returned 202. Retrying...
2022-09-21T04:06:06.4195096Z A path returned 202. Retrying...
2022-09-21T04:06:06.4195421Z A path returned 202. Retrying...
2022-09-21T04:06:06.4195746Z A path returned 202. Retrying...
2022-09-21T04:06:06.4196073Z A path returned 202. Retrying...
2022-09-21T04:06:06.4196399Z A path returned 202. Retrying...
2022-09-21T04:06:06.4196723Z A path returned 202. Retrying...
2022-09-21T04:06:06.4197047Z A path returned 202. Retrying...
2022-09-21T04:06:06.4197373Z A path returned 202. Retrying...
2022-09-21T04:06:06.4197696Z A path returned 202. Retrying...
2022-09-21T04:06:06.4198083Z A path returned 202. Retrying...
2022-09-21T04:06:06.4198402Z A path returned 202. Retrying...
2022-09-21T04:06:06.4198727Z A path returned 202. Retrying...
2022-09-21T04:06:06.4199052Z A path returned 202. Retrying...
2022-09-21T04:06:06.4199376Z A path returned 202. Retrying...
2022-09-21T04:06:06.4199702Z A path returned 202. Retrying...
2022-09-21T04:06:06.4200032Z A path returned 202. Retrying...
2022-09-21T04:06:06.4200362Z A path returned 202. Retrying...
2022-09-21T04:06:06.4200686Z A path returned 202. Retrying...
2022-09-21T04:06:06.4201013Z A path returned 202. Retrying...
2022-09-21T04:06:06.4201344Z A path returned 202. Retrying...
2022-09-21T04:06:06.4201669Z A path returned 202. Retrying...
2022-09-21T04:06:06.4201994Z A path returned 202. Retrying...
2022-09-21T04:06:06.4202303Z A path returned 202. Retrying...
2022-09-21T04:06:06.4202627Z A path returned 202. Retrying...
2022-09-21T04:06:06.4202954Z A path returned 202. Retrying...
2022-09-21T04:06:06.4203282Z A path returned 202. Retrying...
2022-09-21T04:06:06.4203607Z A path returned 202. Retrying...
2022-09-21T04:06:06.4203934Z A path returned 202. Retrying...
2022-09-21T04:06:06.4204260Z A path returned 202. Retrying...
2022-09-21T04:06:06.4204587Z A path returned 202. Retrying...
2022-09-21T04:06:06.4204913Z A path returned 202. Retrying...
2022-09-21T04:06:06.4205243Z A path returned 202. Retrying...
2022-09-21T04:06:06.4205506Z A path returned 202. Retrying...
2022-09-21T04:06:06.4205834Z A path returned 202. Retrying...
2022-09-21T04:06:06.4206146Z A path returned 202. Retrying...
2022-09-21T04:06:06.4206470Z A path returned 202. Retrying...
2022-09-21T04:06:06.4206797Z A path returned 202. Retrying...
2022-09-21T04:06:06.4207122Z A path returned 202. Retrying...
2022-09-21T04:06:06.4207448Z A path returned 202. Retrying...
2022-09-21T04:06:06.4207778Z A path returned 202. Retrying...
2022-09-21T04:06:06.4208101Z A path returned 202. Retrying...
2022-09-21T04:06:06.4208426Z A path returned 202. Retrying...
2022-09-21T04:06:06.4208754Z A path returned 202. Retrying...
2022-09-21T04:06:06.4209080Z A path returned 202. Retrying...
2022-09-21T04:06:06.4209403Z A path returned 202. Retrying...
2022-09-21T04:06:06.4209725Z A path returned 202. Retrying...
2022-09-21T04:06:06.4210050Z A path returned 202. Retrying...
2022-09-21T04:06:06.4210365Z A path returned 202. Retrying...
2022-09-21T04:06:06.4210692Z A path returned 202. Retrying...
2022-09-21T04:06:06.4211022Z A path returned 202. Retrying...
2022-09-21T04:06:06.4211347Z A path returned 202. Retrying...
2022-09-21T04:06:06.4211675Z A path returned 202. Retrying...
2022-09-21T04:06:06.4212156Z A path returned 202. Retrying...
2022-09-21T04:06:06.4212484Z A path returned 202. Retrying...
2022-09-21T04:06:06.4212809Z A path returned 202. Retrying...
2022-09-21T04:06:06.4213136Z A path returned 202. Retrying...
2022-09-21T04:06:06.4213461Z A path returned 202. Retrying...
2022-09-21T04:06:06.4213790Z A path returned 202. Retrying...
2022-09-21T04:06:06.4214115Z A path returned 202. Retrying...
2022-09-21T04:06:06.4214429Z A path returned 202. Retrying...
2022-09-21T04:06:06.4214754Z A path returned 202. Retrying...
2022-09-21T04:06:06.4215079Z A path returned 202. Retrying...
2022-09-21T04:06:06.4215404Z A path returned 202. Retrying...
2022-09-21T04:06:06.4215731Z A path returned 202. Retrying...
2022-09-21T04:06:06.4216061Z A path returned 202. Retrying...
2022-09-21T04:06:06.4216501Z A path returned 202. Retrying...
2022-09-21T04:06:06.4216827Z A path returned 202. Retrying...
2022-09-21T04:06:06.4217153Z A path returned 202. Retrying...
2022-09-21T04:06:06.4217477Z A path returned 202. Retrying...
2022-09-21T04:06:06.4217797Z A path returned 202. Retrying...
2022-09-21T04:06:06.4218120Z A path returned 202. Retrying...
2022-09-21T04:06:06.4218429Z A path returned 202. Retrying...
2022-09-21T04:06:06.4218751Z A path returned 202. Retrying...
2022-09-21T04:06:06.4219074Z A path returned 202. Retrying...
2022-09-21T04:06:06.4219401Z A path returned 202. Retrying...
2022-09-21T04:06:06.4219801Z A path returned 202. Retrying...
2022-09-21T04:06:06.4220138Z A path returned 202. Retrying...
2022-09-21T04:06:06.4220475Z A path returned 202. Retrying...
2022-09-21T04:06:06.4220797Z A path returned 202. Retrying...
2022-09-21T04:06:06.4221119Z A path returned 202. Retrying...
2022-09-21T04:06:06.4221440Z A path returned 202. Retrying...
2022-09-21T04:06:06.4221760Z A path returned 202. Retrying...
2022-09-21T04:06:06.4222091Z A path returned 202. Retrying...
2022-09-21T04:06:06.4222401Z A path returned 202. Retrying...
2022-09-21T04:06:06.4222726Z A path returned 202. Retrying...
2022-09-21T04:06:06.4223056Z A path returned 202. Retrying...
2022-09-21T04:06:06.4223384Z A path returned 202. Retrying...
2022-09-21T04:06:06.4223712Z A path returned 202. Retrying...
2022-09-21T04:06:06.4224037Z A path returned 202. Retrying...
2022-09-21T04:06:06.4224364Z A path returned 202. Retrying...
2022-09-21T04:06:06.4224692Z A path returned 202. Retrying...
2022-09-21T04:06:06.4225023Z A path returned 202. Retrying...
2022-09-21T04:06:06.4225348Z A path returned 202. Retrying...
2022-09-21T04:06:06.4225673Z A path returned 202. Retrying...
2022-09-21T04:06:06.4225998Z A path returned 202. Retrying...
2022-09-21T04:06:06.4226308Z A path returned 202. Retrying...
2022-09-21T04:06:06.4226631Z A path returned 202. Retrying...
2022-09-21T04:06:06.4226960Z A path returned 202. Retrying...
2022-09-21T04:06:06.4227288Z A path returned 202. Retrying...
2022-09-21T04:06:06.4227616Z A path returned 202. Retrying...
2022-09-21T04:06:06.4227943Z A path returned 202. Retrying...
2022-09-21T04:06:06.4228271Z A path returned 202. Retrying...
2022-09-21T04:06:06.4228595Z A path returned 202. Retrying...
2022-09-21T04:06:06.4228925Z A path returned 202. Retrying...
2022-09-21T04:06:06.4229248Z A path returned 202. Retrying...
2022-09-21T04:06:06.4229572Z A path returned 202. Retrying...
2022-09-21T04:06:06.4229893Z A path returned 202. Retrying...
2022-09-21T04:06:06.4230203Z A path returned 202. Retrying...
2022-09-21T04:06:06.4230528Z A path returned 202. Retrying...
2022-09-21T04:06:06.4230854Z A path returned 202. Retrying...
2022-09-21T04:06:06.4231179Z A path returned 202. Retrying...
2022-09-21T04:06:06.4231504Z A path returned 202. Retrying...
2022-09-21T04:06:06.4231829Z A path returned 202. Retrying...
2022-09-21T04:06:06.4232153Z A path returned 202. Retrying...
2022-09-21T04:06:06.4232480Z A path returned 202. Retrying...
2022-09-21T04:06:06.4232812Z A path returned 202. Retrying...
2022-09-21T04:06:06.4233134Z A path returned 202. Retrying...
2022-09-21T04:06:06.4233455Z A path returned 202. Retrying...
2022-09-21T04:06:06.4233775Z A path returned 202. Retrying...
2022-09-21T04:06:06.4234083Z A path returned 202. Retrying...
2022-09-21T04:06:06.4234406Z A path returned 202. Retrying...
2022-09-21T04:06:06.4234735Z A path returned 202. Retrying...
2022-09-21T04:06:06.4235061Z A path returned 202. Retrying...
2022-09-21T04:06:06.4235388Z A path returned 202. Retrying...
2022-09-21T04:06:06.4235714Z A path returned 202. Retrying...
2022-09-21T04:06:06.4236039Z A path returned 202. Retrying...
2022-09-21T04:06:06.4236361Z A path returned 202. Retrying...
2022-09-21T04:06:06.4236693Z A path returned 202. Retrying...
2022-09-21T04:06:06.4237021Z A path returned 202. Retrying...
2022-09-21T04:06:06.4237347Z A path returned 202. Retrying...
2022-09-21T04:06:06.4237669Z A path returned 202. Retrying...
2022-09-21T04:06:06.4238089Z A path returned 202. Retrying...
2022-09-21T04:06:06.4238397Z A path returned 202. Retrying...
2022-09-21T04:06:06.4238722Z A path returned 202. Retrying...
2022-09-21T04:06:06.4239046Z A path returned 202. Retrying...
2022-09-21T04:06:06.4239374Z A path returned 202. Retrying...
2022-09-21T04:06:06.4239697Z A path returned 202. Retrying...
2022-09-21T04:06:06.4240023Z A path returned 202. Retrying...
2022-09-21T04:06:06.4240346Z A path returned 202. Retrying...
2022-09-21T04:06:06.4240673Z A path returned 202. Retrying...
2022-09-21T04:06:06.4240996Z A path returned 202. Retrying...
2022-09-21T04:06:06.4241380Z A path returned 202. Retrying...
2022-09-21T04:06:06.4241712Z A path returned 202. Retrying...
2022-09-21T04:06:06.4242036Z A path returned 202. Retrying...
2022-09-21T04:06:06.4242342Z A path returned 202. Retrying...
2022-09-21T04:06:06.4242666Z A path returned 202. Retrying...
2022-09-21T04:06:06.4242989Z A path returned 202. Retrying...
2022-09-21T04:06:06.4243319Z A path returned 202. Retrying...
2022-09-21T04:06:06.4243647Z A path returned 202. Retrying...
2022-09-21T04:06:06.4243974Z A path returned 202. Retrying...
2022-09-21T04:06:06.4244297Z A path returned 202. Retrying...
2022-09-21T04:06:06.4244623Z A path returned 202. Retrying...
2022-09-21T04:06:06.4244943Z A path returned 202. Retrying...
2022-09-21T04:06:06.4245264Z A path returned 202. Retrying...
2022-09-21T04:06:06.4245583Z A path returned 202. Retrying...
2022-09-21T04:06:06.4245906Z A path returned 202. Retrying...
2022-09-21T04:14:52.8208701Z A path returned 202. Retrying...
2022-09-21T04:14:52.8209079Z A path returned 202. Retrying...
2022-09-21T04:14:52.8209372Z A path returned 202. Retrying...
2022-09-21T04:14:52.8209755Z A path returned 202. Retrying...
2022-09-21T04:14:52.8210041Z A path returned 202. Retrying...
2022-09-21T04:14:52.8210319Z A path returned 202. Retrying...
2022-09-21T04:14:52.8210600Z A path returned 202. Retrying...
2022-09-21T04:14:52.8210881Z A path returned 202. Retrying...
2022-09-21T04:14:52.8211167Z A path returned 202. Retrying...
2022-09-21T04:14:52.8211428Z A path returned 202. Retrying...
2022-09-21T04:14:52.8211703Z A path returned 202. Retrying...
2022-09-21T04:14:52.8212197Z A path returned 202. Retrying...
2022-09-21T04:14:52.8212477Z A path returned 202. Retrying...
2022-09-21T04:14:52.8212756Z A path returned 202. Retrying...
2022-09-21T04:14:52.8213031Z A path returned 202. Retrying...
2022-09-21T04:14:52.8213310Z A path returned 202. Retrying...
2022-09-21T04:14:52.8213589Z A path returned 202. Retrying...
2022-09-21T04:14:52.8213852Z A path returned 202. Retrying...
2022-09-21T04:14:52.8214133Z A path returned 202. Retrying...
2022-09-21T04:14:52.8214408Z A path returned 202. Retrying...
2022-09-21T04:14:52.8214682Z A path returned 202. Retrying...
2022-09-21T04:14:52.8214958Z A path returned 202. Retrying...
2022-09-21T04:14:52.8215232Z A path returned 202. Retrying...
2022-09-21T04:14:52.8215507Z A path returned 202. Retrying...
2022-09-21T04:14:52.8215767Z A path returned 202. Retrying...
2022-09-21T04:14:52.8216048Z A path returned 202. Retrying...
2022-09-21T04:14:52.8216323Z A path returned 202. Retrying...
2022-09-21T04:14:52.8216601Z A path returned 202. Retrying...
2022-09-21T04:14:52.8216875Z A path returned 202. Retrying...
2022-09-21T04:14:52.8217150Z A path returned 202. Retrying...
2022-09-21T04:14:52.8217425Z A path returned 202. Retrying...
2022-09-21T04:14:52.8217701Z A path returned 202. Retrying...
2022-09-21T04:14:52.8217960Z A path returned 202. Retrying...
2022-09-21T04:14:52.8218231Z A path returned 202. Retrying...
2022-09-21T04:14:52.8218510Z A path returned 202. Retrying...
2022-09-21T04:14:52.8218784Z A path returned 202. Retrying...
2022-09-21T04:14:52.8219059Z A path returned 202. Retrying...
2022-09-21T04:14:52.8219331Z A path returned 202. Retrying...
2022-09-21T04:14:52.8219606Z A path returned 202. Retrying...
2022-09-21T04:14:52.8219880Z A path returned 202. Retrying...
2022-09-21T04:14:52.8220142Z A path returned 202. Retrying...
2022-09-21T04:14:52.8220414Z A path returned 202. Retrying...
2022-09-21T04:14:52.8221071Z A path returned 202. Retrying...
2022-09-21T04:14:52.8221348Z A path returned 202. Retrying...
2022-09-21T04:14:52.8221622Z A path returned 202. Retrying...
2022-09-21T04:14:52.8221898Z A path returned 202. Retrying...
2022-09-21T04:14:52.8222172Z A path returned 202. Retrying...
2022-09-21T04:14:52.8222435Z A path returned 202. Retrying...
2022-09-21T04:14:52.8222710Z A path returned 202. Retrying...
2022-09-21T04:14:52.8222987Z A path returned 202. Retrying...
2022-09-21T04:14:52.8223265Z A path returned 202. Retrying...
2022-09-21T04:14:52.8223647Z A path returned 202. Retrying...
2022-09-21T04:14:52.8223931Z A path returned 202. Retrying...
2022-09-21T04:14:52.8224205Z A path returned 202. Retrying...
2022-09-21T04:14:52.8224479Z A path returned 202. Retrying...
2022-09-21T04:14:52.8224740Z A path returned 202. Retrying...
2022-09-21T04:14:52.8225013Z A path returned 202. Retrying...
2022-09-21T04:14:52.8225290Z A path returned 202. Retrying...
2022-09-21T04:14:52.8225568Z A path returned 202. Retrying...
2022-09-21T04:14:52.8225845Z A path returned 202. Retrying...
2022-09-21T04:14:52.8226120Z A path returned 202. Retrying...
2022-09-21T04:14:52.8226394Z A path returned 202. Retrying...
2022-09-21T04:14:52.8226670Z A path returned 202. Retrying...
2022-09-21T04:14:52.8226932Z A path returned 202. Retrying...
2022-09-21T04:14:52.8227207Z A path returned 202. Retrying...
2022-09-21T04:14:52.8227481Z A path returned 202. Retrying...
2022-09-21T04:14:52.8227755Z A path returned 202. Retrying...
2022-09-21T04:14:52.8228034Z A path returned 202. Retrying...
2022-09-21T04:14:52.8228311Z A path returned 202. Retrying...
2022-09-21T04:14:52.8228585Z A path returned 202. Retrying...
2022-09-21T04:14:52.8228846Z A path returned 202. Retrying...
2022-09-21T04:14:52.8229118Z A path returned 202. Retrying...
2022-09-21T04:14:52.8229389Z A path returned 202. Retrying...
2022-09-21T04:14:52.8229665Z A path returned 202. Retrying...
2022-09-21T04:14:52.8229939Z A path returned 202. Retrying...
2022-09-21T04:14:52.8230217Z A path returned 202. Retrying...
2022-09-21T04:14:52.8230491Z A path returned 202. Retrying...
2022-09-21T04:14:52.8230765Z A path returned 202. Retrying...
2022-09-21T04:14:52.8231025Z A path returned 202. Retrying...
2022-09-21T04:14:52.8231295Z A path returned 202. Retrying...
2022-09-21T04:14:52.8231576Z A path returned 202. Retrying...
2022-09-21T04:14:52.8231849Z A path returned 202. Retrying...
2022-09-21T04:14:52.8232124Z A path returned 202. Retrying...
2022-09-21T04:14:52.8232399Z A path returned 202. Retrying...
2022-09-21T04:14:52.8232676Z A path returned 202. Retrying...
2022-09-21T04:14:52.8232949Z A path returned 202. Retrying...
2022-09-21T04:14:52.8233209Z A path returned 202. Retrying...
2022-09-21T04:14:52.8233483Z A path returned 202. Retrying...
2022-09-21T04:14:52.8233756Z A path returned 202. Retrying...
2022-09-21T04:14:52.8234031Z A path returned 202. Retrying...
2022-09-21T04:14:52.8234306Z A path returned 202. Retrying...
2022-09-21T04:14:52.8234583Z A path returned 202. Retrying...
2022-09-21T04:14:52.8234854Z A path returned 202. Retrying...
2022-09-21T04:14:52.8235114Z A path returned 202. Retrying...
2022-09-21T04:14:52.8235388Z A path returned 202. Retrying...
2022-09-21T04:14:52.8235661Z A path returned 202. Retrying...
2022-09-21T04:14:52.8235935Z A path returned 202. Retrying...
2022-09-21T04:14:52.8236209Z A path returned 202. Retrying...
2022-09-21T04:14:52.8236485Z A path returned 202. Retrying...
2022-09-21T04:14:52.8236759Z A path returned 202. Retrying...
2022-09-21T04:14:52.8237036Z A path returned 202. Retrying...
2022-09-21T04:14:52.8237297Z A path returned 202. Retrying...
2022-09-21T04:14:52.8237568Z A path returned 202. Retrying...
2022-09-21T04:14:52.8237846Z A path returned 202. Retrying...
2022-09-21T04:14:52.8238118Z A path returned 202. Retrying...
2022-09-21T04:14:52.8238392Z A path returned 202. Retrying...
2022-09-21T04:14:52.8238664Z A path returned 202. Retrying...
2022-09-21T04:14:52.8238939Z A path returned 202. Retrying...
2022-09-21T04:14:52.8239304Z A path returned 202. Retrying...
2022-09-21T04:14:52.8239565Z A path returned 202. Retrying...
2022-09-21T04:14:52.8239838Z A path returned 202. Retrying...
2022-09-21T04:14:52.8240111Z A path returned 202. Retrying...
2022-09-21T04:14:52.8240387Z A path returned 202. Retrying...
2022-09-21T04:14:52.8240664Z A path returned 202. Retrying...
2022-09-21T04:14:52.8240937Z A path returned 202. Retrying...
2022-09-21T04:14:52.8241210Z A path returned 202. Retrying...
2022-09-21T04:14:52.8241472Z A path returned 202. Retrying...
2022-09-21T04:14:52.8241811Z A path returned 202. Retrying...
2022-09-21T04:14:52.8242092Z A path returned 202. Retrying...
2022-09-21T04:14:52.8242368Z A path returned 202. Retrying...
2022-09-21T04:14:52.8242642Z A path returned 202. Retrying...
2022-09-21T04:14:52.8242917Z A path returned 202. Retrying...
2022-09-21T04:14:52.8243189Z A path returned 202. Retrying...
2022-09-21T04:14:52.8243463Z A path returned 202. Retrying...
2022-09-21T04:14:52.8243726Z A path returned 202. Retrying...
2022-09-21T04:14:52.8244002Z A path returned 202. Retrying...
2022-09-21T04:14:52.8244275Z A path returned 202. Retrying...
2022-09-21T04:14:52.8244551Z A path returned 202. Retrying...
2022-09-21T04:14:52.8244825Z A path returned 202. Retrying...
2022-09-21T04:14:52.8245099Z A path returned 202. Retrying...
2022-09-21T04:14:52.8245372Z A path returned 202. Retrying...
2022-09-21T04:14:52.8245648Z A path returned 202. Retrying...
2022-09-21T04:14:52.8245909Z A path returned 202. Retrying...
2022-09-21T04:14:52.8246186Z A path returned 202. Retrying...
2022-09-21T04:14:52.8246461Z A path returned 202. Retrying...
2022-09-21T04:14:52.8246737Z A path returned 202. Retrying...
2022-09-21T04:14:52.8247011Z A path returned 202. Retrying...
2022-09-21T04:14:52.8247284Z A path returned 202. Retrying...
2022-09-21T04:14:52.8247557Z A path returned 202. Retrying...
2022-09-21T04:14:52.8247820Z A path returned 202. Retrying...
2022-09-21T04:14:52.8248093Z A path returned 202. Retrying...
2022-09-21T04:14:52.8248371Z A path returned 202. Retrying...
2022-09-21T04:14:52.8248645Z A path returned 202. Retrying...
2022-09-21T04:14:52.8248921Z A path returned 202. Retrying...
2022-09-21T04:14:52.8249195Z A path returned 202. Retrying...
2022-09-21T04:14:52.8249468Z A path returned 202. Retrying...
2022-09-21T04:14:52.8249741Z A path returned 202. Retrying...
2022-09-21T04:14:52.8250003Z A path returned 202. Retrying...
2022-09-21T04:14:52.8250277Z A path returned 202. Retrying...
2022-09-21T04:14:52.8250551Z A path returned 202. Retrying...
2022-09-21T04:14:52.8250831Z A path returned 202. Retrying...
2022-09-21T04:14:52.8251108Z A path returned 202. Retrying...
2022-09-21T04:14:52.8251382Z A path returned 202. Retrying...
2022-09-21T04:14:52.8251657Z A path returned 202. Retrying...
2022-09-21T04:14:52.8252052Z A path returned 202. Retrying...
2022-09-21T04:14:52.8252318Z A path returned 202. Retrying...
2022-09-21T04:14:52.8252592Z A path returned 202. Retrying...
2022-09-21T04:14:52.8252872Z A path returned 202. Retrying...
2022-09-21T04:14:52.8253145Z A path returned 202. Retrying...
2022-09-21T04:14:52.8253419Z A path returned 202. Retrying...
2022-09-21T04:14:52.8253697Z A path returned 202. Retrying...
2022-09-21T04:14:52.8253971Z A path returned 202. Retrying...
2022-09-21T04:14:52.8254245Z A path returned 202. Retrying...
2022-09-21T04:14:52.8254508Z A path returned 202. Retrying...
2022-09-21T04:14:52.8254782Z A path returned 202. Retrying...
2022-09-21T04:14:52.8255056Z A path returned 202. Retrying...
2022-09-21T04:14:52.8255333Z A path returned 202. Retrying...
2022-09-21T04:14:52.8255609Z A path returned 202. Retrying...
2022-09-21T04:14:52.8255883Z A path returned 202. Retrying...
2022-09-21T04:14:52.8256157Z A path returned 202. Retrying...
2022-09-21T04:14:52.8256417Z A path returned 202. Retrying...
2022-09-21T04:14:52.8256691Z A path returned 202. Retrying...
2022-09-21T04:14:52.8256964Z A path returned 202. Retrying...
2022-09-21T04:14:52.8257240Z A path returned 202. Retrying...
2022-09-21T04:14:52.8257623Z A path returned 202. Retrying...
2022-09-21T04:14:52.8257897Z A path returned 202. Retrying...
2022-09-21T04:14:52.8258171Z A path returned 202. Retrying...
2022-09-21T04:14:52.8258447Z A path returned 202. Retrying...
2022-09-21T04:14:52.8258712Z A path returned 202. Retrying...
2022-09-21T04:14:52.8258985Z A path returned 202. Retrying...
2022-09-21T04:14:52.8259261Z A path returned 202. Retrying...
2022-09-21T04:14:52.8259537Z A path returned 202. Retrying...
2022-09-21T04:14:52.8259811Z A path returned 202. Retrying...
2022-09-21T04:14:52.8260154Z A path returned 202. Retrying...
2022-09-21T04:14:52.8260435Z A path returned 202. Retrying...
2022-09-21T04:14:52.8260709Z A path returned 202. Retrying...
2022-09-21T04:14:52.8260971Z A path returned 202. Retrying...
2022-09-21T04:14:52.8261244Z A path returned 202. Retrying...
2022-09-21T04:14:52.8261521Z A path returned 202. Retrying...
2022-09-21T04:14:52.8261793Z A path returned 202. Retrying...
2022-09-21T04:14:52.8262070Z A path returned 202. Retrying...
2022-09-21T04:14:52.8262345Z A path returned 202. Retrying...
2022-09-21T04:14:52.8262620Z A path returned 202. Retrying...
2022-09-21T04:14:52.8262880Z A path returned 202. Retrying...
2022-09-21T04:14:52.8263156Z A path returned 202. Retrying...
2022-09-21T04:14:52.8263464Z A path returned 202. Retrying...
2022-09-21T04:14:52.8263741Z A path returned 202. Retrying...
2022-09-21T04:14:52.8264016Z A path returned 202. Retrying...
2022-09-21T04:14:52.8264291Z A path returned 202. Retrying...
2022-09-21T04:14:52.8264565Z A path returned 202. Retrying...
2022-09-21T04:14:52.8264842Z A path returned 202. Retrying...
2022-09-21T04:14:52.8265102Z A path returned 202. Retrying...
2022-09-21T04:14:52.8265378Z A path returned 202. Retrying...
2022-09-21T04:14:52.8265652Z A path returned 202. Retrying...
2022-09-21T04:14:52.8265926Z A path returned 202. Retrying...
2022-09-21T04:14:52.8266201Z A path returned 202. Retrying...
2022-09-21T04:14:52.8266477Z A path returned 202. Retrying...
2022-09-21T04:14:52.8266754Z A path returned 202. Retrying...
2022-09-21T04:14:52.8267066Z A path returned 202. Retrying...
2022-09-21T04:14:52.8267333Z A path returned 202. Retrying...
2022-09-21T04:14:52.8267607Z A path returned 202. Retrying...
2022-09-21T04:14:52.8267882Z A path returned 202. Retrying...
2022-09-21T04:14:52.8268160Z A path returned 202. Retrying...
2022-09-21T04:14:52.8268436Z A path returned 202. Retrying...
2022-09-21T04:14:52.8268711Z A path returned 202. Retrying...
2022-09-21T04:14:52.8268987Z A path returned 202. Retrying...
2022-09-21T04:14:52.8269249Z A path returned 202. Retrying...
2022-09-21T04:14:52.8269524Z A path returned 202. Retrying...
2022-09-21T04:14:52.8269796Z A path returned 202. Retrying...
2022-09-21T04:14:52.8270072Z A path returned 202. Retrying...
2022-09-21T04:14:52.8270347Z A path returned 202. Retrying...
2022-09-21T04:14:52.8270620Z A path returned 202. Retrying...
2022-09-21T04:14:52.8270895Z A path returned 202. Retrying...
2022-09-21T04:14:52.8271174Z A path returned 202. Retrying...
2022-09-21T04:14:52.8271435Z A path returned 202. Retrying...
2022-09-21T04:14:52.8271707Z A path returned 202. Retrying...
2022-09-21T04:14:52.8271981Z A path returned 202. Retrying...
2022-09-21T04:14:52.8272254Z A path returned 202. Retrying...
2022-09-21T04:14:52.8272529Z A path returned 202. Retrying...
2022-09-21T04:14:52.8272806Z A path returned 202. Retrying...
2022-09-21T04:14:52.8273080Z A path returned 202. Retrying...
2022-09-21T04:14:52.8273356Z A path returned 202. Retrying...
2022-09-21T04:14:52.8273618Z A path returned 202. Retrying...
2022-09-21T04:14:52.8273897Z A path returned 202. Retrying...
2022-09-21T04:14:52.8274173Z A path returned 202. Retrying...
2022-09-21T04:14:52.8274448Z A path returned 202. Retrying...
2022-09-21T04:14:52.8274722Z A path returned 202. Retrying...
2022-09-21T04:14:52.8274996Z A path returned 202. Retrying...
2022-09-21T04:14:52.8275269Z A path returned 202. Retrying...
2022-09-21T04:14:52.8275528Z A path returned 202. Retrying...
2022-09-21T04:14:52.8275876Z A path returned 202. Retrying...
2022-09-21T04:14:52.8276150Z A path returned 202. Retrying...
2022-09-21T04:14:52.8276426Z A path returned 202. Retrying...
2022-09-21T04:14:52.8276701Z A path returned 202. Retrying...
2022-09-21T04:14:52.8276975Z A path returned 202. Retrying...
2022-09-21T04:14:52.8277249Z A path returned 202. Retrying...
2022-09-21T04:14:52.8277523Z A path returned 202. Retrying...
2022-09-21T04:14:52.8277784Z A path returned 202. Retrying...
2022-09-21T04:21:03.8202835Z A path returned 202. Retrying...
2022-09-21T04:21:03.8203672Z A path returned 202. Retrying...
2022-09-21T04:21:03.8204089Z A path returned 202. Retrying...
2022-09-21T04:21:03.8204463Z A path returned 202. Retrying...
2022-09-21T04:21:03.8204851Z A path returned 202. Retrying...
2022-09-21T04:21:03.8205478Z A path returned 202. Retrying...
2022-09-21T04:21:03.8205849Z A path returned 202. Retrying...
2022-09-21T04:21:03.8206217Z A path returned 202. Retrying...
2022-09-21T04:21:03.8206592Z A path returned 202. Retrying...
2022-09-21T04:21:03.8206952Z A path returned 202. Retrying...
2022-09-21T04:21:03.8207315Z A path returned 202. Retrying...
2022-09-21T04:21:03.8207659Z A path returned 202. Retrying...
2022-09-21T04:21:03.8208022Z A path returned 202. Retrying...
2022-09-21T04:21:03.8208380Z A path returned 202. Retrying...
2022-09-21T04:21:03.8208742Z A path returned 202. Retrying...
2022-09-21T04:21:03.8209106Z A path returned 202. Retrying...
2022-09-21T04:21:03.8209465Z A path returned 202. Retrying...
2022-09-21T04:21:03.8209824Z A path returned 202. Retrying...
2022-09-21T04:21:03.8210189Z A path returned 202. Retrying...
2022-09-21T04:21:03.8210550Z A path returned 202. Retrying...
2022-09-21T04:21:03.8210907Z A path returned 202. Retrying...
2022-09-21T04:21:03.8211267Z A path returned 202. Retrying...
2022-09-21T04:21:03.8211614Z A path returned 202. Retrying...
2022-09-21T04:21:03.8212235Z A path returned 202. Retrying...
2022-09-21T04:21:03.8212607Z A path returned 202. Retrying...
2022-09-21T04:21:03.8212972Z A path returned 202. Retrying...
2022-09-21T04:21:03.8213334Z A path returned 202. Retrying...
2022-09-21T04:21:03.8213693Z A path returned 202. Retrying...
2022-09-21T04:21:03.8227695Z A path returned 202. Retrying...
2022-09-21T04:21:03.8227984Z A path returned 202. Retrying...
2022-09-21T04:21:03.8228237Z A path returned 202. Retrying...
2022-09-21T04:21:03.8228485Z A path returned 202. Retrying...
2022-09-21T04:21:03.8228733Z A path returned 202. Retrying...
2022-09-21T04:21:03.8228975Z A path returned 202. Retrying...
2022-09-21T04:21:03.8229229Z A path returned 202. Retrying...
2022-09-21T04:21:03.8229462Z A path returned 202. Retrying...
2022-09-21T04:21:03.8229710Z A path returned 202. Retrying...
2022-09-21T04:21:03.8229955Z A path returned 202. Retrying...
2022-09-21T04:21:03.8230199Z A path returned 202. Retrying...
2022-09-21T04:21:03.8230444Z A path returned 202. Retrying...
2022-09-21T04:21:03.8230689Z A path returned 202. Retrying...
2022-09-21T04:21:03.8230937Z A path returned 202. Retrying...
2022-09-21T04:21:03.8231180Z A path returned 202. Retrying...
2022-09-21T04:21:03.8231409Z A path returned 202. Retrying...
2022-09-21T04:21:03.8231650Z A path returned 202. Retrying...
2022-09-21T04:21:03.8231893Z A path returned 202. Retrying...
2022-09-21T04:21:03.8232135Z A path returned 202. Retrying...
2022-09-21T04:21:03.8232377Z A path returned 202. Retrying...
2022-09-21T04:21:03.8232618Z A path returned 202. Retrying...
2022-09-21T04:21:03.8232861Z A path returned 202. Retrying...
2022-09-21T04:21:03.8233090Z A path returned 202. Retrying...
2022-09-21T04:21:03.8233336Z A path returned 202. Retrying...
2022-09-21T04:21:03.8233580Z A path returned 202. Retrying...
2022-09-21T04:21:03.8233822Z A path returned 202. Retrying...
2022-09-21T04:21:03.8234064Z A path returned 202. Retrying...
2022-09-21T04:21:03.8234305Z A path returned 202. Retrying...
2022-09-21T04:21:03.8234546Z A path returned 202. Retrying...
2022-09-21T04:21:03.8234787Z A path returned 202. Retrying...
2022-09-21T04:21:03.8235220Z A path returned 202. Retrying...
2022-09-21T04:21:03.8235463Z A path returned 202. Retrying...
2022-09-21T04:21:03.8235702Z A path returned 202. Retrying...
2022-09-21T04:21:03.8235943Z A path returned 202. Retrying...
2022-09-21T04:21:03.8236184Z A path returned 202. Retrying...
2022-09-21T04:21:03.8236425Z A path returned 202. Retrying...
2022-09-21T04:21:03.8236665Z A path returned 202. Retrying...
2022-09-21T04:21:03.8236907Z A path returned 202. Retrying...
2022-09-21T04:21:03.8237137Z A path returned 202. Retrying...
2022-09-21T04:21:03.8237449Z A path returned 202. Retrying...
2022-09-21T04:21:03.8237696Z A path returned 202. Retrying...
2022-09-21T04:21:03.8237940Z A path returned 202. Retrying...
2022-09-21T04:21:03.8238181Z A path returned 202. Retrying...
2022-09-21T04:21:03.8238421Z A path returned 202. Retrying...
2022-09-21T04:21:03.8238663Z A path returned 202. Retrying...
2022-09-21T04:21:03.8238902Z A path returned 202. Retrying...
2022-09-21T04:21:03.8239136Z A path returned 202. Retrying...
2022-09-21T04:21:03.8239377Z A path returned 202. Retrying...
2022-09-21T04:21:03.8239618Z A path returned 202. Retrying...
2022-09-21T04:21:03.8239861Z A path returned 202. Retrying...
2022-09-21T04:21:03.8240104Z A path returned 202. Retrying...
2022-09-21T04:21:03.8240345Z A path returned 202. Retrying...
2022-09-21T04:21:03.8240586Z A path returned 202. Retrying...
2022-09-21T04:21:03.8240816Z A path returned 202. Retrying...
2022-09-21T04:21:03.8241058Z A path returned 202. Retrying...
2022-09-21T04:21:03.8241300Z A path returned 202. Retrying...
2022-09-21T04:21:03.8241546Z A path returned 202. Retrying...
2022-09-21T04:21:03.8241789Z A path returned 202. Retrying...
2022-09-21T04:21:03.8242031Z A path returned 202. Retrying...
2022-09-21T04:21:03.8242273Z A path returned 202. Retrying...
2022-09-21T04:21:03.8242516Z A path returned 202. Retrying...
2022-09-21T04:21:03.8242745Z A path returned 202. Retrying...
2022-09-21T04:21:03.8242988Z A path returned 202. Retrying...
2022-09-21T04:21:03.8243238Z A path returned 202. Retrying...
2022-09-21T04:21:03.8243481Z A path returned 202. Retrying...
2022-09-21T04:21:03.8243722Z A path returned 202. Retrying...
2022-09-21T04:21:03.8243962Z A path returned 202. Retrying...
2022-09-21T04:21:03.8244203Z A path returned 202. Retrying...
2022-09-21T04:21:03.8244444Z A path returned 202. Retrying...
2022-09-21T04:21:03.8244671Z A path returned 202. Retrying...
2022-09-21T04:21:03.8244915Z A path returned 202. Retrying...
2022-09-21T04:21:03.8245156Z A path returned 202. Retrying...
2022-09-21T04:21:03.8245401Z A path returned 202. Retrying...
2022-09-21T04:21:03.8245642Z A path returned 202. Retrying...
2022-09-21T04:21:03.8245881Z A path returned 202. Retrying...
2022-09-21T04:21:03.8246122Z A path returned 202. Retrying...
2022-09-21T04:21:03.8246350Z A path returned 202. Retrying...
2022-09-21T04:21:03.8246593Z A path returned 202. Retrying...
2022-09-21T04:21:03.8246833Z A path returned 202. Retrying...
2022-09-21T04:21:03.8247078Z A path returned 202. Retrying...
2022-09-21T04:21:03.8247319Z A path returned 202. Retrying...
2022-09-21T04:21:03.8247562Z A path returned 202. Retrying...
2022-09-21T04:21:03.8247802Z A path returned 202. Retrying...
2022-09-21T04:21:03.8248045Z A path returned 202. Retrying...
2022-09-21T04:21:03.8248273Z A path returned 202. Retrying...
2022-09-21T04:21:03.8248513Z A path returned 202. Retrying...
2022-09-21T04:21:03.8248755Z A path returned 202. Retrying...
2022-09-21T04:21:03.8248997Z A path returned 202. Retrying...
2022-09-21T04:21:03.8249240Z A path returned 202. Retrying...
2022-09-21T04:21:03.8249482Z A path returned 202. Retrying...
2022-09-21T04:21:03.8249723Z A path returned 202. Retrying...
2022-09-21T04:21:03.8249964Z A path returned 202. Retrying...
2022-09-21T04:21:03.8250193Z A path returned 202. Retrying...
2022-09-21T04:21:03.8250436Z A path returned 202. Retrying...
2022-09-21T04:21:03.8250676Z A path returned 202. Retrying...
2022-09-21T04:21:03.8250922Z A path returned 202. Retrying...
2022-09-21T04:21:03.8251266Z A path returned 202. Retrying...
2022-09-21T04:21:03.8251507Z A path returned 202. Retrying...
2022-09-21T04:21:03.8251751Z A path returned 202. Retrying...
2022-09-21T04:21:03.8252135Z A path returned 202. Retrying...
2022-09-21T04:21:03.8252381Z A path returned 202. Retrying...
2022-09-21T04:21:03.8252624Z A path returned 202. Retrying...
2022-09-21T04:21:03.8252867Z A path returned 202. Retrying...
2022-09-21T04:21:03.8253110Z A path returned 202. Retrying...
2022-09-21T04:21:03.8253352Z A path returned 202. Retrying...
2022-09-21T04:21:03.8253674Z A path returned 202. Retrying...
2022-09-21T04:21:03.8253923Z A path returned 202. Retrying...
2022-09-21T04:21:03.8254151Z A path returned 202. Retrying...
2022-09-21T04:21:03.8254391Z A path returned 202. Retrying...
2022-09-21T04:21:03.8254633Z A path returned 202. Retrying...
2022-09-21T04:21:03.8254874Z A path returned 202. Retrying...
2022-09-21T04:21:03.8255117Z A path returned 202. Retrying...
2022-09-21T04:21:03.8255362Z A path returned 202. Retrying...
2022-09-21T04:21:03.8255604Z A path returned 202. Retrying...
2022-09-21T04:21:03.8255846Z A path returned 202. Retrying...
2022-09-21T04:21:03.8256076Z A path returned 202. Retrying...
2022-09-21T04:21:03.8471263Z ##[group]Run git config --global user.name "jstrieb/github-stats"
2022-09-21T04:21:03.8471667Z [36;1mgit config --global user.name "jstrieb/github-stats"[0m
2022-09-21T04:21:03.8472045Z [36;1mgit config --global user.email "github-stats[bot]@jstrieb.github.io"[0m
2022-09-21T04:21:03.8472354Z [36;1mgit add .[0m
2022-09-21T04:21:03.8472641Z [36;1m# Force the build to succeed, even if no files were changed[0m
2022-09-21T04:21:03.8472957Z [36;1mgit commit -m 'Update generated files' || true[0m
2022-09-21T04:21:03.8473219Z [36;1mgit push[0m
2022-09-21T04:21:03.8526516Z shell: /usr/bin/bash -e {0}
2022-09-21T04:21:03.8526746Z env:
2022-09-21T04:21:03.8527031Z   pythonLocation: /opt/hostedtoolcache/Python/3.8.13/x64
2022-09-21T04:21:03.8527385Z   LD_LIBRARY_PATH: /opt/hostedtoolcache/Python/3.8.13/x64/lib
2022-09-21T04:21:03.8527664Z ##[endgroup]
2022-09-21T04:21:03.9840333Z [master 9b4a777] Update generated files
2022-09-21T04:21:03.9841258Z  2 files changed, 580 insertions(+), 679 deletions(-)
2022-09-21T04:21:04.7138333Z To https://github.com/seanpm2001/GitHub_Stats_A
2022-09-21T04:21:04.7139212Z    79278f3..9b4a777  master -> master
2022-09-21T04:21:04.9134546Z Post job cleanup.
2022-09-21T04:21:05.0527473Z Cache hit occurred on the primary key Linux-pip-60f2a6c0212a9b74a155cd81b58dd07fd8b180833132566260d95f4de42fe218, not saving cache.
2022-09-21T04:21:05.0625533Z Post job cleanup.
2022-09-21T04:21:05.2073475Z Post job cleanup.
2022-09-21T04:21:05.3276979Z [command]/usr/bin/git version
2022-09-21T04:21:05.3323455Z git version 2.37.3
2022-09-21T04:21:05.3357554Z Copying '/home/runner/.gitconfig' to '/home/runner/work/_temp/0d5fc09b-3c5f-4c22-ad76-d12470e4fb71/.gitconfig'
2022-09-21T04:21:05.3367945Z Temporarily overriding HOME='/home/runner/work/_temp/0d5fc09b-3c5f-4c22-ad76-d12470e4fb71' before making global git config changes
2022-09-21T04:21:05.3368725Z Adding repository directory to the temporary git global config as a safe directory
2022-09-21T04:21:05.3372739Z [command]/usr/bin/git config --global --add safe.directory /home/runner/work/GitHub_Stats_A/GitHub_Stats_A
2022-09-21T04:21:05.3415382Z [command]/usr/bin/git config --local --name-only --get-regexp core\.sshCommand
2022-09-21T04:21:05.3450691Z [command]/usr/bin/git submodule foreach --recursive git config --local --name-only --get-regexp 'core\.sshCommand' && git config --local --unset-all 'core.sshCommand' || :
2022-09-21T04:21:05.3687249Z [command]/usr/bin/git config --local --name-only --get-regexp http\.https\:\/\/github\.com\/\.extraheader
2022-09-21T04:21:05.3750925Z http.https://github.com/.extraheader
2022-09-21T04:21:05.3757560Z [command]/usr/bin/git config --local --unset-all http.https://github.com/.extraheader
2022-09-21T04:21:05.3793225Z [command]/usr/bin/git submodule foreach --recursive git config --local --name-only --get-regexp 'http\.https\:\/\/github\.com\/\.extraheader' && git config --local --unset-all 'http.https://github.com/.extraheader' || :
2022-09-21T04:21:05.4236645Z Cleaning up orphan processes
